66.249.65.184 - - [07/Feb/2015:18:16:15 -0800] "GET /images/countrymap/uae.gif HTTP/1.1" 200 22226 "-" "Googlebot-Image/1.0" "www.saveaslave.com"
66.249.65.184 - - [07/Feb/2015:18:17:15 -0800] "GET /images/countrymap/uae-flag.gif HTTP/1.1" 200 2820 "-" "Googlebot-Image/1.0" "www.saveaslave.com"
66.249.65.180 - - [07/Feb/2015:18:23:03 -0800] "GET /images/countrymap/british-virgin-islands.png HTTP/1.1" 200 18083 "-" "Googlebot-Image/1.0" "www.saveaslave.com"
66.249.65.180 - - [07/Feb/2015:18:24:27 -0800] "GET /images/countrymap/turks-caicos-islands-flag.gif HTTP/1.1" 200 12273 "-" "Googlebot-Image/1.0" "www.saveaslave.com"
66.249.65.184 - - [07/Feb/2015:18:24:28 -0800] "GET /images/countrymap/turks-caicos-islands.gif HTTP/1.1" 200 9988 "-" "Googlebot-Image/1.0" "www.saveaslave.com"
66.249.65.180 - - [07/Feb/2015:18:24:28 -0800] "GET /images/countrymap/burundi-flag.gif HTTP/1.1" 200 2042 "-" "Googlebot-Image/1.0" "www.saveaslave.com"
66.249.65.176 - - [07/Feb/2015:18:24:28 -0800] "GET /images/countrymap/burundi.gif HTTP/1.1" 200 12039 "-" "Googlebot-Image/1.0" "www.saveaslave.com"
199.21.99.206 - - [07/Feb/2015:18:26:04 -0800] "GET /indonesia.html HTTP/1.1" 200 5482 "-" "Mozilla/5.0 (compatible; YandexBot/3.0; +http://yandex.com/bots)" "saveaslave.com"
180.76.6.150 - - [07/Feb/2015:18:26:21 -0800] "GET /portugal HTTP/1.1" 200 5473 "-" "Mozilla/5.0 (compatible; Baiduspider/2.0; +http://www.baidu.com/search/spider.html)" "www.saveaslave.com"
157.55.39.132 - - [07/Feb/2015:18:31:43 -0800] "GET /images/header.png HTTP/1.1" 200 84658 "-" "Mozilla/5.0 (compatible; bingbot/2.0; +http://www.bing.com/bingbot.htm)" "saveaslave.com"
23.23.242.178 - - [07/Feb/2015:18:59:36 -0800] "GET /bosnia-herzegovina.html HTTP/1.1" 200 5532 "-" "Mozilla/5.0 (Windows; U; Windows NT 5.1; en-US; rv:1.9.2.8) Gecko/20100722 Firefox/3.6.8" "www.saveaslave.com"
66.249.65.180 - - [07/Feb/2015:19:00:29 -0800] "GET /images/countrymap/bolivia.jpg HTTP/1.1" 200 51072 "-" "Googlebot-Image/1.0" "www.saveaslave.com"
46.4.113.114 - - [07/Feb/2015:19:19:54 -0800] "GET /venezuela.html HTTP/1.1" 200 5489 "-" "Mozilla/2.0 (compatible; crw)" "www.saveaslave.com"
65.36.241.77 - - [07/Feb/2015:19:26:20 -0800] "HEAD / HTTP/1.1" 200 0 "-" "InternetSeer.com" "www.saveaslave.com"
72.168.96.125 - - [07/Feb/2015:19:39:37 -0800] "GET /images/header.png HTTP/1.1" 200 84658 "http://www.saveaslave.com/" "Mozilla/5.0 (Windows NT 6.1; WOW64; Trident/7.0; yie11; rv:11.0) like Gecko" "www.saveaslave.com"
24.52.199.153 - - [07/Feb/2015:19:57:31 -0800] "GET /images/countrymap/solomon-islands.gif HTTP/1.1" 200 122217 "-" "Mozilla/5.0 (iPad; CPU OS 7_1 like Mac OS X) AppleWebKit/537.51.2 (KHTML, like Gecko) GSA/5.1.42378 Mobile/11D167 Safari/9537.53" "www.saveaslave.com"
66.249.65.176 - - [07/Feb/2015:20:17:20 -0800] "GET /images/countrymap/vanuatu.gif HTTP/1.1" 200 24561 "-" "Googlebot-Image/1.0" "www.saveaslave.com"
66.249.65.184 - - [07/Feb/2015:20:17:36 -0800] "GET /images/countrymap/malawi.gif HTTP/1.1" 200 18709 "-" "Googlebot-Image/1.0" "www.saveaslave.com"
66.102.7.223 - - [07/Feb/2015:20:42:31 -0800] "GET /images/countrymap/bosnia-herzegovina.jpg HTTP/1.1" 200 42063 "-" "Mozilla/5.0 (Windows NT 5.1; rv:11.0) Gecko Firefox/11.0 (via ggpht.com GoogleImageProxy)" "www.saveaslave.com"
23.23.242.178 - - [07/Feb/2015:20:57:14 -0800] "GET / HTTP/1.1" 200 25214 "-" "Mozilla/5.0 (Windows; U; Windows NT 5.1; en-US; rv:1.9.2.8) Gecko/20100722 Firefox/3.6.8" "saveaslave.com"
14.200.122.74 - - [07/Feb/2015:21:13:04 -0800] "GET /images/countrymap/solomon-islands.gif HTTP/1.1" 200 122217 "http://www.google.com.au/blank.html" "Mozilla/5.0 (Linux; U; Android 4.0.4; en-us; HUAWEI U8950N-51 Build/HuaweiU8950N-51) AppleWebKit/534.30 (KHTML, like Gecko) Version/4.0 Mobile Safari/534.30" "www.saveaslave.com"
182.118.21.247 - - [07/Feb/2015:21:30:25 -0800] "GET / HTTP/1.1" 200 25214 "http://www.saveaslave.com/" "Mozilla/5.0 (compatible; MSIE 9.0; Windows NT 6.1; Trident/5.0); 360Spider(compatible; HaosouSpider; http://www.haosou.com/help/help_3_2.html)" "www.saveaslave.com"
188.165.15.191 - - [07/Feb/2015:21:49:33 -0800] "GET /romania.html HTTP/1.1" 200 5464 "-" "Mozilla/5.0 (compatible; AhrefsBot/5.0; +http://ahrefs.com/robot/)" "www.saveaslave.com"
54.243.48.119 - - [07/Feb/2015:21:55:48 -0800] "GET / HTTP/1.1" 200 25214 "-" "Mozilla/5.0 (Windows; U; Windows NT 5.1; en-US; rv:1.9.2.8) Gecko/20100722 Firefox/3.6.8" "saveaslave.com"
65.36.241.77 - - [07/Feb/2015:22:13:17 -0800] "HEAD / HTTP/1.1" 200 0 "-" "InternetSeer.com" "www.saveaslave.com"
148.251.121.247 - - [07/Feb/2015:22:32:31 -0800] "GET /robots.txt HTTP/1.1" 404 89 "-" "Mozilla/5.0 (compatible; MJ12bot/v1.4.5; http://www.majestic12.co.uk/bot.php?+)" "saveaslave.com"
68.180.228.59 - - [07/Feb/2015:22:38:42 -0800] "GET /robots.txt HTTP/1.1" 404 89 "-" "Mozilla/5.0 (compatible; Yahoo! Slurp; http://help.yahoo.com/help/us/ysearch/slurp)" "www.saveaslave.com"
217.69.133.60 - - [07/Feb/2015:23:08:03 -0800] "GET /robots.txt HTTP/1.1" 404 89 "-" "Mozilla/5.0 (compatible; Linux x86_64; Mail.RU_Bot/2.0; +http://go.mail.ru/help/robots)" "saveaslave.com"
123.125.71.28 - - [07/Feb/2015:23:16:44 -0800] "GET /azkaban2.html HTTP/1.1" 200 24988 "-" "Mozilla/5.0 (compatible; Baiduspider/2.0; +http://www.baidu.com/search/spider.html)" "www.saveaslave.com"
112.138.150.100 - - [07/Feb/2015:23:32:12 -0800] "GET / HTTP/1.1" 200 25214 "http://buttons-for-website.com" "Mozilla/5.0 (Windows NT 6.1; WOW64) AppleWebKit/537.36 (KHTML, like Gecko) Chrome/36.0.1985.143 Safari/537.36" "saveaslave.com"
112.138.150.100 - - [07/Feb/2015:23:32:12 -0800] "GET /jquery-1.3.2.min.js HTTP/1.1" 200 57254 "http://saveaslave.com/" "Mozilla/5.0 (Windows NT 6.1; WOW64) AppleWebKit/537.36 (KHTML, like Gecko) Chrome/36.0.1985.143 Safari/537.36" "saveaslave.com"
112.138.150.100 - - [07/Feb/2015:23:32:12 -0800] "GET /css/style.css HTTP/1.1" 200 1400 "http://saveaslave.com/" "Mozilla/5.0 (Windows NT 6.1; WOW64) AppleWebKit/537.36 (KHTML, like Gecko) Chrome/36.0.1985.143 Safari/537.36" "saveaslave.com"
112.138.150.100 - - [07/Feb/2015:23:32:12 -0800] "GET /images/sas_button.gif HTTP/1.1" 200 2628 "http://saveaslave.com/" "Mozilla/5.0 (Windows NT 6.1; WOW64) AppleWebKit/537.36 (KHTML, like Gecko) Chrome/36.0.1985.143 Safari/537.36" "saveaslave.com"
212.129.39.198 - - [07/Feb/2015:23:49:45 -0800] "GET /robots.txt HTTP/1.1" 404 89 "-" "Mozilla/5.0 (compatible; MJ12bot/v1.4.5; http://www.majestic12.co.uk/bot.php?+)" "saveaslave.com"
212.129.39.198 - - [07/Feb/2015:23:49:49 -0800] "GET /bahamas.html HTTP/1.1" 200 5387 "-" "Mozilla/5.0 (compatible; MJ12bot/v1.4.5; http://www.majestic12.co.uk/bot.php?+)" "saveaslave.com"
212.129.39.198 - - [07/Feb/2015:23:50:13 -0800] "GET /bangladesh.html HTTP/1.1" 200 5432 "-" "Mozilla/5.0 (compatible; MJ12bot/v1.4.5; http://www.majestic12.co.uk/bot.php?+)" "saveaslave.com"
212.129.39.198 - - [07/Feb/2015:23:50:23 -0800] "GET /barbados.html HTTP/1.1" 200 5414 "-" "Mozilla/5.0 (compatible; MJ12bot/v1.4.5; http://www.majestic12.co.uk/bot.php?+)" "saveaslave.com"
212.129.39.198 - - [07/Feb/2015:23:51:21 -0800] "GET /bolivia.html HTTP/1.1" 200 5400 "-" "Mozilla/5.0 (compatible; MJ12bot/v1.4.5; http://www.majestic12.co.uk/bot.php?+)" "saveaslave.com"
212.129.39.198 - - [07/Feb/2015:23:51:50 -0800] "GET /cyprus.html HTTP/1.1" 200 5396 "-" "Mozilla/5.0 (compatible; MJ12bot/v1.4.5; http://www.majestic12.co.uk/bot.php?+)" "saveaslave.com"
212.129.39.198 - - [07/Feb/2015:23:52:04 -0800] "GET /denmark.html HTTP/1.1" 200 5405 "-" "Mozilla/5.0 (compatible; MJ12bot/v1.4.5; http://www.majestic12.co.uk/bot.php?+)" "saveaslave.com"
212.129.39.198 - - [07/Feb/2015:23:52:08 -0800] "GET /djibouti.html HTTP/1.1" 200 5414 "-" "Mozilla/5.0 (compatible; MJ12bot/v1.4.5; http://www.majestic12.co.uk/bot.php?+)" "saveaslave.com"
212.129.39.198 - - [07/Feb/2015:23:52:21 -0800] "GET /belarus.html HTTP/1.1" 200 5417 "-" "Mozilla/5.0 (compatible; MJ12bot/v1.4.5; http://www.majestic12.co.uk/bot.php?+)" "saveaslave.com"
54.243.48.119 - - [07/Feb/2015:23:53:58 -0800] "GET /solomon-islands.html HTTP/1.1" 200 5536 "-" "Mozilla/5.0 (Windows; U; Windows NT 5.1; en-US; rv:1.9.2.8) Gecko/20100722 Firefox/3.6.8" "saveaslave.com"
188.165.15.191 - - [08/Feb/2015:00:04:12 -0800] "GET /czech-republic.html HTTP/1.1" 200 5468 "-" "Mozilla/5.0 (compatible; AhrefsBot/5.0; +http://ahrefs.com/robot/)" "www.saveaslave.com"
52.0.247.197 - - [08/Feb/2015:00:12:09 -0800] "GET /united-kingdom.html HTTP/1.1" 200 5532 "-" "Mozilla/5.0 (X11; Ubuntu; Linux x86_64; rv:31.0) Gecko/20100101 Firefox/31.0" "saveaslave.com"
52.0.247.197 - - [08/Feb/2015:00:12:09 -0800] "GET /mauritania.html HTTP/1.1" 200 5491 "-" "Mozilla/5.0 (X11; Ubuntu; Linux x86_64; rv:31.0) Gecko/20100101 Firefox/31.0" "saveaslave.com"
52.0.247.197 - - [08/Feb/2015:00:12:09 -0800] "GET /san-marino.html HTTP/1.1" 200 5491 "-" "Mozilla/5.0 (X11; Ubuntu; Linux x86_64; rv:31.0) Gecko/20100101 Firefox/31.0" "saveaslave.com"
52.0.69.64 - - [08/Feb/2015:00:12:09 -0800] "GET /slovenia.html HTTP/1.1" 200 5473 "-" "Mozilla/5.0 (X11; Ubuntu; Linux x86_64; rv:31.0) Gecko/20100101 Firefox/31.0" "saveaslave.com"
52.0.195.16 - - [08/Feb/2015:00:12:15 -0800] "GET /united-arab-emirates.html HTTP/1.1" 200 5554 "-" "Mozilla/5.0 (X11; Linux x86_64) AppleWebKit/537.36 (KHTML, like Gecko) Chrome/29.0.1547.57 Safari/537.36" "saveaslave.com"
52.0.195.16 - - [08/Feb/2015:00:12:15 -0800] "GET /sint-maarten.html HTTP/1.1" 200 5509 "-" "Mozilla/5.0 (X11; Linux x86_64) AppleWebKit/537.36 (KHTML, like Gecko) Chrome/29.0.1547.57 Safari/537.36" "saveaslave.com"
52.0.133.64 - - [08/Feb/2015:00:12:15 -0800] "GET /france.html HTTP/1.1" 200 5455 "-" "Mozilla/5.0 (X11; Linux x86_64) AppleWebKit/537.36 (KHTML, like Gecko) Chrome/29.0.1547.57 Safari/537.36" "saveaslave.com"
52.0.195.16 - - [08/Feb/2015:00:12:15 -0800] "GET /egypt.html HTTP/1.1" 200 5446 "-" "Mozilla/5.0 (X11; Linux x86_64) AppleWebKit/537.36 (KHTML, like Gecko) Chrome/29.0.1547.57 Safari/537.36" "saveaslave.com"
52.0.248.25 - - [08/Feb/2015:00:12:16 -0800] "GET /western-sahara.html HTTP/1.1" 200 5534 "-" "Mozilla/5.0 (X11; Ubuntu; Linux x86_64; rv:31.0) Gecko/20100101 Firefox/31.0" "saveaslave.com"
188.165.15.138 - - [08/Feb/2015:00:17:26 -0800] "GET /togo.html HTTP/1.1" 200 5444 "-" "Mozilla/5.0 (compatible; AhrefsBot/5.0; +http://ahrefs.com/robot/)" "www.saveaslave.com"
36.74.95.52 - - [08/Feb/2015:00:20:17 -0800] "GET /wordpress/wp-login.php HTTP/1.1" 404 89 "-" "Mozilla/5.0 (Windows NT 6.1; WOW64; Trident/7.0; rv:11.0) like Gecko" "saveaslave.com"
36.74.95.52 - - [08/Feb/2015:00:20:18 -0800] "GET /section/wp-login.php HTTP/1.1" 404 89 "-" "Mozilla/5.0 (Windows NT 6.1; WOW64; Trident/7.0; rv:11.0) like Gecko" "saveaslave.com"
36.74.95.52 - - [08/Feb/2015:00:20:19 -0800] "GET /admin/wp-login.php HTTP/1.1" 404 89 "-" "Mozilla/5.0 (Windows NT 6.1; WOW64; Trident/7.0; rv:11.0) like Gecko" "saveaslave.com"
36.74.95.52 - - [08/Feb/2015:00:20:20 -0800] "GET /site/wp-login.php HTTP/1.1" 404 89 "-" "Mozilla/5.0 (Windows NT 6.1; WOW64; Trident/7.0; rv:11.0) like Gecko" "saveaslave.com"
36.74.95.52 - - [08/Feb/2015:00:20:20 -0800] "GET /blog/wp-login.php HTTP/1.1" 404 89 "-" "Mozilla/5.0 (Windows NT 6.1; WOW64; Trident/7.0; rv:11.0) like Gecko" "saveaslave.com"
36.74.95.52 - - [08/Feb/2015:00:20:21 -0800] "GET /wp/wp-login.php HTTP/1.1" 404 89 "-" "Mozilla/5.0 (Windows NT 6.1; WOW64; Trident/7.0; rv:11.0) like Gecko" "saveaslave.com"
36.74.95.52 - - [08/Feb/2015:00:20:22 -0800] "GET /wp-login.php HTTP/1.1" 200 73 "-" "Mozilla/5.0 (Windows NT 6.1; WOW64; Trident/7.0; rv:11.0) like Gecko" "saveaslave.com"
36.74.95.52 - - [08/Feb/2015:00:20:23 -0800] "GET /wp-login/ HTTP/1.1" 404 89 "-" "Mozilla/5.0 (Windows NT 6.1; WOW64; Trident/7.0; rv:11.0) like Gecko" "saveaslave.com"
36.74.95.52 - - [08/Feb/2015:00:20:26 -0800] "GET /administrator/index.php HTTP/1.1" 404 89 "-" "Mozilla/5.0 (Windows NT 6.1; WOW64; Trident/7.0; rv:11.0) like Gecko" "saveaslave.com"
118.69.24.58 - - [08/Feb/2015:00:21:48 -0800] "GET /section/wp-login.php HTTP/1.1" 404 89 "-" "Mozilla/5.0 (Windows NT 6.1; WOW64; Trident/7.0; rv:11.0) like Gecko" "www.saveaslave.com"
118.69.24.58 - - [08/Feb/2015:00:21:49 -0800] "GET /admin/wp-login.php HTTP/1.1" 404 89 "-" "Mozilla/5.0 (Windows NT 6.1; WOW64; Trident/7.0; rv:11.0) like Gecko" "www.saveaslave.com"
54.243.48.119 - - [08/Feb/2015:00:53:00 -0800] "GET /solomon-islands.html HTTP/1.1" 200 5536 "-" "Mozilla/5.0 (Windows; U; Windows NT 5.1; en-US; rv:1.9.2.8) Gecko/20100722 Firefox/3.6.8" "www.saveaslave.com"
65.36.241.77 - - [08/Feb/2015:01:10:27 -0800] "HEAD / HTTP/1.1" 200 0 "-" "InternetSeer.com" "www.saveaslave.com"
54.146.107.8 - - [08/Feb/2015:01:10:43 -0800] "GET /mexico.html HTTP/1.1" 200 5848 "-" "Mozilla/5.0 (compatible; linkdexbot/2.0; +http://www.linkdex.com/bots/)" "www.saveaslave.com"
54.146.107.8 - - [08/Feb/2015:01:10:43 -0800] "GET /robots.txt HTTP/1.1" 404 89 "-" "Mozilla/5.0 (compatible; linkdexbot/2.0; +http://www.linkdex.com/bots/)" "saveaslave.com"
54.146.107.8 - - [08/Feb/2015:01:10:43 -0800] "GET /robots.txt HTTP/1.1" 404 89 "-" "Mozilla/5.0 (compatible; linkdexbot/2.0; +http://www.linkdex.com/bots/)" "www.saveaslave.com"
210.6.22.222 - - [08/Feb/2015:01:13:19 -0800] "GET / HTTP/1.1" 200 25214 "http://buttons-for-website.com" "Mozilla/5.0 (Windows NT 6.1; WOW64) AppleWebKit/537.36 (KHTML, like Gecko) Chrome/36.0.1985.143 Safari/537.36" "saveaslave.com"
210.6.22.222 - - [08/Feb/2015:01:13:20 -0800] "GET /css/style.css HTTP/1.1" 200 1400 "http://saveaslave.com/" "Mozilla/5.0 (Windows NT 6.1; WOW64) AppleWebKit/537.36 (KHTML, like Gecko) Chrome/36.0.1985.143 Safari/537.36" "saveaslave.com"
210.6.22.222 - - [08/Feb/2015:01:13:20 -0800] "GET /jquery-1.3.2.min.js HTTP/1.1" 200 57254 "http://saveaslave.com/" "Mozilla/5.0 (Windows NT 6.1; WOW64) AppleWebKit/537.36 (KHTML, like Gecko) Chrome/36.0.1985.143 Safari/537.36" "saveaslave.com"
84.22.40.165 - - [08/Feb/2015:01:33:57 -0800] "GET /images/countrymap/bosnia-herzegovina.jpg HTTP/1.1" 200 42063 "-" "Mozilla/5.0 (Windows NT 6.1; rv:35.0) Gecko/20100101 Firefox/35.0" "www.saveaslave.com"
123.125.71.100 - - [08/Feb/2015:01:38:29 -0800] "GET /images/header.png HTTP/1.1" 200 84658 "http://image.baidu.com/i?ct=503316480&z=0&tn=baiduimagedetail" "Baiduspider-image+(+http://www.baidu.com/search/spider.htm)" "saveaslave.com"
54.243.48.119 - - [08/Feb/2015:02:11:19 -0800] "GET /bosnia-herzegovina.html HTTP/1.1" 200 5532 "-" "Mozilla/5.0 (Windows; U; Windows NT 5.1; en-US; rv:1.9.2.8) Gecko/20100722 Firefox/3.6.8" "www.saveaslave.com"
188.26.219.120 - - [08/Feb/2015:02:27:13 -0800] "GET /images/countrymap/solomon-islands.gif HTTP/1.1" 200 122217 "-" "Mozilla/5.0 (iPhone; CPU iPhone OS 8_0_2 like Mac OS X) AppleWebKit/600.1.4 (KHTML, like Gecko) GSA/5.1.42378 Mobile/12A405 Safari/600.1.4" "www.saveaslave.com"
65.36.241.77 - - [08/Feb/2015:02:38:21 -0800] "HEAD / HTTP/1.1" 200 0 "-" "InternetSeer.com" "www.saveaslave.com"
85.25.210.189 - - [08/Feb/2015:02:40:31 -0800] "GET /aruba.html HTTP/1.1" 200 14643 "-" "Python-urllib/2.7" "www.saveaslave.com"
180.76.6.61 - - [08/Feb/2015:02:43:23 -0800] "GET /zambia.html HTTP/1.1" 200 5462 "-" "Mozilla/5.0 (compatible; Baiduspider/2.0; +http://www.baidu.com/search/spider.html)" "www.saveaslave.com"
101.187.134.141 - - [08/Feb/2015:03:08:33 -0800] "GET /images/countrymap/solomon-islands.gif HTTP/1.1" 200 122217 "-" "Mozilla/5.0 (iPad; CPU OS 8_1_3 like Mac OS X) AppleWebKit/600.1.4 (KHTML, like Gecko) GSA/5.1.42378 Mobile/12B466 Safari/600.1.4" "www.saveaslave.com"
54.146.109.128 - - [08/Feb/2015:03:09:14 -0800] "GET /robots.txt HTTP/1.1" 404 89 "-" "Mozilla/5.0 (compatible; linkdexbot/2.0; +http://www.linkdex.com/bots/)" "saveaslave.com"
54.146.109.128 - - [08/Feb/2015:03:09:14 -0800] "GET /robots.txt HTTP/1.1" 404 89 "-" "Mozilla/5.0 (compatible; linkdexbot/2.0; +http://www.linkdex.com/bots/)" "www.saveaslave.com"
54.146.109.128 - - [08/Feb/2015:03:09:54 -0800] "GET /mexico HTTP/1.1" 200 5848 "-" "Mozilla/5.0 (compatible; linkdexbot/2.0; +http://www.linkdex.com/bots/)" "saveaslave.com"
46.4.113.114 - - [08/Feb/2015:03:11:42 -0800] "GET /montenegro.html HTTP/1.1" 200 5491 "-" "Mozilla/2.0 (compatible; crw)" "www.saveaslave.com"
72.168.96.125 - - [08/Feb/2015:03:22:24 -0800] "GET / HTTP/1.1" 200 25214 "-" "Mozilla/5.0 (Windows NT 6.1; WOW64; Trident/7.0; yie11; rv:11.0) like Gecko" "www.saveaslave.com"
72.168.96.125 - - [08/Feb/2015:03:22:24 -0800] "GET /jquery-1.3.2.min.js HTTP/1.1" 200 57254 "http://www.saveaslave.com/" "Mozilla/5.0 (Windows NT 6.1; WOW64; Trident/7.0; yie11; rv:11.0) like Gecko" "www.saveaslave.com"
72.168.96.125 - - [08/Feb/2015:03:22:24 -0800] "GET /images/header.png HTTP/1.1" 200 84658 "http://www.saveaslave.com/" "Mozilla/5.0 (Windows NT 6.1; WOW64; Trident/7.0; yie11; rv:11.0) like Gecko" "www.saveaslave.com"
72.168.96.125 - - [08/Feb/2015:03:22:24 -0800] "GET /jquery.marquee.js HTTP/1.1" 200 6560 "http://www.saveaslave.com/" "Mozilla/5.0 (Windows NT 6.1; WOW64; Trident/7.0; yie11; rv:11.0) like Gecko" "www.saveaslave.com"
72.168.96.125 - - [08/Feb/2015:03:22:24 -0800] "GET /images/slaves.jpg HTTP/1.1" 200 64009 "http://www.saveaslave.com/" "Mozilla/5.0 (Windows NT 6.1; WOW64; Trident/7.0; yie11; rv:11.0) like Gecko" "www.saveaslave.com"
72.168.96.125 - - [08/Feb/2015:03:22:24 -0800] "GET /images/sas_button.gif HTTP/1.1" 200 2628 "http://www.saveaslave.com/" "Mozilla/5.0 (Windows NT 6.1; WOW64; Trident/7.0; yie11; rv:11.0) like Gecko" "www.saveaslave.com"
72.168.96.125 - - [08/Feb/2015:03:22:53 -0800] "GET / HTTP/1.1" 200 25214 "-" "Mozilla/5.0 (Windows NT 6.1; WOW64; Trident/7.0; yie11; rv:11.0) like Gecko" "www.saveaslave.com"
72.168.96.125 - - [08/Feb/2015:03:22:54 -0800] "GET /images/sas_button.gif HTTP/1.1" 200 2628 "http://www.saveaslave.com/" "Mozilla/5.0 (Windows NT 6.1; WOW64; Trident/7.0; yie11; rv:11.0) like Gecko" "www.saveaslave.com"
72.168.96.125 - - [08/Feb/2015:03:22:54 -0800] "GET /images/slaves.jpg HTTP/1.1" 200 64009 "http://www.saveaslave.com/" "Mozilla/5.0 (Windows NT 6.1; WOW64; Trident/7.0; yie11; rv:11.0) like Gecko" "www.saveaslave.com"
72.168.96.125 - - [08/Feb/2015:03:22:55 -0800] "GET /jquery-1.3.2.min.js HTTP/1.1" 200 57254 "http://www.saveaslave.com/" "Mozilla/5.0 (Windows NT 6.1; WOW64; Trident/7.0; yie11; rv:11.0) like Gecko" "www.saveaslave.com"
72.168.96.125 - - [08/Feb/2015:03:22:55 -0800] "GET /css/style.css HTTP/1.1" 200 1400 "http://www.saveaslave.com/" "Mozilla/5.0 (Windows NT 6.1; WOW64; Trident/7.0; yie11; rv:11.0) like Gecko" "www.saveaslave.com"
72.168.96.125 - - [08/Feb/2015:03:22:55 -0800] "GET /jquery.marquee.js HTTP/1.1" 200 6560 "http://www.saveaslave.com/" "Mozilla/5.0 (Windows NT 6.1; WOW64; Trident/7.0; yie11; rv:11.0) like Gecko" "www.saveaslave.com"
72.168.96.125 - - [08/Feb/2015:03:22:55 -0800] "GET /images/header.png HTTP/1.1" 200 65536 "http://www.saveaslave.com/" "Mozilla/5.0 (Windows NT 6.1; WOW64; Trident/7.0; yie11; rv:11.0) like Gecko" "www.saveaslave.com"
72.168.96.125 - - [08/Feb/2015:03:23:34 -0800] "GET / HTTP/1.1" 200 25214 "-" "Mozilla/5.0 (Windows NT 6.1; WOW64; Trident/7.0; yie11; rv:11.0) like Gecko" "www.saveaslave.com"
72.168.96.125 - - [08/Feb/2015:03:23:36 -0800] "GET /css/style.css HTTP/1.1" 200 1400 "http://www.saveaslave.com/" "Mozilla/5.0 (Windows NT 6.1; WOW64; Trident/7.0; yie11; rv:11.0) like Gecko" "www.saveaslave.com"
72.168.96.125 - - [08/Feb/2015:03:23:36 -0800] "GET /images/header.png HTTP/1.1" 200 65536 "http://www.saveaslave.com/" "Mozilla/5.0 (Windows NT 6.1; WOW64; Trident/7.0; yie11; rv:11.0) like Gecko" "www.saveaslave.com"
72.168.96.125 - - [08/Feb/2015:03:23:36 -0800] "GET /jquery.marquee.js HTTP/1.1" 200 6560 "http://www.saveaslave.com/" "Mozilla/5.0 (Windows NT 6.1; WOW64; Trident/7.0; yie11; rv:11.0) like Gecko" "www.saveaslave.com"
72.168.96.125 - - [08/Feb/2015:03:23:36 -0800] "GET /jquery-1.3.2.min.js HTTP/1.1" 200 57254 "http://www.saveaslave.com/" "Mozilla/5.0 (Windows NT 6.1; WOW64; Trident/7.0; yie11; rv:11.0) like Gecko" "www.saveaslave.com"
136.243.5.87 - - [08/Feb/2015:03:33:01 -0800] "GET /robots.txt HTTP/1.1" 404 89 "-" "Mozilla/5.0 (compatible; MJ12bot/v1.4.5; http://www.majestic12.co.uk/bot.php?+)" "saveaslave.com"
136.243.5.87 - - [08/Feb/2015:03:33:12 -0800] "GET /argentina.html HTTP/1.1" 200 5404 "-" "Mozilla/5.0 (compatible; MJ12bot/v1.4.5; http://www.majestic12.co.uk/bot.php?+)" "saveaslave.com"
136.243.5.87 - - [08/Feb/2015:03:33:36 -0800] "GET /aruba.html HTTP/1.1" 200 14643 "-" "Mozilla/5.0 (compatible; MJ12bot/v1.4.5; http://www.majestic12.co.uk/bot.php?+)" "saveaslave.com"
136.243.5.87 - - [08/Feb/2015:03:33:57 -0800] "GET /azerbaijan.html HTTP/1.1" 200 5411 "-" "Mozilla/5.0 (compatible; MJ12bot/v1.4.5; http://www.majestic12.co.uk/bot.php?+)" "saveaslave.com"
136.243.5.87 - - [08/Feb/2015:03:34:09 -0800] "GET /canada.html HTTP/1.1" 200 5396 "-" "Mozilla/5.0 (compatible; MJ12bot/v1.4.5; http://www.majestic12.co.uk/bot.php?+)" "saveaslave.com"
136.243.5.87 - - [08/Feb/2015:03:34:19 -0800] "GET /colombia.html HTTP/1.1" 200 5422 "-" "Mozilla/5.0 (compatible; MJ12bot/v1.4.5; http://www.majestic12.co.uk/bot.php?+)" "saveaslave.com"
136.243.5.87 - - [08/Feb/2015:03:34:22 -0800] "GET /comoros.html HTTP/1.1" 200 5413 "-" "Mozilla/5.0 (compatible; MJ12bot/v1.4.5; http://www.majestic12.co.uk/bot.php?+)" "saveaslave.com"
72.168.96.125 - - [08/Feb/2015:03:35:58 -0800] "GET / HTTP/1.1" 200 25214 "-" "Mozilla/5.0 (Windows NT 6.1; WOW64; Trident/7.0; yie11; rv:11.0) like Gecko" "www.saveaslave.com"
72.168.96.125 - - [08/Feb/2015:03:35:59 -0800] "GET /css/style.css HTTP/1.1" 200 1400 "http://www.saveaslave.com/" "Mozilla/5.0 (Windows NT 6.1; WOW64; Trident/7.0; yie11; rv:11.0) like Gecko" "www.saveaslave.com"
72.168.96.125 - - [08/Feb/2015:03:35:59 -0800] "GET /jquery-1.3.2.min.js HTTP/1.1" 200 57254 "http://www.saveaslave.com/" "Mozilla/5.0 (Windows NT 6.1; WOW64; Trident/7.0; yie11; rv:11.0) like Gecko" "www.saveaslave.com"
72.168.96.125 - - [08/Feb/2015:03:35:59 -0800] "GET /images/header.png HTTP/1.1" 200 84658 "http://www.saveaslave.com/" "Mozilla/5.0 (Windows NT 6.1; WOW64; Trident/7.0; yie11; rv:11.0) like Gecko" "www.saveaslave.com"
72.168.96.125 - - [08/Feb/2015:03:35:59 -0800] "GET /jquery.marquee.js HTTP/1.1" 200 6560 "http://www.saveaslave.com/" "Mozilla/5.0 (Windows NT 6.1; WOW64; Trident/7.0; yie11; rv:11.0) like Gecko" "www.saveaslave.com"
72.168.96.125 - - [08/Feb/2015:03:35:59 -0800] "GET /images/slaves.jpg HTTP/1.1" 200 64009 "http://www.saveaslave.com/" "Mozilla/5.0 (Windows NT 6.1; WOW64; Trident/7.0; yie11; rv:11.0) like Gecko" "www.saveaslave.com"
72.168.96.125 - - [08/Feb/2015:03:35:59 -0800] "GET /images/sas_button.gif HTTP/1.1" 200 2628 "http://www.saveaslave.com/" "Mozilla/5.0 (Windows NT 6.1; WOW64; Trident/7.0; yie11; rv:11.0) like Gecko" "www.saveaslave.com"
23.23.242.178 - - [08/Feb/2015:03:47:24 -0800] "GET /tuvalu.html HTTP/1.1" 200 5462 "-" "Mozilla/5.0 (Windows; U; Windows NT 5.1; en-US; rv:1.9.2.8) Gecko/20100722 Firefox/3.6.8" "saveaslave.com"
46.4.113.114 - - [08/Feb/2015:03:59:57 -0800] "GET /reunion.html HTTP/1.1" 404 89 "-" "Mozilla/2.0 (compatible; crw)" "www.saveaslave.com"
72.168.96.125 - - [08/Feb/2015:04:04:35 -0800] "GET /css/style.css HTTP/1.1" 200 1400 "http://www.saveaslave.com/" "Mozilla/5.0 (Windows NT 6.1; WOW64; Trident/7.0; yie11; rv:11.0) like Gecko" "www.saveaslave.com"
72.168.96.125 - - [08/Feb/2015:04:04:35 -0800] "GET /jquery-1.3.2.min.js HTTP/1.1" 200 57254 "http://www.saveaslave.com/" "Mozilla/5.0 (Windows NT 6.1; WOW64; Trident/7.0; yie11; rv:11.0) like Gecko" "www.saveaslave.com"
72.168.96.125 - - [08/Feb/2015:04:04:35 -0800] "GET /jquery.marquee.js HTTP/1.1" 200 6560 "http://www.saveaslave.com/" "Mozilla/5.0 (Windows NT 6.1; WOW64; Trident/7.0; yie11; rv:11.0) like Gecko" "www.saveaslave.com"
72.168.96.125 - - [08/Feb/2015:04:04:35 -0800] "GET /images/sas_button.gif HTTP/1.1" 200 2628 "http://www.saveaslave.com/" "Mozilla/5.0 (Windows NT 6.1; WOW64; Trident/7.0; yie11; rv:11.0) like Gecko" "www.saveaslave.com"
188.165.15.238 - - [08/Feb/2015:04:11:41 -0800] "GET /sudan.html HTTP/1.1" 200 5452 "-" "Mozilla/5.0 (compatible; AhrefsBot/5.0; +http://ahrefs.com/robot/)" "www.saveaslave.com"
84.215.73.29 - - [08/Feb/2015:04:18:03 -0800] "GET /images/countrymap/solomon-islands.gif HTTP/1.1" 200 122217 "https://www.google.com/" "Mozilla/5.0 (Macintosh; Intel Mac OS X 10_10_2) AppleWebKit/537.36 (KHTML, like Gecko) Chrome/40.0.2214.111 Safari/537.36" "www.saveaslave.com"
136.243.5.219 - - [08/Feb/2015:04:18:28 -0800] "GET /robots.txt HTTP/1.1" 404 89 "-" "Mozilla/5.0 (compatible; MJ12bot/v1.4.5; http://www.majestic12.co.uk/bot.php?+)" "www.saveaslave.com"
136.243.5.219 - - [08/Feb/2015:04:19:06 -0800] "GET /articles/moder%E2%80%A6 HTTP/1.1" 404 89 "-" "Mozilla/5.0 (compatible; MJ12bot/v1.4.5; http://www.majestic12.co.uk/bot.php?+)" "www.saveaslave.com"
199.192.207.146 - - [08/Feb/2015:04:21:59 -0800] "GET / HTTP/1.1" 200 25214 "-" "Mozilla/5.0 (compatible; MJ12bot/v1.4.5; http://www.majestic12.co.uk/bot.php?+)" "saveaslave.com"
23.23.242.178 - - [08/Feb/2015:05:03:04 -0800] "GET /burma.html HTTP/1.1" 200 5387 "-" "Mozilla/5.0 (Windows; U; Windows NT 5.1; en-US; rv:1.9.2.8) Gecko/20100722 Firefox/3.6.8" "www.saveaslave.com"
207.46.13.37 - - [08/Feb/2015:05:35:20 -0800] "GET /robots.txt HTTP/1.1" 404 89 "-" "Mozilla/5.0 (compatible; bingbot/2.0; +http://www.bing.com/bingbot.htm)" "saveaslave.com"
207.46.13.37 - - [08/Feb/2015:05:35:34 -0800] "GET /armenia HTTP/1.1" 200 5385 "-" "Mozilla/5.0 (compatible; bingbot/2.0; +http://www.bing.com/bingbot.htm)" "saveaslave.com"
72.168.98.118 - - [08/Feb/2015:05:43:23 -0800] "GET /jquery-1.3.2.min.js HTTP/1.1" 200 57254 "http://www.saveaslave.com/" "Mozilla/5.0 (Windows NT 6.1; WOW64; Trident/7.0; yie11; rv:11.0) like Gecko" "www.saveaslave.com"
72.168.98.118 - - [08/Feb/2015:05:43:23 -0800] "GET /images/header.png HTTP/1.1" 200 84658 "http://www.saveaslave.com/" "Mozilla/5.0 (Windows NT 6.1; WOW64; Trident/7.0; yie11; rv:11.0) like Gecko" "www.saveaslave.com"
72.168.98.118 - - [08/Feb/2015:05:43:23 -0800] "GET /jquery.marquee.js HTTP/1.1" 200 6560 "http://www.saveaslave.com/" "Mozilla/5.0 (Windows NT 6.1; WOW64; Trident/7.0; yie11; rv:11.0) like Gecko" "www.saveaslave.com"
72.168.98.118 - - [08/Feb/2015:05:43:23 -0800] "GET /images/slaves.jpg HTTP/1.1" 200 64009 "http://www.saveaslave.com/" "Mozilla/5.0 (Windows NT 6.1; WOW64; Trident/7.0; yie11; rv:11.0) like Gecko" "www.saveaslave.com"
72.168.98.118 - - [08/Feb/2015:05:43:23 -0800] "GET /images/sas_button.gif HTTP/1.1" 200 2628 "http://www.saveaslave.com/" "Mozilla/5.0 (Windows NT 6.1; WOW64; Trident/7.0; yie11; rv:11.0) like Gecko" "www.saveaslave.com"
72.168.98.118 - - [08/Feb/2015:05:43:50 -0800] "GET /united-states.html HTTP/1.1" 200 5809 "http://www.saveaslave.com/" "Mozilla/5.0 (Windows NT 6.1; WOW64; Trident/7.0; yie11; rv:11.0) like Gecko" "www.saveaslave.com"
72.168.98.118 - - [08/Feb/2015:05:43:50 -0800] "GET /images/givebtn.png HTTP/1.1" 200 26179 "http://www.saveaslave.com/united-states.html" "Mozilla/5.0 (Windows NT 6.1; WOW64; Trident/7.0; yie11; rv:11.0) like Gecko" "www.saveaslave.com"
72.168.98.118 - - [08/Feb/2015:05:43:50 -0800] "GET /images/countrymap/united-states-flag.gif HTTP/1.1" 200 26972 "http://www.saveaslave.com/united-states.html" "Mozilla/5.0 (Windows NT 6.1; WOW64; Trident/7.0; yie11; rv:11.0) like Gecko" "www.saveaslave.com"
72.168.98.118 - - [08/Feb/2015:05:43:50 -0800] "GET /images/countrymap/united-states.gif HTTP/1.1" 200 25905 "http://www.saveaslave.com/united-states.html" "Mozilla/5.0 (Windows NT 6.1; WOW64; Trident/7.0; yie11; rv:11.0) like Gecko" "www.saveaslave.com"
90.206.71.53 - - [08/Feb/2015:05:59:23 -0800] "GET /images/countrymap/solomon-islands.gif HTTP/1.1" 200 122217 "https://www.google.co.uk/" "Mozilla/5.0 (iPhone; CPU iPhone OS 8_1_2 like Mac OS X) AppleWebKit/600.1.4 (KHTML, like Gecko) Version/8.0 Mobile/12B440 Safari/600.1.4" "www.saveaslave.com"
199.21.99.206 - - [08/Feb/2015:06:23:40 -0800] "GET /robots.txt HTTP/1.1" 404 89 "-" "Mozilla/5.0 (compatible; YandexBot/3.0; +http://yandex.com/bots)" "saveaslave.com"
89.189.79.141 - - [08/Feb/2015:06:37:59 -0800] "GET /united-arab-emirates.html HTTP/1.1" 200 5554 "-" "Mozilla/4.0 (compatible; MSIE 7.0b; Windows NT 6.0)" "www.saveaslave.com"
69.84.207.246 - - [08/Feb/2015:06:45:48 -0800] "GET /robots.txt HTTP/1.1" 404 89 "-" "LSSRocketCrawler/1.0 LightspeedSystems" "saveaslave.com"
69.84.207.246 - - [08/Feb/2015:06:45:48 -0800] "GET /robots.txt HTTP/1.1" 404 89 "-" "LSSRocketCrawler/1.0 LightspeedSystems" "www.saveaslave.com"
69.84.207.246 - - [08/Feb/2015:06:47:28 -0800] "GET / HTTP/1.1" 200 25214 "-" "LSSRocketCrawler/1.0 LightspeedSystems" "www.saveaslave.com"
65.36.241.77 - - [08/Feb/2015:06:53:36 -0800] "HEAD / HTTP/1.1" 200 0 "-" "InternetSeer.com" "www.saveaslave.com"
193.89.252.250 - - [08/Feb/2015:07:11:58 -0800] "GET /images/countrymap/bosnia-herzegovina.jpg HTTP/1.1" 200 42063 "-" "Mozilla/5.0 (Linux; Android 4.4.4; SM-G850X Build/KTU84P) AppleWebKit/537.36 (KHTML, like Gecko) Version/4.0 Chrome/33.0.0.0 Mobile Safari/537.36 GSA/3.5.16.1262550.arm" "www.saveaslave.com"
124.211.154.177 - - [08/Feb/2015:07:22:04 -0800] "GET /images/countrymap/solomon-islands.gif HTTP/1.1" 200 122217 "-" "Mozilla/5.0 (iPhone; CPU iPhone OS 8_1_3 like Mac OS X) AppleWebKit/600.1.4 (KHTML, like Gecko) GSA/5.1.42378 Mobile/12B466 Safari/600.1.4" "www.saveaslave.com"
66.249.67.143 - - [08/Feb/2015:07:23:13 -0800] "GET /images/countrymap/navassa-island.gif HTTP/1.1" 200 4751 "-" "Googlebot-Image/1.0" "www.saveaslave.com"
66.249.67.127 - - [08/Feb/2015:07:23:13 -0800] "GET /images/countrymap/navassa-island-flag.gif HTTP/1.1" 200 6498 "-" "Googlebot-Image/1.0" "www.saveaslave.com"
66.249.67.135 - - [08/Feb/2015:07:23:13 -0800] "GET /images/countrymap/rwanda.gif HTTP/1.1" 200 15957 "-" "Googlebot-Image/1.0" "www.saveaslave.com"
66.249.67.143 - - [08/Feb/2015:07:23:13 -0800] "GET /images/countrymap/saudi-arabia.gif HTTP/1.1" 200 23631 "-" "Googlebot-Image/1.0" "www.saveaslave.com"
98.108.198.47 - - [08/Feb/2015:07:41:41 -0800] "GET /images/countrymap/bosnia-herzegovina.jpg HTTP/1.1" 200 42063 "-" "Mozilla/5.0 (iPod; CPU iPhone OS 7_0_4 like Mac OS X) AppleWebKit/537.51.1 (KHTML, like Gecko) GSA/4.2.2.38484 Mobile/11B554a Safari/9537.53" "www.saveaslave.com"
199.16.156.126 - - [08/Feb/2015:08:06:46 -0800] "GET /robots.txt HTTP/1.1" 404 89 "-" "Twitterbot/1.0" "saveaslave.com"
72.168.98.115 - - [08/Feb/2015:08:18:46 -0800] "GET /jquery.marquee.js HTTP/1.1" 200 6560 "http://saveaslave.com/" "Mozilla/5.0 (iPad; CPU OS 8_1_3 like Mac OS X) AppleWebKit/600.1.4 (KHTML, like Gecko) Version/8.0 Mobile/12B466 Safari/600.1.4" "saveaslave.com"
72.168.98.115 - - [08/Feb/2015:08:18:46 -0800] "GET /images/header.png HTTP/1.1" 200 65536 "http://saveaslave.com/" "Mozilla/5.0 (iPad; CPU OS 8_1_3 like Mac OS X) AppleWebKit/600.1.4 (KHTML, like Gecko) Version/8.0 Mobile/12B466 Safari/600.1.4" "saveaslave.com"
72.168.98.115 - - [08/Feb/2015:08:18:46 -0800] "GET /jquery-1.3.2.min.js HTTP/1.1" 200 57254 "http://saveaslave.com/" "Mozilla/5.0 (iPad; CPU OS 8_1_3 like Mac OS X) AppleWebKit/600.1.4 (KHTML, like Gecko) Version/8.0 Mobile/12B466 Safari/600.1.4" "saveaslave.com"
72.168.98.115 - - [08/Feb/2015:08:18:46 -0800] "GET /images/sas_button.gif HTTP/1.1" 200 2628 "http://saveaslave.com/" "Mozilla/5.0 (iPad; CPU OS 8_1_3 like Mac OS X) AppleWebKit/600.1.4 (KHTML, like Gecko) Version/8.0 Mobile/12B466 Safari/600.1.4" "saveaslave.com"
72.168.98.115 - - [08/Feb/2015:08:18:46 -0800] "GET /images/slaves.jpg HTTP/1.1" 200 64009 "http://saveaslave.com/" "Mozilla/5.0 (iPad; CPU OS 8_1_3 like Mac OS X) AppleWebKit/600.1.4 (KHTML, like Gecko) Version/8.0 Mobile/12B466 Safari/600.1.4" "saveaslave.com"
72.168.98.115 - - [08/Feb/2015:08:20:03 -0800] "GET /css/style.css HTTP/1.1" 200 1400 "http://saveaslave.com/" "Mozilla/5.0 (iPad; CPU OS 8_1_3 like Mac OS X) AppleWebKit/600.1.4 (KHTML, like Gecko) Version/8.0 Mobile/12B466 Safari/600.1.4" "saveaslave.com"
72.168.98.115 - - [08/Feb/2015:08:21:24 -0800] "GET / HTTP/1.1" 200 25214 "http://r.search.yahoo.com/_ylt=AwrSbmY8jNdUx5UALDbBGOd_;_ylu=X3oDMTByaDNhc2JxBHNlYwNzcgRwb3MDMQRjb2xvA2dxMQR2dGlkAw--/RV=2/RE=1423441085/RO=10/RU=http%3a%2f%2fsaveaslave.com%2f/RK=0/RS=2dgwKA27zivvpjpr_QPyBx6pmXk-" "Mozilla/5.0 (iPad; CPU OS 8_1_3 like Mac OS X) AppleWebKit/600.1.4 (KHTML, like Gecko) Version/8.0 Mobile/12B466 Safari/600.1.4" "saveaslave.com"
72.168.98.115 - - [08/Feb/2015:08:27:38 -0800] "GET /jquery-1.3.2.min.js HTTP/1.1" 200 57254 "http://saveaslave.com/" "Mozilla/5.0 (iPad; CPU OS 8_1_3 like Mac OS X) AppleWebKit/600.1.4 (KHTML, like Gecko) Version/8.0 Mobile/12B466 Safari/600.1.4" "saveaslave.com"
72.168.98.115 - - [08/Feb/2015:08:27:38 -0800] "GET /images/slaves.jpg HTTP/1.1" 200 64009 "http://saveaslave.com/" "Mozilla/5.0 (iPad; CPU OS 8_1_3 like Mac OS X) AppleWebKit/600.1.4 (KHTML, like Gecko) Version/8.0 Mobile/12B466 Safari/600.1.4" "saveaslave.com"
72.168.98.115 - - [08/Feb/2015:08:32:35 -0800] "GET / HTTP/1.1" 200 24257 "http://r.search.yahoo.com/_ylt=AwrSbmY8jNdUx5UALDbBGOd_;_ylu=X3oDMTByaDNhc2JxBHNlYwNzcgRwb3MDMQRjb2xvA2dxMQR2dGlkAw--/RV=2/RE=1423441085/RO=10/RU=http%3a%2f%2fsaveaslave.com%2f/RK=0/RS=2dgwKA27zivvpjpr_QPyBx6pmXk-" "Mozilla/5.0 (iPad; CPU OS 8_1_3 like Mac OS X) AppleWebKit/600.1.4 (KHTML, like Gecko) Version/8.0 Mobile/12B466 Safari/600.1.4" "saveaslave.com"
72.168.98.115 - - [08/Feb/2015:08:32:36 -0800] "GET /css/style.css HTTP/1.1" 200 1400 "http://saveaslave.com/" "Mozilla/5.0 (iPad; CPU OS 8_1_3 like Mac OS X) AppleWebKit/600.1.4 (KHTML, like Gecko) Version/8.0 Mobile/12B466 Safari/600.1.4" "saveaslave.com"
72.168.98.115 - - [08/Feb/2015:08:32:36 -0800] "GET /jquery-1.3.2.min.js HTTP/1.1" 200 57254 "http://saveaslave.com/" "Mozilla/5.0 (iPad; CPU OS 8_1_3 like Mac OS X) AppleWebKit/600.1.4 (KHTML, like Gecko) Version/8.0 Mobile/12B466 Safari/600.1.4" "saveaslave.com"
72.168.98.115 - - [08/Feb/2015:08:39:30 -0800] "GET /images/slaves.jpg HTTP/1.1" 200 64009 "http://saveaslave.com/" "Mozilla/5.0 (iPad; CPU OS 8_1_3 like Mac OS X) AppleWebKit/600.1.4 (KHTML, like Gecko) Version/8.0 Mobile/12B466 Safari/600.1.4" "saveaslave.com"
72.168.98.115 - - [08/Feb/2015:08:39:30 -0800] "GET /images/header.png HTTP/1.1" 200 65536 "http://saveaslave.com/" "Mozilla/5.0 (iPad; CPU OS 8_1_3 like Mac OS X) AppleWebKit/600.1.4 (KHTML, like Gecko) Version/8.0 Mobile/12B466 Safari/600.1.4" "saveaslave.com"
72.168.98.115 - - [08/Feb/2015:08:42:09 -0800] "GET / HTTP/1.1" 200 24188 "http://r.search.yahoo.com/_ylt=AwrSbmY8jNdUx5UALDbBGOd_;_ylu=X3oDMTByaDNhc2JxBHNlYwNzcgRwb3MDMQRjb2xvA2dxMQR2dGlkAw--/RV=2/RE=1423441085/RO=10/RU=http%3a%2f%2fsaveaslave.com%2f/RK=0/RS=2dgwKA27zivvpjpr_QPyBx6pmXk-" "Mozilla/5.0 (iPad; CPU OS 8_1_3 like Mac OS X) AppleWebKit/600.1.4 (KHTML, like Gecko) Version/8.0 Mobile/12B466 Safari/600.1.4" "saveaslave.com"
46.4.113.114 - - [08/Feb/2015:09:23:15 -0800] "GET /cameroon.html HTTP/1.1" 200 5414 "-" "Mozilla/2.0 (compatible; crw)" "www.saveaslave.com"
89.114.206.178 - - [08/Feb/2015:09:28:38 -0800] "GET /images/countrymap/solomon-islands.gif HTTP/1.1" 200 122217 "-" "Mozilla/5.0 (Windows NT 6.1; Trident/7.0; rv:11.0) like Gecko" "www.saveaslave.com"
23.23.218.242 - - [08/Feb/2015:09:31:06 -0800] "GET /css/style.css HTTP/1.1" 200 1400 "http://saveaslave.com/" "Mozilla/5.0 (Windows; U; Windows NT 5.1; en-US; rv:1.9.2.8) Gecko/20100722 Firefox/3.6.8" "saveaslave.com"
54.83.54.205 - - [08/Feb/2015:09:31:07 -0800] "GET / HTTP/1.1" 200 24188 "-" "Wget/1.13.4 (linux-gnu)" "www.saveaslave.com"
54.83.54.205 - - [08/Feb/2015:09:31:07 -0800] "GET /css/style.css HTTP/1.1" 200 1400 "-" "Mozilla/5.0 (X11; Linux x86_64) AppleWebKit/534.34 (KHTML, like Gecko) Qt/4.8.2 Safari/534.34" "www.saveaslave.com"
54.83.54.205 - - [08/Feb/2015:09:31:07 -0800] "GET /jquery-1.3.2.min.js HTTP/1.1" 200 57254 "-" "Mozilla/5.0 (X11; Linux x86_64) AppleWebKit/534.34 (KHTML, like Gecko) Qt/4.8.2 Safari/534.34" "www.saveaslave.com"
54.83.54.205 - - [08/Feb/2015:09:31:07 -0800] "GET /jquery.marquee.js HTTP/1.1" 200 6560 "-" "Mozilla/5.0 (X11; Linux x86_64) AppleWebKit/534.34 (KHTML, like Gecko) Qt/4.8.2 Safari/534.34" "www.saveaslave.com"
54.83.54.205 - - [08/Feb/2015:09:31:07 -0800] "GET /images/sas_button.gif HTTP/1.1" 200 2628 "-" "Mozilla/5.0 (X11; Linux x86_64) AppleWebKit/534.34 (KHTML, like Gecko) Qt/4.8.2 Safari/534.34" "www.saveaslave.com"
54.83.54.205 - - [08/Feb/2015:09:31:07 -0800] "GET /images/slaves.jpg HTTP/1.1" 200 64009 "-" "Mozilla/5.0 (X11; Linux x86_64) AppleWebKit/534.34 (KHTML, like Gecko) Qt/4.8.2 Safari/534.34" "www.saveaslave.com"
54.83.54.205 - - [08/Feb/2015:09:31:07 -0800] "GET /images/header.png HTTP/1.1" 200 84658 "-" "Mozilla/5.0 (X11; Linux x86_64) AppleWebKit/534.34 (KHTML, like Gecko) Qt/4.8.2 Safari/534.34" "www.saveaslave.com"
89.114.206.178 - - [08/Feb/2015:09:31:16 -0800] "GET /favicon.ico HTTP/1.1" 404 89 "-" "Mozilla/5.0 (Windows NT 6.1; Trident/7.0; rv:11.0) like Gecko" "www.saveaslave.com"
72.168.98.115 - - [08/Feb/2015:09:32:01 -0800] "GET /images/af_locator.gif HTTP/1.1" 404 89 "-" "Mozilla/5.0 (Windows NT 6.1; WOW64; Trident/7.0; yie11; rv:11.0) like Gecko" "saveaslave.com"
72.168.98.115 - - [08/Feb/2015:09:32:01 -0800] "GET /images/banner.jpg HTTP/1.1" 404 89 "-" "Mozilla/5.0 (Windows NT 6.1; WOW64; Trident/7.0; yie11; rv:11.0) like Gecko" "saveaslave.com"
72.168.98.115 - - [08/Feb/2015:09:32:01 -0800] "GET /images/div.jpg HTTP/1.1" 404 89 "-" "Mozilla/5.0 (Windows NT 6.1; WOW64; Trident/7.0; yie11; rv:11.0) like Gecko" "saveaslave.com"
72.168.98.115 - - [08/Feb/2015:09:32:01 -0800] "GET /images/af-map.gif HTTP/1.1" 404 89 "-" "Mozilla/5.0 (Windows NT 6.1; WOW64; Trident/7.0; yie11; rv:11.0) like Gecko" "saveaslave.com"
72.168.98.115 - - [08/Feb/2015:09:32:01 -0800] "GET /paynow.gif HTTP/1.1" 404 89 "-" "Mozilla/5.0 (Windows NT 6.1; WOW64; Trident/7.0; yie11; rv:11.0) like Gecko" "saveaslave.com"
72.168.98.115 - - [08/Feb/2015:09:32:01 -0800] "GET /images/af-lgflag.gif HTTP/1.1" 404 89 "-" "Mozilla/5.0 (Windows NT 6.1; WOW64; Trident/7.0; yie11; rv:11.0) like Gecko" "saveaslave.com"
104.174.103.237 - - [08/Feb/2015:09:41:32 -0800] "GET /images/countrymap/solomon-islands.gif HTTP/1.1" 200 122217 "https://www.google.com/" "Mozilla/5.0 (iPhone; CPU iPhone OS 8_1_3 like Mac OS X) AppleWebKit/600.1.4 (KHTML, like Gecko) Version/8.0 Mobile/12B466 Safari/600.1.4" "www.saveaslave.com"
123.125.71.47 - - [08/Feb/2015:09:46:37 -0800] "GET /curacao.html HTTP/1.1" 200 5423 "-" "Mozilla/5.0 (compatible; Baiduspider/2.0; +http://www.baidu.com/search/spider.html)" "www.saveaslave.com"
65.36.241.77 - - [08/Feb/2015:09:47:08 -0800] "HEAD / HTTP/1.1" 200 0 "-" "InternetSeer.com" "www.saveaslave.com"
220.181.108.167 - - [08/Feb/2015:09:50:46 -0800] "GET /css/style.css HTTP/1.1" 200 1400 "http://www.saveaslave.com/curacao.html" "Mozilla/5.0 (compatible; Baiduspider/2.0; +http://www.baidu.com/search/spider.html)" "www.saveaslave.com"
72.168.98.115 - - [08/Feb/2015:09:55:50 -0800] "GET /images/slaves.jpg HTTP/1.1" 200 64009 "http://dudamobile.saveaslave.com/" "Mozilla/5.0 (iPhone; CPU iPhone OS 8_1_3 like Mac OS X) AppleWebKit/600.1.4 (KHTML, like Gecko) Version/8.0 Mobile/12B466 Safari/600.1.4" "saveaslave.com"
72.168.98.115 - - [08/Feb/2015:09:55:50 -0800] "GET /images/sas_button.gif HTTP/1.1" 200 2628 "http://dudamobile.saveaslave.com/" "Mozilla/5.0 (iPhone; CPU iPhone OS 8_1_3 like Mac OS X) AppleWebKit/600.1.4 (KHTML, like Gecko) Version/8.0 Mobile/12B466 Safari/600.1.4" "saveaslave.com"
72.168.98.115 - - [08/Feb/2015:09:55:50 -0800] "GET /images/header.png HTTP/1.1" 200 84658 "http://dudamobile.saveaslave.com/" "Mozilla/5.0 (iPhone; CPU iPhone OS 8_1_3 like Mac OS X) AppleWebKit/600.1.4 (KHTML, like Gecko) Version/8.0 Mobile/12B466 Safari/600.1.4" "saveaslave.com"
188.165.15.19 - - [08/Feb/2015:10:12:43 -0800] "GET /paraguay.html HTTP/1.1" 200 5473 "-" "Mozilla/5.0 (compatible; AhrefsBot/5.0; +http://ahrefs.com/robot/)" "saveaslave.com"
68.231.90.37 - - [08/Feb/2015:10:16:36 -0800] "GET /images/countrymap/bosnia-herzegovina.jpg HTTP/1.1" 200 42063 "https://www.google.com/" "Mozilla/5.0 (iPhone; CPU iPhone OS 8_1_2 like Mac OS X) AppleWebKit/600.1.4 (KHTML, like Gecko) Version/8.0 Mobile/12B440 Safari/600.1.4" "www.saveaslave.com"
188.165.15.138 - - [08/Feb/2015:10:24:33 -0800] "GET /portugal.html HTTP/1.1" 200 5473 "-" "Mozilla/5.0 (compatible; AhrefsBot/5.0; +http://ahrefs.com/robot/)" "saveaslave.com"
72.168.98.115 - - [08/Feb/2015:10:32:22 -0800] "GET /images/slaves.jpg HTTP/1.1" 200 64009 "http://www.saveaslave.com/" "Mozilla/5.0 (Windows NT 6.1; WOW64; Trident/7.0; yie11; rv:11.0) like Gecko" "www.saveaslave.com"
72.168.98.115 - - [08/Feb/2015:10:32:22 -0800] "GET /jquery-1.3.2.min.js HTTP/1.1" 200 57254 "http://www.saveaslave.com/" "Mozilla/5.0 (Windows NT 6.1; WOW64; Trident/7.0; yie11; rv:11.0) like Gecko" "www.saveaslave.com"
72.168.98.115 - - [08/Feb/2015:10:46:44 -0800] "GET / HTTP/1.1" 200 24188 "-" "Mozilla/5.0 (Windows NT 6.1; WOW64; Trident/7.0; yie11; rv:11.0) like Gecko" "www.saveaslave.com"
72.168.98.115 - - [08/Feb/2015:10:47:09 -0800] "GET /favicon.ico HTTP/1.1" 404 89 "-" "Mozilla/5.0 (Windows NT 6.1; WOW64; Trident/7.0; yie11; rv:11.0) like Gecko" "www.saveaslave.com"
65.36.241.77 - - [08/Feb/2015:11:08:55 -0800] "HEAD / HTTP/1.1" 200 0 "-" "InternetSeer.com" "www.saveaslave.com"
72.168.98.117 - - [08/Feb/2015:11:13:58 -0800] "GET /images/header.png HTTP/1.1" 200 84658 "http://www.saveaslave.com/" "Mozilla/5.0 (Windows NT 6.1; WOW64; Trident/7.0; yie11; rv:11.0) like Gecko" "www.saveaslave.com"
72.168.98.117 - - [08/Feb/2015:11:16:43 -0800] "GET / HTTP/1.1" 200 24188 "-" "Mozilla/5.0 (Windows NT 6.1; WOW64; Trident/7.0; yie11; rv:11.0) like Gecko" "www.saveaslave.com"
54.243.48.139 - - [08/Feb/2015:11:21:31 -0800] "GET / HTTP/1.1" 200 24188 "-" "Mozilla/5.0 (Windows; U; Windows NT 5.1; en-US; rv:1.9.2.8) Gecko/20100722 Firefox/3.6.8" "saveaslave.com"
72.168.98.117 - - [08/Feb/2015:11:21:35 -0800] "GET /images/header.png HTTP/1.1" 200 84658 "-" "Mozilla/5.0 (Windows NT 6.1; WOW64; Trident/7.0; yie11; rv:11.0) like Gecko" "saveaslave.com"
72.168.98.117 - - [08/Feb/2015:11:21:35 -0800] "GET /images/sas_button.gif HTTP/1.1" 200 2628 "-" "Mozilla/5.0 (Windows NT 6.1; WOW64; Trident/7.0; yie11; rv:11.0) like Gecko" "saveaslave.com"
72.168.98.117 - - [08/Feb/2015:11:21:35 -0800] "GET /images/slaves.jpg HTTP/1.1" 200 64009 "-" "Mozilla/5.0 (Windows NT 6.1; WOW64; Trident/7.0; yie11; rv:11.0) like Gecko" "saveaslave.com"
23.23.242.178 - - [08/Feb/2015:11:33:55 -0800] "GET / HTTP/1.1" 200 24188 "-" "Mozilla/5.0 (Windows; U; Windows NT 5.1; en-US; rv:1.9.2.8) Gecko/20100722 Firefox/3.6.8" "saveaslave.com"
72.168.98.117 - - [08/Feb/2015:11:33:57 -0800] "GET /images/sas_button.gif HTTP/1.1" 200 2628 "http://dudamobile.saveaslave.com/" "Mozilla/5.0 (iPhone; CPU iPhone OS 8_1_3 like Mac OS X) AppleWebKit/600.1.4 (KHTML, like Gecko) Version/8.0 Mobile/12B466 Safari/600.1.4" "saveaslave.com"
72.168.98.117 - - [08/Feb/2015:11:33:57 -0800] "GET /images/slaves.jpg HTTP/1.1" 200 64009 "http://dudamobile.saveaslave.com/" "Mozilla/5.0 (iPhone; CPU iPhone OS 8_1_3 like Mac OS X) AppleWebKit/600.1.4 (KHTML, like Gecko) Version/8.0 Mobile/12B466 Safari/600.1.4" "saveaslave.com"
72.168.98.117 - - [08/Feb/2015:11:33:57 -0800] "GET /images/header.png HTTP/1.1" 200 84658 "http://dudamobile.saveaslave.com/" "Mozilla/5.0 (iPhone; CPU iPhone OS 8_1_3 like Mac OS X) AppleWebKit/600.1.4 (KHTML, like Gecko) Version/8.0 Mobile/12B466 Safari/600.1.4" "saveaslave.com"
220.181.108.168 - - [08/Feb/2015:11:49:17 -0800] "GET /uzbekistan.html HTTP/1.1" 200 5498 "-" "Mozilla/5.0 (compatible; Baiduspider/2.0; +http://www.baidu.com/search/spider.html)" "www.saveaslave.com"
72.168.98.121 - - [08/Feb/2015:11:57:23 -0800] "GET / HTTP/1.1" 200 24277 "http://r.search.yahoo.com/_ylt=AwrSbmY8jNdUx5UALDbBGOd_;_ylu=X3oDMTByaDNhc2JxBHNlYwNzcgRwb3MDMQRjb2xvA2dxMQR2dGlkAw--/RV=2/RE=1423441085/RO=10/RU=http%3a%2f%2fsaveaslave.com%2f/RK=0/RS=2dgwKA27zivvpjpr_QPyBx6pmXk-" "Mozilla/5.0 (iPad; CPU OS 8_1_3 like Mac OS X) AppleWebKit/600.1.4 (KHTML, like Gecko) Version/8.0 Mobile/12B466 Safari/600.1.4" "saveaslave.com"
72.168.98.121 - - [08/Feb/2015:11:57:25 -0800] "GET /images/header.png HTTP/1.1" 200 65536 "http://saveaslave.com/" "Mozilla/5.0 (iPad; CPU OS 8_1_3 like Mac OS X) AppleWebKit/600.1.4 (KHTML, like Gecko) Version/8.0 Mobile/12B466 Safari/600.1.4" "saveaslave.com"
72.168.98.121 - - [08/Feb/2015:11:57:25 -0800] "GET /images/sas_button.gif HTTP/1.1" 200 2628 "http://saveaslave.com/" "Mozilla/5.0 (iPad; CPU OS 8_1_3 like Mac OS X) AppleWebKit/600.1.4 (KHTML, like Gecko) Version/8.0 Mobile/12B466 Safari/600.1.4" "saveaslave.com"
72.168.98.121 - - [08/Feb/2015:11:57:25 -0800] "GET /images/slaves.jpg HTTP/1.1" 200 64009 "http://saveaslave.com/" "Mozilla/5.0 (iPad; CPU OS 8_1_3 like Mac OS X) AppleWebKit/600.1.4 (KHTML, like Gecko) Version/8.0 Mobile/12B466 Safari/600.1.4" "saveaslave.com"
107.23.45.196 - - [08/Feb/2015:11:59:18 -0800] "GET /favicon.ico HTTP/1.1" 404 89 "http://saveaslave.com/favicon.ico" "Mozilla/5.0 (compatible; DuckDuckGo-Favicons-Bot/1.0; +http://duckduckgo.com)" "saveaslave.com"
72.168.98.121 - - [08/Feb/2015:12:00:09 -0800] "GET / HTTP/1.1" 200 24277 "-" "Mozilla/5.0 (Windows NT 6.1; WOW64; Trident/7.0; yie11; rv:11.0) like Gecko" "www.saveaslave.com"
72.168.98.121 - - [08/Feb/2015:12:00:10 -0800] "GET /images/sas_button.gif HTTP/1.1" 200 2628 "http://www.saveaslave.com/" "Mozilla/5.0 (Windows NT 6.1; WOW64; Trident/7.0; yie11; rv:11.0) like Gecko" "www.saveaslave.com"
23.23.218.242 - - [08/Feb/2015:12:03:54 -0800] "GET /css/style.css HTTP/1.1" 200 1400 "http://saveaslave.com/" "Mozilla/5.0 (Windows; U; Windows NT 5.1; en-US; rv:1.9.2.8) Gecko/20100722 Firefox/3.6.8" "saveaslave.com"
157.55.39.132 - - [08/Feb/2015:12:11:17 -0800] "GET /argentina HTTP/1.1" 200 5404 "-" "Mozilla/5.0 (compatible; bingbot/2.0; +http://www.bing.com/bingbot.htm)" "saveaslave.com"
65.36.241.77 - - [08/Feb/2015:12:32:14 -0800] "HEAD / HTTP/1.1" 200 0 "-" "InternetSeer.com" "www.saveaslave.com"
78.167.11.191 - - [08/Feb/2015:12:42:28 -0800] "GET /images/countrymap/solomon-islands.gif HTTP/1.1" 200 122217 "https://www.google.com.tr/" "Mozilla/5.0 (Windows NT 6.3) AppleWebKit/537.36 (KHTML, like Gecko) Chrome/40.0.2214.111 Safari/537.36" "www.saveaslave.com"
24.180.209.107 - - [08/Feb/2015:12:56:28 -0800] "GET /images/countrymap/bosnia-herzegovina.jpg HTTP/1.1" 200 42063 "-" "Mozilla/5.0 (iPod; CPU iPhone OS 6_1_6 like Mac OS X) AppleWebKit/536.26 (KHTML, like Gecko) GSA/3.2.1.25875 Mobile/10B500 Safari/8536.25" "www.saveaslave.com"
166.137.8.112 - - [08/Feb/2015:13:00:56 -0800] "GET /images/countrymap/solomon-islands.gif HTTP/1.1" 200 122217 "-" "Mozilla/5.0 (Linux; Android 4.4.4; SAMSUNG-SM-G900A Build/KTU84P) AppleWebKit/537.36 (KHTML, like Gecko) Version/4.0 Chrome/33.0.0.0 Mobile Safari/537.36 GSA/3.6.14.1337016.arm" "www.saveaslave.com"
46.4.113.114 - - [08/Feb/2015:13:05:58 -0800] "GET /fiji.html HTTP/1.1" 200 5437 "-" "Mozilla/2.0 (compatible; crw)" "www.saveaslave.com"
54.80.16.7 - - [08/Feb/2015:13:11:15 -0800] "GET / HTTP/1.1" 200 24277 "-" "Mozilla/5.0 (compatible; linkdexbot/2.0; +http://www.linkdex.com/bots/)" "saveaslave.com"
90.184.73.87 - - [08/Feb/2015:13:16:42 -0800] "GET /images/countrymap/solomon-islands.gif HTTP/1.1" 200 122217 "https://www.google.dk/" "Mozilla/5.0 (iPhone; CPU iPhone OS 8_1_3 like Mac OS X) AppleWebKit/600.1.4 (KHTML, like Gecko) Version/8.0 Mobile/12B466 Safari/600.1.4" "www.saveaslave.com"
72.168.98.118 - - [08/Feb/2015:13:19:56 -0800] "GET / HTTP/1.1" 200 24277 "-" "Mozilla/5.0 (Windows NT 6.1; WOW64; Trident/7.0; yie11; rv:11.0) like Gecko" "www.saveaslave.com"
72.168.98.118 - - [08/Feb/2015:13:19:56 -0800] "GET /jquery-1.3.2.min.js HTTP/1.1" 200 57254 "http://www.saveaslave.com/" "Mozilla/5.0 (Windows NT 6.1; WOW64; Trident/7.0; yie11; rv:11.0) like Gecko" "www.saveaslave.com"
72.168.98.118 - - [08/Feb/2015:13:19:56 -0800] "GET /images/sas_button.gif HTTP/1.1" 200 2628 "http://www.saveaslave.com/" "Mozilla/5.0 (Windows NT 6.1; WOW64; Trident/7.0; yie11; rv:11.0) like Gecko" "www.saveaslave.com"
72.168.98.118 - - [08/Feb/2015:13:22:18 -0800] "GET /images/slaves.jpg HTTP/1.1" 200 64009 "http://dudamobile.saveaslave.com/" "Mozilla/5.0 (iPhone; CPU iPhone OS 8_1_3 like Mac OS X) AppleWebKit/600.1.4 (KHTML, like Gecko) Version/8.0 Mobile/12B466 Safari/600.1.4" "saveaslave.com"
72.168.98.118 - - [08/Feb/2015:13:22:18 -0800] "GET /images/sas_button.gif HTTP/1.1" 200 2628 "http://dudamobile.saveaslave.com/" "Mozilla/5.0 (iPhone; CPU iPhone OS 8_1_3 like Mac OS X) AppleWebKit/600.1.4 (KHTML, like Gecko) Version/8.0 Mobile/12B466 Safari/600.1.4" "saveaslave.com"
66.249.67.18 - - [08/Feb/2015:13:30:52 -0800] "GET /styles/js/jquery.autocomplete.css HTTP/1.1" 404 89 "-" "Mozilla/5.0 (compatible; Googlebot/2.1; +http://www.google.com/bot.html)" "saveaslave.com"
66.249.67.26 - - [08/Feb/2015:13:30:52 -0800] "GET /styles/js/jquery.tablesorter.min.js HTTP/1.1" 404 89 "-" "Mozilla/5.0 (compatible; Googlebot/2.1; +http://www.google.com/bot.html)" "saveaslave.com"
52.0.180.79 - - [08/Feb/2015:13:38:36 -0800] "GET /belarus.html HTTP/1.1" 200 5417 "-" "Mozilla/5.0 (X11; Linux x86_64) AppleWebKit/537.36 (KHTML, like Gecko) Chrome/29.0.1547.57 Safari/537.36" "saveaslave.com"
52.0.180.79 - - [08/Feb/2015:13:38:36 -0800] "GET /el-salvador.html HTTP/1.1" 200 5500 "-" "Mozilla/5.0 (X11; Linux x86_64) AppleWebKit/537.36 (KHTML, like Gecko) Chrome/29.0.1547.57 Safari/537.36" "saveaslave.com"
52.1.2.40 - - [08/Feb/2015:13:38:36 -0800] "GET /tanzania.html HTTP/1.1" 200 5480 "-" "Mozilla/5.0 (X11; Linux x86_64) AppleWebKit/537.36 (KHTML, like Gecko) Chrome/29.0.1547.57 Safari/537.36" "saveaslave.com"
