178.128.89.240 - - [04/Oct/2015:00:47:43 -0700] "GET /addlink.php?page=index.html HTTP/1.1" 200 16475 "http://www.saveaslave.com/" "Mozilla/5.0 (Windows NT 10.0; WOW64) AppleWebKit/537.36 (KHTML, like Gecko) Chrome/45.0.2454.101 Safari/537.36" "www.saveaslave.com"
207.46.13.98 - - [04/Oct/2015:01:02:29 -0700] "GET /robots.txt HTTP/1.1" 404 89 "-" "Mozilla/5.0 (compatible; bingbot/2.0; +http://www.bing.com/bingbot.htm)" "www.saveaslave.com"
157.55.39.101 - - [04/Oct/2015:01:03:43 -0700] "GET /robots.txt HTTP/1.1" 404 89 "-" "Mozilla/5.0 (compatible; bingbot/2.0; +http://www.bing.com/bingbot.htm)" "www.saveaslave.com"
207.46.13.98 - - [04/Oct/2015:01:04:19 -0700] "GET /south-korea.html HTTP/1.1" 200 5719 "-" "msnbot-media/1.1 (+http://search.msn.com/msnbot.htm)" "www.saveaslave.com"
91.200.12.71 - - [04/Oct/2015:01:08:12 -0700] "GET / HTTP/1.1" 200 46654 "http://www.saveaslave.com/" "Mozilla/5.0 (Windows NT 6.3; WOW64; rv:36.0) Gecko/20100101 Firefox/36.0" "www.saveaslave.com"
91.200.12.19 - - [04/Oct/2015:01:14:46 -0700] "GET / HTTP/1.1" 200 46654 "http://www.saveaslave.com/" "Mozilla/5.0 (Windows NT 6.3; WOW64; rv:36.0) Gecko/20100101 Firefox/36.0" "www.saveaslave.com"
91.200.12.63 - - [04/Oct/2015:01:18:30 -0700] "GET / HTTP/1.1" 200 46654 "http://www.saveaslave.com/" "Mozilla/5.0 (Windows NT 6.3; WOW64) AppleWebKit/537.36 (KHTML, like Gecko) Chrome/41.0.2272.101 Safari/537.36" "www.saveaslave.com"
91.200.12.71 - - [04/Oct/2015:01:24:42 -0700] "GET / HTTP/1.1" 200 46654 "http://www.saveaslave.com/" "Mozilla/5.0 (Windows NT 6.3; WOW64; rv:36.0) Gecko/20100101 Firefox/36.0" "www.saveaslave.com"
207.46.13.98 - - [04/Oct/2015:01:27:29 -0700] "GET /madagascar.html HTTP/1.1" 200 5710 "-" "msnbot-media/1.1 (+http://search.msn.com/msnbot.htm)" "www.saveaslave.com"
23.23.242.178 - - [04/Oct/2015:01:31:05 -0700] "GET /guinea-bissau.html HTTP/1.1" 200 5952 "-" "Mozilla/5.0 (Windows; U; Windows NT 5.1; en-US; rv:1.9.2.8) Gecko/20100722 Firefox/3.6.8" "saveaslave.com"
91.200.12.19 - - [04/Oct/2015:01:31:09 -0700] "GET / HTTP/1.1" 200 46654 "http://www.saveaslave.com/" "Mozilla/5.0 (Windows NT 6.1) AppleWebKit/537.36 (KHTML, like Gecko) Chrome/41.0.2272.101 Safari/537.36" "www.saveaslave.com"
54.243.48.119 - - [04/Oct/2015:01:32:00 -0700] "GET /estonia.html HTTP/1.1" 200 5684 "-" "Mozilla/5.0 (Windows; U; Windows NT 5.1; en-US; rv:1.9.2.8) Gecko/20100722 Firefox/3.6.8" "saveaslave.com"
188.165.15.201 - - [04/Oct/2015:01:33:03 -0700] "GET /northern-mariana-islands.html HTTP/1.1" 200 5836 "-" "Mozilla/5.0 (compatible; AhrefsBot/5.0; +http://ahrefs.com/robot/)" "saveaslave.com"
23.23.242.178 - - [04/Oct/2015:01:34:51 -0700] "GET /canada.html HTTP/1.1" 200 5648 "-" "Mozilla/5.0 (Windows; U; Windows NT 5.1; en-US; rv:1.9.2.8) Gecko/20100722 Firefox/3.6.8" "saveaslave.com"
157.55.39.113 - - [04/Oct/2015:01:49:32 -0700] "GET /uganda.html HTTP/1.1" 200 5677 "-" "msnbot-media/1.1 (+http://search.msn.com/msnbot.htm)" "www.saveaslave.com"
207.46.13.98 - - [04/Oct/2015:01:50:53 -0700] "GET /robots.txt HTTP/1.1" 404 89 "-" "Mozilla/5.0 (compatible; bingbot/2.0; +http://www.bing.com/bingbot.htm)" "www.saveaslave.com"
183.60.244.24 - - [04/Oct/2015:01:51:18 -0700] "GET / HTTP/1.1" 200 46654 "http://www.baidu.com/search/spider.htm" "Mozilla/5.0 (compatible; Baiduspider/2.0; +http://www.baidu.com/search/spider.html)" "www.saveaslave.com"
157.55.39.113 - - [04/Oct/2015:01:51:23 -0700] "GET /togo.html HTTP/1.1" 200 5659 "-" "Mozilla/5.0 (compatible; bingbot/2.0; +http://www.bing.com/bingbot.htm)" "saveaslave.com"
65.36.241.48 - - [04/Oct/2015:01:58:50 -0700] "HEAD / HTTP/1.1" 200 0 "-" "InternetSeer.com" "www.saveaslave.com"
157.55.39.113 - - [04/Oct/2015:02:10:34 -0700] "GET /bhutan.html HTTP/1.1" 200 5651 "-" "msnbot-media/1.1 (+http://search.msn.com/msnbot.htm)" "www.saveaslave.com"
180.76.15.143 - - [04/Oct/2015:02:16:13 -0700] "GET /countries/tonga.html HTTP/1.1" 404 89 "-" "Mozilla/5.0 (compatible; Baiduspider/2.0; +http://www.baidu.com/search/spider.html)" "www.saveaslave.com"
54.243.48.119 - - [04/Oct/2015:02:32:45 -0700] "GET /kiribati.html HTTP/1.1" 200 5693 "-" "Mozilla/5.0 (Windows; U; Windows NT 5.1; en-US; rv:1.9.2.8) Gecko/20100722 Firefox/3.6.8" "saveaslave.com"
157.55.39.113 - - [04/Oct/2015:02:35:12 -0700] "GET /chile HTTP/1.1" 200 5650 "-" "msnbot-media/1.1 (+http://search.msn.com/msnbot.htm)" "www.saveaslave.com"
157.55.39.113 - - [04/Oct/2015:02:35:12 -0700] "GET /united-states.html HTTP/1.1" 200 6008 "-" "msnbot-media/1.1 (+http://search.msn.com/msnbot.htm)" "www.saveaslave.com"
157.55.39.113 - - [04/Oct/2015:02:39:40 -0700] "GET /antigua-and-barbuda.html HTTP/1.1" 200 5694 "-" "msnbot-media/1.1 (+http://search.msn.com/msnbot.htm)" "www.saveaslave.com"
157.55.39.113 - - [04/Oct/2015:02:57:53 -0700] "GET /malawi HTTP/1.1" 200 5674 "-" "msnbot-media/1.1 (+http://search.msn.com/msnbot.htm)" "www.saveaslave.com"
188.165.15.201 - - [04/Oct/2015:03:07:48 -0700] "GET /germany.html HTTP/1.1" 200 5684 "-" "Mozilla/5.0 (compatible; AhrefsBot/5.0; +http://ahrefs.com/robot/)" "saveaslave.com"
157.55.39.113 - - [04/Oct/2015:03:14:18 -0700] "GET /uzbekistan.html HTTP/1.1" 200 5713 "-" "msnbot-media/1.1 (+http://search.msn.com/msnbot.htm)" "www.saveaslave.com"
65.36.241.48 - - [04/Oct/2015:03:21:09 -0700] "HEAD / HTTP/1.1" 200 0 "-" "InternetSeer.com" "www.saveaslave.com"
23.23.242.178 - - [04/Oct/2015:03:27:05 -0700] "GET / HTTP/1.1" 200 46654 "-" "Mozilla/5.0 (Windows; U; Windows NT 5.1; en-US; rv:1.9.2.8) Gecko/20100722 Firefox/3.6.8" "saveaslave.com"
207.46.13.98 - - [04/Oct/2015:03:39:45 -0700] "GET /robots.txt HTTP/1.1" 404 89 "-" "Mozilla/5.0 (compatible; bingbot/2.0; +http://www.bing.com/bingbot.htm)" "saveaslave.com"
220.181.108.145 - - [04/Oct/2015:03:53:37 -0700] "GET /ghana.html HTTP/1.1" 200 5666 "-" "Mozilla/5.0 (compatible; Baiduspider/2.0; +http://www.baidu.com/search/spider.html)" "www.saveaslave.com"
1.129.96.219 - - [04/Oct/2015:04:03:18 -0700] "GET /images/sas_button.gif HTTP/1.1" 200 2628 "http://www.saveaslave.com/solomon-islands.html" "Mozilla/5.0 (Linux; U; Android 4.0.3; en-us; A501 Build/IML74K) AppleWebKit/534.30 (KHTML, like Gecko) Version/4.0 Safari/534.30" "www.saveaslave.com"
1.129.96.219 - - [04/Oct/2015:04:03:28 -0700] "GET /favicon.ico HTTP/1.1" 404 89 "http://www.saveaslave.com/solomon-islands.html" "Mozilla/5.0 (Linux; U; Android 4.0.3; en-us; A501 Build/IML74K) AppleWebKit/534.30 (KHTML, like Gecko) Version/4.0 Safari/534.30" "www.saveaslave.com"
207.46.13.98 - - [04/Oct/2015:04:08:32 -0700] "GET /micronesia.html HTTP/1.1" 200 5710 "-" "msnbot-media/1.1 (+http://search.msn.com/msnbot.htm)" "www.saveaslave.com"
141.8.143.182 - - [04/Oct/2015:04:13:12 -0700] "GET /listlink.php HTTP/1.1" 200 10417 "-" "Mozilla/5.0 (compatible; YandexBot/3.0; +http://yandex.com/bots)" "saveaslave.com"
157.55.39.113 - - [04/Oct/2015:04:13:51 -0700] "GET /gibraltar HTTP/1.1" 404 89 "-" "msnbot-media/1.1 (+http://search.msn.com/msnbot.htm)" "www.saveaslave.com"
207.46.13.160 - - [04/Oct/2015:04:22:05 -0700] "GET /iraq HTTP/1.1" 200 5657 "-" "msnbot-media/1.1 (+http://search.msn.com/msnbot.htm)" "www.saveaslave.com"
207.46.13.160 - - [04/Oct/2015:04:34:44 -0700] "GET /brunei.html HTTP/1.1" 200 5649 "-" "msnbot-media/1.1 (+http://search.msn.com/msnbot.htm)" "www.saveaslave.com"
207.46.13.160 - - [04/Oct/2015:04:34:44 -0700] "GET /mozambique.html HTTP/1.1" 200 5710 "-" "msnbot-media/1.1 (+http://search.msn.com/msnbot.htm)" "www.saveaslave.com"
66.249.75.49 - - [04/Oct/2015:04:36:20 -0700] "GET /robots.txt HTTP/1.1" 404 89 "-" "Mozilla/5.0 (compatible; Googlebot/2.1; +http://www.google.com/bot.html)" "www.saveaslave.com"
66.249.75.49 - - [04/Oct/2015:04:36:20 -0700] "GET /images/countrymap/lebanon.gif HTTP/1.1" 200 20251 "-" "Googlebot-Image/1.0" "www.saveaslave.com"
65.36.241.48 - - [04/Oct/2015:04:41:05 -0700] "HEAD / HTTP/1.1" 200 0 "-" "InternetSeer.com" "www.saveaslave.com"
157.55.39.113 - - [04/Oct/2015:04:46:18 -0700] "GET /bouvet_island HTTP/1.1" 404 89 "-" "msnbot-media/1.1 (+http://search.msn.com/msnbot.htm)" "www.saveaslave.com"
157.55.39.113 - - [04/Oct/2015:04:46:18 -0700] "GET /trinidad-tobago.html HTTP/1.1" 200 5774 "-" "msnbot-media/1.1 (+http://search.msn.com/msnbot.htm)" "www.saveaslave.com"
207.46.13.160 - - [04/Oct/2015:04:46:58 -0700] "GET /robots.txt HTTP/1.1" 404 89 "-" "Mozilla/5.0 (compatible; bingbot/2.0; +http://www.bing.com/bingbot.htm)" "www.saveaslave.com"
176.9.58.227 - - [04/Oct/2015:04:49:21 -0700] "GET / HTTP/1.1" 200 46654 "-" "Mozilla/5.0 (compatible; MegaIndex.ru/2.0; +http://megaindex.com/crawler)" "www.saveaslave.com"
176.9.58.227 - - [04/Oct/2015:04:49:25 -0700] "GET /index.php HTTP/1.1" 200 46654 "-" "Mozilla/5.0 (compatible; MegaIndex.ru/2.0; +http://megaindex.com/crawler)" "www.saveaslave.com"
176.9.58.227 - - [04/Oct/2015:04:49:27 -0700] "GET /whoweare.html HTTP/1.1" 200 12096 "-" "Mozilla/5.0 (compatible; MegaIndex.ru/2.0; +http://megaindex.com/crawler)" "www.saveaslave.com"
176.9.58.227 - - [04/Oct/2015:04:49:31 -0700] "GET /resources.html HTTP/1.1" 200 14780 "-" "Mozilla/5.0 (compatible; MegaIndex.ru/2.0; +http://megaindex.com/crawler)" "www.saveaslave.com"
176.9.58.227 - - [04/Oct/2015:04:49:32 -0700] "GET /afghanistan.html HTTP/1.1" 200 5755 "-" "Mozilla/5.0 (compatible; MegaIndex.ru/2.0; +http://megaindex.com/crawler)" "www.saveaslave.com"
176.9.58.227 - - [04/Oct/2015:04:49:35 -0700] "GET /algeria.html HTTP/1.1" 200 5626 "-" "Mozilla/5.0 (compatible; MegaIndex.ru/2.0; +http://megaindex.com/crawler)" "www.saveaslave.com"
176.9.58.227 - - [04/Oct/2015:04:49:40 -0700] "GET /antigua-and-barbuda.html HTTP/1.1" 200 5694 "-" "Mozilla/5.0 (compatible; MegaIndex.ru/2.0; +http://megaindex.com/crawler)" "www.saveaslave.com"
176.9.58.227 - - [04/Oct/2015:04:49:43 -0700] "GET /argentina.html HTTP/1.1" 200 5636 "-" "Mozilla/5.0 (compatible; MegaIndex.ru/2.0; +http://megaindex.com/crawler)" "www.saveaslave.com"
176.9.58.227 - - [04/Oct/2015:04:49:45 -0700] "GET /armenia.html HTTP/1.1" 200 5617 "-" "Mozilla/5.0 (compatible; MegaIndex.ru/2.0; +http://megaindex.com/crawler)" "www.saveaslave.com"
176.9.58.227 - - [04/Oct/2015:04:49:47 -0700] "GET /aruba.html HTTP/1.1" 200 14875 "-" "Mozilla/5.0 (compatible; MegaIndex.ru/2.0; +http://megaindex.com/crawler)" "www.saveaslave.com"
176.9.58.227 - - [04/Oct/2015:04:49:51 -0700] "GET /austria.html HTTP/1.1" 200 5614 "-" "Mozilla/5.0 (compatible; MegaIndex.ru/2.0; +http://megaindex.com/crawler)" "www.saveaslave.com"
176.9.58.227 - - [04/Oct/2015:04:49:52 -0700] "GET /azerbaijan.html HTTP/1.1" 200 5617 "-" "Mozilla/5.0 (compatible; MegaIndex.ru/2.0; +http://megaindex.com/crawler)" "www.saveaslave.com"
176.9.58.227 - - [04/Oct/2015:04:49:54 -0700] "GET /azkaban.html HTTP/1.1" 200 12664 "-" "Mozilla/5.0 (compatible; MegaIndex.ru/2.0; +http://megaindex.com/crawler)" "www.saveaslave.com"
176.9.58.227 - - [04/Oct/2015:04:49:55 -0700] "GET /azkaban2.html HTTP/1.1" 200 9017 "-" "Mozilla/5.0 (compatible; MegaIndex.ru/2.0; +http://megaindex.com/crawler)" "www.saveaslave.com"
176.9.58.227 - - [04/Oct/2015:04:49:57 -0700] "GET /bahamas.html HTTP/1.1" 200 5619 "-" "Mozilla/5.0 (compatible; MegaIndex.ru/2.0; +http://megaindex.com/crawler)" "www.saveaslave.com"
176.9.58.227 - - [04/Oct/2015:04:49:59 -0700] "GET /bahrain.html HTTP/1.1" 200 5639 "-" "Mozilla/5.0 (compatible; MegaIndex.ru/2.0; +http://megaindex.com/crawler)" "www.saveaslave.com"
176.9.58.227 - - [04/Oct/2015:04:50:01 -0700] "GET /bangladesh.html HTTP/1.1" 200 5664 "-" "Mozilla/5.0 (compatible; MegaIndex.ru/2.0; +http://megaindex.com/crawler)" "www.saveaslave.com"
176.9.58.227 - - [04/Oct/2015:04:50:02 -0700] "GET /barbados.html HTTP/1.1" 200 5664 "-" "Mozilla/5.0 (compatible; MegaIndex.ru/2.0; +http://megaindex.com/crawler)" "www.saveaslave.com"
176.9.58.227 - - [04/Oct/2015:04:50:04 -0700] "GET /belarus.html HTTP/1.1" 200 5670 "-" "Mozilla/5.0 (compatible; MegaIndex.ru/2.0; +http://megaindex.com/crawler)" "www.saveaslave.com"
176.9.58.227 - - [04/Oct/2015:04:50:10 -0700] "GET /benin.html HTTP/1.1" 200 5639 "-" "Mozilla/5.0 (compatible; MegaIndex.ru/2.0; +http://megaindex.com/crawler)" "www.saveaslave.com"
176.9.58.227 - - [04/Oct/2015:04:50:12 -0700] "GET /bhutan.html HTTP/1.1" 200 5651 "-" "Mozilla/5.0 (compatible; MegaIndex.ru/2.0; +http://megaindex.com/crawler)" "www.saveaslave.com"
176.9.58.227 - - [04/Oct/2015:04:50:14 -0700] "GET /bolivia.html HTTP/1.1" 200 5606 "-" "Mozilla/5.0 (compatible; MegaIndex.ru/2.0; +http://megaindex.com/crawler)" "www.saveaslave.com"
176.9.58.227 - - [04/Oct/2015:04:50:15 -0700] "GET /bosnia-herzegovina.html HTTP/1.1" 200 5787 "-" "Mozilla/5.0 (compatible; MegaIndex.ru/2.0; +http://megaindex.com/crawler)" "www.saveaslave.com"
176.9.58.227 - - [04/Oct/2015:04:50:20 -0700] "GET /brazil.html HTTP/1.1" 200 5651 "-" "Mozilla/5.0 (compatible; MegaIndex.ru/2.0; +http://megaindex.com/crawler)" "www.saveaslave.com"
176.9.58.227 - - [04/Oct/2015:04:50:23 -0700] "GET /british-virgin-islands.html HTTP/1.1" 200 5845 "-" "Mozilla/5.0 (compatible; MegaIndex.ru/2.0; +http://megaindex.com/crawler)" "www.saveaslave.com"
176.9.58.227 - - [04/Oct/2015:04:50:32 -0700] "GET /burundi.html HTTP/1.1" 200 5657 "-" "Mozilla/5.0 (compatible; MegaIndex.ru/2.0; +http://megaindex.com/crawler)" "www.saveaslave.com"
176.9.58.227 - - [04/Oct/2015:04:50:36 -0700] "GET /cameroon.html HTTP/1.1" 200 5666 "-" "Mozilla/5.0 (compatible; MegaIndex.ru/2.0; +http://megaindex.com/crawler)" "www.saveaslave.com"
176.9.58.227 - - [04/Oct/2015:04:50:38 -0700] "GET /canada.html HTTP/1.1" 200 5648 "-" "Mozilla/5.0 (compatible; MegaIndex.ru/2.0; +http://megaindex.com/crawler)" "www.saveaslave.com"
176.9.58.227 - - [04/Oct/2015:04:50:42 -0700] "GET /central-african-republic.html HTTP/1.1" 200 5821 "-" "Mozilla/5.0 (compatible; MegaIndex.ru/2.0; +http://megaindex.com/crawler)" "www.saveaslave.com"
176.9.58.227 - - [04/Oct/2015:04:50:49 -0700] "GET /colombia.html HTTP/1.1" 200 5676 "-" "Mozilla/5.0 (compatible; MegaIndex.ru/2.0; +http://megaindex.com/crawler)" "www.saveaslave.com"
176.9.58.227 - - [04/Oct/2015:04:50:50 -0700] "GET /comoros.html HTTP/1.1" 200 5668 "-" "Mozilla/5.0 (compatible; MegaIndex.ru/2.0; +http://megaindex.com/crawler)" "www.saveaslave.com"
176.9.58.227 - - [04/Oct/2015:04:50:52 -0700] "GET /democratic-republic-of-congo.html HTTP/1.1" 200 5844 "-" "Mozilla/5.0 (compatible; MegaIndex.ru/2.0; +http://megaindex.com/crawler)" "www.saveaslave.com"
176.9.58.227 - - [04/Oct/2015:04:50:55 -0700] "GET /republic-of-congo.html HTTP/1.1" 200 5503 "-" "Mozilla/5.0 (compatible; MegaIndex.ru/2.0; +http://megaindex.com/crawler)" "www.saveaslave.com"
176.9.58.227 - - [04/Oct/2015:04:50:57 -0700] "GET /cote-d-ivoire.html HTTP/1.1" 200 5714 "-" "Mozilla/5.0 (compatible; MegaIndex.ru/2.0; +http://megaindex.com/crawler)" "www.saveaslave.com"
176.9.58.227 - - [04/Oct/2015:04:51:00 -0700] "GET /cuba.html HTTP/1.1" 200 5628 "-" "Mozilla/5.0 (compatible; MegaIndex.ru/2.0; +http://megaindex.com/crawler)" "www.saveaslave.com"
176.9.58.227 - - [04/Oct/2015:04:51:06 -0700] "GET /czech-republic.html HTTP/1.1" 200 5720 "-" "Mozilla/5.0 (compatible; MegaIndex.ru/2.0; +http://megaindex.com/crawler)" "www.saveaslave.com"
176.9.58.227 - - [04/Oct/2015:04:51:11 -0700] "GET /djibouti.html HTTP/1.1" 200 5666 "-" "Mozilla/5.0 (compatible; MegaIndex.ru/2.0; +http://megaindex.com/crawler)" "www.saveaslave.com"
176.9.58.227 - - [04/Oct/2015:04:51:15 -0700] "GET /dominican-republic.html HTTP/1.1" 200 5756 "-" "Mozilla/5.0 (compatible; MegaIndex.ru/2.0; +http://megaindex.com/crawler)" "www.saveaslave.com"
176.9.58.227 - - [04/Oct/2015:04:51:17 -0700] "GET /east-timor.html HTTP/1.1" 200 5696 "-" "Mozilla/5.0 (compatible; MegaIndex.ru/2.0; +http://megaindex.com/crawler)" "www.saveaslave.com"
176.9.58.227 - - [04/Oct/2015:04:51:22 -0700] "GET /egypt.html HTTP/1.1" 200 5666 "-" "Mozilla/5.0 (compatible; MegaIndex.ru/2.0; +http://megaindex.com/crawler)" "www.saveaslave.com"
176.9.58.227 - - [04/Oct/2015:04:51:29 -0700] "GET /eritrea.html HTTP/1.1" 200 5684 "-" "Mozilla/5.0 (compatible; MegaIndex.ru/2.0; +http://megaindex.com/crawler)" "www.saveaslave.com"
176.9.58.227 - - [04/Oct/2015:04:51:31 -0700] "GET /estonia.html HTTP/1.1" 200 5684 "-" "Mozilla/5.0 (compatible; MegaIndex.ru/2.0; +http://megaindex.com/crawler)" "www.saveaslave.com"
176.9.58.227 - - [04/Oct/2015:04:51:36 -0700] "GET /finland.html HTTP/1.1" 200 6902 "-" "Mozilla/5.0 (compatible; MegaIndex.ru/2.0; +http://megaindex.com/crawler)" "www.saveaslave.com"
176.9.58.227 - - [04/Oct/2015:04:51:38 -0700] "GET /france.html HTTP/1.1" 200 5675 "-" "Mozilla/5.0 (compatible; MegaIndex.ru/2.0; +http://megaindex.com/crawler)" "www.saveaslave.com"
176.9.58.227 - - [04/Oct/2015:04:51:40 -0700] "GET /french-polynesia.html HTTP/1.1" 200 5765 "-" "Mozilla/5.0 (compatible; MegaIndex.ru/2.0; +http://megaindex.com/crawler)" "www.saveaslave.com"
176.9.58.227 - - [04/Oct/2015:04:51:43 -0700] "GET /gambia.html HTTP/1.1" 200 5687 "-" "Mozilla/5.0 (compatible; MegaIndex.ru/2.0; +http://megaindex.com/crawler)" "www.saveaslave.com"
176.9.58.227 - - [04/Oct/2015:04:51:48 -0700] "GET /ghana.html HTTP/1.1" 200 5666 "-" "Mozilla/5.0 (compatible; MegaIndex.ru/2.0; +http://megaindex.com/crawler)" "www.saveaslave.com"
176.9.58.227 - - [04/Oct/2015:04:51:50 -0700] "GET /grenada.html HTTP/1.1" 200 5684 "-" "Mozilla/5.0 (compatible; MegaIndex.ru/2.0; +http://megaindex.com/crawler)" "www.saveaslave.com"
176.9.58.227 - - [04/Oct/2015:04:51:52 -0700] "GET /greenland.html HTTP/1.1" 200 5702 "-" "Mozilla/5.0 (compatible; MegaIndex.ru/2.0; +http://megaindex.com/crawler)" "www.saveaslave.com"
176.9.58.227 - - [04/Oct/2015:04:51:59 -0700] "GET /guinea-bissau.html HTTP/1.1" 200 5952 "-" "Mozilla/5.0 (compatible; MegaIndex.ru/2.0; +http://megaindex.com/crawler)" "www.saveaslave.com"
176.9.58.227 - - [04/Oct/2015:04:52:00 -0700] "GET /guyana.html HTTP/1.1" 200 5675 "-" "Mozilla/5.0 (compatible; MegaIndex.ru/2.0; +http://megaindex.com/crawler)" "www.saveaslave.com"
176.9.58.227 - - [04/Oct/2015:04:52:01 -0700] "GET /haiti.html HTTP/1.1" 200 6215 "-" "Mozilla/5.0 (compatible; MegaIndex.ru/2.0; +http://megaindex.com/crawler)" "www.saveaslave.com"
176.9.58.227 - - [04/Oct/2015:04:52:03 -0700] "GET /holy-see.html HTTP/1.1" 200 5693 "-" "Mozilla/5.0 (compatible; MegaIndex.ru/2.0; +http://megaindex.com/crawler)" "www.saveaslave.com"
176.9.58.227 - - [04/Oct/2015:04:52:09 -0700] "GET /hungary.html HTTP/1.1" 200 5684 "-" "Mozilla/5.0 (compatible; MegaIndex.ru/2.0; +http://megaindex.com/crawler)" "www.saveaslave.com"
176.9.58.227 - - [04/Oct/2015:04:52:11 -0700] "GET /iceland.html HTTP/1.1" 200 5684 "-" "Mozilla/5.0 (compatible; MegaIndex.ru/2.0; +http://megaindex.com/crawler)" "www.saveaslave.com"
176.9.58.227 - - [04/Oct/2015:04:52:13 -0700] "GET /india.html HTTP/1.1" 200 6040 "-" "Mozilla/5.0 (compatible; MegaIndex.ru/2.0; +http://megaindex.com/crawler)" "www.saveaslave.com"
176.9.58.227 - - [04/Oct/2015:04:52:21 -0700] "GET /israel.html HTTP/1.1" 200 5675 "-" "Mozilla/5.0 (compatible; MegaIndex.ru/2.0; +http://megaindex.com/crawler)" "www.saveaslave.com"
176.9.58.227 - - [04/Oct/2015:04:52:23 -0700] "GET /italy.html HTTP/1.1" 200 5666 "-" "Mozilla/5.0 (compatible; MegaIndex.ru/2.0; +http://megaindex.com/crawler)" "www.saveaslave.com"
176.9.58.227 - - [04/Oct/2015:04:52:27 -0700] "GET /jordan.html HTTP/1.1" 200 5675 "-" "Mozilla/5.0 (compatible; MegaIndex.ru/2.0; +http://megaindex.com/crawler)" "www.saveaslave.com"
176.9.58.227 - - [04/Oct/2015:04:52:29 -0700] "GET /kazakhstan.html HTTP/1.1" 200 5711 "-" "Mozilla/5.0 (compatible; MegaIndex.ru/2.0; +http://megaindex.com/crawler)" "www.saveaslave.com"
176.9.58.227 - - [04/Oct/2015:04:52:30 -0700] "GET /kenya.html HTTP/1.1" 200 5666 "-" "Mozilla/5.0 (compatible; MegaIndex.ru/2.0; +http://megaindex.com/crawler)" "www.saveaslave.com"
176.9.58.227 - - [04/Oct/2015:04:52:31 -0700] "GET /kiribati.html HTTP/1.1" 200 5693 "-" "Mozilla/5.0 (compatible; MegaIndex.ru/2.0; +http://megaindex.com/crawler)" "www.saveaslave.com"
176.9.58.227 - - [04/Oct/2015:04:52:35 -0700] "GET /kuwait.html HTTP/1.1" 200 5676 "-" "Mozilla/5.0 (compatible; MegaIndex.ru/2.0; +http://megaindex.com/crawler)" "www.saveaslave.com"
176.9.58.227 - - [04/Oct/2015:04:52:36 -0700] "GET /kyrgyzstan.html HTTP/1.1" 200 5711 "-" "Mozilla/5.0 (compatible; MegaIndex.ru/2.0; +http://megaindex.com/crawler)" "www.saveaslave.com"
176.9.58.227 - - [04/Oct/2015:04:52:40 -0700] "GET /latvia.html HTTP/1.1" 200 5674 "-" "Mozilla/5.0 (compatible; MegaIndex.ru/2.0; +http://megaindex.com/crawler)" "www.saveaslave.com"
176.9.58.227 - - [04/Oct/2015:04:52:44 -0700] "GET /lesotho.html HTTP/1.1" 200 5683 "-" "Mozilla/5.0 (compatible; MegaIndex.ru/2.0; +http://megaindex.com/crawler)" "www.saveaslave.com"
176.9.58.227 - - [04/Oct/2015:04:52:46 -0700] "GET /liberia.html HTTP/1.1" 200 5683 "-" "Mozilla/5.0 (compatible; MegaIndex.ru/2.0; +http://megaindex.com/crawler)" "www.saveaslave.com"
176.9.58.227 - - [04/Oct/2015:04:52:50 -0700] "GET /liechtenstein.html HTTP/1.1" 200 5737 "-" "Mozilla/5.0 (compatible; MegaIndex.ru/2.0; +http://megaindex.com/crawler)" "www.saveaslave.com"
176.9.58.227 - - [04/Oct/2015:04:52:52 -0700] "GET /lithuania.html HTTP/1.1" 200 5701 "-" "Mozilla/5.0 (compatible; MegaIndex.ru/2.0; +http://megaindex.com/crawler)" "www.saveaslave.com"
176.9.58.227 - - [04/Oct/2015:04:52:53 -0700] "GET /luxembourg.html HTTP/1.1" 200 5711 "-" "Mozilla/5.0 (compatible; MegaIndex.ru/2.0; +http://megaindex.com/crawler)" "www.saveaslave.com"
176.9.58.227 - - [04/Oct/2015:04:52:57 -0700] "GET /macedonia.html HTTP/1.1" 200 5701 "-" "Mozilla/5.0 (compatible; MegaIndex.ru/2.0; +http://megaindex.com/crawler)" "www.saveaslave.com"
176.9.58.227 - - [04/Oct/2015:04:53:05 -0700] "GET /mali.html HTTP/1.1" 200 5656 "-" "Mozilla/5.0 (compatible; MegaIndex.ru/2.0; +http://megaindex.com/crawler)" "www.saveaslave.com"
176.9.58.227 - - [04/Oct/2015:04:53:07 -0700] "GET /malta.html HTTP/1.1" 200 5665 "-" "Mozilla/5.0 (compatible; MegaIndex.ru/2.0; +http://megaindex.com/crawler)" "www.saveaslave.com"
176.9.58.227 - - [04/Oct/2015:04:53:10 -0700] "GET /mauritania.html HTTP/1.1" 200 5710 "-" "Mozilla/5.0 (compatible; MegaIndex.ru/2.0; +http://megaindex.com/crawler)" "www.saveaslave.com"
176.9.58.227 - - [04/Oct/2015:04:53:16 -0700] "GET /micronesia.html HTTP/1.1" 200 5710 "-" "Mozilla/5.0 (compatible; MegaIndex.ru/2.0; +http://megaindex.com/crawler)" "www.saveaslave.com"
176.9.58.227 - - [04/Oct/2015:04:53:23 -0700] "GET /montenegro.html HTTP/1.1" 200 5711 "-" "Mozilla/5.0 (compatible; MegaIndex.ru/2.0; +http://megaindex.com/crawler)" "www.saveaslave.com"
176.9.58.227 - - [04/Oct/2015:04:53:25 -0700] "GET /morocco.html HTTP/1.1" 200 5686 "-" "Mozilla/5.0 (compatible; MegaIndex.ru/2.0; +http://megaindex.com/crawler)" "www.saveaslave.com"
176.9.58.227 - - [04/Oct/2015:04:53:27 -0700] "GET /mozambique.html HTTP/1.1" 200 5710 "-" "Mozilla/5.0 (compatible; MegaIndex.ru/2.0; +http://megaindex.com/crawler)" "www.saveaslave.com"
176.9.58.227 - - [04/Oct/2015:04:53:29 -0700] "GET /namibia.html HTTP/1.1" 200 5683 "-" "Mozilla/5.0 (compatible; MegaIndex.ru/2.0; +http://megaindex.com/crawler)" "www.saveaslave.com"
176.9.58.227 - - [04/Oct/2015:04:53:31 -0700] "GET /nauru.html HTTP/1.1" 200 5665 "-" "Mozilla/5.0 (compatible; MegaIndex.ru/2.0; +http://megaindex.com/crawler)" "www.saveaslave.com"
176.9.58.227 - - [04/Oct/2015:04:53:33 -0700] "GET /navassa-island.html HTTP/1.1" 200 5746 "-" "Mozilla/5.0 (compatible; MegaIndex.ru/2.0; +http://megaindex.com/crawler)" "www.saveaslave.com"
176.9.58.227 - - [04/Oct/2015:04:53:35 -0700] "GET /nepal.html HTTP/1.1" 200 5852 "-" "Mozilla/5.0 (compatible; MegaIndex.ru/2.0; +http://megaindex.com/crawler)" "www.saveaslave.com"
176.9.58.227 - - [04/Oct/2015:04:53:37 -0700] "GET /netherlands.html HTTP/1.1" 200 5719 "-" "Mozilla/5.0 (compatible; MegaIndex.ru/2.0; +http://megaindex.com/crawler)" "www.saveaslave.com"
176.9.58.227 - - [04/Oct/2015:04:53:39 -0700] "GET /netherlands-antilles.html HTTP/1.1" 200 5800 "-" "Mozilla/5.0 (compatible; MegaIndex.ru/2.0; +http://megaindex.com/crawler)" "www.saveaslave.com"
176.9.58.227 - - [04/Oct/2015:04:53:41 -0700] "GET /new-caledonia.html HTTP/1.1" 200 5737 "-" "Mozilla/5.0 (compatible; MegaIndex.ru/2.0; +http://megaindex.com/crawler)" "www.saveaslave.com"
176.9.58.227 - - [04/Oct/2015:04:53:43 -0700] "GET /new-zealand.html HTTP/1.1" 200 5719 "-" "Mozilla/5.0 (compatible; MegaIndex.ru/2.0; +http://megaindex.com/crawler)" "www.saveaslave.com"
176.9.58.227 - - [04/Oct/2015:04:53:45 -0700] "GET /nicaragua.html HTTP/1.1" 200 5701 "-" "Mozilla/5.0 (compatible; MegaIndex.ru/2.0; +http://megaindex.com/crawler)" "www.saveaslave.com"
176.9.58.227 - - [04/Oct/2015:04:53:46 -0700] "GET /niger.html HTTP/1.1" 200 5665 "-" "Mozilla/5.0 (compatible; MegaIndex.ru/2.0; +http://megaindex.com/crawler)" "www.saveaslave.com"
176.9.58.227 - - [04/Oct/2015:04:53:51 -0700] "GET /niue.html HTTP/1.1" 200 5656 "-" "Mozilla/5.0 (compatible; MegaIndex.ru/2.0; +http://megaindex.com/crawler)" "www.saveaslave.com"
176.9.58.227 - - [04/Oct/2015:04:53:52 -0700] "GET /north-korea.html HTTP/1.1" 200 5719 "-" "Mozilla/5.0 (compatible; MegaIndex.ru/2.0; +http://megaindex.com/crawler)" "www.saveaslave.com"
176.9.58.227 - - [04/Oct/2015:04:53:54 -0700] "GET /norfolk-island.html HTTP/1.1" 200 5746 "-" "Mozilla/5.0 (compatible; MegaIndex.ru/2.0; +http://megaindex.com/crawler)" "www.saveaslave.com"
176.9.58.227 - - [04/Oct/2015:04:53:57 -0700] "GET /norway.html HTTP/1.1" 200 5674 "-" "Mozilla/5.0 (compatible; MegaIndex.ru/2.0; +http://megaindex.com/crawler)" "www.saveaslave.com"
176.9.58.227 - - [04/Oct/2015:04:53:59 -0700] "GET /oman.html HTTP/1.1" 200 5656 "-" "Mozilla/5.0 (compatible; MegaIndex.ru/2.0; +http://megaindex.com/crawler)" "www.saveaslave.com"
176.9.58.227 - - [04/Oct/2015:04:54:02 -0700] "GET /palau.html HTTP/1.1" 200 5665 "-" "Mozilla/5.0 (compatible; MegaIndex.ru/2.0; +http://megaindex.com/crawler)" "www.saveaslave.com"
176.9.58.227 - - [04/Oct/2015:04:54:05 -0700] "GET /palmyra-atoll.html HTTP/1.1" 200 5737 "-" "Mozilla/5.0 (compatible; MegaIndex.ru/2.0; +http://megaindex.com/crawler)" "www.saveaslave.com"
176.9.58.227 - - [04/Oct/2015:04:54:09 -0700] "GET /papua-new-guinea.html HTTP/1.1" 200 5764 "-" "Mozilla/5.0 (compatible; MegaIndex.ru/2.0; +http://megaindex.com/crawler)" "www.saveaslave.com"
176.9.58.227 - - [04/Oct/2015:04:54:17 -0700] "GET /portugal.html HTTP/1.1" 200 5692 "-" "Mozilla/5.0 (compatible; MegaIndex.ru/2.0; +http://megaindex.com/crawler)" "www.saveaslave.com"
176.9.58.227 - - [04/Oct/2015:04:54:24 -0700] "GET /rwanda.html HTTP/1.1" 200 5674 "-" "Mozilla/5.0 (compatible; MegaIndex.ru/2.0; +http://megaindex.com/crawler)" "www.saveaslave.com"
176.9.58.227 - - [04/Oct/2015:04:54:37 -0700] "GET /samoa.html HTTP/1.1" 200 5665 "-" "Mozilla/5.0 (compatible; MegaIndex.ru/2.0; +http://megaindex.com/crawler)" "www.saveaslave.com"
176.9.58.227 - - [04/Oct/2015:04:54:40 -0700] "GET /sao-tome-principe.html HTTP/1.1" 200 5789 "-" "Mozilla/5.0 (compatible; MegaIndex.ru/2.0; +http://megaindex.com/crawler)" "www.saveaslave.com"
176.9.58.227 - - [04/Oct/2015:04:54:41 -0700] "GET /saudi-arabia.html HTTP/1.1" 200 5728 "-" "Mozilla/5.0 (compatible; MegaIndex.ru/2.0; +http://megaindex.com/crawler)" "www.saveaslave.com"
176.9.58.227 - - [04/Oct/2015:04:54:43 -0700] "GET /senegal.html HTTP/1.1" 200 5683 "-" "Mozilla/5.0 (compatible; MegaIndex.ru/2.0; +http://megaindex.com/crawler)" "www.saveaslave.com"
176.9.58.227 - - [04/Oct/2015:04:54:45 -0700] "GET /serbia.html HTTP/1.1" 200 5674 "-" "Mozilla/5.0 (compatible; MegaIndex.ru/2.0; +http://megaindex.com/crawler)" "www.saveaslave.com"
176.9.58.227 - - [04/Oct/2015:04:54:49 -0700] "GET /sierra-leone.html HTTP/1.1" 200 5728 "-" "Mozilla/5.0 (compatible; MegaIndex.ru/2.0; +http://megaindex.com/crawler)" "www.saveaslave.com"
176.9.58.227 - - [04/Oct/2015:04:54:51 -0700] "GET /singapore.html HTTP/1.1" 200 5701 "-" "Mozilla/5.0 (compatible; MegaIndex.ru/2.0; +http://megaindex.com/crawler)" "www.saveaslave.com"
176.9.58.227 - - [04/Oct/2015:04:54:54 -0700] "GET /sint-maarten.html HTTP/1.1" 200 5728 "-" "Mozilla/5.0 (compatible; MegaIndex.ru/2.0; +http://megaindex.com/crawler)" "www.saveaslave.com"
176.9.58.227 - - [04/Oct/2015:04:54:58 -0700] "GET /slovenia.html HTTP/1.1" 200 5692 "-" "Mozilla/5.0 (compatible; MegaIndex.ru/2.0; +http://megaindex.com/crawler)" "www.saveaslave.com"
176.9.58.227 - - [04/Oct/2015:04:54:59 -0700] "GET /solomon-islands.html HTTP/1.1" 200 5755 "-" "Mozilla/5.0 (compatible; MegaIndex.ru/2.0; +http://megaindex.com/crawler)" "www.saveaslave.com"
176.9.58.227 - - [04/Oct/2015:04:55:07 -0700] "GET /south-sudan.html HTTP/1.1" 200 5719 "-" "Mozilla/5.0 (compatible; MegaIndex.ru/2.0; +http://megaindex.com/crawler)" "www.saveaslave.com"
176.9.58.227 - - [04/Oct/2015:04:55:18 -0700] "GET /swaziland.html HTTP/1.1" 200 5704 "-" "Mozilla/5.0 (compatible; MegaIndex.ru/2.0; +http://megaindex.com/crawler)" "www.saveaslave.com"
176.9.58.227 - - [04/Oct/2015:04:55:19 -0700] "GET /sweden.html HTTP/1.1" 200 5677 "-" "Mozilla/5.0 (compatible; MegaIndex.ru/2.0; +http://megaindex.com/crawler)" "www.saveaslave.com"
176.9.58.227 - - [04/Oct/2015:04:55:21 -0700] "GET /switzerland.html HTTP/1.1" 200 5722 "-" "Mozilla/5.0 (compatible; MegaIndex.ru/2.0; +http://megaindex.com/crawler)" "www.saveaslave.com"
207.46.13.160 - - [04/Oct/2015:04:55:29 -0700] "GET /lebanon HTTP/1.1" 200 5683 "-" "msnbot-media/1.1 (+http://search.msn.com/msnbot.htm)" "www.saveaslave.com"
176.9.58.227 - - [04/Oct/2015:04:55:30 -0700] "GET /tanzania.html HTTP/1.1" 200 5695 "-" "Mozilla/5.0 (compatible; MegaIndex.ru/2.0; +http://megaindex.com/crawler)" "www.saveaslave.com"
176.9.58.227 - - [04/Oct/2015:04:55:32 -0700] "GET /thailand.html HTTP/1.1" 200 5695 "-" "Mozilla/5.0 (compatible; MegaIndex.ru/2.0; +http://megaindex.com/crawler)" "www.saveaslave.com"
176.9.58.227 - - [04/Oct/2015:04:55:35 -0700] "GET /tonga.html HTTP/1.1" 200 5668 "-" "Mozilla/5.0 (compatible; MegaIndex.ru/2.0; +http://megaindex.com/crawler)" "www.saveaslave.com"
176.9.58.227 - - [04/Oct/2015:04:55:38 -0700] "GET /tunisia.html HTTP/1.1" 200 5686 "-" "Mozilla/5.0 (compatible; MegaIndex.ru/2.0; +http://megaindex.com/crawler)" "www.saveaslave.com"
176.9.58.227 - - [04/Oct/2015:04:55:40 -0700] "GET /turkey.html HTTP/1.1" 200 5677 "-" "Mozilla/5.0 (compatible; MegaIndex.ru/2.0; +http://megaindex.com/crawler)" "www.saveaslave.com"
176.9.58.227 - - [04/Oct/2015:04:55:42 -0700] "GET /turkmenistan.html HTTP/1.1" 200 5731 "-" "Mozilla/5.0 (compatible; MegaIndex.ru/2.0; +http://megaindex.com/crawler)" "www.saveaslave.com"
176.9.58.227 - - [04/Oct/2015:04:55:43 -0700] "GET /turks-caicos-islands.html HTTP/1.1" 200 5819 "-" "Mozilla/5.0 (compatible; MegaIndex.ru/2.0; +http://megaindex.com/crawler)" "www.saveaslave.com"
176.9.58.227 - - [04/Oct/2015:04:55:46 -0700] "GET /tuvalu.html HTTP/1.1" 200 5677 "-" "Mozilla/5.0 (compatible; MegaIndex.ru/2.0; +http://megaindex.com/crawler)" "www.saveaslave.com"
176.9.58.227 - - [04/Oct/2015:04:55:50 -0700] "GET /ukraine.html HTTP/1.1" 200 5686 "-" "Mozilla/5.0 (compatible; MegaIndex.ru/2.0; +http://megaindex.com/crawler)" "www.saveaslave.com"
176.9.58.227 - - [04/Oct/2015:04:55:53 -0700] "GET /united-arab-emirates.html HTTP/1.1" 200 5769 "-" "Mozilla/5.0 (compatible; MegaIndex.ru/2.0; +http://megaindex.com/crawler)" "www.saveaslave.com"
176.9.58.227 - - [04/Oct/2015:04:55:54 -0700] "GET /united-kingdom.html HTTP/1.1" 200 5747 "-" "Mozilla/5.0 (compatible; MegaIndex.ru/2.0; +http://megaindex.com/crawler)" "www.saveaslave.com"
176.9.58.227 - - [04/Oct/2015:04:55:57 -0700] "GET /us-virgin-islands.html HTTP/1.1" 200 5799 "-" "Mozilla/5.0 (compatible; MegaIndex.ru/2.0; +http://megaindex.com/crawler)" "www.saveaslave.com"
176.9.58.227 - - [04/Oct/2015:04:55:58 -0700] "GET /united-states.html HTTP/1.1" 200 6008 "-" "Mozilla/5.0 (compatible; MegaIndex.ru/2.0; +http://megaindex.com/crawler)" "www.saveaslave.com"
176.9.58.227 - - [04/Oct/2015:04:56:01 -0700] "GET /uruguay.html HTTP/1.1" 200 5686 "-" "Mozilla/5.0 (compatible; MegaIndex.ru/2.0; +http://megaindex.com/crawler)" "www.saveaslave.com"
157.55.39.143 - - [04/Oct/2015:04:56:01 -0700] "GET /ireland.html HTTP/1.1" 200 5684 "-" "msnbot-media/1.1 (+http://search.msn.com/msnbot.htm)" "www.saveaslave.com"
176.9.58.227 - - [04/Oct/2015:04:56:03 -0700] "GET /uzbekistan.html HTTP/1.1" 200 5713 "-" "Mozilla/5.0 (compatible; MegaIndex.ru/2.0; +http://megaindex.com/crawler)" "www.saveaslave.com"
176.9.58.227 - - [04/Oct/2015:04:56:10 -0700] "GET /wake-island.html HTTP/1.1" 200 5722 "-" "Mozilla/5.0 (compatible; MegaIndex.ru/2.0; +http://megaindex.com/crawler)" "www.saveaslave.com"
176.9.58.227 - - [04/Oct/2015:04:56:11 -0700] "GET /wallis-and-futuna.html HTTP/1.1" 200 5756 "-" "Mozilla/5.0 (compatible; MegaIndex.ru/2.0; +http://megaindex.com/crawler)" "www.saveaslave.com"
176.9.58.227 - - [04/Oct/2015:04:56:18 -0700] "GET /western-sahara.html HTTP/1.1" 200 5749 "-" "Mozilla/5.0 (compatible; MegaIndex.ru/2.0; +http://megaindex.com/crawler)" "www.saveaslave.com"
176.9.58.227 - - [04/Oct/2015:04:56:22 -0700] "GET /zambia.html HTTP/1.1" 200 5677 "-" "Mozilla/5.0 (compatible; MegaIndex.ru/2.0; +http://megaindex.com/crawler)" "www.saveaslave.com"
176.9.58.227 - - [04/Oct/2015:04:56:29 -0700] "GET /www.unicef.org HTTP/1.1" 404 89 "-" "Mozilla/5.0 (compatible; MegaIndex.ru/2.0; +http://megaindex.com/crawler)" "www.saveaslave.com"
176.9.58.227 - - [04/Oct/2015:04:56:31 -0700] "GET /disclaimer.html HTTP/1.1" 200 4134 "-" "Mozilla/5.0 (compatible; MegaIndex.ru/2.0; +http://megaindex.com/crawler)" "www.saveaslave.com"
23.23.242.178 - - [04/Oct/2015:05:04:18 -0700] "GET /ecuador.html HTTP/1.1" 200 5684 "-" "Mozilla/5.0 (Windows; U; Windows NT 5.1; en-US; rv:1.9.2.8) Gecko/20100722 Firefox/3.6.8" "saveaslave.com"
188.165.15.201 - - [04/Oct/2015:05:17:04 -0700] "GET /jamaica.html HTTP/1.1" 200 5684 "-" "Mozilla/5.0 (compatible; AhrefsBot/5.0; +http://ahrefs.com/robot/)" "saveaslave.com"
157.55.39.143 - - [04/Oct/2015:05:18:32 -0700] "GET /united-kingdom.html HTTP/1.1" 200 5747 "-" "msnbot-media/1.1 (+http://search.msn.com/msnbot.htm)" "www.saveaslave.com"
157.55.39.143 - - [04/Oct/2015:05:18:32 -0700] "GET /san-marino.html HTTP/1.1" 200 5710 "-" "msnbot-media/1.1 (+http://search.msn.com/msnbot.htm)" "www.saveaslave.com"
157.55.39.143 - - [04/Oct/2015:05:18:32 -0700] "GET /sao-tome-principe.html HTTP/1.1" 200 5789 "-" "msnbot-media/1.1 (+http://search.msn.com/msnbot.htm)" "www.saveaslave.com"
157.55.39.142 - - [04/Oct/2015:05:25:30 -0700] "GET /robots.txt HTTP/1.1" 404 89 "-" "Mozilla/5.0 (compatible; bingbot/2.0; +http://www.bing.com/bingbot.htm)" "saveaslave.com"
157.55.39.113 - - [04/Oct/2015:05:28:31 -0700] "GET /robots.txt HTTP/1.1" 404 89 "-" "Mozilla/5.0 (compatible; bingbot/2.0; +http://www.bing.com/bingbot.htm)" "saveaslave.com"
157.55.39.113 - - [04/Oct/2015:05:48:58 -0700] "GET /images/countrymap/north-korea-flag.gif HTTP/1.1" 200 13880 "-" "Mozilla/5.0 (compatible; bingbot/2.0; +http://www.bing.com/bingbot.htm)" "www.saveaslave.com"
157.55.39.113 - - [04/Oct/2015:05:48:59 -0700] "GET /haiti.html HTTP/1.1" 200 6215 "-" "msnbot-media/1.1 (+http://search.msn.com/msnbot.htm)" "www.saveaslave.com"
157.55.39.113 - - [04/Oct/2015:05:51:16 -0700] "GET /images/countrymap/eritrea.gif HTTP/1.1" 200 22947 "-" "Mozilla/5.0 (compatible; bingbot/2.0; +http://www.bing.com/bingbot.htm)" "www.saveaslave.com"
46.4.94.226 - - [04/Oct/2015:05:55:53 -0700] "GET /robots.txt HTTP/1.1" 404 89 "-" "Riddler (http://riddler.io/about)" "www.saveaslave.com"
46.4.94.226 - - [04/Oct/2015:05:55:53 -0700] "GET /trinidad-tobago.html HTTP/1.1" 200 5774 "-" "Riddler (http://riddler.io/about)" "www.saveaslave.com"
65.36.241.48 - - [04/Oct/2015:05:57:52 -0700] "HEAD / HTTP/1.1" 200 0 "-" "InternetSeer.com" "www.saveaslave.com"
62.210.247.93 - - [04/Oct/2015:06:01:14 -0700] "GET /robots.txt HTTP/1.1" 404 89 "-" "Riddler (http://riddler.io/about)" "www.saveaslave.com"
62.210.247.93 - - [04/Oct/2015:06:01:14 -0700] "GET /west-bank.html HTTP/1.1" 200 5947 "-" "Riddler (http://riddler.io/about)" "www.saveaslave.com"
157.55.39.143 - - [04/Oct/2015:06:05:33 -0700] "GET /images/countrymap/mauritius.gif HTTP/1.1" 200 10516 "-" "Mozilla/5.0 (compatible; bingbot/2.0; +http://www.bing.com/bingbot.htm)" "saveaslave.com"
157.55.39.143 - - [04/Oct/2015:06:05:33 -0700] "GET /images/countrymap/azerbaijan.jpg HTTP/1.1" 200 45011 "-" "Mozilla/5.0 (compatible; bingbot/2.0; +http://www.bing.com/bingbot.htm)" "saveaslave.com"
68.180.228.181 - - [04/Oct/2015:06:15:54 -0700] "GET /robots.txt HTTP/1.1" 404 89 "-" "Mozilla/5.0 (compatible; Yahoo! Slurp; http://help.yahoo.com/help/us/ysearch/slurp)" "www.saveaslave.com"
61.135.189.175 - - [04/Oct/2015:06:16:30 -0700] "GET /site/?feed=rss2&cat=190 HTTP/1.1" 404 89 "-" "Sogou web spider/4.0(+http://www.sogou.com/docs/help/webmasters.htm#07)" "saveaslave.com"
61.135.189.175 - - [04/Oct/2015:06:16:54 -0700] "GET /site/wp-includes/wlwmanifest.xml HTTP/1.1" 404 89 "-" "Sogou web spider/4.0(+http://www.sogou.com/docs/help/webmasters.htm#07)" "saveaslave.com"
23.23.242.178 - - [04/Oct/2015:06:20:11 -0700] "GET /andorra.html HTTP/1.1" 200 5625 "-" "Mozilla/5.0 (Windows; U; Windows NT 5.1; en-US; rv:1.9.2.8) Gecko/20100722 Firefox/3.6.8" "saveaslave.com"
157.55.39.101 - - [04/Oct/2015:06:21:10 -0700] "GET /bulgaria.html HTTP/1.1" 200 5666 "-" "Mozilla/5.0 (compatible; bingbot/2.0; +http://www.bing.com/bingbot.htm)" "www.saveaslave.com"
157.55.39.101 - - [04/Oct/2015:06:21:10 -0700] "GET /wake_island HTTP/1.1" 404 89 "-" "msnbot-media/1.1 (+http://search.msn.com/msnbot.htm)" "www.saveaslave.com"
157.55.39.101 - - [04/Oct/2015:06:21:10 -0700] "GET /saint-vincent-grenadines.html HTTP/1.1" 200 5868 "-" "msnbot-media/1.1 (+http://search.msn.com/msnbot.htm)" "www.saveaslave.com"
157.55.39.113 - - [04/Oct/2015:06:24:34 -0700] "GET /images/countrymap/liechtenstein.gif HTTP/1.1" 200 9045 "-" "Mozilla/5.0 (compatible; bingbot/2.0; +http://www.bing.com/bingbot.htm)" "saveaslave.com"
54.243.48.119 - - [04/Oct/2015:06:49:12 -0700] "GET /syria.html HTTP/1.1" 200 5668 "-" "Mozilla/5.0 (Windows; U; Windows NT 5.1; en-US; rv:1.9.2.8) Gecko/20100722 Firefox/3.6.8" "www.saveaslave.com"
66.102.6.160 - - [04/Oct/2015:06:49:13 -0700] "GET /images/sas_button.gif HTTP/1.1" 200 2628 "http://dudamobile.saveaslave.com/?url=http://www.saveaslave.com/syria.html" "Mozilla/5.0 (Linux; Android 4.2.1; en-us; Nexus 5 Build/JOP40D) AppleWebKit/535.19 (KHTML, like Gecko; googleweblight) Chrome/38.0.1025.166 Mobile Safari/535.19" "www.saveaslave.com"
66.102.6.156 - - [04/Oct/2015:06:49:13 -0700] "GET /images/header.png HTTP/1.1" 200 104524 "http://dudamobile.saveaslave.com/?url=http://www.saveaslave.com/syria.html" "Mozilla/5.0 (Linux; Android 4.2.1; en-us; Nexus 5 Build/JOP40D) AppleWebKit/535.19 (KHTML, like Gecko; googleweblight) Chrome/38.0.1025.166 Mobile Safari/535.19" "www.saveaslave.com"
64.233.172.199 - - [04/Oct/2015:06:49:13 -0700] "GET /images/countrymap/syria.jpg HTTP/1.1" 200 41618 "http://dudamobile.saveaslave.com/?url=http://www.saveaslave.com/syria.html" "Mozilla/5.0 (Linux; Android 4.2.1; en-us; Nexus 5 Build/JOP40D) AppleWebKit/535.19 (KHTML, like Gecko; googleweblight) Chrome/38.0.1025.166 Mobile Safari/535.19" "www.saveaslave.com"
64.233.172.207 - - [04/Oct/2015:06:49:13 -0700] "GET /images/countrymap/syria-flag.jpg HTTP/1.1" 200 1769 "http://dudamobile.saveaslave.com/?url=http://www.saveaslave.com/syria.html" "Mozilla/5.0 (Linux; Android 4.2.1; en-us; Nexus 5 Build/JOP40D) AppleWebKit/535.19 (KHTML, like Gecko; googleweblight) Chrome/38.0.1025.166 Mobile Safari/535.19" "www.saveaslave.com"
187.38.17.110 - - [04/Oct/2015:06:50:21 -0700] "GET / HTTP/1.1" 200 46654 "http://success-seo.com/try.php?u=http://saveaslave.com" "Mozilla/5.0 (Windows NT 6.1; WOW64) AppleWebKit/537.36 (KHTML, like Gecko) Chrome/36.0.1985.143 Safari/537.36" "saveaslave.com"
187.38.17.110 - - [04/Oct/2015:06:50:22 -0700] "GET /images/sas_button.gif HTTP/1.1" 200 2628 "http://saveaslave.com/" "Mozilla/5.0 (Windows NT 6.1; WOW64) AppleWebKit/537.36 (KHTML, like Gecko) Chrome/36.0.1985.143 Safari/537.36" "saveaslave.com"
187.38.17.110 - - [04/Oct/2015:06:50:22 -0700] "GET /images/header.png HTTP/1.1" 200 104524 "http://saveaslave.com/" "Mozilla/5.0 (Windows NT 6.1; WOW64) AppleWebKit/537.36 (KHTML, like Gecko) Chrome/36.0.1985.143 Safari/537.36" "saveaslave.com"
187.38.17.110 - - [04/Oct/2015:06:50:23 -0700] "GET /listlink.php?page=index.html HTTP/1.1" 200 10417 "http://saveaslave.com/" "Mozilla/5.0 (Windows NT 6.1; WOW64) AppleWebKit/537.36 (KHTML, like Gecko) Chrome/36.0.1985.143 Safari/537.36" "www.saveaslave.com"
187.38.17.110 - - [04/Oct/2015:06:50:24 -0700] "GET /addlink.php?page=index.html HTTP/1.1" 200 16511 "http://saveaslave.com/" "Mozilla/5.0 (Windows NT 6.1; WOW64) AppleWebKit/537.36 (KHTML, like Gecko) Chrome/36.0.1985.143 Safari/537.36" "www.saveaslave.com"
86.161.79.35 - - [04/Oct/2015:07:05:18 -0700] "GET /images/countrymap/solomon-islands.gif HTTP/1.1" 200 122217 "https://www.google.co.uk/" "Mozilla/5.0 (iPhone; CPU iPhone OS 9_0_2 like Mac OS X) AppleWebKit/601.1.46 (KHTML, like Gecko) Version/9.0 Mobile/13A452 Safari/601.1" "www.saveaslave.com"
65.36.241.48 - - [04/Oct/2015:07:19:42 -0700] "HEAD / HTTP/1.1" 200 0 "-" "InternetSeer.com" "www.saveaslave.com"
157.55.39.143 - - [04/Oct/2015:07:20:55 -0700] "GET /italy HTTP/1.1" 200 5666 "-" "Mozilla/5.0 (compatible; bingbot/2.0; +http://www.bing.com/bingbot.htm)" "www.saveaslave.com"
181.31.218.170 - - [04/Oct/2015:07:22:48 -0700] "GET /images/countrymap/solomon-islands.gif HTTP/1.1" 200 122217 "https://www.google.com.ar/" "Mozilla/5.0 (iPhone; CPU iPhone OS 9_0_2 like Mac OS X) AppleWebKit/600.1.4 (KHTML, like Gecko) CriOS/45.0.2454.89 Mobile/13A452 Safari/600.1.4" "www.saveaslave.com"
85.199.25.76 - - [04/Oct/2015:07:27:39 -0700] "GET /images/countrymap/solomon-islands.gif HTTP/1.1" 200 122217 "https://www.google.at/" "Mozilla/5.0 (Macintosh; Intel Mac OS X 10_10_5) AppleWebKit/600.8.9 (KHTML, like Gecko) Version/8.0.8 Safari/600.8.9" "www.saveaslave.com"
157.55.39.142 - - [04/Oct/2015:07:29:15 -0700] "GET /robots.txt HTTP/1.1" 404 89 "-" "Mozilla/5.0 (compatible; bingbot/2.0; +http://www.bing.com/bingbot.htm)" "saveaslave.com"
207.46.13.160 - - [04/Oct/2015:07:32:27 -0700] "GET /robots.txt HTTP/1.1" 404 89 "-" "Mozilla/5.0 (compatible; bingbot/2.0; +http://www.bing.com/bingbot.htm)" "www.saveaslave.com"
157.55.39.113 - - [04/Oct/2015:07:45:02 -0700] "GET /articles/slavetrafficking.html HTTP/1.1" 404 89 "-" "Mozilla/5.0 (compatible; bingbot/2.0; +http://www.bing.com/bingbot.htm)" "www.saveaslave.com"
66.249.75.57 - - [04/Oct/2015:07:48:38 -0700] "GET /images/countrymap/niger.gif HTTP/1.1" 200 18780 "-" "Googlebot-Image/1.0" "www.saveaslave.com"
66.249.75.49 - - [04/Oct/2015:07:48:44 -0700] "GET /images/countrymap/niger-flag.gif HTTP/1.1" 200 8404 "-" "Googlebot-Image/1.0" "www.saveaslave.com"
66.249.75.41 - - [04/Oct/2015:07:49:29 -0700] "GET /images/countrymap/andorra.jpg HTTP/1.1" 200 17701 "-" "Googlebot-Image/1.0" "www.saveaslave.com"
207.46.13.160 - - [04/Oct/2015:07:50:00 -0700] "GET /cuba HTTP/1.1" 200 5628 "-" "msnbot-media/1.1 (+http://search.msn.com/msnbot.htm)" "www.saveaslave.com"
66.249.75.49 - - [04/Oct/2015:07:50:37 -0700] "GET /images/countrymap/liechtenstein.gif HTTP/1.1" 200 9045 "-" "Googlebot-Image/1.0" "www.saveaslave.com"
66.249.75.41 - - [04/Oct/2015:07:50:37 -0700] "GET /images/countrymap/liechtenstein-flag.gif HTTP/1.1" 200 3885 "-" "Googlebot-Image/1.0" "www.saveaslave.com"
66.249.69.81 - - [04/Oct/2015:07:55:27 -0700] "GET /images/countrymap/georgia.gif HTTP/1.1" 200 24222 "-" "Googlebot-Image/1.0" "www.saveaslave.com"
66.249.69.74 - - [04/Oct/2015:08:06:07 -0700] "GET /images/countrymap/belgium-flag.jpg HTTP/1.1" 200 2546 "-" "Googlebot-Image/1.0" "www.saveaslave.com"
66.249.69.74 - - [04/Oct/2015:08:06:08 -0700] "GET /images/countrymap/belgium.gif HTTP/1.1" 200 15158 "-" "Googlebot-Image/1.0" "www.saveaslave.com"
207.46.13.160 - - [04/Oct/2015:08:14:16 -0700] "GET /robots.txt HTTP/1.1" 404 89 "-" "Mozilla/5.0 (compatible; bingbot/2.0; +http://www.bing.com/bingbot.htm)" "www.saveaslave.com"
180.76.15.14 - - [04/Oct/2015:08:44:07 -0700] "GET /index.php HTTP/1.1" 200 46654 "-" "Mozilla/5.0 (compatible; Baiduspider/2.0; +http://www.baidu.com/search/spider.html)" "www.saveaslave.com"
94.191.188.172 - - [04/Oct/2015:08:46:55 -0700] "GET /images/countrymap/solomon-islands.gif HTTP/1.1" 200 122217 "https://www.google.dk/" "Mozilla/5.0 (iPhone; CPU iPhone OS 8_4_1 like Mac OS X) AppleWebKit/600.1.4 (KHTML, like Gecko) Version/8.0 Mobile/12H321 Safari/600.1.4" "www.saveaslave.com"
65.36.241.48 - - [04/Oct/2015:09:05:30 -0700] "HEAD /?tpl=references&Itemid=3 HTTP/1.1" 200 0 "-" "InternetSeer.com" "www.saveaslave.com"
66.249.69.65 - - [04/Oct/2015:09:19:04 -0700] "GET /favicon.ico HTTP/1.1" 404 89 "-" "Googlebot-Image/1.0" "www.saveaslave.com"
184.151.222.80 - - [04/Oct/2015:09:25:24 -0700] "GET /images/countrymap/solomon-islands.gif HTTP/1.1" 200 122217 "-" "Mozilla/5.0 (Linux; Android 4.4.2; SGH-I257M Build/KOT49H) AppleWebKit/537.36 (KHTML, like Gecko) Version/4.0 Chrome/30.0.0.0 Mobile Safari/537.36 GSA/5.3.23.19.arm" "www.saveaslave.com"
220.255.1.131 - - [04/Oct/2015:09:30:13 -0700] "GET /images/countrymap/solomon-islands.gif HTTP/1.1" 200 122217 "https://www.google.com.sg/" "Mozilla/5.0 (Linux; Android 5.0; SM-N9005 Build/LRX21V) AppleWebKit/537.36 (KHTML, like Gecko) Chrome/45.0.2454.94 Mobile Safari/537.36" "www.saveaslave.com"
37.193.138.69 - - [04/Oct/2015:09:31:52 -0700] "POST /site/wp-login.php HTTP/1.1" 404 89 "http://saveaslave.com/site/wp-login.php" "Opera/9.80 (Windows NT 6.1; U; ru) Presto/2.8.131 Version/11.10" "saveaslave.com"
46.4.94.226 - - [04/Oct/2015:09:41:04 -0700] "GET /robots.txt HTTP/1.1" 404 89 "-" "Riddler (http://riddler.io/about)" "www.saveaslave.com"
46.4.94.226 - - [04/Oct/2015:09:41:04 -0700] "GET /saint-kitts-nevis.html HTTP/1.1" 200 5789 "-" "Riddler (http://riddler.io/about)" "www.saveaslave.com"
46.4.94.226 - - [04/Oct/2015:09:44:18 -0700] "GET /antigua-and-barbuda.html HTTP/1.1" 200 5694 "-" "Riddler (http://riddler.io/about)" "www.saveaslave.com"
188.165.15.201 - - [04/Oct/2015:09:53:06 -0700] "GET /angola.html HTTP/1.1" 200 5617 "-" "Mozilla/5.0 (compatible; AhrefsBot/5.0; +http://ahrefs.com/robot/)" "www.saveaslave.com"
5.178.68.236 - - [04/Oct/2015:09:54:08 -0700] "GET /administrator/ HTTP/1.1" 404 89 "http://saveaslave.com/administrator/" "Mozilla/5.0 (Windows NT 6.1; WOW64) AppleWebKit/537.36 (KHTML, like Gecko) Chrome/31.0.1650.57 Safari/537.36" "saveaslave.com"
65.36.241.48 - - [04/Oct/2015:09:56:03 -0700] "HEAD / HTTP/1.1" 200 0 "-" "InternetSeer.com" "www.saveaslave.com"
157.55.39.143 - - [04/Oct/2015:09:57:28 -0700] "GET /australia HTTP/1.1" 200 5637 "-" "Mozilla/5.0 (compatible; bingbot/2.0; +http://www.bing.com/bingbot.htm)" "www.saveaslave.com"
157.55.39.143 - - [04/Oct/2015:09:57:30 -0700] "GET /australia.html HTTP/1.1" 200 5637 "-" "Mozilla/5.0 (compatible; bingbot/2.0; +http://www.bing.com/bingbot.htm)" "www.saveaslave.com"
157.55.39.143 - - [04/Oct/2015:09:57:30 -0700] "GET /botswana HTTP/1.1" 200 5669 "-" "Mozilla/5.0 (compatible; bingbot/2.0; +http://www.bing.com/bingbot.htm)" "www.saveaslave.com"
157.55.39.143 - - [04/Oct/2015:09:57:32 -0700] "GET /Missionarys.html HTTP/1.1" 404 89 "-" "Mozilla/5.0 (compatible; bingbot/2.0; +http://www.bing.com/bingbot.htm)" "www.saveaslave.com"
157.55.39.143 - - [04/Oct/2015:09:57:32 -0700] "GET /argentina.html HTTP/1.1" 200 5636 "-" "Mozilla/5.0 (compatible; bingbot/2.0; +http://www.bing.com/bingbot.htm)" "www.saveaslave.com"
157.55.39.113 - - [04/Oct/2015:09:57:41 -0700] "GET /azkaban.html HTTP/1.1" 200 12664 "-" "Mozilla/5.0 (compatible; bingbot/2.0; +http://www.bing.com/bingbot.htm)" "www.saveaslave.com"
157.55.39.113 - - [04/Oct/2015:09:57:42 -0700] "GET /benin HTTP/1.1" 200 5639 "-" "Mozilla/5.0 (compatible; bingbot/2.0; +http://www.bing.com/bingbot.htm)" "www.saveaslave.com"
157.55.39.113 - - [04/Oct/2015:09:57:42 -0700] "GET /andorra HTTP/1.1" 200 5625 "-" "Mozilla/5.0 (compatible; bingbot/2.0; +http://www.bing.com/bingbot.htm)" "www.saveaslave.com"
157.55.39.113 - - [04/Oct/2015:09:57:42 -0700] "GET /aruba HTTP/1.1" 200 14875 "-" "Mozilla/5.0 (compatible; bingbot/2.0; +http://www.bing.com/bingbot.htm)" "www.saveaslave.com"
157.55.39.113 - - [04/Oct/2015:09:57:42 -0700] "GET /aruba.html HTTP/1.1" 200 14875 "-" "Mozilla/5.0 (compatible; bingbot/2.0; +http://www.bing.com/bingbot.htm)" "www.saveaslave.com"
157.55.39.113 - - [04/Oct/2015:09:57:42 -0700] "GET /barbados HTTP/1.1" 200 5664 "-" "Mozilla/5.0 (compatible; bingbot/2.0; +http://www.bing.com/bingbot.htm)" "www.saveaslave.com"
220.181.108.144 - - [04/Oct/2015:09:58:05 -0700] "GET /country.php?name=Haiti&lang=en HTTP/1.1" 200 13340 "-" "Mozilla/5.0 (compatible; Baiduspider/2.0; +http://www.baidu.com/search/spider.html)" "www.saveaslave.com"
157.55.39.101 - - [04/Oct/2015:10:01:52 -0700] "GET /resources.html HTTP/1.1" 200 14780 "-" "msnbot-media/1.1 (+http://search.msn.com/msnbot.htm)" "www.saveaslave.com"
157.55.39.101 - - [04/Oct/2015:10:01:53 -0700] "GET /libya.html HTTP/1.1" 200 5665 "-" "msnbot-media/1.1 (+http://search.msn.com/msnbot.htm)" "www.saveaslave.com"
23.23.242.178 - - [04/Oct/2015:10:07:26 -0700] "GET /belarus.html HTTP/1.1" 200 5670 "-" "Mozilla/5.0 (Windows; U; Windows NT 5.1; en-US; rv:1.9.2.8) Gecko/20100722 Firefox/3.6.8" "saveaslave.com"
66.249.69.5 - - [04/Oct/2015:10:25:23 -0700] "GET /images/banner.jpg HTTP/1.1" 404 89 "-" "Googlebot-Image/1.0" "saveaslave.com"
188.165.15.201 - - [04/Oct/2015:10:26:32 -0700] "GET /webring.html HTTP/1.1" 404 89 "-" "Mozilla/5.0 (compatible; AhrefsBot/5.0; +http://ahrefs.com/robot/)" "www.saveaslave.com"
