71.246.209.49 - - [03/Oct/2015:10:55:00 -0700] "GET /images/sas_button.gif HTTP/1.1" 200 2628 "http://saveaslave.com/" "Mozilla/5.0 (Macintosh; Intel Mac OS X 10_10_5) AppleWebKit/537.36 (KHTML, like Gecko) Chrome/45.0.2454.101 Safari/537.36" "saveaslave.com"
71.246.209.49 - - [03/Oct/2015:10:55:00 -0700] "GET /images/slaves.jpg HTTP/1.1" 200 86777 "http://saveaslave.com/" "Mozilla/5.0 (Macintosh; Intel Mac OS X 10_10_5) AppleWebKit/537.36 (KHTML, like Gecko) Chrome/45.0.2454.101 Safari/537.36" "saveaslave.com"
71.246.209.49 - - [03/Oct/2015:10:55:00 -0700] "GET /images/header.png HTTP/1.1" 200 104524 "http://saveaslave.com/" "Mozilla/5.0 (Macintosh; Intel Mac OS X 10_10_5) AppleWebKit/537.36 (KHTML, like Gecko) Chrome/45.0.2454.101 Safari/537.36" "saveaslave.com"
71.246.209.49 - - [03/Oct/2015:10:55:43 -0700] "GET /listlink.php?page=czech%20republic.html&lang=en HTTP/1.1" 200 4498 "http://saveaslave.com/country.php?name=Czech%20Republic&lang=en" "Mozilla/5.0 (Macintosh; Intel Mac OS X 10_10_5) AppleWebKit/537.36 (KHTML, like Gecko) Chrome/45.0.2454.101 Safari/537.36" "saveaslave.com"
71.246.209.49 - - [03/Oct/2015:10:55:43 -0700] "GET /addlink.php?page=czech%20republic.html&lang=en HTTP/1.1" 200 16475 "http://saveaslave.com/country.php?name=Czech%20Republic&lang=en" "Mozilla/5.0 (Macintosh; Intel Mac OS X 10_10_5) AppleWebKit/537.36 (KHTML, like Gecko) Chrome/45.0.2454.101 Safari/537.36" "saveaslave.com"
54.159.88.232 - - [03/Oct/2015:11:15:10 -0700] "GET /mexico.html HTTP/1.1" 200 6067 "-" "Mozilla/5.0 (compatible; linkdexbot/2.0; +http://www.linkdex.com/bots/)" "www.saveaslave.com"
54.159.88.232 - - [03/Oct/2015:11:15:10 -0700] "GET /robots.txt HTTP/1.1" 404 89 "-" "Mozilla/5.0 (compatible; linkdexbot/2.0; +http://www.linkdex.com/bots/)" "www.saveaslave.com"
72.168.98.121 - - [03/Oct/2015:11:15:46 -0700] "GET / HTTP/1.1" 200 46654 "-" "Mozilla/5.0 (Windows NT 6.1; WOW64; Trident/7.0; rv:11.0) like Gecko" "www.saveaslave.com"
72.168.98.121 - - [03/Oct/2015:11:15:46 -0700] "GET /css/style.css HTTP/1.1" 200 1400 "http://www.saveaslave.com/" "Mozilla/5.0 (Windows NT 6.1; WOW64; Trident/7.0; rv:11.0) like Gecko" "www.saveaslave.com"
72.168.98.121 - - [03/Oct/2015:11:15:46 -0700] "GET /jquery-1.3.2.min.js HTTP/1.1" 200 57254 "http://www.saveaslave.com/" "Mozilla/5.0 (Windows NT 6.1; WOW64; Trident/7.0; rv:11.0) like Gecko" "www.saveaslave.com"
72.168.98.121 - - [03/Oct/2015:11:15:46 -0700] "GET /jquery.marquee.js HTTP/1.1" 200 6560 "http://www.saveaslave.com/" "Mozilla/5.0 (Windows NT 6.1; WOW64; Trident/7.0; rv:11.0) like Gecko" "www.saveaslave.com"
72.168.98.121 - - [03/Oct/2015:11:15:46 -0700] "GET /images/header.png HTTP/1.1" 200 104524 "http://www.saveaslave.com/" "Mozilla/5.0 (Windows NT 6.1; WOW64; Trident/7.0; rv:11.0) like Gecko" "www.saveaslave.com"
72.168.98.121 - - [03/Oct/2015:11:15:47 -0700] "GET /addlink.php?page=index.html HTTP/1.1" 200 16475 "http://www.saveaslave.com/" "Mozilla/5.0 (Windows NT 6.1; WOW64; Trident/7.0; rv:11.0) like Gecko" "www.saveaslave.com"
72.168.98.121 - - [03/Oct/2015:11:15:47 -0700] "GET /images/sas_button.gif HTTP/1.1" 200 2628 "http://www.saveaslave.com/" "Mozilla/5.0 (Windows NT 6.1; WOW64; Trident/7.0; rv:11.0) like Gecko" "www.saveaslave.com"
188.165.15.201 - - [03/Oct/2015:11:21:02 -0700] "GET /equatorial-guinea.html HTTP/1.1" 200 5774 "-" "Mozilla/5.0 (compatible; AhrefsBot/5.0; +http://ahrefs.com/robot/)" "www.saveaslave.com"
23.23.242.178 - - [03/Oct/2015:11:23:18 -0700] "GET /Adoption.html HTTP/1.1" 404 89 "-" "Mozilla/5.0 (Windows; U; Windows NT 5.1; en-US; rv:1.9.2.8) Gecko/20100722 Firefox/3.6.8" "saveaslave.com"
72.168.98.121 - - [03/Oct/2015:11:26:45 -0700] "GET / HTTP/1.1" 200 46654 "-" "Mozilla/5.0 (Windows NT 6.1; WOW64; Trident/7.0; rv:11.0) like Gecko" "www.saveaslave.com"
157.55.39.113 - - [03/Oct/2015:11:29:37 -0700] "GET /dominican-republic.html HTTP/1.1" 200 5756 "-" "msnbot-media/1.1 (+http://search.msn.com/msnbot.htm)" "www.saveaslave.com"
72.168.98.121 - - [03/Oct/2015:11:33:36 -0700] "GET /addlink.php?page=index.html HTTP/1.1" 200 16475 "http://www.saveaslave.com/" "Mozilla/5.0 (Windows NT 6.1; WOW64; Trident/7.0; rv:11.0) like Gecko" "www.saveaslave.com"
72.168.98.121 - - [03/Oct/2015:11:33:36 -0700] "GET /listlink.php?page=index.html HTTP/1.1" 200 10417 "http://www.saveaslave.com/" "Mozilla/5.0 (Windows NT 6.1; WOW64; Trident/7.0; rv:11.0) like Gecko" "www.saveaslave.com"
107.77.68.93 - - [03/Oct/2015:11:36:45 -0700] "GET /images/countrymap/solomon-islands.gif HTTP/1.1" 200 122217 "https://www.google.com/" "Mozilla/5.0 (iPhone; CPU iPhone OS 8_3 like Mac OS X) AppleWebKit/600.1.4 (KHTML, like Gecko) Version/8.0 Mobile/12F70 Safari/600.1.4" "www.saveaslave.com"
178.128.89.240 - - [03/Oct/2015:11:51:42 -0700] "GET / HTTP/1.1" 200 46654 "http://testwebpageonline.com/Marina-Draft/country.php" "Mozilla/5.0 (Windows NT 10.0; WOW64) AppleWebKit/537.36 (KHTML, like Gecko) Chrome/45.0.2454.101 Safari/537.36" "www.saveaslave.com"
141.8.143.182 - - [03/Oct/2015:11:56:30 -0700] "GET /ghana.html HTTP/1.1" 200 5666 "-" "Mozilla/5.0 (compatible; YandexBot/3.0; +http://yandex.com/bots)" "saveaslave.com"
178.217.187.39 - - [03/Oct/2015:12:17:57 -0700] "GET / HTTP/1.1" 200 46654 "http://burger-imperia.com/" "Mozilla/5.0 (X11; Linux x86_64) AppleWebKit/537.36 (KHTML, like Gecko) Chrome/37.0.2062.120 Safari/537.36" "saveaslave.com"
188.165.15.201 - - [03/Oct/2015:12:26:29 -0700] "GET /monaco.html HTTP/1.1" 200 5674 "-" "Mozilla/5.0 (compatible; AhrefsBot/5.0; +http://ahrefs.com/robot/)" "www.saveaslave.com"
207.46.13.160 - - [03/Oct/2015:12:29:18 -0700] "GET /finland HTTP/1.1" 200 6902 "-" "msnbot-media/1.1 (+http://search.msn.com/msnbot.htm)" "www.saveaslave.com"
72.168.98.121 - - [03/Oct/2015:12:37:07 -0700] "GET /css/style.css HTTP/1.1" 200 1400 "http://www.saveaslave.com/" "Mozilla/5.0 (Windows NT 6.1; WOW64; Trident/7.0; rv:11.0) like Gecko" "www.saveaslave.com"
72.168.98.121 - - [03/Oct/2015:12:37:07 -0700] "GET /images/header.png HTTP/1.1" 200 104524 "http://www.saveaslave.com/" "Mozilla/5.0 (Windows NT 6.1; WOW64; Trident/7.0; rv:11.0) like Gecko" "www.saveaslave.com"
72.168.98.121 - - [03/Oct/2015:12:37:07 -0700] "GET /jquery.marquee.js HTTP/1.1" 200 6560 "http://www.saveaslave.com/" "Mozilla/5.0 (Windows NT 6.1; WOW64; Trident/7.0; rv:11.0) like Gecko" "www.saveaslave.com"
72.168.98.121 - - [03/Oct/2015:12:37:07 -0700] "GET /images/sas_button.gif HTTP/1.1" 200 2628 "http://www.saveaslave.com/" "Mozilla/5.0 (Windows NT 6.1; WOW64; Trident/7.0; rv:11.0) like Gecko" "www.saveaslave.com"
72.168.98.121 - - [03/Oct/2015:12:37:08 -0700] "GET /addlink.php?page=index.html HTTP/1.1" 200 16475 "http://www.saveaslave.com/" "Mozilla/5.0 (Windows NT 6.1; WOW64; Trident/7.0; rv:11.0) like Gecko" "www.saveaslave.com"
207.46.13.98 - - [03/Oct/2015:12:43:09 -0700] "GET /navassa-island.html HTTP/1.1" 200 5746 "-" "msnbot-media/1.1 (+http://search.msn.com/msnbot.htm)" "www.saveaslave.com"
72.168.98.121 - - [03/Oct/2015:12:52:52 -0700] "GET / HTTP/1.1" 200 46654 "-" "Mozilla/5.0 (Windows NT 6.1; WOW64; Trident/7.0; rv:11.0) like Gecko" "www.saveaslave.com"
72.168.98.121 - - [03/Oct/2015:12:52:52 -0700] "GET /css/style.css HTTP/1.1" 200 1400 "http://www.saveaslave.com/" "Mozilla/5.0 (Windows NT 6.1; WOW64; Trident/7.0; rv:11.0) like Gecko" "www.saveaslave.com"
72.168.98.121 - - [03/Oct/2015:12:52:52 -0700] "GET /jquery-1.3.2.min.js HTTP/1.1" 200 57254 "http://www.saveaslave.com/" "Mozilla/5.0 (Windows NT 6.1; WOW64; Trident/7.0; rv:11.0) like Gecko" "www.saveaslave.com"
72.168.98.121 - - [03/Oct/2015:12:52:52 -0700] "GET /jquery.marquee.js HTTP/1.1" 200 6560 "http://www.saveaslave.com/" "Mozilla/5.0 (Windows NT 6.1; WOW64; Trident/7.0; rv:11.0) like Gecko" "www.saveaslave.com"
157.55.39.113 - - [03/Oct/2015:12:53:40 -0700] "GET /azerbaijan.html HTTP/1.1" 200 5617 "-" "msnbot-media/1.1 (+http://search.msn.com/msnbot.htm)" "www.saveaslave.com"
24.115.144.250 - - [03/Oct/2015:12:55:20 -0700] "GET /images/countrymap/solomon-islands.gif HTTP/1.1" 200 122217 "https://www.google.com/" "Mozilla/5.0 (iPhone; CPU iPhone OS 9_0_2 like Mac OS X) AppleWebKit/601.1.46 (KHTML, like Gecko) Version/9.0 Mobile/13A452 Safari/601.1" "www.saveaslave.com"
66.249.75.41 - - [03/Oct/2015:12:58:22 -0700] "GET /images/countrymap/brunei.gif HTTP/1.1" 200 19905 "-" "Googlebot-Image/1.0" "www.saveaslave.com"
66.249.75.57 - - [03/Oct/2015:12:58:23 -0700] "GET /images/countrymap/brunei-flag.gif HTTP/1.1" 200 2700 "-" "Googlebot-Image/1.0" "www.saveaslave.com"
66.249.75.49 - - [03/Oct/2015:12:58:25 -0700] "GET /images/countrymap/chad-flag.gif HTTP/1.1" 200 564 "-" "Googlebot-Image/1.0" "www.saveaslave.com"
180.76.15.141 - - [03/Oct/2015:12:59:27 -0700] "GET /slovenia.html HTTP/1.1" 200 5692 "-" "Mozilla/5.0 (compatible; Baiduspider/2.0; +http://www.baidu.com/search/spider.html)" "www.saveaslave.com"
54.159.88.232 - - [03/Oct/2015:13:02:33 -0700] "GET /robots.txt HTTP/1.1" 404 89 "-" "Mozilla/5.0 (compatible; linkdexbot/2.0; +http://www.linkdex.com/bots/)" "www.saveaslave.com"
157.55.39.113 - - [03/Oct/2015:13:27:17 -0700] "GET /timor HTTP/1.1" 404 89 "-" "msnbot-media/1.1 (+http://search.msn.com/msnbot.htm)" "www.saveaslave.com"
68.227.224.142 - - [03/Oct/2015:13:48:12 -0700] "GET /images/sas_button.gif HTTP/1.1" 200 2628 "http://www.saveaslave.com/" "Mozilla/5.0 (Macintosh; Intel Mac OS X 10_10_5) AppleWebKit/600.8.9 (KHTML, like Gecko) Version/8.0.8 Safari/600.8.9" "www.saveaslave.com"
68.227.224.142 - - [03/Oct/2015:13:48:13 -0700] "GET /addlink.php?page=index.html HTTP/1.1" 200 16475 "http://www.saveaslave.com/" "Mozilla/5.0 (Macintosh; Intel Mac OS X 10_10_5) AppleWebKit/600.8.9 (KHTML, like Gecko) Version/8.0.8 Safari/600.8.9" "www.saveaslave.com"
68.227.224.142 - - [03/Oct/2015:13:48:41 -0700] "GET /country.php?name=Canada&lang=en HTTP/1.1" 200 13365 "http://www.saveaslave.com/" "Mozilla/5.0 (Macintosh; Intel Mac OS X 10_10_5) AppleWebKit/600.8.9 (KHTML, like Gecko) Version/8.0.8 Safari/600.8.9" "www.saveaslave.com"
68.227.224.142 - - [03/Oct/2015:13:48:42 -0700] "GET /listlink.php?page=canada.html&lang=en HTTP/1.1" 200 5610 "http://www.saveaslave.com/country.php?name=Canada&lang=en" "Mozilla/5.0 (Macintosh; Intel Mac OS X 10_10_5) AppleWebKit/600.8.9 (KHTML, like Gecko) Version/8.0.8 Safari/600.8.9" "www.saveaslave.com"
68.227.224.142 - - [03/Oct/2015:13:48:42 -0700] "GET /addlink.php?page=canada.html&lang=en HTTP/1.1" 200 16484 "http://www.saveaslave.com/country.php?name=Canada&lang=en" "Mozilla/5.0 (Macintosh; Intel Mac OS X 10_10_5) AppleWebKit/600.8.9 (KHTML, like Gecko) Version/8.0.8 Safari/600.8.9" "www.saveaslave.com"
68.227.224.142 - - [03/Oct/2015:13:50:36 -0700] "GET /country.php?name=Italy&lang=en HTTP/1.1" 200 13752 "http://www.saveaslave.com/country.php?name=Canada&lang=en" "Mozilla/5.0 (Macintosh; Intel Mac OS X 10_10_5) AppleWebKit/600.8.9 (KHTML, like Gecko) Version/8.0.8 Safari/600.8.9" "www.saveaslave.com"
68.227.224.142 - - [03/Oct/2015:13:50:36 -0700] "GET /images/countrymap/italy-flag.gif HTTP/1.1" 200 5844 "http://www.saveaslave.com/country.php?name=Italy&lang=en" "Mozilla/5.0 (Macintosh; Intel Mac OS X 10_10_5) AppleWebKit/600.8.9 (KHTML, like Gecko) Version/8.0.8 Safari/600.8.9" "www.saveaslave.com"
68.227.224.142 - - [03/Oct/2015:13:50:37 -0700] "GET /listlink.php?page=italy.html&lang=en HTTP/1.1" 200 5032 "http://www.saveaslave.com/country.php?name=Italy&lang=en" "Mozilla/5.0 (Macintosh; Intel Mac OS X 10_10_5) AppleWebKit/600.8.9 (KHTML, like Gecko) Version/8.0.8 Safari/600.8.9" "www.saveaslave.com"
68.227.224.142 - - [03/Oct/2015:13:50:37 -0700] "GET /addlink.php?page=italy.html&lang=en HTTP/1.1" 200 16484 "http://www.saveaslave.com/country.php?name=Italy&lang=en" "Mozilla/5.0 (Macintosh; Intel Mac OS X 10_10_5) AppleWebKit/600.8.9 (KHTML, like Gecko) Version/8.0.8 Safari/600.8.9" "www.saveaslave.com"
207.46.13.98 - - [03/Oct/2015:13:53:12 -0700] "GET /andorra.html HTTP/1.1" 200 5625 "-" "msnbot-media/1.1 (+http://search.msn.com/msnbot.htm)" "www.saveaslave.com"
23.23.242.178 - - [03/Oct/2015:13:55:07 -0700] "GET /Maps.html HTTP/1.1" 404 89 "-" "Mozilla/5.0 (Windows; U; Windows NT 5.1; en-US; rv:1.9.2.8) Gecko/20100722 Firefox/3.6.8" "saveaslave.com"
190.115.180.221 - - [03/Oct/2015:13:56:54 -0700] "GET /managevolunteer.php HTTP/1.1" 200 1294 "-" "Mozilla/5.0 (Windows NT 6.3; WOW64) AppleWebKit/537.36 (KHTML, like Gecko) Chrome/45.0.2454.101 Safari/537.36" "www.saveaslave.com"
190.115.180.221 - - [03/Oct/2015:13:57:00 -0700] "POST /managevolunteer.php HTTP/1.1" 200 6946 "http://www.saveaslave.com/managevolunteer.php" "Mozilla/5.0 (Windows NT 6.3; WOW64) AppleWebKit/537.36 (KHTML, like Gecko) Chrome/45.0.2454.101 Safari/537.36" "www.saveaslave.com"
190.115.180.221 - - [03/Oct/2015:13:57:00 -0700] "GET /css/managecountry.css HTTP/1.1" 200 11620 "http://www.saveaslave.com/managevolunteer.php" "Mozilla/5.0 (Windows NT 6.3; WOW64) AppleWebKit/537.36 (KHTML, like Gecko) Chrome/45.0.2454.101 Safari/537.36" "www.saveaslave.com"
190.115.180.221 - - [03/Oct/2015:13:57:01 -0700] "GET /images/shadow.gif HTTP/1.1" 404 89 "http://www.saveaslave.com/css/managecountry.css" "Mozilla/5.0 (Windows NT 6.3; WOW64) AppleWebKit/537.36 (KHTML, like Gecko) Chrome/45.0.2454.101 Safari/537.36" "www.saveaslave.com"
190.115.180.221 - - [03/Oct/2015:13:57:14 -0700] "GET /managevolunteer.php HTTP/1.1" 200 7313 "http://www.saveaslave.com/managevolunteer.php" "Mozilla/5.0 (Windows NT 6.3; WOW64) AppleWebKit/537.36 (KHTML, like Gecko) Chrome/45.0.2454.101 Safari/537.36" "www.saveaslave.com"
190.115.180.221 - - [03/Oct/2015:13:57:53 -0700] "POST /managevolunteer.php HTTP/1.1" 200 7413 "http://www.saveaslave.com/managevolunteer.php" "Mozilla/5.0 (Windows NT 6.3; WOW64) AppleWebKit/537.36 (KHTML, like Gecko) Chrome/45.0.2454.101 Safari/537.36" "www.saveaslave.com"
190.115.180.221 - - [03/Oct/2015:13:58:24 -0700] "GET /images/shadow.gif HTTP/1.1" 404 89 "http://www.saveaslave.com/css/managecountry.css" "Mozilla/5.0 (Windows NT 6.3; WOW64) AppleWebKit/537.36 (KHTML, like Gecko) Chrome/45.0.2454.101 Safari/537.36" "www.saveaslave.com"
141.8.143.182 - - [03/Oct/2015:14:02:04 -0700] "GET /saint-lucia.html HTTP/1.1" 200 5719 "-" "Mozilla/5.0 (compatible; YandexBot/3.0; +http://yandex.com/bots)" "saveaslave.com"
190.115.180.221 - - [03/Oct/2015:14:07:40 -0700] "GET /managecountry.php HTTP/1.1" 200 1294 "-" "Mozilla/5.0 (Windows NT 6.3; WOW64) AppleWebKit/537.36 (KHTML, like Gecko) Chrome/45.0.2454.101 Safari/537.36" "www.saveaslave.com"
190.115.180.221 - - [03/Oct/2015:14:07:45 -0700] "POST /managecountry.php HTTP/1.1" 200 19195 "http://www.saveaslave.com/managecountry.php" "Mozilla/5.0 (Windows NT 6.3; WOW64) AppleWebKit/537.36 (KHTML, like Gecko) Chrome/45.0.2454.101 Safari/537.36" "www.saveaslave.com"
61.135.189.175 - - [03/Oct/2015:14:07:52 -0700] "GET / HTTP/1.1" 200 46654 "-" "Sogou web spider/4.0(+http://www.sogou.com/docs/help/webmasters.htm#07)" "www.saveaslave.com"
61.135.189.175 - - [03/Oct/2015:14:08:02 -0700] "GET /robots.txt HTTP/1.1" 404 89 "-" "Sogou web spider/4.0(+http://www.sogou.com/docs/help/webmasters.htm#07)" "www.saveaslave.com"
207.46.13.98 - - [03/Oct/2015:14:09:29 -0700] "GET /comoros.html HTTP/1.1" 200 5668 "-" "Mozilla/5.0 (compatible; bingbot/2.0; +http://www.bing.com/bingbot.htm)" "saveaslave.com"
157.55.39.113 - - [03/Oct/2015:14:09:57 -0700] "GET /estonia HTTP/1.1" 200 5684 "-" "msnbot-media/1.1 (+http://search.msn.com/msnbot.htm)" "www.saveaslave.com"
207.46.13.98 - - [03/Oct/2015:14:16:10 -0700] "GET /timor-leste.html HTTP/1.1" 200 5723 "-" "msnbot-media/1.1 (+http://search.msn.com/msnbot.htm)" "www.saveaslave.com"
72.168.98.121 - - [03/Oct/2015:14:27:31 -0700] "GET / HTTP/1.1" 200 46654 "-" "Mozilla/5.0 (Windows NT 6.1; WOW64; Trident/7.0; rv:11.0) like Gecko" "www.saveaslave.com"
72.168.98.121 - - [03/Oct/2015:14:27:32 -0700] "GET /css/style.css HTTP/1.1" 200 1400 "http://www.saveaslave.com/" "Mozilla/5.0 (Windows NT 6.1; WOW64; Trident/7.0; rv:11.0) like Gecko" "www.saveaslave.com"
72.168.98.121 - - [03/Oct/2015:14:27:32 -0700] "GET /jquery-1.3.2.min.js HTTP/1.1" 200 57254 "http://www.saveaslave.com/" "Mozilla/5.0 (Windows NT 6.1; WOW64; Trident/7.0; rv:11.0) like Gecko" "www.saveaslave.com"
72.168.98.121 - - [03/Oct/2015:14:27:32 -0700] "GET /images/header.png HTTP/1.1" 200 104524 "http://www.saveaslave.com/" "Mozilla/5.0 (Windows NT 6.1; WOW64; Trident/7.0; rv:11.0) like Gecko" "www.saveaslave.com"
72.168.98.121 - - [03/Oct/2015:14:27:32 -0700] "GET /jquery.marquee.js HTTP/1.1" 200 6560 "http://www.saveaslave.com/" "Mozilla/5.0 (Windows NT 6.1; WOW64; Trident/7.0; rv:11.0) like Gecko" "www.saveaslave.com"
72.168.98.121 - - [03/Oct/2015:14:27:32 -0700] "GET /images/slaves.jpg HTTP/1.1" 200 86777 "http://www.saveaslave.com/" "Mozilla/5.0 (Windows NT 6.1; WOW64; Trident/7.0; rv:11.0) like Gecko" "www.saveaslave.com"
72.168.98.121 - - [03/Oct/2015:14:27:32 -0700] "GET /images/sas_button.gif HTTP/1.1" 200 2628 "http://www.saveaslave.com/" "Mozilla/5.0 (Windows NT 6.1; WOW64; Trident/7.0; rv:11.0) like Gecko" "www.saveaslave.com"
72.168.98.121 - - [03/Oct/2015:14:27:32 -0700] "GET /addlink.php?page=index.html HTTP/1.1" 200 16475 "http://www.saveaslave.com/" "Mozilla/5.0 (Windows NT 6.1; WOW64; Trident/7.0; rv:11.0) like Gecko" "www.saveaslave.com"
72.168.98.121 - - [03/Oct/2015:14:27:32 -0700] "GET /listlink.php?page=index.html HTTP/1.1" 200 10417 "http://www.saveaslave.com/" "Mozilla/5.0 (Windows NT 6.1; WOW64; Trident/7.0; rv:11.0) like Gecko" "www.saveaslave.com"
65.36.241.48 - - [03/Oct/2015:14:30:11 -0700] "HEAD /?tpl=references&Itemid=3 HTTP/1.1" 200 0 "-" "InternetSeer.com" "www.saveaslave.com"
65.36.241.48 - - [03/Oct/2015:14:30:11 -0700] "HEAD /?tpl=references&Itemid=3 HTTP/1.1" 200 0 "-" "InternetSeer.com" "www.saveaslave.com"
188.165.15.201 - - [03/Oct/2015:14:35:18 -0700] "GET /syria.html HTTP/1.1" 200 5668 "-" "Mozilla/5.0 (compatible; AhrefsBot/5.0; +http://ahrefs.com/robot/)" "www.saveaslave.com"
66.110.230.98 - - [03/Oct/2015:14:35:37 -0700] "GET /images/countrymap/dominican-republic.jpg HTTP/1.1" 200 46579 "https://www.google.com/" "Mozilla/5.0 (Windows NT 6.3; WOW64) AppleWebKit/537.36 (KHTML, like Gecko) Chrome/41.0.2231.0 Safari/537.36" "www.saveaslave.com"
68.227.224.142 - - [03/Oct/2015:14:37:23 -0700] "GET /country.php?name=Albania&lang=en HTTP/1.1" 200 16343 "http://www.saveaslave.com/country.php?name=Italy&lang=en" "Mozilla/5.0 (Macintosh; Intel Mac OS X 10_10_5) AppleWebKit/600.8.9 (KHTML, like Gecko) Version/8.0.8 Safari/600.8.9" "www.saveaslave.com"
68.227.224.142 - - [03/Oct/2015:14:37:23 -0700] "GET /images/countrymap/albania-flag.jpg HTTP/1.1" 200 2708 "http://www.saveaslave.com/country.php?name=Albania&lang=en" "Mozilla/5.0 (Macintosh; Intel Mac OS X 10_10_5) AppleWebKit/600.8.9 (KHTML, like Gecko) Version/8.0.8 Safari/600.8.9" "www.saveaslave.com"
68.227.224.142 - - [03/Oct/2015:14:37:24 -0700] "GET /images/countrymap/albania.jpg HTTP/1.1" 200 37083 "http://www.saveaslave.com/country.php?name=Albania&lang=en" "Mozilla/5.0 (Macintosh; Intel Mac OS X 10_10_5) AppleWebKit/600.8.9 (KHTML, like Gecko) Version/8.0.8 Safari/600.8.9" "www.saveaslave.com"
207.46.13.98 - - [03/Oct/2015:14:38:01 -0700] "GET /czech-republic.html HTTP/1.1" 200 5720 "-" "msnbot-media/1.1 (+http://search.msn.com/msnbot.htm)" "www.saveaslave.com"
216.108.44.172 - - [03/Oct/2015:14:41:42 -0700] "GET /images/countrymap/solomon-islands.gif HTTP/1.1" 200 122217 "https://www.google.com" "Mozilla/5.0 (Windows NT 6.1; WOW64; rv:41.0) Gecko/20100101 Firefox/41.0" "www.saveaslave.com"
188.165.15.201 - - [03/Oct/2015:14:45:02 -0700] "GET /turks-caicos-islands.html HTTP/1.1" 200 5819 "-" "Mozilla/5.0 (compatible; AhrefsBot/5.0; +http://ahrefs.com/robot/)" "www.saveaslave.com"
207.46.13.98 - - [03/Oct/2015:14:45:37 -0700] "GET /turkmenistan.html HTTP/1.1" 200 5731 "-" "msnbot-media/1.1 (+http://search.msn.com/msnbot.htm)" "www.saveaslave.com"
207.46.13.160 - - [03/Oct/2015:14:46:09 -0700] "GET /us-virgin-islands.html HTTP/1.1" 200 5799 "-" "msnbot-media/1.1 (+http://search.msn.com/msnbot.htm)" "www.saveaslave.com"
54.81.78.225 - - [03/Oct/2015:14:49:48 -0700] "GET /robots.txt HTTP/1.1" 404 89 "-" "Mozilla/5.0 (compatible; linkdexbot/2.0; +http://www.linkdex.com/bots/)" "saveaslave.com"
54.81.78.225 - - [03/Oct/2015:14:49:48 -0700] "GET /mexico HTTP/1.1" 200 6067 "-" "Mozilla/5.0 (compatible; linkdexbot/2.0; +http://www.linkdex.com/bots/)" "saveaslave.com"
72.168.96.124 - - [03/Oct/2015:14:50:12 -0700] "GET / HTTP/1.1" 200 46654 "-" "Mozilla/5.0 (Windows NT 6.1; WOW64; Trident/7.0; rv:11.0) like Gecko" "www.saveaslave.com"
72.168.96.124 - - [03/Oct/2015:14:50:12 -0700] "GET /jquery-1.3.2.min.js HTTP/1.1" 200 57254 "http://www.saveaslave.com/" "Mozilla/5.0 (Windows NT 6.1; WOW64; Trident/7.0; rv:11.0) like Gecko" "www.saveaslave.com"
72.168.96.124 - - [03/Oct/2015:14:50:12 -0700] "GET /css/style.css HTTP/1.1" 200 1400 "http://www.saveaslave.com/" "Mozilla/5.0 (Windows NT 6.1; WOW64; Trident/7.0; rv:11.0) like Gecko" "www.saveaslave.com"
72.168.96.124 - - [03/Oct/2015:14:50:12 -0700] "GET /jquery.marquee.js HTTP/1.1" 200 6560 "http://www.saveaslave.com/" "Mozilla/5.0 (Windows NT 6.1; WOW64; Trident/7.0; rv:11.0) like Gecko" "www.saveaslave.com"
72.168.96.124 - - [03/Oct/2015:14:50:13 -0700] "GET /images/slaves.jpg HTTP/1.1" 200 86777 "http://www.saveaslave.com/" "Mozilla/5.0 (Windows NT 6.1; WOW64; Trident/7.0; rv:11.0) like Gecko" "www.saveaslave.com"
72.168.96.124 - - [03/Oct/2015:14:50:13 -0700] "GET /listlink.php?page=index.html HTTP/1.1" 200 10417 "http://www.saveaslave.com/" "Mozilla/5.0 (Windows NT 6.1; WOW64; Trident/7.0; rv:11.0) like Gecko" "www.saveaslave.com"
72.168.96.124 - - [03/Oct/2015:14:50:13 -0700] "GET /images/sas_button.gif HTTP/1.1" 200 2628 "http://www.saveaslave.com/" "Mozilla/5.0 (Windows NT 6.1; WOW64; Trident/7.0; rv:11.0) like Gecko" "www.saveaslave.com"
72.168.96.124 - - [03/Oct/2015:14:50:13 -0700] "GET /addlink.php?page=index.html HTTP/1.1" 200 16475 "http://www.saveaslave.com/" "Mozilla/5.0 (Windows NT 6.1; WOW64; Trident/7.0; rv:11.0) like Gecko" "www.saveaslave.com"
188.165.15.201 - - [03/Oct/2015:14:59:52 -0700] "GET /kiribati.html HTTP/1.1" 200 5693 "-" "Mozilla/5.0 (compatible; AhrefsBot/5.0; +http://ahrefs.com/robot/)" "www.saveaslave.com"
54.243.48.119 - - [03/Oct/2015:15:10:40 -0700] "GET /Coulture.html HTTP/1.1" 404 89 "-" "Mozilla/5.0 (Windows; U; Windows NT 5.1; en-US; rv:1.9.2.8) Gecko/20100722 Firefox/3.6.8" "saveaslave.com"
46.4.94.226 - - [03/Oct/2015:15:18:17 -0700] "GET /robots.txt HTTP/1.1" 404 89 "-" "Riddler (http://riddler.io/about)" "www.saveaslave.com"
157.55.39.113 - - [03/Oct/2015:15:20:31 -0700] "GET /east-timor.html HTTP/1.1" 200 5696 "-" "Mozilla/5.0 (compatible; bingbot/2.0; +http://www.bing.com/bingbot.htm)" "saveaslave.com"
207.46.13.160 - - [03/Oct/2015:15:25:57 -0700] "GET /tokelau HTTP/1.1" 200 5686 "-" "msnbot-media/1.1 (+http://search.msn.com/msnbot.htm)" "www.saveaslave.com"
62.210.247.93 - - [03/Oct/2015:15:31:43 -0700] "GET /robots.txt HTTP/1.1" 404 89 "-" "Riddler (http://riddler.io/about)" "www.saveaslave.com"
62.210.247.93 - - [03/Oct/2015:15:31:43 -0700] "GET /republic-of-congo.html HTTP/1.1" 200 5503 "-" "Riddler (http://riddler.io/about)" "www.saveaslave.com"
188.165.15.201 - - [03/Oct/2015:15:32:16 -0700] "GET /norfolk-island.html HTTP/1.1" 200 5746 "-" "Mozilla/5.0 (compatible; AhrefsBot/5.0; +http://ahrefs.com/robot/)" "saveaslave.com"
188.165.15.201 - - [03/Oct/2015:15:34:36 -0700] "GET /malawi.html HTTP/1.1" 200 5674 "-" "Mozilla/5.0 (compatible; AhrefsBot/5.0; +http://ahrefs.com/robot/)" "saveaslave.com"
157.55.39.113 - - [03/Oct/2015:15:39:05 -0700] "GET /east-timor.html HTTP/1.1" 200 5696 "-" "Mozilla/5.0 (compatible; bingbot/2.0; +http://www.bing.com/bingbot.htm)" "saveaslave.com"
65.36.241.48 - - [03/Oct/2015:16:10:00 -0700] "HEAD / HTTP/1.1" 200 0 "-" "InternetSeer.com" "www.saveaslave.com"
157.55.39.113 - - [03/Oct/2015:16:17:11 -0700] "GET /guinea-bissau.html HTTP/1.1" 200 5952 "-" "msnbot-media/1.1 (+http://search.msn.com/msnbot.htm)" "www.saveaslave.com"
180.76.15.141 - - [03/Oct/2015:16:29:52 -0700] "GET /morocco HTTP/1.1" 200 5686 "-" "Mozilla/5.0 (compatible; Baiduspider/2.0; +http://www.baidu.com/search/spider.html)" "www.saveaslave.com"
151.75.1.134 - - [03/Oct/2015:16:32:28 -0700] "GET /jquery-1.3.2.min.js HTTP/1.1" 200 57254 "http://saveaslave.com/" "Mozilla/5.0 (Windows NT 6.1; WOW64) AppleWebKit/537.36 (KHTML, like Gecko) Chrome/36.0.1985.143 Safari/537.36" "saveaslave.com"
151.75.1.134 - - [03/Oct/2015:16:32:28 -0700] "GET /jquery.marquee.js HTTP/1.1" 200 6560 "http://saveaslave.com/" "Mozilla/5.0 (Windows NT 6.1; WOW64) AppleWebKit/537.36 (KHTML, like Gecko) Chrome/36.0.1985.143 Safari/537.36" "saveaslave.com"
151.75.1.134 - - [03/Oct/2015:16:32:29 -0700] "GET /images/sas_button.gif HTTP/1.1" 200 2628 "http://saveaslave.com/" "Mozilla/5.0 (Windows NT 6.1; WOW64) AppleWebKit/537.36 (KHTML, like Gecko) Chrome/36.0.1985.143 Safari/537.36" "saveaslave.com"
151.75.1.134 - - [03/Oct/2015:16:32:29 -0700] "GET /images/slaves.jpg HTTP/1.1" 200 86777 "http://saveaslave.com/" "Mozilla/5.0 (Windows NT 6.1; WOW64) AppleWebKit/537.36 (KHTML, like Gecko) Chrome/36.0.1985.143 Safari/537.36" "saveaslave.com"
66.249.69.65 - - [03/Oct/2015:16:35:01 -0700] "GET /robots.txt HTTP/1.1" 404 89 "-" "Mozilla/5.0 (compatible; Googlebot/2.1; +http://www.google.com/bot.html)" "www.saveaslave.com"
157.55.39.113 - - [03/Oct/2015:16:48:43 -0700] "GET /republic-of-congo.html HTTP/1.1" 200 5503 "-" "msnbot-media/1.1 (+http://search.msn.com/msnbot.htm)" "www.saveaslave.com"
70.215.13.161 - - [03/Oct/2015:16:49:07 -0700] "GET /images/countrymap/solomon-islands.gif HTTP/1.1" 200 122217 "https://www.google.com/" "Mozilla/5.0 (iPhone; CPU iPhone OS 8_4_1 like Mac OS X) AppleWebKit/600.1.4 (KHTML, like Gecko) Version/8.0 Mobile/12H321 Safari/600.1.4" "www.saveaslave.com"
207.46.13.98 - - [03/Oct/2015:16:54:23 -0700] "GET /robots.txt HTTP/1.1" 404 89 "-" "Mozilla/5.0 (compatible; bingbot/2.0; +http://www.bing.com/bingbot.htm)" "www.saveaslave.com"
157.55.39.113 - - [03/Oct/2015:17:01:49 -0700] "GET /ghana.html HTTP/1.1" 200 5666 "-" "msnbot-media/1.1 (+http://search.msn.com/msnbot.htm)" "www.saveaslave.com"
23.23.242.178 - - [03/Oct/2015:17:42:13 -0700] "GET /honduras.html HTTP/1.1" 200 5693 "-" "Mozilla/5.0 (Windows; U; Windows NT 5.1; en-US; rv:1.9.2.8) Gecko/20100722 Firefox/3.6.8" "saveaslave.com"
207.46.13.98 - - [03/Oct/2015:17:49:25 -0700] "GET /cameroon.html HTTP/1.1" 200 5666 "-" "Mozilla/5.0 (compatible; bingbot/2.0; +http://www.bing.com/bingbot.htm)" "saveaslave.com"
207.46.13.160 - - [03/Oct/2015:17:57:20 -0700] "GET /new-zealand.html HTTP/1.1" 200 5719 "-" "msnbot-media/1.1 (+http://search.msn.com/msnbot.htm)" "www.saveaslave.com"
207.46.13.98 - - [03/Oct/2015:18:01:04 -0700] "GET /mauritania.html HTTP/1.1" 200 5710 "-" "msnbot-media/1.1 (+http://search.msn.com/msnbot.htm)" "www.saveaslave.com"
203.214.47.81 - - [03/Oct/2015:18:04:16 -0700] "GET /images/countrymap/solomon-islands.gif HTTP/1.1" 200 122217 "https://www.google.com.au/" "Mozilla/5.0 (Windows NT 6.1) AppleWebKit/537.36 (KHTML, like Gecko) Chrome/45.0.2454.101 Safari/537.36" "www.saveaslave.com"
207.46.13.160 - - [03/Oct/2015:18:04:59 -0700] "GET /robots.txt HTTP/1.1" 404 89 "-" "Mozilla/5.0 (compatible; bingbot/2.0; +http://www.bing.com/bingbot.htm)" "saveaslave.com"
157.55.39.101 - - [03/Oct/2015:18:07:48 -0700] "GET /luxembourg.html HTTP/1.1" 200 5711 "-" "msnbot-media/1.1 (+http://search.msn.com/msnbot.htm)" "www.saveaslave.com"
180.76.15.12 - - [03/Oct/2015:18:08:15 -0700] "GET / HTTP/1.1" 200 46654 "-" "Mozilla/5.0 (compatible; Baiduspider/2.0; +http://www.baidu.com/search/spider.html)" "www.saveaslave.com"
157.55.39.113 - - [03/Oct/2015:18:11:06 -0700] "GET /malaysia.html HTTP/1.1" 200 5692 "-" "msnbot-media/1.1 (+http://search.msn.com/msnbot.htm)" "www.saveaslave.com"
157.55.39.103 - - [03/Oct/2015:18:13:06 -0700] "GET / HTTP/1.1" 200 46654 "-" "Mozilla/5.0 (compatible; bingbot/2.0; +http://www.bing.com/bingbot.htm)" "saveaslave.com"
199.30.25.31 - - [03/Oct/2015:18:13:08 -0700] "GET /css/style.css HTTP/1.1" 200 1400 "http://saveaslave.com/" "Mozilla/5.0 (Windows NT 6.1; WOW64) AppleWebKit/534+ (KHTML, like Gecko) BingPreview/1.0b" "saveaslave.com"
199.30.25.31 - - [03/Oct/2015:18:13:09 -0700] "GET /images/header.png HTTP/1.1" 200 104524 "http://saveaslave.com/" "Mozilla/5.0 (Windows NT 6.1; WOW64) AppleWebKit/534+ (KHTML, like Gecko) BingPreview/1.0b" "saveaslave.com"
199.30.25.31 - - [03/Oct/2015:18:13:10 -0700] "GET /images/slaves.jpg HTTP/1.1" 200 86777 "http://saveaslave.com/" "Mozilla/5.0 (Windows NT 6.1; WOW64) AppleWebKit/534+ (KHTML, like Gecko) BingPreview/1.0b" "saveaslave.com"
199.30.25.31 - - [03/Oct/2015:18:13:10 -0700] "GET /addlink.php?page=index.html HTTP/1.1" 200 16511 "http://saveaslave.com/" "Mozilla/5.0 (Windows NT 6.1; WOW64) AppleWebKit/534+ (KHTML, like Gecko) BingPreview/1.0b" "www.saveaslave.com"
199.30.25.31 - - [03/Oct/2015:18:13:11 -0700] "GET /listlink.php?page=index.html HTTP/1.1" 200 10417 "http://saveaslave.com/" "Mozilla/5.0 (Windows NT 6.1; WOW64) AppleWebKit/534+ (KHTML, like Gecko) BingPreview/1.0b" "www.saveaslave.com"
207.46.13.98 - - [03/Oct/2015:18:14:47 -0700] "GET /robots.txt HTTP/1.1" 404 89 "-" "Mozilla/5.0 (compatible; bingbot/2.0; +http://www.bing.com/bingbot.htm)" "saveaslave.com"
46.4.94.226 - - [03/Oct/2015:18:23:47 -0700] "GET /saint-lucia.html HTTP/1.1" 200 5719 "-" "Riddler (http://riddler.io/about)" "www.saveaslave.com"
157.55.39.113 - - [03/Oct/2015:18:24:08 -0700] "GET /alandislands HTTP/1.1" 404 89 "-" "msnbot-media/1.1 (+http://search.msn.com/msnbot.htm)" "www.saveaslave.com"
62.210.247.93 - - [03/Oct/2015:18:24:25 -0700] "GET /robots.txt HTTP/1.1" 404 89 "-" "Riddler (http://riddler.io/about)" "www.saveaslave.com"
62.210.247.93 - - [03/Oct/2015:18:24:25 -0700] "GET /azkaban.html HTTP/1.1" 200 12664 "-" "Riddler (http://riddler.io/about)" "www.saveaslave.com"
207.46.13.98 - - [03/Oct/2015:18:26:41 -0700] "GET /korea_south HTTP/1.1" 404 89 "-" "msnbot-media/1.1 (+http://search.msn.com/msnbot.htm)" "www.saveaslave.com"
188.165.15.201 - - [03/Oct/2015:18:37:05 -0700] "GET /sweden.html HTTP/1.1" 200 5677 "-" "Mozilla/5.0 (compatible; AhrefsBot/5.0; +http://ahrefs.com/robot/)" "saveaslave.com"
188.165.15.201 - - [03/Oct/2015:18:37:48 -0700] "GET /luxembourg.html HTTP/1.1" 200 5711 "-" "Mozilla/5.0 (compatible; AhrefsBot/5.0; +http://ahrefs.com/robot/)" "www.saveaslave.com"
153.107.97.171 - - [03/Oct/2015:18:38:30 -0700] "GET /images/header.png HTTP/1.1" 200 104524 "-" "Mozilla/4.0 (compatible;)" "www.saveaslave.com"
62.210.138.77 - - [03/Oct/2015:18:39:09 -0700] "GET /jquery-1.3.2.min.js HTTP/1.1" 200 57254 "http://www.saveaslave.com/" "Mozilla/5.0 (X11; Linux x86_64) AppleWebKit/537.36 (KHTML, like Gecko) Chrome/28.0.1500.71 Safari/537.36" "www.saveaslave.com"
62.210.138.77 - - [03/Oct/2015:18:39:09 -0700] "GET /jquery.marquee.js HTTP/1.1" 200 6560 "http://www.saveaslave.com/" "Mozilla/5.0 (X11; Linux x86_64) AppleWebKit/537.36 (KHTML, like Gecko) Chrome/28.0.1500.71 Safari/537.36" "www.saveaslave.com"
180.76.15.23 - - [03/Oct/2015:18:51:55 -0700] "GET /wake-island.html HTTP/1.1" 200 5722 "-" "Mozilla/5.0 (compatible; Baiduspider/2.0; +http://www.baidu.com/search/spider.html)" "www.saveaslave.com"
190.115.188.34 - - [03/Oct/2015:19:02:50 -0700] "GET / HTTP/1.1" 200 46654 "-" "Mozilla/5.0 (Windows NT 6.3; WOW64) AppleWebKit/537.36 (KHTML, like Gecko) Chrome/45.0.2454.101 Safari/537.36" "www.saveaslave.com"
212.232.24.2 - - [03/Oct/2015:19:03:49 -0700] "GET /burundi.html HTTP/1.1" 200 5657 "-" "betaBot" "www.saveaslave.com"
212.232.24.2 - - [03/Oct/2015:19:03:49 -0700] "GET /finland.html HTTP/1.1" 200 6902 "-" "betaBot" "www.saveaslave.com"
212.232.24.2 - - [03/Oct/2015:19:03:54 -0700] "GET /gambia.html HTTP/1.1" 200 5687 "-" "betaBot" "www.saveaslave.com"
212.232.24.2 - - [03/Oct/2015:19:03:55 -0700] "GET /seychelles.html HTTP/1.1" 200 5710 "-" "betaBot" "www.saveaslave.com"
212.232.24.2 - - [03/Oct/2015:19:03:56 -0700] "GET /kyrgyzstan.html HTTP/1.1" 200 5711 "-" "betaBot" "www.saveaslave.com"
212.232.24.2 - - [03/Oct/2015:19:03:58 -0700] "GET /botswana.html HTTP/1.1" 200 5669 "-" "betaBot" "www.saveaslave.com"
212.232.24.2 - - [03/Oct/2015:19:04:00 -0700] "GET /guinea.html HTTP/1.1" 200 5675 "-" "betaBot" "www.saveaslave.com"
212.232.24.2 - - [03/Oct/2015:19:04:01 -0700] "GET /united-arab-emirates.html HTTP/1.1" 200 5769 "-" "betaBot" "www.saveaslave.com"
212.232.24.2 - - [03/Oct/2015:19:04:02 -0700] "GET /rwanda.html HTTP/1.1" 200 5674 "-" "betaBot" "www.saveaslave.com"
212.232.24.2 - - [03/Oct/2015:19:04:03 -0700] "GET /saudi-arabia.html HTTP/1.1" 200 5728 "-" "betaBot" "www.saveaslave.com"
212.232.24.2 - - [03/Oct/2015:19:04:04 -0700] "GET /argentina.html HTTP/1.1" 200 5636 "-" "betaBot" "www.saveaslave.com"
212.232.24.2 - - [03/Oct/2015:19:04:06 -0700] "GET /south-sudan.html HTTP/1.1" 200 5719 "-" "betaBot" "www.saveaslave.com"
212.232.24.2 - - [03/Oct/2015:19:04:07 -0700] "GET /bolivia.html HTTP/1.1" 200 5606 "-" "betaBot" "www.saveaslave.com"
212.232.24.2 - - [03/Oct/2015:19:04:07 -0700] "GET /greenland.html HTTP/1.1" 200 5702 "-" "betaBot" "www.saveaslave.com"
212.232.24.2 - - [03/Oct/2015:19:04:08 -0700] "GET /antigua-and-barbuda.html HTTP/1.1" 200 5694 "-" "betaBot" "www.saveaslave.com"
212.232.24.2 - - [03/Oct/2015:19:04:09 -0700] "GET /sudan.html HTTP/1.1" 200 5668 "-" "betaBot" "www.saveaslave.com"
190.115.188.34 - - [03/Oct/2015:19:04:10 -0700] "POST /addlink.php?page=index.html HTTP/1.1" 200 16266 "http://www.saveaslave.com/addlink.php?page=index.html" "Mozilla/5.0 (Windows NT 6.3; WOW64) AppleWebKit/537.36 (KHTML, like Gecko) Chrome/45.0.2454.101 Safari/537.36" "www.saveaslave.com"
212.232.24.2 - - [03/Oct/2015:19:04:10 -0700] "GET /solomon-islands.html HTTP/1.1" 200 5755 "-" "betaBot" "www.saveaslave.com"
212.232.24.2 - - [03/Oct/2015:19:04:12 -0700] "GET /sint-maarten.html HTTP/1.1" 200 5728 "-" "betaBot" "www.saveaslave.com"
212.232.24.2 - - [03/Oct/2015:19:04:13 -0700] "GET /comoros.html HTTP/1.1" 200 5668 "-" "betaBot" "www.saveaslave.com"
212.232.24.2 - - [03/Oct/2015:19:04:14 -0700] "GET /switzerland.html HTTP/1.1" 200 5722 "-" "betaBot" "www.saveaslave.com"
212.232.24.2 - - [03/Oct/2015:19:04:15 -0700] "GET /burma.html HTTP/1.1" 200 5639 "-" "betaBot" "www.saveaslave.com"
190.115.188.34 - - [03/Oct/2015:19:04:51 -0700] "GET /addlink.php?page=latvia.html&lang=en HTTP/1.1" 200 16484 "http://www.saveaslave.com/country.php?name=Latvia&lang=en" "Mozilla/5.0 (Windows NT 6.3; WOW64) AppleWebKit/537.36 (KHTML, like Gecko) Chrome/45.0.2454.101 Safari/537.36" "www.saveaslave.com"
190.115.188.34 - - [03/Oct/2015:19:04:51 -0700] "GET /listlink.php?page=latvia.html&lang=en HTTP/1.1" 200 4498 "http://www.saveaslave.com/country.php?name=Latvia&lang=en" "Mozilla/5.0 (Windows NT 6.3; WOW64) AppleWebKit/537.36 (KHTML, like Gecko) Chrome/45.0.2454.101 Safari/537.36" "www.saveaslave.com"
190.115.188.34 - - [03/Oct/2015:19:04:58 -0700] "GET /country.php?name=United%20States&lang=en HTTP/1.1" 200 779 "-" "Mozilla/5.0 (Windows NT 6.3; WOW64) AppleWebKit/537.36 (KHTML, like Gecko) Chrome/45.0.2454.101 Safari/537.36" "www.saveaslave.com"
188.165.15.201 - - [03/Oct/2015:19:18:08 -0700] "GET /nepal.html HTTP/1.1" 200 5852 "-" "Mozilla/5.0 (compatible; AhrefsBot/5.0; +http://ahrefs.com/robot/)" "saveaslave.com"
157.55.39.113 - - [03/Oct/2015:19:24:07 -0700] "GET /east-timor.html HTTP/1.1" 200 5696 "-" "msnbot-media/1.1 (+http://search.msn.com/msnbot.htm)" "www.saveaslave.com"
157.55.39.113 - - [03/Oct/2015:19:31:54 -0700] "GET /macoa HTTP/1.1" 404 89 "-" "msnbot-media/1.1 (+http://search.msn.com/msnbot.htm)" "www.saveaslave.com"
50.161.255.228 - - [03/Oct/2015:19:35:13 -0700] "GET /images/countrymap/solomon-islands.gif HTTP/1.1" 200 122217 "http://www.bing.com/images/search?q=Solomon+Islands++world+map&view=detailv2&&id=A02AFAA070CB2730E1109549EED1051943277154&selectedIndex=12&ccid=vhNhHWqe&simid=607993359244201494&thid=OIP.Mbe13611d6a9e979dc5f6d1f7eb53dad9o0&mode=overlay" "Mozilla/5.0 (Windows NT 6.1; WOW64) AppleWebKit/537.36 (KHTML, like Gecko) Chrome/45.0.2454.101 Safari/537.36" "www.saveaslave.com"
207.46.13.160 - - [03/Oct/2015:19:41:45 -0700] "GET /zimbabwe.html HTTP/1.1" 200 5695 "-" "msnbot-media/1.1 (+http://search.msn.com/msnbot.htm)" "www.saveaslave.com"
207.46.13.160 - - [03/Oct/2015:19:41:46 -0700] "GET /aruba.html HTTP/1.1" 200 14875 "-" "msnbot-media/1.1 (+http://search.msn.com/msnbot.htm)" "www.saveaslave.com"
207.46.13.160 - - [03/Oct/2015:19:42:45 -0700] "GET /guadeloupe HTTP/1.1" 404 89 "-" "Mozilla/5.0 (compatible; bingbot/2.0; +http://www.bing.com/bingbot.htm)" "www.saveaslave.com"
157.55.39.113 - - [03/Oct/2015:19:47:43 -0700] "GET /paypalbutton.html HTTP/1.1" 200 3011 "-" "msnbot-media/1.1 (+http://search.msn.com/msnbot.htm)" "www.saveaslave.com"
54.243.48.119 - - [03/Oct/2015:19:49:43 -0700] "GET /uganda.html HTTP/1.1" 200 5677 "-" "Mozilla/5.0 (Windows; U; Windows NT 5.1; en-US; rv:1.9.2.8) Gecko/20100722 Firefox/3.6.8" "www.saveaslave.com"
188.165.15.201 - - [03/Oct/2015:20:01:27 -0700] "GET /sint-maarten.html HTTP/1.1" 200 5728 "-" "Mozilla/5.0 (compatible; AhrefsBot/5.0; +http://ahrefs.com/robot/)" "saveaslave.com"
157.55.39.113 - - [03/Oct/2015:20:09:48 -0700] "GET /poland HTTP/1.1" 200 5673 "-" "msnbot-media/1.1 (+http://search.msn.com/msnbot.htm)" "www.saveaslave.com"
188.165.15.201 - - [03/Oct/2015:20:29:09 -0700] "GET /peru.html HTTP/1.1" 200 5656 "-" "Mozilla/5.0 (compatible; AhrefsBot/5.0; +http://ahrefs.com/robot/)" "saveaslave.com"
66.249.69.125 - - [03/Oct/2015:20:46:44 -0700] "GET /robots.txt HTTP/1.1" 404 89 "-" "Mozilla/5.0 (compatible; Googlebot/2.1; +http://www.google.com/bot.html)" "saveaslave.com"
66.249.69.13 - - [03/Oct/2015:20:46:44 -0700] "GET /images/countrymap/malta-flag.gif HTTP/1.1" 200 9067 "-" "Googlebot-Image/1.0" "saveaslave.com"
66.249.69.125 - - [03/Oct/2015:20:46:44 -0700] "GET /images/countrymap/malta.gif HTTP/1.1" 200 19873 "-" "Googlebot-Image/1.0" "saveaslave.com"
212.232.24.2 - - [03/Oct/2015:20:50:48 -0700] "GET /georgia.html HTTP/1.1" 200 5684 "-" "betaBot" "www.saveaslave.com"
212.232.24.2 - - [03/Oct/2015:20:50:49 -0700] "GET /new-zealand.html HTTP/1.1" 200 5719 "-" "betaBot" "www.saveaslave.com"
212.232.24.2 - - [03/Oct/2015:20:50:50 -0700] "GET /vietnam.html HTTP/1.1" 200 5686 "-" "betaBot" "www.saveaslave.com"
212.232.24.2 - - [03/Oct/2015:20:50:51 -0700] "GET /ethiopia.html HTTP/1.1" 200 5695 "-" "betaBot" "www.saveaslave.com"
212.232.24.2 - - [03/Oct/2015:20:50:52 -0700] "GET /saint-kitts-nevis.html HTTP/1.1" 200 5789 "-" "betaBot" "www.saveaslave.com"
212.232.24.2 - - [03/Oct/2015:20:50:53 -0700] "GET /suriname.html HTTP/1.1" 200 5695 "-" "betaBot" "www.saveaslave.com"
212.232.24.2 - - [03/Oct/2015:20:50:55 -0700] "GET /cambodia.html HTTP/1.1" 200 5666 "-" "betaBot" "www.saveaslave.com"
212.232.24.2 - - [03/Oct/2015:20:50:57 -0700] "GET /denmark.html HTTP/1.1" 200 5657 "-" "betaBot" "www.saveaslave.com"
212.232.24.2 - - [03/Oct/2015:20:50:59 -0700] "GET /paypalbutton.html HTTP/1.1" 200 3011 "-" "betaBot" "www.saveaslave.com"
212.232.24.2 - - [03/Oct/2015:20:51:01 -0700] "GET /nauru.html HTTP/1.1" 200 5665 "-" "betaBot" "www.saveaslave.com"
212.232.24.2 - - [03/Oct/2015:20:51:03 -0700] "GET /ireland.html HTTP/1.1" 200 5684 "-" "betaBot" "www.saveaslave.com"
212.232.24.2 - - [03/Oct/2015:20:51:05 -0700] "GET /azkaban2.html HTTP/1.1" 200 9017 "-" "betaBot" "www.saveaslave.com"
212.232.24.2 - - [03/Oct/2015:20:51:06 -0700] "GET /poland.html HTTP/1.1" 200 5673 "-" "betaBot" "www.saveaslave.com"
212.232.24.2 - - [03/Oct/2015:20:51:07 -0700] "GET /oman.html HTTP/1.1" 200 5656 "-" "betaBot" "www.saveaslave.com"
212.232.24.2 - - [03/Oct/2015:20:51:08 -0700] "GET /bangladesh.html HTTP/1.1" 200 5664 "-" "betaBot" "www.saveaslave.com"
212.232.24.2 - - [03/Oct/2015:20:51:11 -0700] "GET /bahrain.html HTTP/1.1" 200 5639 "-" "betaBot" "www.saveaslave.com"
212.232.24.2 - - [03/Oct/2015:20:51:12 -0700] "GET /uzbekistan.html HTTP/1.1" 200 5713 "-" "betaBot" "www.saveaslave.com"
212.232.24.2 - - [03/Oct/2015:20:51:14 -0700] "GET /colombia.html HTTP/1.1" 200 5676 "-" "betaBot" "www.saveaslave.com"
69.30.213.82 - - [03/Oct/2015:20:54:31 -0700] "GET /latvia HTTP/1.1" 200 5674 "-" "Mozilla/5.0 (compatible; MJ12bot/v1.4.5; http://www.majestic12.co.uk/bot.php?+)" "saveaslave.com"
69.30.213.82 - - [03/Oct/2015:20:54:33 -0700] "GET /lebanon HTTP/1.1" 200 5683 "-" "Mozilla/5.0 (compatible; MJ12bot/v1.4.5; http://www.majestic12.co.uk/bot.php?+)" "saveaslave.com"
101.226.168.243 - - [03/Oct/2015:21:08:55 -0700] "GET /robots.txt HTTP/1.1" 404 89 "http://saveaslave.com/robots.txt" "Mozilla/5.0 (Windows NT 6.1) AppleWebKit/537.1 (KHTML, like Gecko) Chrome/21.0.1180.89 Safari/537.1; 360Spider(compatible; HaosouSpider; http://www.haosou.com/help/help_3_2.html)" "saveaslave.com"
157.55.39.113 - - [03/Oct/2015:21:18:23 -0700] "GET /nicaragua.html HTTP/1.1" 200 5701 "-" "msnbot-media/1.1 (+http://search.msn.com/msnbot.htm)" "www.saveaslave.com"
157.55.39.113 - - [03/Oct/2015:21:18:24 -0700] "GET /syria.html HTTP/1.1" 200 5668 "-" "msnbot-media/1.1 (+http://search.msn.com/msnbot.htm)" "www.saveaslave.com"
180.76.15.28 - - [03/Oct/2015:21:20:45 -0700] "GET /swaziland.html HTTP/1.1" 200 5704 "-" "Mozilla/5.0 (compatible; Baiduspider/2.0; +http://www.baidu.com/search/spider.html)" "www.saveaslave.com"
72.168.96.124 - - [03/Oct/2015:21:34:12 -0700] "GET /addlink.php?page=index.html HTTP/1.1" 200 16475 "http://www.saveaslave.com/" "Mozilla/5.0 (Windows NT 6.1; WOW64; Trident/7.0; rv:11.0) like Gecko" "www.saveaslave.com"
154.70.51.44 - - [03/Oct/2015:21:45:52 -0700] "GET /images/countrymap/solomon-islands.gif HTTP/1.1" 200 122217 "https://www.google.com" "Mozilla/5.0 (Windows NT 6.3; rv:40.0) Gecko/20100101 Firefox/40.0" "www.saveaslave.com"
123.125.71.54 - - [03/Oct/2015:21:52:35 -0700] "GET /spain.html HTTP/1.1" 200 5665 "-" "Mozilla/5.0 (compatible; Baiduspider/2.0; +http://www.baidu.com/search/spider.html)" "www.saveaslave.com"
123.125.71.48 - - [03/Oct/2015:21:52:40 -0700] "GET /robots.txt HTTP/1.1" 404 89 "-" "Mozilla/5.0 (Windows NT 5.1; rv:6.0.2) Gecko/20100101 Firefox/6.0.2" "www.saveaslave.com"
207.46.13.160 - - [03/Oct/2015:21:52:45 -0700] "GET /robots.txt HTTP/1.1" 404 89 "-" "Mozilla/5.0 (compatible; bingbot/2.0; +http://www.bing.com/bingbot.htm)" "saveaslave.com"
66.249.69.65 - - [03/Oct/2015:22:02:18 -0700] "GET /images/countrymap/georgia-flag.jpg HTTP/1.1" 200 3730 "-" "Googlebot-Image/1.0" "www.saveaslave.com"
180.76.15.150 - - [03/Oct/2015:22:03:45 -0700] "GET /mexico.html HTTP/1.1" 200 6067 "-" "Mozilla/5.0 (compatible; Baiduspider/2.0; +http://www.baidu.com/search/spider.html)" "www.saveaslave.com"
157.55.39.113 - - [03/Oct/2015:22:04:21 -0700] "GET /marshall-islands.html HTTP/1.1" 200 5764 "-" "msnbot-media/1.1 (+http://search.msn.com/msnbot.htm)" "www.saveaslave.com"
123.125.71.33 - - [03/Oct/2015:22:25:55 -0700] "GET /united-states.html HTTP/1.1" 200 6008 "-" "Mozilla/5.0 (compatible; Baiduspider/2.0; +http://www.baidu.com/search/spider.html)" "www.saveaslave.com"
65.36.241.48 - - [03/Oct/2015:22:38:01 -0700] "HEAD / HTTP/1.1" 200 0 "-" "InternetSeer.com" "www.saveaslave.com"
207.46.13.98 - - [03/Oct/2015:22:40:50 -0700] "GET /jordan.html HTTP/1.1" 200 5675 "-" "msnbot-media/1.1 (+http://search.msn.com/msnbot.htm)" "www.saveaslave.com"
166.88.107.72 - - [03/Oct/2015:22:42:38 -0700] "GET /antigua-and-barbuda.html HTTP/1.1" 200 5694 "http://www.saveaslave.com/" "Mozilla/5.0 (Macintosh; Intel Mac OS X 10.9; rv:35.0) Gecko/20100101 Firefox/35.0" "www.saveaslave.com"
207.46.13.160 - - [03/Oct/2015:22:50:16 -0700] "GET /india.html HTTP/1.1" 200 6040 "-" "Mozilla/5.0 (compatible; bingbot/2.0; +http://www.bing.com/bingbot.htm)" "saveaslave.com"
207.46.13.160 - - [03/Oct/2015:22:50:17 -0700] "GET /united-arab-emirates.html HTTP/1.1" 200 5769 "-" "Mozilla/5.0 (compatible; bingbot/2.0; +http://www.bing.com/bingbot.htm)" "saveaslave.com"
207.46.13.98 - - [03/Oct/2015:22:52:10 -0700] "GET /guinea.html HTTP/1.1" 200 5675 "-" "msnbot-media/1.1 (+http://search.msn.com/msnbot.htm)" "www.saveaslave.com"
100.43.85.29 - - [03/Oct/2015:22:57:58 -0700] "GET /robots.txt HTTP/1.1" 404 89 "-" "Mozilla/5.0 (compatible; YandexBot/3.0; +http://yandex.com/bots)" "saveaslave.com"
100.43.81.155 - - [03/Oct/2015:22:58:02 -0700] "GET /sitemap.xml HTTP/1.1" 404 89 "-" "Mozilla/5.0 (compatible; YandexBot/3.0; +http://yandex.com/bots)" "saveaslave.com"
123.125.71.24 - - [03/Oct/2015:22:59:15 -0700] "GET /qatar.html HTTP/1.1" 200 5665 "-" "Mozilla/5.0 (compatible; Baiduspider/2.0; +http://www.baidu.com/search/spider.html)" "www.saveaslave.com"
157.55.39.113 - - [03/Oct/2015:23:02:27 -0700] "GET /ecard.html HTTP/1.1" 404 89 "-" "msnbot-media/1.1 (+http://search.msn.com/msnbot.htm)" "www.saveaslave.com"
157.55.39.113 - - [03/Oct/2015:23:34:29 -0700] "GET /robots.txt HTTP/1.1" 404 89 "-" "Mozilla/5.0 (compatible; bingbot/2.0; +http://www.bing.com/bingbot.htm)" "www.saveaslave.com"
54.243.48.119 - - [03/Oct/2015:23:44:24 -0700] "GET /burma.html HTTP/1.1" 200 5639 "-" "Mozilla/5.0 (Windows; U; Windows NT 5.1; en-US; rv:1.9.2.8) Gecko/20100722 Firefox/3.6.8" "www.saveaslave.com"
157.55.39.113 - - [03/Oct/2015:23:46:22 -0700] "GET /saint-barthelemy.html HTTP/1.1" 200 5764 "-" "msnbot-media/1.1 (+http://search.msn.com/msnbot.htm)" "www.saveaslave.com"
62.210.247.93 - - [03/Oct/2015:23:54:07 -0700] "GET /robots.txt HTTP/1.1" 404 89 "-" "Riddler (http://riddler.io/about)" "www.saveaslave.com"
62.210.247.93 - - [03/Oct/2015:23:54:07 -0700] "GET /us-virgin-islands.html HTTP/1.1" 200 5799 "-" "Riddler (http://riddler.io/about)" "www.saveaslave.com"
58.106.8.223 - - [03/Oct/2015:23:59:20 -0700] "GET /images/countrymap/solomon-islands.gif HTTP/1.1" 200 122217 "https://www.google.com.au/" "Mozilla/5.0 (Windows NT 6.1; WOW64) AppleWebKit/537.36 (KHTML, like Gecko) Chrome/45.0.2454.85 Safari/537.36" "www.saveaslave.com"
37.229.146.222 - - [04/Oct/2015:00:03:03 -0700] "GET /images/countrymap/bosnia-herzegovina.jpg HTTP/1.1" 200 42063 "-" "Mozilla/5.0 (Windows NT 6.1; WOW64) AppleWebKit/537.36 (KHTML, like Gecko) Chrome/45.0.2454.93 Safari/537.36 OPR/32.0.1948.69" "www.saveaslave.com"
65.36.241.48 - - [04/Oct/2015:00:09:25 -0700] "HEAD / HTTP/1.1" 200 0 "-" "InternetSeer.com" "www.saveaslave.com"
188.165.15.201 - - [04/Oct/2015:00:12:58 -0700] "GET /wallis-and-futuna.html HTTP/1.1" 200 5756 "-" "Mozilla/5.0 (compatible; AhrefsBot/5.0; +http://ahrefs.com/robot/)" "saveaslave.com"
207.46.13.98 - - [04/Oct/2015:00:18:09 -0700] "GET /links.html HTTP/1.1" 404 89 "-" "msnbot-media/1.1 (+http://search.msn.com/msnbot.htm)" "www.saveaslave.com"
178.128.89.240 - - [04/Oct/2015:00:18:47 -0700] "GET /managecountry.php HTTP/1.1" 200 1294 "-" "Mozilla/5.0 (Windows NT 10.0; WOW64) AppleWebKit/537.36 (KHTML, like Gecko) Chrome/45.0.2454.101 Safari/537.36" "www.saveaslave.com"
178.128.89.240 - - [04/Oct/2015:00:18:48 -0700] "GET /favicon.ico HTTP/1.1" 404 89 "http://www.saveaslave.com/managecountry.php" "Mozilla/5.0 (Windows NT 10.0; WOW64) AppleWebKit/537.36 (KHTML, like Gecko) Chrome/45.0.2454.101 Safari/537.36" "www.saveaslave.com"
178.128.89.240 - - [04/Oct/2015:00:19:40 -0700] "GET /managecountry.php?name=Haiti&lang=en HTTP/1.1" 200 26435 "http://www.saveaslave.com/managecountry.php" "Mozilla/5.0 (Windows NT 10.0; WOW64) AppleWebKit/537.36 (KHTML, like Gecko) Chrome/45.0.2454.101 Safari/537.36" "www.saveaslave.com"
178.128.89.240 - - [04/Oct/2015:00:19:40 -0700] "GET /images/shadow.gif HTTP/1.1" 404 89 "http://www.saveaslave.com/css/managecountry.css" "Mozilla/5.0 (Windows NT 10.0; WOW64) AppleWebKit/537.36 (KHTML, like Gecko) Chrome/45.0.2454.101 Safari/537.36" "www.saveaslave.com"
157.55.39.113 - - [04/Oct/2015:00:23:20 -0700] "GET /seychelles HTTP/1.1" 200 5710 "-" "msnbot-media/1.1 (+http://search.msn.com/msnbot.htm)" "www.saveaslave.com"
178.128.89.240 - - [04/Oct/2015:00:47:32 -0700] "GET /password_protect.php?logout=1 HTTP/1.1" 200 416 "http://testwebpageonline.com/managelink.php" "Mozilla/5.0 (Windows NT 10.0; WOW64) AppleWebKit/537.36 (KHTML, like Gecko) Chrome/45.0.2454.101 Safari/537.36" "www.saveaslave.com"
178.128.89.240 - - [04/Oct/2015:00:47:34 -0700] "GET / HTTP/1.1" 200 46654 "http://testwebpageonline.com/managelink.php" "Mozilla/5.0 (Windows NT 10.0; WOW64) AppleWebKit/537.36 (KHTML, like Gecko) Chrome/45.0.2454.101 Safari/537.36" "www.saveaslave.com"
178.128.89.240 - - [04/Oct/2015:00:47:36 -0700] "GET /listlink.php?page=index.html HTTP/1.1" 200 10417 "http://www.saveaslave.com/" "Mozilla/5.0 (Windows NT 10.0; WOW64) AppleWebKit/537.36 (KHTML, like Gecko) Chrome/45.0.2454.101 Safari/537.36" "www.saveaslave.com"
178.128.89.240 - - [04/Oct/2015:00:47:37 -0700] "GET /addlink.php?page=index.html HTTP/1.1" 200 16475 "http://www.saveaslave.com/" "Mozilla/5.0 (Windows NT 10.0; WOW64) AppleWebKit/537.36 (KHTML, like Gecko) Chrome/45.0.2454.101 Safari/537.36" "www.saveaslave.com"
178.128.89.240 - - [04/Oct/2015:00:47:37 -0700] "GET /password_protect.php?logout=1 HTTP/1.1" 200 416 "http://www.saveaslave.com/managecountry.php?name=Haiti&lang=en" "Mozilla/5.0 (Windows NT 10.0; WOW64) AppleWebKit/537.36 (KHTML, like Gecko) Chrome/45.0.2454.101 Safari/537.36" "www.saveaslave.com"
178.128.89.240 - - [04/Oct/2015:00:47:37 -0700] "GET / HTTP/1.1" 200 46654 "http://www.saveaslave.com/managecountry.php?name=Haiti&lang=en" "Mozilla/5.0 (Windows NT 10.0; WOW64) AppleWebKit/537.36 (KHTML, like Gecko) Chrome/45.0.2454.101 Safari/537.36" "www.saveaslave.com"
178.128.89.240 - - [04/Oct/2015:00:47:43 -0700] "GET /listlink.php?page=index.html HTTP/1.1" 200 10417 "http://www.saveaslave.com/" "Mozilla/5.0 (Windows NT 10.0; WOW64) AppleWebKit/537.36 (KHTML, like Gecko) Chrome/45.0.2454.101 Safari/537.36" "www.saveaslave.com"
