136.243.36.81 - - [05/Jun/2015:17:17:48 -0700] "GET /togo.html HTTP/1.1" 200 5659 "-" "Mozilla/5.0 (compatible; BLEXBot/1.0; +http://webmeup-crawler.com/)" "www.saveaslave.com"
136.243.36.81 - - [05/Jun/2015:17:17:53 -0700] "GET /tonga.html HTTP/1.1" 200 5668 "-" "Mozilla/5.0 (compatible; BLEXBot/1.0; +http://webmeup-crawler.com/)" "www.saveaslave.com"
136.243.36.81 - - [05/Jun/2015:17:17:59 -0700] "GET /trinidad-tobago.html HTTP/1.1" 200 5774 "-" "Mozilla/5.0 (compatible; BLEXBot/1.0; +http://webmeup-crawler.com/)" "www.saveaslave.com"
136.243.36.81 - - [05/Jun/2015:17:18:52 -0700] "GET /turks-caicos-islands.html HTTP/1.1" 200 5819 "-" "Mozilla/5.0 (compatible; BLEXBot/1.0; +http://webmeup-crawler.com/)" "www.saveaslave.com"
136.243.36.81 - - [05/Jun/2015:17:18:56 -0700] "GET /tuvalu.html HTTP/1.1" 200 5677 "-" "Mozilla/5.0 (compatible; BLEXBot/1.0; +http://webmeup-crawler.com/)" "www.saveaslave.com"
136.243.36.81 - - [05/Jun/2015:17:19:40 -0700] "GET /united-states.html HTTP/1.1" 200 6008 "-" "Mozilla/5.0 (compatible; BLEXBot/1.0; +http://webmeup-crawler.com/)" "www.saveaslave.com"
136.243.36.81 - - [05/Jun/2015:17:20:00 -0700] "GET /us-virgin-islands.html HTTP/1.1" 200 5799 "-" "Mozilla/5.0 (compatible; BLEXBot/1.0; +http://webmeup-crawler.com/)" "www.saveaslave.com"
136.243.36.81 - - [05/Jun/2015:17:20:06 -0700] "GET /uzbekistan.html HTTP/1.1" 200 5713 "-" "Mozilla/5.0 (compatible; BLEXBot/1.0; +http://webmeup-crawler.com/)" "www.saveaslave.com"
136.243.36.81 - - [05/Jun/2015:17:20:11 -0700] "GET /vanuatu.html HTTP/1.1" 200 5686 "-" "Mozilla/5.0 (compatible; BLEXBot/1.0; +http://webmeup-crawler.com/)" "www.saveaslave.com"
136.243.36.81 - - [05/Jun/2015:17:20:46 -0700] "GET /wake-island.html HTTP/1.1" 200 5722 "-" "Mozilla/5.0 (compatible; BLEXBot/1.0; +http://webmeup-crawler.com/)" "www.saveaslave.com"
136.243.36.81 - - [05/Jun/2015:17:20:51 -0700] "GET /wallis-and-futuna.html HTTP/1.1" 200 5756 "-" "Mozilla/5.0 (compatible; BLEXBot/1.0; +http://webmeup-crawler.com/)" "www.saveaslave.com"
72.168.96.126 - - [05/Jun/2015:17:23:14 -0700] "GET / HTTP/1.1" 200 23116 "-" "Mozilla/5.0 (Windows NT 6.1; WOW64; Trident/7.0; rv:11.0) like Gecko" "www.saveaslave.com"
72.168.96.126 - - [05/Jun/2015:17:23:15 -0700] "GET /images/sas_button.gif HTTP/1.1" 200 2628 "http://www.saveaslave.com/" "Mozilla/5.0 (Windows NT 6.1; WOW64; Trident/7.0; rv:11.0) like Gecko" "www.saveaslave.com"
72.168.96.126 - - [05/Jun/2015:17:23:15 -0700] "GET /jquery.marquee.js HTTP/1.1" 200 6560 "http://www.saveaslave.com/" "Mozilla/5.0 (Windows NT 6.1; WOW64; Trident/7.0; rv:11.0) like Gecko" "www.saveaslave.com"
72.168.96.126 - - [05/Jun/2015:17:23:16 -0700] "GET /images/slaves.jpg HTTP/1.1" 200 86777 "http://www.saveaslave.com/" "Mozilla/5.0 (Windows NT 6.1; WOW64; Trident/7.0; rv:11.0) like Gecko" "www.saveaslave.com"
23.30.184.86 - - [05/Jun/2015:17:26:10 -0700] "GET /images/countrymap/morocco-flag.gif HTTP/1.1" 200 15618 "https://www.google.com/" "Mozilla/5.0 (iPhone; CPU iPhone OS 8_3 like Mac OS X) AppleWebKit/600.1.4 (KHTML, like Gecko) Version/8.0 Mobile/12F70 Safari/600.1.4" "www.saveaslave.com"
23.30.184.86 - - [05/Jun/2015:17:28:31 -0700] "GET /images/countrymap/morocco.gif HTTP/1.1" 200 17961 "https://www.google.com/" "Mozilla/5.0 (iPhone; CPU iPhone OS 8_3 like Mac OS X) AppleWebKit/600.1.4 (KHTML, like Gecko) Version/8.0 Mobile/12F70 Safari/600.1.4" "www.saveaslave.com"
66.249.75.51 - - [05/Jun/2015:18:11:53 -0700] "GET /robots.txt HTTP/1.1" 404 89 "-" "Mozilla/5.0 (compatible; Googlebot/2.1; +http://www.google.com/bot.html)" "saveaslave.com"
162.209.101.250 - - [05/Jun/2015:18:20:29 -0700] "GET /zambia.html HTTP/1.1" 200 5677 "-" "Mozilla/5.0 (Windows NT 6.1; WOW64; rv:33.0) Gecko/20100101 Firefox/33.0" "www.saveaslave.com"
178.137.84.254 - - [05/Jun/2015:18:23:05 -0700] "GET / HTTP/1.1" 200 23116 "http://0n-line.tv/" "Opera/8.01 (Windows NT 5.1)" "saveaslave.com"
157.55.39.179 - - [05/Jun/2015:18:40:21 -0700] "GET /cyprus.html HTTP/1.1" 200 5651 "-" "Mozilla/5.0 (compatible; bingbot/2.0; +http://www.bing.com/bingbot.htm)" "saveaslave.com"
208.112.30.107 - - [05/Jun/2015:18:42:49 -0700] "GET /wp-admin/ HTTP/1.1" 404 89 "-" "-" "saveaslave.com"
157.55.39.208 - - [05/Jun/2015:18:42:58 -0700] "GET /bulgaria.html HTTP/1.1" 200 5666 "-" "Mozilla/5.0 (compatible; bingbot/2.0; +http://www.bing.com/bingbot.htm)" "www.saveaslave.com"
157.55.39.208 - - [05/Jun/2015:18:44:36 -0700] "GET /robots.txt HTTP/1.1" 404 89 "-" "Mozilla/5.0 (compatible; bingbot/2.0; +http://www.bing.com/bingbot.htm)" "www.saveaslave.com"
157.55.39.178 - - [05/Jun/2015:18:44:44 -0700] "GET /robots.txt HTTP/1.1" 404 89 "-" "Mozilla/5.0 (compatible; bingbot/2.0; +http://www.bing.com/bingbot.htm)" "www.saveaslave.com"
207.46.13.113 - - [05/Jun/2015:18:48:42 -0700] "GET /robots.txt HTTP/1.1" 404 89 "-" "Mozilla/5.0 (compatible; bingbot/2.0; +http://www.bing.com/bingbot.htm)" "www.saveaslave.com"
157.55.39.28 - - [05/Jun/2015:18:51:29 -0700] "GET /robots.txt HTTP/1.1" 404 89 "-" "Mozilla/5.0 (compatible; bingbot/2.0; +http://www.bing.com/bingbot.htm)" "www.saveaslave.com"
184.168.200.228 - - [05/Jun/2015:18:51:49 -0700] "GET /test/wp-admin/ HTTP/1.1" 404 89 "-" "-" "saveaslave.com"
207.46.13.113 - - [05/Jun/2015:18:54:32 -0700] "GET /macau.html HTTP/1.1" 200 5665 "-" "msnbot-media/1.1 (+http://search.msn.com/msnbot.htm)" "www.saveaslave.com"
157.55.39.208 - - [05/Jun/2015:18:59:02 -0700] "GET /images/countrymap/bulgaria-flag.jpg HTTP/1.1" 200 1736 "-" "Mozilla/5.0 (compatible; bingbot/2.0; +http://www.bing.com/bingbot.htm)" "www.saveaslave.com"
146.255.100.103 - - [05/Jun/2015:19:09:55 -0700] "GET /blog/wp-admin/ HTTP/1.1" 404 89 "-" "-" "saveaslave.com"
157.55.39.208 - - [05/Jun/2015:19:17:18 -0700] "GET /robots.txt HTTP/1.1" 404 89 "-" "Mozilla/5.0 (compatible; bingbot/2.0; +http://www.bing.com/bingbot.htm)" "www.saveaslave.com"
71.171.28.39 - - [05/Jun/2015:19:19:33 -0700] "GET /managelink.php?id_to_delete=4 HTTP/1.1" 200 3486 "http://saveaslave.com/managelink.php" "Mozilla/5.0 (Windows NT 6.3; WOW64) AppleWebKit/537.36 (KHTML, like Gecko) Chrome/43.0.2357.81 Safari/537.36" "saveaslave.com"
157.55.39.208 - - [05/Jun/2015:19:27:02 -0700] "GET /cambodia.html HTTP/1.1" 200 5666 "-" "msnbot-media/1.1 (+http://search.msn.com/msnbot.htm)" "www.saveaslave.com"
71.171.28.39 - - [05/Jun/2015:19:29:56 -0700] "GET /butn/ HTTP/1.1" 200 14045 "-" "Mozilla/5.0 (Windows NT 6.3; WOW64) AppleWebKit/537.36 (KHTML, like Gecko) Chrome/43.0.2357.81 Safari/537.36" "saveaslave.com"
71.171.28.39 - - [05/Jun/2015:19:29:56 -0700] "GET /butn/phpmyadmin.css.php?token=a164f8c6732a44abc14d46c51100ab71&js_frame=right&nocache=4290563161 HTTP/1.1" 200 20584 "http://saveaslave.com/butn/" "Mozilla/5.0 (Windows NT 6.3; WOW64) AppleWebKit/537.36 (KHTML, like Gecko) Chrome/43.0.2357.81 Safari/537.36" "saveaslave.com"
71.171.28.39 - - [05/Jun/2015:19:30:02 -0700] "POST /butn/index.php HTTP/1.1" 302 5 "http://saveaslave.com/butn/" "Mozilla/5.0 (Windows NT 6.3; WOW64) AppleWebKit/537.36 (KHTML, like Gecko) Chrome/43.0.2357.81 Safari/537.36" "saveaslave.com"
71.171.28.39 - - [05/Jun/2015:19:30:03 -0700] "GET /butn/index.php?lang=en-utf-8&token=a164f8c6732a44abc14d46c51100ab71 HTTP/1.1" 200 2732 "http://saveaslave.com/butn/" "Mozilla/5.0 (Windows NT 6.3; WOW64) AppleWebKit/537.36 (KHTML, like Gecko) Chrome/43.0.2357.81 Safari/537.36" "saveaslave.com"
71.171.28.39 - - [05/Jun/2015:19:30:05 -0700] "GET /butn/navigation.php?lang=en-utf-8&token=a164f8c6732a44abc14d46c51100ab71 HTTP/1.1" 200 1721 "http://saveaslave.com/butn/index.php?lang=en-utf-8&token=a164f8c6732a44abc14d46c51100ab71" "Mozilla/5.0 (Windows NT 6.3; WOW64) AppleWebKit/537.36 (KHTML, like Gecko) Chrome/43.0.2357.81 Safari/537.36" "saveaslave.com"
71.171.28.39 - - [05/Jun/2015:19:30:06 -0700] "GET /butn/main.php?lang=en-utf-8&token=a164f8c6732a44abc14d46c51100ab71 HTTP/1.1" 200 6921 "http://saveaslave.com/butn/index.php?lang=en-utf-8&token=a164f8c6732a44abc14d46c51100ab71" "Mozilla/5.0 (Windows NT 6.3; WOW64) AppleWebKit/537.36 (KHTML, like Gecko) Chrome/43.0.2357.81 Safari/537.36" "saveaslave.com"
71.171.28.39 - - [05/Jun/2015:19:30:06 -0700] "GET /butn/phpmyadmin.css.php?token=a164f8c6732a44abc14d46c51100ab71&js_frame=left&nocache=4290563161 HTTP/1.1" 200 4106 "http://saveaslave.com/butn/navigation.php?lang=en-utf-8&token=a164f8c6732a44abc14d46c51100ab71" "Mozilla/5.0 (Windows NT 6.3; WOW64) AppleWebKit/537.36 (KHTML, like Gecko) Chrome/43.0.2357.81 Safari/537.36" "saveaslave.com"
71.171.28.39 - - [05/Jun/2015:19:30:34 -0700] "GET /butn/index.php?db=saveaslave&token=a164f8c6732a44abc14d46c51100ab71 HTTP/1.1" 200 2750 "http://saveaslave.com/butn/navigation.php?lang=en-utf-8&token=a164f8c6732a44abc14d46c51100ab71" "Mozilla/5.0 (Windows NT 6.3; WOW64) AppleWebKit/537.36 (KHTML, like Gecko) Chrome/43.0.2357.81 Safari/537.36" "saveaslave.com"
71.171.28.39 - - [05/Jun/2015:19:30:35 -0700] "GET /butn/navigation.php?db=saveaslave&token=a164f8c6732a44abc14d46c51100ab71 HTTP/1.1" 200 2041 "http://saveaslave.com/butn/index.php?db=saveaslave&token=a164f8c6732a44abc14d46c51100ab71" "Mozilla/5.0 (Windows NT 6.3; WOW64) AppleWebKit/537.36 (KHTML, like Gecko) Chrome/43.0.2357.81 Safari/537.36" "saveaslave.com"
71.171.28.39 - - [05/Jun/2015:19:30:36 -0700] "GET /butn/db_structure.php?db=saveaslave&token=a164f8c6732a44abc14d46c51100ab71 HTTP/1.1" 200 3911 "http://saveaslave.com/butn/index.php?db=saveaslave&token=a164f8c6732a44abc14d46c51100ab71" "Mozilla/5.0 (Windows NT 6.3; WOW64) AppleWebKit/537.36 (KHTML, like Gecko) Chrome/43.0.2357.81 Safari/537.36" "saveaslave.com"
71.171.28.39 - - [05/Jun/2015:19:30:58 -0700] "GET /butn/tbl_change.php?db=saveaslave&table=links&token=a164f8c6732a44abc14d46c51100ab71&primary_key=+%60links%60.%60id%60+%3D+2&sql_query=SELECT+%2A+FROM+%60links%60&goto=sql.php HTTP/1.1" 200 5100 "http://saveaslave.com/butn/sql.php?db=saveaslave&table=links&token=a164f8c6732a44abc14d46c51100ab71&goto=tbl_structure.php&back=tbl_structure.php&pos=0" "Mozilla/5.0 (Windows NT 6.3; WOW64) AppleWebKit/537.36 (KHTML, like Gecko) Chrome/43.0.2357.81 Safari/537.36" "saveaslave.com"
71.171.28.39 - - [05/Jun/2015:19:32:19 -0700] "POST /butn/tbl_replace.php HTTP/1.1" 200 5035 "http://saveaslave.com/butn/tbl_change.php?db=saveaslave&table=links&token=a164f8c6732a44abc14d46c51100ab71&primary_key=+%60links%60.%60id%60+%3D+2&sql_query=SELECT+%2A+FROM+%60links%60&goto=sql.php" "Mozilla/5.0 (Windows NT 6.3; WOW64) AppleWebKit/537.36 (KHTML, like Gecko) Chrome/43.0.2357.81 Safari/537.36" "saveaslave.com"
71.171.28.39 - - [05/Jun/2015:19:36:36 -0700] "GET /managelink.php?id_to_delete=4 HTTP/1.1" 200 1883 "http://saveaslave.com/managelink.php" "Mozilla/5.0 (Windows NT 6.3; WOW64) AppleWebKit/537.36 (KHTML, like Gecko) Chrome/43.0.2357.81 Safari/537.36" "saveaslave.com"
71.171.28.39 - - [05/Jun/2015:19:36:46 -0700] "GET /managelink.php HTTP/1.1" 200 3570 "-" "Mozilla/5.0 (Windows NT 6.3; WOW64) AppleWebKit/537.36 (KHTML, like Gecko) Chrome/43.0.2357.81 Safari/537.36" "saveaslave.com"
220.181.108.184 - - [05/Jun/2015:19:38:05 -0700] "GET /tajikistan.html HTTP/1.1" 200 5713 "-" "Mozilla/5.0 (compatible; Baiduspider/2.0; +http://www.baidu.com/search/spider.html)" "www.saveaslave.com"
71.171.28.39 - - [05/Jun/2015:19:42:36 -0700] "GET /managelink.php HTTP/1.1" 200 3598 "-" "Mozilla/5.0 (Windows NT 6.3; WOW64) AppleWebKit/537.36 (KHTML, like Gecko) Chrome/43.0.2357.81 Safari/537.36" "saveaslave.com"
199.30.25.51 - - [05/Jun/2015:19:44:15 -0700] "GET /images/countrymap/bulgaria.jpg HTTP/1.1" 200 42838 "http://www.saveaslave.com/bulgaria.html" "Mozilla/5.0 (Windows NT 6.1; WOW64) AppleWebKit/534+ (KHTML, like Gecko) BingPreview/1.0b" "www.saveaslave.com"
71.171.28.39 - - [05/Jun/2015:19:45:21 -0700] "GET /managelink.php HTTP/1.1" 200 3598 "-" "Mozilla/5.0 (Windows NT 6.3; WOW64) AppleWebKit/537.36 (KHTML, like Gecko) Chrome/43.0.2357.81 Safari/537.36" "saveaslave.com"
71.171.28.39 - - [05/Jun/2015:19:45:23 -0700] "GET /managelink.php?id_to_edit=4&action=1 HTTP/1.1" 200 1883 "http://saveaslave.com/managelink.php" "Mozilla/5.0 (Windows NT 6.3; WOW64) AppleWebKit/537.36 (KHTML, like Gecko) Chrome/43.0.2357.81 Safari/537.36" "saveaslave.com"
71.171.28.39 - - [05/Jun/2015:19:45:31 -0700] "GET /managelink.php HTTP/1.1" 200 3547 "-" "Mozilla/5.0 (Windows NT 6.3; WOW64) AppleWebKit/537.36 (KHTML, like Gecko) Chrome/43.0.2357.81 Safari/537.36" "saveaslave.com"
71.171.28.39 - - [05/Jun/2015:19:46:07 -0700] "GET /managelink.php HTTP/1.1" 200 3547 "-" "Mozilla/5.0 (Windows NT 6.3; WOW64) AppleWebKit/537.36 (KHTML, like Gecko) Chrome/43.0.2357.81 Safari/537.36" "saveaslave.com"
71.171.28.39 - - [05/Jun/2015:19:46:13 -0700] "GET /managelink.php?id_to_edit=1&action=1 HTTP/1.1" 200 3466 "http://saveaslave.com/managelink.php?id_to_edit=2&action=1" "Mozilla/5.0 (Windows NT 6.3; WOW64) AppleWebKit/537.36 (KHTML, like Gecko) Chrome/43.0.2357.81 Safari/537.36" "saveaslave.com"
71.171.28.39 - - [05/Jun/2015:19:46:15 -0700] "GET /managelink.php?id_to_edit=3&action=0 HTTP/1.1" 200 3517 "http://saveaslave.com/managelink.php?id_to_edit=1&action=1" "Mozilla/5.0 (Windows NT 6.3; WOW64) AppleWebKit/537.36 (KHTML, like Gecko) Chrome/43.0.2357.81 Safari/537.36" "saveaslave.com"
71.171.28.39 - - [05/Jun/2015:19:46:18 -0700] "GET /managelink.php?id_to_edit=2&action=0 HTTP/1.1" 200 3568 "http://saveaslave.com/managelink.php?id_to_edit=3&action=0" "Mozilla/5.0 (Windows NT 6.3; WOW64) AppleWebKit/537.36 (KHTML, like Gecko) Chrome/43.0.2357.81 Safari/537.36" "saveaslave.com"
71.171.28.39 - - [05/Jun/2015:19:46:24 -0700] "GET /managelink.php?id_to_edit=4&action=0 HTTP/1.1" 200 3619 "http://saveaslave.com/managelink.php?id_to_edit=2&action=0" "Mozilla/5.0 (Windows NT 6.3; WOW64) AppleWebKit/537.36 (KHTML, like Gecko) Chrome/43.0.2357.81 Safari/537.36" "saveaslave.com"
71.171.28.39 - - [05/Jun/2015:19:46:27 -0700] "GET /managelink.php?id_to_edit=1&action=0 HTTP/1.1" 200 3670 "http://saveaslave.com/managelink.php?id_to_edit=4&action=0" "Mozilla/5.0 (Windows NT 6.3; WOW64) AppleWebKit/537.36 (KHTML, like Gecko) Chrome/43.0.2357.81 Safari/537.36" "saveaslave.com"
71.171.28.39 - - [05/Jun/2015:19:47:02 -0700] "GET /managelink.php?id_to_edit=3&action=0 HTTP/1.1" 200 3670 "http://saveaslave.com/managelink.php?id_to_edit=4&action=0" "Mozilla/5.0 (Windows NT 6.3; WOW64) AppleWebKit/537.36 (KHTML, like Gecko) Chrome/43.0.2357.81 Safari/537.36" "saveaslave.com"
71.171.28.39 - - [05/Jun/2015:19:47:03 -0700] "GET /managelink.php?id_to_edit=2&action=1 HTTP/1.1" 200 3619 "http://saveaslave.com/managelink.php?id_to_edit=3&action=0" "Mozilla/5.0 (Windows NT 6.3; WOW64) AppleWebKit/537.36 (KHTML, like Gecko) Chrome/43.0.2357.81 Safari/537.36" "saveaslave.com"
71.171.28.39 - - [05/Jun/2015:19:47:05 -0700] "GET /managelink.php?id_to_edit=1&action=1 HTTP/1.1" 200 3568 "http://saveaslave.com/managelink.php?id_to_edit=2&action=1" "Mozilla/5.0 (Windows NT 6.3; WOW64) AppleWebKit/537.36 (KHTML, like Gecko) Chrome/43.0.2357.81 Safari/537.36" "saveaslave.com"
71.171.28.39 - - [05/Jun/2015:19:47:06 -0700] "GET /managelink.php?id_to_edit=3&action=1 HTTP/1.1" 200 3517 "http://saveaslave.com/managelink.php?id_to_edit=1&action=1" "Mozilla/5.0 (Windows NT 6.3; WOW64) AppleWebKit/537.36 (KHTML, like Gecko) Chrome/43.0.2357.81 Safari/537.36" "saveaslave.com"
71.171.28.39 - - [05/Jun/2015:19:47:11 -0700] "GET /managelink.php?id_to_edit=1&action=0 HTTP/1.1" 200 3568 "http://saveaslave.com/managelink.php?id_to_edit=2&action=0" "Mozilla/5.0 (Windows NT 6.3; WOW64) AppleWebKit/537.36 (KHTML, like Gecko) Chrome/43.0.2357.81 Safari/537.36" "saveaslave.com"
71.171.28.39 - - [05/Jun/2015:19:49:05 -0700] "GET /managelink.php HTTP/1.1" 200 416 "-" "Mozilla/5.0 (Windows NT 6.3; WOW64) AppleWebKit/537.36 (KHTML, like Gecko) Chrome/43.0.2357.81 Safari/537.36" "saveaslave.com"
71.171.28.39 - - [05/Jun/2015:19:49:07 -0700] "GET /managelink.php HTTP/1.1" 200 85 "-" "Mozilla/5.0 (Windows NT 6.3; WOW64) AppleWebKit/537.36 (KHTML, like Gecko) Chrome/43.0.2357.81 Safari/537.36" "saveaslave.com"
71.171.28.39 - - [05/Jun/2015:19:49:09 -0700] "GET /managelink.php HTTP/1.1" 200 416 "-" "Mozilla/5.0 (Windows NT 6.3; WOW64) AppleWebKit/537.36 (KHTML, like Gecko) Chrome/43.0.2357.81 Safari/537.36" "saveaslave.com"
71.171.28.39 - - [05/Jun/2015:19:49:38 -0700] "GET /managelink.php HTTP/1.1" 200 3619 "-" "Mozilla/5.0 (Windows NT 6.3; WOW64) AppleWebKit/537.36 (KHTML, like Gecko) Chrome/43.0.2357.81 Safari/537.36" "saveaslave.com"
71.171.28.39 - - [05/Jun/2015:19:50:55 -0700] "GET /managelink.php?id_to_edit=4&action=0 HTTP/1.1" 200 3683 "http://saveaslave.com/managelink.php" "Mozilla/5.0 (Windows NT 6.3; WOW64) AppleWebKit/537.36 (KHTML, like Gecko) Chrome/43.0.2357.81 Safari/537.36" "saveaslave.com"
71.171.28.39 - - [05/Jun/2015:19:51:50 -0700] "GET /managelink.php HTTP/1.1" 200 3661 "-" "Mozilla/5.0 (Windows NT 6.3; WOW64) AppleWebKit/537.36 (KHTML, like Gecko) Chrome/43.0.2357.81 Safari/537.36" "saveaslave.com"
71.171.28.39 - - [05/Jun/2015:19:52:05 -0700] "GET /managelink.php HTTP/1.1" 200 3662 "-" "Mozilla/5.0 (Windows NT 6.3; WOW64) AppleWebKit/537.36 (KHTML, like Gecko) Chrome/43.0.2357.81 Safari/537.36" "saveaslave.com"
71.171.28.39 - - [05/Jun/2015:19:52:08 -0700] "GET /managelink.php HTTP/1.1" 200 3662 "-" "Mozilla/5.0 (Windows NT 6.3; WOW64) AppleWebKit/537.36 (KHTML, like Gecko) Chrome/43.0.2357.81 Safari/537.36" "saveaslave.com"
71.171.28.39 - - [05/Jun/2015:19:55:00 -0700] "GET /managelink.php HTTP/1.1" 200 3044 "-" "Mozilla/5.0 (Windows NT 6.3; WOW64) AppleWebKit/537.36 (KHTML, like Gecko) Chrome/43.0.2357.81 Safari/537.36" "saveaslave.com"
173.224.106.125 - - [05/Jun/2015:19:55:26 -0700] "GET /images/countrymap/bosnia-herzegovina.jpg HTTP/1.1" 200 42063 "https://www.google.com/" "Mozilla/5.0 (iPad; CPU OS 8_3 like Mac OS X) AppleWebKit/600.1.4 (KHTML, like Gecko) Version/8.0 Mobile/12F69 Safari/600.1.4" "www.saveaslave.com"
71.171.28.39 - - [05/Jun/2015:19:56:31 -0700] "GET /managelink.php HTTP/1.1" 200 3264 "-" "Mozilla/5.0 (Windows NT 6.3; WOW64) AppleWebKit/537.36 (KHTML, like Gecko) Chrome/43.0.2357.81 Safari/537.36" "saveaslave.com"
71.171.28.39 - - [05/Jun/2015:19:56:59 -0700] "GET /managelink.php HTTP/1.1" 200 3648 "-" "Mozilla/5.0 (Windows NT 6.3; WOW64) AppleWebKit/537.36 (KHTML, like Gecko) Chrome/43.0.2357.81 Safari/537.36" "saveaslave.com"
71.171.28.39 - - [05/Jun/2015:19:58:31 -0700] "GET /managelink.php HTTP/1.1" 200 3662 "-" "Mozilla/5.0 (Windows NT 6.3; WOW64) AppleWebKit/537.36 (KHTML, like Gecko) Chrome/43.0.2357.81 Safari/537.36" "saveaslave.com"
71.171.28.39 - - [05/Jun/2015:19:59:29 -0700] "GET /managelink.php HTTP/1.1" 200 3647 "-" "Mozilla/5.0 (Windows NT 6.3; WOW64) AppleWebKit/537.36 (KHTML, like Gecko) Chrome/43.0.2357.81 Safari/537.36" "saveaslave.com"
71.171.28.39 - - [05/Jun/2015:19:59:29 -0700] "GET /favicon.ico HTTP/1.1" 404 89 "http://saveaslave.com/managelink.php" "Mozilla/5.0 (Windows NT 6.3; WOW64) AppleWebKit/537.36 (KHTML, like Gecko) Chrome/43.0.2357.81 Safari/537.36" "saveaslave.com"
157.55.39.29 - - [05/Jun/2015:19:59:56 -0700] "GET /robots.txt HTTP/1.1" 404 89 "-" "Mozilla/5.0 (compatible; bingbot/2.0; +http://www.bing.com/bingbot.htm)" "www.saveaslave.com"
71.171.28.39 - - [05/Jun/2015:20:01:20 -0700] "GET /managelink.php HTTP/1.1" 200 3655 "-" "Mozilla/5.0 (Windows NT 6.3; WOW64) AppleWebKit/537.36 (KHTML, like Gecko) Chrome/43.0.2357.81 Safari/537.36" "saveaslave.com"
71.171.28.39 - - [05/Jun/2015:20:01:21 -0700] "GET /favicon.ico HTTP/1.1" 404 89 "http://saveaslave.com/managelink.php" "Mozilla/5.0 (Windows NT 6.3; WOW64) AppleWebKit/537.36 (KHTML, like Gecko) Chrome/43.0.2357.81 Safari/537.36" "saveaslave.com"
71.171.28.39 - - [05/Jun/2015:20:02:36 -0700] "GET /managelink.php?id_to_edit=4&action=0 HTTP/1.1" 200 3773 "http://saveaslave.com/managelink.php?id_to_edit=3&action=0" "Mozilla/5.0 (Windows NT 6.3; WOW64) AppleWebKit/537.36 (KHTML, like Gecko) Chrome/43.0.2357.81 Safari/537.36" "saveaslave.com"
71.171.28.39 - - [05/Jun/2015:20:02:44 -0700] "GET /managelink.php?id_to_edit=1&action=1 HTTP/1.1" 200 3671 "http://saveaslave.com/managelink.php?id_to_edit=2&action=1" "Mozilla/5.0 (Windows NT 6.3; WOW64) AppleWebKit/537.36 (KHTML, like Gecko) Chrome/43.0.2357.81 Safari/537.36" "saveaslave.com"
71.171.28.39 - - [05/Jun/2015:20:02:45 -0700] "GET /managelink.php?id_to_edit=2&action=0 HTTP/1.1" 200 3722 "http://saveaslave.com/managelink.php?id_to_edit=1&action=1" "Mozilla/5.0 (Windows NT 6.3; WOW64) AppleWebKit/537.36 (KHTML, like Gecko) Chrome/43.0.2357.81 Safari/537.36" "saveaslave.com"
71.171.28.39 - - [05/Jun/2015:20:02:48 -0700] "GET /managelink.php?id_to_edit=2&action=0 HTTP/1.1" 200 3722 "http://saveaslave.com/managelink.php?id_to_edit=2&action=1" "Mozilla/5.0 (Windows NT 6.3; WOW64) AppleWebKit/537.36 (KHTML, like Gecko) Chrome/43.0.2357.81 Safari/537.36" "saveaslave.com"
71.171.28.39 - - [05/Jun/2015:20:02:49 -0700] "GET /managelink.php?id_to_edit=1&action=0 HTTP/1.1" 200 3773 "http://saveaslave.com/managelink.php?id_to_edit=2&action=0" "Mozilla/5.0 (Windows NT 6.3; WOW64) AppleWebKit/537.36 (KHTML, like Gecko) Chrome/43.0.2357.81 Safari/537.36" "saveaslave.com"
71.171.28.39 - - [05/Jun/2015:20:02:51 -0700] "GET /managelink.php?id_to_edit=3&action=1 HTTP/1.1" 200 3722 "http://saveaslave.com/managelink.php?id_to_edit=1&action=0" "Mozilla/5.0 (Windows NT 6.3; WOW64) AppleWebKit/537.36 (KHTML, like Gecko) Chrome/43.0.2357.81 Safari/537.36" "saveaslave.com"
71.171.28.39 - - [05/Jun/2015:20:04:11 -0700] "GET /managelink.php?id_to_edit=4&action=0 HTTP/1.1" 200 3727 "http://saveaslave.com/managelink.php?id_to_edit=4&action=1" "Mozilla/5.0 (Windows NT 6.3; WOW64) AppleWebKit/537.36 (KHTML, like Gecko) Chrome/43.0.2357.81 Safari/537.36" "saveaslave.com"
71.171.28.39 - - [05/Jun/2015:20:06:04 -0700] "GET /managelink.php?id_to_edit=4&action=1 HTTP/1.1" 200 3676 "-" "Mozilla/5.0 (Windows NT 6.3; WOW64) AppleWebKit/537.36 (KHTML, like Gecko) Chrome/43.0.2357.81 Safari/537.36" "saveaslave.com"
71.171.28.39 - - [05/Jun/2015:20:06:08 -0700] "GET /managelink.php?id_to_edit=4&action=1 HTTP/1.1" 200 3676 "-" "Mozilla/5.0 (Windows NT 6.3; WOW64) AppleWebKit/537.36 (KHTML, like Gecko) Chrome/43.0.2357.81 Safari/537.36" "saveaslave.com"
71.171.28.39 - - [05/Jun/2015:20:06:14 -0700] "GET /managelink.php HTTP/1.1" 200 3663 "-" "Mozilla/5.0 (Windows NT 6.3; WOW64) AppleWebKit/537.36 (KHTML, like Gecko) Chrome/43.0.2357.81 Safari/537.36" "saveaslave.com"
71.171.28.39 - - [05/Jun/2015:20:07:00 -0700] "GET /managelink.php HTTP/1.1" 200 3658 "-" "Mozilla/5.0 (Windows NT 6.3; WOW64) AppleWebKit/537.36 (KHTML, like Gecko) Chrome/43.0.2357.81 Safari/537.36" "saveaslave.com"
65.36.241.48 - - [05/Jun/2015:20:07:57 -0700] "HEAD / HTTP/1.1" 200 0 "-" "InternetSeer.com" "www.saveaslave.com"
71.171.28.39 - - [05/Jun/2015:20:08:08 -0700] "GET /managelink.php?id_to_edit=1&action=0 HTTP/1.1" 200 3676 "http://saveaslave.com/managelink.php?id_to_edit=1&action=1" "Mozilla/5.0 (Windows NT 6.3; WOW64) AppleWebKit/537.36 (KHTML, like Gecko) Chrome/43.0.2357.81 Safari/537.36" "saveaslave.com"
71.171.28.39 - - [05/Jun/2015:20:08:45 -0700] "GET /butn/tbl_structure.php?db=saveaslave&token=a164f8c6732a44abc14d46c51100ab71&table=links HTTP/1.1" 200 14309 "http://saveaslave.com/butn/navigation.php?db=saveaslave&token=a164f8c6732a44abc14d46c51100ab71" "Mozilla/5.0 (Windows NT 6.3; WOW64) AppleWebKit/537.36 (KHTML, like Gecko) Chrome/43.0.2357.81 Safari/537.36" "saveaslave.com"
207.46.13.116 - - [05/Jun/2015:20:17:18 -0700] "GET /martinique HTTP/1.1" 404 89 "-" "msnbot-media/1.1 (+http://search.msn.com/msnbot.htm)" "www.saveaslave.com"
71.171.28.39 - - [05/Jun/2015:20:18:14 -0700] "GET /jquery.marquee.js HTTP/1.1" 200 6560 "http://www.saveaslave.com/" "Mozilla/5.0 (Windows NT 6.3; WOW64) AppleWebKit/537.36 (KHTML, like Gecko) Chrome/43.0.2357.81 Safari/537.36" "www.saveaslave.com"
71.171.28.39 - - [05/Jun/2015:20:21:40 -0700] "GET /addlink.php HTTP/1.1" 200 15467 "http://www.w3schools.com/tags/tryit_view.asp?x=0.46530473860912025" "Mozilla/5.0 (Windows NT 6.3; WOW64) AppleWebKit/537.36 (KHTML, like Gecko) Chrome/43.0.2357.81 Safari/537.36" "www.saveaslave.com"
71.171.28.39 - - [05/Jun/2015:20:22:31 -0700] "GET /addlink.php HTTP/1.1" 200 15467 "http://www.w3schools.com/tags/tryit_view.asp?x=0.40557574410922825" "Mozilla/5.0 (Windows NT 6.3; WOW64) AppleWebKit/537.36 (KHTML, like Gecko) Chrome/43.0.2357.81 Safari/537.36" "www.saveaslave.com"
71.171.28.39 - - [05/Jun/2015:20:23:24 -0700] "GET /addlink.php HTTP/1.1" 200 15467 "http://www.w3schools.com/tags/tryit_view.asp?x=0.435297975782305" "Mozilla/5.0 (Windows NT 6.3; WOW64) AppleWebKit/537.36 (KHTML, like Gecko) Chrome/43.0.2357.81 Safari/537.36" "www.saveaslave.com"
71.171.28.39 - - [05/Jun/2015:20:23:32 -0700] "GET /addlink.php HTTP/1.1" 200 15467 "http://www.w3schools.com/tags/tryit_view.asp?x=0.34476223471574485" "Mozilla/5.0 (Windows NT 6.3; WOW64) AppleWebKit/537.36 (KHTML, like Gecko) Chrome/43.0.2357.81 Safari/537.36" "www.saveaslave.com"
71.171.28.39 - - [05/Jun/2015:20:23:38 -0700] "GET /addlink.php HTTP/1.1" 200 15467 "http://www.w3schools.com/tags/tryit_view.asp?x=0.08990548993460834" "Mozilla/5.0 (Windows NT 6.3; WOW64) AppleWebKit/537.36 (KHTML, like Gecko) Chrome/43.0.2357.81 Safari/537.36" "www.saveaslave.com"
71.171.28.39 - - [05/Jun/2015:20:23:43 -0700] "GET /addlink.php HTTP/1.1" 200 15467 "http://www.w3schools.com/tags/tryit_view.asp?x=0.07813610602170229" "Mozilla/5.0 (Windows NT 6.3; WOW64) AppleWebKit/537.36 (KHTML, like Gecko) Chrome/43.0.2357.81 Safari/537.36" "www.saveaslave.com"
71.171.28.39 - - [05/Jun/2015:20:24:02 -0700] "GET /addlink.php HTTP/1.1" 200 15467 "http://www.w3schools.com/tags/tryit_view.asp?x=0.6184951735194772" "Mozilla/5.0 (Windows NT 6.3; WOW64) AppleWebKit/537.36 (KHTML, like Gecko) Chrome/43.0.2357.81 Safari/537.36" "www.saveaslave.com"
71.171.28.39 - - [05/Jun/2015:20:24:07 -0700] "GET /addlink.php HTTP/1.1" 200 15467 "http://www.w3schools.com/tags/tryit_view.asp?x=0.2969713700003922" "Mozilla/5.0 (Windows NT 6.3; WOW64) AppleWebKit/537.36 (KHTML, like Gecko) Chrome/43.0.2357.81 Safari/537.36" "www.saveaslave.com"
71.171.28.39 - - [05/Jun/2015:20:24:12 -0700] "GET /addlink.php HTTP/1.1" 200 15467 "http://www.w3schools.com/tags/tryit_view.asp?x=0.47710676048882306" "Mozilla/5.0 (Windows NT 6.3; WOW64) AppleWebKit/537.36 (KHTML, like Gecko) Chrome/43.0.2357.81 Safari/537.36" "www.saveaslave.com"
71.171.28.39 - - [05/Jun/2015:20:25:16 -0700] "GET / HTTP/1.1" 200 23116 "-" "Mozilla/5.0 (Windows NT 6.3; WOW64) AppleWebKit/537.36 (KHTML, like Gecko) Chrome/43.0.2357.81 Safari/537.36" "saveaslave.com"
71.171.28.39 - - [05/Jun/2015:20:25:16 -0700] "GET /css/style.css HTTP/1.1" 200 1400 "http://saveaslave.com/" "Mozilla/5.0 (Windows NT 6.3; WOW64) AppleWebKit/537.36 (KHTML, like Gecko) Chrome/43.0.2357.81 Safari/537.36" "saveaslave.com"
71.171.28.39 - - [05/Jun/2015:20:25:16 -0700] "GET /jquery-1.3.2.min.js HTTP/1.1" 200 57254 "http://saveaslave.com/" "Mozilla/5.0 (Windows NT 6.3; WOW64) AppleWebKit/537.36 (KHTML, like Gecko) Chrome/43.0.2357.81 Safari/537.36" "saveaslave.com"
207.46.13.113 - - [05/Jun/2015:20:26:51 -0700] "GET /robots.txt HTTP/1.1" 404 89 "-" "Mozilla/5.0 (compatible; bingbot/2.0; +http://www.bing.com/bingbot.htm)" "saveaslave.com"
71.171.28.39 - - [05/Jun/2015:20:27:18 -0700] "GET /index.html HTTP/1.1" 200 23494 "-" "Mozilla/5.0 (Windows NT 6.3; WOW64) AppleWebKit/537.36 (KHTML, like Gecko) Chrome/43.0.2357.81 Safari/537.36" "saveaslave.com"
71.171.28.39 - - [05/Jun/2015:20:29:21 -0700] "GET /images/header.png HTTP/1.1" 200 104524 "http://saveaslave.com/" "Mozilla/5.0 (Windows NT 6.3; WOW64) AppleWebKit/537.36 (KHTML, like Gecko) Chrome/43.0.2357.81 Safari/537.36" "saveaslave.com"
71.171.28.39 - - [05/Jun/2015:20:29:22 -0700] "GET /addlink.php HTTP/1.1" 200 15467 "http://saveaslave.com/" "Mozilla/5.0 (Windows NT 6.3; WOW64) AppleWebKit/537.36 (KHTML, like Gecko) Chrome/43.0.2357.81 Safari/537.36" "www.saveaslave.com"
71.171.28.39 - - [05/Jun/2015:20:30:39 -0700] "GET / HTTP/1.1" 200 23275 "-" "Mozilla/5.0 (Windows NT 6.3; WOW64) AppleWebKit/537.36 (KHTML, like Gecko) Chrome/43.0.2357.81 Safari/537.36" "saveaslave.com"
71.171.28.39 - - [05/Jun/2015:20:30:39 -0700] "GET /css/style.css HTTP/1.1" 200 1400 "http://saveaslave.com/" "Mozilla/5.0 (Windows NT 6.3; WOW64) AppleWebKit/537.36 (KHTML, like Gecko) Chrome/43.0.2357.81 Safari/537.36" "saveaslave.com"
71.171.28.39 - - [05/Jun/2015:20:30:39 -0700] "GET /jquery-1.3.2.min.js HTTP/1.1" 200 57254 "http://saveaslave.com/" "Mozilla/5.0 (Windows NT 6.3; WOW64) AppleWebKit/537.36 (KHTML, like Gecko) Chrome/43.0.2357.81 Safari/537.36" "saveaslave.com"
71.171.28.39 - - [05/Jun/2015:20:30:39 -0700] "GET /images/header.png HTTP/1.1" 200 104524 "http://saveaslave.com/" "Mozilla/5.0 (Windows NT 6.3; WOW64) AppleWebKit/537.36 (KHTML, like Gecko) Chrome/43.0.2357.81 Safari/537.36" "saveaslave.com"
71.171.28.39 - - [05/Jun/2015:20:30:40 -0700] "GET /images/sas_button.gif HTTP/1.1" 200 2628 "http://saveaslave.com/" "Mozilla/5.0 (Windows NT 6.3; WOW64) AppleWebKit/537.36 (KHTML, like Gecko) Chrome/43.0.2357.81 Safari/537.36" "saveaslave.com"
71.171.28.39 - - [05/Jun/2015:20:30:40 -0700] "GET /images/slaves.jpg HTTP/1.1" 200 86777 "http://saveaslave.com/" "Mozilla/5.0 (Windows NT 6.3; WOW64) AppleWebKit/537.36 (KHTML, like Gecko) Chrome/43.0.2357.81 Safari/537.36" "saveaslave.com"
71.171.28.39 - - [05/Jun/2015:20:31:22 -0700] "GET / HTTP/1.1" 200 23275 "-" "Mozilla/5.0 (Windows NT 6.3; WOW64) AppleWebKit/537.36 (KHTML, like Gecko) Chrome/43.0.2357.81 Safari/537.36" "saveaslave.com"
71.171.28.39 - - [05/Jun/2015:20:31:22 -0700] "GET /css/style.css HTTP/1.1" 200 1400 "http://saveaslave.com/" "Mozilla/5.0 (Windows NT 6.3; WOW64) AppleWebKit/537.36 (KHTML, like Gecko) Chrome/43.0.2357.81 Safari/537.36" "saveaslave.com"
71.171.28.39 - - [05/Jun/2015:20:31:22 -0700] "GET /images/sas_button.gif HTTP/1.1" 200 2628 "http://saveaslave.com/" "Mozilla/5.0 (Windows NT 6.3; WOW64) AppleWebKit/537.36 (KHTML, like Gecko) Chrome/43.0.2357.81 Safari/537.36" "saveaslave.com"
71.171.28.39 - - [05/Jun/2015:20:31:22 -0700] "GET /addlink.php HTTP/1.1" 200 15467 "http://saveaslave.com/" "Mozilla/5.0 (Windows NT 6.3; WOW64) AppleWebKit/537.36 (KHTML, like Gecko) Chrome/43.0.2357.81 Safari/537.36" "www.saveaslave.com"
157.55.39.178 - - [05/Jun/2015:20:32:44 -0700] "GET /robots.txt HTTP/1.1" 404 89 "-" "Mozilla/5.0 (compatible; bingbot/2.0; +http://www.bing.com/bingbot.htm)" "www.saveaslave.com"
71.171.28.39 - - [05/Jun/2015:20:32:44 -0700] "GET / HTTP/1.1" 200 23267 "-" "Mozilla/5.0 (Windows NT 6.3; WOW64) AppleWebKit/537.36 (KHTML, like Gecko) Chrome/43.0.2357.81 Safari/537.36" "saveaslave.com"
71.171.28.39 - - [05/Jun/2015:20:32:44 -0700] "GET /css/style.css HTTP/1.1" 200 1400 "http://saveaslave.com/" "Mozilla/5.0 (Windows NT 6.3; WOW64) AppleWebKit/537.36 (KHTML, like Gecko) Chrome/43.0.2357.81 Safari/537.36" "saveaslave.com"
71.171.28.39 - - [05/Jun/2015:20:32:44 -0700] "GET /jquery-1.3.2.min.js HTTP/1.1" 200 57254 "http://saveaslave.com/" "Mozilla/5.0 (Windows NT 6.3; WOW64) AppleWebKit/537.36 (KHTML, like Gecko) Chrome/43.0.2357.81 Safari/537.36" "saveaslave.com"
71.171.28.39 - - [05/Jun/2015:20:32:44 -0700] "GET /jquery.marquee.js HTTP/1.1" 200 6560 "http://saveaslave.com/" "Mozilla/5.0 (Windows NT 6.3; WOW64) AppleWebKit/537.36 (KHTML, like Gecko) Chrome/43.0.2357.81 Safari/537.36" "saveaslave.com"
71.171.28.39 - - [05/Jun/2015:20:32:44 -0700] "GET /images/sas_button.gif HTTP/1.1" 200 2628 "http://saveaslave.com/" "Mozilla/5.0 (Windows NT 6.3; WOW64) AppleWebKit/537.36 (KHTML, like Gecko) Chrome/43.0.2357.81 Safari/537.36" "saveaslave.com"
71.171.28.39 - - [05/Jun/2015:20:32:44 -0700] "GET /images/slaves.jpg HTTP/1.1" 200 86777 "http://saveaslave.com/" "Mozilla/5.0 (Windows NT 6.3; WOW64) AppleWebKit/537.36 (KHTML, like Gecko) Chrome/43.0.2357.81 Safari/537.36" "saveaslave.com"
71.171.28.39 - - [05/Jun/2015:20:32:49 -0700] "GET /addlink.php HTTP/1.1" 200 15467 "http://saveaslave.com/" "Mozilla/5.0 (Windows NT 6.3; WOW64) AppleWebKit/537.36 (KHTML, like Gecko) Chrome/43.0.2357.81 Safari/537.36" "www.saveaslave.com"
71.171.28.39 - - [05/Jun/2015:20:33:21 -0700] "POST /addlink.php HTTP/1.1" 200 15196 "http://www.saveaslave.com/addlink.php" "Mozilla/5.0 (Windows NT 6.3; WOW64) AppleWebKit/537.36 (KHTML, like Gecko) Chrome/43.0.2357.81 Safari/537.36" "www.saveaslave.com"
157.55.39.208 - - [05/Jun/2015:20:33:50 -0700] "GET /robots.txt HTTP/1.1" 404 89 "-" "Mozilla/5.0 (compatible; bingbot/2.0; +http://www.bing.com/bingbot.htm)" "saveaslave.com"
71.171.28.39 - - [05/Jun/2015:20:34:17 -0700] "GET /managelink.php HTTP/1.1" 200 4987 "-" "Mozilla/5.0 (Windows NT 6.3; WOW64) AppleWebKit/537.36 (KHTML, like Gecko) Chrome/43.0.2357.81 Safari/537.36" "saveaslave.com"
71.171.28.39 - - [05/Jun/2015:20:37:25 -0700] "GET / HTTP/1.1" 200 23251 "-" "Mozilla/5.0 (Windows NT 6.3; WOW64) AppleWebKit/537.36 (KHTML, like Gecko) Chrome/43.0.2357.81 Safari/537.36" "saveaslave.com"
71.171.28.39 - - [05/Jun/2015:20:37:25 -0700] "GET /css/style.css HTTP/1.1" 200 1400 "http://saveaslave.com/" "Mozilla/5.0 (Windows NT 6.3; WOW64) AppleWebKit/537.36 (KHTML, like Gecko) Chrome/43.0.2357.81 Safari/537.36" "saveaslave.com"
71.171.28.39 - - [05/Jun/2015:20:37:25 -0700] "GET /images/header.png HTTP/1.1" 200 104524 "http://saveaslave.com/" "Mozilla/5.0 (Windows NT 6.3; WOW64) AppleWebKit/537.36 (KHTML, like Gecko) Chrome/43.0.2357.81 Safari/537.36" "saveaslave.com"
71.171.28.39 - - [05/Jun/2015:20:37:25 -0700] "GET /jquery-1.3.2.min.js HTTP/1.1" 200 57254 "http://saveaslave.com/" "Mozilla/5.0 (Windows NT 6.3; WOW64) AppleWebKit/537.36 (KHTML, like Gecko) Chrome/43.0.2357.81 Safari/537.36" "saveaslave.com"
71.171.28.39 - - [05/Jun/2015:20:37:25 -0700] "GET /jquery.marquee.js HTTP/1.1" 200 6560 "http://saveaslave.com/" "Mozilla/5.0 (Windows NT 6.3; WOW64) AppleWebKit/537.36 (KHTML, like Gecko) Chrome/43.0.2357.81 Safari/537.36" "saveaslave.com"
71.171.28.39 - - [05/Jun/2015:20:37:25 -0700] "GET /images/sas_button.gif HTTP/1.1" 200 2628 "http://saveaslave.com/" "Mozilla/5.0 (Windows NT 6.3; WOW64) AppleWebKit/537.36 (KHTML, like Gecko) Chrome/43.0.2357.81 Safari/537.36" "saveaslave.com"
71.171.28.39 - - [05/Jun/2015:20:37:25 -0700] "GET /images/slaves.jpg HTTP/1.1" 200 86777 "http://saveaslave.com/" "Mozilla/5.0 (Windows NT 6.3; WOW64) AppleWebKit/537.36 (KHTML, like Gecko) Chrome/43.0.2357.81 Safari/537.36" "saveaslave.com"
71.171.28.39 - - [05/Jun/2015:20:38:26 -0700] "GET /whoweare.html HTTP/1.1" 200 11993 "http://saveaslave.com/" "Mozilla/5.0 (Windows NT 6.3; WOW64) AppleWebKit/537.36 (KHTML, like Gecko) Chrome/43.0.2357.81 Safari/537.36" "saveaslave.com"
71.171.28.39 - - [05/Jun/2015:20:38:29 -0700] "GET /paypalbutton.html HTTP/1.1" 200 2962 "http://saveaslave.com/whoweare.html" "Mozilla/5.0 (Windows NT 6.3; WOW64) AppleWebKit/537.36 (KHTML, like Gecko) Chrome/43.0.2357.81 Safari/537.36" "saveaslave.com"
71.171.28.39 - - [05/Jun/2015:20:38:58 -0700] "GET / HTTP/1.1" 200 23251 "-" "Mozilla/5.0 (Windows NT 6.3; WOW64) AppleWebKit/537.36 (KHTML, like Gecko) Chrome/43.0.2357.81 Safari/537.36" "saveaslave.com"
66.249.69.104 - - [05/Jun/2015:20:40:19 -0700] "GET /images/countrymap/pakistan.gif HTTP/1.1" 200 25856 "-" "Googlebot-Image/1.0" "www.saveaslave.com"
71.171.28.39 - - [05/Jun/2015:20:41:35 -0700] "GET / HTTP/1.1" 200 23251 "-" "Mozilla/5.0 (Windows NT 6.3; WOW64) AppleWebKit/537.36 (KHTML, like Gecko) Chrome/43.0.2357.81 Safari/537.36" "saveaslave.com"
71.171.28.39 - - [05/Jun/2015:20:41:36 -0700] "GET /css/style.css HTTP/1.1" 200 1400 "http://saveaslave.com/" "Mozilla/5.0 (Windows NT 6.3; WOW64) AppleWebKit/537.36 (KHTML, like Gecko) Chrome/43.0.2357.81 Safari/537.36" "saveaslave.com"
71.171.28.39 - - [05/Jun/2015:20:41:36 -0700] "GET /images/header.png HTTP/1.1" 200 104524 "http://saveaslave.com/" "Mozilla/5.0 (Windows NT 6.3; WOW64) AppleWebKit/537.36 (KHTML, like Gecko) Chrome/43.0.2357.81 Safari/537.36" "saveaslave.com"
71.171.28.39 - - [05/Jun/2015:20:41:36 -0700] "GET /images/sas_button.gif HTTP/1.1" 200 2628 "http://saveaslave.com/" "Mozilla/5.0 (Windows NT 6.3; WOW64) AppleWebKit/537.36 (KHTML, like Gecko) Chrome/43.0.2357.81 Safari/537.36" "saveaslave.com"
71.171.28.39 - - [05/Jun/2015:20:41:36 -0700] "GET /images/slaves.jpg HTTP/1.1" 200 86777 "http://saveaslave.com/" "Mozilla/5.0 (Windows NT 6.3; WOW64) AppleWebKit/537.36 (KHTML, like Gecko) Chrome/43.0.2357.81 Safari/537.36" "saveaslave.com"
71.171.28.39 - - [05/Jun/2015:20:41:37 -0700] "GET /addlink.php HTTP/1.1" 200 15495 "http://saveaslave.com/" "Mozilla/5.0 (Windows NT 6.3; WOW64) AppleWebKit/537.36 (KHTML, like Gecko) Chrome/43.0.2357.81 Safari/537.36" "www.saveaslave.com"
71.171.28.39 - - [05/Jun/2015:20:42:04 -0700] "GET /index.html HTTP/1.1" 200 23629 "-" "Mozilla/5.0 (Windows NT 6.3; WOW64) AppleWebKit/537.36 (KHTML, like Gecko) Chrome/43.0.2357.81 Safari/537.36" "saveaslave.com"
71.171.28.39 - - [05/Jun/2015:20:42:04 -0700] "GET /css/style.css HTTP/1.1" 200 1400 "http://saveaslave.com/index.html" "Mozilla/5.0 (Windows NT 6.3; WOW64) AppleWebKit/537.36 (KHTML, like Gecko) Chrome/43.0.2357.81 Safari/537.36" "saveaslave.com"
71.171.28.39 - - [05/Jun/2015:20:42:04 -0700] "GET /images/header.png HTTP/1.1" 200 104524 "http://saveaslave.com/index.html" "Mozilla/5.0 (Windows NT 6.3; WOW64) AppleWebKit/537.36 (KHTML, like Gecko) Chrome/43.0.2357.81 Safari/537.36" "saveaslave.com"
71.171.28.39 - - [05/Jun/2015:20:42:04 -0700] "GET /jquery-1.3.2.min.js HTTP/1.1" 200 57254 "http://saveaslave.com/index.html" "Mozilla/5.0 (Windows NT 6.3; WOW64) AppleWebKit/537.36 (KHTML, like Gecko) Chrome/43.0.2357.81 Safari/537.36" "saveaslave.com"
71.171.28.39 - - [05/Jun/2015:20:42:04 -0700] "GET /jquery.marquee.js HTTP/1.1" 200 6560 "http://saveaslave.com/index.html" "Mozilla/5.0 (Windows NT 6.3; WOW64) AppleWebKit/537.36 (KHTML, like Gecko) Chrome/43.0.2357.81 Safari/537.36" "saveaslave.com"
71.171.28.39 - - [05/Jun/2015:20:42:06 -0700] "GET /addlink.php HTTP/1.1" 200 15505 "http://saveaslave.com/index.html" "Mozilla/5.0 (Windows NT 6.3; WOW64) AppleWebKit/537.36 (KHTML, like Gecko) Chrome/43.0.2357.81 Safari/537.36" "www.saveaslave.com"
77.75.78.160 - - [05/Jun/2015:20:49:41 -0700] "GET /robots.txt HTTP/1.1" 404 89 "-" "Mozilla/5.0 (compatible; SeznamBot/3.2; +http://fulltext.sblog.cz/)" "saveaslave.com"
77.75.78.160 - - [05/Jun/2015:20:49:43 -0700] "GET /ukraine.html HTTP/1.1" 200 5686 "-" "Mozilla/5.0 (compatible; SeznamBot/3.2; +http://fulltext.sblog.cz/)" "saveaslave.com"
71.171.28.39 - - [05/Jun/2015:20:50:40 -0700] "GET /addlink.php HTTP/1.1" 200 15505 "http://saveaslave.com/index.html" "Mozilla/5.0 (Windows NT 6.3; WOW64) AppleWebKit/537.36 (KHTML, like Gecko) Chrome/43.0.2357.81 Safari/537.36" "www.saveaslave.com"
157.55.39.179 - - [05/Jun/2015:20:54:25 -0700] "GET /Advertisements.html HTTP/1.1" 404 89 "-" "msnbot-media/1.1 (+http://search.msn.com/msnbot.htm)" "www.saveaslave.com"
188.165.15.19 - - [05/Jun/2015:20:55:01 -0700] "GET /robots.txt HTTP/1.1" 404 89 "-" "Mozilla/5.0 (compatible; AhrefsBot/5.0; +http://ahrefs.com/robot/)" "saveaslave.com"
207.46.13.113 - - [05/Jun/2015:21:03:38 -0700] "GET /somalia.html HTTP/1.1" 200 5683 "-" "msnbot-media/1.1 (+http://search.msn.com/msnbot.htm)" "www.saveaslave.com"
207.46.13.116 - - [05/Jun/2015:21:08:36 -0700] "GET /new-caledonia.html HTTP/1.1" 200 5737 "-" "Mozilla/5.0 (compatible; bingbot/2.0; +http://www.bing.com/bingbot.htm)" "www.saveaslave.com"
157.55.39.179 - - [05/Jun/2015:21:18:06 -0700] "GET /slovakia.html HTTP/1.1" 200 5691 "-" "msnbot-media/1.1 (+http://search.msn.com/msnbot.htm)" "www.saveaslave.com"
46.130.34.1 - - [05/Jun/2015:21:33:53 -0700] "GET /images/countrymap/bosnia-herzegovina.jpg HTTP/1.1" 200 42063 "https://www.google.am/" "Mozilla/5.0 (Windows NT 6.1) AppleWebKit/537.36 (KHTML, like Gecko) Chrome/45.0.2421.0 Safari/537.36" "www.saveaslave.com"
157.55.39.208 - - [05/Jun/2015:21:49:35 -0700] "GET /robots.txt HTTP/1.1" 404 89 "-" "Mozilla/5.0 (compatible; bingbot/2.0; +http://www.bing.com/bingbot.htm)" "www.saveaslave.com"
136.234.60.138 - - [05/Jun/2015:21:55:29 -0700] "GET /images/countrymap/bosnia-herzegovina.jpg HTTP/1.1" 200 42063 "-" "Mozilla/5.0 (Windows NT 6.1; WOW64; Trident/7.0; rv:11.0) like Gecko" "www.saveaslave.com"
118.179.225.16 - - [05/Jun/2015:21:59:05 -0700] "GET /images/countrymap/solomon-islands.gif HTTP/1.1" 200 122217 "https://www.google.com.au/" "Mozilla/5.0 (iPad; CPU OS 8_1_2 like Mac OS X) AppleWebKit/600.1.4 (KHTML, like Gecko) Version/8.0 Mobile/12B440 Safari/600.1.4" "www.saveaslave.com"
207.90.2.10 - - [05/Jun/2015:22:01:03 -0700] "GET /addlink.php HTTP/1.1" 200 15473 "-" "=Mozilla/5.0 (Windows; U; Windows NT 6.1; en-US) AppleWebKit/534.16 (KHTML, like Gecko) Chrome/10.0.648.204 Safari/534.16" "www.saveaslave.com"
180.76.15.26 - - [05/Jun/2015:22:06:08 -0700] "GET /bhutan.html HTTP/1.1" 200 5651 "-" "Mozilla/5.0 (compatible; Baiduspider/2.0; +http://www.baidu.com/search/spider.html)" "www.saveaslave.com"
65.36.241.48 - - [05/Jun/2015:22:09:51 -0700] "HEAD / HTTP/1.1" 200 0 "-" "InternetSeer.com" "www.saveaslave.com"
23.23.242.178 - - [05/Jun/2015:22:22:46 -0700] "GET /solomon-islands.html HTTP/1.1" 200 5755 "-" "Mozilla/5.0 (Windows; U; Windows NT 5.1; en-US; rv:1.9.2.8) Gecko/20100722 Firefox/3.6.8" "saveaslave.com"
180.76.15.21 - - [05/Jun/2015:22:38:51 -0700] "GET /morocco HTTP/1.1" 200 5686 "-" "Mozilla/5.0 (compatible; Baiduspider/2.0; +http://www.baidu.com/search/spider.html)" "www.saveaslave.com"
207.46.13.113 - - [05/Jun/2015:23:05:09 -0700] "GET /robots.txt HTTP/1.1" 404 89 "-" "Mozilla/5.0 (compatible; bingbot/2.0; +http://www.bing.com/bingbot.htm)" "www.saveaslave.com"
207.46.13.113 - - [05/Jun/2015:23:07:38 -0700] "GET /timor HTTP/1.1" 404 89 "-" "msnbot-media/1.1 (+http://search.msn.com/msnbot.htm)" "www.saveaslave.com"
37.26.148.229 - - [05/Jun/2015:23:08:02 -0700] "GET /images/countrymap/solomon-islands.gif HTTP/1.1" 200 122217 "https://www.google.co.il/" "Mozilla/5.0 (iPhone; CPU iPhone OS 7_1_2 like Mac OS X) AppleWebKit/537.51.2 (KHTML, like Gecko) Version/7.0 Mobile/11D257 Safari/9537.53" "www.saveaslave.com"
23.23.242.178 - - [05/Jun/2015:23:21:33 -0700] "GET /saint-lucia.html HTTP/1.1" 200 5719 "-" "Mozilla/5.0 (Windows; U; Windows NT 5.1; en-US; rv:1.9.2.8) Gecko/20100722 Firefox/3.6.8" "saveaslave.com"
54.243.48.119 - - [05/Jun/2015:23:25:03 -0700] "GET /san-marino.html HTTP/1.1" 200 5710 "-" "Mozilla/5.0 (Windows; U; Windows NT 5.1; en-US; rv:1.9.2.8) Gecko/20100722 Firefox/3.6.8" "saveaslave.com"
157.55.39.28 - - [05/Jun/2015:23:34:35 -0700] "GET /robots.txt HTTP/1.1" 404 89 "-" "Mozilla/5.0 (compatible; bingbot/2.0; +http://www.bing.com/bingbot.htm)" "saveaslave.com"
157.55.39.208 - - [05/Jun/2015:23:45:18 -0700] "GET /images/countrymap/aruba-flag.jpg HTTP/1.1" 200 2210 "-" "msnbot-media/1.1 (+http://search.msn.com/msnbot.htm)" "saveaslave.com"
157.55.39.208 - - [05/Jun/2015:23:46:56 -0700] "GET /images/countrymap/belize.jpg HTTP/1.1" 200 21248 "-" "msnbot-media/1.1 (+http://search.msn.com/msnbot.htm)" "saveaslave.com"
157.55.39.178 - - [05/Jun/2015:23:53:22 -0700] "GET /robots.txt HTTP/1.1" 404 89 "-" "Mozilla/5.0 (compatible; bingbot/2.0; +http://www.bing.com/bingbot.htm)" "www.saveaslave.com"
157.55.39.208 - - [05/Jun/2015:23:54:06 -0700] "GET / HTTP/1.1" 200 23251 "-" "Mozilla/5.0 (compatible; bingbot/2.0; +http://www.bing.com/bingbot.htm)" "saveaslave.com"
207.46.13.113 - - [05/Jun/2015:23:55:29 -0700] "GET /central-african-republic.html HTTP/1.1" 200 5821 "-" "Mozilla/5.0 (compatible; bingbot/2.0; +http://www.bing.com/bingbot.htm)" "saveaslave.com"
207.46.13.113 - - [05/Jun/2015:23:55:29 -0700] "GET /papua-new-guinea.html HTTP/1.1" 200 5764 "-" "Mozilla/5.0 (compatible; bingbot/2.0; +http://www.bing.com/bingbot.htm)" "saveaslave.com"
207.46.13.113 - - [05/Jun/2015:23:55:29 -0700] "GET /robots.txt HTTP/1.1" 404 89 "-" "Mozilla/5.0 (compatible; bingbot/2.0; +http://www.bing.com/bingbot.htm)" "saveaslave.com"
157.55.39.208 - - [06/Jun/2015:00:00:13 -0700] "GET /addlink.php HTTP/1.1" 200 15473 "-" "Mozilla/5.0 (compatible; bingbot/2.0; +http://www.bing.com/bingbot.htm)" "www.saveaslave.com"
207.46.13.113 - - [06/Jun/2015:00:00:13 -0700] "GET /robots.txt HTTP/1.1" 404 89 "-" "Mozilla/5.0 (compatible; bingbot/2.0; +http://www.bing.com/bingbot.htm)" "saveaslave.com"
207.46.13.113 - - [06/Jun/2015:00:00:13 -0700] "GET /jquery.marquee.js HTTP/1.1" 200 6560 "-" "Mozilla/5.0 (compatible; bingbot/2.0; +http://www.bing.com/bingbot.htm)" "saveaslave.com"
180.76.15.154 - - [06/Jun/2015:00:03:56 -0700] "GET /singapore.html HTTP/1.1" 200 5701 "-" "Mozilla/5.0 (compatible; Baiduspider/2.0; +http://www.baidu.com/search/spider.html)" "www.saveaslave.com"
180.76.15.25 - - [06/Jun/2015:00:18:57 -0700] "GET /micronesia HTTP/1.1" 200 5710 "-" "Mozilla/5.0 (compatible; Baiduspider/2.0; +http://www.baidu.com/search/spider.html)" "www.saveaslave.com"
157.55.39.208 - - [06/Jun/2015:00:34:33 -0700] "GET /robots.txt HTTP/1.1" 404 89 "-" "Mozilla/5.0 (compatible; bingbot/2.0; +http://www.bing.com/bingbot.htm)" "saveaslave.com"
157.55.39.208 - - [06/Jun/2015:00:35:06 -0700] "GET /swaziland.html HTTP/1.1" 200 5704 "-" "Mozilla/5.0 (compatible; bingbot/2.0; +http://www.bing.com/bingbot.htm)" "saveaslave.com"
208.115.113.94 - - [06/Jun/2015:00:46:07 -0700] "GET /robots.txt HTTP/1.1" 404 89 "-" "Mozilla/5.0 (compatible; DotBot/1.1; http://www.opensiteexplorer.org/dotbot, help@moz.com)" "www.saveaslave.com"
157.55.39.178 - - [06/Jun/2015:01:02:53 -0700] "GET /robots.txt HTTP/1.1" 404 89 "-" "Mozilla/5.0 (compatible; bingbot/2.0; +http://www.bing.com/bingbot.htm)" "saveaslave.com"
157.55.39.179 - - [06/Jun/2015:01:03:11 -0700] "GET /css/style.css HTTP/1.1" 200 1400 "-" "Mozilla/5.0 (compatible; bingbot/2.0; +http://www.bing.com/bingbot.htm)" "saveaslave.com"
157.55.39.179 - - [06/Jun/2015:01:03:11 -0700] "GET /jquery-1.3.2.min.js HTTP/1.1" 200 57254 "-" "Mozilla/5.0 (compatible; bingbot/2.0; +http://www.bing.com/bingbot.htm)" "saveaslave.com"
180.76.15.148 - - [06/Jun/2015:01:10:40 -0700] "GET /mongolia.html HTTP/1.1" 200 5692 "-" "Mozilla/5.0 (compatible; Baiduspider/2.0; +http://www.baidu.com/search/spider.html)" "www.saveaslave.com"
207.46.13.113 - - [06/Jun/2015:01:13:08 -0700] "GET /vietnam.html HTTP/1.1" 200 5686 "-" "Mozilla/5.0 (compatible; bingbot/2.0; +http://www.bing.com/bingbot.htm)" "saveaslave.com"
157.55.39.179 - - [06/Jun/2015:01:17:27 -0700] "GET /robots.txt HTTP/1.1" 404 89 "-" "Mozilla/5.0 (compatible; bingbot/2.0; +http://www.bing.com/bingbot.htm)" "saveaslave.com"
100.43.91.14 - - [06/Jun/2015:01:22:42 -0700] "GET /robots.txt HTTP/1.1" 404 89 "-" "Mozilla/5.0 (compatible; YandexBot/3.0; +http://yandex.com/bots)" "saveaslave.com"
31.148.246.48 - - [06/Jun/2015:01:27:46 -0700] "GET /images/countrymap/solomon-islands.gif HTTP/1.1" 200 122217 "http://hdimagelib.com" "Mozilla/5.0 (compatible; GWPImages/1.0)" "www.saveaslave.com"
23.23.242.178 - - [06/Jun/2015:02:15:38 -0700] "GET / HTTP/1.1" 200 23251 "-" "Mozilla/5.0 (Windows; U; Windows NT 5.1; en-US; rv:1.9.2.8) Gecko/20100722 Firefox/3.6.8" "saveaslave.com"
157.55.39.28 - - [06/Jun/2015:02:19:40 -0700] "GET /robots.txt HTTP/1.1" 404 89 "-" "Mozilla/5.0 (compatible; bingbot/2.0; +http://www.bing.com/bingbot.htm)" "saveaslave.com"
207.46.13.113 - - [06/Jun/2015:02:24:57 -0700] "GET /belize.html HTTP/1.1" 200 5643 "-" "msnbot-media/1.1 (+http://search.msn.com/msnbot.htm)" "www.saveaslave.com"
208.115.113.86 - - [06/Jun/2015:02:25:13 -0700] "GET /robots.txt HTTP/1.1" 404 89 "-" "Mozilla/5.0 (compatible; DotBot/1.1; http://www.opensiteexplorer.org/dotbot, help@moz.com)" "www.saveaslave.com"
110.33.227.177 - - [06/Jun/2015:02:34:21 -0700] "GET / HTTP/1.1" 200 23251 "http://www.ohchr.org/EN/Issues/Slavery/UNVTFCFS/Pages/SlaveryList.aspx" "Mozilla/5.0 (Windows NT 6.1; WOW64) AppleWebKit/537.36 (KHTML, like Gecko) Chrome/43.0.2357.81 Safari/537.36" "www.saveaslave.com"
110.33.227.177 - - [06/Jun/2015:02:34:22 -0700] "GET /css/style.css HTTP/1.1" 200 1400 "http://www.saveaslave.com/" "Mozilla/5.0 (Windows NT 6.1; WOW64) AppleWebKit/537.36 (KHTML, like Gecko) Chrome/43.0.2357.81 Safari/537.36" "www.saveaslave.com"
110.33.227.177 - - [06/Jun/2015:02:34:22 -0700] "GET /jquery-1.3.2.min.js HTTP/1.1" 200 57254 "http://www.saveaslave.com/" "Mozilla/5.0 (Windows NT 6.1; WOW64) AppleWebKit/537.36 (KHTML, like Gecko) Chrome/43.0.2357.81 Safari/537.36" "www.saveaslave.com"
110.33.227.177 - - [06/Jun/2015:02:34:22 -0700] "GET /jquery.marquee.js HTTP/1.1" 200 6560 "http://www.saveaslave.com/" "Mozilla/5.0 (Windows NT 6.1; WOW64) AppleWebKit/537.36 (KHTML, like Gecko) Chrome/43.0.2357.81 Safari/537.36" "www.saveaslave.com"
110.33.227.177 - - [06/Jun/2015:02:34:22 -0700] "GET /images/header.png HTTP/1.1" 200 104524 "http://www.saveaslave.com/" "Mozilla/5.0 (Windows NT 6.1; WOW64) AppleWebKit/537.36 (KHTML, like Gecko) Chrome/43.0.2357.81 Safari/537.36" "www.saveaslave.com"
110.33.227.177 - - [06/Jun/2015:02:34:22 -0700] "GET /images/sas_button.gif HTTP/1.1" 200 2628 "http://www.saveaslave.com/" "Mozilla/5.0 (Windows NT 6.1; WOW64) AppleWebKit/537.36 (KHTML, like Gecko) Chrome/43.0.2357.81 Safari/537.36" "www.saveaslave.com"
110.33.227.177 - - [06/Jun/2015:02:34:22 -0700] "GET /images/slaves.jpg HTTP/1.1" 200 86777 "http://www.saveaslave.com/" "Mozilla/5.0 (Windows NT 6.1; WOW64) AppleWebKit/537.36 (KHTML, like Gecko) Chrome/43.0.2357.81 Safari/537.36" "www.saveaslave.com"
110.33.227.177 - - [06/Jun/2015:02:34:29 -0700] "GET /favicon.ico HTTP/1.1" 404 89 "http://www.saveaslave.com/" "Mozilla/5.0 (Windows NT 6.1; WOW64) AppleWebKit/537.36 (KHTML, like Gecko) Chrome/43.0.2357.81 Safari/537.36" "www.saveaslave.com"
157.55.39.28 - - [06/Jun/2015:02:36:54 -0700] "GET /robots.txt HTTP/1.1" 404 89 "-" "Mozilla/5.0 (compatible; bingbot/2.0; +http://www.bing.com/bingbot.htm)" "www.saveaslave.com"
