72.168.96.123 - - [03/Apr/2015:16:28:23 -0700] "GET / HTTP/1.1" 200 24277 "-" "Mozilla/5.0 (Windows NT 6.1; WOW64; Trident/7.0; rv:11.0) like Gecko" "www.saveaslave.com"
72.168.96.123 - - [03/Apr/2015:16:28:24 -0700] "GET /images/slaves.jpg HTTP/1.1" 200 64009 "http://www.saveaslave.com/" "Mozilla/5.0 (Windows NT 6.1; WOW64; Trident/7.0; rv:11.0) like Gecko" "www.saveaslave.com"
180.76.6.37 - - [03/Apr/2015:16:32:47 -0700] "GET /countries/wake-island.html HTTP/1.1" 404 89 "-" "Mozilla/5.0 (compatible; Baiduspider/2.0; +http://www.baidu.com/search/spider.html)" "www.saveaslave.com"
180.76.5.17 - - [03/Apr/2015:16:47:47 -0700] "GET /countries/sudan.html HTTP/1.1" 404 89 "-" "Mozilla/5.0 (compatible; Baiduspider/2.0; +http://www.baidu.com/search/spider.html)" "www.saveaslave.com"
72.168.96.123 - - [03/Apr/2015:16:48:35 -0700] "GET /css/style.css HTTP/1.1" 200 1400 "http://www.saveaslave.com/" "Mozilla/5.0 (Windows NT 6.1; WOW64; Trident/7.0; rv:11.0) like Gecko" "www.saveaslave.com"
72.168.96.123 - - [03/Apr/2015:16:48:35 -0700] "GET /jquery.marquee.js HTTP/1.1" 200 6560 "http://www.saveaslave.com/" "Mozilla/5.0 (Windows NT 6.1; WOW64; Trident/7.0; rv:11.0) like Gecko" "www.saveaslave.com"
72.168.96.123 - - [03/Apr/2015:16:48:35 -0700] "GET /images/sas_button.gif HTTP/1.1" 200 2628 "http://www.saveaslave.com/" "Mozilla/5.0 (Windows NT 6.1; WOW64; Trident/7.0; rv:11.0) like Gecko" "www.saveaslave.com"
54.243.48.119 - - [03/Apr/2015:17:07:57 -0700] "GET /tonga.html HTTP/1.1" 200 5668 "-" "Mozilla/5.0 (Windows; U; Windows NT 5.1; en-US; rv:1.9.2.8) Gecko/20100722 Firefox/3.6.8" "www.saveaslave.com"
207.46.13.41 - - [03/Apr/2015:17:16:44 -0700] "GET /robots.txt HTTP/1.1" 404 89 "-" "Mozilla/5.0 (compatible; bingbot/2.0; +http://www.bing.com/bingbot.htm)" "www.saveaslave.com"
207.46.13.41 - - [03/Apr/2015:17:17:25 -0700] "GET /mauritania HTTP/1.1" 200 5710 "-" "Mozilla/5.0 (compatible; bingbot/2.0; +http://www.bing.com/bingbot.htm)" "www.saveaslave.com"
198.47.53.20 - - [03/Apr/2015:17:29:27 -0700] "GET /images/countrymap/solomon-islands.gif HTTP/1.1" 200 122217 "-" "Mozilla/5.0 (Linux; U; Android 4.1.2; en-us; LG-LG870 Build/JZO54K) AppleWebKit/534.30 (KHTML, like Gecko) Version/4.0 Mobile Safari/534.30 GSA/3.4.16.1149292.arm" "www.saveaslave.com"
166.137.136.55 - - [03/Apr/2015:17:33:23 -0700] "GET /images/countrymap/solomon-islands.gif HTTP/1.1" 200 122217 "-" "Mozilla/5.0 (Linux; U; Android 4.4.2; en-us; HTC_One_M8/1.12.502.18 Build/KOT49H) AppleWebKit/534.30 (KHTML, like Gecko) Version/4.0 Mobile Safari/534.30" "www.saveaslave.com"
23.23.242.178 - - [03/Apr/2015:17:34:47 -0700] "GET /slovenia.html HTTP/1.1" 200 5473 "-" "Mozilla/5.0 (Windows; U; Windows NT 5.1; en-US; rv:1.9.2.8) Gecko/20100722 Firefox/3.6.8" "saveaslave.com"
54.243.48.119 - - [03/Apr/2015:17:35:43 -0700] "GET /mozambique.html HTTP/1.1" 200 5710 "-" "Mozilla/5.0 (Windows; U; Windows NT 5.1; en-US; rv:1.9.2.8) Gecko/20100722 Firefox/3.6.8" "saveaslave.com"
23.23.242.178 - - [03/Apr/2015:17:36:32 -0700] "GET /south-korea.html HTTP/1.1" 200 5500 "-" "Mozilla/5.0 (Windows; U; Windows NT 5.1; en-US; rv:1.9.2.8) Gecko/20100722 Firefox/3.6.8" "saveaslave.com"
54.243.48.119 - - [03/Apr/2015:17:37:26 -0700] "GET /lesotho.html HTTP/1.1" 200 5683 "-" "Mozilla/5.0 (Windows; U; Windows NT 5.1; en-US; rv:1.9.2.8) Gecko/20100722 Firefox/3.6.8" "saveaslave.com"
23.23.242.178 - - [03/Apr/2015:17:38:25 -0700] "GET /mauritius.html HTTP/1.1" 200 5701 "-" "Mozilla/5.0 (Windows; U; Windows NT 5.1; en-US; rv:1.9.2.8) Gecko/20100722 Firefox/3.6.8" "saveaslave.com"
66.249.69.96 - - [03/Apr/2015:17:44:39 -0700] "GET /images/countrymap/maldives-flag.gif HTTP/1.1" 200 10817 "-" "Googlebot-Image/1.0" "www.saveaslave.com"
74.137.232.127 - - [03/Apr/2015:17:47:09 -0700] "GET /images/countrymap/solomon-islands.gif HTTP/1.1" 200 122217 "https://www.google.com/" "Mozilla/5.0 (iPad; CPU OS 8_0 like Mac OS X) AppleWebKit/600.1.4 (KHTML, like Gecko) Version/8.0 Mobile/12A365 Safari/600.1.4" "www.saveaslave.com"
121.99.185.96 - - [03/Apr/2015:17:56:34 -0700] "GET /images/countrymap/solomon-islands.gif HTTP/1.1" 200 122217 "https://www.google.co.nz/" "Mozilla/5.0 (Windows NT 6.1; WOW64) AppleWebKit/537.36 (KHTML, like Gecko) Chrome/41.0.2272.89 Safari/537.36" "www.saveaslave.com"
220.181.108.140 - - [03/Apr/2015:17:57:07 -0700] "GET /dominica.html HTTP/1.1" 200 5666 "-" "Mozilla/5.0 (compatible; Baiduspider/2.0; +http://www.baidu.com/search/spider.html)" "www.saveaslave.com"
54.243.48.119 - - [03/Apr/2015:18:03:15 -0700] "GET /uzbekistan.html HTTP/1.1" 200 5498 "-" "Mozilla/5.0 (Windows; U; Windows NT 5.1; en-US; rv:1.9.2.8) Gecko/20100722 Firefox/3.6.8" "www.saveaslave.com"
188.165.15.97 - - [03/Apr/2015:18:12:50 -0700] "GET /countries/guam.html HTTP/1.1" 404 89 "-" "Mozilla/5.0 (compatible; AhrefsBot/5.0; +http://ahrefs.com/robot/)" "www.saveaslave.com"
136.243.36.81 - - [03/Apr/2015:18:16:20 -0700] "GET /robots.txt HTTP/1.1" 404 89 "-" "Mozilla/5.0 (compatible; BLEXBot/1.0; +http://webmeup-crawler.com/)" "saveaslave.com"
136.243.36.81 - - [03/Apr/2015:18:16:21 -0700] "GET / HTTP/1.1" 200 24277 "-" "Mozilla/5.0 (compatible; BLEXBot/1.0; +http://webmeup-crawler.com/)" "www.saveaslave.com"
136.243.36.81 - - [03/Apr/2015:18:16:25 -0700] "GET /afghanistan.html HTTP/1.1" 200 5683 "-" "Mozilla/5.0 (compatible; BLEXBot/1.0; +http://webmeup-crawler.com/)" "www.saveaslave.com"
136.243.36.81 - - [03/Apr/2015:18:16:31 -0700] "GET /albania.html HTTP/1.1" 200 6060 "-" "Mozilla/5.0 (compatible; BLEXBot/1.0; +http://webmeup-crawler.com/)" "www.saveaslave.com"
136.243.36.81 - - [03/Apr/2015:18:16:36 -0700] "GET /algeria.html HTTP/1.1" 200 5626 "-" "Mozilla/5.0 (compatible; BLEXBot/1.0; +http://webmeup-crawler.com/)" "www.saveaslave.com"
136.243.36.81 - - [03/Apr/2015:18:16:41 -0700] "GET /andorra.html HTTP/1.1" 200 5625 "-" "Mozilla/5.0 (compatible; BLEXBot/1.0; +http://webmeup-crawler.com/)" "www.saveaslave.com"
136.243.36.81 - - [03/Apr/2015:18:16:45 -0700] "GET /angola.html HTTP/1.1" 200 5617 "-" "Mozilla/5.0 (compatible; BLEXBot/1.0; +http://webmeup-crawler.com/)" "www.saveaslave.com"
136.243.36.81 - - [03/Apr/2015:18:16:59 -0700] "GET /armenia.html HTTP/1.1" 200 5617 "-" "Mozilla/5.0 (compatible; BLEXBot/1.0; +http://webmeup-crawler.com/)" "www.saveaslave.com"
136.243.36.81 - - [03/Apr/2015:18:17:06 -0700] "GET /aruba.html HTTP/1.1" 200 14875 "-" "Mozilla/5.0 (compatible; BLEXBot/1.0; +http://webmeup-crawler.com/)" "www.saveaslave.com"
136.243.36.81 - - [03/Apr/2015:18:17:18 -0700] "GET /austria.html HTTP/1.1" 200 5614 "-" "Mozilla/5.0 (compatible; BLEXBot/1.0; +http://webmeup-crawler.com/)" "www.saveaslave.com"
136.243.36.81 - - [03/Apr/2015:18:17:26 -0700] "GET /azerbaijan.html HTTP/1.1" 200 5617 "-" "Mozilla/5.0 (compatible; BLEXBot/1.0; +http://webmeup-crawler.com/)" "www.saveaslave.com"
136.243.36.81 - - [03/Apr/2015:18:17:32 -0700] "GET /azkaban.html HTTP/1.1" 200 12664 "-" "Mozilla/5.0 (compatible; BLEXBot/1.0; +http://webmeup-crawler.com/)" "www.saveaslave.com"
136.243.36.81 - - [03/Apr/2015:18:17:38 -0700] "GET /azkaban2.html HTTP/1.1" 200 24999 "-" "Mozilla/5.0 (compatible; BLEXBot/1.0; +http://webmeup-crawler.com/)" "www.saveaslave.com"
136.243.36.81 - - [03/Apr/2015:18:17:49 -0700] "GET /bahamas.html HTTP/1.1" 200 5619 "-" "Mozilla/5.0 (compatible; BLEXBot/1.0; +http://webmeup-crawler.com/)" "www.saveaslave.com"
136.243.36.81 - - [03/Apr/2015:18:17:55 -0700] "GET /bahrain.html HTTP/1.1" 200 5639 "-" "Mozilla/5.0 (compatible; BLEXBot/1.0; +http://webmeup-crawler.com/)" "www.saveaslave.com"
136.243.36.81 - - [03/Apr/2015:18:18:02 -0700] "GET /bangladesh.html HTTP/1.1" 200 5664 "-" "Mozilla/5.0 (compatible; BLEXBot/1.0; +http://webmeup-crawler.com/)" "www.saveaslave.com"
136.243.36.81 - - [03/Apr/2015:18:18:08 -0700] "GET /barbados.html HTTP/1.1" 200 5664 "-" "Mozilla/5.0 (compatible; BLEXBot/1.0; +http://webmeup-crawler.com/)" "www.saveaslave.com"
136.243.36.81 - - [03/Apr/2015:18:18:15 -0700] "GET /belarus.html HTTP/1.1" 200 5670 "-" "Mozilla/5.0 (compatible; BLEXBot/1.0; +http://webmeup-crawler.com/)" "www.saveaslave.com"
192.71.173.132 - - [03/Apr/2015:18:18:17 -0700] "GET /images/countrymap/saudi-arabia-flag.gif HTTP/1.1" 200 24432 "http://www.google.se/blank.html" "Mozilla/5.0 (Linux; U; Android 4.2.2; sv-se; SM-T315 Build/JDQ39) AppleWebKit/534.30 (KHTML, like Gecko) Version/4.0 Safari/534.30" "www.saveaslave.com"
136.243.36.81 - - [03/Apr/2015:18:18:22 -0700] "GET /belgium.html HTTP/1.1" 200 5676 "-" "Mozilla/5.0 (compatible; BLEXBot/1.0; +http://webmeup-crawler.com/)" "www.saveaslave.com"
136.243.36.81 - - [03/Apr/2015:18:18:27 -0700] "GET /belize.html HTTP/1.1" 200 5643 "-" "Mozilla/5.0 (compatible; BLEXBot/1.0; +http://webmeup-crawler.com/)" "www.saveaslave.com"
136.243.36.81 - - [03/Apr/2015:18:18:33 -0700] "GET /benin.html HTTP/1.1" 200 5639 "-" "Mozilla/5.0 (compatible; BLEXBot/1.0; +http://webmeup-crawler.com/)" "www.saveaslave.com"
136.243.36.81 - - [03/Apr/2015:18:18:39 -0700] "GET /bhutan.html HTTP/1.1" 200 5651 "-" "Mozilla/5.0 (compatible; BLEXBot/1.0; +http://webmeup-crawler.com/)" "www.saveaslave.com"
100.43.91.28 - - [03/Apr/2015:18:18:39 -0700] "GET /robots.txt HTTP/1.1" 404 89 "-" "Mozilla/5.0 (compatible; YandexBot/3.0; +http://yandex.com/bots)" "saveaslave.com"
136.243.36.81 - - [03/Apr/2015:18:18:45 -0700] "GET /bolivia.html HTTP/1.1" 200 5606 "-" "Mozilla/5.0 (compatible; BLEXBot/1.0; +http://webmeup-crawler.com/)" "www.saveaslave.com"
136.243.36.81 - - [03/Apr/2015:18:18:51 -0700] "GET /bosnia-herzegovina.html HTTP/1.1" 200 5787 "-" "Mozilla/5.0 (compatible; BLEXBot/1.0; +http://webmeup-crawler.com/)" "www.saveaslave.com"
136.243.36.81 - - [03/Apr/2015:18:19:04 -0700] "GET /brazil.html HTTP/1.1" 200 5651 "-" "Mozilla/5.0 (compatible; BLEXBot/1.0; +http://webmeup-crawler.com/)" "www.saveaslave.com"
136.243.36.81 - - [03/Apr/2015:18:19:12 -0700] "GET /british-virgin-islands.html HTTP/1.1" 200 5845 "-" "Mozilla/5.0 (compatible; BLEXBot/1.0; +http://webmeup-crawler.com/)" "www.saveaslave.com"
136.243.36.81 - - [03/Apr/2015:18:19:39 -0700] "GET /brunei.html HTTP/1.1" 200 5649 "-" "Mozilla/5.0 (compatible; BLEXBot/1.0; +http://webmeup-crawler.com/)" "www.saveaslave.com"
136.243.36.81 - - [03/Apr/2015:18:21:13 -0700] "GET /burundi.html HTTP/1.1" 200 5657 "-" "Mozilla/5.0 (compatible; BLEXBot/1.0; +http://webmeup-crawler.com/)" "www.saveaslave.com"
136.243.36.81 - - [03/Apr/2015:18:21:18 -0700] "GET /cambodia.html HTTP/1.1" 200 5666 "-" "Mozilla/5.0 (compatible; BLEXBot/1.0; +http://webmeup-crawler.com/)" "www.saveaslave.com"
136.243.36.81 - - [03/Apr/2015:18:21:32 -0700] "GET /canada.html HTTP/1.1" 200 5648 "-" "Mozilla/5.0 (compatible; BLEXBot/1.0; +http://webmeup-crawler.com/)" "www.saveaslave.com"
180.76.6.28 - - [03/Apr/2015:18:21:46 -0700] "GET /countries/peru.html HTTP/1.1" 404 89 "-" "Mozilla/5.0 (compatible; Baiduspider/2.0; +http://www.baidu.com/search/spider.html)" "www.saveaslave.com"
136.243.36.81 - - [03/Apr/2015:18:21:48 -0700] "GET /central-african-republic.html HTTP/1.1" 200 5821 "-" "Mozilla/5.0 (compatible; BLEXBot/1.0; +http://webmeup-crawler.com/)" "www.saveaslave.com"
136.243.36.81 - - [03/Apr/2015:18:21:55 -0700] "GET /chad.html HTTP/1.1" 200 5641 "-" "Mozilla/5.0 (compatible; BLEXBot/1.0; +http://webmeup-crawler.com/)" "www.saveaslave.com"
136.243.36.81 - - [03/Apr/2015:18:22:02 -0700] "GET /chile.html HTTP/1.1" 200 5650 "-" "Mozilla/5.0 (compatible; BLEXBot/1.0; +http://webmeup-crawler.com/)" "www.saveaslave.com"
136.243.36.81 - - [03/Apr/2015:18:22:20 -0700] "GET /comoros.html HTTP/1.1" 200 5668 "-" "Mozilla/5.0 (compatible; BLEXBot/1.0; +http://webmeup-crawler.com/)" "www.saveaslave.com"
136.243.36.81 - - [03/Apr/2015:18:22:30 -0700] "GET /cote-d-ivoire.html HTTP/1.1" 200 5714 "-" "Mozilla/5.0 (compatible; BLEXBot/1.0; +http://webmeup-crawler.com/)" "www.saveaslave.com"
136.243.36.81 - - [03/Apr/2015:18:22:35 -0700] "GET /croatia.html HTTP/1.1" 200 5659 "-" "Mozilla/5.0 (compatible; BLEXBot/1.0; +http://webmeup-crawler.com/)" "www.saveaslave.com"
136.243.36.81 - - [03/Apr/2015:18:22:44 -0700] "GET /cuba.html HTTP/1.1" 200 5628 "-" "Mozilla/5.0 (compatible; BLEXBot/1.0; +http://webmeup-crawler.com/)" "www.saveaslave.com"
136.243.36.81 - - [03/Apr/2015:18:22:50 -0700] "GET /curacao.html HTTP/1.1" 200 5678 "-" "Mozilla/5.0 (compatible; BLEXBot/1.0; +http://webmeup-crawler.com/)" "www.saveaslave.com"
136.243.36.81 - - [03/Apr/2015:18:22:55 -0700] "GET /cyprus.html HTTP/1.1" 200 5651 "-" "Mozilla/5.0 (compatible; BLEXBot/1.0; +http://webmeup-crawler.com/)" "www.saveaslave.com"
136.243.36.81 - - [03/Apr/2015:18:23:40 -0700] "GET /czech-republic.html HTTP/1.1" 200 5720 "-" "Mozilla/5.0 (compatible; BLEXBot/1.0; +http://webmeup-crawler.com/)" "www.saveaslave.com"
136.243.36.81 - - [03/Apr/2015:18:23:59 -0700] "GET /democratic-republic-of-congo.html HTTP/1.1" 200 5844 "-" "Mozilla/5.0 (compatible; BLEXBot/1.0; +http://webmeup-crawler.com/)" "www.saveaslave.com"
136.243.36.81 - - [03/Apr/2015:18:24:13 -0700] "GET /denmark.html HTTP/1.1" 200 5657 "-" "Mozilla/5.0 (compatible; BLEXBot/1.0; +http://webmeup-crawler.com/)" "www.saveaslave.com"
136.243.36.81 - - [03/Apr/2015:18:24:25 -0700] "GET /djibouti.html HTTP/1.1" 200 5666 "-" "Mozilla/5.0 (compatible; BLEXBot/1.0; +http://webmeup-crawler.com/)" "www.saveaslave.com"
136.243.36.81 - - [03/Apr/2015:18:24:36 -0700] "GET /dominican-republic.html HTTP/1.1" 200 5756 "-" "Mozilla/5.0 (compatible; BLEXBot/1.0; +http://webmeup-crawler.com/)" "www.saveaslave.com"
136.243.36.81 - - [03/Apr/2015:18:24:42 -0700] "GET /east-timor.html HTTP/1.1" 200 5696 "-" "Mozilla/5.0 (compatible; BLEXBot/1.0; +http://webmeup-crawler.com/)" "www.saveaslave.com"
136.243.36.81 - - [03/Apr/2015:18:24:48 -0700] "GET /ecuador.html HTTP/1.1" 200 5684 "-" "Mozilla/5.0 (compatible; BLEXBot/1.0; +http://webmeup-crawler.com/)" "www.saveaslave.com"
136.243.36.81 - - [03/Apr/2015:18:24:55 -0700] "GET /france.html HTTP/1.1" 200 5675 "-" "Mozilla/5.0 (compatible; BLEXBot/1.0; +http://webmeup-crawler.com/)" "www.saveaslave.com"
136.243.36.81 - - [03/Apr/2015:18:25:01 -0700] "GET /index.html HTTP/1.1" 200 24655 "-" "Mozilla/5.0 (compatible; BLEXBot/1.0; +http://webmeup-crawler.com/)" "www.saveaslave.com"
136.243.36.81 - - [03/Apr/2015:18:25:22 -0700] "GET /republic-of-congo.html HTTP/1.1" 200 5503 "-" "Mozilla/5.0 (compatible; BLEXBot/1.0; +http://webmeup-crawler.com/)" "www.saveaslave.com"
136.243.36.81 - - [03/Apr/2015:18:25:30 -0700] "GET /resources.html HTTP/1.1" 200 14780 "-" "Mozilla/5.0 (compatible; BLEXBot/1.0; +http://webmeup-crawler.com/)" "www.saveaslave.com"
136.243.36.81 - - [03/Apr/2015:18:25:44 -0700] "GET /spain.html HTTP/1.1" 200 5665 "-" "Mozilla/5.0 (compatible; BLEXBot/1.0; +http://webmeup-crawler.com/)" "www.saveaslave.com"
136.243.36.81 - - [03/Apr/2015:18:25:58 -0700] "GET /sudan.html HTTP/1.1" 200 5452 "-" "Mozilla/5.0 (compatible; BLEXBot/1.0; +http://webmeup-crawler.com/)" "www.saveaslave.com"
136.243.36.81 - - [03/Apr/2015:18:26:06 -0700] "GET /suriname.html HTTP/1.1" 200 5480 "-" "Mozilla/5.0 (compatible; BLEXBot/1.0; +http://webmeup-crawler.com/)" "www.saveaslave.com"
136.243.36.81 - - [03/Apr/2015:18:26:21 -0700] "GET /robots.txt HTTP/1.1" 404 89 "-" "Mozilla/5.0 (compatible; BLEXBot/1.0; +http://webmeup-crawler.com/)" "saveaslave.com"
136.243.36.81 - - [03/Apr/2015:18:26:22 -0700] "GET /robots.txt HTTP/1.1" 404 89 "-" "Mozilla/5.0 (compatible; BLEXBot/1.0; +http://webmeup-crawler.com/)" "www.saveaslave.com"
136.243.36.81 - - [03/Apr/2015:18:26:36 -0700] "GET /switzerland.html HTTP/1.1" 200 5722 "-" "Mozilla/5.0 (compatible; BLEXBot/1.0; +http://webmeup-crawler.com/)" "www.saveaslave.com"
136.243.36.81 - - [03/Apr/2015:18:26:43 -0700] "GET /syria.html HTTP/1.1" 200 5668 "-" "Mozilla/5.0 (compatible; BLEXBot/1.0; +http://webmeup-crawler.com/)" "www.saveaslave.com"
136.243.36.81 - - [03/Apr/2015:18:26:50 -0700] "GET /taiwan.html HTTP/1.1" 200 5677 "-" "Mozilla/5.0 (compatible; BLEXBot/1.0; +http://webmeup-crawler.com/)" "www.saveaslave.com"
136.243.36.81 - - [03/Apr/2015:18:26:56 -0700] "GET /tajikistan.html HTTP/1.1" 200 5713 "-" "Mozilla/5.0 (compatible; BLEXBot/1.0; +http://webmeup-crawler.com/)" "www.saveaslave.com"
136.243.36.81 - - [03/Apr/2015:18:27:16 -0700] "GET /timor-leste.html HTTP/1.1" 200 5723 "-" "Mozilla/5.0 (compatible; BLEXBot/1.0; +http://webmeup-crawler.com/)" "www.saveaslave.com"
136.243.36.81 - - [03/Apr/2015:18:27:22 -0700] "GET /togo.html HTTP/1.1" 200 5659 "-" "Mozilla/5.0 (compatible; BLEXBot/1.0; +http://webmeup-crawler.com/)" "www.saveaslave.com"
136.243.36.81 - - [03/Apr/2015:18:27:36 -0700] "GET /trinidad-tobago.html HTTP/1.1" 200 5774 "-" "Mozilla/5.0 (compatible; BLEXBot/1.0; +http://webmeup-crawler.com/)" "www.saveaslave.com"
136.243.36.81 - - [03/Apr/2015:18:27:44 -0700] "GET /tunisia.html HTTP/1.1" 200 5686 "-" "Mozilla/5.0 (compatible; BLEXBot/1.0; +http://webmeup-crawler.com/)" "www.saveaslave.com"
136.243.36.81 - - [03/Apr/2015:18:27:50 -0700] "GET /turkey.html HTTP/1.1" 200 5677 "-" "Mozilla/5.0 (compatible; BLEXBot/1.0; +http://webmeup-crawler.com/)" "www.saveaslave.com"
136.243.36.81 - - [03/Apr/2015:18:28:00 -0700] "GET /turkmenistan.html HTTP/1.1" 200 5731 "-" "Mozilla/5.0 (compatible; BLEXBot/1.0; +http://webmeup-crawler.com/)" "www.saveaslave.com"
136.243.36.81 - - [03/Apr/2015:18:28:22 -0700] "GET /uganda.html HTTP/1.1" 200 5677 "-" "Mozilla/5.0 (compatible; BLEXBot/1.0; +http://webmeup-crawler.com/)" "www.saveaslave.com"
136.243.36.81 - - [03/Apr/2015:18:28:30 -0700] "GET /ukraine.html HTTP/1.1" 200 5471 "-" "Mozilla/5.0 (compatible; BLEXBot/1.0; +http://webmeup-crawler.com/)" "www.saveaslave.com"
136.243.36.81 - - [03/Apr/2015:18:28:36 -0700] "GET /united-arab-emirates.html HTTP/1.1" 200 5554 "-" "Mozilla/5.0 (compatible; BLEXBot/1.0; +http://webmeup-crawler.com/)" "www.saveaslave.com"
136.243.36.81 - - [03/Apr/2015:18:28:42 -0700] "GET /united-kingdom.html HTTP/1.1" 200 5532 "-" "Mozilla/5.0 (compatible; BLEXBot/1.0; +http://webmeup-crawler.com/)" "www.saveaslave.com"
136.243.36.81 - - [03/Apr/2015:18:28:48 -0700] "GET /united-states.html HTTP/1.1" 200 5793 "-" "Mozilla/5.0 (compatible; BLEXBot/1.0; +http://webmeup-crawler.com/)" "www.saveaslave.com"
136.243.36.81 - - [03/Apr/2015:18:28:54 -0700] "GET /uruguay.html HTTP/1.1" 200 5471 "-" "Mozilla/5.0 (compatible; BLEXBot/1.0; +http://webmeup-crawler.com/)" "www.saveaslave.com"
136.243.36.81 - - [03/Apr/2015:18:29:03 -0700] "GET /us-virgin-islands.html HTTP/1.1" 200 5584 "-" "Mozilla/5.0 (compatible; BLEXBot/1.0; +http://webmeup-crawler.com/)" "www.saveaslave.com"
136.243.36.81 - - [03/Apr/2015:18:29:15 -0700] "GET /vanuatu.html HTTP/1.1" 200 5471 "-" "Mozilla/5.0 (compatible; BLEXBot/1.0; +http://webmeup-crawler.com/)" "www.saveaslave.com"
136.243.36.81 - - [03/Apr/2015:18:29:26 -0700] "GET /venezuela.html HTTP/1.1" 200 5489 "-" "Mozilla/5.0 (compatible; BLEXBot/1.0; +http://webmeup-crawler.com/)" "www.saveaslave.com"
136.243.36.81 - - [03/Apr/2015:18:29:33 -0700] "GET /vietnam.html HTTP/1.1" 200 5471 "-" "Mozilla/5.0 (compatible; BLEXBot/1.0; +http://webmeup-crawler.com/)" "www.saveaslave.com"
136.243.36.81 - - [03/Apr/2015:18:29:38 -0700] "GET /wake-island.html HTTP/1.1" 200 5507 "-" "Mozilla/5.0 (compatible; BLEXBot/1.0; +http://webmeup-crawler.com/)" "www.saveaslave.com"
136.243.36.81 - - [03/Apr/2015:18:30:08 -0700] "GET /wallis-and-futuna.html HTTP/1.1" 200 5541 "-" "Mozilla/5.0 (compatible; BLEXBot/1.0; +http://webmeup-crawler.com/)" "www.saveaslave.com"
136.243.36.81 - - [03/Apr/2015:18:30:46 -0700] "GET /western-sahara.html HTTP/1.1" 200 5534 "-" "Mozilla/5.0 (compatible; BLEXBot/1.0; +http://webmeup-crawler.com/)" "www.saveaslave.com"
136.243.36.81 - - [03/Apr/2015:18:30:55 -0700] "GET /whoweare.html HTTP/1.1" 200 11993 "-" "Mozilla/5.0 (compatible; BLEXBot/1.0; +http://webmeup-crawler.com/)" "www.saveaslave.com"
136.243.36.81 - - [03/Apr/2015:18:31:05 -0700] "GET /yemen.html HTTP/1.1" 200 5453 "-" "Mozilla/5.0 (compatible; BLEXBot/1.0; +http://webmeup-crawler.com/)" "www.saveaslave.com"
136.243.36.81 - - [03/Apr/2015:18:31:12 -0700] "GET /zambia.html HTTP/1.1" 200 5462 "-" "Mozilla/5.0 (compatible; BLEXBot/1.0; +http://webmeup-crawler.com/)" "www.saveaslave.com"
136.243.36.81 - - [03/Apr/2015:18:31:20 -0700] "GET /zimbabwe.html HTTP/1.1" 200 5480 "-" "Mozilla/5.0 (compatible; BLEXBot/1.0; +http://webmeup-crawler.com/)" "www.saveaslave.com"
188.165.15.97 - - [03/Apr/2015:18:37:08 -0700] "GET /ethiopia.html HTTP/1.1" 200 5695 "-" "Mozilla/5.0 (compatible; AhrefsBot/5.0; +http://ahrefs.com/robot/)" "www.saveaslave.com"
54.243.48.119 - - [03/Apr/2015:18:42:32 -0700] "GET /new-zealand.html HTTP/1.1" 200 5500 "-" "Mozilla/5.0 (Windows; U; Windows NT 5.1; en-US; rv:1.9.2.8) Gecko/20100722 Firefox/3.6.8" "www.saveaslave.com"
195.154.181.168 - - [03/Apr/2015:18:46:52 -0700] "GET /vietnam.html/wp-login.php HTTP/1.1" 404 89 "-" "Mozilla/4.0 (compatible; Synapse)" "www.saveaslave.com"
195.154.181.168 - - [03/Apr/2015:18:46:56 -0700] "GET /vietnam.html/administrator/index.php HTTP/1.1" 404 89 "-" "Mozilla/4.0 (compatible; Synapse)" "www.saveaslave.com"
195.154.181.168 - - [03/Apr/2015:18:47:00 -0700] "GET /vietnam.html/ HTTP/1.1" 404 89 "-" "Mozilla/4.0 (compatible; Synapse)" "www.saveaslave.com"
65.36.241.48 - - [03/Apr/2015:19:14:08 -0700] "HEAD / HTTP/1.1" 200 0 "-" "InternetSeer.com" "www.saveaslave.com"
188.165.15.97 - - [03/Apr/2015:19:14:10 -0700] "GET /countries/jordan.html HTTP/1.1" 404 89 "-" "Mozilla/5.0 (compatible; AhrefsBot/5.0; +http://ahrefs.com/robot/)" "www.saveaslave.com"
210.211.107.150 - - [03/Apr/2015:19:15:13 -0700] "GET /robots.txt HTTP/1.1" 404 89 "-" "Wada.vn Vietnamese Search" "saveaslave.com"
66.249.69.96 - - [03/Apr/2015:19:19:32 -0700] "GET /images/countrymap/north-korea.gif HTTP/1.1" 200 22332 "-" "Googlebot-Image/1.0" "www.saveaslave.com"
23.23.242.178 - - [03/Apr/2015:19:21:58 -0700] "GET /macau.html HTTP/1.1" 200 5665 "-" "Mozilla/5.0 (Windows; U; Windows NT 5.1; en-US; rv:1.9.2.8) Gecko/20100722 Firefox/3.6.8" "www.saveaslave.com"
173.79.241.47 - - [03/Apr/2015:19:22:29 -0700] "GET /images/countrymap/bosnia-herzegovina.jpg HTTP/1.1" 200 42063 "-" "Mozilla/5.0 (Macintosh; Intel Mac OS X 10_10_2) AppleWebKit/600.3.18 (KHTML, like Gecko) Version/8.0.3 Safari/600.3.18" "www.saveaslave.com"
188.165.15.97 - - [03/Apr/2015:19:33:36 -0700] "GET /zimbabwe.html HTTP/1.1" 200 5480 "-" "Mozilla/5.0 (compatible; AhrefsBot/5.0; +http://ahrefs.com/robot/)" "www.saveaslave.com"
176.9.25.25 - - [03/Apr/2015:19:57:13 -0700] "GET /robots.txt HTTP/1.1" 404 89 "-" "Mozilla/5.0 (compatible; MSIE 10.0; Windows NT 6.2; WOW64; Trident/6.0; .NET4.0E; .NET4.0C; .NET CLR 3.5.30729; .NET CLR 2.0.50727; .NET CLR 3.0.30729; InfoPath.3; MALNJS)" "saveaslave.com"
212.83.167.196 - - [03/Apr/2015:19:59:23 -0700] "GET / HTTP/1.1" 200 24277 "http://bit.ly/1Br2zfX" "Mozilla/5.0 (Windows NT 6.3; WOW64; rv:33.0) Gecko/20100101 Firefox/33.0" "www.saveaslave.com"
54.243.48.119 - - [03/Apr/2015:20:01:11 -0700] "GET /sao-tome-principe.html HTTP/1.1" 200 5570 "-" "Mozilla/5.0 (Windows; U; Windows NT 5.1; en-US; rv:1.9.2.8) Gecko/20100722 Firefox/3.6.8" "www.saveaslave.com"
54.243.48.119 - - [03/Apr/2015:20:21:25 -0700] "GET /netherlands-antilles.html HTTP/1.1" 200 5581 "-" "Mozilla/5.0 (Windows; U; Windows NT 5.1; en-US; rv:1.9.2.8) Gecko/20100722 Firefox/3.6.8" "www.saveaslave.com"
188.165.15.97 - - [03/Apr/2015:20:25:49 -0700] "GET / HTTP/1.1" 200 24277 "-" "Mozilla/5.0 (compatible; AhrefsBot/5.0; +http://ahrefs.com/robot/)" "www.saveaslave.com"
201.141.92.15 - - [03/Apr/2015:20:26:50 -0700] "GET /images/countrymap/bosnia-herzegovina.jpg HTTP/1.1" 200 42063 "https://www.google.com.mx/" "Mozilla/5.0 (Windows NT 6.3; WOW64) AppleWebKit/537.36 (KHTML, like Gecko) Chrome/41.0.2272.101 Safari/537.36" "www.saveaslave.com"
188.165.15.97 - - [03/Apr/2015:20:27:20 -0700] "GET /albania.html HTTP/1.1" 200 6060 "-" "Mozilla/5.0 (compatible; AhrefsBot/5.0; +http://ahrefs.com/robot/)" "www.saveaslave.com"
188.165.15.97 - - [03/Apr/2015:20:33:58 -0700] "GET /sudan.html HTTP/1.1" 200 5452 "-" "Mozilla/5.0 (compatible; AhrefsBot/5.0; +http://ahrefs.com/robot/)" "saveaslave.com"
107.77.85.110 - - [03/Apr/2015:20:38:56 -0700] "GET /images/countrymap/solomon-islands.gif HTTP/1.1" 200 122217 "http://imgkid.com/guadalcanal-island-giants.shtml" "Mozilla/5.0 (iPhone; CPU iPhone OS 6_1_3 like Mac OS X) AppleWebKit/536.26 (KHTML, like Gecko) GSA/3.2.1.25875 Mobile/10B329 Safari/8536.25" "www.saveaslave.com"
188.165.15.97 - - [03/Apr/2015:20:40:11 -0700] "GET /andorra.html HTTP/1.1" 200 5625 "-" "Mozilla/5.0 (compatible; AhrefsBot/5.0; +http://ahrefs.com/robot/)" "www.saveaslave.com"
188.165.15.97 - - [03/Apr/2015:20:41:41 -0700] "GET /tunisia.html HTTP/1.1" 200 5686 "-" "Mozilla/5.0 (compatible; AhrefsBot/5.0; +http://ahrefs.com/robot/)" "www.saveaslave.com"
54.243.48.119 - - [03/Apr/2015:20:49:18 -0700] "GET /philippines.html HTTP/1.1" 200 5500 "-" "Mozilla/5.0 (Windows; U; Windows NT 5.1; en-US; rv:1.9.2.8) Gecko/20100722 Firefox/3.6.8" "www.saveaslave.com"
180.76.6.157 - - [03/Apr/2015:20:52:57 -0700] "GET /jamaica.html HTTP/1.1" 200 5684 "-" "Mozilla/5.0 (compatible; Baiduspider/2.0; +http://www.baidu.com/search/spider.html)" "www.saveaslave.com"
188.165.15.97 - - [03/Apr/2015:20:53:15 -0700] "GET /countries/slovenia.html HTTP/1.1" 404 89 "-" "Mozilla/5.0 (compatible; AhrefsBot/5.0; +http://ahrefs.com/robot/)" "www.saveaslave.com"
188.165.15.97 - - [03/Apr/2015:21:11:28 -0700] "GET /countries/moldova.html HTTP/1.1" 404 89 "-" "Mozilla/5.0 (compatible; AhrefsBot/5.0; +http://ahrefs.com/robot/)" "www.saveaslave.com"
188.165.15.97 - - [03/Apr/2015:21:12:56 -0700] "GET /countries/italy.html HTTP/1.1" 404 89 "-" "Mozilla/5.0 (compatible; AhrefsBot/5.0; +http://ahrefs.com/robot/)" "www.saveaslave.com"
23.23.242.178 - - [03/Apr/2015:21:16:57 -0700] "GET /spain.html HTTP/1.1" 200 5665 "-" "Mozilla/5.0 (Windows; U; Windows NT 5.1; en-US; rv:1.9.2.8) Gecko/20100722 Firefox/3.6.8" "www.saveaslave.com"
65.36.241.48 - - [03/Apr/2015:21:27:45 -0700] "HEAD / HTTP/1.1" 200 0 "-" "InternetSeer.com" "www.saveaslave.com"
65.36.241.48 - - [03/Apr/2015:21:29:02 -0700] "HEAD /?tpl=references&Itemid=3 HTTP/1.1" 200 0 "-" "InternetSeer.com" "www.saveaslave.com"
65.36.241.48 - - [03/Apr/2015:21:29:02 -0700] "HEAD /?tpl=references&Itemid=3 HTTP/1.1" 200 0 "-" "InternetSeer.com" "www.saveaslave.com"
172.56.12.29 - - [03/Apr/2015:21:33:47 -0700] "GET /images/countrymap/solomon-islands.gif HTTP/1.1" 200 122217 "https://www.google.com/" "Mozilla/5.0 (Linux; Android 4.4.4; en-us; SAMSUNG SGH-M919 Build/KTU84P) AppleWebKit/537.36 (KHTML, like Gecko) Version/1.5 Chrome/28.0.1500.94 Mobile Safari/537.36" "www.saveaslave.com"
188.165.15.97 - - [03/Apr/2015:21:53:44 -0700] "GET /nepal.html HTTP/1.1" 200 5633 "-" "Mozilla/5.0 (compatible; AhrefsBot/5.0; +http://ahrefs.com/robot/)" "www.saveaslave.com"
54.243.48.119 - - [03/Apr/2015:21:57:03 -0700] "GET /latvia HTTP/1.1" 200 5674 "-" "Mozilla/5.0 (Windows; U; Windows NT 5.1; en-US; rv:1.9.2.8) Gecko/20100722 Firefox/3.6.8" "saveaslave.com"
54.243.48.119 - - [03/Apr/2015:22:07:50 -0700] "GET /united-arab-emirates.html HTTP/1.1" 200 5554 "-" "Mozilla/5.0 (Windows; U; Windows NT 5.1; en-US; rv:1.9.2.8) Gecko/20100722 Firefox/3.6.8" "saveaslave.com"
104.14.248.28 - - [03/Apr/2015:22:21:57 -0700] "GET /images/countrymap/kenya-flag.gif HTTP/1.1" 200 14191 "-" "Mozilla/5.0 (Linux; Android 4.4.2; SAMSUNG-SM-T807A Build/KOT49H) AppleWebKit/537.36 (KHTML, like Gecko) Version/4.0 Chrome/30.0.0.0 Safari/537.36 GSA/4.3.10.88581490.arm" "www.saveaslave.com"
66.249.69.104 - - [03/Apr/2015:22:31:28 -0700] "GET /images/countrymap/senegal-flag.gif HTTP/1.1" 200 8330 "-" "Googlebot-Image/1.0" "www.saveaslave.com"
66.249.69.104 - - [03/Apr/2015:22:31:32 -0700] "GET /images/countrymap/mozambique-flag.gif HTTP/1.1" 200 26025 "-" "Googlebot-Image/1.0" "www.saveaslave.com"
66.249.69.104 - - [03/Apr/2015:22:31:44 -0700] "GET /images/countrymap/mozambique.gif HTTP/1.1" 200 25490 "-" "Googlebot-Image/1.0" "www.saveaslave.com"
180.76.5.143 - - [03/Apr/2015:22:34:23 -0700] "GET /countries/costa-rica.html HTTP/1.1" 404 89 "-" "Mozilla/5.0 (compatible; Baiduspider/2.0; +http://www.baidu.com/search/spider.html)" "www.saveaslave.com"
217.69.133.216 - - [03/Apr/2015:22:43:41 -0700] "GET /robots.txt HTTP/1.1" 404 89 "-" "Mozilla/5.0 (compatible; Linux x86_64; Mail.RU_Bot/2.0; +http://go.mail.ru/help/robots)" "www.saveaslave.com"
217.69.133.84 - - [03/Apr/2015:22:43:42 -0700] "GET /mauritius.html HTTP/1.1" 200 5701 "-" "Mozilla/5.0 (compatible; Linux x86_64; Mail.RU_Bot/2.0; +http://go.mail.ru/help/robots)" "www.saveaslave.com"
157.55.39.245 - - [03/Apr/2015:22:47:09 -0700] "GET /taiwan.html HTTP/1.1" 200 5677 "-" "Mozilla/5.0 (compatible; bingbot/2.0; +http://www.bing.com/bingbot.htm)" "saveaslave.com"
65.36.241.48 - - [03/Apr/2015:22:52:52 -0700] "HEAD / HTTP/1.1" 200 0 "-" "InternetSeer.com" "www.saveaslave.com"
217.69.133.67 - - [03/Apr/2015:22:55:21 -0700] "GET /robots.txt HTTP/1.1" 404 89 "-" "Mozilla/5.0 (compatible; Linux x86_64; Mail.RU_Bot/2.0; +http://go.mail.ru/help/robots)" "saveaslave.com"
23.23.242.178 - - [03/Apr/2015:22:55:57 -0700] "GET / HTTP/1.1" 200 24277 "-" "Mozilla/5.0 (Windows; U; Windows NT 5.1; en-US; rv:1.9.2.8) Gecko/20100722 Firefox/3.6.8" "saveaslave.com"
54.243.48.119 - - [03/Apr/2015:23:23:25 -0700] "GET /paraguay.html HTTP/1.1" 200 5473 "-" "Mozilla/5.0 (Windows; U; Windows NT 5.1; en-US; rv:1.9.2.8) Gecko/20100722 Firefox/3.6.8" "saveaslave.com"
66.249.69.112 - - [03/Apr/2015:23:27:45 -0700] "GET /images/countrymap/estonia.gif HTTP/1.1" 200 13759 "-" "Googlebot-Image/1.0" "www.saveaslave.com"
180.76.5.75 - - [03/Apr/2015:23:39:04 -0700] "GET /cuba HTTP/1.1" 200 5628 "-" "Mozilla/5.0 (compatible; Baiduspider/2.0; +http://www.baidu.com/search/spider.html)" "www.saveaslave.com"
188.165.15.97 - - [03/Apr/2015:23:55:36 -0700] "GET /uganda.html HTTP/1.1" 200 5677 "-" "Mozilla/5.0 (compatible; AhrefsBot/5.0; +http://ahrefs.com/robot/)" "www.saveaslave.com"
157.55.39.245 - - [03/Apr/2015:23:56:30 -0700] "GET /zambia.html HTTP/1.1" 200 5462 "-" "Mozilla/5.0 (compatible; bingbot/2.0; +http://www.bing.com/bingbot.htm)" "saveaslave.com"
65.36.241.48 - - [03/Apr/2015:23:56:54 -0700] "HEAD / HTTP/1.1" 200 0 "-" "InternetSeer.com" "www.saveaslave.com"
188.165.15.97 - - [04/Apr/2015:00:04:35 -0700] "GET /countries/dominica.html HTTP/1.1" 404 89 "-" "Mozilla/5.0 (compatible; AhrefsBot/5.0; +http://ahrefs.com/robot/)" "www.saveaslave.com"
66.249.69.96 - - [04/Apr/2015:00:17:19 -0700] "GET /images/countrymap/albania-flag.jpg HTTP/1.1" 200 2708 "-" "Googlebot-Image/1.0" "www.saveaslave.com"
217.69.133.84 - - [04/Apr/2015:00:27:11 -0700] "GET /robots.txt HTTP/1.1" 404 89 "-" "Mozilla/5.0 (compatible; Linux x86_64; Mail.RU_Bot/2.0; +http://go.mail.ru/help/robots)" "www.saveaslave.com"
50.161.144.49 - - [04/Apr/2015:00:29:06 -0700] "GET /images/countrymap/solomon-islands.gif HTTP/1.1" 200 122217 "https://www.google.com/" "Mozilla/5.0 (Windows NT 6.3; WOW64) AppleWebKit/537.36 (KHTML, like Gecko) Chrome/41.0.2272.118 Safari/537.36" "www.saveaslave.com"
207.46.13.43 - - [04/Apr/2015:00:30:27 -0700] "GET /finland HTTP/1.1" 200 6902 "-" "Mozilla/5.0 (compatible; bingbot/2.0; +http://www.bing.com/bingbot.htm)" "www.saveaslave.com"
123.125.71.98 - - [04/Apr/2015:00:35:41 -0700] "GET /images/slaves.jpg HTTP/1.1" 200 64009 "-" "Baiduspider-image+(+http://www.baidu.com/search/spider.htm)" "saveaslave.com"
54.243.48.119 - - [04/Apr/2015:00:39:12 -0700] "GET /norway.html HTTP/1.1" 200 5455 "-" "Mozilla/5.0 (Windows; U; Windows NT 5.1; en-US; rv:1.9.2.8) Gecko/20100722 Firefox/3.6.8" "saveaslave.com"
85.255.235.116 - - [04/Apr/2015:00:42:56 -0700] "GET /images/countrymap/bosnia-herzegovina.jpg HTTP/1.1" 200 42063 "-" "Mozilla/5.0 (Linux; Android 4.4.4; D5803 Build/23.0.1.A.5.79) AppleWebKit/537.36 (KHTML, like Gecko) Version/4.0 Chrome/33.0.0.0 Mobile Safari/537.36 GSA/4.1.24.1672412.arm" "www.saveaslave.com"
207.46.13.41 - - [04/Apr/2015:00:43:14 -0700] "GET /costa-rica.html HTTP/1.1" 200 5867 "-" "Mozilla/5.0 (compatible; bingbot/2.0; +http://www.bing.com/bingbot.htm)" "saveaslave.com"
180.76.6.56 - - [04/Apr/2015:00:43:30 -0700] "GET /countries/central-african-republic.html HTTP/1.1" 404 89 "-" "Mozilla/5.0 (compatible; Baiduspider/2.0; +http://www.baidu.com/search/spider.html)" "www.saveaslave.com"
180.76.5.176 - - [04/Apr/2015:00:58:29 -0700] "GET /countries/kyrgyzstan.html HTTP/1.1" 404 89 "-" "Mozilla/5.0 (compatible; Baiduspider/2.0; +http://www.baidu.com/search/spider.html)" "www.saveaslave.com"
188.165.15.97 - - [04/Apr/2015:00:59:07 -0700] "GET /iraq.html HTTP/1.1" 200 5657 "-" "Mozilla/5.0 (compatible; AhrefsBot/5.0; +http://ahrefs.com/robot/)" "saveaslave.com"
207.46.13.41 - - [04/Apr/2015:01:03:39 -0700] "GET / HTTP/1.1" 200 24277 "-" "msnbot-media/1.1 (+http://search.msn.com/msnbot.htm)" "www.saveaslave.com"
65.36.241.48 - - [04/Apr/2015:01:12:58 -0700] "HEAD / HTTP/1.1" 200 0 "-" "InternetSeer.com" "www.saveaslave.com"
180.76.6.145 - - [04/Apr/2015:01:13:30 -0700] "GET /countries/ireland.html HTTP/1.1" 404 89 "-" "Mozilla/5.0 (compatible; Baiduspider/2.0; +http://www.baidu.com/search/spider.html)" "www.saveaslave.com"
217.69.133.85 - - [04/Apr/2015:01:47:45 -0700] "GET /iran.html HTTP/1.1" 200 5657 "-" "Mozilla/5.0 (compatible; Linux x86_64; Mail.RU_Bot/2.0; +http://go.mail.ru/help/robots)" "www.saveaslave.com"
207.46.13.25 - - [04/Apr/2015:01:52:22 -0700] "GET /burma.html HTTP/1.1" 200 5639 "-" "Mozilla/5.0 (compatible; bingbot/2.0; +http://www.bing.com/bingbot.htm)" "saveaslave.com"
54.243.48.119 - - [04/Apr/2015:01:54:16 -0700] "GET / HTTP/1.1" 200 24277 "-" "Mozilla/5.0 (Windows; U; Windows NT 5.1; en-US; rv:1.9.2.8) Gecko/20100722 Firefox/3.6.8" "saveaslave.com"
23.23.242.178 - - [04/Apr/2015:01:55:00 -0700] "GET /palau.html HTTP/1.1" 200 5446 "-" "Mozilla/5.0 (Windows; U; Windows NT 5.1; en-US; rv:1.9.2.8) Gecko/20100722 Firefox/3.6.8" "saveaslave.com"
188.165.15.97 - - [04/Apr/2015:02:15:02 -0700] "GET /mali.html HTTP/1.1" 200 5656 "-" "Mozilla/5.0 (compatible; AhrefsBot/5.0; +http://ahrefs.com/robot/)" "www.saveaslave.com"
188.165.15.97 - - [04/Apr/2015:02:21:47 -0700] "GET /trinidad-tobago.html HTTP/1.1" 200 5774 "-" "Mozilla/5.0 (compatible; AhrefsBot/5.0; +http://ahrefs.com/robot/)" "saveaslave.com"
220.181.108.146 - - [04/Apr/2015:02:35:04 -0700] "GET /israel.html HTTP/1.1" 200 5675 "-" "Mozilla/5.0 (compatible; Baiduspider/2.0; +http://www.baidu.com/search/spider.html)" "www.saveaslave.com"
157.55.39.245 - - [04/Apr/2015:02:38:11 -0700] "GET /kyrgyzstan.html HTTP/1.1" 200 5711 "-" "Mozilla/5.0 (compatible; bingbot/2.0; +http://www.bing.com/bingbot.htm)" "saveaslave.com"
93.143.160.159 - - [04/Apr/2015:02:39:00 -0700] "GET /images/countrymap/bosnia-herzegovina.jpg HTTP/1.1" 200 42063 "https://www.google.hr/" "Mozilla/5.0 (Windows NT 6.1; WOW64) AppleWebKit/537.36 (KHTML, like Gecko) Chrome/41.0.2272.101 Safari/537.36" "www.saveaslave.com"
65.36.241.48 - - [04/Apr/2015:02:44:05 -0700] "HEAD / HTTP/1.1" 200 0 "-" "InternetSeer.com" "www.saveaslave.com"
180.76.5.189 - - [04/Apr/2015:02:47:18 -0700] "GET /countries/qatar.html HTTP/1.1" 404 89 "-" "Mozilla/5.0 (compatible; Baiduspider/2.0; +http://www.baidu.com/search/spider.html)" "www.saveaslave.com"
23.23.242.178 - - [04/Apr/2015:03:10:47 -0700] "GET /uzbekistan.html HTTP/1.1" 200 5498 "-" "Mozilla/5.0 (Windows; U; Windows NT 5.1; en-US; rv:1.9.2.8) Gecko/20100722 Firefox/3.6.8" "saveaslave.com"
180.76.5.78 - - [04/Apr/2015:03:18:13 -0700] "GET /singapore.html HTTP/1.1" 200 5482 "-" "Mozilla/5.0 (compatible; Baiduspider/2.0; +http://www.baidu.com/search/spider.html)" "www.saveaslave.com"
188.165.15.97 - - [04/Apr/2015:03:24:08 -0700] "GET /countries/guatemala.html HTTP/1.1" 404 89 "-" "Mozilla/5.0 (compatible; AhrefsBot/5.0; +http://ahrefs.com/robot/)" "www.saveaslave.com"
66.249.81.133 - - [04/Apr/2015:03:26:34 -0700] "GET / HTTP/1.1" 200 24277 "-" "Mozilla/5.0 (Windows NT 6.1; rv:6.0) Gecko/20110814 Firefox/6.0 Google favicon" "saveaslave.com"
66.249.81.137 - - [04/Apr/2015:03:26:35 -0700] "GET /favicon.ico HTTP/1.1" 404 89 "-" "Mozilla/5.0 (Windows NT 6.1; rv:6.0) Gecko/20110814 Firefox/6.0 Google favicon" "saveaslave.com"
188.165.15.97 - - [04/Apr/2015:03:26:36 -0700] "GET /eritrea.html HTTP/1.1" 200 5684 "-" "Mozilla/5.0 (compatible; AhrefsBot/5.0; +http://ahrefs.com/robot/)" "saveaslave.com"
180.76.5.77 - - [04/Apr/2015:03:32:18 -0700] "GET /countries/united-arab-emirates.html HTTP/1.1" 404 89 "-" "Mozilla/5.0 (compatible; Baiduspider/2.0; +http://www.baidu.com/search/spider.html)" "www.saveaslave.com"
82.30.181.243 - - [04/Apr/2015:03:43:45 -0700] "GET /images/countrymap/bosnia-herzegovina.jpg HTTP/1.1" 200 42063 "https://www.google.co.uk/" "Mozilla/5.0 (Linux; Android 4.4.2; LG-D802 Build/KOT49I.D80220d) AppleWebKit/537.36 (KHTML, like Gecko) Chrome/41.0.2272.96 Mobile Safari/537.36" "www.saveaslave.com"
123.30.175.159 - - [04/Apr/2015:03:45:57 -0700] "GET /robots.txt HTTP/1.1" 404 89 "-" "Mozilla/5.0 (compatible; coccoc/1.0; +http://help.coccoc.com/)" "saveaslave.com"
92.28.79.169 - - [04/Apr/2015:03:47:19 -0700] "GET /images/countrymap/bosnia-herzegovina.jpg HTTP/1.1" 200 42063 "-" "Mozilla/5.0 (iPhone; CPU iPhone OS 7_1_2 like Mac OS X) AppleWebKit/537.51.2 (KHTML, like Gecko) GSA/5.2.43972 Mobile/11D257 Safari/9537.53" "www.saveaslave.com"
123.30.175.159 - - [04/Apr/2015:03:47:57 -0700] "GET /robots.txt HTTP/1.1" 404 89 "-" "Mozilla/5.0 (compatible; coccoc/1.0; +http://help.coccoc.com/)" "www.saveaslave.com"
123.30.175.162 - - [04/Apr/2015:03:48:07 -0700] "GET /articles/moder... HTTP/1.1" 404 89 "-" "Mozilla/5.0 (compatible; coccoc/1.0; +http://help.coccoc.com/)" "www.saveaslave.com"
188.165.15.97 - - [04/Apr/2015:03:51:35 -0700] "GET /lithuania.html HTTP/1.1" 200 5701 "-" "Mozilla/5.0 (compatible; AhrefsBot/5.0; +http://ahrefs.com/robot/)" "saveaslave.com"
207.46.13.25 - - [04/Apr/2015:03:51:57 -0700] "GET /robots.txt HTTP/1.1" 404 89 "-" "Mozilla/5.0 (compatible; bingbot/2.0; +http://www.bing.com/bingbot.htm)" "saveaslave.com"
207.46.13.25 - - [04/Apr/2015:03:52:05 -0700] "GET /syria.html HTTP/1.1" 200 5668 "-" "Mozilla/5.0 (compatible; bingbot/2.0; +http://www.bing.com/bingbot.htm)" "saveaslave.com"
115.164.185.161 - - [04/Apr/2015:03:55:46 -0700] "GET /images/countrymap/bosnia-herzegovina.jpg HTTP/1.1" 200 42063 "-" "Mozilla/5.0 (Linux; Android 4.4.4; SM-G360H Build/KTU84P) AppleWebKit/537.36 (KHTML, like Gecko) Version/4.0 Chrome/33.0.0.0 Mobile Safari/537.36 GSA/3.6.14.1337016.arm" "www.saveaslave.com"
188.165.15.97 - - [04/Apr/2015:03:59:19 -0700] "GET /honduras.html HTTP/1.1" 200 5693 "-" "Mozilla/5.0 (compatible; AhrefsBot/5.0; +http://ahrefs.com/robot/)" "saveaslave.com"
104.238.96.58 - - [04/Apr/2015:04:02:55 -0700] "GET /azerbaijan.html HTTP/1.1" 200 5617 "-" "Mozilla/5.0 (Windows NT 6.1) AppleWebKit/537.36 (KHTML, like Gecko) Chrome/41.0.2228.0 Safari/537.36" "saveaslave.com"
65.36.241.48 - - [04/Apr/2015:04:08:31 -0700] "HEAD / HTTP/1.1" 200 0 "-" "InternetSeer.com" "www.saveaslave.com"
52.4.63.60 - - [04/Apr/2015:04:12:14 -0700] "GET /robots.txt HTTP/1.1" 404 89 "-" "Mozilla/5.0 (X11; Ubuntu; Linux x86_64; rv:31.0) Gecko/20100101 Firefox/31.0" "saveaslave.com"
52.5.70.88 - - [04/Apr/2015:04:12:56 -0700] "GET /robots.txt HTTP/1.1" 404 89 "-" "Mozilla/5.0 (X11; Ubuntu; Linux x86_64; rv:31.0) Gecko/20100101 Firefox/31.0" "saveaslave.com"
54.243.48.119 - - [04/Apr/2015:04:26:34 -0700] "GET /laos.html HTTP/1.1" 200 5856 "-" "Mozilla/5.0 (Windows; U; Windows NT 5.1; en-US; rv:1.9.2.8) Gecko/20100722 Firefox/3.6.8" "saveaslave.com"
115.242.217.122 - - [04/Apr/2015:04:30:43 -0700] "GET /images/countrymap/libya.gif HTTP/1.1" 200 20080 "http://www.google.com/blank.html" "Mozilla/5.0 (Windows NT 6.2) AppleWebKit/535.1 (KHTML, like Gecko) Chrome/14.0.835.15 Safari/535.1" "www.saveaslave.com"
188.165.15.97 - - [04/Apr/2015:04:31:22 -0700] "GET / HTTP/1.1" 200 24277 "-" "Mozilla/5.0 (compatible; AhrefsBot/5.0; +http://ahrefs.com/robot/)" "www.saveaslave.com"
180.76.6.29 - - [04/Apr/2015:04:43:13 -0700] "GET /venezuela.html HTTP/1.1" 200 5489 "-" "Mozilla/5.0 (compatible; Baiduspider/2.0; +http://www.baidu.com/search/spider.html)" "www.saveaslave.com"
54.225.20.77 - - [04/Apr/2015:04:46:47 -0700] "GET /mexico.html HTTP/1.1" 200 6067 "-" "Mozilla/5.0 (compatible; linkdexbot/2.0; +http://www.linkdex.com/bots/)" "www.saveaslave.com"
54.225.20.77 - - [04/Apr/2015:04:46:47 -0700] "GET /robots.txt HTTP/1.1" 404 89 "-" "Mozilla/5.0 (compatible; linkdexbot/2.0; +http://www.linkdex.com/bots/)" "www.saveaslave.com"
23.23.242.178 - - [04/Apr/2015:04:48:30 -0700] "GET / HTTP/1.1" 200 24277 "-" "Mozilla/5.0 (Windows; U; Windows NT 5.1; en-US; rv:1.9.2.8) Gecko/20100722 Firefox/3.6.8" "saveaslave.com"
180.76.6.61 - - [04/Apr/2015:04:58:04 -0700] "GET /countries/palau.html HTTP/1.1" 404 89 "-" "Mozilla/5.0 (compatible; Baiduspider/2.0; +http://www.baidu.com/search/spider.html)" "www.saveaslave.com"
188.165.15.97 - - [04/Apr/2015:05:05:19 -0700] "GET /iceland.html HTTP/1.1" 200 5684 "-" "Mozilla/5.0 (compatible; AhrefsBot/5.0; +http://ahrefs.com/robot/)" "www.saveaslave.com"
207.46.13.41 - - [04/Apr/2015:05:09:07 -0700] "GET /suriname.html HTTP/1.1" 200 5480 "-" "Mozilla/5.0 (compatible; bingbot/2.0; +http://www.bing.com/bingbot.htm)" "saveaslave.com"
41.56.76.6 - - [04/Apr/2015:05:24:34 -0700] "GET /images/countrymap/oman.gif HTTP/1.1" 200 16971 "https://www.google.co.za/" "Mozilla/5.0 (Macintosh; Intel Mac OS X 10_10_2) AppleWebKit/537.36 (KHTML, like Gecko) Chrome/43.0.2351.3 Safari/537.36" "www.saveaslave.com"
188.165.15.97 - - [04/Apr/2015:05:34:14 -0700] "GET /lithuania.html HTTP/1.1" 200 5701 "-" "Mozilla/5.0 (compatible; AhrefsBot/5.0; +http://ahrefs.com/robot/)" "www.saveaslave.com"
220.181.108.155 - - [04/Apr/2015:05:36:58 -0700] "GET /sierra-leone.html HTTP/1.1" 200 5509 "-" "Mozilla/5.0 (compatible; Baiduspider/2.0; +http://www.baidu.com/search/spider.html)" "www.saveaslave.com"
180.76.6.59 - - [04/Apr/2015:05:39:38 -0700] "GET /css/style.css HTTP/1.1" 200 1400 "-" "Mozilla/5.0 (compatible; Baiduspider/2.0; +http://www.baidu.com/search/spider.html)" "www.saveaslave.com"
188.165.15.97 - - [04/Apr/2015:05:40:49 -0700] "GET /cote-d-ivoire.html HTTP/1.1" 200 5714 "-" "Mozilla/5.0 (compatible; AhrefsBot/5.0; +http://ahrefs.com/robot/)" "saveaslave.com"
23.23.242.178 - - [04/Apr/2015:05:41:54 -0700] "GET /kiribati.html HTTP/1.1" 200 5693 "-" "Mozilla/5.0 (Windows; U; Windows NT 5.1; en-US; rv:1.9.2.8) Gecko/20100722 Firefox/3.6.8" "www.saveaslave.com"
188.165.15.97 - - [04/Apr/2015:05:42:18 -0700] "GET /countries/vietnam.html HTTP/1.1" 404 89 "-" "Mozilla/5.0 (compatible; AhrefsBot/5.0; +http://ahrefs.com/robot/)" "www.saveaslave.com"
54.243.48.119 - - [04/Apr/2015:05:42:22 -0700] "GET /serbia.html HTTP/1.1" 200 5455 "-" "Mozilla/5.0 (Windows; U; Windows NT 5.1; en-US; rv:1.9.2.8) Gecko/20100722 Firefox/3.6.8" "saveaslave.com"
207.46.13.41 - - [04/Apr/2015:05:45:02 -0700] "GET /kenya.html HTTP/1.1" 200 5666 "-" "Mozilla/5.0 (compatible; bingbot/2.0; +http://www.bing.com/bingbot.htm)" "saveaslave.com"
157.55.39.245 - - [04/Apr/2015:05:47:52 -0700] "GET /robots.txt HTTP/1.1" 404 89 "-" "Mozilla/5.0 (compatible; bingbot/2.0; +http://www.bing.com/bingbot.htm)" "www.saveaslave.com"
157.55.39.245 - - [04/Apr/2015:05:48:28 -0700] "GET /images/header.png HTTP/1.1" 200 84658 "-" "msnbot-media/1.1 (+http://search.msn.com/msnbot.htm)" "www.saveaslave.com"
188.165.15.97 - - [04/Apr/2015:05:48:44 -0700] "GET /us-virgin-islands.html HTTP/1.1" 200 5584 "-" "Mozilla/5.0 (compatible; AhrefsBot/5.0; +http://ahrefs.com/robot/)" "saveaslave.com"
207.46.13.43 - - [04/Apr/2015:06:13:17 -0700] "GET /jamaica.html HTTP/1.1" 200 5684 "-" "Mozilla/5.0 (compatible; bingbot/2.0; +http://www.bing.com/bingbot.htm)" "saveaslave.com"
198.27.82.146 - - [04/Apr/2015:06:13:22 -0700] "GET /robots.txt HTTP/1.1" 404 89 "-" "Mozilla/5.0 (compatible; MJ12bot/v1.4.5; http://www.majestic12.co.uk/bot.php?+)" "www.saveaslave.com"
198.27.82.146 - - [04/Apr/2015:06:13:32 -0700] "GET /barbados.html HTTP/1.1" 200 5664 "-" "Mozilla/5.0 (compatible; MJ12bot/v1.4.5; http://www.majestic12.co.uk/bot.php?+)" "www.saveaslave.com"
198.27.82.146 - - [04/Apr/2015:06:13:37 -0700] "GET /dominica.html HTTP/1.1" 200 5666 "-" "Mozilla/5.0 (compatible; MJ12bot/v1.4.5; http://www.majestic12.co.uk/bot.php?+)" "www.saveaslave.com"
46.229.167.149 - - [04/Apr/2015:06:27:19 -0700] "GET / HTTP/1.1" 200 24277 "-" "mozilla/3.0 (Windows NT 6.1; rv:2.0.1) Gecko/20100101 Firefox/5.0.1" "www.saveaslave.com"
180.76.5.72 - - [04/Apr/2015:06:29:21 -0700] "GET /countries/fiji.html HTTP/1.1" 404 89 "-" "Mozilla/5.0 (compatible; Baiduspider/2.0; +http://www.baidu.com/search/spider.html)" "www.saveaslave.com"
207.46.13.41 - - [04/Apr/2015:06:33:13 -0700] "GET /thailand.html HTTP/1.1" 200 5695 "-" "Mozilla/5.0 (compatible; bingbot/2.0; +http://www.bing.com/bingbot.htm)" "saveaslave.com"
66.249.69.104 - - [04/Apr/2015:06:35:34 -0700] "GET /images/countrymap/moldova.gif HTTP/1.1" 200 22794 "-" "Googlebot-Image/1.0" "www.saveaslave.com"
66.249.69.104 - - [04/Apr/2015:06:35:34 -0700] "GET /images/countrymap/oman-flag.gif HTTP/1.1" 200 5749 "-" "Googlebot-Image/1.0" "www.saveaslave.com"
66.249.69.104 - - [04/Apr/2015:06:35:34 -0700] "GET /images/countrymap/moldova-flag.gif HTTP/1.1" 200 21790 "-" "Googlebot-Image/1.0" "www.saveaslave.com"
65.36.241.48 - - [04/Apr/2015:06:39:52 -0700] "HEAD / HTTP/1.1" 200 0 "-" "InternetSeer.com" "www.saveaslave.com"
180.76.5.173 - - [04/Apr/2015:06:43:21 -0700] "GET /articles/modernslavery.html HTTP/1.1" 404 89 "-" "Mozilla/5.0 (compatible; Baiduspider/2.0; +http://www.baidu.com/search/spider.html)" "www.saveaslave.com"
123.125.71.109 - - [04/Apr/2015:06:43:38 -0700] "GET /syria.html HTTP/1.1" 200 5668 "-" "Mozilla/5.0 (compatible; Baiduspider/2.0; +http://www.baidu.com/search/spider.html)" "www.saveaslave.com"
121.44.142.123 - - [04/Apr/2015:06:50:00 -0700] "GET / HTTP/1.1" 200 24277 "http://www.ohchr.org/EN/Issues/Slavery/UNVTFCFS/Pages/SlaveryList.aspx" "Mozilla/5.0 (Macintosh; Intel Mac OS X 10_10_2) AppleWebKit/537.36 (KHTML, like Gecko) Chrome/41.0.2272.118 Safari/537.36" "www.saveaslave.com"
121.44.142.123 - - [04/Apr/2015:06:50:00 -0700] "GET /css/style.css HTTP/1.1" 200 1400 "http://www.saveaslave.com/" "Mozilla/5.0 (Macintosh; Intel Mac OS X 10_10_2) AppleWebKit/537.36 (KHTML, like Gecko) Chrome/41.0.2272.118 Safari/537.36" "www.saveaslave.com"
121.44.142.123 - - [04/Apr/2015:06:50:00 -0700] "GET /jquery.marquee.js HTTP/1.1" 200 6560 "http://www.saveaslave.com/" "Mozilla/5.0 (Macintosh; Intel Mac OS X 10_10_2) AppleWebKit/537.36 (KHTML, like Gecko) Chrome/41.0.2272.118 Safari/537.36" "www.saveaslave.com"
121.44.142.123 - - [04/Apr/2015:06:50:00 -0700] "GET /jquery-1.3.2.min.js HTTP/1.1" 200 57254 "http://www.saveaslave.com/" "Mozilla/5.0 (Macintosh; Intel Mac OS X 10_10_2) AppleWebKit/537.36 (KHTML, like Gecko) Chrome/41.0.2272.118 Safari/537.36" "www.saveaslave.com"
121.44.142.123 - - [04/Apr/2015:06:50:00 -0700] "GET /images/sas_button.gif HTTP/1.1" 200 2628 "http://www.saveaslave.com/" "Mozilla/5.0 (Macintosh; Intel Mac OS X 10_10_2) AppleWebKit/537.36 (KHTML, like Gecko) Chrome/41.0.2272.118 Safari/537.36" "www.saveaslave.com"
121.44.142.123 - - [04/Apr/2015:06:50:01 -0700] "GET /images/slaves.jpg HTTP/1.1" 200 64009 "http://www.saveaslave.com/" "Mozilla/5.0 (Macintosh; Intel Mac OS X 10_10_2) AppleWebKit/537.36 (KHTML, like Gecko) Chrome/41.0.2272.118 Safari/537.36" "www.saveaslave.com"
121.44.142.123 - - [04/Apr/2015:06:50:06 -0700] "GET /favicon.ico HTTP/1.1" 404 89 "-" "Mozilla/5.0 (Macintosh; Intel Mac OS X 10_10_2) AppleWebKit/537.36 (KHTML, like Gecko) Chrome/41.0.2272.118 Safari/537.36" "www.saveaslave.com"
121.44.142.123 - - [04/Apr/2015:06:50:11 -0700] "GET /index.html HTTP/1.1" 200 24655 "http://www.saveaslave.com/" "Mozilla/5.0 (Macintosh; Intel Mac OS X 10_10_2) AppleWebKit/537.36 (KHTML, like Gecko) Chrome/41.0.2272.118 Safari/537.36" "www.saveaslave.com"
74.52.245.146 - - [04/Apr/2015:06:54:29 -0700] "GET / HTTP/1.1" 200 24277 "-" "Mozilla/5.0 (X11; U; Linux i686; en-US; rv:1.7.5) Gecko/20041107 Firefox/1.0" "www.saveaslave.com"
203.133.170.169 - - [04/Apr/2015:06:55:09 -0700] "GET /site/?p=60 HTTP/1.1" 404 89 "-" "Mozilla/5.0 (compatible; MSIE or Firefox mutant; not on Windows server;) Daumoa/4.0" "saveaslave.com"
54.92.187.0 - - [04/Apr/2015:06:56:51 -0700] "GET /robots.txt HTTP/1.1" 404 89 "-" "Mozilla/5.0 (compatible; linkdexbot/2.0; +http://www.linkdex.com/bots/)" "saveaslave.com"
54.92.187.0 - - [04/Apr/2015:06:56:51 -0700] "GET /mexico HTTP/1.1" 200 6067 "-" "Mozilla/5.0 (compatible; linkdexbot/2.0; +http://www.linkdex.com/bots/)" "saveaslave.com"
54.92.187.0 - - [04/Apr/2015:06:56:51 -0700] "GET /robots.txt HTTP/1.1" 404 89 "-" "Mozilla/5.0 (compatible; linkdexbot/2.0; +http://www.linkdex.com/bots/)" "www.saveaslave.com"
23.23.242.178 - - [04/Apr/2015:06:58:09 -0700] "GET /us-virgin-islands.html HTTP/1.1" 200 5584 "-" "Mozilla/5.0 (Windows; U; Windows NT 5.1; en-US; rv:1.9.2.8) Gecko/20100722 Firefox/3.6.8" "saveaslave.com"
54.243.48.119 - - [04/Apr/2015:07:07:28 -0700] "GET /saint-martin.html HTTP/1.1" 200 5509 "-" "Mozilla/5.0 (Windows; U; Windows NT 5.1; en-US; rv:1.9.2.8) Gecko/20100722 Firefox/3.6.8" "www.saveaslave.com"
66.249.69.104 - - [04/Apr/2015:07:07:44 -0700] "GET /images/countrymap/cote-d-ivoire.jpg HTTP/1.1" 200 57687 "-" "Googlebot-Image/1.0" "www.saveaslave.com"
210.211.107.150 - - [04/Apr/2015:07:13:01 -0700] "GET /robots.txt HTTP/1.1" 404 89 "-" "Wada.vn Vietnamese Search" "www.saveaslave.com"
66.249.69.96 - - [04/Apr/2015:07:13:50 -0700] "GET /images/countrymap/luxembourg.gif HTTP/1.1" 200 9864 "-" "Googlebot-Image/1.0" "www.saveaslave.com"
