199.21.99.203 - - [01/Jul/2015:01:23:59 -0700] "GET /belarus.html HTTP/1.1" 200 5670 "-" "Mozilla/5.0 (compatible; YandexBot/3.0; +http://yandex.com/bots)" "saveaslave.com"
61.135.189.175 - - [01/Jul/2015:04:07:56 -0700] "GET /robots.txt HTTP/1.1" 404 89 "-" "Sogou web spider/4.0(+http://www.sogou.com/docs/help/webmasters.htm#07)" "saveaslave.com"
50.116.42.129 - - [01/Jul/2015:07:03:48 -0700] "GET /old/wp-admin/ HTTP/1.1" 404 89 "-" "-" "saveaslave.com"
46.229.164.100 - - [01/Jul/2015:12:31:34 -0700] "GET /qatar.html HTTP/1.1" 200 5665 "-" "Mozilla/5.0 (compatible; SemrushBot/0.98~bl; +http://www.semrush.com/bot.html)" "saveaslave.com"
46.229.164.100 - - [01/Jul/2015:14:28:22 -0700] "GET /bolivia.html HTTP/1.1" 200 5606 "-" "Mozilla/5.0 (compatible; SemrushBot/0.98~bl; +http://www.semrush.com/bot.html)" "saveaslave.com"
46.229.167.149 - - [01/Jul/2015:14:42:05 -0700] "GET / HTTP/1.1" 200 23412 "-" "Mozilla/5.0 (Windows NT 6.1; WOW64; rv:2.0b11pre) Gecko/20110128 Firefox/4.0b11pre" "www.saveaslave.com"
23.23.242.178 - - [01/Jul/2015:14:42:19 -0700] "GET /west-bank.html HTTP/1.1" 200 5947 "-" "Mozilla/5.0 (Windows; U; Windows NT 5.1; en-US; rv:1.9.2.8) Gecko/20100722 Firefox/3.6.8" "www.saveaslave.com"
66.249.67.115 - - [01/Jul/2015:14:49:43 -0700] "GET /images/countrymap/hungary.gif HTTP/1.1" 200 16983 "-" "Googlebot-Image/1.0" "www.saveaslave.com"
54.243.48.119 - - [01/Jul/2015:14:49:47 -0700] "GET /seychelles.html HTTP/1.1" 200 5710 "-" "Mozilla/5.0 (Windows; U; Windows NT 5.1; en-US; rv:1.9.2.8) Gecko/20100722 Firefox/3.6.8" "www.saveaslave.com"
46.229.164.99 - - [01/Jul/2015:15:15:22 -0700] "GET /us-virgin-islands.html HTTP/1.1" 200 5799 "-" "Mozilla/5.0 (compatible; SemrushBot/0.98~bl; +http://www.semrush.com/bot.html)" "www.saveaslave.com"
46.229.164.102 - - [01/Jul/2015:15:38:59 -0700] "GET /saint-vincent-grenadines.html HTTP/1.1" 200 5868 "-" "Mozilla/5.0 (compatible; SemrushBot/0.98~bl; +http://www.semrush.com/bot.html)" "www.saveaslave.com"
85.227.55.18 - - [01/Jul/2015:15:48:00 -0700] "GET /robots.txt HTTP/1.1" 404 89 "-" "Mozilla/5.0 (Windows; U; Windows NT 5.1; en-US)" "www.saveaslave.com"
46.229.164.98 - - [01/Jul/2015:16:38:21 -0700] "GET /palmyra-atoll.html HTTP/1.1" 200 5737 "-" "Mozilla/5.0 (compatible; SemrushBot/0.98~bl; +http://www.semrush.com/bot.html)" "saveaslave.com"
180.76.15.161 - - [01/Jul/2015:16:51:46 -0700] "GET /wallis-and-futuna.html HTTP/1.1" 200 5756 "-" "Mozilla/5.0 (compatible; Baiduspider/2.0; +http://www.baidu.com/search/spider.html)" "www.saveaslave.com"
5.9.60.46 - - [01/Jul/2015:17:09:33 -0700] "GET /robots.txt HTTP/1.1" 404 89 "-" "Riddler (http://riddler.io/about)" "www.saveaslave.com"
46.229.164.98 - - [01/Jul/2015:17:15:29 -0700] "GET /mongolia.html HTTP/1.1" 200 5692 "-" "Mozilla/5.0 (compatible; SemrushBot/0.98~bl; +http://www.semrush.com/bot.html)" "www.saveaslave.com"
5.9.60.46 - - [01/Jul/2015:17:30:28 -0700] "GET /robots.txt HTTP/1.1" 404 89 "-" "Riddler (http://riddler.io/about)" "www.saveaslave.com"
207.90.2.10 - - [01/Jul/2015:17:41:46 -0700] "GET /addlink.php HTTP/1.1" 200 16020 "-" "=Mozilla/5.0 (Windows; U; Windows NT 6.1; en-US) AppleWebKit/534.16 (KHTML, like Gecko) Chrome/10.0.648.204 Safari/534.16" "www.saveaslave.com"
46.229.164.102 - - [01/Jul/2015:17:47:45 -0700] "GET /cote-d-ivoire.html HTTP/1.1" 200 5714 "-" "Mozilla/5.0 (compatible; SemrushBot/0.98~bl; +http://www.semrush.com/bot.html)" "saveaslave.com"
46.229.164.102 - - [01/Jul/2015:18:05:13 -0700] "GET /timor-leste.html HTTP/1.1" 200 5723 "-" "Mozilla/5.0 (compatible; SemrushBot/0.98~bl; +http://www.semrush.com/bot.html)" "www.saveaslave.com"
46.229.164.102 - - [01/Jul/2015:18:05:28 -0700] "GET /namibia.html HTTP/1.1" 200 5683 "-" "Mozilla/5.0 (compatible; SemrushBot/0.98~bl; +http://www.semrush.com/bot.html)" "saveaslave.com"
217.69.133.253 - - [01/Jul/2015:18:10:24 -0700] "GET /robots.txt HTTP/1.1" 404 89 "-" "Mozilla/5.0 (compatible; Linux x86_64; Mail.RU_Bot/2.0; +http://go.mail.ru/help/robots)" "www.saveaslave.com"
217.69.133.250 - - [01/Jul/2015:18:10:25 -0700] "GET /kenya.html HTTP/1.1" 200 5666 "-" "Mozilla/5.0 (compatible; Linux x86_64; Mail.RU_Bot/2.0; +http://go.mail.ru/help/robots)" "www.saveaslave.com"
66.249.75.189 - - [01/Jul/2015:18:10:42 -0700] "GET /images/countrymap/vietnam-flag.gif HTTP/1.1" 200 2016 "-" "Googlebot-Image/1.0" "saveaslave.com"
72.168.98.118 - - [01/Jul/2015:18:13:24 -0700] "GET /addlink.php HTTP/1.1" 200 15984 "http://www.saveaslave.com/" "Mozilla/5.0 (Windows NT 6.1; WOW64; Trident/7.0; rv:11.0) like Gecko" "www.saveaslave.com"
72.168.98.118 - - [01/Jul/2015:18:13:37 -0700] "GET / HTTP/1.1" 200 23412 "-" "Mozilla/5.0 (Windows NT 6.1; WOW64; Trident/7.0; rv:11.0) like Gecko" "www.saveaslave.com"
72.168.98.118 - - [01/Jul/2015:18:13:38 -0700] "GET /css/style.css HTTP/1.1" 200 1400 "http://www.saveaslave.com/" "Mozilla/5.0 (Windows NT 6.1; WOW64; Trident/7.0; rv:11.0) like Gecko" "www.saveaslave.com"
72.168.98.118 - - [01/Jul/2015:18:13:39 -0700] "GET /jquery-1.3.2.min.js HTTP/1.1" 200 57254 "http://www.saveaslave.com/" "Mozilla/5.0 (Windows NT 6.1; WOW64; Trident/7.0; rv:11.0) like Gecko" "www.saveaslave.com"
72.168.98.118 - - [01/Jul/2015:18:13:39 -0700] "GET /addlink.php HTTP/1.1" 200 15984 "http://www.saveaslave.com/" "Mozilla/5.0 (Windows NT 6.1; WOW64; Trident/7.0; rv:11.0) like Gecko" "www.saveaslave.com"
72.168.98.118 - - [01/Jul/2015:18:13:52 -0700] "GET / HTTP/1.1" 200 23412 "-" "Mozilla/5.0 (Windows NT 6.1; WOW64; Trident/7.0; rv:11.0) like Gecko" "www.saveaslave.com"
72.168.98.118 - - [01/Jul/2015:18:13:53 -0700] "GET /css/style.css HTTP/1.1" 200 1400 "http://www.saveaslave.com/" "Mozilla/5.0 (Windows NT 6.1; WOW64; Trident/7.0; rv:11.0) like Gecko" "www.saveaslave.com"
72.168.98.118 - - [01/Jul/2015:18:13:53 -0700] "GET /images/sas_button.gif HTTP/1.1" 200 2628 "http://www.saveaslave.com/" "Mozilla/5.0 (Windows NT 6.1; WOW64; Trident/7.0; rv:11.0) like Gecko" "www.saveaslave.com"
72.168.98.118 - - [01/Jul/2015:18:13:53 -0700] "GET /jquery.marquee.js HTTP/1.1" 200 6560 "http://www.saveaslave.com/" "Mozilla/5.0 (Windows NT 6.1; WOW64; Trident/7.0; rv:11.0) like Gecko" "www.saveaslave.com"
72.168.98.118 - - [01/Jul/2015:18:13:53 -0700] "GET /images/header.png HTTP/1.1" 200 104524 "http://www.saveaslave.com/" "Mozilla/5.0 (Windows NT 6.1; WOW64; Trident/7.0; rv:11.0) like Gecko" "www.saveaslave.com"
54.243.48.119 - - [01/Jul/2015:18:15:17 -0700] "GET /togo.html HTTP/1.1" 200 5659 "-" "Mozilla/5.0 (Windows; U; Windows NT 5.1; en-US; rv:1.9.2.8) Gecko/20100722 Firefox/3.6.8" "www.saveaslave.com"
46.229.164.98 - - [01/Jul/2015:18:25:05 -0700] "GET /tanzania.html HTTP/1.1" 200 5695 "-" "Mozilla/5.0 (compatible; SemrushBot/0.98~bl; +http://www.semrush.com/bot.html)" "saveaslave.com"
46.229.164.102 - - [01/Jul/2015:18:35:09 -0700] "GET /finland.html HTTP/1.1" 200 6902 "-" "Mozilla/5.0 (compatible; SemrushBot/0.98~bl; +http://www.semrush.com/bot.html)" "saveaslave.com"
46.229.164.102 - - [01/Jul/2015:18:35:51 -0700] "GET /marshall-islands.html HTTP/1.1" 200 5764 "-" "Mozilla/5.0 (compatible; SemrushBot/0.98~bl; +http://www.semrush.com/bot.html)" "www.saveaslave.com"
46.229.164.100 - - [01/Jul/2015:18:45:42 -0700] "GET /central-african-republic.html HTTP/1.1" 200 5821 "-" "Mozilla/5.0 (compatible; SemrushBot/0.98~bl; +http://www.semrush.com/bot.html)" "saveaslave.com"
107.23.45.196 - - [01/Jul/2015:18:51:46 -0700] "GET / HTTP/1.1" 200 23412 "http://saveaslave.com/" "Mozilla/5.0 (compatible; DuckDuckGo-Favicons-Bot/1.0; +http://duckduckgo.com)" "saveaslave.com"
70.196.8.189 - - [01/Jul/2015:18:53:05 -0700] "GET /images/countrymap/solomon-islands.gif HTTP/1.1" 200 122217 "https://www.google.com/" "Mozilla/5.0 (iPhone; CPU iPhone OS 8_4 like Mac OS X) AppleWebKit/600.1.4 (KHTML, like Gecko) Version/8.0 Mobile/12H143 Safari/600.1.4" "www.saveaslave.com"
46.229.164.98 - - [01/Jul/2015:18:54:30 -0700] "GET /syria.html HTTP/1.1" 200 5668 "-" "Mozilla/5.0 (compatible; SemrushBot/0.98~bl; +http://www.semrush.com/bot.html)" "www.saveaslave.com"
46.229.164.98 - - [01/Jul/2015:18:54:30 -0700] "GET /portugal.html HTTP/1.1" 200 5692 "-" "Mozilla/5.0 (compatible; SemrushBot/0.98~bl; +http://www.semrush.com/bot.html)" "saveaslave.com"
66.249.75.48 - - [01/Jul/2015:18:55:39 -0700] "GET /images/countrymap/france.gif HTTP/1.1" 200 16311 "-" "Googlebot-Image/1.0" "www.saveaslave.com"
66.249.75.56 - - [01/Jul/2015:18:55:40 -0700] "GET /images/countrymap/france-flag.gif HTTP/1.1" 200 5140 "-" "Googlebot-Image/1.0" "www.saveaslave.com"
46.229.164.101 - - [01/Jul/2015:19:04:44 -0700] "GET /netherlands.html HTTP/1.1" 200 5719 "-" "Mozilla/5.0 (compatible; SemrushBot/0.98~bl; +http://www.semrush.com/bot.html)" "saveaslave.com"
46.229.164.101 - - [01/Jul/2015:19:04:55 -0700] "GET /paraguay.html HTTP/1.1" 200 5692 "-" "Mozilla/5.0 (compatible; SemrushBot/0.98~bl; +http://www.semrush.com/bot.html)" "www.saveaslave.com"
203.45.172.8 - - [01/Jul/2015:19:05:08 -0700] "GET /images/countrymap/solomon-islands-flag.gif HTTP/1.1" 200 28751 "http://www.saveaslave.com/solomon-islands.html" "Mozilla/5.0 (Windows NT 6.1; WOW64; Trident/7.0; MATP; MATP; rv:11.0) like Gecko" "www.saveaslave.com"
46.229.164.100 - - [01/Jul/2015:19:13:14 -0700] "GET /sri-lanka.html HTTP/1.1" 200 5701 "-" "Mozilla/5.0 (compatible; SemrushBot/0.98~bl; +http://www.semrush.com/bot.html)" "www.saveaslave.com"
46.229.164.100 - - [01/Jul/2015:19:13:21 -0700] "GET /contact/default.html HTTP/1.1" 404 89 "-" "Mozilla/5.0 (compatible; SemrushBot/0.98~bl; +http://www.semrush.com/bot.html)" "saveaslave.com"
46.229.164.99 - - [01/Jul/2015:19:21:21 -0700] "GET /nepal.html HTTP/1.1" 200 5852 "-" "Mozilla/5.0 (compatible; SemrushBot/0.98~bl; +http://www.semrush.com/bot.html)" "www.saveaslave.com"
77.75.79.62 - - [01/Jul/2015:19:23:31 -0700] "GET /robots.txt HTTP/1.1" 404 89 "-" "Mozilla/5.0 (compatible; SeznamBot/3.2; +http://fulltext.sblog.cz/)" "saveaslave.com"
77.75.79.62 - - [01/Jul/2015:19:23:32 -0700] "GET /chad.html HTTP/1.1" 200 5641 "-" "Mozilla/5.0 (compatible; SeznamBot/3.2; +http://fulltext.sblog.cz/)" "saveaslave.com"
65.36.241.48 - - [01/Jul/2015:19:23:56 -0700] "HEAD / HTTP/1.1" 200 0 "-" "InternetSeer.com" "www.saveaslave.com"
72.168.98.118 - - [01/Jul/2015:19:24:47 -0700] "GET /css/style.css HTTP/1.1" 200 1400 "http://www.saveaslave.com/" "Mozilla/5.0 (Windows NT 6.1; WOW64; Trident/7.0; rv:11.0) like Gecko" "www.saveaslave.com"
72.168.98.118 - - [01/Jul/2015:19:24:47 -0700] "GET /jquery.marquee.js HTTP/1.1" 200 6560 "http://www.saveaslave.com/" "Mozilla/5.0 (Windows NT 6.1; WOW64; Trident/7.0; rv:11.0) like Gecko" "www.saveaslave.com"
72.168.98.118 - - [01/Jul/2015:19:24:47 -0700] "GET /images/header.png HTTP/1.1" 200 104524 "http://www.saveaslave.com/" "Mozilla/5.0 (Windows NT 6.1; WOW64; Trident/7.0; rv:11.0) like Gecko" "www.saveaslave.com"
72.168.98.118 - - [01/Jul/2015:19:24:47 -0700] "GET /images/sas_button.gif HTTP/1.1" 200 2628 "http://www.saveaslave.com/" "Mozilla/5.0 (Windows NT 6.1; WOW64; Trident/7.0; rv:11.0) like Gecko" "www.saveaslave.com"
72.168.98.118 - - [01/Jul/2015:19:24:48 -0700] "GET /addlink.php HTTP/1.1" 200 15984 "http://www.saveaslave.com/" "Mozilla/5.0 (Windows NT 6.1; WOW64; Trident/7.0; rv:11.0) like Gecko" "www.saveaslave.com"
72.168.98.118 - - [01/Jul/2015:19:24:49 -0700] "GET / HTTP/1.1" 200 23412 "-" "Mozilla/5.0 (Windows NT 6.1; WOW64; Trident/7.0; rv:11.0) like Gecko" "www.saveaslave.com"
23.23.242.178 - - [01/Jul/2015:19:31:01 -0700] "GET /mozambique.html HTTP/1.1" 200 5710 "-" "Mozilla/5.0 (Windows; U; Windows NT 5.1; en-US; rv:1.9.2.8) Gecko/20100722 Firefox/3.6.8" "www.saveaslave.com"
46.229.164.100 - - [01/Jul/2015:19:37:44 -0700] "GET /singapore.html HTTP/1.1" 200 5701 "-" "Mozilla/5.0 (compatible; SemrushBot/0.98~bl; +http://www.semrush.com/bot.html)" "www.saveaslave.com"
46.229.164.100 - - [01/Jul/2015:19:38:14 -0700] "GET /libya.html HTTP/1.1" 200 5665 "-" "Mozilla/5.0 (compatible; SemrushBot/0.98~bl; +http://www.semrush.com/bot.html)" "saveaslave.com"
207.46.13.85 - - [01/Jul/2015:19:39:17 -0700] "GET /addlink.php HTTP/1.1" 200 16020 "-" "Mozilla/5.0 (compatible; bingbot/2.0; +http://www.bing.com/bingbot.htm)" "www.saveaslave.com"
46.229.164.98 - - [01/Jul/2015:19:44:27 -0700] "GET /micronesia.html HTTP/1.1" 200 5710 "-" "Mozilla/5.0 (compatible; SemrushBot/0.98~bl; +http://www.semrush.com/bot.html)" "www.saveaslave.com"
46.229.164.98 - - [01/Jul/2015:19:44:28 -0700] "GET /niue.html HTTP/1.1" 200 5656 "-" "Mozilla/5.0 (compatible; SemrushBot/0.98~bl; +http://www.semrush.com/bot.html)" "saveaslave.com"
46.229.164.100 - - [01/Jul/2015:20:00:26 -0700] "GET /www.ituc-csi.org HTTP/1.1" 404 89 "-" "Mozilla/5.0 (compatible; SemrushBot/0.98~bl; +http://www.semrush.com/bot.html)" "www.saveaslave.com"
166.216.157.84 - - [01/Jul/2015:20:07:22 -0700] "GET /images/countrymap/solomon-islands.gif HTTP/1.1" 200 122217 "-" "Mozilla/5.0 (iPhone; CPU iPhone OS 7_1_2 like Mac OS X) AppleWebKit/537.51.2 (KHTML, like Gecko) GSA/6.0.51363 Mobile/11D257 Safari/9537.53" "www.saveaslave.com"
108.63.251.81 - - [01/Jul/2015:20:07:47 -0700] "GET /images/countrymap/solomon-islands.gif HTTP/1.1" 200 122217 "https://www.google.ca/" "Mozilla/5.0 (Linux; Android 5.0.1; SGH-I337M Build/LRX22C; wv) AppleWebKit/537.36 (KHTML, like Gecko) Version/4.0 Chrome/43.0.2357.121 Mobile Safari/537.36 GSA/4.7.13.19.arm" "www.saveaslave.com"
157.55.39.250 - - [01/Jul/2015:20:14:18 -0700] "GET /robots.txt HTTP/1.1" 404 89 "-" "Mozilla/5.0 (compatible; bingbot/2.0; +http://www.bing.com/bingbot.htm)" "saveaslave.com"
157.55.39.250 - - [01/Jul/2015:20:14:42 -0700] "GET /robots.txt HTTP/1.1" 404 89 "-" "Mozilla/5.0 (compatible; bingbot/2.0; +http://www.bing.com/bingbot.htm)" "saveaslave.com"
157.55.39.71 - - [01/Jul/2015:20:15:13 -0700] "GET /robots.txt HTTP/1.1" 404 89 "-" "Mozilla/5.0 (compatible; bingbot/2.0; +http://www.bing.com/bingbot.htm)" "saveaslave.com"
207.46.13.117 - - [01/Jul/2015:20:15:15 -0700] "GET /robots.txt HTTP/1.1" 404 89 "-" "Mozilla/5.0 (compatible; bingbot/2.0; +http://www.bing.com/bingbot.htm)" "saveaslave.com"
207.46.13.117 - - [01/Jul/2015:20:15:18 -0700] "GET /robots.txt HTTP/1.1" 404 89 "-" "Mozilla/5.0 (compatible; bingbot/2.0; +http://www.bing.com/bingbot.htm)" "www.saveaslave.com"
46.229.164.101 - - [01/Jul/2015:20:27:39 -0700] "GET /papua-new-guinea.html HTTP/1.1" 200 5764 "-" "Mozilla/5.0 (compatible; SemrushBot/0.98~bl; +http://www.semrush.com/bot.html)" "saveaslave.com"
46.229.164.101 - - [01/Jul/2015:20:28:01 -0700] "GET /solomon-islands.html HTTP/1.1" 200 5755 "-" "Mozilla/5.0 (compatible; SemrushBot/0.98~bl; +http://www.semrush.com/bot.html)" "www.saveaslave.com"
68.3.112.172 - - [01/Jul/2015:20:39:53 -0700] "GET /images/countrymap/bosnia-herzegovina.jpg HTTP/1.1" 200 42063 "https://www.google.com/" "Mozilla/5.0 (Windows NT 6.3; WOW64) AppleWebKit/537.36 (KHTML, like Gecko) Chrome/43.0.2357.130 Safari/537.36" "www.saveaslave.com"
46.229.164.102 - - [01/Jul/2015:20:47:39 -0700] "GET /resources.html HTTP/1.1" 200 14780 "-" "Mozilla/5.0 (compatible; SemrushBot/0.98~bl; +http://www.semrush.com/bot.html)" "www.saveaslave.com"
46.229.164.102 - - [01/Jul/2015:20:47:39 -0700] "GET /site?p=34 HTTP/1.1" 404 89 "-" "Mozilla/5.0 (compatible; SemrushBot/0.98~bl; +http://www.semrush.com/bot.html)" "saveaslave.com"
157.55.39.70 - - [01/Jul/2015:20:55:07 -0700] "GET /robots.txt HTTP/1.1" 404 89 "-" "Mozilla/5.0 (compatible; bingbot/2.0; +http://www.bing.com/bingbot.htm)" "saveaslave.com"
46.229.164.98 - - [01/Jul/2015:20:57:45 -0700] "GET /cape-verde.html HTTP/1.1" 200 5687 "-" "Mozilla/5.0 (compatible; SemrushBot/0.98~bl; +http://www.semrush.com/bot.html)" "www.saveaslave.com"
46.229.164.98 - - [01/Jul/2015:20:57:45 -0700] "GET /palau.html HTTP/1.1" 200 5665 "-" "Mozilla/5.0 (compatible; SemrushBot/0.98~bl; +http://www.semrush.com/bot.html)" "saveaslave.com"
66.249.75.48 - - [01/Jul/2015:21:00:21 -0700] "GET /images/countrymap/morocco.gif HTTP/1.1" 200 17961 "-" "Googlebot-Image/1.0" "www.saveaslave.com"
157.55.39.71 - - [01/Jul/2015:21:07:00 -0700] "GET /central-african-republic.html HTTP/1.1" 200 5821 "-" "Mozilla/5.0 (compatible; bingbot/2.0; +http://www.bing.com/bingbot.htm)" "saveaslave.com"
65.36.241.48 - - [01/Jul/2015:21:10:07 -0700] "GET / HTTP/1.1" 200 23412 "-" "InternetSeer.com" "www.saveaslave.com"
46.229.164.99 - - [01/Jul/2015:21:15:39 -0700] "GET /seychelles.html HTTP/1.1" 200 5710 "-" "Mozilla/5.0 (compatible; SemrushBot/0.98~bl; +http://www.semrush.com/bot.html)" "saveaslave.com"
46.229.164.99 - - [01/Jul/2015:21:16:31 -0700] "GET /angola.html HTTP/1.1" 200 5617 "-" "Mozilla/5.0 (compatible; SemrushBot/0.98~bl; +http://www.semrush.com/bot.html)" "www.saveaslave.com"
46.229.164.100 - - [01/Jul/2015:21:25:49 -0700] "GET /canada.html HTTP/1.1" 200 5648 "-" "Mozilla/5.0 (compatible; SemrushBot/0.98~bl; +http://www.semrush.com/bot.html)" "www.saveaslave.com"
46.229.164.100 - - [01/Jul/2015:21:26:11 -0700] "GET /trinidad-tobago.html HTTP/1.1" 200 5774 "-" "Mozilla/5.0 (compatible; SemrushBot/0.98~bl; +http://www.semrush.com/bot.html)" "saveaslave.com"
68.113.77.243 - - [01/Jul/2015:21:28:45 -0700] "GET /images/countrymap/solomon-islands.gif HTTP/1.1" 200 122217 "https://www.google.com/" "Mozilla/5.0 (iPhone; CPU iPhone OS 7_1_2 like Mac OS X) AppleWebKit/537.51.2 (KHTML, like Gecko) Version/7.0 Mobile/11D257 Safari/9537.53" "www.saveaslave.com"
46.229.164.101 - - [01/Jul/2015:21:34:26 -0700] "GET /benin.html HTTP/1.1" 200 5639 "-" "Mozilla/5.0 (compatible; SemrushBot/0.98~bl; +http://www.semrush.com/bot.html)" "www.saveaslave.com"
46.229.164.101 - - [01/Jul/2015:21:34:26 -0700] "GET /sint-maarten.html HTTP/1.1" 200 5728 "-" "Mozilla/5.0 (compatible; SemrushBot/0.98~bl; +http://www.semrush.com/bot.html)" "saveaslave.com"
46.229.164.100 - - [01/Jul/2015:21:42:54 -0700] "GET /romania.html HTTP/1.1" 200 5683 "-" "Mozilla/5.0 (compatible; SemrushBot/0.98~bl; +http://www.semrush.com/bot.html)" "www.saveaslave.com"
46.229.164.100 - - [01/Jul/2015:21:42:54 -0700] "GET /slovakia.html HTTP/1.1" 200 5691 "-" "Mozilla/5.0 (compatible; SemrushBot/0.98~bl; +http://www.semrush.com/bot.html)" "saveaslave.com"
46.229.164.100 - - [01/Jul/2015:21:49:55 -0700] "GET /calendar/saveaslave.net/calendar/default.html HTTP/1.1" 404 89 "-" "Mozilla/5.0 (compatible; SemrushBot/0.98~bl; +http://www.semrush.com/bot.html)" "saveaslave.com"
180.76.15.143 - - [01/Jul/2015:22:00:31 -0700] "GET /italy.html HTTP/1.1" 200 5666 "-" "Mozilla/5.0 (compatible; Baiduspider/2.0; +http://www.baidu.com/search/spider.html)" "www.saveaslave.com"
123.125.71.58 - - [01/Jul/2015:22:02:21 -0700] "GET /burundi.html HTTP/1.1" 200 5657 "-" "Mozilla/5.0 (compatible; Baiduspider/2.0; +http://www.baidu.com/search/spider.html)" "www.saveaslave.com"
46.229.164.101 - - [01/Jul/2015:22:03:35 -0700] "GET /argentina.html HTTP/1.1" 200 5636 "-" "Mozilla/5.0 (compatible; SemrushBot/0.98~bl; +http://www.semrush.com/bot.html)" "www.saveaslave.com"
46.229.164.101 - - [01/Jul/2015:22:04:09 -0700] "GET /liechtenstein.html HTTP/1.1" 200 5737 "-" "Mozilla/5.0 (compatible; SemrushBot/0.98~bl; +http://www.semrush.com/bot.html)" "saveaslave.com"
46.229.164.101 - - [01/Jul/2015:22:09:47 -0700] "GET /nigeria.html HTTP/1.1" 200 5683 "-" "Mozilla/5.0 (compatible; SemrushBot/0.98~bl; +http://www.semrush.com/bot.html)" "www.saveaslave.com"
46.229.164.101 - - [01/Jul/2015:22:10:21 -0700] "GET /zimbabwe.html HTTP/1.1" 200 5695 "-" "Mozilla/5.0 (compatible; SemrushBot/0.98~bl; +http://www.semrush.com/bot.html)" "saveaslave.com"
46.229.164.102 - - [01/Jul/2015:22:16:59 -0700] "GET /pakistan.html HTTP/1.1" 200 5856 "-" "Mozilla/5.0 (compatible; SemrushBot/0.98~bl; +http://www.semrush.com/bot.html)" "saveaslave.com"
46.229.164.102 - - [01/Jul/2015:22:17:02 -0700] "GET /sierra-leone.html HTTP/1.1" 200 5728 "-" "Mozilla/5.0 (compatible; SemrushBot/0.98~bl; +http://www.semrush.com/bot.html)" "www.saveaslave.com"
96.231.132.75 - - [01/Jul/2015:22:22:48 -0700] "GET /robots.txt HTTP/1.1" 404 89 "-" "Mozilla/4.0 (compatible; T-H-U-N-D-E-R-S-T-O-N-E)" "www.saveaslave.com"
96.231.132.75 - - [01/Jul/2015:22:22:48 -0700] "GET /News%20Alert.html HTTP/1.1" 404 89 "-" "Mozilla/4.0 (compatible; T-H-U-N-D-E-R-S-T-O-N-E)" "www.saveaslave.com"
46.229.164.101 - - [01/Jul/2015:22:27:04 -0700] "GET /sweden.html HTTP/1.1" 200 5677 "-" "Mozilla/5.0 (compatible; SemrushBot/0.98~bl; +http://www.semrush.com/bot.html)" "www.saveaslave.com"
217.69.133.249 - - [01/Jul/2015:22:27:59 -0700] "GET /robots.txt HTTP/1.1" 404 89 "-" "Mozilla/5.0 (compatible; Linux x86_64; Mail.RU_Bot/2.0; +http://go.mail.ru/help/robots)" "www.saveaslave.com"
46.229.164.101 - - [01/Jul/2015:22:29:05 -0700] "GET /australia.html HTTP/1.1" 200 5637 "-" "Mozilla/5.0 (compatible; SemrushBot/0.98~bl; +http://www.semrush.com/bot.html)" "saveaslave.com"
66.249.75.48 - - [01/Jul/2015:22:35:25 -0700] "GET /images/countrymap/cambodia-flag.gif HTTP/1.1" 200 2432 "-" "Googlebot-Image/1.0" "www.saveaslave.com"
66.249.75.48 - - [01/Jul/2015:22:35:25 -0700] "GET /images/countrymap/cambodia.gif HTTP/1.1" 200 25694 "-" "Googlebot-Image/1.0" "www.saveaslave.com"
46.229.164.102 - - [01/Jul/2015:22:37:43 -0700] "GET /malawi.html HTTP/1.1" 200 5674 "-" "Mozilla/5.0 (compatible; SemrushBot/0.98~bl; +http://www.semrush.com/bot.html)" "saveaslave.com"
180.76.15.135 - - [01/Jul/2015:22:38:05 -0700] "GET /images/ HTTP/1.1" 200 1932 "-" "Mozilla/5.0 (compatible; Baiduspider/2.0; +http://www.baidu.com/search/spider.html)" "www.saveaslave.com"
46.229.164.102 - - [01/Jul/2015:22:38:14 -0700] "GET /sudan.html HTTP/1.1" 200 5668 "-" "Mozilla/5.0 (compatible; SemrushBot/0.98~bl; +http://www.semrush.com/bot.html)" "www.saveaslave.com"
46.4.189.109 - - [01/Jul/2015:22:45:13 -0700] "GET /aruba.html HTTP/1.1" 200 14875 "http://www.saveaslave.com/aruba.html" "Mozilla/5.0 (Windows NT 6.3; Win64; x64) AppleWebKit/537.36 (KHTML, like Gecko) Chrome/43.0.2357.124 Safari/537.36" "www.saveaslave.com"
217.69.133.191 - - [01/Jul/2015:22:47:18 -0700] "GET /albania.html HTTP/1.1" 200 6060 "-" "Mozilla/5.0 (compatible; Linux x86_64; Mail.RU_Bot/2.0; +http://go.mail.ru/help/robots)" "www.saveaslave.com"
68.230.62.232 - - [01/Jul/2015:22:48:12 -0700] "GET /images/countrymap/solomon-islands.gif HTTP/1.1" 200 122217 "-" "Mozilla/5.0 (Linux; Android 4.4.2; LGMS323 Build/KOT49I.MS32310b) AppleWebKit/537.36 (KHTML, like Gecko) Version/4.0 Chrome/30.0.0.0 Mobile Safari/537.36 GSA/3.1.24.941712.arm" "www.saveaslave.com"
46.229.164.102 - - [01/Jul/2015:22:53:13 -0700] "GET /slovakia.html HTTP/1.1" 200 5691 "-" "Mozilla/5.0 (compatible; SemrushBot/0.98~bl; +http://www.semrush.com/bot.html)" "www.saveaslave.com"
103.245.44.14 - - [01/Jul/2015:22:55:40 -0700] "GET /robots.txt HTTP/1.1" 404 89 "-" "binlar_2.6.3 (test@mgmt.mic)" "www.saveaslave.com"
180.76.15.158 - - [01/Jul/2015:23:08:05 -0700] "GET /solomon-islands.html HTTP/1.1" 200 5755 "-" "Mozilla/5.0 (compatible; Baiduspider/2.0; +http://www.baidu.com/search/spider.html)" "www.saveaslave.com"
46.229.164.102 - - [01/Jul/2015:23:11:12 -0700] "GET /cameroon.html HTTP/1.1" 200 5666 "-" "Mozilla/5.0 (compatible; SemrushBot/0.98~bl; +http://www.semrush.com/bot.html)" "saveaslave.com"
23.23.242.178 - - [01/Jul/2015:23:18:23 -0700] "GET /navassa-island.html HTTP/1.1" 200 5746 "-" "Mozilla/5.0 (Windows; U; Windows NT 5.1; en-US; rv:1.9.2.8) Gecko/20100722 Firefox/3.6.8" "www.saveaslave.com"
207.46.13.117 - - [01/Jul/2015:23:23:52 -0700] "GET /robots.txt HTTP/1.1" 404 89 "-" "Mozilla/5.0 (compatible; bingbot/2.0; +http://www.bing.com/bingbot.htm)" "saveaslave.com"
157.55.39.250 - - [01/Jul/2015:23:26:56 -0700] "GET /liechtenstein HTTP/1.1" 200 5737 "-" "Mozilla/5.0 (compatible; bingbot/2.0; +http://www.bing.com/bingbot.htm)" "saveaslave.com"
46.229.164.100 - - [01/Jul/2015:23:38:22 -0700] "GET /west-bank.html HTTP/1.1" 200 5947 "-" "Mozilla/5.0 (compatible; SemrushBot/0.98~bl; +http://www.semrush.com/bot.html)" "saveaslave.com"
46.229.164.98 - - [01/Jul/2015:23:51:46 -0700] "GET /burundi.html HTTP/1.1" 200 5657 "-" "Mozilla/5.0 (compatible; SemrushBot/0.98~bl; +http://www.semrush.com/bot.html)" "saveaslave.com"
46.229.164.98 - - [01/Jul/2015:23:52:10 -0700] "GET /tanzania.html HTTP/1.1" 200 5695 "-" "Mozilla/5.0 (compatible; SemrushBot/0.98~bl; +http://www.semrush.com/bot.html)" "www.saveaslave.com"
66.249.75.64 - - [01/Jul/2015:23:56:13 -0700] "GET /images/countrymap/nigeria.gif HTTP/1.1" 200 15215 "-" "Googlebot-Image/1.0" "www.saveaslave.com"
66.249.75.64 - - [01/Jul/2015:23:56:14 -0700] "GET /images/countrymap/nigeria-flag.gif HTTP/1.1" 200 5389 "-" "Googlebot-Image/1.0" "www.saveaslave.com"
66.249.75.48 - - [02/Jul/2015:00:00:11 -0700] "GET /images/countrymap/india.gif HTTP/1.1" 200 29237 "-" "Googlebot-Image/1.0" "www.saveaslave.com"
66.249.75.48 - - [02/Jul/2015:00:00:15 -0700] "GET /images/countrymap/india-flag.gif HTTP/1.1" 200 10802 "-" "Googlebot-Image/1.0" "www.saveaslave.com"
46.229.164.100 - - [02/Jul/2015:00:05:37 -0700] "GET /rwanda.html HTTP/1.1" 200 5674 "-" "Mozilla/5.0 (compatible; SemrushBot/0.98~bl; +http://www.semrush.com/bot.html)" "www.saveaslave.com"
46.229.164.100 - - [02/Jul/2015:00:05:52 -0700] "GET /maldives.html HTTP/1.1" 200 5692 "-" "Mozilla/5.0 (compatible; SemrushBot/0.98~bl; +http://www.semrush.com/bot.html)" "saveaslave.com"
46.229.164.100 - - [02/Jul/2015:00:21:14 -0700] "GET /belgium.html HTTP/1.1" 200 5676 "-" "Mozilla/5.0 (compatible; SemrushBot/0.98~bl; +http://www.semrush.com/bot.html)" "www.saveaslave.com"
46.229.164.101 - - [02/Jul/2015:00:27:27 -0700] "GET /nauru.html HTTP/1.1" 200 5665 "-" "Mozilla/5.0 (compatible; SemrushBot/0.98~bl; +http://www.semrush.com/bot.html)" "saveaslave.com"
46.229.164.101 - - [02/Jul/2015:00:27:27 -0700] "GET /colombia.html HTTP/1.1" 200 5676 "-" "Mozilla/5.0 (compatible; SemrushBot/0.98~bl; +http://www.semrush.com/bot.html)" "www.saveaslave.com"
180.233.123.220 - - [02/Jul/2015:00:30:11 -0700] "GET /images/countrymap/solomon-islands.gif HTTP/1.1" 200 122217 "https://www.google.co.in/" "Mozilla/5.0 (Windows NT 6.1) AppleWebKit/537.36 (KHTML, like Gecko) Chrome/43.0.2357.130 Safari/537.36" "www.saveaslave.com"
46.229.164.98 - - [02/Jul/2015:00:33:09 -0700] "GET /liechtenstein.html HTTP/1.1" 200 5737 "-" "Mozilla/5.0 (compatible; SemrushBot/0.98~bl; +http://www.semrush.com/bot.html)" "www.saveaslave.com"
46.229.164.98 - - [02/Jul/2015:00:33:21 -0700] "GET /costa-rica.html HTTP/1.1" 200 5867 "-" "Mozilla/5.0 (compatible; SemrushBot/0.98~bl; +http://www.semrush.com/bot.html)" "saveaslave.com"
23.23.242.178 - - [02/Jul/2015:00:34:09 -0700] "GET /swaziland.html HTTP/1.1" 200 5704 "-" "Mozilla/5.0 (Windows; U; Windows NT 5.1; en-US; rv:1.9.2.8) Gecko/20100722 Firefox/3.6.8" "www.saveaslave.com"
46.229.164.100 - - [02/Jul/2015:00:39:02 -0700] "GET /uganda.html HTTP/1.1" 200 5677 "-" "Mozilla/5.0 (compatible; SemrushBot/0.98~bl; +http://www.semrush.com/bot.html)" "saveaslave.com"
124.176.217.10 - - [02/Jul/2015:00:39:46 -0700] "GET / HTTP/1.1" 200 23412 "http://zerodirectory.com/index.php/Society/Issues/Labor/Slavery/" "I" "www.saveaslave.com"
65.36.241.48 - - [02/Jul/2015:00:43:39 -0700] "HEAD /?tpl=references&Itemid=3 HTTP/1.1" 200 0 "-" "InternetSeer.com" "www.saveaslave.com"
65.36.241.48 - - [02/Jul/2015:00:43:39 -0700] "HEAD /?tpl=references&Itemid=3 HTTP/1.1" 200 0 "-" "InternetSeer.com" "www.saveaslave.com"
46.229.164.101 - - [02/Jul/2015:00:45:50 -0700] "GET /chile.html HTTP/1.1" 200 5650 "-" "Mozilla/5.0 (compatible; SemrushBot/0.98~bl; +http://www.semrush.com/bot.html)" "saveaslave.com"
46.229.164.101 - - [02/Jul/2015:00:46:22 -0700] "GET /monaco.html HTTP/1.1" 200 5674 "-" "Mozilla/5.0 (compatible; SemrushBot/0.98~bl; +http://www.semrush.com/bot.html)" "www.saveaslave.com"
217.16.218.115 - - [02/Jul/2015:00:48:01 -0700] "GET /images/countrymap/solomon-islands.gif HTTP/1.1" 200 122217 "https://www.google.co.uk/" "Mozilla/5.0 (Windows NT 6.1; WOW64) AppleWebKit/537.36 (KHTML, like Gecko) Chrome/43.0.2357.130 Safari/537.36" "www.saveaslave.com"
199.168.137.210 - - [02/Jul/2015:00:48:42 -0700] "GET /drudge.html HTTP/1.1" 200 6233 "-" "Mozilla/5.0 (compatible; MJ12bot/v1.4.5; http://www.majestic12.co.uk/bot.php?+)" "saveaslave.com"
199.168.137.210 - - [02/Jul/2015:00:49:02 -0700] "GET /robots.txt HTTP/1.1" 404 89 "-" "Mozilla/5.0 (compatible; MJ12bot/v1.4.5; http://www.majestic12.co.uk/bot.php?+)" "www.saveaslave.com"
199.168.137.210 - - [02/Jul/2015:00:49:07 -0700] "GET /drudge.html HTTP/1.1" 200 6233 "-" "Mozilla/5.0 (compatible; MJ12bot/v1.4.5; http://www.majestic12.co.uk/bot.php?+)" "www.saveaslave.com"
207.46.13.85 - - [02/Jul/2015:00:52:56 -0700] "GET /robots.txt HTTP/1.1" 404 89 "-" "Mozilla/5.0 (compatible; bingbot/2.0; +http://www.bing.com/bingbot.htm)" "saveaslave.com"
46.229.164.102 - - [02/Jul/2015:00:54:38 -0700] "GET /american_samoa.html HTTP/1.1" 404 89 "-" "Mozilla/5.0 (compatible; SemrushBot/0.98~bl; +http://www.semrush.com/bot.html)" "saveaslave.com"
46.229.164.102 - - [02/Jul/2015:00:54:50 -0700] "GET /panama.html HTTP/1.1" 200 5674 "-" "Mozilla/5.0 (compatible; SemrushBot/0.98~bl; +http://www.semrush.com/bot.html)" "www.saveaslave.com"
207.46.13.85 - - [02/Jul/2015:00:55:25 -0700] "GET /andorra.html HTTP/1.1" 200 5625 "-" "Mozilla/5.0 (compatible; bingbot/2.0; +http://www.bing.com/bingbot.htm)" "saveaslave.com"
46.229.164.99 - - [02/Jul/2015:01:03:11 -0700] "GET /news/saveaslave.net/calendar/default.html HTTP/1.1" 404 89 "-" "Mozilla/5.0 (compatible; SemrushBot/0.98~bl; +http://www.semrush.com/bot.html)" "saveaslave.com"
46.229.164.99 - - [02/Jul/2015:01:03:23 -0700] "GET /cameroon.html HTTP/1.1" 200 5666 "-" "Mozilla/5.0 (compatible; SemrushBot/0.98~bl; +http://www.semrush.com/bot.html)" "www.saveaslave.com"
46.229.164.101 - - [02/Jul/2015:01:15:29 -0700] "GET /djibouti.html HTTP/1.1" 200 5666 "-" "Mozilla/5.0 (compatible; SemrushBot/0.98~bl; +http://www.semrush.com/bot.html)" "www.saveaslave.com"
46.229.164.101 - - [02/Jul/2015:01:15:33 -0700] "GET /croatia.html HTTP/1.1" 200 5659 "-" "Mozilla/5.0 (compatible; SemrushBot/0.98~bl; +http://www.semrush.com/bot.html)" "saveaslave.com"
66.249.75.48 - - [02/Jul/2015:01:20:19 -0700] "GET /images/countrymap/zambia.jpg HTTP/1.1" 200 26099 "-" "Googlebot-Image/1.0" "www.saveaslave.com"
66.249.75.64 - - [02/Jul/2015:01:20:20 -0700] "GET /images/countrymap/croatia-flag.gif HTTP/1.1" 200 1696 "-" "Googlebot-Image/1.0" "www.saveaslave.com"
66.249.75.56 - - [02/Jul/2015:01:20:22 -0700] "GET /images/countrymap/croatia.jpg HTTP/1.1" 200 50804 "-" "Googlebot-Image/1.0" "www.saveaslave.com"
46.229.164.102 - - [02/Jul/2015:01:24:04 -0700] "GET /philippines.html HTTP/1.1" 200 5719 "-" "Mozilla/5.0 (compatible; SemrushBot/0.98~bl; +http://www.semrush.com/bot.html)" "saveaslave.com"
46.229.164.98 - - [02/Jul/2015:01:31:42 -0700] "GET /saint-lucia.html HTTP/1.1" 200 5719 "-" "Mozilla/5.0 (compatible; SemrushBot/0.98~bl; +http://www.semrush.com/bot.html)" "saveaslave.com"
46.229.164.98 - - [02/Jul/2015:01:32:47 -0700] "GET /maldives.html HTTP/1.1" 200 5692 "-" "Mozilla/5.0 (compatible; SemrushBot/0.98~bl; +http://www.semrush.com/bot.html)" "www.saveaslave.com"
193.0.96.129 - - [02/Jul/2015:01:35:07 -0700] "GET /images/countrymap/northern-mariana-islands.gif HTTP/1.1" 200 6440 "-" "Mozilla/5.0 (Windows; U; Windows NT 5.1; it; rv:1.8.1.11) Gecko/20071127 Firefox/2.0.0.11" "www.saveaslave.com"
157.55.39.250 - - [02/Jul/2015:01:35:50 -0700] "GET /robots.txt HTTP/1.1" 404 89 "-" "Mozilla/5.0 (compatible; bingbot/2.0; +http://www.bing.com/bingbot.htm)" "www.saveaslave.com"
157.55.39.71 - - [02/Jul/2015:01:36:48 -0700] "GET /papua-new-guinea.html HTTP/1.1" 200 5764 "-" "Mozilla/5.0 (compatible; bingbot/2.0; +http://www.bing.com/bingbot.htm)" "saveaslave.com"
46.229.164.101 - - [02/Jul/2015:01:38:08 -0700] "GET /dominican-republic.html HTTP/1.1" 200 5756 "-" "Mozilla/5.0 (compatible; SemrushBot/0.98~bl; +http://www.semrush.com/bot.html)" "www.saveaslave.com"
46.229.164.101 - - [02/Jul/2015:01:38:08 -0700] "GET /saint-martin.html HTTP/1.1" 200 5728 "-" "Mozilla/5.0 (compatible; SemrushBot/0.98~bl; +http://www.semrush.com/bot.html)" "saveaslave.com"
207.241.226.219 - - [02/Jul/2015:01:42:01 -0700] "GET /robots.txt HTTP/1.1" 404 89 "-" "Mozilla/5.0 (compatible; archive.org_bot; Wayback Machine Live Record; +http://archive.org/details/archive.org_bot)" "www.saveaslave.com"
46.229.164.102 - - [02/Jul/2015:01:44:41 -0700] "GET /samoa.html HTTP/1.1" 200 5665 "-" "Mozilla/5.0 (compatible; SemrushBot/0.98~bl; +http://www.semrush.com/bot.html)" "saveaslave.com"
65.36.241.48 - - [02/Jul/2015:01:46:10 -0700] "HEAD / HTTP/1.1" 200 0 "-" "InternetSeer.com" "www.saveaslave.com"
54.243.48.119 - - [02/Jul/2015:01:50:02 -0700] "GET /tanzania.html HTTP/1.1" 200 5695 "-" "Mozilla/5.0 (Windows; U; Windows NT 5.1; en-US; rv:1.9.2.8) Gecko/20100722 Firefox/3.6.8" "www.saveaslave.com"
46.229.164.102 - - [02/Jul/2015:01:51:14 -0700] "GET /norway.html HTTP/1.1" 200 5674 "-" "Mozilla/5.0 (compatible; SemrushBot/0.98~bl; +http://www.semrush.com/bot.html)" "www.saveaslave.com"
66.249.75.48 - - [02/Jul/2015:01:51:18 -0700] "GET /images/countrymap/denmark.jpg HTTP/1.1" 200 23246 "-" "Googlebot-Image/1.0" "www.saveaslave.com"
66.249.75.56 - - [02/Jul/2015:01:51:19 -0700] "GET /images/countrymap/denmark-flag.jpg HTTP/1.1" 200 2789 "-" "Googlebot-Image/1.0" "www.saveaslave.com"
46.229.164.102 - - [02/Jul/2015:01:51:35 -0700] "GET /uruguay.html HTTP/1.1" 200 5686 "-" "Mozilla/5.0 (compatible; SemrushBot/0.98~bl; +http://www.semrush.com/bot.html)" "saveaslave.com"
95.43.22.88 - - [02/Jul/2015:01:57:05 -0700] "GET /images/countrymap/solomon-islands.gif HTTP/1.1" 200 122217 "-" "Mozilla/5.0 (Windows NT 6.1; rv:38.0) Gecko/20100101 Firefox/38.0" "www.saveaslave.com"
216.104.160.96 - - [02/Jul/2015:02:00:03 -0700] "GET /wp-admin/ HTTP/1.1" 404 89 "-" "-" "saveaslave.com"
46.229.164.98 - - [02/Jul/2015:02:02:44 -0700] "GET /united-kingdom.html HTTP/1.1" 200 5747 "-" "Mozilla/5.0 (compatible; SemrushBot/0.98~bl; +http://www.semrush.com/bot.html)" "saveaslave.com"
46.229.164.98 - - [02/Jul/2015:02:02:58 -0700] "GET /trinidad-tobago.html HTTP/1.1" 200 5774 "-" "Mozilla/5.0 (compatible; SemrushBot/0.98~bl; +http://www.semrush.com/bot.html)" "www.saveaslave.com"
180.76.15.149 - - [02/Jul/2015:02:09:56 -0700] "GET /azkaban2.html HTTP/1.1" 200 9017 "-" "Mozilla/5.0 (compatible; Baiduspider/2.0; +http://www.baidu.com/search/spider.html)" "www.saveaslave.com"
178.254.62.71 - - [02/Jul/2015:02:09:57 -0700] "GET /test/wp-admin/ HTTP/1.1" 404 89 "-" "-" "saveaslave.com"
157.55.39.250 - - [02/Jul/2015:02:11:38 -0700] "GET /singapore HTTP/1.1" 200 5701 "-" "Mozilla/5.0 (compatible; bingbot/2.0; +http://www.bing.com/bingbot.htm)" "www.saveaslave.com"
94.153.11.69 - - [02/Jul/2015:02:15:16 -0700] "GET / HTTP/1.1" 200 23412 "http://escort-russian.com/" "Mozilla/4.0 (compatible; MSIE 4.01; Digital AlphaServer 1000A 4/233; Windows NT; Powered By 64-Bit Alpha Processor)" "saveaslave.com"
94.153.11.69 - - [02/Jul/2015:02:15:17 -0700] "GET / HTTP/1.1" 200 23412 "http://escort-russian.com/" "Mozilla/4.0 (compatible; MSIE 4.01; Digital AlphaServer 1000A 4/233; Windows NT; Powered By 64-Bit Alpha Processor)" "saveaslave.com"
46.229.164.98 - - [02/Jul/2015:02:15:48 -0700] "GET /information_links/saveaslave.net/calendar/default.html HTTP/1.1" 404 89 "-" "Mozilla/5.0 (compatible; SemrushBot/0.98~bl; +http://www.semrush.com/bot.html)" "saveaslave.com"
46.229.164.98 - - [02/Jul/2015:02:15:48 -0700] "GET /pakistan.html HTTP/1.1" 200 5856 "-" "Mozilla/5.0 (compatible; SemrushBot/0.98~bl; +http://www.semrush.com/bot.html)" "www.saveaslave.com"
66.249.75.48 - - [02/Jul/2015:02:18:57 -0700] "GET /images/countrymap/bahamas-flag.gif HTTP/1.1" 200 1294 "-" "Googlebot-Image/1.0" "www.saveaslave.com"
66.249.75.56 - - [02/Jul/2015:02:18:58 -0700] "GET /images/countrymap/bahamas.jpg HTTP/1.1" 200 52325 "-" "Googlebot-Image/1.0" "www.saveaslave.com"
201.175.12.203 - - [02/Jul/2015:02:19:40 -0700] "GET /wordpress/wp-admin/ HTTP/1.1" 404 89 "-" "-" "saveaslave.com"
46.229.164.100 - - [02/Jul/2015:02:28:45 -0700] "GET /tunisia.html HTTP/1.1" 200 5686 "-" "Mozilla/5.0 (compatible; SemrushBot/0.98~bl; +http://www.semrush.com/bot.html)" "saveaslave.com"
184.168.200.134 - - [02/Jul/2015:02:29:10 -0700] "GET /blog/wp-admin/ HTTP/1.1" 404 89 "-" "-" "saveaslave.com"
87.253.145.16 - - [02/Jul/2015:02:38:43 -0700] "GET /wp/wp-admin/ HTTP/1.1" 404 89 "-" "-" "saveaslave.com"
46.229.164.98 - - [02/Jul/2015:02:41:00 -0700] "GET /brunei.html HTTP/1.1" 200 5649 "-" "Mozilla/5.0 (compatible; SemrushBot/0.98~bl; +http://www.semrush.com/bot.html)" "www.saveaslave.com"
46.229.164.98 - - [02/Jul/2015:02:47:43 -0700] "GET / HTTP/1.1" 200 23412 "-" "Mozilla/5.0 (compatible; SemrushBot/0.98~bl; +http://www.semrush.com/bot.html)" "saveaslave.com"
46.229.164.98 - - [02/Jul/2015:02:47:51 -0700] "GET /zimbabwe.html HTTP/1.1" 200 5695 "-" "Mozilla/5.0 (compatible; SemrushBot/0.98~bl; +http://www.semrush.com/bot.html)" "www.saveaslave.com"
74.124.215.139 - - [02/Jul/2015:02:48:08 -0700] "GET /old/wp-admin/ HTTP/1.1" 404 89 "-" "-" "saveaslave.com"
207.46.13.117 - - [02/Jul/2015:02:50:00 -0700] "GET /jamaica.html HTTP/1.1" 200 5684 "-" "Mozilla/5.0 (compatible; bingbot/2.0; +http://www.bing.com/bingbot.htm)" "saveaslave.com"
207.46.13.117 - - [02/Jul/2015:02:50:01 -0700] "GET /lebanon.html HTTP/1.1" 200 5683 "-" "Mozilla/5.0 (compatible; bingbot/2.0; +http://www.bing.com/bingbot.htm)" "saveaslave.com"
207.46.13.117 - - [02/Jul/2015:02:50:01 -0700] "GET /whoweare.html HTTP/1.1" 200 11993 "-" "Mozilla/5.0 (compatible; bingbot/2.0; +http://www.bing.com/bingbot.htm)" "saveaslave.com"
46.229.164.100 - - [02/Jul/2015:02:54:12 -0700] "GET /turkmenistan.html HTTP/1.1" 200 5731 "-" "Mozilla/5.0 (compatible; SemrushBot/0.98~bl; +http://www.semrush.com/bot.html)" "www.saveaslave.com"
46.229.164.101 - - [02/Jul/2015:03:02:21 -0700] "GET /macau.html HTTP/1.1" 200 5665 "-" "Mozilla/5.0 (compatible; SemrushBot/0.98~bl; +http://www.semrush.com/bot.html)" "www.saveaslave.com"
46.229.164.101 - - [02/Jul/2015:03:03:00 -0700] "GET /south-africa.html HTTP/1.1" 200 5728 "-" "Mozilla/5.0 (compatible; SemrushBot/0.98~bl; +http://www.semrush.com/bot.html)" "saveaslave.com"
54.243.48.119 - - [02/Jul/2015:03:05:44 -0700] "GET /bosnia-herzegovina.html HTTP/1.1" 200 5787 "-" "Mozilla/5.0 (Windows; U; Windows NT 5.1; en-US; rv:1.9.2.8) Gecko/20100722 Firefox/3.6.8" "www.saveaslave.com"
46.229.164.101 - - [02/Jul/2015:03:11:17 -0700] "GET /cambodia.html HTTP/1.1" 200 5666 "-" "Mozilla/5.0 (compatible; SemrushBot/0.98~bl; +http://www.semrush.com/bot.html)" "www.saveaslave.com"
46.229.164.101 - - [02/Jul/2015:03:11:34 -0700] "GET /madagascar.html HTTP/1.1" 200 5710 "-" "Mozilla/5.0 (compatible; SemrushBot/0.98~bl; +http://www.semrush.com/bot.html)" "saveaslave.com"
66.249.75.56 - - [02/Jul/2015:03:12:57 -0700] "GET /images/countrymap/somalia-flag.gif HTTP/1.1" 200 9286 "-" "Googlebot-Image/1.0" "www.saveaslave.com"
66.249.75.56 - - [02/Jul/2015:03:12:57 -0700] "GET /images/countrymap/somalia.gif HTTP/1.1" 200 19842 "-" "Googlebot-Image/1.0" "www.saveaslave.com"
66.249.75.56 - - [02/Jul/2015:03:12:58 -0700] "GET /images/countrymap/seychelles-flag.gif HTTP/1.1" 200 21508 "-" "Googlebot-Image/1.0" "www.saveaslave.com"
66.249.75.48 - - [02/Jul/2015:03:12:59 -0700] "GET /images/countrymap/seychelles.gif HTTP/1.1" 200 9768 "-" "Googlebot-Image/1.0" "www.saveaslave.com"
46.229.164.102 - - [02/Jul/2015:03:22:19 -0700] "GET /mali.html HTTP/1.1" 200 5656 "-" "Mozilla/5.0 (compatible; SemrushBot/0.98~bl; +http://www.semrush.com/bot.html)" "saveaslave.com"
46.229.164.102 - - [02/Jul/2015:03:23:27 -0700] "GET /uganda.html HTTP/1.1" 200 5677 "-" "Mozilla/5.0 (compatible; SemrushBot/0.98~bl; +http://www.semrush.com/bot.html)" "www.saveaslave.com"
124.179.45.156 - - [02/Jul/2015:03:25:57 -0700] "GET /images/countrymap/solomon-islands.gif HTTP/1.1" 200 122217 "https://www.google.com.au/" "Mozilla/5.0 (Windows NT 6.0) AppleWebKit/537.36 (KHTML, like Gecko) Chrome/43.0.2357.130 Safari/537.36" "www.saveaslave.com"
46.229.164.101 - - [02/Jul/2015:03:35:11 -0700] "GET /belize.html HTTP/1.1" 200 5643 "-" "Mozilla/5.0 (compatible; SemrushBot/0.98~bl; +http://www.semrush.com/bot.html)" "saveaslave.com"
46.229.164.101 - - [02/Jul/2015:03:35:57 -0700] "GET /east-timor.html HTTP/1.1" 200 5696 "-" "Mozilla/5.0 (compatible; SemrushBot/0.98~bl; +http://www.semrush.com/bot.html)" "www.saveaslave.com"
195.154.185.43 - - [02/Jul/2015:03:36:07 -0700] "GET /site/?p=56 HTTP/1.1" 404 89 "http://saveaslave.com/" "Mozilla/5.0 (Windows NT 6.2; WOW64; rv:34.0) Gecko/20100101 Firefox/34.0" "saveaslave.com"
195.154.185.43 - - [02/Jul/2015:03:36:07 -0700] "GET / HTTP/1.1" 200 23412 "http://saveaslave.com" "Mozilla/5.0 (Windows NT 6.2; WOW64; rv:34.0) Gecko/20100101 Firefox/34.0" "saveaslave.com"
195.154.185.43 - - [02/Jul/2015:03:36:08 -0700] "GET /democratic-republic-of-congo.html HTTP/1.1" 200 5844 "http://saveaslave.com" "Mozilla/5.0 (Windows NT 6.2; WOW64; rv:34.0) Gecko/20100101 Firefox/34.0" "saveaslave.com"
65.36.241.48 - - [02/Jul/2015:03:45:27 -0700] "HEAD / HTTP/1.1" 200 0 "-" "InternetSeer.com" "www.saveaslave.com"
46.229.164.99 - - [02/Jul/2015:03:45:45 -0700] "GET /albania.html HTTP/1.1" 200 6060 "-" "Mozilla/5.0 (compatible; SemrushBot/0.98~bl; +http://www.semrush.com/bot.html)" "www.saveaslave.com"
66.249.75.48 - - [02/Jul/2015:03:46:09 -0700] "GET /images/countrymap/rwanda.gif HTTP/1.1" 200 15957 "-" "Googlebot-Image/1.0" "www.saveaslave.com"
46.229.164.99 - - [02/Jul/2015:03:46:37 -0700] "GET /solomon-islands.html HTTP/1.1" 200 5755 "-" "Mozilla/5.0 (compatible; SemrushBot/0.98~bl; +http://www.semrush.com/bot.html)" "saveaslave.com"
66.249.75.56 - - [02/Jul/2015:03:48:20 -0700] "GET /images/countrymap/sierra-leone.gif HTTP/1.1" 200 10427 "-" "Googlebot-Image/1.0" "www.saveaslave.com"
66.249.75.48 - - [02/Jul/2015:03:48:20 -0700] "GET /images/countrymap/sierra-leone-flag.gif HTTP/1.1" 200 5375 "-" "Googlebot-Image/1.0" "www.saveaslave.com"
66.249.75.48 - - [02/Jul/2015:03:48:20 -0700] "GET /images/countrymap/sint-maarten.jpg HTTP/1.1" 200 109498 "-" "Googlebot-Image/1.0" "www.saveaslave.com"
66.249.75.48 - - [02/Jul/2015:03:48:20 -0700] "GET /images/countrymap/south-korea-flag.gif HTTP/1.1" 200 6369 "-" "Googlebot-Image/1.0" "www.saveaslave.com"
66.249.75.64 - - [02/Jul/2015:03:48:20 -0700] "GET /images/countrymap/sint-maarten-flag.gif HTTP/1.1" 200 25268 "-" "Googlebot-Image/1.0" "www.saveaslave.com"
46.229.164.98 - - [02/Jul/2015:03:52:39 -0700] "GET /norfolk-island.html HTTP/1.1" 200 5746 "-" "Mozilla/5.0 (compatible; SemrushBot/0.98~bl; +http://www.semrush.com/bot.html)" "saveaslave.com"
180.76.15.149 - - [02/Jul/2015:03:54:49 -0700] "GET /countries/brunei.html HTTP/1.1" 200 5670 "-" "Mozilla/5.0 (compatible; Baiduspider/2.0; +http://www.baidu.com/search/spider.html)" "www.saveaslave.com"
46.229.164.102 - - [02/Jul/2015:03:58:54 -0700] "GET /bangladesh.html HTTP/1.1" 200 5664 "-" "Mozilla/5.0 (compatible; SemrushBot/0.98~bl; +http://www.semrush.com/bot.html)" "www.saveaslave.com"
46.229.164.102 - - [02/Jul/2015:03:58:54 -0700] "GET /about/default.html HTTP/1.1" 404 89 "-" "Mozilla/5.0 (compatible; SemrushBot/0.98~bl; +http://www.semrush.com/bot.html)" "saveaslave.com"
49.197.4.22 - - [02/Jul/2015:04:00:19 -0700] "GET /favicon.ico HTTP/1.1" 404 89 "-" "Mozilla/5.0 (Windows NT 6.3; WOW64; rv:38.0) Gecko/20100101 Firefox/38.0" "www.saveaslave.com"
46.229.164.98 - - [02/Jul/2015:04:05:32 -0700] "GET /vietnam.html HTTP/1.1" 200 5686 "-" "Mozilla/5.0 (compatible; SemrushBot/0.98~bl; +http://www.semrush.com/bot.html)" "saveaslave.com"
46.229.164.99 - - [02/Jul/2015:04:19:45 -0700] "GET /qatar.html HTTP/1.1" 200 5665 "-" "Mozilla/5.0 (compatible; SemrushBot/0.98~bl; +http://www.semrush.com/bot.html)" "www.saveaslave.com"
46.4.189.109 - - [02/Jul/2015:04:20:14 -0700] "GET /azkaban.html HTTP/1.1" 200 12664 "http://saveaslave.com/azkaban.html" "Mozilla/5.0 (Windows NT 6.3; Win64; x64) AppleWebKit/537.36 (KHTML, like Gecko) Chrome/43.0.2357.124 Safari/537.36" "saveaslave.com"
46.229.164.100 - - [02/Jul/2015:04:27:51 -0700] "GET /albania.html HTTP/1.1" 200 6060 "-" "Mozilla/5.0 (compatible; SemrushBot/0.98~bl; +http://www.semrush.com/bot.html)" "saveaslave.com"
46.229.164.100 - - [02/Jul/2015:04:28:05 -0700] "GET /san-marino.html HTTP/1.1" 200 5710 "-" "Mozilla/5.0 (compatible; SemrushBot/0.98~bl; +http://www.semrush.com/bot.html)" "www.saveaslave.com"
46.229.164.99 - - [02/Jul/2015:04:36:19 -0700] "GET /botswana.html HTTP/1.1" 200 5669 "-" "Mozilla/5.0 (compatible; SemrushBot/0.98~bl; +http://www.semrush.com/bot.html)" "www.saveaslave.com"
46.229.164.99 - - [02/Jul/2015:04:44:47 -0700] "GET /north-korea.html HTTP/1.1" 200 5719 "-" "Mozilla/5.0 (compatible; SemrushBot/0.98~bl; +http://www.semrush.com/bot.html)" "www.saveaslave.com"
46.229.164.100 - - [02/Jul/2015:04:53:02 -0700] "GET /turks-caicos-islands.html HTTP/1.1" 200 5819 "-" "Mozilla/5.0 (compatible; SemrushBot/0.98~bl; +http://www.semrush.com/bot.html)" "saveaslave.com"
46.229.164.100 - - [02/Jul/2015:04:53:53 -0700] "GET /croatia.html HTTP/1.1" 200 5659 "-" "Mozilla/5.0 (compatible; SemrushBot/0.98~bl; +http://www.semrush.com/bot.html)" "www.saveaslave.com"
46.229.164.98 - - [02/Jul/2015:05:01:32 -0700] "GET /marshall-islands.html HTTP/1.1" 200 5764 "-" "Mozilla/5.0 (compatible; SemrushBot/0.98~bl; +http://www.semrush.com/bot.html)" "saveaslave.com"
46.229.164.98 - - [02/Jul/2015:05:01:44 -0700] "GET /belize.html HTTP/1.1" 200 5643 "-" "Mozilla/5.0 (compatible; SemrushBot/0.98~bl; +http://www.semrush.com/bot.html)" "www.saveaslave.com"
46.229.164.99 - - [02/Jul/2015:05:07:00 -0700] "GET /index.html HTTP/1.1" 200 23790 "-" "Mozilla/5.0 (compatible; SemrushBot/0.98~bl; +http://www.semrush.com/bot.html)" "www.saveaslave.com"
46.229.164.99 - - [02/Jul/2015:05:07:00 -0700] "GET /bulgaria.html HTTP/1.1" 200 5666 "-" "Mozilla/5.0 (compatible; SemrushBot/0.98~bl; +http://www.semrush.com/bot.html)" "saveaslave.com"
46.229.164.99 - - [02/Jul/2015:05:12:12 -0700] "GET /spain.html HTTP/1.1" 200 5665 "-" "Mozilla/5.0 (compatible; SemrushBot/0.98~bl; +http://www.semrush.com/bot.html)" "www.saveaslave.com"
46.229.164.99 - - [02/Jul/2015:05:12:12 -0700] "GET /monaco.html HTTP/1.1" 200 5674 "-" "Mozilla/5.0 (compatible; SemrushBot/0.98~bl; +http://www.semrush.com/bot.html)" "saveaslave.com"
46.229.164.100 - - [02/Jul/2015:05:17:50 -0700] "GET /south-africa.html HTTP/1.1" 200 5728 "-" "Mozilla/5.0 (compatible; SemrushBot/0.98~bl; +http://www.semrush.com/bot.html)" "www.saveaslave.com"
207.46.13.85 - - [02/Jul/2015:05:21:26 -0700] "GET /robots.txt HTTP/1.1" 404 89 "-" "Mozilla/5.0 (compatible; bingbot/2.0; +http://www.bing.com/bingbot.htm)" "www.saveaslave.com"
207.46.13.117 - - [02/Jul/2015:05:24:05 -0700] "GET /robots.txt HTTP/1.1" 404 89 "-" "Mozilla/5.0 (compatible; bingbot/2.0; +http://www.bing.com/bingbot.htm)" "www.saveaslave.com"
46.229.164.102 - - [02/Jul/2015:05:26:03 -0700] "GET /czech-republic.html HTTP/1.1" 200 5720 "-" "Mozilla/5.0 (compatible; SemrushBot/0.98~bl; +http://www.semrush.com/bot.html)" "www.saveaslave.com"
46.229.164.102 - - [02/Jul/2015:05:26:22 -0700] "GET /rwanda.html HTTP/1.1" 200 5674 "-" "Mozilla/5.0 (compatible; SemrushBot/0.98~bl; +http://www.semrush.com/bot.html)" "saveaslave.com"
65.36.241.48 - - [02/Jul/2015:05:27:33 -0700] "HEAD / HTTP/1.1" 200 0 "-" "InternetSeer.com" "www.saveaslave.com"
123.125.71.47 - - [02/Jul/2015:05:27:35 -0700] "GET / HTTP/1.1" 200 23412 "-" "Mozilla/5.0 (compatible; Baiduspider/2.0; +http://www.baidu.com/search/spider.html)" "saveaslave.com"
46.229.164.100 - - [02/Jul/2015:05:34:01 -0700] "GET /northern-mariana-islands.html HTTP/1.1" 200 5836 "-" "Mozilla/5.0 (compatible; SemrushBot/0.98~bl; +http://www.semrush.com/bot.html)" "saveaslave.com"
54.243.48.119 - - [02/Jul/2015:05:37:18 -0700] "GET /macau.html HTTP/1.1" 200 5665 "-" "Mozilla/5.0 (Windows; U; Windows NT 5.1; en-US; rv:1.9.2.8) Gecko/20100722 Firefox/3.6.8" "www.saveaslave.com"
141.8.143.213 - - [02/Jul/2015:05:38:20 -0700] "GET /robots.txt HTTP/1.1" 404 89 "-" "Mozilla/5.0 (compatible; YandexBot/3.0; +http://yandex.com/bots)" "saveaslave.com"
105.155.48.236 - - [02/Jul/2015:05:47:29 -0700] "GET /images/countrymap/solomon-islands.gif HTTP/1.1" 200 122217 "https://www.google.com/" "Mozilla/5.0 (Windows NT 6.1) AppleWebKit/537.36 (KHTML, like Gecko) Chrome/34.0.1847.131 Safari/537.36" "www.saveaslave.com"
54.243.48.119 - - [02/Jul/2015:05:52:03 -0700] "GET /burma.html HTTP/1.1" 200 5639 "-" "Mozilla/5.0 (Windows; U; Windows NT 5.1; en-US; rv:1.9.2.8) Gecko/20100722 Firefox/3.6.8" "www.saveaslave.com"
46.229.164.101 - - [02/Jul/2015:05:56:35 -0700] "GET /lithuania.html HTTP/1.1" 200 5701 "-" "Mozilla/5.0 (compatible; SemrushBot/0.98~bl; +http://www.semrush.com/bot.html)" "www.saveaslave.com"
46.229.164.101 - - [02/Jul/2015:05:56:41 -0700] "GET /niger.html HTTP/1.1" 200 5665 "-" "Mozilla/5.0 (compatible; SemrushBot/0.98~bl; +http://www.semrush.com/bot.html)" "saveaslave.com"
207.46.13.85 - - [02/Jul/2015:06:01:18 -0700] "GET /robots.txt HTTP/1.1" 404 89 "-" "Mozilla/5.0 (compatible; bingbot/2.0; +http://www.bing.com/bingbot.htm)" "saveaslave.com"
112.169.219.81 - - [02/Jul/2015:06:05:14 -0700] "GET /images/countrymap/solomon-islands.gif HTTP/1.1" 200 122217 "-" "Mozilla/5.0 (Windows NT 6.1; WOW64; rv:38.0) Gecko/20100101 Firefox/38.0" "www.saveaslave.com"
112.169.219.81 - - [02/Jul/2015:06:05:28 -0700] "GET /favicon.ico HTTP/1.1" 404 89 "-" "Mozilla/5.0 (Windows NT 6.1; WOW64; rv:38.0) Gecko/20100101 Firefox/38.0" "www.saveaslave.com"
112.169.219.81 - - [02/Jul/2015:06:05:28 -0700] "GET /favicon.ico HTTP/1.1" 404 89 "-" "Mozilla/5.0 (Windows NT 6.1; WOW64; rv:38.0) Gecko/20100101 Firefox/38.0" "www.saveaslave.com"
