208.115.111.70 - - [15/Oct/2014:18:21:18 -0700] "GET /ireland.html HTTP/1.1" 404 89 "-" "Mozilla/5.0 (compatible; DotBot/1.1; http://www.opensiteexplorer.org/dotbot, help@moz.com)" "www.saveaslave.com"
157.55.39.245 - - [15/Oct/2014:18:23:04 -0700] "GET /robots.txt HTTP/1.1" 404 89 "-" "Mozilla/5.0 (compatible; bingbot/2.0; +http://www.bing.com/bingbot.htm)" "www.saveaslave.com"
72.168.98.117 - - [15/Oct/2014:18:33:34 -0700] "GET / HTTP/1.1" 200 1615 "-" "Mozilla/5.0 (iPad; CPU OS 8_0_2 like Mac OS X) AppleWebKit/600.1.4 (KHTML, like Gecko) Version/8.0 Mobile/12A405 Safari/600.1.4" "www.saveaslave.com"
72.168.98.117 - - [15/Oct/2014:18:33:47 -0700] "GET / HTTP/1.1" 200 1615 "-" "Mozilla/5.0 (iPad; CPU OS 8_0_2 like Mac OS X) AppleWebKit/600.1.4 (KHTML, like Gecko) Version/8.0 Mobile/12A405 Safari/600.1.4" "www.saveaslave.com"
72.168.98.117 - - [15/Oct/2014:18:37:11 -0700] "GET /favicon.ico HTTP/1.1" 404 89 "-" "Mozilla/5.0 (Windows NT 6.1; WOW64; Trident/7.0; rv:11.0) like Gecko" "www.saveaslave.com"
46.118.159.178 - - [15/Oct/2014:18:45:37 -0700] "GET / HTTP/1.1" 200 1615 "http://vapsy.com/" "Mozilla/4.0 (compatible; MSIE 6.0; Windows NT 5.1; SV1; InfoPath.1)" "saveaslave.com"
66.228.162.8 - - [15/Oct/2014:18:57:52 -0700] "GET /public_html/index.html HTTP/1.1" 200 1638 "-" "Mozilla/5.0 (Windows NT 6.1; WOW64) AppleWebKit/537.36 (KHTML, like Gecko) Chrome/38.0.2125.101 Safari/537.36" "saveaslave.com"
66.228.162.8 - - [15/Oct/2014:18:58:12 -0700] "GET /test HTTP/1.1" 404 89 "-" "Mozilla/5.0 (Windows NT 6.1; WOW64) AppleWebKit/537.36 (KHTML, like Gecko) Chrome/38.0.2125.101 Safari/537.36" "saveaslave.com"
66.228.162.8 - - [15/Oct/2014:18:58:22 -0700] "GET /public_html/test/index.html HTTP/1.1" 200 23014 "-" "Mozilla/5.0 (Windows NT 6.1; WOW64) AppleWebKit/537.36 (KHTML, like Gecko) Chrome/38.0.2125.101 Safari/537.36" "saveaslave.com"
66.228.162.8 - - [15/Oct/2014:18:58:23 -0700] "GET /public_html/test/css/style.css HTTP/1.1" 200 600 "http://saveaslave.com/public_html/test/index.html" "Mozilla/5.0 (Windows NT 6.1; WOW64) AppleWebKit/537.36 (KHTML, like Gecko) Chrome/38.0.2125.101 Safari/537.36" "saveaslave.com"
66.228.162.8 - - [15/Oct/2014:18:58:24 -0700] "GET /public_html/test/images/givebtn.png HTTP/1.1" 200 26179 "http://saveaslave.com/public_html/test/index.html" "Mozilla/5.0 (Windows NT 6.1; WOW64) AppleWebKit/537.36 (KHTML, like Gecko) Chrome/38.0.2125.101 Safari/537.36" "saveaslave.com"
179.191.220.250 - - [15/Oct/2014:18:58:26 -0700] "GET / HTTP/1.1" 200 1615 "http://semalt.semalt.com/crawler.php?u=http://saveaslave.com" "Mozilla/5.0 (Windows NT 6.1; WOW64) AppleWebKit/537.36 (KHTML, like Gecko) Chrome/36.0.1985.143 Safari/537.36" "saveaslave.com"
66.228.162.8 - - [15/Oct/2014:19:03:23 -0700] "GET /css/style.css HTTP/1.1" 404 89 "http://saveaslave.com/" "Mozilla/5.0 (Windows NT 6.1; WOW64) AppleWebKit/537.36 (KHTML, like Gecko) Chrome/38.0.2125.101 Safari/537.36" "saveaslave.com"
66.228.162.8 - - [15/Oct/2014:19:03:24 -0700] "GET /images/givebtn.png HTTP/1.1" 404 89 "http://saveaslave.com/" "Mozilla/5.0 (Windows NT 6.1; WOW64) AppleWebKit/537.36 (KHTML, like Gecko) Chrome/38.0.2125.101 Safari/537.36" "saveaslave.com"
66.228.162.8 - - [15/Oct/2014:19:08:42 -0700] "GET /public_html/test/index.html HTTP/1.1" 200 22998 "-" "Mozilla/5.0 (Windows NT 6.1; WOW64) AppleWebKit/537.36 (KHTML, like Gecko) Chrome/38.0.2125.101 Safari/537.36" "saveaslave.com"
72.168.98.116 - - [15/Oct/2014:19:10:01 -0700] "GET / HTTP/1.1" 200 1615 "-" "Mozilla/5.0 (iPad; CPU OS 8_0_2 like Mac OS X) AppleWebKit/600.1.4 (KHTML, like Gecko) Version/8.0 Mobile/12A405 Safari/600.1.4" "www.saveaslave.com"
66.228.162.8 - - [15/Oct/2014:19:10:12 -0700] "GET / HTTP/1.1" 200 1615 "-" "Mozilla/5.0 (Windows NT 6.1; WOW64) AppleWebKit/537.36 (KHTML, like Gecko) Chrome/38.0.2125.101 Safari/537.36" "saveaslave.com"
66.228.162.8 - - [15/Oct/2014:19:12:08 -0700] "GET /public_html/public_html.url HTTP/1.1" 200 335 "-" "Mozilla/5.0 (Windows NT 6.1; WOW64) AppleWebKit/537.36 (KHTML, like Gecko) Chrome/38.0.2125.101 Safari/537.36" "saveaslave.com"
199.21.99.206 - - [15/Oct/2014:19:14:03 -0700] "GET /namibia.html HTTP/1.1" 404 89 "-" "Mozilla/5.0 (compatible; YandexBot/3.0; +http://yandex.com/bots)" "saveaslave.com"
66.228.162.8 - - [15/Oct/2014:19:15:44 -0700] "GET /css/style.css HTTP/1.1" 200 600 "http://saveaslave.com/index.html" "Mozilla/5.0 (Windows NT 6.1; WOW64) AppleWebKit/537.36 (KHTML, like Gecko) Chrome/38.0.2125.101 Safari/537.36" "saveaslave.com"
66.228.162.8 - - [15/Oct/2014:19:15:45 -0700] "GET /images/givebtn.png HTTP/1.1" 200 26179 "http://saveaslave.com/index.html" "Mozilla/5.0 (Windows NT 6.1; WOW64) AppleWebKit/537.36 (KHTML, like Gecko) Chrome/38.0.2125.101 Safari/537.36" "saveaslave.com"
66.228.162.8 - - [15/Oct/2014:19:15:45 -0700] "GET /images/header.png HTTP/1.1" 200 84658 "http://saveaslave.com/index.html" "Mozilla/5.0 (Windows NT 6.1; WOW64) AppleWebKit/537.36 (KHTML, like Gecko) Chrome/38.0.2125.101 Safari/537.36" "saveaslave.com"
66.228.162.8 - - [15/Oct/2014:19:16:23 -0700] "GET / HTTP/1.1" 200 22620 "-" "Mozilla/5.0 (Windows NT 6.1; WOW64) AppleWebKit/537.36 (KHTML, like Gecko) Chrome/38.0.2125.101 Safari/537.36" "saveaslave.com"
66.228.162.8 - - [15/Oct/2014:19:16:23 -0700] "GET /css/style.css HTTP/1.1" 200 600 "http://saveaslave.com/" "Mozilla/5.0 (Windows NT 6.1; WOW64) AppleWebKit/537.36 (KHTML, like Gecko) Chrome/38.0.2125.101 Safari/537.36" "saveaslave.com"
72.168.98.116 - - [15/Oct/2014:19:16:57 -0700] "GET / HTTP/1.1" 200 22620 "-" "Mozilla/5.0 (Windows NT 6.1; WOW64; Trident/7.0; rv:11.0) like Gecko" "www.saveaslave.com"
72.168.98.116 - - [15/Oct/2014:19:16:57 -0700] "GET /css/style.css HTTP/1.1" 200 600 "http://www.saveaslave.com/" "Mozilla/5.0 (Windows NT 6.1; WOW64; Trident/7.0; rv:11.0) like Gecko" "www.saveaslave.com"
72.168.98.116 - - [15/Oct/2014:19:16:57 -0700] "GET /images/slaves.jpg HTTP/1.1" 200 64009 "http://www.saveaslave.com/" "Mozilla/5.0 (Windows NT 6.1; WOW64; Trident/7.0; rv:11.0) like Gecko" "www.saveaslave.com"
72.168.98.116 - - [15/Oct/2014:19:17:01 -0700] "GET /favicon.ico HTTP/1.1" 404 89 "-" "Mozilla/5.0 (Windows NT 6.1; WOW64; Trident/7.0; rv:11.0) like Gecko" "www.saveaslave.com"
66.228.162.8 - - [15/Oct/2014:19:17:10 -0700] "GET /css/style.css HTTP/1.1" 304 - "http://saveaslave.com/" "Mozilla/5.0 (Windows NT 6.1; WOW64) AppleWebKit/537.36 (KHTML, like Gecko) Chrome/38.0.2125.101 Safari/537.36" "saveaslave.com"
72.168.98.116 - - [15/Oct/2014:19:28:07 -0700] "GET /css/style.css HTTP/1.1" 200 600 "http://www.saveaslave.com/" "Mozilla/5.0 (Windows NT 6.1; WOW64; Trident/7.0; rv:11.0) like Gecko" "www.saveaslave.com"
72.168.98.116 - - [15/Oct/2014:19:28:07 -0700] "GET /images/header.png HTTP/1.1" 200 84658 "http://www.saveaslave.com/" "Mozilla/5.0 (Windows NT 6.1; WOW64; Trident/7.0; rv:11.0) like Gecko" "www.saveaslave.com"
72.168.98.116 - - [15/Oct/2014:19:36:28 -0700] "GET / HTTP/1.1" 200 22620 "-" "Mozilla/5.0 (Windows NT 6.1; WOW64; Trident/7.0; rv:11.0) like Gecko" "www.saveaslave.com"
72.168.98.116 - - [15/Oct/2014:19:36:28 -0700] "GET /css/style.css HTTP/1.1" 304 - "http://www.saveaslave.com/" "Mozilla/5.0 (Windows NT 6.1; WOW64; Trident/7.0; rv:11.0) like Gecko" "www.saveaslave.com"
208.115.111.70 - - [15/Oct/2014:19:36:44 -0700] "GET /malawi HTTP/1.1" 404 89 "-" "Mozilla/5.0 (compatible; DotBot/1.1; http://www.opensiteexplorer.org/dotbot, help@moz.com)" "saveaslave.com"
208.115.111.70 - - [15/Oct/2014:19:36:44 -0700] "GET /aruba HTTP/1.1" 200 14659 "-" "Mozilla/5.0 (compatible; DotBot/1.1; http://www.opensiteexplorer.org/dotbot, help@moz.com)" "saveaslave.com"
201.51.207.216 - - [15/Oct/2014:19:37:10 -0700] "GET / HTTP/1.1" 200 22620 "http://semalt.semalt.com/crawler.php?u=http://saveaslave.com" "Mozilla/5.0 (Windows NT 6.1; WOW64) AppleWebKit/537.36 (KHTML, like Gecko) Chrome/36.0.1985.143 Safari/537.36" "saveaslave.com"
201.51.207.216 - - [15/Oct/2014:19:37:10 -0700] "GET /css/style.css HTTP/1.1" 200 600 "http://saveaslave.com/" "Mozilla/5.0 (Windows NT 6.1; WOW64) AppleWebKit/537.36 (KHTML, like Gecko) Chrome/36.0.1985.143 Safari/537.36" "saveaslave.com"
201.51.207.216 - - [15/Oct/2014:19:37:10 -0700] "GET /images/slaves.jpg HTTP/1.1" 200 64009 "http://saveaslave.com/" "Mozilla/5.0 (Windows NT 6.1; WOW64) AppleWebKit/537.36 (KHTML, like Gecko) Chrome/36.0.1985.143 Safari/537.36" "saveaslave.com"
208.115.113.86 - - [15/Oct/2014:19:53:27 -0700] "GET /robots.txt HTTP/1.1" 404 89 "-" "Mozilla/5.0 (compatible; DotBot/1.1; http://www.opensiteexplorer.org/dotbot, help@moz.com)" "www.saveaslave.com"
178.137.94.81 - - [15/Oct/2014:19:53:58 -0700] "GET / HTTP/1.1" 200 22620 "http://dostavka-v-ukrainu.ru/" "Opera/7.60 (Windows NT 5.2; U)  [en] (IBM EVV/3.0/EAK01AG9/LE)" "saveaslave.com"
178.137.94.81 - - [15/Oct/2014:19:53:59 -0700] "GET / HTTP/1.1" 200 22620 "http://dostavka-v-ukrainu.ru/" "Opera/7.60 (Windows NT 5.2; U)  [en] (IBM EVV/3.0/EAK01AG9/LE)" "saveaslave.com"
72.168.98.116 - - [15/Oct/2014:19:57:02 -0700] "GET /images/slaves.jpg HTTP/1.1" 200 64009 "http://www.saveaslave.com/" "Mozilla/5.0 (Windows NT 6.1; WOW64; Trident/7.0; rv:11.0) like Gecko" "www.saveaslave.com"
72.168.98.116 - - [15/Oct/2014:19:57:53 -0700] "GET / HTTP/1.1" 200 22620 "-" "Mozilla/5.0 (Windows NT 6.1; WOW64; Trident/7.0; rv:11.0) like Gecko" "www.saveaslave.com"
72.168.98.116 - - [15/Oct/2014:19:57:53 -0700] "GET /images/slaves.jpg HTTP/1.1" 200 64009 "http://www.saveaslave.com/" "Mozilla/5.0 (Windows NT 6.1; WOW64; Trident/7.0; rv:11.0) like Gecko" "www.saveaslave.com"
72.168.98.116 - - [15/Oct/2014:19:57:55 -0700] "GET /images/header.png HTTP/1.1" 200 65536 "http://www.saveaslave.com/" "Mozilla/5.0 (Windows NT 6.1; WOW64; Trident/7.0; rv:11.0) like Gecko" "www.saveaslave.com"
72.168.98.116 - - [15/Oct/2014:19:57:55 -0700] "GET /images/givebtn.png HTTP/1.1" 200 26179 "http://www.saveaslave.com/" "Mozilla/5.0 (Windows NT 6.1; WOW64; Trident/7.0; rv:11.0) like Gecko" "www.saveaslave.com"
72.168.98.116 - - [15/Oct/2014:19:57:58 -0700] "GET /favicon.ico HTTP/1.1" 404 89 "-" "Mozilla/5.0 (Windows NT 6.1; WOW64; Trident/7.0; rv:11.0) like Gecko" "www.saveaslave.com"
66.249.65.90 - - [15/Oct/2014:20:05:14 -0700] "GET /Travle.html HTTP/1.1" 404 89 "-" "Mozilla/5.0 (compatible; Googlebot/2.1; +http://www.google.com/bot.html)" "saveaslave.com"
65.36.241.77 - - [15/Oct/2014:20:13:36 -0700] "HEAD / HTTP/1.1" 200 0 "-" "InternetSeer.com" "www.saveaslave.com"
66.249.65.143 - - [15/Oct/2014:20:36:16 -0700] "GET /djibouti.html HTTP/1.1" 404 89 "-" "Mozilla/5.0 (compatible; Googlebot/2.1; +http://www.google.com/bot.html)" "www.saveaslave.com"
183.60.213.29 - - [15/Oct/2014:21:04:48 -0700] "GET /robots.txt HTTP/1.1" 404 89 "-" "Mozilla/5.0 (compatible; EasouSpider; +http://www.easou.com/search/spider.html)" "saveaslave.com"
199.21.99.206 - - [15/Oct/2014:21:23:55 -0700] "GET /iran.html HTTP/1.1" 404 89 "-" "Mozilla/5.0 (compatible; YandexBot/3.0; +http://yandex.com/bots)" "saveaslave.com"
217.69.133.21 - - [15/Oct/2014:21:41:47 -0700] "GET /robots.txt HTTP/1.1" 404 89 "-" "Mozilla/5.0 (compatible; Linux x86_64; Mail.RU_Bot/2.0; +http://go.mail.ru/help/robots)" "saveaslave.com"
111.206.237.114 - - [15/Oct/2014:21:48:35 -0700] "GET /data/admin/ver.txt HTTP/1.1" 404 89 "http://saveaslave.com" "Mozilla/5.0 (Windows NT 6.1; WOW64) AppleWebKit/537.36 (KHTML, like Gecko) Chrome/28.0.1500.72 Safari/537.36" "saveaslave.com"
111.206.237.114 - - [15/Oct/2014:21:49:09 -0700] "GET /template/default/common/footer.htm HTTP/1.1" 404 89 "-" "Mozilla/5.0 (Windows NT 6.1; WOW64) AppleWebKit/537.36 (KHTML, like Gecko) Chrome/28.0.1500.72 Safari/537.36" "saveaslave.com"
208.115.113.86 - - [15/Oct/2014:21:51:15 -0700] "GET /centralafricanrepublic HTTP/1.1" 404 89 "-" "Mozilla/5.0 (compatible; DotBot/1.1; http://www.opensiteexplorer.org/dotbot, help@moz.com)" "saveaslave.com"
208.115.113.86 - - [15/Oct/2014:21:51:15 -0700] "GET /stkitts HTTP/1.1" 404 89 "-" "Mozilla/5.0 (compatible; DotBot/1.1; http://www.opensiteexplorer.org/dotbot, help@moz.com)" "saveaslave.com"
208.115.113.86 - - [15/Oct/2014:21:51:15 -0700] "GET /puertorico HTTP/1.1" 404 89 "-" "Mozilla/5.0 (compatible; DotBot/1.1; http://www.opensiteexplorer.org/dotbot, help@moz.com)" "saveaslave.com"
208.115.113.86 - - [15/Oct/2014:21:51:15 -0700] "GET /taiwan HTTP/1.1" 404 89 "-" "Mozilla/5.0 (compatible; DotBot/1.1; http://www.opensiteexplorer.org/dotbot, help@moz.com)" "saveaslave.com"
208.115.113.86 - - [15/Oct/2014:21:51:15 -0700] "GET /bulgaria HTTP/1.1" 200 5430 "-" "Mozilla/5.0 (compatible; DotBot/1.1; http://www.opensiteexplorer.org/dotbot, help@moz.com)" "saveaslave.com"
208.115.113.86 - - [15/Oct/2014:21:51:16 -0700] "GET /photo_gallery/default.html HTTP/1.1" 404 89 "-" "Mozilla/5.0 (compatible; DotBot/1.1; http://www.opensiteexplorer.org/dotbot, help@moz.com)" "www.saveaslave.com"
208.115.111.70 - - [15/Oct/2014:22:22:52 -0700] "GET /liechtenstein.html HTTP/1.1" 404 89 "-" "Mozilla/5.0 (compatible; DotBot/1.1; http://www.opensiteexplorer.org/dotbot, help@moz.com)" "www.saveaslave.com"
208.115.111.70 - - [15/Oct/2014:22:22:53 -0700] "GET /monaco.html HTTP/1.1" 404 89 "-" "Mozilla/5.0 (compatible; DotBot/1.1; http://www.opensiteexplorer.org/dotbot, help@moz.com)" "www.saveaslave.com"
68.180.228.59 - - [15/Oct/2014:22:39:01 -0700] "GET /moldova HTTP/1.1" 404 89 "-" "Mozilla/5.0 (compatible; Yahoo! Slurp; http://help.yahoo.com/help/us/ysearch/slurp)" "www.saveaslave.com"
68.180.228.59 - - [15/Oct/2014:23:09:40 -0700] "GET /kuwait HTTP/1.1" 404 89 "-" "Mozilla/5.0 (compatible; Yahoo! Slurp; http://help.yahoo.com/help/us/ysearch/slurp)" "www.saveaslave.com"
208.115.113.86 - - [15/Oct/2014:23:54:15 -0700] "GET /robots.txt HTTP/1.1" 404 89 "-" "Mozilla/5.0 (compatible; DotBot/1.1; http://www.opensiteexplorer.org/dotbot, help@moz.com)" "www.saveaslave.com"
199.21.99.206 - - [16/Oct/2014:00:24:13 -0700] "GET /stpierre.html HTTP/1.1" 404 89 "-" "Mozilla/5.0 (compatible; YandexBot/3.0; +http://yandex.com/bots)" "saveaslave.com"
208.115.113.86 - - [16/Oct/2014:00:33:36 -0700] "GET /seychelles.html HTTP/1.1" 404 89 "-" "Mozilla/5.0 (compatible; DotBot/1.1; http://www.opensiteexplorer.org/dotbot, help@moz.com)" "www.saveaslave.com"
65.36.241.77 - - [16/Oct/2014:00:49:22 -0700] "HEAD / HTTP/1.1" 200 0 "-" "InternetSeer.com" "www.saveaslave.com"
46.118.159.178 - - [16/Oct/2014:00:50:02 -0700] "GET / HTTP/1.1" 200 22620 "http://www.my-salad.ru/" "Mozilla/4.0 (compatible; MSIE 6.0; Windows NT 5.1; Maxthon; .NET CLR 1.1.4322)" "saveaslave.com"
46.118.159.178 - - [16/Oct/2014:00:50:03 -0700] "GET / HTTP/1.1" 200 22620 "http://www.my-salad.ru/" "Mozilla/4.0 (compatible; MSIE 6.0; Windows NT 5.1; Maxthon; .NET CLR 1.1.4322)" "saveaslave.com"
112.208.252.33 - - [16/Oct/2014:00:52:44 -0700] "GET /images/Lesotho_map.gif HTTP/1.1" 404 89 "-" "Mozilla/5.0 (Windows NT 6.1; rv:33.0) Gecko/20100101 Firefox/33.0" "www.saveaslave.com"
199.21.99.206 - - [16/Oct/2014:01:10:19 -0700] "GET /nepal.html HTTP/1.1" 404 89 "-" "Mozilla/5.0 (compatible; YandexBot/3.0; +http://yandex.com/bots)" "saveaslave.com"
91.250.15.69 - - [16/Oct/2014:01:20:21 -0700] "GET / HTTP/1.0" 200 22620 "http://galaxydownloads.co" "Mozilla/5.1 (compatible; GLBot/1.0; +http://galaxydownloads.co)" "saveaslave.com"
91.250.15.69 - - [16/Oct/2014:01:20:22 -0700] "GET / HTTP/1.0" 200 22620 "http://galaxydownloads.co" "Mozilla/5.1 (compatible; GLBot/1.0; +http://galaxydownloads.co)" "saveaslave.com"
207.46.13.118 - - [16/Oct/2014:01:46:01 -0700] "GET / HTTP/1.1" 200 22620 "-" "Mozilla/5.0 (compatible; bingbot/2.0; +http://www.bing.com/bingbot.htm)" "saveaslave.com"
199.21.99.206 - - [16/Oct/2014:01:50:51 -0700] "GET /madagascar.html HTTP/1.1" 404 89 "-" "Mozilla/5.0 (compatible; YandexBot/3.0; +http://yandex.com/bots)" "saveaslave.com"
208.115.111.70 - - [16/Oct/2014:01:51:02 -0700] "GET /robots.txt HTTP/1.1" 404 89 "-" "Mozilla/5.0 (compatible; DotBot/1.1; http://www.opensiteexplorer.org/dotbot, help@moz.com)" "saveaslave.com"
199.15.233.165 - - [16/Oct/2014:02:03:27 -0700] "GET /site/?page_id=28 HTTP/1.0" 404 73 "http://saveaslave.com/site/?page_id=28" "Mozilla/5.0 (Windows NT 6.1; WOW64; rv:31.0) Gecko/20100101 Firefox/31.0" "saveaslave.com"
46.246.51.165 - - [16/Oct/2014:02:07:22 -0700] "GET /site/?p=2 HTTP/1.0" 404 73 "http://saveaslave.com/site/?p=2" "Mozilla/5.0 (Windows NT 6.1; rv:31.0) Gecko/20100101 Firefox/31.0" "saveaslave.com"
46.246.51.165 - - [16/Oct/2014:02:07:23 -0700] "GET / HTTP/1.0" 200 22620 "http://saveaslave.com/" "Mozilla/5.0 (Windows NT 6.1; rv:31.0) Gecko/20100101 Firefox/31.0" "saveaslave.com"
208.115.111.70 - - [16/Oct/2014:02:27:20 -0700] "GET /zambia.html HTTP/1.1" 404 89 "-" "Mozilla/5.0 (compatible; DotBot/1.1; http://www.opensiteexplorer.org/dotbot, help@moz.com)" "www.saveaslave.com"
208.115.111.70 - - [16/Oct/2014:02:27:21 -0700] "GET /elsalvador.html HTTP/1.1" 404 89 "-" "Mozilla/5.0 (compatible; DotBot/1.1; http://www.opensiteexplorer.org/dotbot, help@moz.com)" "www.saveaslave.com"
199.21.99.206 - - [16/Oct/2014:02:28:59 -0700] "GET /ecuador.html HTTP/1.1" 404 89 "-" "Mozilla/5.0 (compatible; YandexBot/3.0; +http://yandex.com/bots)" "saveaslave.com"
157.55.39.245 - - [16/Oct/2014:02:32:58 -0700] "GET /robots.txt HTTP/1.1" 404 89 "-" "Mozilla/5.0 (compatible; bingbot/2.0; +http://www.bing.com/bingbot.htm)" "www.saveaslave.com"
195.211.155.153 - - [16/Oct/2014:02:59:16 -0700] "GET /site/?page_id=28 HTTP/1.0" 404 73 "http://saveaslave.com/site/?page_id=28" "Mozilla/5.0 (Windows NT 6.0) AppleWebKit/537.36 (KHTML, like Gecko) Chrome/36.0.1985.143 Safari/537.36" "saveaslave.com"
195.211.155.153 - - [16/Oct/2014:02:59:16 -0700] "GET / HTTP/1.0" 200 22620 "http://saveaslave.com/" "Mozilla/5.0 (Windows NT 6.0) AppleWebKit/537.36 (KHTML, like Gecko) Chrome/36.0.1985.143 Safari/537.36" "saveaslave.com"
180.76.5.69 - - [16/Oct/2014:03:16:43 -0700] "GET /suriname HTTP/1.1" 404 89 "-" "Mozilla/5.0 (compatible; Baiduspider/2.0; +http://www.baidu.com/search/spider.html)" "www.saveaslave.com"
199.21.99.206 - - [16/Oct/2014:03:44:11 -0700] "GET /robots.txt HTTP/1.1" 404 89 "-" "Mozilla/5.0 (compatible; YandexBot/3.0; +http://yandex.com/bots)" "saveaslave.com"
208.115.111.70 - - [16/Oct/2014:03:45:41 -0700] "GET /heard_island HTTP/1.1" 404 89 "-" "Mozilla/5.0 (compatible; DotBot/1.1; http://www.opensiteexplorer.org/dotbot, help@moz.com)" "saveaslave.com"
208.115.111.70 - - [16/Oct/2014:03:45:41 -0700] "GET /switzerland HTTP/1.1" 404 89 "-" "Mozilla/5.0 (compatible; DotBot/1.1; http://www.opensiteexplorer.org/dotbot, help@moz.com)" "saveaslave.com"
208.115.111.70 - - [16/Oct/2014:03:45:41 -0700] "GET /singapore HTTP/1.1" 404 89 "-" "Mozilla/5.0 (compatible; DotBot/1.1; http://www.opensiteexplorer.org/dotbot, help@moz.com)" "www.saveaslave.com"
208.115.113.86 - - [16/Oct/2014:03:56:14 -0700] "GET /robots.txt HTTP/1.1" 404 89 "-" "Mozilla/5.0 (compatible; DotBot/1.1; http://www.opensiteexplorer.org/dotbot, help@moz.com)" "www.saveaslave.com"
46.118.159.178 - - [16/Oct/2014:04:03:39 -0700] "GET / HTTP/1.1" 200 22620 "http://serialsway.ucoz.ru/" "Mozilla/4.0 (compatible; MSIE 6.0; Windows NT 5.1; SV1; .NET CLR 1.1.4322)" "saveaslave.com"
65.36.241.77 - - [16/Oct/2014:04:03:56 -0700] "HEAD / HTTP/1.1" 200 0 "-" "InternetSeer.com" "www.saveaslave.com"
142.54.183.130 - - [16/Oct/2014:04:13:17 -0700] "GET /site/?page_id=28 HTTP/1.1" 404 89 "-" "Mozilla/4.0 (compatible; MSIE 6.0; Windows NT 5.1; SV1; Mozilla/4.0 (compatible; MSIE 6.0; Windows NT 5.1; SV1) ; .NET CLR 2.0.50727 ; .NET CLR 4.0.30319)" "saveaslave.com"
142.54.183.130 - - [16/Oct/2014:04:17:31 -0700] "GET /site/?p=2 HTTP/1.1" 404 89 "-" "Mozilla/4.0 (compatible; MSIE 6.0; Windows NT 5.1; SV1; Mozilla/4.0 (compatible; MSIE 6.0; Windows NT 5.1; SV1) ; .NET CLR 2.0.50727 ; .NET CLR 4.0.30319)" "saveaslave.com"
199.15.233.130 - - [16/Oct/2014:04:34:12 -0700] "GET /site/?page_id=28 HTTP/1.0" 404 73 "http://saveaslave.com/site/?page_id=28" "Mozilla/5.0 (Windows NT 6.1; WOW64) AppleWebKit/537.36 (KHTML, like Gecko) Chrome/36.0.1985.143 Safari/537.36" "saveaslave.com"
208.115.113.86 - - [16/Oct/2014:04:36:39 -0700] "GET /estonia.html HTTP/1.1" 404 89 "-" "Mozilla/5.0 (compatible; DotBot/1.1; http://www.opensiteexplorer.org/dotbot, help@moz.com)" "www.saveaslave.com"
208.115.113.86 - - [16/Oct/2014:04:36:40 -0700] "GET /congodemocraticrepublic.html HTTP/1.1" 404 89 "-" "Mozilla/5.0 (compatible; DotBot/1.1; http://www.opensiteexplorer.org/dotbot, help@moz.com)" "www.saveaslave.com"
207.46.13.118 - - [16/Oct/2014:04:50:32 -0700] "GET /nigeria HTTP/1.1" 404 89 "-" "Mozilla/5.0 (compatible; bingbot/2.0; +http://www.bing.com/bingbot.htm)" "www.saveaslave.com"
207.46.13.118 - - [16/Oct/2014:04:50:32 -0700] "GET /romania HTTP/1.1" 404 89 "-" "Mozilla/5.0 (compatible; bingbot/2.0; +http://www.bing.com/bingbot.htm)" "www.saveaslave.com"
68.187.201.190 - - [16/Oct/2014:05:12:15 -0700] "GET / HTTP/1.1" 200 22620 "http://wm41.inbox.com/Lib/141013/mod_email.html" "Mozilla/5.0 (Windows NT 6.3; WOW64; rv:32.0) Gecko/20100101 Firefox/32.0" "www.saveaslave.com"
68.187.201.190 - - [16/Oct/2014:05:12:16 -0700] "GET /css/style.css HTTP/1.1" 200 600 "http://www.saveaslave.com/" "Mozilla/5.0 (Windows NT 6.3; WOW64; rv:32.0) Gecko/20100101 Firefox/32.0" "www.saveaslave.com"
68.187.201.190 - - [16/Oct/2014:05:12:16 -0700] "GET /images/header.png HTTP/1.1" 200 84658 "http://www.saveaslave.com/" "Mozilla/5.0 (Windows NT 6.3; WOW64; rv:32.0) Gecko/20100101 Firefox/32.0" "www.saveaslave.com"
68.187.201.190 - - [16/Oct/2014:05:12:16 -0700] "GET /images/givebtn.png HTTP/1.1" 200 26179 "http://www.saveaslave.com/" "Mozilla/5.0 (Windows NT 6.3; WOW64; rv:32.0) Gecko/20100101 Firefox/32.0" "www.saveaslave.com"
68.187.201.190 - - [16/Oct/2014:05:12:19 -0700] "GET /favicon.ico HTTP/1.1" 404 89 "-" "Mozilla/5.0 (Windows NT 6.3; WOW64; rv:32.0) Gecko/20100101 Firefox/32.0" "www.saveaslave.com"
68.187.201.190 - - [16/Oct/2014:05:12:19 -0700] "GET /favicon.ico HTTP/1.1" 404 89 "-" "Mozilla/5.0 (Windows NT 6.3; WOW64; rv:32.0) Gecko/20100101 Firefox/32.0" "www.saveaslave.com"
65.36.241.79 - - [16/Oct/2014:05:12:48 -0700] "HEAD / HTTP/1.1" 200 0 "-" "InternetSeer.com" "www.saveaslave.com"
38.100.21.78 - - [16/Oct/2014:05:23:22 -0700] "GET / HTTP/1.1" 200 22620 "-" "Mozilla/4.0 (compatible; MSIE 7.0; Windows NT 5.2)" "www.saveaslave.com"
38.100.21.78 - - [16/Oct/2014:05:23:22 -0700] "GET /bolivia.html HTTP/1.1" 200 5416 "-" "Mozilla/4.0 (compatible; MSIE 7.0; Windows NT 5.2)" "www.saveaslave.com"
38.100.21.78 - - [16/Oct/2014:05:23:22 -0700] "GET /canada.html HTTP/1.1" 200 5412 "-" "Mozilla/4.0 (compatible; MSIE 7.0; Windows NT 5.2)" "www.saveaslave.com"
38.100.21.78 - - [16/Oct/2014:05:23:22 -0700] "GET /burkina-faso.html HTTP/1.1" 200 5466 "-" "Mozilla/4.0 (compatible; MSIE 7.0; Windows NT 5.2)" "www.saveaslave.com"
38.100.21.78 - - [16/Oct/2014:05:23:23 -0700] "GET /bhutan.html HTTP/1.1" 200 5412 "-" "Mozilla/4.0 (compatible; MSIE 7.0; Windows NT 5.2)" "www.saveaslave.com"
38.100.21.78 - - [16/Oct/2014:05:23:23 -0700] "GET /belize.html HTTP/1.1" 200 5406 "-" "Mozilla/4.0 (compatible; MSIE 7.0; Windows NT 5.2)" "www.saveaslave.com"
38.100.21.78 - - [16/Oct/2014:05:23:23 -0700] "GET /burundi.html HTTP/1.1" 200 5421 "-" "Mozilla/4.0 (compatible; MSIE 7.0; Windows NT 5.2)" "www.saveaslave.com"
38.100.21.78 - - [16/Oct/2014:05:23:23 -0700] "GET /benin.html HTTP/1.1" 200 5403 "-" "Mozilla/4.0 (compatible; MSIE 7.0; Windows NT 5.2)" "www.saveaslave.com"
38.100.21.78 - - [16/Oct/2014:05:23:23 -0700] "GET /bulgaria.html HTTP/1.1" 200 5414 "-" "Mozilla/4.0 (compatible; MSIE 7.0; Windows NT 5.2)" "www.saveaslave.com"
54.162.188.109 - - [16/Oct/2014:05:32:11 -0700] "GET / HTTP/1.1" 200 22620 "-" "Mozilla/5.0 (compatible; linkdexbot/2.0; +http://www.linkdex.com/bots/)" "saveaslave.com"
62.253.210.146 - - [16/Oct/2014:05:59:05 -0700] "GET /images/Lesotho_map.gif HTTP/1.1" 404 89 "https://www.google.co.uk/" "Mozilla/5.0 (Windows NT 6.1) AppleWebKit/537.36 (KHTML, like Gecko) Chrome/37.0.2062.124 Safari/537.36" "www.saveaslave.com"
134.249.76.28 - - [16/Oct/2014:05:59:24 -0700] "GET / HTTP/1.1" 200 22620 "http://expertnaya-ocenka.ru/" "Opera/9.01 (Windows NT 5.1; U; en)" "saveaslave.com"
134.249.76.28 - - [16/Oct/2014:05:59:25 -0700] "GET / HTTP/1.1" 200 22620 "http://expertnaya-ocenka.ru/" "Opera/9.01 (Windows NT 5.1; U; en)" "saveaslave.com"
134.249.76.28 - - [16/Oct/2014:05:59:26 -0700] "GET / HTTP/1.1" 200 22620 "http://expertnaya-ocenka.ru/" "Opera/9.01 (Windows NT 5.1; U; en)" "saveaslave.com"
199.21.99.206 - - [16/Oct/2014:06:00:48 -0700] "GET /slovakia.html HTTP/1.1" 404 89 "-" "Mozilla/5.0 (compatible; YandexBot/3.0; +http://yandex.com/bots)" "saveaslave.com"
66.249.69.215 - - [16/Oct/2014:06:01:12 -0700] "GET /georgia.html HTTP/1.1" 404 89 "-" "Mozilla/5.0 (compatible; Googlebot/2.1; +http://www.google.com/bot.html)" "www.saveaslave.com"
66.249.69.199 - - [16/Oct/2014:06:01:12 -0700] "GET /jamaica.html HTTP/1.1" 404 89 "-" "Mozilla/5.0 (compatible; Googlebot/2.1; +http://www.google.com/bot.html)" "www.saveaslave.com"
208.115.113.86 - - [16/Oct/2014:06:02:02 -0700] "GET /caymanislands HTTP/1.1" 404 89 "-" "Mozilla/5.0 (compatible; DotBot/1.1; http://www.opensiteexplorer.org/dotbot, help@moz.com)" "www.saveaslave.com"
208.115.113.86 - - [16/Oct/2014:06:02:03 -0700] "GET /kyrgyzstan HTTP/1.1" 404 89 "-" "Mozilla/5.0 (compatible; DotBot/1.1; http://www.opensiteexplorer.org/dotbot, help@moz.com)" "www.saveaslave.com"
208.115.113.86 - - [16/Oct/2014:06:02:03 -0700] "GET /colombia HTTP/1.1" 404 89 "-" "Mozilla/5.0 (compatible; DotBot/1.1; http://www.opensiteexplorer.org/dotbot, help@moz.com)" "saveaslave.com"
46.229.164.98 - - [16/Oct/2014:06:03:07 -0700] "GET /index.html HTTP/1.1" 200 22998 "-" "Mozilla/5.0 (compatible; SemrushBot/0.98~bl; +http://www.semrush.com/bot.html)" "www.saveaslave.com"
65.36.241.79 - - [16/Oct/2014:06:16:02 -0700] "HEAD / HTTP/1.1" 200 0 "-" "InternetSeer.com" "www.saveaslave.com"
208.115.111.70 - - [16/Oct/2014:06:24:57 -0700] "GET /bahrain.html HTTP/1.1" 200 5420 "-" "Mozilla/5.0 (compatible; DotBot/1.1; http://www.opensiteexplorer.org/dotbot, help@moz.com)" "www.saveaslave.com"
123.125.71.110 - - [16/Oct/2014:06:39:46 -0700] "GET / HTTP/1.1" 200 22620 "-" "Mozilla/5.0 (compatible; Baiduspider/2.0; +http://www.baidu.com/search/spider.html)" "saveaslave.com"
123.125.71.76 - - [16/Oct/2014:06:39:51 -0700] "GET /css/style.css HTTP/1.1" 200 600 "http://saveaslave.com/" "Mozilla/5.0 (Windows NT 6.1; rv:15.0) Gecko/20100101 Firefox/15.0.1" "saveaslave.com"
222.239.162.7 - - [16/Oct/2014:06:44:47 -0700] "GET / HTTP/1.1" 200 22620 "http://search.daum.net/" "Mozilla/5.0 (compatible; MSIE or Firefox mutant; not on Windows server; + http://tab.search.daum.net/aboutWebSearch.html) Daumoa/3.0" "www.saveaslave.com"
157.55.39.245 - - [16/Oct/2014:06:54:40 -0700] "GET /uganda HTTP/1.1" 404 89 "-" "Mozilla/5.0 (compatible; bingbot/2.0; +http://www.bing.com/bingbot.htm)" "www.saveaslave.com"
207.46.13.28 - - [16/Oct/2014:06:54:44 -0700] "GET /guam HTTP/1.1" 404 89 "-" "Mozilla/5.0 (compatible; bingbot/2.0; +http://www.bing.com/bingbot.htm)" "www.saveaslave.com"
199.21.99.206 - - [16/Oct/2014:07:01:20 -0700] "GET /morocco.html HTTP/1.1" 404 89 "-" "Mozilla/5.0 (compatible; YandexBot/3.0; +http://yandex.com/bots)" "saveaslave.com"
65.36.241.79 - - [16/Oct/2014:07:23:53 -0700] "HEAD / HTTP/1.1" 200 0 "-" "InternetSeer.com" "www.saveaslave.com"
37.59.20.217 - - [16/Oct/2014:07:24:42 -0700] "GET /robots.txt HTTP/1.0" 404 73 "-" "Mozilla/5.0 (compatible; MJ12bot/v1.4.5; http://www.majestic12.co.uk/bot.php?+)" "saveaslave.com"
37.59.20.217 - - [16/Oct/2014:07:24:54 -0700] "GET /china HTTP/1.0" 404 73 "-" "Mozilla/5.0 (compatible; MJ12bot/v1.4.5; http://www.majestic12.co.uk/bot.php?+)" "saveaslave.com"
37.59.20.217 - - [16/Oct/2014:07:25:00 -0700] "GET /congo HTTP/1.0" 404 73 "-" "Mozilla/5.0 (compatible; MJ12bot/v1.4.5; http://www.majestic12.co.uk/bot.php?+)" "saveaslave.com"
37.59.20.217 - - [16/Oct/2014:07:25:03 -0700] "GET /croatia HTTP/1.0" 404 73 "-" "Mozilla/5.0 (compatible; MJ12bot/v1.4.5; http://www.majestic12.co.uk/bot.php?+)" "saveaslave.com"
37.59.20.217 - - [16/Oct/2014:07:25:18 -0700] "GET /cuba HTTP/1.0" 404 73 "-" "Mozilla/5.0 (compatible; MJ12bot/v1.4.5; http://www.majestic12.co.uk/bot.php?+)" "saveaslave.com"
37.59.20.217 - - [16/Oct/2014:07:25:32 -0700] "GET /ecuador HTTP/1.0" 404 73 "-" "Mozilla/5.0 (compatible; MJ12bot/v1.4.5; http://www.majestic12.co.uk/bot.php?+)" "saveaslave.com"
37.59.20.217 - - [16/Oct/2014:07:25:46 -0700] "GET /ghana HTTP/1.0" 404 73 "-" "Mozilla/5.0 (compatible; MJ12bot/v1.4.5; http://www.majestic12.co.uk/bot.php?+)" "saveaslave.com"
37.59.20.217 - - [16/Oct/2014:07:25:52 -0700] "GET /gibraltar HTTP/1.0" 404 73 "-" "Mozilla/5.0 (compatible; MJ12bot/v1.4.5; http://www.majestic12.co.uk/bot.php?+)" "saveaslave.com"
37.59.20.217 - - [16/Oct/2014:07:25:55 -0700] "GET /greece HTTP/1.0" 404 73 "-" "Mozilla/5.0 (compatible; MJ12bot/v1.4.5; http://www.majestic12.co.uk/bot.php?+)" "saveaslave.com"
37.59.20.217 - - [16/Oct/2014:07:26:09 -0700] "GET /honduras HTTP/1.0" 404 73 "-" "Mozilla/5.0 (compatible; MJ12bot/v1.4.5; http://www.majestic12.co.uk/bot.php?+)" "saveaslave.com"
37.59.20.217 - - [16/Oct/2014:07:26:11 -0700] "GET /ireland HTTP/1.0" 404 73 "-" "Mozilla/5.0 (compatible; MJ12bot/v1.4.5; http://www.majestic12.co.uk/bot.php?+)" "saveaslave.com"
37.59.20.217 - - [16/Oct/2014:07:26:14 -0700] "GET /slovakia HTTP/1.0" 404 73 "-" "Mozilla/5.0 (compatible; MJ12bot/v1.4.5; http://www.majestic12.co.uk/bot.php?+)" "saveaslave.com"
37.59.20.217 - - [16/Oct/2014:07:26:19 -0700] "GET /somalia HTTP/1.0" 404 73 "-" "Mozilla/5.0 (compatible; MJ12bot/v1.4.5; http://www.majestic12.co.uk/bot.php?+)" "saveaslave.com"
37.59.20.217 - - [16/Oct/2014:07:26:24 -0700] "GET /svalbard HTTP/1.0" 404 73 "-" "Mozilla/5.0 (compatible; MJ12bot/v1.4.5; http://www.majestic12.co.uk/bot.php?+)" "saveaslave.com"
37.59.20.217 - - [16/Oct/2014:07:26:27 -0700] "GET /swaziland HTTP/1.0" 404 73 "-" "Mozilla/5.0 (compatible; MJ12bot/v1.4.5; http://www.majestic12.co.uk/bot.php?+)" "saveaslave.com"
65.36.241.77 - - [16/Oct/2014:07:26:32 -0700] "HEAD / HTTP/1.1" 200 0 "-" "InternetSeer.com" "www.saveaslave.com"
37.59.20.217 - - [16/Oct/2014:07:27:15 -0700] "GET /tuvalu HTTP/1.0" 404 73 "-" "Mozilla/5.0 (compatible; MJ12bot/v1.4.5; http://www.majestic12.co.uk/bot.php?+)" "saveaslave.com"
37.59.20.217 - - [16/Oct/2014:07:27:21 -0700] "GET /uk HTTP/1.0" 404 73 "-" "Mozilla/5.0 (compatible; MJ12bot/v1.4.5; http://www.majestic12.co.uk/bot.php?+)" "saveaslave.com"
37.59.20.217 - - [16/Oct/2014:07:27:25 -0700] "GET /ukraine HTTP/1.0" 404 73 "-" "Mozilla/5.0 (compatible; MJ12bot/v1.4.5; http://www.majestic12.co.uk/bot.php?+)" "saveaslave.com"
72.168.98.116 - - [16/Oct/2014:07:33:54 -0700] "GET / HTTP/1.1" 200 22620 "-" "Mozilla/5.0 (Windows NT 6.1; WOW64; Trident/7.0; rv:11.0) like Gecko" "www.saveaslave.com"
72.168.98.116 - - [16/Oct/2014:07:34:00 -0700] "GET /favicon.ico HTTP/1.1" 404 89 "-" "Mozilla/5.0 (Windows NT 6.1; WOW64; Trident/7.0; rv:11.0) like Gecko" "www.saveaslave.com"
72.168.98.116 - - [16/Oct/2014:07:34:59 -0700] "GET /images/slaves.jpg HTTP/1.1" 200 64009 "http://www.saveaslave.com/" "Mozilla/5.0 (Windows NT 6.1; WOW64; Trident/7.0; rv:11.0) like Gecko" "www.saveaslave.com"
198.50.195.215 - - [16/Oct/2014:07:39:14 -0700] "GET /Adoption.html HTTP/1.0" 404 73 "http://saveaslave.com/Adoption.html" "Mozilla/5.0 (Windows NT 6.3; WOW64) AppleWebKit/537.36 (KHTML, like Gecko) Chrome/32.0.1700.102 Safari/537.36" "saveaslave.com"
198.50.195.215 - - [16/Oct/2014:07:39:14 -0700] "GET / HTTP/1.0" 200 22620 "http://saveaslave.com/" "Mozilla/5.0 (Windows NT 6.3; WOW64) AppleWebKit/537.36 (KHTML, like Gecko) Chrome/32.0.1700.102 Safari/537.36" "saveaslave.com"
46.246.57.22 - - [16/Oct/2014:07:39:30 -0700] "GET / HTTP/1.0" 200 22620 "http://saveaslave.com/" "Mozilla/5.0 (Windows NT 6.1; WOW64) AppleWebKit/537.36 (KHTML, like Gecko) Chrome/35.0.1916.153 YaBrowser/14.7.1916.15705 Safari/537.36" "saveaslave.com"
193.150.120.14 - - [16/Oct/2014:07:56:58 -0700] "GET / HTTP/1.1" 200 22620 "http://line-techno.ru/" "Mozilla/4.0 (compatible; MSIE 6.0; Windows NT 5.1; ru) Opera 8.01" "saveaslave.com"
72.168.98.116 - - [16/Oct/2014:08:03:04 -0700] "GET / HTTP/1.1" 200 22620 "-" "Mozilla/5.0 (Windows NT 6.1; WOW64; Trident/7.0; rv:11.0) like Gecko" "www.saveaslave.com"
72.168.98.116 - - [16/Oct/2014:08:03:08 -0700] "GET /favicon.ico HTTP/1.1" 404 89 "-" "Mozilla/5.0 (Windows NT 6.1; WOW64; Trident/7.0; rv:11.0) like Gecko" "www.saveaslave.com"
46.229.164.98 - - [16/Oct/2014:08:09:46 -0700] "GET /index.html HTTP/1.1" 200 22998 "-" "Mozilla/5.0 (compatible; SemrushBot/0.98~bl; +http://www.semrush.com/bot.html)" "saveaslave.com"
46.229.164.101 - - [16/Oct/2014:08:25:33 -0700] "GET /american_samoa.html HTTP/1.1" 404 89 "-" "Mozilla/5.0 (compatible; SemrushBot/0.98~bl; +http://www.semrush.com/bot.html)" "saveaslave.com"
46.229.164.101 - - [16/Oct/2014:08:33:21 -0700] "GET /information_links/default.html HTTP/1.1" 404 89 "-" "Mozilla/5.0 (compatible; SemrushBot/0.98~bl; +http://www.semrush.com/bot.html)" "saveaslave.com"
46.229.164.102 - - [16/Oct/2014:08:38:58 -0700] "GET /about/default.html HTTP/1.1" 404 89 "-" "Mozilla/5.0 (compatible; SemrushBot/0.98~bl; +http://www.semrush.com/bot.html)" "saveaslave.com"
46.229.164.98 - - [16/Oct/2014:08:45:08 -0700] "GET /Afghanistan.html HTTP/1.1" 404 89 "-" "Mozilla/5.0 (compatible; SemrushBot/0.98~bl; +http://www.semrush.com/bot.html)" "saveaslave.com"
46.229.164.98 - - [16/Oct/2014:08:52:02 -0700] "GET /news/default.html HTTP/1.1" 404 89 "-" "Mozilla/5.0 (compatible; SemrushBot/0.98~bl; +http://www.semrush.com/bot.html)" "saveaslave.com"
72.168.98.116 - - [16/Oct/2014:08:58:33 -0700] "GET / HTTP/1.1" 200 22620 "-" "Mozilla/5.0 (Windows NT 6.1; WOW64; Trident/7.0; rv:11.0) like Gecko" "www.saveaslave.com"
72.168.98.116 - - [16/Oct/2014:08:58:33 -0700] "GET /css/style.css HTTP/1.1" 200 600 "http://www.saveaslave.com/" "Mozilla/5.0 (Windows NT 6.1; WOW64; Trident/7.0; rv:11.0) like Gecko" "www.saveaslave.com"
72.168.98.116 - - [16/Oct/2014:08:58:37 -0700] "GET /favicon.ico HTTP/1.1" 404 89 "-" "Mozilla/5.0 (Windows NT 6.1; WOW64; Trident/7.0; rv:11.0) like Gecko" "www.saveaslave.com"
173.252.120.113 - - [16/Oct/2014:09:01:16 -0700] "GET /clipart/images/sidebars/leftBar_steelBlue.gif HTTP/1.1" 404 89 "-" "facebookexternalhit/1.1 (+http://www.facebook.com/externalhit_uatext.php)" "www.saveaslave.com"
66.249.69.106 - - [16/Oct/2014:09:03:30 -0700] "GET /PayPal.html?no_redirect=true HTTP/1.1" 404 89 "-" "Mozilla/5.0 (compatible; Googlebot/2.1; +http://www.google.com/bot.html)" "saveaslave.com"
180.76.5.177 - - [16/Oct/2014:09:16:03 -0700] "GET /eritrea HTTP/1.1" 404 89 "-" "Mozilla/5.0 (compatible; Baiduspider/2.0; +http://www.baidu.com/search/spider.html)" "www.saveaslave.com"
61.135.190.103 - - [16/Oct/2014:09:24:36 -0700] "GET / HTTP/1.1" 200 22620 "http://www.baidu.com/s?wd=SaveAslaveHomepage" "Mozilla/5.0 (Windows; U; Windows NT 5.1; zh-CN; rv:1.9.2.15) Gecko/20110303 Firefox/3.6.15" "www.saveaslave.com"
69.171.230.119 - - [16/Oct/2014:09:28:19 -0700] "GET / HTTP/1.1" 200 22620 "-" "facebookexternalhit/1.1 (+http://www.facebook.com/externalhit_uatext.php)" "www.saveaslave.com"
69.171.230.116 - - [16/Oct/2014:09:28:20 -0700] "GET /images/slaves.jpg HTTP/1.1" 206 9000 "http://www.saveaslave.com/" "facebookexternalhit/1.1 (+http://www.facebook.com/externalhit_uatext.php)" "www.saveaslave.com"
173.252.77.112 - - [16/Oct/2014:09:28:22 -0700] "GET /images/header.png HTTP/1.1" 200 84658 "-" "facebookexternalhit/1.1 (+http://www.facebook.com/externalhit_uatext.php)" "www.saveaslave.com"
173.252.77.118 - - [16/Oct/2014:09:28:23 -0700] "GET /images/slaves.jpg HTTP/1.1" 206 64009 "-" "facebookexternalhit/1.1 (+http://www.facebook.com/externalhit_uatext.php)" "www.saveaslave.com"
173.252.120.114 - - [16/Oct/2014:09:28:25 -0700] "GET /images/header.png HTTP/1.1" 200 84658 "-" "facebookexternalhit/1.1 (+http://www.facebook.com/externalhit_uatext.php)" "www.saveaslave.com"
173.252.120.117 - - [16/Oct/2014:09:28:25 -0700] "GET /images/slaves.jpg HTTP/1.1" 200 64009 "-" "facebookexternalhit/1.1 (+http://www.facebook.com/externalhit_uatext.php)" "www.saveaslave.com"
69.171.230.114 - - [16/Oct/2014:09:30:32 -0700] "GET /images/header.png HTTP/1.1" 206 84658 "-" "facebookexternalhit/1.1 (+http://www.facebook.com/externalhit_uatext.php)" "www.saveaslave.com"
173.252.79.112 - - [16/Oct/2014:09:30:34 -0700] "GET /images/header.png HTTP/1.1" 200 84658 "-" "visionutils/0.2" "www.saveaslave.com"
173.252.120.118 - - [16/Oct/2014:09:30:37 -0700] "GET /images/header.png HTTP/1.1" 200 84658 "-" "facebookexternalhit/1.1 (+http://www.facebook.com/externalhit_uatext.php)" "www.saveaslave.com"
65.36.241.77 - - [16/Oct/2014:09:33:28 -0700] "HEAD / HTTP/1.1" 200 0 "-" "InternetSeer.com" "www.saveaslave.com"
182.118.21.220 - - [16/Oct/2014:09:34:26 -0700] "GET /robots.txt HTTP/1.1" 404 89 "http://saveaslave.com/robots.txt" "Mozilla/5.0 (compatible; MSIE 9.0; Windows NT 6.1; Trident/5.0); 360Spider" "saveaslave.com"
208.115.111.70 - - [16/Oct/2014:09:48:35 -0700] "GET /robots.txt HTTP/1.1" 404 89 "-" "Mozilla/5.0 (compatible; DotBot/1.1; http://www.opensiteexplorer.org/dotbot, help@moz.com)" "saveaslave.com"
72.168.98.116 - - [16/Oct/2014:09:49:10 -0700] "GET /images/givebtn.png HTTP/1.1" 200 26179 "http://www.saveaslave.com/" "Mozilla/5.0 (Windows NT 6.1; WOW64; Trident/7.0; rv:11.0) like Gecko" "www.saveaslave.com"
72.168.98.116 - - [16/Oct/2014:09:49:54 -0700] "GET / HTTP/1.1" 200 22620 "-" "Mozilla/5.0 (Windows NT 6.1; WOW64; Trident/7.0; rv:11.0) like Gecko" "www.saveaslave.com"
72.168.98.116 - - [16/Oct/2014:09:49:55 -0700] "GET /images/slaves.jpg HTTP/1.1" 200 64009 "http://www.saveaslave.com/" "Mozilla/5.0 (Windows NT 6.1; WOW64; Trident/7.0; rv:11.0) like Gecko" "www.saveaslave.com"
208.115.113.86 - - [16/Oct/2014:09:53:58 -0700] "GET /zambia HTTP/1.1" 404 89 "-" "Mozilla/5.0 (compatible; DotBot/1.1; http://www.opensiteexplorer.org/dotbot, help@moz.com)" "saveaslave.com"
220.181.108.142 - - [16/Oct/2014:10:20:41 -0700] "GET /norway.html HTTP/1.1" 404 89 "-" "Mozilla/5.0 (compatible; Baiduspider/2.0; +http://www.baidu.com/search/spider.html)" "www.saveaslave.com"
208.115.111.70 - - [16/Oct/2014:10:23:21 -0700] "GET /latvia.html HTTP/1.1" 404 89 "-" "Mozilla/5.0 (compatible; DotBot/1.1; http://www.opensiteexplorer.org/dotbot, help@moz.com)" "www.saveaslave.com"
173.252.74.118 - - [16/Oct/2014:10:53:44 -0700] "GET /images/header.png HTTP/1.1" 200 84658 "-" "facebookexternalhit/1.1 (+http://www.facebook.com/externalhit_uatext.php)" "www.saveaslave.com"
68.187.201.190 - - [16/Oct/2014:10:54:23 -0700] "GET /images/slaves.jpg HTTP/1.1" 200 64009 "http://saveaslave.com/" "Mozilla/5.0 (Windows NT 6.3; WOW64; rv:32.0) Gecko/20100101 Firefox/32.0" "saveaslave.com"
68.187.201.190 - - [16/Oct/2014:10:54:24 -0700] "GET /favicon.ico HTTP/1.1" 404 89 "-" "Mozilla/5.0 (Windows NT 6.3; WOW64; rv:32.0) Gecko/20100101 Firefox/32.0" "saveaslave.com"
72.168.98.116 - - [16/Oct/2014:11:00:35 -0700] "GET /images/givebtn.png HTTP/1.1" 200 26179 "http://www.saveaslave.com/" "Mozilla/5.0 (Windows NT 6.1; WOW64; Trident/7.0; rv:11.0) like Gecko" "www.saveaslave.com"
72.168.98.116 - - [16/Oct/2014:11:00:35 -0700] "GET /images/header.png HTTP/1.1" 200 84658 "http://www.saveaslave.com/" "Mozilla/5.0 (Windows NT 6.1; WOW64; Trident/7.0; rv:11.0) like Gecko" "www.saveaslave.com"
72.168.98.116 - - [16/Oct/2014:11:00:35 -0700] "GET /images/slaves.jpg HTTP/1.1" 200 64009 "http://www.saveaslave.com/" "Mozilla/5.0 (Windows NT 6.1; WOW64; Trident/7.0; rv:11.0) like Gecko" "www.saveaslave.com"
72.168.98.116 - - [16/Oct/2014:11:00:40 -0700] "GET /favicon.ico HTTP/1.1" 404 89 "-" "Mozilla/5.0 (Windows NT 6.1; WOW64; Trident/7.0; rv:11.0) like Gecko" "www.saveaslave.com"
72.168.98.116 - - [16/Oct/2014:11:01:59 -0700] "GET /images/givebtn.png HTTP/1.1" 200 26179 "http://www.saveaslave.com/" "Mozilla/5.0 (Windows NT 6.1; WOW64; Trident/7.0; rv:11.0) like Gecko" "www.saveaslave.com"
72.168.98.116 - - [16/Oct/2014:11:01:59 -0700] "GET /images/header.png HTTP/1.1" 200 65536 "http://www.saveaslave.com/" "Mozilla/5.0 (Windows NT 6.1; WOW64; Trident/7.0; rv:11.0) like Gecko" "www.saveaslave.com"
72.168.98.116 - - [16/Oct/2014:11:11:14 -0700] "GET / HTTP/1.1" 200 22620 "-" "Mozilla/5.0 (Windows NT 6.1; WOW64; Trident/7.0; rv:11.0) like Gecko" "www.saveaslave.com"
72.168.98.116 - - [16/Oct/2014:11:21:51 -0700] "GET / HTTP/1.1" 200 22620 "-" "Mozilla/5.0 (Windows NT 6.1; WOW64; Trident/7.0; rv:11.0) like Gecko" "www.saveaslave.com"
72.168.98.116 - - [16/Oct/2014:11:21:51 -0700] "GET /images/slaves.jpg HTTP/1.1" 200 64009 "http://www.saveaslave.com/" "Mozilla/5.0 (Windows NT 6.1; WOW64; Trident/7.0; rv:11.0) like Gecko" "www.saveaslave.com"
72.168.98.116 - - [16/Oct/2014:11:21:53 -0700] "GET /css/style.css HTTP/1.1" 200 600 "http://www.saveaslave.com/" "Mozilla/5.0 (Windows NT 6.1; WOW64; Trident/7.0; rv:11.0) like Gecko" "www.saveaslave.com"
72.168.98.116 - - [16/Oct/2014:11:21:56 -0700] "GET /favicon.ico HTTP/1.1" 404 89 "-" "Mozilla/5.0 (Windows NT 6.1; WOW64; Trident/7.0; rv:11.0) like Gecko" "www.saveaslave.com"
72.168.98.116 - - [16/Oct/2014:11:21:56 -0700] "GET /images/slaves.jpg HTTP/1.1" 200 64009 "http://www.saveaslave.com/" "Mozilla/5.0 (Windows NT 6.1; WOW64; Trident/7.0; rv:11.0) like Gecko" "www.saveaslave.com"
72.168.98.116 - - [16/Oct/2014:11:21:57 -0700] "GET /images/givebtn.png HTTP/1.1" 304 - "http://www.saveaslave.com/" "Mozilla/5.0 (Windows NT 6.1; WOW64; Trident/7.0; rv:11.0) like Gecko" "www.saveaslave.com"
72.168.98.116 - - [16/Oct/2014:11:22:02 -0700] "GET / HTTP/1.1" 200 22620 "-" "Mozilla/5.0 (Windows NT 6.1; WOW64; Trident/7.0; rv:11.0) like Gecko" "www.saveaslave.com"
72.168.98.116 - - [16/Oct/2014:11:22:02 -0700] "GET /images/slaves.jpg HTTP/1.1" 200 64009 "http://www.saveaslave.com/" "Mozilla/5.0 (Windows NT 6.1; WOW64; Trident/7.0; rv:11.0) like Gecko" "www.saveaslave.com"
72.168.98.116 - - [16/Oct/2014:11:22:08 -0700] "GET /images/givebtn.png HTTP/1.1" 200 26179 "http://www.saveaslave.com/" "Mozilla/5.0 (Windows NT 6.1; WOW64; Trident/7.0; rv:11.0) like Gecko" "www.saveaslave.com"
72.168.98.116 - - [16/Oct/2014:11:22:08 -0700] "GET /css/style.css HTTP/1.1" 304 - "http://www.saveaslave.com/" "Mozilla/5.0 (Windows NT 6.1; WOW64; Trident/7.0; rv:11.0) like Gecko" "www.saveaslave.com"
72.168.98.116 - - [16/Oct/2014:11:23:29 -0700] "GET / HTTP/1.1" 200 22620 "-" "Mozilla/5.0 (Windows NT 6.1; WOW64; Trident/7.0; rv:11.0) like Gecko" "www.saveaslave.com"
72.168.98.116 - - [16/Oct/2014:11:23:30 -0700] "GET /images/givebtn.png HTTP/1.1" 200 26179 "http://www.saveaslave.com/" "Mozilla/5.0 (Windows NT 6.1; WOW64; Trident/7.0; rv:11.0) like Gecko" "www.saveaslave.com"
207.46.13.28 - - [16/Oct/2014:11:34:05 -0700] "GET /iraq HTTP/1.1" 404 89 "-" "Mozilla/5.0 (compatible; bingbot/2.0; +http://www.bing.com/bingbot.htm)" "www.saveaslave.com"
208.115.111.70 - - [16/Oct/2014:11:37:16 -0700] "GET /tanzania HTTP/1.1" 404 89 "-" "Mozilla/5.0 (compatible; DotBot/1.1; http://www.opensiteexplorer.org/dotbot, help@moz.com)" "saveaslave.com"
199.15.233.172 - - [16/Oct/2014:11:47:19 -0700] "GET /site/?page_id=28 HTTP/1.0" 404 73 "http://saveaslave.com/site/?page_id=28" "Mozilla/5.0 (Windows NT 6.3; WOW64) AppleWebKit/537.36 (KHTML, like Gecko) Chrome/36.0.1985.143 Safari/537.36" "saveaslave.com"
130.185.109.239 - - [16/Oct/2014:11:48:02 -0700] "GET /robots.txt HTTP/1.1" 404 89 "-" "PagesInventory (robot http://www.pagesinventory.com)" "www.saveaslave.com"
130.185.109.239 - - [16/Oct/2014:11:48:02 -0700] "GET / HTTP/1.1" 200 22620 "-" "PagesInventory (robot +http://www.pagesinventory.com)" "www.saveaslave.com"
199.15.233.186 - - [16/Oct/2014:11:51:10 -0700] "GET /site/?p=56 HTTP/1.0" 404 73 "http://saveaslave.com/site/?p=56" "Mozilla/5.0 (Windows NT 6.2; WOW64) AppleWebKit/537.36 (KHTML, like Gecko) Chrome/36.0.1985.143 Safari/537.36" "saveaslave.com"
199.15.233.186 - - [16/Oct/2014:11:51:10 -0700] "GET / HTTP/1.0" 200 22620 "http://saveaslave.com/" "Mozilla/5.0 (Windows NT 6.2; WOW64) AppleWebKit/537.36 (KHTML, like Gecko) Chrome/36.0.1985.143 Safari/537.36" "saveaslave.com"
207.46.13.118 - - [16/Oct/2014:11:57:23 -0700] "GET /robots.txt HTTP/1.1" 404 89 "-" "Mozilla/5.0 (compatible; bingbot/2.0; +http://www.bing.com/bingbot.htm)" "www.saveaslave.com"
157.55.39.237 - - [16/Oct/2014:12:36:00 -0700] "GET /macoa HTTP/1.1" 404 89 "-" "Mozilla/5.0 (compatible; bingbot/2.0; +http://www.bing.com/bingbot.htm)" "www.saveaslave.com"
157.55.39.219 - - [16/Oct/2014:12:41:09 -0700] "GET /yemen HTTP/1.1" 404 89 "-" "Mozilla/5.0 (compatible; bingbot/2.0; +http://www.bing.com/bingbot.htm)" "www.saveaslave.com"
157.55.39.237 - - [16/Oct/2014:12:45:00 -0700] "GET /kazakhstan HTTP/1.1" 404 89 "-" "Mozilla/5.0 (compatible; bingbot/2.0; +http://www.bing.com/bingbot.htm)" "www.saveaslave.com"
185.10.104.195 - - [16/Oct/2014:12:54:54 -0700] "GET /christmasisland.html HTTP/1.1" 404 89 "-" "Mozilla/5.0 (compatible; Baiduspider/2.0; +http://www.baidu.com/search/spider.html)" "www.saveaslave.com"
157.55.39.219 - - [16/Oct/2014:12:56:35 -0700] "GET /syria HTTP/1.1" 404 89 "-" "Mozilla/5.0 (compatible; bingbot/2.0; +http://www.bing.com/bingbot.htm)" "www.saveaslave.com"
72.168.98.116 - - [16/Oct/2014:12:58:31 -0700] "GET / HTTP/1.1" 200 22620 "-" "Mozilla/5.0 (Windows NT 6.1; WOW64; Trident/7.0; rv:11.0) like Gecko" "www.saveaslave.com"
72.168.98.116 - - [16/Oct/2014:12:58:32 -0700] "GET /images/givebtn.png HTTP/1.1" 200 26179 "http://www.saveaslave.com/" "Mozilla/5.0 (Windows NT 6.1; WOW64; Trident/7.0; rv:11.0) like Gecko" "www.saveaslave.com"
72.168.98.116 - - [16/Oct/2014:12:58:32 -0700] "GET /images/header.png HTTP/1.1" 200 84658 "http://www.saveaslave.com/" "Mozilla/5.0 (Windows NT 6.1; WOW64; Trident/7.0; rv:11.0) like Gecko" "www.saveaslave.com"
72.168.98.116 - - [16/Oct/2014:12:58:32 -0700] "GET /images/slaves.jpg HTTP/1.1" 200 64009 "http://www.saveaslave.com/" "Mozilla/5.0 (Windows NT 6.1; WOW64; Trident/7.0; rv:11.0) like Gecko" "www.saveaslave.com"
72.168.98.116 - - [16/Oct/2014:13:00:11 -0700] "GET /images/slaves.jpg HTTP/1.1" 200 64009 "http://www.saveaslave.com/" "Mozilla/5.0 (Windows NT 6.1; WOW64; Trident/7.0; rv:11.0) like Gecko" "www.saveaslave.com"
72.168.98.116 - - [16/Oct/2014:13:00:12 -0700] "GET /css/style.css HTTP/1.1" 304 - "http://www.saveaslave.com/" "Mozilla/5.0 (Windows NT 6.1; WOW64; Trident/7.0; rv:11.0) like Gecko" "www.saveaslave.com"
72.168.98.116 - - [16/Oct/2014:13:00:12 -0700] "GET /images/givebtn.png HTTP/1.1" 200 26179 "http://www.saveaslave.com/" "Mozilla/5.0 (Windows NT 6.1; WOW64; Trident/7.0; rv:11.0) like Gecko" "www.saveaslave.com"
72.168.98.116 - - [16/Oct/2014:13:00:16 -0700] "GET / HTTP/1.1" 200 22620 "-" "Mozilla/5.0 (Windows NT 6.1; WOW64; Trident/7.0; rv:11.0) like Gecko" "www.saveaslave.com"
72.168.98.116 - - [16/Oct/2014:13:00:17 -0700] "GET /images/slaves.jpg HTTP/1.1" 200 64009 "http://www.saveaslave.com/" "Mozilla/5.0 (Windows NT 6.1; WOW64; Trident/7.0; rv:11.0) like Gecko" "www.saveaslave.com"
72.168.98.116 - - [16/Oct/2014:13:01:00 -0700] "GET / HTTP/1.1" 200 22620 "-" "Mozilla/5.0 (Windows NT 6.1; WOW64; Trident/7.0; rv:11.0) like Gecko" "www.saveaslave.com"
72.168.98.116 - - [16/Oct/2014:13:01:01 -0700] "GET /images/slaves.jpg HTTP/1.1" 200 64009 "http://www.saveaslave.com/" "Mozilla/5.0 (Windows NT 6.1; WOW64; Trident/7.0; rv:11.0) like Gecko" "www.saveaslave.com"
183.60.215.43 - - [16/Oct/2014:13:23:03 -0700] "GET /uganda HTTP/1.1" 404 89 "-" "Mozilla/5.0 (compatible; EasouSpider; +http://www.easou.com/search/spider.html)" "saveaslave.com"
217.69.133.251 - - [16/Oct/2014:13:31:35 -0700] "GET /robots.txt HTTP/1.1" 404 89 "-" "Mozilla/5.0 (compatible; Linux x86_64; Mail.RU_Bot/2.0; +http://go.mail.ru/help/robots)" "saveaslave.com"
76.164.206.122 - - [16/Oct/2014:13:39:59 -0700] "GET /site/?p=2 HTTP/1.0" 404 73 "http://saveaslave.com/site/?p=2" "Mozilla/5.0 (Windows NT 6.2; WOW64) AppleWebKit/537.36 (KHTML, like Gecko) Chrome/36.0.1985.143 Safari/537.36" "saveaslave.com"
208.115.111.70 - - [16/Oct/2014:13:45:15 -0700] "GET /robots.txt HTTP/1.1" 404 89 "-" "Mozilla/5.0 (compatible; DotBot/1.1; http://www.opensiteexplorer.org/dotbot, help@moz.com)" "saveaslave.com"
208.115.111.70 - - [16/Oct/2014:13:45:15 -0700] "GET /robots.txt HTTP/1.1" 404 89 "-" "Mozilla/5.0 (compatible; DotBot/1.1; http://www.opensiteexplorer.org/dotbot, help@moz.com)" "www.saveaslave.com"
77.75.77.11 - - [16/Oct/2014:13:46:21 -0700] "GET /robots.txt HTTP/1.1" 404 89 "-" "Mozilla/5.0 (compatible; SeznamBot/3.2; +http://fulltext.sblog.cz/)" "saveaslave.com"
84.111.130.39 - - [16/Oct/2014:13:58:59 -0700] "HEAD / HTTP/1.1" 200 0 "-" "Xenu Link Sleuth/1.3.8" "www.saveaslave.com"
208.115.113.86 - - [16/Oct/2014:14:04:36 -0700] "GET /montserrat HTTP/1.1" 404 89 "-" "Mozilla/5.0 (compatible; DotBot/1.1; http://www.opensiteexplorer.org/dotbot, help@moz.com)" "www.saveaslave.com"
208.115.113.86 - - [16/Oct/2014:14:04:36 -0700] "GET /newzealand HTTP/1.1" 404 89 "-" "Mozilla/5.0 (compatible; DotBot/1.1; http://www.opensiteexplorer.org/dotbot, help@moz.com)" "www.saveaslave.com"
208.115.111.70 - - [16/Oct/2014:14:19:45 -0700] "GET /armenia.html HTTP/1.1" 200 5401 "-" "Mozilla/5.0 (compatible; DotBot/1.1; http://www.opensiteexplorer.org/dotbot, help@moz.com)" "www.saveaslave.com"
65.36.241.77 - - [16/Oct/2014:14:27:55 -0700] "HEAD / HTTP/1.1" 200 0 "-" "InternetSeer.com" "www.saveaslave.com"
195.211.154.137 - - [16/Oct/2014:14:29:44 -0700] "GET / HTTP/1.0" 200 22620 "http://www.saveaslave.com/" "Mozilla/5.0 (Windows NT 5.1) AppleWebKit/537.36 (KHTML, like Gecko) Chrome/36.0.1985.143 Safari/537.36" "www.saveaslave.com"
