183.60.214.12 - - [25/Oct/2014:02:11:50 -0700] "GET /philippines HTTP/1.1" 404 89 "-" "Mozilla/5.0 (compatible; EasouSpider; +http://www.easou.com/search/spider.html)" "saveaslave.com"
62.210.38.184 - - [25/Oct/2014:02:23:04 -0700] "GET /site/?p=2 HTTP/1.1" 404 89 "-" "Mozilla/4.0 (compatible; MSIE 6.0; Windows NT 5.1; SV1; Mozilla/4.0 (compatible; MSIE 6.0; Windows NT 5.1; SV1) )" "saveaslave.com"
199.21.99.206 - - [25/Oct/2014:02:34:05 -0700] "GET /robots.txt HTTP/1.1" 404 89 "-" "Mozilla/5.0 (compatible; YandexBot/3.0; +http://yandex.com/bots)" "saveaslave.com"
199.15.233.130 - - [25/Oct/2014:02:49:10 -0700] "GET /site/?page_id=28 HTTP/1.0" 404 73 "http://saveaslave.com/site/?page_id=28" "Mozilla/5.0 (Windows NT 6.3; WOW64) AppleWebKit/537.36 (KHTML, like Gecko) Chrome/36.0.1985.125 Safari/537.36" "saveaslave.com"
199.15.233.130 - - [25/Oct/2014:02:49:10 -0700] "GET / HTTP/1.0" 200 22620 "http://saveaslave.com/" "Mozilla/5.0 (Windows NT 6.3; WOW64) AppleWebKit/537.36 (KHTML, like Gecko) Chrome/36.0.1985.125 Safari/537.36" "saveaslave.com"
66.249.65.147 - - [25/Oct/2014:03:10:45 -0700] "GET /svalbard.html HTTP/1.1" 404 89 "-" "Mozilla/5.0 (compatible; Googlebot/2.1; +http://www.google.com/bot.html)" "www.saveaslave.com"
178.137.94.81 - - [25/Oct/2014:03:17:02 -0700] "GET / HTTP/1.1" 200 22620 "http://cookingok.ru/yasitemap/" "Mozilla/4.0 (compatible; MSIE 5.01; Windows 95; MSIECrawler)" "saveaslave.com"
178.137.94.81 - - [25/Oct/2014:03:17:02 -0700] "GET / HTTP/1.1" 200 22620 "http://cookingok.ru/yasitemap/" "Mozilla/4.0 (compatible; MSIE 5.01; Windows 95; MSIECrawler)" "saveaslave.com"
144.76.163.48 - - [25/Oct/2014:03:20:05 -0700] "GET /jordan HTTP/1.1" 404 89 "-" "Mozilla/5.0 (X11; Ubuntu; Linux armv7l; rv:17.0) Gecko/20100101 Firefox/17.0" "www.saveaslave.com"
66.249.65.86 - - [25/Oct/2014:03:29:55 -0700] "GET /yemen.html HTTP/1.1" 404 89 "-" "Mozilla/5.0 (compatible; Googlebot/2.1; +http://www.google.com/bot.html)" "saveaslave.com"
208.115.111.70 - - [25/Oct/2014:03:34:59 -0700] "GET /britishindianoceanterritory HTTP/1.1" 404 89 "-" "Mozilla/5.0 (compatible; DotBot/1.1; http://www.opensiteexplorer.org/dotbot, help@moz.com)" "www.saveaslave.com"
208.115.111.70 - - [25/Oct/2014:03:35:01 -0700] "GET /centralafricanrepublic.html HTTP/1.1" 404 89 "-" "Mozilla/5.0 (compatible; DotBot/1.1; http://www.opensiteexplorer.org/dotbot, help@moz.com)" "www.saveaslave.com"
208.115.111.70 - - [25/Oct/2014:03:35:02 -0700] "GET /saudiarabia.html HTTP/1.1" 404 89 "-" "Mozilla/5.0 (compatible; DotBot/1.1; http://www.opensiteexplorer.org/dotbot, help@moz.com)" "www.saveaslave.com"
208.115.111.70 - - [25/Oct/2014:03:35:02 -0700] "GET /tanzania.html HTTP/1.1" 404 89 "-" "Mozilla/5.0 (compatible; DotBot/1.1; http://www.opensiteexplorer.org/dotbot, help@moz.com)" "www.saveaslave.com"
208.115.113.86 - - [25/Oct/2014:03:53:16 -0700] "GET /robots.txt HTTP/1.1" 404 89 "-" "Mozilla/5.0 (compatible; DotBot/1.1; http://www.opensiteexplorer.org/dotbot, help@moz.com)" "saveaslave.com"
208.115.113.86 - - [25/Oct/2014:03:53:16 -0700] "GET /robots.txt HTTP/1.1" 404 89 "-" "Mozilla/5.0 (compatible; DotBot/1.1; http://www.opensiteexplorer.org/dotbot, help@moz.com)" "www.saveaslave.com"
66.249.65.90 - - [25/Oct/2014:04:19:49 -0700] "GET /tonga.html HTTP/1.1" 404 89 "-" "Mozilla/5.0 (compatible; Googlebot/2.1; +http://www.google.com/bot.html)" "saveaslave.com"
66.249.65.86 - - [25/Oct/2014:04:29:04 -0700] "GET /images/Saint_Pierre_region.gif HTTP/1.1" 404 89 "-" "Googlebot-Image/1.0" "saveaslave.com"
66.249.69.183 - - [25/Oct/2014:04:48:06 -0700] "GET /images/countrymap/australia.gif HTTP/1.1" 200 23448 "-" "Googlebot-Image/1.0" "www.saveaslave.com"
66.249.69.215 - - [25/Oct/2014:04:49:38 -0700] "GET /images/countrymap/australia-flag.gif HTTP/1.1" 200 2734 "-" "Googlebot-Image/1.0" "www.saveaslave.com"
81.144.138.34 - - [25/Oct/2014:04:49:41 -0700] "GET / HTTP/1.1" 200 22620 "-" "Wotbox/2.01 (+http://www.wotbox.com/bot/)" "saveaslave.com"
81.144.138.34 - - [25/Oct/2014:04:49:47 -0700] "GET /afghanistan.html HTTP/1.1" 200 5418 "-" "Wotbox/2.01 (+http://www.wotbox.com/bot/)" "saveaslave.com"
81.144.138.34 - - [25/Oct/2014:04:51:42 -0700] "GET /algeria.html HTTP/1.1" 200 5386 "-" "Wotbox/2.01 (+http://www.wotbox.com/bot/)" "saveaslave.com"
66.249.69.199 - - [25/Oct/2014:04:53:36 -0700] "GET /images/countrymap/burma.gif HTTP/1.1" 200 36285 "-" "Googlebot-Image/1.0" "www.saveaslave.com"
81.144.138.34 - - [25/Oct/2014:04:54:16 -0700] "GET /argentina.html HTTP/1.1" 200 5404 "-" "Wotbox/2.01 (+http://www.wotbox.com/bot/)" "saveaslave.com"
81.144.138.34 - - [25/Oct/2014:04:55:11 -0700] "GET /aruba.html HTTP/1.1" 200 14643 "-" "Wotbox/2.01 (+http://www.wotbox.com/bot/)" "saveaslave.com"
81.144.138.34 - - [25/Oct/2014:04:55:18 -0700] "GET /australia.html HTTP/1.1" 200 5404 "-" "Wotbox/2.01 (+http://www.wotbox.com/bot/)" "saveaslave.com"
81.144.138.34 - - [25/Oct/2014:04:56:12 -0700] "GET /austria.html HTTP/1.1" 200 5382 "-" "Wotbox/2.01 (+http://www.wotbox.com/bot/)" "saveaslave.com"
81.144.138.34 - - [25/Oct/2014:05:00:18 -0700] "GET /belize.html HTTP/1.1" 200 5390 "-" "Wotbox/2.01 (+http://www.wotbox.com/bot/)" "saveaslave.com"
183.60.244.20 - - [25/Oct/2014:05:11:23 -0700] "GET / HTTP/1.1" 200 22620 "-" "Mozilla/4.0 (compatible; MSIE 6.1; Windows NT)" "www.saveaslave.com"
65.36.241.77 - - [25/Oct/2014:05:11:55 -0700] "HEAD / HTTP/1.1" 200 0 "-" "InternetSeer.com" "www.saveaslave.com"
66.249.69.215 - - [25/Oct/2014:05:12:00 -0700] "GET /kuwait HTTP/1.1" 404 89 "-" "Mozilla/5.0 (compatible; Googlebot/2.1; +http://www.google.com/bot.html)" "www.saveaslave.com"
54.243.48.119 - - [25/Oct/2014:05:15:26 -0700] "GET /bahamas.html HTTP/1.1" 200 5387 "-" "Mozilla/5.0 (Windows; U; Windows NT 5.1; en-US; rv:1.9.2.8) Gecko/20100722 Firefox/3.6.8" "saveaslave.com"
199.21.99.206 - - [25/Oct/2014:05:33:02 -0700] "GET /cocoskeelingislands.html HTTP/1.1" 404 89 "-" "Mozilla/5.0 (compatible; YandexBot/3.0; +http://yandex.com/bots)" "saveaslave.com"
220.181.108.145 - - [25/Oct/2014:05:46:56 -0700] "GET /images/Swaziland_flag.gif HTTP/1.1" 404 89 "http://image.baidu.com/i?ct=503316480&z=0&tn=baiduimagedetail" "Baiduspider-image+(+http://www.baidu.com/search/spider.htm)" "www.saveaslave.com"
208.115.113.86 - - [25/Oct/2014:05:53:44 -0700] "GET /yemen HTTP/1.1" 404 89 "-" "Mozilla/5.0 (compatible; DotBot/1.1; http://www.opensiteexplorer.org/dotbot, help@moz.com)" "www.saveaslave.com"
208.115.113.86 - - [25/Oct/2014:05:53:45 -0700] "GET /sanmarino HTTP/1.1" 404 89 "-" "Mozilla/5.0 (compatible; DotBot/1.1; http://www.opensiteexplorer.org/dotbot, help@moz.com)" "saveaslave.com"
142.4.215.116 - - [25/Oct/2014:05:55:40 -0700] "GET /robots.txt HTTP/1.1" 404 89 "-" "Mozilla/5.0 (compatible; ca-crawler/1.0)" "saveaslave.com"
142.4.215.116 - - [25/Oct/2014:05:55:41 -0700] "GET / HTTP/1.1" 200 22620 "-" "Mozilla/5.0 (compatible; ca-crawler/1.0)" "saveaslave.com"
142.4.215.116 - - [25/Oct/2014:05:55:42 -0700] "GET /botswana.html HTTP/1.1" 200 5414 "-" "Mozilla/5.0 (compatible; ca-crawler/1.0)" "saveaslave.com"
142.4.215.116 - - [25/Oct/2014:05:55:49 -0700] "GET /benin.html HTTP/1.1" 200 5387 "-" "Mozilla/5.0 (compatible; ca-crawler/1.0)" "saveaslave.com"
142.4.215.116 - - [25/Oct/2014:05:55:50 -0700] "GET /argentina.html HTTP/1.1" 200 5404 "-" "Mozilla/5.0 (compatible; ca-crawler/1.0)" "saveaslave.com"
142.4.215.116 - - [25/Oct/2014:05:55:52 -0700] "GET /austria.html HTTP/1.1" 200 5382 "-" "Mozilla/5.0 (compatible; ca-crawler/1.0)" "saveaslave.com"
142.4.215.116 - - [25/Oct/2014:05:55:53 -0700] "GET /cape-verde.html HTTP/1.1" 200 5432 "-" "Mozilla/5.0 (compatible; ca-crawler/1.0)" "saveaslave.com"
142.4.215.116 - - [25/Oct/2014:05:55:54 -0700] "GET /azerbaijan.html HTTP/1.1" 200 5411 "-" "Mozilla/5.0 (compatible; ca-crawler/1.0)" "saveaslave.com"
142.4.215.116 - - [25/Oct/2014:05:55:55 -0700] "GET /bulgaria.html HTTP/1.1" 200 5414 "-" "Mozilla/5.0 (compatible; ca-crawler/1.0)" "saveaslave.com"
142.4.215.116 - - [25/Oct/2014:05:55:56 -0700] "GET /australia.html HTTP/1.1" 200 5404 "-" "Mozilla/5.0 (compatible; ca-crawler/1.0)" "saveaslave.com"
142.4.215.116 - - [25/Oct/2014:05:55:57 -0700] "GET /burundi.html HTTP/1.1" 200 5405 "-" "Mozilla/5.0 (compatible; ca-crawler/1.0)" "saveaslave.com"
142.4.215.116 - - [25/Oct/2014:05:55:59 -0700] "GET /finland.html HTTP/1.1" 200 6650 "-" "Mozilla/5.0 (compatible; ca-crawler/1.0)" "saveaslave.com"
142.4.215.116 - - [25/Oct/2014:05:56:00 -0700] "GET /afghanistan.html HTTP/1.1" 200 5418 "-" "Mozilla/5.0 (compatible; ca-crawler/1.0)" "saveaslave.com"
142.4.215.116 - - [25/Oct/2014:05:56:02 -0700] "GET /bosnia-herzegovina.html HTTP/1.1" 200 5517 "-" "Mozilla/5.0 (compatible; ca-crawler/1.0)" "saveaslave.com"
142.4.215.116 - - [25/Oct/2014:05:56:03 -0700] "GET /andorra.html HTTP/1.1" 200 5386 "-" "Mozilla/5.0 (compatible; ca-crawler/1.0)" "saveaslave.com"
142.4.215.116 - - [25/Oct/2014:05:56:05 -0700] "GET /bahrain.html HTTP/1.1" 200 5404 "-" "Mozilla/5.0 (compatible; ca-crawler/1.0)" "saveaslave.com"
142.4.215.116 - - [25/Oct/2014:05:56:07 -0700] "GET /antigua-and-barbuda.html HTTP/1.1" 200 5462 "-" "Mozilla/5.0 (compatible; ca-crawler/1.0)" "saveaslave.com"
142.4.215.116 - - [25/Oct/2014:05:56:08 -0700] "GET /bhutan.html HTTP/1.1" 200 5396 "-" "Mozilla/5.0 (compatible; ca-crawler/1.0)" "saveaslave.com"
142.4.215.116 - - [25/Oct/2014:05:56:17 -0700] "GET /burma.html HTTP/1.1" 200 5387 "-" "Mozilla/5.0 (compatible; ca-crawler/1.0)" "saveaslave.com"
148.251.1.45 - - [25/Oct/2014:06:19:45 -0700] "GET / HTTP/1.1" 200 22620 "-" "Mozilla/5.0 (Windows NT 6.1) AppleWebKit/536.11 (KHTML, like Gecko) Chrome/20.0.1132.47 Safari/536.11" "saveaslave.com"
66.249.69.183 - - [25/Oct/2014:06:42:37 -0700] "GET /calendar/default.html HTTP/1.1" 404 89 "-" "Mozilla/5.0 (compatible; Googlebot/2.1; +http://www.google.com/bot.html)" "www.saveaslave.com"
220.181.108.123 - - [25/Oct/2014:06:58:38 -0700] "GET /macau.html HTTP/1.1" 404 89 "-" "Mozilla/5.0 (compatible; Baiduspider/2.0; +http://www.baidu.com/search/spider.html)" "www.saveaslave.com"
66.249.69.106 - - [25/Oct/2014:07:03:09 -0700] "GET /zimbabwe.html HTTP/1.1" 404 89 "-" "Mozilla/5.0 (compatible; Googlebot/2.1; +http://www.google.com/bot.html)" "saveaslave.com"
157.55.39.95 - - [25/Oct/2014:07:12:04 -0700] "GET /robots.txt HTTP/1.1" 404 89 "-" "Mozilla/5.0 (compatible; bingbot/2.0; +http://www.bing.com/bingbot.htm)" "saveaslave.com"
157.55.39.50 - - [25/Oct/2014:07:12:05 -0700] "GET /robots.txt HTTP/1.1" 404 89 "-" "Mozilla/5.0 (compatible; bingbot/2.0; +http://www.bing.com/bingbot.htm)" "saveaslave.com"
157.55.39.61 - - [25/Oct/2014:07:12:15 -0700] "GET /images/countrymap/antigua-barbuda.jpg HTTP/1.1" 200 12945 "-" "Mozilla/5.0 (compatible; bingbot/2.0; +http://www.bing.com/bingbot.htm)" "saveaslave.com"
157.55.39.95 - - [25/Oct/2014:07:13:50 -0700] "GET /images/countrymap/antigua-barbuda-flag.gif HTTP/1.1" 200 1941 "-" "Mozilla/5.0 (compatible; bingbot/2.0; +http://www.bing.com/bingbot.htm)" "saveaslave.com"
157.55.39.95 - - [25/Oct/2014:07:13:50 -0700] "GET /images/countrymap/cape-verde-flag.jpg HTTP/1.1" 200 2700 "-" "Mozilla/5.0 (compatible; bingbot/2.0; +http://www.bing.com/bingbot.htm)" "saveaslave.com"
157.55.39.50 - - [25/Oct/2014:07:14:12 -0700] "GET /images/countrymap/cape-verde.jpg HTTP/1.1" 200 35607 "-" "Mozilla/5.0 (compatible; bingbot/2.0; +http://www.bing.com/bingbot.htm)" "saveaslave.com"
71.173.145.58 - - [25/Oct/2014:07:25:16 -0700] "GET / HTTP/1.0" 200 22620 "http://saveaslave.com/" "Mozilla/5.0 (Windows NT 5.1; rv:31.0) Gecko/20100101 Firefox/31.0" "saveaslave.com"
78.46.94.23 - - [25/Oct/2014:07:25:50 -0700] "GET /robots.txt HTTP/1.0" 404 73 "-" "Mozilla/5.0 (compatible; MJ12bot/v1.4.5; http://www.majestic12.co.uk/bot.php?+)" "www.saveaslave.com"
78.46.94.23 - - [25/Oct/2014:07:25:58 -0700] "GET /alandislands HTTP/1.0" 404 73 "-" "Mozilla/5.0 (compatible; MJ12bot/v1.4.5; http://www.majestic12.co.uk/bot.php?+)" "www.saveaslave.com"
208.115.111.70 - - [25/Oct/2014:07:39:40 -0700] "GET /austria HTTP/1.1" 200 5382 "-" "Mozilla/5.0 (compatible; DotBot/1.1; http://www.opensiteexplorer.org/dotbot, help@moz.com)" "www.saveaslave.com"
208.115.111.70 - - [25/Oct/2014:07:39:40 -0700] "GET /centralafricanrepublic HTTP/1.1" 404 89 "-" "Mozilla/5.0 (compatible; DotBot/1.1; http://www.opensiteexplorer.org/dotbot, help@moz.com)" "www.saveaslave.com"
208.115.111.70 - - [25/Oct/2014:07:39:41 -0700] "GET /seychelles HTTP/1.1" 404 89 "-" "Mozilla/5.0 (compatible; DotBot/1.1; http://www.opensiteexplorer.org/dotbot, help@moz.com)" "www.saveaslave.com"
208.115.111.70 - - [25/Oct/2014:07:39:41 -0700] "GET /ethiopia.html HTTP/1.1" 404 89 "-" "Mozilla/5.0 (compatible; DotBot/1.1; http://www.opensiteexplorer.org/dotbot, help@moz.com)" "saveaslave.com"
208.115.111.70 - - [25/Oct/2014:07:39:41 -0700] "GET /faroeislands HTTP/1.1" 404 89 "-" "Mozilla/5.0 (compatible; DotBot/1.1; http://www.opensiteexplorer.org/dotbot, help@moz.com)" "saveaslave.com"
208.115.111.70 - - [25/Oct/2014:07:39:41 -0700] "GET /norfolkisland HTTP/1.1" 404 89 "-" "Mozilla/5.0 (compatible; DotBot/1.1; http://www.opensiteexplorer.org/dotbot, help@moz.com)" "saveaslave.com"
82.193.99.33 - - [25/Oct/2014:08:11:07 -0700] "GET / HTTP/1.1" 200 22620 "http://arskat.ru/" "Mozilla/4.0 (compatible; MSIE 6.0; Windows NT 5.1; .NET CLR 1.0.3705)" "saveaslave.com"
195.211.155.253 - - [25/Oct/2014:08:40:11 -0700] "GET /site/?p=34 HTTP/1.1" 404 89 "-" "Mozilla/4.0 (compatible; MSIE 6.0; Windows NT 5.1; SV1; Mozilla/4.0 (compatible; MSIE 6.0; Windows NT 5.1; SV1) )" "saveaslave.com"
66.249.69.90 - - [25/Oct/2014:08:46:50 -0700] "GET /mayotte.html HTTP/1.1" 404 89 "-" "Mozilla/5.0 (compatible; Googlebot/2.1; +http://www.google.com/bot.html)" "saveaslave.com"
207.46.13.29 - - [25/Oct/2014:08:52:28 -0700] "GET /images/Slovenia_map.gif HTTP/1.1" 404 89 "-" "Mozilla/5.0 (compatible; bingbot/2.0; +http://www.bing.com/bingbot.htm)" "www.saveaslave.com"
46.28.68.151 - - [25/Oct/2014:09:15:54 -0700] "GET / HTTP/1.1" 200 22620 "-" "-" "saveaslave.com"
46.28.68.151 - - [25/Oct/2014:09:15:55 -0700] "GET /xmlrpc.php HTTP/1.1" 200 73 "-" "-" "saveaslave.com"
65.36.241.77 - - [25/Oct/2014:09:21:08 -0700] "HEAD / HTTP/1.1" 200 0 "-" "InternetSeer.com" "www.saveaslave.com"
208.115.111.70 - - [25/Oct/2014:09:43:44 -0700] "GET /robots.txt HTTP/1.1" 404 89 "-" "Mozilla/5.0 (compatible; DotBot/1.1; http://www.opensiteexplorer.org/dotbot, help@moz.com)" "www.saveaslave.com"
66.249.69.215 - - [25/Oct/2014:09:44:37 -0700] "GET /ethiopia HTTP/1.1" 404 89 "-" "Mozilla/5.0 (compatible; Googlebot/2.1; +http://www.google.com/bot.html)" "www.saveaslave.com"
66.249.69.122 - - [25/Oct/2014:09:47:00 -0700] "GET /ethiopia HTTP/1.1" 404 89 "-" "Mozilla/5.0 (compatible; Googlebot/2.1; +http://www.google.com/bot.html)" "saveaslave.com"
66.249.69.199 - - [25/Oct/2014:09:48:12 -0700] "GET /bouvet_island.html HTTP/1.1" 404 89 "-" "Mozilla/5.0 (compatible; Googlebot/2.1; +http://www.google.com/bot.html)" "www.saveaslave.com"
66.249.69.90 - - [25/Oct/2014:09:57:29 -0700] "GET /bouvet_island HTTP/1.1" 404 89 "-" "Mozilla/5.0 (compatible; Googlebot/2.1; +http://www.google.com/bot.html)" "saveaslave.com"
180.76.5.72 - - [25/Oct/2014:09:58:07 -0700] "GET /vanuatu HTTP/1.1" 404 89 "-" "Mozilla/5.0 (compatible; Baiduspider/2.0; +http://www.baidu.com/search/spider.html)" "www.saveaslave.com"
180.76.5.155 - - [25/Oct/2014:10:13:07 -0700] "GET /bolivia.html HTTP/1.1" 200 5400 "-" "Mozilla/5.0 (compatible; Baiduspider/2.0; +http://www.baidu.com/search/spider.html)" "www.saveaslave.com"
46.118.159.178 - - [25/Oct/2014:10:14:30 -0700] "GET / HTTP/1.1" 200 22620 "http://www.mastercash.co.il/" "Mozilla/4.0 (compatible; MSIE 5.5; Windows 95; BCD2000)" "saveaslave.com"
178.137.94.81 - - [25/Oct/2014:10:18:51 -0700] "GET / HTTP/1.1" 200 22620 "http://sdelai-prosto.ru/" "Mozilla/4.0 (compatible; MSIE 5.5; Windows NT 4.0)" "saveaslave.com"
193.43.252.252 - - [25/Oct/2014:10:21:35 -0700] "GET / HTTP/1.0" 200 22620 "http://getdownload.ws" "Mozilla/5.1 (compatible; DBot/7.0; +http://getdownload.ws)" "saveaslave.com"
193.43.252.252 - - [25/Oct/2014:10:21:35 -0700] "GET / HTTP/1.0" 200 22620 "http://getdownload.ws" "Mozilla/5.1 (compatible; DBot/7.0; +http://getdownload.ws)" "saveaslave.com"
65.36.241.77 - - [25/Oct/2014:10:23:44 -0700] "HEAD / HTTP/1.1" 200 0 "-" "InternetSeer.com" "www.saveaslave.com"
65.36.241.79 - - [25/Oct/2014:10:26:30 -0700] "HEAD /?tpl=references&Itemid=3 HTTP/1.1" 200 0 "-" "InternetSeer.com" "www.saveaslave.com"
180.76.5.188 - - [25/Oct/2014:11:07:42 -0700] "GET /andorra HTTP/1.1" 200 5386 "-" "Mozilla/5.0 (compatible; Baiduspider/2.0; +http://www.baidu.com/search/spider.html)" "www.saveaslave.com"
66.249.69.199 - - [25/Oct/2014:11:13:07 -0700] "GET /monaco.html HTTP/1.1" 404 89 "-" "Mozilla/5.0 (compatible; Googlebot/2.1; +http://www.google.com/bot.html)" "www.saveaslave.com"
85.60.66.29 - - [25/Oct/2014:11:26:10 -0700] "GET /images/Mauritania_map.gif HTTP/1.1" 404 89 "-" "Mozilla/5.0 (Linux; U; Android 4.1.2; es-es; ST26i Build/11.2.A.0.31) AppleWebKit/534.30 (KHTML, like Gecko) Version/4.0 Mobile Safari/534.30 GSA/3.6.14.1337016.arm" "www.saveaslave.com"
208.115.111.70 - - [25/Oct/2014:11:30:09 -0700] "GET /argentina.html HTTP/1.1" 200 5404 "-" "Mozilla/5.0 (compatible; DotBot/1.1; http://www.opensiteexplorer.org/dotbot, help@moz.com)" "saveaslave.com"
208.115.111.70 - - [25/Oct/2014:11:30:10 -0700] "GET /nauru HTTP/1.1" 404 89 "-" "Mozilla/5.0 (compatible; DotBot/1.1; http://www.opensiteexplorer.org/dotbot, help@moz.com)" "saveaslave.com"
208.115.111.70 - - [25/Oct/2014:11:30:10 -0700] "GET /puertorico.html HTTP/1.1" 404 89 "-" "Mozilla/5.0 (compatible; DotBot/1.1; http://www.opensiteexplorer.org/dotbot, help@moz.com)" "www.saveaslave.com"
31.132.248.4 - - [25/Oct/2014:11:30:39 -0700] "GET /site/?feed=rss HTTP/1.1" 404 89 "-" "-" "saveaslave.com"
66.249.69.106 - - [25/Oct/2014:12:12:38 -0700] "GET /nauru.html HTTP/1.1" 404 89 "-" "Mozilla/5.0 (compatible; Googlebot/2.1; +http://www.google.com/bot.html)" "saveaslave.com"
199.21.99.206 - - [25/Oct/2014:12:13:48 -0700] "GET /images/Marshall_map.gif HTTP/1.1" 404 89 "-" "Mozilla/5.0 (compatible; YandexBot/3.0; +http://yandex.com/bots)" "saveaslave.com"
182.118.21.247 - - [25/Oct/2014:12:19:32 -0700] "GET / HTTP/1.1" 200 22620 "http://www.saveaslave.com/" "Mozilla/5.0 (compatible; MSIE 9.0; Windows NT 6.1; Trident/5.0); 360Spider" "www.saveaslave.com"
46.118.127.103 - - [25/Oct/2014:12:23:10 -0700] "GET / HTTP/1.0" 200 22620 "http://www.saveaslave.com/" "Mozilla/5.0 (Windows NT 6.1; WOW64) AppleWebKit/537.36 (KHTML, like Gecko) Chrome/35.0.1916.153 YaBrowser/14.7.1916.15705 Safari/537.36" "www.saveaslave.com"
66.249.69.122 - - [25/Oct/2014:12:27:16 -0700] "GET /nauru HTTP/1.1" 404 89 "-" "Mozilla/5.0 (compatible; Googlebot/2.1; +http://www.google.com/bot.html)" "saveaslave.com"
61.135.189.175 - - [25/Oct/2014:12:29:44 -0700] "GET /robots.txt HTTP/1.1" 404 89 "-" "Sogou web spider/4.0(+http://www.sogou.com/docs/help/webmasters.htm#07)" "saveaslave.com"
61.135.189.175 - - [25/Oct/2014:12:31:28 -0700] "GET /site/?cat=127 HTTP/1.1" 404 89 "-" "Sogou web spider/4.0(+http://www.sogou.com/docs/help/webmasters.htm#07)" "saveaslave.com"
61.135.189.175 - - [25/Oct/2014:12:34:02 -0700] "GET /site/?cat=204 HTTP/1.1" 404 89 "-" "Sogou web spider/4.0(+http://www.sogou.com/docs/help/webmasters.htm#07)" "saveaslave.com"
177.45.217.10 - - [25/Oct/2014:12:58:52 -0700] "GET / HTTP/1.1" 200 22620 "http://semalt.semalt.com/crawler.php?u=http://saveaslave.com" "Mozilla/5.0 (Windows NT 6.1; WOW64) AppleWebKit/537.36 (KHTML, like Gecko) Chrome/35.0.1916.153 Safari/537.36" "saveaslave.com"
54.243.48.119 - - [25/Oct/2014:12:59:25 -0700] "GET /nauru.html HTTP/1.1" 404 89 "-" "Mozilla/5.0 (Windows; U; Windows NT 5.1; en-US; rv:1.9.2.8) Gecko/20100722 Firefox/3.6.8" "saveaslave.com"
180.76.6.17 - - [25/Oct/2014:13:18:09 -0700] "GET /burkina-faso.html HTTP/1.1" 200 5450 "-" "Mozilla/5.0 (compatible; Baiduspider/2.0; +http://www.baidu.com/search/spider.html)" "www.saveaslave.com"
65.36.241.77 - - [25/Oct/2014:13:28:55 -0700] "HEAD / HTTP/1.1" 200 0 "-" "InternetSeer.com" "www.saveaslave.com"
134.249.76.28 - - [25/Oct/2014:13:29:51 -0700] "GET / HTTP/1.1" 200 22620 "http://vita-power.ru/" "Mozilla/4.0 (compatible; MSIE 6.0; AOL 9.0; Windows NT 5.1)" "saveaslave.com"
134.249.76.28 - - [25/Oct/2014:13:29:52 -0700] "GET / HTTP/1.1" 200 22620 "http://vita-power.ru/" "Mozilla/4.0 (compatible; MSIE 6.0; AOL 9.0; Windows NT 5.1)" "saveaslave.com"
180.76.5.151 - - [25/Oct/2014:13:48:13 -0700] "GET /mauritius HTTP/1.1" 404 89 "-" "Mozilla/5.0 (compatible; Baiduspider/2.0; +http://www.baidu.com/search/spider.html)" "www.saveaslave.com"
208.115.113.86 - - [25/Oct/2014:13:48:24 -0700] "GET /cookislands.html HTTP/1.1" 404 89 "-" "Mozilla/5.0 (compatible; DotBot/1.1; http://www.opensiteexplorer.org/dotbot, help@moz.com)" "www.saveaslave.com"
208.115.113.86 - - [25/Oct/2014:13:48:25 -0700] "GET /guatemala HTTP/1.1" 404 89 "-" "Mozilla/5.0 (compatible; DotBot/1.1; http://www.opensiteexplorer.org/dotbot, help@moz.com)" "www.saveaslave.com"
208.115.113.86 - - [25/Oct/2014:13:48:25 -0700] "GET /malta HTTP/1.1" 404 89 "-" "Mozilla/5.0 (compatible; DotBot/1.1; http://www.opensiteexplorer.org/dotbot, help@moz.com)" "www.saveaslave.com"
208.115.113.86 - - [25/Oct/2014:13:48:25 -0700] "GET /namibia HTTP/1.1" 404 89 "-" "Mozilla/5.0 (compatible; DotBot/1.1; http://www.opensiteexplorer.org/dotbot, help@moz.com)" "www.saveaslave.com"
208.115.113.86 - - [25/Oct/2014:13:48:26 -0700] "GET /vatican HTTP/1.1" 404 89 "-" "Mozilla/5.0 (compatible; DotBot/1.1; http://www.opensiteexplorer.org/dotbot, help@moz.com)" "www.saveaslave.com"
208.115.113.86 - - [25/Oct/2014:13:48:26 -0700] "GET /information_links/default.html HTTP/1.1" 404 89 "-" "Mozilla/5.0 (compatible; DotBot/1.1; http://www.opensiteexplorer.org/dotbot, help@moz.com)" "saveaslave.com"
208.115.113.86 - - [25/Oct/2014:13:48:27 -0700] "GET /westernsahara.html HTTP/1.1" 404 89 "-" "Mozilla/5.0 (compatible; DotBot/1.1; http://www.opensiteexplorer.org/dotbot, help@moz.com)" "saveaslave.com"
66.249.69.90 - - [25/Oct/2014:13:54:55 -0700] "GET /uzbekistan.html HTTP/1.1" 404 89 "-" "Mozilla/5.0 (compatible; Googlebot/2.1; +http://www.google.com/bot.html)" "saveaslave.com"
207.46.13.29 - - [25/Oct/2014:14:27:14 -0700] "GET /images/Lesotho_map.gif HTTP/1.1" 404 89 "-" "Mozilla/5.0 (compatible; bingbot/2.0; +http://www.bing.com/bingbot.htm)" "www.saveaslave.com"
157.55.39.61 - - [25/Oct/2014:14:27:44 -0700] "GET /images/Lesotho_flag.gif HTTP/1.1" 404 89 "-" "Mozilla/5.0 (compatible; bingbot/2.0; +http://www.bing.com/bingbot.htm)" "www.saveaslave.com"
66.249.69.199 - - [25/Oct/2014:14:30:35 -0700] "GET /montserrat HTTP/1.1" 404 89 "-" "Mozilla/5.0 (compatible; Googlebot/2.1; +http://www.google.com/bot.html)" "www.saveaslave.com"
66.249.69.106 - - [25/Oct/2014:14:33:57 -0700] "GET /montserrat.html HTTP/1.1" 404 89 "-" "Mozilla/5.0 (compatible; Googlebot/2.1; +http://www.google.com/bot.html)" "saveaslave.com"
59.58.151.110 - - [25/Oct/2014:14:36:27 -0700] "GET /site/?p=60 HTTP/1.1" 404 89 "-" "Mozilla/4.0 (compatible; MSIE 6.0; Windows NT 5.1; SV1)" "saveaslave.com"
59.58.151.110 - - [25/Oct/2014:14:37:35 -0700] "GET /site/?p=60/ HTTP/1.1" 404 89 "-" "Mozilla/4.0 (compatible; MSIE 6.0; Windows NT 5.1)" "saveaslave.com"
59.58.151.110 - - [25/Oct/2014:14:38:42 -0700] "GET /site/?page_id=28 HTTP/1.1" 404 89 "-" "Mozilla/4.0 (compatible; MSIE 6.0; Windows NT 5.1; SV1; Mozilla/4.0 (compatible; MSIE 6.0; Windows NT 5.1; SV1) ; .NET CLR 1.0.3705)" "saveaslave.com"
59.58.151.110 - - [25/Oct/2014:14:39:28 -0700] "GET /site/?p=34 HTTP/1.1" 404 89 "-" "Mozilla/4.0 (compatible; MSIE 6.0; Windows NT 5.1; SV1)" "saveaslave.com"
59.58.151.110 - - [25/Oct/2014:14:39:28 -0700] "GET /site/?p=52 HTTP/1.1" 404 89 "-" "Mozilla/4.0 (compatible; MSIE 6.0; Windows NT 5.1; SV1; Mozilla/4.0 (compatible; MSIE 6.0; Windows NT 5.1; SV1) ; .NET CLR 2.0.50727 ; .NET CLR 4.0.30319)" "saveaslave.com"
66.249.69.183 - - [25/Oct/2014:14:41:59 -0700] "GET /kazakhstan HTTP/1.1" 404 89 "-" "Mozilla/5.0 (compatible; Googlebot/2.1; +http://www.google.com/bot.html)" "www.saveaslave.com"
220.181.108.111 - - [25/Oct/2014:14:44:15 -0700] "GET /bhutan.html HTTP/1.1" 200 5396 "-" "Mozilla/5.0 (compatible; Baiduspider/2.0; +http://www.baidu.com/search/spider.html)" "www.saveaslave.com"
220.181.108.169 - - [25/Oct/2014:14:44:17 -0700] "GET /css/style.css HTTP/1.1" 200 600 "http://www.saveaslave.com/bhutan.html" "Mozilla/5.0 (compatible; Baiduspider/2.0; +http://www.baidu.com/search/spider.html)" "www.saveaslave.com"
66.249.69.90 - - [25/Oct/2014:14:46:46 -0700] "GET /kazakhstan.html HTTP/1.1" 404 89 "-" "Mozilla/5.0 (compatible; Googlebot/2.1; +http://www.google.com/bot.html)" "saveaslave.com"
220.181.108.145 - - [25/Oct/2014:15:13:36 -0700] "GET /css/style.css HTTP/1.1" 200 600 "http://www.saveaslave.com/afghanistan.html" "Mozilla/5.0 (compatible; Baiduspider/2.0; +http://www.baidu.com/search/spider.html)" "www.saveaslave.com"
66.249.69.90 - - [25/Oct/2014:15:28:04 -0700] "GET /under_construction.html HTTP/1.1" 404 89 "-" "Mozilla/5.0 (compatible; Googlebot/2.1; +http://www.google.com/bot.html)" "saveaslave.com"
208.115.111.70 - - [25/Oct/2014:15:29:13 -0700] "GET /canada.html HTTP/1.1" 200 5396 "-" "Mozilla/5.0 (compatible; DotBot/1.1; http://www.opensiteexplorer.org/dotbot, help@moz.com)" "www.saveaslave.com"
208.115.111.70 - - [25/Oct/2014:15:29:16 -0700] "GET /ukraine.html HTTP/1.1" 404 89 "-" "Mozilla/5.0 (compatible; DotBot/1.1; http://www.opensiteexplorer.org/dotbot, help@moz.com)" "www.saveaslave.com"
65.36.241.77 - - [25/Oct/2014:15:32:18 -0700] "HEAD / HTTP/1.1" 200 0 "-" "InternetSeer.com" "www.saveaslave.com"
180.76.5.169 - - [25/Oct/2014:15:43:01 -0700] "GET /tokelau HTTP/1.1" 404 89 "-" "Mozilla/5.0 (compatible; Baiduspider/2.0; +http://www.baidu.com/search/spider.html)" "www.saveaslave.com"
66.249.69.106 - - [25/Oct/2014:15:47:12 -0700] "GET /senegal.html HTTP/1.1" 404 89 "-" "Mozilla/5.0 (compatible; Googlebot/2.1; +http://www.google.com/bot.html)" "saveaslave.com"
88.198.160.59 - - [25/Oct/2014:15:48:15 -0700] "GET /faq/donate.html HTTP/1.1" 404 89 "-" "Mozilla/5.0 (compatible; XoviBot/2.0; +http://www.xovibot.net/)" "www.saveaslave.com"
208.115.113.86 - - [25/Oct/2014:15:49:43 -0700] "GET /robots.txt HTTP/1.1" 404 89 "-" "Mozilla/5.0 (compatible; DotBot/1.1; http://www.opensiteexplorer.org/dotbot, help@moz.com)" "www.saveaslave.com"
46.118.159.178 - - [25/Oct/2014:16:19:28 -0700] "GET / HTTP/1.1" 200 22620 "http://prorok.pw/" "Mozilla/4.0 (compatible; MSIE 6.0; Windows NT 5.1; .NET CLR 1.1.4322; FDM)" "saveaslave.com"
72.168.96.124 - - [25/Oct/2014:16:20:41 -0700] "GET /images/header.png HTTP/1.1" 200 84658 "http://saveaslave.com/" "Mozilla/5.0 (iPad; CPU OS 8_1 like Mac OS X) AppleWebKit/600.1.4 (KHTML, like Gecko) Version/8.0 Mobile/12B410 Safari/600.1.4" "saveaslave.com"
66.249.69.199 - - [25/Oct/2014:16:29:54 -0700] "GET /antigua HTTP/1.1" 404 89 "-" "Mozilla/5.0 (compatible; Googlebot/2.1; +http://www.google.com/bot.html)" "www.saveaslave.com"
66.249.69.90 - - [25/Oct/2014:17:02:40 -0700] "GET /robots.txt HTTP/1.1" 404 89 "-" "Mozilla/5.0 (compatible; Googlebot/2.1; +http://www.google.com/bot.html)" "saveaslave.com"
66.249.69.90 - - [25/Oct/2014:17:12:07 -0700] "GET /antigua.html HTTP/1.1" 404 89 "-" "Mozilla/5.0 (compatible; Googlebot/2.1; +http://www.google.com/bot.html)" "saveaslave.com"
176.9.25.25 - - [25/Oct/2014:17:12:20 -0700] "GET /robots.txt HTTP/1.0" 404 73 "-" "Mozilla/5.0 (Macintosh; Intel Mac OS X 10_8_5) AppleWebKit/537.36 (KHTML, like Gecko) Chrome/32.0.1700.77 Safari/537.36" "saveaslave.com"
66.249.69.122 - - [25/Oct/2014:17:26:36 -0700] "GET /israel.html HTTP/1.1" 404 89 "-" "Mozilla/5.0 (compatible; Googlebot/2.1; +http://www.google.com/bot.html)" "saveaslave.com"
66.249.69.90 - - [25/Oct/2014:17:32:14 -0700] "GET /israel HTTP/1.1" 404 89 "-" "Mozilla/5.0 (compatible; Googlebot/2.1; +http://www.google.com/bot.html)" "saveaslave.com"
66.249.69.183 - - [25/Oct/2014:17:41:36 -0700] "GET /United_Kingdom.html HTTP/1.1" 404 89 "-" "Mozilla/5.0 (compatible; Googlebot/2.1; +http://www.google.com/bot.html)" "www.saveaslave.com"
208.115.111.70 - - [25/Oct/2014:17:43:45 -0700] "GET /robots.txt HTTP/1.1" 404 89 "-" "Mozilla/5.0 (compatible; DotBot/1.1; http://www.opensiteexplorer.org/dotbot, help@moz.com)" "www.saveaslave.com"
208.115.111.70 - - [25/Oct/2014:17:43:45 -0700] "GET /robots.txt HTTP/1.1" 404 89 "-" "Mozilla/5.0 (compatible; DotBot/1.1; http://www.opensiteexplorer.org/dotbot, help@moz.com)" "saveaslave.com"
65.36.241.77 - - [25/Oct/2014:17:44:50 -0700] "HEAD / HTTP/1.1" 200 0 "-" "InternetSeer.com" "www.saveaslave.com"
208.115.113.86 - - [25/Oct/2014:17:46:40 -0700] "GET /switzerland.html HTTP/1.1" 404 89 "-" "Mozilla/5.0 (compatible; DotBot/1.1; http://www.opensiteexplorer.org/dotbot, help@moz.com)" "www.saveaslave.com"
208.115.113.86 - - [25/Oct/2014:17:46:40 -0700] "GET /uganda HTTP/1.1" 404 89 "-" "Mozilla/5.0 (compatible; DotBot/1.1; http://www.opensiteexplorer.org/dotbot, help@moz.com)" "www.saveaslave.com"
208.115.113.86 - - [25/Oct/2014:17:46:41 -0700] "GET /bolivia.html HTTP/1.1" 200 5400 "-" "Mozilla/5.0 (compatible; DotBot/1.1; http://www.opensiteexplorer.org/dotbot, help@moz.com)" "saveaslave.com"
208.115.113.86 - - [25/Oct/2014:17:46:41 -0700] "GET /dominica HTTP/1.1" 404 89 "-" "Mozilla/5.0 (compatible; DotBot/1.1; http://www.opensiteexplorer.org/dotbot, help@moz.com)" "saveaslave.com"
208.115.113.86 - - [25/Oct/2014:17:46:41 -0700] "GET /germany HTTP/1.1" 404 89 "-" "Mozilla/5.0 (compatible; DotBot/1.1; http://www.opensiteexplorer.org/dotbot, help@moz.com)" "saveaslave.com"
208.115.113.86 - - [25/Oct/2014:17:46:41 -0700] "GET /honduras HTTP/1.1" 404 89 "-" "Mozilla/5.0 (compatible; DotBot/1.1; http://www.opensiteexplorer.org/dotbot, help@moz.com)" "saveaslave.com"
208.115.113.86 - - [25/Oct/2014:17:46:41 -0700] "GET /malta HTTP/1.1" 404 89 "-" "Mozilla/5.0 (compatible; DotBot/1.1; http://www.opensiteexplorer.org/dotbot, help@moz.com)" "saveaslave.com"
208.115.113.86 - - [25/Oct/2014:17:46:42 -0700] "GET /cuba HTTP/1.1" 404 89 "-" "Mozilla/5.0 (compatible; DotBot/1.1; http://www.opensiteexplorer.org/dotbot, help@moz.com)" "www.saveaslave.com"
208.115.113.86 - - [25/Oct/2014:17:46:42 -0700] "GET /jordan HTTP/1.1" 404 89 "-" "Mozilla/5.0 (compatible; DotBot/1.1; http://www.opensiteexplorer.org/dotbot, help@moz.com)" "www.saveaslave.com"
66.249.69.215 - - [25/Oct/2014:18:01:37 -0700] "GET /israel HTTP/1.1" 404 89 "-" "Mozilla/5.0 (compatible; Googlebot/2.1; +http://www.google.com/bot.html)" "www.saveaslave.com"
178.137.94.81 - - [25/Oct/2014:18:29:14 -0700] "GET / HTTP/1.1" 200 22620 "http://avtoonline.info/" "Mozilla/4.0 (compatible; MSIE 5.0; Windows 95) Opera 6.01  [en]" "saveaslave.com"
178.137.94.81 - - [25/Oct/2014:18:29:14 -0700] "GET / HTTP/1.1" 200 22620 "http://avtoonline.info/" "Mozilla/4.0 (compatible; MSIE 5.0; Windows 95) Opera 6.01  [en]" "saveaslave.com"
220.181.108.101 - - [25/Oct/2014:19:01:53 -0700] "GET / HTTP/1.1" 200 22620 "-" "Mozilla/5.0 (compatible; Baiduspider/2.0; +http://www.baidu.com/search/spider.html)" "saveaslave.com"
208.115.111.70 - - [25/Oct/2014:19:30:55 -0700] "GET /liberia HTTP/1.1" 404 89 "-" "Mozilla/5.0 (compatible; DotBot/1.1; http://www.opensiteexplorer.org/dotbot, help@moz.com)" "saveaslave.com"
208.115.111.70 - - [25/Oct/2014:19:30:55 -0700] "GET /vietnam.html HTTP/1.1" 404 89 "-" "Mozilla/5.0 (compatible; DotBot/1.1; http://www.opensiteexplorer.org/dotbot, help@moz.com)" "saveaslave.com"
72.168.96.124 - - [25/Oct/2014:19:37:05 -0700] "GET / HTTP/1.1" 200 22620 "http://r.search.yahoo.com/_ylt=A0SO8xk9XkxUQSkAPeHBGOd_;_ylu=X3oDMTE0YmV1NTdtBHNlYwNzcgRwb3MDMQRjb2xvA2dxMQR2dGlkA1RBVVMwNTBfMQ--/RV=2/RE=1414319806/RO=10/RU=http%3a%2f%2fsaveaslave.com%2f/RK=0/RS=d_adMMeO4cY8wskmq4XaMY_D058-" "Mozilla/5.0 (iPad; CPU OS 8_1 like Mac OS X) AppleWebKit/600.1.4 (KHTML, like Gecko) Version/8.0 Mobile/12B410 Safari/600.1.4" "saveaslave.com"
72.168.96.124 - - [25/Oct/2014:19:37:05 -0700] "GET / HTTP/1.1" 200 22620 "http://r.search.yahoo.com/_ylt=A0SO8xk9XkxUQSkAPeHBGOd_;_ylu=X3oDMTE0YmV1NTdtBHNlYwNzcgRwb3MDMQRjb2xvA2dxMQR2dGlkA1RBVVMwNTBfMQ--/RV=2/RE=1414319806/RO=10/RU=http%3a%2f%2fsaveaslave.com%2f/RK=0/RS=d_adMMeO4cY8wskmq4XaMY_D058-" "Mozilla/5.0 (iPad; CPU OS 8_1 like Mac OS X) AppleWebKit/600.1.4 (KHTML, like Gecko) Version/8.0 Mobile/12B410 Safari/600.1.4" "saveaslave.com"
72.168.96.124 - - [25/Oct/2014:19:37:06 -0700] "GET /images/header.png HTTP/1.1" 200 84658 "http://saveaslave.com/" "Mozilla/5.0 (iPad; CPU OS 8_1 like Mac OS X) AppleWebKit/600.1.4 (KHTML, like Gecko) Version/8.0 Mobile/12B410 Safari/600.1.4" "saveaslave.com"
72.168.96.124 - - [25/Oct/2014:19:37:06 -0700] "GET /images/slaves.jpg HTTP/1.1" 200 64009 "http://saveaslave.com/" "Mozilla/5.0 (iPad; CPU OS 8_1 like Mac OS X) AppleWebKit/600.1.4 (KHTML, like Gecko) Version/8.0 Mobile/12B410 Safari/600.1.4" "saveaslave.com"
72.168.96.124 - - [25/Oct/2014:19:37:18 -0700] "GET /css/style.css HTTP/1.1" 200 600 "http://saveaslave.com/" "Mozilla/5.0 (iPad; CPU OS 8_1 like Mac OS X) AppleWebKit/600.1.4 (KHTML, like Gecko) Version/8.0 Mobile/12B410 Safari/600.1.4" "saveaslave.com"
72.168.96.124 - - [25/Oct/2014:19:37:18 -0700] "GET /images/header.png HTTP/1.1" 200 65536 "http://saveaslave.com/" "Mozilla/5.0 (iPad; CPU OS 8_1 like Mac OS X) AppleWebKit/600.1.4 (KHTML, like Gecko) Version/8.0 Mobile/12B410 Safari/600.1.4" "saveaslave.com"
72.168.96.124 - - [25/Oct/2014:19:37:18 -0700] "GET /images/slaves.jpg HTTP/1.1" 200 64009 "http://saveaslave.com/" "Mozilla/5.0 (iPad; CPU OS 8_1 like Mac OS X) AppleWebKit/600.1.4 (KHTML, like Gecko) Version/8.0 Mobile/12B410 Safari/600.1.4" "saveaslave.com"
134.249.49.191 - - [25/Oct/2014:20:04:23 -0700] "GET / HTTP/1.1" 200 22620 "http://prezentacii-edu.ru/" "Mozilla/4.0 (compatible; MSIE 6.0; Windows NT 5.1; SV1)" "saveaslave.com"
54.243.48.119 - - [25/Oct/2014:20:11:27 -0700] "GET /Immergration.html HTTP/1.1" 404 89 "-" "Mozilla/5.0 (Windows; U; Windows NT 5.1; en-US; rv:1.9.2.8) Gecko/20100722 Firefox/3.6.8" "saveaslave.com"
110.85.83.81 - - [25/Oct/2014:20:26:19 -0700] "GET /site/?p=56 HTTP/1.1" 404 89 "-" "Mozilla/4.0 (compatible; MSIE 6.0; Windows NT 5.1; SV1; TencentTraveler ; Mozilla/4.0 (compatible; MSIE 6.0; Windows NT 5.1; SV1) ; .NET CLR 2.0.50727)" "saveaslave.com"
199.15.233.177 - - [25/Oct/2014:20:31:54 -0700] "GET /site/?page_id=28 HTTP/1.0" 404 73 "http://saveaslave.com/site/?page_id=28" "Mozilla/5.0 (Windows NT 6.1; WOW64; rv:31.0) Gecko/20100101 Firefox/31.0" "saveaslave.com"
54.243.48.119 - - [25/Oct/2014:20:33:19 -0700] "GET /croatia HTTP/1.1" 404 89 "-" "Mozilla/5.0 (Windows; U; Windows NT 5.1; en-US; rv:1.9.2.8) Gecko/20100722 Firefox/3.6.8" "saveaslave.com"
65.36.241.77 - - [25/Oct/2014:20:49:17 -0700] "HEAD / HTTP/1.1" 200 0 "-" "InternetSeer.com" "www.saveaslave.com"
66.249.69.183 - - [25/Oct/2014:20:52:50 -0700] "GET /grenada HTTP/1.1" 404 89 "-" "Mozilla/5.0 (compatible; Googlebot/2.1; +http://www.google.com/bot.html)" "www.saveaslave.com"
54.243.48.119 - - [25/Oct/2014:21:32:10 -0700] "GET /denmark HTTP/1.1" 404 89 "-" "Mozilla/5.0 (Windows; U; Windows NT 5.1; en-US; rv:1.9.2.8) Gecko/20100722 Firefox/3.6.8" "saveaslave.com"
68.180.228.59 - - [25/Oct/2014:21:34:42 -0700] "GET /senegal HTTP/1.1" 404 89 "-" "Mozilla/5.0 (compatible; Yahoo! Slurp; http://help.yahoo.com/help/us/ysearch/slurp)" "www.saveaslave.com"
208.115.113.86 - - [25/Oct/2014:21:47:00 -0700] "GET /portugal HTTP/1.1" 404 89 "-" "Mozilla/5.0 (compatible; DotBot/1.1; http://www.opensiteexplorer.org/dotbot, help@moz.com)" "saveaslave.com"
208.115.113.86 - - [25/Oct/2014:21:47:01 -0700] "GET /peru.html HTTP/1.1" 404 89 "-" "Mozilla/5.0 (compatible; DotBot/1.1; http://www.opensiteexplorer.org/dotbot, help@moz.com)" "www.saveaslave.com"
65.36.241.77 - - [25/Oct/2014:21:52:17 -0700] "HEAD / HTTP/1.1" 200 0 "-" "InternetSeer.com" "www.saveaslave.com"
65.36.241.77 - - [25/Oct/2014:22:52:34 -0700] "HEAD / HTTP/1.1" 200 0 "-" "InternetSeer.com" "www.saveaslave.com"
142.54.183.130 - - [25/Oct/2014:23:24:49 -0700] "GET /site/?p=56 HTTP/1.1" 404 89 "-" "Mozilla/4.0 (compatible; MSIE 6.0; Windows NT 5.1)" "saveaslave.com"
110.85.83.81 - - [25/Oct/2014:23:27:33 -0700] "GET /site/?p=56 HTTP/1.1" 404 89 "-" "Mozilla/4.0 (compatible; MSIE 6.0; Windows NT 5.1; SV1; TencentTraveler ; Mozilla/4.0 (compatible; MSIE 6.0; Windows NT 5.1; SV1) ; .NET CLR 2.0.50727)" "saveaslave.com"
183.60.215.43 - - [25/Oct/2014:23:27:48 -0700] "GET /botswana HTTP/1.1" 200 5414 "-" "Mozilla/5.0 (compatible; EasouSpider; +http://www.easou.com/search/spider.html)" "saveaslave.com"
110.85.83.81 - - [25/Oct/2014:23:28:14 -0700] "GET /site/?p=34 HTTP/1.1" 404 89 "-" "Mozilla/4.0 (compatible; MSIE 6.0; Windows NT 5.1; SV1; TencentTraveler ; Mozilla/4.0 (compatible; MSIE 6.0; Windows NT 5.1; SV1) ; .NET CLR 2.0.50727)" "saveaslave.com"
208.115.111.70 - - [25/Oct/2014:23:29:28 -0700] "GET /china.html HTTP/1.1" 404 89 "-" "Mozilla/5.0 (compatible; DotBot/1.1; http://www.opensiteexplorer.org/dotbot, help@moz.com)" "saveaslave.com"
208.115.111.70 - - [25/Oct/2014:23:29:28 -0700] "GET /japan HTTP/1.1" 404 89 "-" "Mozilla/5.0 (compatible; DotBot/1.1; http://www.opensiteexplorer.org/dotbot, help@moz.com)" "saveaslave.com"
66.249.69.199 - - [25/Oct/2014:23:49:33 -0700] "GET /greece HTTP/1.1" 404 89 "-" "Mozilla/5.0 (compatible; Googlebot/2.1; +http://www.google.com/bot.html)" "www.saveaslave.com"
198.27.82.146 - - [25/Oct/2014:23:49:58 -0700] "GET /robots.txt HTTP/1.0" 404 73 "-" "Mozilla/5.0 (compatible; MJ12bot/v1.4.5; http://www.majestic12.co.uk/bot.php?+)" "www.saveaslave.com"
123.125.71.107 - - [25/Oct/2014:23:50:34 -0700] "GET /robots.txt HTTP/1.1" 404 89 "-" "Mozilla/5.0 (compatible; Baiduspider/2.0; +http://www.baidu.com/search/spider.html)" "saveaslave.com"
208.115.113.86 - - [25/Oct/2014:23:52:41 -0700] "GET /robots.txt HTTP/1.1" 404 89 "-" "Mozilla/5.0 (compatible; DotBot/1.1; http://www.opensiteexplorer.org/dotbot, help@moz.com)" "saveaslave.com"
208.115.113.86 - - [25/Oct/2014:23:52:41 -0700] "GET /robots.txt HTTP/1.1" 404 89 "-" "Mozilla/5.0 (compatible; DotBot/1.1; http://www.opensiteexplorer.org/dotbot, help@moz.com)" "www.saveaslave.com"
110.85.83.81 - - [25/Oct/2014:23:57:58 -0700] "GET /site/?p=2 HTTP/1.1" 404 89 "-" "Mozilla/4.0 (compatible; MSIE 6.0; Windows NT 5.1; SV1; TencentTraveler ; Mozilla/4.0 (compatible; MSIE 6.0; Windows NT 5.1; SV1) ; .NET CLR 2.0.50727)" "saveaslave.com"
195.211.155.253 - - [26/Oct/2014:00:03:14 -0700] "GET /site/?p=34 HTTP/1.1" 404 89 "-" "Mozilla/4.0 (compatible; MSIE 6.0; Windows NT 5.1)" "saveaslave.com"
180.76.5.144 - - [26/Oct/2014:00:25:48 -0700] "GET /benin.html HTTP/1.1" 200 5387 "-" "Mozilla/5.0 (compatible; Baiduspider/2.0; +http://www.baidu.com/search/spider.html)" "www.saveaslave.com"
66.249.69.199 - - [26/Oct/2014:00:40:21 -0700] "GET /PayPal.html HTTP/1.1" 404 89 "-" "Mozilla/5.0 (compatible; Googlebot/2.1; +http://www.google.com/bot.html)" "www.saveaslave.com"
155.133.18.62 - - [26/Oct/2014:00:42:39 -0700] "GET /Afghanistan.html HTTP/1.1" 404 89 "-" "Mozilla/5.0 (Windows NT 6.2; WOW64) AppleWebKit/537.36 (KHTML, like Gecko) Chrome/30.0.1599.0 Safari/537.36" "saveaslave.com"
66.249.69.122 - - [26/Oct/2014:00:42:52 -0700] "GET /PayPal.html HTTP/1.1" 404 89 "-" "Mozilla/5.0 (compatible; Googlebot/2.1; +http://www.google.com/bot.html)" "saveaslave.com"
65.36.241.77 - - [26/Oct/2014:01:00:02 -0700] "HEAD / HTTP/1.1" 200 0 "-" "InternetSeer.com" "www.saveaslave.com"
76.164.206.122 - - [26/Oct/2014:01:29:14 -0700] "GET / HTTP/1.0" 200 22620 "http://saveaslave.com/" "Mozilla/5.0 (Windows NT 6.1; WOW64) AppleWebKit/537.36 (KHTML, like Gecko) Chrome/36.0.1985.143 Safari/537.36 OPR/23.0.1522.77 (Edition Campaign 37)" "saveaslave.com"
208.115.111.70 - - [26/Oct/2014:01:46:45 -0700] "GET /robots.txt HTTP/1.1" 404 89 "-" "Mozilla/5.0 (compatible; DotBot/1.1; http://www.opensiteexplorer.org/dotbot, help@moz.com)" "www.saveaslave.com"
208.115.111.70 - - [26/Oct/2014:01:46:45 -0700] "GET /robots.txt HTTP/1.1" 404 89 "-" "Mozilla/5.0 (compatible; DotBot/1.1; http://www.opensiteexplorer.org/dotbot, help@moz.com)" "saveaslave.com"
195.211.155.253 - - [26/Oct/2014:01:47:43 -0700] "GET /site/?p=2 HTTP/1.1" 404 89 "-" "Mozilla/4.0 (compatible; MSIE 6.0; Windows NT 5.1)" "saveaslave.com"
208.115.113.86 - - [26/Oct/2014:01:48:07 -0700] "GET /belgium HTTP/1.1" 200 5423 "-" "Mozilla/5.0 (compatible; DotBot/1.1; http://www.opensiteexplorer.org/dotbot, help@moz.com)" "www.saveaslave.com"
208.115.113.86 - - [26/Oct/2014:01:48:07 -0700] "GET /indonesia HTTP/1.1" 404 89 "-" "Mozilla/5.0 (compatible; DotBot/1.1; http://www.opensiteexplorer.org/dotbot, help@moz.com)" "www.saveaslave.com"
208.115.113.86 - - [26/Oct/2014:01:48:08 -0700] "GET /antigua HTTP/1.1" 404 89 "-" "Mozilla/5.0 (compatible; DotBot/1.1; http://www.opensiteexplorer.org/dotbot, help@moz.com)" "saveaslave.com"
90.27.180.248 - - [26/Oct/2014:03:05:29 -0700] "GET /images/Malta_map.gif HTTP/1.1" 404 89 "https://www.google.fr/" "Mozilla/5.0 (iPod touch; CPU iPhone OS 7_1_2 like Mac OS X) AppleWebKit/537.51.2 (KHTML, like Gecko) Version/7.0 Mobile/11D257 Safari/9537.53" "www.saveaslave.com"
199.15.233.181 - - [26/Oct/2014:03:05:53 -0700] "GET /site/?page_id=28 HTTP/1.0" 404 73 "http://saveaslave.com/site/?page_id=28" "Mozilla/5.0 (Windows NT 6.1; WOW64) AppleWebKit/537.36 (KHTML, like Gecko) Chrome/35.0.1916.153 YaBrowser/14.7.1916.15705 Safari/537.36" "saveaslave.com"
199.15.233.181 - - [26/Oct/2014:03:05:53 -0700] "GET / HTTP/1.0" 200 22620 "http://saveaslave.com/" "Mozilla/5.0 (Windows NT 6.1; WOW64) AppleWebKit/537.36 (KHTML, like Gecko) Chrome/35.0.1916.153 YaBrowser/14.7.1916.15705 Safari/537.36" "saveaslave.com"
65.36.241.77 - - [26/Oct/2014:03:05:55 -0700] "HEAD / HTTP/1.1" 200 0 "-" "InternetSeer.com" "www.saveaslave.com"
54.243.48.119 - - [26/Oct/2014:03:24:34 -0700] "GET /sweden HTTP/1.1" 404 89 "-" "Mozilla/5.0 (Windows; U; Windows NT 5.1; en-US; rv:1.9.2.8) Gecko/20100722 Firefox/3.6.8" "saveaslave.com"
208.115.111.70 - - [26/Oct/2014:03:35:48 -0700] "GET /spain.html HTTP/1.1" 404 89 "-" "Mozilla/5.0 (compatible; DotBot/1.1; http://www.opensiteexplorer.org/dotbot, help@moz.com)" "www.saveaslave.com"
208.115.111.70 - - [26/Oct/2014:03:35:48 -0700] "GET /sudan.html HTTP/1.1" 404 89 "-" "Mozilla/5.0 (compatible; DotBot/1.1; http://www.opensiteexplorer.org/dotbot, help@moz.com)" "www.saveaslave.com"
208.115.111.70 - - [26/Oct/2014:03:35:48 -0700] "GET /bolivia HTTP/1.1" 200 5400 "-" "Mozilla/5.0 (compatible; DotBot/1.1; http://www.opensiteexplorer.org/dotbot, help@moz.com)" "saveaslave.com"
208.115.111.70 - - [26/Oct/2014:03:35:48 -0700] "GET /nepal HTTP/1.1" 404 89 "-" "Mozilla/5.0 (compatible; DotBot/1.1; http://www.opensiteexplorer.org/dotbot, help@moz.com)" "saveaslave.com"
61.135.189.175 - - [26/Oct/2014:03:48:20 -0700] "GET /site/?cat=180 HTTP/1.1" 404 89 "-" "Sogou web spider/4.0(+http://www.sogou.com/docs/help/webmasters.htm#07)" "saveaslave.com"
208.115.113.86 - - [26/Oct/2014:03:49:27 -0700] "GET /robots.txt HTTP/1.1" 404 89 "-" "Mozilla/5.0 (compatible; DotBot/1.1; http://www.opensiteexplorer.org/dotbot, help@moz.com)" "saveaslave.com"
208.115.113.86 - - [26/Oct/2014:03:49:27 -0700] "GET /robots.txt HTTP/1.1" 404 89 "-" "Mozilla/5.0 (compatible; DotBot/1.1; http://www.opensiteexplorer.org/dotbot, help@moz.com)" "www.saveaslave.com"
195.211.155.253 - - [26/Oct/2014:04:00:21 -0700] "GET /site/?page_id=28 HTTP/1.1" 404 89 "-" "Mozilla/4.0 (compatible; MSIE 6.0; Windows NT 5.1)" "saveaslave.com"
65.36.241.77 - - [26/Oct/2014:04:07:40 -0700] "HEAD / HTTP/1.1" 200 0 "-" "InternetSeer.com" "www.saveaslave.com"
123.125.71.53 - - [26/Oct/2014:04:22:13 -0700] "GET /stpierre.html HTTP/1.1" 404 89 "-" "Mozilla/5.0 (compatible; Baiduspider/2.0; +http://www.baidu.com/search/spider.html)" "www.saveaslave.com"
66.249.69.183 - - [26/Oct/2014:04:31:48 -0700] "GET /images/countrymap/austria-flag.jpg HTTP/1.1" 200 1474 "-" "Googlebot-Image/1.0" "www.saveaslave.com"
195.211.155.253 - - [26/Oct/2014:04:41:34 -0700] "GET /site/?p=56 HTTP/1.1" 404 89 "-" "Mozilla/4.0 (compatible; MSIE 6.0; Windows NT 5.1)" "saveaslave.com"
183.60.215.43 - - [26/Oct/2014:05:03:43 -0700] "GET /jordan HTTP/1.1" 404 89 "-" "Mozilla/5.0 (compatible; EasouSpider; +http://www.easou.com/search/spider.html)" "saveaslave.com"
66.249.69.215 - - [26/Oct/2014:05:04:36 -0700] "GET /lesotho.html HTTP/1.1" 404 89 "-" "Mozilla/5.0 (compatible; Googlebot/2.1; +http://www.google.com/bot.html)" "www.saveaslave.com"
65.36.241.77 - - [26/Oct/2014:05:09:23 -0700] "HEAD / HTTP/1.1" 200 0 "-" "InternetSeer.com" "www.saveaslave.com"
83.23.153.126 - - [26/Oct/2014:05:15:37 -0700] "GET /images/Slovenia_map.gif HTTP/1.1" 404 89 "https://www.google.pl/" "Mozilla/5.0 (Windows NT 6.1; WOW64) AppleWebKit/537.36 (KHTML, like Gecko) Chrome/37.0.2062.124 Safari/537.36" "www.saveaslave.com"
66.249.69.106 - - [26/Oct/2014:05:24:43 -0700] "GET /robots.txt HTTP/1.1" 404 89 "-" "Mozilla/5.0 (compatible; Googlebot/2.1; +http://www.google.com/bot.html)" "saveaslave.com"
66.249.69.122 - - [26/Oct/2014:05:24:43 -0700] "GET /mayotte HTTP/1.1" 404 89 "-" "Mozilla/5.0 (compatible; Googlebot/2.1; +http://www.google.com/bot.html)" "saveaslave.com"
208.115.111.70 - - [26/Oct/2014:05:46:01 -0700] "GET /robots.txt HTTP/1.1" 404 89 "-" "Mozilla/5.0 (compatible; DotBot/1.1; http://www.opensiteexplorer.org/dotbot, help@moz.com)" "www.saveaslave.com"
208.115.113.86 - - [26/Oct/2014:05:47:57 -0700] "GET /anguilla HTTP/1.1" 404 89 "-" "Mozilla/5.0 (compatible; DotBot/1.1; http://www.opensiteexplorer.org/dotbot, help@moz.com)" "saveaslave.com"
208.115.113.86 - - [26/Oct/2014:05:47:58 -0700] "GET /france HTTP/1.1" 404 89 "-" "Mozilla/5.0 (compatible; DotBot/1.1; http://www.opensiteexplorer.org/dotbot, help@moz.com)" "www.saveaslave.com"
193.150.120.14 - - [26/Oct/2014:05:48:08 -0700] "GET / HTTP/1.1" 200 22620 "http://gungamesz.com/" "Mozilla/4.0 (compatible; MSIE 5.5; Windows 95; BCD2000)" "saveaslave.com"
123.125.71.40 - - [26/Oct/2014:05:48:41 -0700] "GET /togo.html HTTP/1.1" 404 89 "-" "Mozilla/5.0 (compatible; Baiduspider/2.0; +http://www.baidu.com/search/spider.html)" "www.saveaslave.com"
140.237.3.152 - - [26/Oct/2014:06:07:47 -0700] "GET /site/?p=2 HTTP/1.1" 404 89 "-" "Mozilla/4.0 (compatible; MSIE 6.0; Windows NT 5.1; SV1; TencentTraveler ; Mozilla/4.0 (compatible; MSIE 6.0; Windows NT 5.1; SV1) ; .NET CLR 2.0.50727)" "saveaslave.com"
65.36.241.77 - - [26/Oct/2014:06:10:34 -0700] "HEAD / HTTP/1.1" 200 0 "-" "InternetSeer.com" "www.saveaslave.com"
199.58.86.206 - - [26/Oct/2014:06:11:17 -0700] "GET / HTTP/1.0" 200 22620 "-" "Mozilla/5.0 (compatible; MJ12bot/v1.4.5; http://www.majestic12.co.uk/bot.php?+)" "www.saveaslave.com"
66.249.69.199 - - [26/Oct/2014:06:20:32 -0700] "GET /robots.txt HTTP/1.1" 404 89 "-" "Mozilla/5.0 (compatible; Googlebot/2.1; +http://www.google.com/bot.html)" "www.saveaslave.com"
66.249.69.183 - - [26/Oct/2014:06:20:32 -0700] "GET /bermuda.html HTTP/1.1" 404 89 "-" "Mozilla/5.0 (compatible; Googlebot/2.1; +http://www.google.com/bot.html)" "www.saveaslave.com"
23.23.242.178 - - [26/Oct/2014:06:22:05 -0700] "GET /morocco HTTP/1.1" 404 89 "-" "Mozilla/5.0 (Windows; U; Windows NT 5.1; en-US; rv:1.9.2.8) Gecko/20100722 Firefox/3.6.8" "saveaslave.com"
199.21.99.206 - - [26/Oct/2014:06:24:42 -0700] "GET /robots.txt HTTP/1.1" 404 89 "-" "Mozilla/5.0 (compatible; YandexBot/3.0; +http://yandex.com/bots)" "saveaslave.com"
180.76.6.143 - - [26/Oct/2014:06:30:43 -0700] "GET /togo.html HTTP/1.1" 404 89 "-" "Mozilla/5.0 (compatible; Baiduspider/2.0; +http://www.baidu.com/search/spider.html)" "www.saveaslave.com"
220.181.108.177 - - [26/Oct/2014:06:34:47 -0700] "GET /bahamas.html HTTP/1.1" 200 5387 "-" "Mozilla/5.0 (compatible; Baiduspider/2.0; +http://www.baidu.com/search/spider.html)" "www.saveaslave.com"
180.76.6.153 - - [26/Oct/2014:06:43:25 -0700] "GET /robots.txt HTTP/1.1" 404 89 "-" "Mozilla/5.0 (Windows NT 5.1; rv:6.0.2) Gecko/20100101 Firefox/6.0.2" "www.saveaslave.com"
23.23.242.178 - - [26/Oct/2014:06:48:46 -0700] "GET /Penpals.html HTTP/1.1" 404 89 "-" "Mozilla/5.0 (Windows; U; Windows NT 5.1; en-US; rv:1.9.2.8) Gecko/20100722 Firefox/3.6.8" "saveaslave.com"
81.241.64.140 - - [26/Oct/2014:07:07:18 -0700] "GET / HTTP/1.1" 200 22620 "-" "Mozilla/5.0 (Macintosh; Intel Mac OS X 10_10) AppleWebKit/600.1.25 (KHTML, like Gecko) Version/8.0 Safari/600.1.25" "saveaslave.com"
81.241.64.140 - - [26/Oct/2014:07:07:19 -0700] "GET /images/slaves.jpg HTTP/1.1" 200 64009 "http://saveaslave.com/" "Mozilla/5.0 (Macintosh; Intel Mac OS X 10_10) AppleWebKit/600.1.25 (KHTML, like Gecko) Version/8.0 Safari/600.1.25" "saveaslave.com"
81.241.64.140 - - [26/Oct/2014:07:07:20 -0700] "GET /favicon.ico HTTP/1.1" 404 89 "http://saveaslave.com/" "Mozilla/5.0 (Macintosh; Intel Mac OS X 10_10) AppleWebKit/600.1.25 (KHTML, like Gecko) Version/8.0 Safari/600.1.25" "saveaslave.com"
81.241.64.140 - - [26/Oct/2014:07:07:31 -0700] "GET /images/countrymap/belgium.gif HTTP/1.1" 200 15158 "http://saveaslave.com/belgium.html" "Mozilla/5.0 (Macintosh; Intel Mac OS X 10_10) AppleWebKit/600.1.25 (KHTML, like Gecko) Version/8.0 Safari/600.1.25" "saveaslave.com"
65.36.241.77 - - [26/Oct/2014:07:11:04 -0700] "HEAD / HTTP/1.1" 200 0 "-" "InternetSeer.com" "www.saveaslave.com"
208.115.111.70 - - [26/Oct/2014:07:30:36 -0700] "GET /mayotte.html HTTP/1.1" 404 89 "-" "Mozilla/5.0 (compatible; DotBot/1.1; http://www.opensiteexplorer.org/dotbot, help@moz.com)" "saveaslave.com"
208.115.111.70 - - [26/Oct/2014:07:30:36 -0700] "GET /sierraleone.html HTTP/1.1" 404 89 "-" "Mozilla/5.0 (compatible; DotBot/1.1; http://www.opensiteexplorer.org/dotbot, help@moz.com)" "saveaslave.com"
