220.181.108.95 - - [26/Oct/2014:07:35:58 -0700] "GET /aruba.html HTTP/1.1" 200 14643 "-" "Mozilla/5.0 (compatible; Baiduspider/2.0; +http://www.baidu.com/search/spider.html)" "www.saveaslave.com"
109.120.157.179 - - [26/Oct/2014:07:51:57 -0700] "GET / HTTP/1.1" 200 22620 "http://www.artparquet.ru/" "Mozilla/5.0 (compatible; Add Catalog/2.1;)" "saveaslave.com"
66.249.69.215 - - [26/Oct/2014:07:52:01 -0700] "GET /kiribati.html HTTP/1.1" 404 89 "-" "Mozilla/5.0 (compatible; Googlebot/2.1; +http://www.google.com/bot.html)" "www.saveaslave.com"
208.115.113.86 - - [26/Oct/2014:07:53:20 -0700] "GET /robots.txt HTTP/1.1" 404 89 "-" "Mozilla/5.0 (compatible; DotBot/1.1; http://www.opensiteexplorer.org/dotbot, help@moz.com)" "www.saveaslave.com"
68.187.201.190 - - [26/Oct/2014:08:02:33 -0700] "GET /images/slaves.jpg HTTP/1.1" 200 64009 "http://saveaslave.com/" "Mozilla/5.0 (Windows NT 6.3; WOW64; rv:33.0) Gecko/20100101 Firefox/33.0" "saveaslave.com"
68.187.201.190 - - [26/Oct/2014:08:02:34 -0700] "GET /favicon.ico HTTP/1.1" 404 89 "-" "Mozilla/5.0 (Windows NT 6.3; WOW64; rv:33.0) Gecko/20100101 Firefox/33.0" "saveaslave.com"
68.187.201.190 - - [26/Oct/2014:08:02:34 -0700] "GET /favicon.ico HTTP/1.1" 404 89 "-" "Mozilla/5.0 (Windows NT 6.3; WOW64; rv:33.0) Gecko/20100101 Firefox/33.0" "saveaslave.com"
68.187.201.190 - - [26/Oct/2014:08:05:27 -0700] "GET /resources.html HTTP/1.1" 200 14479 "http://saveaslave.com/" "Mozilla/5.0 (Windows NT 6.3; WOW64; rv:33.0) Gecko/20100101 Firefox/33.0" "saveaslave.com"
65.36.241.77 - - [26/Oct/2014:08:12:04 -0700] "HEAD / HTTP/1.1" 200 0 "-" "InternetSeer.com" "www.saveaslave.com"
107.178.219.104 - - [26/Oct/2014:08:36:41 -0700] "GET / HTTP/1.0" 200 22727 "-" "NerdyBot" "saveaslave.com"
65.36.241.77 - - [26/Oct/2014:09:12:36 -0700] "HEAD / HTTP/1.1" 200 0 "-" "InternetSeer.com" "www.saveaslave.com"
123.125.71.84 - - [26/Oct/2014:09:30:28 -0700] "GET /hungary.html HTTP/1.1" 404 89 "-" "Mozilla/5.0 (compatible; Baiduspider/2.0; +http://www.baidu.com/search/spider.html)" "www.saveaslave.com"
123.125.71.105 - - [26/Oct/2014:09:31:02 -0700] "GET /senegal.html HTTP/1.1" 404 89 "-" "Mozilla/5.0 (compatible; Baiduspider/2.0; +http://www.baidu.com/search/spider.html)" "www.saveaslave.com"
208.115.113.86 - - [26/Oct/2014:09:54:01 -0700] "GET /eritrea.html HTTP/1.1" 404 89 "-" "Mozilla/5.0 (compatible; DotBot/1.1; http://www.opensiteexplorer.org/dotbot, help@moz.com)" "saveaslave.com"
208.115.113.86 - - [26/Oct/2014:09:54:01 -0700] "GET /equatorialguinea.html HTTP/1.1" 404 89 "-" "Mozilla/5.0 (compatible; DotBot/1.1; http://www.opensiteexplorer.org/dotbot, help@moz.com)" "saveaslave.com"
208.115.113.86 - - [26/Oct/2014:09:54:02 -0700] "GET /monaco HTTP/1.1" 404 89 "-" "Mozilla/5.0 (compatible; DotBot/1.1; http://www.opensiteexplorer.org/dotbot, help@moz.com)" "saveaslave.com"
208.115.113.86 - - [26/Oct/2014:09:54:02 -0700] "GET /rwanda HTTP/1.1" 404 89 "-" "Mozilla/5.0 (compatible; DotBot/1.1; http://www.opensiteexplorer.org/dotbot, help@moz.com)" "saveaslave.com"
23.23.242.178 - - [26/Oct/2014:10:14:43 -0700] "GET /israel.html HTTP/1.1" 404 89 "-" "Mozilla/5.0 (Windows; U; Windows NT 5.1; en-US; rv:1.9.2.8) Gecko/20100722 Firefox/3.6.8" "saveaslave.com"
202.46.56.143 - - [26/Oct/2014:10:20:03 -0700] "GET /falklands HTTP/1.1" 404 89 "-" "Mozilla/5.0 (Windows NT 6.1; WOW64) AppleWebKit/537.36 (KHTML, like Gecko) Chrome/36.0.1985.125 Safari/537.36" "www.saveaslave.com"
202.46.50.28 - - [26/Oct/2014:10:25:44 -0700] "GET /guermsey HTTP/1.1" 404 89 "-" "Mozilla/5.0 (Windows NT 6.1; WOW64) AppleWebKit/537.36 (KHTML, like Gecko) Chrome/36.0.1985.125 Safari/537.36" "www.saveaslave.com"
72.168.96.123 - - [26/Oct/2014:10:28:22 -0700] "GET / HTTP/1.1" 200 22727 "http://r.search.yahoo.com/_ylt=A0SO8yotL01UxYYAeVbBGOd_;_ylu=X3oDMTE0amRkOHY3BHNlYwNzcgRwb3MDMQRjb2xvA2dxMQR2dGlkA1RBVVMwMTFfMQ--/RV=2/RE=1414373293/RO=10/RU=http%3a%2f%2fsaveaslave.com%2f/RK=0/RS=w_Nb6hCAz8PHS9qfc5b6rFl2WeY-" "Mozilla/5.0 (iPad; CPU OS 8_1 like Mac OS X) AppleWebKit/600.1.4 (KHTML, like Gecko) Version/8.0 Mobile/12B410 Safari/600.1.4" "saveaslave.com"
72.168.96.123 - - [26/Oct/2014:10:28:24 -0700] "GET / HTTP/1.1" 200 22727 "http://r.search.yahoo.com/_ylt=A0SO8yotL01UxYYAeVbBGOd_;_ylu=X3oDMTE0amRkOHY3BHNlYwNzcgRwb3MDMQRjb2xvA2dxMQR2dGlkA1RBVVMwMTFfMQ--/RV=2/RE=1414373293/RO=10/RU=http%3a%2f%2fsaveaslave.com%2f/RK=0/RS=w_Nb6hCAz8PHS9qfc5b6rFl2WeY-" "Mozilla/5.0 (iPad; CPU OS 8_1 like Mac OS X) AppleWebKit/600.1.4 (KHTML, like Gecko) Version/8.0 Mobile/12B410 Safari/600.1.4" "saveaslave.com"
72.168.96.123 - - [26/Oct/2014:10:28:26 -0700] "GET /css/style.css HTTP/1.1" 200 600 "http://saveaslave.com/" "Mozilla/5.0 (iPad; CPU OS 8_1 like Mac OS X) AppleWebKit/600.1.4 (KHTML, like Gecko) Version/8.0 Mobile/12B410 Safari/600.1.4" "saveaslave.com"
72.168.96.123 - - [26/Oct/2014:10:28:27 -0700] "GET /images/header.png HTTP/1.1" 200 84658 "http://saveaslave.com/" "Mozilla/5.0 (iPad; CPU OS 8_1 like Mac OS X) AppleWebKit/600.1.4 (KHTML, like Gecko) Version/8.0 Mobile/12B410 Safari/600.1.4" "saveaslave.com"
72.168.96.123 - - [26/Oct/2014:10:28:27 -0700] "GET /images/givebtn.png HTTP/1.1" 200 26179 "http://saveaslave.com/" "Mozilla/5.0 (iPad; CPU OS 8_1 like Mac OS X) AppleWebKit/600.1.4 (KHTML, like Gecko) Version/8.0 Mobile/12B410 Safari/600.1.4" "saveaslave.com"
72.168.96.123 - - [26/Oct/2014:10:28:28 -0700] "GET /images/slaves.jpg HTTP/1.1" 200 64009 "http://saveaslave.com/" "Mozilla/5.0 (iPad; CPU OS 8_1 like Mac OS X) AppleWebKit/600.1.4 (KHTML, like Gecko) Version/8.0 Mobile/12B410 Safari/600.1.4" "saveaslave.com"
72.168.96.123 - - [26/Oct/2014:10:28:36 -0700] "GET /css/style.css HTTP/1.1" 200 600 "http://saveaslave.com/resources.html" "Mozilla/5.0 (iPad; CPU OS 8_1 like Mac OS X) AppleWebKit/600.1.4 (KHTML, like Gecko) Version/8.0 Mobile/12B410 Safari/600.1.4" "saveaslave.com"
72.168.96.123 - - [26/Oct/2014:10:28:36 -0700] "GET /images/header.png HTTP/1.1" 200 84658 "http://saveaslave.com/resources.html" "Mozilla/5.0 (iPad; CPU OS 8_1 like Mac OS X) AppleWebKit/600.1.4 (KHTML, like Gecko) Version/8.0 Mobile/12B410 Safari/600.1.4" "saveaslave.com"
178.137.94.81 - - [26/Oct/2014:10:37:48 -0700] "GET / HTTP/1.1" 200 22727 "http://sdelai-prosto.ru/" "Mozilla/4.0 (compatible; MSIE 6.0; Windows NT 5.1; ru) Opera 8.01" "saveaslave.com"
178.137.94.81 - - [26/Oct/2014:10:37:50 -0700] "GET / HTTP/1.1" 200 22727 "http://sdelai-prosto.ru/" "Mozilla/4.0 (compatible; MSIE 6.0; Windows NT 5.1; ru) Opera 8.01" "saveaslave.com"
202.46.63.103 - - [26/Oct/2014:11:00:53 -0700] "GET /stpierre HTTP/1.1" 404 89 "-" "Mozilla/5.0 (Windows NT 6.1; WOW64) AppleWebKit/537.36 (KHTML, like Gecko) Chrome/36.0.1985.125 Safari/537.36" "www.saveaslave.com"
188.165.15.15 - - [26/Oct/2014:11:03:04 -0700] "GET /webring.html HTTP/1.1" 404 89 "-" "Mozilla/5.0 (compatible; AhrefsBot/5.0; +http://ahrefs.com/robot/)" "www.saveaslave.com"
202.46.55.205 - - [26/Oct/2014:11:12:38 -0700] "GET /stkitts HTTP/1.1" 404 89 "-" "Mozilla/5.0 (Windows NT 6.1; WOW64) AppleWebKit/537.36 (KHTML, like Gecko) Chrome/36.0.1985.125 Safari/537.36" "www.saveaslave.com"
46.118.159.178 - - [26/Oct/2014:11:14:15 -0700] "GET / HTTP/1.1" 200 22727 "http://cleaning-uborka.ru/" "Mozilla/4.0 (compatible; MSIE 6.0; Windows NT 5.1; SV1; .NET CLR 1.1.4322; .NET CLR 2.0.50727)" "saveaslave.com"
65.36.241.77 - - [26/Oct/2014:11:16:21 -0700] "HEAD / HTTP/1.1" 200 0 "-" "InternetSeer.com" "www.saveaslave.com"
188.165.15.43 - - [26/Oct/2014:11:21:08 -0700] "GET /afghanistan.html HTTP/1.1" 200 5418 "-" "Mozilla/5.0 (compatible; AhrefsBot/5.0; +http://ahrefs.com/robot/)" "www.saveaslave.com"
188.165.15.43 - - [26/Oct/2014:11:21:48 -0700] "GET /burma.html HTTP/1.1" 200 5387 "-" "Mozilla/5.0 (compatible; AhrefsBot/5.0; +http://ahrefs.com/robot/)" "www.saveaslave.com"
188.165.15.43 - - [26/Oct/2014:11:23:41 -0700] "GET /canada.html HTTP/1.1" 200 5396 "-" "Mozilla/5.0 (compatible; AhrefsBot/5.0; +http://ahrefs.com/robot/)" "www.saveaslave.com"
180.76.6.153 - - [26/Oct/2014:11:25:15 -0700] "GET /css/style.css HTTP/1.1" 200 600 "-" "Mozilla/5.0 (compatible; Baiduspider/2.0; +http://www.baidu.com/search/spider.html)" "www.saveaslave.com"
188.165.15.121 - - [26/Oct/2014:11:25:35 -0700] "GET /andorra.html HTTP/1.1" 200 5386 "-" "Mozilla/5.0 (compatible; AhrefsBot/5.0; +http://ahrefs.com/robot/)" "www.saveaslave.com"
208.115.111.70 - - [26/Oct/2014:11:29:02 -0700] "GET /belgium.html HTTP/1.1" 200 5423 "-" "Mozilla/5.0 (compatible; DotBot/1.1; http://www.opensiteexplorer.org/dotbot, help@moz.com)" "www.saveaslave.com"
208.115.111.70 - - [26/Oct/2014:11:29:02 -0700] "GET /australia.html HTTP/1.1" 200 5404 "-" "Mozilla/5.0 (compatible; DotBot/1.1; http://www.opensiteexplorer.org/dotbot, help@moz.com)" "saveaslave.com"
208.115.111.70 - - [26/Oct/2014:11:29:02 -0700] "GET /burkinafaso HTTP/1.1" 404 89 "-" "Mozilla/5.0 (compatible; DotBot/1.1; http://www.opensiteexplorer.org/dotbot, help@moz.com)" "saveaslave.com"
208.115.111.70 - - [26/Oct/2014:11:29:03 -0700] "GET /haiti HTTP/1.1" 404 89 "-" "Mozilla/5.0 (compatible; DotBot/1.1; http://www.opensiteexplorer.org/dotbot, help@moz.com)" "saveaslave.com"
208.115.111.70 - - [26/Oct/2014:11:29:03 -0700] "GET /mongolia HTTP/1.1" 404 89 "-" "Mozilla/5.0 (compatible; DotBot/1.1; http://www.opensiteexplorer.org/dotbot, help@moz.com)" "saveaslave.com"
188.165.15.121 - - [26/Oct/2014:11:34:27 -0700] "GET /cape-verde.html HTTP/1.1" 200 5432 "-" "Mozilla/5.0 (compatible; AhrefsBot/5.0; +http://ahrefs.com/robot/)" "www.saveaslave.com"
202.46.56.156 - - [26/Oct/2014:11:42:19 -0700] "GET /styles/main.css HTTP/1.1" 404 89 "-" "Mozilla/5.0 (Windows NT 6.1; WOW64) AppleWebKit/537.36 (KHTML, like Gecko) Chrome/36.0.1985.125 Safari/537.36" "www.saveaslave.com"
188.165.15.121 - - [26/Oct/2014:11:47:33 -0700] "GET /botswana.html HTTP/1.1" 200 5414 "-" "Mozilla/5.0 (compatible; AhrefsBot/5.0; +http://ahrefs.com/robot/)" "www.saveaslave.com"
188.165.15.121 - - [26/Oct/2014:11:53:22 -0700] "GET /bosnia-herzegovina.html HTTP/1.1" 200 5517 "-" "Mozilla/5.0 (compatible; AhrefsBot/5.0; +http://ahrefs.com/robot/)" "www.saveaslave.com"
208.115.113.86 - - [26/Oct/2014:11:55:13 -0700] "GET /robots.txt HTTP/1.1" 404 89 "-" "Mozilla/5.0 (compatible; DotBot/1.1; http://www.opensiteexplorer.org/dotbot, help@moz.com)" "www.saveaslave.com"
202.46.61.54 - - [26/Oct/2014:12:05:55 -0700] "GET /british_virgin_islands HTTP/1.1" 404 89 "-" "Mozilla/5.0 (Windows NT 6.1; WOW64) AppleWebKit/537.36 (KHTML, like Gecko) Chrome/36.0.1985.125 Safari/537.36" "www.saveaslave.com"
188.165.15.121 - - [26/Oct/2014:12:07:03 -0700] "GET /argentina.html HTTP/1.1" 200 5404 "-" "Mozilla/5.0 (compatible; AhrefsBot/5.0; +http://ahrefs.com/robot/)" "www.saveaslave.com"
188.165.15.43 - - [26/Oct/2014:12:17:03 -0700] "GET /brunei.html HTTP/1.1" 200 5412 "-" "Mozilla/5.0 (compatible; AhrefsBot/5.0; +http://ahrefs.com/robot/)" "www.saveaslave.com"
193.150.120.14 - - [26/Oct/2014:12:19:14 -0700] "GET / HTTP/1.1" 200 22727 "http://muznachas-service.ru/" "Mozilla/0.91 Beta (Windows)" "saveaslave.com"
193.150.120.14 - - [26/Oct/2014:12:19:14 -0700] "GET / HTTP/1.1" 200 22727 "http://muznachas-service.ru/" "Mozilla/0.91 Beta (Windows)" "saveaslave.com"
162.242.42.16 - - [26/Oct/2014:12:21:41 -0700] "GET /images/Venezuela_flag.gif HTTP/1.1" 404 89 "https://www.google.com/" "Mozilla/5.0 (Windows NT 6.2; WOW64) AppleWebKit/537.36 (KHTML, like Gecko) Chrome/38.0.2125.104 Safari/537.36" "www.saveaslave.com"
66.249.69.199 - - [26/Oct/2014:12:30:21 -0700] "GET /images/countrymap/bahamas.jpg HTTP/1.1" 200 52325 "-" "Googlebot-Image/1.0" "www.saveaslave.com"
188.165.15.121 - - [26/Oct/2014:12:31:52 -0700] "GET /bahamas.html HTTP/1.1" 200 5387 "-" "Mozilla/5.0 (compatible; AhrefsBot/5.0; +http://ahrefs.com/robot/)" "www.saveaslave.com"
188.165.15.121 - - [26/Oct/2014:12:33:07 -0700] "GET /belgium.html HTTP/1.1" 200 5423 "-" "Mozilla/5.0 (compatible; AhrefsBot/5.0; +http://ahrefs.com/robot/)" "www.saveaslave.com"
199.21.99.206 - - [26/Oct/2014:12:33:26 -0700] "GET / HTTP/1.1" 200 22727 "-" "Mozilla/5.0 (compatible; YandexBot/3.0; +http://yandex.com/bots)" "saveaslave.com"
199.21.99.206 - - [26/Oct/2014:12:33:40 -0700] "GET /index.html HTTP/1.1" 200 23105 "-" "Mozilla/5.0 (compatible; YandexBot/3.0; +http://yandex.com/bots)" "saveaslave.com"
211.167.105.100 - - [26/Oct/2014:12:52:32 -0700] "GET /site/?p=56 HTTP/1.0" 404 73 "http://saveaslave.com/site/?p=56" "Mozilla/5.0 (Windows NT 6.1) AppleWebKit/537.36 (KHTML, like Gecko) Chrome/36.0.1985.143 Safari/537.36" "saveaslave.com"
60.12.119.120 - - [26/Oct/2014:12:52:36 -0700] "GET /site/?p=56 HTTP/1.0" 404 73 "http://saveaslave.com/site/?p=56" "Mozilla/5.0 (Windows NT 6.1) AppleWebKit/537.36 (KHTML, like Gecko) Chrome/36.0.1985.143 Safari/537.36" "saveaslave.com"
211.167.105.100 - - [26/Oct/2014:12:52:36 -0700] "GET /site/?p=56 HTTP/1.0" 404 73 "http://saveaslave.com/site/?p=56" "Mozilla/5.0 (Windows NT 6.1) AppleWebKit/537.36 (KHTML, like Gecko) Chrome/36.0.1985.143 Safari/537.36" "saveaslave.com"
37.239.46.18 - - [26/Oct/2014:12:52:40 -0700] "GET /site/?p=56 HTTP/1.0" 404 73 "http://saveaslave.com/site/?p=56" "Mozilla/5.0 (Windows NT 6.1) AppleWebKit/537.36 (KHTML, like Gecko) Chrome/36.0.1985.143 Safari/537.36" "saveaslave.com"
111.13.109.52 - - [26/Oct/2014:12:52:41 -0700] "GET /site/?p=56 HTTP/1.0" 404 73 "http://saveaslave.com/site/?p=56" "Mozilla/5.0 (Windows NT 6.1) AppleWebKit/537.36 (KHTML, like Gecko) Chrome/36.0.1985.143 Safari/537.36" "saveaslave.com"
111.11.152.144 - - [26/Oct/2014:12:52:45 -0700] "GET /site/?p=56 HTTP/1.1" 404 89 "http://saveaslave.com/site/?p=56" "Mozilla/5.0 (Windows NT 6.1) AppleWebKit/537.36 (KHTML, like Gecko) Chrome/36.0.1985.143 Safari/537.36" "saveaslave.com"
117.21.192.242 - - [26/Oct/2014:12:52:47 -0700] "GET /site/?p=56 HTTP/1.0" 404 73 "http://saveaslave.com/site/?p=56" "Mozilla/5.0 (Windows NT 6.1) AppleWebKit/537.36 (KHTML, like Gecko) Chrome/36.0.1985.143 Safari/537.36" "saveaslave.com"
211.167.105.99 - - [26/Oct/2014:12:52:48 -0700] "GET /site/?p=56 HTTP/1.0" 404 73 "http://saveaslave.com/site/?p=56" "Mozilla/5.0 (Windows NT 6.1) AppleWebKit/537.36 (KHTML, like Gecko) Chrome/36.0.1985.143 Safari/537.36" "saveaslave.com"
60.55.43.74 - - [26/Oct/2014:12:52:48 -0700] "GET /site/?p=56 HTTP/1.0" 404 73 "http://saveaslave.com/site/?p=56" "Mozilla/5.0 (Windows NT 6.1) AppleWebKit/537.36 (KHTML, like Gecko) Chrome/36.0.1985.143 Safari/537.36" "saveaslave.com"
188.165.15.121 - - [26/Oct/2014:12:58:52 -0700] "GET /cameroon.html HTTP/1.1" 200 5414 "-" "Mozilla/5.0 (compatible; AhrefsBot/5.0; +http://ahrefs.com/robot/)" "www.saveaslave.com"
188.165.15.43 - - [26/Oct/2014:13:01:52 -0700] "GET /bhutan.html HTTP/1.1" 200 5396 "-" "Mozilla/5.0 (compatible; AhrefsBot/5.0; +http://ahrefs.com/robot/)" "www.saveaslave.com"
134.249.49.191 - - [26/Oct/2014:13:15:07 -0700] "GET / HTTP/1.1" 200 22727 "http://lastnews82.com/" "Mozilla/4.0 (compatible; MSIE 6.0; Windows NT 5.1; MRA 4.3 (build 01218); .NET CLR 1.1.4322)" "saveaslave.com"
134.249.49.191 - - [26/Oct/2014:13:15:09 -0700] "GET / HTTP/1.1" 200 22727 "http://lastnews82.com/" "Mozilla/4.0 (compatible; MSIE 6.0; Windows NT 5.1; MRA 4.3 (build 01218); .NET CLR 1.1.4322)" "saveaslave.com"
173.192.34.95 - - [26/Oct/2014:13:16:43 -0700] "GET /robots.txt HTTP/1.1" 404 89 "-" "Aboundex/0.3 (http://www.aboundex.com/crawler/)" "www.saveaslave.com"
173.192.34.95 - - [26/Oct/2014:13:16:43 -0700] "GET / HTTP/1.1" 200 22727 "-" "Aboundex/0.3 (http://www.aboundex.com/crawler/)" "www.saveaslave.com"
173.192.34.95 - - [26/Oct/2014:13:16:43 -0700] "GET /afghanistan.html HTTP/1.1" 200 5418 "-" "Aboundex/0.3 (http://www.aboundex.com/crawler/)" "www.saveaslave.com"
173.192.34.95 - - [26/Oct/2014:13:16:43 -0700] "GET /andorra.html HTTP/1.1" 200 5386 "-" "Aboundex/0.3 (http://www.aboundex.com/crawler/)" "www.saveaslave.com"
173.192.34.95 - - [26/Oct/2014:13:16:43 -0700] "GET /antigua-and-barbuda.html HTTP/1.1" 200 5462 "-" "Aboundex/0.3 (http://www.aboundex.com/crawler/)" "www.saveaslave.com"
173.192.34.95 - - [26/Oct/2014:13:16:43 -0700] "GET /argentina.html HTTP/1.1" 200 5404 "-" "Aboundex/0.3 (http://www.aboundex.com/crawler/)" "www.saveaslave.com"
173.192.34.95 - - [26/Oct/2014:13:16:43 -0700] "GET /armenia.html HTTP/1.1" 200 5385 "-" "Aboundex/0.3 (http://www.aboundex.com/crawler/)" "www.saveaslave.com"
173.192.34.95 - - [26/Oct/2014:13:16:44 -0700] "GET /austria.html HTTP/1.1" 200 5382 "-" "Aboundex/0.3 (http://www.aboundex.com/crawler/)" "www.saveaslave.com"
173.192.34.95 - - [26/Oct/2014:13:16:44 -0700] "GET /bahrain.html HTTP/1.1" 200 5404 "-" "Aboundex/0.3 (http://www.aboundex.com/crawler/)" "www.saveaslave.com"
173.192.34.95 - - [26/Oct/2014:13:16:44 -0700] "GET /bangladesh.html HTTP/1.1" 200 5432 "-" "Aboundex/0.3 (http://www.aboundex.com/crawler/)" "www.saveaslave.com"
173.192.34.95 - - [26/Oct/2014:13:16:44 -0700] "GET /barbados.html HTTP/1.1" 200 5414 "-" "Aboundex/0.3 (http://www.aboundex.com/crawler/)" "www.saveaslave.com"
173.192.34.95 - - [26/Oct/2014:13:16:45 -0700] "GET /belize.html HTTP/1.1" 200 5390 "-" "Aboundex/0.3 (http://www.aboundex.com/crawler/)" "www.saveaslave.com"
173.192.34.95 - - [26/Oct/2014:13:16:45 -0700] "GET /bhutan.html HTTP/1.1" 200 5396 "-" "Aboundex/0.3 (http://www.aboundex.com/crawler/)" "www.saveaslave.com"
173.192.34.95 - - [26/Oct/2014:13:16:45 -0700] "GET /bosnia-herzegovina.html HTTP/1.1" 200 5517 "-" "Aboundex/0.3 (http://www.aboundex.com/crawler/)" "www.saveaslave.com"
173.192.34.95 - - [26/Oct/2014:13:16:45 -0700] "GET /botswana.html HTTP/1.1" 200 5414 "-" "Aboundex/0.3 (http://www.aboundex.com/crawler/)" "www.saveaslave.com"
173.192.34.95 - - [26/Oct/2014:13:16:46 -0700] "GET /brunei.html HTTP/1.1" 200 5396 "-" "Aboundex/0.3 (http://www.aboundex.com/crawler/)" "www.saveaslave.com"
173.192.34.95 - - [26/Oct/2014:13:16:46 -0700] "GET /bulgaria.html HTTP/1.1" 200 5414 "-" "Aboundex/0.3 (http://www.aboundex.com/crawler/)" "www.saveaslave.com"
173.192.34.95 - - [26/Oct/2014:13:16:46 -0700] "GET /burkina-faso.html HTTP/1.1" 200 5450 "-" "Aboundex/0.3 (http://www.aboundex.com/crawler/)" "www.saveaslave.com"
173.192.34.95 - - [26/Oct/2014:13:16:46 -0700] "GET /burma.html HTTP/1.1" 200 5387 "-" "Aboundex/0.3 (http://www.aboundex.com/crawler/)" "www.saveaslave.com"
173.192.34.95 - - [26/Oct/2014:13:16:46 -0700] "GET /burundi.html HTTP/1.1" 200 5405 "-" "Aboundex/0.3 (http://www.aboundex.com/crawler/)" "www.saveaslave.com"
173.192.34.95 - - [26/Oct/2014:13:16:46 -0700] "GET /cameroon.html HTTP/1.1" 200 5414 "-" "Aboundex/0.3 (http://www.aboundex.com/crawler/)" "www.saveaslave.com"
173.192.34.95 - - [26/Oct/2014:13:16:47 -0700] "GET /cape-verde.html HTTP/1.1" 200 5432 "-" "Aboundex/0.3 (http://www.aboundex.com/crawler/)" "www.saveaslave.com"
66.249.69.183 - - [26/Oct/2014:13:17:09 -0700] "GET /indexb.html HTTP/1.1" 404 89 "-" "Mozilla/5.0 (compatible; Googlebot/2.1; +http://www.google.com/bot.html)" "www.saveaslave.com"
130.25.239.246 - - [26/Oct/2014:13:22:37 -0700] "GET /css/style.css HTTP/1.1" 200 600 "http://saveaslave.com/" "Mozilla/5.0 (Windows NT 6.1; WOW64) AppleWebKit/537.36 (KHTML, like Gecko) Chrome/36.0.1985.143 Safari/537.36" "saveaslave.com"
130.25.239.246 - - [26/Oct/2014:13:22:37 -0700] "GET /images/header.png HTTP/1.1" 200 84658 "http://saveaslave.com/" "Mozilla/5.0 (Windows NT 6.1; WOW64) AppleWebKit/537.36 (KHTML, like Gecko) Chrome/36.0.1985.143 Safari/537.36" "saveaslave.com"
130.25.239.246 - - [26/Oct/2014:13:22:37 -0700] "GET /images/slaves.jpg HTTP/1.1" 200 64009 "http://saveaslave.com/" "Mozilla/5.0 (Windows NT 6.1; WOW64) AppleWebKit/537.36 (KHTML, like Gecko) Chrome/36.0.1985.143 Safari/537.36" "saveaslave.com"
183.60.214.12 - - [26/Oct/2014:13:31:02 -0700] "GET /grenada HTTP/1.1" 404 89 "-" "Mozilla/5.0 (compatible; EasouSpider; +http://www.easou.com/search/spider.html)" "saveaslave.com"
188.165.15.121 - - [26/Oct/2014:13:34:10 -0700] "GET /belize.html HTTP/1.1" 200 5390 "-" "Mozilla/5.0 (compatible; AhrefsBot/5.0; +http://ahrefs.com/robot/)" "www.saveaslave.com"
72.168.96.123 - - [26/Oct/2014:13:39:18 -0700] "GET /css/style.css HTTP/1.1" 200 600 "http://saveaslave.com/" "Mozilla/5.0 (iPad; CPU OS 8_1 like Mac OS X) AppleWebKit/600.1.4 (KHTML, like Gecko) Version/8.0 Mobile/12B410 Safari/600.1.4" "saveaslave.com"
72.168.96.123 - - [26/Oct/2014:13:39:18 -0700] "GET /images/givebtn.png HTTP/1.1" 200 26179 "http://saveaslave.com/" "Mozilla/5.0 (iPad; CPU OS 8_1 like Mac OS X) AppleWebKit/600.1.4 (KHTML, like Gecko) Version/8.0 Mobile/12B410 Safari/600.1.4" "saveaslave.com"
72.168.96.123 - - [26/Oct/2014:13:39:18 -0700] "GET /images/header.png HTTP/1.1" 200 84658 "http://saveaslave.com/" "Mozilla/5.0 (iPad; CPU OS 8_1 like Mac OS X) AppleWebKit/600.1.4 (KHTML, like Gecko) Version/8.0 Mobile/12B410 Safari/600.1.4" "saveaslave.com"
72.168.96.123 - - [26/Oct/2014:13:39:18 -0700] "GET /images/slaves.jpg HTTP/1.1" 200 64009 "http://saveaslave.com/" "Mozilla/5.0 (iPad; CPU OS 8_1 like Mac OS X) AppleWebKit/600.1.4 (KHTML, like Gecko) Version/8.0 Mobile/12B410 Safari/600.1.4" "saveaslave.com"
72.168.96.123 - - [26/Oct/2014:13:39:26 -0700] "GET /images/header.png HTTP/1.1" 200 65536 "http://saveaslave.com/" "Mozilla/5.0 (iPad; CPU OS 8_1 like Mac OS X) AppleWebKit/600.1.4 (KHTML, like Gecko) Version/8.0 Mobile/12B410 Safari/600.1.4" "saveaslave.com"
72.168.96.123 - - [26/Oct/2014:13:39:26 -0700] "GET /images/givebtn.png HTTP/1.1" 200 26179 "http://saveaslave.com/" "Mozilla/5.0 (iPad; CPU OS 8_1 like Mac OS X) AppleWebKit/600.1.4 (KHTML, like Gecko) Version/8.0 Mobile/12B410 Safari/600.1.4" "saveaslave.com"
72.168.96.123 - - [26/Oct/2014:13:39:26 -0700] "GET /css/style.css HTTP/1.1" 200 600 "http://saveaslave.com/" "Mozilla/5.0 (iPad; CPU OS 8_1 like Mac OS X) AppleWebKit/600.1.4 (KHTML, like Gecko) Version/8.0 Mobile/12B410 Safari/600.1.4" "saveaslave.com"
64.233.172.106 - - [26/Oct/2014:13:39:44 -0700] "GET /images/slaves.jpg HTTP/1.1" 200 64009 "http://saveaslave.com/" "Mozilla/5.0 (X11; Linux x86_64) AppleWebKit/537.36 (KHTML, like Gecko; Google Page Speed Insights) Chrome/27.0.1453 Safari/537.36" "saveaslave.com"
64.233.172.106 - - [26/Oct/2014:13:39:44 -0700] "GET /images/givebtn.png HTTP/1.1" 200 26179 "http://saveaslave.com/" "Mozilla/5.0 (X11; Linux x86_64) AppleWebKit/537.36 (KHTML, like Gecko; Google Page Speed Insights) Chrome/27.0.1453 Safari/537.36" "saveaslave.com"
64.233.172.106 - - [26/Oct/2014:13:39:44 -0700] "GET /images/header.png HTTP/1.1" 200 84658 "http://saveaslave.com/" "Mozilla/5.0 (X11; Linux x86_64) AppleWebKit/537.36 (KHTML, like Gecko; Google Page Speed Insights) Chrome/27.0.1453 Safari/537.36" "saveaslave.com"
208.115.111.70 - - [26/Oct/2014:13:45:14 -0700] "GET /robots.txt HTTP/1.1" 404 89 "-" "Mozilla/5.0 (compatible; DotBot/1.1; http://www.opensiteexplorer.org/dotbot, help@moz.com)" "saveaslave.com"
188.165.15.43 - - [26/Oct/2014:13:46:16 -0700] "GET /algeria.html HTTP/1.1" 200 5386 "-" "Mozilla/5.0 (compatible; AhrefsBot/5.0; +http://ahrefs.com/robot/)" "www.saveaslave.com"
188.165.15.43 - - [26/Oct/2014:13:50:28 -0700] "GET /albania.html HTTP/1.1" 200 5385 "-" "Mozilla/5.0 (compatible; AhrefsBot/5.0; +http://ahrefs.com/robot/)" "www.saveaslave.com"
188.165.15.43 - - [26/Oct/2014:13:51:19 -0700] "GET /australia.html HTTP/1.1" 200 5404 "-" "Mozilla/5.0 (compatible; AhrefsBot/5.0; +http://ahrefs.com/robot/)" "www.saveaslave.com"
188.165.15.43 - - [26/Oct/2014:13:52:32 -0700] "GET /cambodia.html HTTP/1.1" 200 5414 "-" "Mozilla/5.0 (compatible; AhrefsBot/5.0; +http://ahrefs.com/robot/)" "www.saveaslave.com"
208.115.113.86 - - [26/Oct/2014:13:53:32 -0700] "GET /mauritius HTTP/1.1" 404 89 "-" "Mozilla/5.0 (compatible; DotBot/1.1; http://www.opensiteexplorer.org/dotbot, help@moz.com)" "saveaslave.com"
208.115.113.86 - - [26/Oct/2014:13:53:32 -0700] "GET /usa.html HTTP/1.1" 404 89 "-" "Mozilla/5.0 (compatible; DotBot/1.1; http://www.opensiteexplorer.org/dotbot, help@moz.com)" "saveaslave.com"
72.168.96.123 - - [26/Oct/2014:13:57:50 -0700] "GET /images/givebtn.png HTTP/1.1" 200 26179 "http://www.saveaslave.com/" "Mozilla/5.0 (Windows NT 6.1; WOW64; Trident/7.0; rv:11.0) like Gecko" "www.saveaslave.com"
72.168.96.123 - - [26/Oct/2014:13:57:50 -0700] "GET /images/header.png HTTP/1.1" 200 84658 "http://www.saveaslave.com/" "Mozilla/5.0 (Windows NT 6.1; WOW64; Trident/7.0; rv:11.0) like Gecko" "www.saveaslave.com"
72.168.96.123 - - [26/Oct/2014:13:58:00 -0700] "GET /favicon.ico HTTP/1.1" 404 89 "-" "Mozilla/5.0 (Windows NT 6.1; WOW64; Trident/7.0; rv:11.0) like Gecko" "www.saveaslave.com"
72.168.96.123 - - [26/Oct/2014:14:06:31 -0700] "GET / HTTP/1.1" 200 22727 "-" "Mozilla/5.0 (Windows NT 6.1; WOW64; Trident/7.0; rv:11.0) like Gecko" "www.saveaslave.com"
72.168.96.123 - - [26/Oct/2014:14:06:31 -0700] "GET /images/slaves.jpg HTTP/1.1" 200 64009 "http://www.saveaslave.com/" "Mozilla/5.0 (Windows NT 6.1; WOW64; Trident/7.0; rv:11.0) like Gecko" "www.saveaslave.com"
54.173.28.22 - - [26/Oct/2014:14:17:06 -0700] "GET / HTTP/1.1" 200 22727 "-" "Mozilla/5.0 (X11; Linux x86_64) AppleWebKit/537.36 (KHTML, like Gecko) Chrome/29.0.1547.57 Safari/537.36" "saveaslave.com"
65.36.241.77 - - [26/Oct/2014:14:25:15 -0700] "HEAD / HTTP/1.1" 200 0 "-" "InternetSeer.com" "www.saveaslave.com"
157.55.39.50 - - [26/Oct/2014:14:31:17 -0700] "GET /images/Brunei_map.gif HTTP/1.1" 404 89 "-" "Mozilla/5.0 (compatible; bingbot/2.0; +http://www.bing.com/bingbot.htm)" "saveaslave.com"
123.125.71.53 - - [26/Oct/2014:14:51:18 -0700] "GET /burundi.html HTTP/1.1" 200 5405 "-" "Mozilla/5.0 (compatible; Baiduspider/2.0; +http://www.baidu.com/search/spider.html)" "www.saveaslave.com"
65.36.241.77 - - [26/Oct/2014:15:26:51 -0700] "HEAD / HTTP/1.1" 200 0 "-" "InternetSeer.com" "www.saveaslave.com"
208.115.111.70 - - [26/Oct/2014:15:28:52 -0700] "GET /afghanistan HTTP/1.1" 200 5418 "-" "Mozilla/5.0 (compatible; DotBot/1.1; http://www.opensiteexplorer.org/dotbot, help@moz.com)" "www.saveaslave.com"
208.115.111.70 - - [26/Oct/2014:15:28:53 -0700] "GET /gazastrip HTTP/1.1" 404 89 "-" "Mozilla/5.0 (compatible; DotBot/1.1; http://www.opensiteexplorer.org/dotbot, help@moz.com)" "saveaslave.com"
208.115.111.70 - - [26/Oct/2014:15:28:53 -0700] "GET /ireland.html HTTP/1.1" 404 89 "-" "Mozilla/5.0 (compatible; DotBot/1.1; http://www.opensiteexplorer.org/dotbot, help@moz.com)" "saveaslave.com"
220.181.108.171 - - [26/Oct/2014:15:36:47 -0700] "GET /southkorea.html HTTP/1.1" 404 89 "-" "Mozilla/5.0 (compatible; Baiduspider/2.0; +http://www.baidu.com/search/spider.html)" "www.saveaslave.com"
208.115.113.86 - - [26/Oct/2014:15:46:34 -0700] "GET /robots.txt HTTP/1.1" 404 89 "-" "Mozilla/5.0 (compatible; DotBot/1.1; http://www.opensiteexplorer.org/dotbot, help@moz.com)" "www.saveaslave.com"
66.249.69.199 - - [26/Oct/2014:15:53:26 -0700] "GET /maldives.html HTTP/1.1" 404 89 "-" "Mozilla/5.0 (compatible; Googlebot/2.1; +http://www.google.com/bot.html)" "www.saveaslave.com"
66.249.69.199 - - [26/Oct/2014:15:56:45 -0700] "GET /maldives HTTP/1.1" 404 89 "-" "Mozilla/5.0 (compatible; Googlebot/2.1; +http://www.google.com/bot.html)" "www.saveaslave.com"
180.76.6.135 - - [26/Oct/2014:16:36:47 -0700] "GET /fiji HTTP/1.1" 404 89 "-" "Mozilla/5.0 (compatible; Baiduspider/2.0; +http://www.baidu.com/search/spider.html)" "www.saveaslave.com"
180.76.6.136 - - [26/Oct/2014:16:51:46 -0700] "GET /thailand.html HTTP/1.1" 404 89 "-" "Mozilla/5.0 (compatible; Baiduspider/2.0; +http://www.baidu.com/search/spider.html)" "www.saveaslave.com"
220.181.108.101 - - [26/Oct/2014:17:02:13 -0700] "GET /peru.html HTTP/1.1" 404 89 "-" "Mozilla/5.0 (compatible; Baiduspider/2.0; +http://www.baidu.com/search/spider.html)" "www.saveaslave.com"
157.55.39.61 - - [26/Oct/2014:17:32:15 -0700] "GET /iran.html HTTP/1.1" 404 89 "-" "Mozilla/5.0 (compatible; bingbot/2.0; +http://www.bing.com/bingbot.htm)" "www.saveaslave.com"
208.115.113.86 - - [26/Oct/2014:17:43:38 -0700] "GET /rwanda HTTP/1.1" 404 89 "-" "Mozilla/5.0 (compatible; DotBot/1.1; http://www.opensiteexplorer.org/dotbot, help@moz.com)" "www.saveaslave.com"
72.168.96.123 - - [26/Oct/2014:17:46:45 -0700] "GET /css/style.css HTTP/1.1" 200 600 "http://saveaslave.com/" "Mozilla/5.0 (iPad; CPU OS 8_1 like Mac OS X) AppleWebKit/600.1.4 (KHTML, like Gecko) Version/8.0 Mobile/12B410 Safari/600.1.4" "saveaslave.com"
72.168.96.123 - - [26/Oct/2014:17:46:45 -0700] "GET /images/slaves.jpg HTTP/1.1" 200 64009 "http://saveaslave.com/" "Mozilla/5.0 (iPad; CPU OS 8_1 like Mac OS X) AppleWebKit/600.1.4 (KHTML, like Gecko) Version/8.0 Mobile/12B410 Safari/600.1.4" "saveaslave.com"
72.168.96.123 - - [26/Oct/2014:17:46:54 -0700] "GET /images/header.png HTTP/1.1" 304 - "http://saveaslave.com/" "Mozilla/5.0 (iPad; CPU OS 8_1 like Mac OS X) AppleWebKit/600.1.4 (KHTML, like Gecko) Version/8.0 Mobile/12B410 Safari/600.1.4" "saveaslave.com"
72.168.96.123 - - [26/Oct/2014:17:47:23 -0700] "GET /images/slaves.jpg HTTP/1.1" 200 64009 "http://saveaslave.com/" "Mozilla/5.0 (iPad; CPU OS 8_1 like Mac OS X) AppleWebKit/600.1.4 (KHTML, like Gecko) Version/8.0 Mobile/12B410 Safari/600.1.4" "saveaslave.com"
192.99.107.118 - - [26/Oct/2014:18:01:32 -0700] "GET /robots.txt HTTP/1.1" 404 89 "-" "Mozilla/5.0 (compatible; meanpathbot/1.0; +http://www.meanpath.com/meanpathbot.html)" "www.saveaslave.com"
202.46.56.176 - - [26/Oct/2014:18:17:08 -0700] "GET /dominicanrepublic.html HTTP/1.1" 404 89 "-" "Mozilla/5.0 (Windows; U; Windows NT 5.1; zh-CN; rv:1.9.1.2) Firefox/3.5.2" "www.saveaslave.com"
119.147.146.189 - - [26/Oct/2014:18:49:40 -0700] "GET /%e8%81%bd2014-10-14%e8%81%bd HTTP/1.1" 404 89 "-" "Mozilla/4.0 (compatible; MSIE 6.0; Windows NT 5.1; SV1; .NET CLR 2.0.50727; MAXTHON 2.0);" "www.saveaslave.com"
66.249.69.215 - - [26/Oct/2014:18:49:41 -0700] "GET /images/Hong_Kong_region.gif HTTP/1.1" 404 89 "-" "Googlebot-Image/1.0" "www.saveaslave.com"
179.97.72.6 - - [26/Oct/2014:18:57:44 -0700] "GET / HTTP/1.1" 200 22727 "http://supplychainservices.com" "Mozilla/5.0 (Windows NT 6.1; WOW64) AppleWebKit/537.36 (KHTML, like Gecko) Chrome/36.0.1985.143 Safari/537.36" "saveaslave.com"
179.97.72.6 - - [26/Oct/2014:18:57:45 -0700] "GET /images/header.png HTTP/1.1" 200 84658 "http://saveaslave.com/" "Mozilla/5.0 (Windows NT 6.1; WOW64) AppleWebKit/537.36 (KHTML, like Gecko) Chrome/36.0.1985.143 Safari/537.36" "saveaslave.com"
199.15.233.178 - - [26/Oct/2014:19:03:55 -0700] "GET / HTTP/1.0" 200 22727 "http://saveaslave.com/" "Mozilla/5.0 (Windows NT 6.3; WOW64; rv:31.0) Gecko/20100101 Firefox/31.0" "saveaslave.com"
202.46.49.57 - - [26/Oct/2014:19:05:09 -0700] "GET /mauritius HTTP/1.1" 404 89 "-" "Mozilla/5.0 (Windows; U; Windows NT 5.1; zh-CN; rv:1.9.1.2) Firefox/3.5.2" "www.saveaslave.com"
208.115.111.70 - - [26/Oct/2014:19:25:11 -0700] "GET /westernsahara HTTP/1.1" 404 89 "-" "Mozilla/5.0 (compatible; DotBot/1.1; http://www.opensiteexplorer.org/dotbot, help@moz.com)" "saveaslave.com"
208.115.111.70 - - [26/Oct/2014:19:25:12 -0700] "GET /sanmarino.html HTTP/1.1" 404 89 "-" "Mozilla/5.0 (compatible; DotBot/1.1; http://www.opensiteexplorer.org/dotbot, help@moz.com)" "www.saveaslave.com"
199.21.99.206 - - [26/Oct/2014:19:43:06 -0700] "GET /images/Turkmenistan_map.gif HTTP/1.1" 404 89 "-" "Mozilla/5.0 (compatible; YandexBot/3.0; +http://yandex.com/bots)" "saveaslave.com"
208.115.113.86 - - [26/Oct/2014:19:49:56 -0700] "GET /robots.txt HTTP/1.1" 404 89 "-" "Mozilla/5.0 (compatible; DotBot/1.1; http://www.opensiteexplorer.org/dotbot, help@moz.com)" "saveaslave.com"
180.76.5.169 - - [26/Oct/2014:19:53:16 -0700] "GET /togo HTTP/1.1" 404 89 "-" "Mozilla/5.0 (compatible; Baiduspider/2.0; +http://www.baidu.com/search/spider.html)" "www.saveaslave.com"
61.135.189.175 - - [26/Oct/2014:19:53:30 -0700] "GET /robots.txt HTTP/1.1" 404 89 "-" "Sogou web spider/4.0(+http://www.sogou.com/docs/help/webmasters.htm#07)" "saveaslave.com"
100.43.90.13 - - [26/Oct/2014:20:28:29 -0700] "GET /robots.txt HTTP/1.1" 404 89 "-" "Mozilla/5.0 (compatible; YandexBot/3.0; +http://yandex.com/bots)" "saveaslave.com"
195.211.155.253 - - [26/Oct/2014:20:32:29 -0700] "GET /site/?page_id=28 HTTP/1.1" 404 89 "-" "Mozilla/4.0 (compatible; MSIE 6.0; Windows NT 5.1; SV1; Mozilla/4.0 (compatible; MSIE 6.0; Windows NT 5.1; SV1) ; .NET CLR 2.0.50727 ; .NET CLR 4.0.30319)" "saveaslave.com"
65.36.241.77 - - [26/Oct/2014:20:39:09 -0700] "HEAD / HTTP/1.1" 200 0 "-" "InternetSeer.com" "www.saveaslave.com"
134.249.76.28 - - [26/Oct/2014:20:53:21 -0700] "GET / HTTP/1.1" 200 22727 "http://pechatay-prosto.ru/" "Mozilla/4.0 (compatible; MSIE 6.0; Windows NT 5.1; MyIE2; Deepnet Explorer)" "saveaslave.com"
144.76.85.195 - - [26/Oct/2014:20:59:03 -0700] "GET /robots.txt HTTP/1.1" 404 89 "-" "Mozilla/5.0 (compatible; 007ac9 Crawler; http://crawler.007ac9.net/)" "www.saveaslave.com"
144.76.85.195 - - [26/Oct/2014:20:59:04 -0700] "GET /resources.html HTTP/1.1" 200 14479 "-" "Mozilla/5.0 (compatible; 007ac9 Crawler; http://crawler.007ac9.net/)" "www.saveaslave.com"
144.76.85.195 - - [26/Oct/2014:20:59:06 -0700] "GET /andorra.html HTTP/1.1" 200 5386 "-" "Mozilla/5.0 (compatible; 007ac9 Crawler; http://crawler.007ac9.net/)" "www.saveaslave.com"
144.76.85.195 - - [26/Oct/2014:20:59:07 -0700] "GET /antigua-and-barbuda.html HTTP/1.1" 200 5462 "-" "Mozilla/5.0 (compatible; 007ac9 Crawler; http://crawler.007ac9.net/)" "www.saveaslave.com"
144.76.85.195 - - [26/Oct/2014:20:59:07 -0700] "GET /argentina.html HTTP/1.1" 200 5404 "-" "Mozilla/5.0 (compatible; 007ac9 Crawler; http://crawler.007ac9.net/)" "www.saveaslave.com"
144.76.85.195 - - [26/Oct/2014:20:59:08 -0700] "GET /armenia.html HTTP/1.1" 200 5385 "-" "Mozilla/5.0 (compatible; 007ac9 Crawler; http://crawler.007ac9.net/)" "www.saveaslave.com"
144.76.85.195 - - [26/Oct/2014:20:59:08 -0700] "GET /aruba.html HTTP/1.1" 200 14643 "-" "Mozilla/5.0 (compatible; 007ac9 Crawler; http://crawler.007ac9.net/)" "www.saveaslave.com"
144.76.85.195 - - [26/Oct/2014:20:59:09 -0700] "GET /austria.html HTTP/1.1" 200 5382 "-" "Mozilla/5.0 (compatible; 007ac9 Crawler; http://crawler.007ac9.net/)" "www.saveaslave.com"
144.76.85.195 - - [26/Oct/2014:20:59:11 -0700] "GET /bahrain.html HTTP/1.1" 200 5404 "-" "Mozilla/5.0 (compatible; 007ac9 Crawler; http://crawler.007ac9.net/)" "www.saveaslave.com"
144.76.85.195 - - [26/Oct/2014:20:59:12 -0700] "GET /bangladesh.html HTTP/1.1" 200 5432 "-" "Mozilla/5.0 (compatible; 007ac9 Crawler; http://crawler.007ac9.net/)" "www.saveaslave.com"
144.76.85.195 - - [26/Oct/2014:20:59:12 -0700] "GET /barbados.html HTTP/1.1" 200 5414 "-" "Mozilla/5.0 (compatible; 007ac9 Crawler; http://crawler.007ac9.net/)" "www.saveaslave.com"
144.76.85.195 - - [26/Oct/2014:20:59:14 -0700] "GET /benin.html HTTP/1.1" 200 5387 "-" "Mozilla/5.0 (compatible; 007ac9 Crawler; http://crawler.007ac9.net/)" "www.saveaslave.com"
144.76.85.195 - - [26/Oct/2014:20:59:15 -0700] "GET /bolivia.html HTTP/1.1" 200 5400 "-" "Mozilla/5.0 (compatible; 007ac9 Crawler; http://crawler.007ac9.net/)" "www.saveaslave.com"
144.76.85.195 - - [26/Oct/2014:20:59:17 -0700] "GET /brazil.html HTTP/1.1" 200 5396 "-" "Mozilla/5.0 (compatible; 007ac9 Crawler; http://crawler.007ac9.net/)" "www.saveaslave.com"
144.76.85.195 - - [26/Oct/2014:20:59:17 -0700] "GET /brunei.html HTTP/1.1" 200 5396 "-" "Mozilla/5.0 (compatible; 007ac9 Crawler; http://crawler.007ac9.net/)" "www.saveaslave.com"
144.76.85.195 - - [26/Oct/2014:20:59:18 -0700] "GET /bulgaria.html HTTP/1.1" 200 5414 "-" "Mozilla/5.0 (compatible; 007ac9 Crawler; http://crawler.007ac9.net/)" "www.saveaslave.com"
144.76.85.195 - - [26/Oct/2014:20:59:18 -0700] "GET /burkina-faso.html HTTP/1.1" 200 5450 "-" "Mozilla/5.0 (compatible; 007ac9 Crawler; http://crawler.007ac9.net/)" "www.saveaslave.com"
144.76.85.195 - - [26/Oct/2014:20:59:18 -0700] "GET /burma.html HTTP/1.1" 200 5387 "-" "Mozilla/5.0 (compatible; 007ac9 Crawler; http://crawler.007ac9.net/)" "www.saveaslave.com"
144.76.85.195 - - [26/Oct/2014:20:59:19 -0700] "GET /cambodia.html HTTP/1.1" 200 5414 "-" "Mozilla/5.0 (compatible; 007ac9 Crawler; http://crawler.007ac9.net/)" "www.saveaslave.com"
144.76.85.195 - - [26/Oct/2014:20:59:20 -0700] "GET /cameroon.html HTTP/1.1" 200 5414 "-" "Mozilla/5.0 (compatible; 007ac9 Crawler; http://crawler.007ac9.net/)" "www.saveaslave.com"
144.76.85.195 - - [26/Oct/2014:20:59:20 -0700] "GET /canada.html HTTP/1.1" 200 5396 "-" "Mozilla/5.0 (compatible; 007ac9 Crawler; http://crawler.007ac9.net/)" "www.saveaslave.com"
144.76.85.195 - - [26/Oct/2014:20:59:22 -0700] "GET /www.unicef.org HTTP/1.1" 404 89 "-" "Mozilla/5.0 (compatible; 007ac9 Crawler; http://crawler.007ac9.net/)" "www.saveaslave.com"
100.43.90.13 - - [26/Oct/2014:21:17:25 -0700] "GET /images/Mauritania_region.gif HTTP/1.1" 404 89 "-" "Mozilla/5.0 (compatible; YandexBot/3.0; +http://yandex.com/bots)" "saveaslave.com"
66.249.69.199 - - [26/Oct/2014:21:38:00 -0700] "GET /paraguay HTTP/1.1" 404 89 "-" "Mozilla/5.0 (compatible; Googlebot/2.1; +http://www.google.com/bot.html)" "www.saveaslave.com"
61.135.189.175 - - [26/Oct/2014:21:39:43 -0700] "GET / HTTP/1.1" 200 22727 "-" "Sogou web spider/4.0(+http://www.sogou.com/docs/help/webmasters.htm#07)" "www.saveaslave.com"
65.36.241.77 - - [26/Oct/2014:21:42:12 -0700] "HEAD / HTTP/1.1" 200 0 "-" "InternetSeer.com" "www.saveaslave.com"
66.249.69.90 - - [26/Oct/2014:21:43:06 -0700] "GET /robots.txt HTTP/1.1" 404 89 "-" "Mozilla/5.0 (compatible; Googlebot/2.1; +http://www.google.com/bot.html)" "saveaslave.com"
208.115.111.70 - - [26/Oct/2014:21:47:12 -0700] "GET /robots.txt HTTP/1.1" 404 89 "-" "Mozilla/5.0 (compatible; DotBot/1.1; http://www.opensiteexplorer.org/dotbot, help@moz.com)" "www.saveaslave.com"
208.115.111.70 - - [26/Oct/2014:21:47:12 -0700] "GET /robots.txt HTTP/1.1" 404 89 "-" "Mozilla/5.0 (compatible; DotBot/1.1; http://www.opensiteexplorer.org/dotbot, help@moz.com)" "saveaslave.com"
183.60.213.5 - - [26/Oct/2014:21:58:09 -0700] "GET /site/?page_id=28 HTTP/1.1" 404 89 "-" "Mozilla/5.0 (compatible; EasouSpider; +http://www.easou.com/search/spider.html)" "saveaslave.com"
66.249.69.90 - - [26/Oct/2014:22:01:12 -0700] "GET /yemen.html HTTP/1.1" 404 89 "-" "Mozilla/5.0 (compatible; Googlebot/2.1; +http://www.google.com/bot.html)" "saveaslave.com"
23.23.242.178 - - [26/Oct/2014:22:31:00 -0700] "GET /guinea HTTP/1.1" 404 89 "-" "Mozilla/5.0 (Windows; U; Windows NT 5.1; en-US; rv:1.9.2.8) Gecko/20100722 Firefox/3.6.8" "www.saveaslave.com"
54.243.48.119 - - [26/Oct/2014:22:35:04 -0700] "GET /yemen.html HTTP/1.1" 404 89 "-" "Mozilla/5.0 (Windows; U; Windows NT 5.1; en-US; rv:1.9.2.8) Gecko/20100722 Firefox/3.6.8" "saveaslave.com"
65.36.241.77 - - [26/Oct/2014:22:43:43 -0700] "HEAD / HTTP/1.1" 200 0 "-" "InternetSeer.com" "www.saveaslave.com"
183.60.215.43 - - [26/Oct/2014:23:06:18 -0700] "GET /uganda HTTP/1.1" 404 89 "-" "Mozilla/5.0 (compatible; EasouSpider; +http://www.easou.com/search/spider.html)" "saveaslave.com"
178.255.215.77 - - [26/Oct/2014:23:19:28 -0700] "GET /robots.txt HTTP/1.1" 404 89 "-" "Mozilla/5.0 (compatible; Exabot/3.0; +http://www.exabot.com/go/robot)" "saveaslave.com"
104.194.4.3 - - [26/Oct/2014:23:27:41 -0700] "GET /plus/download.php?open=1&arrs1[]=99&arrs1[]=102&arrs1[]=103&arrs1[]=95&arrs1[]=100&arrs1[]=98&arrs1[]=112&arrs1[]=114&arrs1[]=101&arrs1[]=102&arrs1[]=105&arrs1[]=120&arrs2[]=109&arrs2[]=121&arrs2[]=116&arrs2[]=97&arrs2[]=103&arrs2[]=96&arrs2[]=32&arrs2[]=40&arrs2[]=97&arrs2[]=105&arrs2[]=100&arrs2[]=44&arrs2[]=101&arrs2[]=120&arrs2[]=112&arrs2[]=98&arrs2[]=111&arrs2[]=100&arrs2[]=121&arrs2[]=44&arrs2[]=110&arrs2[]=111&arrs2[]=114&arrs2[]=109&arrs2[]=98&arrs2[]=111&arrs2[]=100&arrs2[]=121&arrs2[]=41&arrs2[]=32&arrs2[]=86&arrs2[]=65&arrs2[]=76&arrs2[]=85&arrs2[]=69&arrs2[]=83&arrs2[]=40&arrs2[]=53&arrs2[]=53&arrs2[]=53&arrs2[]=49&arrs2[]=53&arrs2[]=44&arrs2[]=64&arrs2[]=96&arrs2[]=92&arrs2[]=39&arrs2[]=96&arrs2[]=44&arrs2[]=39&arrs2[]=123&arrs2[]=100&arrs2[]=101&arrs2[]=100&arrs2[]=101&arrs2[]=58&arrs2[]=112&arrs2[]=104&arrs2[]=112&arrs2[]=125&arrs2[]=102&arrs2[]=105&arrs2[]=108&arrs2[]=101&arrs2[]=95&arrs2[]=112&arrs2[]=117&arrs2[]=116&arrs2[]=95&arrs2[]=99&arrs2[]=111&arrs2[]=110&arrs2[]=116&arrs2[]=101&arrs2[]=110&arrs2[]=116&arrs2[]=115&arrs2[]=40&arrs2[]=39&arrs2[]=39&arrs2[]=120&arrs2[]=115&arrs2[]=118&arrs2[]=105&arrs2[]=112&arrs2[]=46&arrs2[]=112&arrs2[]=104&arrs2[]=112&arrs2[]=39&arrs2[]=39&arrs2[]=44&arrs2[]=39&arrs2[]=39&arrs2[]=60&arrs2[]=63&arrs2[]=112&arrs2[]=104&arrs2[]=112&arrs2[]=32&arrs2[]=101&arrs2[]=118&arrs2[]=97&arrs2[]=108&arrs2[]=40&arrs2[]=36&arrs2[]=95&arrs2[]=80&arrs2[]=79&arrs2[]=83&arrs2[]=84&arrs2[]=91&arrs2[]=120&arrs2[]=105&arrs2[]=110&arrs2[]=115&arrs2[]=117&arrs2[]=105&arrs2[]=93&arrs2[]=41&arrs2[]=59&arrs2[]=63&arrs2[]=62&arrs2[]=86&arrs2[]=73&arrs2[]=80&arrs2[]=50&arrs2[]=46&arrs2[]=49&arrs2[]=39&arrs2[]=39&arrs2[]=41&arrs2[]=59&arrs2[]=123&arrs2[]=47&arrs2[]=100&arrs2[]=101&arrs2[]=100&arrs2[]=101&arrs2[]=58&arrs2[]=112&arrs2[]=104&arrs2[]=112&arrs2[]=125&arrs2[]=39&arrs2[]=41&arrs2[]=32&arrs2[]=35&arrs2[]=32&arrs2[]=64&arrs2[]=96&arrs2[]=92&arrs2[]=39&arrs2[]=96 HTTP/1.1" 404 89 "-" "Mozilla/4.0 (compatible; MSIE 6.0; Windows NT 5.0)" "saveaslave.com"
66.249.69.199 - - [26/Oct/2014:23:28:14 -0700] "GET /macau HTTP/1.1" 404 89 "-" "Mozilla/5.0 (compatible; Googlebot/2.1; +http://www.google.com/bot.html)" "www.saveaslave.com"
208.115.111.70 - - [26/Oct/2014:23:34:25 -0700] "GET /djibouti.html HTTP/1.1" 404 89 "-" "Mozilla/5.0 (compatible; DotBot/1.1; http://www.opensiteexplorer.org/dotbot, help@moz.com)" "saveaslave.com"
130.65.251.50 - - [26/Oct/2014:23:34:39 -0700] "GET /images/Niger_flag.gif HTTP/1.1" 404 89 "https://www.google.com/" "Mozilla/5.0 (Macintosh; Intel Mac OS X 10_9_4) AppleWebKit/537.36 (KHTML, like Gecko) Chrome/38.0.2125.104 Safari/537.36" "www.saveaslave.com"
67.169.66.5 - - [26/Oct/2014:23:43:28 -0700] "GET /images/Sweden_flag.gif HTTP/1.1" 404 89 "-" "Mozilla/5.0 (Macintosh; Intel Mac OS X 10_10) AppleWebKit/600.1.25 (KHTML, like Gecko) Version/8.0 Safari/600.1.25" "www.saveaslave.com"
46.118.159.178 - - [26/Oct/2014:23:56:41 -0700] "GET / HTTP/1.1" 200 22727 "http://shantui-xcmg.tiu.ru/" "Mozilla/0.91 Beta (Windows)" "saveaslave.com"
65.36.241.77 - - [27/Oct/2014:00:48:48 -0700] "HEAD / HTTP/1.1" 200 0 "-" "InternetSeer.com" "www.saveaslave.com"
23.95.25.75 - - [27/Oct/2014:01:03:16 -0700] "GET /Adoption.html HTTP/1.1" 404 89 "-" "Mozilla/5.0 (Windows NT 6.1; WOW64) AppleWebKit/537.36 (KHTML, like Gecko) Chrome/35.0.1916.153 Safari/537.36" "www.saveaslave.com"
66.249.69.183 - - [27/Oct/2014:01:12:30 -0700] "GET /mongolia HTTP/1.1" 404 89 "-" "Mozilla/5.0 (compatible; Googlebot/2.1; +http://www.google.com/bot.html)" "www.saveaslave.com"
66.249.69.106 - - [27/Oct/2014:01:20:21 -0700] "GET /sweden HTTP/1.1" 404 89 "-" "Mozilla/5.0 (compatible; Googlebot/2.1; +http://www.google.com/bot.html)" "saveaslave.com"
178.137.94.81 - - [27/Oct/2014:01:27:09 -0700] "GET / HTTP/1.1" 200 22727 "http://megakalyan.com/" "Mozilla/4.0 (compatible; MSIE 6.0; Windows NT 5.1; SV1)" "saveaslave.com"
66.249.69.215 - - [27/Oct/2014:01:30:02 -0700] "GET /svalbard.html HTTP/1.1" 404 89 "-" "Mozilla/5.0 (compatible; Googlebot/2.1; +http://www.google.com/bot.html)" "www.saveaslave.com"
66.249.69.106 - - [27/Oct/2014:01:31:43 -0700] "GET /svalbard.html HTTP/1.1" 404 89 "-" "Mozilla/5.0 (compatible; Googlebot/2.1; +http://www.google.com/bot.html)" "saveaslave.com"
208.115.111.70 - - [27/Oct/2014:01:45:29 -0700] "GET /robots.txt HTTP/1.1" 404 89 "-" "Mozilla/5.0 (compatible; DotBot/1.1; http://www.opensiteexplorer.org/dotbot, help@moz.com)" "www.saveaslave.com"
208.115.111.70 - - [27/Oct/2014:01:45:29 -0700] "GET /robots.txt HTTP/1.1" 404 89 "-" "Mozilla/5.0 (compatible; DotBot/1.1; http://www.opensiteexplorer.org/dotbot, help@moz.com)" "saveaslave.com"
65.36.241.77 - - [27/Oct/2014:01:49:56 -0700] "HEAD / HTTP/1.1" 200 0 "-" "InternetSeer.com" "www.saveaslave.com"
66.249.69.106 - - [27/Oct/2014:01:53:45 -0700] "GET /zimbabwe HTTP/1.1" 404 89 "-" "Mozilla/5.0 (compatible; Googlebot/2.1; +http://www.google.com/bot.html)" "saveaslave.com"
208.115.113.86 - - [27/Oct/2014:01:54:16 -0700] "GET /azerbaijan HTTP/1.1" 200 5411 "-" "Mozilla/5.0 (compatible; DotBot/1.1; http://www.opensiteexplorer.org/dotbot, help@moz.com)" "www.saveaslave.com"
208.115.113.86 - - [27/Oct/2014:01:54:16 -0700] "GET /germany HTTP/1.1" 404 89 "-" "Mozilla/5.0 (compatible; DotBot/1.1; http://www.opensiteexplorer.org/dotbot, help@moz.com)" "www.saveaslave.com"
208.115.113.86 - - [27/Oct/2014:01:54:17 -0700] "GET /uruguay.html HTTP/1.1" 404 89 "-" "Mozilla/5.0 (compatible; DotBot/1.1; http://www.opensiteexplorer.org/dotbot, help@moz.com)" "www.saveaslave.com"
208.115.113.86 - - [27/Oct/2014:01:54:17 -0700] "GET /elsalvador.html HTTP/1.1" 404 89 "-" "Mozilla/5.0 (compatible; DotBot/1.1; http://www.opensiteexplorer.org/dotbot, help@moz.com)" "saveaslave.com"
208.115.113.86 - - [27/Oct/2014:01:54:17 -0700] "GET /index.html HTTP/1.1" 200 23105 "-" "Mozilla/5.0 (compatible; DotBot/1.1; http://www.opensiteexplorer.org/dotbot, help@moz.com)" "saveaslave.com"
208.115.113.86 - - [27/Oct/2014:01:54:17 -0700] "GET /jordan.html HTTP/1.1" 404 89 "-" "Mozilla/5.0 (compatible; DotBot/1.1; http://www.opensiteexplorer.org/dotbot, help@moz.com)" "saveaslave.com"
208.80.192.33 - - [27/Oct/2014:01:58:57 -0700] "GET /site/?p=56 HTTP/1.0" 404 73 "-" "Mozilla/5.0 (Windows NT 5.1) Gecko/20100101 Firefox/5.0" "saveaslave.com"
183.60.214.12 - - [27/Oct/2014:02:01:59 -0700] "GET /venezuela HTTP/1.1" 404 89 "-" "Mozilla/5.0 (compatible; EasouSpider; +http://www.easou.com/search/spider.html)" "saveaslave.com"
62.210.38.184 - - [27/Oct/2014:02:20:10 -0700] "GET /site/?p=2 HTTP/1.1" 404 89 "-" "Mozilla/4.0 (compatible; MSIE 6.0; Windows NT 5.1; SV1; Mozilla/4.0 (compatible; MSIE 6.0; Windows NT 5.1; SV1) )" "saveaslave.com"
54.243.48.119 - - [27/Oct/2014:02:33:03 -0700] "GET /zimbabwe.html HTTP/1.1" 404 89 "-" "Mozilla/5.0 (Windows; U; Windows NT 5.1; en-US; rv:1.9.2.8) Gecko/20100722 Firefox/3.6.8" "saveaslave.com"
65.36.241.77 - - [27/Oct/2014:02:51:08 -0700] "HEAD / HTTP/1.1" 200 0 "-" "InternetSeer.com" "www.saveaslave.com"
219.117.192.104 - - [27/Oct/2014:03:09:09 -0700] "GET /american_samoa.html HTTP/1.1" 404 89 "-" "Mozilla/4.0 (compatible; MSIE 6.0; Windows NT 5.1; SV1; .NET CLR 1.1.4322)" "saveaslave.com"
66.249.69.106 - - [27/Oct/2014:03:31:13 -0700] "GET /sanmarino.html HTTP/1.1" 404 89 "-" "Mozilla/5.0 (compatible; Googlebot/2.1; +http://www.google.com/bot.html)" "saveaslave.com"
208.115.111.70 - - [27/Oct/2014:03:31:17 -0700] "GET /belarus HTTP/1.1" 200 5417 "-" "Mozilla/5.0 (compatible; DotBot/1.1; http://www.opensiteexplorer.org/dotbot, help@moz.com)" "saveaslave.com"
208.115.111.70 - - [27/Oct/2014:03:31:17 -0700] "GET /czechrepublic HTTP/1.1" 404 89 "-" "Mozilla/5.0 (compatible; DotBot/1.1; http://www.opensiteexplorer.org/dotbot, help@moz.com)" "saveaslave.com"
208.115.111.70 - - [27/Oct/2014:03:31:18 -0700] "GET /somalia HTTP/1.1" 404 89 "-" "Mozilla/5.0 (compatible; DotBot/1.1; http://www.opensiteexplorer.org/dotbot, help@moz.com)" "saveaslave.com"
208.115.111.70 - - [27/Oct/2014:03:31:18 -0700] "GET /usa HTTP/1.1" 404 89 "-" "Mozilla/5.0 (compatible; DotBot/1.1; http://www.opensiteexplorer.org/dotbot, help@moz.com)" "saveaslave.com"
208.115.111.70 - - [27/Oct/2014:03:31:18 -0700] "GET /uzbekistan HTTP/1.1" 404 89 "-" "Mozilla/5.0 (compatible; DotBot/1.1; http://www.opensiteexplorer.org/dotbot, help@moz.com)" "saveaslave.com"
208.115.111.70 - - [27/Oct/2014:03:31:18 -0700] "GET /papuanewguinea.html HTTP/1.1" 404 89 "-" "Mozilla/5.0 (compatible; DotBot/1.1; http://www.opensiteexplorer.org/dotbot, help@moz.com)" "www.saveaslave.com"
23.23.242.178 - - [27/Oct/2014:03:35:35 -0700] "GET /zimbabwe.html HTTP/1.1" 404 89 "-" "Mozilla/5.0 (Windows; U; Windows NT 5.1; en-US; rv:1.9.2.8) Gecko/20100722 Firefox/3.6.8" "saveaslave.com"
65.36.241.77 - - [27/Oct/2014:03:51:57 -0700] "HEAD / HTTP/1.1" 200 0 "-" "InternetSeer.com" "www.saveaslave.com"
66.249.69.122 - - [27/Oct/2014:04:03:51 -0700] "GET /sitebuilder/images/Nav_Bar_Main-0-inactive-79928.png HTTP/1.1" 404 89 "-" "Googlebot-Image/1.0" "saveaslave.com"
66.249.69.215 - - [27/Oct/2014:04:08:29 -0700] "GET /pakistan HTTP/1.1" 404 89 "-" "Mozilla/5.0 (compatible; Googlebot/2.1; +http://www.google.com/bot.html)" "www.saveaslave.com"
66.249.69.90 - - [27/Oct/2014:04:17:01 -0700] "GET /cocos.html HTTP/1.1" 404 89 "-" "Mozilla/5.0 (compatible; Googlebot/2.1; +http://www.google.com/bot.html)" "saveaslave.com"
66.249.69.106 - - [27/Oct/2014:04:17:01 -0700] "GET /pakistan HTTP/1.1" 404 89 "-" "Mozilla/5.0 (compatible; Googlebot/2.1; +http://www.google.com/bot.html)" "saveaslave.com"
54.243.48.119 - - [27/Oct/2014:04:20:42 -0700] "GET /tonga.html HTTP/1.1" 404 89 "-" "Mozilla/5.0 (Windows; U; Windows NT 5.1; en-US; rv:1.9.2.8) Gecko/20100722 Firefox/3.6.8" "saveaslave.com"
66.249.93.6 - - [27/Oct/2014:04:22:05 -0700] "GET /images/Serbia_map.gif HTTP/1.1" 404 89 "-" "Mozilla/5.0 (Windows NT 5.1; rv:11.0) Gecko Firefox/11.0 (via ggpht.com GoogleImageProxy)" "www.saveaslave.com"
195.154.181.15 - - [27/Oct/2014:04:32:58 -0700] "GET /site/?p=2 HTTP/1.0" 404 73 "http://saveaslave.com/site/?p=2" "Mozilla/5.0 (Windows NT 6.3; WOW64) AppleWebKit/537.36 (KHTML, like Gecko) Chrome/36.0.1985.143 Safari/537.36" "saveaslave.com"
195.154.181.15 - - [27/Oct/2014:04:32:58 -0700] "GET / HTTP/1.0" 200 22727 "http://saveaslave.com/" "Mozilla/5.0 (Windows NT 6.3; WOW64) AppleWebKit/537.36 (KHTML, like Gecko) Chrome/36.0.1985.143 Safari/537.36" "saveaslave.com"
66.249.69.106 - - [27/Oct/2014:04:36:44 -0700] "GET /rwanda HTTP/1.1" 404 89 "-" "Mozilla/5.0 (compatible; Googlebot/2.1; +http://www.google.com/bot.html)" "saveaslave.com"
199.21.99.206 - - [27/Oct/2014:04:40:29 -0700] "GET /images/Maldives_map.gif HTTP/1.1" 404 89 "-" "Mozilla/5.0 (compatible; YandexBot/3.0; +http://yandex.com/bots)" "saveaslave.com"
