157.55.39.186 - - [31/May/2015:17:23:02 -0700] "GET /images/countrymap/iceland.gif HTTP/1.1" 200 18946 "-" "msnbot-media/1.1 (+http://search.msn.com/msnbot.htm)" "www.saveaslave.com"
157.55.39.186 - - [31/May/2015:17:23:02 -0700] "GET /images/countrymap/colombia.jpg HTTP/1.1" 200 57219 "-" "msnbot-media/1.1 (+http://search.msn.com/msnbot.htm)" "www.saveaslave.com"
157.55.39.186 - - [31/May/2015:17:23:02 -0700] "GET /images/countrymap/uganda.jpg HTTP/1.1" 200 29013 "-" "msnbot-media/1.1 (+http://search.msn.com/msnbot.htm)" "www.saveaslave.com"
157.55.39.186 - - [31/May/2015:17:23:02 -0700] "GET /algeria HTTP/1.1" 200 5626 "-" "Mozilla/5.0 (compatible; bingbot/2.0; +http://www.bing.com/bingbot.htm)" "www.saveaslave.com"
157.55.39.186 - - [31/May/2015:17:27:19 -0700] "GET /images/countrymap/macedonia.gif HTTP/1.1" 200 17180 "-" "msnbot-media/1.1 (+http://search.msn.com/msnbot.htm)" "www.saveaslave.com"
157.55.39.186 - - [31/May/2015:17:27:19 -0700] "GET /burundi HTTP/1.1" 200 5657 "-" "Mozilla/5.0 (compatible; bingbot/2.0; +http://www.bing.com/bingbot.htm)" "www.saveaslave.com"
157.55.39.186 - - [31/May/2015:17:27:20 -0700] "GET /albania HTTP/1.1" 200 6060 "-" "Mozilla/5.0 (compatible; bingbot/2.0; +http://www.bing.com/bingbot.htm)" "www.saveaslave.com"
157.55.39.186 - - [31/May/2015:17:27:20 -0700] "GET /azkaban.html HTTP/1.1" 200 12664 "-" "Mozilla/5.0 (compatible; bingbot/2.0; +http://www.bing.com/bingbot.htm)" "www.saveaslave.com"
207.46.13.5 - - [31/May/2015:18:20:59 -0700] "GET /benin HTTP/1.1" 200 5639 "-" "Mozilla/5.0 (compatible; bingbot/2.0; +http://www.bing.com/bingbot.htm)" "www.saveaslave.com"
72.179.191.51 - - [31/May/2015:18:27:04 -0700] "GET /images/countrymap/solomon-islands.gif HTTP/1.1" 200 122217 "http://www.bing.com/images/search?q=solomon+islands&view=detailv2&&qpvt=solomon+islands&id=F86586F69A78D197C76642390305F9A89D2E9393&selectedIndex=3&ccid=qHZwVTk1&simid=608023595664081737&thid=JN.2SNmVOvG3nkFCVvLcT0BTA&mode=overlay" "Mozilla/5.0 (Windows NT 6.3; WOW64; Trident/7.0; MATBJS; rv:11.0) like Gecko" "www.saveaslave.com"
23.23.242.178 - - [31/May/2015:18:30:10 -0700] "GET / HTTP/1.1" 200 23116 "-" "Mozilla/5.0 (Windows; U; Windows NT 5.1; en-US; rv:1.9.2.8) Gecko/20100722 Firefox/3.6.8" "saveaslave.com"
107.77.87.87 - - [31/May/2015:19:00:53 -0700] "GET /images/countrymap/bosnia-herzegovina.jpg HTTP/1.1" 200 42063 "https://www.google.com/" "Mozilla/5.0 (iPhone; CPU iPhone OS 8_3 like Mac OS X) AppleWebKit/600.1.4 (KHTML, like Gecko) Version/8.0 Mobile/12F70 Safari/600.1.4" "www.saveaslave.com"
37.115.187.54 - - [31/May/2015:19:06:00 -0700] "GET /robots.txt HTTP/1.1" 404 89 "-" "Mozilla/5.0 (Windows NT 6.3; WOW64; rv:36.0) Gecko/20100101 Firefox/36.0" "www.saveaslave.com"
37.115.187.54 - - [31/May/2015:19:06:00 -0700] "GET /xmlrpc.php?rsd HTTP/1.1" 200 73 "-" "Mozilla/5.0 (Windows NT 6.3; WOW64; rv:36.0) Gecko/20100101 Firefox/36.0" "www.saveaslave.com"
37.115.187.54 - - [31/May/2015:19:06:00 -0700] "GET / HTTP/1.1" 200 23116 "-" "Mozilla/5.0 (Windows NT 6.3; WOW64; rv:36.0) Gecko/20100101 Firefox/36.0" "www.saveaslave.com"
150.37.251.34 - - [31/May/2015:19:22:26 -0700] "GET /solomon-islands.html HTTP/1.1" 200 5755 "https://www.google.co.jp/" "Mozilla/5.0 (Macintosh; Intel Mac OS X 10_10_3) AppleWebKit/600.5.17 (KHTML, like Gecko) Version/8.0.5 Safari/600.5.17" "www.saveaslave.com"
150.37.251.34 - - [31/May/2015:19:22:26 -0700] "GET /css/style.css HTTP/1.1" 200 1400 "http://www.saveaslave.com/solomon-islands.html" "Mozilla/5.0 (Macintosh; Intel Mac OS X 10_10_3) AppleWebKit/600.5.17 (KHTML, like Gecko) Version/8.0.5 Safari/600.5.17" "www.saveaslave.com"
150.37.251.34 - - [31/May/2015:19:22:26 -0700] "GET /images/countrymap/solomon-islands-flag.gif HTTP/1.1" 200 28751 "http://www.saveaslave.com/solomon-islands.html" "Mozilla/5.0 (Macintosh; Intel Mac OS X 10_10_3) AppleWebKit/600.5.17 (KHTML, like Gecko) Version/8.0.5 Safari/600.5.17" "www.saveaslave.com"
150.37.251.34 - - [31/May/2015:19:22:26 -0700] "GET /images/header.png HTTP/1.1" 200 104524 "http://www.saveaslave.com/solomon-islands.html" "Mozilla/5.0 (Macintosh; Intel Mac OS X 10_10_3) AppleWebKit/600.5.17 (KHTML, like Gecko) Version/8.0.5 Safari/600.5.17" "www.saveaslave.com"
120.89.106.11 - - [31/May/2015:19:29:37 -0700] "GET /images/countrymap/solomon-islands.gif HTTP/1.1" 200 122217 "https://www.google.com.np/" "Mozilla/5.0 (Windows NT 6.3; WOW64) AppleWebKit/537.36 (KHTML, like Gecko) Chrome/43.0.2357.81 Safari/537.36" "www.saveaslave.com"
120.89.106.11 - - [31/May/2015:19:29:42 -0700] "GET /solomon-islands.html HTTP/1.1" 200 5755 "https://www.google.com.np/" "Mozilla/5.0 (Windows NT 6.3; WOW64) AppleWebKit/537.36 (KHTML, like Gecko) Chrome/43.0.2357.81 Safari/537.36" "www.saveaslave.com"
120.89.106.11 - - [31/May/2015:19:29:44 -0700] "GET /images/sas_button.gif HTTP/1.1" 200 2628 "http://www.saveaslave.com/solomon-islands.html" "Mozilla/5.0 (Windows NT 6.3; WOW64) AppleWebKit/537.36 (KHTML, like Gecko) Chrome/43.0.2357.81 Safari/537.36" "www.saveaslave.com"
120.89.106.11 - - [31/May/2015:19:29:44 -0700] "GET /images/countrymap/solomon-islands-flag.gif HTTP/1.1" 200 28751 "http://www.saveaslave.com/solomon-islands.html" "Mozilla/5.0 (Windows NT 6.3; WOW64) AppleWebKit/537.36 (KHTML, like Gecko) Chrome/43.0.2357.81 Safari/537.36" "www.saveaslave.com"
120.89.106.11 - - [31/May/2015:19:29:47 -0700] "GET /images/countrymap/solomon-islands.gif HTTP/1.1" 206 66669 "https://www.google.com.np/" "Mozilla/5.0 (Windows NT 6.3; WOW64) AppleWebKit/537.36 (KHTML, like Gecko) Chrome/43.0.2357.81 Safari/537.36" "www.saveaslave.com"
178.255.215.78 - - [31/May/2015:19:39:24 -0700] "GET /belarus.html HTTP/1.1" 200 5670 "-" "Mozilla/5.0 (compatible; Exabot/3.0; +http://www.exabot.com/go/robot)" "www.saveaslave.com"
65.36.241.48 - - [31/May/2015:19:43:20 -0700] "HEAD / HTTP/1.1" 200 0 "-" "InternetSeer.com" "www.saveaslave.com"
14.100.132.116 - - [31/May/2015:20:07:01 -0700] "GET /images/countrymap/bosnia-herzegovina.jpg HTTP/1.1" 200 42063 "https://www.google.com.sg/" "Mozilla/5.0 (iPhone; CPU iPhone OS 8_2 like Mac OS X) AppleWebKit/600.1.4 (KHTML, like Gecko) Version/8.0 Mobile/12D508 Safari/600.1.4" "www.saveaslave.com"
119.74.157.146 - - [31/May/2015:20:40:07 -0700] "GET /images/countrymap/bosnia-herzegovina.jpg HTTP/1.1" 200 42063 "https://www.google.com.sg/" "Mozilla/5.0 (Macintosh; Intel Mac OS X 10_9_5) AppleWebKit/600.5.17 (KHTML, like Gecko) Version/7.1.5 Safari/537.85.14" "www.saveaslave.com"
64.233.173.238 - - [31/May/2015:20:55:34 -0700] "GET /images/countrymap/guyana.gif HTTP/1.1" 200 17817 "-" "Mozilla/5.0 (Windows NT 5.1; rv:11.0) Gecko Firefox/11.0 (via ggpht.com GoogleImageProxy)" "www.saveaslave.com"
210.87.255.226 - - [31/May/2015:20:59:48 -0700] "GET /images/countrymap/sri-lanka.gif HTTP/1.1" 200 16468 "https://www.google.com.hk/" "Mozilla/5.0 (Macintosh; Intel Mac OS X 10_10_3) AppleWebKit/537.36 (KHTML, like Gecko) Chrome/43.0.2357.81 Safari/537.36" "www.saveaslave.com"
76.169.139.154 - - [31/May/2015:21:08:11 -0700] "GET /images/countrymap/aruba.jpg HTTP/1.1" 200 42195 "https://www.google.com/" "Mozilla/5.0 (iPod; CPU iPhone OS 6_1_6 like Mac OS X) AppleWebKit/536.26 (KHTML, like Gecko) Version/6.0 Mobile/10B500 Safari/8536.25" "www.saveaslave.com"
207.46.13.5 - - [31/May/2015:21:13:26 -0700] "GET /robots.txt HTTP/1.1" 404 89 "-" "Mozilla/5.0 (compatible; bingbot/2.0; +http://www.bing.com/bingbot.htm)" "www.saveaslave.com"
60.240.154.154 - - [31/May/2015:21:19:20 -0700] "GET /images/countrymap/solomon-islands.gif HTTP/1.1" 200 122217 "https://www.google.com.au/" "Mozilla/5.0 (Windows NT 6.1; WOW64) AppleWebKit/537.36 (KHTML, like Gecko) Chrome/43.0.2357.81 Safari/537.36" "www.saveaslave.com"
203.133.168.231 - - [31/May/2015:21:26:30 -0700] "GET / HTTP/1.1" 200 23116 "-" "Mozilla/5.0 (compatible; MSIE or Firefox mutant; not on Windows server;) Daumoa/4.0" "saveaslave.com"
207.46.13.5 - - [31/May/2015:21:30:26 -0700] "GET /index.html HTTP/1.1" 200 23494 "-" "Mozilla/5.0 (compatible; bingbot/2.0; +http://www.bing.com/bingbot.htm)" "saveaslave.com"
207.46.13.5 - - [31/May/2015:21:30:27 -0700] "GET /ivorycoast HTTP/1.1" 404 89 "-" "Mozilla/5.0 (compatible; bingbot/2.0; +http://www.bing.com/bingbot.htm)" "saveaslave.com"
65.36.241.48 - - [31/May/2015:21:33:22 -0700] "HEAD / HTTP/1.1" 200 0 "-" "InternetSeer.com" "www.saveaslave.com"
100.43.91.28 - - [31/May/2015:21:38:02 -0700] "GET /robots.txt HTTP/1.1" 404 89 "-" "Mozilla/5.0 (compatible; YandexBot/3.0; +http://yandex.com/bots)" "saveaslave.com"
46.190.47.187 - - [31/May/2015:21:43:58 -0700] "GET /images/countrymap/solomon-islands.gif HTTP/1.1" 200 122217 "-" "Mozilla/5.0 (Linux; U; Android 4.2.2; en-us; GT-S7582 Build/JDQ39) AppleWebKit/534.30 (KHTML, like Gecko) Version/4.0 Mobile Safari/534.30" "www.saveaslave.com"
108.91.94.55 - - [31/May/2015:21:44:57 -0700] "GET /images/countrymap/guyana.gif HTTP/1.1" 200 17817 "https://www.google.com/" "Mozilla/5.0 (iPhone; CPU iPhone OS 8_1_2 like Mac OS X) AppleWebKit/600.1.4 (KHTML, like Gecko) Version/8.0 Mobile/12B440 Safari/600.1.4" "www.saveaslave.com"
66.249.75.59 - - [31/May/2015:21:57:08 -0700] "GET /robots.txt HTTP/1.1" 404 89 "-" "Mozilla/5.0 (compatible; Googlebot/2.1; +http://www.google.com/bot.html)" "saveaslave.com"
61.135.189.175 - - [31/May/2015:22:18:54 -0700] "GET /robots.txt HTTP/1.1" 404 89 "-" "Sogou web spider/4.0(+http://www.sogou.com/docs/help/webmasters.htm#07)" "www.saveaslave.com"
100.43.91.28 - - [31/May/2015:22:19:25 -0700] "GET /new-zealand.html HTTP/1.1" 200 5719 "-" "Mozilla/5.0 (compatible; YandexBot/3.0; +http://yandex.com/bots)" "saveaslave.com"
78.165.140.251 - - [31/May/2015:22:19:42 -0700] "GET /images/countrymap/bosnia-herzegovina.jpg HTTP/1.1" 200 42063 "https://www.google.com.tr/" "Mozilla/5.0 (Macintosh; Intel Mac OS X 10_10_2) AppleWebKit/537.36 (KHTML, like Gecko) Chrome/43.0.2357.81 Safari/537.36" "www.saveaslave.com"
61.135.189.175 - - [31/May/2015:22:22:55 -0700] "GET / HTTP/1.1" 200 23116 "-" "Sogou web spider/4.0(+http://www.sogou.com/docs/help/webmasters.htm#07)" "www.saveaslave.com"
119.30.39.55 - - [31/May/2015:22:35:21 -0700] "GET /images/header.png HTTP/1.1" 200 104524 "https://www.google.com.bd/" "Mozilla/5.0 (Windows NT 6.3; Win64; x64) AppleWebKit/537.36 (KHTML, like Gecko) Chrome/44.0.2403.9 Safari/537.36" "www.saveaslave.com"
119.30.47.126 - - [31/May/2015:22:35:24 -0700] "GET /images/header.png HTTP/1.1" 200 104524 "https://www.google.com.bd/" "Mozilla/5.0 (Windows NT 6.3; Win64; x64) AppleWebKit/537.36 (KHTML, like Gecko) Chrome/44.0.2403.9 Safari/537.36" "www.saveaslave.com"
172.56.39.0 - - [31/May/2015:22:38:59 -0700] "GET /images/countrymap/solomon-islands.gif HTTP/1.1" 200 122217 "https://www.google.com/" "Mozilla/5.0 (iPhone; CPU iPhone OS 8_3 like Mac OS X) AppleWebKit/600.1.4 (KHTML, like Gecko) Version/8.0 Mobile/12F70 Safari/600.1.4" "www.saveaslave.com"
65.36.241.48 - - [31/May/2015:22:51:23 -0700] "HEAD /?tpl=references&Itemid=3 HTTP/1.1" 200 0 "-" "InternetSeer.com" "www.saveaslave.com"
65.36.241.48 - - [31/May/2015:22:51:23 -0700] "HEAD /?tpl=references&Itemid=3 HTTP/1.1" 200 0 "-" "InternetSeer.com" "www.saveaslave.com"
188.165.15.235 - - [31/May/2015:22:54:26 -0700] "GET /robots.txt HTTP/1.1" 404 89 "-" "Mozilla/5.0 (compatible; AhrefsBot/5.0; +http://ahrefs.com/robot/)" "www.saveaslave.com"
203.202.70.153 - - [31/May/2015:22:54:57 -0700] "GET /images/countrymap/solomon-islands.gif HTTP/1.1" 200 122217 "https://www.google.com.au/" "Mozilla/5.0 (Windows NT 6.1; WOW64) AppleWebKit/537.36 (KHTML, like Gecko) Chrome/43.0.2357.81 Safari/537.36" "www.saveaslave.com"
117.247.84.135 - - [31/May/2015:22:55:10 -0700] "GET /images/countrymap/solomon-islands.gif HTTP/1.1" 200 122217 "https://www.google.co.in/" "Mozilla/5.0 (Windows NT 6.1) AppleWebKit/537.36 (KHTML, like Gecko) Chrome/43.0.2357.81 Safari/537.36" "www.saveaslave.com"
220.117.198.2 - - [31/May/2015:23:00:06 -0700] "GET /images/countrymap/togo.jpg HTTP/1.1" 200 24537 "https://www.google.co.kr/" "Mozilla/5.0 (Macintosh; Intel Mac OS X 10_10_2) AppleWebKit/600.4.10 (KHTML, like Gecko) Version/8.0.4 Safari/600.4.10" "www.saveaslave.com"
220.117.198.2 - - [31/May/2015:23:00:24 -0700] "GET /togo.html HTTP/1.1" 200 5659 "https://www.google.co.kr/" "Mozilla/5.0 (Macintosh; Intel Mac OS X 10_10_2) AppleWebKit/600.4.10 (KHTML, like Gecko) Version/8.0.4 Safari/600.4.10" "www.saveaslave.com"
220.117.198.2 - - [31/May/2015:23:00:24 -0700] "GET /css/style.css HTTP/1.1" 200 1400 "http://www.saveaslave.com/togo.html" "Mozilla/5.0 (Macintosh; Intel Mac OS X 10_10_2) AppleWebKit/600.4.10 (KHTML, like Gecko) Version/8.0.4 Safari/600.4.10" "www.saveaslave.com"
220.117.198.2 - - [31/May/2015:23:00:24 -0700] "GET /images/sas_button.gif HTTP/1.1" 200 2628 "http://www.saveaslave.com/togo.html" "Mozilla/5.0 (Macintosh; Intel Mac OS X 10_10_2) AppleWebKit/600.4.10 (KHTML, like Gecko) Version/8.0.4 Safari/600.4.10" "www.saveaslave.com"
220.117.198.2 - - [31/May/2015:23:00:24 -0700] "GET /images/countrymap/togo.jpg HTTP/1.1" 200 24537 "http://www.saveaslave.com/togo.html" "Mozilla/5.0 (Macintosh; Intel Mac OS X 10_10_2) AppleWebKit/600.4.10 (KHTML, like Gecko) Version/8.0.4 Safari/600.4.10" "www.saveaslave.com"
220.117.198.2 - - [31/May/2015:23:00:24 -0700] "GET /images/header.png HTTP/1.1" 200 104524 "http://www.saveaslave.com/togo.html" "Mozilla/5.0 (Macintosh; Intel Mac OS X 10_10_2) AppleWebKit/600.4.10 (KHTML, like Gecko) Version/8.0.4 Safari/600.4.10" "www.saveaslave.com"
220.117.198.2 - - [31/May/2015:23:00:24 -0700] "GET /images/countrymap/togo-flag.jpg HTTP/1.1" 200 2013 "http://www.saveaslave.com/togo.html" "Mozilla/5.0 (Macintosh; Intel Mac OS X 10_10_2) AppleWebKit/600.4.10 (KHTML, like Gecko) Version/8.0.4 Safari/600.4.10" "www.saveaslave.com"
100.43.91.28 - - [31/May/2015:23:02:07 -0700] "GET /saint-barthelemy.html HTTP/1.1" 200 5764 "-" "Mozilla/5.0 (compatible; YandexBot/3.0; +http://yandex.com/bots)" "saveaslave.com"
65.36.241.48 - - [31/May/2015:23:20:22 -0700] "HEAD / HTTP/1.1" 200 0 "-" "InternetSeer.com" "www.saveaslave.com"
121.215.18.84 - - [31/May/2015:23:32:52 -0700] "GET /images/countrymap/solomon-islands.gif HTTP/1.1" 200 122217 "https://www.google.com.au/" "Mozilla/5.0 (iPad; CPU OS 8_3 like Mac OS X) AppleWebKit/600.1.4 (KHTML, like Gecko) Version/8.0 Mobile/12F69 Safari/600.1.4" "www.saveaslave.com"
207.46.13.4 - - [31/May/2015:23:35:13 -0700] "GET /images/countrymap/greece.gif HTTP/1.1" 200 31202 "-" "msnbot-media/1.1 (+http://search.msn.com/msnbot.htm)" "saveaslave.com"
207.46.13.4 - - [31/May/2015:23:35:14 -0700] "GET /luxembourg.html HTTP/1.1" 200 5711 "-" "Mozilla/5.0 (compatible; bingbot/2.0; +http://www.bing.com/bingbot.htm)" "saveaslave.com"
207.46.13.4 - - [31/May/2015:23:35:14 -0700] "GET /disclaimer.html HTTP/1.1" 200 4134 "-" "Mozilla/5.0 (compatible; bingbot/2.0; +http://www.bing.com/bingbot.htm)" "saveaslave.com"
70.180.120.235 - - [31/May/2015:23:41:07 -0700] "GET /images/countrymap/solomon-islands.gif HTTP/1.1" 200 122217 "-" "Mozilla/5.0 (Linux; Android 4.4.2; LGLS990 Build/KVT49L.LS990ZV4) AppleWebKit/537.36 (KHTML, like Gecko) Version/4.0 Chrome/30.0.0.0 Mobile Safari/537.36 GSA/4.3.10.88581490.arm" "www.saveaslave.com"
199.21.99.219 - - [31/May/2015:23:43:36 -0700] "GET /lithuania.html HTTP/1.1" 200 5701 "-" "Mozilla/5.0 (compatible; YandexBot/3.0; +http://yandex.com/bots)" "saveaslave.com"
207.46.13.4 - - [31/May/2015:23:44:33 -0700] "GET /?tpl=about&Itemid=2 HTTP/1.1" 200 23116 "-" "Mozilla/5.0 (compatible; bingbot/2.0; +http://www.bing.com/bingbot.htm)" "saveaslave.com"
207.46.13.4 - - [31/May/2015:23:44:34 -0700] "GET / HTTP/1.1" 200 23116 "-" "Mozilla/5.0 (compatible; bingbot/2.0; +http://www.bing.com/bingbot.htm)" "saveaslave.com"
207.46.13.4 - - [31/May/2015:23:44:34 -0700] "GET /burma HTTP/1.1" 200 5639 "-" "Mozilla/5.0 (compatible; bingbot/2.0; +http://www.bing.com/bingbot.htm)" "saveaslave.com"
58.172.33.6 - - [31/May/2015:23:57:24 -0700] "GET /images/countrymap/solomon-islands.gif HTTP/1.1" 200 122217 "-" "Mozilla/5.0 (Windows NT 6.1; WOW64; Trident/7.0; rv:11.0) like Gecko" "www.saveaslave.com"
61.135.189.175 - - [31/May/2015:23:59:17 -0700] "GET /site/?feed=rss2&cat=179 HTTP/1.1" 404 89 "-" "Sogou web spider/4.0(+http://www.sogou.com/docs/help/webmasters.htm#07)" "saveaslave.com"
105.229.44.64 - - [01/Jun/2015:00:19:02 -0700] "GET /images/countrymap/solomon-islands.gif HTTP/1.1" 200 122217 "https://www.google.co.uk/" "Mozilla/5.0 (Windows NT 6.1; WOW64) AppleWebKit/537.36 (KHTML, like Gecko) Chrome/43.0.2357.81 Safari/537.36" "www.saveaslave.com"
100.43.91.9 - - [01/Jun/2015:00:25:14 -0700] "GET /grenada.html HTTP/1.1" 200 5684 "-" "Mozilla/5.0 (compatible; YandexBot/3.0; +http://yandex.com/bots)" "saveaslave.com"
207.46.13.5 - - [01/Jun/2015:00:38:16 -0700] "GET /palau HTTP/1.1" 200 5665 "-" "Mozilla/5.0 (compatible; bingbot/2.0; +http://www.bing.com/bingbot.htm)" "www.saveaslave.com"
207.46.13.5 - - [01/Jun/2015:00:38:16 -0700] "GET /sitebuilder/images/Nav_Bar_Main-0-inactive-79928.png HTTP/1.1" 404 89 "-" "msnbot-media/1.1 (+http://search.msn.com/msnbot.htm)" "www.saveaslave.com"
207.46.13.5 - - [01/Jun/2015:00:38:16 -0700] "GET /chile HTTP/1.1" 200 5650 "-" "msnbot-media/1.1 (+http://search.msn.com/msnbot.htm)" "www.saveaslave.com"
207.46.13.5 - - [01/Jun/2015:00:38:16 -0700] "GET /china.html HTTP/1.1" 200 5666 "-" "Mozilla/5.0 (compatible; bingbot/2.0; +http://www.bing.com/bingbot.htm)" "www.saveaslave.com"
207.46.13.5 - - [01/Jun/2015:00:38:17 -0700] "GET /comoros HTTP/1.1" 200 5668 "-" "Mozilla/5.0 (compatible; bingbot/2.0; +http://www.bing.com/bingbot.htm)" "www.saveaslave.com"
207.46.13.5 - - [01/Jun/2015:00:38:17 -0700] "GET /ghana.html HTTP/1.1" 200 5666 "-" "Mozilla/5.0 (compatible; bingbot/2.0; +http://www.bing.com/bingbot.htm)" "www.saveaslave.com"
207.46.13.5 - - [01/Jun/2015:00:38:17 -0700] "GET /guyana.html HTTP/1.1" 200 5675 "-" "Mozilla/5.0 (compatible; bingbot/2.0; +http://www.bing.com/bingbot.htm)" "www.saveaslave.com"
207.46.13.5 - - [01/Jun/2015:00:38:17 -0700] "GET /haiti.html HTTP/1.1" 200 5666 "-" "Mozilla/5.0 (compatible; bingbot/2.0; +http://www.bing.com/bingbot.htm)" "www.saveaslave.com"
157.55.39.198 - - [01/Jun/2015:00:50:03 -0700] "GET /lebanon.html HTTP/1.1" 200 5683 "-" "Mozilla/5.0 (compatible; bingbot/2.0; +http://www.bing.com/bingbot.htm)" "saveaslave.com"
157.55.39.198 - - [01/Jun/2015:00:50:03 -0700] "GET /whoweare.html HTTP/1.1" 200 11993 "-" "Mozilla/5.0 (compatible; bingbot/2.0; +http://www.bing.com/bingbot.htm)" "saveaslave.com"
157.55.39.198 - - [01/Jun/2015:00:50:04 -0700] "GET /?tpl=newspaper&Itemid=6&countrycode=us HTTP/1.1" 200 23116 "-" "Mozilla/5.0 (compatible; bingbot/2.0; +http://www.bing.com/bingbot.htm)" "saveaslave.com"
207.46.13.5 - - [01/Jun/2015:00:50:49 -0700] "GET /peru HTTP/1.1" 200 5656 "-" "Mozilla/5.0 (compatible; bingbot/2.0; +http://www.bing.com/bingbot.htm)" "www.saveaslave.com"
207.46.13.5 - - [01/Jun/2015:00:50:49 -0700] "GET /kuwait.html HTTP/1.1" 200 5676 "-" "Mozilla/5.0 (compatible; bingbot/2.0; +http://www.bing.com/bingbot.htm)" "www.saveaslave.com"
157.55.39.198 - - [01/Jun/2015:00:53:05 -0700] "GET /aruba.html HTTP/1.1" 200 14875 "-" "Mozilla/5.0 (compatible; bingbot/2.0; +http://www.bing.com/bingbot.htm)" "saveaslave.com"
95.5.62.175 - - [01/Jun/2015:01:02:59 -0700] "GET /images/countrymap/uganda.jpg HTTP/1.1" 200 29013 "https://www.google.com.tr/" "Mozilla/5.0 (Windows NT 6.1; WOW64) AppleWebKit/537.36 (KHTML, like Gecko) Chrome/43.0.2357.81 Safari/537.36" "www.saveaslave.com"
100.43.91.14 - - [01/Jun/2015:01:08:02 -0700] "GET /czech-republic.html HTTP/1.1" 200 5720 "-" "Mozilla/5.0 (compatible; YandexBot/3.0; +http://yandex.com/bots)" "saveaslave.com"
207.46.13.73 - - [01/Jun/2015:01:11:07 -0700] "GET /navassa-island.html HTTP/1.1" 200 5746 "-" "Mozilla/5.0 (compatible; bingbot/2.0; +http://www.bing.com/bingbot.htm)" "www.saveaslave.com"
94.187.80.58 - - [01/Jun/2015:01:12:30 -0700] "GET / HTTP/1.1" 200 23116 "http://best-seo-offer.com/try.php?u=http://saveaslave.com" "Mozilla/5.0 (Windows NT 6.1; WOW64) AppleWebKit/537.36 (KHTML, like Gecko) Chrome/36.0.1985.143 Safari/537.36" "saveaslave.com"
94.187.80.58 - - [01/Jun/2015:01:12:31 -0700] "GET /jquery.marquee.js HTTP/1.1" 200 6560 "http://saveaslave.com/" "Mozilla/5.0 (Windows NT 6.1; WOW64) AppleWebKit/537.36 (KHTML, like Gecko) Chrome/36.0.1985.143 Safari/537.36" "saveaslave.com"
94.187.80.58 - - [01/Jun/2015:01:12:31 -0700] "GET /css/style.css HTTP/1.1" 200 1400 "http://saveaslave.com/" "Mozilla/5.0 (Windows NT 6.1; WOW64) AppleWebKit/537.36 (KHTML, like Gecko) Chrome/36.0.1985.143 Safari/537.36" "saveaslave.com"
94.187.80.58 - - [01/Jun/2015:01:12:31 -0700] "GET /jquery-1.3.2.min.js HTTP/1.1" 200 57254 "http://saveaslave.com/" "Mozilla/5.0 (Windows NT 6.1; WOW64) AppleWebKit/537.36 (KHTML, like Gecko) Chrome/36.0.1985.143 Safari/537.36" "saveaslave.com"
94.187.80.58 - - [01/Jun/2015:01:12:31 -0700] "GET /images/header.png HTTP/1.1" 200 104524 "http://saveaslave.com/" "Mozilla/5.0 (Windows NT 6.1; WOW64) AppleWebKit/537.36 (KHTML, like Gecko) Chrome/36.0.1985.143 Safari/537.36" "saveaslave.com"
94.187.80.58 - - [01/Jun/2015:01:12:31 -0700] "GET /images/sas_button.gif HTTP/1.1" 200 2628 "http://saveaslave.com/" "Mozilla/5.0 (Windows NT 6.1; WOW64) AppleWebKit/537.36 (KHTML, like Gecko) Chrome/36.0.1985.143 Safari/537.36" "saveaslave.com"
94.187.80.58 - - [01/Jun/2015:01:12:32 -0700] "GET /images/slaves.jpg HTTP/1.1" 200 86777 "http://saveaslave.com/" "Mozilla/5.0 (Windows NT 6.1; WOW64) AppleWebKit/537.36 (KHTML, like Gecko) Chrome/36.0.1985.143 Safari/537.36" "saveaslave.com"
94.187.80.58 - - [01/Jun/2015:01:12:34 -0700] "GET /images/sas_button.gif HTTP/1.1" 200 2628 "http://saveaslave.com/" "Mozilla/5.0 (Windows NT 6.1; WOW64) AppleWebKit/537.36 (KHTML, like Gecko) Chrome/36.0.1985.143 Safari/537.36" "saveaslave.com"
65.36.241.48 - - [01/Jun/2015:01:17:21 -0700] "HEAD / HTTP/1.1" 200 0 "-" "InternetSeer.com" "www.saveaslave.com"
111.94.12.107 - - [01/Jun/2015:01:33:22 -0700] "GET /images/countrymap/solomon-islands.gif HTTP/1.1" 200 122217 "-" "Mozilla/5.0 (Windows NT 6.1; WOW64; rv:38.0) Gecko/20100101 Firefox/38.0" "www.saveaslave.com"
84.126.26.103 - - [01/Jun/2015:01:40:38 -0700] "GET /images/countrymap/bosnia-herzegovina.jpg HTTP/1.1" 200 42063 "https://www.google.es/" "Mozilla/5.0 (Windows NT 6.3; WOW64) AppleWebKit/537.36 (KHTML, like Gecko) Chrome/43.0.2357.81 Safari/537.36" "www.saveaslave.com"
100.43.91.14 - - [01/Jun/2015:01:51:51 -0700] "GET /saudi-arabia.html HTTP/1.1" 200 5728 "-" "Mozilla/5.0 (compatible; YandexBot/3.0; +http://yandex.com/bots)" "saveaslave.com"
207.46.13.4 - - [01/Jun/2015:01:53:18 -0700] "GET /robots.txt HTTP/1.1" 404 89 "-" "Mozilla/5.0 (compatible; bingbot/2.0; +http://www.bing.com/bingbot.htm)" "www.saveaslave.com"
100.43.91.14 - - [01/Jun/2015:02:32:48 -0700] "GET /west-bank.html HTTP/1.1" 200 5947 "-" "Mozilla/5.0 (compatible; YandexBot/3.0; +http://yandex.com/bots)" "saveaslave.com"
157.55.39.198 - - [01/Jun/2015:02:34:58 -0700] "GET /robots.txt HTTP/1.1" 404 89 "-" "Mozilla/5.0 (compatible; bingbot/2.0; +http://www.bing.com/bingbot.htm)" "www.saveaslave.com"
46.165.197.141 - - [01/Jun/2015:02:41:45 -0700] "GET /robots.txt HTTP/1.1" 404 89 "-" "Mozilla/5.0 (compatible; MJ12bot/v1.4.5; http://www.majestic12.co.uk/bot.php?+)" "saveaslave.com"
46.165.197.141 - - [01/Jun/2015:02:41:47 -0700] "GET / HTTP/1.1" 200 23116 "-" "Mozilla/5.0 (compatible; MJ12bot/v1.4.5; http://www.majestic12.co.uk/bot.php?+)" "saveaslave.com"
65.36.241.48 - - [01/Jun/2015:03:03:35 -0700] "HEAD / HTTP/1.1" 200 0 "-" "InternetSeer.com" "www.saveaslave.com"
188.165.15.227 - - [01/Jun/2015:03:07:21 -0700] "GET /robots.txt HTTP/1.1" 404 89 "-" "Mozilla/5.0 (compatible; AhrefsBot/5.0; +http://ahrefs.com/robot/)" "saveaslave.com"
199.21.99.219 - - [01/Jun/2015:03:23:12 -0700] "GET /marshall-islands.html HTTP/1.1" 200 5764 "-" "Mozilla/5.0 (compatible; YandexBot/3.0; +http://yandex.com/bots)" "saveaslave.com"
151.32.33.84 - - [01/Jun/2015:03:30:15 -0700] "GET /images/countrymap/bosnia-herzegovina.jpg HTTP/1.1" 200 42063 "https://www.google.it/" "Mozilla/5.0 (Macintosh; Intel Mac OS X 10_10_2) AppleWebKit/537.36 (KHTML, like Gecko) Chrome/41.0.2272.104 Safari/537.36" "www.saveaslave.com"
139.218.121.156 - - [01/Jun/2015:03:34:59 -0700] "GET /css/style.css HTTP/1.1" 200 1400 "http://www.saveaslave.com/solomon-islands.html" "Mozilla/5.0 (Macintosh; Intel Mac OS X 10_9_5) AppleWebKit/537.36 (KHTML, like Gecko) Chrome/42.0.2311.152 Safari/537.36" "www.saveaslave.com"
139.218.121.156 - - [01/Jun/2015:03:34:59 -0700] "GET /images/countrymap/solomon-islands-flag.gif HTTP/1.1" 200 28751 "http://www.saveaslave.com/solomon-islands.html" "Mozilla/5.0 (Macintosh; Intel Mac OS X 10_9_5) AppleWebKit/537.36 (KHTML, like Gecko) Chrome/42.0.2311.152 Safari/537.36" "www.saveaslave.com"
139.218.121.156 - - [01/Jun/2015:03:35:02 -0700] "GET /favicon.ico HTTP/1.1" 404 89 "http://www.saveaslave.com/solomon-islands.html" "Mozilla/5.0 (Macintosh; Intel Mac OS X 10_9_5) AppleWebKit/537.36 (KHTML, like Gecko) Chrome/42.0.2311.152 Safari/537.36" "www.saveaslave.com"
100.43.91.12 - - [01/Jun/2015:04:02:58 -0700] "GET /greece.html HTTP/1.1" 200 5675 "-" "Mozilla/5.0 (compatible; YandexBot/3.0; +http://yandex.com/bots)" "saveaslave.com"
207.46.13.73 - - [01/Jun/2015:04:19:20 -0700] "GET /south-korea.html HTTP/1.1" 200 5719 "-" "Mozilla/5.0 (compatible; bingbot/2.0; +http://www.bing.com/bingbot.htm)" "www.saveaslave.com"
157.55.39.198 - - [01/Jun/2015:04:20:26 -0700] "GET /latvia.html HTTP/1.1" 200 5674 "-" "Mozilla/5.0 (compatible; bingbot/2.0; +http://www.bing.com/bingbot.htm)" "www.saveaslave.com"
157.55.39.198 - - [01/Jun/2015:04:20:30 -0700] "GET /bolivia HTTP/1.1" 200 5606 "-" "Mozilla/5.0 (compatible; bingbot/2.0; +http://www.bing.com/bingbot.htm)" "www.saveaslave.com"
157.55.39.198 - - [01/Jun/2015:04:20:31 -0700] "GET /croatia.html HTTP/1.1" 200 5659 "-" "Mozilla/5.0 (compatible; bingbot/2.0; +http://www.bing.com/bingbot.htm)" "www.saveaslave.com"
157.55.39.198 - - [01/Jun/2015:04:20:31 -0700] "GET /guam HTTP/1.1" 200 5657 "-" "Mozilla/5.0 (compatible; bingbot/2.0; +http://www.bing.com/bingbot.htm)" "www.saveaslave.com"
157.55.39.198 - - [01/Jun/2015:04:20:31 -0700] "GET /india.html HTTP/1.1" 200 6040 "-" "Mozilla/5.0 (compatible; bingbot/2.0; +http://www.bing.com/bingbot.htm)" "www.saveaslave.com"
157.55.39.198 - - [01/Jun/2015:04:20:31 -0700] "GET /nicaragua HTTP/1.1" 200 5701 "-" "Mozilla/5.0 (compatible; bingbot/2.0; +http://www.bing.com/bingbot.htm)" "www.saveaslave.com"
157.55.39.198 - - [01/Jun/2015:04:20:31 -0700] "GET /kosovo.html HTTP/1.1" 200 5675 "-" "Mozilla/5.0 (compatible; bingbot/2.0; +http://www.bing.com/bingbot.htm)" "www.saveaslave.com"
157.55.39.198 - - [01/Jun/2015:04:20:31 -0700] "GET /belize HTTP/1.1" 200 5643 "-" "Mozilla/5.0 (compatible; bingbot/2.0; +http://www.bing.com/bingbot.htm)" "www.saveaslave.com"
157.55.39.198 - - [01/Jun/2015:04:20:31 -0700] "GET /thailand HTTP/1.1" 200 5695 "-" "Mozilla/5.0 (compatible; bingbot/2.0; +http://www.bing.com/bingbot.htm)" "www.saveaslave.com"
66.249.69.104 - - [01/Jun/2015:04:26:04 -0700] "GET /robots.txt HTTP/1.1" 404 89 "-" "Mozilla/5.0 (compatible; Googlebot/2.1; +http://www.google.com/bot.html)" "www.saveaslave.com"
79.105.29.82 - - [01/Jun/2015:04:29:24 -0700] "GET / HTTP/1.1" 200 23116 "-" "-" "saveaslave.com"
207.46.13.4 - - [01/Jun/2015:04:42:11 -0700] "GET /images/countrymap/bosnia-herzegovina.jpg HTTP/1.1" 200 42063 "-" "msnbot-media/1.1 (+http://search.msn.com/msnbot.htm)" "www.saveaslave.com"
207.46.13.4 - - [01/Jun/2015:04:42:11 -0700] "GET /libya.html HTTP/1.1" 200 5665 "-" "Mozilla/5.0 (compatible; bingbot/2.0; +http://www.bing.com/bingbot.htm)" "www.saveaslave.com"
207.46.13.4 - - [01/Jun/2015:04:42:11 -0700] "GET /bhutan HTTP/1.1" 200 5651 "-" "Mozilla/5.0 (compatible; bingbot/2.0; +http://www.bing.com/bingbot.htm)" "www.saveaslave.com"
207.46.13.4 - - [01/Jun/2015:04:42:11 -0700] "GET /saintlucia HTTP/1.1" 404 89 "-" "Mozilla/5.0 (compatible; bingbot/2.0; +http://www.bing.com/bingbot.htm)" "www.saveaslave.com"
207.46.13.4 - - [01/Jun/2015:04:42:12 -0700] "GET /bahrain HTTP/1.1" 200 5639 "-" "Mozilla/5.0 (compatible; bingbot/2.0; +http://www.bing.com/bingbot.htm)" "www.saveaslave.com"
207.46.13.4 - - [01/Jun/2015:04:42:12 -0700] "GET /botswana HTTP/1.1" 200 5669 "-" "Mozilla/5.0 (compatible; bingbot/2.0; +http://www.bing.com/bingbot.htm)" "www.saveaslave.com"
207.46.13.4 - - [01/Jun/2015:04:42:12 -0700] "GET / HTTP/1.1" 200 23116 "-" "Mozilla/5.0 (compatible; bingbot/2.0; +http://www.bing.com/bingbot.htm)" "www.saveaslave.com"
207.46.13.4 - - [01/Jun/2015:04:42:12 -0700] "GET /burma HTTP/1.1" 200 5639 "-" "Mozilla/5.0 (compatible; bingbot/2.0; +http://www.bing.com/bingbot.htm)" "www.saveaslave.com"
207.46.13.4 - - [01/Jun/2015:04:42:13 -0700] "GET /costa-rica.html HTTP/1.1" 200 5867 "-" "Mozilla/5.0 (compatible; bingbot/2.0; +http://www.bing.com/bingbot.htm)" "www.saveaslave.com"
207.46.13.4 - - [01/Jun/2015:04:42:13 -0700] "GET /angola HTTP/1.1" 200 5617 "-" "Mozilla/5.0 (compatible; bingbot/2.0; +http://www.bing.com/bingbot.htm)" "www.saveaslave.com"
207.46.13.4 - - [01/Jun/2015:04:42:13 -0700] "GET /armenia HTTP/1.1" 200 5617 "-" "Mozilla/5.0 (compatible; bingbot/2.0; +http://www.bing.com/bingbot.htm)" "www.saveaslave.com"
207.46.13.4 - - [01/Jun/2015:04:42:13 -0700] "GET /bangladesh HTTP/1.1" 200 5664 "-" "Mozilla/5.0 (compatible; bingbot/2.0; +http://www.bing.com/bingbot.htm)" "www.saveaslave.com"
207.46.13.4 - - [01/Jun/2015:04:42:14 -0700] "GET /barbados HTTP/1.1" 200 5664 "-" "Mozilla/5.0 (compatible; bingbot/2.0; +http://www.bing.com/bingbot.htm)" "www.saveaslave.com"
207.46.13.4 - - [01/Jun/2015:04:42:14 -0700] "GET /israel.html HTTP/1.1" 200 5675 "-" "Mozilla/5.0 (compatible; bingbot/2.0; +http://www.bing.com/bingbot.htm)" "www.saveaslave.com"
207.46.13.4 - - [01/Jun/2015:04:42:14 -0700] "GET /japan.html HTTP/1.1" 200 5666 "-" "Mozilla/5.0 (compatible; bingbot/2.0; +http://www.bing.com/bingbot.htm)" "www.saveaslave.com"
207.46.13.4 - - [01/Jun/2015:04:42:14 -0700] "GET /panama HTTP/1.1" 200 5674 "-" "Mozilla/5.0 (compatible; bingbot/2.0; +http://www.bing.com/bingbot.htm)" "www.saveaslave.com"
157.55.39.82 - - [01/Jun/2015:04:43:54 -0700] "GET /robots.txt HTTP/1.1" 404 89 "-" "Mozilla/5.0 (compatible; bingbot/2.0; +http://www.bing.com/bingbot.htm)" "www.saveaslave.com"
157.55.39.82 - - [01/Jun/2015:04:46:35 -0700] "GET /images/countrymap/tokelau.jpg HTTP/1.1" 404 89 "-" "msnbot-media/1.1 (+http://search.msn.com/msnbot.htm)" "www.saveaslave.com"
65.36.241.48 - - [01/Jun/2015:04:50:20 -0700] "HEAD / HTTP/1.1" 200 0 "-" "InternetSeer.com" "www.saveaslave.com"
207.46.13.4 - - [01/Jun/2015:04:51:45 -0700] "GET /kenya.html HTTP/1.1" 200 5666 "-" "Mozilla/5.0 (compatible; bingbot/2.0; +http://www.bing.com/bingbot.htm)" "www.saveaslave.com"
207.46.13.4 - - [01/Jun/2015:04:51:45 -0700] "GET /niue HTTP/1.1" 200 5656 "-" "Mozilla/5.0 (compatible; bingbot/2.0; +http://www.bing.com/bingbot.htm)" "www.saveaslave.com"
207.46.13.4 - - [01/Jun/2015:04:51:45 -0700] "GET /laos.html HTTP/1.1" 200 5856 "-" "Mozilla/5.0 (compatible; bingbot/2.0; +http://www.bing.com/bingbot.htm)" "www.saveaslave.com"
207.46.13.4 - - [01/Jun/2015:04:51:45 -0700] "GET /latvia HTTP/1.1" 200 5674 "-" "Mozilla/5.0 (compatible; bingbot/2.0; +http://www.bing.com/bingbot.htm)" "www.saveaslave.com"
207.46.13.4 - - [01/Jun/2015:04:51:45 -0700] "GET /?tpl=references&Itemid=3 HTTP/1.1" 200 23116 "-" "Mozilla/5.0 (compatible; bingbot/2.0; +http://www.bing.com/bingbot.htm)" "www.saveaslave.com"
178.137.81.145 - - [01/Jun/2015:05:15:00 -0700] "GET /robots.txt HTTP/1.1" 404 89 "-" "Mozilla/5.0 (Windows NT 6.3; WOW64; rv:36.0) Gecko/20100101 Firefox/36.0" "saveaslave.com"
178.137.81.145 - - [01/Jun/2015:05:15:00 -0700] "GET /xmlrpc.php?rsd HTTP/1.1" 200 73 "-" "Mozilla/5.0 (Windows NT 6.3; WOW64; rv:36.0) Gecko/20100101 Firefox/36.0" "saveaslave.com"
178.137.81.145 - - [01/Jun/2015:05:15:00 -0700] "GET / HTTP/1.1" 200 23116 "-" "Mozilla/5.0 (Windows NT 6.3; WOW64; rv:36.0) Gecko/20100101 Firefox/36.0" "saveaslave.com"
178.137.81.145 - - [01/Jun/2015:05:15:01 -0700] "GET /blog/robots.txt HTTP/1.1" 400 91 "-" "Mozilla/5.0 (Windows NT 6.3; WOW64; rv:36.0) Gecko/20100101 Firefox/36.0" "saveaslave.com"
178.137.81.145 - - [01/Jun/2015:05:15:01 -0700] "GET /blog/ HTTP/1.1" 404 89 "-" "Mozilla/5.0 (Windows NT 6.3; WOW64; rv:36.0) Gecko/20100101 Firefox/36.0" "saveaslave.com"
100.43.91.14 - - [01/Jun/2015:05:31:07 -0700] "GET /azerbaijan.html HTTP/1.1" 200 5617 "-" "Mozilla/5.0 (compatible; YandexBot/3.0; +http://yandex.com/bots)" "saveaslave.com"
83.233.207.74 - - [01/Jun/2015:05:33:39 -0700] "GET / HTTP/1.1" 200 23116 "-" "Mozilla/4.0 (CMS Crawler: http://www.cmscrawler.com)" "www.saveaslave.com"
199.21.99.219 - - [01/Jun/2015:06:21:42 -0700] "GET /seychelles.html HTTP/1.1" 200 5710 "-" "Mozilla/5.0 (compatible; YandexBot/3.0; +http://yandex.com/bots)" "saveaslave.com"
65.36.241.48 - - [01/Jun/2015:06:33:22 -0700] "HEAD / HTTP/1.1" 200 0 "-" "InternetSeer.com" "www.saveaslave.com"
27.131.14.139 - - [01/Jun/2015:06:41:39 -0700] "GET /images/header.png HTTP/1.1" 200 104524 "-" "Mozilla/5.0 (iPad; CPU OS 8_3 like Mac OS X) AppleWebKit/600.1.4 (KHTML, like Gecko) GSA/5.5.50480 Mobile/12F69 Safari/600.1.4" "saveaslave.com"
188.162.36.6 - - [01/Jun/2015:06:41:46 -0700] "GET /section/wp-login.php HTTP/1.1" 404 89 "-" "Mozilla/5.0 (Windows NT 6.1; WOW64; Trident/7.0; rv:11.0) like Gecko" "saveaslave.com"
188.162.36.6 - - [01/Jun/2015:06:41:47 -0700] "GET /site/wp-login.php HTTP/1.1" 404 89 "-" "Mozilla/5.0 (Windows NT 6.1; WOW64; Trident/7.0; rv:11.0) like Gecko" "saveaslave.com"
188.162.36.6 - - [01/Jun/2015:06:41:48 -0700] "GET /blog/wp-login.php HTTP/1.1" 404 89 "-" "Mozilla/5.0 (Windows NT 6.1; WOW64; Trident/7.0; rv:11.0) like Gecko" "saveaslave.com"
188.162.36.6 - - [01/Jun/2015:06:41:48 -0700] "GET /admin/wp-login.php HTTP/1.1" 404 89 "-" "Mozilla/5.0 (Windows NT 6.1; WOW64; Trident/7.0; rv:11.0) like Gecko" "saveaslave.com"
188.162.36.6 - - [01/Jun/2015:06:41:49 -0700] "GET /wp/wp-login.php HTTP/1.1" 404 89 "-" "Mozilla/5.0 (Windows NT 6.1; WOW64; Trident/7.0; rv:11.0) like Gecko" "saveaslave.com"
66.249.82.188 - - [01/Jun/2015:06:41:52 -0700] "GET /css/style.css HTTP/1.1" 200 1400 "http://saveaslave.com/bangladesh.html" "Mozilla/5.0 (X11; Linux x86_64) AppleWebKit/537.36 (KHTML, like Gecko; Google Web Preview) Chrome/27.0.1453 Safari/537.36" "saveaslave.com"
66.249.82.188 - - [01/Jun/2015:06:41:52 -0700] "GET /images/sas_button.gif HTTP/1.1" 200 2628 "http://saveaslave.com/bangladesh.html" "Mozilla/5.0 (X11; Linux x86_64) AppleWebKit/537.36 (KHTML, like Gecko; Google Web Preview) Chrome/27.0.1453 Safari/537.36" "saveaslave.com"
66.249.82.188 - - [01/Jun/2015:06:41:52 -0700] "GET /images/countrymap/bangladesh.jpg HTTP/1.1" 200 40477 "http://saveaslave.com/bangladesh.html" "Mozilla/5.0 (X11; Linux x86_64) AppleWebKit/537.36 (KHTML, like Gecko; Google Web Preview) Chrome/27.0.1453 Safari/537.36" "saveaslave.com"
66.249.82.188 - - [01/Jun/2015:06:41:52 -0700] "GET /images/countrymap/bangladesh-flag.jpg HTTP/1.1" 200 1655 "http://saveaslave.com/bangladesh.html" "Mozilla/5.0 (X11; Linux x86_64) AppleWebKit/537.36 (KHTML, like Gecko; Google Web Preview) Chrome/27.0.1453 Safari/537.36" "saveaslave.com"
71.171.22.66 - - [01/Jun/2015:06:42:42 -0700] "GET /butn/index.php?lang=en-utf-8&token=c0fb474d45d40b1b94ac4f6e0df23beb HTTP/1.1" 200 2732 "http://saveaslave.com/butn/index.php?token=61e992b4a01cbbccc206e941bfe6b857&old_usr=martindiamond289" "Mozilla/5.0 (Windows NT 6.3; WOW64) AppleWebKit/537.36 (KHTML, like Gecko) Chrome/42.0.2311.152 Safari/537.36" "saveaslave.com"
71.171.22.66 - - [01/Jun/2015:06:42:51 -0700] "GET /butn/themes/original/img/bd_select.png HTTP/1.1" 206 524 "http://saveaslave.com/butn/db_structure.php?db=saveaslave&token=c0fb474d45d40b1b94ac4f6e0df23beb" "Mozilla/5.0 (Windows NT 6.3; WOW64) AppleWebKit/537.36 (KHTML, like Gecko) Chrome/42.0.2311.152 Safari/537.36" "saveaslave.com"
71.171.22.66 - - [01/Jun/2015:06:42:51 -0700] "GET /butn/themes/original/img/b_tblanalyse.png HTTP/1.1" 206 296 "http://saveaslave.com/butn/db_structure.php?db=saveaslave&token=c0fb474d45d40b1b94ac4f6e0df23beb" "Mozilla/5.0 (Windows NT 6.3; WOW64) AppleWebKit/537.36 (KHTML, like Gecko) Chrome/42.0.2311.152 Safari/537.36" "saveaslave.com"
71.171.22.66 - - [01/Jun/2015:06:42:51 -0700] "GET /butn/themes/original/img/b_insrow.png HTTP/1.1" 206 283 "http://saveaslave.com/butn/db_structure.php?db=saveaslave&token=c0fb474d45d40b1b94ac4f6e0df23beb" "Mozilla/5.0 (Windows NT 6.3; WOW64) AppleWebKit/537.36 (KHTML, like Gecko) Chrome/42.0.2311.152 Safari/537.36" "saveaslave.com"
71.171.22.66 - - [01/Jun/2015:06:42:53 -0700] "GET /butn/favicon.ico HTTP/1.1" 206 18902 "http://saveaslave.com/butn/index.php?db=saveaslave&token=c0fb474d45d40b1b94ac4f6e0df23beb" "Mozilla/5.0 (Windows NT 6.3; WOW64) AppleWebKit/537.36 (KHTML, like Gecko) Chrome/42.0.2311.152 Safari/537.36" "saveaslave.com"
71.171.22.66 - - [01/Jun/2015:06:43:45 -0700] "GET /butn/themes/original/img/b_calendar.png HTTP/1.1" 206 308 "http://saveaslave.com/butn/tbl_change.php?db=saveaslave&table=links&token=c0fb474d45d40b1b94ac4f6e0df23beb&goto=tbl_structure.php&back=tbl_structure.php" "Mozilla/5.0 (Windows NT 6.3; WOW64) AppleWebKit/537.36 (KHTML, like Gecko) Chrome/42.0.2311.152 Safari/537.36" "saveaslave.com"
71.171.22.66 - - [01/Jun/2015:06:43:46 -0700] "GET /butn/favicon.ico HTTP/1.1" 206 18902 "http://saveaslave.com/butn/index.php?db=saveaslave&token=c0fb474d45d40b1b94ac4f6e0df23beb" "Mozilla/5.0 (Windows NT 6.3; WOW64) AppleWebKit/537.36 (KHTML, like Gecko) Chrome/42.0.2311.152 Safari/537.36" "saveaslave.com"
71.171.22.66 - - [01/Jun/2015:06:44:48 -0700] "GET /butn/favicon.ico HTTP/1.1" 206 18902 "http://saveaslave.com/butn/index.php?db=saveaslave&token=c0fb474d45d40b1b94ac4f6e0df23beb" "Mozilla/5.0 (Windows NT 6.3; WOW64) AppleWebKit/537.36 (KHTML, like Gecko) Chrome/42.0.2311.152 Safari/537.36" "saveaslave.com"
71.171.22.66 - - [01/Jun/2015:06:54:06 -0700] "POST /addlink.php HTTP/1.1" 200 396 "http://www.saveaslave.com/addlink.php" "Mozilla/5.0 (Windows NT 6.3; WOW64) AppleWebKit/537.36 (KHTML, like Gecko) Chrome/42.0.2311.152 Safari/537.36" "www.saveaslave.com"
71.171.22.66 - - [01/Jun/2015:06:54:13 -0700] "GET /addlink.php HTTP/1.1" 200 15360 "-" "Mozilla/5.0 (Windows NT 6.3; WOW64) AppleWebKit/537.36 (KHTML, like Gecko) Chrome/42.0.2311.152 Safari/537.36" "www.saveaslave.com"
71.171.22.66 - - [01/Jun/2015:06:54:41 -0700] "POST /addlink.php HTTP/1.1" 200 15373 "http://www.saveaslave.com/addlink.php" "Mozilla/5.0 (Windows NT 6.3; WOW64) AppleWebKit/537.36 (KHTML, like Gecko) Chrome/42.0.2311.152 Safari/537.36" "www.saveaslave.com"
71.171.22.66 - - [01/Jun/2015:06:55:11 -0700] "GET /butn/tbl_structure.php?db=saveaslave&token=c0fb474d45d40b1b94ac4f6e0df23beb&table=links HTTP/1.1" 200 6550 "http://saveaslave.com/butn/navigation.php?db=saveaslave&token=c0fb474d45d40b1b94ac4f6e0df23beb" "Mozilla/5.0 (Windows NT 6.3; WOW64) AppleWebKit/537.36 (KHTML, like Gecko) Chrome/42.0.2311.152 Safari/537.36" "saveaslave.com"
71.171.22.66 - - [01/Jun/2015:06:55:13 -0700] "GET /butn/favicon.ico HTTP/1.1" 206 18902 "http://saveaslave.com/butn/index.php?db=saveaslave&token=c0fb474d45d40b1b94ac4f6e0df23beb" "Mozilla/5.0 (Windows NT 6.3; WOW64) AppleWebKit/537.36 (KHTML, like Gecko) Chrome/42.0.2311.152 Safari/537.36" "saveaslave.com"
71.171.22.66 - - [01/Jun/2015:06:55:15 -0700] "GET /butn/sql.php?db=saveaslave&table=links&token=c0fb474d45d40b1b94ac4f6e0df23beb&goto=tbl_structure.php&back=tbl_structure.php&pos=0 HTTP/1.1" 200 4937 "http://saveaslave.com/butn/tbl_structure.php?db=saveaslave&token=c0fb474d45d40b1b94ac4f6e0df23beb&table=links" "Mozilla/5.0 (Windows NT 6.3; WOW64) AppleWebKit/537.36 (KHTML, like Gecko) Chrome/42.0.2311.152 Safari/537.36" "saveaslave.com"
71.171.22.66 - - [01/Jun/2015:06:55:16 -0700] "GET /butn/themes/original/img/b_views.png HTTP/1.1" 206 477 "http://saveaslave.com/butn/sql.php?db=saveaslave&table=links&token=c0fb474d45d40b1b94ac4f6e0df23beb&goto=tbl_structure.php&back=tbl_structure.php&pos=0" "Mozilla/5.0 (Windows NT 6.3; WOW64) AppleWebKit/537.36 (KHTML, like Gecko) Chrome/42.0.2311.152 Safari/537.36" "saveaslave.com"
71.171.22.66 - - [01/Jun/2015:06:55:16 -0700] "GET /butn/favicon.ico HTTP/1.1" 206 18902 "http://saveaslave.com/butn/index.php?db=saveaslave&token=c0fb474d45d40b1b94ac4f6e0df23beb" "Mozilla/5.0 (Windows NT 6.3; WOW64) AppleWebKit/537.36 (KHTML, like Gecko) Chrome/42.0.2311.152 Safari/537.36" "saveaslave.com"
71.171.22.66 - - [01/Jun/2015:06:55:17 -0700] "GET /butn/favicon.ico HTTP/1.1" 206 18902 "http://saveaslave.com/butn/index.php?db=saveaslave&token=c0fb474d45d40b1b94ac4f6e0df23beb" "Mozilla/5.0 (Windows NT 6.3; WOW64) AppleWebKit/537.36 (KHTML, like Gecko) Chrome/42.0.2311.152 Safari/537.36" "saveaslave.com"
71.171.22.66 - - [01/Jun/2015:06:55:38 -0700] "POST /addlink.php HTTP/1.1" 200 15432 "http://www.saveaslave.com/addlink.php" "Mozilla/5.0 (Windows NT 6.3; WOW64) AppleWebKit/537.36 (KHTML, like Gecko) Chrome/42.0.2311.152 Safari/537.36" "www.saveaslave.com"
71.171.22.66 - - [01/Jun/2015:06:55:55 -0700] "GET /butn/favicon.ico HTTP/1.1" 206 18902 "http://saveaslave.com/butn/index.php?db=saveaslave&token=c0fb474d45d40b1b94ac4f6e0df23beb" "Mozilla/5.0 (Windows NT 6.3; WOW64) AppleWebKit/537.36 (KHTML, like Gecko) Chrome/42.0.2311.152 Safari/537.36" "saveaslave.com"
71.171.22.66 - - [01/Jun/2015:06:55:58 -0700] "GET /butn/favicon.ico HTTP/1.1" 206 18902 "http://saveaslave.com/butn/index.php?db=saveaslave&token=c0fb474d45d40b1b94ac4f6e0df23beb" "Mozilla/5.0 (Windows NT 6.3; WOW64) AppleWebKit/537.36 (KHTML, like Gecko) Chrome/42.0.2311.152 Safari/537.36" "saveaslave.com"
71.171.22.66 - - [01/Jun/2015:06:57:51 -0700] "POST /addlink.php HTTP/1.1" 200 15073 "http://www.saveaslave.com/addlink.php" "Mozilla/5.0 (Windows NT 6.3; WOW64) AppleWebKit/537.36 (KHTML, like Gecko) Chrome/42.0.2311.152 Safari/537.36" "www.saveaslave.com"
100.43.91.12 - - [01/Jun/2015:06:57:52 -0700] "GET /us-virgin-islands.html HTTP/1.1" 200 5799 "-" "Mozilla/5.0 (compatible; YandexBot/3.0; +http://yandex.com/bots)" "saveaslave.com"
71.171.22.66 - - [01/Jun/2015:06:58:05 -0700] "GET /butn/tbl_structure.php?db=saveaslave&token=c0fb474d45d40b1b94ac4f6e0df23beb&table=links HTTP/1.1" 200 6548 "http://saveaslave.com/butn/navigation.php?db=saveaslave&token=c0fb474d45d40b1b94ac4f6e0df23beb" "Mozilla/5.0 (Windows NT 6.3; WOW64) AppleWebKit/537.36 (KHTML, like Gecko) Chrome/42.0.2311.152 Safari/537.36" "saveaslave.com"
71.171.22.66 - - [01/Jun/2015:06:58:06 -0700] "GET /butn/favicon.ico HTTP/1.1" 206 18902 "http://saveaslave.com/butn/index.php?db=saveaslave&token=c0fb474d45d40b1b94ac4f6e0df23beb" "Mozilla/5.0 (Windows NT 6.3; WOW64) AppleWebKit/537.36 (KHTML, like Gecko) Chrome/42.0.2311.152 Safari/537.36" "saveaslave.com"
71.171.22.66 - - [01/Jun/2015:06:58:07 -0700] "GET /butn/favicon.ico HTTP/1.1" 206 18902 "http://saveaslave.com/butn/index.php?db=saveaslave&token=c0fb474d45d40b1b94ac4f6e0df23beb" "Mozilla/5.0 (Windows NT 6.3; WOW64) AppleWebKit/537.36 (KHTML, like Gecko) Chrome/42.0.2311.152 Safari/537.36" "saveaslave.com"
71.171.22.66 - - [01/Jun/2015:06:58:08 -0700] "GET /butn/sql.php?db=saveaslave&table=links&token=c0fb474d45d40b1b94ac4f6e0df23beb&goto=tbl_structure.php&back=tbl_structure.php&pos=0 HTTP/1.1" 200 5132 "http://saveaslave.com/butn/tbl_structure.php?db=saveaslave&token=c0fb474d45d40b1b94ac4f6e0df23beb&table=links" "Mozilla/5.0 (Windows NT 6.3; WOW64) AppleWebKit/537.36 (KHTML, like Gecko) Chrome/42.0.2311.152 Safari/537.36" "saveaslave.com"
71.171.22.66 - - [01/Jun/2015:06:58:08 -0700] "GET /butn/favicon.ico HTTP/1.1" 206 18902 "http://saveaslave.com/butn/index.php?db=saveaslave&token=c0fb474d45d40b1b94ac4f6e0df23beb" "Mozilla/5.0 (Windows NT 6.3; WOW64) AppleWebKit/537.36 (KHTML, like Gecko) Chrome/42.0.2311.152 Safari/537.36" "saveaslave.com"
71.171.22.66 - - [01/Jun/2015:06:58:09 -0700] "GET /butn/favicon.ico HTTP/1.1" 206 18902 "http://saveaslave.com/butn/index.php?db=saveaslave&token=c0fb474d45d40b1b94ac4f6e0df23beb" "Mozilla/5.0 (Windows NT 6.3; WOW64) AppleWebKit/537.36 (KHTML, like Gecko) Chrome/42.0.2311.152 Safari/537.36" "saveaslave.com"
71.171.22.66 - - [01/Jun/2015:07:02:57 -0700] "GET / HTTP/1.1" 200 23116 "-" "Mozilla/5.0 (Windows NT 6.3; WOW64) AppleWebKit/537.36 (KHTML, like Gecko) Chrome/42.0.2311.152 Safari/537.36" "www.saveaslave.com"
71.171.22.66 - - [01/Jun/2015:07:02:58 -0700] "GET /css/style.css HTTP/1.1" 206 1400 "http://www.saveaslave.com/" "Mozilla/5.0 (Windows NT 6.3; WOW64) AppleWebKit/537.36 (KHTML, like Gecko) Chrome/42.0.2311.152 Safari/537.36" "www.saveaslave.com"
71.171.22.66 - - [01/Jun/2015:07:02:58 -0700] "GET /jquery.marquee.js HTTP/1.1" 206 6560 "http://www.saveaslave.com/" "Mozilla/5.0 (Windows NT 6.3; WOW64) AppleWebKit/537.36 (KHTML, like Gecko) Chrome/42.0.2311.152 Safari/537.36" "www.saveaslave.com"
71.171.22.66 - - [01/Jun/2015:07:02:58 -0700] "GET /jquery-1.3.2.min.js HTTP/1.1" 206 57254 "http://www.saveaslave.com/" "Mozilla/5.0 (Windows NT 6.3; WOW64) AppleWebKit/537.36 (KHTML, like Gecko) Chrome/42.0.2311.152 Safari/537.36" "www.saveaslave.com"
71.171.22.66 - - [01/Jun/2015:07:02:58 -0700] "GET /images/header.png HTTP/1.1" 206 104524 "http://www.saveaslave.com/" "Mozilla/5.0 (Windows NT 6.3; WOW64) AppleWebKit/537.36 (KHTML, like Gecko) Chrome/42.0.2311.152 Safari/537.36" "www.saveaslave.com"
71.245.119.147 - - [01/Jun/2015:07:11:33 -0700] "GET /images/countrymap/solomon-islands.gif HTTP/1.1" 200 122217 "https://www.google.com/" "Mozilla/5.0 (Windows NT 6.1; WOW64) AppleWebKit/537.36 (KHTML, like Gecko) Chrome/43.0.2357.81 Safari/537.36" "www.saveaslave.com"
71.171.22.66 - - [01/Jun/2015:07:12:00 -0700] "GET /favicon.ico HTTP/1.1" 404 89 "http://saveaslave.com/managelink.php" "Mozilla/5.0 (Windows NT 6.3; WOW64) AppleWebKit/537.36 (KHTML, like Gecko) Chrome/42.0.2311.152 Safari/537.36" "saveaslave.com"
157.55.39.101 - - [01/Jun/2015:07:12:01 -0700] "GET /robots.txt HTTP/1.1" 404 89 "-" "Mozilla/5.0 (compatible; bingbot/2.0; +http://www.bing.com/bingbot.htm)" "www.saveaslave.com"
71.171.22.66 - - [01/Jun/2015:07:12:06 -0700] "GET /managelink.php HTTP/1.1" 200 594 "-" "Mozilla/5.0 (Windows NT 6.3; WOW64) AppleWebKit/537.36 (KHTML, like Gecko) Chrome/42.0.2311.152 Safari/537.36" "saveaslave.com"
71.171.22.66 - - [01/Jun/2015:07:15:26 -0700] "GET /managelink.php HTTP/1.1" 200 416 "-" "Mozilla/5.0 (Windows NT 6.3; WOW64) AppleWebKit/537.36 (KHTML, like Gecko) Chrome/42.0.2311.152 Safari/537.36" "saveaslave.com"
207.46.13.4 - - [01/Jun/2015:07:16:58 -0700] "GET /ghana HTTP/1.1" 200 5666 "-" "Mozilla/5.0 (compatible; bingbot/2.0; +http://www.bing.com/bingbot.htm)" "www.saveaslave.com"
71.171.22.66 - - [01/Jun/2015:07:17:17 -0700] "GET /managelink.php HTTP/1.1" 200 852 "-" "Mozilla/5.0 (Windows NT 6.3; WOW64) AppleWebKit/537.36 (KHTML, like Gecko) Chrome/42.0.2311.152 Safari/537.36" "saveaslave.com"
72.38.122.162 - - [01/Jun/2015:07:38:00 -0700] "GET / HTTP/1.1" 200 23116 "-" "Mozilla/5.0 (X11; CrOS x86_64 6812.88.0) AppleWebKit/537.36 (KHTML, like Gecko) Chrome/42.0.2311.153 Safari/537.36" "www.saveaslave.com"
72.38.122.162 - - [01/Jun/2015:07:38:00 -0700] "GET /css/style.css HTTP/1.1" 200 1400 "http://www.saveaslave.com/" "Mozilla/5.0 (X11; CrOS x86_64 6812.88.0) AppleWebKit/537.36 (KHTML, like Gecko) Chrome/42.0.2311.153 Safari/537.36" "www.saveaslave.com"
72.38.122.162 - - [01/Jun/2015:07:38:00 -0700] "GET /jquery-1.3.2.min.js HTTP/1.1" 200 57254 "http://www.saveaslave.com/" "Mozilla/5.0 (X11; CrOS x86_64 6812.88.0) AppleWebKit/537.36 (KHTML, like Gecko) Chrome/42.0.2311.153 Safari/537.36" "www.saveaslave.com"
1.23.196.3 - - [01/Jun/2015:07:53:06 -0700] "GET /images/countrymap/solomon-islands.gif HTTP/1.1" 200 122217 "https://www.google.com/" "Mozilla/5.0 (Windows NT 6.3; WOW64) AppleWebKit/537.36 (KHTML, like Gecko) Chrome/43.0.2357.81 Safari/537.36" "www.saveaslave.com"
207.46.13.4 - - [01/Jun/2015:08:57:45 -0700] "GET /saint-vincent-grenadines.html HTTP/1.1" 200 5868 "-" "Mozilla/5.0 (compatible; bingbot/2.0; +http://www.bing.com/bingbot.htm)" "saveaslave.com"
213.93.134.92 - - [01/Jun/2015:09:08:05 -0700] "GET /images/countrymap/solomon-islands.gif HTTP/1.1" 200 122217 "https://www.google.nl/" "Mozilla/5.0 (Windows NT 6.3; WOW64) AppleWebKit/537.36 (KHTML, like Gecko) Chrome/43.0.2357.81 Safari/537.36" "www.saveaslave.com"
104.154.78.10 - - [01/Jun/2015:09:13:33 -0700] "GET / HTTP/1.1" 200 23116 "-" "NerdyBot" "saveaslave.com"
125.209.235.183 - - [01/Jun/2015:09:18:57 -0700] "GET / HTTP/1.1" 200 23116 "-" "Mozilla/5.0 (compatible; Yeti/1.1; +http://help.naver.com/robots/)" "www.saveaslave.com"
79.106.109.207 - - [01/Jun/2015:09:25:35 -0700] "GET /images/countrymap/bosnia-herzegovina.jpg HTTP/1.1" 200 42063 "https://www.google.al/" "Mozilla/5.0 (Linux; Android 4.4.2; GT-I9301I Build/KOT49H) AppleWebKit/537.36 (KHTML, like Gecko) Chrome/43.0.2357.78 Mobile Safari/537.36" "www.saveaslave.com"
192.99.107.70 - - [01/Jun/2015:09:42:39 -0700] "GET /robots.txt HTTP/1.1" 404 89 "-" "Mozilla/5.0 (compatible; meanpathbot/1.0; +http://www.meanpath.com/meanpathbot.html)" "www.saveaslave.com"
208.87.234.180 - - [01/Jun/2015:09:54:11 -0700] "GET /images/countrymap/iraq.jpg HTTP/1.1" 200 40607 "https://www.google.com/" "Mozilla/5.0 (Windows NT 6.1; WOW64) AppleWebKit/537.36 (KHTML, like Gecko) Chrome/43.0.2357.81 Safari/537.36" "www.saveaslave.com"
5.39.85.81 - - [01/Jun/2015:10:36:11 -0700] "GET /robots.txt HTTP/1.1" 404 89 "-" "" "www.saveaslave.com"
5.39.85.81 - - [01/Jun/2015:10:36:11 -0700] "GET / HTTP/1.1" 200 23116 "-" "Mozilla/5.0 (X11; Linux x86_64) AppleWebKit/534.24 (KHTML, like Gecko) Chrome/11.0.696.3 Safari/534.24" "www.saveaslave.com"
