10.211.234.152 - - [07/Jun/2015:14:49:26 -0700] "GET /images/countrymap/solomon-islands.gif HTTP/1.1" 200 122217 "-" "YahooCacheSystem; YahooWebServiceClient" "www.saveaslave.com"
188.165.15.5 - - [07/Jun/2015:14:53:57 -0700] "GET /hong-kong.html HTTP/1.1" 200 5702 "-" "Mozilla/5.0 (compatible; AhrefsBot/5.0; +http://ahrefs.com/robot/)" "www.saveaslave.com"
187.165.160.71 - - [07/Jun/2015:15:00:06 -0700] "GET / HTTP/1.1" 200 23251 "http://spankedcoeds2.com/blog/2014/04/29/slavegirl-cristina/" "Mozilla/5.0 (Windows NT 6.1; WOW64) AppleWebKit/537.36 (KHTML, like Gecko) Chrome/43.0.2357.81 Safari/537.36" "saveaslave.com"
187.165.160.71 - - [07/Jun/2015:15:00:06 -0700] "GET /jquery-1.3.2.min.js HTTP/1.1" 200 57254 "http://saveaslave.com/" "Mozilla/5.0 (Windows NT 6.1; WOW64) AppleWebKit/537.36 (KHTML, like Gecko) Chrome/43.0.2357.81 Safari/537.36" "saveaslave.com"
187.165.160.71 - - [07/Jun/2015:15:00:06 -0700] "GET /images/slaves.jpg HTTP/1.1" 200 86777 "http://saveaslave.com/" "Mozilla/5.0 (Windows NT 6.1; WOW64) AppleWebKit/537.36 (KHTML, like Gecko) Chrome/43.0.2357.81 Safari/537.36" "saveaslave.com"
187.165.160.71 - - [07/Jun/2015:15:00:09 -0700] "GET /addlink.php HTTP/1.1" 200 15495 "http://saveaslave.com/" "Mozilla/5.0 (Windows NT 6.1; WOW64) AppleWebKit/537.36 (KHTML, like Gecko) Chrome/43.0.2357.81 Safari/537.36" "www.saveaslave.com"
187.165.160.71 - - [07/Jun/2015:15:00:18 -0700] "GET /favicon.ico HTTP/1.1" 404 89 "http://saveaslave.com/" "Mozilla/5.0 (Windows NT 6.1; WOW64) AppleWebKit/537.36 (KHTML, like Gecko) Chrome/43.0.2357.81 Safari/537.36" "saveaslave.com"
187.165.160.71 - - [07/Jun/2015:15:00:19 -0700] "GET /favicon.ico HTTP/1.1" 404 89 "http://saveaslave.com/" "Mozilla/5.0 (Windows NT 6.1; WOW64) AppleWebKit/537.36 (KHTML, like Gecko) Chrome/43.0.2357.81 Safari/537.36" "saveaslave.com"
187.165.160.71 - - [07/Jun/2015:15:00:25 -0700] "HEAD / HTTP/1.1" 200 0 "-" "Mozilla/5.0 (X11; Linux x86_64; rv:10.0) Gecko/20100101 Firefox/10.0 (Chrome)" "saveaslave.com"
157.55.39.179 - - [07/Jun/2015:15:04:27 -0700] "GET /robots.txt HTTP/1.1" 404 89 "-" "Mozilla/5.0 (compatible; bingbot/2.0; +http://www.bing.com/bingbot.htm)" "saveaslave.com"
54.234.40.247 - - [07/Jun/2015:15:05:54 -0700] "GET /azkaban.html HTTP/1.1" 200 12664 "-" "Mozilla/5.0 (compatible; linkdexbot/2.0; +http://www.linkdex.com/bots/)" "saveaslave.com"
54.234.40.247 - - [07/Jun/2015:15:05:55 -0700] "GET /robots.txt HTTP/1.1" 404 89 "-" "Mozilla/5.0 (compatible; linkdexbot/2.0; +http://www.linkdex.com/bots/)" "saveaslave.com"
65.36.241.48 - - [07/Jun/2015:15:13:34 -0700] "HEAD /?tpl=references&Itemid=3 HTTP/1.1" 200 0 "-" "InternetSeer.com" "www.saveaslave.com"
67.182.156.58 - - [07/Jun/2015:15:28:39 -0700] "GET / HTTP/1.1" 200 23251 "-" "Mozilla/5.0 (Windows NT 6.1; WOW64) AppleWebKit/537.36 (KHTML, like Gecko) Chrome/43.0.2357.81 Safari/537.36" "saveaslave.com"
67.182.156.58 - - [07/Jun/2015:15:28:40 -0700] "GET /jquery-1.3.2.min.js HTTP/1.1" 200 57254 "http://saveaslave.com/" "Mozilla/5.0 (Windows NT 6.1; WOW64) AppleWebKit/537.36 (KHTML, like Gecko) Chrome/43.0.2357.81 Safari/537.36" "saveaslave.com"
67.182.156.58 - - [07/Jun/2015:15:28:40 -0700] "GET /jquery.marquee.js HTTP/1.1" 200 6560 "http://saveaslave.com/" "Mozilla/5.0 (Windows NT 6.1; WOW64) AppleWebKit/537.36 (KHTML, like Gecko) Chrome/43.0.2357.81 Safari/537.36" "saveaslave.com"
67.182.156.58 - - [07/Jun/2015:15:28:40 -0700] "GET /css/style.css HTTP/1.1" 200 1400 "http://saveaslave.com/" "Mozilla/5.0 (Windows NT 6.1; WOW64) AppleWebKit/537.36 (KHTML, like Gecko) Chrome/43.0.2357.81 Safari/537.36" "saveaslave.com"
67.182.156.58 - - [07/Jun/2015:15:28:40 -0700] "GET /images/header.png HTTP/1.1" 200 104524 "http://saveaslave.com/" "Mozilla/5.0 (Windows NT 6.1; WOW64) AppleWebKit/537.36 (KHTML, like Gecko) Chrome/43.0.2357.81 Safari/537.36" "saveaslave.com"
67.182.156.58 - - [07/Jun/2015:15:28:40 -0700] "GET /images/slaves.jpg HTTP/1.1" 200 86777 "http://saveaslave.com/" "Mozilla/5.0 (Windows NT 6.1; WOW64) AppleWebKit/537.36 (KHTML, like Gecko) Chrome/43.0.2357.81 Safari/537.36" "saveaslave.com"
67.182.156.58 - - [07/Jun/2015:15:28:40 -0700] "GET /images/sas_button.gif HTTP/1.1" 200 2628 "http://saveaslave.com/" "Mozilla/5.0 (Windows NT 6.1; WOW64) AppleWebKit/537.36 (KHTML, like Gecko) Chrome/43.0.2357.81 Safari/537.36" "saveaslave.com"
67.182.156.58 - - [07/Jun/2015:15:28:42 -0700] "GET /addlink.php HTTP/1.1" 200 15495 "http://saveaslave.com/" "Mozilla/5.0 (Windows NT 6.1; WOW64) AppleWebKit/537.36 (KHTML, like Gecko) Chrome/43.0.2357.81 Safari/537.36" "www.saveaslave.com"
67.182.156.58 - - [07/Jun/2015:15:28:58 -0700] "GET /india.html HTTP/1.1" 200 6040 "http://saveaslave.com/" "Mozilla/5.0 (Windows NT 6.1; WOW64) AppleWebKit/537.36 (KHTML, like Gecko) Chrome/43.0.2357.81 Safari/537.36" "saveaslave.com"
67.182.156.58 - - [07/Jun/2015:15:28:58 -0700] "GET /images/countrymap/india.gif HTTP/1.1" 200 29237 "http://saveaslave.com/india.html" "Mozilla/5.0 (Windows NT 6.1; WOW64) AppleWebKit/537.36 (KHTML, like Gecko) Chrome/43.0.2357.81 Safari/537.36" "saveaslave.com"
157.55.39.28 - - [07/Jun/2015:15:31:25 -0700] "GET /robots.txt HTTP/1.1" 404 89 "-" "Mozilla/5.0 (compatible; bingbot/2.0; +http://www.bing.com/bingbot.htm)" "www.saveaslave.com"
157.55.39.208 - - [07/Jun/2015:15:40:33 -0700] "GET /robots.txt HTTP/1.1" 404 89 "-" "Mozilla/5.0 (compatible; bingbot/2.0; +http://www.bing.com/bingbot.htm)" "www.saveaslave.com"
180.76.15.150 - - [07/Jun/2015:15:41:12 -0700] "GET /azkaban2.html HTTP/1.1" 200 9017 "-" "Mozilla/5.0 (compatible; Baiduspider/2.0; +http://www.baidu.com/search/spider.html)" "www.saveaslave.com"
107.170.68.76 - - [07/Jun/2015:15:43:55 -0700] "GET /robots.txt HTTP/1.1" 404 89 "-" "Mozilla/5.0 (compatible; MJ12bot/v1.4.5; http://www.majestic12.co.uk/bot.php?+)" "www.saveaslave.com"
100.43.91.28 - - [07/Jun/2015:15:45:49 -0700] "GET /guinea.html HTTP/1.1" 200 5675 "-" "Mozilla/5.0 (compatible; YandexBot/3.0; +http://yandex.com/bots)" "saveaslave.com"
157.55.39.179 - - [07/Jun/2015:15:47:47 -0700] "GET /san-marino.html HTTP/1.1" 200 5710 "-" "Mozilla/5.0 (compatible; bingbot/2.0; +http://www.bing.com/bingbot.htm)" "www.saveaslave.com"
54.237.54.160 - - [07/Jun/2015:15:48:24 -0700] "GET /robots.txt HTTP/1.1" 404 89 "-" "Mozilla/5.0 (compatible; linkdexbot/2.0; +http://www.linkdex.com/bots/)" "saveaslave.com"
157.55.39.208 - - [07/Jun/2015:15:53:13 -0700] "GET /bangladesh.html HTTP/1.1" 200 5664 "-" "msnbot-media/1.1 (+http://search.msn.com/msnbot.htm)" "www.saveaslave.com"
94.153.9.220 - - [07/Jun/2015:15:55:11 -0700] "GET / HTTP/1.1" 200 23251 "https://blue-square.biz/" "Mozilla/3.0 (compatible; WebCapture 2.0; Auto; Windows)" "saveaslave.com"
94.153.9.220 - - [07/Jun/2015:15:55:11 -0700] "GET / HTTP/1.1" 200 23251 "https://blue-square.biz/" "Mozilla/3.0 (compatible; WebCapture 2.0; Auto; Windows)" "saveaslave.com"
72.168.96.124 - - [07/Jun/2015:15:58:30 -0700] "GET /addlink.php HTTP/1.1" 200 15499 "http://www.saveaslave.com/" "Mozilla/5.0 (Windows NT 6.1; WOW64; Trident/7.0; rv:11.0) like Gecko" "www.saveaslave.com"
72.168.96.124 - - [07/Jun/2015:15:58:49 -0700] "GET / HTTP/1.1" 200 23251 "-" "Mozilla/5.0 (Windows NT 6.1; WOW64; Trident/7.0; rv:11.0) like Gecko" "www.saveaslave.com"
72.168.96.124 - - [07/Jun/2015:15:58:50 -0700] "GET /css/style.css HTTP/1.1" 200 1400 "http://www.saveaslave.com/" "Mozilla/5.0 (Windows NT 6.1; WOW64; Trident/7.0; rv:11.0) like Gecko" "www.saveaslave.com"
72.168.96.124 - - [07/Jun/2015:15:58:50 -0700] "GET /jquery.marquee.js HTTP/1.1" 200 6560 "http://www.saveaslave.com/" "Mozilla/5.0 (Windows NT 6.1; WOW64; Trident/7.0; rv:11.0) like Gecko" "www.saveaslave.com"
72.168.96.124 - - [07/Jun/2015:15:58:50 -0700] "GET /jquery-1.3.2.min.js HTTP/1.1" 200 57254 "http://www.saveaslave.com/" "Mozilla/5.0 (Windows NT 6.1; WOW64; Trident/7.0; rv:11.0) like Gecko" "www.saveaslave.com"
72.168.96.124 - - [07/Jun/2015:15:58:51 -0700] "GET /addlink.php HTTP/1.1" 200 15499 "http://www.saveaslave.com/" "Mozilla/5.0 (Windows NT 6.1; WOW64; Trident/7.0; rv:11.0) like Gecko" "www.saveaslave.com"
23.23.242.178 - - [07/Jun/2015:16:09:06 -0700] "GET /nauru.html HTTP/1.1" 200 5665 "-" "Mozilla/5.0 (Windows; U; Windows NT 5.1; en-US; rv:1.9.2.8) Gecko/20100722 Firefox/3.6.8" "www.saveaslave.com"
223.137.201.247 - - [07/Jun/2015:16:09:07 -0700] "GET /images/countrymap/nauru.gif HTTP/1.1" 200 8946 "http://dudamobile.saveaslave.com/?url=http%3A%2F%2Fwww.saveaslave.com%2Fnauru.html" "Mozilla/5.0 (iPhone; CPU iPhone OS 8_3 like Mac OS X) AppleWebKit/600.1.4 (KHTML, like Gecko) Version/8.0 Mobile/12F70 Safari/600.1.4" "www.saveaslave.com"
223.137.201.247 - - [07/Jun/2015:16:09:07 -0700] "GET /images/header.png HTTP/1.1" 200 104524 "http://dudamobile.saveaslave.com/?url=http%3A%2F%2Fwww.saveaslave.com%2Fnauru.html" "Mozilla/5.0 (iPhone; CPU iPhone OS 8_3 like Mac OS X) AppleWebKit/600.1.4 (KHTML, like Gecko) Version/8.0 Mobile/12F70 Safari/600.1.4" "www.saveaslave.com"
223.137.201.247 - - [07/Jun/2015:16:09:07 -0700] "GET /images/sas_button.gif HTTP/1.1" 200 2628 "http://dudamobile.saveaslave.com/?url=http%3A%2F%2Fwww.saveaslave.com%2Fnauru.html" "Mozilla/5.0 (iPhone; CPU iPhone OS 8_3 like Mac OS X) AppleWebKit/600.1.4 (KHTML, like Gecko) Version/8.0 Mobile/12F70 Safari/600.1.4" "www.saveaslave.com"
223.137.201.247 - - [07/Jun/2015:16:09:07 -0700] "GET /images/countrymap/nauru-flag.gif HTTP/1.1" 200 9464 "http://dudamobile.saveaslave.com/?url=http%3A%2F%2Fwww.saveaslave.com%2Fnauru.html" "Mozilla/5.0 (iPhone; CPU iPhone OS 8_3 like Mac OS X) AppleWebKit/600.1.4 (KHTML, like Gecko) Version/8.0 Mobile/12F70 Safari/600.1.4" "www.saveaslave.com"
23.23.242.178 - - [07/Jun/2015:16:32:28 -0700] "GET / HTTP/1.1" 200 23251 "-" "Mozilla/5.0 (Windows; U; Windows NT 5.1; en-US; rv:1.9.2.8) Gecko/20100722 Firefox/3.6.8" "saveaslave.com"
23.23.242.178 - - [07/Jun/2015:16:33:18 -0700] "GET /yemen.html HTTP/1.1" 200 5668 "-" "Mozilla/5.0 (Windows; U; Windows NT 5.1; en-US; rv:1.9.2.8) Gecko/20100722 Firefox/3.6.8" "saveaslave.com"
73.4.2.26 - - [07/Jun/2015:16:33:19 -0700] "GET /images/countrymap/yemen-flag.jpg HTTP/1.1" 200 1326 "http://dudamobile.saveaslave.com/" "Mozilla/5.0 (Linux; Android 4.4.2; LGMS395 Build/KOT49I.MS39510d) AppleWebKit/537.36 (KHTML, like Gecko) Chrome/43.0.2357.92 Mobile Safari/537.36" "saveaslave.com"
73.4.2.26 - - [07/Jun/2015:16:33:19 -0700] "GET /images/countrymap/yemen.jpg HTTP/1.1" 200 35285 "http://dudamobile.saveaslave.com/" "Mozilla/5.0 (Linux; Android 4.4.2; LGMS395 Build/KOT49I.MS39510d) AppleWebKit/537.36 (KHTML, like Gecko) Chrome/43.0.2357.92 Mobile Safari/537.36" "saveaslave.com"
69.58.178.58 - - [07/Jun/2015:16:35:15 -0700] "GET /index.html HTTP/1.1" 200 23629 "-" "Mozilla/5.0 (X11; Ubuntu; Linux i686; rv:14.0; ips-agent) Gecko/20100101 Firefox/14.0.1" "www.saveaslave.com"
69.58.178.58 - - [07/Jun/2015:16:35:16 -0700] "GET /whoweare.html HTTP/1.1" 200 11993 "-" "Mozilla/5.0 (X11; Ubuntu; Linux i686; rv:14.0; ips-agent) Gecko/20100101 Firefox/14.0.1" "www.saveaslave.com"
54.243.48.119 - - [07/Jun/2015:16:35:21 -0700] "GET /resources.html HTTP/1.1" 200 14780 "-" "Mozilla/5.0 (Windows; U; Windows NT 5.1; en-US; rv:1.9.2.8) Gecko/20100722 Firefox/3.6.8" "www.saveaslave.com"
69.58.178.58 - - [07/Jun/2015:16:35:22 -0700] "GET /afghanistan.html HTTP/1.1" 200 5683 "-" "Mozilla/5.0 (X11; Ubuntu; Linux i686; rv:14.0; ips-agent) Gecko/20100101 Firefox/14.0.1" "www.saveaslave.com"
157.55.39.179 - - [07/Jun/2015:16:46:52 -0700] "GET /robots.txt HTTP/1.1" 404 89 "-" "Mozilla/5.0 (compatible; bingbot/2.0; +http://www.bing.com/bingbot.htm)" "www.saveaslave.com"
123.125.71.24 - - [07/Jun/2015:16:56:14 -0700] "GET /qatar.html HTTP/1.1" 200 5665 "-" "Mozilla/5.0 (compatible; Baiduspider/2.0; +http://www.baidu.com/search/spider.html)" "www.saveaslave.com"
66.249.83.226 - - [07/Jun/2015:17:13:29 -0700] "GET / HTTP/1.1" 200 23251 "-" "Mozilla/5.0 (Windows NT 6.1; rv:6.0) Gecko/20110814 Firefox/6.0 Google favicon" "www.saveaslave.com"
69.127.235.192 - - [07/Jun/2015:17:33:33 -0700] "GET /images/countrymap/solomon-islands.gif HTTP/1.1" 200 122217 "-" "Mozilla/5.0 (Macintosh; Intel Mac OS X 10_5_8) AppleWebKit/534.50.2 (KHTML, like Gecko) Version/5.0.6 Safari/533.22.3" "www.saveaslave.com"
157.55.39.208 - - [07/Jun/2015:17:46:36 -0700] "GET /robots.txt HTTP/1.1" 404 89 "-" "Mozilla/5.0 (compatible; bingbot/2.0; +http://www.bing.com/bingbot.htm)" "www.saveaslave.com"
157.55.39.28 - - [07/Jun/2015:17:49:15 -0700] "GET /robots.txt HTTP/1.1" 404 89 "-" "Mozilla/5.0 (compatible; bingbot/2.0; +http://www.bing.com/bingbot.htm)" "www.saveaslave.com"
157.55.39.29 - - [07/Jun/2015:17:51:07 -0700] "GET /brunei.html HTTP/1.1" 200 5649 "-" "msnbot-media/1.1 (+http://search.msn.com/msnbot.htm)" "www.saveaslave.com"
157.55.39.208 - - [07/Jun/2015:17:52:55 -0700] "GET /luxembourg HTTP/1.1" 200 5711 "-" "msnbot-media/1.1 (+http://search.msn.com/msnbot.htm)" "www.saveaslave.com"
54.234.40.247 - - [07/Jun/2015:17:55:26 -0700] "GET /robots.txt HTTP/1.1" 404 89 "-" "Mozilla/5.0 (compatible; linkdexbot/2.0; +http://www.linkdex.com/bots/)" "www.saveaslave.com"
72.168.96.124 - - [07/Jun/2015:17:57:32 -0700] "GET /favicon.ico HTTP/1.1" 404 89 "-" "Mozilla/5.0 (Windows NT 6.1; WOW64; Trident/7.0; rv:11.0) like Gecko" "saveaslave.com"
107.217.53.25 - - [07/Jun/2015:17:57:35 -0700] "GET / HTTP/1.1" 200 23251 "http://t.co/MoR8lnFwqJ" "Mozilla/5.0 (Macintosh; Intel Mac OS X 10_7_5) AppleWebKit/537.36 (KHTML, like Gecko) Chrome/43.0.2357.81 Safari/537.36" "saveaslave.com"
107.217.53.25 - - [07/Jun/2015:17:57:35 -0700] "GET /jquery.marquee.js HTTP/1.1" 200 6560 "http://saveaslave.com/" "Mozilla/5.0 (Macintosh; Intel Mac OS X 10_7_5) AppleWebKit/537.36 (KHTML, like Gecko) Chrome/43.0.2357.81 Safari/537.36" "saveaslave.com"
107.217.53.25 - - [07/Jun/2015:17:57:38 -0700] "GET /favicon.ico HTTP/1.1" 404 89 "http://saveaslave.com/" "Mozilla/5.0 (Macintosh; Intel Mac OS X 10_7_5) AppleWebKit/537.36 (KHTML, like Gecko) Chrome/43.0.2357.81 Safari/537.36" "saveaslave.com"
72.168.96.124 - - [07/Jun/2015:17:58:25 -0700] "GET /addlink.php HTTP/1.1" 200 15499 "http://www.saveaslave.com/" "Mozilla/5.0 (Windows NT 6.1; WOW64; Trident/7.0; rv:11.0) like Gecko" "www.saveaslave.com"
50.137.11.47 - - [07/Jun/2015:18:00:19 -0700] "GET /images/countrymap/guinea-bissau.jpg HTTP/1.1" 200 21682 "https://www.google.com/" "Mozilla/5.0 (iPhone; CPU iPhone OS 8_3 like Mac OS X) AppleWebKit/600.1.4 (KHTML, like Gecko) Version/8.0 Mobile/12F70 Safari/600.1.4" "www.saveaslave.com"
72.168.96.124 - - [07/Jun/2015:18:01:17 -0700] "POST /managelink.php HTTP/1.1" 200 4587 "http://saveaslave.com/managelink.php" "Mozilla/5.0 (Windows NT 6.1; WOW64; Trident/7.0; rv:11.0) like Gecko" "saveaslave.com"
72.168.96.124 - - [07/Jun/2015:18:01:19 -0700] "GET /favicon.ico HTTP/1.1" 404 89 "-" "Mozilla/5.0 (Windows NT 6.1; WOW64; Trident/7.0; rv:11.0) like Gecko" "saveaslave.com"
157.55.39.208 - - [07/Jun/2015:18:06:12 -0700] "GET /robots.txt HTTP/1.1" 404 89 "-" "Mozilla/5.0 (compatible; bingbot/2.0; +http://www.bing.com/bingbot.htm)" "www.saveaslave.com"
166.137.118.111 - - [07/Jun/2015:18:11:35 -0700] "GET /images/slaves.jpg HTTP/1.1" 200 86777 "http://dudamobile.saveaslave.com/" "Mozilla/5.0 (iPhone; CPU iPhone OS 8_3 like Mac OS X) AppleWebKit/600.1.4 (KHTML, like Gecko) Version/8.0 Mobile/12F70 Safari/600.1.4" "saveaslave.com"
166.137.118.111 - - [07/Jun/2015:18:11:47 -0700] "GET /images/sas_button.gif HTTP/1.1" 200 2628 "http://dudamobile.saveaslave.com/" "Mozilla/5.0 (iPhone; CPU iPhone OS 8_3 like Mac OS X) AppleWebKit/600.1.4 (KHTML, like Gecko) Version/8.0 Mobile/12F70 Safari/600.1.4" "saveaslave.com"
166.137.118.111 - - [07/Jun/2015:18:11:47 -0700] "GET /images/slaves.jpg HTTP/1.1" 200 86777 "http://dudamobile.saveaslave.com/" "Mozilla/5.0 (iPhone; CPU iPhone OS 8_3 like Mac OS X) AppleWebKit/600.1.4 (KHTML, like Gecko) Version/8.0 Mobile/12F70 Safari/600.1.4" "saveaslave.com"
157.55.39.29 - - [07/Jun/2015:18:15:57 -0700] "GET /robots.txt HTTP/1.1" 404 89 "-" "Mozilla/5.0 (compatible; bingbot/2.0; +http://www.bing.com/bingbot.htm)" "www.saveaslave.com"
81.52.143.37 - - [07/Jun/2015:18:19:40 -0700] "GET /robots.txt HTTP/1.1" 404 89 "-" "Mozilla/5.0 (compatible; OrangeBot/2.0; support.orangebot@orange.com)" "saveaslave.com"
81.52.143.37 - - [07/Jun/2015:18:19:47 -0700] "GET / HTTP/1.1" 200 23251 "-" "Mozilla/5.0 (compatible; OrangeBot/2.0; support.orangebot@orange.com)" "saveaslave.com"
54.237.54.160 - - [07/Jun/2015:18:28:07 -0700] "GET /robots.txt HTTP/1.1" 404 89 "-" "Mozilla/5.0 (compatible; linkdexbot/2.0; +http://www.linkdex.com/bots/)" "saveaslave.com"
208.94.145.109 - - [07/Jun/2015:18:28:32 -0700] "HEAD / HTTP/1.1" 200 0 "http://longurl.org" "LongURL API" "saveaslave.com"
180.76.15.29 - - [07/Jun/2015:18:31:43 -0700] "GET /united-arab-emirates.html HTTP/1.1" 200 5769 "-" "Mozilla/5.0 (compatible; Baiduspider/2.0; +http://www.baidu.com/search/spider.html)" "www.saveaslave.com"
63.225.127.117 - - [07/Jun/2015:18:38:47 -0700] "GET / HTTP/1.1" 200 23251 "http://t.co/MoR8lnFwqJ" "Mozilla/5.0 (Windows NT 6.1; WOW64; rv:39.0) Gecko/20100101 Firefox/39.0" "saveaslave.com"
63.225.127.117 - - [07/Jun/2015:18:38:47 -0700] "GET /jquery.marquee.js HTTP/1.1" 200 6560 "http://saveaslave.com/" "Mozilla/5.0 (Windows NT 6.1; WOW64; rv:39.0) Gecko/20100101 Firefox/39.0" "saveaslave.com"
63.225.127.117 - - [07/Jun/2015:18:38:47 -0700] "GET /jquery-1.3.2.min.js HTTP/1.1" 200 57254 "http://saveaslave.com/" "Mozilla/5.0 (Windows NT 6.1; WOW64; rv:39.0) Gecko/20100101 Firefox/39.0" "saveaslave.com"
63.225.127.117 - - [07/Jun/2015:18:38:48 -0700] "GET /images/sas_button.gif HTTP/1.1" 200 2628 "http://saveaslave.com/" "Mozilla/5.0 (Windows NT 6.1; WOW64; rv:39.0) Gecko/20100101 Firefox/39.0" "saveaslave.com"
63.225.127.117 - - [07/Jun/2015:18:38:49 -0700] "GET /addlink.php HTTP/1.1" 200 15495 "http://saveaslave.com/" "Mozilla/5.0 (Windows NT 6.1; WOW64; rv:39.0) Gecko/20100101 Firefox/39.0" "www.saveaslave.com"
63.225.127.117 - - [07/Jun/2015:18:38:53 -0700] "GET /favicon.ico HTTP/1.1" 404 89 "-" "Mozilla/5.0 (Windows NT 6.1; WOW64; rv:39.0) Gecko/20100101 Firefox/39.0" "saveaslave.com"
81.52.143.34 - - [07/Jun/2015:18:42:15 -0700] "GET /robots.txt HTTP/1.1" 404 89 "-" "Mozilla/5.0 (compatible; OrangeBot/2.0; support.orangebot@orange.com)" "www.saveaslave.com"
81.52.143.34 - - [07/Jun/2015:18:42:20 -0700] "GET / HTTP/1.1" 200 23251 "-" "Mozilla/5.0 (compatible; OrangeBot/2.0; support.orangebot@orange.com)" "www.saveaslave.com"
65.36.241.48 - - [07/Jun/2015:18:49:45 -0700] "HEAD / HTTP/1.1" 200 0 "-" "InternetSeer.com" "www.saveaslave.com"
66.249.65.212 - - [07/Jun/2015:18:53:35 -0700] "GET /hong_kong.html HTTP/1.1" 404 89 "-" "Mozilla/5.0 (compatible; Googlebot/2.1; +http://www.google.com/bot.html)" "www.saveaslave.com"
207.46.13.113 - - [07/Jun/2015:19:09:37 -0700] "GET /rwanda.html HTTP/1.1" 200 5674 "-" "msnbot-media/1.1 (+http://search.msn.com/msnbot.htm)" "www.saveaslave.com"
157.55.39.208 - - [07/Jun/2015:19:09:54 -0700] "GET /barbados HTTP/1.1" 200 5664 "-" "Mozilla/5.0 (compatible; bingbot/2.0; +http://www.bing.com/bingbot.htm)" "www.saveaslave.com"
157.55.39.208 - - [07/Jun/2015:19:09:54 -0700] "GET /bangladesh.html HTTP/1.1" 200 5664 "-" "Mozilla/5.0 (compatible; bingbot/2.0; +http://www.bing.com/bingbot.htm)" "www.saveaslave.com"
157.55.39.208 - - [07/Jun/2015:19:09:56 -0700] "GET /bangladesh HTTP/1.1" 200 5664 "-" "Mozilla/5.0 (compatible; bingbot/2.0; +http://www.bing.com/bingbot.htm)" "www.saveaslave.com"
157.55.39.208 - - [07/Jun/2015:19:09:56 -0700] "GET /bulgaria.html HTTP/1.1" 200 5666 "-" "Mozilla/5.0 (compatible; bingbot/2.0; +http://www.bing.com/bingbot.htm)" "www.saveaslave.com"
157.55.39.208 - - [07/Jun/2015:19:09:56 -0700] "GET /botswana HTTP/1.1" 200 5669 "-" "Mozilla/5.0 (compatible; bingbot/2.0; +http://www.bing.com/bingbot.htm)" "www.saveaslave.com"
157.55.39.208 - - [07/Jun/2015:19:09:56 -0700] "GET /bhutan HTTP/1.1" 200 5651 "-" "Mozilla/5.0 (compatible; bingbot/2.0; +http://www.bing.com/bingbot.htm)" "www.saveaslave.com"
157.55.39.208 - - [07/Jun/2015:19:10:42 -0700] "GET /belarus.html HTTP/1.1" 200 5670 "-" "Mozilla/5.0 (compatible; bingbot/2.0; +http://www.bing.com/bingbot.htm)" "www.saveaslave.com"
157.55.39.208 - - [07/Jun/2015:19:10:43 -0700] "GET / HTTP/1.1" 200 23251 "-" "Mozilla/5.0 (compatible; bingbot/2.0; +http://www.bing.com/bingbot.htm)" "www.saveaslave.com"
157.55.39.208 - - [07/Jun/2015:19:10:43 -0700] "GET /niue HTTP/1.1" 200 5656 "-" "Mozilla/5.0 (compatible; bingbot/2.0; +http://www.bing.com/bingbot.htm)" "www.saveaslave.com"
157.55.39.208 - - [07/Jun/2015:19:10:43 -0700] "GET /angola HTTP/1.1" 200 5617 "-" "Mozilla/5.0 (compatible; bingbot/2.0; +http://www.bing.com/bingbot.htm)" "www.saveaslave.com"
207.46.13.113 - - [07/Jun/2015:19:12:15 -0700] "GET /aruba HTTP/1.1" 200 14875 "-" "Mozilla/5.0 (compatible; bingbot/2.0; +http://www.bing.com/bingbot.htm)" "www.saveaslave.com"
157.55.39.28 - - [07/Jun/2015:19:12:48 -0700] "GET /guam HTTP/1.1" 200 5657 "-" "Mozilla/5.0 (compatible; bingbot/2.0; +http://www.bing.com/bingbot.htm)" "www.saveaslave.com"
157.55.39.28 - - [07/Jun/2015:19:12:49 -0700] "GET /bolivia HTTP/1.1" 200 5606 "-" "Mozilla/5.0 (compatible; bingbot/2.0; +http://www.bing.com/bingbot.htm)" "www.saveaslave.com"
157.55.39.28 - - [07/Jun/2015:19:12:49 -0700] "GET /belgium HTTP/1.1" 200 5676 "-" "Mozilla/5.0 (compatible; bingbot/2.0; +http://www.bing.com/bingbot.htm)" "www.saveaslave.com"
157.55.39.28 - - [07/Jun/2015:19:12:49 -0700] "GET /austria HTTP/1.1" 200 5614 "-" "Mozilla/5.0 (compatible; bingbot/2.0; +http://www.bing.com/bingbot.htm)" "www.saveaslave.com"
157.55.39.179 - - [07/Jun/2015:19:27:40 -0700] "GET /robots.txt HTTP/1.1" 404 89 "-" "Mozilla/5.0 (compatible; bingbot/2.0; +http://www.bing.com/bingbot.htm)" "saveaslave.com"
157.55.39.178 - - [07/Jun/2015:19:27:56 -0700] "GET /peru.html HTTP/1.1" 200 5656 "-" "Mozilla/5.0 (compatible; bingbot/2.0; +http://www.bing.com/bingbot.htm)" "saveaslave.com"
54.87.52.16 - - [07/Jun/2015:19:28:55 -0700] "GET /azkaban.html HTTP/1.1" 200 12664 "-" "Mozilla/5.0 (compatible; linkdexbot/2.0; +http://www.linkdex.com/bots/)" "www.saveaslave.com"
54.87.52.16 - - [07/Jun/2015:19:28:56 -0700] "GET /robots.txt HTTP/1.1" 404 89 "-" "Mozilla/5.0 (compatible; linkdexbot/2.0; +http://www.linkdex.com/bots/)" "www.saveaslave.com"
157.55.39.29 - - [07/Jun/2015:19:29:08 -0700] "GET /eritrea.html HTTP/1.1" 200 5684 "-" "msnbot-media/1.1 (+http://search.msn.com/msnbot.htm)" "www.saveaslave.com"
208.94.145.109 - - [07/Jun/2015:19:51:46 -0700] "HEAD / HTTP/1.1" 200 0 "http://longurl.org" "LongURL API" "saveaslave.com"
207.90.2.10 - - [07/Jun/2015:20:00:56 -0700] "GET / HTTP/1.1" 200 23251 "-" "=Mozilla/5.0 (Windows; U; Windows NT 6.1; en-US) AppleWebKit/534.16 (KHTML, like Gecko) Chrome/10.0.648.204 Safari/534.16" "saveaslave.com"
207.90.2.10 - - [07/Jun/2015:20:00:57 -0700] "GET /addlink.php HTTP/1.1" 200 15473 "-" "=Mozilla/5.0 (Windows; U; Windows NT 6.1; en-US) AppleWebKit/534.16 (KHTML, like Gecko) Chrome/10.0.648.204 Safari/534.16" "www.saveaslave.com"
192.99.148.215 - - [07/Jun/2015:20:02:15 -0700] "GET / HTTP/1.1" 200 23251 "-" "-" "saveaslave.com"
188.165.15.5 - - [07/Jun/2015:20:09:55 -0700] "GET /mauritius.html HTTP/1.1" 200 5701 "-" "Mozilla/5.0 (compatible; AhrefsBot/5.0; +http://ahrefs.com/robot/)" "saveaslave.com"
54.172.252.19 - - [07/Jun/2015:20:11:04 -0700] "GET / HTTP/1.1" 200 23251 "-" "Mozilla/5.0 (X11; Linux x86_64) AppleWebKit/537.36 (KHTML, like Gecko) Chrome/29.0.1547.57 Safari/537.36" "saveaslave.com"
52.5.175.252 - - [07/Jun/2015:20:12:44 -0700] "GET /favicon.ico HTTP/1.1" 404 89 "-" "Mozilla/5.0 (X11; Linux x86_64) AppleWebKit/537.36 (KHTML, like Gecko) Chrome/29.0.1547.57 Safari/537.36" "saveaslave.com"
54.88.143.45 - - [07/Jun/2015:20:12:45 -0700] "GET / HTTP/1.1" 200 23251 "-" "Mozilla/5.0 (X11; Linux x86_64) AppleWebKit/537.36 (KHTML, like Gecko) Chrome/29.0.1547.57 Safari/537.36" "saveaslave.com"
157.55.39.28 - - [07/Jun/2015:20:16:42 -0700] "GET /robots.txt HTTP/1.1" 404 89 "-" "Mozilla/5.0 (compatible; bingbot/2.0; +http://www.bing.com/bingbot.htm)" "www.saveaslave.com"
65.36.241.48 - - [07/Jun/2015:20:17:30 -0700] "HEAD / HTTP/1.1" 200 0 "-" "InternetSeer.com" "www.saveaslave.com"
157.55.39.28 - - [07/Jun/2015:20:27:33 -0700] "GET /images/countrymap/india-flag.gif HTTP/1.1" 200 10802 "-" "msnbot-media/1.1 (+http://search.msn.com/msnbot.htm)" "www.saveaslave.com"
157.55.39.208 - - [07/Jun/2015:20:35:45 -0700] "GET /robots.txt HTTP/1.1" 404 89 "-" "Mozilla/5.0 (compatible; bingbot/2.0; +http://www.bing.com/bingbot.htm)" "www.saveaslave.com"
157.55.39.208 - - [07/Jun/2015:20:40:26 -0700] "GET /samoa.html HTTP/1.1" 200 5665 "-" "msnbot-media/1.1 (+http://search.msn.com/msnbot.htm)" "www.saveaslave.com"
2.219.84.138 - - [07/Jun/2015:20:43:28 -0700] "GET / HTTP/1.1" 200 23251 "http://100dollars-seo.com/try.php?u=http://saveaslave.com" "Mozilla/5.0 (Windows NT 6.1; WOW64) AppleWebKit/537.36 (KHTML, like Gecko) Chrome/36.0.1985.143 Safari/537.36" "saveaslave.com"
2.219.84.138 - - [07/Jun/2015:20:43:29 -0700] "GET /css/style.css HTTP/1.1" 200 1400 "http://saveaslave.com/" "Mozilla/5.0 (Windows NT 6.1; WOW64) AppleWebKit/537.36 (KHTML, like Gecko) Chrome/36.0.1985.143 Safari/537.36" "saveaslave.com"
2.219.84.138 - - [07/Jun/2015:20:43:29 -0700] "GET /jquery.marquee.js HTTP/1.1" 200 6560 "http://saveaslave.com/" "Mozilla/5.0 (Windows NT 6.1; WOW64) AppleWebKit/537.36 (KHTML, like Gecko) Chrome/36.0.1985.143 Safari/537.36" "saveaslave.com"
2.219.84.138 - - [07/Jun/2015:20:43:32 -0700] "GET /addlink.php HTTP/1.1" 200 15495 "http://saveaslave.com/" "Mozilla/5.0 (Windows NT 6.1; WOW64) AppleWebKit/537.36 (KHTML, like Gecko) Chrome/36.0.1985.143 Safari/537.36" "www.saveaslave.com"
66.249.65.212 - - [07/Jun/2015:20:49:18 -0700] "GET /images/traffic_record.php.jpg HTTP/1.1" 404 89 "-" "Googlebot-Image/1.0" "www.saveaslave.com"
208.94.145.109 - - [07/Jun/2015:20:51:17 -0700] "HEAD / HTTP/1.1" 200 0 "http://longurl.org" "LongURL API" "saveaslave.com"
157.55.39.208 - - [07/Jun/2015:21:16:20 -0700] "GET /pakistan.html HTTP/1.1" 200 5856 "-" "msnbot-media/1.1 (+http://search.msn.com/msnbot.htm)" "www.saveaslave.com"
157.55.39.208 - - [07/Jun/2015:21:22:37 -0700] "GET /robots.txt HTTP/1.1" 404 89 "-" "Mozilla/5.0 (compatible; bingbot/2.0; +http://www.bing.com/bingbot.htm)" "saveaslave.com"
157.55.39.208 - - [07/Jun/2015:21:22:57 -0700] "GET /antarctica HTTP/1.1" 404 89 "-" "Mozilla/5.0 (compatible; bingbot/2.0; +http://www.bing.com/bingbot.htm)" "saveaslave.com"
208.94.145.109 - - [07/Jun/2015:21:22:58 -0700] "HEAD / HTTP/1.1" 200 0 "http://longurl.org" "LongURL API" "saveaslave.com"
192.99.148.215 - - [07/Jun/2015:21:22:58 -0700] "GET / HTTP/1.1" 200 23251 "-" "-" "saveaslave.com"
180.76.15.12 - - [07/Jun/2015:21:27:27 -0700] "GET /mexico.html HTTP/1.1" 200 6067 "-" "Mozilla/5.0 (compatible; Baiduspider/2.0; +http://www.baidu.com/search/spider.html)" "www.saveaslave.com"
54.227.46.247 - - [07/Jun/2015:21:27:31 -0700] "GET /robots.txt HTTP/1.1" 404 89 "-" "Mozilla/5.0 (compatible; linkdexbot/2.0; +http://www.linkdex.com/bots/)" "www.saveaslave.com"
66.249.65.219 - - [07/Jun/2015:21:32:26 -0700] "GET /images/countrymap/china-flag.gif HTTP/1.1" 200 1983 "-" "Googlebot-Image/1.0" "www.saveaslave.com"
66.249.65.212 - - [07/Jun/2015:21:33:36 -0700] "GET /images/countrymap/aruba.jpg HTTP/1.1" 200 42195 "-" "Googlebot-Image/1.0" "www.saveaslave.com"
66.249.65.219 - - [07/Jun/2015:21:37:28 -0700] "GET /images/countrymap/brazil-flag.gif HTTP/1.1" 200 2127 "-" "Googlebot-Image/1.0" "www.saveaslave.com"
66.249.65.226 - - [07/Jun/2015:21:38:00 -0700] "GET /images/countrymap/botswana.jpg HTTP/1.1" 200 45352 "-" "Googlebot-Image/1.0" "www.saveaslave.com"
66.249.65.212 - - [07/Jun/2015:21:38:01 -0700] "GET /images/countrymap/demoratic-republic-of-congo.jpg HTTP/1.1" 200 29934 "-" "Googlebot-Image/1.0" "www.saveaslave.com"
65.36.241.48 - - [07/Jun/2015:21:41:57 -0700] "HEAD / HTTP/1.1" 200 0 "-" "InternetSeer.com" "www.saveaslave.com"
68.180.228.59 - - [07/Jun/2015:22:06:01 -0700] "GET /robots.txt HTTP/1.1" 404 89 "-" "Mozilla/5.0 (compatible; Yahoo! Slurp; http://help.yahoo.com/help/us/ysearch/slurp)" "www.saveaslave.com"
192.99.148.215 - - [07/Jun/2015:22:07:49 -0700] "GET / HTTP/1.1" 200 23251 "-" "-" "saveaslave.com"
208.94.145.109 - - [07/Jun/2015:22:31:17 -0700] "HEAD / HTTP/1.1" 200 0 "http://longurl.org" "LongURL API" "saveaslave.com"
192.99.148.215 - - [07/Jun/2015:22:31:17 -0700] "GET / HTTP/1.1" 200 23251 "-" "-" "saveaslave.com"
192.99.148.215 - - [07/Jun/2015:22:32:43 -0700] "GET / HTTP/1.1" 200 23251 "-" "-" "saveaslave.com"
157.55.39.178 - - [07/Jun/2015:22:38:14 -0700] "GET /taiwan HTTP/1.1" 200 5677 "-" "Mozilla/5.0 (compatible; bingbot/2.0; +http://www.bing.com/bingbot.htm)" "www.saveaslave.com"
157.55.39.178 - - [07/Jun/2015:22:38:16 -0700] "GET /honduras.html HTTP/1.1" 200 5693 "-" "msnbot-media/1.1 (+http://search.msn.com/msnbot.htm)" "www.saveaslave.com"
157.55.39.178 - - [07/Jun/2015:22:38:16 -0700] "GET /azkaban.html HTTP/1.1" 200 12664 "-" "msnbot-media/1.1 (+http://search.msn.com/msnbot.htm)" "www.saveaslave.com"
157.55.39.178 - - [07/Jun/2015:22:38:16 -0700] "GET /iraq.html HTTP/1.1" 200 5657 "-" "Mozilla/5.0 (compatible; bingbot/2.0; +http://www.bing.com/bingbot.htm)" "www.saveaslave.com"
157.55.39.178 - - [07/Jun/2015:22:38:16 -0700] "GET /guam.html HTTP/1.1" 200 5657 "-" "Mozilla/5.0 (compatible; bingbot/2.0; +http://www.bing.com/bingbot.htm)" "www.saveaslave.com"
157.55.39.178 - - [07/Jun/2015:22:38:16 -0700] "GET /belarus HTTP/1.1" 200 5670 "-" "Mozilla/5.0 (compatible; bingbot/2.0; +http://www.bing.com/bingbot.htm)" "www.saveaslave.com"
212.227.95.55 - - [07/Jun/2015:22:51:51 -0700] "GET /resources.html HTTP/1.1" 200 14780 "-" "Mozilla/5.0 (X11; Linux x86_64) AppleWebKit/537.11 (KHTML, like Gecko) Chrome/23.0.1271.64 Safari/537.11" "saveaslave.com"
157.55.39.208 - - [07/Jun/2015:23:08:38 -0700] "GET / HTTP/1.1" 200 23251 "-" "Mozilla/5.0 (compatible; bingbot/2.0; +http://www.bing.com/bingbot.htm)" "saveaslave.com"
65.55.210.126 - - [07/Jun/2015:23:08:39 -0700] "GET /images/sas_button.gif HTTP/1.1" 200 2628 "http://saveaslave.com/" "Mozilla/5.0 (Windows NT 6.1; WOW64) AppleWebKit/534+ (KHTML, like Gecko) BingPreview/1.0b" "saveaslave.com"
65.55.210.126 - - [07/Jun/2015:23:08:39 -0700] "GET /images/header.png HTTP/1.1" 200 104524 "http://saveaslave.com/" "Mozilla/5.0 (Windows NT 6.1; WOW64) AppleWebKit/534+ (KHTML, like Gecko) BingPreview/1.0b" "saveaslave.com"
157.55.39.179 - - [07/Jun/2015:23:25:25 -0700] "GET /bahamas HTTP/1.1" 200 5619 "-" "Mozilla/5.0 (compatible; bingbot/2.0; +http://www.bing.com/bingbot.htm)" "www.saveaslave.com"
54.226.80.55 - - [07/Jun/2015:23:32:01 -0700] "GET /united-states.html HTTP/1.1" 200 6008 "-" "Mozilla/5.0 (compatible; linkdexbot/2.0; +http://www.linkdex.com/bots/)" "www.saveaslave.com"
54.226.80.55 - - [07/Jun/2015:23:32:01 -0700] "GET /robots.txt HTTP/1.1" 404 89 "-" "Mozilla/5.0 (compatible; linkdexbot/2.0; +http://www.linkdex.com/bots/)" "saveaslave.com"
157.55.39.28 - - [07/Jun/2015:23:58:53 -0700] "GET /robots.txt HTTP/1.1" 404 89 "-" "Mozilla/5.0 (compatible; bingbot/2.0; +http://www.bing.com/bingbot.htm)" "www.saveaslave.com"
157.55.39.179 - - [07/Jun/2015:23:59:47 -0700] "GET /azkaban2.html HTTP/1.1" 200 9017 "-" "msnbot-media/1.1 (+http://search.msn.com/msnbot.htm)" "www.saveaslave.com"
157.55.39.179 - - [07/Jun/2015:23:59:47 -0700] "GET /yemen HTTP/1.1" 200 5668 "-" "Mozilla/5.0 (compatible; bingbot/2.0; +http://www.bing.com/bingbot.htm)" "www.saveaslave.com"
157.55.39.179 - - [07/Jun/2015:23:59:47 -0700] "GET /tuvalu HTTP/1.1" 200 5677 "-" "Mozilla/5.0 (compatible; bingbot/2.0; +http://www.bing.com/bingbot.htm)" "www.saveaslave.com"
103.231.162.83 - - [08/Jun/2015:00:27:31 -0700] "GET /images/countrymap/solomon-islands.gif HTTP/1.1" 200 122217 "https://www.google.com.bd/" "Mozilla/5.0 (Windows NT 6.1) AppleWebKit/537.36 (KHTML, like Gecko) Chrome/43.0.2357.81 Safari/537.36" "www.saveaslave.com"
61.135.189.175 - - [08/Jun/2015:00:30:48 -0700] "GET /site/?cat=209 HTTP/1.1" 404 89 "-" "Sogou web spider/4.0(+http://www.sogou.com/docs/help/webmasters.htm#07)" "saveaslave.com"
61.135.189.175 - - [08/Jun/2015:00:32:29 -0700] "GET /robots.txt HTTP/1.1" 404 89 "-" "Sogou web spider/4.0(+http://www.sogou.com/docs/help/webmasters.htm#07)" "saveaslave.com"
199.21.99.219 - - [08/Jun/2015:00:42:20 -0700] "GET /robots.txt HTTP/1.1" 404 89 "-" "Mozilla/5.0 (compatible; YandexBot/3.0; +http://yandex.com/bots)" "saveaslave.com"
199.96.156.88 - - [08/Jun/2015:01:00:50 -0700] "GET /wp-admin/ HTTP/1.1" 404 89 "-" "-" "saveaslave.com"
100.43.90.13 - - [08/Jun/2015:01:05:47 -0700] "GET /palmyra-atoll.html HTTP/1.1" 200 5737 "-" "Mozilla/5.0 (compatible; YandexBot/3.0; +http://yandex.com/bots)" "saveaslave.com"
157.55.39.29 - - [08/Jun/2015:01:07:55 -0700] "GET /robots.txt HTTP/1.1" 404 89 "-" "Mozilla/5.0 (compatible; bingbot/2.0; +http://www.bing.com/bingbot.htm)" "www.saveaslave.com"
65.36.241.48 - - [08/Jun/2015:01:08:25 -0700] "HEAD / HTTP/1.1" 200 0 "-" "InternetSeer.com" "www.saveaslave.com"
216.104.160.75 - - [08/Jun/2015:01:10:45 -0700] "GET /test/wp-admin/ HTTP/1.1" 404 89 "-" "-" "saveaslave.com"
157.55.39.179 - - [08/Jun/2015:01:12:54 -0700] "GET /robots.txt HTTP/1.1" 404 89 "-" "Mozilla/5.0 (compatible; bingbot/2.0; +http://www.bing.com/bingbot.htm)" "www.saveaslave.com"
157.55.39.208 - - [08/Jun/2015:01:19:02 -0700] "GET /robots.txt HTTP/1.1" 404 89 "-" "Mozilla/5.0 (compatible; bingbot/2.0; +http://www.bing.com/bingbot.htm)" "www.saveaslave.com"
207.111.215.235 - - [08/Jun/2015:01:20:11 -0700] "GET /wordpress/wp-admin/ HTTP/1.1" 404 89 "-" "-" "saveaslave.com"
66.249.65.212 - - [08/Jun/2015:01:24:32 -0700] "GET /robots.txt HTTP/1.1" 404 89 "-" "Mozilla/5.0 (compatible; Googlebot/2.1; +http://www.google.com/bot.html)" "www.saveaslave.com"
60.228.155.149 - - [08/Jun/2015:01:28:51 -0700] "GET /images/countrymap/solomon-islands.gif HTTP/1.1" 200 122217 "http://www.bing.com/images/search?q=images+of+solomon+islandas&view=detailv2&&&id=BE9278C61A6FCA10970EEE61086F755C4AB4CCB4&selectedIndex=5&ccid=%2b0GgVLKF&simid=608027538462214826&thid=JN.Pl3yUoG77g6DJ06UTq01WQ&mode=overlay" "Mozilla/5.0 (Windows NT 6.1; WOW64; Trident/7.0; rv:11.0) like Gecko" "www.saveaslave.com"
66.249.84.226 - - [08/Jun/2015:01:29:03 -0700] "GET /images/countrymap/solomon-islands.gif HTTP/1.1" 200 122217 "-" "Mozilla/5.0 (compatible; GoogleDocs; apps-presentations; +http://docs.google.com)" "www.saveaslave.com"
80.172.241.42 - - [08/Jun/2015:01:29:39 -0700] "GET /blog/wp-admin/ HTTP/1.1" 404 89 "-" "-" "saveaslave.com"
54.243.48.119 - - [08/Jun/2015:01:31:17 -0700] "GET /bosnia-herzegovina.html HTTP/1.1" 200 5787 "-" "Mozilla/5.0 (Windows; U; Windows NT 5.1; en-US; rv:1.9.2.8) Gecko/20100722 Firefox/3.6.8" "www.saveaslave.com"
100.43.90.12 - - [08/Jun/2015:01:42:25 -0700] "GET /indonesia.html HTTP/1.1" 200 5702 "-" "Mozilla/5.0 (compatible; YandexBot/3.0; +http://yandex.com/bots)" "saveaslave.com"
54.227.46.247 - - [08/Jun/2015:01:42:49 -0700] "GET /robots.txt HTTP/1.1" 404 89 "-" "Mozilla/5.0 (compatible; linkdexbot/2.0; +http://www.linkdex.com/bots/)" "saveaslave.com"
54.227.46.247 - - [08/Jun/2015:01:42:49 -0700] "GET /united-states.html HTTP/1.1" 200 6008 "-" "Mozilla/5.0 (compatible; linkdexbot/2.0; +http://www.linkdex.com/bots/)" "saveaslave.com"
54.227.46.247 - - [08/Jun/2015:01:42:49 -0700] "GET /robots.txt HTTP/1.1" 404 89 "-" "Mozilla/5.0 (compatible; linkdexbot/2.0; +http://www.linkdex.com/bots/)" "www.saveaslave.com"
82.118.17.88 - - [08/Jun/2015:01:48:33 -0700] "GET /old/wp-admin/ HTTP/1.1" 404 89 "-" "-" "saveaslave.com"
207.46.13.113 - - [08/Jun/2015:01:52:01 -0700] "GET /images/countrymap/tokelau.jpg HTTP/1.1" 404 89 "-" "msnbot-media/1.1 (+http://search.msn.com/msnbot.htm)" "www.saveaslave.com"
207.46.13.113 - - [08/Jun/2015:01:52:01 -0700] "GET /syria.html HTTP/1.1" 200 5668 "-" "msnbot-media/1.1 (+http://search.msn.com/msnbot.htm)" "www.saveaslave.com"
157.55.39.208 - - [08/Jun/2015:01:57:46 -0700] "GET /libya.html HTTP/1.1" 200 5665 "-" "msnbot-media/1.1 (+http://search.msn.com/msnbot.htm)" "www.saveaslave.com"
157.55.39.208 - - [08/Jun/2015:01:57:47 -0700] "GET /images/countrymap/malawi.gif HTTP/1.1" 200 18709 "-" "msnbot-media/1.1 (+http://search.msn.com/msnbot.htm)" "www.saveaslave.com"
157.55.39.208 - - [08/Jun/2015:01:57:47 -0700] "GET /images/countrymap/tonga.gif HTTP/1.1" 200 7368 "-" "msnbot-media/1.1 (+http://search.msn.com/msnbot.htm)" "www.saveaslave.com"
157.55.39.208 - - [08/Jun/2015:01:57:47 -0700] "GET /images/countrymap/nepal.gif HTTP/1.1" 200 17175 "-" "msnbot-media/1.1 (+http://search.msn.com/msnbot.htm)" "www.saveaslave.com"
5.56.60.47 - - [08/Jun/2015:02:29:20 -0700] "GET /wp-config.php.old HTTP/1.1" 200 73 "-" "Mozilla/5.0 (Macintosh; U; Intel Mac OS X 10.6; fr; rv:1.9.2.8) Gecko/20100722 Firefox/3.6.8" "saveaslave.com"
94.23.217.201 - - [08/Jun/2015:02:33:24 -0700] "GET / HTTP/1.1" 200 23251 "-" "Mozilla/5.0 (Windows NT 6.1; rv:34.0) Gecko/20100101 Firefox/34.0" "saveaslave.com"
207.46.13.113 - - [08/Jun/2015:02:37:36 -0700] "GET /macedonia.html HTTP/1.1" 200 5701 "-" "msnbot-media/1.1 (+http://search.msn.com/msnbot.htm)" "www.saveaslave.com"
62.210.37.113 - - [08/Jun/2015:02:38:06 -0700] "GET / HTTP/1.1" 200 23251 "-" "Mozilla/5.0 (Windows NT 6.1; rv:34.0) Gecko/20100101 Firefox/34.0" "saveaslave.com"
65.36.241.48 - - [08/Jun/2015:02:47:46 -0700] "HEAD / HTTP/1.1" 200 0 "-" "InternetSeer.com" "www.saveaslave.com"
54.87.52.16 - - [08/Jun/2015:02:48:15 -0700] "GET /drudge.html HTTP/1.1" 200 6233 "-" "Mozilla/5.0 (compatible; linkdexbot/2.0; +http://www.linkdex.com/bots/)" "saveaslave.com"
54.87.52.16 - - [08/Jun/2015:02:48:18 -0700] "GET /robots.txt HTTP/1.1" 404 89 "-" "Mozilla/5.0 (compatible; linkdexbot/2.0; +http://www.linkdex.com/bots/)" "saveaslave.com"
54.87.52.16 - - [08/Jun/2015:02:48:18 -0700] "GET /robots.txt HTTP/1.1" 404 89 "-" "Mozilla/5.0 (compatible; linkdexbot/2.0; +http://www.linkdex.com/bots/)" "www.saveaslave.com"
144.82.213.124 - - [08/Jun/2015:02:54:30 -0700] "GET /images/countrymap/bosnia-herzegovina.jpg HTTP/1.1" 200 42063 "-" "Mozilla/5.0 (Windows NT 6.1; WOW64; rv:38.0) Gecko/20100101 Firefox/38.0" "www.saveaslave.com"
180.76.15.19 - - [08/Jun/2015:03:10:17 -0700] "GET /singapore HTTP/1.1" 200 5701 "-" "Mozilla/5.0 (compatible; Baiduspider/2.0; +http://www.baidu.com/search/spider.html)" "www.saveaslave.com"
157.55.39.208 - - [08/Jun/2015:03:13:17 -0700] "GET /robots.txt HTTP/1.1" 404 89 "-" "Mozilla/5.0 (compatible; bingbot/2.0; +http://www.bing.com/bingbot.htm)" "www.saveaslave.com"
157.55.39.178 - - [08/Jun/2015:03:23:22 -0700] "GET /images/countrymap/estonia.gif HTTP/1.1" 200 13759 "-" "msnbot-media/1.1 (+http://search.msn.com/msnbot.htm)" "saveaslave.com"
157.55.39.179 - - [08/Jun/2015:03:29:50 -0700] "GET /nauru.html HTTP/1.1" 200 5665 "-" "Mozilla/5.0 (compatible; bingbot/2.0; +http://www.bing.com/bingbot.htm)" "saveaslave.com"
23.23.242.178 - - [08/Jun/2015:03:40:04 -0700] "GET /bosnia-herzegovina.html HTTP/1.1" 200 5787 "-" "Mozilla/5.0 (Windows; U; Windows NT 5.1; en-US; rv:1.9.2.8) Gecko/20100722 Firefox/3.6.8" "saveaslave.com"
71.184.117.51 - - [08/Jun/2015:03:40:04 -0700] "GET /images/countrymap/bosnia-herzegovina.jpg HTTP/1.1" 200 42063 "http://dudamobile.saveaslave.com/" "Mozilla/5.0 (iPhone; CPU iPhone OS 8_3 like Mac OS X) AppleWebKit/600.1.4 (KHTML, like Gecko) Version/8.0 Mobile/12F70 Safari/600.1.4" "saveaslave.com"
157.55.39.208 - - [08/Jun/2015:04:00:50 -0700] "GET /images/countrymap/tonga.gif HTTP/1.1" 200 7368 "-" "msnbot-media/1.1 (+http://search.msn.com/msnbot.htm)" "www.saveaslave.com"
100.43.91.14 - - [08/Jun/2015:04:25:46 -0700] "GET /palmyra-atoll.html HTTP/1.1" 200 5737 "-" "Mozilla/5.0 (compatible; YandexBot/3.0; +http://yandex.com/bots)" "saveaslave.com"
157.55.39.178 - - [08/Jun/2015:04:29:03 -0700] "GET /images/countrymap/germany.gif HTTP/1.1" 200 20610 "-" "msnbot-media/1.1 (+http://search.msn.com/msnbot.htm)" "www.saveaslave.com"
157.55.39.178 - - [08/Jun/2015:04:29:03 -0700] "GET /images/countrymap/colombia.jpg HTTP/1.1" 200 57219 "-" "msnbot-media/1.1 (+http://search.msn.com/msnbot.htm)" "www.saveaslave.com"
207.46.13.113 - - [08/Jun/2015:04:52:23 -0700] "GET /paypalbutton.html HTTP/1.1" 200 2962 "-" "Mozilla/5.0 (compatible; bingbot/2.0; +http://www.bing.com/bingbot.htm)" "saveaslave.com"
207.46.13.113 - - [08/Jun/2015:04:52:23 -0700] "GET /images/countrymap/angola-flag.jpg HTTP/1.1" 200 2656 "-" "msnbot-media/1.1 (+http://search.msn.com/msnbot.htm)" "saveaslave.com"
157.55.39.179 - - [08/Jun/2015:04:52:33 -0700] "GET /tuvalu.html HTTP/1.1" 200 5677 "-" "msnbot-media/1.1 (+http://search.msn.com/msnbot.htm)" "www.saveaslave.com"
157.55.39.179 - - [08/Jun/2015:04:52:33 -0700] "GET /images/countrymap/uganda.jpg HTTP/1.1" 200 29013 "-" "msnbot-media/1.1 (+http://search.msn.com/msnbot.htm)" "www.saveaslave.com"
72.168.98.115 - - [08/Jun/2015:04:57:04 -0700] "GET / HTTP/1.1" 200 23251 "-" "Mozilla/5.0 (Windows NT 6.1; WOW64; Trident/7.0; rv:11.0) like Gecko" "www.saveaslave.com"
72.168.98.115 - - [08/Jun/2015:04:57:07 -0700] "GET /addlink.php HTTP/1.1" 200 15499 "http://www.saveaslave.com/" "Mozilla/5.0 (Windows NT 6.1; WOW64; Trident/7.0; rv:11.0) like Gecko" "www.saveaslave.com"
72.168.98.115 - - [08/Jun/2015:04:57:19 -0700] "GET / HTTP/1.1" 200 23251 "-" "Mozilla/5.0 (Windows NT 6.1; WOW64; Trident/7.0; rv:11.0) like Gecko" "www.saveaslave.com"
72.168.98.115 - - [08/Jun/2015:04:57:20 -0700] "GET /css/style.css HTTP/1.1" 200 1400 "http://www.saveaslave.com/" "Mozilla/5.0 (Windows NT 6.1; WOW64; Trident/7.0; rv:11.0) like Gecko" "www.saveaslave.com"
72.168.98.115 - - [08/Jun/2015:04:57:20 -0700] "GET /jquery.marquee.js HTTP/1.1" 200 6560 "http://www.saveaslave.com/" "Mozilla/5.0 (Windows NT 6.1; WOW64; Trident/7.0; rv:11.0) like Gecko" "www.saveaslave.com"
72.168.98.115 - - [08/Jun/2015:04:57:20 -0700] "GET /images/sas_button.gif HTTP/1.1" 200 2628 "http://www.saveaslave.com/" "Mozilla/5.0 (Windows NT 6.1; WOW64; Trident/7.0; rv:11.0) like Gecko" "www.saveaslave.com"
72.168.98.115 - - [08/Jun/2015:04:57:20 -0700] "GET /jquery-1.3.2.min.js HTTP/1.1" 200 57254 "http://www.saveaslave.com/" "Mozilla/5.0 (Windows NT 6.1; WOW64; Trident/7.0; rv:11.0) like Gecko" "www.saveaslave.com"
72.168.98.115 - - [08/Jun/2015:04:57:20 -0700] "GET /images/slaves.jpg HTTP/1.1" 200 86777 "http://www.saveaslave.com/" "Mozilla/5.0 (Windows NT 6.1; WOW64; Trident/7.0; rv:11.0) like Gecko" "www.saveaslave.com"
72.168.98.115 - - [08/Jun/2015:04:57:20 -0700] "GET /images/header.png HTTP/1.1" 200 104524 "http://www.saveaslave.com/" "Mozilla/5.0 (Windows NT 6.1; WOW64; Trident/7.0; rv:11.0) like Gecko" "www.saveaslave.com"
72.168.98.115 - - [08/Jun/2015:04:57:27 -0700] "GET /addlink.php HTTP/1.1" 200 15499 "http://www.saveaslave.com/" "Mozilla/5.0 (Windows NT 6.1; WOW64; Trident/7.0; rv:11.0) like Gecko" "www.saveaslave.com"
212.36.212.122 - - [08/Jun/2015:05:28:38 -0700] "GET /images/sas_button.gif HTTP/1.1" 200 2628 "http://www.saveaslave.com/bosnia-herzegovina.html" "Mozilla/4.0 (compatible; MSIE 8.0; Windows NT 6.1; WOW64; Trident/4.0; SLCC2; .NET CLR 2.0.50727; .NET CLR 3.5.30729; .NET CLR 3.0.30729; Media Center PC 6.0; InfoPath.2; BRI/2)" "www.saveaslave.com"
212.36.212.122 - - [08/Jun/2015:05:28:38 -0700] "GET /css/style.css HTTP/1.1" 200 1400 "http://www.saveaslave.com/bosnia-herzegovina.html" "Mozilla/4.0 (compatible; MSIE 8.0; Windows NT 6.1; WOW64; Trident/4.0; SLCC2; .NET CLR 2.0.50727; .NET CLR 3.5.30729; .NET CLR 3.0.30729; Media Center PC 6.0; InfoPath.2; BRI/2)" "www.saveaslave.com"
212.36.212.122 - - [08/Jun/2015:05:28:38 -0700] "GET /images/header.png HTTP/1.1" 200 104524 "http://www.saveaslave.com/bosnia-herzegovina.html" "Mozilla/4.0 (compatible; MSIE 8.0; Windows NT 6.1; WOW64; Trident/4.0; SLCC2; .NET CLR 2.0.50727; .NET CLR 3.5.30729; .NET CLR 3.0.30729; Media Center PC 6.0; InfoPath.2; BRI/2)" "www.saveaslave.com"
212.36.212.122 - - [08/Jun/2015:05:28:39 -0700] "GET /images/countrymap/bosnia-herzegovina.jpg HTTP/1.1" 200 42063 "http://www.saveaslave.com/bosnia-herzegovina.html" "Mozilla/4.0 (compatible; MSIE 8.0; Windows NT 6.1; WOW64; Trident/4.0; SLCC2; .NET CLR 2.0.50727; .NET CLR 3.5.30729; .NET CLR 3.0.30729; Media Center PC 6.0; InfoPath.2; BRI/2)" "www.saveaslave.com"
212.36.212.122 - - [08/Jun/2015:05:28:41 -0700] "GET /favicon.ico HTTP/1.1" 404 89 "-" "Mozilla/4.0 (compatible; MSIE 8.0; Windows NT 6.1; WOW64; Trident/4.0; SLCC2; .NET CLR 2.0.50727; .NET CLR 3.5.30729; .NET CLR 3.0.30729; Media Center PC 6.0; InfoPath.2; BRI/2)" "www.saveaslave.com"
157.55.39.179 - - [08/Jun/2015:05:29:31 -0700] "GET /estonia.html HTTP/1.1" 200 5684 "-" "msnbot-media/1.1 (+http://search.msn.com/msnbot.htm)" "www.saveaslave.com"
157.55.39.179 - - [08/Jun/2015:05:29:31 -0700] "GET /angola.html HTTP/1.1" 200 5617 "-" "msnbot-media/1.1 (+http://search.msn.com/msnbot.htm)" "www.saveaslave.com"
157.55.39.178 - - [08/Jun/2015:05:58:14 -0700] "GET /paraguay.html HTTP/1.1" 200 5692 "-" "msnbot-media/1.1 (+http://search.msn.com/msnbot.htm)" "www.saveaslave.com"
186.233.158.53 - - [08/Jun/2015:06:08:54 -0700] "GET / HTTP/1.1" 200 23251 "http://buttons-for-your-website.com" "Mozilla/5.0 (Windows NT 6.1; WOW64) AppleWebKit/537.36 (KHTML, like Gecko) Chrome/36.0.1985.143 Safari/537.36" "saveaslave.com"
186.233.158.53 - - [08/Jun/2015:06:08:54 -0700] "GET /css/style.css HTTP/1.1" 200 1400 "http://saveaslave.com/" "Mozilla/5.0 (Windows NT 6.1; WOW64) AppleWebKit/537.36 (KHTML, like Gecko) Chrome/36.0.1985.143 Safari/537.36" "saveaslave.com"
186.233.158.53 - - [08/Jun/2015:06:08:54 -0700] "GET /images/sas_button.gif HTTP/1.1" 200 2628 "http://saveaslave.com/" "Mozilla/5.0 (Windows NT 6.1; WOW64) AppleWebKit/537.36 (KHTML, like Gecko) Chrome/36.0.1985.143 Safari/537.36" "saveaslave.com"
186.233.158.53 - - [08/Jun/2015:06:08:54 -0700] "GET /images/slaves.jpg HTTP/1.1" 200 86777 "http://saveaslave.com/" "Mozilla/5.0 (Windows NT 6.1; WOW64) AppleWebKit/537.36 (KHTML, like Gecko) Chrome/36.0.1985.143 Safari/537.36" "saveaslave.com"
207.46.13.113 - - [08/Jun/2015:06:11:00 -0700] "GET /robots.txt HTTP/1.1" 404 89 "-" "Mozilla/5.0 (compatible; bingbot/2.0; +http://www.bing.com/bingbot.htm)" "saveaslave.com"
92.64.151.202 - - [08/Jun/2015:06:22:31 -0700] "GET /jquery.marquee.js HTTP/1.1" 200 6560 "http://www.saveaslave.com/" "Mozilla/5.0 (Macintosh; Intel Mac OS X 10_6_8) AppleWebKit/534.59.10 (KHTML, like Gecko) Version/5.1.9 Safari/534.59.10" "www.saveaslave.com"
92.64.151.202 - - [08/Jun/2015:06:22:31 -0700] "GET /images/header.png HTTP/1.1" 200 104524 "http://www.saveaslave.com/" "Mozilla/5.0 (Macintosh; Intel Mac OS X 10_6_8) AppleWebKit/534.59.10 (KHTML, like Gecko) Version/5.1.9 Safari/534.59.10" "www.saveaslave.com"
92.64.151.202 - - [08/Jun/2015:06:22:35 -0700] "GET /favicon.ico HTTP/1.1" 404 89 "http://www.saveaslave.com/" "Mozilla/5.0 (Macintosh; Intel Mac OS X 10_6_8) AppleWebKit/534.59.10 (KHTML, like Gecko) Version/5.1.9 Safari/534.59.10" "www.saveaslave.com"
157.55.39.178 - - [08/Jun/2015:06:26:22 -0700] "GET /robots.txt HTTP/1.1" 404 89 "-" "Mozilla/5.0 (compatible; bingbot/2.0; +http://www.bing.com/bingbot.htm)" "www.saveaslave.com"
157.55.39.178 - - [08/Jun/2015:06:37:58 -0700] "GET /taiwan.html HTTP/1.1" 200 5677 "-" "msnbot-media/1.1 (+http://search.msn.com/msnbot.htm)" "www.saveaslave.com"
66.249.65.226 - - [08/Jun/2015:06:38:10 -0700] "GET /images/countrymap/timor-leste-flag.gif HTTP/1.1" 200 770 "-" "Googlebot-Image/1.0" "www.saveaslave.com"
66.249.65.219 - - [08/Jun/2015:06:40:50 -0700] "GET /images/countrymap/senegal.gif HTTP/1.1" 200 20464 "-" "Googlebot-Image/1.0" "www.saveaslave.com"
65.36.241.48 - - [08/Jun/2015:07:10:33 -0700] "HEAD / HTTP/1.1" 200 0 "-" "InternetSeer.com" "www.saveaslave.com"
194.138.12.171 - - [08/Jun/2015:07:26:59 -0700] "GET /images/countrymap/bosnia-herzegovina.jpg HTTP/1.1" 200 42063 "-" "Mozilla/5.0 (Windows NT 6.1; WOW64; rv:38.0) Gecko/20100101 Firefox/38.0" "www.saveaslave.com"
37.115.187.54 - - [08/Jun/2015:07:39:24 -0700] "GET /robots.txt HTTP/1.1" 404 89 "-" "Mozilla/5.0 (Windows NT 6.3; WOW64; rv:36.0) Gecko/20100101 Firefox/36.0" "www.saveaslave.com"
37.115.187.54 - - [08/Jun/2015:07:39:24 -0700] "GET /xmlrpc.php?rsd HTTP/1.1" 200 73 "-" "Mozilla/5.0 (Windows NT 6.3; WOW64; rv:36.0) Gecko/20100101 Firefox/36.0" "www.saveaslave.com"
37.115.187.54 - - [08/Jun/2015:07:39:25 -0700] "GET / HTTP/1.1" 200 23251 "-" "Mozilla/5.0 (Windows NT 6.3; WOW64; rv:36.0) Gecko/20100101 Firefox/36.0" "www.saveaslave.com"
66.249.65.72 - - [08/Jun/2015:07:44:39 -0700] "GET /robots.txt HTTP/1.1" 404 89 "-" "Mozilla/5.0 (compatible; Googlebot/2.1; +http://www.google.com/bot.html)" "saveaslave.com"
41.189.48.115 - - [08/Jun/2015:07:46:22 -0700] "GET / HTTP/1.1" 200 23251 "http://www.prejudicetracker.org/index.php/crowd-marketing/anti-prejudice-organizations/" "Mozilla/4.0 (compatible; MSIE 7.0; Windows NT 6.1; Trident/4.0; SLCC2; .NET CLR 2.0.50727; .NET CLR 3.5.30729; .NET CLR 3.0.30729; Media Center PC 6.0; InfoPath.2; .NET4.0C)" "www.saveaslave.com"
41.189.48.115 - - [08/Jun/2015:07:46:24 -0700] "GET /jquery-1.3.2.min.js HTTP/1.1" 200 57254 "http://www.saveaslave.com/" "Mozilla/4.0 (compatible; MSIE 7.0; Windows NT 6.1; Trident/4.0; SLCC2; .NET CLR 2.0.50727; .NET CLR 3.5.30729; .NET CLR 3.0.30729; Media Center PC 6.0; InfoPath.2; .NET4.0C)" "www.saveaslave.com"
207.46.13.113 - - [08/Jun/2015:07:49:39 -0700] "GET /china.html HTTP/1.1" 200 5666 "-" "msnbot-media/1.1 (+http://search.msn.com/msnbot.htm)" "www.saveaslave.com"
54.243.48.119 - - [08/Jun/2015:08:01:06 -0700] "GET / HTTP/1.1" 200 23251 "-" "Mozilla/5.0 (Windows; U; Windows NT 5.1; en-US; rv:1.9.2.8) Gecko/20100722 Firefox/3.6.8" "saveaslave.com"
