46.229.164.101 - - [02/Jul/2015:06:08:50 -0700] "GET / HTTP/1.1" 200 23412 "-" "Mozilla/5.0 (compatible; SemrushBot/0.98~bl; +http://www.semrush.com/bot.html)" "www.saveaslave.com"
46.229.164.101 - - [02/Jul/2015:06:09:20 -0700] "GET /timor-leste.html HTTP/1.1" 200 5723 "-" "Mozilla/5.0 (compatible; SemrushBot/0.98~bl; +http://www.semrush.com/bot.html)" "saveaslave.com"
105.208.172.100 - - [02/Jul/2015:06:14:31 -0700] "GET /images/countrymap/solomon-islands.gif HTTP/1.1" 206 89964 "https://www.google.com/" "Mozilla/5.0 (Windows NT 6.1) AppleWebKit/537.36 (KHTML, like Gecko) Chrome/43.0.2357.130 Safari/537.36" "www.saveaslave.com"
46.229.164.102 - - [02/Jul/2015:06:20:49 -0700] "GET /panama.html HTTP/1.1" 200 5674 "-" "Mozilla/5.0 (compatible; SemrushBot/0.98~bl; +http://www.semrush.com/bot.html)" "saveaslave.com"
46.229.164.99 - - [02/Jul/2015:06:29:32 -0700] "GET /moldova.html HTTP/1.1" 200 5683 "-" "Mozilla/5.0 (compatible; SemrushBot/0.98~bl; +http://www.semrush.com/bot.html)" "www.saveaslave.com"
46.229.164.100 - - [02/Jul/2015:06:37:38 -0700] "GET /united-states.html HTTP/1.1" 200 6008 "-" "Mozilla/5.0 (compatible; SemrushBot/0.98~bl; +http://www.semrush.com/bot.html)" "www.saveaslave.com"
46.229.164.100 - - [02/Jul/2015:06:37:38 -0700] "GET /photo_gallery/saveaslave.net/calendar/default.html HTTP/1.1" 404 89 "-" "Mozilla/5.0 (compatible; SemrushBot/0.98~bl; +http://www.semrush.com/bot.html)" "saveaslave.com"
81.167.126.107 - - [02/Jul/2015:06:46:42 -0700] "GET /images/countrymap/bosnia-herzegovina.jpg HTTP/1.1" 200 42063 "https://www.google.no/" "Mozilla/5.0 (Macintosh; Intel Mac OS X 10_10_3) AppleWebKit/600.5.17 (KHTML, like Gecko) Version/8.0.5 Safari/600.5.17" "www.saveaslave.com"
46.229.164.100 - - [02/Jul/2015:06:48:27 -0700] "GET /bulgaria.html HTTP/1.1" 200 5666 "-" "Mozilla/5.0 (compatible; SemrushBot/0.98~bl; +http://www.semrush.com/bot.html)" "www.saveaslave.com"
42.61.169.17 - - [02/Jul/2015:06:50:00 -0700] "GET /images/countrymap/solomon-islands.gif HTTP/1.1" 200 122217 "https://www.google.com.sg/" "Mozilla/5.0 (Windows NT 6.1) AppleWebKit/537.36 (KHTML, like Gecko) Chrome/43.0.2357.130 Safari/537.36" "www.saveaslave.com"
54.243.48.119 - - [02/Jul/2015:06:53:04 -0700] "GET /guinea.html HTTP/1.1" 200 5675 "-" "Mozilla/5.0 (Windows; U; Windows NT 5.1; en-US; rv:1.9.2.8) Gecko/20100722 Firefox/3.6.8" "www.saveaslave.com"
117.201.253.125 - - [02/Jul/2015:06:55:14 -0700] "GET /images/countrymap/bosnia-herzegovina.jpg HTTP/1.1" 200 42063 "https://www.google.com.qa/" "Mozilla/5.0 (iPhone; CPU iPhone OS 8_3 like Mac OS X) AppleWebKit/600.1.4 (KHTML, like Gecko) Version/8.0 Mobile/12F70 Safari/600.1.4" "www.saveaslave.com"
46.229.164.99 - - [02/Jul/2015:06:56:51 -0700] "GET /burkina-faso.html HTTP/1.1" 200 5702 "-" "Mozilla/5.0 (compatible; SemrushBot/0.98~bl; +http://www.semrush.com/bot.html)" "www.saveaslave.com"
46.229.164.99 - - [02/Jul/2015:06:57:13 -0700] "GET /Afghanistan.html HTTP/1.1" 404 89 "-" "Mozilla/5.0 (compatible; SemrushBot/0.98~bl; +http://www.semrush.com/bot.html)" "saveaslave.com"
141.8.143.152 - - [02/Jul/2015:07:05:53 -0700] "GET /uganda.html HTTP/1.1" 200 5677 "-" "Mozilla/5.0 (compatible; YandexBot/3.0; +http://yandex.com/bots)" "saveaslave.com"
65.36.241.48 - - [02/Jul/2015:07:13:00 -0700] "HEAD / HTTP/1.1" 200 0 "-" "InternetSeer.com" "www.saveaslave.com"
46.229.164.98 - - [02/Jul/2015:07:20:24 -0700] "GET /yemen.html HTTP/1.1" 200 5668 "-" "Mozilla/5.0 (compatible; SemrushBot/0.98~bl; +http://www.semrush.com/bot.html)" "www.saveaslave.com"
46.229.164.100 - - [02/Jul/2015:07:28:06 -0700] "GET /burundi.html HTTP/1.1" 200 5657 "-" "Mozilla/5.0 (compatible; SemrushBot/0.98~bl; +http://www.semrush.com/bot.html)" "www.saveaslave.com"
46.229.164.100 - - [02/Jul/2015:07:28:14 -0700] "GET /mauritius.html HTTP/1.1" 200 5701 "-" "Mozilla/5.0 (compatible; SemrushBot/0.98~bl; +http://www.semrush.com/bot.html)" "saveaslave.com"
113.210.135.67 - - [02/Jul/2015:07:29:14 -0700] "GET /images/countrymap/solomon-islands.gif HTTP/1.1" 200 122217 "https://www.google.com/" "Mozilla/5.0 (Linux; Android 5.0.2; D6503 Build/23.1.A.1.28) AppleWebKit/537.36 (KHTML, like Gecko) Chrome/43.0.2357.93 Mobile Safari/537.36" "www.saveaslave.com"
46.229.164.102 - - [02/Jul/2015:07:34:11 -0700] "GET /antigua-and-barbuda.html HTTP/1.1" 200 5694 "-" "Mozilla/5.0 (compatible; SemrushBot/0.98~bl; +http://www.semrush.com/bot.html)" "www.saveaslave.com"
179.216.34.201 - - [02/Jul/2015:07:36:14 -0700] "GET / HTTP/1.1" 200 23412 "http://success-seo.com/try.php?u=http://saveaslave.com" "Mozilla/5.0 (Windows NT 6.1; WOW64) AppleWebKit/537.36 (KHTML, like Gecko) Chrome/36.0.1985.143 Safari/537.36" "saveaslave.com"
179.216.34.201 - - [02/Jul/2015:07:36:15 -0700] "GET /jquery.marquee.js HTTP/1.1" 200 6560 "http://saveaslave.com/" "Mozilla/5.0 (Windows NT 6.1; WOW64) AppleWebKit/537.36 (KHTML, like Gecko) Chrome/36.0.1985.143 Safari/537.36" "saveaslave.com"
179.216.34.201 - - [02/Jul/2015:07:36:15 -0700] "GET /images/header.png HTTP/1.1" 200 104524 "http://saveaslave.com/" "Mozilla/5.0 (Windows NT 6.1; WOW64) AppleWebKit/537.36 (KHTML, like Gecko) Chrome/36.0.1985.143 Safari/537.36" "saveaslave.com"
179.216.34.201 - - [02/Jul/2015:07:36:15 -0700] "GET /images/sas_button.gif HTTP/1.1" 200 2628 "http://saveaslave.com/" "Mozilla/5.0 (Windows NT 6.1; WOW64) AppleWebKit/537.36 (KHTML, like Gecko) Chrome/36.0.1985.143 Safari/537.36" "saveaslave.com"
179.216.34.201 - - [02/Jul/2015:07:36:15 -0700] "GET /images/slaves.jpg HTTP/1.1" 200 86777 "http://saveaslave.com/" "Mozilla/5.0 (Windows NT 6.1; WOW64) AppleWebKit/537.36 (KHTML, like Gecko) Chrome/36.0.1985.143 Safari/537.36" "saveaslave.com"
179.216.34.201 - - [02/Jul/2015:07:36:15 -0700] "GET /images/sas_button.gif HTTP/1.1" 200 2628 "http://saveaslave.com/" "Mozilla/5.0 (Windows NT 6.1; WOW64) AppleWebKit/537.36 (KHTML, like Gecko) Chrome/36.0.1985.143 Safari/537.36" "saveaslave.com"
64.233.173.230 - - [02/Jul/2015:07:37:02 -0700] "GET /images/countrymap/solomon-islands.gif HTTP/1.1" 200 122217 "-" "Mozilla/5.0 (Windows NT 5.1; rv:11.0) Gecko Firefox/11.0 (via ggpht.com GoogleImageProxy)" "www.saveaslave.com"
46.229.164.99 - - [02/Jul/2015:07:41:07 -0700] "GET /brunei.html HTTP/1.1" 200 5649 "-" "Mozilla/5.0 (compatible; SemrushBot/0.98~bl; +http://www.semrush.com/bot.html)" "saveaslave.com"
46.229.164.100 - - [02/Jul/2015:07:46:44 -0700] "GET /bosnia-herzegovina.html HTTP/1.1" 200 5787 "-" "Mozilla/5.0 (compatible; SemrushBot/0.98~bl; +http://www.semrush.com/bot.html)" "www.saveaslave.com"
46.229.164.100 - - [02/Jul/2015:07:46:44 -0700] "GET /turkmenistan.html HTTP/1.1" 200 5731 "-" "Mozilla/5.0 (compatible; SemrushBot/0.98~bl; +http://www.semrush.com/bot.html)" "saveaslave.com"
46.4.123.172 - - [02/Jul/2015:07:57:20 -0700] "GET /articles/slavetrafficking3.html HTTP/1.1" 404 89 "-" "Mozilla/5.0 (compatible; MJ12bot/v1.4.5; http://www.majestic12.co.uk/bot.php?+)" "www.saveaslave.com"
46.229.164.98 - - [02/Jul/2015:08:00:15 -0700] "GET /norway.html HTTP/1.1" 200 5674 "-" "Mozilla/5.0 (compatible; SemrushBot/0.98~bl; +http://www.semrush.com/bot.html)" "saveaslave.com"
23.23.242.178 - - [02/Jul/2015:08:08:51 -0700] "GET /tonga.html HTTP/1.1" 200 5668 "-" "Mozilla/5.0 (Windows; U; Windows NT 5.1; en-US; rv:1.9.2.8) Gecko/20100722 Firefox/3.6.8" "www.saveaslave.com"
157.55.39.71 - - [02/Jul/2015:08:21:48 -0700] "GET /brunei HTTP/1.1" 200 5649 "-" "Mozilla/5.0 (compatible; bingbot/2.0; +http://www.bing.com/bingbot.htm)" "www.saveaslave.com"
46.229.164.101 - - [02/Jul/2015:08:23:24 -0700] "GET /namibia.html HTTP/1.1" 200 5683 "-" "Mozilla/5.0 (compatible; SemrushBot/0.98~bl; +http://www.semrush.com/bot.html)" "www.saveaslave.com"
46.229.164.101 - - [02/Jul/2015:08:23:24 -0700] "GET /calendar/default.html HTTP/1.1" 404 89 "-" "Mozilla/5.0 (compatible; SemrushBot/0.98~bl; +http://www.semrush.com/bot.html)" "saveaslave.com"
46.229.164.100 - - [02/Jul/2015:08:59:33 -0700] "GET /nigeria.html HTTP/1.1" 200 5683 "-" "Mozilla/5.0 (compatible; SemrushBot/0.98~bl; +http://www.semrush.com/bot.html)" "saveaslave.com"
65.36.241.48 - - [02/Jul/2015:09:06:24 -0700] "HEAD / HTTP/1.1" 200 0 "-" "InternetSeer.com" "www.saveaslave.com"
46.229.164.99 - - [02/Jul/2015:09:06:34 -0700] "GET /syria.html HTTP/1.1" 200 5668 "-" "Mozilla/5.0 (compatible; SemrushBot/0.98~bl; +http://www.semrush.com/bot.html)" "saveaslave.com"
46.229.164.98 - - [02/Jul/2015:09:13:29 -0700] "GET /nepal.html HTTP/1.1" 200 5852 "-" "Mozilla/5.0 (compatible; SemrushBot/0.98~bl; +http://www.semrush.com/bot.html)" "saveaslave.com"
66.249.75.48 - - [02/Jul/2015:09:14:58 -0700] "GET /robots.txt HTTP/1.1" 404 89 "-" "Mozilla/5.0 (compatible; Googlebot/2.1; +http://www.google.com/bot.html)" "www.saveaslave.com"
72.168.98.116 - - [02/Jul/2015:09:18:13 -0700] "GET /images/header.png HTTP/1.1" 200 104524 "http://www.saveaslave.com/" "Mozilla/5.0 (Windows NT 6.1; WOW64; Trident/7.0; rv:11.0) like Gecko" "www.saveaslave.com"
5.248.255.192 - - [02/Jul/2015:09:22:03 -0700] "GET / HTTP/1.1" 200 23412 "http://raskrasok.net/" "Mozilla/4.7 (compatible; OffByOne; Windows 2000) Webster Pro V3.4" "saveaslave.com"
5.248.255.192 - - [02/Jul/2015:09:22:04 -0700] "GET / HTTP/1.1" 200 23412 "http://raskrasok.net/" "Mozilla/4.7 (compatible; OffByOne; Windows 2000) Webster Pro V3.4" "saveaslave.com"
5.248.255.192 - - [02/Jul/2015:09:22:04 -0700] "GET / HTTP/1.1" 200 23412 "http://raskrasok.net/" "Mozilla/4.7 (compatible; OffByOne; Windows 2000) Webster Pro V3.4" "saveaslave.com"
66.249.75.56 - - [02/Jul/2015:09:24:06 -0700] "GET /images/countrymap/libya-flag.gif HTTP/1.1" 200 6863 "-" "Googlebot-Image/1.0" "www.saveaslave.com"
66.249.75.64 - - [02/Jul/2015:09:24:07 -0700] "GET /images/countrymap/turkmenistan.jpg HTTP/1.1" 200 19101 "-" "Googlebot-Image/1.0" "www.saveaslave.com"
76.27.60.4 - - [02/Jul/2015:09:24:24 -0700] "GET /images/countrymap/solomon-islands.gif HTTP/1.1" 200 122217 "https://www.google.com/" "Mozilla/5.0 (iPhone; CPU iPhone OS 8_4 like Mac OS X) AppleWebKit/600.1.4 (KHTML, like Gecko) Version/8.0 Mobile/12H143 Safari/600.1.4" "www.saveaslave.com"
23.23.242.178 - - [02/Jul/2015:09:24:38 -0700] "GET /belize.html HTTP/1.1" 200 5643 "-" "Mozilla/5.0 (Windows; U; Windows NT 5.1; en-US; rv:1.9.2.8) Gecko/20100722 Firefox/3.6.8" "www.saveaslave.com"
202.152.86.130 - - [02/Jul/2015:09:27:43 -0700] "GET /images/countrymap/solomon-islands.gif HTTP/1.1" 200 122217 "http://www.google.com.bn/blank.html" "Mozilla/5.0 (Linux; U; Android 4.2.2; en-us; 6037Y Build/JDQ39) AppleWebKit/534.30 (KHTML, like Gecko) Version/4.2 Mobile Safari/534.30" "www.saveaslave.com"
85.17.132.246 - - [02/Jul/2015:09:28:55 -0700] "GET / HTTP/1.1" 200 23412 "http://youtube.com/Google.com/twitter/facebook_USA_monoply_now_decide_what_you_can_and_cannot_read_on_the_internet.html" "Mozilla/5.0 (Windows NT 6.2; WOW64) AppleWebKit/537.36 (KHTML, like Gecko)" "www.saveaslave.com"
85.17.132.246 - - [02/Jul/2015:09:28:56 -0700] "POST / HTTP/1.1" 405 98 "http://youtube.com/Google.com/twitter/facebook_USA_monoply_now_decide_what_you_can_and_cannot_read_on_the_internet.html" "Mozilla/5.0 (Windows NT 6.2; WOW64) AppleWebKit/537.36 (KHTML, like Gecko)" "www.saveaslave.com"
66.249.75.56 - - [02/Jul/2015:09:30:50 -0700] "GET /images/countrymap/austria.gif HTTP/1.1" 200 13260 "-" "Googlebot-Image/1.0" "www.saveaslave.com"
46.229.164.99 - - [02/Jul/2015:09:35:15 -0700] "GET /mauritania.html HTTP/1.1" 200 5710 "-" "Mozilla/5.0 (compatible; SemrushBot/0.98~bl; +http://www.semrush.com/bot.html)" "saveaslave.com"
46.229.164.99 - - [02/Jul/2015:09:42:49 -0700] "GET /south-korea.html HTTP/1.1" 200 5719 "-" "Mozilla/5.0 (compatible; SemrushBot/0.98~bl; +http://www.semrush.com/bot.html)" "saveaslave.com"
66.249.75.48 - - [02/Jul/2015:09:47:44 -0700] "GET /images/countrymap/russia.gif HTTP/1.1" 200 52409 "-" "Googlebot-Image/1.0" "www.saveaslave.com"
66.249.75.48 - - [02/Jul/2015:09:50:45 -0700] "GET /images/countrymap/saint-vincent-grenadines-flag.gif HTTP/1.1" 200 4067 "-" "Googlebot-Image/1.0" "www.saveaslave.com"
46.229.164.102 - - [02/Jul/2015:09:56:31 -0700] "GET /azerbaijan.html HTTP/1.1" 200 5617 "-" "Mozilla/5.0 (compatible; SemrushBot/0.98~bl; +http://www.semrush.com/bot.html)" "saveaslave.com"
170.190.40.9 - - [02/Jul/2015:09:58:39 -0700] "GET /images/countrymap/solomon-islands.gif HTTP/1.1" 200 122217 "http://www.google.com/blank.html" "Mozilla/5.0 (Linux; U; Android 4.4.2; en-us; 0PCV1 Build/KOT49H) AppleWebKit/534.30 (KHTML, like Gecko) Version/4.0 Mobile Safari/534.30" "www.saveaslave.com"
46.229.164.102 - - [02/Jul/2015:10:02:15 -0700] "GET /macedonia.html HTTP/1.1" 200 5701 "-" "Mozilla/5.0 (compatible; SemrushBot/0.98~bl; +http://www.semrush.com/bot.html)" "saveaslave.com"
46.229.164.101 - - [02/Jul/2015:10:07:19 -0700] "GET /canada.html HTTP/1.1" 200 5648 "-" "Mozilla/5.0 (compatible; SemrushBot/0.98~bl; +http://www.semrush.com/bot.html)" "saveaslave.com"
66.249.75.189 - - [02/Jul/2015:10:11:04 -0700] "GET /robots.txt HTTP/1.1" 404 89 "-" "Mozilla/5.0 (compatible; Googlebot/2.1; +http://www.google.com/bot.html)" "saveaslave.com"
66.249.75.193 - - [02/Jul/2015:10:11:04 -0700] "GET /images/countrymap/vietnam.gif HTTP/1.1" 200 22496 "-" "Googlebot-Image/1.0" "saveaslave.com"
66.249.75.64 - - [02/Jul/2015:10:14:16 -0700] "GET /images/countrymap/equatorial-guinea.gif HTTP/1.1" 200 20297 "-" "Googlebot-Image/1.0" "www.saveaslave.com"
66.249.75.64 - - [02/Jul/2015:10:14:35 -0700] "GET /images/countrymap/french-polynesia.gif HTTP/1.1" 200 17537 "-" "Googlebot-Image/1.0" "www.saveaslave.com"
66.249.75.48 - - [02/Jul/2015:10:14:53 -0700] "GET /images/countrymap/nauru-flag.gif HTTP/1.1" 200 9464 "-" "Googlebot-Image/1.0" "www.saveaslave.com"
66.249.75.64 - - [02/Jul/2015:10:16:01 -0700] "GET /images/countrymap/grenada-flag.gif HTTP/1.1" 200 24327 "-" "Googlebot-Image/1.0" "www.saveaslave.com"
46.229.164.102 - - [02/Jul/2015:10:21:12 -0700] "GET /cuba.html HTTP/1.1" 200 5628 "-" "Mozilla/5.0 (compatible; SemrushBot/0.98~bl; +http://www.semrush.com/bot.html)" "saveaslave.com"
46.229.164.102 - - [02/Jul/2015:10:36:46 -0700] "GET /www.unicef.org HTTP/1.1" 404 89 "-" "Mozilla/5.0 (compatible; SemrushBot/0.98~bl; +http://www.semrush.com/bot.html)" "saveaslave.com"
151.80.31.154 - - [02/Jul/2015:10:37:49 -0700] "GET /singapore.html HTTP/1.1" 200 5701 "-" "Mozilla/5.0 (compatible; AhrefsBot/5.0; +http://ahrefs.com/robot/)" "saveaslave.com"
46.229.164.101 - - [02/Jul/2015:10:43:29 -0700] "GET /tajikistan.html HTTP/1.1" 200 5713 "-" "Mozilla/5.0 (compatible; SemrushBot/0.98~bl; +http://www.semrush.com/bot.html)" "saveaslave.com"
180.76.15.140 - - [02/Jul/2015:10:47:31 -0700] "GET /sierra-leone.html HTTP/1.1" 200 5728 "-" "Mozilla/5.0 (compatible; Baiduspider/2.0; +http://www.baidu.com/search/spider.html)" "www.saveaslave.com"
89.153.15.219 - - [02/Jul/2015:10:52:54 -0700] "GET /jquery-1.3.2.min.js HTTP/1.1" 200 57254 "http://saveaslave.com/" "Mozilla/5.0 (Windows NT 6.1; WOW64) AppleWebKit/537.36 (KHTML, like Gecko) Chrome/36.0.1985.143 Safari/537.36" "saveaslave.com"
89.153.15.219 - - [02/Jul/2015:10:52:55 -0700] "GET /images/sas_button.gif HTTP/1.1" 200 2628 "http://saveaslave.com/" "Mozilla/5.0 (Windows NT 6.1; WOW64) AppleWebKit/537.36 (KHTML, like Gecko) Chrome/36.0.1985.143 Safari/537.36" "saveaslave.com"
65.36.241.48 - - [02/Jul/2015:10:57:03 -0700] "HEAD / HTTP/1.1" 200 0 "-" "InternetSeer.com" "www.saveaslave.com"
207.46.13.85 - - [02/Jul/2015:11:36:11 -0700] "GET /robots.txt HTTP/1.1" 404 89 "-" "Mozilla/5.0 (compatible; bingbot/2.0; +http://www.bing.com/bingbot.htm)" "www.saveaslave.com"
5.9.60.46 - - [02/Jul/2015:12:23:33 -0700] "GET /robots.txt HTTP/1.1" 404 89 "-" "Riddler (http://riddler.io/about)" "www.saveaslave.com"
5.9.60.46 - - [02/Jul/2015:12:23:33 -0700] "GET /papua-new-guinea.html HTTP/1.1" 200 5764 "-" "Riddler (http://riddler.io/about)" "www.saveaslave.com"
5.9.60.46 - - [02/Jul/2015:12:27:23 -0700] "GET /robots.txt HTTP/1.1" 404 89 "-" "Riddler (http://riddler.io/about)" "www.saveaslave.com"
5.9.60.46 - - [02/Jul/2015:12:27:40 -0700] "GET /cote-d-ivoire.html HTTP/1.1" 200 5714 "-" "Riddler (http://riddler.io/about)" "www.saveaslave.com"
72.168.98.116 - - [02/Jul/2015:12:35:02 -0700] "GET / HTTP/1.1" 200 23412 "-" "Mozilla/5.0 (Windows NT 6.1; WOW64; Trident/7.0; rv:11.0) like Gecko" "www.saveaslave.com"
72.168.98.116 - - [02/Jul/2015:12:35:02 -0700] "GET / HTTP/1.1" 200 23412 "-" "Mozilla/5.0 (Windows NT 6.1; WOW64; Trident/7.0; rv:11.0) like Gecko" "www.saveaslave.com"
72.168.98.116 - - [02/Jul/2015:12:35:04 -0700] "GET /addlink.php HTTP/1.1" 200 15984 "http://www.saveaslave.com/" "Mozilla/5.0 (Windows NT 6.1; WOW64; Trident/7.0; rv:11.0) like Gecko" "www.saveaslave.com"
72.168.98.116 - - [02/Jul/2015:12:35:04 -0700] "GET /addlink.php HTTP/1.1" 200 15984 "http://www.saveaslave.com/" "Mozilla/5.0 (Windows NT 6.1; WOW64; Trident/7.0; rv:11.0) like Gecko" "www.saveaslave.com"
72.168.98.116 - - [02/Jul/2015:12:35:27 -0700] "GET / HTTP/1.1" 200 23412 "-" "Mozilla/5.0 (Windows NT 6.1; WOW64; Trident/7.0; rv:11.0) like Gecko" "www.saveaslave.com"
72.168.98.116 - - [02/Jul/2015:12:35:28 -0700] "GET /css/style.css HTTP/1.1" 200 1400 "http://www.saveaslave.com/" "Mozilla/5.0 (Windows NT 6.1; WOW64; Trident/7.0; rv:11.0) like Gecko" "www.saveaslave.com"
72.168.98.116 - - [02/Jul/2015:12:35:28 -0700] "GET /images/sas_button.gif HTTP/1.1" 200 2628 "http://www.saveaslave.com/" "Mozilla/5.0 (Windows NT 6.1; WOW64; Trident/7.0; rv:11.0) like Gecko" "www.saveaslave.com"
72.168.98.116 - - [02/Jul/2015:12:35:28 -0700] "GET /images/slaves.jpg HTTP/1.1" 200 86777 "http://www.saveaslave.com/" "Mozilla/5.0 (Windows NT 6.1; WOW64; Trident/7.0; rv:11.0) like Gecko" "www.saveaslave.com"
72.168.98.116 - - [02/Jul/2015:12:35:39 -0700] "GET / HTTP/1.1" 200 23412 "-" "Mozilla/5.0 (Windows NT 6.1; WOW64; Trident/7.0; rv:11.0) like Gecko" "www.saveaslave.com"
72.168.98.116 - - [02/Jul/2015:12:35:40 -0700] "GET /css/style.css HTTP/1.1" 200 1400 "http://www.saveaslave.com/" "Mozilla/5.0 (Windows NT 6.1; WOW64; Trident/7.0; rv:11.0) like Gecko" "www.saveaslave.com"
72.168.98.116 - - [02/Jul/2015:12:35:41 -0700] "GET /jquery.marquee.js HTTP/1.1" 200 6560 "http://www.saveaslave.com/" "Mozilla/5.0 (Windows NT 6.1; WOW64; Trident/7.0; rv:11.0) like Gecko" "www.saveaslave.com"
72.168.98.116 - - [02/Jul/2015:12:35:41 -0700] "GET /jquery-1.3.2.min.js HTTP/1.1" 200 57254 "http://www.saveaslave.com/" "Mozilla/5.0 (Windows NT 6.1; WOW64; Trident/7.0; rv:11.0) like Gecko" "www.saveaslave.com"
72.168.98.116 - - [02/Jul/2015:12:35:41 -0700] "GET /images/header.png HTTP/1.1" 200 104524 "http://www.saveaslave.com/" "Mozilla/5.0 (Windows NT 6.1; WOW64; Trident/7.0; rv:11.0) like Gecko" "www.saveaslave.com"
72.168.98.116 - - [02/Jul/2015:12:35:42 -0700] "GET /addlink.php HTTP/1.1" 200 15984 "http://www.saveaslave.com/" "Mozilla/5.0 (Windows NT 6.1; WOW64; Trident/7.0; rv:11.0) like Gecko" "www.saveaslave.com"
173.10.192.34 - - [02/Jul/2015:12:48:40 -0700] "GET /images/countrymap/solomon-islands.gif HTTP/1.1" 200 122217 "https://www.google.com/" "Mozilla/5.0 (Windows NT 6.3; WOW64) AppleWebKit/537.36 (KHTML, like Gecko) Chrome/43.0.2357.124 Safari/537.36" "www.saveaslave.com"
100.43.85.11 - - [02/Jul/2015:12:50:10 -0700] "GET /guatemala.html HTTP/1.1" 200 5702 "-" "Mozilla/5.0 (compatible; YandexBot/3.0; +http://yandex.com/bots)" "saveaslave.com"
76.189.160.237 - - [02/Jul/2015:12:57:36 -0700] "GET /north-korea.html HTTP/1.1" 200 5719 "http://www.bing.com/search?q=saving+north+koreans+from+trafficking&mkt=en-us&refig=7ca171bb0d504c3d93f0368755bc515c&pq=saving+north+koreans+from+trafficking&sc=0-21&sp=-1&qs=n&sk=&first=15&FORM=PERE" "Mozilla/5.0 (Windows NT 6.3; WOW64) AppleWebKit/537.36 (KHTML, like Gecko) Chrome/43.0.2357.130 Safari/537.36" "www.saveaslave.com"
76.189.160.237 - - [02/Jul/2015:12:57:36 -0700] "GET /images/header.png HTTP/1.1" 200 104524 "http://www.saveaslave.com/north-korea.html" "Mozilla/5.0 (Windows NT 6.3; WOW64) AppleWebKit/537.36 (KHTML, like Gecko) Chrome/43.0.2357.130 Safari/537.36" "www.saveaslave.com"
76.189.160.237 - - [02/Jul/2015:12:57:36 -0700] "GET /images/countrymap/north-korea.gif HTTP/1.1" 200 22332 "http://www.saveaslave.com/north-korea.html" "Mozilla/5.0 (Windows NT 6.3; WOW64) AppleWebKit/537.36 (KHTML, like Gecko) Chrome/43.0.2357.130 Safari/537.36" "www.saveaslave.com"
76.189.160.237 - - [02/Jul/2015:12:57:38 -0700] "GET /favicon.ico HTTP/1.1" 404 89 "http://www.saveaslave.com/north-korea.html" "Mozilla/5.0 (Windows NT 6.3; WOW64) AppleWebKit/537.36 (KHTML, like Gecko) Chrome/43.0.2357.130 Safari/537.36" "www.saveaslave.com"
70.198.3.47 - - [02/Jul/2015:12:58:28 -0700] "GET /images/countrymap/solomon-islands.gif HTTP/1.1" 200 122217 "https://www.google.com/" "Mozilla/5.0 (iPhone; CPU iPhone OS 8_1_2 like Mac OS X) AppleWebKit/600.1.4 (KHTML, like Gecko) Version/8.0 Mobile/12B440 Safari/600.1.4" "www.saveaslave.com"
157.55.39.250 - - [02/Jul/2015:13:02:08 -0700] "GET /robots.txt HTTP/1.1" 404 89 "-" "Mozilla/5.0 (compatible; bingbot/2.0; +http://www.bing.com/bingbot.htm)" "www.saveaslave.com"
187.78.248.5 - - [02/Jul/2015:13:07:16 -0700] "GET / HTTP/1.1" 200 23412 "http://buttons-for-website.com" "Mozilla/5.0 (Windows NT 6.1; WOW64) AppleWebKit/537.36 (KHTML, like Gecko) Chrome/36.0.1985.143 Safari/537.36" "saveaslave.com"
187.78.248.5 - - [02/Jul/2015:13:07:16 -0700] "GET /css/style.css HTTP/1.1" 200 1400 "http://saveaslave.com/" "Mozilla/5.0 (Windows NT 6.1; WOW64) AppleWebKit/537.36 (KHTML, like Gecko) Chrome/36.0.1985.143 Safari/537.36" "saveaslave.com"
187.78.248.5 - - [02/Jul/2015:13:07:16 -0700] "GET /jquery-1.3.2.min.js HTTP/1.1" 200 57254 "http://saveaslave.com/" "Mozilla/5.0 (Windows NT 6.1; WOW64) AppleWebKit/537.36 (KHTML, like Gecko) Chrome/36.0.1985.143 Safari/537.36" "saveaslave.com"
187.78.248.5 - - [02/Jul/2015:13:07:16 -0700] "GET /images/sas_button.gif HTTP/1.1" 200 2628 "http://saveaslave.com/" "Mozilla/5.0 (Windows NT 6.1; WOW64) AppleWebKit/537.36 (KHTML, like Gecko) Chrome/36.0.1985.143 Safari/537.36" "saveaslave.com"
187.78.248.5 - - [02/Jul/2015:13:07:16 -0700] "GET /images/slaves.jpg HTTP/1.1" 200 86777 "http://saveaslave.com/" "Mozilla/5.0 (Windows NT 6.1; WOW64) AppleWebKit/537.36 (KHTML, like Gecko) Chrome/36.0.1985.143 Safari/537.36" "saveaslave.com"
187.78.248.5 - - [02/Jul/2015:13:07:17 -0700] "GET /images/sas_button.gif HTTP/1.1" 200 2628 "http://saveaslave.com/" "Mozilla/5.0 (Windows NT 6.1; WOW64) AppleWebKit/537.36 (KHTML, like Gecko) Chrome/36.0.1985.143 Safari/537.36" "saveaslave.com"
157.55.39.250 - - [02/Jul/2015:13:07:22 -0700] "GET /bulgaria.html HTTP/1.1" 200 5666 "-" "Mozilla/5.0 (compatible; bingbot/2.0; +http://www.bing.com/bingbot.htm)" "www.saveaslave.com"
54.243.48.119 - - [02/Jul/2015:13:11:59 -0700] "GET /namibia.html HTTP/1.1" 200 5683 "-" "Mozilla/5.0 (Windows; U; Windows NT 5.1; en-US; rv:1.9.2.8) Gecko/20100722 Firefox/3.6.8" "www.saveaslave.com"
46.4.189.109 - - [02/Jul/2015:13:16:00 -0700] "GET /benin.html HTTP/1.1" 200 5639 "http://www.saveaslave.com/benin.html" "Mozilla/5.0 (Windows NT 6.3; Win64; x64) AppleWebKit/537.36 (KHTML, like Gecko) Chrome/43.0.2357.124 Safari/537.36" "www.saveaslave.com"
134.249.208.41 - - [02/Jul/2015:13:19:44 -0700] "GET /mongolia.html HTTP/1.1" 200 5692 "-" "Mozilla/5.0 (X11; CrOS i686 0.13.507) AppleWebKit/534.35 (KHTML, like Gecko) Chrome/13.0.763.0 Safari/534.35" "www.saveaslave.com"
47.22.55.30 - - [02/Jul/2015:13:25:38 -0700] "GET /images/countrymap/solomon-islands.gif HTTP/1.1" 200 122217 "https://www.google.com/" "Mozilla/5.0 (Macintosh; Intel Mac OS X 10_10_1) AppleWebKit/600.1.25 (KHTML, like Gecko) Version/8.0 Safari/600.1.25" "www.saveaslave.com"
151.80.31.154 - - [02/Jul/2015:13:32:22 -0700] "GET /libya.html HTTP/1.1" 200 5665 "-" "Mozilla/5.0 (compatible; AhrefsBot/5.0; +http://ahrefs.com/robot/)" "www.saveaslave.com"
72.168.98.116 - - [02/Jul/2015:13:35:06 -0700] "GET /addlink.php HTTP/1.1" 200 15984 "http://www.saveaslave.com/" "Mozilla/5.0 (Windows NT 6.1; WOW64; Trident/7.0; rv:11.0) like Gecko" "www.saveaslave.com"
72.168.98.116 - - [02/Jul/2015:13:38:30 -0700] "GET / HTTP/1.1" 200 23412 "-" "Mozilla/5.0 (Windows NT 6.1; WOW64; Trident/7.0; rv:11.0) like Gecko" "www.saveaslave.com"
72.168.98.116 - - [02/Jul/2015:13:38:52 -0700] "GET /addlink.php HTTP/1.1" 200 15984 "http://www.saveaslave.com/" "Mozilla/5.0 (Windows NT 6.1; WOW64; Trident/7.0; rv:11.0) like Gecko" "www.saveaslave.com"
190.142.69.194 - - [02/Jul/2015:13:48:06 -0700] "GET /images/countrymap/bosnia-herzegovina.jpg HTTP/1.1" 200 42063 "-" "Mozilla/5.0 (Windows NT 6.1; WOW64; rv:38.0) Gecko/20100101 Firefox/38.0" "www.saveaslave.com"
78.153.148.67 - - [02/Jul/2015:13:52:10 -0700] "GET / HTTP/1.1" 200 23412 "http://www.saveaslave.com/" "Mozilla/4.0 (compatible; MSIE 8.0; Windows NT 5.1; Trident/4.0; MRA 5.10 (build 5339); GTB7.5; .NET CLR 2.0.50727; .NET CLR 3.0.4506.2152; .NET CLR 3.5.30729; .NET4.0C; .NET4.0E; .NET CLR 1.1.4322)" "www.saveaslave.com"
78.153.148.67 - - [02/Jul/2015:13:52:11 -0700] "GET / HTTP/1.1" 200 23412 "http://saveaslave.com/" "Mozilla/5.0 (Windows NT 6.1) AppleWebKit/537.36 (KHTML, like Gecko) Chrome/39.0.2171.65 Safari/537.36" "saveaslave.com"
178.137.162.15 - - [02/Jul/2015:13:53:53 -0700] "GET / HTTP/1.1" 200 23412 "http://xn----7sbho2agebbhlivy.xn--p1ai/" "Opera/8.01 (Windows NT 5.1)" "saveaslave.com"
66.87.100.53 - - [02/Jul/2015:14:15:32 -0700] "GET /images/countrymap/solomon-islands.gif HTTP/1.1" 200 122217 "-" "Mozilla/5.0 (Linux; Android 4.4.2; LGLS740 Build/KOT49I.LS740ZV5) AppleWebKit/537.36 (KHTML, like Gecko) Version/4.0 Chrome/30.0.0.0 Mobile Safari/537.36 GSA/4.7.13.19.arm" "www.saveaslave.com"
37.78.143.36 - - [02/Jul/2015:14:22:15 -0700] "GET / HTTP/1.1" 200 23412 "http://www.saveaslave.com/" "Mozilla/5.0 (Windows NT 5.1) AppleWebKit/537.36 (KHTML, like Gecko) Chrome/40.0.2214.115 YaBrowser/15.2.2214.3645 Safari/537.36" "www.saveaslave.com"
65.36.241.48 - - [02/Jul/2015:14:26:41 -0700] "HEAD / HTTP/1.1" 200 0 "-" "InternetSeer.com" "www.saveaslave.com"
217.69.133.67 - - [02/Jul/2015:14:29:53 -0700] "GET /robots.txt HTTP/1.1" 404 89 "-" "Mozilla/5.0 (compatible; Linux x86_64; Mail.RU_Bot/2.0; +http://go.mail.ru/help/robots)" "www.saveaslave.com"
217.69.133.216 - - [02/Jul/2015:14:29:54 -0700] "GET /argentina.html HTTP/1.1" 200 5636 "-" "Mozilla/5.0 (compatible; Linux x86_64; Mail.RU_Bot/2.0; +http://go.mail.ru/help/robots)" "www.saveaslave.com"
176.83.91.86 - - [02/Jul/2015:14:43:20 -0700] "GET /images/countrymap/solomon-islands.gif HTTP/1.1" 200 122217 "https://www.google.es/" "Mozilla/5.0 (iPhone; CPU iPhone OS 8_1_2 like Mac OS X) AppleWebKit/600.1.4 (KHTML, like Gecko) Version/8.0 Mobile/12B440 Safari/600.1.4" "www.saveaslave.com"
136.243.5.87 - - [02/Jul/2015:14:44:57 -0700] "GET /robots.txt HTTP/1.1" 404 89 "-" "Mozilla/5.0 (compatible; MJ12bot/v1.4.5; http://www.majestic12.co.uk/bot.php?+)" "saveaslave.com"
136.243.5.87 - - [02/Jul/2015:14:44:59 -0700] "GET /cotw.html HTTP/1.1" 200 19078 "-" "Mozilla/5.0 (compatible; MJ12bot/v1.4.5; http://www.majestic12.co.uk/bot.php?+)" "saveaslave.com"
78.151.199.217 - - [02/Jul/2015:14:45:58 -0700] "GET /images/countrymap/tunisia.jpg HTTP/1.1" 200 47451 "-" "Mozilla/5.0 (Linux; U; Android 4.2.2; en-gb; b1-720 Build/JDQ39) AppleWebKit/534.30 (KHTML, like Gecko) Version/4.0 Mobile Safari/534.30 GSA/3.1.8.914827.arm" "www.saveaslave.com"
82.1.90.199 - - [02/Jul/2015:14:49:39 -0700] "GET /images/countrymap/bosnia-herzegovina.jpg HTTP/1.1" 200 42063 "https://www.google.com.hk/" "Mozilla/5.0 (iPhone; CPU iPhone OS 8_1_1 like Mac OS X) AppleWebKit/600.1.4 (KHTML, like Gecko) Version/8.0 Mobile/12B436 Safari/600.1.4" "www.saveaslave.com"
65.36.241.48 - - [02/Jul/2015:14:58:44 -0700] "HEAD /?tpl=references&Itemid=3 HTTP/1.1" 200 0 "-" "InternetSeer.com" "www.saveaslave.com"
65.36.241.48 - - [02/Jul/2015:14:58:44 -0700] "HEAD /?tpl=references&Itemid=3 HTTP/1.1" 200 0 "-" "InternetSeer.com" "www.saveaslave.com"
178.148.13.215 - - [02/Jul/2015:15:00:31 -0700] "GET /images/countrymap/bosnia-herzegovina.jpg HTTP/1.1" 200 42063 "-" "Mozilla/5.0 (Linux; U; Android 4.3; sr-rs; GT-I9300 Build/JSS15J) AppleWebKit/534.30 (KHTML, like Gecko) Version/4.0 Mobile Safari/534.30 GSA/4.7.13.16.arm" "www.saveaslave.com"
66.249.75.48 - - [02/Jul/2015:15:06:26 -0700] "GET /images/countrymap/tajikistan-flag.jpg HTTP/1.1" 200 1817 "-" "Googlebot-Image/1.0" "www.saveaslave.com"
66.249.75.48 - - [02/Jul/2015:15:06:26 -0700] "GET /images/countrymap/tajikistan.jpg HTTP/1.1" 200 42152 "-" "Googlebot-Image/1.0" "www.saveaslave.com"
66.249.75.56 - - [02/Jul/2015:15:13:19 -0700] "GET /images/countrymap/suriname.jpg HTTP/1.1" 200 24371 "-" "Googlebot-Image/1.0" "www.saveaslave.com"
207.46.13.85 - - [02/Jul/2015:15:26:22 -0700] "GET /palmyra-atoll.html HTTP/1.1" 200 5737 "-" "Mozilla/5.0 (compatible; bingbot/2.0; +http://www.bing.com/bingbot.htm)" "saveaslave.com"
207.46.13.85 - - [02/Jul/2015:15:26:22 -0700] "GET /spain.html HTTP/1.1" 200 5665 "-" "Mozilla/5.0 (compatible; bingbot/2.0; +http://www.bing.com/bingbot.htm)" "saveaslave.com"
207.46.13.85 - - [02/Jul/2015:15:35:15 -0700] "GET /robots.txt HTTP/1.1" 404 89 "-" "Mozilla/5.0 (compatible; bingbot/2.0; +http://www.bing.com/bingbot.htm)" "saveaslave.com"
198.204.235.26 - - [02/Jul/2015:15:41:18 -0700] "GET /dekra/FCKeditor/editor/fckeditor.html HTTP/1.1" 404 89 "-" "-" "www.saveaslave.com"
198.204.235.26 - - [02/Jul/2015:15:41:18 -0700] "GET /c4sql8-solidarieta/html/images_sys/fckeditor.o/editor/fckeditor.html HTTP/1.1" 404 89 "-" "-" "www.saveaslave.com"
198.204.235.26 - - [02/Jul/2015:15:41:18 -0700] "GET /adminicpsb/script/fckeditor/editor/fckeditor.html HTTP/1.1" 404 89 "-" "-" "www.saveaslave.com"
198.204.235.26 - - [02/Jul/2015:15:41:18 -0700] "GET /gbe/modules/content/admin/fckeditor/editor/fckeditor.html HTTP/1.1" 404 89 "-" "-" "www.saveaslave.com"
198.204.235.26 - - [02/Jul/2015:15:41:18 -0700] "GET /controls/fckeditor/editor/fckeditor.html HTTP/1.1" 404 89 "-" "-" "www.saveaslave.com"
198.204.235.26 - - [02/Jul/2015:15:41:18 -0700] "GET /sites/efeefe.no-ip.org/modules_bak/fckeditor/fckeditor/editor/fckeditor.html HTTP/1.1" 404 89 "-" "-" "www.saveaslave.com"
198.204.235.26 - - [02/Jul/2015:15:41:18 -0700] "GET /kmustkjc/plugins/editors/fckeditor/editor/fckeditor.html HTTP/1.1" 404 89 "-" "-" "www.saveaslave.com"
198.204.235.26 - - [02/Jul/2015:15:41:18 -0700] "GET /newsite/FCKeditor/editor/fckeditor.html HTTP/1.1" 404 89 "-" "-" "www.saveaslave.com"
198.204.235.26 - - [02/Jul/2015:15:41:18 -0700] "GET /system/lib/ext/fckeditor/editor/fckeditor.html HTTP/1.1" 404 89 "-" "-" "www.saveaslave.com"
198.204.235.26 - - [02/Jul/2015:15:41:18 -0700] "GET /portfolio/aui/FCKeditor/editor/fckeditor.html HTTP/1.1" 404 89 "-" "-" "www.saveaslave.com"
198.204.235.26 - - [02/Jul/2015:15:41:19 -0700] "GET /site/lib/FCKeditor/editor/fckeditor.html HTTP/1.1" 404 89 "-" "-" "www.saveaslave.com"
198.204.235.26 - - [02/Jul/2015:15:41:19 -0700] "GET /javascript/editors/fckeditor/editor/fckeditor.html HTTP/1.1" 404 89 "-" "-" "www.saveaslave.com"
198.204.235.26 - - [02/Jul/2015:15:41:19 -0700] "GET /html/editor/wp-content/plugins/fckeditor_for_wordpress/fckeditor/editor/fckeditor.html HTTP/1.1" 404 89 "-" "-" "www.saveaslave.com"
198.204.235.26 - - [02/Jul/2015:15:41:19 -0700] "GET /cf/scripts/ajax/FCKeditor/editor/fckeditor.html HTTP/1.1" 404 89 "-" "-" "www.saveaslave.com"
198.204.235.26 - - [02/Jul/2015:15:41:19 -0700] "GET /stara/include/FCKeditor/editor/fckeditor.html HTTP/1.1" 404 89 "-" "-" "www.saveaslave.com"
198.204.235.26 - - [02/Jul/2015:15:41:19 -0700] "GET /~pi/opiti/pppblog/FCKeditor/editor/fckeditor.html HTTP/1.1" 404 89 "-" "-" "www.saveaslave.com"
198.204.235.26 - - [02/Jul/2015:15:41:19 -0700] "GET /user_data/packages/miyabunnew/fckeditor/editor/fckeditor.html HTTP/1.1" 404 89 "-" "-" "www.saveaslave.com"
198.204.235.26 - - [02/Jul/2015:15:41:19 -0700] "GET /common/fckeditor/editor/fckeditor.html HTTP/1.1" 404 89 "-" "-" "www.saveaslave.com"
198.204.235.26 - - [02/Jul/2015:15:41:19 -0700] "GET /webmail/plugins/html_mail/fckeditor/editor/fckeditor.html HTTP/1.1" 404 89 "-" "-" "www.saveaslave.com"
198.204.235.26 - - [02/Jul/2015:15:41:20 -0700] "GET /inc/fckeditor/editor/fckeditor.html HTTP/1.1" 404 89 "-" "-" "www.saveaslave.com"
198.204.235.26 - - [02/Jul/2015:15:41:20 -0700] "GET /cms/_includes/fckeditor/editor/fckeditor.html HTTP/1.1" 404 89 "-" "-" "www.saveaslave.com"
198.204.235.26 - - [02/Jul/2015:15:41:20 -0700] "GET /GestaoProService/includes/fckeditor/editor/fckeditor.html HTTP/1.1" 404 89 "-" "-" "www.saveaslave.com"
198.204.235.26 - - [02/Jul/2015:15:41:20 -0700] "GET /blog/wp-content/plugins/fckeditor-for-wordpress-plugin/fckeditor/editor/fckeditor.html HTTP/1.1" 404 89 "-" "-" "www.saveaslave.com"
198.204.235.26 - - [02/Jul/2015:15:41:20 -0700] "GET /ccmail/fckeditor/editor/fckeditor.html HTTP/1.1" 404 89 "-" "-" "www.saveaslave.com"
198.204.235.26 - - [02/Jul/2015:15:41:20 -0700] "GET /web-files/fckeditor/editor/fckeditor.html HTTP/1.1" 404 89 "-" "-" "www.saveaslave.com"
198.204.235.26 - - [02/Jul/2015:15:41:20 -0700] "GET /pliki/adm/fckeditor/editor/fckeditor.html HTTP/1.1" 404 89 "-" "-" "www.saveaslave.com"
198.204.235.26 - - [02/Jul/2015:15:41:20 -0700] "GET /js/3rdparty/fckeditor/editor/fckeditor.html HTTP/1.1" 404 89 "-" "-" "www.saveaslave.com"
198.204.235.26 - - [02/Jul/2015:15:41:20 -0700] "GET /glossary/fckeditor/editor/fckeditor.html HTTP/1.1" 404 89 "-" "-" "www.saveaslave.com"
198.204.235.26 - - [02/Jul/2015:15:41:20 -0700] "GET /module/00023/59/FCKeditor/editor/fckeditor.html HTTP/1.1" 404 89 "-" "-" "www.saveaslave.com"
198.204.235.26 - - [02/Jul/2015:15:41:20 -0700] "GET /codemis_cms/js/fckeditor/editor/fckeditor.html HTTP/1.1" 404 89 "-" "-" "www.saveaslave.com"
198.204.235.26 - - [02/Jul/2015:15:41:21 -0700] "GET /shop/assets/js/fckeditor/editor/fckeditor.html HTTP/1.1" 404 89 "-" "-" "www.saveaslave.com"
198.204.235.26 - - [02/Jul/2015:15:41:21 -0700] "GET /customcontent/USDA_ECM_OVERVIEW/cvx06_sco01/FCKeditor/editor/fckeditor.html HTTP/1.1" 404 89 "-" "-" "www.saveaslave.com"
198.204.235.26 - - [02/Jul/2015:15:41:21 -0700] "GET /plugins/fckeditor-spip-2/fckeditor/editor/fckeditor.html HTTP/1.1" 404 89 "-" "-" "www.saveaslave.com"
198.204.235.26 - - [02/Jul/2015:15:41:21 -0700] "GET /sites/all/libraries/fckeditor/editor/fckeditor.html HTTP/1.1" 404 89 "-" "-" "www.saveaslave.com"
198.204.235.26 - - [02/Jul/2015:15:41:21 -0700] "GET /system/ext/fckeditor/editor/fckeditor.html HTTP/1.1" 404 89 "-" "-" "www.saveaslave.com"
198.204.235.26 - - [02/Jul/2015:15:41:21 -0700] "GET /portlets/sisRapid/dream/libs/V2.56/vcl/FCKeditor/editor/fckeditor.html HTTP/1.1" 404 89 "-" "-" "www.saveaslave.com"
198.204.235.26 - - [02/Jul/2015:15:41:21 -0700] "GET /themes/mantaTheme1/newsmail/templates/javaScript/fckeditor/editor/fckeditor.html HTTP/1.1" 404 89 "-" "-" "www.saveaslave.com"
198.204.235.26 - - [02/Jul/2015:15:41:21 -0700] "GET /modules/editor/fckeditor/editor/fckeditor.html HTTP/1.1" 404 89 "-" "-" "www.saveaslave.com"
198.204.235.26 - - [02/Jul/2015:15:41:21 -0700] "GET /utilities/external/fckeditor/editor/fckeditor.html HTTP/1.1" 404 89 "-" "-" "www.saveaslave.com"
198.204.235.26 - - [02/Jul/2015:15:41:21 -0700] "GET /componentes3.7/fckeditor/editor/fckeditor.html HTTP/1.1" 404 89 "-" "-" "www.saveaslave.com"
198.204.235.26 - - [02/Jul/2015:15:41:21 -0700] "GET /common/third_party/FCKeditor/editor/fckeditor.html HTTP/1.1" 404 89 "-" "-" "www.saveaslave.com"
198.204.235.26 - - [02/Jul/2015:15:41:21 -0700] "GET /wp-content/plugins/fckeditor_for_wordpress/fckeditor/editor/fckeditor.html HTTP/1.1" 404 89 "-" "-" "www.saveaslave.com"
198.204.235.26 - - [02/Jul/2015:15:41:21 -0700] "GET /~cwcheng/C_Lan/fckeditor/editor/fckeditor.html HTTP/1.1" 404 89 "-" "-" "www.saveaslave.com"
198.204.235.26 - - [02/Jul/2015:15:41:21 -0700] "GET /Providers/HtmlEditorProviders/Fck/fckeditor/editor/fckeditor.html HTTP/1.1" 404 89 "-" "-" "www.saveaslave.com"
198.204.235.26 - - [02/Jul/2015:15:41:22 -0700] "GET /affiliate/affiliate53/fckeditor/editor/fckeditor.html HTTP/1.1" 404 89 "-" "-" "www.saveaslave.com"
198.204.235.26 - - [02/Jul/2015:15:41:22 -0700] "GET /app/resources/javascript/FCKeditor/2.3.1/editor/fckeditor.html HTTP/1.1" 404 89 "-" "-" "www.saveaslave.com"
198.204.235.26 - - [02/Jul/2015:15:41:22 -0700] "GET /forms/admin/scripts/fckeditor.2641/editor/fckeditor.html HTTP/1.1" 404 89 "-" "-" "www.saveaslave.com"
198.204.235.26 - - [02/Jul/2015:15:41:22 -0700] "GET /template/js_lib/fckeditor/editor/fckeditor.html HTTP/1.1" 404 89 "-" "-" "www.saveaslave.com"
198.204.235.26 - - [02/Jul/2015:15:41:22 -0700] "GET /intranet/fckeditor/editor/fckeditor.html HTTP/1.1" 404 89 "-" "-" "www.saveaslave.com"
198.204.235.26 - - [02/Jul/2015:15:41:22 -0700] "GET /bscw_resources/javascript/FCKeditor/editor/fckeditor.html HTTP/1.1" 404 89 "-" "-" "www.saveaslave.com"
198.204.235.26 - - [02/Jul/2015:15:41:22 -0700] "GET /addon/FCKeditor/editor/fckeditor.html HTTP/1.1" 404 89 "-" "-" "www.saveaslave.com"
198.204.235.26 - - [02/Jul/2015:15:41:22 -0700] "GET /dadamail/dada/extras/packages/fckeditor/editor/fckeditor.html HTTP/1.1" 404 89 "-" "-" "www.saveaslave.com"
198.204.235.26 - - [02/Jul/2015:15:41:22 -0700] "GET /includes/phpEasyAdmin/form/textarea/editor/fckeditor.html HTTP/1.1" 404 89 "-" "-" "www.saveaslave.com"
198.204.235.26 - - [02/Jul/2015:15:41:22 -0700] "GET /webyep-system/program/opt/fckeditor/editor/fckeditor.html HTTP/1.1" 404 89 "-" "-" "www.saveaslave.com"
207.46.13.117 - - [02/Jul/2015:15:48:39 -0700] "GET /robots.txt HTTP/1.1" 404 89 "-" "Mozilla/5.0 (compatible; bingbot/2.0; +http://www.bing.com/bingbot.htm)" "saveaslave.com"
66.249.75.64 - - [02/Jul/2015:15:54:02 -0700] "GET /images/countrymap/greenland.gif HTTP/1.1" 200 36492 "-" "Googlebot-Image/1.0" "www.saveaslave.com"
66.249.75.48 - - [02/Jul/2015:15:54:03 -0700] "GET /images/countrymap/greenland-flag.gif HTTP/1.1" 200 10946 "-" "Googlebot-Image/1.0" "www.saveaslave.com"
66.249.75.56 - - [02/Jul/2015:15:55:37 -0700] "GET /images/countrymap/nepal.gif HTTP/1.1" 200 17175 "-" "Googlebot-Image/1.0" "www.saveaslave.com"
2.103.219.141 - - [02/Jul/2015:15:55:59 -0700] "GET /images/countrymap/solomon-islands.gif HTTP/1.1" 200 122217 "-" "Mozilla/5.0 (Linux; U; Android 4.4.2; en-gb; GT-N7100 Build/KOT49H) AppleWebKit/534.30 (KHTML, like Gecko) Version/4.0 Mobile Safari/534.30" "www.saveaslave.com"
66.249.75.48 - - [02/Jul/2015:15:57:31 -0700] "GET /images/countrymap/namibia-flag.gif HTTP/1.1" 200 35175 "-" "Googlebot-Image/1.0" "www.saveaslave.com"
66.249.75.48 - - [02/Jul/2015:15:57:31 -0700] "GET /images/countrymap/namibia.gif HTTP/1.1" 200 21602 "-" "Googlebot-Image/1.0" "www.saveaslave.com"
175.176.219.178 - - [02/Jul/2015:16:00:40 -0700] "GET /images/header.png HTTP/1.1" 200 104524 "http://www.saveaslave.com/solomon-islands.html" "Mozilla/5.0 (iPad; CPU OS 8_1 like Mac OS X) AppleWebKit/600.1.4 (KHTML, like Gecko) Version/8.0 Mobile/12B410 Safari/600.1.4" "www.saveaslave.com"
175.176.219.178 - - [02/Jul/2015:16:00:58 -0700] "GET /images/header.png HTTP/1.1" 200 104524 "http://www.saveaslave.com/solomon-islands.html" "Mozilla/5.0 (iPad; CPU OS 8_1 like Mac OS X) AppleWebKit/600.1.4 (KHTML, like Gecko) Version/8.0 Mobile/12B410 Safari/600.1.4" "www.saveaslave.com"
72.168.96.123 - - [02/Jul/2015:16:01:38 -0700] "GET /addlink.php HTTP/1.1" 200 15984 "http://www.saveaslave.com/" "Mozilla/5.0 (Windows NT 6.1; WOW64; Trident/7.0; rv:11.0) like Gecko" "www.saveaslave.com"
72.168.96.123 - - [02/Jul/2015:16:02:03 -0700] "GET / HTTP/1.1" 200 23412 "-" "Mozilla/5.0 (Windows NT 6.1; WOW64; Trident/7.0; rv:11.0) like Gecko" "www.saveaslave.com"
72.168.96.123 - - [02/Jul/2015:16:02:05 -0700] "GET /images/sas_button.gif HTTP/1.1" 200 2628 "http://www.saveaslave.com/" "Mozilla/5.0 (Windows NT 6.1; WOW64; Trident/7.0; rv:11.0) like Gecko" "www.saveaslave.com"
72.168.96.123 - - [02/Jul/2015:16:02:05 -0700] "GET /jquery.marquee.js HTTP/1.1" 200 6560 "http://www.saveaslave.com/" "Mozilla/5.0 (Windows NT 6.1; WOW64; Trident/7.0; rv:11.0) like Gecko" "www.saveaslave.com"
72.168.96.123 - - [02/Jul/2015:16:02:05 -0700] "GET /images/header.png HTTP/1.1" 200 104524 "http://www.saveaslave.com/" "Mozilla/5.0 (Windows NT 6.1; WOW64; Trident/7.0; rv:11.0) like Gecko" "www.saveaslave.com"
72.168.96.123 - - [02/Jul/2015:16:02:05 -0700] "GET /jquery-1.3.2.min.js HTTP/1.1" 200 57254 "http://www.saveaslave.com/" "Mozilla/5.0 (Windows NT 6.1; WOW64; Trident/7.0; rv:11.0) like Gecko" "www.saveaslave.com"
72.168.96.123 - - [02/Jul/2015:16:02:05 -0700] "GET /images/slaves.jpg HTTP/1.1" 200 86777 "http://www.saveaslave.com/" "Mozilla/5.0 (Windows NT 6.1; WOW64; Trident/7.0; rv:11.0) like Gecko" "www.saveaslave.com"
72.168.96.123 - - [02/Jul/2015:16:02:07 -0700] "GET /addlink.php HTTP/1.1" 200 15984 "http://www.saveaslave.com/" "Mozilla/5.0 (Windows NT 6.1; WOW64; Trident/7.0; rv:11.0) like Gecko" "www.saveaslave.com"
207.46.13.85 - - [02/Jul/2015:16:02:26 -0700] "GET /estonia.html HTTP/1.1" 200 5684 "-" "Mozilla/5.0 (compatible; bingbot/2.0; +http://www.bing.com/bingbot.htm)" "saveaslave.com"
220.181.108.110 - - [02/Jul/2015:16:05:36 -0700] "GET /albania.html HTTP/1.1" 200 6060 "-" "Mozilla/5.0 (compatible; Baiduspider/2.0; +http://www.baidu.com/search/spider.html)" "www.saveaslave.com"
141.8.143.170 - - [02/Jul/2015:16:45:58 -0700] "GET /seychelles.html HTTP/1.1" 200 5710 "-" "Mozilla/5.0 (compatible; YandexBot/3.0; +http://yandex.com/bots)" "saveaslave.com"
94.153.11.69 - - [02/Jul/2015:16:57:22 -0700] "GET / HTTP/1.1" 200 23412 "http://bizru.info/" "Mozilla/0.6 Beta (Windows)" "saveaslave.com"
94.153.11.69 - - [02/Jul/2015:16:57:23 -0700] "GET / HTTP/1.1" 200 23412 "http://bizru.info/" "Mozilla/0.6 Beta (Windows)" "saveaslave.com"
23.23.242.178 - - [02/Jul/2015:16:59:20 -0700] "GET /kuwait.html HTTP/1.1" 200 5676 "-" "Mozilla/5.0 (Windows; U; Windows NT 5.1; en-US; rv:1.9.2.8) Gecko/20100722 Firefox/3.6.8" "www.saveaslave.com"
210.55.186.170 - - [02/Jul/2015:17:20:11 -0700] "GET /css/style.css HTTP/1.1" 200 1400 "http://www.saveaslave.com/" "Mozilla/5.0 (iPad; CPU OS 8_3 like Mac OS X) AppleWebKit/600.1.4 (KHTML, like Gecko) Version/8.0 Mobile/12F69 Safari/600.1.4" "www.saveaslave.com"
210.55.186.170 - - [02/Jul/2015:17:20:12 -0700] "GET /jquery.marquee.js HTTP/1.1" 200 6560 "http://www.saveaslave.com/" "Mozilla/5.0 (iPad; CPU OS 8_3 like Mac OS X) AppleWebKit/600.1.4 (KHTML, like Gecko) Version/8.0 Mobile/12F69 Safari/600.1.4" "www.saveaslave.com"
210.55.186.170 - - [02/Jul/2015:17:20:12 -0700] "GET /jquery-1.3.2.min.js HTTP/1.1" 200 57254 "http://www.saveaslave.com/" "Mozilla/5.0 (iPad; CPU OS 8_3 like Mac OS X) AppleWebKit/600.1.4 (KHTML, like Gecko) Version/8.0 Mobile/12F69 Safari/600.1.4" "www.saveaslave.com"
210.55.186.170 - - [02/Jul/2015:17:20:12 -0700] "GET /images/sas_button.gif HTTP/1.1" 200 2628 "http://www.saveaslave.com/" "Mozilla/5.0 (iPad; CPU OS 8_3 like Mac OS X) AppleWebKit/600.1.4 (KHTML, like Gecko) Version/8.0 Mobile/12F69 Safari/600.1.4" "www.saveaslave.com"
46.4.189.109 - - [02/Jul/2015:17:49:49 -0700] "GET /liechtenstein.html HTTP/1.1" 200 5737 "http://www.saveaslave.com/liechtenstein.html" "Mozilla/5.0 (Windows NT 6.3; Win64; x64) AppleWebKit/537.36 (KHTML, like Gecko) Chrome/43.0.2357.124 Safari/537.36" "www.saveaslave.com"
207.46.13.85 - - [02/Jul/2015:17:52:42 -0700] "GET /liberia.html HTTP/1.1" 200 5683 "-" "Mozilla/5.0 (compatible; bingbot/2.0; +http://www.bing.com/bingbot.htm)" "saveaslave.com"
65.36.241.48 - - [02/Jul/2015:17:55:24 -0700] "HEAD / HTTP/1.1" 200 0 "-" "InternetSeer.com" "www.saveaslave.com"
23.23.242.178 - - [02/Jul/2015:18:15:17 -0700] "GET /paypalbutton.html HTTP/1.1" 200 2962 "-" "Mozilla/5.0 (Windows; U; Windows NT 5.1; en-US; rv:1.9.2.8) Gecko/20100722 Firefox/3.6.8" "www.saveaslave.com"
66.249.82.159 - - [02/Jul/2015:18:17:25 -0700] "GET /images/countrymap/solomon-islands.gif HTTP/1.1" 200 122217 "-" "Mozilla/5.0 (Windows NT 5.1; rv:11.0) Gecko Firefox/11.0 (via ggpht.com GoogleImageProxy)" "www.saveaslave.com"
67.184.225.84 - - [02/Jul/2015:18:32:17 -0700] "GET /images/countrymap/solomon-islands.gif HTTP/1.1" 200 122217 "https://www.google.com/" "Mozilla/5.0 (Windows NT 6.1; WOW64) AppleWebKit/537.36 (KHTML, like Gecko) Chrome/43.0.2357.130 Safari/537.36" "www.saveaslave.com"
72.168.96.123 - - [02/Jul/2015:18:33:28 -0700] "GET /addlink.php HTTP/1.1" 200 15984 "http://www.saveaslave.com/" "Mozilla/5.0 (Windows NT 6.1; WOW64; Trident/7.0; rv:11.0) like Gecko" "www.saveaslave.com"
207.46.13.85 - - [02/Jul/2015:18:39:19 -0700] "GET /images/countrymap/cyprus.gif HTTP/1.1" 200 19096 "-" "Mozilla/5.0 (compatible; bingbot/2.0; +http://www.bing.com/bingbot.htm)" "www.saveaslave.com"
54.243.48.119 - - [02/Jul/2015:18:56:35 -0700] "GET / HTTP/1.1" 200 23412 "-" "Mozilla/5.0 (Windows; U; Windows NT 5.1; en-US; rv:1.9.2.8) Gecko/20100722 Firefox/3.6.8" "saveaslave.com"
49.98.152.146 - - [02/Jul/2015:18:56:37 -0700] "GET /images/sas_button.gif HTTP/1.1" 200 2628 "http://dudamobile.saveaslave.com/" "Mozilla/5.0 (Linux; U; Android 4.4.2; ja-jp; SonySO-02F Build/14.3.B.0.310) AppleWebKit/534.30 (KHTML, like Gecko) Version/4.0 Mobile Safari/534.30" "saveaslave.com"
49.98.152.146 - - [02/Jul/2015:18:56:37 -0700] "GET /images/slaves.jpg HTTP/1.1" 200 86777 "http://dudamobile.saveaslave.com/" "Mozilla/5.0 (Linux; U; Android 4.4.2; ja-jp; SonySO-02F Build/14.3.B.0.310) AppleWebKit/534.30 (KHTML, like Gecko) Version/4.0 Mobile Safari/534.30" "saveaslave.com"
151.80.31.118 - - [02/Jul/2015:19:00:43 -0700] "GET /honduras.html HTTP/1.1" 200 5693 "-" "Mozilla/5.0 (compatible; AhrefsBot/5.0; +http://ahrefs.com/robot/)" "www.saveaslave.com"
121.212.132.223 - - [02/Jul/2015:19:02:27 -0700] "GET /images/countrymap/solomon-islands.gif HTTP/1.1" 200 122217 "-" "Mozilla/5.0 (Windows NT 6.1; WOW64; Trident/7.0; MATP; MATP; rv:11.0) like Gecko" "www.saveaslave.com"
180.76.15.153 - - [02/Jul/2015:19:03:38 -0700] "GET /bolivia.html HTTP/1.1" 200 5606 "-" "Mozilla/5.0 (compatible; Baiduspider/2.0; +http://www.baidu.com/search/spider.html)" "www.saveaslave.com"
73.173.208.238 - - [02/Jul/2015:19:04:39 -0700] "GET /images/countrymap/solomon-islands.gif HTTP/1.1" 200 122217 "https://www.google.com/" "Mozilla/5.0 (Windows NT 6.1; WOW64) AppleWebKit/537.36 (KHTML, like Gecko) Chrome/43.0.2357.130 Safari/537.36" "www.saveaslave.com"
54.243.48.119 - - [02/Jul/2015:19:30:55 -0700] "GET /yemen.html HTTP/1.1" 200 5668 "-" "Mozilla/5.0 (Windows; U; Windows NT 5.1; en-US; rv:1.9.2.8) Gecko/20100722 Firefox/3.6.8" "www.saveaslave.com"
5.189.144.88 - - [02/Jul/2015:19:37:34 -0700] "GET / HTTP/1.1" 200 23412 "-" "Mozilla/5.0 (compatible; PageAnalyzer/1.5;)" "saveaslave.com"
199.58.86.206 - - [02/Jul/2015:20:13:33 -0700] "GET /robots.txt HTTP/1.1" 404 89 "-" "Mozilla/5.0 (compatible; MJ12bot/v1.4.5; http://www.majestic12.co.uk/bot.php?+)" "saveaslave.com"
89.38.211.161 - - [02/Jul/2015:20:47:33 -0700] "GET /wp-admin/ HTTP/1.1" 404 89 "-" "-" "saveaslave.com"
180.76.15.159 - - [02/Jul/2015:20:54:40 -0700] "GET /senegal.html HTTP/1.1" 200 5683 "-" "Mozilla/5.0 (compatible; Baiduspider/2.0; +http://www.baidu.com/search/spider.html)" "www.saveaslave.com"
74.208.16.10 - - [02/Jul/2015:20:57:24 -0700] "GET /test/wp-admin/ HTTP/1.1" 404 89 "-" "-" "saveaslave.com"
184.154.228.19 - - [02/Jul/2015:21:07:30 -0700] "GET /wordpress/wp-admin/ HTTP/1.1" 404 89 "-" "-" "saveaslave.com"
119.81.196.37 - - [02/Jul/2015:21:17:30 -0700] "GET /blog/wp-admin/ HTTP/1.1" 404 89 "-" "-" "saveaslave.com"
202.3.88.94 - - [02/Jul/2015:21:23:12 -0700] "GET /images/countrymap/bosnia-herzegovina.jpg HTTP/1.1" 200 42063 "https://www.google.co.nz/" "Mozilla/5.0 (Windows NT 6.1; WOW64) AppleWebKit/537.36 (KHTML, like Gecko) Chrome/43.0.2357.130 Safari/537.36" "www.saveaslave.com"
153.107.97.171 - - [02/Jul/2015:21:24:43 -0700] "GET /jquery.marquee.js HTTP/1.1" 200 6560 "-" "Mozilla/4.0 (compatible;)" "www.saveaslave.com"
65.36.241.48 - - [02/Jul/2015:21:29:52 -0700] "HEAD / HTTP/1.1" 200 0 "-" "InternetSeer.com" "www.saveaslave.com"
63.143.47.102 - - [02/Jul/2015:21:36:21 -0700] "GET /old/wp-admin/ HTTP/1.1" 404 89 "-" "-" "saveaslave.com"
66.249.75.48 - - [02/Jul/2015:21:41:58 -0700] "GET /robots.txt HTTP/1.1" 404 89 "-" "Mozilla/5.0 (compatible; Googlebot/2.1; +http://www.google.com/bot.html)" "www.saveaslave.com"
144.76.26.177 - - [02/Jul/2015:21:52:16 -0700] "GET /robots.txt HTTP/1.1" 404 89 "-" "Mozilla/5.0 (compatible; MJ12bot/v1.4.5; http://www.majestic12.co.uk/bot.php?+)" "saveaslave.com"
144.76.26.177 - - [02/Jul/2015:21:52:18 -0700] "GET /afghanistan.html HTTP/1.1" 200 5683 "-" "Mozilla/5.0 (compatible; MJ12bot/v1.4.5; http://www.majestic12.co.uk/bot.php?+)" "saveaslave.com"
144.76.26.177 - - [02/Jul/2015:21:52:19 -0700] "GET /kazakhstan.html HTTP/1.1" 200 5711 "-" "Mozilla/5.0 (compatible; MJ12bot/v1.4.5; http://www.majestic12.co.uk/bot.php?+)" "saveaslave.com"
144.76.26.177 - - [02/Jul/2015:21:52:21 -0700] "GET /uzbekistan.html HTTP/1.1" 200 5713 "-" "Mozilla/5.0 (compatible; MJ12bot/v1.4.5; http://www.majestic12.co.uk/bot.php?+)" "saveaslave.com"
144.76.26.177 - - [02/Jul/2015:21:52:25 -0700] "GET /vanuatu.html HTTP/1.1" 200 5686 "-" "Mozilla/5.0 (compatible; MJ12bot/v1.4.5; http://www.majestic12.co.uk/bot.php?+)" "saveaslave.com"
151.80.31.118 - - [02/Jul/2015:21:53:49 -0700] "GET /niue.html HTTP/1.1" 200 5656 "-" "Mozilla/5.0 (compatible; AhrefsBot/5.0; +http://ahrefs.com/robot/)" "saveaslave.com"
23.23.242.178 - - [02/Jul/2015:22:02:28 -0700] "GET /nigeria.html HTTP/1.1" 200 5683 "-" "Mozilla/5.0 (Windows; U; Windows NT 5.1; en-US; rv:1.9.2.8) Gecko/20100722 Firefox/3.6.8" "www.saveaslave.com"
207.46.13.117 - - [02/Jul/2015:22:19:05 -0700] "GET /robots.txt HTTP/1.1" 404 89 "-" "Mozilla/5.0 (compatible; bingbot/2.0; +http://www.bing.com/bingbot.htm)" "saveaslave.com"
