75.103.235.18 - - [30/Mar/2015:08:12:43 -0700] "GET /favicon.ico HTTP/1.1" 404 89 "-" "Mozilla/5.0 (Macintosh; Intel Mac OS X 10_10_2) AppleWebKit/537.36 (KHTML, like Gecko) Chrome/41.0.2272.104 Safari/537.36" "www.saveaslave.com"
192.99.107.34 - - [30/Mar/2015:08:13:18 -0700] "GET /robots.txt HTTP/1.1" 404 89 "-" "Mozilla/5.0 (compatible; meanpathbot/1.0; +http://www.meanpath.com/meanpathbot.html)" "www.saveaslave.com"
75.103.235.18 - - [30/Mar/2015:08:13:50 -0700] "GET /jquery-1.3.2.min.js HTTP/1.1" 200 57254 "http://www.saveaslave.com/index.html" "Mozilla/5.0 (Macintosh; Intel Mac OS X 10_10_2) AppleWebKit/537.36 (KHTML, like Gecko) Chrome/41.0.2272.104 Safari/537.36" "www.saveaslave.com"
75.103.235.18 - - [30/Mar/2015:08:13:50 -0700] "GET /images/slaves.jpg HTTP/1.1" 200 64009 "http://www.saveaslave.com/index.html" "Mozilla/5.0 (Macintosh; Intel Mac OS X 10_10_2) AppleWebKit/537.36 (KHTML, like Gecko) Chrome/41.0.2272.104 Safari/537.36" "www.saveaslave.com"
75.103.235.18 - - [30/Mar/2015:08:14:09 -0700] "GET /whoweare.html HTTP/1.1" 200 11993 "http://www.saveaslave.com/index.html" "Mozilla/5.0 (Macintosh; Intel Mac OS X 10_10_2) AppleWebKit/537.36 (KHTML, like Gecko) Chrome/41.0.2272.104 Safari/537.36" "www.saveaslave.com"
75.103.235.18 - - [30/Mar/2015:08:15:48 -0700] "GET /whoweare.html HTTP/1.1" 200 11993 "http://www.saveaslave.com/index.html" "Mozilla/5.0 (Windows NT 6.1; WOW64) AppleWebKit/537.36 (KHTML, like Gecko) Chrome/41.0.2272.101 Safari/537.36" "www.saveaslave.com"
209.222.8.107 - - [30/Mar/2015:08:49:10 -0700] "GET /tunisia.html HTTP/1.1" 200 5471 "-" "Mozilla/5.0 (compatible; AhrefsBot/5.0; +http://ahrefs.com/robot/)" "saveaslave.com"
54.243.48.119 - - [30/Mar/2015:08:58:12 -0700] "GET / HTTP/1.1" 200 24277 "-" "Mozilla/5.0 (Windows; U; Windows NT 5.1; en-US; rv:1.9.2.8) Gecko/20100722 Firefox/3.6.8" "saveaslave.com"
23.23.242.178 - - [30/Mar/2015:09:01:09 -0700] "GET /namibia.html HTTP/1.1" 200 5683 "-" "Mozilla/5.0 (Windows; U; Windows NT 5.1; en-US; rv:1.9.2.8) Gecko/20100722 Firefox/3.6.8" "saveaslave.com"
23.23.242.178 - - [30/Mar/2015:09:01:15 -0700] "GET /kiribati.html HTTP/1.1" 200 5693 "-" "Mozilla/5.0 (Windows; U; Windows NT 5.1; en-US; rv:1.9.2.8) Gecko/20100722 Firefox/3.6.8" "saveaslave.com"
54.243.48.119 - - [30/Mar/2015:09:01:18 -0700] "GET /andorra.html HTTP/1.1" 200 5625 "-" "Mozilla/5.0 (Windows; U; Windows NT 5.1; en-US; rv:1.9.2.8) Gecko/20100722 Firefox/3.6.8" "saveaslave.com"
23.23.242.178 - - [30/Mar/2015:09:01:29 -0700] "GET /chad.html HTTP/1.1" 200 5641 "-" "Mozilla/5.0 (Windows; U; Windows NT 5.1; en-US; rv:1.9.2.8) Gecko/20100722 Firefox/3.6.8" "saveaslave.com"
23.23.242.178 - - [30/Mar/2015:09:01:43 -0700] "GET /venezuela.html HTTP/1.1" 200 5489 "-" "Mozilla/5.0 (Windows; U; Windows NT 5.1; en-US; rv:1.9.2.8) Gecko/20100722 Firefox/3.6.8" "saveaslave.com"
23.23.242.178 - - [30/Mar/2015:09:02:13 -0700] "GET /swaziland.html HTTP/1.1" 200 5489 "-" "Mozilla/5.0 (Windows; U; Windows NT 5.1; en-US; rv:1.9.2.8) Gecko/20100722 Firefox/3.6.8" "saveaslave.com"
54.243.48.119 - - [30/Mar/2015:09:02:24 -0700] "GET /nepal.html HTTP/1.1" 200 5633 "-" "Mozilla/5.0 (Windows; U; Windows NT 5.1; en-US; rv:1.9.2.8) Gecko/20100722 Firefox/3.6.8" "saveaslave.com"
23.23.242.178 - - [30/Mar/2015:09:02:38 -0700] "GET /somalia.html HTTP/1.1" 200 5464 "-" "Mozilla/5.0 (Windows; U; Windows NT 5.1; en-US; rv:1.9.2.8) Gecko/20100722 Firefox/3.6.8" "saveaslave.com"
54.243.48.119 - - [30/Mar/2015:09:02:43 -0700] "GET /colombia.html HTTP/1.1" 200 5676 "-" "Mozilla/5.0 (Windows; U; Windows NT 5.1; en-US; rv:1.9.2.8) Gecko/20100722 Firefox/3.6.8" "saveaslave.com"
54.243.48.119 - - [30/Mar/2015:09:02:49 -0700] "GET /djibouti.html HTTP/1.1" 200 5666 "-" "Mozilla/5.0 (Windows; U; Windows NT 5.1; en-US; rv:1.9.2.8) Gecko/20100722 Firefox/3.6.8" "saveaslave.com"
54.243.48.119 - - [30/Mar/2015:09:03:05 -0700] "GET /cuba.html HTTP/1.1" 200 5628 "-" "Mozilla/5.0 (Windows; U; Windows NT 5.1; en-US; rv:1.9.2.8) Gecko/20100722 Firefox/3.6.8" "saveaslave.com"
23.23.242.178 - - [30/Mar/2015:09:03:22 -0700] "GET /togo.html HTTP/1.1" 200 5444 "-" "Mozilla/5.0 (Windows; U; Windows NT 5.1; en-US; rv:1.9.2.8) Gecko/20100722 Firefox/3.6.8" "saveaslave.com"
23.23.242.178 - - [30/Mar/2015:09:03:38 -0700] "GET /guinea.html HTTP/1.1" 200 5675 "-" "Mozilla/5.0 (Windows; U; Windows NT 5.1; en-US; rv:1.9.2.8) Gecko/20100722 Firefox/3.6.8" "saveaslave.com"
54.243.48.119 - - [30/Mar/2015:09:03:41 -0700] "GET /zambia.html HTTP/1.1" 200 5462 "-" "Mozilla/5.0 (Windows; U; Windows NT 5.1; en-US; rv:1.9.2.8) Gecko/20100722 Firefox/3.6.8" "saveaslave.com"
209.222.8.107 - - [30/Mar/2015:09:04:25 -0700] "GET /nauru.html HTTP/1.1" 200 5446 "-" "Mozilla/5.0 (compatible; AhrefsBot/5.0; +http://ahrefs.com/robot/)" "saveaslave.com"
54.243.48.119 - - [30/Mar/2015:09:04:28 -0700] "GET /turkmenistan.html HTTP/1.1" 200 5516 "-" "Mozilla/5.0 (Windows; U; Windows NT 5.1; en-US; rv:1.9.2.8) Gecko/20100722 Firefox/3.6.8" "saveaslave.com"
54.243.48.119 - - [30/Mar/2015:09:05:03 -0700] "GET /switzerland.html HTTP/1.1" 200 5507 "-" "Mozilla/5.0 (Windows; U; Windows NT 5.1; en-US; rv:1.9.2.8) Gecko/20100722 Firefox/3.6.8" "saveaslave.com"
23.23.242.178 - - [30/Mar/2015:09:05:09 -0700] "GET /belgium.html HTTP/1.1" 200 5676 "-" "Mozilla/5.0 (Windows; U; Windows NT 5.1; en-US; rv:1.9.2.8) Gecko/20100722 Firefox/3.6.8" "saveaslave.com"
23.23.242.178 - - [30/Mar/2015:09:05:23 -0700] "GET /vanuatu.html HTTP/1.1" 200 5471 "-" "Mozilla/5.0 (Windows; U; Windows NT 5.1; en-US; rv:1.9.2.8) Gecko/20100722 Firefox/3.6.8" "saveaslave.com"
54.243.48.119 - - [30/Mar/2015:09:05:34 -0700] "GET /ukraine.html HTTP/1.1" 200 5471 "-" "Mozilla/5.0 (Windows; U; Windows NT 5.1; en-US; rv:1.9.2.8) Gecko/20100722 Firefox/3.6.8" "saveaslave.com"
54.243.48.119 - - [30/Mar/2015:09:05:37 -0700] "GET /poland.html HTTP/1.1" 200 5454 "-" "Mozilla/5.0 (Windows; U; Windows NT 5.1; en-US; rv:1.9.2.8) Gecko/20100722 Firefox/3.6.8" "saveaslave.com"
220.181.108.87 - - [30/Mar/2015:09:10:06 -0700] "GET /images/countrymap/azerbaijan.jpg HTTP/1.1" 200 45011 "http://image.baidu.com/i?ct=503316480&z=0&tn=baiduimagedetail" "Baiduspider-image+(+http://www.baidu.com/search/spider.htm)" "www.saveaslave.com"
104.197.3.0 - - [30/Mar/2015:09:15:06 -0700] "GET / HTTP/1.1" 200 24277 "-" "NerdyBot" "saveaslave.com"
209.222.8.107 - - [30/Mar/2015:09:19:39 -0700] "GET /benin.html HTTP/1.1" 200 5639 "-" "Mozilla/5.0 (compatible; AhrefsBot/5.0; +http://ahrefs.com/robot/)" "saveaslave.com"
74.192.89.65 - - [30/Mar/2015:09:29:51 -0700] "GET / HTTP/1.1" 200 24277 "-" "Mozilla/5.0 (X11; Linux x86_64; rv:36.0) Gecko/20100101 Firefox/36.0" "saveaslave.com"
74.192.89.65 - - [30/Mar/2015:09:29:51 -0700] "GET /jquery-1.3.2.min.js HTTP/1.1" 200 57254 "-" "Mozilla/5.0 (X11; Linux x86_64; rv:36.0) Gecko/20100101 Firefox/36.0" "saveaslave.com"
74.192.89.65 - - [30/Mar/2015:09:29:51 -0700] "GET /jquery.marquee.js HTTP/1.1" 200 6560 "-" "Mozilla/5.0 (X11; Linux x86_64; rv:36.0) Gecko/20100101 Firefox/36.0" "saveaslave.com"
74.192.89.65 - - [30/Mar/2015:09:29:51 -0700] "GET /images/slaves.jpg HTTP/1.1" 200 64009 "-" "Mozilla/5.0 (X11; Linux x86_64; rv:36.0) Gecko/20100101 Firefox/36.0" "saveaslave.com"
74.192.89.65 - - [30/Mar/2015:09:29:54 -0700] "GET /favicon.ico HTTP/1.1" 404 89 "-" "Mozilla/5.0 (X11; Linux x86_64; rv:36.0) Gecko/20100101 Firefox/36.0" "saveaslave.com"
74.192.89.65 - - [30/Mar/2015:09:30:03 -0700] "GET /uganda.html HTTP/1.1" 200 5693 "-" "Mozilla/5.0 (X11; Linux x86_64; rv:36.0) Gecko/20100101 Firefox/36.0" "saveaslave.com"
74.192.89.65 - - [30/Mar/2015:09:30:19 -0700] "GET /images/countrymap/turkey.jpg HTTP/1.1" 200 37937 "-" "Mozilla/5.0 (X11; Linux x86_64; rv:36.0) Gecko/20100101 Firefox/36.0" "saveaslave.com"
78.187.8.242 - - [30/Mar/2015:09:33:46 -0700] "GET /images/countrymap/bosnia-herzegovina.jpg HTTP/1.1" 200 42063 "https://www.google.com.tr/" "Mozilla/5.0 (Windows NT 5.1) AppleWebKit/537.36 (KHTML, like Gecko) Chrome/41.0.2272.101 Safari/537.36" "www.saveaslave.com"
207.46.13.43 - - [30/Mar/2015:09:37:26 -0700] "GET /robots.txt HTTP/1.1" 404 89 "-" "Mozilla/5.0 (compatible; bingbot/2.0; +http://www.bing.com/bingbot.htm)" "saveaslave.com"
209.222.8.107 - - [30/Mar/2015:09:40:38 -0700] "GET /turkey.html HTTP/1.1" 200 5677 "-" "Mozilla/5.0 (compatible; AhrefsBot/5.0; +http://ahrefs.com/robot/)" "saveaslave.com"
209.222.8.107 - - [30/Mar/2015:09:43:13 -0700] "GET /egypt.html HTTP/1.1" 200 5666 "-" "Mozilla/5.0 (compatible; AhrefsBot/5.0; +http://ahrefs.com/robot/)" "saveaslave.com"
93.138.93.45 - - [30/Mar/2015:09:51:59 -0700] "GET /images/countrymap/solomon-islands.gif HTTP/1.1" 200 122217 "-" "Mozilla/5.0 (compatible; MSIE 9.0; Windows NT 6.1; Trident/5.0)" "www.saveaslave.com"
209.222.8.107 - - [30/Mar/2015:09:53:52 -0700] "GET /panama.html HTTP/1.1" 200 5455 "-" "Mozilla/5.0 (compatible; AhrefsBot/5.0; +http://ahrefs.com/robot/)" "saveaslave.com"
180.76.6.20 - - [30/Mar/2015:10:21:18 -0700] "GET /countries/kazakhstan.html HTTP/1.1" 404 89 "-" "Mozilla/5.0 (compatible; Baiduspider/2.0; +http://www.baidu.com/search/spider.html)" "www.saveaslave.com"
209.222.8.107 - - [30/Mar/2015:10:22:56 -0700] "GET /oman.html HTTP/1.1" 200 5437 "-" "Mozilla/5.0 (compatible; AhrefsBot/5.0; +http://ahrefs.com/robot/)" "saveaslave.com"
209.222.8.107 - - [30/Mar/2015:10:33:52 -0700] "GET /disclaimer.html HTTP/1.1" 200 4134 "-" "Mozilla/5.0 (compatible; AhrefsBot/5.0; +http://ahrefs.com/robot/)" "saveaslave.com"
94.23.204.136 - - [30/Mar/2015:10:49:53 -0700] "HEAD / HTTP/1.1" 200 0 "-" "InternetSeer.com" "www.saveaslave.com"
180.76.5.62 - - [30/Mar/2015:10:51:20 -0700] "GET / HTTP/1.1" 200 24277 "-" "Mozilla/5.0 (compatible; Baiduspider/2.0; +http://www.baidu.com/search/spider.html)" "www.saveaslave.com"
68.180.228.114 - - [30/Mar/2015:10:55:55 -0700] "GET /robots.txt HTTP/1.1" 404 89 "-" "Mozilla/5.0 (compatible; Yahoo! Slurp; http://help.yahoo.com/help/us/ysearch/slurp)" "saveaslave.com"
67.208.235.40 - - [30/Mar/2015:10:56:21 -0700] "GET /images/countrymap/solomon-islands.gif HTTP/1.1" 200 122217 "https://www.google.com/" "Mozilla/5.0 (Windows NT 6.3; WOW64) AppleWebKit/537.36 (KHTML, like Gecko) Chrome/41.0.2272.101 Safari/537.36" "www.saveaslave.com"
180.76.5.94 - - [30/Mar/2015:11:06:18 -0700] "GET /ghana.html HTTP/1.1" 200 5666 "-" "Mozilla/5.0 (compatible; Baiduspider/2.0; +http://www.baidu.com/search/spider.html)" "www.saveaslave.com"
209.222.8.107 - - [30/Mar/2015:11:08:08 -0700] "GET /samoa.html HTTP/1.1" 200 5446 "-" "Mozilla/5.0 (compatible; AhrefsBot/5.0; +http://ahrefs.com/robot/)" "saveaslave.com"
209.222.8.107 - - [30/Mar/2015:11:09:36 -0700] "GET /gabon.html HTTP/1.1" 200 5666 "-" "Mozilla/5.0 (compatible; AhrefsBot/5.0; +http://ahrefs.com/robot/)" "saveaslave.com"
160.94.47.18 - - [30/Mar/2015:11:12:48 -0700] "GET / HTTP/1.1" 200 24277 "http://t.co/MoR8lnFwqJ" "Mozilla/5.0 (Windows NT 6.3; WOW64; rv:36.0) Gecko/20100101 Firefox/36.0" "saveaslave.com"
160.94.47.18 - - [30/Mar/2015:11:12:49 -0700] "GET /jquery-1.3.2.min.js HTTP/1.1" 200 57254 "http://saveaslave.com/" "Mozilla/5.0 (Windows NT 6.3; WOW64; rv:36.0) Gecko/20100101 Firefox/36.0" "saveaslave.com"
160.94.47.18 - - [30/Mar/2015:11:12:49 -0700] "GET /images/sas_button.gif HTTP/1.1" 200 2628 "http://saveaslave.com/" "Mozilla/5.0 (Windows NT 6.3; WOW64; rv:36.0) Gecko/20100101 Firefox/36.0" "saveaslave.com"
160.94.47.18 - - [30/Mar/2015:11:12:51 -0700] "GET /favicon.ico HTTP/1.1" 404 89 "-" "Mozilla/5.0 (Windows NT 6.3; WOW64; rv:36.0) Gecko/20100101 Firefox/36.0" "saveaslave.com"
180.76.6.54 - - [30/Mar/2015:11:21:19 -0700] "GET /tuvalu.html HTTP/1.1" 200 5693 "-" "Mozilla/5.0 (compatible; Baiduspider/2.0; +http://www.baidu.com/search/spider.html)" "www.saveaslave.com"
209.222.8.107 - - [30/Mar/2015:11:25:07 -0700] "GET /senegal.html HTTP/1.1" 200 5464 "-" "Mozilla/5.0 (compatible; AhrefsBot/5.0; +http://ahrefs.com/robot/)" "saveaslave.com"
209.222.8.107 - - [30/Mar/2015:11:27:34 -0700] "GET /haiti.html HTTP/1.1" 200 5666 "-" "Mozilla/5.0 (compatible; AhrefsBot/5.0; +http://ahrefs.com/robot/)" "saveaslave.com"
208.94.232.9 - - [30/Mar/2015:11:30:42 -0700] "GET / HTTP/1.1" 200 24277 "-" "WebTarantula.com Crawler" "saveaslave.com"
209.222.8.107 - - [30/Mar/2015:11:31:58 -0700] "GET /sweden.html HTTP/1.1" 200 5693 "-" "Mozilla/5.0 (compatible; AhrefsBot/5.0; +http://ahrefs.com/robot/)" "saveaslave.com"
209.222.8.107 - - [30/Mar/2015:11:57:50 -0700] "GET /estonia.html HTTP/1.1" 200 5684 "-" "Mozilla/5.0 (compatible; AhrefsBot/5.0; +http://ahrefs.com/robot/)" "saveaslave.com"
88.228.214.222 - - [30/Mar/2015:12:03:51 -0700] "GET /images/countrymap/bosnia-herzegovina.jpg HTTP/1.1" 200 42063 "https://www.google.com/" "Mozilla/5.0 (Windows NT 6.1) AppleWebKit/537.36 (KHTML, like Gecko) Dragon/36.1.1.21 Chrome/36.0.1985.97 Safari/537.36" "www.saveaslave.com"
209.222.8.107 - - [30/Mar/2015:12:04:21 -0700] "GET /serbia.html HTTP/1.1" 200 5455 "-" "Mozilla/5.0 (compatible; AhrefsBot/5.0; +http://ahrefs.com/robot/)" "saveaslave.com"
209.222.8.107 - - [30/Mar/2015:12:05:28 -0700] "GET /macau.html HTTP/1.1" 200 5665 "-" "Mozilla/5.0 (compatible; AhrefsBot/5.0; +http://ahrefs.com/robot/)" "saveaslave.com"
209.222.8.107 - - [30/Mar/2015:12:30:41 -0700] "GET /kuwait.html HTTP/1.1" 200 5676 "-" "Mozilla/5.0 (compatible; AhrefsBot/5.0; +http://ahrefs.com/robot/)" "saveaslave.com"
209.222.8.107 - - [30/Mar/2015:12:32:00 -0700] "GET /malta.html HTTP/1.1" 200 5665 "-" "Mozilla/5.0 (compatible; AhrefsBot/5.0; +http://ahrefs.com/robot/)" "saveaslave.com"
209.222.8.107 - - [30/Mar/2015:12:37:05 -0700] "GET /guam.html HTTP/1.1" 200 5657 "-" "Mozilla/5.0 (compatible; AhrefsBot/5.0; +http://ahrefs.com/robot/)" "saveaslave.com"
209.222.8.107 - - [30/Mar/2015:12:45:23 -0700] "GET /denmark.html HTTP/1.1" 200 5657 "-" "Mozilla/5.0 (compatible; AhrefsBot/5.0; +http://ahrefs.com/robot/)" "saveaslave.com"
209.222.8.107 - - [30/Mar/2015:12:46:05 -0700] "GET /morocco.html HTTP/1.1" 200 5686 "-" "Mozilla/5.0 (compatible; AhrefsBot/5.0; +http://ahrefs.com/robot/)" "saveaslave.com"
209.222.8.107 - - [30/Mar/2015:12:50:50 -0700] "GET /monaco.html HTTP/1.1" 200 5674 "-" "Mozilla/5.0 (compatible; AhrefsBot/5.0; +http://ahrefs.com/robot/)" "saveaslave.com"
94.23.204.136 - - [30/Mar/2015:12:54:06 -0700] "HEAD / HTTP/1.1" 200 0 "-" "InternetSeer.com" "www.saveaslave.com"
209.222.8.107 - - [30/Mar/2015:13:00:45 -0700] "GET /niger.html HTTP/1.1" 200 5446 "-" "Mozilla/5.0 (compatible; AhrefsBot/5.0; +http://ahrefs.com/robot/)" "saveaslave.com"
80.80.37.213 - - [30/Mar/2015:13:00:59 -0700] "GET /images/countrymap/bosnia-herzegovina.jpg HTTP/1.1" 200 42063 "https://www.google.ba/" "Mozilla/5.0 (iPhone; CPU iPhone OS 8_1_3 like Mac OS X) AppleWebKit/600.1.4 (KHTML, like Gecko) CriOS/41.0.2272.58 Mobile/12B466 Safari/600.1.4" "www.saveaslave.com"
198.22.21.50 - - [30/Mar/2015:13:13:10 -0700] "GET /images/countrymap/solomon-islands.gif HTTP/1.1" 200 122217 "-" "Mozilla/5.0 (Windows NT 6.1; rv:35.0) Gecko/20100101 Firefox/35.0" "www.saveaslave.com"
209.222.8.107 - - [30/Mar/2015:13:16:19 -0700] "GET /peru.html HTTP/1.1" 200 5437 "-" "Mozilla/5.0 (compatible; AhrefsBot/5.0; +http://ahrefs.com/robot/)" "saveaslave.com"
66.249.67.136 - - [30/Mar/2015:13:30:06 -0700] "GET /images/traffic_record.php.gif HTTP/1.1" 404 89 "-" "Googlebot-Image/1.0" "www.saveaslave.com"
180.76.6.147 - - [30/Mar/2015:13:32:54 -0700] "GET /countries/haiti.html HTTP/1.1" 404 89 "-" "Mozilla/5.0 (compatible; Baiduspider/2.0; +http://www.baidu.com/search/spider.html)" "www.saveaslave.com"
54.243.48.119 - - [30/Mar/2015:13:33:53 -0700] "GET /bosnia-herzegovina.html HTTP/1.1" 200 5787 "-" "Mozilla/5.0 (Windows; U; Windows NT 5.1; en-US; rv:1.9.2.8) Gecko/20100722 Firefox/3.6.8" "saveaslave.com"
180.76.6.48 - - [30/Mar/2015:14:12:57 -0700] "GET /countries/ukraine.html HTTP/1.1" 404 89 "-" "Mozilla/5.0 (compatible; Baiduspider/2.0; +http://www.baidu.com/search/spider.html)" "www.saveaslave.com"
23.23.242.178 - - [30/Mar/2015:14:31:35 -0700] "GET /brazil.html HTTP/1.1" 200 5651 "-" "Mozilla/5.0 (Windows; U; Windows NT 5.1; en-US; rv:1.9.2.8) Gecko/20100722 Firefox/3.6.8" "www.saveaslave.com"
66.249.67.136 - - [30/Mar/2015:14:33:39 -0700] "GET /robots.txt HTTP/1.1" 404 89 "-" "Mozilla/5.0 (compatible; Googlebot/2.1; +http://www.google.com/bot.html)" "www.saveaslave.com"
180.76.5.27 - - [30/Mar/2015:14:35:42 -0700] "GET /countries/yemen.html HTTP/1.1" 404 89 "-" "Mozilla/5.0 (compatible; Baiduspider/2.0; +http://www.baidu.com/search/spider.html)" "www.saveaslave.com"
100.38.164.242 - - [30/Mar/2015:14:36:45 -0700] "GET / HTTP/1.1" 200 24277 "http://www.ohchr.org/EN/Issues/Slavery/UNVTFCFS/Pages/SlaveryList.aspx" "Mozilla/5.0 (Windows NT 6.2; WOW64) AppleWebKit/537.36 (KHTML, like Gecko) Chrome/41.0.2272.101 Safari/537.36" "www.saveaslave.com"
100.38.164.242 - - [30/Mar/2015:14:36:45 -0700] "GET /css/style.css HTTP/1.1" 200 1400 "http://www.saveaslave.com/" "Mozilla/5.0 (Windows NT 6.2; WOW64) AppleWebKit/537.36 (KHTML, like Gecko) Chrome/41.0.2272.101 Safari/537.36" "www.saveaslave.com"
100.38.164.242 - - [30/Mar/2015:14:36:45 -0700] "GET /images/header.png HTTP/1.1" 200 84658 "http://www.saveaslave.com/" "Mozilla/5.0 (Windows NT 6.2; WOW64) AppleWebKit/537.36 (KHTML, like Gecko) Chrome/41.0.2272.101 Safari/537.36" "www.saveaslave.com"
100.38.164.242 - - [30/Mar/2015:14:36:45 -0700] "GET /jquery-1.3.2.min.js HTTP/1.1" 200 57254 "http://www.saveaslave.com/" "Mozilla/5.0 (Windows NT 6.2; WOW64) AppleWebKit/537.36 (KHTML, like Gecko) Chrome/41.0.2272.101 Safari/537.36" "www.saveaslave.com"
100.38.164.242 - - [30/Mar/2015:14:36:46 -0700] "GET /images/sas_button.gif HTTP/1.1" 200 2628 "http://www.saveaslave.com/" "Mozilla/5.0 (Windows NT 6.2; WOW64) AppleWebKit/537.36 (KHTML, like Gecko) Chrome/41.0.2272.101 Safari/537.36" "www.saveaslave.com"
100.38.164.242 - - [30/Mar/2015:14:36:46 -0700] "GET /jquery.marquee.js HTTP/1.1" 200 6560 "http://www.saveaslave.com/" "Mozilla/5.0 (Windows NT 6.2; WOW64) AppleWebKit/537.36 (KHTML, like Gecko) Chrome/41.0.2272.101 Safari/537.36" "www.saveaslave.com"
100.38.164.242 - - [30/Mar/2015:14:36:46 -0700] "GET /images/slaves.jpg HTTP/1.1" 200 64009 "http://www.saveaslave.com/" "Mozilla/5.0 (Windows NT 6.2; WOW64) AppleWebKit/537.36 (KHTML, like Gecko) Chrome/41.0.2272.101 Safari/537.36" "www.saveaslave.com"
100.38.164.242 - - [30/Mar/2015:14:36:54 -0700] "GET /favicon.ico HTTP/1.1" 404 89 "-" "Mozilla/5.0 (Windows NT 6.2; WOW64) AppleWebKit/537.36 (KHTML, like Gecko) Chrome/41.0.2272.101 Safari/537.36" "www.saveaslave.com"
100.38.164.242 - - [30/Mar/2015:14:37:26 -0700] "GET /japan.html HTTP/1.1" 200 5666 "http://www.saveaslave.com/" "Mozilla/5.0 (Windows NT 6.2; WOW64) AppleWebKit/537.36 (KHTML, like Gecko) Chrome/41.0.2272.101 Safari/537.36" "www.saveaslave.com"
100.38.164.242 - - [30/Mar/2015:14:37:27 -0700] "GET /images/countrymap/japan-flag.gif HTTP/1.1" 200 10800 "http://www.saveaslave.com/japan.html" "Mozilla/5.0 (Windows NT 6.2; WOW64) AppleWebKit/537.36 (KHTML, like Gecko) Chrome/41.0.2272.101 Safari/537.36" "www.saveaslave.com"
100.38.164.242 - - [30/Mar/2015:14:37:27 -0700] "GET /images/countrymap/japan.gif HTTP/1.1" 200 29524 "http://www.saveaslave.com/japan.html" "Mozilla/5.0 (Windows NT 6.2; WOW64) AppleWebKit/537.36 (KHTML, like Gecko) Chrome/41.0.2272.101 Safari/537.36" "www.saveaslave.com"
94.23.204.136 - - [30/Mar/2015:14:46:19 -0700] "HEAD / HTTP/1.1" 200 0 "-" "InternetSeer.com" "www.saveaslave.com"
186.151.61.223 - - [30/Mar/2015:14:47:23 -0700] "GET /images/countrymap/bosnia-herzegovina.jpg HTTP/1.1" 200 42063 "-" "Mozilla/5.0 (iPhone; CPU iPhone OS 8_1_3 like Mac OS X) AppleWebKit/600.1.4 (KHTML, like Gecko) GSA/5.2.43972 Mobile/12B466 Safari/600.1.4" "www.saveaslave.com"
180.76.6.141 - - [30/Mar/2015:14:52:55 -0700] "GET /countries/new-zealand.html HTTP/1.1" 404 89 "-" "Mozilla/5.0 (compatible; Baiduspider/2.0; +http://www.baidu.com/search/spider.html)" "www.saveaslave.com"
123.125.71.76 - - [30/Mar/2015:15:06:43 -0700] "GET /india.html HTTP/1.1" 200 6040 "-" "Mozilla/5.0 (compatible; Baiduspider/2.0; +http://www.baidu.com/search/spider.html)" "www.saveaslave.com"
180.76.5.153 - - [30/Mar/2015:15:06:59 -0700] "GET /countries/tunisia.html HTTP/1.1" 404 89 "-" "Mozilla/5.0 (compatible; Baiduspider/2.0; +http://www.baidu.com/search/spider.html)" "www.saveaslave.com"
177.157.234.120 - - [30/Mar/2015:15:36:17 -0700] "GET / HTTP/1.1" 200 24277 "http://semalt.semalt.com/crawler.php?u=http://saveaslave.com" "Mozilla/5.0 (Windows NT 6.1; WOW64) AppleWebKit/537.36 (KHTML, like Gecko) Chrome/36.0.1985.143 Safari/537.36" "saveaslave.com"
177.157.234.120 - - [30/Mar/2015:15:36:17 -0700] "GET /css/style.css HTTP/1.1" 200 1400 "http://saveaslave.com/" "Mozilla/5.0 (Windows NT 6.1; WOW64) AppleWebKit/537.36 (KHTML, like Gecko) Chrome/36.0.1985.143 Safari/537.36" "saveaslave.com"
177.157.234.120 - - [30/Mar/2015:15:36:17 -0700] "GET /jquery.marquee.js HTTP/1.1" 200 6560 "http://saveaslave.com/" "Mozilla/5.0 (Windows NT 6.1; WOW64) AppleWebKit/537.36 (KHTML, like Gecko) Chrome/36.0.1985.143 Safari/537.36" "saveaslave.com"
177.157.234.120 - - [30/Mar/2015:15:36:17 -0700] "GET /jquery-1.3.2.min.js HTTP/1.1" 200 57254 "http://saveaslave.com/" "Mozilla/5.0 (Windows NT 6.1; WOW64) AppleWebKit/537.36 (KHTML, like Gecko) Chrome/36.0.1985.143 Safari/537.36" "saveaslave.com"
177.157.234.120 - - [30/Mar/2015:15:36:17 -0700] "GET /images/header.png HTTP/1.1" 200 84658 "http://saveaslave.com/" "Mozilla/5.0 (Windows NT 6.1; WOW64) AppleWebKit/537.36 (KHTML, like Gecko) Chrome/36.0.1985.143 Safari/537.36" "saveaslave.com"
177.157.234.120 - - [30/Mar/2015:15:36:17 -0700] "GET /images/sas_button.gif HTTP/1.1" 200 2628 "http://saveaslave.com/" "Mozilla/5.0 (Windows NT 6.1; WOW64) AppleWebKit/537.36 (KHTML, like Gecko) Chrome/36.0.1985.143 Safari/537.36" "saveaslave.com"
177.157.234.120 - - [30/Mar/2015:15:36:18 -0700] "GET /images/slaves.jpg HTTP/1.1" 200 64009 "http://saveaslave.com/" "Mozilla/5.0 (Windows NT 6.1; WOW64) AppleWebKit/537.36 (KHTML, like Gecko) Chrome/36.0.1985.143 Safari/537.36" "saveaslave.com"
23.23.242.178 - - [30/Mar/2015:15:41:52 -0700] "GET /zimbabwe.html HTTP/1.1" 200 5480 "-" "Mozilla/5.0 (Windows; U; Windows NT 5.1; en-US; rv:1.9.2.8) Gecko/20100722 Firefox/3.6.8" "www.saveaslave.com"
112.208.180.80 - - [30/Mar/2015:16:24:52 -0700] "GET / HTTP/1.1" 200 24277 "http://semalt.semalt.com/crawler.php?u=http://saveaslave.com" "Mozilla/5.0 (Windows NT 6.1; WOW64) AppleWebKit/537.36 (KHTML, like Gecko) Chrome/36.0.1985.143 Safari/537.36" "saveaslave.com"
112.208.180.80 - - [30/Mar/2015:16:24:53 -0700] "GET /jquery-1.3.2.min.js HTTP/1.1" 200 57254 "http://saveaslave.com/" "Mozilla/5.0 (Windows NT 6.1; WOW64) AppleWebKit/537.36 (KHTML, like Gecko) Chrome/36.0.1985.143 Safari/537.36" "saveaslave.com"
112.208.180.80 - - [30/Mar/2015:16:24:53 -0700] "GET /images/sas_button.gif HTTP/1.1" 200 2628 "http://saveaslave.com/" "Mozilla/5.0 (Windows NT 6.1; WOW64) AppleWebKit/537.36 (KHTML, like Gecko) Chrome/36.0.1985.143 Safari/537.36" "saveaslave.com"
112.208.180.80 - - [30/Mar/2015:16:24:54 -0700] "GET /images/slaves.jpg HTTP/1.1" 200 64009 "http://saveaslave.com/" "Mozilla/5.0 (Windows NT 6.1; WOW64) AppleWebKit/537.36 (KHTML, like Gecko) Chrome/36.0.1985.143 Safari/537.36" "saveaslave.com"
112.208.180.80 - - [30/Mar/2015:16:24:58 -0700] "GET /images/sas_button.gif HTTP/1.1" 200 2628 "http://saveaslave.com/" "Mozilla/5.0 (Windows NT 6.1; WOW64) AppleWebKit/537.36 (KHTML, like Gecko) Chrome/36.0.1985.143 Safari/537.36" "saveaslave.com"
112.208.180.80 - - [30/Mar/2015:16:24:58 -0700] "GET /images/slaves.jpg HTTP/1.1" 200 64009 "http://saveaslave.com/" "Mozilla/5.0 (Windows NT 6.1; WOW64) AppleWebKit/537.36 (KHTML, like Gecko) Chrome/36.0.1985.143 Safari/537.36" "saveaslave.com"
180.76.5.75 - - [30/Mar/2015:18:20:19 -0700] "GET /countries/syria.html HTTP/1.1" 404 89 "-" "Mozilla/5.0 (compatible; Baiduspider/2.0; +http://www.baidu.com/search/spider.html)" "www.saveaslave.com"
