217.69.133.67 - - [30/Apr/2015:17:17:53 -0700] "GET /robots.txt HTTP/1.1" 404 89 "-" "Mozilla/5.0 (compatible; Linux x86_64; Mail.RU_Bot/2.0; +http://go.mail.ru/help/robots)" "saveaslave.com"
217.69.133.84 - - [30/Apr/2015:17:17:54 -0700] "GET /site/?cat=114 HTTP/1.1" 404 89 "-" "Mozilla/5.0 (compatible; Linux x86_64; Mail.RU_Bot/2.0; +http://go.mail.ru/help/robots)" "saveaslave.com"
217.69.133.252 - - [30/Apr/2015:17:25:36 -0700] "GET /robots.txt HTTP/1.1" 404 89 "-" "Mozilla/5.0 (compatible; Linux x86_64; Mail.RU_Bot/2.0; +http://go.mail.ru/help/robots)" "www.saveaslave.com"
180.95.38.143 - - [30/Apr/2015:17:34:34 -0700] "GET / HTTP/1.1" 200 24277 "https://www.google.com.au/" "Mozilla/5.0 (Windows NT 6.3; WOW64) AppleWebKit/537.36 (KHTML, like Gecko) Chrome/42.0.2311.90 Safari/537.36" "www.saveaslave.com"
180.95.38.143 - - [30/Apr/2015:17:34:35 -0700] "GET /jquery-1.3.2.min.js HTTP/1.1" 200 57254 "http://www.saveaslave.com/" "Mozilla/5.0 (Windows NT 6.3; WOW64) AppleWebKit/537.36 (KHTML, like Gecko) Chrome/42.0.2311.90 Safari/537.36" "www.saveaslave.com"
180.95.38.143 - - [30/Apr/2015:17:34:35 -0700] "GET /jquery.marquee.js HTTP/1.1" 200 6560 "http://www.saveaslave.com/" "Mozilla/5.0 (Windows NT 6.3; WOW64) AppleWebKit/537.36 (KHTML, like Gecko) Chrome/42.0.2311.90 Safari/537.36" "www.saveaslave.com"
180.95.38.143 - - [30/Apr/2015:17:34:35 -0700] "GET /images/slaves.jpg HTTP/1.1" 200 64009 "http://www.saveaslave.com/" "Mozilla/5.0 (Windows NT 6.3; WOW64) AppleWebKit/537.36 (KHTML, like Gecko) Chrome/42.0.2311.90 Safari/537.36" "www.saveaslave.com"
180.95.38.143 - - [30/Apr/2015:17:34:43 -0700] "GET /favicon.ico HTTP/1.1" 404 89 "http://www.saveaslave.com/" "Mozilla/5.0 (Windows NT 6.3; WOW64) AppleWebKit/537.36 (KHTML, like Gecko) Chrome/42.0.2311.90 Safari/537.36" "www.saveaslave.com"
136.243.36.82 - - [30/Apr/2015:17:41:21 -0700] "GET /afghanistan.html HTTP/1.1" 200 5683 "-" "Mozilla/5.0 (compatible; BLEXBot/1.0; +http://webmeup-crawler.com/)" "www.saveaslave.com"
136.243.36.82 - - [30/Apr/2015:17:41:51 -0700] "GET /angola.html HTTP/1.1" 200 5617 "-" "Mozilla/5.0 (compatible; BLEXBot/1.0; +http://webmeup-crawler.com/)" "www.saveaslave.com"
136.243.36.82 - - [30/Apr/2015:17:42:14 -0700] "GET /argentina.html HTTP/1.1" 200 5636 "-" "Mozilla/5.0 (compatible; BLEXBot/1.0; +http://webmeup-crawler.com/)" "www.saveaslave.com"
136.243.36.82 - - [30/Apr/2015:17:42:22 -0700] "GET /armenia.html HTTP/1.1" 200 5617 "-" "Mozilla/5.0 (compatible; BLEXBot/1.0; +http://webmeup-crawler.com/)" "www.saveaslave.com"
136.243.36.82 - - [30/Apr/2015:17:42:27 -0700] "GET /aruba.html HTTP/1.1" 200 14875 "-" "Mozilla/5.0 (compatible; BLEXBot/1.0; +http://webmeup-crawler.com/)" "www.saveaslave.com"
136.243.36.82 - - [30/Apr/2015:17:42:32 -0700] "GET /australia.html HTTP/1.1" 200 5637 "-" "Mozilla/5.0 (compatible; BLEXBot/1.0; +http://webmeup-crawler.com/)" "www.saveaslave.com"
136.243.36.82 - - [30/Apr/2015:17:42:45 -0700] "GET /azerbaijan.html HTTP/1.1" 200 2490 "-" "Mozilla/5.0 (compatible; BLEXBot/1.0; +http://webmeup-crawler.com/)" "www.saveaslave.com"
136.243.36.82 - - [30/Apr/2015:17:42:51 -0700] "GET /azkaban.html HTTP/1.1" 200 12664 "-" "Mozilla/5.0 (compatible; BLEXBot/1.0; +http://webmeup-crawler.com/)" "www.saveaslave.com"
136.243.36.82 - - [30/Apr/2015:17:42:56 -0700] "GET /azkaban2.html HTTP/1.1" 200 3781 "-" "Mozilla/5.0 (compatible; BLEXBot/1.0; +http://webmeup-crawler.com/)" "www.saveaslave.com"
136.243.36.82 - - [30/Apr/2015:17:43:02 -0700] "GET /bahamas.html HTTP/1.1" 200 5619 "-" "Mozilla/5.0 (compatible; BLEXBot/1.0; +http://webmeup-crawler.com/)" "www.saveaslave.com"
136.243.36.82 - - [30/Apr/2015:17:43:08 -0700] "GET /bahrain.html HTTP/1.1" 200 5639 "-" "Mozilla/5.0 (compatible; BLEXBot/1.0; +http://webmeup-crawler.com/)" "www.saveaslave.com"
136.243.36.82 - - [30/Apr/2015:17:43:21 -0700] "GET /barbados.html HTTP/1.1" 200 5664 "-" "Mozilla/5.0 (compatible; BLEXBot/1.0; +http://webmeup-crawler.com/)" "www.saveaslave.com"
133.18.96.54 - - [30/Apr/2015:17:43:31 -0700] "GET /plugins/wp-all-import/readme.txt HTTP/1.1" 404 89 "-" "-" "saveaslave.com"
133.18.96.54 - - [30/Apr/2015:17:43:31 -0700] "GET /wp-content/plugins/wp-all-import/readme.txt HTTP/1.1" 404 89 "-" "-" "saveaslave.com"
136.243.36.82 - - [30/Apr/2015:17:43:42 -0700] "GET /belgium.html HTTP/1.1" 200 5676 "-" "Mozilla/5.0 (compatible; BLEXBot/1.0; +http://webmeup-crawler.com/)" "www.saveaslave.com"
136.243.36.82 - - [30/Apr/2015:17:44:12 -0700] "GET /benin.html HTTP/1.1" 200 5639 "-" "Mozilla/5.0 (compatible; BLEXBot/1.0; +http://webmeup-crawler.com/)" "www.saveaslave.com"
136.243.36.82 - - [30/Apr/2015:17:44:39 -0700] "GET /bolivia.html HTTP/1.1" 200 5606 "-" "Mozilla/5.0 (compatible; BLEXBot/1.0; +http://webmeup-crawler.com/)" "www.saveaslave.com"
136.243.36.82 - - [30/Apr/2015:17:45:17 -0700] "GET /botswana.html HTTP/1.1" 200 5669 "-" "Mozilla/5.0 (compatible; BLEXBot/1.0; +http://webmeup-crawler.com/)" "www.saveaslave.com"
136.243.36.82 - - [30/Apr/2015:17:45:48 -0700] "GET /brazil.html HTTP/1.1" 200 5651 "-" "Mozilla/5.0 (compatible; BLEXBot/1.0; +http://webmeup-crawler.com/)" "www.saveaslave.com"
136.243.36.82 - - [30/Apr/2015:17:45:53 -0700] "GET /british-virgin-islands.html HTTP/1.1" 200 5845 "-" "Mozilla/5.0 (compatible; BLEXBot/1.0; +http://webmeup-crawler.com/)" "www.saveaslave.com"
136.243.36.82 - - [30/Apr/2015:17:46:04 -0700] "GET /bulgaria.html HTTP/1.1" 200 5666 "-" "Mozilla/5.0 (compatible; BLEXBot/1.0; +http://webmeup-crawler.com/)" "www.saveaslave.com"
136.243.36.82 - - [30/Apr/2015:17:46:09 -0700] "GET /burkina-faso.html HTTP/1.1" 200 5702 "-" "Mozilla/5.0 (compatible; BLEXBot/1.0; +http://webmeup-crawler.com/)" "www.saveaslave.com"
136.243.36.82 - - [30/Apr/2015:17:46:20 -0700] "GET /burundi.html HTTP/1.1" 200 5657 "-" "Mozilla/5.0 (compatible; BLEXBot/1.0; +http://webmeup-crawler.com/)" "www.saveaslave.com"
136.243.36.82 - - [30/Apr/2015:17:46:27 -0700] "GET /cambodia.html HTTP/1.1" 200 5666 "-" "Mozilla/5.0 (compatible; BLEXBot/1.0; +http://webmeup-crawler.com/)" "www.saveaslave.com"
136.243.36.82 - - [30/Apr/2015:17:46:44 -0700] "GET /cape-verde.html HTTP/1.1" 200 2503 "-" "Mozilla/5.0 (compatible; BLEXBot/1.0; +http://webmeup-crawler.com/)" "www.saveaslave.com"
136.243.36.82 - - [30/Apr/2015:17:46:49 -0700] "GET /central-african-republic.html HTTP/1.1" 200 5821 "-" "Mozilla/5.0 (compatible; BLEXBot/1.0; +http://webmeup-crawler.com/)" "www.saveaslave.com"
136.243.36.82 - - [30/Apr/2015:17:46:56 -0700] "GET /chad.html HTTP/1.1" 200 5641 "-" "Mozilla/5.0 (compatible; BLEXBot/1.0; +http://webmeup-crawler.com/)" "www.saveaslave.com"
136.243.36.82 - - [30/Apr/2015:17:47:06 -0700] "GET /china.html HTTP/1.1" 200 5666 "-" "Mozilla/5.0 (compatible; BLEXBot/1.0; +http://webmeup-crawler.com/)" "www.saveaslave.com"
136.243.36.82 - - [30/Apr/2015:17:47:25 -0700] "GET /costa-rica.html HTTP/1.1" 200 5867 "-" "Mozilla/5.0 (compatible; BLEXBot/1.0; +http://webmeup-crawler.com/)" "www.saveaslave.com"
136.243.36.82 - - [30/Apr/2015:17:47:30 -0700] "GET /cote-d-ivoire.html HTTP/1.1" 200 5714 "-" "Mozilla/5.0 (compatible; BLEXBot/1.0; +http://webmeup-crawler.com/)" "www.saveaslave.com"
136.243.36.82 - - [30/Apr/2015:17:47:43 -0700] "GET /cuba.html HTTP/1.1" 200 5628 "-" "Mozilla/5.0 (compatible; BLEXBot/1.0; +http://webmeup-crawler.com/)" "www.saveaslave.com"
136.243.36.82 - - [30/Apr/2015:17:47:49 -0700] "GET /curacao.html HTTP/1.1" 200 5678 "-" "Mozilla/5.0 (compatible; BLEXBot/1.0; +http://webmeup-crawler.com/)" "www.saveaslave.com"
136.243.36.82 - - [30/Apr/2015:17:47:54 -0700] "GET /cyprus.html HTTP/1.1" 200 5651 "-" "Mozilla/5.0 (compatible; BLEXBot/1.0; +http://webmeup-crawler.com/)" "www.saveaslave.com"
136.243.36.82 - - [30/Apr/2015:17:48:06 -0700] "GET /czech-republic.html HTTP/1.1" 200 5720 "-" "Mozilla/5.0 (compatible; BLEXBot/1.0; +http://webmeup-crawler.com/)" "www.saveaslave.com"
136.243.36.82 - - [30/Apr/2015:17:48:18 -0700] "GET /denmark.html HTTP/1.1" 200 5657 "-" "Mozilla/5.0 (compatible; BLEXBot/1.0; +http://webmeup-crawler.com/)" "www.saveaslave.com"
136.243.36.82 - - [30/Apr/2015:17:48:24 -0700] "GET /djibouti.html HTTP/1.1" 200 5666 "-" "Mozilla/5.0 (compatible; BLEXBot/1.0; +http://webmeup-crawler.com/)" "www.saveaslave.com"
136.243.36.82 - - [30/Apr/2015:17:48:30 -0700] "GET /dominica.html HTTP/1.1" 200 5666 "-" "Mozilla/5.0 (compatible; BLEXBot/1.0; +http://webmeup-crawler.com/)" "www.saveaslave.com"
136.243.36.82 - - [30/Apr/2015:17:48:36 -0700] "GET /dominican-republic.html HTTP/1.1" 200 5756 "-" "Mozilla/5.0 (compatible; BLEXBot/1.0; +http://webmeup-crawler.com/)" "www.saveaslave.com"
136.243.36.82 - - [30/Apr/2015:17:48:41 -0700] "GET /ecuador.html HTTP/1.1" 200 5684 "-" "Mozilla/5.0 (compatible; BLEXBot/1.0; +http://webmeup-crawler.com/)" "www.saveaslave.com"
136.243.36.82 - - [30/Apr/2015:17:48:47 -0700] "GET /france.html HTTP/1.1" 200 5675 "-" "Mozilla/5.0 (compatible; BLEXBot/1.0; +http://webmeup-crawler.com/)" "www.saveaslave.com"
136.243.36.82 - - [30/Apr/2015:17:48:58 -0700] "GET /paypalbutton.html HTTP/1.1" 200 2962 "-" "Mozilla/5.0 (compatible; BLEXBot/1.0; +http://webmeup-crawler.com/)" "www.saveaslave.com"
136.243.36.82 - - [30/Apr/2015:17:49:04 -0700] "GET /republic-of-congo.html HTTP/1.1" 200 5503 "-" "Mozilla/5.0 (compatible; BLEXBot/1.0; +http://webmeup-crawler.com/)" "www.saveaslave.com"
136.243.36.82 - - [30/Apr/2015:17:49:10 -0700] "GET /resources.html HTTP/1.1" 200 14780 "-" "Mozilla/5.0 (compatible; BLEXBot/1.0; +http://webmeup-crawler.com/)" "www.saveaslave.com"
136.243.36.82 - - [30/Apr/2015:17:49:17 -0700] "GET /spain.html HTTP/1.1" 200 5665 "-" "Mozilla/5.0 (compatible; BLEXBot/1.0; +http://webmeup-crawler.com/)" "www.saveaslave.com"
136.243.36.82 - - [30/Apr/2015:17:49:28 -0700] "GET /sudan.html HTTP/1.1" 200 2497 "-" "Mozilla/5.0 (compatible; BLEXBot/1.0; +http://webmeup-crawler.com/)" "www.saveaslave.com"
136.243.36.82 - - [30/Apr/2015:17:49:34 -0700] "GET /suriname.html HTTP/1.1" 200 5695 "-" "Mozilla/5.0 (compatible; BLEXBot/1.0; +http://webmeup-crawler.com/)" "www.saveaslave.com"
136.243.36.82 - - [30/Apr/2015:17:49:41 -0700] "GET /svalbard.html HTTP/1.1" 200 5695 "-" "Mozilla/5.0 (compatible; BLEXBot/1.0; +http://webmeup-crawler.com/)" "www.saveaslave.com"
136.243.36.82 - - [30/Apr/2015:17:49:58 -0700] "GET /switzerland.html HTTP/1.1" 200 5722 "-" "Mozilla/5.0 (compatible; BLEXBot/1.0; +http://webmeup-crawler.com/)" "www.saveaslave.com"
136.243.36.82 - - [30/Apr/2015:17:50:04 -0700] "GET /syria.html HTTP/1.1" 200 5668 "-" "Mozilla/5.0 (compatible; BLEXBot/1.0; +http://webmeup-crawler.com/)" "www.saveaslave.com"
136.243.36.82 - - [30/Apr/2015:17:50:12 -0700] "GET /taiwan.html HTTP/1.1" 200 5677 "-" "Mozilla/5.0 (compatible; BLEXBot/1.0; +http://webmeup-crawler.com/)" "www.saveaslave.com"
136.243.36.82 - - [30/Apr/2015:17:50:19 -0700] "GET /tajikistan.html HTTP/1.1" 200 5713 "-" "Mozilla/5.0 (compatible; BLEXBot/1.0; +http://webmeup-crawler.com/)" "www.saveaslave.com"
136.243.36.82 - - [30/Apr/2015:17:50:31 -0700] "GET /thailand.html HTTP/1.1" 200 5695 "-" "Mozilla/5.0 (compatible; BLEXBot/1.0; +http://webmeup-crawler.com/)" "www.saveaslave.com"
136.243.36.82 - - [30/Apr/2015:17:50:50 -0700] "GET /togo.html HTTP/1.1" 200 5659 "-" "Mozilla/5.0 (compatible; BLEXBot/1.0; +http://webmeup-crawler.com/)" "www.saveaslave.com"
136.243.36.82 - - [30/Apr/2015:17:51:03 -0700] "GET /trinidad-tobago.html HTTP/1.1" 200 5774 "-" "Mozilla/5.0 (compatible; BLEXBot/1.0; +http://webmeup-crawler.com/)" "www.saveaslave.com"
136.243.36.82 - - [30/Apr/2015:17:51:10 -0700] "GET /tunisia.html HTTP/1.1" 200 5686 "-" "Mozilla/5.0 (compatible; BLEXBot/1.0; +http://webmeup-crawler.com/)" "www.saveaslave.com"
136.243.36.82 - - [30/Apr/2015:17:51:30 -0700] "GET /turkmenistan.html HTTP/1.1" 200 5731 "-" "Mozilla/5.0 (compatible; BLEXBot/1.0; +http://webmeup-crawler.com/)" "www.saveaslave.com"
136.243.36.82 - - [30/Apr/2015:17:51:54 -0700] "GET /ukraine.html HTTP/1.1" 200 5686 "-" "Mozilla/5.0 (compatible; BLEXBot/1.0; +http://webmeup-crawler.com/)" "www.saveaslave.com"
136.243.36.82 - - [30/Apr/2015:17:51:59 -0700] "GET /united-arab-emirates.html HTTP/1.1" 200 5769 "-" "Mozilla/5.0 (compatible; BLEXBot/1.0; +http://webmeup-crawler.com/)" "www.saveaslave.com"
136.243.36.82 - - [30/Apr/2015:17:52:05 -0700] "GET /united-kingdom.html HTTP/1.1" 200 5747 "-" "Mozilla/5.0 (compatible; BLEXBot/1.0; +http://webmeup-crawler.com/)" "www.saveaslave.com"
136.243.36.82 - - [30/Apr/2015:17:52:23 -0700] "GET /us-virgin-islands.html HTTP/1.1" 200 5799 "-" "Mozilla/5.0 (compatible; BLEXBot/1.0; +http://webmeup-crawler.com/)" "www.saveaslave.com"
136.243.36.82 - - [30/Apr/2015:17:52:28 -0700] "GET /uzbekistan.html HTTP/1.1" 200 5713 "-" "Mozilla/5.0 (compatible; BLEXBot/1.0; +http://webmeup-crawler.com/)" "www.saveaslave.com"
136.243.36.82 - - [30/Apr/2015:17:52:49 -0700] "GET /vietnam.html HTTP/1.1" 200 5686 "-" "Mozilla/5.0 (compatible; BLEXBot/1.0; +http://webmeup-crawler.com/)" "www.saveaslave.com"
136.243.36.82 - - [30/Apr/2015:17:52:56 -0700] "GET /wake-island.html HTTP/1.1" 200 5722 "-" "Mozilla/5.0 (compatible; BLEXBot/1.0; +http://webmeup-crawler.com/)" "www.saveaslave.com"
136.243.36.82 - - [30/Apr/2015:17:53:02 -0700] "GET /wallis-and-futuna.html HTTP/1.1" 200 2518 "-" "Mozilla/5.0 (compatible; BLEXBot/1.0; +http://webmeup-crawler.com/)" "www.saveaslave.com"
136.243.36.82 - - [30/Apr/2015:17:53:19 -0700] "GET /whoweare.html HTTP/1.1" 200 11993 "-" "Mozilla/5.0 (compatible; BLEXBot/1.0; +http://webmeup-crawler.com/)" "www.saveaslave.com"
100.12.242.252 - - [30/Apr/2015:18:08:04 -0700] "GET /jquery.marquee.js HTTP/1.1" 200 6560 "http://saveaslave.com/" "Mozilla/5.0 (Android; Tablet; rv:34.0) Gecko/34.0 Firefox/34.0" "saveaslave.com"
100.12.242.252 - - [30/Apr/2015:18:08:09 -0700] "GET /favicon.ico HTTP/1.1" 404 89 "-" "Mozilla/5.0 (Android; Tablet; rv:34.0.1) Gecko/34.0.1 Firefox/34.0.1" "saveaslave.com"
100.12.242.252 - - [30/Apr/2015:18:08:09 -0700] "GET /favicon.ico HTTP/1.1" 404 89 "-" "Mozilla/5.0 (Android; Tablet; rv:34.0.1) Gecko/34.0.1 Firefox/34.0.1" "saveaslave.com"
123.125.71.91 - - [30/Apr/2015:18:29:30 -0700] "GET /nauru.html HTTP/1.1" 200 5665 "-" "Mozilla/5.0 (compatible; Baiduspider/2.0; +http://www.baidu.com/search/spider.html)" "www.saveaslave.com"
37.203.13.239 - - [30/Apr/2015:18:46:36 -0700] "GET /administrator/index.php HTTP/1.1" 404 89 "-" "Mozilla/5.0 (Windows NT 6.1; WOW64) AppleWebKit/537.36 (KHTML, like Gecko) Chrome/36.0.1985.125 Safari/537.36" "saveaslave.com"
217.69.133.85 - - [30/Apr/2015:18:49:03 -0700] "GET /robots.txt HTTP/1.1" 404 89 "-" "Mozilla/5.0 (compatible; Linux x86_64; Mail.RU_Bot/2.0; +http://go.mail.ru/help/robots)" "saveaslave.com"
217.69.133.215 - - [30/Apr/2015:18:49:05 -0700] "GET /site/?cat=128 HTTP/1.1" 404 89 "-" "Mozilla/5.0 (compatible; Linux x86_64; Mail.RU_Bot/2.0; +http://go.mail.ru/help/robots)" "saveaslave.com"
131.161.3.66 - - [30/Apr/2015:19:05:20 -0700] "GET /images/header.png HTTP/1.1" 200 84658 "http://saveaslave.com/" "Mozilla/5.0 (Windows NT 6.1; WOW64) AppleWebKit/537.36 (KHTML, like Gecko) Chrome/36.0.1985.143 Safari/537.36" "saveaslave.com"
131.161.3.66 - - [30/Apr/2015:19:05:20 -0700] "GET /images/sas_button.gif HTTP/1.1" 200 2628 "http://saveaslave.com/" "Mozilla/5.0 (Windows NT 6.1; WOW64) AppleWebKit/537.36 (KHTML, like Gecko) Chrome/36.0.1985.143 Safari/537.36" "saveaslave.com"
98.254.226.157 - - [30/Apr/2015:19:19:20 -0700] "GET /images/countrymap/bosnia-herzegovina.jpg HTTP/1.1" 200 42063 "-" "Mozilla/5.0 (iPhone; CPU iPhone OS 8_3 like Mac OS X) AppleWebKit/600.1.4 (KHTML, like Gecko) GSA/5.2.43972 Mobile/12F70 Safari/600.1.4" "www.saveaslave.com"
103.247.141.141 - - [30/Apr/2015:19:22:51 -0700] "GET /images/countrymap/solomon-islands.gif HTTP/1.1" 200 122217 "http://www.bing.com/images/search?q=Solomon+isalnds+map&view=detailv2&&&id=B5042FEDEBFFBB50BC59DEA7260ADA5DD2C3D434&selectedIndex=6&ccid=vNiavY%2bB&simid=608036214246015169&thid=JN.cdvC8OeYrlNuLNNAqA1oaQ&mode=overlay" "Mozilla/5.0 (Windows NT 6.1; WOW64; Trident/7.0; rv:11.0) like Gecko" "www.saveaslave.com"
207.46.13.126 - - [30/Apr/2015:19:30:34 -0700] "GET /zambia HTTP/1.1" 200 5677 "-" "Mozilla/5.0 (compatible; bingbot/2.0; +http://www.bing.com/bingbot.htm)" "www.saveaslave.com"
173.74.189.162 - - [30/Apr/2015:19:32:00 -0700] "GET /saudi-arabia.html HTTP/1.1" 200 5728 "http://www.google.com/url?sa=t&rct=j&q=&esrc=s&source=web&cd=10&ved=0CFoQFjAJ&url=http%3A%2F%2Fwww.saveaslave.com%2Fsaudi-arabia.html&ei=gOVCVfCmD4TWsAXAl4DgBQ&usg=AFQjCNGY5PSa7pBczYu1cdCBFL_i1g5obw&sig2=aTcqgXYirbV6NdC9-75M5A" "Mozilla/5.0 (Windows NT 6.1; WOW64; rv:37.0) Gecko/20100101 Firefox/37.0" "www.saveaslave.com"
173.74.189.162 - - [30/Apr/2015:19:32:00 -0700] "GET /css/style.css HTTP/1.1" 200 1400 "http://www.saveaslave.com/saudi-arabia.html" "Mozilla/5.0 (Windows NT 6.1; WOW64; rv:37.0) Gecko/20100101 Firefox/37.0" "www.saveaslave.com"
173.74.189.162 - - [30/Apr/2015:19:32:00 -0700] "GET /images/countrymap/saudi-arabia-flag.gif HTTP/1.1" 200 24432 "http://www.saveaslave.com/saudi-arabia.html" "Mozilla/5.0 (Windows NT 6.1; WOW64; rv:37.0) Gecko/20100101 Firefox/37.0" "www.saveaslave.com"
173.74.189.162 - - [30/Apr/2015:19:32:00 -0700] "GET /images/header.png HTTP/1.1" 200 84658 "http://www.saveaslave.com/saudi-arabia.html" "Mozilla/5.0 (Windows NT 6.1; WOW64; rv:37.0) Gecko/20100101 Firefox/37.0" "www.saveaslave.com"
173.74.189.162 - - [30/Apr/2015:19:32:02 -0700] "GET /favicon.ico HTTP/1.1" 404 89 "-" "Mozilla/5.0 (Windows NT 6.1; WOW64; rv:37.0) Gecko/20100101 Firefox/37.0" "www.saveaslave.com"
66.249.75.51 - - [30/Apr/2015:19:32:44 -0700] "GET /robots.txt HTTP/1.1" 404 89 "-" "Mozilla/5.0 (compatible; Googlebot/2.1; +http://www.google.com/bot.html)" "saveaslave.com"
173.74.189.162 - - [30/Apr/2015:19:50:26 -0700] "GET /css/style.css HTTP/1.1" 200 1400 "http://www.saveaslave.com/saudi-arabia.html" "Mozilla/5.0 (Windows NT 6.1; WOW64; rv:37.0) Gecko/20100101 Firefox/37.0" "www.saveaslave.com"
173.74.189.162 - - [30/Apr/2015:19:50:26 -0700] "GET /images/header.png HTTP/1.1" 200 84658 "http://www.saveaslave.com/saudi-arabia.html" "Mozilla/5.0 (Windows NT 6.1; WOW64; rv:37.0) Gecko/20100101 Firefox/37.0" "www.saveaslave.com"
173.74.189.162 - - [30/Apr/2015:19:50:26 -0700] "GET /images/countrymap/saudi-arabia.gif HTTP/1.1" 200 23631 "http://www.saveaslave.com/saudi-arabia.html" "Mozilla/5.0 (Windows NT 6.1; WOW64; rv:37.0) Gecko/20100101 Firefox/37.0" "www.saveaslave.com"
173.74.189.162 - - [30/Apr/2015:19:50:26 -0700] "GET /images/countrymap/saudi-arabia-flag.gif HTTP/1.1" 200 24432 "http://www.saveaslave.com/saudi-arabia.html" "Mozilla/5.0 (Windows NT 6.1; WOW64; rv:37.0) Gecko/20100101 Firefox/37.0" "www.saveaslave.com"
117.177.144.53 - - [30/Apr/2015:20:02:05 -0700] "GET /site/?p=2 HTTP/1.1" 404 89 "http://saveaslave.com/" "Mozilla/5.0 (Windows NT 6.1; WOW64) AppleWebKit/537.36 (KHTML, like Gecko) Iron/29.0.1600.1 Chrome/29.0.1600.1 Safari/537.36" "saveaslave.com"
68.203.82.63 - - [30/Apr/2015:20:19:33 -0700] "GET /images/countrymap/solomon-islands.gif HTTP/1.1" 200 122217 "-" "Mozilla/5.0 (Macintosh; Intel Mac OS X 10.9; rv:33.0) Gecko/20100101 Firefox/33.0" "www.saveaslave.com"
217.69.133.216 - - [30/Apr/2015:20:21:26 -0700] "GET /robots.txt HTTP/1.1" 404 89 "-" "Mozilla/5.0 (compatible; Linux x86_64; Mail.RU_Bot/2.0; +http://go.mail.ru/help/robots)" "saveaslave.com"
180.76.5.153 - - [30/Apr/2015:20:24:07 -0700] "GET /bhutan.html HTTP/1.1" 200 5651 "-" "Mozilla/5.0 (compatible; Baiduspider/2.0; +http://www.baidu.com/search/spider.html)" "www.saveaslave.com"
61.135.190.219 - - [30/Apr/2015:21:00:12 -0700] "GET / HTTP/1.1" 200 24277 "http://www.baidu.com/s?wd=SaveAslave-InformationAboutHumanTrafficking" "Mozilla/5.0 (Windows NT 6.1; WOW64) AppleWebKit/537.36 (KHTML, like Gecko) Chrome/36.0.1985.143 Safari/537.36" "www.saveaslave.com"
61.135.190.104 - - [30/Apr/2015:21:22:34 -0700] "GET / HTTP/1.1" 200 24277 "http://www.baidu.com/s?wd=SaveAslave-InformationAboutHumanTrafficking" "Mozilla/5.0 (Windows NT 6.1; WOW64) AppleWebKit/537.36 (KHTML, like Gecko) Chrome/36.0.1985.143 Safari/537.36" "www.saveaslave.com"
66.249.69.104 - - [30/Apr/2015:21:22:57 -0700] "GET /images/countrymap/iraq.jpg HTTP/1.1" 200 40607 "-" "Googlebot-Image/1.0" "www.saveaslave.com"
66.249.69.96 - - [30/Apr/2015:21:22:57 -0700] "GET /images/countrymap/iraq-flag.jpg HTTP/1.1" 200 1855 "-" "Googlebot-Image/1.0" "www.saveaslave.com"
106.38.241.106 - - [30/Apr/2015:21:26:20 -0700] "GET /robots.txt HTTP/1.1" 404 89 "-" "Sogou web spider/4.0(+http://www.sogou.com/docs/help/webmasters.htm#07)" "www.saveaslave.com"
106.38.241.106 - - [30/Apr/2015:21:26:26 -0700] "GET / HTTP/1.1" 200 24277 "-" "Mozilla/5.0 (X11; Linux x86_64) AppleWebKit/534.34 (KHTML, like Gecko) Qt/4.8.1 Safari/534.34" "www.saveaslave.com"
106.38.241.106 - - [30/Apr/2015:21:26:27 -0700] "GET /jquery-1.3.2.min.js HTTP/1.1" 304 - "http://www.saveaslave.com/" "Mozilla/5.0 (X11; Linux x86_64) AppleWebKit/534.34 (KHTML, like Gecko) Qt/4.8.1 Safari/534.34" "www.saveaslave.com"
106.38.241.106 - - [30/Apr/2015:21:26:27 -0700] "GET /jquery.marquee.js HTTP/1.1" 200 6560 "http://www.saveaslave.com/" "Mozilla/5.0 (X11; Linux x86_64) AppleWebKit/534.34 (KHTML, like Gecko) Qt/4.8.1 Safari/534.34" "www.saveaslave.com"
106.38.241.106 - - [30/Apr/2015:21:26:27 -0700] "GET /css/style.css HTTP/1.1" 304 - "http://www.saveaslave.com/" "Mozilla/5.0 (X11; Linux x86_64) AppleWebKit/534.34 (KHTML, like Gecko) Qt/4.8.1 Safari/534.34" "www.saveaslave.com"
106.38.241.106 - - [30/Apr/2015:21:26:27 -0700] "GET /images/header.png HTTP/1.1" 200 84658 "http://www.saveaslave.com/" "Mozilla/5.0 (X11; Linux x86_64) AppleWebKit/534.34 (KHTML, like Gecko) Qt/4.8.1 Safari/534.34" "www.saveaslave.com"
106.38.241.106 - - [30/Apr/2015:21:26:27 -0700] "GET /images/slaves.jpg HTTP/1.1" 200 64009 "http://www.saveaslave.com/" "Mozilla/5.0 (X11; Linux x86_64) AppleWebKit/534.34 (KHTML, like Gecko) Qt/4.8.1 Safari/534.34" "www.saveaslave.com"
106.38.241.106 - - [30/Apr/2015:21:26:27 -0700] "GET /images/sas_button.gif HTTP/1.1" 200 2628 "http://www.saveaslave.com/" "Mozilla/5.0 (X11; Linux x86_64) AppleWebKit/534.34 (KHTML, like Gecko) Qt/4.8.1 Safari/534.34" "www.saveaslave.com"
217.69.133.67 - - [30/Apr/2015:21:52:46 -0700] "GET /robots.txt HTTP/1.1" 404 89 "-" "Mozilla/5.0 (compatible; Linux x86_64; Mail.RU_Bot/2.0; +http://go.mail.ru/help/robots)" "saveaslave.com"
217.69.133.85 - - [30/Apr/2015:21:52:47 -0700] "GET /site/?cat=36 HTTP/1.1" 404 89 "-" "Mozilla/5.0 (compatible; Linux x86_64; Mail.RU_Bot/2.0; +http://go.mail.ru/help/robots)" "saveaslave.com"
66.249.69.96 - - [30/Apr/2015:21:56:41 -0700] "GET /images/countrymap/cameroon-flag.gif HTTP/1.1" 200 728 "-" "Googlebot-Image/1.0" "www.saveaslave.com"
66.249.69.112 - - [30/Apr/2015:21:56:47 -0700] "GET /images/countrymap/benin.jpg HTTP/1.1" 200 52411 "-" "Googlebot-Image/1.0" "www.saveaslave.com"
66.249.69.104 - - [30/Apr/2015:21:56:47 -0700] "GET /images/countrymap/azerbaijan.jpg HTTP/1.1" 200 45011 "-" "Googlebot-Image/1.0" "www.saveaslave.com"
66.249.69.104 - - [30/Apr/2015:21:56:50 -0700] "GET /images/countrymap/azerbaijan-flag.jpg HTTP/1.1" 200 2191 "-" "Googlebot-Image/1.0" "www.saveaslave.com"
66.249.69.104 - - [30/Apr/2015:21:56:54 -0700] "GET /images/countrymap/belgium-flag.jpg HTTP/1.1" 200 2546 "-" "Googlebot-Image/1.0" "www.saveaslave.com"
66.249.69.104 - - [30/Apr/2015:21:56:54 -0700] "GET /images/countrymap/cameroon.gif HTTP/1.1" 200 12199 "-" "Googlebot-Image/1.0" "www.saveaslave.com"
66.249.69.104 - - [30/Apr/2015:21:56:55 -0700] "GET /images/countrymap/belgium.gif HTTP/1.1" 200 15158 "-" "Googlebot-Image/1.0" "www.saveaslave.com"
100.43.90.8 - - [30/Apr/2015:22:07:22 -0700] "GET /robots.txt HTTP/1.1" 404 89 "-" "Mozilla/5.0 (compatible; YandexBot/3.0; +http://yandex.com/bots)" "saveaslave.com"
100.43.90.10 - - [30/Apr/2015:22:07:30 -0700] "GET /antigua-and-barbuda.html HTTP/1.1" 200 2512 "-" "Mozilla/5.0 (compatible; YandexBot/3.0; +http://yandex.com/bots)" "saveaslave.com"
123.30.175.159 - - [30/Apr/2015:22:29:13 -0700] "GET /robots.txt HTTP/1.1" 404 89 "-" "Mozilla/5.0 (compatible; coccoc/1.0; +http://help.coccoc.com/)" "www.saveaslave.com"
123.30.175.163 - - [30/Apr/2015:22:29:19 -0700] "GET /articles/moder... HTTP/1.1" 404 89 "-" "Mozilla/5.0 (compatible; coccoc/1.0; +http://help.coccoc.com/)" "www.saveaslave.com"
123.30.175.164 - - [30/Apr/2015:22:29:38 -0700] "GET /robots.txt HTTP/1.1" 404 89 "-" "Mozilla/5.0 (compatible; coccoc/1.0; +http://help.coccoc.com/)" "saveaslave.com"
123.30.175.161 - - [30/Apr/2015:22:29:44 -0700] "GET / HTTP/1.1" 200 24277 "-" "Mozilla/5.0 (compatible; coccoc/1.0; +http://help.coccoc.com/)" "saveaslave.com"
174.31.18.86 - - [30/Apr/2015:22:33:11 -0700] "GET /images/countrymap/bosnia-herzegovina.jpg HTTP/1.1" 200 42063 "https://www.google.com/" "Mozilla/5.0 (Windows NT 6.3; WOW64) AppleWebKit/537.36 (KHTML, like Gecko) Chrome/42.0.2311.90 Safari/537.36" "www.saveaslave.com"
198.199.71.16 - - [30/Apr/2015:22:50:43 -0700] "GET / HTTP/1.1" 200 24277 "-" "Mozilla/5.0 (Macintosh; Intel Mac OS X 10.9; rv:29.0) Gecko/20100101 Firefox/29.0" "saveaslave.com"
198.199.71.16 - - [30/Apr/2015:22:50:43 -0700] "GET /jquery.marquee.js HTTP/1.1" 200 6560 "http://saveaslave.com/" "Mozilla/5.0 (Macintosh; Intel Mac OS X 10.9; rv:29.0) Gecko/20100101 Firefox/29.0" "saveaslave.com"
198.199.71.16 - - [30/Apr/2015:22:50:43 -0700] "GET /jquery-1.3.2.min.js HTTP/1.1" 200 57254 "http://saveaslave.com/" "Mozilla/5.0 (Macintosh; Intel Mac OS X 10.9; rv:29.0) Gecko/20100101 Firefox/29.0" "saveaslave.com"
198.199.71.16 - - [30/Apr/2015:22:51:00 -0700] "GET /paypalbutton.html HTTP/1.1" 200 2962 "http://saveaslave.com" "Mozilla/5.0 (Windows NT 6.1; WOW64; rv:29.0) Gecko/20100101 Firefox/29.0" "saveaslave.com"
198.199.71.16 - - [30/Apr/2015:22:51:01 -0700] "GET /democratic-republic-of-congo.html HTTP/1.1" 200 5844 "http://saveaslave.com" "Mozilla/5.0 (Macintosh; Intel Mac OS X 10.9; rv:29.0) Gecko/20100101 Firefox/29.0" "saveaslave.com"
198.199.71.16 - - [30/Apr/2015:22:51:01 -0700] "GET /whoweare.html HTTP/1.1" 200 11993 "http://saveaslave.com" "Mozilla/5.0 (compatible; MSIE 9.0; Windows NT 6.1; WOW64; Trident/5.0)" "saveaslave.com"
198.199.71.16 - - [30/Apr/2015:22:51:01 -0700] "GET /resources.html HTTP/1.1" 200 14780 "http://saveaslave.com" "Mozilla/5.0 (compatible; MSIE 10.0; Windows NT 6.1; WOW64; Trident/6.0)" "saveaslave.com"
198.199.71.16 - - [30/Apr/2015:22:51:01 -0700] "GET /afghanistan.html HTTP/1.1" 200 5683 "http://saveaslave.com" "Mozilla/5.0 (Macintosh; Intel Mac OS X 10_9_3) AppleWebKit/537.36 (KHTML, like Gecko) Chrome/35.0.1916.114 Safari/537.36" "saveaslave.com"
198.199.71.16 - - [30/Apr/2015:22:51:01 -0700] "GET /angola.html HTTP/1.1" 200 5617 "http://saveaslave.com" "Mozilla/5.0 (Windows NT 6.1; rv:28.0) Gecko/20100101 Firefox/28.0" "saveaslave.com"
198.199.71.16 - - [30/Apr/2015:22:51:01 -0700] "GET /index.html HTTP/1.1" 200 24655 "http://saveaslave.com" "Mozilla/5.0 (Windows NT 6.1; WOW64) AppleWebKit/537.36 (KHTML, like Gecko) Chrome/34.0.1847.137 Safari/537.36" "saveaslave.com"
198.199.71.16 - - [30/Apr/2015:22:51:01 -0700] "GET /albania.html HTTP/1.1" 200 6060 "http://saveaslave.com" "Mozilla/5.0 (Macintosh; Intel Mac OS X 10_9_2) AppleWebKit/537.75.14 (KHTML, like Gecko) Version/7.0.3 Safari/537.75.14" "saveaslave.com"
198.199.71.16 - - [30/Apr/2015:22:51:01 -0700] "GET /andorra.html HTTP/1.1" 200 5625 "http://saveaslave.com" "Mozilla/5.0 (Windows NT 6.3; WOW64) AppleWebKit/537.36 (KHTML, like Gecko) Chrome/34.0.1847.131 Safari/537.36" "saveaslave.com"
157.55.39.51 - - [30/Apr/2015:22:58:25 -0700] "GET /angola HTTP/1.1" 200 5617 "-" "msnbot-media/1.1 (+http://search.msn.com/msnbot.htm)" "www.saveaslave.com"
5.108.148.57 - - [30/Apr/2015:23:01:45 -0700] "GET /images/slaves.jpg HTTP/1.1" 200 64009 "-" "Mozilla/5.0 (Windows NT 6.1; Trident/7.0; rv:11.0) like Gecko" "www.saveaslave.com"
64.233.173.234 - - [30/Apr/2015:23:24:52 -0700] "GET /images/countrymap/armenia.jpg HTTP/1.1" 200 45458 "-" "Mozilla/5.0 (Windows NT 5.1; rv:11.0) Gecko Firefox/11.0 (via ggpht.com GoogleImageProxy)" "www.saveaslave.com"
87.162.73.94 - - [30/Apr/2015:23:28:48 -0700] "GET /images/countrymap/solomon-islands.gif HTTP/1.1" 200 122217 "http://www.bing.com/images/search?q=Solomon+Islands&view=detailv2&&qpvt=Solomon+Islands&id=AAC622577D0F065F4542A080B1C092BA5B2D9D96&selectedIndex=12&ccid=P8UBMTeM&simid=608002769339746961&thid=JN.wPS8zcnnuzog%2bevKltaw%2bg&mode=overlay" "Mozilla/5.0 (Macintosh; Intel Mac OS X 10_9_5) AppleWebKit/600.5.17 (KHTML, like Gecko) Version/7.1.5 Safari/537.85.14" "www.saveaslave.com"
180.76.5.23 - - [30/Apr/2015:23:45:27 -0700] "GET /san-marino.html HTTP/1.1" 200 5710 "-" "Mozilla/5.0 (compatible; Baiduspider/2.0; +http://www.baidu.com/search/spider.html)" "www.saveaslave.com"
94.153.8.126 - - [30/Apr/2015:23:46:18 -0700] "GET /xmlrpc.php?rsd HTTP/1.1" 200 73 "-" "Mozilla/5.0 (Windows NT 6.3; WOW64; rv:36.0) Gecko/20100101 Firefox/36.0" "www.saveaslave.com"
94.153.8.126 - - [30/Apr/2015:23:46:18 -0700] "GET / HTTP/1.1" 200 24277 "-" "Mozilla/5.0 (Windows NT 6.3; WOW64; rv:36.0) Gecko/20100101 Firefox/36.0" "www.saveaslave.com"
46.229.164.111 - - [30/Apr/2015:23:50:53 -0700] "GET /comoros.html HTTP/1.1" 200 5668 "-" "Mozilla/5.0 (compatible; SemrushBot/0.98~bl; +http://www.semrush.com/bot.html)" "saveaslave.com"
88.201.43.181 - - [30/Apr/2015:23:51:32 -0700] "GET /images/countrymap/bosnia-herzegovina.jpg HTTP/1.1" 200 42063 "-" "Mozilla/5.0 (Linux; U; Android 4.1.2; en-gb; GT-N7100 Build/JZO54K) AppleWebKit/534.30 (KHTML, like Gecko) Version/4.0 Mobile Safari/534.30" "www.saveaslave.com"
104.211.2.128 - - [30/Apr/2015:23:54:55 -0700] "HEAD / HTTP/1.1" 200 0 "-" "Xenu Link Sleuth/1.3.8" "www.saveaslave.com"
99.73.88.177 - - [30/Apr/2015:23:56:46 -0700] "GET /images/sas_button.gif HTTP/1.1" 200 2628 "http://dudamobile.saveaslave.com/" "Mozilla/5.0 (Linux; Android 4.0.4; LG-MS770 Build/IMM76I) AppleWebKit/537.36 (KHTML, like Gecko) Chrome/42.0.2311.111 Mobile Safari/537.36" "saveaslave.com"
54.243.48.119 - - [30/Apr/2015:23:57:26 -0700] "GET /united-states.html HTTP/1.1" 200 6008 "-" "Mozilla/5.0 (Windows; U; Windows NT 5.1; en-US; rv:1.9.2.8) Gecko/20100722 Firefox/3.6.8" "saveaslave.com"
99.73.88.177 - - [30/Apr/2015:23:57:29 -0700] "GET /images/header.png HTTP/1.1" 200 84658 "http://dudamobile.saveaslave.com/" "Mozilla/5.0 (Linux; Android 4.0.4; LG-MS770 Build/IMM76I) AppleWebKit/537.36 (KHTML, like Gecko) Chrome/42.0.2311.111 Mobile Safari/537.36" "saveaslave.com"
99.73.88.177 - - [30/Apr/2015:23:57:29 -0700] "GET /images/countrymap/united-states-flag.gif HTTP/1.1" 200 26972 "http://dudamobile.saveaslave.com/" "Mozilla/5.0 (Linux; Android 4.0.4; LG-MS770 Build/IMM76I) AppleWebKit/537.36 (KHTML, like Gecko) Chrome/42.0.2311.111 Mobile Safari/537.36" "saveaslave.com"
217.69.133.85 - - [01/May/2015:00:23:20 -0700] "GET /site/?cat=218 HTTP/1.1" 404 89 "-" "Mozilla/5.0 (compatible; Linux x86_64; Mail.RU_Bot/2.0; +http://go.mail.ru/help/robots)" "saveaslave.com"
202.144.134.242 - - [01/May/2015:00:29:18 -0700] "GET /bhutan.html HTTP/1.1" 200 5651 "http://www.google.bt/url?sa=t&rct=j&q=&esrc=s&source=web&cd=22&ved=0CCUQFjABOBQ&url=http%3A%2F%2Fwww.saveaslave.com%2Fbhutan.html&ei=5ypDVfCnC4TmarudgMAN&usg=AFQjCNEYe62sh_flUg9p3A2QJoskefJt0A&sig2=NWsq2RfeaGGUSDBqcqxYxg&bvm=bv.92291466,bs.1,d.d24" "Mozilla/5.0 (Windows NT 6.1; WOW64; Trident/7.0; rv:11.0) like Gecko" "www.saveaslave.com"
202.144.134.242 - - [01/May/2015:00:29:19 -0700] "GET /images/countrymap/bhutan-flag.jpg HTTP/1.1" 200 2694 "http://www.saveaslave.com/bhutan.html" "Mozilla/5.0 (Windows NT 6.1; WOW64; Trident/7.0; rv:11.0) like Gecko" "www.saveaslave.com"
202.144.134.242 - - [01/May/2015:00:29:24 -0700] "GET /favicon.ico HTTP/1.1" 404 89 "-" "Mozilla/5.0 (Windows NT 6.1; WOW64; Trident/7.0; rv:11.0) like Gecko" "www.saveaslave.com"
157.55.39.191 - - [01/May/2015:00:33:14 -0700] "GET /robots.txt HTTP/1.1" 404 89 "-" "Mozilla/5.0 (compatible; bingbot/2.0; +http://www.bing.com/bingbot.htm)" "www.saveaslave.com"
91.200.12.9 - - [01/May/2015:00:39:53 -0700] "GET / HTTP/1.1" 200 24277 "http://saveaslave.com/" "Mozilla/5.0 (Windows NT 6.3) AppleWebKit/537.36 (KHTML, like Gecko) Chrome/39.0.2171.71 Safari/537.36" "saveaslave.com"
46.229.164.113 - - [01/May/2015:00:39:53 -0700] "GET /benin.html HTTP/1.1" 200 5639 "-" "Mozilla/5.0 (compatible; SemrushBot/0.98~bl; +http://www.semrush.com/bot.html)" "saveaslave.com"
77.31.238.154 - - [01/May/2015:00:45:47 -0700] "GET /images/countrymap/bosnia-herzegovina.jpg HTTP/1.1" 200 42063 "-" "Mozilla/5.0 (BB10; Kbd) AppleWebKit/537.35+ (KHTML, like Gecko) Version/10.3.1.2576 Mobile Safari/537.35+" "www.saveaslave.com"
217.69.133.218 - - [01/May/2015:01:53:38 -0700] "GET /site/?cat=201 HTTP/1.1" 404 89 "-" "Mozilla/5.0 (compatible; Linux x86_64; Mail.RU_Bot/2.0; +http://go.mail.ru/help/robots)" "saveaslave.com"
217.69.133.84 - - [01/May/2015:01:53:39 -0700] "GET /site/?cat=178 HTTP/1.1" 404 89 "-" "Mozilla/5.0 (compatible; Linux x86_64; Mail.RU_Bot/2.0; +http://go.mail.ru/help/robots)" "saveaslave.com"
217.69.133.218 - - [01/May/2015:01:53:41 -0700] "GET /site/?cat=221 HTTP/1.1" 404 89 "-" "Mozilla/5.0 (compatible; Linux x86_64; Mail.RU_Bot/2.0; +http://go.mail.ru/help/robots)" "saveaslave.com"
46.229.164.111 - - [01/May/2015:02:17:14 -0700] "GET /saint-barthelemy.html HTTP/1.1" 200 5764 "-" "Mozilla/5.0 (compatible; SemrushBot/0.98~bl; +http://www.semrush.com/bot.html)" "saveaslave.com"
46.229.164.111 - - [01/May/2015:02:17:15 -0700] "GET /philippines.html HTTP/1.1" 200 5719 "-" "Mozilla/5.0 (compatible; SemrushBot/0.98~bl; +http://www.semrush.com/bot.html)" "www.saveaslave.com"
217.69.133.216 - - [01/May/2015:02:24:58 -0700] "GET /robots.txt HTTP/1.1" 404 89 "-" "Mozilla/5.0 (compatible; Linux x86_64; Mail.RU_Bot/2.0; +http://go.mail.ru/help/robots)" "saveaslave.com"
217.69.133.67 - - [01/May/2015:02:24:59 -0700] "GET /site/?cat=143 HTTP/1.1" 404 89 "-" "Mozilla/5.0 (compatible; Linux x86_64; Mail.RU_Bot/2.0; +http://go.mail.ru/help/robots)" "saveaslave.com"
46.229.164.113 - - [01/May/2015:02:51:49 -0700] "GET /netherlands-antilles.html HTTP/1.1" 200 5800 "-" "Mozilla/5.0 (compatible; SemrushBot/0.98~bl; +http://www.semrush.com/bot.html)" "www.saveaslave.com"
188.165.15.97 - - [01/May/2015:02:57:17 -0700] "GET /robots.txt HTTP/1.1" 404 89 "-" "Mozilla/5.0 (compatible; AhrefsBot/5.0; +http://ahrefs.com/robot/)" "saveaslave.com"
188.165.15.183 - - [01/May/2015:03:01:20 -0700] "GET /dominican-republic.html HTTP/1.1" 200 5756 "-" "Mozilla/5.0 (compatible; AhrefsBot/5.0; +http://ahrefs.com/robot/)" "saveaslave.com"
46.229.164.102 - - [01/May/2015:03:08:28 -0700] "GET /mauritania.html HTTP/1.1" 200 5710 "-" "Mozilla/5.0 (compatible; SemrushBot/0.98~bl; +http://www.semrush.com/bot.html)" "www.saveaslave.com"
157.55.39.160 - - [01/May/2015:03:16:14 -0700] "GET /maldives HTTP/1.1" 200 5692 "-" "msnbot-media/1.1 (+http://search.msn.com/msnbot.htm)" "www.saveaslave.com"
180.76.5.61 - - [01/May/2015:03:19:35 -0700] "GET /resources.html HTTP/1.1" 200 14780 "-" "Mozilla/5.0 (compatible; Baiduspider/2.0; +http://www.baidu.com/search/spider.html)" "www.saveaslave.com"
46.229.164.114 - - [01/May/2015:03:31:12 -0700] "GET /laos.html HTTP/1.1" 200 5856 "-" "Mozilla/5.0 (compatible; SemrushBot/0.98~bl; +http://www.semrush.com/bot.html)" "saveaslave.com"
46.229.164.114 - - [01/May/2015:03:31:15 -0700] "GET /svalbard.html HTTP/1.1" 200 5695 "-" "Mozilla/5.0 (compatible; SemrushBot/0.98~bl; +http://www.semrush.com/bot.html)" "www.saveaslave.com"
46.229.164.99 - - [01/May/2015:03:42:04 -0700] "GET /macedonia.html HTTP/1.1" 200 5701 "-" "Mozilla/5.0 (compatible; SemrushBot/0.98~bl; +http://www.semrush.com/bot.html)" "www.saveaslave.com"
46.229.164.99 - - [01/May/2015:03:42:11 -0700] "GET /tuvalu.html HTTP/1.1" 200 5677 "-" "Mozilla/5.0 (compatible; SemrushBot/0.98~bl; +http://www.semrush.com/bot.html)" "saveaslave.com"
81.156.9.205 - - [01/May/2015:03:50:15 -0700] "GET /jquery-1.3.2.min.js HTTP/1.1" 200 57254 "http://www.saveaslave.com/" "Mozilla/5.0 (iPad; CPU OS 8_1_3 like Mac OS X) AppleWebKit/600.1.4 (KHTML, like Gecko) Version/8.0 Mobile/12B466 Safari/600.1.4" "www.saveaslave.com"
81.156.9.205 - - [01/May/2015:03:50:15 -0700] "GET /css/style.css HTTP/1.1" 200 1400 "http://www.saveaslave.com/" "Mozilla/5.0 (iPad; CPU OS 8_1_3 like Mac OS X) AppleWebKit/600.1.4 (KHTML, like Gecko) Version/8.0 Mobile/12B466 Safari/600.1.4" "www.saveaslave.com"
81.156.9.205 - - [01/May/2015:03:50:15 -0700] "GET /images/header.png HTTP/1.1" 200 84658 "http://www.saveaslave.com/" "Mozilla/5.0 (iPad; CPU OS 8_1_3 like Mac OS X) AppleWebKit/600.1.4 (KHTML, like Gecko) Version/8.0 Mobile/12B466 Safari/600.1.4" "www.saveaslave.com"
81.156.9.205 - - [01/May/2015:03:50:15 -0700] "GET /images/slaves.jpg HTTP/1.1" 200 64009 "http://www.saveaslave.com/" "Mozilla/5.0 (iPad; CPU OS 8_1_3 like Mac OS X) AppleWebKit/600.1.4 (KHTML, like Gecko) Version/8.0 Mobile/12B466 Safari/600.1.4" "www.saveaslave.com"
81.156.9.205 - - [01/May/2015:03:50:15 -0700] "GET /images/sas_button.gif HTTP/1.1" 200 2628 "http://www.saveaslave.com/" "Mozilla/5.0 (iPad; CPU OS 8_1_3 like Mac OS X) AppleWebKit/600.1.4 (KHTML, like Gecko) Version/8.0 Mobile/12B466 Safari/600.1.4" "www.saveaslave.com"
157.55.39.160 - - [01/May/2015:03:50:41 -0700] "GET /cameroon HTTP/1.1" 200 5666 "-" "msnbot-media/1.1 (+http://search.msn.com/msnbot.htm)" "www.saveaslave.com"
46.229.164.113 - - [01/May/2015:03:53:40 -0700] "GET /mozambique.html HTTP/1.1" 200 5710 "-" "Mozilla/5.0 (compatible; SemrushBot/0.98~bl; +http://www.semrush.com/bot.html)" "www.saveaslave.com"
217.69.133.252 - - [01/May/2015:04:04:00 -0700] "GET /robots.txt HTTP/1.1" 404 89 "-" "Mozilla/5.0 (compatible; Linux x86_64; Mail.RU_Bot/2.0; +http://go.mail.ru/help/robots)" "www.saveaslave.com"
217.69.133.21 - - [01/May/2015:04:04:01 -0700] "GET /westbank.html HTTP/1.1" 404 89 "-" "Mozilla/5.0 (compatible; Linux x86_64; Mail.RU_Bot/2.0; +http://go.mail.ru/help/robots)" "www.saveaslave.com"
46.229.164.99 - - [01/May/2015:04:06:58 -0700] "GET /saint-lucia.html HTTP/1.1" 200 5719 "-" "Mozilla/5.0 (compatible; SemrushBot/0.98~bl; +http://www.semrush.com/bot.html)" "www.saveaslave.com"
46.229.164.99 - - [01/May/2015:04:07:07 -0700] "GET /saudi-arabia.html HTTP/1.1" 200 5728 "-" "Mozilla/5.0 (compatible; SemrushBot/0.98~bl; +http://www.semrush.com/bot.html)" "saveaslave.com"
66.249.69.96 - - [01/May/2015:04:43:06 -0700] "GET /robots.txt HTTP/1.1" 404 89 "-" "Mozilla/5.0 (compatible; Googlebot/2.1; +http://www.google.com/bot.html)" "www.saveaslave.com"
66.249.69.112 - - [01/May/2015:04:43:06 -0700] "GET /images/countrymap/south-sudan-flag.gif HTTP/1.1" 200 15053 "-" "Googlebot-Image/1.0" "www.saveaslave.com"
66.249.69.112 - - [01/May/2015:04:43:08 -0700] "GET /images/countrymap/sri-lanka.gif HTTP/1.1" 200 16468 "-" "Googlebot-Image/1.0" "www.saveaslave.com"
66.249.69.104 - - [01/May/2015:04:43:08 -0700] "GET /images/countrymap/sri-lanka-flag.gif HTTP/1.1" 200 36332 "-" "Googlebot-Image/1.0" "www.saveaslave.com"
66.249.81.133 - - [01/May/2015:04:44:41 -0700] "GET / HTTP/1.1" 200 24277 "-" "Mozilla/5.0 (Windows NT 6.1; rv:6.0) Gecko/20110814 Firefox/6.0 Google favicon" "saveaslave.com"
66.249.81.133 - - [01/May/2015:04:44:42 -0700] "GET /favicon.ico HTTP/1.1" 404 89 "-" "Mozilla/5.0 (Windows NT 6.1; rv:6.0) Gecko/20110814 Firefox/6.0 Google favicon" "saveaslave.com"
217.69.133.217 - - [01/May/2015:04:56:28 -0700] "GET /site/?cat=184 HTTP/1.1" 404 89 "-" "Mozilla/5.0 (compatible; Linux x86_64; Mail.RU_Bot/2.0; +http://go.mail.ru/help/robots)" "saveaslave.com"
217.69.133.67 - - [01/May/2015:04:56:29 -0700] "GET /site/?cat=117 HTTP/1.1" 404 89 "-" "Mozilla/5.0 (compatible; Linux x86_64; Mail.RU_Bot/2.0; +http://go.mail.ru/help/robots)" "saveaslave.com"
66.249.69.104 - - [01/May/2015:04:58:33 -0700] "GET /images/countrymap/israel-flag.gif HTTP/1.1" 200 15027 "-" "Googlebot-Image/1.0" "www.saveaslave.com"
66.249.69.112 - - [01/May/2015:04:58:33 -0700] "GET /images/countrymap/israel.gif HTTP/1.1" 200 43744 "-" "Googlebot-Image/1.0" "www.saveaslave.com"
66.249.69.96 - - [01/May/2015:04:58:41 -0700] "GET /images/countrymap/kenya-flag.gif HTTP/1.1" 200 14191 "-" "Googlebot-Image/1.0" "www.saveaslave.com"
65.182.127.5 - - [01/May/2015:05:15:33 -0700] "GET /images/countrymap/paraguay.jpg HTTP/1.1" 200 19850 "http://www.google.com/blank.html" "Mozilla/5.0 (X11; CrOS x86_64 6812.75.2) AppleWebKit/537.36 (KHTML, like Gecko) Chrome/42.0.2311.87 Safari/537.36" "www.saveaslave.com"
107.188.22.4 - - [01/May/2015:05:22:24 -0700] "GET /images/countrymap/solomon-islands.gif HTTP/1.1" 200 122217 "https://www.google.com/" "Mozilla/5.0 (Linux; Android 4.4.2; en-us; SAMSUNG SM-T530NU Build/KOT49H) AppleWebKit/537.36 (KHTML, like Gecko) Version/1.5 Chrome/28.0.1500.94 Safari/537.36" "www.saveaslave.com"
217.69.133.216 - - [01/May/2015:05:28:43 -0700] "GET /robots.txt HTTP/1.1" 404 89 "-" "Mozilla/5.0 (compatible; Linux x86_64; Mail.RU_Bot/2.0; +http://go.mail.ru/help/robots)" "saveaslave.com"
217.69.133.67 - - [01/May/2015:05:28:44 -0700] "GET /site/?cat=144 HTTP/1.1" 404 89 "-" "Mozilla/5.0 (compatible; Linux x86_64; Mail.RU_Bot/2.0; +http://go.mail.ru/help/robots)" "saveaslave.com"
66.249.69.112 - - [01/May/2015:05:46:19 -0700] "GET /images/countrymap/uruguay-flag.gif HTTP/1.1" 200 2049 "-" "Googlebot-Image/1.0" "www.saveaslave.com"
66.249.69.112 - - [01/May/2015:05:46:31 -0700] "GET /images/countrymap/uruguay.jpg HTTP/1.1" 200 21772 "-" "Googlebot-Image/1.0" "www.saveaslave.com"
46.229.164.102 - - [01/May/2015:06:23:09 -0700] "GET /chad.html HTTP/1.1" 200 5641 "-" "Mozilla/5.0 (compatible; SemrushBot/0.98~bl; +http://www.semrush.com/bot.html)" "www.saveaslave.com"
46.229.164.102 - - [01/May/2015:06:23:10 -0700] "GET /togo.html HTTP/1.1" 200 5659 "-" "Mozilla/5.0 (compatible; SemrushBot/0.98~bl; +http://www.semrush.com/bot.html)" "saveaslave.com"
77.66.121.236 - - [01/May/2015:06:31:39 -0700] "GET /robots.txt HTTP/1.1" 404 89 "-" "Mozilla/5.0 (compatible; Findxbot/1.0; +http://www.findxbot.com)" "www.saveaslave.com"
77.66.121.236 - - [01/May/2015:06:31:39 -0700] "GET / HTTP/1.1" 200 24277 "-" "Mozilla/5.0 (compatible; Findxbot/1.0; +http://www.findxbot.com)" "www.saveaslave.com"
199.21.99.204 - - [01/May/2015:06:41:43 -0700] "GET /robots.txt HTTP/1.1" 404 89 "-" "Mozilla/5.0 (compatible; YandexBot/3.0; +http://yandex.com/bots)" "saveaslave.com"
46.229.164.113 - - [01/May/2015:06:44:05 -0700] "GET /libya.html HTTP/1.1" 200 5665 "-" "Mozilla/5.0 (compatible; SemrushBot/0.98~bl; +http://www.semrush.com/bot.html)" "www.saveaslave.com"
94.227.4.71 - - [01/May/2015:06:46:33 -0700] "GET /favicon.ico HTTP/1.1" 404 89 "http://www.saveaslave.com/samoa.html" "Mozilla/5.0 (Macintosh; Intel Mac OS X 10_10_2) AppleWebKit/600.3.18 (KHTML, like Gecko) Version/8.0.3 Safari/600.3.18" "www.saveaslave.com"
94.227.4.71 - - [01/May/2015:06:46:33 -0700] "GET /apple-touch-icon-precomposed.png HTTP/1.1" 404 89 "-" "com.apple.WebKit.WebContent/10600.3.18 CFNetwork/720.2.4 Darwin/14.1.0 (x86_64)" "www.saveaslave.com"
94.227.4.71 - - [01/May/2015:06:46:33 -0700] "GET /apple-touch-icon.png HTTP/1.1" 404 89 "-" "com.apple.WebKit.WebContent/10600.3.18 CFNetwork/720.2.4 Darwin/14.1.0 (x86_64)" "www.saveaslave.com"
66.249.69.104 - - [01/May/2015:06:50:15 -0700] "GET /images/countrymap/slovenia.gif HTTP/1.1" 200 13091 "-" "Googlebot-Image/1.0" "www.saveaslave.com"
66.249.69.96 - - [01/May/2015:06:50:47 -0700] "GET /images/countrymap/slovenia-flag.gif HTTP/1.1" 200 14829 "-" "Googlebot-Image/1.0" "www.saveaslave.com"
46.229.164.111 - - [01/May/2015:06:54:22 -0700] "GET /tajikistan.html HTTP/1.1" 200 5713 "-" "Mozilla/5.0 (compatible; SemrushBot/0.98~bl; +http://www.semrush.com/bot.html)" "www.saveaslave.com"
178.255.215.78 - - [01/May/2015:06:58:34 -0700] "GET /robots.txt HTTP/1.1" 404 89 "-" "Mozilla/5.0 (compatible; Exabot/3.0; +http://www.exabot.com/go/robot)" "saveaslave.com"
178.255.215.78 - - [01/May/2015:06:58:35 -0700] "GET /algeria.html HTTP/1.1" 200 5626 "-" "Mozilla/5.0 (compatible; Exabot/3.0; +http://www.exabot.com/go/robot)" "saveaslave.com"
217.69.133.216 - - [01/May/2015:06:59:57 -0700] "GET /robots.txt HTTP/1.1" 404 89 "-" "Mozilla/5.0 (compatible; Linux x86_64; Mail.RU_Bot/2.0; +http://go.mail.ru/help/robots)" "saveaslave.com"
61.135.190.219 - - [01/May/2015:07:00:02 -0700] "GET /jquery-1.3.2.min.js HTTP/1.1" 200 57254 "http://www.saveaslave.com/" "Mozilla/5.0 (Windows NT 6.1; WOW64) AppleWebKit/537.36 (KHTML, like Gecko) Chrome/36.0.1985.143 Safari/537.36" "www.saveaslave.com"
46.229.164.111 - - [01/May/2015:07:03:34 -0700] "GET /northern-mariana-islands.html HTTP/1.1" 200 5836 "-" "Mozilla/5.0 (compatible; SemrushBot/0.98~bl; +http://www.semrush.com/bot.html)" "www.saveaslave.com"
46.229.164.111 - - [01/May/2015:07:03:51 -0700] "GET /suriname.html HTTP/1.1" 200 5695 "-" "Mozilla/5.0 (compatible; SemrushBot/0.98~bl; +http://www.semrush.com/bot.html)" "saveaslave.com"
217.69.133.248 - - [01/May/2015:07:06:55 -0700] "GET /burkinafaso.html HTTP/1.1" 404 89 "-" "Mozilla/5.0 (compatible; Linux x86_64; Mail.RU_Bot/2.0; +http://go.mail.ru/help/robots)" "www.saveaslave.com"
46.229.164.111 - - [01/May/2015:07:12:08 -0700] "GET /palau.html HTTP/1.1" 200 5665 "-" "Mozilla/5.0 (compatible; SemrushBot/0.98~bl; +http://www.semrush.com/bot.html)" "www.saveaslave.com"
46.229.164.111 - - [01/May/2015:07:12:32 -0700] "GET /uzbekistan.html HTTP/1.1" 200 5713 "-" "Mozilla/5.0 (compatible; SemrushBot/0.98~bl; +http://www.semrush.com/bot.html)" "saveaslave.com"
46.229.164.114 - - [01/May/2015:07:20:34 -0700] "GET /bangladesh.html HTTP/1.1" 200 5664 "-" "Mozilla/5.0 (compatible; SemrushBot/0.98~bl; +http://www.semrush.com/bot.html)" "saveaslave.com"
46.229.164.114 - - [01/May/2015:07:20:45 -0700] "GET /azerbaijan.html HTTP/1.1" 200 5617 "-" "Mozilla/5.0 (compatible; SemrushBot/0.98~bl; +http://www.semrush.com/bot.html)" "www.saveaslave.com"
65.36.241.48 - - [01/May/2015:07:23:21 -0700] "HEAD / HTTP/1.1" 200 0 "-" "InternetSeer.com" "www.saveaslave.com"
46.229.164.102 - - [01/May/2015:07:31:19 -0700] "GET /new-caledonia.html HTTP/1.1" 200 5737 "-" "Mozilla/5.0 (compatible; SemrushBot/0.98~bl; +http://www.semrush.com/bot.html)" "www.saveaslave.com"
100.43.91.14 - - [01/May/2015:07:32:59 -0700] "GET /benin.html HTTP/1.1" 200 5639 "-" "Mozilla/5.0 (compatible; YandexBot/3.0; +http://yandex.com/bots)" "saveaslave.com"
46.229.164.114 - - [01/May/2015:07:47:44 -0700] "GET /svalbard.html HTTP/1.1" 200 5695 "-" "Mozilla/5.0 (compatible; SemrushBot/0.98~bl; +http://www.semrush.com/bot.html)" "saveaslave.com"
100.43.91.28 - - [01/May/2015:07:50:05 -0700] "GET /haiti.html HTTP/1.1" 200 2495 "-" "Mozilla/5.0 (compatible; YandexBot/3.0; +http://yandex.com/bots)" "saveaslave.com"
216.228.112.22 - - [01/May/2015:07:54:06 -0700] "GET /images/countrymap/solomon-islands.gif HTTP/1.1" 200 122217 "http://us.yhs4.search.yahoo.com/yhs/search?hspart=iry&hsimp=yhs-fullyhosted_003&type=ast_ir_14_37_ie&param1=1&param2=cd%3D2XzuyEtN2Y1L1Qzu0CzzyCtDtDtDtDtC0D0Fzy0FtCtA0E0CtN0D0Tzu0SzyzzyDtN1L2XzutAtFtBtFtCtFyCtN1L1CzutCyEtBzytDyD1V1StN1L1G1B1V1N2Y1L1Qzu2SyD0CyBzzzy0DtA0CtG0AtB0A0CtG0EtB0D0BtG0DtA0E0CtGyEtAyCyEzy0EtA0A0Fzz0C0A2QtN1M1F1B2Z1V1N2Y1L1Qzu2SzztD0B0DtBtDzztAtGyE0FtBtCtGyE0FtCyBtGzz0D0EtAtG0DzyyCzz0DzytB0FtB0EtByE2Q%26cr%3D1610288373%26a%3Dast_ir_14_37_ie%26uref%3D308%26f%3D4%26cat%3Dweb%26sid%3D90fc96fd1a983f6514990ed6a21ff8c4%26sesid%3D175edfbc1dc71330a0cf96da476c5a81%26ip%3D216.228.112.22%26b%3DChrome%26bv%3D42.0.2311.90%26os%3DWindows%2B7%26pa%3Dastromenda&p=WWW.SOLOMOMISLAND" "Mozilla/5.0 (Windows NT 6.1; WOW64) AppleWebKit/537.36 (KHTML, like Gecko) Chrome/42.0.2311.90 Safari/537.36" "www.saveaslave.com"
157.55.39.191 - - [01/May/2015:08:00:30 -0700] "GET /gibraltar HTTP/1.1" 404 89 "-" "msnbot-media/1.1 (+http://search.msn.com/msnbot.htm)" "www.saveaslave.com"
157.55.39.135 - - [01/May/2015:08:05:07 -0700] "GET /ethiopia HTTP/1.1" 200 5695 "-" "msnbot-media/1.1 (+http://search.msn.com/msnbot.htm)" "www.saveaslave.com"
23.16.4.147 - - [01/May/2015:08:51:30 -0700] "GET /jquery.marquee.js HTTP/1.1" 200 6560 "http://saveaslave.com/" "Mozilla/5.0 (Macintosh; Intel Mac OS X 10_10_3) AppleWebKit/537.36 (KHTML, like Gecko) Chrome/42.0.2311.90 Safari/537.36" "saveaslave.com"
23.16.4.147 - - [01/May/2015:08:51:30 -0700] "GET /images/slaves.jpg HTTP/1.1" 200 64009 "http://saveaslave.com/" "Mozilla/5.0 (Macintosh; Intel Mac OS X 10_10_3) AppleWebKit/537.36 (KHTML, like Gecko) Chrome/42.0.2311.90 Safari/537.36" "saveaslave.com"
93.149.212.39 - - [01/May/2015:09:02:27 -0700] "GET /jquery.marquee.js HTTP/1.1" 200 6560 "http://saveaslave.com/" "Mozilla/5.0 (Windows NT 6.1; WOW64) AppleWebKit/537.36 (KHTML, like Gecko) Chrome/36.0.1985.143 Safari/537.36" "saveaslave.com"
46.229.164.113 - - [01/May/2015:09:26:09 -0700] "GET /kyrgyzstan.html HTTP/1.1" 200 5711 "-" "Mozilla/5.0 (compatible; SemrushBot/0.98~bl; +http://www.semrush.com/bot.html)" "www.saveaslave.com"
46.229.164.113 - - [01/May/2015:09:26:16 -0700] "GET /new-caledonia.html HTTP/1.1" 200 5737 "-" "Mozilla/5.0 (compatible; SemrushBot/0.98~bl; +http://www.semrush.com/bot.html)" "saveaslave.com"
100.43.91.28 - - [01/May/2015:09:32:41 -0700] "GET /nepal.html HTTP/1.1" 200 5852 "-" "Mozilla/5.0 (compatible; YandexBot/3.0; +http://yandex.com/bots)" "saveaslave.com"
46.229.164.99 - - [01/May/2015:09:37:40 -0700] "GET /russia.html HTTP/1.1" 200 2499 "-" "Mozilla/5.0 (compatible; SemrushBot/0.98~bl; +http://www.semrush.com/bot.html)" "saveaslave.com"
46.229.164.102 - - [01/May/2015:09:46:32 -0700] "GET /south-sudan.html HTTP/1.1" 200 5719 "-" "Mozilla/5.0 (compatible; SemrushBot/0.98~bl; +http://www.semrush.com/bot.html)" "www.saveaslave.com"
