172.56.13.164 - - [04/Sep/2015:19:44:45 -0700] "GET /images/slaves.jpg HTTP/1.1" 200 86777 "http://dudamobile.saveaslave.com/" "Mozilla/5.0 (Linux; Android 5.1.1; D5803 Build/23.4.A.0.546; wv) AppleWebKit/537.36 (KHTML, like Gecko) Version/4.0 Chrome/44.0.2403.117 Mobile Safari/537.36 TwitterAndroid" "saveaslave.com"
172.56.13.164 - - [04/Sep/2015:19:44:45 -0700] "GET /images/header.png HTTP/1.1" 200 104524 "http://dudamobile.saveaslave.com/" "Mozilla/5.0 (Linux; Android 5.1.1; D5803 Build/23.4.A.0.546; wv) AppleWebKit/537.36 (KHTML, like Gecko) Version/4.0 Chrome/44.0.2403.117 Mobile Safari/537.36 TwitterAndroid" "saveaslave.com"
166.137.10.117 - - [04/Sep/2015:19:59:51 -0700] "GET /images/sas_button.gif HTTP/1.1" 200 2628 "http://dudamobile.saveaslave.com/" "Mozilla/5.0 (iPhone; CPU iPhone OS 8_4_1 like Mac OS X) AppleWebKit/600.1.4 (KHTML, like Gecko) Mobile/12H321 Twitter for iPhone" "saveaslave.com"
166.137.10.117 - - [04/Sep/2015:19:59:52 -0700] "GET /images/slaves.jpg HTTP/1.1" 200 86777 "http://dudamobile.saveaslave.com/" "Mozilla/5.0 (iPhone; CPU iPhone OS 8_4_1 like Mac OS X) AppleWebKit/600.1.4 (KHTML, like Gecko) Mobile/12H321 Twitter for iPhone" "saveaslave.com"
114.79.28.63 - - [04/Sep/2015:20:21:44 -0700] "GET /images/countrymap/solomon-islands.gif HTTP/1.1" 200 122217 "-" "Mozilla/5.0 (Linux; Android 4.4.2; Smartfren Andromax AD688G Build/KVT49L) AppleWebKit/537.36 (KHTML, like Gecko) Version/4.0 Chrome/30.0.0.0 Mobile Safari/537.36 GSA/3.6.14.1337016.arm" "www.saveaslave.com"
177.204.25.1 - - [04/Sep/2015:20:27:13 -0700] "GET /css/style.css HTTP/1.1" 200 1400 "http://saveaslave.com/" "Mozilla/5.0 (Windows NT 6.1; WOW64) AppleWebKit/537.36 (KHTML, like Gecko) Chrome/36.0.1985.143 Safari/537.36" "saveaslave.com"
177.204.25.1 - - [04/Sep/2015:20:27:13 -0700] "GET /jquery.marquee.js HTTP/1.1" 200 6560 "http://saveaslave.com/" "Mozilla/5.0 (Windows NT 6.1; WOW64) AppleWebKit/537.36 (KHTML, like Gecko) Chrome/36.0.1985.143 Safari/537.36" "saveaslave.com"
177.204.25.1 - - [04/Sep/2015:20:27:13 -0700] "GET /images/header.png HTTP/1.1" 200 104524 "http://saveaslave.com/" "Mozilla/5.0 (Windows NT 6.1; WOW64) AppleWebKit/537.36 (KHTML, like Gecko) Chrome/36.0.1985.143 Safari/537.36" "saveaslave.com"
177.204.25.1 - - [04/Sep/2015:20:27:13 -0700] "GET /images/slaves.jpg HTTP/1.1" 200 86777 "http://saveaslave.com/" "Mozilla/5.0 (Windows NT 6.1; WOW64) AppleWebKit/537.36 (KHTML, like Gecko) Chrome/36.0.1985.143 Safari/537.36" "saveaslave.com"
177.204.25.1 - - [04/Sep/2015:20:27:19 -0700] "GET /images/slaves.jpg HTTP/1.1" 200 86777 "http://saveaslave.com/" "Mozilla/5.0 (Windows NT 6.1; WOW64) AppleWebKit/537.36 (KHTML, like Gecko) Chrome/36.0.1985.143 Safari/537.36" "saveaslave.com"
177.204.25.1 - - [04/Sep/2015:20:27:19 -0700] "GET /addlink.php?page=index.html HTTP/1.1" 200 16283 "http://saveaslave.com/" "Mozilla/5.0 (Windows NT 6.1; WOW64) AppleWebKit/537.36 (KHTML, like Gecko) Chrome/36.0.1985.143 Safari/537.36" "www.saveaslave.com"
177.204.25.1 - - [04/Sep/2015:20:27:19 -0700] "GET /listlink.php?page=index.html HTTP/1.1" 200 10627 "http://saveaslave.com/" "Mozilla/5.0 (Windows NT 6.1; WOW64) AppleWebKit/537.36 (KHTML, like Gecko) Chrome/36.0.1985.143 Safari/537.36" "www.saveaslave.com"
65.36.241.48 - - [04/Sep/2015:20:46:55 -0700] "HEAD / HTTP/1.1" 200 0 "-" "InternetSeer.com" "www.saveaslave.com"
131.253.26.227 - - [04/Sep/2015:20:51:09 -0700] "GET /css/style.css HTTP/1.1" 200 1400 "http://www.saveaslave.com/solomon-islands.html" "Mozilla/5.0 (compatible; MSIE 9.0; Windows NT 6.1; Trident/5.0;  Trident/5.0)" "www.saveaslave.com"
50.173.118.188 - - [04/Sep/2015:21:08:45 -0700] "GET /images/countrymap/solomon-islands.gif HTTP/1.1" 200 122217 "https://www.google.com/" "Mozilla/5.0 (iPhone; CPU iPhone OS 8_1_1 like Mac OS X) AppleWebKit/600.1.4 (KHTML, like Gecko) Version/8.0 Mobile/12B435 Safari/600.1.4" "www.saveaslave.com"
207.46.13.105 - - [04/Sep/2015:21:25:36 -0700] "GET /serbia.html HTTP/1.1" 200 5674 "-" "Mozilla/5.0 (compatible; bingbot/2.0; +http://www.bing.com/bingbot.htm)" "saveaslave.com"
72.168.96.124 - - [04/Sep/2015:21:27:01 -0700] "GET /listlink.php?page=index.html HTTP/1.1" 200 10627 "http://www.saveaslave.com/" "Mozilla/5.0 (Windows NT 6.1; WOW64; Trident/7.0; rv:11.0) like Gecko" "www.saveaslave.com"
72.168.96.124 - - [04/Sep/2015:21:33:42 -0700] "GET / HTTP/1.1" 200 36949 "-" "Mozilla/5.0 (Windows NT 6.1; WOW64; Trident/7.0; rv:11.0) like Gecko" "www.saveaslave.com"
72.168.96.124 - - [04/Sep/2015:21:33:42 -0700] "GET /css/style.css HTTP/1.1" 200 1400 "http://www.saveaslave.com/" "Mozilla/5.0 (Windows NT 6.1; WOW64; Trident/7.0; rv:11.0) like Gecko" "www.saveaslave.com"
72.168.96.124 - - [04/Sep/2015:21:33:42 -0700] "GET /jquery.marquee.js HTTP/1.1" 304 - "http://www.saveaslave.com/" "Mozilla/5.0 (Windows NT 6.1; WOW64; Trident/7.0; rv:11.0) like Gecko" "www.saveaslave.com"
72.168.96.124 - - [04/Sep/2015:21:33:42 -0700] "GET /jquery-1.3.2.min.js HTTP/1.1" 200 57254 "http://www.saveaslave.com/" "Mozilla/5.0 (Windows NT 6.1; WOW64; Trident/7.0; rv:11.0) like Gecko" "www.saveaslave.com"
72.168.96.124 - - [04/Sep/2015:21:33:42 -0700] "GET /images/header.png HTTP/1.1" 200 104524 "http://www.saveaslave.com/" "Mozilla/5.0 (Windows NT 6.1; WOW64; Trident/7.0; rv:11.0) like Gecko" "www.saveaslave.com"
72.168.96.124 - - [04/Sep/2015:21:33:42 -0700] "GET /images/slaves.jpg HTTP/1.1" 200 86777 "http://www.saveaslave.com/" "Mozilla/5.0 (Windows NT 6.1; WOW64; Trident/7.0; rv:11.0) like Gecko" "www.saveaslave.com"
72.168.96.124 - - [04/Sep/2015:21:33:43 -0700] "GET /listlink.php?page=index.html HTTP/1.1" 200 10627 "http://www.saveaslave.com/" "Mozilla/5.0 (Windows NT 6.1; WOW64; Trident/7.0; rv:11.0) like Gecko" "www.saveaslave.com"
72.168.96.124 - - [04/Sep/2015:21:33:43 -0700] "GET /images/sas_button.gif HTTP/1.1" 200 2628 "http://www.saveaslave.com/" "Mozilla/5.0 (Windows NT 6.1; WOW64; Trident/7.0; rv:11.0) like Gecko" "www.saveaslave.com"
72.168.96.124 - - [04/Sep/2015:21:33:44 -0700] "GET /addlink.php?page=index.html HTTP/1.1" 200 16247 "http://www.saveaslave.com/" "Mozilla/5.0 (Windows NT 6.1; WOW64; Trident/7.0; rv:11.0) like Gecko" "www.saveaslave.com"
220.181.108.88 - - [04/Sep/2015:21:57:30 -0700] "GET /images/header.png HTTP/1.1" 200 104524 "-" "Baiduspider-image+(+http://www.baidu.com/search/spider.htm)" "www.saveaslave.com"
157.55.39.211 - - [04/Sep/2015:22:17:03 -0700] "GET /serbia.html HTTP/1.1" 200 5674 "-" "Mozilla/5.0 (compatible; bingbot/2.0; +http://www.bing.com/bingbot.htm)" "saveaslave.com"
116.87.57.35 - - [04/Sep/2015:22:44:45 -0700] "GET /images/countrymap/solomon-islands.gif HTTP/1.1" 200 122217 "http://worldofmap102.blogspot.sg/2015/08/solomon-islands.html" "Mozilla/5.0 (Windows Phone 8.1; ARM; Trident/8.0; Touch; rv:11.0; WebBrowser/8.1; IEMobile/11.0; NOKIA; Lumia 930) like Gecko" "www.saveaslave.com"
23.94.29.34 - - [04/Sep/2015:23:10:42 -0700] "POST /uploadify/uploadify.php HTTP/1.1" 404 89 "http://saveaslave.com/uploadify/uploadify.php" "Mozilla/5.0 (Windows; Windows NT 5.1; en-US) Firefox/3.5.0" "saveaslave.com"
23.94.29.34 - - [04/Sep/2015:23:10:43 -0700] "GET /components/com_creativecontactform/fileupload/files/samplc.php HTTP/1.1" 404 89 "-" "Mozilla/4.0 (compatible; Win32; WinHttp.WinHttpRequest.5)" "saveaslave.com"
23.94.29.34 - - [04/Sep/2015:23:10:46 -0700] "POST / HTTP/1.1" 200 36549 "http://saveaslave.com/" "Mozilla/5.0 (Windows; Windows NT 5.1; en-US) Firefox/3.5.0" "saveaslave.com"
65.36.241.48 - - [04/Sep/2015:23:22:40 -0700] "HEAD / HTTP/1.1" 200 0 "-" "InternetSeer.com" "www.saveaslave.com"
157.55.39.54 - - [04/Sep/2015:23:36:56 -0700] "GET /armenia HTTP/1.1" 200 5617 "-" "Mozilla/5.0 (compatible; bingbot/2.0; +http://www.bing.com/bingbot.htm)" "saveaslave.com"
178.121.243.252 - - [05/Sep/2015:00:05:05 -0700] "GET /css/style.css HTTP/1.1" 200 1400 "http://saveaslave.com/" "Mozilla/5.0 (Windows NT 6.3; WOW64; rv:40.0) Gecko/20100101 Firefox/40.0" "saveaslave.com"
178.121.243.252 - - [05/Sep/2015:00:05:05 -0700] "GET /favicon.ico HTTP/1.1" 404 89 "-" "Mozilla/5.0 (Windows NT 6.3; WOW64; rv:40.0) Gecko/20100101 Firefox/40.0" "saveaslave.com"
178.121.243.252 - - [05/Sep/2015:00:05:05 -0700] "GET /images/header.png HTTP/1.1" 200 104524 "http://saveaslave.com/" "Mozilla/5.0 (Windows NT 6.3; WOW64; rv:40.0) Gecko/20100101 Firefox/40.0" "saveaslave.com"
178.121.243.252 - - [05/Sep/2015:00:05:08 -0700] "GET /addlink.php?page=index.html HTTP/1.1" 200 16283 "http://saveaslave.com/" "Mozilla/5.0 (Windows NT 6.3; WOW64; rv:40.0) Gecko/20100101 Firefox/40.0" "www.saveaslave.com"
65.36.241.48 - - [05/Sep/2015:00:13:21 -0700] "HEAD /?tpl=references&Itemid=3 HTTP/1.1" 200 0 "-" "InternetSeer.com" "www.saveaslave.com"
65.36.241.48 - - [05/Sep/2015:00:13:21 -0700] "HEAD /?tpl=references&Itemid=3 HTTP/1.1" 200 0 "-" "InternetSeer.com" "www.saveaslave.com"
157.55.39.54 - - [05/Sep/2015:00:21:44 -0700] "GET /robots.txt HTTP/1.1" 404 89 "-" "Mozilla/5.0 (compatible; bingbot/2.0; +http://www.bing.com/bingbot.htm)" "www.saveaslave.com"
157.55.39.54 - - [05/Sep/2015:00:21:48 -0700] "GET /china HTTP/1.1" 200 5666 "-" "Mozilla/5.0 (compatible; bingbot/2.0; +http://www.bing.com/bingbot.htm)" "www.saveaslave.com"
157.55.39.36 - - [05/Sep/2015:00:23:00 -0700] "GET /contact.html HTTP/1.1" 404 89 "-" "Mozilla/5.0 (compatible; bingbot/2.0; +http://www.bing.com/bingbot.htm)" "www.saveaslave.com"
93.85.93.134 - - [05/Sep/2015:00:23:12 -0700] "GET / HTTP/1.1" 200 36949 "-" "Mozilla/5.0 (Windows NT 6.3; WOW64) AppleWebKit/537.36 (KHTML, like Gecko) Chrome/44.0.2403.157 Safari/537.36" "saveaslave.com"
93.85.93.134 - - [05/Sep/2015:00:23:12 -0700] "GET /images/sas_button.gif HTTP/1.1" 200 2628 "http://saveaslave.com/" "Mozilla/5.0 (Windows NT 6.3; WOW64) AppleWebKit/537.36 (KHTML, like Gecko) Chrome/44.0.2403.157 Safari/537.36" "saveaslave.com"
217.69.133.14 - - [05/Sep/2015:00:25:18 -0700] "GET /robots.txt HTTP/1.1" 404 89 "-" "Mozilla/5.0 (compatible; Linux x86_64; Mail.RU_Bot/2.0; +http://go.mail.ru/help/robots)" "www.saveaslave.com"
66.249.75.57 - - [05/Sep/2015:00:31:48 -0700] "GET /images/countrymap/comoros-flag.gif HTTP/1.1" 200 1615 "-" "Googlebot-Image/1.0" "www.saveaslave.com"
157.55.39.54 - - [05/Sep/2015:00:37:44 -0700] "GET /greece.html HTTP/1.1" 200 5675 "-" "Mozilla/5.0 (compatible; bingbot/2.0; +http://www.bing.com/bingbot.htm)" "saveaslave.com"
217.69.133.13 - - [05/Sep/2015:00:43:03 -0700] "GET /sint-maarten.html HTTP/1.1" 200 5728 "-" "Mozilla/5.0 (compatible; Linux x86_64; Mail.RU_Bot/2.0; +http://go.mail.ru/help/robots)" "www.saveaslave.com"
66.249.69.65 - - [05/Sep/2015:00:47:48 -0700] "GET /images/countrymap/costa-rica-flag.png HTTP/1.1" 200 1630 "-" "Googlebot-Image/1.0" "www.saveaslave.com"
66.249.69.81 - - [05/Sep/2015:00:47:48 -0700] "GET /images/countrymap/costa-rica.jpg HTTP/1.1" 200 17433 "-" "Googlebot-Image/1.0" "www.saveaslave.com"
157.55.39.36 - - [05/Sep/2015:00:59:11 -0700] "GET /zimbabwe HTTP/1.1" 200 5695 "-" "Mozilla/5.0 (compatible; bingbot/2.0; +http://www.bing.com/bingbot.htm)" "www.saveaslave.com"
95.47.138.223 - - [05/Sep/2015:01:01:47 -0700] "GET /about/default.html HTTP/1.1" 404 89 "-" "Mozilla/5.0 (X11; Linux i686; rv:2.0.1) Gecko/20110518 Firefox/4.0.1" "www.saveaslave.com"
66.249.75.41 - - [05/Sep/2015:01:34:42 -0700] "GET /images/countrymap/sierra-leone.gif HTTP/1.1" 200 10427 "-" "Googlebot-Image/1.0" "www.saveaslave.com"
66.249.75.49 - - [05/Sep/2015:01:34:42 -0700] "GET /images/countrymap/sierra-leone-flag.gif HTTP/1.1" 200 5375 "-" "Googlebot-Image/1.0" "www.saveaslave.com"
66.249.75.49 - - [05/Sep/2015:01:34:43 -0700] "GET /images/countrymap/sint-maarten.jpg HTTP/1.1" 200 109498 "-" "Googlebot-Image/1.0" "www.saveaslave.com"
66.249.75.57 - - [05/Sep/2015:01:34:43 -0700] "GET /images/countrymap/south-korea-flag.gif HTTP/1.1" 200 6369 "-" "Googlebot-Image/1.0" "www.saveaslave.com"
66.249.75.49 - - [05/Sep/2015:01:34:43 -0700] "GET /images/countrymap/sint-maarten-flag.gif HTTP/1.1" 200 25268 "-" "Googlebot-Image/1.0" "www.saveaslave.com"
66.249.75.57 - - [05/Sep/2015:01:34:52 -0700] "GET /images/countrymap/south-korea.gif HTTP/1.1" 200 48657 "-" "Googlebot-Image/1.0" "www.saveaslave.com"
157.55.39.53 - - [05/Sep/2015:01:39:36 -0700] "GET / HTTP/1.1" 200 36949 "-" "Mozilla/5.0 (compatible; bingbot/2.0; +http://www.bing.com/bingbot.htm)" "saveaslave.com"
66.249.75.41 - - [05/Sep/2015:01:45:26 -0700] "GET /images/countrymap/tanzania.jpg HTTP/1.1" 200 29974 "-" "Googlebot-Image/1.0" "www.saveaslave.com"
217.69.133.13 - - [05/Sep/2015:01:47:48 -0700] "GET /robots.txt HTTP/1.1" 404 89 "-" "Mozilla/5.0 (compatible; Linux x86_64; Mail.RU_Bot/2.0; +http://go.mail.ru/help/robots)" "www.saveaslave.com"
217.69.133.225 - - [05/Sep/2015:01:48:03 -0700] "GET /robots.txt HTTP/1.1" 404 89 "-" "Mozilla/5.0 (compatible; Linux x86_64; Mail.RU_Bot/2.0; +http://go.mail.ru/help/robots)" "www.saveaslave.com"
194.28.51.139 - - [05/Sep/2015:01:54:56 -0700] "GET / HTTP/1.1" 200 36949 "-" "Mozilla/5.0 (Windows NT 6.1) AppleWebKit/537.36 (KHTML, like Gecko) Chrome/41.0.2228.0 Safari/537.36" "www.saveaslave.com"
217.69.133.68 - - [05/Sep/2015:01:55:24 -0700] "GET /iceland.html HTTP/1.1" 200 5684 "-" "Mozilla/5.0 (compatible; Linux x86_64; Mail.RU_Bot/2.0; +http://go.mail.ru/help/robots)" "www.saveaslave.com"
66.249.69.81 - - [05/Sep/2015:01:56:59 -0700] "GET /images/countrymap/austria-flag.jpg HTTP/1.1" 200 1474 "-" "Googlebot-Image/1.0" "www.saveaslave.com"
66.249.69.65 - - [05/Sep/2015:01:57:00 -0700] "GET /images/countrymap/austria.gif HTTP/1.1" 200 13260 "-" "Googlebot-Image/1.0" "www.saveaslave.com"
110.159.109.32 - - [05/Sep/2015:01:57:46 -0700] "GET / HTTP/1.1" 200 36949 "http://www.ohchr.org/EN/Issues/Slavery/UNVTFCFS/Pages/SlaveryList.aspx" "Mozilla/5.0 (Windows NT 10.0; WOW64) AppleWebKit/537.36 (KHTML, like Gecko) Chrome/45.0.2454.85 Safari/537.36" "www.saveaslave.com"
110.159.109.32 - - [05/Sep/2015:01:57:47 -0700] "GET /css/style.css HTTP/1.1" 200 1400 "http://www.saveaslave.com/" "Mozilla/5.0 (Windows NT 10.0; WOW64) AppleWebKit/537.36 (KHTML, like Gecko) Chrome/45.0.2454.85 Safari/537.36" "www.saveaslave.com"
110.159.109.32 - - [05/Sep/2015:01:57:47 -0700] "GET /jquery-1.3.2.min.js HTTP/1.1" 200 57254 "http://www.saveaslave.com/" "Mozilla/5.0 (Windows NT 10.0; WOW64) AppleWebKit/537.36 (KHTML, like Gecko) Chrome/45.0.2454.85 Safari/537.36" "www.saveaslave.com"
110.159.109.32 - - [05/Sep/2015:01:57:47 -0700] "GET /jquery.marquee.js HTTP/1.1" 200 6560 "http://www.saveaslave.com/" "Mozilla/5.0 (Windows NT 10.0; WOW64) AppleWebKit/537.36 (KHTML, like Gecko) Chrome/45.0.2454.85 Safari/537.36" "www.saveaslave.com"
110.159.109.32 - - [05/Sep/2015:01:57:47 -0700] "GET /images/sas_button.gif HTTP/1.1" 200 2628 "http://www.saveaslave.com/" "Mozilla/5.0 (Windows NT 10.0; WOW64) AppleWebKit/537.36 (KHTML, like Gecko) Chrome/45.0.2454.85 Safari/537.36" "www.saveaslave.com"
110.159.109.32 - - [05/Sep/2015:01:57:47 -0700] "GET /images/header.png HTTP/1.1" 200 104524 "http://www.saveaslave.com/" "Mozilla/5.0 (Windows NT 10.0; WOW64) AppleWebKit/537.36 (KHTML, like Gecko) Chrome/45.0.2454.85 Safari/537.36" "www.saveaslave.com"
110.159.109.32 - - [05/Sep/2015:01:57:48 -0700] "GET /images/slaves.jpg HTTP/1.1" 200 86777 "http://www.saveaslave.com/" "Mozilla/5.0 (Windows NT 10.0; WOW64) AppleWebKit/537.36 (KHTML, like Gecko) Chrome/45.0.2454.85 Safari/537.36" "www.saveaslave.com"
110.159.109.32 - - [05/Sep/2015:01:57:49 -0700] "GET /addlink.php?page=index.html HTTP/1.1" 200 16247 "http://www.saveaslave.com/" "Mozilla/5.0 (Windows NT 10.0; WOW64) AppleWebKit/537.36 (KHTML, like Gecko) Chrome/45.0.2454.85 Safari/537.36" "www.saveaslave.com"
110.159.109.32 - - [05/Sep/2015:01:57:49 -0700] "GET /listlink.php?page=index.html HTTP/1.1" 200 10627 "http://www.saveaslave.com/" "Mozilla/5.0 (Windows NT 10.0; WOW64) AppleWebKit/537.36 (KHTML, like Gecko) Chrome/45.0.2454.85 Safari/537.36" "www.saveaslave.com"
110.159.109.32 - - [05/Sep/2015:01:57:52 -0700] "GET /favicon.ico HTTP/1.1" 404 89 "http://www.saveaslave.com/" "Mozilla/5.0 (Windows NT 10.0; WOW64) AppleWebKit/537.36 (KHTML, like Gecko) Chrome/45.0.2454.85 Safari/537.36" "www.saveaslave.com"
110.159.109.32 - - [05/Sep/2015:01:58:11 -0700] "GET /country.php?name=Australia&lang=en HTTP/1.1" 200 17264 "http://www.saveaslave.com/" "Mozilla/5.0 (Windows NT 10.0; WOW64) AppleWebKit/537.36 (KHTML, like Gecko) Chrome/45.0.2454.85 Safari/537.36" "saveaslave.com"
110.159.109.32 - - [05/Sep/2015:01:58:11 -0700] "GET /css/style.css HTTP/1.1" 200 1400 "http://saveaslave.com/country.php?name=Australia&lang=en" "Mozilla/5.0 (Windows NT 10.0; WOW64) AppleWebKit/537.36 (KHTML, like Gecko) Chrome/45.0.2454.85 Safari/537.36" "saveaslave.com"
110.159.109.32 - - [05/Sep/2015:01:58:12 -0700] "GET /images/header.png HTTP/1.1" 200 104524 "http://saveaslave.com/country.php?name=Australia&lang=en" "Mozilla/5.0 (Windows NT 10.0; WOW64) AppleWebKit/537.36 (KHTML, like Gecko) Chrome/45.0.2454.85 Safari/537.36" "saveaslave.com"
110.159.109.32 - - [05/Sep/2015:01:58:12 -0700] "GET /images/countrymap/australia-flag.gif HTTP/1.1" 200 2734 "http://saveaslave.com/country.php?name=Australia&lang=en" "Mozilla/5.0 (Windows NT 10.0; WOW64) AppleWebKit/537.36 (KHTML, like Gecko) Chrome/45.0.2454.85 Safari/537.36" "saveaslave.com"
110.159.109.32 - - [05/Sep/2015:01:58:12 -0700] "GET /images/countrymap/australia.gif HTTP/1.1" 200 23448 "http://saveaslave.com/country.php?name=Australia&lang=en" "Mozilla/5.0 (Windows NT 10.0; WOW64) AppleWebKit/537.36 (KHTML, like Gecko) Chrome/45.0.2454.85 Safari/537.36" "saveaslave.com"
110.159.109.32 - - [05/Sep/2015:01:58:13 -0700] "GET /listlink.php?page=australia.html HTTP/1.1" 200 6870 "http://saveaslave.com/country.php?name=Australia&lang=en" "Mozilla/5.0 (Windows NT 10.0; WOW64) AppleWebKit/537.36 (KHTML, like Gecko) Chrome/45.0.2454.85 Safari/537.36" "www.saveaslave.com"
110.159.109.32 - - [05/Sep/2015:01:58:14 -0700] "GET /addlink.php?page=australia.html HTTP/1.1" 200 16256 "http://saveaslave.com/country.php?name=Australia&lang=en" "Mozilla/5.0 (Windows NT 10.0; WOW64) AppleWebKit/537.36 (KHTML, like Gecko) Chrome/45.0.2454.85 Safari/537.36" "www.saveaslave.com"
110.159.109.32 - - [05/Sep/2015:01:58:15 -0700] "GET /favicon.ico HTTP/1.1" 404 89 "http://saveaslave.com/country.php?name=Australia&lang=en" "Mozilla/5.0 (Windows NT 10.0; WOW64) AppleWebKit/537.36 (KHTML, like Gecko) Chrome/45.0.2454.85 Safari/537.36" "saveaslave.com"
183.60.244.24 - - [05/Sep/2015:01:59:01 -0700] "GET / HTTP/1.1" 200 36949 "http://www.baidu.com/search/spider.htm" "Mozilla/5.0 (compatible; Baiduspider/2.0; +http://www.baidu.com/search/spider.html)" "www.saveaslave.com"
157.55.39.186 - - [05/Sep/2015:02:03:44 -0700] "GET /zimbabwe.html HTTP/1.1" 200 5695 "-" "Mozilla/5.0 (compatible; bingbot/2.0; +http://www.bing.com/bingbot.htm)" "saveaslave.com"
197.157.220.62 - - [05/Sep/2015:02:04:04 -0700] "GET /images/countrymap/solomon-islands.gif HTTP/1.1" 200 122217 "-" "Mozilla/5.0 (compatible; MSIE 10.0; Windows NT 6.2; WOW64; Trident/6.0; MAARJS)" "www.saveaslave.com"
65.36.241.48 - - [05/Sep/2015:02:12:14 -0700] "HEAD / HTTP/1.1" 200 0 "-" "InternetSeer.com" "www.saveaslave.com"
157.55.39.53 - - [05/Sep/2015:02:45:32 -0700] "GET /robots.txt HTTP/1.1" 404 89 "-" "Mozilla/5.0 (compatible; bingbot/2.0; +http://www.bing.com/bingbot.htm)" "saveaslave.com"
157.55.39.36 - - [05/Sep/2015:02:52:58 -0700] "GET /romania HTTP/1.1" 200 5683 "-" "Mozilla/5.0 (compatible; bingbot/2.0; +http://www.bing.com/bingbot.htm)" "www.saveaslave.com"
118.92.76.190 - - [05/Sep/2015:03:18:42 -0700] "GET /images/countrymap/solomon-islands.gif HTTP/1.1" 200 122217 "-" "Mozilla/5.0 (iPad; CPU OS 8_3 like Mac OS X) AppleWebKit/600.1.4 (KHTML, like Gecko) GSA/6.0.51363 Mobile/12F69 Safari/600.1.4" "www.saveaslave.com"
141.8.143.198 - - [05/Sep/2015:03:30:47 -0700] "GET /iran.html HTTP/1.1" 200 5657 "-" "Mozilla/5.0 (compatible; YandexBot/3.0; +http://yandex.com/bots)" "saveaslave.com"
207.46.13.46 - - [05/Sep/2015:03:52:53 -0700] "GET /alandislands HTTP/1.1" 404 89 "-" "Mozilla/5.0 (compatible; bingbot/2.0; +http://www.bing.com/bingbot.htm)" "www.saveaslave.com"
157.55.39.106 - - [05/Sep/2015:04:00:50 -0700] "GET /nigeria HTTP/1.1" 200 5683 "-" "Mozilla/5.0 (compatible; bingbot/2.0; +http://www.bing.com/bingbot.htm)" "www.saveaslave.com"
207.90.2.10 - - [05/Sep/2015:04:17:40 -0700] "GET /addlink.php?page=index.html HTTP/1.1" 200 16283 "-" "=Mozilla/5.0 (Windows; U; Windows NT 6.1; en-US) AppleWebKit/534.16 (KHTML, like Gecko) Chrome/10.0.648.204 Safari/534.16" "www.saveaslave.com"
65.36.241.48 - - [05/Sep/2015:04:29:44 -0700] "HEAD / HTTP/1.1" 200 0 "-" "InternetSeer.com" "www.saveaslave.com"
217.69.133.225 - - [05/Sep/2015:04:49:07 -0700] "GET /robots.txt HTTP/1.1" 404 89 "-" "Mozilla/5.0 (compatible; Linux x86_64; Mail.RU_Bot/2.0; +http://go.mail.ru/help/robots)" "www.saveaslave.com"
217.69.133.68 - - [05/Sep/2015:04:49:09 -0700] "GET /grenada.html HTTP/1.1" 200 5684 "-" "Mozilla/5.0 (compatible; Linux x86_64; Mail.RU_Bot/2.0; +http://go.mail.ru/help/robots)" "www.saveaslave.com"
157.55.39.106 - - [05/Sep/2015:05:06:55 -0700] "GET /tonga HTTP/1.1" 200 5668 "-" "Mozilla/5.0 (compatible; bingbot/2.0; +http://www.bing.com/bingbot.htm)" "www.saveaslave.com"
72.168.98.118 - - [05/Sep/2015:05:25:59 -0700] "GET /css/style.css HTTP/1.1" 200 1400 "http://www.saveaslave.com/" "Mozilla/5.0 (Windows NT 6.1; WOW64; Trident/7.0; rv:11.0) like Gecko" "www.saveaslave.com"
72.168.98.118 - - [05/Sep/2015:05:25:59 -0700] "GET /jquery.marquee.js HTTP/1.1" 200 6560 "http://www.saveaslave.com/" "Mozilla/5.0 (Windows NT 6.1; WOW64; Trident/7.0; rv:11.0) like Gecko" "www.saveaslave.com"
72.168.98.118 - - [05/Sep/2015:05:25:59 -0700] "GET /jquery-1.3.2.min.js HTTP/1.1" 200 57254 "http://www.saveaslave.com/" "Mozilla/5.0 (Windows NT 6.1; WOW64; Trident/7.0; rv:11.0) like Gecko" "www.saveaslave.com"
72.168.98.118 - - [05/Sep/2015:05:26:00 -0700] "GET /listlink.php?page=index.html HTTP/1.1" 200 10627 "http://www.saveaslave.com/" "Mozilla/5.0 (Windows NT 6.1; WOW64; Trident/7.0; rv:11.0) like Gecko" "www.saveaslave.com"
72.168.98.118 - - [05/Sep/2015:05:28:09 -0700] "GET /managecountry.php HTTP/1.1" 200 1316 "-" "Mozilla/5.0 (Windows NT 6.1; WOW64; Trident/7.0; rv:11.0) like Gecko" "saveaslave.com"
72.168.98.118 - - [05/Sep/2015:05:28:44 -0700] "GET /managecountry.php HTTP/1.1" 200 1316 "-" "Mozilla/5.0 (Windows NT 6.1; WOW64; Trident/7.0; rv:11.0) like Gecko" "saveaslave.com"
72.168.98.118 - - [05/Sep/2015:05:29:07 -0700] "GET /managecountry.php HTTP/1.1" 200 1316 "-" "Mozilla/5.0 (Windows NT 6.1; WOW64; Trident/7.0; rv:11.0) like Gecko" "saveaslave.com"
66.220.156.103 - - [05/Sep/2015:05:42:47 -0700] "GET /images/slaves.jpg HTTP/1.1" 200 86777 "-" "facebookexternalhit/1.1 (+http://www.facebook.com/externalhit_uatext.php)" "www.saveaslave.com"
173.58.26.239 - - [05/Sep/2015:05:45:12 -0700] "GET /images/countrymap/solomon-islands.gif HTTP/1.1" 200 122217 "https://www.google.com/" "Mozilla/5.0 (iPhone; CPU iPhone OS 8_4 like Mac OS X) AppleWebKit/600.1.4 (KHTML, like Gecko) Version/8.0 Mobile/12H143 Safari/600.1.4" "www.saveaslave.com"
69.171.230.96 - - [05/Sep/2015:05:45:14 -0700] "GET /images/header.png HTTP/1.1" 206 104524 "-" "facebookexternalhit/1.1 (+http://www.facebook.com/externalhit_uatext.php)" "www.saveaslave.com"
173.252.88.250 - - [05/Sep/2015:05:45:15 -0700] "GET /images/header.png HTTP/1.1" 200 104524 "-" "visionutils/0.2" "www.saveaslave.com"
54.158.46.26 - - [05/Sep/2015:05:50:49 -0700] "GET /azkaban.html HTTP/1.1" 200 12664 "-" "Mozilla/5.0 (compatible; linkdexbot/2.0; +http://www.linkdex.com/bots/)" "www.saveaslave.com"
54.158.46.26 - - [05/Sep/2015:05:50:49 -0700] "GET /robots.txt HTTP/1.1" 404 89 "-" "Mozilla/5.0 (compatible; linkdexbot/2.0; +http://www.linkdex.com/bots/)" "saveaslave.com"
54.158.46.26 - - [05/Sep/2015:05:50:49 -0700] "GET /robots.txt HTTP/1.1" 404 89 "-" "Mozilla/5.0 (compatible; linkdexbot/2.0; +http://www.linkdex.com/bots/)" "www.saveaslave.com"
188.165.15.84 - - [05/Sep/2015:05:52:32 -0700] "GET /montenegro.html HTTP/1.1" 200 5711 "-" "Mozilla/5.0 (compatible; AhrefsBot/5.0; +http://ahrefs.com/robot/)" "www.saveaslave.com"
54.158.46.26 - - [05/Sep/2015:06:01:21 -0700] "GET /azkaban2.html HTTP/1.1" 200 9017 "-" "Mozilla/5.0 (compatible; linkdexbot/2.0; +http://www.linkdex.com/bots/)" "www.saveaslave.com"
54.161.74.237 - - [05/Sep/2015:06:13:32 -0700] "GET /united-states.html HTTP/1.1" 200 6008 "-" "Mozilla/5.0 (compatible; linkdexbot/2.0; +http://www.linkdex.com/bots/)" "www.saveaslave.com"
65.52.104.211 - - [05/Sep/2015:06:21:33 -0700] "GET /images/countrymap/solomon-islands.gif HTTP/1.1" 200 122217 "-" "Mozilla/5.0 (Windows NT 6.1; WOW64) AppleWebKit/534+ (KHTML, like Gecko) BingPreview/1.0b" "www.saveaslave.com"
188.165.15.84 - - [05/Sep/2015:06:21:56 -0700] "GET /northern-mariana-islands.html HTTP/1.1" 200 5836 "-" "Mozilla/5.0 (compatible; AhrefsBot/5.0; +http://ahrefs.com/robot/)" "www.saveaslave.com"
207.46.13.46 - - [05/Sep/2015:06:25:58 -0700] "GET /Flight_Information.html HTTP/1.1" 404 89 "-" "Mozilla/5.0 (compatible; bingbot/2.0; +http://www.bing.com/bingbot.htm)" "saveaslave.com"
54.158.46.26 - - [05/Sep/2015:06:28:37 -0700] "GET /united-states.html HTTP/1.1" 200 6008 "-" "Mozilla/5.0 (compatible; linkdexbot/2.0; +http://www.linkdex.com/bots/)" "saveaslave.com"
54.158.46.26 - - [05/Sep/2015:06:28:37 -0700] "GET /robots.txt HTTP/1.1" 404 89 "-" "Mozilla/5.0 (compatible; linkdexbot/2.0; +http://www.linkdex.com/bots/)" "saveaslave.com"
54.158.46.26 - - [05/Sep/2015:06:28:37 -0700] "GET /robots.txt HTTP/1.1" 404 89 "-" "Mozilla/5.0 (compatible; linkdexbot/2.0; +http://www.linkdex.com/bots/)" "www.saveaslave.com"
54.158.46.26 - - [05/Sep/2015:06:41:15 -0700] "GET /azkaban.html HTTP/1.1" 200 12664 "-" "Mozilla/5.0 (compatible; linkdexbot/2.0; +http://www.linkdex.com/bots/)" "saveaslave.com"
157.55.39.54 - - [05/Sep/2015:06:52:30 -0700] "GET /slovakia.html HTTP/1.1" 200 5691 "-" "Mozilla/5.0 (compatible; bingbot/2.0; +http://www.bing.com/bingbot.htm)" "saveaslave.com"
54.161.74.237 - - [05/Sep/2015:07:01:33 -0700] "GET /robots.txt HTTP/1.1" 404 89 "-" "Mozilla/5.0 (compatible; linkdexbot/2.0; +http://www.linkdex.com/bots/)" "saveaslave.com"
54.92.133.107 - - [05/Sep/2015:07:11:59 -0700] "GET / HTTP/1.1" 200 36949 "-" "Mozilla/5.0 (compatible; linkdexbot/2.0; +http://www.linkdex.com/bots/)" "saveaslave.com"
72.168.96.125 - - [05/Sep/2015:07:13:45 -0700] "GET /jquery.marquee.js HTTP/1.1" 200 6560 "http://www.saveaslave.com/" "Mozilla/5.0 (Windows NT 6.1; WOW64; Trident/7.0; rv:11.0) like Gecko" "www.saveaslave.com"
72.168.96.125 - - [05/Sep/2015:07:13:45 -0700] "GET /jquery-1.3.2.min.js HTTP/1.1" 200 57254 "http://www.saveaslave.com/" "Mozilla/5.0 (Windows NT 6.1; WOW64; Trident/7.0; rv:11.0) like Gecko" "www.saveaslave.com"
72.168.96.125 - - [05/Sep/2015:07:13:45 -0700] "GET /listlink.php?page=index.html HTTP/1.1" 200 10627 "http://www.saveaslave.com/" "Mozilla/5.0 (Windows NT 6.1; WOW64; Trident/7.0; rv:11.0) like Gecko" "www.saveaslave.com"
72.168.96.125 - - [05/Sep/2015:07:13:46 -0700] "GET /addlink.php?page=index.html HTTP/1.1" 200 16247 "http://www.saveaslave.com/" "Mozilla/5.0 (Windows NT 6.1; WOW64; Trident/7.0; rv:11.0) like Gecko" "www.saveaslave.com"
72.168.96.125 - - [05/Sep/2015:07:39:04 -0700] "GET /images/sas_button.gif HTTP/1.1" 200 2628 "http://dudamobile.saveaslave.com/" "Mozilla/5.0 (iPhone; CPU iPhone OS 8_4_1 like Mac OS X) AppleWebKit/600.1.4 (KHTML, like Gecko) Version/8.0 Mobile/12H321 Safari/600.1.4" "saveaslave.com"
166.137.136.75 - - [05/Sep/2015:07:44:45 -0700] "GET / HTTP/1.1" 200 36949 "http://r.search.yahoo.com/_ylt=AwrBT4TD_.pVZBIAOM7BGOd_;_ylu=X3oDMTByOHZyb21tBGNvbG8DYmYxBHBvcwMxBHZ0aWQDBHNlYwNzcg--/RV=2/RE=1441493060/RO=10/RU=http%3a%2f%2fsaveaslave.com%2f/RK=0/RS=8ePGMdswmNl79ibk1_oz7FhJjFc-" "Mozilla/5.0 (iPad; CPU OS 8_4 like Mac OS X) AppleWebKit/600.1.4 (KHTML, like Gecko) Version/8.0 Mobile/12H143 Safari/600.1.4" "saveaslave.com"
166.137.136.75 - - [05/Sep/2015:07:44:47 -0700] "GET /css/style.css HTTP/1.1" 200 1400 "http://saveaslave.com/" "Mozilla/5.0 (iPad; CPU OS 8_4 like Mac OS X) AppleWebKit/600.1.4 (KHTML, like Gecko) Version/8.0 Mobile/12H143 Safari/600.1.4" "saveaslave.com"
166.137.136.75 - - [05/Sep/2015:07:44:48 -0700] "GET /jquery.marquee.js HTTP/1.1" 200 6560 "http://saveaslave.com/" "Mozilla/5.0 (iPad; CPU OS 8_4 like Mac OS X) AppleWebKit/600.1.4 (KHTML, like Gecko) Version/8.0 Mobile/12H143 Safari/600.1.4" "saveaslave.com"
166.137.136.75 - - [05/Sep/2015:07:44:48 -0700] "GET /images/sas_button.gif HTTP/1.1" 200 2628 "http://saveaslave.com/" "Mozilla/5.0 (iPad; CPU OS 8_4 like Mac OS X) AppleWebKit/600.1.4 (KHTML, like Gecko) Version/8.0 Mobile/12H143 Safari/600.1.4" "saveaslave.com"
166.137.136.75 - - [05/Sep/2015:07:45:42 -0700] "GET /country.php?name=Afghanistan&lang=en HTTP/1.1" 200 17431 "http://saveaslave.com/" "Mozilla/5.0 (iPad; CPU OS 8_4 like Mac OS X) AppleWebKit/600.1.4 (KHTML, like Gecko) Version/8.0 Mobile/12H143 Safari/600.1.4" "saveaslave.com"
166.137.136.75 - - [05/Sep/2015:07:45:42 -0700] "GET /images/countrymap/afghanistan.jpg HTTP/1.1" 200 21624 "http://saveaslave.com/country.php?name=Afghanistan&lang=en" "Mozilla/5.0 (iPad; CPU OS 8_4 like Mac OS X) AppleWebKit/600.1.4 (KHTML, like Gecko) Version/8.0 Mobile/12H143 Safari/600.1.4" "saveaslave.com"
166.137.136.75 - - [05/Sep/2015:07:45:43 -0700] "GET /addlink.php?page=afghanistan.html HTTP/1.1" 200 16256 "http://saveaslave.com/country.php?name=Afghanistan&lang=en" "Mozilla/5.0 (iPad; CPU OS 8_4 like Mac OS X) AppleWebKit/600.1.4 (KHTML, like Gecko) Version/8.0 Mobile/12H143 Safari/600.1.4" "www.saveaslave.com"
188.165.15.84 - - [05/Sep/2015:08:01:26 -0700] "GET /aruba.html HTTP/1.1" 200 14875 "-" "Mozilla/5.0 (compatible; AhrefsBot/5.0; +http://ahrefs.com/robot/)" "saveaslave.com"
63.88.116.178 - - [05/Sep/2015:08:26:51 -0700] "GET /managevolunteers.php HTTP/1.1" 200 73 "-" "Mozilla/5.0 (Windows NT 10.0) AppleWebKit/537.36 (KHTML, like Gecko) Chrome/45.0.2454.85 Safari/537.36" "saveaslave.com"
63.88.116.178 - - [05/Sep/2015:08:26:58 -0700] "GET /volunteers.php HTTP/1.1" 200 73 "-" "Mozilla/5.0 (Windows NT 10.0) AppleWebKit/537.36 (KHTML, like Gecko) Chrome/45.0.2454.85 Safari/537.36" "saveaslave.com"
104.197.95.137 - - [05/Sep/2015:08:29:03 -0700] "GET / HTTP/1.1" 200 36949 "-" "NerdyBot" "saveaslave.com"
72.168.96.124 - - [05/Sep/2015:08:33:38 -0700] "GET /jquery-1.3.2.min.js HTTP/1.1" 200 57254 "http://www.saveaslave.com/" "Mozilla/5.0 (Windows NT 6.1; WOW64; Trident/7.0; rv:11.0) like Gecko" "www.saveaslave.com"
72.168.96.124 - - [05/Sep/2015:08:33:38 -0700] "GET /images/sas_button.gif HTTP/1.1" 200 2628 "http://www.saveaslave.com/" "Mozilla/5.0 (Windows NT 6.1; WOW64; Trident/7.0; rv:11.0) like Gecko" "www.saveaslave.com"
72.168.96.124 - - [05/Sep/2015:08:42:01 -0700] "GET /managevolunteer.php HTTP/1.1" 200 1316 "-" "Mozilla/5.0 (Windows NT 6.1; WOW64; Trident/7.0; rv:11.0) like Gecko" "saveaslave.com"
66.249.69.73 - - [05/Sep/2015:08:43:54 -0700] "GET /images/countrymap/suriname.jpg HTTP/1.1" 200 24371 "-" "Googlebot-Image/1.0" "www.saveaslave.com"
66.249.69.65 - - [05/Sep/2015:08:43:55 -0700] "GET /images/countrymap/suriname-flag.gif HTTP/1.1" 200 1831 "-" "Googlebot-Image/1.0" "www.saveaslave.com"
72.168.96.124 - - [05/Sep/2015:08:46:03 -0700] "GET /managevolunteer.php HTTP/1.1" 200 6942 "http://saveaslave.com/managevolunteer.php" "Mozilla/5.0 (Windows NT 6.1; WOW64; Trident/7.0; rv:11.0) like Gecko" "saveaslave.com"
72.168.96.124 - - [05/Sep/2015:08:46:36 -0700] "GET / HTTP/1.1" 200 36949 "http://saveaslave.com/managevolunteer.php" "Mozilla/5.0 (Windows NT 6.1; WOW64; Trident/7.0; rv:11.0) like Gecko" "www.saveaslave.com"
72.168.96.124 - - [05/Sep/2015:08:46:37 -0700] "GET /css/style.css HTTP/1.1" 200 1400 "http://www.saveaslave.com/" "Mozilla/5.0 (Windows NT 6.1; WOW64; Trident/7.0; rv:11.0) like Gecko" "www.saveaslave.com"
72.168.96.124 - - [05/Sep/2015:08:46:37 -0700] "GET /images/header.png HTTP/1.1" 200 104524 "http://www.saveaslave.com/" "Mozilla/5.0 (Windows NT 6.1; WOW64; Trident/7.0; rv:11.0) like Gecko" "www.saveaslave.com"
178.121.243.252 - - [05/Sep/2015:08:53:25 -0700] "GET /managecountry.php HTTP/1.1" 200 1316 "-" "Mozilla/5.0 (Windows NT 6.3; WOW64; rv:40.0) Gecko/20100101 Firefox/40.0" "saveaslave.com"
72.168.98.117 - - [05/Sep/2015:09:01:53 -0700] "GET / HTTP/1.1" 200 36949 "-" "Mozilla/5.0 (Windows NT 6.1; WOW64; Trident/7.0; rv:11.0) like Gecko" "www.saveaslave.com"
72.168.98.117 - - [05/Sep/2015:09:01:54 -0700] "GET /images/slaves.jpg HTTP/1.1" 200 86777 "http://www.saveaslave.com/" "Mozilla/5.0 (Windows NT 6.1; WOW64; Trident/7.0; rv:11.0) like Gecko" "www.saveaslave.com"
178.121.243.252 - - [05/Sep/2015:09:05:25 -0700] "GET /managecountry.php HTTP/1.1" 200 1316 "-" "Mozilla/5.0 (Windows NT 6.3; WOW64; rv:40.0) Gecko/20100101 Firefox/40.0" "saveaslave.com"
66.249.69.13 - - [05/Sep/2015:09:18:35 -0700] "GET /robots.txt HTTP/1.1" 404 89 "-" "Mozilla/5.0 (compatible; Googlebot/2.1; +http://www.google.com/bot.html)" "saveaslave.com"
66.249.69.74 - - [05/Sep/2015:09:26:25 -0700] "GET /images/countrymap/west-bank-flag.png HTTP/1.1" 200 1329 "-" "Googlebot-Image/1.0" "www.saveaslave.com"
66.249.69.82 - - [05/Sep/2015:09:26:26 -0700] "GET /images/countrymap/west-bank.gif HTTP/1.1" 200 31601 "-" "Googlebot-Image/1.0" "www.saveaslave.com"
66.220.146.23 - - [05/Sep/2015:09:31:41 -0700] "GET /images/slaves.jpg HTTP/1.1" 200 86777 "-" "facebookexternalhit/1.1 (+http://www.facebook.com/externalhit_uatext.php)" "www.saveaslave.com"
94.197.121.6 - - [05/Sep/2015:09:42:09 -0700] "GET /images/slaves.jpg HTTP/1.1" 200 86777 "http://dudamobile.saveaslave.com/" "Mozilla/5.0 (iPhone; CPU iPhone OS 8_4 like Mac OS X) AppleWebKit/600.1.4 (KHTML, like Gecko) Version/8.0 Mobile/12H143 Safari/600.1.4" "saveaslave.com"
94.197.121.6 - - [05/Sep/2015:09:42:09 -0700] "GET /images/header.png HTTP/1.1" 200 104524 "http://dudamobile.saveaslave.com/" "Mozilla/5.0 (iPhone; CPU iPhone OS 8_4 like Mac OS X) AppleWebKit/600.1.4 (KHTML, like Gecko) Version/8.0 Mobile/12H143 Safari/600.1.4" "saveaslave.com"
96.235.131.21 - - [05/Sep/2015:09:45:16 -0700] "GET /images/countrymap/solomon-islands.gif HTTP/1.1" 200 122217 "-" "Mozilla/5.0 (Linux; Android 4.4.4; XT1031 Build/KXB21.14-L1.57) AppleWebKit/537.36 (KHTML, like Gecko) Version/4.0 Chrome/33.0.0.0 Mobile Safari/537.36 GSA/4.9.22.19.arm" "www.saveaslave.com"
66.108.61.92 - - [05/Sep/2015:10:08:40 -0700] "GET /images/countrymap/solomon-islands.gif HTTP/1.1" 200 122217 "-" "Mozilla/5.0 (iPhone; CPU iPhone OS 8_4 like Mac OS X) AppleWebKit/600.1.4 (KHTML, like Gecko) GSA/7.0.55539 Mobile/12H143 Safari/600.1.4" "www.saveaslave.com"
141.8.143.182 - - [05/Sep/2015:10:15:23 -0700] "GET /robots.txt HTTP/1.1" 404 89 "-" "Mozilla/5.0 (compatible; YandexBot/3.0; +http://yandex.com/bots)" "www.saveaslave.com"
208.54.35.175 - - [05/Sep/2015:10:16:30 -0700] "GET /images/countrymap/solomon-islands.gif HTTP/1.1" 200 122217 "https://www.google.com/" "Mozilla/5.0 (Linux; Android 5.0; SM-G900T Build/LRX21T) AppleWebKit/537.36 (KHTML, like Gecko) Version/4.0 Chrome/37.0.0.0 Mobile Safari/537.36 GSA/4.9.22.19.arm" "www.saveaslave.com"
95.69.1.92 - - [05/Sep/2015:10:16:32 -0700] "GET /images/countrymap/bosnia-herzegovina.jpg HTTP/1.1" 200 42063 "-" "Mozilla/5.0 (Linux; Android 4.4.2; GT-I9301I Build/KOT49H) AppleWebKit/537.36 (KHTML, like Gecko) Version/4.0 Chrome/30.0.0.0 Mobile Safari/537.36 GSA/3.6.14.1337016.arm" "www.saveaslave.com"
188.165.15.84 - - [05/Sep/2015:10:32:44 -0700] "GET /kosovo.html HTTP/1.1" 200 5675 "-" "Mozilla/5.0 (compatible; AhrefsBot/5.0; +http://ahrefs.com/robot/)" "saveaslave.com"
178.121.243.252 - - [05/Sep/2015:10:43:26 -0700] "GET /jquery-1.3.2.min.js HTTP/1.1" 200 57254 "http://saveaslave.com/" "Mozilla/5.0 (Windows NT 6.3; WOW64; rv:40.0) Gecko/20100101 Firefox/40.0" "saveaslave.com"
178.121.243.252 - - [05/Sep/2015:10:43:27 -0700] "GET /jquery.marquee.js HTTP/1.1" 200 6560 "http://saveaslave.com/" "Mozilla/5.0 (Windows NT 6.3; WOW64; rv:40.0) Gecko/20100101 Firefox/40.0" "saveaslave.com"
178.121.243.252 - - [05/Sep/2015:10:43:29 -0700] "GET /addlink.php?page=index.html HTTP/1.1" 200 16283 "http://saveaslave.com/" "Mozilla/5.0 (Windows NT 6.3; WOW64; rv:40.0) Gecko/20100101 Firefox/40.0" "www.saveaslave.com"
178.121.243.252 - - [05/Sep/2015:10:49:28 -0700] "GET /css/managecountry.css HTTP/1.1" 200 11620 "http://saveaslave.com/managecountry.php" "Mozilla/5.0 (Windows NT 6.3; WOW64; rv:40.0) Gecko/20100101 Firefox/40.0" "saveaslave.com"
178.121.243.252 - - [05/Sep/2015:10:49:33 -0700] "GET /images/shadow.gif HTTP/1.1" 404 89 "http://saveaslave.com/css/managecountry.css" "Mozilla/5.0 (Windows NT 6.3; WOW64; rv:40.0) Gecko/20100101 Firefox/40.0" "saveaslave.com"
178.121.243.252 - - [05/Sep/2015:10:49:56 -0700] "POST /managecountry.php HTTP/1.1" 200 18197 "http://saveaslave.com/managecountry.php" "Mozilla/5.0 (Windows NT 6.3; WOW64; rv:40.0) Gecko/20100101 Firefox/40.0" "saveaslave.com"
178.121.243.252 - - [05/Sep/2015:10:50:02 -0700] "GET /managecountry.php?name=Jamaica&lang=en HTTP/1.1" 200 26164 "http://saveaslave.com/managecountry.php" "Mozilla/5.0 (Windows NT 6.3; WOW64; rv:40.0) Gecko/20100101 Firefox/40.0" "saveaslave.com"
178.121.243.252 - - [05/Sep/2015:10:51:50 -0700] "GET /managecountry.php HTTP/1.1" 200 22322 "http://saveaslave.com/managecountry.php?name=Jamaica&lang=en" "Mozilla/5.0 (Windows NT 6.3; WOW64; rv:40.0) Gecko/20100101 Firefox/40.0" "saveaslave.com"
188.165.15.84 - - [05/Sep/2015:10:53:09 -0700] "GET /greece.html HTTP/1.1" 200 5675 "-" "Mozilla/5.0 (compatible; AhrefsBot/5.0; +http://ahrefs.com/robot/)" "saveaslave.com"
66.249.69.65 - - [05/Sep/2015:10:53:09 -0700] "GET /images/countrymap/sweden-flag.jpg HTTP/1.1" 200 2169 "-" "Googlebot-Image/1.0" "www.saveaslave.com"
66.249.69.81 - - [05/Sep/2015:10:53:09 -0700] "GET /images/countrymap/british-virgin-islands.png HTTP/1.1" 200 18083 "-" "Googlebot-Image/1.0" "www.saveaslave.com"
178.121.243.252 - - [05/Sep/2015:10:55:35 -0700] "GET /images/shadow.gif HTTP/1.1" 404 89 "http://saveaslave.com/css/managecountry.css" "Mozilla/5.0 (Windows NT 6.3; WOW64; rv:40.0) Gecko/20100101 Firefox/40.0" "saveaslave.com"
178.121.243.252 - - [05/Sep/2015:10:55:53 -0700] "POST /managecountry.php HTTP/1.1" 200 18379 "http://saveaslave.com/managecountry.php" "Mozilla/5.0 (Windows NT 6.3; WOW64; rv:40.0) Gecko/20100101 Firefox/40.0" "saveaslave.com"
178.121.243.252 - - [05/Sep/2015:10:56:10 -0700] "POST /managecountry.php?name=Japan&lang=en HTTP/1.1" 200 18379 "http://saveaslave.com/managecountry.php?name=Japan&lang=en" "Mozilla/5.0 (Windows NT 6.3; WOW64; rv:40.0) Gecko/20100101 Firefox/40.0" "saveaslave.com"
52.4.135.200 - - [05/Sep/2015:10:56:53 -0700] "GET /favicon.ico HTTP/1.1" 404 89 "-" "Mozilla/5.0 (X11; Ubuntu; Linux x86_64; rv:31.0) Gecko/20100101 Firefox/31.0" "saveaslave.com"
52.2.5.93 - - [05/Sep/2015:10:56:54 -0700] "GET / HTTP/1.1" 200 37139 "-" "Mozilla/5.0 (X11; Ubuntu; Linux x86_64; rv:31.0) Gecko/20100101 Firefox/31.0" "saveaslave.com"
52.2.136.141 - - [05/Sep/2015:10:59:30 -0700] "GET /robots.txt HTTP/1.1" 404 89 "-" "Mozilla/5.0 (X11; Linux x86_64) AppleWebKit/537.36 (KHTML, like Gecko) Chrome/29.0.1547.57 Safari/537.36" "saveaslave.com"
66.249.69.81 - - [05/Sep/2015:10:59:33 -0700] "GET /images/countrymap/turkey.jpg HTTP/1.1" 200 37937 "-" "Googlebot-Image/1.0" "www.saveaslave.com"
178.121.243.252 - - [05/Sep/2015:11:01:19 -0700] "GET /managecountry.php HTTP/1.1" 200 1316 "http://saveaslave.com/managecountry.php?name=Japan&lang=en" "Mozilla/5.0 (Windows NT 6.3; WOW64; rv:40.0) Gecko/20100101 Firefox/40.0" "saveaslave.com"
178.121.243.252 - - [05/Sep/2015:11:01:44 -0700] "GET /managecountry.php HTTP/1.1" 200 22514 "http://saveaslave.com/managecountry.php" "Mozilla/5.0 (Windows NT 6.3; WOW64; rv:40.0) Gecko/20100101 Firefox/40.0" "saveaslave.com"
178.121.243.252 - - [05/Sep/2015:11:01:45 -0700] "GET /images/shadow.gif HTTP/1.1" 404 89 "http://saveaslave.com/css/managecountry.css" "Mozilla/5.0 (Windows NT 6.3; WOW64; rv:40.0) Gecko/20100101 Firefox/40.0" "saveaslave.com"
66.249.75.57 - - [05/Sep/2015:11:02:01 -0700] "GET /images/countrymap/zimbabwe.jpg HTTP/1.1" 200 25919 "-" "Googlebot-Image/1.0" "www.saveaslave.com"
66.249.75.57 - - [05/Sep/2015:11:02:02 -0700] "GET /images/countrymap/british-virgin-Islands-flag.png HTTP/1.1" 200 7206 "-" "Googlebot-Image/1.0" "www.saveaslave.com"
178.121.243.252 - - [05/Sep/2015:11:02:13 -0700] "POST /managecountry.php HTTP/1.1" 200 18580 "http://saveaslave.com/managecountry.php" "Mozilla/5.0 (Windows NT 6.3; WOW64; rv:40.0) Gecko/20100101 Firefox/40.0" "saveaslave.com"
178.121.243.252 - - [05/Sep/2015:11:02:27 -0700] "POST /managecountry.php?name=Jordan&lang=en HTTP/1.1" 200 18580 "http://saveaslave.com/managecountry.php?name=Jordan&lang=en" "Mozilla/5.0 (Windows NT 6.3; WOW64; rv:40.0) Gecko/20100101 Firefox/40.0" "saveaslave.com"
66.249.75.49 - - [05/Sep/2015:11:02:52 -0700] "GET /images/countrymap/tunisia.jpg HTTP/1.1" 200 47451 "-" "Googlebot-Image/1.0" "www.saveaslave.com"
66.249.69.74 - - [05/Sep/2015:11:06:30 -0700] "GET /images/countrymap/western-sahara.png HTTP/1.1" 200 80749 "-" "Googlebot-Image/1.0" "www.saveaslave.com"
66.249.69.74 - - [05/Sep/2015:11:06:31 -0700] "GET /images/countrymap/western-sahara-flag.png HTTP/1.1" 200 3008 "-" "Googlebot-Image/1.0" "www.saveaslave.com"
66.249.69.82 - - [05/Sep/2015:11:06:31 -0700] "GET /images/countrymap/uae-flag.gif HTTP/1.1" 200 2820 "-" "Googlebot-Image/1.0" "www.saveaslave.com"
66.249.69.66 - - [05/Sep/2015:11:06:31 -0700] "GET /images/countrymap/burundi-flag.gif HTTP/1.1" 200 2042 "-" "Googlebot-Image/1.0" "www.saveaslave.com"
178.121.243.252 - - [05/Sep/2015:11:06:43 -0700] "GET /managecountry.php HTTP/1.1" 200 22710 "http://saveaslave.com/managecountry.php?name=Jordan&lang=en" "Mozilla/5.0 (Windows NT 6.3; WOW64; rv:40.0) Gecko/20100101 Firefox/40.0" "saveaslave.com"
66.249.69.65 - - [05/Sep/2015:11:06:55 -0700] "GET /images/countrymap/senegal.gif HTTP/1.1" 200 20464 "-" "Googlebot-Image/1.0" "www.saveaslave.com"
178.121.243.252 - - [05/Sep/2015:11:07:05 -0700] "GET /managecountry.php?name=Kazakhstan&lang=en HTTP/1.1" 200 26878 "http://saveaslave.com/managecountry.php" "Mozilla/5.0 (Windows NT 6.3; WOW64; rv:40.0) Gecko/20100101 Firefox/40.0" "saveaslave.com"
178.121.243.252 - - [05/Sep/2015:11:07:18 -0700] "POST /managecountry.php?name=Kazakhstan&lang=en HTTP/1.1" 200 18812 "http://saveaslave.com/managecountry.php?name=Kazakhstan&lang=en" "Mozilla/5.0 (Windows NT 6.3; WOW64; rv:40.0) Gecko/20100101 Firefox/40.0" "saveaslave.com"
66.249.69.81 - - [05/Sep/2015:11:09:48 -0700] "GET /images/countrymap/uae.gif HTTP/1.1" 200 22226 "-" "Googlebot-Image/1.0" "www.saveaslave.com"
66.249.69.65 - - [05/Sep/2015:11:09:49 -0700] "GET /images/countrymap/turks-caicos-islands-flag.gif HTTP/1.1" 200 12273 "-" "Googlebot-Image/1.0" "www.saveaslave.com"
178.121.243.252 - - [05/Sep/2015:11:10:40 -0700] "GET /managecountry.php HTTP/1.1" 200 22922 "http://saveaslave.com/managecountry.php?name=Kazakhstan&lang=en" "Mozilla/5.0 (Windows NT 6.3; WOW64; rv:40.0) Gecko/20100101 Firefox/40.0" "saveaslave.com"
178.121.243.252 - - [05/Sep/2015:11:11:02 -0700] "POST /managecountry.php HTTP/1.1" 200 18979 "http://saveaslave.com/managecountry.php" "Mozilla/5.0 (Windows NT 6.3; WOW64; rv:40.0) Gecko/20100101 Firefox/40.0" "saveaslave.com"
178.121.243.252 - - [05/Sep/2015:11:11:06 -0700] "GET /managecountry.php?name=Kenya&lang=en HTTP/1.1" 200 26807 "http://saveaslave.com/managecountry.php" "Mozilla/5.0 (Windows NT 6.3; WOW64; rv:40.0) Gecko/20100101 Firefox/40.0" "saveaslave.com"
178.121.243.252 - - [05/Sep/2015:11:11:17 -0700] "POST /managecountry.php?name=Kenya&lang=en HTTP/1.1" 200 18979 "http://saveaslave.com/managecountry.php?name=Kenya&lang=en" "Mozilla/5.0 (Windows NT 6.3; WOW64; rv:40.0) Gecko/20100101 Firefox/40.0" "saveaslave.com"
66.249.69.74 - - [05/Sep/2015:11:14:21 -0700] "GET /images/countrymap/bahrain.gif HTTP/1.1" 200 23737 "-" "Googlebot-Image/1.0" "www.saveaslave.com"
66.249.69.66 - - [05/Sep/2015:11:14:21 -0700] "GET /images/countrymap/bahrain-flag.gif HTTP/1.1" 200 1678 "-" "Googlebot-Image/1.0" "www.saveaslave.com"
66.249.69.74 - - [05/Sep/2015:11:14:22 -0700] "GET /images/countrymap/wake-island.png HTTP/1.1" 200 31146 "-" "Googlebot-Image/1.0" "www.saveaslave.com"
66.249.69.74 - - [05/Sep/2015:11:14:27 -0700] "GET /images/countrymap/burundi.gif HTTP/1.1" 200 12039 "-" "Googlebot-Image/1.0" "www.saveaslave.com"
178.121.243.252 - - [05/Sep/2015:11:15:44 -0700] "GET /managecountry.php HTTP/1.1" 200 23114 "http://saveaslave.com/managecountry.php?name=Kenya&lang=en" "Mozilla/5.0 (Windows NT 6.3; WOW64; rv:40.0) Gecko/20100101 Firefox/40.0" "saveaslave.com"
178.121.243.252 - - [05/Sep/2015:11:15:44 -0700] "GET /images/shadow.gif HTTP/1.1" 404 89 "http://saveaslave.com/css/managecountry.css" "Mozilla/5.0 (Windows NT 6.3; WOW64; rv:40.0) Gecko/20100101 Firefox/40.0" "saveaslave.com"
178.121.243.252 - - [05/Sep/2015:11:16:14 -0700] "GET /managecountry.php?name=Kiribati&lang=en HTTP/1.1" 200 27341 "http://saveaslave.com/managecountry.php" "Mozilla/5.0 (Windows NT 6.3; WOW64; rv:40.0) Gecko/20100101 Firefox/40.0" "saveaslave.com"
178.121.243.252 - - [05/Sep/2015:11:16:26 -0700] "POST /managecountry.php?name=Kiribati&lang=en HTTP/1.1" 200 19198 "http://saveaslave.com/managecountry.php?name=Kiribati&lang=en" "Mozilla/5.0 (Windows NT 6.3; WOW64; rv:40.0) Gecko/20100101 Firefox/40.0" "saveaslave.com"
178.121.243.252 - - [05/Sep/2015:11:16:31 -0700] "GET /images/countrymap/kiribati-flag.gif HTTP/1.1" 200 31459 "http://saveaslave.com/country.php?name=Kiribati&lang=en" "Mozilla/5.0 (Windows NT 6.3; WOW64; rv:40.0) Gecko/20100101 Firefox/40.0" "saveaslave.com"
178.121.243.252 - - [05/Sep/2015:11:16:31 -0700] "GET /images/countrymap/kiribati.gif HTTP/1.1" 200 30156 "http://saveaslave.com/country.php?name=Kiribati&lang=en" "Mozilla/5.0 (Windows NT 6.3; WOW64; rv:40.0) Gecko/20100101 Firefox/40.0" "saveaslave.com"
178.121.243.252 - - [05/Sep/2015:11:16:32 -0700] "GET /addlink.php?page=kiribati.html HTTP/1.1" 200 16256 "http://saveaslave.com/country.php?name=Kiribati&lang=en" "Mozilla/5.0 (Windows NT 6.3; WOW64; rv:40.0) Gecko/20100101 Firefox/40.0" "www.saveaslave.com"
178.121.243.252 - - [05/Sep/2015:11:16:33 -0700] "GET /listlink.php?page=kiribati.html HTTP/1.1" 200 4628 "http://saveaslave.com/country.php?name=Kiribati&lang=en" "Mozilla/5.0 (Windows NT 6.3; WOW64; rv:40.0) Gecko/20100101 Firefox/40.0" "www.saveaslave.com"
178.121.243.252 - - [05/Sep/2015:11:21:05 -0700] "GET /managecountry.php HTTP/1.1" 200 23318 "http://saveaslave.com/managecountry.php?name=Kiribati&lang=en" "Mozilla/5.0 (Windows NT 6.3; WOW64; rv:40.0) Gecko/20100101 Firefox/40.0" "saveaslave.com"
178.121.243.252 - - [05/Sep/2015:11:21:06 -0700] "GET /images/shadow.gif HTTP/1.1" 404 89 "http://saveaslave.com/css/managecountry.css" "Mozilla/5.0 (Windows NT 6.3; WOW64; rv:40.0) Gecko/20100101 Firefox/40.0" "saveaslave.com"
178.121.243.252 - - [05/Sep/2015:11:21:27 -0700] "GET /managecountry.php?name=Kosovo&lang=en HTTP/1.1" 200 27290 "http://saveaslave.com/managecountry.php" "Mozilla/5.0 (Windows NT 6.3; WOW64; rv:40.0) Gecko/20100101 Firefox/40.0" "saveaslave.com"
66.249.75.57 - - [05/Sep/2015:11:21:40 -0700] "GET /images/countrymap/us-virgin-islands.flag.png HTTP/1.1" 200 10585 "-" "Googlebot-Image/1.0" "www.saveaslave.com"
178.121.243.252 - - [05/Sep/2015:11:21:49 -0700] "GET /images/countrymap/kosovo-flag.jpg HTTP/1.1" 200 3104 "http://saveaslave.com/country.php?name=Kosovo&lang=en" "Mozilla/5.0 (Windows NT 6.3; WOW64; rv:40.0) Gecko/20100101 Firefox/40.0" "saveaslave.com"
178.121.243.252 - - [05/Sep/2015:11:21:50 -0700] "GET /images/countrymap/kosovo.gif HTTP/1.1" 200 18191 "http://saveaslave.com/country.php?name=Kosovo&lang=en" "Mozilla/5.0 (Windows NT 6.3; WOW64; rv:40.0) Gecko/20100101 Firefox/40.0" "saveaslave.com"
178.121.243.252 - - [05/Sep/2015:11:21:50 -0700] "GET /listlink.php?page=kosovo.html HTTP/1.1" 200 4628 "http://saveaslave.com/country.php?name=Kosovo&lang=en" "Mozilla/5.0 (Windows NT 6.3; WOW64; rv:40.0) Gecko/20100101 Firefox/40.0" "www.saveaslave.com"
178.121.243.252 - - [05/Sep/2015:11:21:50 -0700] "GET /addlink.php?page=kosovo.html HTTP/1.1" 200 16256 "http://saveaslave.com/country.php?name=Kosovo&lang=en" "Mozilla/5.0 (Windows NT 6.3; WOW64; rv:40.0) Gecko/20100101 Firefox/40.0" "www.saveaslave.com"
178.121.243.252 - - [05/Sep/2015:11:25:41 -0700] "GET /managecountry.php HTTP/1.1" 200 23514 "http://saveaslave.com/managecountry.php?name=Kosovo&lang=en" "Mozilla/5.0 (Windows NT 6.3; WOW64; rv:40.0) Gecko/20100101 Firefox/40.0" "saveaslave.com"
178.121.243.252 - - [05/Sep/2015:11:26:32 -0700] "POST /managecountry.php?name=Kuwait&lang=en HTTP/1.1" 200 19580 "http://saveaslave.com/managecountry.php?name=Kuwait&lang=en" "Mozilla/5.0 (Windows NT 6.3; WOW64; rv:40.0) Gecko/20100101 Firefox/40.0" "saveaslave.com"
66.249.69.81 - - [05/Sep/2015:11:28:01 -0700] "GET /images/countrymap/wallis-futuna-flag.gif HTTP/1.1" 200 19646 "-" "Googlebot-Image/1.0" "www.saveaslave.com"
66.249.69.65 - - [05/Sep/2015:11:28:18 -0700] "GET /images/countrymap/wallis-futuna.gif HTTP/1.1" 200 4340 "-" "Googlebot-Image/1.0" "www.saveaslave.com"
95.223.196.221 - - [05/Sep/2015:11:37:54 -0700] "GET /solomon-islands.html HTTP/1.1" 200 5755 "http://www.google.de/imgres?imgurl=http%3A%2F%2Fwww.saveaslave.com%2Fimages%2Fcountrymap%2Fsolomon-islands.gif&imgrefurl=http%3A%2F%2Fwww.saveaslave.com%2Fsolomon-islands.html&h=849&w=1412&tbnid=859hAQI8yApZqM%3A&docid=CGoQqwifAncTKM&ei=djbrVZanBYXiU8_3uJAM&tbm=isch&iact=rc&uact=3&dur=608&page=1&start=0&ndsp=17&ved=0CEUQrQMwBWoVChMIlrqN_sTgxwIVBfEUCh3POw7C" "Mozilla/5.0 (Windows NT 6.1; WOW64; rv:40.0) Gecko/20100101 Firefox/40.0" "www.saveaslave.com"
