5.9.151.67 - - [06/Apr/2015:04:23:57 -0700] "GET /kyrgyzstan.html HTTP/1.1" 200 5711 "-" "Mozilla/5.0 (compatible; MegaIndex.ru/2.0; +https://www.megaindex.ru/?tab=linkAnalyze)" "saveaslave.com"
5.9.151.67 - - [06/Apr/2015:04:23:57 -0700] "GET /laos.html HTTP/1.1" 200 5856 "-" "Mozilla/5.0 (compatible; MegaIndex.ru/2.0; +https://www.megaindex.ru/?tab=linkAnalyze)" "saveaslave.com"
5.9.151.67 - - [06/Apr/2015:04:23:57 -0700] "GET /latvia.html HTTP/1.1" 200 5674 "-" "Mozilla/5.0 (compatible; MegaIndex.ru/2.0; +https://www.megaindex.ru/?tab=linkAnalyze)" "saveaslave.com"
5.9.151.67 - - [06/Apr/2015:04:23:58 -0700] "GET /lebanon.html HTTP/1.1" 200 5683 "-" "Mozilla/5.0 (compatible; MegaIndex.ru/2.0; +https://www.megaindex.ru/?tab=linkAnalyze)" "saveaslave.com"
5.9.151.67 - - [06/Apr/2015:04:23:58 -0700] "GET /lesotho.html HTTP/1.1" 200 5683 "-" "Mozilla/5.0 (compatible; MegaIndex.ru/2.0; +https://www.megaindex.ru/?tab=linkAnalyze)" "saveaslave.com"
5.9.151.67 - - [06/Apr/2015:04:23:59 -0700] "GET /liberia.html HTTP/1.1" 200 5683 "-" "Mozilla/5.0 (compatible; MegaIndex.ru/2.0; +https://www.megaindex.ru/?tab=linkAnalyze)" "saveaslave.com"
5.9.151.67 - - [06/Apr/2015:04:23:59 -0700] "GET /libya.html HTTP/1.1" 200 5665 "-" "Mozilla/5.0 (compatible; MegaIndex.ru/2.0; +https://www.megaindex.ru/?tab=linkAnalyze)" "saveaslave.com"
5.9.151.67 - - [06/Apr/2015:04:23:59 -0700] "GET /liechtenstein.html HTTP/1.1" 200 5737 "-" "Mozilla/5.0 (compatible; MegaIndex.ru/2.0; +https://www.megaindex.ru/?tab=linkAnalyze)" "saveaslave.com"
5.9.151.67 - - [06/Apr/2015:04:24:00 -0700] "GET /luxembourg.html HTTP/1.1" 200 5711 "-" "Mozilla/5.0 (compatible; MegaIndex.ru/2.0; +https://www.megaindex.ru/?tab=linkAnalyze)" "saveaslave.com"
5.9.151.67 - - [06/Apr/2015:04:24:01 -0700] "GET /macau.html HTTP/1.1" 200 5665 "-" "Mozilla/5.0 (compatible; MegaIndex.ru/2.0; +https://www.megaindex.ru/?tab=linkAnalyze)" "saveaslave.com"
5.9.151.67 - - [06/Apr/2015:04:24:01 -0700] "GET /macedonia.html HTTP/1.1" 200 5701 "-" "Mozilla/5.0 (compatible; MegaIndex.ru/2.0; +https://www.megaindex.ru/?tab=linkAnalyze)" "saveaslave.com"
5.9.151.67 - - [06/Apr/2015:04:24:01 -0700] "GET /madagascar.html HTTP/1.1" 200 5710 "-" "Mozilla/5.0 (compatible; MegaIndex.ru/2.0; +https://www.megaindex.ru/?tab=linkAnalyze)" "saveaslave.com"
5.9.151.67 - - [06/Apr/2015:04:24:02 -0700] "GET /malaysia.html HTTP/1.1" 200 5692 "-" "Mozilla/5.0 (compatible; MegaIndex.ru/2.0; +https://www.megaindex.ru/?tab=linkAnalyze)" "saveaslave.com"
5.9.151.67 - - [06/Apr/2015:04:24:02 -0700] "GET /maldives.html HTTP/1.1" 200 5692 "-" "Mozilla/5.0 (compatible; MegaIndex.ru/2.0; +https://www.megaindex.ru/?tab=linkAnalyze)" "saveaslave.com"
5.9.151.67 - - [06/Apr/2015:04:24:03 -0700] "GET /mali.html HTTP/1.1" 200 5656 "-" "Mozilla/5.0 (compatible; MegaIndex.ru/2.0; +https://www.megaindex.ru/?tab=linkAnalyze)" "saveaslave.com"
5.9.151.67 - - [06/Apr/2015:04:24:03 -0700] "GET /malta.html HTTP/1.1" 200 5665 "-" "Mozilla/5.0 (compatible; MegaIndex.ru/2.0; +https://www.megaindex.ru/?tab=linkAnalyze)" "saveaslave.com"
5.9.151.67 - - [06/Apr/2015:04:24:03 -0700] "GET /marshall-islands.html HTTP/1.1" 200 5764 "-" "Mozilla/5.0 (compatible; MegaIndex.ru/2.0; +https://www.megaindex.ru/?tab=linkAnalyze)" "saveaslave.com"
5.9.151.67 - - [06/Apr/2015:04:24:03 -0700] "GET /mauritania.html HTTP/1.1" 200 5710 "-" "Mozilla/5.0 (compatible; MegaIndex.ru/2.0; +https://www.megaindex.ru/?tab=linkAnalyze)" "saveaslave.com"
5.9.151.67 - - [06/Apr/2015:04:24:04 -0700] "GET /mauritius.html HTTP/1.1" 200 5701 "-" "Mozilla/5.0 (compatible; MegaIndex.ru/2.0; +https://www.megaindex.ru/?tab=linkAnalyze)" "saveaslave.com"
5.9.151.67 - - [06/Apr/2015:04:24:04 -0700] "GET /mexico.html HTTP/1.1" 200 6067 "-" "Mozilla/5.0 (compatible; MegaIndex.ru/2.0; +https://www.megaindex.ru/?tab=linkAnalyze)" "saveaslave.com"
5.9.151.67 - - [06/Apr/2015:04:24:04 -0700] "GET /micronesia.html HTTP/1.1" 200 5710 "-" "Mozilla/5.0 (compatible; MegaIndex.ru/2.0; +https://www.megaindex.ru/?tab=linkAnalyze)" "saveaslave.com"
5.9.151.67 - - [06/Apr/2015:04:24:05 -0700] "GET /moldova.html HTTP/1.1" 200 5683 "-" "Mozilla/5.0 (compatible; MegaIndex.ru/2.0; +https://www.megaindex.ru/?tab=linkAnalyze)" "saveaslave.com"
5.9.151.67 - - [06/Apr/2015:04:24:06 -0700] "GET /monaco.html HTTP/1.1" 200 5674 "-" "Mozilla/5.0 (compatible; MegaIndex.ru/2.0; +https://www.megaindex.ru/?tab=linkAnalyze)" "saveaslave.com"
5.9.151.67 - - [06/Apr/2015:04:24:06 -0700] "GET /mongolia.html HTTP/1.1" 200 5692 "-" "Mozilla/5.0 (compatible; MegaIndex.ru/2.0; +https://www.megaindex.ru/?tab=linkAnalyze)" "saveaslave.com"
5.9.151.67 - - [06/Apr/2015:04:24:06 -0700] "GET /montenegro.html HTTP/1.1" 200 5711 "-" "Mozilla/5.0 (compatible; MegaIndex.ru/2.0; +https://www.megaindex.ru/?tab=linkAnalyze)" "saveaslave.com"
5.9.151.67 - - [06/Apr/2015:04:24:07 -0700] "GET /morocco.html HTTP/1.1" 200 5686 "-" "Mozilla/5.0 (compatible; MegaIndex.ru/2.0; +https://www.megaindex.ru/?tab=linkAnalyze)" "saveaslave.com"
5.9.151.67 - - [06/Apr/2015:04:24:07 -0700] "GET /mozambique.html HTTP/1.1" 200 5710 "-" "Mozilla/5.0 (compatible; MegaIndex.ru/2.0; +https://www.megaindex.ru/?tab=linkAnalyze)" "saveaslave.com"
5.9.151.67 - - [06/Apr/2015:04:24:07 -0700] "GET /namibia.html HTTP/1.1" 200 5683 "-" "Mozilla/5.0 (compatible; MegaIndex.ru/2.0; +https://www.megaindex.ru/?tab=linkAnalyze)" "saveaslave.com"
5.9.151.67 - - [06/Apr/2015:04:24:08 -0700] "GET /nauru.html HTTP/1.1" 200 5446 "-" "Mozilla/5.0 (compatible; MegaIndex.ru/2.0; +https://www.megaindex.ru/?tab=linkAnalyze)" "saveaslave.com"
5.9.151.67 - - [06/Apr/2015:04:24:08 -0700] "GET /navassa-island.html HTTP/1.1" 200 5527 "-" "Mozilla/5.0 (compatible; MegaIndex.ru/2.0; +https://www.megaindex.ru/?tab=linkAnalyze)" "saveaslave.com"
5.9.151.67 - - [06/Apr/2015:04:24:08 -0700] "GET /nepal.html HTTP/1.1" 200 5633 "-" "Mozilla/5.0 (compatible; MegaIndex.ru/2.0; +https://www.megaindex.ru/?tab=linkAnalyze)" "saveaslave.com"
5.9.151.67 - - [06/Apr/2015:04:24:09 -0700] "GET /new-caledonia.html HTTP/1.1" 200 5518 "-" "Mozilla/5.0 (compatible; MegaIndex.ru/2.0; +https://www.megaindex.ru/?tab=linkAnalyze)" "saveaslave.com"
5.9.151.67 - - [06/Apr/2015:04:24:09 -0700] "GET /new-zealand.html HTTP/1.1" 200 5500 "-" "Mozilla/5.0 (compatible; MegaIndex.ru/2.0; +https://www.megaindex.ru/?tab=linkAnalyze)" "saveaslave.com"
5.9.151.67 - - [06/Apr/2015:04:24:11 -0700] "GET /nicaragua.html HTTP/1.1" 200 5482 "-" "Mozilla/5.0 (compatible; MegaIndex.ru/2.0; +https://www.megaindex.ru/?tab=linkAnalyze)" "saveaslave.com"
5.9.151.67 - - [06/Apr/2015:04:24:12 -0700] "GET /nigeria.html HTTP/1.1" 200 5464 "-" "Mozilla/5.0 (compatible; MegaIndex.ru/2.0; +https://www.megaindex.ru/?tab=linkAnalyze)" "saveaslave.com"
5.9.151.67 - - [06/Apr/2015:04:24:12 -0700] "GET /niue.html HTTP/1.1" 200 5437 "-" "Mozilla/5.0 (compatible; MegaIndex.ru/2.0; +https://www.megaindex.ru/?tab=linkAnalyze)" "saveaslave.com"
5.9.151.67 - - [06/Apr/2015:04:24:13 -0700] "GET /norfolk-island.html HTTP/1.1" 200 5527 "-" "Mozilla/5.0 (compatible; MegaIndex.ru/2.0; +https://www.megaindex.ru/?tab=linkAnalyze)" "saveaslave.com"
5.9.151.67 - - [06/Apr/2015:04:24:13 -0700] "GET /norway.html HTTP/1.1" 200 5455 "-" "Mozilla/5.0 (compatible; MegaIndex.ru/2.0; +https://www.megaindex.ru/?tab=linkAnalyze)" "saveaslave.com"
5.9.151.67 - - [06/Apr/2015:04:24:14 -0700] "GET /oman.html HTTP/1.1" 200 5437 "-" "Mozilla/5.0 (compatible; MegaIndex.ru/2.0; +https://www.megaindex.ru/?tab=linkAnalyze)" "saveaslave.com"
5.9.151.67 - - [06/Apr/2015:04:24:14 -0700] "GET /pakistan.html HTTP/1.1" 200 5637 "-" "Mozilla/5.0 (compatible; MegaIndex.ru/2.0; +https://www.megaindex.ru/?tab=linkAnalyze)" "saveaslave.com"
5.9.151.67 - - [06/Apr/2015:04:24:14 -0700] "GET /palau.html HTTP/1.1" 200 5446 "-" "Mozilla/5.0 (compatible; MegaIndex.ru/2.0; +https://www.megaindex.ru/?tab=linkAnalyze)" "saveaslave.com"
5.9.151.67 - - [06/Apr/2015:04:24:14 -0700] "GET /palestinian-territories.html HTTP/1.1" 200 5609 "-" "Mozilla/5.0 (compatible; MegaIndex.ru/2.0; +https://www.megaindex.ru/?tab=linkAnalyze)" "saveaslave.com"
5.9.151.67 - - [06/Apr/2015:04:24:17 -0700] "GET /panama.html HTTP/1.1" 200 5455 "-" "Mozilla/5.0 (compatible; MegaIndex.ru/2.0; +https://www.megaindex.ru/?tab=linkAnalyze)" "saveaslave.com"
5.9.151.67 - - [06/Apr/2015:04:24:18 -0700] "GET /philippines.html HTTP/1.1" 200 5500 "-" "Mozilla/5.0 (compatible; MegaIndex.ru/2.0; +https://www.megaindex.ru/?tab=linkAnalyze)" "saveaslave.com"
5.9.151.67 - - [06/Apr/2015:04:24:18 -0700] "GET /poland.html HTTP/1.1" 200 5454 "-" "Mozilla/5.0 (compatible; MegaIndex.ru/2.0; +https://www.megaindex.ru/?tab=linkAnalyze)" "saveaslave.com"
5.9.151.67 - - [06/Apr/2015:04:24:19 -0700] "GET /russia.html HTTP/1.1" 200 5455 "-" "Mozilla/5.0 (compatible; MegaIndex.ru/2.0; +https://www.megaindex.ru/?tab=linkAnalyze)" "saveaslave.com"
5.9.151.67 - - [06/Apr/2015:04:24:20 -0700] "GET /rwanda.html HTTP/1.1" 200 5455 "-" "Mozilla/5.0 (compatible; MegaIndex.ru/2.0; +https://www.megaindex.ru/?tab=linkAnalyze)" "saveaslave.com"
5.9.151.67 - - [06/Apr/2015:04:24:20 -0700] "GET /saint-barthelemy.html HTTP/1.1" 200 5545 "-" "Mozilla/5.0 (compatible; MegaIndex.ru/2.0; +https://www.megaindex.ru/?tab=linkAnalyze)" "saveaslave.com"
5.9.151.67 - - [06/Apr/2015:04:24:22 -0700] "GET /saint-lucia.html HTTP/1.1" 200 5500 "-" "Mozilla/5.0 (compatible; MegaIndex.ru/2.0; +https://www.megaindex.ru/?tab=linkAnalyze)" "saveaslave.com"
5.9.151.67 - - [06/Apr/2015:04:24:23 -0700] "GET /samoa.html HTTP/1.1" 200 5446 "-" "Mozilla/5.0 (compatible; MegaIndex.ru/2.0; +https://www.megaindex.ru/?tab=linkAnalyze)" "saveaslave.com"
5.9.151.67 - - [06/Apr/2015:04:24:23 -0700] "GET /sao-tome-principe.html HTTP/1.1" 200 5570 "-" "Mozilla/5.0 (compatible; MegaIndex.ru/2.0; +https://www.megaindex.ru/?tab=linkAnalyze)" "saveaslave.com"
5.9.151.67 - - [06/Apr/2015:04:24:24 -0700] "GET /senegal.html HTTP/1.1" 200 5464 "-" "Mozilla/5.0 (compatible; MegaIndex.ru/2.0; +https://www.megaindex.ru/?tab=linkAnalyze)" "saveaslave.com"
5.9.151.67 - - [06/Apr/2015:04:24:24 -0700] "GET /serbia.html HTTP/1.1" 200 5455 "-" "Mozilla/5.0 (compatible; MegaIndex.ru/2.0; +https://www.megaindex.ru/?tab=linkAnalyze)" "saveaslave.com"
5.9.151.67 - - [06/Apr/2015:04:24:24 -0700] "GET /seychelles.html HTTP/1.1" 200 5491 "-" "Mozilla/5.0 (compatible; MegaIndex.ru/2.0; +https://www.megaindex.ru/?tab=linkAnalyze)" "saveaslave.com"
5.9.151.67 - - [06/Apr/2015:04:24:25 -0700] "GET /sierra-leone.html HTTP/1.1" 200 5509 "-" "Mozilla/5.0 (compatible; MegaIndex.ru/2.0; +https://www.megaindex.ru/?tab=linkAnalyze)" "saveaslave.com"
5.9.151.67 - - [06/Apr/2015:04:24:26 -0700] "GET /sint-maarten.html HTTP/1.1" 200 5509 "-" "Mozilla/5.0 (compatible; MegaIndex.ru/2.0; +https://www.megaindex.ru/?tab=linkAnalyze)" "saveaslave.com"
5.9.151.67 - - [06/Apr/2015:04:24:27 -0700] "GET /slovakia.html HTTP/1.1" 200 5472 "-" "Mozilla/5.0 (compatible; MegaIndex.ru/2.0; +https://www.megaindex.ru/?tab=linkAnalyze)" "saveaslave.com"
5.9.151.67 - - [06/Apr/2015:04:24:27 -0700] "GET /slovenia.html HTTP/1.1" 200 5473 "-" "Mozilla/5.0 (compatible; MegaIndex.ru/2.0; +https://www.megaindex.ru/?tab=linkAnalyze)" "saveaslave.com"
5.9.151.67 - - [06/Apr/2015:04:24:28 -0700] "GET /south-africa.html HTTP/1.1" 200 5509 "-" "Mozilla/5.0 (compatible; MegaIndex.ru/2.0; +https://www.megaindex.ru/?tab=linkAnalyze)" "saveaslave.com"
5.9.151.67 - - [06/Apr/2015:04:24:28 -0700] "GET /south-korea.html HTTP/1.1" 200 5500 "-" "Mozilla/5.0 (compatible; MegaIndex.ru/2.0; +https://www.megaindex.ru/?tab=linkAnalyze)" "saveaslave.com"
5.9.151.67 - - [06/Apr/2015:04:24:29 -0700] "GET /south-sudan.html HTTP/1.1" 200 5500 "-" "Mozilla/5.0 (compatible; MegaIndex.ru/2.0; +https://www.megaindex.ru/?tab=linkAnalyze)" "saveaslave.com"
5.9.151.67 - - [06/Apr/2015:04:24:29 -0700] "GET /spain.html HTTP/1.1" 200 5665 "-" "Mozilla/5.0 (compatible; MegaIndex.ru/2.0; +https://www.megaindex.ru/?tab=linkAnalyze)" "saveaslave.com"
5.9.151.67 - - [06/Apr/2015:04:24:29 -0700] "GET /sudan.html HTTP/1.1" 200 5452 "-" "Mozilla/5.0 (compatible; MegaIndex.ru/2.0; +https://www.megaindex.ru/?tab=linkAnalyze)" "saveaslave.com"
5.9.151.67 - - [06/Apr/2015:04:24:30 -0700] "GET /suriname.html HTTP/1.1" 200 5480 "-" "Mozilla/5.0 (compatible; MegaIndex.ru/2.0; +https://www.megaindex.ru/?tab=linkAnalyze)" "saveaslave.com"
5.9.151.67 - - [06/Apr/2015:04:24:32 -0700] "GET /svalbard.html HTTP/1.1" 200 5695 "-" "Mozilla/5.0 (compatible; MegaIndex.ru/2.0; +https://www.megaindex.ru/?tab=linkAnalyze)" "saveaslave.com"
5.9.151.67 - - [06/Apr/2015:04:24:32 -0700] "GET /swaziland.html HTTP/1.1" 200 5704 "-" "Mozilla/5.0 (compatible; MegaIndex.ru/2.0; +https://www.megaindex.ru/?tab=linkAnalyze)" "saveaslave.com"
5.9.151.67 - - [06/Apr/2015:04:24:32 -0700] "GET /sweden.html HTTP/1.1" 200 5677 "-" "Mozilla/5.0 (compatible; MegaIndex.ru/2.0; +https://www.megaindex.ru/?tab=linkAnalyze)" "saveaslave.com"
5.9.151.67 - - [06/Apr/2015:04:24:34 -0700] "GET /syria.html HTTP/1.1" 200 5668 "-" "Mozilla/5.0 (compatible; MegaIndex.ru/2.0; +https://www.megaindex.ru/?tab=linkAnalyze)" "saveaslave.com"
5.9.151.67 - - [06/Apr/2015:04:24:35 -0700] "GET /taiwan.html HTTP/1.1" 200 5677 "-" "Mozilla/5.0 (compatible; MegaIndex.ru/2.0; +https://www.megaindex.ru/?tab=linkAnalyze)" "saveaslave.com"
5.9.151.67 - - [06/Apr/2015:04:24:35 -0700] "GET /tajikistan.html HTTP/1.1" 200 5713 "-" "Mozilla/5.0 (compatible; MegaIndex.ru/2.0; +https://www.megaindex.ru/?tab=linkAnalyze)" "saveaslave.com"
5.9.151.67 - - [06/Apr/2015:04:24:37 -0700] "GET /tunisia.html HTTP/1.1" 200 5686 "-" "Mozilla/5.0 (compatible; MegaIndex.ru/2.0; +https://www.megaindex.ru/?tab=linkAnalyze)" "saveaslave.com"
5.9.151.67 - - [06/Apr/2015:04:24:38 -0700] "GET /turkey.html HTTP/1.1" 200 5677 "-" "Mozilla/5.0 (compatible; MegaIndex.ru/2.0; +https://www.megaindex.ru/?tab=linkAnalyze)" "saveaslave.com"
5.9.151.67 - - [06/Apr/2015:04:24:38 -0700] "GET /turkmenistan.html HTTP/1.1" 200 5731 "-" "Mozilla/5.0 (compatible; MegaIndex.ru/2.0; +https://www.megaindex.ru/?tab=linkAnalyze)" "saveaslave.com"
5.9.151.67 - - [06/Apr/2015:04:24:38 -0700] "GET /turks-caicos-islands.html HTTP/1.1" 200 5819 "-" "Mozilla/5.0 (compatible; MegaIndex.ru/2.0; +https://www.megaindex.ru/?tab=linkAnalyze)" "saveaslave.com"
5.9.151.67 - - [06/Apr/2015:04:24:39 -0700] "GET /tuvalu.html HTTP/1.1" 200 5677 "-" "Mozilla/5.0 (compatible; MegaIndex.ru/2.0; +https://www.megaindex.ru/?tab=linkAnalyze)" "saveaslave.com"
5.9.151.67 - - [06/Apr/2015:04:24:39 -0700] "GET /uganda.html HTTP/1.1" 200 5677 "-" "Mozilla/5.0 (compatible; MegaIndex.ru/2.0; +https://www.megaindex.ru/?tab=linkAnalyze)" "saveaslave.com"
5.9.151.67 - - [06/Apr/2015:04:24:39 -0700] "GET /ukraine.html HTTP/1.1" 200 5471 "-" "Mozilla/5.0 (compatible; MegaIndex.ru/2.0; +https://www.megaindex.ru/?tab=linkAnalyze)" "saveaslave.com"
5.9.151.67 - - [06/Apr/2015:04:24:40 -0700] "GET /united-arab-emirates.html HTTP/1.1" 200 5554 "-" "Mozilla/5.0 (compatible; MegaIndex.ru/2.0; +https://www.megaindex.ru/?tab=linkAnalyze)" "saveaslave.com"
5.9.151.67 - - [06/Apr/2015:04:24:41 -0700] "GET /us-virgin-islands.html HTTP/1.1" 200 5584 "-" "Mozilla/5.0 (compatible; MegaIndex.ru/2.0; +https://www.megaindex.ru/?tab=linkAnalyze)" "saveaslave.com"
5.9.151.67 - - [06/Apr/2015:04:24:42 -0700] "GET /united-states.html HTTP/1.1" 200 5793 "-" "Mozilla/5.0 (compatible; MegaIndex.ru/2.0; +https://www.megaindex.ru/?tab=linkAnalyze)" "saveaslave.com"
5.9.151.67 - - [06/Apr/2015:04:24:42 -0700] "GET /uruguay.html HTTP/1.1" 200 5471 "-" "Mozilla/5.0 (compatible; MegaIndex.ru/2.0; +https://www.megaindex.ru/?tab=linkAnalyze)" "saveaslave.com"
5.9.151.67 - - [06/Apr/2015:04:24:42 -0700] "GET /uzbekistan.html HTTP/1.1" 200 5498 "-" "Mozilla/5.0 (compatible; MegaIndex.ru/2.0; +https://www.megaindex.ru/?tab=linkAnalyze)" "saveaslave.com"
5.9.151.67 - - [06/Apr/2015:04:24:43 -0700] "GET /vietnam.html HTTP/1.1" 200 5471 "-" "Mozilla/5.0 (compatible; MegaIndex.ru/2.0; +https://www.megaindex.ru/?tab=linkAnalyze)" "saveaslave.com"
5.9.151.67 - - [06/Apr/2015:04:24:43 -0700] "GET /wake-island.html HTTP/1.1" 200 5507 "-" "Mozilla/5.0 (compatible; MegaIndex.ru/2.0; +https://www.megaindex.ru/?tab=linkAnalyze)" "saveaslave.com"
5.9.151.67 - - [06/Apr/2015:04:24:44 -0700] "GET /wallis-and-futuna.html HTTP/1.1" 200 5541 "-" "Mozilla/5.0 (compatible; MegaIndex.ru/2.0; +https://www.megaindex.ru/?tab=linkAnalyze)" "saveaslave.com"
5.9.151.67 - - [06/Apr/2015:04:24:44 -0700] "GET /west-bank.html HTTP/1.1" 200 5732 "-" "Mozilla/5.0 (compatible; MegaIndex.ru/2.0; +https://www.megaindex.ru/?tab=linkAnalyze)" "saveaslave.com"
5.9.151.67 - - [06/Apr/2015:04:24:44 -0700] "GET /western-sahara.html HTTP/1.1" 200 5534 "-" "Mozilla/5.0 (compatible; MegaIndex.ru/2.0; +https://www.megaindex.ru/?tab=linkAnalyze)" "saveaslave.com"
5.9.151.67 - - [06/Apr/2015:04:24:45 -0700] "GET /yemen.html HTTP/1.1" 200 5453 "-" "Mozilla/5.0 (compatible; MegaIndex.ru/2.0; +https://www.megaindex.ru/?tab=linkAnalyze)" "saveaslave.com"
5.9.151.67 - - [06/Apr/2015:04:24:45 -0700] "GET /zambia.html HTTP/1.1" 200 5462 "-" "Mozilla/5.0 (compatible; MegaIndex.ru/2.0; +https://www.megaindex.ru/?tab=linkAnalyze)" "saveaslave.com"
5.9.151.67 - - [06/Apr/2015:04:24:46 -0700] "GET /zimbabwe.html HTTP/1.1" 200 5480 "-" "Mozilla/5.0 (compatible; MegaIndex.ru/2.0; +https://www.megaindex.ru/?tab=linkAnalyze)" "saveaslave.com"
5.9.151.67 - - [06/Apr/2015:04:24:47 -0700] "GET /www.ituc-csi.org HTTP/1.1" 404 89 "-" "Mozilla/5.0 (compatible; MegaIndex.ru/2.0; +https://www.megaindex.ru/?tab=linkAnalyze)" "saveaslave.com"
5.9.151.67 - - [06/Apr/2015:04:24:47 -0700] "GET /www.unicef.org HTTP/1.1" 404 89 "-" "Mozilla/5.0 (compatible; MegaIndex.ru/2.0; +https://www.megaindex.ru/?tab=linkAnalyze)" "saveaslave.com"
144.76.64.115 - - [06/Apr/2015:04:36:37 -0700] "GET / HTTP/1.1" 200 24277 "-" "Mozilla/5.0 (X11; Linux i686) AppleWebKit/535.21 (KHTML, like Gecko) Chrome/19.0.1041.0 Safari/535.21" "www.saveaslave.com"
83.110.192.135 - - [06/Apr/2015:04:54:07 -0700] "GET /images/countrymap/bosnia-herzegovina.jpg HTTP/1.1" 200 42063 "https://www.google.ae/" "Mozilla/5.0 (Windows NT 6.1) AppleWebKit/537.36 (KHTML, like Gecko) Chrome/41.0.2272.118 Safari/537.36" "www.saveaslave.com"
65.36.241.48 - - [06/Apr/2015:04:56:02 -0700] "HEAD / HTTP/1.1" 200 0 "-" "InternetSeer.com" "www.saveaslave.com"
180.76.6.42 - - [06/Apr/2015:04:56:11 -0700] "GET /slovenia.html HTTP/1.1" 200 5473 "-" "Mozilla/5.0 (compatible; Baiduspider/2.0; +http://www.baidu.com/search/spider.html)" "www.saveaslave.com"
188.165.15.97 - - [06/Apr/2015:05:25:19 -0700] "GET / HTTP/1.1" 200 24277 "-" "Mozilla/5.0 (compatible; AhrefsBot/5.0; +http://ahrefs.com/robot/)" "www.saveaslave.com"
180.76.6.49 - - [06/Apr/2015:05:36:56 -0700] "GET /countries/equatorial-guinea.html HTTP/1.1" 404 89 "-" "Mozilla/5.0 (compatible; Baiduspider/2.0; +http://www.baidu.com/search/spider.html)" "www.saveaslave.com"
207.46.13.41 - - [06/Apr/2015:05:43:11 -0700] "GET /guatemala.html HTTP/1.1" 200 5702 "-" "Mozilla/5.0 (compatible; bingbot/2.0; +http://www.bing.com/bingbot.htm)" "saveaslave.com"
188.165.15.97 - - [06/Apr/2015:05:47:44 -0700] "GET /countries/svalbard.html HTTP/1.1" 404 89 "-" "Mozilla/5.0 (compatible; AhrefsBot/5.0; +http://ahrefs.com/robot/)" "www.saveaslave.com"
207.46.13.41 - - [06/Apr/2015:06:06:02 -0700] "GET /grenada.html HTTP/1.1" 200 5684 "-" "Mozilla/5.0 (compatible; bingbot/2.0; +http://www.bing.com/bingbot.htm)" "saveaslave.com"
180.76.6.152 - - [06/Apr/2015:06:06:59 -0700] "GET /countries/greece.html HTTP/1.1" 404 89 "-" "Mozilla/5.0 (compatible; Baiduspider/2.0; +http://www.baidu.com/search/spider.html)" "www.saveaslave.com"
207.46.13.43 - - [06/Apr/2015:06:07:34 -0700] "GET /ethiopia HTTP/1.1" 200 5695 "-" "Mozilla/5.0 (compatible; bingbot/2.0; +http://www.bing.com/bingbot.htm)" "www.saveaslave.com"
66.249.69.96 - - [06/Apr/2015:06:17:48 -0700] "GET /images/Hungary_region.gif HTTP/1.1" 404 89 "-" "Googlebot-Image/1.0" "www.saveaslave.com"
66.249.69.112 - - [06/Apr/2015:06:22:14 -0700] "GET /images/Hungary_flag.gif HTTP/1.1" 404 89 "-" "Googlebot-Image/1.0" "www.saveaslave.com"
66.249.69.104 - - [06/Apr/2015:06:22:37 -0700] "GET /images/Liechtenstein_flag.gif HTTP/1.1" 404 89 "-" "Googlebot-Image/1.0" "www.saveaslave.com"
66.249.69.104 - - [06/Apr/2015:06:22:38 -0700] "GET /images/Liechtenstein_region.gif HTTP/1.1" 404 89 "-" "Googlebot-Image/1.0" "www.saveaslave.com"
212.224.119.175 - - [06/Apr/2015:06:22:44 -0700] "GET /benin.html HTTP/1.1" 200 5639 "-" "Mozilla/5.0 (compatible; XoviBot/2.0; +http://www.xovibot.net/)" "www.saveaslave.com"
180.76.5.23 - - [06/Apr/2015:06:32:25 -0700] "GET /robots.txt HTTP/1.1" 404 89 "-" "Mozilla/5.0 (Windows NT 5.1; rv:6.0.2) Gecko/20100101 Firefox/6.0.2" "www.saveaslave.com"
123.125.71.84 - - [06/Apr/2015:06:39:33 -0700] "GET /robots.txt HTTP/1.1" 404 89 "-" "Mozilla/5.0 (Windows NT 5.1; rv:6.0.2) Gecko/20100101 Firefox/6.0.2" "www.saveaslave.com"
188.165.15.97 - - [06/Apr/2015:06:49:25 -0700] "GET /south-sudan.html HTTP/1.1" 200 5500 "-" "Mozilla/5.0 (compatible; AhrefsBot/5.0; +http://ahrefs.com/robot/)" "www.saveaslave.com"
188.165.15.97 - - [06/Apr/2015:06:49:53 -0700] "GET /countries/tunisia.html HTTP/1.1" 404 89 "-" "Mozilla/5.0 (compatible; AhrefsBot/5.0; +http://ahrefs.com/robot/)" "www.saveaslave.com"
185.53.44.61 - - [06/Apr/2015:07:17:31 -0700] "GET /aruba.html HTTP/1.1" 200 14875 "-" "Mozilla/5.0 (compatible; XoviBot/2.0; +http://www.xovibot.net/)" "www.saveaslave.com"
180.76.6.144 - - [06/Apr/2015:07:36:56 -0700] "GET /algeria.html HTTP/1.1" 200 5626 "-" "Mozilla/5.0 (compatible; Baiduspider/2.0; +http://www.baidu.com/search/spider.html)" "www.saveaslave.com"
107.198.130.87 - - [06/Apr/2015:07:48:29 -0700] "GET / HTTP/1.1" 200 24277 "http://t.co/MoR8lnFwqJ" "Mozilla/5.0 (Windows NT 6.1; WOW64; rv:37.0) Gecko/20100101 Firefox/37.0" "saveaslave.com"
107.198.130.87 - - [06/Apr/2015:07:48:29 -0700] "GET /jquery.marquee.js HTTP/1.1" 200 6560 "http://saveaslave.com/" "Mozilla/5.0 (Windows NT 6.1; WOW64; rv:37.0) Gecko/20100101 Firefox/37.0" "saveaslave.com"
107.198.130.87 - - [06/Apr/2015:07:48:35 -0700] "GET /favicon.ico HTTP/1.1" 404 89 "-" "Mozilla/5.0 (Windows NT 6.1; WOW64; rv:37.0) Gecko/20100101 Firefox/37.0" "saveaslave.com"
124.103.104.183 - - [06/Apr/2015:07:52:41 -0700] "GET / HTTP/1.1" 200 24277 "http://www.save-the-slave.com/link.html" "Mozilla/5.0 (Windows NT 6.3; WOW64; Trident/7.0; MALNJS; rv:11.0) like Gecko" "www.saveaslave.com"
124.103.104.183 - - [06/Apr/2015:07:52:42 -0700] "GET /images/sas_button.gif HTTP/1.1" 200 2628 "http://www.saveaslave.com/" "Mozilla/5.0 (Windows NT 6.3; WOW64; Trident/7.0; MALNJS; rv:11.0) like Gecko" "www.saveaslave.com"
124.103.104.183 - - [06/Apr/2015:07:55:11 -0700] "GET /images/countrymap/japan-flag.gif HTTP/1.1" 200 10800 "http://www.saveaslave.com/japan.html" "Mozilla/5.0 (Windows NT 6.3; WOW64; Trident/7.0; MALNJS; rv:11.0) like Gecko" "www.saveaslave.com"
124.103.104.183 - - [06/Apr/2015:07:55:11 -0700] "GET /images/countrymap/japan.gif HTTP/1.1" 200 29524 "http://www.saveaslave.com/japan.html" "Mozilla/5.0 (Windows NT 6.3; WOW64; Trident/7.0; MALNJS; rv:11.0) like Gecko" "www.saveaslave.com"
124.103.104.183 - - [06/Apr/2015:07:55:13 -0700] "GET /favicon.ico HTTP/1.1" 404 89 "-" "Mozilla/5.0 (Windows NT 6.3; Win64; x64; Trident/7.0; MALNJS; rv:11.0) like Gecko" "www.saveaslave.com"
207.46.13.25 - - [06/Apr/2015:07:59:44 -0700] "GET /monaco HTTP/1.1" 200 5674 "-" "Mozilla/5.0 (compatible; bingbot/2.0; +http://www.bing.com/bingbot.htm)" "www.saveaslave.com"
207.46.13.41 - - [06/Apr/2015:08:14:00 -0700] "GET /luxembourg.html HTTP/1.1" 200 5711 "-" "Mozilla/5.0 (compatible; bingbot/2.0; +http://www.bing.com/bingbot.htm)" "saveaslave.com"
185.53.44.101 - - [06/Apr/2015:08:21:58 -0700] "GET /americansamoa HTTP/1.1" 404 89 "-" "Mozilla/5.0 (compatible; XoviBot/2.0; +http://www.xovibot.net/)" "www.saveaslave.com"
108.216.18.165 - - [06/Apr/2015:08:25:23 -0700] "GET /images/countrymap/solomon-islands.gif HTTP/1.1" 200 122217 "-" "Mozilla/5.0 (Linux; U; Android 4.1.1; en-us; Ematic EGD170 Build/JRO03H) AppleWebKit/534.30 (KHTML, like Gecko) Version/4.0 Safari/534.30 GSA/3.4.16.1149292.arm" "www.saveaslave.com"
5.9.9.4 - - [06/Apr/2015:08:26:56 -0700] "GET /jquery.marquee.js HTTP/1.1" 200 6560 "http://forum69.info/?go_away=181607" "Mozilla/5.0 (Windows NT 6.1; WOW64) AppleWebKit/537.36 (KHTML, like Gecko) Chrome/37.0.2062.120 Safari/537.36" "saveaslave.com"
188.165.15.97 - - [06/Apr/2015:09:22:24 -0700] "GET /azkaban.html HTTP/1.1" 200 12664 "-" "Mozilla/5.0 (compatible; AhrefsBot/5.0; +http://ahrefs.com/robot/)" "www.saveaslave.com"
71.55.12.230 - - [06/Apr/2015:09:44:45 -0700] "GET /images/countrymap/papua-new-guinea.gif HTTP/1.1" 200 29833 "-" "Mozilla/5.0 (Windows NT 6.3; WOW64; Trident/7.0; rv:11.0) like Gecko" "www.saveaslave.com"
185.53.44.158 - - [06/Apr/2015:09:45:42 -0700] "GET /bangladesh.html HTTP/1.1" 200 5664 "-" "Mozilla/5.0 (compatible; XoviBot/2.0; +http://www.xovibot.net/)" "saveaslave.com"
66.249.67.144 - - [06/Apr/2015:09:59:00 -0700] "GET /robots.txt HTTP/1.1" 404 89 "-" "Mozilla/5.0 (compatible; Googlebot/2.1; +http://www.google.com/bot.html)" "www.saveaslave.com"
177.236.34.134 - - [06/Apr/2015:10:04:00 -0700] "GET / HTTP/1.1" 200 24277 "http://buttons-for-website.com" "Mozilla/5.0 (Windows NT 6.1; WOW64) AppleWebKit/537.36 (KHTML, like Gecko) Chrome/36.0.1985.143 Safari/537.36" "saveaslave.com"
177.236.34.134 - - [06/Apr/2015:10:04:00 -0700] "GET /css/style.css HTTP/1.1" 200 1400 "http://saveaslave.com/" "Mozilla/5.0 (Windows NT 6.1; WOW64) AppleWebKit/537.36 (KHTML, like Gecko) Chrome/36.0.1985.143 Safari/537.36" "saveaslave.com"
177.236.34.134 - - [06/Apr/2015:10:04:00 -0700] "GET /jquery.marquee.js HTTP/1.1" 200 6560 "http://saveaslave.com/" "Mozilla/5.0 (Windows NT 6.1; WOW64) AppleWebKit/537.36 (KHTML, like Gecko) Chrome/36.0.1985.143 Safari/537.36" "saveaslave.com"
177.236.34.134 - - [06/Apr/2015:10:04:00 -0700] "GET /images/header.png HTTP/1.1" 200 84658 "http://saveaslave.com/" "Mozilla/5.0 (Windows NT 6.1; WOW64) AppleWebKit/537.36 (KHTML, like Gecko) Chrome/36.0.1985.143 Safari/537.36" "saveaslave.com"
177.236.34.134 - - [06/Apr/2015:10:04:01 -0700] "GET /images/sas_button.gif HTTP/1.1" 200 2628 "http://saveaslave.com/" "Mozilla/5.0 (Windows NT 6.1; WOW64) AppleWebKit/537.36 (KHTML, like Gecko) Chrome/36.0.1985.143 Safari/537.36" "saveaslave.com"
177.236.34.134 - - [06/Apr/2015:10:04:01 -0700] "GET /images/slaves.jpg HTTP/1.1" 200 64009 "http://saveaslave.com/" "Mozilla/5.0 (Windows NT 6.1; WOW64) AppleWebKit/537.36 (KHTML, like Gecko) Chrome/36.0.1985.143 Safari/537.36" "saveaslave.com"
207.46.13.25 - - [06/Apr/2015:10:17:23 -0700] "GET /images/countrymap/uzbekistan.jpg HTTP/1.1" 200 10612 "-" "msnbot-media/1.1 (+http://search.msn.com/msnbot.htm)" "saveaslave.com"
74.192.89.65 - - [06/Apr/2015:10:18:39 -0700] "GET / HTTP/1.1" 200 24277 "-" "Mozilla/5.0 (X11; Ubuntu; Linux x86_64; rv:37.0) Gecko/20100101 Firefox/37.0" "saveaslave.com"
74.192.89.65 - - [06/Apr/2015:10:18:40 -0700] "GET /css/style.css HTTP/1.1" 200 1400 "http://saveaslave.com/" "Mozilla/5.0 (X11; Ubuntu; Linux x86_64; rv:37.0) Gecko/20100101 Firefox/37.0" "saveaslave.com"
74.192.89.65 - - [06/Apr/2015:10:18:40 -0700] "GET /images/sas_button.gif HTTP/1.1" 200 2628 "http://saveaslave.com/" "Mozilla/5.0 (X11; Ubuntu; Linux x86_64; rv:37.0) Gecko/20100101 Firefox/37.0" "saveaslave.com"
74.192.89.65 - - [06/Apr/2015:10:19:03 -0700] "GET /css/style.css HTTP/1.1" 200 1400 "-" "Mozilla/5.0 (X11; Linux x86_64; rv:36.0) Gecko/20100101 Firefox/36.0" "saveaslave.com"
74.192.89.65 - - [06/Apr/2015:10:19:03 -0700] "GET /jquery-1.3.2.min.js HTTP/1.1" 200 57254 "-" "Mozilla/5.0 (X11; Linux x86_64; rv:36.0) Gecko/20100101 Firefox/36.0" "saveaslave.com"
74.192.89.65 - - [06/Apr/2015:10:19:03 -0700] "GET /images/slaves.jpg HTTP/1.1" 200 64009 "-" "Mozilla/5.0 (X11; Linux x86_64; rv:36.0) Gecko/20100101 Firefox/36.0" "saveaslave.com"
74.192.89.65 - - [06/Apr/2015:10:19:03 -0700] "GET /jquery.marquee.js HTTP/1.1" 200 6560 "-" "Mozilla/5.0 (X11; Linux x86_64; rv:36.0) Gecko/20100101 Firefox/36.0" "saveaslave.com"
74.192.89.65 - - [06/Apr/2015:10:19:03 -0700] "GET /images/header.png HTTP/1.1" 200 84658 "-" "Mozilla/5.0 (X11; Linux x86_64; rv:36.0) Gecko/20100101 Firefox/36.0" "saveaslave.com"
74.192.89.65 - - [06/Apr/2015:10:19:06 -0700] "GET /favicon.ico HTTP/1.1" 404 89 "-" "Mozilla/5.0 (X11; Linux x86_64; rv:36.0) Gecko/20100101 Firefox/36.0" "saveaslave.com"
74.192.89.65 - - [06/Apr/2015:10:20:40 -0700] "GET / HTTP/1.1" 200 24277 "http://www.google.com/url?sa=t&rct=j&q=saveaslave&source=web&cd=1&ved=0CB0QFjAA&url=http%3A%2F%2Fwww.saveaslave.com%2F&ei=ZcAiVf7VOIq-sAWi04DIBg&usg=AFQjCNH8zkJVjhy95RAYyAjpBFVif_cMgQ&sig2=WLcYf3cWkcqHe0uNaK62HA&bvm=bv.89947451,d.cWc" "Mozilla/5.0 (Linux; U; Android 4.0.3; en-us; KFTT Build/IML74K) AppleWebKit/537.36 (KHTML, like Gecko) Silk/3.48 like Chrome/39.0.2171.93 Safari/537.36" "www.saveaslave.com"
74.192.89.65 - - [06/Apr/2015:10:20:40 -0700] "GET /images/header.png HTTP/1.1" 200 84658 "http://www.saveaslave.com/" "Mozilla/5.0 (Linux; U; Android 4.0.3; en-us; KFTT Build/IML74K) AppleWebKit/537.36 (KHTML, like Gecko) Silk/3.48 like Chrome/39.0.2171.93 Safari/537.36" "www.saveaslave.com"
74.192.89.65 - - [06/Apr/2015:10:20:46 -0700] "GET /favicon.ico HTTP/1.1" 404 89 "-" "Mozilla/5.0 (Linux; U; Android 4.0.3; en-us; KFTT Build/IML74K) AppleWebKit/537.36 (KHTML, like Gecko) Silk/3.48 like Chrome/39.0.2171.93 Safari/537.36" "www.saveaslave.com"
64.188.59.239 - - [06/Apr/2015:10:29:53 -0700] "GET / HTTP/1.1" 200 24277 "-" "-" "saveaslave.com"
188.165.15.97 - - [06/Apr/2015:10:31:44 -0700] "GET /countries/ghana.html HTTP/1.1" 404 89 "-" "Mozilla/5.0 (compatible; AhrefsBot/5.0; +http://ahrefs.com/robot/)" "www.saveaslave.com"
147.70.176.123 - - [06/Apr/2015:10:33:28 -0700] "GET /articles.html HTTP/1.1" 404 89 "http://www.google.com/url?q=http%3A%2F%2Fwww.saveaslave.com%2Farticles.html&sa=D&sntz=1&usg=AFQjCNH0m49B7MH3KDpz_4D3LCSlvKNDpw" "Mozilla/5.0 (Windows NT 6.1; WOW64) AppleWebKit/537.36 (KHTML, like Gecko) Chrome/41.0.2272.118 Safari/537.36" "www.saveaslave.com"
147.70.176.123 - - [06/Apr/2015:10:33:28 -0700] "GET /favicon.ico HTTP/1.1" 404 89 "-" "Mozilla/5.0 (Windows NT 6.1; WOW64) AppleWebKit/537.36 (KHTML, like Gecko) Chrome/41.0.2272.118 Safari/537.36" "www.saveaslave.com"
72.168.96.123 - - [06/Apr/2015:10:35:06 -0700] "GET / HTTP/1.1" 200 24277 "-" "Mozilla/5.0 (Windows NT 6.1; WOW64; Trident/7.0; rv:11.0) like Gecko" "www.saveaslave.com"
72.168.96.123 - - [06/Apr/2015:10:35:06 -0700] "GET / HTTP/1.1" 200 24277 "-" "Mozilla/5.0 (Windows NT 6.1; WOW64; Trident/7.0; rv:11.0) like Gecko" "www.saveaslave.com"
72.168.96.123 - - [06/Apr/2015:10:35:07 -0700] "GET /images/header.png HTTP/1.1" 200 84658 "http://www.saveaslave.com/" "Mozilla/5.0 (Windows NT 6.1; WOW64; Trident/7.0; rv:11.0) like Gecko" "www.saveaslave.com"
72.168.96.123 - - [06/Apr/2015:10:35:07 -0700] "GET /jquery.marquee.js HTTP/1.1" 200 6560 "http://www.saveaslave.com/" "Mozilla/5.0 (Windows NT 6.1; WOW64; Trident/7.0; rv:11.0) like Gecko" "www.saveaslave.com"
72.168.96.123 - - [06/Apr/2015:10:35:10 -0700] "GET /jquery-1.3.2.min.js HTTP/1.1" 200 57254 "http://www.saveaslave.com/" "Mozilla/5.0 (Windows NT 6.1; WOW64; Trident/7.0; rv:11.0) like Gecko" "www.saveaslave.com"
72.168.96.123 - - [06/Apr/2015:10:35:10 -0700] "GET /css/style.css HTTP/1.1" 200 1400 "http://www.saveaslave.com/" "Mozilla/5.0 (Windows NT 6.1; WOW64; Trident/7.0; rv:11.0) like Gecko" "www.saveaslave.com"
72.168.96.123 - - [06/Apr/2015:10:35:10 -0700] "GET /images/sas_button.gif HTTP/1.1" 200 2628 "http://www.saveaslave.com/" "Mozilla/5.0 (Windows NT 6.1; WOW64; Trident/7.0; rv:11.0) like Gecko" "www.saveaslave.com"
72.168.96.123 - - [06/Apr/2015:10:35:10 -0700] "GET /jquery.marquee.js HTTP/1.1" 200 6560 "http://www.saveaslave.com/" "Mozilla/5.0 (Windows NT 6.1; WOW64; Trident/7.0; rv:11.0) like Gecko" "www.saveaslave.com"
72.168.96.123 - - [06/Apr/2015:10:35:10 -0700] "GET /images/slaves.jpg HTTP/1.1" 200 64009 "http://www.saveaslave.com/" "Mozilla/5.0 (Windows NT 6.1; WOW64; Trident/7.0; rv:11.0) like Gecko" "www.saveaslave.com"
72.168.96.123 - - [06/Apr/2015:10:35:16 -0700] "GET /favicon.ico HTTP/1.1" 404 89 "-" "Mozilla/5.0 (Windows NT 6.1; WOW64; Trident/7.0; rv:11.0) like Gecko" "www.saveaslave.com"
72.168.96.123 - - [06/Apr/2015:10:35:19 -0700] "GET /favicon.ico HTTP/1.1" 404 89 "-" "Mozilla/5.0 (Windows NT 6.1; WOW64; Trident/7.0; rv:11.0) like Gecko" "www.saveaslave.com"
65.36.241.48 - - [06/Apr/2015:10:37:31 -0700] "HEAD / HTTP/1.1" 200 0 "-" "InternetSeer.com" "www.saveaslave.com"
69.171.227.114 - - [06/Apr/2015:10:38:50 -0700] "GET / HTTP/1.1" 200 24277 "-" "facebookexternalhit/1.1 (+http://www.facebook.com/externalhit_uatext.php)" "www.saveaslave.com"
173.60.184.213 - - [06/Apr/2015:10:42:50 -0700] "GET /images/countrymap/solomon-islands.gif HTTP/1.1" 200 122217 "https://www.google.com/" "Mozilla/5.0 (Windows NT 6.1; WOW64) AppleWebKit/537.36 (KHTML, like Gecko) Chrome/41.0.2272.118 Safari/537.36" "www.saveaslave.com"
72.168.96.123 - - [06/Apr/2015:10:56:27 -0700] "GET /united-arab-emirates.html HTTP/1.1" 200 5554 "http://www.saveaslave.com/" "Mozilla/5.0 (Windows NT 6.1; WOW64; Trident/7.0; rv:11.0) like Gecko" "www.saveaslave.com"
72.168.96.123 - - [06/Apr/2015:10:56:27 -0700] "GET /images/countrymap/uae-flag.gif HTTP/1.1" 200 2820 "http://www.saveaslave.com/united-arab-emirates.html" "Mozilla/5.0 (Windows NT 6.1; WOW64; Trident/7.0; rv:11.0) like Gecko" "www.saveaslave.com"
72.168.96.123 - - [06/Apr/2015:10:56:27 -0700] "GET /images/countrymap/uae.gif HTTP/1.1" 200 22226 "http://www.saveaslave.com/united-arab-emirates.html" "Mozilla/5.0 (Windows NT 6.1; WOW64; Trident/7.0; rv:11.0) like Gecko" "www.saveaslave.com"
72.168.96.123 - - [06/Apr/2015:10:56:32 -0700] "GET /united-arab-emirates.html HTTP/1.1" 200 5554 "http://www.saveaslave.com/" "Mozilla/5.0 (Windows NT 6.1; WOW64; Trident/7.0; rv:11.0) like Gecko" "www.saveaslave.com"
72.168.96.123 - - [06/Apr/2015:10:56:34 -0700] "GET /css/style.css HTTP/1.1" 200 1400 "http://www.saveaslave.com/united-arab-emirates.html" "Mozilla/5.0 (Windows NT 6.1; WOW64; Trident/7.0; rv:11.0) like Gecko" "www.saveaslave.com"
72.168.96.123 - - [06/Apr/2015:10:56:34 -0700] "GET /images/header.png HTTP/1.1" 200 84658 "http://www.saveaslave.com/united-arab-emirates.html" "Mozilla/5.0 (Windows NT 6.1; WOW64; Trident/7.0; rv:11.0) like Gecko" "www.saveaslave.com"
72.168.96.123 - - [06/Apr/2015:10:56:39 -0700] "GET /united-arab-emirates.html HTTP/1.1" 200 5554 "http://www.saveaslave.com/" "Mozilla/5.0 (Windows NT 6.1; WOW64; Trident/7.0; rv:11.0) like Gecko" "www.saveaslave.com"
72.168.96.123 - - [06/Apr/2015:10:56:40 -0700] "GET /css/style.css HTTP/1.1" 200 1400 "http://www.saveaslave.com/united-arab-emirates.html" "Mozilla/5.0 (Windows NT 6.1; WOW64; Trident/7.0; rv:11.0) like Gecko" "www.saveaslave.com"
72.168.96.123 - - [06/Apr/2015:10:56:40 -0700] "GET /images/countrymap/uae-flag.gif HTTP/1.1" 200 2820 "http://www.saveaslave.com/united-arab-emirates.html" "Mozilla/5.0 (Windows NT 6.1; WOW64; Trident/7.0; rv:11.0) like Gecko" "www.saveaslave.com"
188.165.15.97 - - [06/Apr/2015:11:04:44 -0700] "GET /countries/uganda.html HTTP/1.1" 404 89 "-" "Mozilla/5.0 (compatible; AhrefsBot/5.0; +http://ahrefs.com/robot/)" "www.saveaslave.com"
157.55.39.245 - - [06/Apr/2015:11:12:19 -0700] "GET /liberia.html HTTP/1.1" 200 5683 "-" "Mozilla/5.0 (compatible; bingbot/2.0; +http://www.bing.com/bingbot.htm)" "saveaslave.com"
188.165.15.97 - - [06/Apr/2015:11:18:27 -0700] "GET /west-bank.html HTTP/1.1" 200 5732 "-" "Mozilla/5.0 (compatible; AhrefsBot/5.0; +http://ahrefs.com/robot/)" "www.saveaslave.com"
157.55.39.245 - - [06/Apr/2015:11:21:39 -0700] "GET /robots.txt HTTP/1.1" 404 89 "-" "Mozilla/5.0 (compatible; bingbot/2.0; +http://www.bing.com/bingbot.htm)" "saveaslave.com"
188.165.15.97 - - [06/Apr/2015:11:24:24 -0700] "GET /west-bank.html HTTP/1.1" 200 5732 "-" "Mozilla/5.0 (compatible; AhrefsBot/5.0; +http://ahrefs.com/robot/)" "saveaslave.com"
207.46.13.25 - - [06/Apr/2015:11:26:16 -0700] "GET /images/countrymap/romania.gif HTTP/1.1" 200 21949 "-" "msnbot-media/1.1 (+http://search.msn.com/msnbot.htm)" "saveaslave.com"
207.46.13.43 - - [06/Apr/2015:11:32:50 -0700] "GET /images/countrymap/kazakhstan.gif HTTP/1.1" 200 35672 "-" "msnbot-media/1.1 (+http://search.msn.com/msnbot.htm)" "saveaslave.com"
207.46.13.41 - - [06/Apr/2015:11:35:42 -0700] "GET /images/countrymap/kosovo.gif HTTP/1.1" 200 18191 "-" "msnbot-media/1.1 (+http://search.msn.com/msnbot.htm)" "saveaslave.com"
207.46.13.25 - - [06/Apr/2015:11:38:18 -0700] "GET /images/countrymap/moldova.gif HTTP/1.1" 200 22794 "-" "msnbot-media/1.1 (+http://search.msn.com/msnbot.htm)" "saveaslave.com"
157.55.39.245 - - [06/Apr/2015:11:44:07 -0700] "GET /robots.txt HTTP/1.1" 404 89 "-" "Mozilla/5.0 (compatible; bingbot/2.0; +http://www.bing.com/bingbot.htm)" "saveaslave.com"
178.95.184.49 - - [06/Apr/2015:11:56:46 -0700] "GET /wp/wp-login.php HTTP/1.1" 404 89 "-" "Mozilla/5.0 (Windows NT 6.1; WOW64; Trident/7.0; rv:11.0) like Gecko" "saveaslave.com"
178.95.184.49 - - [06/Apr/2015:11:56:46 -0700] "GET /wp-login.php HTTP/1.1" 200 73 "-" "Mozilla/5.0 (Windows NT 6.1; WOW64; Trident/7.0; rv:11.0) like Gecko" "saveaslave.com"
178.95.184.49 - - [06/Apr/2015:11:56:47 -0700] "GET /administrator/index.php HTTP/1.1" 404 89 "-" "Mozilla/5.0 (Windows NT 6.1; WOW64; Trident/7.0; rv:11.0) like Gecko" "saveaslave.com"
88.245.246.66 - - [06/Apr/2015:11:57:13 -0700] "GET /wordpress/wp-login.php HTTP/1.1" 404 89 "-" "Mozilla/5.0 (Windows NT 6.1; WOW64; Trident/7.0; rv:11.0) like Gecko" "www.saveaslave.com"
88.245.246.66 - - [06/Apr/2015:11:57:14 -0700] "GET /blog/wp-login.php HTTP/1.1" 404 89 "-" "Mozilla/5.0 (Windows NT 6.1; WOW64; Trident/7.0; rv:11.0) like Gecko" "www.saveaslave.com"
88.245.246.66 - - [06/Apr/2015:11:57:14 -0700] "GET /wp/wp-login.php HTTP/1.1" 404 89 "-" "Mozilla/5.0 (Windows NT 6.1; WOW64; Trident/7.0; rv:11.0) like Gecko" "www.saveaslave.com"
88.245.246.66 - - [06/Apr/2015:11:57:15 -0700] "GET /wp-login.php HTTP/1.1" 200 73 "-" "Mozilla/5.0 (Windows NT 6.1; WOW64; Trident/7.0; rv:11.0) like Gecko" "www.saveaslave.com"
207.46.13.41 - - [06/Apr/2015:11:58:52 -0700] "GET /robots.txt HTTP/1.1" 404 89 "-" "Mozilla/5.0 (compatible; bingbot/2.0; +http://www.bing.com/bingbot.htm)" "saveaslave.com"
207.46.13.41 - - [06/Apr/2015:11:59:23 -0700] "GET /images/countrymap/ukraine.jpg HTTP/1.1" 200 35935 "-" "msnbot-media/1.1 (+http://search.msn.com/msnbot.htm)" "saveaslave.com"
188.165.15.97 - - [06/Apr/2015:11:59:26 -0700] "GET /poland.html HTTP/1.1" 200 5454 "-" "Mozilla/5.0 (compatible; AhrefsBot/5.0; +http://ahrefs.com/robot/)" "www.saveaslave.com"
8.18.46.73 - - [06/Apr/2015:12:00:05 -0700] "GET /whoweare.html HTTP/1.1" 200 11993 "-" "HubPages V0.2.2 (http://hubpages.com/help/crawlingpolicy)" "saveaslave.com"
188.165.15.97 - - [06/Apr/2015:12:00:37 -0700] "GET /macau.html HTTP/1.1" 200 5665 "-" "Mozilla/5.0 (compatible; AhrefsBot/5.0; +http://ahrefs.com/robot/)" "www.saveaslave.com"
8.18.46.73 - - [06/Apr/2015:12:20:03 -0700] "GET /whoweare.html HTTP/1.1" 200 11993 "-" "HubPages V0.2.2 (http://hubpages.com/help/crawlingpolicy)" "saveaslave.com"
207.46.13.43 - - [06/Apr/2015:12:25:19 -0700] "GET /images/countrymap/montenegro.gif HTTP/1.1" 200 19377 "-" "msnbot-media/1.1 (+http://search.msn.com/msnbot.htm)" "saveaslave.com"
144.76.155.8 - - [06/Apr/2015:12:38:09 -0700] "GET /malawi.html HTTP/1.1" 200 5674 "-" "Mozilla/5.0 (Windows NT 6.1; WOW64) AppleWebKit/537.31 (KHTML, like Gecko) Chrome/26.0.1410.64 Safari/537.31" "www.saveaslave.com"
65.36.241.48 - - [06/Apr/2015:12:44:17 -0700] "HEAD / HTTP/1.1" 200 0 "-" "InternetSeer.com" "www.saveaslave.com"
123.125.71.76 - - [06/Apr/2015:12:45:30 -0700] "GET /kosovo.html HTTP/1.1" 200 5675 "-" "Mozilla/5.0 (compatible; Baiduspider/2.0; +http://www.baidu.com/search/spider.html)" "www.saveaslave.com"
220.181.108.141 - - [06/Apr/2015:12:52:18 -0700] "GET /css/style.css HTTP/1.1" 200 1400 "http://www.saveaslave.com/kosovo.html" "Mozilla/5.0 (compatible; Baiduspider/2.0; +http://www.baidu.com/search/spider.html)" "www.saveaslave.com"
73.208.237.46 - - [06/Apr/2015:12:55:09 -0700] "GET /images/countrymap/bosnia-herzegovina.jpg HTTP/1.1" 200 42063 "https://www.google.com/" "Mozilla/5.0 (Linux; Android 5.0.2; SM-T800 Build/LRX22G) AppleWebKit/537.36 (KHTML, like Gecko) Chrome/41.0.2272.96 Safari/537.36" "www.saveaslave.com"
8.18.46.73 - - [06/Apr/2015:13:00:04 -0700] "GET /whoweare.html HTTP/1.1" 200 11993 "-" "HubPages V0.2.2 (http://hubpages.com/help/crawlingpolicy)" "saveaslave.com"
65.36.241.48 - - [06/Apr/2015:13:06:44 -0700] "HEAD /?tpl=references&Itemid=3 HTTP/1.1" 200 0 "-" "InternetSeer.com" "www.saveaslave.com"
65.36.241.48 - - [06/Apr/2015:13:06:44 -0700] "HEAD /?tpl=references&Itemid=3 HTTP/1.1" 200 0 "-" "InternetSeer.com" "www.saveaslave.com"
54.243.48.119 - - [06/Apr/2015:13:08:51 -0700] "GET / HTTP/1.1" 200 24277 "-" "Mozilla/5.0 (Windows; U; Windows NT 5.1; en-US; rv:1.9.2.8) Gecko/20100722 Firefox/3.6.8" "saveaslave.com"
157.55.39.245 - - [06/Apr/2015:13:19:36 -0700] "GET /contact/default.html HTTP/1.1" 404 89 "-" "Mozilla/5.0 (compatible; bingbot/2.0; +http://www.bing.com/bingbot.htm)" "www.saveaslave.com"
8.18.46.73 - - [06/Apr/2015:13:21:16 -0700] "GET /whoweare.html HTTP/1.1" 200 11993 "-" "HubPages V0.2.2 (http://hubpages.com/help/crawlingpolicy)" "saveaslave.com"
201.7.236.10 - - [06/Apr/2015:13:21:47 -0700] "GET / HTTP/1.1" 200 24277 "http://best-seo-solution.com/try.php?u=http://saveaslave.com" "Mozilla/5.0 (Windows NT 6.1; WOW64) AppleWebKit/537.36 (KHTML, like Gecko) Chrome/36.0.1985.143 Safari/537.36" "saveaslave.com"
201.7.236.10 - - [06/Apr/2015:13:21:48 -0700] "GET /jquery.marquee.js HTTP/1.1" 200 6560 "http://saveaslave.com/" "Mozilla/5.0 (Windows NT 6.1; WOW64) AppleWebKit/537.36 (KHTML, like Gecko) Chrome/36.0.1985.143 Safari/537.36" "saveaslave.com"
201.7.236.10 - - [06/Apr/2015:13:21:48 -0700] "GET /images/header.png HTTP/1.1" 200 84658 "http://saveaslave.com/" "Mozilla/5.0 (Windows NT 6.1; WOW64) AppleWebKit/537.36 (KHTML, like Gecko) Chrome/36.0.1985.143 Safari/537.36" "saveaslave.com"
201.7.236.10 - - [06/Apr/2015:13:21:48 -0700] "GET /images/slaves.jpg HTTP/1.1" 200 64009 "http://saveaslave.com/" "Mozilla/5.0 (Windows NT 6.1; WOW64) AppleWebKit/537.36 (KHTML, like Gecko) Chrome/36.0.1985.143 Safari/537.36" "saveaslave.com"
201.7.236.10 - - [06/Apr/2015:13:21:50 -0700] "GET /images/sas_button.gif HTTP/1.1" 200 2628 "http://saveaslave.com/" "Mozilla/5.0 (Windows NT 6.1; WOW64) AppleWebKit/537.36 (KHTML, like Gecko) Chrome/36.0.1985.143 Safari/537.36" "saveaslave.com"
8.18.46.73 - - [06/Apr/2015:13:42:56 -0700] "GET /whoweare.html HTTP/1.1" 200 11993 "-" "HubPages V0.2.2 (http://hubpages.com/help/crawlingpolicy)" "saveaslave.com"
61.135.190.102 - - [06/Apr/2015:13:45:25 -0700] "GET / HTTP/1.1" 200 24277 "http://www.baidu.com/s?wd=SaveAslave-InformationAboutHumanTrafficking" "Mozilla/5.0 (Windows NT 6.1; WOW64) AppleWebKit/537.36 (KHTML, like Gecko) Chrome/36.0.1985.143 Safari/537.36" "www.saveaslave.com"
61.135.190.102 - - [06/Apr/2015:13:45:25 -0700] "GET /jquery-1.3.2.min.js HTTP/1.1" 200 57254 "http://www.saveaslave.com/" "Mozilla/5.0 (Windows NT 6.1; WOW64) AppleWebKit/537.36 (KHTML, like Gecko) Chrome/36.0.1985.143 Safari/537.36" "www.saveaslave.com"
61.135.190.102 - - [06/Apr/2015:13:45:27 -0700] "GET /jquery.marquee.js HTTP/1.1" 200 6560 "http://www.saveaslave.com/" "Mozilla/5.0 (Windows NT 6.1; WOW64) AppleWebKit/537.36 (KHTML, like Gecko) Chrome/36.0.1985.143 Safari/537.36" "www.saveaslave.com"
65.36.241.48 - - [06/Apr/2015:13:45:52 -0700] "HEAD / HTTP/1.1" 200 0 "-" "InternetSeer.com" "www.saveaslave.com"
121.72.12.40 - - [06/Apr/2015:13:51:58 -0700] "GET /images/countrymap/bosnia-herzegovina.jpg HTTP/1.1" 200 42063 "-" "Mozilla/5.0 (Macintosh; Intel Mac OS X 10_9_2) AppleWebKit/537.74.9 (KHTML, like Gecko) Version/7.0.2 Safari/537.74.9" "www.saveaslave.com"
8.18.46.73 - - [06/Apr/2015:14:00:23 -0700] "GET /whoweare.html HTTP/1.1" 200 11993 "-" "HubPages V0.2.2 (http://hubpages.com/help/crawlingpolicy)" "saveaslave.com"
180.76.6.154 - - [06/Apr/2015:14:24:04 -0700] "GET /swaziland HTTP/1.1" 200 5704 "-" "Mozilla/5.0 (compatible; Baiduspider/2.0; +http://www.baidu.com/search/spider.html)" "www.saveaslave.com"
66.249.67.136 - - [06/Apr/2015:14:24:53 -0700] "GET /images/countrymap/jamaica-flag.gif HTTP/1.1" 200 28097 "-" "Googlebot-Image/1.0" "www.saveaslave.com"
66.249.67.144 - - [06/Apr/2015:14:24:53 -0700] "GET /images/countrymap/afghanistan-flag.jpg HTTP/1.1" 200 2313 "-" "Googlebot-Image/1.0" "www.saveaslave.com"
66.249.67.136 - - [06/Apr/2015:14:24:54 -0700] "GET /images/countrymap/afghanistan.jpg HTTP/1.1" 200 21624 "-" "Googlebot-Image/1.0" "www.saveaslave.com"
66.249.67.144 - - [06/Apr/2015:14:24:55 -0700] "GET /images/countrymap/jamaica.gif HTTP/1.1" 200 12385 "-" "Googlebot-Image/1.0" "www.saveaslave.com"
37.230.114.209 - - [06/Apr/2015:14:29:41 -0700] "GET /misc/drupal.js HTTP/1.1" 404 89 "-" "Mozilla/5.0 (Windows NT 6.1; WOW64) AppleWebKit/537.36 (KHTML, like Gecko) Chrome/40.0.2214.111 Safari/537.36" "saveaslave.com"
77.224.232.41 - - [06/Apr/2015:14:33:25 -0700] "GET /images/countrymap/bosnia-herzegovina.jpg HTTP/1.1" 200 42063 "https://www.google.es/" "Mozilla/5.0 (Linux; Android 4.2.2; ALCATEL ONE TOUCH 7041X Build/JDQ39) AppleWebKit/537.36 (KHTML, like Gecko) Chrome/41.0.2272.96 Mobile Safari/537.36" "www.saveaslave.com"
8.18.46.73 - - [06/Apr/2015:14:40:38 -0700] "GET /whoweare.html HTTP/1.1" 200 11993 "-" "HubPages V0.2.2 (http://hubpages.com/help/crawlingpolicy)" "saveaslave.com"
2.150.0.223 - - [06/Apr/2015:14:45:41 -0700] "GET /images/countrymap/solomon-islands.gif HTTP/1.1" 200 122217 "-" "Mozilla/5.0 (Windows NT 6.1; WOW64; rv:37.0) Gecko/20100101 Firefox/37.0" "www.saveaslave.com"
2.150.0.223 - - [06/Apr/2015:14:45:44 -0700] "GET /favicon.ico HTTP/1.1" 404 89 "-" "Mozilla/5.0 (Windows NT 6.1; WOW64; rv:37.0) Gecko/20100101 Firefox/37.0" "www.saveaslave.com"
66.249.67.144 - - [06/Apr/2015:14:46:51 -0700] "GET /images/countrymap/ethiopia-flag.gif HTTP/1.1" 200 18030 "-" "Googlebot-Image/1.0" "www.saveaslave.com"
66.249.67.136 - - [06/Apr/2015:14:46:51 -0700] "GET /images/countrymap/jamaica-flag.gif HTTP/1.1" 200 28097 "-" "Googlebot-Image/1.0" "www.saveaslave.com"
66.249.67.136 - - [06/Apr/2015:14:46:51 -0700] "GET /images/countrymap/afghanistan-flag.jpg HTTP/1.1" 200 2313 "-" "Googlebot-Image/1.0" "www.saveaslave.com"
66.249.67.128 - - [06/Apr/2015:14:46:52 -0700] "GET /images/countrymap/afghanistan.jpg HTTP/1.1" 200 21624 "-" "Googlebot-Image/1.0" "www.saveaslave.com"
66.249.67.128 - - [06/Apr/2015:14:46:53 -0700] "GET /images/countrymap/ethiopia.gif HTTP/1.1" 200 24377 "-" "Googlebot-Image/1.0" "www.saveaslave.com"
188.165.15.97 - - [06/Apr/2015:14:47:00 -0700] "GET / HTTP/1.1" 200 24277 "-" "Mozilla/5.0 (compatible; AhrefsBot/5.0; +http://ahrefs.com/robot/)" "www.saveaslave.com"
72.168.96.126 - - [06/Apr/2015:14:58:49 -0700] "GET /ukraine.html HTTP/1.1" 200 5471 "http://www.saveaslave.com/" "Mozilla/5.0 (Windows NT 6.1; WOW64; Trident/7.0; rv:11.0) like Gecko" "www.saveaslave.com"
72.168.96.126 - - [06/Apr/2015:14:58:50 -0700] "GET /css/style.css HTTP/1.1" 200 1400 "http://www.saveaslave.com/ukraine.html" "Mozilla/5.0 (Windows NT 6.1; WOW64; Trident/7.0; rv:11.0) like Gecko" "www.saveaslave.com"
72.168.96.126 - - [06/Apr/2015:14:58:50 -0700] "GET /images/header.png HTTP/1.1" 200 84658 "http://www.saveaslave.com/ukraine.html" "Mozilla/5.0 (Windows NT 6.1; WOW64; Trident/7.0; rv:11.0) like Gecko" "www.saveaslave.com"
72.168.96.126 - - [06/Apr/2015:14:58:50 -0700] "GET /images/countrymap/ukraine-flag.jpg HTTP/1.1" 200 1661 "http://www.saveaslave.com/ukraine.html" "Mozilla/5.0 (Windows NT 6.1; WOW64; Trident/7.0; rv:11.0) like Gecko" "www.saveaslave.com"
72.168.96.126 - - [06/Apr/2015:14:58:50 -0700] "GET /images/countrymap/ukraine.jpg HTTP/1.1" 200 35935 "http://www.saveaslave.com/ukraine.html" "Mozilla/5.0 (Windows NT 6.1; WOW64; Trident/7.0; rv:11.0) like Gecko" "www.saveaslave.com"
8.18.46.73 - - [06/Apr/2015:15:00:30 -0700] "GET /whoweare.html HTTP/1.1" 200 11993 "-" "HubPages V0.2.2 (http://hubpages.com/help/crawlingpolicy)" "saveaslave.com"
23.23.242.178 - - [06/Apr/2015:15:10:22 -0700] "GET / HTTP/1.1" 200 24277 "-" "Mozilla/5.0 (Windows; U; Windows NT 5.1; en-US; rv:1.9.2.8) Gecko/20100722 Firefox/3.6.8" "saveaslave.com"
180.76.5.19 - - [06/Apr/2015:15:12:27 -0700] "GET /south-sudan.html HTTP/1.1" 200 5500 "-" "Mozilla/5.0 (compatible; Baiduspider/2.0; +http://www.baidu.com/search/spider.html)" "www.saveaslave.com"
81.178.206.29 - - [06/Apr/2015:15:15:27 -0700] "GET /images/countrymap/bosnia-herzegovina.jpg HTTP/1.1" 200 42063 "https://www.google.co.uk/" "Mozilla/5.0 (X11; CrOS x86_64 6680.78.0) AppleWebKit/537.36 (KHTML, like Gecko) Chrome/41.0.2272.102 Safari/537.36" "www.saveaslave.com"
8.18.46.73 - - [06/Apr/2015:15:20:43 -0700] "GET /whoweare.html HTTP/1.1" 200 11993 "-" "HubPages V0.2.2 (http://hubpages.com/help/crawlingpolicy)" "saveaslave.com"
23.23.242.178 - - [06/Apr/2015:15:34:55 -0700] "GET /kenya.html HTTP/1.1" 200 5666 "-" "Mozilla/5.0 (Windows; U; Windows NT 5.1; en-US; rv:1.9.2.8) Gecko/20100722 Firefox/3.6.8" "www.saveaslave.com"
8.18.46.73 - - [06/Apr/2015:15:40:56 -0700] "GET /whoweare.html HTTP/1.1" 200 11993 "-" "HubPages V0.2.2 (http://hubpages.com/help/crawlingpolicy)" "saveaslave.com"
188.165.15.97 - - [06/Apr/2015:16:06:24 -0700] "GET /countries/mali.html HTTP/1.1" 404 89 "-" "Mozilla/5.0 (compatible; AhrefsBot/5.0; +http://ahrefs.com/robot/)" "www.saveaslave.com"
