5.167.131.147 - - [30/Nov/2014:16:37:33 -0800] "GET /phpMyAdmin/index.php HTTP/1.1" 404 89 "-" "Opera/7.23 (Windows NT 5.1; U) [ru]" "www.saveaslave.com"
208.115.111.70 - - [30/Nov/2014:17:05:57 -0800] "GET /solomonislands HTTP/1.1" 404 89 "-" "Mozilla/5.0 (compatible; DotBot/1.1; http://www.opensiteexplorer.org/dotbot, help@moz.com)" "www.saveaslave.com"
208.115.111.70 - - [30/Nov/2014:17:09:28 -0800] "GET /cambodia.html HTTP/1.1" 200 5414 "-" "Mozilla/5.0 (compatible; DotBot/1.1; http://www.opensiteexplorer.org/dotbot, help@moz.com)" "saveaslave.com"
54.243.48.119 - - [30/Nov/2014:17:47:15 -0800] "GET /saint-martin.html HTTP/1.1" 200 5509 "-" "Mozilla/5.0 (Windows; U; Windows NT 5.1; en-US; rv:1.9.2.8) Gecko/20100722 Firefox/3.6.8" "saveaslave.com"
66.249.69.215 - - [30/Nov/2014:17:50:11 -0800] "GET /robots.txt HTTP/1.1" 404 89 "-" "Mozilla/5.0 (compatible; Googlebot/2.1; +http://www.google.com/bot.html)" "www.saveaslave.com"
157.55.39.238 - - [30/Nov/2014:17:55:28 -0800] "GET /images/countrymap/uae.gif HTTP/1.1" 200 22226 "-" "Mozilla/5.0 (compatible; bingbot/2.0; +http://www.bing.com/bingbot.htm)" "saveaslave.com"
188.165.15.188 - - [30/Nov/2014:17:56:00 -0800] "GET /yemen.html HTTP/1.1" 200 5453 "-" "Mozilla/5.0 (compatible; AhrefsBot/5.0; +http://ahrefs.com/robot/)" "www.saveaslave.com"
65.36.241.77 - - [30/Nov/2014:18:00:48 -0800] "HEAD / HTTP/1.1" 200 0 "-" "InternetSeer.com" "www.saveaslave.com"
88.198.16.153 - - [30/Nov/2014:18:01:55 -0800] "GET /robots.txt HTTP/1.1" 404 89 "-" "Mozilla/5.0 (compatible; MJ12bot/v1.4.5; http://www.majestic12.co.uk/bot.php?+)" "www.saveaslave.com"
88.198.16.153 - - [30/Nov/2014:18:01:57 -0800] "GET /marshall-islands.html HTTP/1.1" 200 5545 "-" "Mozilla/5.0 (compatible; MJ12bot/v1.4.5; http://www.majestic12.co.uk/bot.php?+)" "www.saveaslave.com"
88.198.16.153 - - [30/Nov/2014:18:01:58 -0800] "GET /navassa-island.html HTTP/1.1" 200 5527 "-" "Mozilla/5.0 (compatible; MJ12bot/v1.4.5; http://www.majestic12.co.uk/bot.php?+)" "www.saveaslave.com"
88.198.16.153 - - [30/Nov/2014:18:02:00 -0800] "GET /netherlands-antilles.html HTTP/1.1" 200 5581 "-" "Mozilla/5.0 (compatible; MJ12bot/v1.4.5; http://www.majestic12.co.uk/bot.php?+)" "www.saveaslave.com"
88.198.16.153 - - [30/Nov/2014:18:02:03 -0800] "GET /new-zealand.html HTTP/1.1" 200 5500 "-" "Mozilla/5.0 (compatible; MJ12bot/v1.4.5; http://www.majestic12.co.uk/bot.php?+)" "www.saveaslave.com"
88.198.16.153 - - [30/Nov/2014:18:02:06 -0800] "GET /north-korea.html HTTP/1.1" 200 5500 "-" "Mozilla/5.0 (compatible; MJ12bot/v1.4.5; http://www.majestic12.co.uk/bot.php?+)" "www.saveaslave.com"
88.198.16.153 - - [30/Nov/2014:18:02:08 -0800] "GET /northern-mariana-islands.html HTTP/1.1" 200 5617 "-" "Mozilla/5.0 (compatible; MJ12bot/v1.4.5; http://www.majestic12.co.uk/bot.php?+)" "www.saveaslave.com"
88.198.16.153 - - [30/Nov/2014:18:02:10 -0800] "GET /palmyra-atoll.html HTTP/1.1" 200 5518 "-" "Mozilla/5.0 (compatible; MJ12bot/v1.4.5; http://www.majestic12.co.uk/bot.php?+)" "www.saveaslave.com"
88.198.16.153 - - [30/Nov/2014:18:02:11 -0800] "GET /papua-new-guinea.html HTTP/1.1" 200 5545 "-" "Mozilla/5.0 (compatible; MJ12bot/v1.4.5; http://www.majestic12.co.uk/bot.php?+)" "www.saveaslave.com"
88.198.16.153 - - [30/Nov/2014:18:02:59 -0800] "GET /saint-vincent-grenadines.html HTTP/1.1" 200 5649 "-" "Mozilla/5.0 (compatible; MJ12bot/v1.4.5; http://www.majestic12.co.uk/bot.php?+)" "www.saveaslave.com"
88.198.16.153 - - [30/Nov/2014:18:03:01 -0800] "GET /san-marino.html HTTP/1.1" 200 5491 "-" "Mozilla/5.0 (compatible; MJ12bot/v1.4.5; http://www.majestic12.co.uk/bot.php?+)" "www.saveaslave.com"
88.198.16.153 - - [30/Nov/2014:18:03:03 -0800] "GET /sao-tome-principe.html HTTP/1.0" 200 5570 "-" "Mozilla/5.0 (compatible; MJ12bot/v1.4.5; http://www.majestic12.co.uk/bot.php?+)" "www.saveaslave.com"
88.198.16.153 - - [30/Nov/2014:18:03:05 -0800] "GET /saudi-arabia.html HTTP/1.1" 200 5509 "-" "Mozilla/5.0 (compatible; MJ12bot/v1.4.5; http://www.majestic12.co.uk/bot.php?+)" "www.saveaslave.com"
88.198.16.153 - - [30/Nov/2014:18:03:06 -0800] "GET /sierra-leone.html HTTP/1.1" 200 5509 "-" "Mozilla/5.0 (compatible; MJ12bot/v1.4.5; http://www.majestic12.co.uk/bot.php?+)" "www.saveaslave.com"
88.198.16.153 - - [30/Nov/2014:18:03:08 -0800] "GET /sint-maarten.html HTTP/1.1" 200 5509 "-" "Mozilla/5.0 (compatible; MJ12bot/v1.4.5; http://www.majestic12.co.uk/bot.php?+)" "www.saveaslave.com"
88.198.16.153 - - [30/Nov/2014:18:03:09 -0800] "GET /solomon-islands.html HTTP/1.1" 200 5536 "-" "Mozilla/5.0 (compatible; MJ12bot/v1.4.5; http://www.majestic12.co.uk/bot.php?+)" "www.saveaslave.com"
207.46.13.82 - - [30/Nov/2014:18:33:50 -0800] "GET /robots.txt HTTP/1.1" 404 89 "-" "Mozilla/5.0 (compatible; bingbot/2.0; +http://www.bing.com/bingbot.htm)" "saveaslave.com"
133.242.150.210 - - [30/Nov/2014:18:46:06 -0800] "GET /Adoption.html HTTP/1.1" 404 89 "-" "-" "www.saveaslave.com"
1.115.198.149 - - [30/Nov/2014:18:55:01 -0800] "GET / HTTP/1.1" 200 28986 "http://www.save-the-slave.com/link.html" "Mozilla/5.0 (Windows NT 6.1; WOW64; rv:33.0) Gecko/20100101 Firefox/33.0" "www.saveaslave.com"
1.115.198.149 - - [30/Nov/2014:18:55:02 -0800] "GET /jquery.marquee.js HTTP/1.1" 200 6560 "http://www.saveaslave.com/" "Mozilla/5.0 (Windows NT 6.1; WOW64; rv:33.0) Gecko/20100101 Firefox/33.0" "www.saveaslave.com"
1.115.198.149 - - [30/Nov/2014:18:55:02 -0800] "GET /jquery-1.3.2.min.js HTTP/1.1" 200 57254 "http://www.saveaslave.com/" "Mozilla/5.0 (Windows NT 6.1; WOW64; rv:33.0) Gecko/20100101 Firefox/33.0" "www.saveaslave.com"
1.115.198.149 - - [30/Nov/2014:18:55:02 -0800] "GET /images/header.png HTTP/1.1" 200 84658 "http://www.saveaslave.com/" "Mozilla/5.0 (Windows NT 6.1; WOW64; rv:33.0) Gecko/20100101 Firefox/33.0" "www.saveaslave.com"
1.115.198.149 - - [30/Nov/2014:18:55:03 -0800] "GET /images/givebtn.png HTTP/1.1" 200 26179 "http://www.saveaslave.com/" "Mozilla/5.0 (Windows NT 6.1; WOW64; rv:33.0) Gecko/20100101 Firefox/33.0" "www.saveaslave.com"
178.255.215.77 - - [30/Nov/2014:19:03:30 -0800] "GET /algeria HTTP/1.1" 200 5386 "-" "Mozilla/5.0 (compatible; Exabot/3.0; +http://www.exabot.com/go/robot)" "saveaslave.com"
65.36.241.77 - - [30/Nov/2014:19:04:35 -0800] "HEAD / HTTP/1.1" 200 0 "-" "InternetSeer.com" "www.saveaslave.com"
199.15.233.184 - - [30/Nov/2014:19:12:58 -0800] "GET /site/?p=56 HTTP/1.1" 404 89 "http://saveaslave.com/site/?p=56" "Mozilla/5.0 (Windows NT 6.3; WOW64) AppleWebKit/537.36 (KHTML, like Gecko) Chrome/36.0.1985.125 Safari/537.36" "saveaslave.com"
199.15.233.184 - - [30/Nov/2014:19:12:58 -0800] "GET / HTTP/1.1" 200 28986 "http://saveaslave.com/" "Mozilla/5.0 (Windows NT 6.3; WOW64) AppleWebKit/537.36 (KHTML, like Gecko) Chrome/36.0.1985.125 Safari/537.36" "saveaslave.com"
157.55.39.238 - - [30/Nov/2014:19:15:10 -0800] "GET /brunei HTTP/1.1" 200 5396 "-" "Mozilla/5.0 (compatible; bingbot/2.0; +http://www.bing.com/bingbot.htm)" "www.saveaslave.com"
74.197.223.88 - - [30/Nov/2014:19:28:42 -0800] "GET / HTTP/1.1" 200 28986 "-" "Mozilla/5.0 (X11; Linux x86_64; rv:33.0) Gecko/20100101 Firefox/33.0" "saveaslave.com"
74.197.223.88 - - [30/Nov/2014:19:28:42 -0800] "GET /jquery-1.3.2.min.js HTTP/1.1" 200 57254 "-" "Mozilla/5.0 (X11; Linux x86_64; rv:33.0) Gecko/20100101 Firefox/33.0" "saveaslave.com"
74.197.223.88 - - [30/Nov/2014:19:28:42 -0800] "GET /jquery.marquee.js HTTP/1.1" 200 6560 "-" "Mozilla/5.0 (X11; Linux x86_64; rv:33.0) Gecko/20100101 Firefox/33.0" "saveaslave.com"
74.197.223.88 - - [30/Nov/2014:19:28:42 -0800] "GET /images/header.png HTTP/1.1" 200 84658 "-" "Mozilla/5.0 (X11; Linux x86_64; rv:33.0) Gecko/20100101 Firefox/33.0" "saveaslave.com"
74.197.223.88 - - [30/Nov/2014:19:28:43 -0800] "GET /images/givebtn.png HTTP/1.1" 200 26179 "-" "Mozilla/5.0 (X11; Linux x86_64; rv:33.0) Gecko/20100101 Firefox/33.0" "saveaslave.com"
74.197.223.88 - - [30/Nov/2014:19:28:44 -0800] "GET /favicon.ico HTTP/1.1" 404 89 "-" "Mozilla/5.0 (X11; Linux x86_64; rv:33.0) Gecko/20100101 Firefox/33.0" "saveaslave.com"
74.197.223.88 - - [30/Nov/2014:19:28:44 -0800] "GET /favicon.ico HTTP/1.1" 404 89 "-" "Mozilla/5.0 (X11; Linux x86_64; rv:33.0) Gecko/20100101 Firefox/33.0" "saveaslave.com"
124.155.86.23 - - [30/Nov/2014:19:38:07 -0800] "GET /jquery.marquee.js HTTP/1.1" 200 6560 "http://www.saveaslave.com/" "Mozilla/5.0 (Windows NT 6.1; WOW64) AppleWebKit/537.36 (KHTML, like Gecko) Chrome/39.0.2171.71 Safari/537.36" "www.saveaslave.com"
124.155.86.23 - - [30/Nov/2014:19:38:07 -0800] "GET /images/header.png HTTP/1.1" 200 84658 "http://www.saveaslave.com/" "Mozilla/5.0 (Windows NT 6.1; WOW64) AppleWebKit/537.36 (KHTML, like Gecko) Chrome/39.0.2171.71 Safari/537.36" "www.saveaslave.com"
124.155.86.23 - - [30/Nov/2014:19:38:08 -0800] "GET /images/givebtn.png HTTP/1.1" 200 26179 "http://www.saveaslave.com/" "Mozilla/5.0 (Windows NT 6.1; WOW64) AppleWebKit/537.36 (KHTML, like Gecko) Chrome/39.0.2171.71 Safari/537.36" "www.saveaslave.com"
124.155.86.23 - - [30/Nov/2014:19:38:08 -0800] "GET /images/slaves.jpg HTTP/1.1" 200 64009 "http://www.saveaslave.com/" "Mozilla/5.0 (Windows NT 6.1; WOW64) AppleWebKit/537.36 (KHTML, like Gecko) Chrome/39.0.2171.71 Safari/537.36" "www.saveaslave.com"
124.155.86.23 - - [30/Nov/2014:19:38:10 -0800] "GET /favicon.ico HTTP/1.1" 404 89 "-" "Mozilla/5.0 (Windows NT 6.1; WOW64) AppleWebKit/537.36 (KHTML, like Gecko) Chrome/39.0.2171.71 Safari/537.36" "www.saveaslave.com"
124.155.86.23 - - [30/Nov/2014:19:38:31 -0800] "GET /images/countrymap/brazil.jpg HTTP/1.1" 200 19621 "http://www.saveaslave.com/brazil.html" "Mozilla/5.0 (Windows NT 6.1; WOW64) AppleWebKit/537.36 (KHTML, like Gecko) Chrome/39.0.2171.71 Safari/537.36" "www.saveaslave.com"
23.23.242.178 - - [30/Nov/2014:19:38:56 -0800] "GET / HTTP/1.1" 200 28986 "-" "Mozilla/5.0 (Windows; U; Windows NT 5.1; en-US; rv:1.9.2.8) Gecko/20100722 Firefox/3.6.8" "saveaslave.com"
182.250.246.231 - - [30/Nov/2014:19:38:57 -0800] "GET /images/slaves.jpg HTTP/1.1" 200 64009 "http://dudamobile.saveaslave.com/" "Mozilla/5.0 (iPhone; CPU iPhone OS 7_1_2 like Mac OS X) AppleWebKit/537.51.2 (KHTML, like Gecko) Version/7.0 Mobile/11D257 Safari/9537.53" "saveaslave.com"
192.99.107.100 - - [30/Nov/2014:19:40:44 -0800] "GET /robots.txt HTTP/1.1" 404 89 "-" "Mozilla/5.0 (compatible; meanpathbot/1.0; +http://www.meanpath.com/meanpathbot.html)" "www.saveaslave.com"
207.46.13.82 - - [30/Nov/2014:19:56:28 -0800] "GET /images/countrymap/sri-lanka.gif HTTP/1.1" 200 16468 "-" "Mozilla/5.0 (compatible; bingbot/2.0; +http://www.bing.com/bingbot.htm)" "saveaslave.com"
104.131.199.197 - - [30/Nov/2014:20:08:53 -0800] "GET /robots.txt HTTP/1.1" 404 89 "-" "Mozilla/5.0 (compatible; spbot/4.4.0; +http://OpenLinkProfiler.org/bot )" "saveaslave.com"
104.131.199.197 - - [30/Nov/2014:20:08:54 -0800] "GET /robots.txt HTTP/1.1" 404 89 "-" "Mozilla/5.0 (compatible; spbot/4.4.0; +http://OpenLinkProfiler.org/bot )" "www.saveaslave.com"
188.165.15.214 - - [30/Nov/2014:20:11:32 -0800] "GET /spain.html HTTP/1.1" 200 5446 "-" "Mozilla/5.0 (compatible; AhrefsBot/5.0; +http://ahrefs.com/robot/)" "www.saveaslave.com"
65.36.241.77 - - [30/Nov/2014:21:09:00 -0800] "HEAD / HTTP/1.1" 200 0 "-" "InternetSeer.com" "www.saveaslave.com"
199.21.99.206 - - [30/Nov/2014:21:26:30 -0800] "GET /robots.txt HTTP/1.1" 404 89 "-" "Mozilla/5.0 (compatible; YandexBot/3.0; +http://yandex.com/bots)" "saveaslave.com"
65.36.241.77 - - [30/Nov/2014:22:10:58 -0800] "HEAD / HTTP/1.1" 200 0 "-" "InternetSeer.com" "www.saveaslave.com"
208.115.111.70 - - [30/Nov/2014:22:30:53 -0800] "GET /robots.txt HTTP/1.1" 404 89 "-" "Mozilla/5.0 (compatible; DotBot/1.1; http://www.opensiteexplorer.org/dotbot, help@moz.com)" "www.saveaslave.com"
66.249.69.215 - - [30/Nov/2014:22:43:57 -0800] "GET /images/China_region.gif HTTP/1.1" 404 89 "-" "Googlebot-Image/1.0" "www.saveaslave.com"
208.123.223.104 - - [30/Nov/2014:22:49:53 -0800] "GET /Adoption.html HTTP/1.1" 404 89 "http://saveaslave.com/" "Mozilla/5.0 (Windows; U; Windows NT 5.1; en-US; rv:x.xxx) Gecko/20041027 Mnenhy/0.6.0.104" "saveaslave.com"
66.249.75.106 - - [30/Nov/2014:23:13:40 -0800] "GET /images/Uruguay_region.gif HTTP/1.1" 404 89 "-" "Googlebot-Image/1.0" "saveaslave.com"
157.55.39.62 - - [30/Nov/2014:23:25:54 -0800] "GET /robots.txt HTTP/1.1" 404 89 "-" "Mozilla/5.0 (compatible; bingbot/2.0; +http://www.bing.com/bingbot.htm)" "saveaslave.com"
119.72.197.230 - - [30/Nov/2014:23:26:17 -0800] "GET /css/style.css HTTP/1.1" 200 660 "http://www.saveaslave.com/" "Mozilla/5.0 (Windows NT 6.3; WOW64; Trident/7.0; ASU2JS; rv:11.0) like Gecko" "www.saveaslave.com"
119.72.197.230 - - [30/Nov/2014:23:26:18 -0800] "GET /jquery-1.3.2.min.js HTTP/1.1" 200 57254 "http://www.saveaslave.com/" "Mozilla/5.0 (Windows NT 6.3; WOW64; Trident/7.0; ASU2JS; rv:11.0) like Gecko" "www.saveaslave.com"
119.72.197.230 - - [30/Nov/2014:23:26:22 -0800] "GET /favicon.ico HTTP/1.1" 404 89 "-" "Mozilla/5.0 (Windows NT 6.3; Win64; x64; Trident/7.0; ASU2JS; rv:11.0) like Gecko" "www.saveaslave.com"
66.249.69.215 - - [30/Nov/2014:23:34:28 -0800] "GET /_dm/s/rt/css/font-icons/font-awesome/css/font-awesome.min.css?version=2014-04-29T07:32:32 HTTP/1.1" 404 89 "http://www.saveaslave.com/bahamas.html" "Mozilla/5.0 (compatible; Googlebot/2.1; +http://www.google.com/bot.html)" "www.saveaslave.com"
66.249.69.199 - - [30/Nov/2014:23:34:28 -0800] "GET /_dm/s/rt/scripts/duda-js-runtime-package.min.js?version=2014-04-29T07:32:32 HTTP/1.1" 404 89 "http://www.saveaslave.com/bahamas.html" "Mozilla/5.0 (compatible; Googlebot/2.1; +http://www.google.com/bot.html)" "www.saveaslave.com"
66.249.69.183 - - [30/Nov/2014:23:34:28 -0800] "GET /_dm/s/rt/scripts/dudaone/cssPreviewIframe.js HTTP/1.1" 404 89 "http://www.saveaslave.com/bahamas.html" "Mozilla/5.0 (compatible; Googlebot/2.1; +http://www.google.com/bot.html)" "www.saveaslave.com"
66.249.69.199 - - [30/Nov/2014:23:34:29 -0800] "GET /_dm/s/rt/css/duda-css-runtime-mobile-package.min.css?version=2014-04-29T07:32:32 HTTP/1.1" 404 89 "http://www.saveaslave.com/bahamas.html" "Mozilla/5.0 (compatible; Googlebot/2.1; +http://www.google.com/bot.html)" "www.saveaslave.com"
217.69.133.21 - - [30/Nov/2014:23:40:49 -0800] "GET /robots.txt HTTP/1.1" 404 89 "-" "Mozilla/5.0 (compatible; Linux x86_64; Mail.RU_Bot/2.0; +http://go.mail.ru/help/robots)" "saveaslave.com"
178.137.161.93 - - [30/Nov/2014:23:44:10 -0800] "GET / HTTP/1.1" 200 28986 "http://iphone-wallpapers.info/" "Mozilla/4.0 (compatible; MSIE 6.0; AOL 9.0; Windows NT 5.1)" "www.saveaslave.com"
178.137.161.93 - - [30/Nov/2014:23:44:10 -0800] "GET / HTTP/1.1" 200 28986 "http://iphone-wallpapers.info/" "Mozilla/4.0 (compatible; MSIE 6.0; AOL 9.0; Windows NT 5.1)" "www.saveaslave.com"
178.137.161.93 - - [30/Nov/2014:23:44:11 -0800] "GET / HTTP/1.1" 200 28986 "http://iphone-wallpapers.info/" "Mozilla/4.0 (compatible; MSIE 6.0; AOL 9.0; Windows NT 5.1)" "www.saveaslave.com"
157.55.39.31 - - [30/Nov/2014:23:51:23 -0800] "GET / HTTP/1.1" 200 28986 "-" "Mozilla/5.0 (compatible; bingbot/2.0; +http://www.bing.com/bingbot.htm)" "saveaslave.com"
209.133.77.165 - - [01/Dec/2014:00:03:37 -0800] "GET /uzbekistan.html&ct=ga&cd=CAEYBioTODgwMTI1MTAxNzUwMjA1Mzg4NTIaMjgwZWE4MDhiOTdlNTMwZDpjb206ZW46VVM&usg=AFQjCNF-6FkIrXZhoLMcqLVcMvwDL3TaCA HTTP/1.1" 404 89 "-" "Mozilla/5.0 (compatible; MSIE 9.0; Windows NT 6.1; WOW64; Trident/5.0)" "www.saveaslave.com"
65.36.241.77 - - [01/Dec/2014:00:18:01 -0800] "HEAD / HTTP/1.1" 200 0 "-" "InternetSeer.com" "www.saveaslave.com"
66.249.75.138 - - [01/Dec/2014:00:18:39 -0800] "GET /images/Nigeria_flag.gif HTTP/1.1" 404 89 "-" "Googlebot-Image/1.0" "saveaslave.com"
66.249.69.215 - - [01/Dec/2014:00:26:58 -0800] "GET /styles/layout.css HTTP/1.1" 404 89 "-" "Mozilla/5.0 (compatible; Googlebot/2.1; +http://www.google.com/bot.html)" "www.saveaslave.com"
66.249.75.138 - - [01/Dec/2014:00:31:19 -0800] "GET /images/Macau_region.gif HTTP/1.1" 404 89 "-" "Googlebot-Image/1.0" "saveaslave.com"
199.21.99.206 - - [01/Dec/2014:00:35:31 -0800] "GET /images/Maldives_flag.gif HTTP/1.1" 404 89 "-" "Mozilla/5.0 (compatible; YandexBot/3.0; +http://yandex.com/bots)" "saveaslave.com"
66.249.75.106 - - [01/Dec/2014:00:38:03 -0800] "GET /images/Nigeria_region.gif HTTP/1.1" 404 89 "-" "Googlebot-Image/1.0" "saveaslave.com"
66.249.69.199 - - [01/Dec/2014:00:39:54 -0800] "GET /images/countrymap/niger-flag.gif HTTP/1.1" 200 8404 "-" "Googlebot-Image/1.0" "www.saveaslave.com"
66.249.75.106 - - [01/Dec/2014:00:53:08 -0800] "GET /images/Macau_map.gif HTTP/1.1" 404 89 "-" "Googlebot-Image/1.0" "saveaslave.com"
66.249.69.183 - - [01/Dec/2014:00:57:55 -0800] "GET /images/countrymap/niger.gif HTTP/1.1" 200 18780 "-" "Googlebot-Image/1.0" "www.saveaslave.com"
208.115.111.70 - - [01/Dec/2014:01:04:37 -0800] "GET /britishindianoceanterritory HTTP/1.1" 404 89 "-" "Mozilla/5.0 (compatible; DotBot/1.1; http://www.opensiteexplorer.org/dotbot, help@moz.com)" "www.saveaslave.com"
66.249.69.199 - - [01/Dec/2014:01:04:53 -0800] "GET /images/Tunisia_map.gif HTTP/1.1" 404 89 "-" "Googlebot-Image/1.0" "www.saveaslave.com"
208.115.111.70 - - [01/Dec/2014:01:05:15 -0800] "GET /saudiarabia.html HTTP/1.1" 404 89 "-" "Mozilla/5.0 (compatible; DotBot/1.1; http://www.opensiteexplorer.org/dotbot, help@moz.com)" "www.saveaslave.com"
208.115.111.70 - - [01/Dec/2014:01:05:16 -0800] "GET /tanzania.html HTTP/1.1" 200 5480 "-" "Mozilla/5.0 (compatible; DotBot/1.1; http://www.opensiteexplorer.org/dotbot, help@moz.com)" "www.saveaslave.com"
208.115.111.70 - - [01/Dec/2014:01:05:17 -0800] "GET /centralafricanrepublic.html HTTP/1.1" 404 89 "-" "Mozilla/5.0 (compatible; DotBot/1.1; http://www.opensiteexplorer.org/dotbot, help@moz.com)" "www.saveaslave.com"
72.168.98.116 - - [01/Dec/2014:01:20:21 -0800] "GET / HTTP/1.1" 200 28986 "http://r.search.yahoo.com/_ylt=AwrSbnnMMnxUS58AXUjBGOd_;_ylu=X3oDMTByaDNhc2JxBHNlYwNzcgRwb3MDMQRjb2xvA2dxMQR2dGlkAw--/RV=2/RE=1417454413/RO=10/RU=http%3a%2f%2fsaveaslave.com%2f/RK=0/RS=dZX0b927g1tF91CR.sYGVqM_jCQ-" "Mozilla/5.0 (iPad; CPU OS 8_1_1 like Mac OS X) AppleWebKit/600.1.4 (KHTML, like Gecko) Version/8.0 Mobile/12B435 Safari/600.1.4" "saveaslave.com"
72.168.98.116 - - [01/Dec/2014:01:20:21 -0800] "GET /css/style.css HTTP/1.1" 200 660 "http://saveaslave.com/" "Mozilla/5.0 (iPad; CPU OS 8_1_1 like Mac OS X) AppleWebKit/600.1.4 (KHTML, like Gecko) Version/8.0 Mobile/12B435 Safari/600.1.4" "saveaslave.com"
72.168.98.116 - - [01/Dec/2014:01:20:21 -0800] "GET /jquery-1.3.2.min.js HTTP/1.1" 200 57254 "http://saveaslave.com/" "Mozilla/5.0 (iPad; CPU OS 8_1_1 like Mac OS X) AppleWebKit/600.1.4 (KHTML, like Gecko) Version/8.0 Mobile/12B435 Safari/600.1.4" "saveaslave.com"
72.168.98.116 - - [01/Dec/2014:01:20:21 -0800] "GET /images/header.png HTTP/1.1" 200 84658 "http://saveaslave.com/" "Mozilla/5.0 (iPad; CPU OS 8_1_1 like Mac OS X) AppleWebKit/600.1.4 (KHTML, like Gecko) Version/8.0 Mobile/12B435 Safari/600.1.4" "saveaslave.com"
72.168.98.116 - - [01/Dec/2014:01:20:21 -0800] "GET /jquery.marquee.js HTTP/1.1" 200 6560 "http://saveaslave.com/" "Mozilla/5.0 (iPad; CPU OS 8_1_1 like Mac OS X) AppleWebKit/600.1.4 (KHTML, like Gecko) Version/8.0 Mobile/12B435 Safari/600.1.4" "saveaslave.com"
72.168.98.116 - - [01/Dec/2014:01:20:21 -0800] "GET /images/slaves.jpg HTTP/1.1" 200 64009 "http://saveaslave.com/" "Mozilla/5.0 (iPad; CPU OS 8_1_1 like Mac OS X) AppleWebKit/600.1.4 (KHTML, like Gecko) Version/8.0 Mobile/12B435 Safari/600.1.4" "saveaslave.com"
72.168.98.116 - - [01/Dec/2014:01:20:21 -0800] "GET /images/givebtn.png HTTP/1.1" 200 26179 "http://saveaslave.com/" "Mozilla/5.0 (iPad; CPU OS 8_1_1 like Mac OS X) AppleWebKit/600.1.4 (KHTML, like Gecko) Version/8.0 Mobile/12B435 Safari/600.1.4" "saveaslave.com"
72.168.98.116 - - [01/Dec/2014:01:20:30 -0800] "GET / HTTP/1.1" 200 28986 "http://r.search.yahoo.com/_ylt=AwrSbnnMMnxUS58AXUjBGOd_;_ylu=X3oDMTByaDNhc2JxBHNlYwNzcgRwb3MDMQRjb2xvA2dxMQR2dGlkAw--/RV=2/RE=1417454413/RO=10/RU=http%3a%2f%2fsaveaslave.com%2f/RK=0/RS=dZX0b927g1tF91CR.sYGVqM_jCQ-" "Mozilla/5.0 (iPad; CPU OS 8_1_1 like Mac OS X) AppleWebKit/600.1.4 (KHTML, like Gecko) Version/8.0 Mobile/12B435 Safari/600.1.4" "saveaslave.com"
72.168.98.116 - - [01/Dec/2014:01:20:31 -0800] "GET /css/style.css HTTP/1.1" 200 660 "http://saveaslave.com/" "Mozilla/5.0 (iPad; CPU OS 8_1_1 like Mac OS X) AppleWebKit/600.1.4 (KHTML, like Gecko) Version/8.0 Mobile/12B435 Safari/600.1.4" "saveaslave.com"
72.168.98.116 - - [01/Dec/2014:01:20:31 -0800] "GET /jquery-1.3.2.min.js HTTP/1.1" 200 57254 "http://saveaslave.com/" "Mozilla/5.0 (iPad; CPU OS 8_1_1 like Mac OS X) AppleWebKit/600.1.4 (KHTML, like Gecko) Version/8.0 Mobile/12B435 Safari/600.1.4" "saveaslave.com"
72.168.98.116 - - [01/Dec/2014:01:20:31 -0800] "GET /images/header.png HTTP/1.1" 200 65536 "http://saveaslave.com/" "Mozilla/5.0 (iPad; CPU OS 8_1_1 like Mac OS X) AppleWebKit/600.1.4 (KHTML, like Gecko) Version/8.0 Mobile/12B435 Safari/600.1.4" "saveaslave.com"
72.168.98.116 - - [01/Dec/2014:01:20:31 -0800] "GET /images/givebtn.png HTTP/1.1" 200 26179 "http://saveaslave.com/" "Mozilla/5.0 (iPad; CPU OS 8_1_1 like Mac OS X) AppleWebKit/600.1.4 (KHTML, like Gecko) Version/8.0 Mobile/12B435 Safari/600.1.4" "saveaslave.com"
65.36.241.77 - - [01/Dec/2014:01:21:22 -0800] "HEAD / HTTP/1.1" 200 0 "-" "InternetSeer.com" "www.saveaslave.com"
66.249.75.122 - - [01/Dec/2014:01:23:15 -0800] "GET /images/Turkey_flag.gif HTTP/1.1" 404 89 "-" "Googlebot-Image/1.0" "saveaslave.com"
66.249.75.106 - - [01/Dec/2014:01:31:21 -0800] "GET /images/Turkey_map.gif HTTP/1.1" 404 89 "-" "Googlebot-Image/1.0" "saveaslave.com"
199.21.99.206 - - [01/Dec/2014:01:40:57 -0800] "GET /images/Kyrgyzstan_flag.gif HTTP/1.1" 404 89 "-" "Mozilla/5.0 (compatible; YandexBot/3.0; +http://yandex.com/bots)" "saveaslave.com"
207.46.13.82 - - [01/Dec/2014:01:49:08 -0800] "GET /mayotte HTTP/1.1" 404 89 "-" "Mozilla/5.0 (compatible; bingbot/2.0; +http://www.bing.com/bingbot.htm)" "www.saveaslave.com"
188.165.15.99 - - [01/Dec/2014:01:54:41 -0800] "GET /botswana.html HTTP/1.1" 200 5414 "-" "Mozilla/5.0 (compatible; AhrefsBot/5.0; +http://ahrefs.com/robot/)" "www.saveaslave.com"
23.23.242.178 - - [01/Dec/2014:02:19:21 -0800] "GET /portugal.html HTTP/1.1" 200 5473 "-" "Mozilla/5.0 (Windows; U; Windows NT 5.1; en-US; rv:1.9.2.8) Gecko/20100722 Firefox/3.6.8" "www.saveaslave.com"
23.23.242.178 - - [01/Dec/2014:02:19:26 -0800] "GET /turkey.html HTTP/1.1" 200 5462 "-" "Mozilla/5.0 (Windows; U; Windows NT 5.1; en-US; rv:1.9.2.8) Gecko/20100722 Firefox/3.6.8" "www.saveaslave.com"
23.23.242.178 - - [01/Dec/2014:02:19:34 -0800] "GET /peru.html HTTP/1.1" 200 5437 "-" "Mozilla/5.0 (Windows; U; Windows NT 5.1; en-US; rv:1.9.2.8) Gecko/20100722 Firefox/3.6.8" "www.saveaslave.com"
23.23.242.178 - - [01/Dec/2014:02:19:42 -0800] "GET /svalbard.html HTTP/1.1" 200 5480 "-" "Mozilla/5.0 (Windows; U; Windows NT 5.1; en-US; rv:1.9.2.8) Gecko/20100722 Firefox/3.6.8" "www.saveaslave.com"
54.243.48.119 - - [01/Dec/2014:02:19:47 -0800] "GET /bolivia.html HTTP/1.1" 200 5400 "-" "Mozilla/5.0 (Windows; U; Windows NT 5.1; en-US; rv:1.9.2.8) Gecko/20100722 Firefox/3.6.8" "www.saveaslave.com"
23.23.242.178 - - [01/Dec/2014:02:19:51 -0800] "GET /barbados.html HTTP/1.1" 200 5414 "-" "Mozilla/5.0 (Windows; U; Windows NT 5.1; en-US; rv:1.9.2.8) Gecko/20100722 Firefox/3.6.8" "www.saveaslave.com"
54.243.48.119 - - [01/Dec/2014:02:19:59 -0800] "GET /panama.html HTTP/1.1" 200 5455 "-" "Mozilla/5.0 (Windows; U; Windows NT 5.1; en-US; rv:1.9.2.8) Gecko/20100722 Firefox/3.6.8" "www.saveaslave.com"
23.23.242.178 - - [01/Dec/2014:02:20:03 -0800] "GET /morocco.html HTTP/1.1" 200 5464 "-" "Mozilla/5.0 (Windows; U; Windows NT 5.1; en-US; rv:1.9.2.8) Gecko/20100722 Firefox/3.6.8" "www.saveaslave.com"
54.243.48.119 - - [01/Dec/2014:02:20:07 -0800] "GET /burundi.html HTTP/1.1" 200 5405 "-" "Mozilla/5.0 (Windows; U; Windows NT 5.1; en-US; rv:1.9.2.8) Gecko/20100722 Firefox/3.6.8" "www.saveaslave.com"
23.23.242.178 - - [01/Dec/2014:02:20:11 -0800] "GET /slovenia.html HTTP/1.1" 200 5473 "-" "Mozilla/5.0 (Windows; U; Windows NT 5.1; en-US; rv:1.9.2.8) Gecko/20100722 Firefox/3.6.8" "www.saveaslave.com"
23.23.242.178 - - [01/Dec/2014:02:20:16 -0800] "GET /denmark.html HTTP/1.1" 200 5405 "-" "Mozilla/5.0 (Windows; U; Windows NT 5.1; en-US; rv:1.9.2.8) Gecko/20100722 Firefox/3.6.8" "www.saveaslave.com"
23.23.242.178 - - [01/Dec/2014:02:20:28 -0800] "GET /serbia.html HTTP/1.1" 200 5455 "-" "Mozilla/5.0 (Windows; U; Windows NT 5.1; en-US; rv:1.9.2.8) Gecko/20100722 Firefox/3.6.8" "www.saveaslave.com"
23.23.242.178 - - [01/Dec/2014:02:20:36 -0800] "GET /south-sudan.html HTTP/1.1" 200 5500 "-" "Mozilla/5.0 (Windows; U; Windows NT 5.1; en-US; rv:1.9.2.8) Gecko/20100722 Firefox/3.6.8" "www.saveaslave.com"
54.243.48.119 - - [01/Dec/2014:02:20:40 -0800] "GET /antigua-and-barbuda.html HTTP/1.1" 200 5462 "-" "Mozilla/5.0 (Windows; U; Windows NT 5.1; en-US; rv:1.9.2.8) Gecko/20100722 Firefox/3.6.8" "www.saveaslave.com"
54.243.48.119 - - [01/Dec/2014:02:20:45 -0800] "GET /samoa.html HTTP/1.1" 200 5446 "-" "Mozilla/5.0 (Windows; U; Windows NT 5.1; en-US; rv:1.9.2.8) Gecko/20100722 Firefox/3.6.8" "www.saveaslave.com"
54.243.48.119 - - [01/Dec/2014:02:20:49 -0800] "GET /switzerland.html HTTP/1.1" 200 5507 "-" "Mozilla/5.0 (Windows; U; Windows NT 5.1; en-US; rv:1.9.2.8) Gecko/20100722 Firefox/3.6.8" "www.saveaslave.com"
23.23.242.178 - - [01/Dec/2014:02:20:53 -0800] "GET /republic-of-congo.html HTTP/1.1" 200 5503 "-" "Mozilla/5.0 (Windows; U; Windows NT 5.1; en-US; rv:1.9.2.8) Gecko/20100722 Firefox/3.6.8" "www.saveaslave.com"
54.243.48.119 - - [01/Dec/2014:02:20:57 -0800] "GET /djibouti.html HTTP/1.1" 200 5414 "-" "Mozilla/5.0 (Windows; U; Windows NT 5.1; en-US; rv:1.9.2.8) Gecko/20100722 Firefox/3.6.8" "www.saveaslave.com"
54.243.48.119 - - [01/Dec/2014:02:21:01 -0800] "GET /north-korea.html HTTP/1.1" 200 5500 "-" "Mozilla/5.0 (Windows; U; Windows NT 5.1; en-US; rv:1.9.2.8) Gecko/20100722 Firefox/3.6.8" "www.saveaslave.com"
23.23.242.178 - - [01/Dec/2014:02:21:22 -0800] "GET /sweden.html HTTP/1.1" 200 5462 "-" "Mozilla/5.0 (Windows; U; Windows NT 5.1; en-US; rv:1.9.2.8) Gecko/20100722 Firefox/3.6.8" "www.saveaslave.com"
23.23.242.178 - - [01/Dec/2014:02:21:22 -0800] "GET /poland.html HTTP/1.1" 200 5454 "-" "Mozilla/5.0 (Windows; U; Windows NT 5.1; en-US; rv:1.9.2.8) Gecko/20100722 Firefox/3.6.8" "www.saveaslave.com"
23.23.242.178 - - [01/Dec/2014:02:21:26 -0800] "GET /tunisia.html HTTP/1.1" 200 5471 "-" "Mozilla/5.0 (Windows; U; Windows NT 5.1; en-US; rv:1.9.2.8) Gecko/20100722 Firefox/3.6.8" "www.saveaslave.com"
54.243.48.119 - - [01/Dec/2014:02:21:28 -0800] "GET /canada.html HTTP/1.1" 200 5396 "-" "Mozilla/5.0 (Windows; U; Windows NT 5.1; en-US; rv:1.9.2.8) Gecko/20100722 Firefox/3.6.8" "www.saveaslave.com"
23.23.242.178 - - [01/Dec/2014:02:21:31 -0800] "GET /czech-republic.html HTTP/1.1" 200 5468 "-" "Mozilla/5.0 (Windows; U; Windows NT 5.1; en-US; rv:1.9.2.8) Gecko/20100722 Firefox/3.6.8" "www.saveaslave.com"
54.243.48.119 - - [01/Dec/2014:02:21:33 -0800] "GET /thailand.html HTTP/1.1" 200 5480 "-" "Mozilla/5.0 (Windows; U; Windows NT 5.1; en-US; rv:1.9.2.8) Gecko/20100722 Firefox/3.6.8" "www.saveaslave.com"
23.23.242.178 - - [01/Dec/2014:02:21:35 -0800] "GET /botswana.html HTTP/1.1" 200 5414 "-" "Mozilla/5.0 (Windows; U; Windows NT 5.1; en-US; rv:1.9.2.8) Gecko/20100722 Firefox/3.6.8" "www.saveaslave.com"
54.243.48.119 - - [01/Dec/2014:02:21:50 -0800] "GET /liberia.html HTTP/1.1" 200 5464 "-" "Mozilla/5.0 (Windows; U; Windows NT 5.1; en-US; rv:1.9.2.8) Gecko/20100722 Firefox/3.6.8" "www.saveaslave.com"
54.243.48.119 - - [01/Dec/2014:02:21:57 -0800] "GET /mauritania.html HTTP/1.1" 200 5491 "-" "Mozilla/5.0 (Windows; U; Windows NT 5.1; en-US; rv:1.9.2.8) Gecko/20100722 Firefox/3.6.8" "www.saveaslave.com"
23.23.242.178 - - [01/Dec/2014:02:22:00 -0800] "GET /pakistan.html HTTP/1.1" 200 5473 "-" "Mozilla/5.0 (Windows; U; Windows NT 5.1; en-US; rv:1.9.2.8) Gecko/20100722 Firefox/3.6.8" "www.saveaslave.com"
54.243.48.119 - - [01/Dec/2014:02:22:14 -0800] "GET /libya.html HTTP/1.1" 200 5446 "-" "Mozilla/5.0 (Windows; U; Windows NT 5.1; en-US; rv:1.9.2.8) Gecko/20100722 Firefox/3.6.8" "www.saveaslave.com"
23.23.242.178 - - [01/Dec/2014:02:22:15 -0800] "GET /british-virgin-islands.html HTTP/1.1" 200 5629 "-" "Mozilla/5.0 (Windows; U; Windows NT 5.1; en-US; rv:1.9.2.8) Gecko/20100722 Firefox/3.6.8" "www.saveaslave.com"
54.243.48.119 - - [01/Dec/2014:02:22:19 -0800] "GET /vanuatu.html HTTP/1.1" 200 5471 "-" "Mozilla/5.0 (Windows; U; Windows NT 5.1; en-US; rv:1.9.2.8) Gecko/20100722 Firefox/3.6.8" "www.saveaslave.com"
23.23.242.178 - - [01/Dec/2014:02:22:22 -0800] "GET /lesotho.html HTTP/1.1" 200 5464 "-" "Mozilla/5.0 (Windows; U; Windows NT 5.1; en-US; rv:1.9.2.8) Gecko/20100722 Firefox/3.6.8" "www.saveaslave.com"
54.243.48.119 - - [01/Dec/2014:02:22:26 -0800] "GET /montenegro.html HTTP/1.1" 200 5491 "-" "Mozilla/5.0 (Windows; U; Windows NT 5.1; en-US; rv:1.9.2.8) Gecko/20100722 Firefox/3.6.8" "www.saveaslave.com"
23.23.242.178 - - [01/Dec/2014:02:22:28 -0800] "GET /netherlands-antilles.html HTTP/1.1" 200 5581 "-" "Mozilla/5.0 (Windows; U; Windows NT 5.1; en-US; rv:1.9.2.8) Gecko/20100722 Firefox/3.6.8" "www.saveaslave.com"
54.243.48.119 - - [01/Dec/2014:02:22:43 -0800] "GET /sudan.html HTTP/1.1" 200 5452 "-" "Mozilla/5.0 (Windows; U; Windows NT 5.1; en-US; rv:1.9.2.8) Gecko/20100722 Firefox/3.6.8" "www.saveaslave.com"
23.23.242.178 - - [01/Dec/2014:02:23:01 -0800] "GET /costa-rica.html HTTP/1.1" 200 5637 "-" "Mozilla/5.0 (Windows; U; Windows NT 5.1; en-US; rv:1.9.2.8) Gecko/20100722 Firefox/3.6.8" "www.saveaslave.com"
54.243.48.119 - - [01/Dec/2014:02:23:06 -0800] "GET /mali.html HTTP/1.1" 200 5437 "-" "Mozilla/5.0 (Windows; U; Windows NT 5.1; en-US; rv:1.9.2.8) Gecko/20100722 Firefox/3.6.8" "www.saveaslave.com"
23.23.242.178 - - [01/Dec/2014:02:23:10 -0800] "GET /monaco.html HTTP/1.1" 200 5455 "-" "Mozilla/5.0 (Windows; U; Windows NT 5.1; en-US; rv:1.9.2.8) Gecko/20100722 Firefox/3.6.8" "www.saveaslave.com"
23.23.242.178 - - [01/Dec/2014:02:23:14 -0800] "GET /saint-martin.html HTTP/1.1" 200 5509 "-" "Mozilla/5.0 (Windows; U; Windows NT 5.1; en-US; rv:1.9.2.8) Gecko/20100722 Firefox/3.6.8" "www.saveaslave.com"
54.243.48.119 - - [01/Dec/2014:02:23:18 -0800] "GET /comoros.html HTTP/1.1" 200 5413 "-" "Mozilla/5.0 (Windows; U; Windows NT 5.1; en-US; rv:1.9.2.8) Gecko/20100722 Firefox/3.6.8" "www.saveaslave.com"
54.243.48.119 - - [01/Dec/2014:02:23:21 -0800] "GET /cyprus.html HTTP/1.1" 200 5396 "-" "Mozilla/5.0 (Windows; U; Windows NT 5.1; en-US; rv:1.9.2.8) Gecko/20100722 Firefox/3.6.8" "www.saveaslave.com"
23.23.242.178 - - [01/Dec/2014:02:23:23 -0800] "GET /uruguay.html HTTP/1.1" 200 5471 "-" "Mozilla/5.0 (Windows; U; Windows NT 5.1; en-US; rv:1.9.2.8) Gecko/20100722 Firefox/3.6.8" "www.saveaslave.com"
54.243.48.119 - - [01/Dec/2014:02:23:26 -0800] "GET /maldives.html HTTP/1.1" 200 5473 "-" "Mozilla/5.0 (Windows; U; Windows NT 5.1; en-US; rv:1.9.2.8) Gecko/20100722 Firefox/3.6.8" "www.saveaslave.com"
54.243.48.119 - - [01/Dec/2014:02:23:30 -0800] "GET /china.html HTTP/1.1" 200 5411 "-" "Mozilla/5.0 (Windows; U; Windows NT 5.1; en-US; rv:1.9.2.8) Gecko/20100722 Firefox/3.6.8" "www.saveaslave.com"
23.23.242.178 - - [01/Dec/2014:02:23:31 -0800] "GET /nicaragua.html HTTP/1.1" 200 5482 "-" "Mozilla/5.0 (Windows; U; Windows NT 5.1; en-US; rv:1.9.2.8) Gecko/20100722 Firefox/3.6.8" "www.saveaslave.com"
54.243.48.119 - - [01/Dec/2014:02:23:33 -0800] "GET /marshall-islands.html HTTP/1.1" 200 5545 "-" "Mozilla/5.0 (Windows; U; Windows NT 5.1; en-US; rv:1.9.2.8) Gecko/20100722 Firefox/3.6.8" "www.saveaslave.com"
23.23.242.178 - - [01/Dec/2014:02:23:34 -0800] "GET /united-arab-emirates.html HTTP/1.1" 200 5554 "-" "Mozilla/5.0 (Windows; U; Windows NT 5.1; en-US; rv:1.9.2.8) Gecko/20100722 Firefox/3.6.8" "www.saveaslave.com"
23.23.242.178 - - [01/Dec/2014:02:23:36 -0800] "GET /palmyra-atoll.html HTTP/1.1" 200 5518 "-" "Mozilla/5.0 (Windows; U; Windows NT 5.1; en-US; rv:1.9.2.8) Gecko/20100722 Firefox/3.6.8" "www.saveaslave.com"
54.243.48.119 - - [01/Dec/2014:02:23:37 -0800] "GET /lithuania.html HTTP/1.1" 200 5482 "-" "Mozilla/5.0 (Windows; U; Windows NT 5.1; en-US; rv:1.9.2.8) Gecko/20100722 Firefox/3.6.8" "www.saveaslave.com"
23.23.242.178 - - [01/Dec/2014:02:23:38 -0800] "GET /brazil.html HTTP/1.1" 200 5396 "-" "Mozilla/5.0 (Windows; U; Windows NT 5.1; en-US; rv:1.9.2.8) Gecko/20100722 Firefox/3.6.8" "www.saveaslave.com"
23.23.242.178 - - [01/Dec/2014:02:23:39 -0800] "GET /tajikistan.html HTTP/1.1" 200 5498 "-" "Mozilla/5.0 (Windows; U; Windows NT 5.1; en-US; rv:1.9.2.8) Gecko/20100722 Firefox/3.6.8" "www.saveaslave.com"
54.243.48.119 - - [01/Dec/2014:02:23:40 -0800] "GET /mexico.html HTTP/1.1" 200 5455 "-" "Mozilla/5.0 (Windows; U; Windows NT 5.1; en-US; rv:1.9.2.8) Gecko/20100722 Firefox/3.6.8" "www.saveaslave.com"
54.243.48.119 - - [01/Dec/2014:02:23:42 -0800] "GET /venezuela.html HTTP/1.1" 200 5489 "-" "Mozilla/5.0 (Windows; U; Windows NT 5.1; en-US; rv:1.9.2.8) Gecko/20100722 Firefox/3.6.8" "www.saveaslave.com"
23.23.242.178 - - [01/Dec/2014:02:23:43 -0800] "GET /bahamas.html HTTP/1.1" 200 5387 "-" "Mozilla/5.0 (Windows; U; Windows NT 5.1; en-US; rv:1.9.2.8) Gecko/20100722 Firefox/3.6.8" "www.saveaslave.com"
23.23.242.178 - - [01/Dec/2014:02:23:45 -0800] "GET /luxembourg.html HTTP/1.1" 200 5491 "-" "Mozilla/5.0 (Windows; U; Windows NT 5.1; en-US; rv:1.9.2.8) Gecko/20100722 Firefox/3.6.8" "www.saveaslave.com"
54.243.48.119 - - [01/Dec/2014:02:24:06 -0800] "GET /sierra-leone.html HTTP/1.1" 200 5509 "-" "Mozilla/5.0 (Windows; U; Windows NT 5.1; en-US; rv:1.9.2.8) Gecko/20100722 Firefox/3.6.8" "www.saveaslave.com"
23.23.242.178 - - [01/Dec/2014:02:24:06 -0800] "GET /russia.html HTTP/1.1" 200 5455 "-" "Mozilla/5.0 (Windows; U; Windows NT 5.1; en-US; rv:1.9.2.8) Gecko/20100722 Firefox/3.6.8" "www.saveaslave.com"
23.23.242.178 - - [01/Dec/2014:02:24:09 -0800] "GET /laos.html HTTP/1.1" 200 5437 "-" "Mozilla/5.0 (Windows; U; Windows NT 5.1; en-US; rv:1.9.2.8) Gecko/20100722 Firefox/3.6.8" "www.saveaslave.com"
23.23.242.178 - - [01/Dec/2014:02:24:12 -0800] "GET /colombia.html HTTP/1.1" 200 5422 "-" "Mozilla/5.0 (Windows; U; Windows NT 5.1; en-US; rv:1.9.2.8) Gecko/20100722 Firefox/3.6.8" "www.saveaslave.com"
65.36.241.77 - - [01/Dec/2014:02:27:51 -0800] "HEAD / HTTP/1.1" 200 0 "-" "InternetSeer.com" "www.saveaslave.com"
199.15.233.184 - - [01/Dec/2014:02:33:23 -0800] "GET / HTTP/1.1" 200 28986 "http://saveaslave.com/" "Mozilla/5.0 (Windows NT 6.1; WOW64) AppleWebKit/537.36 (KHTML, like Gecko) Chrome/36.0.1985.143 Safari/537.36 OPR/23.0.1522.77 (Edition Campaign 37)" "saveaslave.com"
195.154.185.239 - - [01/Dec/2014:03:02:01 -0800] "GET / HTTP/1.1" 200 28986 "-" "Mozilla/4.0 (compatible; MSIE 6.0; Windows NT 5.1; SV1)" "www.saveaslave.com"
61.135.189.175 - - [01/Dec/2014:03:04:43 -0800] "GET /site/?cat=229 HTTP/1.1" 404 89 "-" "Sogou web spider/4.0(+http://www.sogou.com/docs/help/webmasters.htm#07)" "saveaslave.com"
61.135.189.175 - - [01/Dec/2014:03:05:27 -0800] "GET /site/?cat=207 HTTP/1.1" 404 89 "-" "Sogou web spider/4.0(+http://www.sogou.com/docs/help/webmasters.htm#07)" "saveaslave.com"
178.255.215.77 - - [01/Dec/2014:03:16:18 -0800] "GET /robots.txt HTTP/1.1" 404 89 "-" "Mozilla/5.0 (compatible; Exabot/3.0; +http://www.exabot.com/go/robot)" "saveaslave.com"
178.255.215.77 - - [01/Dec/2014:03:16:18 -0800] "GET /american_samoa.html HTTP/1.1" 404 89 "-" "Mozilla/5.0 (compatible; Exabot/3.0; +http://www.exabot.com/go/robot)" "saveaslave.com"
65.36.241.77 - - [01/Dec/2014:03:29:42 -0800] "HEAD / HTTP/1.1" 200 0 "-" "InternetSeer.com" "www.saveaslave.com"
178.137.94.34 - - [01/Dec/2014:03:39:51 -0800] "GET / HTTP/1.1" 200 28986 "http://servisural.ru/" "Mozilla/4.0 (compatible; MSIE 5.5; Windows NT 5.0; .NET CLR 1.1.4322)" "www.saveaslave.com"
178.137.94.34 - - [01/Dec/2014:03:39:52 -0800] "GET / HTTP/1.1" 200 28986 "http://servisural.ru/" "Mozilla/4.0 (compatible; MSIE 5.5; Windows NT 5.0; .NET CLR 1.1.4322)" "www.saveaslave.com"
178.137.94.34 - - [01/Dec/2014:03:39:52 -0800] "GET / HTTP/1.1" 200 28986 "http://servisural.ru/" "Mozilla/4.0 (compatible; MSIE 5.5; Windows NT 5.0; .NET CLR 1.1.4322)" "www.saveaslave.com"
188.165.15.188 - - [01/Dec/2014:04:00:58 -0800] "GET /western-sahara.html HTTP/1.1" 200 5534 "-" "Mozilla/5.0 (compatible; AhrefsBot/5.0; +http://ahrefs.com/robot/)" "www.saveaslave.com"
82.49.68.68 - - [01/Dec/2014:04:01:30 -0800] "GET /favicon.ico HTTP/1.1" 404 89 "-" "Mozilla/5.0 (Windows NT 6.1; WOW64) AppleWebKit/537.36 (KHTML, like Gecko) Chrome/39.0.2171.71 Safari/537.36" "www.saveaslave.com"
108.171.98.68 - - [01/Dec/2014:04:44:13 -0800] "GET /css/style.css HTTP/1.1" 200 660 "http://saveaslave.com/resources.html" "Mozilla/5.0 (Windows NT 6.3; WOW64; rv:33.0) Gecko/20100101 Firefox/33.0" "saveaslave.com"
108.171.98.68 - - [01/Dec/2014:04:44:14 -0800] "GET /images/slaves.jpg HTTP/1.1" 200 64009 "http://saveaslave.com/resources.html" "Mozilla/5.0 (Windows NT 6.3; WOW64; rv:33.0) Gecko/20100101 Firefox/33.0" "saveaslave.com"
108.171.98.68 - - [01/Dec/2014:04:44:18 -0800] "GET /favicon.ico HTTP/1.1" 404 89 "-" "Mozilla/5.0 (Windows NT 6.3; WOW64; rv:33.0) Gecko/20100101 Firefox/33.0" "saveaslave.com"
207.241.226.218 - - [01/Dec/2014:04:44:43 -0800] "GET /robots.txt HTTP/1.1" 404 89 "-" "Mozilla/5.0 (compatible; archive.org_bot; Wayback Machine Live Record; +http://archive.org/details/archive.org_bot)" "saveaslave.com"
108.171.98.68 - - [01/Dec/2014:04:44:45 -0800] "GET / HTTP/1.1" 200 28986 "-" "Mozilla/5.0 (Windows NT 6.3; WOW64; rv:33.0) Gecko/20100101 Firefox/33.0" "saveaslave.com"
108.171.98.68 - - [01/Dec/2014:04:44:46 -0800] "GET /jquery-1.3.2.min.js HTTP/1.1" 200 57254 "http://saveaslave.com/" "Mozilla/5.0 (Windows NT 6.3; WOW64; rv:33.0) Gecko/20100101 Firefox/33.0" "saveaslave.com"
134.249.76.28 - - [01/Dec/2014:04:56:47 -0800] "GET / HTTP/1.1" 200 28986 "http://amoremio.by/" "Opera/7.11 (Windows NT 5.1; U) [en]" "www.saveaslave.com"
134.249.76.28 - - [01/Dec/2014:04:56:48 -0800] "GET / HTTP/1.1" 200 28986 "http://amoremio.by/" "Opera/7.11 (Windows NT 5.1; U) [en]" "www.saveaslave.com"
37.139.52.23 - - [01/Dec/2014:05:13:05 -0800] "GET /index.html HTTP/1.1" 200 29364 "http://psi-lab.ru/" "Mozilla/3.0 (compatible; WebCapture 2.0; Auto; Windows)" "www.saveaslave.com"
37.139.52.23 - - [01/Dec/2014:05:13:07 -0800] "GET /index.html HTTP/1.1" 200 29364 "http://psi-lab.ru/" "Mozilla/3.0 (compatible; WebCapture 2.0; Auto; Windows)" "www.saveaslave.com"
109.120.157.179 - - [01/Dec/2014:05:54:16 -0800] "GET / HTTP/1.1" 200 28986 "http://chimiver.info/" "Mozilla/5.0 (compatible; Add Catalog/2.1;)" "www.saveaslave.com"
109.120.157.179 - - [01/Dec/2014:05:54:18 -0800] "GET / HTTP/1.1" 200 28986 "http://chimiver.info/" "Mozilla/5.0 (compatible; Add Catalog/2.1;)" "www.saveaslave.com"
208.115.111.70 - - [01/Dec/2014:06:13:27 -0800] "GET /robots.txt HTTP/1.1" 404 89 "-" "Mozilla/5.0 (compatible; DotBot/1.1; http://www.opensiteexplorer.org/dotbot, help@moz.com)" "www.saveaslave.com"
65.36.241.79 - - [01/Dec/2014:06:35:29 -0800] "HEAD / HTTP/1.1" 200 0 "-" "InternetSeer.com" "www.saveaslave.com"
65.36.241.77 - - [01/Dec/2014:06:36:40 -0800] "HEAD / HTTP/1.1" 200 0 "-" "InternetSeer.com" "www.saveaslave.com"
66.249.69.199 - - [01/Dec/2014:06:53:46 -0800] "GET /robots.txt HTTP/1.1" 404 89 "-" "Mozilla/5.0 (compatible; Googlebot/2.1; +http://www.google.com/bot.html)" "www.saveaslave.com"
54.243.48.119 - - [01/Dec/2014:06:56:21 -0800] "GET /laos.html HTTP/1.1" 200 5437 "-" "Mozilla/5.0 (Windows; U; Windows NT 5.1; en-US; rv:1.9.2.8) Gecko/20100722 Firefox/3.6.8" "www.saveaslave.com"
199.21.99.206 - - [01/Dec/2014:06:58:57 -0800] "GET /images/Colombia_flag.gif HTTP/1.1" 404 89 "-" "Mozilla/5.0 (compatible; YandexBot/3.0; +http://yandex.com/bots)" "saveaslave.com"
78.46.94.23 - - [01/Dec/2014:07:09:25 -0800] "GET /?tpl=realestate&Itemid=5 HTTP/1.1" 200 28986 "-" "Mozilla/5.0 (compatible; MJ12bot/v1.4.5; http://www.majestic12.co.uk/bot.php?+)" "saveaslave.com"
192.95.29.116 - - [01/Dec/2014:07:10:08 -0800] "GET /robots.txt HTTP/1.1" 404 89 "-" "Mozilla/5.0 (compatible; ca-crawler/1.0)" "saveaslave.com"
192.95.29.116 - - [01/Dec/2014:07:10:09 -0800] "GET / HTTP/1.1" 200 28986 "-" "Mozilla/5.0 (compatible; ca-crawler/1.0)" "saveaslave.com"
192.95.29.116 - - [01/Dec/2014:07:10:13 -0800] "GET /australia.html HTTP/1.1" 200 5404 "-" "Mozilla/5.0 (compatible; ca-crawler/1.0)" "saveaslave.com"
192.95.29.116 - - [01/Dec/2014:07:10:17 -0800] "GET /tuvalu.html HTTP/1.1" 200 5462 "-" "Mozilla/5.0 (compatible; ca-crawler/1.0)" "saveaslave.com"
192.95.29.116 - - [01/Dec/2014:07:10:18 -0800] "GET /andorra.html HTTP/1.1" 200 5386 "-" "Mozilla/5.0 (compatible; ca-crawler/1.0)" "saveaslave.com"
192.95.29.116 - - [01/Dec/2014:07:10:19 -0800] "GET /syria.html HTTP/1.1" 200 5453 "-" "Mozilla/5.0 (compatible; ca-crawler/1.0)" "saveaslave.com"
192.95.29.116 - - [01/Dec/2014:07:10:20 -0800] "GET /argentina.html HTTP/1.1" 200 5404 "-" "Mozilla/5.0 (compatible; ca-crawler/1.0)" "saveaslave.com"
78.46.94.23 - - [01/Dec/2014:07:10:24 -0800] "GET /robots.txt HTTP/1.1" 404 89 "-" "Mozilla/5.0 (compatible; MJ12bot/v1.4.5; http://www.majestic12.co.uk/bot.php?+)" "www.saveaslave.com"
192.95.29.116 - - [01/Dec/2014:07:10:31 -0800] "GET /colombia.html HTTP/1.1" 200 5422 "-" "Mozilla/5.0 (compatible; ca-crawler/1.0)" "saveaslave.com"
192.95.29.116 - - [01/Dec/2014:07:10:32 -0800] "GET /tunisia.html HTTP/1.1" 200 5471 "-" "Mozilla/5.0 (compatible; ca-crawler/1.0)" "saveaslave.com"
192.95.29.116 - - [01/Dec/2014:07:10:34 -0800] "GET /wake-island.html HTTP/1.1" 200 5507 "-" "Mozilla/5.0 (compatible; ca-crawler/1.0)" "saveaslave.com"
78.46.94.23 - - [01/Dec/2014:07:10:35 -0800] "GET /iran HTTP/1.1" 404 89 "-" "Mozilla/5.0 (compatible; MJ12bot/v1.4.5; http://www.majestic12.co.uk/bot.php?+)" "www.saveaslave.com"
192.95.29.116 - - [01/Dec/2014:07:10:45 -0800] "GET /ukraine.html HTTP/1.1" 200 5471 "-" "Mozilla/5.0 (compatible; ca-crawler/1.0)" "saveaslave.com"
192.95.29.116 - - [01/Dec/2014:07:10:46 -0800] "GET /benin.html HTTP/1.1" 200 5387 "-" "Mozilla/5.0 (compatible; ca-crawler/1.0)" "saveaslave.com"
192.95.29.116 - - [01/Dec/2014:07:10:49 -0800] "GET /turkey.html HTTP/1.1" 200 5462 "-" "Mozilla/5.0 (compatible; ca-crawler/1.0)" "saveaslave.com"
192.95.29.116 - - [01/Dec/2014:07:10:55 -0800] "GET /west-bank.html HTTP/1.1" 200 5489 "-" "Mozilla/5.0 (compatible; ca-crawler/1.0)" "saveaslave.com"
192.95.29.116 - - [01/Dec/2014:07:11:20 -0800] "GET /united-states.html HTTP/1.1" 200 5525 "-" "Mozilla/5.0 (compatible; ca-crawler/1.0)" "saveaslave.com"
192.95.29.116 - - [01/Dec/2014:07:11:34 -0800] "GET /zimbabwe.html HTTP/1.1" 200 5480 "-" "Mozilla/5.0 (compatible; ca-crawler/1.0)" "saveaslave.com"
192.95.29.116 - - [01/Dec/2014:07:11:35 -0800] "GET /chile.html HTTP/1.1" 200 5395 "-" "Mozilla/5.0 (compatible; ca-crawler/1.0)" "saveaslave.com"
192.95.29.116 - - [01/Dec/2014:07:11:38 -0800] "GET /uruguay.html HTTP/1.1" 200 5471 "-" "Mozilla/5.0 (compatible; ca-crawler/1.0)" "saveaslave.com"
192.95.29.116 - - [01/Dec/2014:07:11:51 -0800] "GET /belize.html HTTP/1.1" 200 5390 "-" "Mozilla/5.0 (compatible; ca-crawler/1.0)" "saveaslave.com"
192.95.29.116 - - [01/Dec/2014:07:11:54 -0800] "GET /svalbard.html HTTP/1.1" 200 5480 "-" "Mozilla/5.0 (compatible; ca-crawler/1.0)" "saveaslave.com"
192.95.29.116 - - [01/Dec/2014:07:12:01 -0800] "GET /tonga.html HTTP/1.1" 200 5453 "-" "Mozilla/5.0 (compatible; ca-crawler/1.0)" "saveaslave.com"
192.95.29.116 - - [01/Dec/2014:07:12:02 -0800] "GET /resources.html HTTP/1.1" 200 14479 "-" "Mozilla/5.0 (compatible; ca-crawler/1.0)" "saveaslave.com"
192.95.29.116 - - [01/Dec/2014:07:12:06 -0800] "GET /bosnia-herzegovina.html HTTP/1.1" 200 5532 "-" "Mozilla/5.0 (compatible; ca-crawler/1.0)" "saveaslave.com"
192.95.29.116 - - [01/Dec/2014:07:12:08 -0800] "GET /cameroon.html HTTP/1.1" 200 5414 "-" "Mozilla/5.0 (compatible; ca-crawler/1.0)" "saveaslave.com"
192.95.29.116 - - [01/Dec/2014:07:12:11 -0800] "GET /costa-rica.html HTTP/1.1" 200 5637 "-" "Mozilla/5.0 (compatible; ca-crawler/1.0)" "saveaslave.com"
192.95.29.116 - - [01/Dec/2014:07:12:24 -0800] "GET /zambia.html HTTP/1.1" 200 5462 "-" "Mozilla/5.0 (compatible; ca-crawler/1.0)" "saveaslave.com"
192.95.29.116 - - [01/Dec/2014:07:12:26 -0800] "GET /suriname.html HTTP/1.1" 200 5480 "-" "Mozilla/5.0 (compatible; ca-crawler/1.0)" "saveaslave.com"
192.95.29.116 - - [01/Dec/2014:07:12:27 -0800] "GET /austria.html HTTP/1.1" 200 5382 "-" "Mozilla/5.0 (compatible; ca-crawler/1.0)" "saveaslave.com"
192.95.29.116 - - [01/Dec/2014:07:12:28 -0800] "GET /sri-lanka.html HTTP/1.1" 200 5482 "-" "Mozilla/5.0 (compatible; ca-crawler/1.0)" "saveaslave.com"
192.95.29.116 - - [01/Dec/2014:07:12:29 -0800] "GET /armenia.html HTTP/1.1" 200 5385 "-" "Mozilla/5.0 (compatible; ca-crawler/1.0)" "saveaslave.com"
192.95.29.116 - - [01/Dec/2014:07:12:30 -0800] "GET /tanzania.html HTTP/1.1" 200 5480 "-" "Mozilla/5.0 (compatible; ca-crawler/1.0)" "saveaslave.com"
192.95.29.116 - - [01/Dec/2014:07:12:31 -0800] "GET /bangladesh.html HTTP/1.1" 200 5432 "-" "Mozilla/5.0 (compatible; ca-crawler/1.0)" "saveaslave.com"
192.95.29.116 - - [01/Dec/2014:07:12:33 -0800] "GET /cote-d-ivoire.html HTTP/1.1" 200 5459 "-" "Mozilla/5.0 (compatible; ca-crawler/1.0)" "saveaslave.com"
192.95.29.116 - - [01/Dec/2014:07:12:34 -0800] "GET /united-arab-emirates.html HTTP/1.1" 200 5554 "-" "Mozilla/5.0 (compatible; ca-crawler/1.0)" "saveaslave.com"
192.95.29.116 - - [01/Dec/2014:07:12:36 -0800] "GET /burkina-faso.html HTTP/1.1" 200 5450 "-" "Mozilla/5.0 (compatible; ca-crawler/1.0)" "saveaslave.com"
192.95.29.116 - - [01/Dec/2014:07:12:37 -0800] "GET /wallis-and-futuna.html HTTP/1.1" 200 5541 "-" "Mozilla/5.0 (compatible; ca-crawler/1.0)" "saveaslave.com"
192.95.29.116 - - [01/Dec/2014:07:12:39 -0800] "GET /tajikistan.html HTTP/1.1" 200 5498 "-" "Mozilla/5.0 (compatible; ca-crawler/1.0)" "saveaslave.com"
192.95.29.116 - - [01/Dec/2014:07:12:42 -0800] "GET /barbados.html HTTP/1.1" 200 5414 "-" "Mozilla/5.0 (compatible; ca-crawler/1.0)" "saveaslave.com"
72.168.98.120 - - [01/Dec/2014:07:12:42 -0800] "GET /css/style.css HTTP/1.1" 200 660 "http://www.saveaslave.com/" "Mozilla/5.0 (Windows NT 6.1; WOW64; Trident/7.0; yie11; rv:11.0) like Gecko" "www.saveaslave.com"
192.95.29.116 - - [01/Dec/2014:07:12:43 -0800] "GET /dominican-republic.html HTTP/1.1" 200 5504 "-" "Mozilla/5.0 (compatible; ca-crawler/1.0)" "saveaslave.com"
192.95.29.116 - - [01/Dec/2014:07:12:45 -0800] "GET /www.unicef.org HTTP/1.1" 404 89 "-" "Mozilla/5.0 (compatible; ca-crawler/1.0)" "saveaslave.com"
192.95.29.116 - - [01/Dec/2014:07:12:47 -0800] "GET /www.ituc-csi.org HTTP/1.1" 404 89 "-" "Mozilla/5.0 (compatible; ca-crawler/1.0)" "saveaslave.com"
23.23.242.178 - - [01/Dec/2014:07:13:23 -0800] "GET / HTTP/1.1" 200 28986 "-" "Mozilla/5.0 (Windows; U; Windows NT 5.1; en-US; rv:1.9.2.8) Gecko/20100722 Firefox/3.6.8" "saveaslave.com"
192.151.156.226 - - [01/Dec/2014:07:23:04 -0800] "GET /robots.txt HTTP/1.0" 404 73 "-" "Mozilla/5.0 (compatible; MJ12bot/v1.4.5; http://www.majestic12.co.uk/bot.php?+)" "www.saveaslave.com"
192.151.156.226 - - [01/Dec/2014:07:23:16 -0800] "GET /british_indian.html HTTP/1.1" 404 89 "-" "Mozilla/5.0 (compatible; MJ12bot/v1.4.5; http://www.majestic12.co.uk/bot.php?+)" "www.saveaslave.com"
192.151.156.226 - - [01/Dec/2014:07:23:25 -0800] "GET /costa_rica.html HTTP/1.1" 404 89 "-" "Mozilla/5.0 (compatible; MJ12bot/v1.4.5; http://www.majestic12.co.uk/bot.php?+)" "www.saveaslave.com"
192.151.156.226 - - [01/Dec/2014:07:23:39 -0800] "GET /french_guiana.html HTTP/1.1" 404 89 "-" "Mozilla/5.0 (compatible; MJ12bot/v1.4.5; http://www.majestic12.co.uk/bot.php?+)" "www.saveaslave.com"
192.151.156.226 - - [01/Dec/2014:07:23:54 -0800] "GET /french_southern.html HTTP/1.1" 404 89 "-" "Mozilla/5.0 (compatible; MJ12bot/v1.4.5; http://www.majestic12.co.uk/bot.php?+)" "www.saveaslave.com"
192.151.156.226 - - [01/Dec/2014:07:24:29 -0800] "GET /iraq HTTP/1.1" 404 89 "-" "Mozilla/5.0 (compatible; MJ12bot/v1.4.5; http://www.majestic12.co.uk/bot.php?+)" "www.saveaslave.com"
192.151.156.226 - - [01/Dec/2014:07:26:10 -0800] "GET /kosovo HTTP/1.1" 200 5455 "-" "Mozilla/5.0 (compatible; MJ12bot/v1.4.5; http://www.majestic12.co.uk/bot.php?+)" "www.saveaslave.com"
192.151.156.226 - - [01/Dec/2014:07:26:51 -0800] "GET /kyrgyzstan HTTP/1.1" 200 5491 "-" "Mozilla/5.0 (compatible; MJ12bot/v1.4.5; http://www.majestic12.co.uk/bot.php?+)" "www.saveaslave.com"
192.151.156.226 - - [01/Dec/2014:07:28:07 -0800] "GET /macedonia HTTP/1.1" 200 5482 "-" "Mozilla/5.0 (compatible; MJ12bot/v1.4.5; http://www.majestic12.co.uk/bot.php?+)" "www.saveaslave.com"
192.151.156.226 - - [01/Dec/2014:07:28:24 -0800] "GET /mauritania HTTP/1.1" 200 5491 "-" "Mozilla/5.0 (compatible; MJ12bot/v1.4.5; http://www.majestic12.co.uk/bot.php?+)" "www.saveaslave.com"
192.151.156.226 - - [01/Dec/2014:07:29:15 -0800] "GET /montserrat HTTP/1.1" 404 89 "-" "Mozilla/5.0 (compatible; MJ12bot/v1.4.5; http://www.majestic12.co.uk/bot.php?+)" "www.saveaslave.com"
192.151.156.226 - - [01/Dec/2014:07:29:50 -0800] "GET /paraguay HTTP/1.1" 200 5473 "-" "Mozilla/5.0 (compatible; MJ12bot/v1.4.5; http://www.majestic12.co.uk/bot.php?+)" "www.saveaslave.com"
192.151.156.226 - - [01/Dec/2014:07:30:19 -0800] "GET /poland HTTP/1.1" 200 5454 "-" "Mozilla/5.0 (compatible; MJ12bot/v1.4.5; http://www.majestic12.co.uk/bot.php?+)" "www.saveaslave.com"
192.151.156.226 - - [01/Dec/2014:07:30:28 -0800] "GET /portugal HTTP/1.1" 200 5473 "-" "Mozilla/5.0 (compatible; MJ12bot/v1.4.5; http://www.majestic12.co.uk/bot.php?+)" "www.saveaslave.com"
192.151.156.226 - - [01/Dec/2014:07:32:38 -0800] "GET /svalbard HTTP/1.1" 200 5480 "-" "Mozilla/5.0 (compatible; MJ12bot/v1.4.5; http://www.majestic12.co.uk/bot.php?+)" "www.saveaslave.com"
