180.76.15.161 - - [06/Oct/2015:15:07:14 -0700] "GET /country.php?name=Comoros&lang=en HTTP/1.1" 200 13922 "-" "Mozilla/5.0 (compatible; Baiduspider/2.0; +http://www.baidu.com/search/spider.html)" "www.saveaslave.com"
95.79.89.15 - - [06/Oct/2015:15:09:55 -0700] "GET /addlink.php HTTP/1.1" 200 16511 "http://saveaslave.com/addlink.php" "Mozilla/5.0 (Windows NT 6.1; WOW64; rv:36.0) Gecko/20100101 Firefox/36.0" "saveaslave.com"
66.249.75.57 - - [06/Oct/2015:15:10:10 -0700] "GET /images/countrymap/vanuatu.gif HTTP/1.1" 200 24561 "-" "Googlebot-Image/1.0" "www.saveaslave.com"
66.249.75.41 - - [06/Oct/2015:15:10:12 -0700] "GET /images/countrymap/malawi.gif HTTP/1.1" 200 18709 "-" "Googlebot-Image/1.0" "www.saveaslave.com"
54.243.48.119 - - [06/Oct/2015:15:15:14 -0700] "GET /romania.html HTTP/1.1" 200 5683 "-" "Mozilla/5.0 (Windows; U; Windows NT 5.1; en-US; rv:1.9.2.8) Gecko/20100722 Firefox/3.6.8" "saveaslave.com"
23.23.242.178 - - [06/Oct/2015:15:23:01 -0700] "GET /spain.html HTTP/1.1" 200 5665 "-" "Mozilla/5.0 (Windows; U; Windows NT 5.1; en-US; rv:1.9.2.8) Gecko/20100722 Firefox/3.6.8" "saveaslave.com"
23.23.242.178 - - [06/Oct/2015:15:25:13 -0700] "GET /azkaban2.html HTTP/1.1" 200 9017 "-" "Mozilla/5.0 (Windows; U; Windows NT 5.1; en-US; rv:1.9.2.8) Gecko/20100722 Firefox/3.6.8" "saveaslave.com"
54.243.48.119 - - [06/Oct/2015:15:30:52 -0700] "GET /cuba.html HTTP/1.1" 200 5628 "-" "Mozilla/5.0 (Windows; U; Windows NT 5.1; en-US; rv:1.9.2.8) Gecko/20100722 Firefox/3.6.8" "saveaslave.com"
157.55.39.98 - - [06/Oct/2015:15:31:06 -0700] "GET /robots.txt HTTP/1.1" 404 89 "-" "Mozilla/5.0 (compatible; bingbot/2.0; +http://www.bing.com/bingbot.htm)" "saveaslave.com"
129.119.132.10 - - [06/Oct/2015:15:33:00 -0700] "GET /images/countrymap/solomon-islands.gif HTTP/1.1" 200 122217 "-" "Mozilla/5.0 (Windows NT 6.1; WOW64; rv:41.0) Gecko/20100101 Firefox/41.0" "www.saveaslave.com"
54.243.48.119 - - [06/Oct/2015:15:38:39 -0700] "GET /angola.html HTTP/1.1" 200 5617 "-" "Mozilla/5.0 (Windows; U; Windows NT 5.1; en-US; rv:1.9.2.8) Gecko/20100722 Firefox/3.6.8" "saveaslave.com"
65.36.241.48 - - [06/Oct/2015:15:47:54 -0700] "HEAD / HTTP/1.1" 200 0 "-" "InternetSeer.com" "www.saveaslave.com"
63.250.200.90 - - [06/Oct/2015:15:51:36 -0700] "GET /images/countrymap/solomon-islands.gif HTTP/1.1" 200 122217 "https://search.yahoo.com/search;_ylt=AvyyBWlXImBqSLVVF1ivVxubvZx4?fr=yfp-t-901-s&toggle=1&fp=1&cop=mss&ei=UTF-8&p=solomon%20islands%20map" "YahooCacheSystem; YahooWebServiceClient" "www.saveaslave.com"
54.243.48.119 - - [06/Oct/2015:15:54:02 -0700] "GET /tajikistan.html HTTP/1.1" 200 5713 "-" "Mozilla/5.0 (Windows; U; Windows NT 5.1; en-US; rv:1.9.2.8) Gecko/20100722 Firefox/3.6.8" "www.saveaslave.com"
54.243.48.119 - - [06/Oct/2015:16:16:58 -0700] "GET /russia.html HTTP/1.1" 200 5674 "-" "Mozilla/5.0 (Windows; U; Windows NT 5.1; en-US; rv:1.9.2.8) Gecko/20100722 Firefox/3.6.8" "saveaslave.com"
180.76.15.153 - - [06/Oct/2015:16:34:01 -0700] "GET /addlink.php?page=bosnia%20and%20herzegovina.html&lang=en HTTP/1.1" 200 16511 "-" "Mozilla/5.0 (compatible; Baiduspider/2.0; +http://www.baidu.com/search/spider.html)" "www.saveaslave.com"
54.243.48.119 - - [06/Oct/2015:16:47:32 -0700] "GET /singapore.html HTTP/1.1" 200 5701 "-" "Mozilla/5.0 (Windows; U; Windows NT 5.1; en-US; rv:1.9.2.8) Gecko/20100722 Firefox/3.6.8" "saveaslave.com"
180.76.15.9 - - [06/Oct/2015:16:49:00 -0700] "GET /countries/sweden.html HTTP/1.1" 404 89 "-" "Mozilla/5.0 (compatible; Baiduspider/2.0; +http://www.baidu.com/search/spider.html)" "www.saveaslave.com"
54.243.48.119 - - [06/Oct/2015:17:10:28 -0700] "GET /liechtenstein.html HTTP/1.1" 200 5737 "-" "Mozilla/5.0 (Windows; U; Windows NT 5.1; en-US; rv:1.9.2.8) Gecko/20100722 Firefox/3.6.8" "saveaslave.com"
66.249.69.65 - - [06/Oct/2015:17:11:34 -0700] "GET /images/countrymap/new-caledonia-flag.gif HTTP/1.1" 200 5140 "-" "Googlebot-Image/1.0" "www.saveaslave.com"
66.249.69.73 - - [06/Oct/2015:17:11:34 -0700] "GET /images/countrymap/svalbard.png HTTP/1.1" 200 112764 "-" "Googlebot-Image/1.0" "www.saveaslave.com"
66.249.69.73 - - [06/Oct/2015:17:11:34 -0700] "GET /images/countrymap/svalbard-flag.png HTTP/1.1" 200 560 "-" "Googlebot-Image/1.0" "www.saveaslave.com"
66.249.69.81 - - [06/Oct/2015:17:11:34 -0700] "GET /images/countrymap/portugal.gif HTTP/1.1" 200 18682 "-" "Googlebot-Image/1.0" "www.saveaslave.com"
66.249.69.81 - - [06/Oct/2015:17:11:38 -0700] "GET /images/countrymap/malaysia-flag.gif HTTP/1.1" 200 22429 "-" "Googlebot-Image/1.0" "www.saveaslave.com"
66.249.69.66 - - [06/Oct/2015:17:15:19 -0700] "GET /images/countrymap/antigua-barbuda-flag.gif HTTP/1.1" 200 1941 "-" "Googlebot-Image/1.0" "www.saveaslave.com"
66.249.69.74 - - [06/Oct/2015:17:15:21 -0700] "GET /images/countrymap/antigua-barbuda.jpg HTTP/1.1" 200 12945 "-" "Googlebot-Image/1.0" "www.saveaslave.com"
23.23.242.178 - - [06/Oct/2015:17:18:05 -0700] "GET /peru.html HTTP/1.1" 200 5656 "-" "Mozilla/5.0 (Windows; U; Windows NT 5.1; en-US; rv:1.9.2.8) Gecko/20100722 Firefox/3.6.8" "saveaslave.com"
208.115.113.86 - - [06/Oct/2015:17:22:33 -0700] "GET /guyana HTTP/1.1" 200 5675 "-" "Mozilla/5.0 (compatible; DotBot/1.1; http://www.opensiteexplorer.org/dotbot, help@moz.com)" "www.saveaslave.com"
190.160.150.196 - - [06/Oct/2015:17:23:26 -0700] "GET /jquery.marquee.js HTTP/1.1" 200 6560 "http://saveaslave.com/" "Mozilla/5.0 (Windows NT 6.1; WOW64) AppleWebKit/537.36 (KHTML, like Gecko) Chrome/32.0.1700.107 Safari/537.36" "saveaslave.com"
190.160.150.196 - - [06/Oct/2015:17:23:28 -0700] "GET /images/slaves.jpg HTTP/1.1" 200 86777 "http://saveaslave.com/" "Mozilla/5.0 (Windows NT 6.1; WOW64) AppleWebKit/537.36 (KHTML, like Gecko) Chrome/32.0.1700.107 Safari/537.36" "saveaslave.com"
190.160.150.196 - - [06/Oct/2015:17:23:36 -0700] "GET /addlink.php?page=index.html HTTP/1.1" 200 16511 "http://saveaslave.com/" "Mozilla/5.0 (Windows NT 6.1; WOW64) AppleWebKit/537.36 (KHTML, like Gecko) Chrome/32.0.1700.107 Safari/537.36" "www.saveaslave.com"
208.115.113.86 - - [06/Oct/2015:17:26:03 -0700] "GET /wake_island HTTP/1.1" 404 89 "-" "Mozilla/5.0 (compatible; DotBot/1.1; http://www.opensiteexplorer.org/dotbot, help@moz.com)" "saveaslave.com"
208.115.113.86 - - [06/Oct/2015:17:26:03 -0700] "GET /kuwait HTTP/1.1" 200 5676 "-" "Mozilla/5.0 (compatible; DotBot/1.1; http://www.opensiteexplorer.org/dotbot, help@moz.com)" "saveaslave.com"
207.46.13.109 - - [06/Oct/2015:17:44:52 -0700] "GET /robots.txt HTTP/1.1" 404 89 "-" "Mozilla/5.0 (compatible; bingbot/2.0; +http://www.bing.com/bingbot.htm)" "www.saveaslave.com"
207.46.13.109 - - [06/Oct/2015:17:45:03 -0700] "GET /mayotte HTTP/1.1" 404 89 "-" "Mozilla/5.0 (compatible; bingbot/2.0; +http://www.bing.com/bingbot.htm)" "www.saveaslave.com"
157.55.39.199 - - [06/Oct/2015:17:50:47 -0700] "GET /jordan.html HTTP/1.1" 200 5675 "-" "msnbot-media/1.1 (+http://search.msn.com/msnbot.htm)" "www.saveaslave.com"
174.102.227.163 - - [06/Oct/2015:17:51:51 -0700] "GET /images/header.png HTTP/1.1" 200 104524 "http://www.saveaslave.com/solomon-islands.html" "Mozilla/5.0 (Windows NT 6.3; WOW64) AppleWebKit/537.36 (KHTML, like Gecko) Chrome/45.0.2454.99 Safari/537.36" "www.saveaslave.com"
54.243.48.119 - - [06/Oct/2015:17:56:47 -0700] "GET /gabon.html HTTP/1.1" 200 5666 "-" "Mozilla/5.0 (Windows; U; Windows NT 5.1; en-US; rv:1.9.2.8) Gecko/20100722 Firefox/3.6.8" "saveaslave.com"
54.243.48.119 - - [06/Oct/2015:18:01:31 -0700] "GET /barbados.html HTTP/1.1" 200 5664 "-" "Mozilla/5.0 (Windows; U; Windows NT 5.1; en-US; rv:1.9.2.8) Gecko/20100722 Firefox/3.6.8" "saveaslave.com"
157.55.39.199 - - [06/Oct/2015:18:04:56 -0700] "GET /georgia.html HTTP/1.1" 200 5684 "-" "msnbot-media/1.1 (+http://search.msn.com/msnbot.htm)" "www.saveaslave.com"
54.243.48.119 - - [06/Oct/2015:18:19:13 -0700] "GET /kuwait.html HTTP/1.1" 200 5676 "-" "Mozilla/5.0 (Windows; U; Windows NT 5.1; en-US; rv:1.9.2.8) Gecko/20100722 Firefox/3.6.8" "saveaslave.com"
23.23.242.178 - - [06/Oct/2015:18:26:48 -0700] "GET /yemen.html HTTP/1.1" 200 5668 "-" "Mozilla/5.0 (Windows; U; Windows NT 5.1; en-US; rv:1.9.2.8) Gecko/20100722 Firefox/3.6.8" "saveaslave.com"
23.23.242.178 - - [06/Oct/2015:18:34:25 -0700] "GET /egypt.html HTTP/1.1" 200 5666 "-" "Mozilla/5.0 (Windows; U; Windows NT 5.1; en-US; rv:1.9.2.8) Gecko/20100722 Firefox/3.6.8" "saveaslave.com"
70.119.17.16 - - [06/Oct/2015:18:41:13 -0700] "GET /images/countrymap/solomon-islands.gif HTTP/1.1" 200 122217 "https://www.google.com/" "Mozilla/5.0 (Windows NT 6.3; WOW64) AppleWebKit/537.36 (KHTML, like Gecko) Chrome/45.0.2454.101 Safari/537.36" "www.saveaslave.com"
54.243.48.119 - - [06/Oct/2015:18:42:03 -0700] "GET /macedonia.html HTTP/1.1" 200 5701 "-" "Mozilla/5.0 (Windows; U; Windows NT 5.1; en-US; rv:1.9.2.8) Gecko/20100722 Firefox/3.6.8" "saveaslave.com"
207.90.2.10 - - [06/Oct/2015:18:54:46 -0700] "GET / HTTP/1.1" 200 46654 "-" "=Mozilla/5.0 (Windows; U; Windows NT 6.1; en-US) AppleWebKit/534.16 (KHTML, like Gecko) Chrome/10.0.648.204 Safari/534.16" "saveaslave.com"
207.90.2.10 - - [06/Oct/2015:18:54:48 -0700] "GET /addlink.php?page=index.html HTTP/1.1" 200 16511 "-" "=Mozilla/5.0 (Windows; U; Windows NT 6.1; en-US) AppleWebKit/534.16 (KHTML, like Gecko) Chrome/10.0.648.204 Safari/534.16" "www.saveaslave.com"
23.23.242.178 - - [06/Oct/2015:18:57:22 -0700] "GET /equatorial-guinea.html HTTP/1.1" 200 5774 "-" "Mozilla/5.0 (Windows; U; Windows NT 5.1; en-US; rv:1.9.2.8) Gecko/20100722 Firefox/3.6.8" "saveaslave.com"
157.55.39.199 - - [06/Oct/2015:19:02:59 -0700] "GET /turkmenistan.html HTTP/1.1" 200 5731 "-" "msnbot-media/1.1 (+http://search.msn.com/msnbot.htm)" "www.saveaslave.com"
208.115.113.86 - - [06/Oct/2015:19:05:21 -0700] "GET /robots.txt HTTP/1.1" 404 89 "-" "Mozilla/5.0 (compatible; DotBot/1.1; http://www.opensiteexplorer.org/dotbot, help@moz.com)" "www.saveaslave.com"
65.36.241.48 - - [06/Oct/2015:19:09:00 -0700] "HEAD /?tpl=references&Itemid=3 HTTP/1.1" 200 0 "-" "InternetSeer.com" "www.saveaslave.com"
65.36.241.48 - - [06/Oct/2015:19:09:00 -0700] "HEAD /?tpl=references&Itemid=3 HTTP/1.1" 200 0 "-" "InternetSeer.com" "www.saveaslave.com"
107.214.122.194 - - [06/Oct/2015:19:18:57 -0700] "GET /images/countrymap/solomon-islands.gif HTTP/1.1" 200 122217 "-" "Mozilla/5.0 (Linux; U; Android 4.1.2; en-us; SGH-T999L Build/JZO54K) AppleWebKit/534.30 (KHTML, like Gecko) Version/4.0 Mobile Safari/534.30 GSA/5.3.26.16.arm" "www.saveaslave.com"
207.46.13.109 - - [06/Oct/2015:19:32:35 -0700] "GET /south-sudan.html HTTP/1.1" 200 5719 "-" "msnbot-media/1.1 (+http://search.msn.com/msnbot.htm)" "www.saveaslave.com"
207.46.13.109 - - [06/Oct/2015:19:32:37 -0700] "GET /singapore.html HTTP/1.1" 200 5701 "-" "msnbot-media/1.1 (+http://search.msn.com/msnbot.htm)" "www.saveaslave.com"
207.46.13.109 - - [06/Oct/2015:19:32:37 -0700] "GET /Flight_Information.html HTTP/1.1" 404 89 "-" "msnbot-media/1.1 (+http://search.msn.com/msnbot.htm)" "www.saveaslave.com"
157.55.39.102 - - [06/Oct/2015:19:49:11 -0700] "GET /mexico.html HTTP/1.1" 200 6067 "-" "Mozilla/5.0 (compatible; bingbot/2.0; +http://www.bing.com/bingbot.htm)" "saveaslave.com"
65.36.241.48 - - [06/Oct/2015:19:56:45 -0700] "HEAD / HTTP/1.1" 200 0 "-" "InternetSeer.com" "www.saveaslave.com"
157.55.39.72 - - [06/Oct/2015:19:58:09 -0700] "GET /east-timor.html HTTP/1.1" 200 5696 "-" "msnbot-media/1.1 (+http://search.msn.com/msnbot.htm)" "www.saveaslave.com"
54.243.48.119 - - [06/Oct/2015:19:58:32 -0700] "GET /timor-leste.html HTTP/1.1" 200 5723 "-" "Mozilla/5.0 (Windows; U; Windows NT 5.1; en-US; rv:1.9.2.8) Gecko/20100722 Firefox/3.6.8" "saveaslave.com"
23.23.242.178 - - [06/Oct/2015:20:20:31 -0700] "GET /burma.html HTTP/1.1" 200 5639 "-" "Mozilla/5.0 (Windows; U; Windows NT 5.1; en-US; rv:1.9.2.8) Gecko/20100722 Firefox/3.6.8" "saveaslave.com"
188.165.15.201 - - [06/Oct/2015:20:25:50 -0700] "GET /belize.html HTTP/1.1" 200 5643 "-" "Mozilla/5.0 (compatible; AhrefsBot/5.0; +http://ahrefs.com/robot/)" "www.saveaslave.com"
208.115.113.86 - - [06/Oct/2015:20:26:03 -0700] "GET /kenya.html HTTP/1.1" 200 5666 "-" "Mozilla/5.0 (compatible; DotBot/1.1; http://www.opensiteexplorer.org/dotbot, help@moz.com)" "www.saveaslave.com"
208.115.113.86 - - [06/Oct/2015:20:26:04 -0700] "GET /taiwan.html HTTP/1.1" 200 5677 "-" "Mozilla/5.0 (compatible; DotBot/1.1; http://www.opensiteexplorer.org/dotbot, help@moz.com)" "www.saveaslave.com"
208.115.113.86 - - [06/Oct/2015:20:26:04 -0700] "GET /curacao.html HTTP/1.1" 200 5678 "-" "Mozilla/5.0 (compatible; DotBot/1.1; http://www.opensiteexplorer.org/dotbot, help@moz.com)" "www.saveaslave.com"
54.243.48.119 - - [06/Oct/2015:20:27:12 -0700] "GET /guinea.html HTTP/1.1" 200 5675 "-" "Mozilla/5.0 (Windows; U; Windows NT 5.1; en-US; rv:1.9.2.8) Gecko/20100722 Firefox/3.6.8" "www.saveaslave.com"
23.23.242.178 - - [06/Oct/2015:20:28:21 -0700] "GET /algeria.html HTTP/1.1" 200 5626 "-" "Mozilla/5.0 (Windows; U; Windows NT 5.1; en-US; rv:1.9.2.8) Gecko/20100722 Firefox/3.6.8" "saveaslave.com"
188.165.15.201 - - [06/Oct/2015:20:30:47 -0700] "GET /oman.html HTTP/1.1" 200 5656 "-" "Mozilla/5.0 (compatible; AhrefsBot/5.0; +http://ahrefs.com/robot/)" "www.saveaslave.com"
208.115.113.86 - - [06/Oct/2015:20:42:14 -0700] "GET /palmyra-atoll.html HTTP/1.1" 200 5737 "-" "Mozilla/5.0 (compatible; DotBot/1.1; http://www.opensiteexplorer.org/dotbot, help@moz.com)" "saveaslave.com"
23.23.242.178 - - [06/Oct/2015:20:47:27 -0700] "GET /taiwan.html HTTP/1.1" 200 5677 "-" "Mozilla/5.0 (Windows; U; Windows NT 5.1; en-US; rv:1.9.2.8) Gecko/20100722 Firefox/3.6.8" "saveaslave.com"
188.165.15.201 - - [06/Oct/2015:20:49:53 -0700] "GET /hungary.html HTTP/1.1" 200 5684 "-" "Mozilla/5.0 (compatible; AhrefsBot/5.0; +http://ahrefs.com/robot/)" "www.saveaslave.com"
23.23.242.178 - - [06/Oct/2015:20:54:12 -0700] "GET /thailand.html HTTP/1.1" 200 5695 "-" "Mozilla/5.0 (Windows; U; Windows NT 5.1; en-US; rv:1.9.2.8) Gecko/20100722 Firefox/3.6.8" "saveaslave.com"
5.164.199.165 - - [06/Oct/2015:20:59:58 -0700] "GET /addlink.php HTTP/1.1" 200 16511 "http://saveaslave.com/addlink.php" "Mozilla/5.0 (Windows NT 6.3; WOW64; rv:36.0) Gecko/20100101 Firefox/36.0" "saveaslave.com"
23.23.242.178 - - [06/Oct/2015:21:07:42 -0700] "GET /kazakhstan.html HTTP/1.1" 200 5711 "-" "Mozilla/5.0 (Windows; U; Windows NT 5.1; en-US; rv:1.9.2.8) Gecko/20100722 Firefox/3.6.8" "saveaslave.com"
54.243.48.119 - - [06/Oct/2015:21:14:27 -0700] "GET /cote-d-ivoire.html HTTP/1.1" 200 5714 "-" "Mozilla/5.0 (Windows; U; Windows NT 5.1; en-US; rv:1.9.2.8) Gecko/20100722 Firefox/3.6.8" "saveaslave.com"
66.249.69.82 - - [06/Oct/2015:21:15:56 -0700] "GET /images/countrymap/mozambique.gif HTTP/1.1" 200 25490 "-" "Googlebot-Image/1.0" "www.saveaslave.com"
207.46.13.176 - - [06/Oct/2015:21:19:37 -0700] "GET /robots.txt HTTP/1.1" 404 89 "-" "Mozilla/5.0 (compatible; bingbot/2.0; +http://www.bing.com/bingbot.htm)" "www.saveaslave.com"
23.23.242.178 - - [06/Oct/2015:21:21:12 -0700] "GET /barbados.html HTTP/1.1" 200 5664 "-" "Mozilla/5.0 (Windows; U; Windows NT 5.1; en-US; rv:1.9.2.8) Gecko/20100722 Firefox/3.6.8" "saveaslave.com"
157.55.39.199 - - [06/Oct/2015:21:25:23 -0700] "GET /robots.txt HTTP/1.1" 404 89 "-" "Mozilla/5.0 (compatible; bingbot/2.0; +http://www.bing.com/bingbot.htm)" "www.saveaslave.com"
157.55.39.199 - - [06/Oct/2015:21:25:28 -0700] "GET /slovakia.html HTTP/1.1" 200 5691 "-" "msnbot-media/1.1 (+http://search.msn.com/msnbot.htm)" "www.saveaslave.com"
66.249.69.82 - - [06/Oct/2015:21:26:58 -0700] "GET /images/countrymap/nepal-flag.gif HTTP/1.1" 200 4753 "-" "Googlebot-Image/1.0" "www.saveaslave.com"
66.249.69.74 - - [06/Oct/2015:21:26:59 -0700] "GET /images/countrymap/mauritius-flag.gif HTTP/1.1" 200 5797 "-" "Googlebot-Image/1.0" "www.saveaslave.com"
66.249.69.82 - - [06/Oct/2015:21:27:02 -0700] "GET /images/countrymap/spain-flag.jpg HTTP/1.1" 200 2563 "-" "Googlebot-Image/1.0" "www.saveaslave.com"
66.249.69.66 - - [06/Oct/2015:21:27:03 -0700] "GET /images/countrymap/spain.gif HTTP/1.1" 200 27034 "-" "Googlebot-Image/1.0" "www.saveaslave.com"
203.113.152.18 - - [06/Oct/2015:21:27:33 -0700] "GET /robots.txt HTTP/1.1" 404 89 "-" "Mozilla/5.0 (Windows NT 6.1; WOW64; rv:37.0) Gecko/20100101 Firefox/37.0" "saveaslave.com"
203.113.152.18 - - [06/Oct/2015:21:27:36 -0700] "GET / HTTP/1.1" 200 46654 "-" "Mozilla/5.0 (Windows NT 6.1; WOW64; rv:37.0) Gecko/20100101 Firefox/37.0" "saveaslave.com"
54.243.48.119 - - [06/Oct/2015:21:27:57 -0700] "GET /palestinian-territories.html HTTP/1.1" 200 5828 "-" "Mozilla/5.0 (Windows; U; Windows NT 5.1; en-US; rv:1.9.2.8) Gecko/20100722 Firefox/3.6.8" "saveaslave.com"
157.55.39.72 - - [06/Oct/2015:21:30:00 -0700] "GET /robots.txt HTTP/1.1" 404 89 "-" "Mozilla/5.0 (compatible; bingbot/2.0; +http://www.bing.com/bingbot.htm)" "www.saveaslave.com"
157.55.39.72 - - [06/Oct/2015:21:30:01 -0700] "GET /albania.html HTTP/1.1" 200 6139 "-" "msnbot-media/1.1 (+http://search.msn.com/msnbot.htm)" "www.saveaslave.com"
207.46.13.176 - - [06/Oct/2015:21:38:31 -0700] "GET /saint-barthelemy.html HTTP/1.1" 200 5764 "-" "msnbot-media/1.1 (+http://search.msn.com/msnbot.htm)" "www.saveaslave.com"
188.165.15.201 - - [06/Oct/2015:21:40:38 -0700] "GET /iraq.html HTTP/1.1" 200 5657 "-" "Mozilla/5.0 (compatible; AhrefsBot/5.0; +http://ahrefs.com/robot/)" "www.saveaslave.com"
23.23.242.178 - - [06/Oct/2015:21:41:30 -0700] "GET /niue.html HTTP/1.1" 200 5656 "-" "Mozilla/5.0 (Windows; U; Windows NT 5.1; en-US; rv:1.9.2.8) Gecko/20100722 Firefox/3.6.8" "saveaslave.com"
23.23.242.178 - - [06/Oct/2015:21:44:08 -0700] "GET /cameroon.html HTTP/1.1" 200 5666 "-" "Mozilla/5.0 (Windows; U; Windows NT 5.1; en-US; rv:1.9.2.8) Gecko/20100722 Firefox/3.6.8" "saveaslave.com"
54.243.48.119 - - [06/Oct/2015:21:48:18 -0700] "GET /nepal.html HTTP/1.1" 200 5852 "-" "Mozilla/5.0 (Windows; U; Windows NT 5.1; en-US; rv:1.9.2.8) Gecko/20100722 Firefox/3.6.8" "saveaslave.com"
54.243.48.119 - - [06/Oct/2015:21:52:20 -0700] "GET /brazil.html HTTP/1.1" 200 5651 "-" "Mozilla/5.0 (Windows; U; Windows NT 5.1; en-US; rv:1.9.2.8) Gecko/20100722 Firefox/3.6.8" "www.saveaslave.com"
207.46.13.158 - - [06/Oct/2015:21:54:46 -0700] "GET /philippines.html HTTP/1.1" 200 5719 "-" "msnbot-media/1.1 (+http://search.msn.com/msnbot.htm)" "www.saveaslave.com"
23.23.242.178 - - [06/Oct/2015:22:02:18 -0700] "GET /germany.html HTTP/1.1" 200 5684 "-" "Mozilla/5.0 (Windows; U; Windows NT 5.1; en-US; rv:1.9.2.8) Gecko/20100722 Firefox/3.6.8" "saveaslave.com"
157.55.39.199 - - [06/Oct/2015:22:04:03 -0700] "GET /micronesia.html HTTP/1.1" 200 5710 "-" "msnbot-media/1.1 (+http://search.msn.com/msnbot.htm)" "www.saveaslave.com"
157.55.39.217 - - [06/Oct/2015:22:11:51 -0700] "GET /burkina-faso.html HTTP/1.1" 200 5702 "-" "Mozilla/5.0 (compatible; bingbot/2.0; +http://www.bing.com/bingbot.htm)" "saveaslave.com"
188.165.15.201 - - [06/Oct/2015:22:12:31 -0700] "GET /lithuania.html HTTP/1.1" 200 5701 "-" "Mozilla/5.0 (compatible; AhrefsBot/5.0; +http://ahrefs.com/robot/)" "www.saveaslave.com"
66.249.75.49 - - [06/Oct/2015:22:13:24 -0700] "GET /articles/modernslavery.html HTTP/1.1" 404 89 "-" "Mozilla/5.0 (compatible; Googlebot/2.1; +http://www.google.com/bot.html)" "www.saveaslave.com"
207.46.13.176 - - [06/Oct/2015:22:19:31 -0700] "GET /vietnam HTTP/1.1" 200 5686 "-" "msnbot-media/1.1 (+http://search.msn.com/msnbot.htm)" "www.saveaslave.com"
207.46.13.158 - - [06/Oct/2015:22:27:07 -0700] "GET /costa-rica.html HTTP/1.1" 200 5867 "-" "msnbot-media/1.1 (+http://search.msn.com/msnbot.htm)" "www.saveaslave.com"
207.46.13.158 - - [06/Oct/2015:22:27:07 -0700] "GET /nauru HTTP/1.1" 200 5665 "-" "msnbot-media/1.1 (+http://search.msn.com/msnbot.htm)" "www.saveaslave.com"
207.46.13.176 - - [06/Oct/2015:22:32:05 -0700] "GET /malawi HTTP/1.1" 200 5674 "-" "msnbot-media/1.1 (+http://search.msn.com/msnbot.htm)" "www.saveaslave.com"
66.249.75.41 - - [06/Oct/2015:22:48:51 -0700] "GET /images/countrymap/singapore-flag.gif HTTP/1.1" 200 14089 "-" "Googlebot-Image/1.0" "www.saveaslave.com"
66.249.75.57 - - [06/Oct/2015:22:50:19 -0700] "GET /images/countrymap/nicaragua-flag.gif HTTP/1.1" 200 11085 "-" "Googlebot-Image/1.0" "www.saveaslave.com"
65.36.241.48 - - [06/Oct/2015:22:51:31 -0700] "HEAD / HTTP/1.1" 200 0 "-" "InternetSeer.com" "www.saveaslave.com"
210.195.240.91 - - [06/Oct/2015:22:52:52 -0700] "GET /images/countrymap/solomon-islands.gif HTTP/1.1" 200 122217 "https://www.google.com/" "Mozilla/5.0 (iPhone; CPU iPhone OS 8_4 like Mac OS X) AppleWebKit/600.1.4 (KHTML, like Gecko) Version/8.0 Mobile/12H143 Safari/600.1.4" "www.saveaslave.com"
207.46.13.176 - - [06/Oct/2015:22:53:27 -0700] "GET /east-timor.html HTTP/1.1" 200 5696 "-" "msnbot-media/1.1 (+http://search.msn.com/msnbot.htm)" "www.saveaslave.com"
208.115.113.86 - - [06/Oct/2015:23:03:39 -0700] "GET /robots.txt HTTP/1.1" 404 89 "-" "Mozilla/5.0 (compatible; DotBot/1.1; http://www.opensiteexplorer.org/dotbot, help@moz.com)" "saveaslave.com"
180.76.15.15 - - [06/Oct/2015:23:08:04 -0700] "GET /listlink.php?page=cote%20d%20ivoire.html&lang=en HTTP/1.1" 200 4498 "-" "Mozilla/5.0 (compatible; Baiduspider/2.0; +http://www.baidu.com/search/spider.html)" "www.saveaslave.com"
207.46.13.86 - - [06/Oct/2015:23:11:47 -0700] "GET /turkey.html HTTP/1.1" 200 5677 "-" "msnbot-media/1.1 (+http://search.msn.com/msnbot.htm)" "www.saveaslave.com"
100.43.91.14 - - [06/Oct/2015:23:29:26 -0700] "GET /robots.txt HTTP/1.1" 404 89 "-" "Mozilla/5.0 (compatible; YandexBot/3.0; +http://yandex.com/bots)" "saveaslave.com"
66.249.69.73 - - [06/Oct/2015:23:38:57 -0700] "GET /images/countrymap/switzerland.gif HTTP/1.1" 200 20550 "-" "Googlebot-Image/1.0" "www.saveaslave.com"
77.75.76.170 - - [06/Oct/2015:23:43:25 -0700] "GET /robots.txt HTTP/1.1" 404 89 "-" "Mozilla/5.0 (compatible; SeznamBot/3.2; +http://fulltext.sblog.cz/)" "saveaslave.com"
106.205.99.86 - - [06/Oct/2015:23:52:02 -0700] "GET / HTTP/1.1" 200 46654 "-" "Mozilla/5.0 (Windows NT 6.1) AppleWebKit/537.36 (KHTML, like Gecko) Chrome/45.0.2454.101 Safari/537.36" "www.saveaslave.com"
106.205.99.86 - - [06/Oct/2015:23:52:02 -0700] "GET /css/style.css HTTP/1.1" 200 1400 "http://www.saveaslave.com/" "Mozilla/5.0 (Windows NT 6.1) AppleWebKit/537.36 (KHTML, like Gecko) Chrome/45.0.2454.101 Safari/537.36" "www.saveaslave.com"
106.205.99.86 - - [06/Oct/2015:23:52:03 -0700] "GET /jquery.marquee.js HTTP/1.1" 200 6560 "http://www.saveaslave.com/" "Mozilla/5.0 (Windows NT 6.1) AppleWebKit/537.36 (KHTML, like Gecko) Chrome/45.0.2454.101 Safari/537.36" "www.saveaslave.com"
106.205.99.86 - - [06/Oct/2015:23:52:03 -0700] "GET /images/sas_button.gif HTTP/1.1" 200 2628 "http://www.saveaslave.com/" "Mozilla/5.0 (Windows NT 6.1) AppleWebKit/537.36 (KHTML, like Gecko) Chrome/45.0.2454.101 Safari/537.36" "www.saveaslave.com"
106.205.99.86 - - [06/Oct/2015:23:52:03 -0700] "GET /images/header.png HTTP/1.1" 200 104524 "http://www.saveaslave.com/" "Mozilla/5.0 (Windows NT 6.1) AppleWebKit/537.36 (KHTML, like Gecko) Chrome/45.0.2454.101 Safari/537.36" "www.saveaslave.com"
106.205.99.86 - - [06/Oct/2015:23:52:05 -0700] "GET /addlink.php?page=index.html HTTP/1.1" 200 16475 "http://www.saveaslave.com/" "Mozilla/5.0 (Windows NT 6.1) AppleWebKit/537.36 (KHTML, like Gecko) Chrome/45.0.2454.101 Safari/537.36" "www.saveaslave.com"
66.249.69.65 - - [06/Oct/2015:23:53:15 -0700] "GET /images/countrymap/latvia-flag.gif HTTP/1.1" 200 4302 "-" "Googlebot-Image/1.0" "www.saveaslave.com"
157.55.39.72 - - [06/Oct/2015:23:53:38 -0700] "GET /benin HTTP/1.1" 200 5639 "-" "msnbot-media/1.1 (+http://search.msn.com/msnbot.htm)" "www.saveaslave.com"
66.249.75.49 - - [07/Oct/2015:00:01:09 -0700] "GET /images/countrymap/tanzania-flag.jpg HTTP/1.1" 200 2285 "-" "Googlebot-Image/1.0" "www.saveaslave.com"
207.46.13.86 - - [07/Oct/2015:00:03:18 -0700] "GET /panama.html HTTP/1.1" 200 5674 "-" "msnbot-media/1.1 (+http://search.msn.com/msnbot.htm)" "www.saveaslave.com"
157.55.39.72 - - [07/Oct/2015:00:07:55 -0700] "GET /macoa HTTP/1.1" 404 89 "-" "msnbot-media/1.1 (+http://search.msn.com/msnbot.htm)" "www.saveaslave.com"
207.46.13.86 - - [07/Oct/2015:00:16:45 -0700] "GET /western-sahara.html HTTP/1.1" 200 5749 "-" "msnbot-media/1.1 (+http://search.msn.com/msnbot.htm)" "www.saveaslave.com"
207.46.13.176 - - [07/Oct/2015:00:21:08 -0700] "GET /brazil HTTP/1.1" 200 5651 "-" "msnbot-media/1.1 (+http://search.msn.com/msnbot.htm)" "www.saveaslave.com"
66.249.69.82 - - [07/Oct/2015:00:25:38 -0700] "GET /images/countrymap/burkina-faso.gif HTTP/1.1" 200 13312 "-" "Googlebot-Image/1.0" "www.saveaslave.com"
95.79.180.180 - - [07/Oct/2015:00:31:41 -0700] "GET /addlink.php HTTP/1.1" 200 16511 "http://saveaslave.com/addlink.php" "Mozilla/5.0 (Windows NT 6.1; rv:37.0) Gecko/20100101 Firefox/37.0" "saveaslave.com"
66.249.69.74 - - [07/Oct/2015:00:31:49 -0700] "GET /images/countrymap/dominica.jpg HTTP/1.1" 200 13820 "-" "Googlebot-Image/1.0" "www.saveaslave.com"
66.249.69.82 - - [07/Oct/2015:00:31:49 -0700] "GET /images/countrymap/dominica-flag.gif HTTP/1.1" 200 1947 "-" "Googlebot-Image/1.0" "www.saveaslave.com"
66.249.69.82 - - [07/Oct/2015:00:33:10 -0700] "GET /images/countrymap/central-african-republic-flag.jpg HTTP/1.1" 200 773 "-" "Googlebot-Image/1.0" "www.saveaslave.com"
180.76.15.149 - - [07/Oct/2015:00:33:28 -0700] "GET /syria HTTP/1.1" 200 5668 "-" "Mozilla/5.0 (compatible; Baiduspider/2.0; +http://www.baidu.com/search/spider.html)" "www.saveaslave.com"
66.249.69.66 - - [07/Oct/2015:00:33:28 -0700] "GET /images/countrymap/china-flag.gif HTTP/1.1" 200 1983 "-" "Googlebot-Image/1.0" "www.saveaslave.com"
66.249.69.74 - - [07/Oct/2015:00:34:07 -0700] "GET /images/countrymap/curacao.png HTTP/1.1" 200 17449 "-" "Googlebot-Image/1.0" "www.saveaslave.com"
66.249.69.66 - - [07/Oct/2015:00:34:13 -0700] "GET /images/countrymap/curacao-flag.png HTTP/1.1" 200 1121 "-" "Googlebot-Image/1.0" "www.saveaslave.com"
66.249.69.74 - - [07/Oct/2015:00:34:26 -0700] "GET /images/countrymap/aruba.jpg HTTP/1.1" 200 42195 "-" "Googlebot-Image/1.0" "www.saveaslave.com"
66.249.69.74 - - [07/Oct/2015:00:34:29 -0700] "GET /images/countrymap/aruba-flag.jpg HTTP/1.1" 200 2210 "-" "Googlebot-Image/1.0" "www.saveaslave.com"
66.249.69.66 - - [07/Oct/2015:00:34:45 -0700] "GET /images/countrymap/botswana-flag.gif HTTP/1.1" 200 1208 "-" "Googlebot-Image/1.0" "www.saveaslave.com"
66.249.69.66 - - [07/Oct/2015:00:34:46 -0700] "GET /images/countrymap/dominican-republic.jpg HTTP/1.1" 200 46579 "-" "Googlebot-Image/1.0" "www.saveaslave.com"
66.249.69.82 - - [07/Oct/2015:00:34:46 -0700] "GET /images/countrymap/demoratic-republic-of-congo-flag.gif HTTP/1.1" 200 2263 "-" "Googlebot-Image/1.0" "www.saveaslave.com"
66.249.69.82 - - [07/Oct/2015:00:34:54 -0700] "GET /images/countrymap/botswana.jpg HTTP/1.1" 200 45352 "-" "Googlebot-Image/1.0" "www.saveaslave.com"
66.249.69.74 - - [07/Oct/2015:00:34:54 -0700] "GET /images/countrymap/demoratic-republic-of-congo.jpg HTTP/1.1" 200 29934 "-" "Googlebot-Image/1.0" "www.saveaslave.com"
66.249.69.74 - - [07/Oct/2015:00:34:55 -0700] "GET /images/countrymap/brazil-flag.gif HTTP/1.1" 200 2127 "-" "Googlebot-Image/1.0" "www.saveaslave.com"
157.55.39.217 - - [07/Oct/2015:00:35:40 -0700] "GET /tunisia HTTP/1.1" 200 5686 "-" "msnbot-media/1.1 (+http://search.msn.com/msnbot.htm)" "www.saveaslave.com"
66.249.69.82 - - [07/Oct/2015:00:43:30 -0700] "GET /images/countrymap/cote-d-ivoire-flag.gif HTTP/1.1" 200 359 "-" "Googlebot-Image/1.0" "www.saveaslave.com"
208.115.113.86 - - [07/Oct/2015:00:45:12 -0700] "GET /grenada.html HTTP/1.1" 200 5684 "-" "Mozilla/5.0 (compatible; DotBot/1.1; http://www.opensiteexplorer.org/dotbot, help@moz.com)" "saveaslave.com"
208.115.113.86 - - [07/Oct/2015:00:45:13 -0700] "GET /moldova.html HTTP/1.1" 200 5683 "-" "Mozilla/5.0 (compatible; DotBot/1.1; http://www.opensiteexplorer.org/dotbot, help@moz.com)" "saveaslave.com"
207.46.13.23 - - [07/Oct/2015:00:48:34 -0700] "GET /somalia HTTP/1.1" 200 5683 "-" "msnbot-media/1.1 (+http://search.msn.com/msnbot.htm)" "www.saveaslave.com"
207.46.13.23 - - [07/Oct/2015:00:48:34 -0700] "GET /new-zealand.html HTTP/1.1" 200 5719 "-" "msnbot-media/1.1 (+http://search.msn.com/msnbot.htm)" "www.saveaslave.com"
207.46.13.23 - - [07/Oct/2015:00:48:34 -0700] "GET /palau.html HTTP/1.1" 200 5665 "-" "msnbot-media/1.1 (+http://search.msn.com/msnbot.htm)" "www.saveaslave.com"
213.128.67.90 - - [07/Oct/2015:01:00:33 -0700] "GET / HTTP/1.1" 200 46654 "-" "-" "saveaslave.com"
207.46.13.86 - - [07/Oct/2015:01:02:26 -0700] "GET /aruba.html HTTP/1.1" 200 14875 "-" "msnbot-media/1.1 (+http://search.msn.com/msnbot.htm)" "www.saveaslave.com"
207.46.13.86 - - [07/Oct/2015:01:09:50 -0700] "GET /Radio_Stations.html HTTP/1.1" 404 89 "-" "msnbot-media/1.1 (+http://search.msn.com/msnbot.htm)" "www.saveaslave.com"
188.165.15.201 - - [07/Oct/2015:01:10:18 -0700] "GET /bolivia.html HTTP/1.1" 200 5606 "-" "Mozilla/5.0 (compatible; AhrefsBot/5.0; +http://ahrefs.com/robot/)" "www.saveaslave.com"
207.46.13.12 - - [07/Oct/2015:01:13:13 -0700] "GET /poland HTTP/1.1" 200 5673 "-" "msnbot-media/1.1 (+http://search.msn.com/msnbot.htm)" "www.saveaslave.com"
188.165.15.201 - - [07/Oct/2015:01:25:47 -0700] "GET /belize.html HTTP/1.1" 200 5643 "-" "Mozilla/5.0 (compatible; AhrefsBot/5.0; +http://ahrefs.com/robot/)" "saveaslave.com"
100.43.91.10 - - [07/Oct/2015:01:27:54 -0700] "GET /tanzania.html HTTP/1.1" 200 5695 "-" "Mozilla/5.0 (compatible; YandexBot/3.0; +http://yandex.com/bots)" "saveaslave.com"
207.46.13.86 - - [07/Oct/2015:01:31:14 -0700] "GET /somalia HTTP/1.1" 200 5683 "-" "msnbot-media/1.1 (+http://search.msn.com/msnbot.htm)" "www.saveaslave.com"
207.46.13.86 - - [07/Oct/2015:01:31:20 -0700] "GET /new-zealand.html HTTP/1.1" 200 5719 "-" "msnbot-media/1.1 (+http://search.msn.com/msnbot.htm)" "www.saveaslave.com"
23.23.242.178 - - [07/Oct/2015:01:31:29 -0700] "GET /hungary.html HTTP/1.1" 200 5684 "-" "Mozilla/5.0 (Windows; U; Windows NT 5.1; en-US; rv:1.9.2.8) Gecko/20100722 Firefox/3.6.8" "saveaslave.com"
157.55.39.217 - - [07/Oct/2015:01:34:21 -0700] "GET /nigeria.html HTTP/1.1" 200 5683 "-" "msnbot-media/1.1 (+http://search.msn.com/msnbot.htm)" "www.saveaslave.com"
207.46.13.12 - - [07/Oct/2015:01:35:55 -0700] "GET /ecard.html HTTP/1.1" 404 89 "-" "msnbot-media/1.1 (+http://search.msn.com/msnbot.htm)" "www.saveaslave.com"
114.108.243.227 - - [07/Oct/2015:01:37:30 -0700] "GET /solomon-islands.html HTTP/1.1" 200 5755 "https://www.google.com.ph/" "Mozilla/5.0 (Windows NT 6.1; WOW64) AppleWebKit/537.36 (KHTML, like Gecko) Chrome/45.0.2454.101 Safari/537.36" "www.saveaslave.com"
114.108.243.227 - - [07/Oct/2015:01:37:30 -0700] "GET /css/style.css HTTP/1.1" 200 1400 "http://www.saveaslave.com/solomon-islands.html" "Mozilla/5.0 (Windows NT 6.1; WOW64) AppleWebKit/537.36 (KHTML, like Gecko) Chrome/45.0.2454.101 Safari/537.36" "www.saveaslave.com"
114.108.243.227 - - [07/Oct/2015:01:37:30 -0700] "GET /images/header.png HTTP/1.1" 200 104524 "http://www.saveaslave.com/solomon-islands.html" "Mozilla/5.0 (Windows NT 6.1; WOW64) AppleWebKit/537.36 (KHTML, like Gecko) Chrome/45.0.2454.101 Safari/537.36" "www.saveaslave.com"
114.108.243.227 - - [07/Oct/2015:01:37:31 -0700] "GET /images/countrymap/solomon-islands-flag.gif HTTP/1.1" 200 28751 "http://www.saveaslave.com/solomon-islands.html" "Mozilla/5.0 (Windows NT 6.1; WOW64) AppleWebKit/537.36 (KHTML, like Gecko) Chrome/45.0.2454.101 Safari/537.36" "www.saveaslave.com"
114.108.243.227 - - [07/Oct/2015:01:37:32 -0700] "GET /favicon.ico HTTP/1.1" 404 89 "http://www.saveaslave.com/solomon-islands.html" "Mozilla/5.0 (Windows NT 6.1; WOW64) AppleWebKit/537.36 (KHTML, like Gecko) Chrome/45.0.2454.101 Safari/537.36" "www.saveaslave.com"
157.55.39.217 - - [07/Oct/2015:01:54:57 -0700] "GET /robots.txt HTTP/1.1" 404 89 "-" "Mozilla/5.0 (compatible; bingbot/2.0; +http://www.bing.com/bingbot.htm)" "saveaslave.com"
157.55.39.217 - - [07/Oct/2015:01:55:05 -0700] "GET /samoa.html HTTP/1.1" 200 5665 "-" "Mozilla/5.0 (compatible; bingbot/2.0; +http://www.bing.com/bingbot.htm)" "saveaslave.com"
180.76.15.29 - - [07/Oct/2015:01:58:19 -0700] "GET /addlink.php?page=cote%20d%20ivoire.html&lang=en HTTP/1.1" 200 16511 "-" "Mozilla/5.0 (compatible; Baiduspider/2.0; +http://www.baidu.com/search/spider.html)" "www.saveaslave.com"
157.55.39.217 - - [07/Oct/2015:02:13:00 -0700] "GET /swaziland HTTP/1.1" 200 5704 "-" "msnbot-media/1.1 (+http://search.msn.com/msnbot.htm)" "www.saveaslave.com"
207.46.13.86 - - [07/Oct/2015:02:13:26 -0700] "GET /palestinian-territories.html HTTP/1.1" 200 5828 "-" "msnbot-media/1.1 (+http://search.msn.com/msnbot.htm)" "www.saveaslave.com"
180.76.15.135 - - [07/Oct/2015:02:15:17 -0700] "GET / HTTP/1.1" 200 46654 "-" "Mozilla/5.0 (compatible; Baiduspider/2.0; +http://www.baidu.com/search/spider.html)" "saveaslave.com"
207.46.13.86 - - [07/Oct/2015:02:16:07 -0700] "GET /yemen.html HTTP/1.1" 200 5668 "-" "msnbot-media/1.1 (+http://search.msn.com/msnbot.htm)" "www.saveaslave.com"
157.55.39.217 - - [07/Oct/2015:02:23:51 -0700] "GET /wake_island HTTP/1.1" 404 89 "-" "msnbot-media/1.1 (+http://search.msn.com/msnbot.htm)" "www.saveaslave.com"
157.55.39.217 - - [07/Oct/2015:02:23:51 -0700] "GET /barbados HTTP/1.1" 200 5664 "-" "msnbot-media/1.1 (+http://search.msn.com/msnbot.htm)" "www.saveaslave.com"
61.135.189.175 - - [07/Oct/2015:02:32:50 -0700] "GET /robots.txt HTTP/1.1" 404 89 "-" "Sogou web spider/4.0(+http://www.sogou.com/docs/help/webmasters.htm#07)" "saveaslave.com"
61.135.189.175 - - [07/Oct/2015:02:33:28 -0700] "GET / HTTP/1.1" 200 46654 "-" "Sogou web spider/4.0(+http://www.sogou.com/docs/help/webmasters.htm#07)" "saveaslave.com"
61.135.189.175 - - [07/Oct/2015:02:36:19 -0700] "GET / HTTP/1.1" 200 46654 "-" "Sogou web spider/4.0(+http://www.sogou.com/docs/help/webmasters.htm#07)" "www.saveaslave.com"
207.46.13.94 - - [07/Oct/2015:02:38:03 -0700] "GET /angola.html HTTP/1.1" 200 5617 "-" "msnbot-media/1.1 (+http://search.msn.com/msnbot.htm)" "www.saveaslave.com"
207.46.13.94 - - [07/Oct/2015:02:38:03 -0700] "GET /korea_south HTTP/1.1" 404 89 "-" "msnbot-media/1.1 (+http://search.msn.com/msnbot.htm)" "www.saveaslave.com"
23.23.242.178 - - [07/Oct/2015:02:47:16 -0700] "GET /bolivia.html HTTP/1.1" 200 5606 "-" "Mozilla/5.0 (Windows; U; Windows NT 5.1; en-US; rv:1.9.2.8) Gecko/20100722 Firefox/3.6.8" "saveaslave.com"
188.165.15.201 - - [07/Oct/2015:02:48:58 -0700] "GET /somalia.html HTTP/1.1" 200 5683 "-" "Mozilla/5.0 (compatible; AhrefsBot/5.0; +http://ahrefs.com/robot/)" "www.saveaslave.com"
188.165.15.201 - - [07/Oct/2015:02:52:18 -0700] "GET /nigeria.html HTTP/1.1" 200 5683 "-" "Mozilla/5.0 (compatible; AhrefsBot/5.0; +http://ahrefs.com/robot/)" "www.saveaslave.com"
207.46.13.12 - - [07/Oct/2015:02:57:07 -0700] "GET /bouvet_island HTTP/1.1" 404 89 "-" "msnbot-media/1.1 (+http://search.msn.com/msnbot.htm)" "www.saveaslave.com"
207.46.13.12 - - [07/Oct/2015:02:57:07 -0700] "GET /malaysia.html HTTP/1.1" 200 5692 "-" "msnbot-media/1.1 (+http://search.msn.com/msnbot.htm)" "www.saveaslave.com"
207.46.13.12 - - [07/Oct/2015:02:57:07 -0700] "GET /australia HTTP/1.1" 200 5637 "-" "msnbot-media/1.1 (+http://search.msn.com/msnbot.htm)" "www.saveaslave.com"
207.46.13.12 - - [07/Oct/2015:02:57:07 -0700] "GET /austria.html HTTP/1.1" 200 5614 "-" "msnbot-media/1.1 (+http://search.msn.com/msnbot.htm)" "www.saveaslave.com"
207.46.13.12 - - [07/Oct/2015:02:57:07 -0700] "GET /marshall-islands.html HTTP/1.1" 200 5764 "-" "msnbot-media/1.1 (+http://search.msn.com/msnbot.htm)" "www.saveaslave.com"
207.46.13.12 - - [07/Oct/2015:02:57:07 -0700] "GET /bhutan.html HTTP/1.1" 200 5651 "-" "msnbot-media/1.1 (+http://search.msn.com/msnbot.htm)" "www.saveaslave.com"
207.46.13.86 - - [07/Oct/2015:02:59:03 -0700] "GET /belgium HTTP/1.1" 200 5676 "-" "msnbot-media/1.1 (+http://search.msn.com/msnbot.htm)" "www.saveaslave.com"
159.92.175.207 - - [07/Oct/2015:02:59:33 -0700] "GET / HTTP/1.1" 200 46654 "https://www.google.co.uk/" "Mozilla/5.0 (Macintosh; Intel Mac OS X 10_6_8) AppleWebKit/537.36 (KHTML, like Gecko) Chrome/45.0.2454.101 Safari/537.36" "www.saveaslave.com"
159.92.175.207 - - [07/Oct/2015:02:59:33 -0700] "GET /css/style.css HTTP/1.1" 200 1400 "http://www.saveaslave.com/" "Mozilla/5.0 (Macintosh; Intel Mac OS X 10_6_8) AppleWebKit/537.36 (KHTML, like Gecko) Chrome/45.0.2454.101 Safari/537.36" "www.saveaslave.com"
159.92.175.207 - - [07/Oct/2015:02:59:34 -0700] "GET /jquery-1.3.2.min.js HTTP/1.1" 200 57254 "http://www.saveaslave.com/" "Mozilla/5.0 (Macintosh; Intel Mac OS X 10_6_8) AppleWebKit/537.36 (KHTML, like Gecko) Chrome/45.0.2454.101 Safari/537.36" "www.saveaslave.com"
159.92.175.207 - - [07/Oct/2015:02:59:34 -0700] "GET /images/sas_button.gif HTTP/1.1" 200 2628 "http://www.saveaslave.com/" "Mozilla/5.0 (Macintosh; Intel Mac OS X 10_6_8) AppleWebKit/537.36 (KHTML, like Gecko) Chrome/45.0.2454.101 Safari/537.36" "www.saveaslave.com"
159.92.175.207 - - [07/Oct/2015:02:59:34 -0700] "GET /images/slaves.jpg HTTP/1.1" 200 86777 "http://www.saveaslave.com/" "Mozilla/5.0 (Macintosh; Intel Mac OS X 10_6_8) AppleWebKit/537.36 (KHTML, like Gecko) Chrome/45.0.2454.101 Safari/537.36" "www.saveaslave.com"
159.92.175.207 - - [07/Oct/2015:02:59:34 -0700] "GET /jquery.marquee.js HTTP/1.1" 200 6560 "http://www.saveaslave.com/" "Mozilla/5.0 (Macintosh; Intel Mac OS X 10_6_8) AppleWebKit/537.36 (KHTML, like Gecko) Chrome/45.0.2454.101 Safari/537.36" "www.saveaslave.com"
159.92.175.207 - - [07/Oct/2015:02:59:36 -0700] "GET /listlink.php?page=index.html HTTP/1.1" 200 10417 "http://www.saveaslave.com/" "Mozilla/5.0 (Macintosh; Intel Mac OS X 10_6_8) AppleWebKit/537.36 (KHTML, like Gecko) Chrome/45.0.2454.101 Safari/537.36" "www.saveaslave.com"
159.92.175.207 - - [07/Oct/2015:02:59:37 -0700] "GET /addlink.php?page=index.html HTTP/1.1" 200 16475 "http://www.saveaslave.com/" "Mozilla/5.0 (Macintosh; Intel Mac OS X 10_6_8) AppleWebKit/537.36 (KHTML, like Gecko) Chrome/45.0.2454.101 Safari/537.36" "www.saveaslave.com"
188.165.15.201 - - [07/Oct/2015:03:04:01 -0700] "GET /syria.html HTTP/1.1" 200 5668 "-" "Mozilla/5.0 (compatible; AhrefsBot/5.0; +http://ahrefs.com/robot/)" "saveaslave.com"
207.46.13.86 - - [07/Oct/2015:03:04:45 -0700] "GET /finland HTTP/1.1" 200 6902 "-" "msnbot-media/1.1 (+http://search.msn.com/msnbot.htm)" "www.saveaslave.com"
157.55.39.217 - - [07/Oct/2015:03:08:58 -0700] "GET /el-salvador.html HTTP/1.1" 200 5720 "-" "msnbot-media/1.1 (+http://search.msn.com/msnbot.htm)" "www.saveaslave.com"
180.76.15.27 - - [07/Oct/2015:03:15:09 -0700] "GET /countries/brazil.html HTTP/1.1" 200 5672 "-" "Mozilla/5.0 (compatible; Baiduspider/2.0; +http://www.baidu.com/search/spider.html)" "www.saveaslave.com"
207.46.13.12 - - [07/Oct/2015:03:21:57 -0700] "GET /syria.html HTTP/1.1" 200 5668 "-" "msnbot-media/1.1 (+http://search.msn.com/msnbot.htm)" "www.saveaslave.com"
105.210.112.61 - - [07/Oct/2015:03:30:40 -0700] "GET /images/countrymap/azkaban.jpg HTTP/1.1" 200 43927 "https://www.google.co.za/" "Mozilla/5.0 (Macintosh; Intel Mac OS X 10_10_4) AppleWebKit/537.36 (KHTML, like Gecko) Chrome/44.0.2403.130 Safari/537.36" "www.saveaslave.com"
207.46.13.94 - - [07/Oct/2015:03:44:35 -0700] "GET /bahamas HTTP/1.1" 200 5619 "-" "msnbot-media/1.1 (+http://search.msn.com/msnbot.htm)" "www.saveaslave.com"
207.46.13.94 - - [07/Oct/2015:03:44:35 -0700] "GET /belarus HTTP/1.1" 200 5670 "-" "msnbot-media/1.1 (+http://search.msn.com/msnbot.htm)" "www.saveaslave.com"
207.46.13.94 - - [07/Oct/2015:03:44:35 -0700] "GET /guinea.html HTTP/1.1" 200 5675 "-" "msnbot-media/1.1 (+http://search.msn.com/msnbot.htm)" "www.saveaslave.com"
207.46.13.94 - - [07/Oct/2015:03:44:36 -0700] "GET /svalbard HTTP/1.1" 200 5695 "-" "msnbot-media/1.1 (+http://search.msn.com/msnbot.htm)" "www.saveaslave.com"
207.46.13.23 - - [07/Oct/2015:03:54:14 -0700] "GET /hungary.html HTTP/1.1" 200 5684 "-" "msnbot-media/1.1 (+http://search.msn.com/msnbot.htm)" "www.saveaslave.com"
207.46.13.23 - - [07/Oct/2015:03:54:30 -0700] "GET /lebanon HTTP/1.1" 200 5683 "-" "msnbot-media/1.1 (+http://search.msn.com/msnbot.htm)" "www.saveaslave.com"
188.165.15.201 - - [07/Oct/2015:03:58:00 -0700] "GET /iraq.html HTTP/1.1" 200 5657 "-" "Mozilla/5.0 (compatible; AhrefsBot/5.0; +http://ahrefs.com/robot/)" "saveaslave.com"
207.46.13.94 - - [07/Oct/2015:04:00:59 -0700] "GET /san-marino.html HTTP/1.1" 200 5710 "-" "msnbot-media/1.1 (+http://search.msn.com/msnbot.htm)" "www.saveaslave.com"
100.43.91.14 - - [07/Oct/2015:04:04:21 -0700] "GET /libya.html HTTP/1.1" 200 5665 "-" "Mozilla/5.0 (compatible; YandexBot/3.0; +http://yandex.com/bots)" "saveaslave.com"
207.46.13.94 - - [07/Oct/2015:04:11:16 -0700] "GET /italy HTTP/1.1" 200 5666 "-" "msnbot-media/1.1 (+http://search.msn.com/msnbot.htm)" "www.saveaslave.com"
207.46.13.86 - - [07/Oct/2015:04:12:41 -0700] "GET /lithuania.html HTTP/1.1" 200 5701 "-" "msnbot-media/1.1 (+http://search.msn.com/msnbot.htm)" "www.saveaslave.com"
207.46.13.12 - - [07/Oct/2015:04:15:26 -0700] "GET /vietnam HTTP/1.1" 200 5686 "-" "Mozilla/5.0 (compatible; bingbot/2.0; +http://www.bing.com/bingbot.htm)" "www.saveaslave.com"
207.46.13.12 - - [07/Oct/2015:04:15:27 -0700] "GET /vietnam.html HTTP/1.1" 200 5686 "-" "msnbot-media/1.1 (+http://search.msn.com/msnbot.htm)" "www.saveaslave.com"
207.46.13.12 - - [07/Oct/2015:04:15:27 -0700] "GET /guinea-bissau.html HTTP/1.1" 200 5952 "-" "msnbot-media/1.1 (+http://search.msn.com/msnbot.htm)" "www.saveaslave.com"
207.46.13.23 - - [07/Oct/2015:04:17:24 -0700] "GET /liechtenstein.html HTTP/1.1" 200 5737 "-" "msnbot-media/1.1 (+http://search.msn.com/msnbot.htm)" "www.saveaslave.com"
208.115.113.86 - - [07/Oct/2015:04:28:20 -0700] "GET /namibia.html HTTP/1.1" 200 5683 "-" "Mozilla/5.0 (compatible; DotBot/1.1; http://www.opensiteexplorer.org/dotbot, help@moz.com)" "www.saveaslave.com"
208.115.113.86 - - [07/Oct/2015:04:28:20 -0700] "GET /montenegro.html HTTP/1.1" 200 5711 "-" "Mozilla/5.0 (compatible; DotBot/1.1; http://www.opensiteexplorer.org/dotbot, help@moz.com)" "www.saveaslave.com"
207.46.13.23 - - [07/Oct/2015:04:29:15 -0700] "GET /lebanon.html HTTP/1.1" 200 5683 "-" "msnbot-media/1.1 (+http://search.msn.com/msnbot.htm)" "www.saveaslave.com"
207.46.13.23 - - [07/Oct/2015:04:29:15 -0700] "GET /burundi.html HTTP/1.1" 200 5657 "-" "msnbot-media/1.1 (+http://search.msn.com/msnbot.htm)" "www.saveaslave.com"
180.76.15.139 - - [07/Oct/2015:04:30:09 -0700] "GET /angola.html HTTP/1.1" 200 5617 "-" "Mozilla/5.0 (compatible; Baiduspider/2.0; +http://www.baidu.com/search/spider.html)" "www.saveaslave.com"
207.46.13.94 - - [07/Oct/2015:04:30:45 -0700] "GET /sudan.html HTTP/1.1" 200 5668 "-" "msnbot-media/1.1 (+http://search.msn.com/msnbot.htm)" "www.saveaslave.com"
207.46.13.23 - - [07/Oct/2015:04:33:37 -0700] "GET /kiribati.html HTTP/1.1" 200 5693 "-" "msnbot-media/1.1 (+http://search.msn.com/msnbot.htm)" "www.saveaslave.com"
66.249.69.13 - - [07/Oct/2015:04:38:04 -0700] "GET /robots.txt HTTP/1.1" 404 89 "-" "Mozilla/5.0 (compatible; Googlebot/2.1; +http://www.google.com/bot.html)" "saveaslave.com"
208.115.113.86 - - [07/Oct/2015:04:38:13 -0700] "GET /portugal.html HTTP/1.1" 200 5692 "-" "Mozilla/5.0 (compatible; DotBot/1.1; http://www.opensiteexplorer.org/dotbot, help@moz.com)" "saveaslave.com"
208.115.113.86 - - [07/Oct/2015:04:38:14 -0700] "GET /brazil.html HTTP/1.1" 200 5651 "-" "Mozilla/5.0 (compatible; DotBot/1.1; http://www.opensiteexplorer.org/dotbot, help@moz.com)" "saveaslave.com"
207.46.13.23 - - [07/Oct/2015:04:42:12 -0700] "GET /bahamas.html HTTP/1.1" 200 5619 "-" "msnbot-media/1.1 (+http://search.msn.com/msnbot.htm)" "www.saveaslave.com"
207.46.13.86 - - [07/Oct/2015:04:46:20 -0700] "GET /venezuela.html HTTP/1.1" 200 5704 "-" "msnbot-media/1.1 (+http://search.msn.com/msnbot.htm)" "www.saveaslave.com"
207.46.13.94 - - [07/Oct/2015:04:47:42 -0700] "GET /mauritania.html HTTP/1.1" 200 5710 "-" "msnbot-media/1.1 (+http://search.msn.com/msnbot.htm)" "www.saveaslave.com"
65.36.241.48 - - [07/Oct/2015:04:50:01 -0700] "HEAD / HTTP/1.1" 200 0 "-" "InternetSeer.com" "www.saveaslave.com"
157.55.39.217 - - [07/Oct/2015:04:56:21 -0700] "GET /israel.html HTTP/1.1" 200 5675 "-" "msnbot-media/1.1 (+http://search.msn.com/msnbot.htm)" "www.saveaslave.com"
208.115.113.86 - - [07/Oct/2015:05:13:17 -0700] "GET /Adoption.html HTTP/1.1" 404 89 "-" "Mozilla/5.0 (compatible; DotBot/1.1; http://www.opensiteexplorer.org/dotbot, help@moz.com)" "saveaslave.com"
208.115.113.86 - - [07/Oct/2015:05:13:18 -0700] "GET /poland HTTP/1.1" 200 5673 "-" "Mozilla/5.0 (compatible; DotBot/1.1; http://www.opensiteexplorer.org/dotbot, help@moz.com)" "www.saveaslave.com"
208.115.113.86 - - [07/Oct/2015:05:13:18 -0700] "GET /sudan HTTP/1.1" 200 5668 "-" "Mozilla/5.0 (compatible; DotBot/1.1; http://www.opensiteexplorer.org/dotbot, help@moz.com)" "www.saveaslave.com"
157.55.39.217 - - [07/Oct/2015:05:25:47 -0700] "GET /lao HTTP/1.1" 404 89 "-" "msnbot-media/1.1 (+http://search.msn.com/msnbot.htm)" "www.saveaslave.com"
207.46.13.86 - - [07/Oct/2015:05:25:53 -0700] "GET /reunion HTTP/1.1" 404 89 "-" "msnbot-media/1.1 (+http://search.msn.com/msnbot.htm)" "www.saveaslave.com"
157.55.39.217 - - [07/Oct/2015:05:27:11 -0700] "GET /luxembourg.html HTTP/1.1" 200 5711 "-" "msnbot-media/1.1 (+http://search.msn.com/msnbot.htm)" "www.saveaslave.com"
41.235.12.203 - - [07/Oct/2015:05:33:55 -0700] "GET /css/style.css HTTP/1.1" 200 1400 "http://www.saveaslave.com/" "Mozilla/5.0 (Windows NT 10.0; WOW64) AppleWebKit/537.36 (KHTML, like Gecko) Chrome/45.0.2454.101 Safari/537.36" "www.saveaslave.com"
41.235.12.203 - - [07/Oct/2015:05:33:56 -0700] "GET /jquery.marquee.js HTTP/1.1" 200 6560 "http://www.saveaslave.com/" "Mozilla/5.0 (Windows NT 10.0; WOW64) AppleWebKit/537.36 (KHTML, like Gecko) Chrome/45.0.2454.101 Safari/537.36" "www.saveaslave.com"
41.235.12.203 - - [07/Oct/2015:05:33:56 -0700] "GET /images/slaves.jpg HTTP/1.1" 200 86777 "http://www.saveaslave.com/" "Mozilla/5.0 (Windows NT 10.0; WOW64) AppleWebKit/537.36 (KHTML, like Gecko) Chrome/45.0.2454.101 Safari/537.36" "www.saveaslave.com"
41.235.12.203 - - [07/Oct/2015:05:33:58 -0700] "GET /listlink.php?page=index.html HTTP/1.1" 200 10417 "http://www.saveaslave.com/" "Mozilla/5.0 (Windows NT 10.0; WOW64) AppleWebKit/537.36 (KHTML, like Gecko) Chrome/45.0.2454.101 Safari/537.36" "www.saveaslave.com"
41.235.12.203 - - [07/Oct/2015:05:34:01 -0700] "GET /favicon.ico HTTP/1.1" 404 89 "http://www.saveaslave.com/" "Mozilla/5.0 (Windows NT 10.0; WOW64) AppleWebKit/537.36 (KHTML, like Gecko) Chrome/45.0.2454.101 Safari/537.36" "www.saveaslave.com"
207.46.13.86 - - [07/Oct/2015:05:43:52 -0700] "GET /saint-martin.html HTTP/1.1" 200 5728 "-" "msnbot-media/1.1 (+http://search.msn.com/msnbot.htm)" "www.saveaslave.com"
157.55.39.217 - - [07/Oct/2015:05:45:22 -0700] "GET /mauritania HTTP/1.1" 200 5710 "-" "msnbot-media/1.1 (+http://search.msn.com/msnbot.htm)" "www.saveaslave.com"
207.46.13.86 - - [07/Oct/2015:05:47:10 -0700] "GET /iraq HTTP/1.1" 200 5657 "-" "msnbot-media/1.1 (+http://search.msn.com/msnbot.htm)" "www.saveaslave.com"
69.58.178.56 - - [07/Oct/2015:05:48:57 -0700] "GET / HTTP/1.1" 200 46654 "-" "Mozilla/5.0 (X11; Ubuntu; Linux i686; rv:14.0; ips-agent) Gecko/20100101 Firefox/14.0.1" "www.saveaslave.com"
69.58.178.56 - - [07/Oct/2015:05:49:04 -0700] "GET / HTTP/1.1" 200 46654 "-" "Mozilla/5.0 (X11; Ubuntu; Linux i686; rv:14.0; ips-agent) Gecko/20100101 Firefox/14.0.1" "www.saveaslave.com"
69.58.178.56 - - [07/Oct/2015:05:49:06 -0700] "GET /index.php HTTP/1.1" 200 46654 "-" "Mozilla/5.0 (X11; Ubuntu; Linux i686; rv:14.0; ips-agent) Gecko/20100101 Firefox/14.0.1" "www.saveaslave.com"
69.58.178.56 - - [07/Oct/2015:05:49:07 -0700] "GET /whoweare.html HTTP/1.1" 200 12096 "-" "Mozilla/5.0 (X11; Ubuntu; Linux i686; rv:14.0; ips-agent) Gecko/20100101 Firefox/14.0.1" "www.saveaslave.com"
69.58.178.56 - - [07/Oct/2015:05:49:12 -0700] "GET /resources.html HTTP/1.1" 200 14780 "-" "Mozilla/5.0 (X11; Ubuntu; Linux i686; rv:14.0; ips-agent) Gecko/20100101 Firefox/14.0.1" "www.saveaslave.com"
69.58.178.56 - - [07/Oct/2015:05:49:14 -0700] "GET /afghanistan.html HTTP/1.1" 200 5755 "-" "Mozilla/5.0 (X11; Ubuntu; Linux i686; rv:14.0; ips-agent) Gecko/20100101 Firefox/14.0.1" "www.saveaslave.com"
69.58.178.56 - - [07/Oct/2015:05:49:16 -0700] "GET /albania.html HTTP/1.1" 200 6139 "-" "Mozilla/5.0 (X11; Ubuntu; Linux i686; rv:14.0; ips-agent) Gecko/20100101 Firefox/14.0.1" "www.saveaslave.com"
69.58.178.56 - - [07/Oct/2015:05:49:17 -0700] "GET /algeria.html HTTP/1.1" 200 5626 "-" "Mozilla/5.0 (X11; Ubuntu; Linux i686; rv:14.0; ips-agent) Gecko/20100101 Firefox/14.0.1" "www.saveaslave.com"
157.55.39.217 - - [07/Oct/2015:05:49:19 -0700] "GET /default.html HTTP/1.1" 404 89 "-" "msnbot-media/1.1 (+http://search.msn.com/msnbot.htm)" "www.saveaslave.com"
69.58.178.56 - - [07/Oct/2015:05:49:19 -0700] "GET /andorra.html HTTP/1.1" 200 5625 "-" "Mozilla/5.0 (X11; Ubuntu; Linux i686; rv:14.0; ips-agent) Gecko/20100101 Firefox/14.0.1" "www.saveaslave.com"
207.46.13.86 - - [07/Oct/2015:05:49:41 -0700] "GET /Disclaimer_and_Copyright.html HTTP/1.1" 404 89 "-" "msnbot-media/1.1 (+http://search.msn.com/msnbot.htm)" "www.saveaslave.com"
207.46.13.12 - - [07/Oct/2015:05:51:31 -0700] "GET /central-african-republic.html HTTP/1.1" 200 5821 "-" "msnbot-media/1.1 (+http://search.msn.com/msnbot.htm)" "www.saveaslave.com"
207.46.13.12 - - [07/Oct/2015:05:51:32 -0700] "GET /martinique HTTP/1.1" 404 89 "-" "msnbot-media/1.1 (+http://search.msn.com/msnbot.htm)" "www.saveaslave.com"
207.46.13.12 - - [07/Oct/2015:06:01:59 -0700] "GET /belgium.html HTTP/1.1" 200 5676 "-" "msnbot-media/1.1 (+http://search.msn.com/msnbot.htm)" "www.saveaslave.com"
209.34.116.135 - - [07/Oct/2015:06:07:27 -0700] "GET /images/countrymap/solomon-islands.gif HTTP/1.1" 200 122217 "-" "Mozilla/5.0 (Windows NT 6.1; WOW64; rv:38.0) Gecko/20100101 Firefox/38.0" "www.saveaslave.com"
207.46.13.12 - - [07/Oct/2015:06:10:11 -0700] "GET /moldova.html HTTP/1.1" 200 5683 "-" "msnbot-media/1.1 (+http://search.msn.com/msnbot.htm)" "www.saveaslave.com"
