193.150.120.14 - - [08/Nov/2014:03:57:49 -0800] "GET / HTTP/1.1" 200 23399 "http://krokodil-shop.com.ua/" "Mozilla/4.0 (compatible; MSIE 6.0; America Online Browser 1.1; rev1.2; Windows NT 5.1; SV1; .NET CLR 1.1.4322)" "saveaslave.com"
220.181.108.85 - - [08/Nov/2014:04:11:17 -0800] "GET /images/Nicaragua_region.gif HTTP/1.1" 404 89 "-" "Baiduspider-image+(+http://www.baidu.com/search/spider.htm)\\nReferer: http://image.baidu.com/i?ct=503316480&z=0&tn=baiduimagedetail" "www.saveaslave.com"
220.181.108.175 - - [08/Nov/2014:04:15:52 -0800] "GET /images/Pakistan_flag.gif HTTP/1.1" 404 89 "http://image.baidu.com/i?ct=503316480&z=0&tn=baiduimagedetail" "Baiduspider-image+(+http://www.baidu.com/search/spider.htm)" "www.saveaslave.com"
66.249.69.90 - - [08/Nov/2014:04:17:40 -0800] "GET /images/aruba_flag.gif HTTP/1.1" 404 89 "-" "Googlebot-Image/1.0" "saveaslave.com"
123.125.71.102 - - [08/Nov/2014:04:18:28 -0800] "GET /images/France_region.gif HTTP/1.1" 404 89 "-" "Baiduspider-image+(+http://www.baidu.com/search/spider.htm)\\nReferer: http://image.baidu.com/i?ct=503316480&z=0&tn=baiduimagedetail" "www.saveaslave.com"
207.244.163.196 - - [08/Nov/2014:04:19:31 -0800] "GET /images/bolivia_flag.gif HTTP/1.1" 404 89 "https://www.google.com/" "Mozilla/5.0 (iPad; CPU OS 7_1_2 like Mac OS X) AppleWebKit/537.51.2 (KHTML, like Gecko) Version/7.0 Mobile/11D257 Safari/9537.53" "www.saveaslave.com"
123.125.71.79 - - [08/Nov/2014:04:22:05 -0800] "GET /images/Cuba_map.gif HTTP/1.1" 404 89 "-" "Baiduspider-image+(+http://www.baidu.com/search/spider.htm)\\nReferer: http://image.baidu.com/i?ct=503316480&z=0&tn=baiduimagedetail" "www.saveaslave.com"
66.249.69.106 - - [08/Nov/2014:04:22:41 -0800] "GET /images/aruba_map.gif HTTP/1.1" 404 89 "-" "Googlebot-Image/1.0" "saveaslave.com"
220.181.108.172 - - [08/Nov/2014:04:29:16 -0800] "GET /images/azerbaijan_flag.gif HTTP/1.1" 404 89 "-" "Baiduspider-image+(+http://www.baidu.com/search/spider.htm)\\nReferer: http://image.baidu.com/i?ct=503316480&z=0&tn=baiduimagedetail" "www.saveaslave.com"
180.76.5.61 - - [08/Nov/2014:04:32:59 -0800] "GET /palestine.html HTTP/1.1" 404 89 "-" "Mozilla/5.0 (compatible; Baiduspider/2.0; +http://www.baidu.com/search/spider.html)" "www.saveaslave.com"
68.180.228.59 - - [08/Nov/2014:04:34:30 -0800] "GET /japan HTTP/1.1" 404 89 "-" "Mozilla/5.0 (compatible; Yahoo! Slurp; http://help.yahoo.com/help/us/ysearch/slurp)" "www.saveaslave.com"
157.55.39.84 - - [08/Nov/2014:04:36:44 -0800] "GET /images/Uruguay_map.gif HTTP/1.1" 404 89 "-" "Mozilla/5.0 (compatible; bingbot/2.0; +http://www.bing.com/bingbot.htm)" "www.saveaslave.com"
157.55.39.240 - - [08/Nov/2014:04:38:19 -0800] "GET /images/Gibraltar_map.gif HTTP/1.1" 404 89 "-" "Mozilla/5.0 (compatible; bingbot/2.0; +http://www.bing.com/bingbot.htm)" "www.saveaslave.com"
220.181.108.108 - - [08/Nov/2014:04:41:49 -0800] "GET / HTTP/1.1" 304 - "-" "Mozilla/5.0 (compatible; Baiduspider/2.0; +http://www.baidu.com/search/spider.html)" "www.saveaslave.com"
208.115.111.70 - - [08/Nov/2014:04:47:11 -0800] "GET /robots.txt HTTP/1.1" 404 89 "-" "Mozilla/5.0 (compatible; DotBot/1.1; http://www.opensiteexplorer.org/dotbot, help@moz.com)" "www.saveaslave.com"
208.115.111.70 - - [08/Nov/2014:04:47:12 -0800] "GET /robots.txt HTTP/1.1" 404 89 "-" "Mozilla/5.0 (compatible; DotBot/1.1; http://www.opensiteexplorer.org/dotbot, help@moz.com)" "saveaslave.com"
69.58.178.56 - - [08/Nov/2014:04:52:35 -0800] "GET /robots.txt HTTP/1.1" 404 89 "-" "Mozilla/5.0 (X11; Ubuntu; Linux i686; rv:14.0; ips-agent) Gecko/20100101 Firefox/14.0.1" "www.saveaslave.com"
69.58.178.56 - - [08/Nov/2014:04:52:42 -0800] "GET /afghanistan.html HTTP/1.1" 200 5418 "-" "Mozilla/5.0 (X11; Ubuntu; Linux i686; rv:14.0; ips-agent) Gecko/20100101 Firefox/14.0.1" "www.saveaslave.com"
69.58.178.56 - - [08/Nov/2014:04:52:43 -0800] "GET /albania.html HTTP/1.1" 200 5385 "-" "Mozilla/5.0 (X11; Ubuntu; Linux i686; rv:14.0; ips-agent) Gecko/20100101 Firefox/14.0.1" "www.saveaslave.com"
69.58.178.56 - - [08/Nov/2014:04:52:44 -0800] "GET /algeria.html HTTP/1.1" 200 5386 "-" "Mozilla/5.0 (X11; Ubuntu; Linux i686; rv:14.0; ips-agent) Gecko/20100101 Firefox/14.0.1" "www.saveaslave.com"
69.58.178.56 - - [08/Nov/2014:04:52:45 -0800] "GET /andorra.html HTTP/1.1" 200 5386 "-" "Mozilla/5.0 (X11; Ubuntu; Linux i686; rv:14.0; ips-agent) Gecko/20100101 Firefox/14.0.1" "www.saveaslave.com"
69.58.178.56 - - [08/Nov/2014:04:52:46 -0800] "GET /angola.html HTTP/1.1" 200 5377 "-" "Mozilla/5.0 (X11; Ubuntu; Linux i686; rv:14.0; ips-agent) Gecko/20100101 Firefox/14.0.1" "www.saveaslave.com"
69.58.178.56 - - [08/Nov/2014:04:52:47 -0800] "GET /antigua-and-barbuda.html HTTP/1.1" 200 5462 "-" "Mozilla/5.0 (X11; Ubuntu; Linux i686; rv:14.0; ips-agent) Gecko/20100101 Firefox/14.0.1" "www.saveaslave.com"
69.58.178.56 - - [08/Nov/2014:04:52:48 -0800] "GET /argentina.html HTTP/1.1" 200 5404 "-" "Mozilla/5.0 (X11; Ubuntu; Linux i686; rv:14.0; ips-agent) Gecko/20100101 Firefox/14.0.1" "www.saveaslave.com"
69.58.178.56 - - [08/Nov/2014:04:52:49 -0800] "GET /armenia.html HTTP/1.1" 200 5385 "-" "Mozilla/5.0 (X11; Ubuntu; Linux i686; rv:14.0; ips-agent) Gecko/20100101 Firefox/14.0.1" "www.saveaslave.com"
208.115.113.86 - - [08/Nov/2014:05:17:01 -0800] "GET /lithuania HTTP/1.1" 404 89 "-" "Mozilla/5.0 (compatible; DotBot/1.1; http://www.opensiteexplorer.org/dotbot, help@moz.com)" "saveaslave.com"
208.115.113.86 - - [08/Nov/2014:05:17:01 -0800] "GET /micronesia HTTP/1.1" 404 89 "-" "Mozilla/5.0 (compatible; DotBot/1.1; http://www.opensiteexplorer.org/dotbot, help@moz.com)" "www.saveaslave.com"
208.115.113.86 - - [08/Nov/2014:05:17:01 -0800] "GET /brunei HTTP/1.1" 200 5396 "-" "Mozilla/5.0 (compatible; DotBot/1.1; http://www.opensiteexplorer.org/dotbot, help@moz.com)" "saveaslave.com"
208.115.113.86 - - [08/Nov/2014:05:17:01 -0800] "GET /congodemocraticrepublic.html HTTP/1.1" 404 89 "-" "Mozilla/5.0 (compatible; DotBot/1.1; http://www.opensiteexplorer.org/dotbot, help@moz.com)" "saveaslave.com"
80.41.31.154 - - [08/Nov/2014:05:18:31 -0800] "GET /images/givebtn.png HTTP/1.1" 200 26179 "http://saveaslave.com/" "Mozilla/5.0 (Windows NT 6.1; WOW64) AppleWebKit/537.36 (KHTML, like Gecko) Chrome/36.0.1985.143 Safari/537.36" "saveaslave.com"
80.41.31.154 - - [08/Nov/2014:05:18:31 -0800] "GET /images/header.png HTTP/1.1" 200 84658 "http://saveaslave.com/" "Mozilla/5.0 (Windows NT 6.1; WOW64) AppleWebKit/537.36 (KHTML, like Gecko) Chrome/36.0.1985.143 Safari/537.36" "saveaslave.com"
183.60.243.240 - - [08/Nov/2014:05:21:57 -0800] "GET / HTTP/1.1" 200 23399 "http://www.baidu.com/search/spider.htm" "Mozilla/5.0 (compatible; Baiduspider/2.0; +http://www.baidu.com/search/spider.html)" "www.saveaslave.com"
90.211.220.35 - - [08/Nov/2014:05:46:21 -0800] "GET / HTTP/1.1" 200 23399 "http://semalt.semalt.com/crawler.php?u=http://saveaslave.com" "Mozilla/5.0 (Windows NT 6.1; WOW64) AppleWebKit/537.36 (KHTML, like Gecko) Chrome/35.0.1916.153 Safari/537.36" "saveaslave.com"
90.211.220.35 - - [08/Nov/2014:05:46:21 -0800] "GET /css/style.css HTTP/1.1" 200 600 "http://saveaslave.com/" "Mozilla/5.0 (Windows NT 6.1; WOW64) AppleWebKit/537.36 (KHTML, like Gecko) Chrome/35.0.1916.153 Safari/537.36" "saveaslave.com"
90.211.220.35 - - [08/Nov/2014:05:46:22 -0800] "GET /images/header.png HTTP/1.1" 200 84658 "http://saveaslave.com/" "Mozilla/5.0 (Windows NT 6.1; WOW64) AppleWebKit/537.36 (KHTML, like Gecko) Chrome/35.0.1916.153 Safari/537.36" "saveaslave.com"
90.211.220.35 - - [08/Nov/2014:05:46:22 -0800] "GET /images/givebtn.png HTTP/1.1" 200 26179 "http://saveaslave.com/" "Mozilla/5.0 (Windows NT 6.1; WOW64) AppleWebKit/537.36 (KHTML, like Gecko) Chrome/35.0.1916.153 Safari/537.36" "saveaslave.com"
90.211.220.35 - - [08/Nov/2014:05:46:22 -0800] "GET /images/slaves.jpg HTTP/1.1" 200 64009 "http://saveaslave.com/" "Mozilla/5.0 (Windows NT 6.1; WOW64) AppleWebKit/537.36 (KHTML, like Gecko) Chrome/35.0.1916.153 Safari/537.36" "saveaslave.com"
65.36.241.77 - - [08/Nov/2014:05:51:09 -0800] "HEAD / HTTP/1.1" 200 0 "-" "InternetSeer.com" "www.saveaslave.com"
54.243.48.119 - - [08/Nov/2014:06:07:57 -0800] "GET /republic-of-congo.html HTTP/1.1" 200 5503 "-" "Mozilla/5.0 (Windows; U; Windows NT 5.1; en-US; rv:1.9.2.8) Gecko/20100722 Firefox/3.6.8" "saveaslave.com"
66.249.69.90 - - [08/Nov/2014:06:25:23 -0800] "GET /images/bahrain_map.gif HTTP/1.1" 404 89 "-" "Googlebot-Image/1.0" "saveaslave.com"
208.115.113.86 - - [08/Nov/2014:06:52:41 -0800] "GET /robots.txt HTTP/1.1" 404 89 "-" "Mozilla/5.0 (compatible; DotBot/1.1; http://www.opensiteexplorer.org/dotbot, help@moz.com)" "www.saveaslave.com"
208.115.113.86 - - [08/Nov/2014:06:52:41 -0800] "GET /robots.txt HTTP/1.1" 404 89 "-" "Mozilla/5.0 (compatible; DotBot/1.1; http://www.opensiteexplorer.org/dotbot, help@moz.com)" "saveaslave.com"
208.115.111.70 - - [08/Nov/2014:06:53:10 -0800] "GET /mali.html HTTP/1.1" 404 89 "-" "Mozilla/5.0 (compatible; DotBot/1.1; http://www.opensiteexplorer.org/dotbot, help@moz.com)" "www.saveaslave.com"
208.115.111.70 - - [08/Nov/2014:06:53:10 -0800] "GET /georgia HTTP/1.1" 404 89 "-" "Mozilla/5.0 (compatible; DotBot/1.1; http://www.opensiteexplorer.org/dotbot, help@moz.com)" "www.saveaslave.com"
208.115.111.70 - - [08/Nov/2014:06:53:11 -0800] "GET /lebanon.html HTTP/1.1" 404 89 "-" "Mozilla/5.0 (compatible; DotBot/1.1; http://www.opensiteexplorer.org/dotbot, help@moz.com)" "www.saveaslave.com"
208.115.111.70 - - [08/Nov/2014:06:53:11 -0800] "GET /kazakhstan.html HTTP/1.1" 404 89 "-" "Mozilla/5.0 (compatible; DotBot/1.1; http://www.opensiteexplorer.org/dotbot, help@moz.com)" "saveaslave.com"
208.115.111.70 - - [08/Nov/2014:06:53:11 -0800] "GET /news/saveaslave.net/calendar/default.html HTTP/1.1" 404 89 "-" "Mozilla/5.0 (compatible; DotBot/1.1; http://www.opensiteexplorer.org/dotbot, help@moz.com)" "saveaslave.com"
68.180.228.59 - - [08/Nov/2014:06:54:14 -0800] "GET /mongolia.html HTTP/1.1" 404 89 "-" "Mozilla/5.0 (compatible; Yahoo! Slurp; http://help.yahoo.com/help/us/ysearch/slurp)" "www.saveaslave.com"
61.135.189.175 - - [08/Nov/2014:06:54:25 -0800] "GET /site/?cat=175 HTTP/1.1" 404 89 "-" "Sogou web spider/4.0(+http://www.sogou.com/docs/help/webmasters.htm#07)" "saveaslave.com"
65.36.241.77 - - [08/Nov/2014:06:54:33 -0800] "HEAD / HTTP/1.1" 200 0 "-" "InternetSeer.com" "www.saveaslave.com"
46.118.159.178 - - [08/Nov/2014:06:55:20 -0800] "GET / HTTP/1.1" 200 23399 "http://cvety24.by/" "Mozilla/4.0 (compatible; MSIE 5.0; Windows 2000) Opera 6.0 [en]" "saveaslave.com"
61.135.189.175 - - [08/Nov/2014:06:55:20 -0800] "GET /site/?cat=61 HTTP/1.1" 404 89 "-" "Sogou web spider/4.0(+http://www.sogou.com/docs/help/webmasters.htm#07)" "saveaslave.com"
46.118.159.178 - - [08/Nov/2014:06:55:24 -0800] "GET / HTTP/1.1" 200 23399 "http://cvety24.by/" "Mozilla/4.0 (compatible; MSIE 5.0; Windows 2000) Opera 6.0 [en]" "saveaslave.com"
213.7.63.125 - - [08/Nov/2014:07:02:26 -0800] "GET /images/Gibraltar_map.gif HTTP/1.1" 404 89 "https://www.google.com.cy/" "Mozilla/5.0 (Windows NT 6.1; WOW64) AppleWebKit/537.36 (KHTML, like Gecko) Chrome/38.0.2125.111 Safari/537.36" "www.saveaslave.com"
72.168.98.122 - - [08/Nov/2014:07:07:45 -0800] "GET / HTTP/1.1" 200 23399 "-" "Mozilla/5.0 (Windows NT 6.1; WOW64; Trident/7.0; rv:11.0) like Gecko" "www.saveaslave.com"
72.168.98.122 - - [08/Nov/2014:07:07:46 -0800] "GET /css/style.css HTTP/1.1" 200 600 "http://www.saveaslave.com/" "Mozilla/5.0 (Windows NT 6.1; WOW64; Trident/7.0; rv:11.0) like Gecko" "www.saveaslave.com"
72.168.98.122 - - [08/Nov/2014:07:07:46 -0800] "GET /images/givebtn.png HTTP/1.1" 200 26179 "http://www.saveaslave.com/" "Mozilla/5.0 (Windows NT 6.1; WOW64; Trident/7.0; rv:11.0) like Gecko" "www.saveaslave.com"
72.168.98.122 - - [08/Nov/2014:07:07:46 -0800] "GET /images/header.png HTTP/1.1" 200 84658 "http://www.saveaslave.com/" "Mozilla/5.0 (Windows NT 6.1; WOW64; Trident/7.0; rv:11.0) like Gecko" "www.saveaslave.com"
72.168.98.122 - - [08/Nov/2014:07:10:15 -0800] "GET / HTTP/1.1" 200 23399 "-" "Mozilla/5.0 (Windows NT 6.1; WOW64; Trident/7.0; rv:11.0) like Gecko" "www.saveaslave.com"
72.168.98.122 - - [08/Nov/2014:07:10:16 -0800] "GET /images/slaves.jpg HTTP/1.1" 200 64009 "http://www.saveaslave.com/" "Mozilla/5.0 (Windows NT 6.1; WOW64; Trident/7.0; rv:11.0) like Gecko" "www.saveaslave.com"
72.168.98.122 - - [08/Nov/2014:07:10:17 -0800] "GET /images/givebtn.png HTTP/1.1" 200 26179 "http://www.saveaslave.com/" "Mozilla/5.0 (Windows NT 6.1; WOW64; Trident/7.0; rv:11.0) like Gecko" "www.saveaslave.com"
72.168.98.122 - - [08/Nov/2014:07:10:17 -0800] "GET /images/header.png HTTP/1.1" 200 65536 "http://www.saveaslave.com/" "Mozilla/5.0 (Windows NT 6.1; WOW64; Trident/7.0; rv:11.0) like Gecko" "www.saveaslave.com"
72.168.98.122 - - [08/Nov/2014:07:10:22 -0800] "GET / HTTP/1.1" 200 23399 "-" "Mozilla/5.0 (Windows NT 6.1; WOW64; Trident/7.0; rv:11.0) like Gecko" "www.saveaslave.com"
72.168.98.122 - - [08/Nov/2014:07:10:28 -0800] "GET /images/slaves.jpg HTTP/1.1" 200 64009 "http://www.saveaslave.com/" "Mozilla/5.0 (Windows NT 6.1; WOW64; Trident/7.0; rv:11.0) like Gecko" "www.saveaslave.com"
72.168.98.122 - - [08/Nov/2014:07:10:29 -0800] "GET /css/style.css HTTP/1.1" 200 600 "http://www.saveaslave.com/" "Mozilla/5.0 (Windows NT 6.1; WOW64; Trident/7.0; rv:11.0) like Gecko" "www.saveaslave.com"
72.168.98.122 - - [08/Nov/2014:07:10:29 -0800] "GET /images/givebtn.png HTTP/1.1" 200 26179 "http://www.saveaslave.com/" "Mozilla/5.0 (Windows NT 6.1; WOW64; Trident/7.0; rv:11.0) like Gecko" "www.saveaslave.com"
72.168.98.122 - - [08/Nov/2014:07:10:39 -0800] "GET / HTTP/1.1" 200 23399 "-" "Mozilla/5.0 (Windows NT 6.1; WOW64; Trident/7.0; rv:11.0) like Gecko" "www.saveaslave.com"
72.168.98.122 - - [08/Nov/2014:07:10:40 -0800] "GET /css/style.css HTTP/1.1" 200 600 "http://www.saveaslave.com/" "Mozilla/5.0 (Windows NT 6.1; WOW64; Trident/7.0; rv:11.0) like Gecko" "www.saveaslave.com"
72.168.98.122 - - [08/Nov/2014:07:10:40 -0800] "GET /images/givebtn.png HTTP/1.1" 200 26179 "http://www.saveaslave.com/" "Mozilla/5.0 (Windows NT 6.1; WOW64; Trident/7.0; rv:11.0) like Gecko" "www.saveaslave.com"
72.168.98.122 - - [08/Nov/2014:07:10:40 -0800] "GET /images/header.png HTTP/1.1" 200 65536 "http://www.saveaslave.com/" "Mozilla/5.0 (Windows NT 6.1; WOW64; Trident/7.0; rv:11.0) like Gecko" "www.saveaslave.com"
157.55.39.84 - - [08/Nov/2014:07:45:34 -0800] "GET /netherlands.html HTTP/1.1" 404 89 "-" "Mozilla/5.0 (compatible; bingbot/2.0; +http://www.bing.com/bingbot.htm)" "www.saveaslave.com"
130.226.70.66 - - [08/Nov/2014:07:47:02 -0800] "GET / HTTP/1.1" 200 23399 "http://t.co/MoR8lnFwqJ" "Mozilla/5.0 (Windows NT 6.3; WOW64) AppleWebKit/537.36 (KHTML, like Gecko) Chrome/38.0.2125.111 Safari/537.36" "saveaslave.com"
130.226.70.66 - - [08/Nov/2014:07:47:02 -0800] "GET /css/style.css HTTP/1.1" 200 600 "http://saveaslave.com/" "Mozilla/5.0 (Windows NT 6.3; WOW64) AppleWebKit/537.36 (KHTML, like Gecko) Chrome/38.0.2125.111 Safari/537.36" "saveaslave.com"
130.226.70.66 - - [08/Nov/2014:07:47:02 -0800] "GET /images/header.png HTTP/1.1" 200 84658 "http://saveaslave.com/" "Mozilla/5.0 (Windows NT 6.3; WOW64) AppleWebKit/537.36 (KHTML, like Gecko) Chrome/38.0.2125.111 Safari/537.36" "saveaslave.com"
130.226.70.66 - - [08/Nov/2014:07:47:02 -0800] "GET /images/givebtn.png HTTP/1.1" 200 26179 "http://saveaslave.com/" "Mozilla/5.0 (Windows NT 6.3; WOW64) AppleWebKit/537.36 (KHTML, like Gecko) Chrome/38.0.2125.111 Safari/537.36" "saveaslave.com"
54.243.48.119 - - [08/Nov/2014:07:50:11 -0800] "GET /timor-leste.html HTTP/1.1" 200 5444 "-" "Mozilla/5.0 (Windows; U; Windows NT 5.1; en-US; rv:1.9.2.8) Gecko/20100722 Firefox/3.6.8" "saveaslave.com"
23.23.242.178 - - [08/Nov/2014:07:53:09 -0800] "GET /croatia.html HTTP/1.1" 200 5405 "-" "Mozilla/5.0 (Windows; U; Windows NT 5.1; en-US; rv:1.9.2.8) Gecko/20100722 Firefox/3.6.8" "saveaslave.com"
210.211.107.150 - - [08/Nov/2014:08:07:30 -0800] "GET /robots.txt HTTP/1.1" 404 89 "-" "Wada.vn Vietnamese Search" "www.saveaslave.com"
66.249.69.199 - - [08/Nov/2014:08:10:05 -0800] "GET /germany.html HTTP/1.1" 404 89 "-" "Mozilla/5.0 (compatible; Googlebot/2.1; +http://www.google.com/bot.html)" "www.saveaslave.com"
144.76.95.232 - - [08/Nov/2014:08:21:54 -0800] "GET /?Itemid=1 HTTP/1.0" 200 23399 "-" "Mozilla/5.0 (compatible; MJ12bot/v1.4.5; http://www.majestic12.co.uk/bot.php?+)" "saveaslave.com"
123.125.71.99 - - [08/Nov/2014:08:29:04 -0800] "GET /montserrat.html HTTP/1.1" 404 89 "-" "Mozilla/5.0 (compatible; Baiduspider/2.0; +http://www.baidu.com/search/spider.html)" "www.saveaslave.com"
72.168.98.122 - - [08/Nov/2014:08:38:08 -0800] "GET /images/slaves.jpg HTTP/1.1" 200 64009 "http://www.saveaslave.com/" "Mozilla/5.0 (Windows NT 6.1; WOW64; Trident/7.0; rv:11.0) like Gecko" "www.saveaslave.com"
158.108.139.214 - - [08/Nov/2014:08:39:13 -0800] "GET /images/Comoros_map.gif HTTP/1.1" 404 89 "http://www.google.co.th/blank.html" "Mozilla/5.0 (Windows; U; Windows NT 5.1; en-US) AppleWebKit/534.13 (KHTML, like Gecko) Chrome/9.0.597.98 Safari/534.13" "www.saveaslave.com"
54.243.48.119 - - [08/Nov/2014:08:49:10 -0800] "GET /cote-d-ivoire.html HTTP/1.1" 200 5459 "-" "Mozilla/5.0 (Windows; U; Windows NT 5.1; en-US; rv:1.9.2.8) Gecko/20100722 Firefox/3.6.8" "saveaslave.com"
72.168.98.122 - - [08/Nov/2014:08:52:21 -0800] "GET / HTTP/1.1" 200 23399 "-" "Mozilla/5.0 (Windows NT 6.1; WOW64; Trident/7.0; rv:11.0) like Gecko" "www.saveaslave.com"
72.168.98.122 - - [08/Nov/2014:08:52:21 -0800] "GET /css/style.css HTTP/1.1" 200 600 "http://www.saveaslave.com/" "Mozilla/5.0 (Windows NT 6.1; WOW64; Trident/7.0; rv:11.0) like Gecko" "www.saveaslave.com"
72.168.98.122 - - [08/Nov/2014:08:52:21 -0800] "GET /images/header.png HTTP/1.1" 200 84658 "http://www.saveaslave.com/" "Mozilla/5.0 (Windows NT 6.1; WOW64; Trident/7.0; rv:11.0) like Gecko" "www.saveaslave.com"
72.168.98.122 - - [08/Nov/2014:08:52:21 -0800] "GET /images/givebtn.png HTTP/1.1" 200 26179 "http://www.saveaslave.com/" "Mozilla/5.0 (Windows NT 6.1; WOW64; Trident/7.0; rv:11.0) like Gecko" "www.saveaslave.com"
72.168.98.122 - - [08/Nov/2014:08:52:21 -0800] "GET /images/slaves.jpg HTTP/1.1" 200 64009 "http://www.saveaslave.com/" "Mozilla/5.0 (Windows NT 6.1; WOW64; Trident/7.0; rv:11.0) like Gecko" "www.saveaslave.com"
66.249.69.199 - - [08/Nov/2014:08:52:35 -0800] "GET /images/Paraguay_map.gif HTTP/1.1" 404 89 "-" "Googlebot-Image/1.0" "www.saveaslave.com"
72.168.98.122 - - [08/Nov/2014:08:55:25 -0800] "GET / HTTP/1.1" 200 23399 "-" "Mozilla/5.0 (Windows NT 6.1; WOW64; Trident/7.0; rv:11.0) like Gecko" "www.saveaslave.com"
123.125.71.74 - - [08/Nov/2014:09:02:25 -0800] "GET /ukraine.html HTTP/1.1" 200 5382 "-" "Mozilla/5.0 (compatible; Baiduspider/2.0; +http://www.baidu.com/search/spider.html)" "www.saveaslave.com"
65.36.241.77 - - [08/Nov/2014:09:03:15 -0800] "HEAD / HTTP/1.1" 200 0 "-" "InternetSeer.com" "www.saveaslave.com"
54.243.48.119 - - [08/Nov/2014:09:06:20 -0800] "GET /republic-of-congo.html HTTP/1.1" 200 5503 "-" "Mozilla/5.0 (Windows; U; Windows NT 5.1; en-US; rv:1.9.2.8) Gecko/20100722 Firefox/3.6.8" "saveaslave.com"
66.249.69.183 - - [08/Nov/2014:09:08:14 -0800] "GET /images/Paraguay_flag.gif HTTP/1.1" 404 89 "-" "Googlebot-Image/1.0" "www.saveaslave.com"
66.249.69.106 - - [08/Nov/2014:09:14:36 -0800] "GET /robots.txt HTTP/1.1" 404 89 "-" "Mozilla/5.0 (compatible; Googlebot/2.1; +http://www.google.com/bot.html)" "saveaslave.com"
66.249.69.215 - - [08/Nov/2014:09:17:43 -0800] "GET /uk HTTP/1.1" 404 89 "-" "Mozilla/5.0 (compatible; Googlebot/2.1; +http://www.google.com/bot.html)" "www.saveaslave.com"
208.115.113.86 - - [08/Nov/2014:09:18:42 -0800] "GET /rwanda.html HTTP/1.1" 404 89 "-" "Mozilla/5.0 (compatible; DotBot/1.1; http://www.opensiteexplorer.org/dotbot, help@moz.com)" "saveaslave.com"
208.115.113.86 - - [08/Nov/2014:09:18:43 -0800] "GET /turksandcaicos HTTP/1.1" 404 89 "-" "Mozilla/5.0 (compatible; DotBot/1.1; http://www.opensiteexplorer.org/dotbot, help@moz.com)" "www.saveaslave.com"
182.118.21.228 - - [08/Nov/2014:09:27:55 -0800] "GET / HTTP/1.1" 200 23399 "http://www.saveaslave.com/" "Mozilla/5.0 (compatible; MSIE 9.0; Windows NT 6.1; Trident/5.0); 360Spider" "www.saveaslave.com"
89.111.241.41 - - [08/Nov/2014:09:51:00 -0800] "GET /serbia.html HTTP/1.1" 404 89 "https://www.google.ba/" "Mozilla/5.0 (Windows NT 6.1) AppleWebKit/537.36 (KHTML, like Gecko) Chrome/38.0.2125.111 Safari/537.36" "www.saveaslave.com"
89.111.241.41 - - [08/Nov/2014:09:51:01 -0800] "GET /favicon.ico HTTP/1.1" 404 89 "-" "Mozilla/5.0 (Windows NT 6.1) AppleWebKit/537.36 (KHTML, like Gecko) Chrome/38.0.2125.111 Safari/537.36" "www.saveaslave.com"
188.165.15.207 - - [08/Nov/2014:10:04:29 -0800] "GET /armenia.html HTTP/1.1" 200 5385 "-" "Mozilla/5.0 (compatible; AhrefsBot/5.0; +http://ahrefs.com/robot/)" "www.saveaslave.com"
84.93.59.136 - - [08/Nov/2014:10:34:47 -0800] "GET /images/Iran_flag.gif HTTP/1.1" 404 89 "https://www.google.co.uk/" "Mozilla/5.0 (Windows NT 6.1; WOW64) AppleWebKit/537.36 (KHTML, like Gecko) Chrome/38.0.2125.111 Safari/537.36" "www.saveaslave.com"
5.87.12.228 - - [08/Nov/2014:10:40:37 -0800] "GET /images/Gibraltar_map.gif HTTP/1.1" 404 89 "https://www.google.it/" "Mozilla/5.0 (Windows NT 6.2; WOW64) AppleWebKit/537.36 (KHTML, like Gecko) Chrome/38.0.2125.111 Safari/537.36" "www.saveaslave.com"
208.115.111.70 - - [08/Nov/2014:10:41:03 -0800] "GET /burundi HTTP/1.1" 200 5405 "-" "Mozilla/5.0 (compatible; DotBot/1.1; http://www.opensiteexplorer.org/dotbot, help@moz.com)" "www.saveaslave.com"
208.115.111.70 - - [08/Nov/2014:10:41:04 -0800] "GET /faroeislands.html HTTP/1.1" 404 89 "-" "Mozilla/5.0 (compatible; DotBot/1.1; http://www.opensiteexplorer.org/dotbot, help@moz.com)" "www.saveaslave.com"
208.115.111.70 - - [08/Nov/2014:10:41:04 -0800] "GET /gambia HTTP/1.1" 404 89 "-" "Mozilla/5.0 (compatible; DotBot/1.1; http://www.opensiteexplorer.org/dotbot, help@moz.com)" "saveaslave.com"
208.115.111.70 - - [08/Nov/2014:10:41:04 -0800] "GET /guam.html HTTP/1.1" 404 89 "-" "Mozilla/5.0 (compatible; DotBot/1.1; http://www.opensiteexplorer.org/dotbot, help@moz.com)" "saveaslave.com"
208.115.113.86 - - [08/Nov/2014:10:49:52 -0800] "GET /robots.txt HTTP/1.1" 404 89 "-" "Mozilla/5.0 (compatible; DotBot/1.1; http://www.opensiteexplorer.org/dotbot, help@moz.com)" "saveaslave.com"
208.115.113.86 - - [08/Nov/2014:10:49:52 -0800] "GET /robots.txt HTTP/1.1" 404 89 "-" "Mozilla/5.0 (compatible; DotBot/1.1; http://www.opensiteexplorer.org/dotbot, help@moz.com)" "www.saveaslave.com"
100.43.90.11 - - [08/Nov/2014:10:59:01 -0800] "GET /robots.txt HTTP/1.1" 404 89 "-" "Mozilla/5.0 (compatible; YandexBot/3.0; +http://yandex.com/bots)" "saveaslave.com"
5.9.48.162 - - [08/Nov/2014:11:06:48 -0800] "GET / HTTP/1.1" 200 23399 "-" "Mozilla/5.0 (Windows NT 6.3; WOW64) AppleWebKit/537.36 (KHTML, like Gecko) Chrome/37.0.2062.120 Safari/537.36" "saveaslave.com"
65.36.241.77 - - [08/Nov/2014:11:10:00 -0800] "HEAD / HTTP/1.1" 200 0 "-" "InternetSeer.com" "www.saveaslave.com"
81.159.52.76 - - [08/Nov/2014:11:21:27 -0800] "GET /about/default.html HTTP/1.0" 404 73 "-" "Mozilla/5.0 (compatible; MJ12bot/v1.4.5; http://www.majestic12.co.uk/bot.php?+)" "www.saveaslave.com"
81.159.52.76 - - [08/Nov/2014:11:21:28 -0800] "GET /articles/moder%E2%80%A6 HTTP/1.1" 404 89 "-" "Mozilla/5.0 (compatible; MJ12bot/v1.4.5; http://www.majestic12.co.uk/bot.php?+)" "www.saveaslave.com"
54.243.48.119 - - [08/Nov/2014:11:21:37 -0800] "GET /cuba.html HTTP/1.1" 200 5373 "-" "Mozilla/5.0 (Windows; U; Windows NT 5.1; en-US; rv:1.9.2.8) Gecko/20100722 Firefox/3.6.8" "saveaslave.com"
66.249.69.215 - - [08/Nov/2014:11:23:39 -0800] "GET /images/Ghana_map.gif HTTP/1.1" 404 89 "-" "Googlebot-Image/1.0" "www.saveaslave.com"
180.76.6.37 - - [08/Nov/2014:11:42:07 -0800] "GET /philippines.html HTTP/1.1" 404 89 "-" "Mozilla/5.0 (compatible; Baiduspider/2.0; +http://www.baidu.com/search/spider.html)" "www.saveaslave.com"
199.15.233.172 - - [08/Nov/2014:11:45:39 -0800] "GET /site/?page_id=28 HTTP/1.1" 404 89 "http://saveaslave.com/site/?page_id=28" "Mozilla/5.0 (Windows NT 6.3; WOW64) AppleWebKit/537.36 (KHTML, like Gecko) Chrome/36.0.1985.125 Safari/537.36" "saveaslave.com"
66.249.69.199 - - [08/Nov/2014:11:47:57 -0800] "GET /images/Niger_flag.gif HTTP/1.1" 404 89 "-" "Googlebot-Image/1.0" "www.saveaslave.com"
66.249.69.183 - - [08/Nov/2014:11:56:34 -0800] "GET /images/Qatar_flag.gif HTTP/1.1" 404 89 "-" "Googlebot-Image/1.0" "www.saveaslave.com"
54.243.48.119 - - [08/Nov/2014:12:10:20 -0800] "GET /dominica.html HTTP/1.1" 200 5414 "-" "Mozilla/5.0 (Windows; U; Windows NT 5.1; en-US; rv:1.9.2.8) Gecko/20100722 Firefox/3.6.8" "saveaslave.com"
123.125.71.12 - - [08/Nov/2014:12:11:35 -0800] "GET /images/countrymap/belgium-flag.jpg HTTP/1.1" 200 2546 "http://image.baidu.com/i?ct=503316480&z=0&tn=baiduimagedetail" "Baiduspider-image+(+http://www.baidu.com/search/spider.htm)" "www.saveaslave.com"
207.46.13.109 - - [08/Nov/2014:12:12:50 -0800] "GET /robots.txt HTTP/1.1" 404 89 "-" "Mozilla/5.0 (compatible; bingbot/2.0; +http://www.bing.com/bingbot.htm)" "saveaslave.com"
66.249.69.183 - - [08/Nov/2014:12:22:54 -0800] "GET /images/Palau_map.gif HTTP/1.1" 404 89 "-" "Googlebot-Image/1.0" "www.saveaslave.com"
72.168.96.125 - - [08/Nov/2014:12:23:25 -0800] "GET / HTTP/1.1" 200 23399 "-" "Mozilla/5.0 (Windows NT 6.1; WOW64; Trident/7.0; rv:11.0) like Gecko" "www.saveaslave.com"
66.249.69.183 - - [08/Nov/2014:12:37:59 -0800] "GET /images/Norway_flag.gif HTTP/1.1" 404 89 "-" "Googlebot-Image/1.0" "www.saveaslave.com"
66.249.69.215 - - [08/Nov/2014:12:38:29 -0800] "GET /images/Honduras_flag.gif HTTP/1.1" 404 89 "-" "Googlebot-Image/1.0" "www.saveaslave.com"
66.249.69.199 - - [08/Nov/2014:12:38:36 -0800] "GET /images/Norway_map.gif HTTP/1.1" 404 89 "-" "Googlebot-Image/1.0" "www.saveaslave.com"
66.249.69.199 - - [08/Nov/2014:12:42:49 -0800] "GET /images/Sudan_flag.gif HTTP/1.1" 404 89 "-" "Googlebot-Image/1.0" "www.saveaslave.com"
180.76.6.64 - - [08/Nov/2014:12:44:56 -0800] "GET /democratic-republic-of-congo.html HTTP/1.1" 200 5592 "-" "Mozilla/5.0 (compatible; Baiduspider/2.0; +http://www.baidu.com/search/spider.html)" "www.saveaslave.com"
66.249.69.199 - - [08/Nov/2014:12:48:06 -0800] "GET /fiji.html HTTP/1.1" 404 89 "-" "Mozilla/5.0 (compatible; Googlebot/2.1; +http://www.google.com/bot.html)" "www.saveaslave.com"
66.249.69.215 - - [08/Nov/2014:12:48:29 -0800] "GET /images/Liechtenstein_map.gif HTTP/1.1" 404 89 "-" "Googlebot-Image/1.0" "www.saveaslave.com"
208.115.111.70 - - [08/Nov/2014:12:49:49 -0800] "GET /robots.txt HTTP/1.1" 404 89 "-" "Mozilla/5.0 (compatible; DotBot/1.1; http://www.opensiteexplorer.org/dotbot, help@moz.com)" "saveaslave.com"
208.115.111.70 - - [08/Nov/2014:12:49:49 -0800] "GET /robots.txt HTTP/1.1" 404 89 "-" "Mozilla/5.0 (compatible; DotBot/1.1; http://www.opensiteexplorer.org/dotbot, help@moz.com)" "www.saveaslave.com"
66.249.69.215 - - [08/Nov/2014:12:55:13 -0800] "GET /images/Palau_region.gif HTTP/1.1" 404 89 "-" "Googlebot-Image/1.0" "www.saveaslave.com"
66.249.69.183 - - [08/Nov/2014:12:55:13 -0800] "GET /images/Palau_flag.gif HTTP/1.1" 404 89 "-" "Googlebot-Image/1.0" "www.saveaslave.com"
66.249.69.215 - - [08/Nov/2014:12:57:53 -0800] "GET /images/Madagascar_region.gif HTTP/1.1" 404 89 "-" "Googlebot-Image/1.0" "www.saveaslave.com"
208.115.113.86 - - [08/Nov/2014:12:58:04 -0800] "GET /liechtenstein HTTP/1.1" 404 89 "-" "Mozilla/5.0 (compatible; DotBot/1.1; http://www.opensiteexplorer.org/dotbot, help@moz.com)" "www.saveaslave.com"
208.115.113.86 - - [08/Nov/2014:12:58:05 -0800] "GET /bahamas.html HTTP/1.1" 200 5387 "-" "Mozilla/5.0 (compatible; DotBot/1.1; http://www.opensiteexplorer.org/dotbot, help@moz.com)" "saveaslave.com"
208.115.113.86 - - [08/Nov/2014:12:58:05 -0800] "GET /burkinafaso.html HTTP/1.1" 404 89 "-" "Mozilla/5.0 (compatible; DotBot/1.1; http://www.opensiteexplorer.org/dotbot, help@moz.com)" "saveaslave.com"
208.115.113.86 - - [08/Nov/2014:12:58:06 -0800] "GET /swaziland.html HTTP/1.1" 404 89 "-" "Mozilla/5.0 (compatible; DotBot/1.1; http://www.opensiteexplorer.org/dotbot, help@moz.com)" "www.saveaslave.com"
23.23.242.178 - - [08/Nov/2014:12:59:03 -0800] "GET /www.ituc-csi.org HTTP/1.1" 404 89 "-" "Mozilla/5.0 (Windows; U; Windows NT 5.1; en-US; rv:1.9.2.8) Gecko/20100722 Firefox/3.6.8" "saveaslave.com"
66.249.69.199 - - [08/Nov/2014:13:10:17 -0800] "GET /images/Macedonia_map.gif HTTP/1.1" 404 89 "-" "Googlebot-Image/1.0" "www.saveaslave.com"
66.249.69.183 - - [08/Nov/2014:13:14:44 -0800] "GET /images/Suriname_region.gif HTTP/1.1" 404 89 "-" "Googlebot-Image/1.0" "www.saveaslave.com"
66.249.69.183 - - [08/Nov/2014:13:14:44 -0800] "GET /images/Suriname_flag.gif HTTP/1.1" 404 89 "-" "Googlebot-Image/1.0" "www.saveaslave.com"
66.249.69.90 - - [08/Nov/2014:13:23:06 -0800] "GET /images/Vanuatu_region.gif HTTP/1.1" 404 89 "-" "Googlebot-Image/1.0" "saveaslave.com"
117.78.13.18 - - [08/Nov/2014:13:23:25 -0800] "GET /robots.txt HTTP/1.0" 404 73 "-" "nutch-1.4/Nutch-1.4" "www.saveaslave.com"
117.78.13.18 - - [08/Nov/2014:13:23:25 -0800] "GET / HTTP/1.1" 200 23399 "-" "nutch-1.4/Nutch-1.4" "www.saveaslave.com"
66.249.69.199 - - [08/Nov/2014:13:25:14 -0800] "GET /images/countrymap/antigua-barbuda-flag.gif HTTP/1.1" 200 1941 "-" "Googlebot-Image/1.0" "www.saveaslave.com"
66.249.69.199 - - [08/Nov/2014:13:25:21 -0800] "GET /images/countrymap/antigua-barbuda.jpg HTTP/1.1" 200 12945 "-" "Googlebot-Image/1.0" "www.saveaslave.com"
220.181.108.151 - - [08/Nov/2014:13:35:04 -0800] "GET /css/style.css HTTP/1.1" 200 600 "http://www.saveaslave.com/czech-republic.html" "Mozilla/5.0 (compatible; Baiduspider/2.0; +http://www.baidu.com/search/spider.html)" "www.saveaslave.com"
54.243.48.119 - - [08/Nov/2014:13:47:46 -0800] "GET /comoros.html HTTP/1.1" 200 5413 "-" "Mozilla/5.0 (Windows; U; Windows NT 5.1; en-US; rv:1.9.2.8) Gecko/20100722 Firefox/3.6.8" "saveaslave.com"
199.15.233.182 - - [08/Nov/2014:13:48:17 -0800] "GET /site/?page_id=28 HTTP/1.0" 404 73 "http://saveaslave.com/site/?page_id=28" "Mozilla/5.0 (Windows NT 6.3; WOW64) AppleWebKit/537.36 (KHTML, like Gecko) Chrome/36.0.1985.143 Safari/537.36" "saveaslave.com"
199.15.233.182 - - [08/Nov/2014:13:48:17 -0800] "GET / HTTP/1.1" 200 23399 "http://saveaslave.com/" "Mozilla/5.0 (Windows NT 6.3; WOW64) AppleWebKit/537.36 (KHTML, like Gecko) Chrome/36.0.1985.143 Safari/537.36" "saveaslave.com"
66.249.69.215 - - [08/Nov/2014:13:48:49 -0800] "GET /images/countrymap/cameroon-flag.gif HTTP/1.1" 200 728 "-" "Googlebot-Image/1.0" "www.saveaslave.com"
66.249.69.215 - - [08/Nov/2014:13:48:52 -0800] "GET /images/countrymap/benin-flag.jpg HTTP/1.1" 200 1281 "-" "Googlebot-Image/1.0" "www.saveaslave.com"
66.249.69.183 - - [08/Nov/2014:13:48:52 -0800] "GET /images/countrymap/azerbaijan.jpg HTTP/1.1" 200 45011 "-" "Googlebot-Image/1.0" "www.saveaslave.com"
66.249.69.199 - - [08/Nov/2014:13:48:53 -0800] "GET /images/countrymap/azerbaijan-flag.jpg HTTP/1.1" 200 2191 "-" "Googlebot-Image/1.0" "www.saveaslave.com"
66.249.69.215 - - [08/Nov/2014:13:48:55 -0800] "GET /images/countrymap/cameroon.gif HTTP/1.1" 200 12199 "-" "Googlebot-Image/1.0" "www.saveaslave.com"
66.249.69.183 - - [08/Nov/2014:13:52:39 -0800] "GET /images/Sudan_region.gif HTTP/1.1" 404 89 "-" "Googlebot-Image/1.0" "www.saveaslave.com"
66.249.69.215 - - [08/Nov/2014:13:53:12 -0800] "GET /images/Hungary_map.gif HTTP/1.1" 404 89 "-" "Googlebot-Image/1.0" "www.saveaslave.com"
66.249.69.199 - - [08/Nov/2014:13:53:14 -0800] "GET /images/Hungary_flag.gif HTTP/1.1" 404 89 "-" "Googlebot-Image/1.0" "www.saveaslave.com"
66.249.69.215 - - [08/Nov/2014:13:56:24 -0800] "GET /images/countrymap/andorra-flag.jpg HTTP/1.1" 200 2583 "-" "Googlebot-Image/1.0" "www.saveaslave.com"
66.249.69.215 - - [08/Nov/2014:13:58:24 -0800] "GET /images/Lesotho_map.gif HTTP/1.1" 404 89 "-" "Googlebot-Image/1.0" "www.saveaslave.com"
66.249.69.215 - - [08/Nov/2014:14:05:03 -0800] "GET /images/countrymap/algeria-flag.gif HTTP/1.1" 200 2123 "-" "Googlebot-Image/1.0" "www.saveaslave.com"
66.249.69.199 - - [08/Nov/2014:14:05:06 -0800] "GET /images/countrymap/canada.jpg HTTP/1.1" 200 31221 "-" "Googlebot-Image/1.0" "www.saveaslave.com"
66.249.69.199 - - [08/Nov/2014:14:05:06 -0800] "GET /images/countrymap/canada-flag.gif HTTP/1.1" 200 1629 "-" "Googlebot-Image/1.0" "www.saveaslave.com"
66.249.69.215 - - [08/Nov/2014:14:11:01 -0800] "GET /images/Sudan_map.gif HTTP/1.1" 404 89 "-" "Googlebot-Image/1.0" "www.saveaslave.com"
66.249.69.122 - - [08/Nov/2014:14:13:35 -0800] "GET /clipart/images/asianCityPhoto_blue.jpg HTTP/1.1" 404 89 "-" "Googlebot-Image/1.0" "saveaslave.com"
65.36.241.77 - - [08/Nov/2014:14:17:18 -0800] "HEAD / HTTP/1.1" 200 0 "-" "InternetSeer.com" "www.saveaslave.com"
65.36.241.79 - - [08/Nov/2014:14:21:20 -0800] "HEAD /?tpl=references&Itemid=3 HTTP/1.1" 200 0 "-" "InternetSeer.com" "www.saveaslave.com"
66.249.69.106 - - [08/Nov/2014:14:24:53 -0800] "GET /favicon.ico HTTP/1.1" 404 89 "-" "Googlebot-Image/1.0" "saveaslave.com"
91.45.114.63 - - [08/Nov/2014:14:30:32 -0800] "GET /css/style.css HTTP/1.1" 200 600 "http://saveaslave.com/" "Mozilla/5.0 (Windows NT 6.1; WOW64) AppleWebKit/537.36 (KHTML, like Gecko) Chrome/38.0.2125.111 Safari/537.36" "saveaslave.com"
91.45.114.63 - - [08/Nov/2014:14:30:33 -0800] "GET /images/header.png HTTP/1.1" 200 84658 "http://saveaslave.com/" "Mozilla/5.0 (Windows NT 6.1; WOW64) AppleWebKit/537.36 (KHTML, like Gecko) Chrome/38.0.2125.111 Safari/537.36" "saveaslave.com"
91.45.114.63 - - [08/Nov/2014:14:30:33 -0800] "GET /images/givebtn.png HTTP/1.1" 200 26179 "http://saveaslave.com/" "Mozilla/5.0 (Windows NT 6.1; WOW64) AppleWebKit/537.36 (KHTML, like Gecko) Chrome/38.0.2125.111 Safari/537.36" "saveaslave.com"
91.45.114.63 - - [08/Nov/2014:14:30:35 -0800] "GET /images/slaves.jpg HTTP/1.1" 200 64009 "http://saveaslave.com/" "Mozilla/5.0 (Windows NT 6.1; WOW64) AppleWebKit/537.36 (KHTML, like Gecko) Chrome/38.0.2125.111 Safari/537.36" "saveaslave.com"
66.249.69.199 - - [08/Nov/2014:14:30:39 -0800] "GET /images/countrymap/armenia-flag.jpg HTTP/1.1" 200 1389 "-" "Googlebot-Image/1.0" "www.saveaslave.com"
66.249.69.183 - - [08/Nov/2014:14:32:28 -0800] "GET /images/countrymap/australia.gif HTTP/1.1" 200 23448 "-" "Googlebot-Image/1.0" "www.saveaslave.com"
66.249.69.199 - - [08/Nov/2014:14:32:29 -0800] "GET /images/countrymap/burma.gif HTTP/1.1" 200 36285 "-" "Googlebot-Image/1.0" "www.saveaslave.com"
66.249.69.199 - - [08/Nov/2014:14:32:45 -0800] "GET /images/Chad_flag.gif HTTP/1.1" 404 89 "-" "Googlebot-Image/1.0" "www.saveaslave.com"
66.249.69.215 - - [08/Nov/2014:14:32:51 -0800] "GET /sitebuilder/images/Nav_Bar_Main-0-inactive-79928.png HTTP/1.1" 404 89 "-" "Googlebot-Image/1.0" "www.saveaslave.com"
66.249.69.215 - - [08/Nov/2014:14:34:17 -0800] "GET /images/countrymap/australia-flag.gif HTTP/1.1" 200 2734 "-" "Googlebot-Image/1.0" "www.saveaslave.com"
66.249.69.199 - - [08/Nov/2014:14:34:43 -0800] "GET /images/Grenada_map.gif HTTP/1.1" 404 89 "-" "Googlebot-Image/1.0" "www.saveaslave.com"
66.249.69.215 - - [08/Nov/2014:14:34:55 -0800] "GET /images/countrymap/armenia.jpg HTTP/1.1" 200 45458 "-" "Googlebot-Image/1.0" "www.saveaslave.com"
23.23.242.178 - - [08/Nov/2014:14:36:28 -0800] "GET /east-timor.html HTTP/1.1" 200 5444 "-" "Mozilla/5.0 (Windows; U; Windows NT 5.1; en-US; rv:1.9.2.8) Gecko/20100722 Firefox/3.6.8" "saveaslave.com"
66.249.69.183 - - [08/Nov/2014:14:39:43 -0800] "GET /images/traffic_record.php.jpg HTTP/1.1" 404 89 "-" "Googlebot-Image/1.0" "www.saveaslave.com"
199.15.233.181 - - [08/Nov/2014:14:39:50 -0800] "GET / HTTP/1.1" 200 23399 "http://saveaslave.com/" "Mozilla/5.0 (Windows NT 6.1; WOW64) AppleWebKit/537.36 (KHTML, like Gecko) Chrome/36.0.1985.143 Safari/537.36" "saveaslave.com"
66.249.69.183 - - [08/Nov/2014:14:43:48 -0800] "GET /images/countrymap/dominica-flag.gif HTTP/1.1" 200 1947 "-" "Googlebot-Image/1.0" "www.saveaslave.com"
66.249.69.183 - - [08/Nov/2014:14:43:48 -0800] "GET /images/countrymap/dominica.jpg HTTP/1.1" 200 13820 "-" "Googlebot-Image/1.0" "www.saveaslave.com"
66.249.69.199 - - [08/Nov/2014:14:45:04 -0800] "GET /images/countrymap/aruba-flag.jpg HTTP/1.1" 200 2210 "-" "Googlebot-Image/1.0" "www.saveaslave.com"
66.249.69.87 - - [08/Nov/2014:14:45:54 -0800] "GET /images/traffic_record.php.gif HTTP/1.1" 404 89 "-" "Googlebot-Image/1.0" "www.saveaslave.com"
208.115.111.70 - - [08/Nov/2014:14:52:28 -0800] "GET /Akrotin HTTP/1.1" 404 89 "-" "Mozilla/5.0 (compatible; DotBot/1.1; http://www.opensiteexplorer.org/dotbot, help@moz.com)" "saveaslave.com"
208.115.111.70 - - [08/Nov/2014:14:52:28 -0800] "GET /christmasisland.html HTTP/1.1" 404 89 "-" "Mozilla/5.0 (compatible; DotBot/1.1; http://www.opensiteexplorer.org/dotbot, help@moz.com)" "saveaslave.com"
208.115.111.70 - - [08/Nov/2014:14:52:29 -0800] "GET /mexico.html HTTP/1.1" 404 89 "-" "Mozilla/5.0 (compatible; DotBot/1.1; http://www.opensiteexplorer.org/dotbot, help@moz.com)" "saveaslave.com"
208.115.111.70 - - [08/Nov/2014:14:52:29 -0800] "GET /niger.html HTTP/1.1" 404 89 "-" "Mozilla/5.0 (compatible; DotBot/1.1; http://www.opensiteexplorer.org/dotbot, help@moz.com)" "saveaslave.com"
208.115.111.70 - - [08/Nov/2014:14:52:30 -0800] "GET /caymanislands.html HTTP/1.1" 404 89 "-" "Mozilla/5.0 (compatible; DotBot/1.1; http://www.opensiteexplorer.org/dotbot, help@moz.com)" "www.saveaslave.com"
77.75.73.17 - - [08/Nov/2014:15:09:21 -0800] "GET /robots.txt HTTP/1.1" 404 89 "-" "Mozilla/5.0 (compatible; SeznamBot/3.2; +http://fulltext.sblog.cz/)" "saveaslave.com"
77.75.73.17 - - [08/Nov/2014:15:09:22 -0800] "GET /gabon.html HTTP/1.1" 404 89 "-" "Mozilla/5.0 (compatible; SeznamBot/3.2; +http://fulltext.sblog.cz/)" "saveaslave.com"
207.46.13.109 - - [08/Nov/2014:15:10:52 -0800] "GET /images/Lebanon_region.gif HTTP/1.1" 404 89 "-" "Mozilla/5.0 (compatible; bingbot/2.0; +http://www.bing.com/bingbot.htm)" "www.saveaslave.com"
87.217.5.169 - - [08/Nov/2014:15:11:47 -0800] "GET / HTTP/1.1" 200 23399 "http://semalt.semalt.com/crawler.php?u=http://saveaslave.com" "Mozilla/5.0 (Windows NT 6.1; WOW64) AppleWebKit/537.36 (KHTML, like Gecko) Chrome/32.0.1700.107 Safari/537.36" "saveaslave.com"
87.217.5.169 - - [08/Nov/2014:15:11:47 -0800] "GET /css/style.css HTTP/1.1" 200 600 "http://saveaslave.com/" "Mozilla/5.0 (Windows NT 6.1; WOW64) AppleWebKit/537.36 (KHTML, like Gecko) Chrome/32.0.1700.107 Safari/537.36" "saveaslave.com"
87.217.5.169 - - [08/Nov/2014:15:11:47 -0800] "GET /images/givebtn.png HTTP/1.1" 200 26179 "http://saveaslave.com/" "Mozilla/5.0 (Windows NT 6.1; WOW64) AppleWebKit/537.36 (KHTML, like Gecko) Chrome/32.0.1700.107 Safari/537.36" "saveaslave.com"
87.217.5.169 - - [08/Nov/2014:15:11:48 -0800] "GET /images/slaves.jpg HTTP/1.1" 200 64009 "http://saveaslave.com/" "Mozilla/5.0 (Windows NT 6.1; WOW64) AppleWebKit/537.36 (KHTML, like Gecko) Chrome/32.0.1700.107 Safari/537.36" "saveaslave.com"
72.168.98.121 - - [08/Nov/2014:15:13:47 -0800] "GET / HTTP/1.1" 200 23399 "-" "Mozilla/5.0 (Windows NT 6.1; WOW64; Trident/7.0; rv:11.0) like Gecko" "www.saveaslave.com"
72.168.98.121 - - [08/Nov/2014:15:13:47 -0800] "GET /images/givebtn.png HTTP/1.1" 200 26179 "http://www.saveaslave.com/" "Mozilla/5.0 (Windows NT 6.1; WOW64; Trident/7.0; rv:11.0) like Gecko" "www.saveaslave.com"
72.168.98.121 - - [08/Nov/2014:15:15:23 -0800] "GET / HTTP/1.1" 200 23399 "-" "Mozilla/5.0 (Windows NT 6.1; WOW64; Trident/7.0; rv:11.0) like Gecko" "www.saveaslave.com"
72.168.98.121 - - [08/Nov/2014:15:15:23 -0800] "GET /images/slaves.jpg HTTP/1.1" 200 64009 "http://www.saveaslave.com/" "Mozilla/5.0 (Windows NT 6.1; WOW64; Trident/7.0; rv:11.0) like Gecko" "www.saveaslave.com"
72.168.98.121 - - [08/Nov/2014:15:15:25 -0800] "GET /css/style.css HTTP/1.1" 200 600 "http://www.saveaslave.com/" "Mozilla/5.0 (Windows NT 6.1; WOW64; Trident/7.0; rv:11.0) like Gecko" "www.saveaslave.com"
157.55.39.84 - - [08/Nov/2014:15:16:07 -0800] "GET /robots.txt HTTP/1.1" 404 89 "-" "Mozilla/5.0 (compatible; bingbot/2.0; +http://www.bing.com/bingbot.htm)" "www.saveaslave.com"
65.36.241.77 - - [08/Nov/2014:15:20:22 -0800] "HEAD / HTTP/1.1" 200 0 "-" "InternetSeer.com" "www.saveaslave.com"
54.243.48.119 - - [08/Nov/2014:15:25:17 -0800] "GET /www.unicef.org HTTP/1.1" 404 89 "-" "Mozilla/5.0 (Windows; U; Windows NT 5.1; en-US; rv:1.9.2.8) Gecko/20100722 Firefox/3.6.8" "saveaslave.com"
157.55.39.122 - - [08/Nov/2014:15:25:21 -0800] "GET /robots.txt HTTP/1.1" 404 89 "-" "Mozilla/5.0 (compatible; bingbot/2.0; +http://www.bing.com/bingbot.htm)" "www.saveaslave.com"
66.249.69.199 - - [08/Nov/2014:15:26:21 -0800] "GET /images/Congo_region.gif HTTP/1.1" 404 89 "-" "Googlebot-Image/1.0" "www.saveaslave.com"
23.23.242.178 - - [08/Nov/2014:15:26:26 -0800] "GET /www.unicef.org HTTP/1.1" 404 89 "-" "Mozilla/5.0 (Windows; U; Windows NT 5.1; en-US; rv:1.9.2.8) Gecko/20100722 Firefox/3.6.8" "www.saveaslave.com"
66.249.69.215 - - [08/Nov/2014:15:27:17 -0800] "GET /images/Tunisia_region.gif HTTP/1.1" 404 89 "-" "Googlebot-Image/1.0" "www.saveaslave.com"
123.125.71.48 - - [08/Nov/2014:15:32:11 -0800] "GET /images/Sierra_Leone_flag.gif HTTP/1.1" 404 89 "-" "Baiduspider-image+(+http://www.baidu.com/search/spider.htm)\\nReferer: http://image.baidu.com/i?ct=503316480&z=0&tn=baiduimagedetail" "www.saveaslave.com"
207.46.13.109 - - [08/Nov/2014:15:40:39 -0800] "GET /bahrain.html HTTP/1.1" 200 5404 "-" "Mozilla/5.0 (compatible; bingbot/2.0; +http://www.bing.com/bingbot.htm)" "saveaslave.com"
77.75.73.17 - - [08/Nov/2014:15:49:13 -0800] "GET /hungary.html HTTP/1.1" 404 89 "-" "Mozilla/5.0 (compatible; SeznamBot/3.2; +http://fulltext.sblog.cz/)" "saveaslave.com"
123.125.71.117 - - [08/Nov/2014:15:50:11 -0800] "GET /images/Cote_Ivoire_flag.gif HTTP/1.1" 404 89 "-" "Baiduspider-image+(+http://www.baidu.com/search/spider.htm)\\nReferer: http://image.baidu.com/i?ct=503316480&z=0&tn=baiduimagedetail" "www.saveaslave.com"
46.118.159.178 - - [08/Nov/2014:16:13:27 -0800] "GET / HTTP/1.1" 200 23399 "http://10-casino.net/" "Mozilla/4.0 (compatible; MSIE 6.0; Windows NT 5.1; en) Opera 9.0" "saveaslave.com"
46.118.159.178 - - [08/Nov/2014:16:13:28 -0800] "GET / HTTP/1.1" 200 23399 "http://10-casino.net/" "Mozilla/4.0 (compatible; MSIE 6.0; Windows NT 5.1; en) Opera 9.0" "saveaslave.com"
46.118.159.178 - - [08/Nov/2014:16:13:28 -0800] "GET / HTTP/1.1" 200 23399 "http://10-casino.net/" "Mozilla/4.0 (compatible; MSIE 6.0; Windows NT 5.1; en) Opera 9.0" "saveaslave.com"
65.36.241.77 - - [08/Nov/2014:16:26:03 -0800] "HEAD / HTTP/1.1" 200 0 "-" "InternetSeer.com" "www.saveaslave.com"
66.249.69.183 - - [08/Nov/2014:16:46:12 -0800] "GET /ireland.html HTTP/1.1" 404 89 "-" "Mozilla/5.0 (compatible; Googlebot/2.1; +http://www.google.com/bot.html)" "www.saveaslave.com"
188.165.15.127 - - [08/Nov/2014:17:01:43 -0800] "GET /belize.html HTTP/1.1" 200 5390 "-" "Mozilla/5.0 (compatible; AhrefsBot/5.0; +http://ahrefs.com/robot/)" "www.saveaslave.com"
208.115.113.86 - - [08/Nov/2014:17:05:06 -0800] "GET /calendar/saveaslave.net/calendar/default.html HTTP/1.1" 404 89 "-" "Mozilla/5.0 (compatible; DotBot/1.1; http://www.opensiteexplorer.org/dotbot, help@moz.com)" "saveaslave.com"
208.115.113.86 - - [08/Nov/2014:17:05:13 -0800] "GET /stvincent HTTP/1.1" 404 89 "-" "Mozilla/5.0 (compatible; DotBot/1.1; http://www.opensiteexplorer.org/dotbot, help@moz.com)" "saveaslave.com"
208.115.113.86 - - [08/Nov/2014:17:05:14 -0800] "GET /rwanda.html HTTP/1.1" 404 89 "-" "Mozilla/5.0 (compatible; DotBot/1.1; http://www.opensiteexplorer.org/dotbot, help@moz.com)" "www.saveaslave.com"
123.125.71.73 - - [08/Nov/2014:17:23:55 -0800] "GET /images/Macau_map.gif HTTP/1.1" 404 89 "http://image.baidu.com/i?ct=503316480&z=0&tn=baiduimagedetail" "Baiduspider-image+(+http://www.baidu.com/search/spider.htm)" "www.saveaslave.com"
65.36.241.77 - - [08/Nov/2014:17:28:45 -0800] "HEAD / HTTP/1.1" 200 0 "-" "InternetSeer.com" "www.saveaslave.com"
66.249.69.199 - - [08/Nov/2014:17:34:01 -0800] "GET /malta.html HTTP/1.1" 404 89 "-" "Mozilla/5.0 (compatible; Googlebot/2.1; +http://www.google.com/bot.html)" "www.saveaslave.com"
72.168.96.124 - - [08/Nov/2014:17:37:50 -0800] "GET / HTTP/1.1" 200 23399 "-" "Mozilla/5.0 (Windows NT 6.1; WOW64; Trident/7.0; rv:11.0) like Gecko" "www.saveaslave.com"
72.168.96.124 - - [08/Nov/2014:17:37:50 -0800] "GET /css/style.css HTTP/1.1" 200 600 "http://www.saveaslave.com/" "Mozilla/5.0 (Windows NT 6.1; WOW64; Trident/7.0; rv:11.0) like Gecko" "www.saveaslave.com"
72.168.96.124 - - [08/Nov/2014:17:37:51 -0800] "GET /images/header.png HTTP/1.1" 200 84658 "http://www.saveaslave.com/" "Mozilla/5.0 (Windows NT 6.1; WOW64; Trident/7.0; rv:11.0) like Gecko" "www.saveaslave.com"
178.255.215.77 - - [08/Nov/2014:17:39:50 -0800] "GET /robots.txt HTTP/1.1" 404 89 "-" "Mozilla/5.0 (compatible; Exabot/3.0; +http://www.exabot.com/go/robot)" "www.saveaslave.com"
178.255.215.77 - - [08/Nov/2014:17:39:50 -0800] "GET /tmp/?M=A HTTP/1.1" 200 1348 "-" "Mozilla/5.0 (compatible; Exabot/3.0; +http://www.exabot.com/go/robot)" "www.saveaslave.com"
193.150.120.14 - - [08/Nov/2014:17:41:51 -0800] "GET / HTTP/1.1" 200 23399 "http://viagra5.info/" "Mozilla/4.0 (compatible; MSIE 5.5; Windows 98)" "saveaslave.com"
193.150.120.14 - - [08/Nov/2014:17:41:52 -0800] "GET / HTTP/1.1" 200 23399 "http://viagra5.info/" "Mozilla/4.0 (compatible; MSIE 5.5; Windows 98)" "saveaslave.com"
189.106.39.212 - - [08/Nov/2014:17:52:08 -0800] "GET / HTTP/1.1" 200 23399 "http://semalt.semalt.com/crawler.php?u=http://saveaslave.com" "Mozilla/5.0 (Windows NT 6.1; WOW64) AppleWebKit/537.36 (KHTML, like Gecko) Chrome/36.0.1985.143 Safari/537.36" "saveaslave.com"
189.106.39.212 - - [08/Nov/2014:17:52:08 -0800] "GET /images/header.png HTTP/1.1" 200 84658 "http://saveaslave.com/" "Mozilla/5.0 (Windows NT 6.1; WOW64) AppleWebKit/537.36 (KHTML, like Gecko) Chrome/36.0.1985.143 Safari/537.36" "saveaslave.com"
189.106.39.212 - - [08/Nov/2014:17:52:09 -0800] "GET /images/slaves.jpg HTTP/1.1" 200 64009 "http://saveaslave.com/" "Mozilla/5.0 (Windows NT 6.1; WOW64) AppleWebKit/537.36 (KHTML, like Gecko) Chrome/36.0.1985.143 Safari/537.36" "saveaslave.com"
140.121.197.169 - - [08/Nov/2014:18:09:27 -0800] "GET / HTTP/1.1" 200 23399 "http://www.saveaslave.com" "-" "www.saveaslave.com"
54.243.48.119 - - [08/Nov/2014:18:15:15 -0800] "GET /colombia.html HTTP/1.1" 200 5422 "-" "Mozilla/5.0 (Windows; U; Windows NT 5.1; en-US; rv:1.9.2.8) Gecko/20100722 Firefox/3.6.8" "saveaslave.com"
211.244.83.248 - - [08/Nov/2014:18:23:41 -0800] "GET /robots.txt HTTP/1.1" 404 89 "http://search.daum.net/" "Mozilla/5.0 (compatible; MSIE or Firefox mutant; not on Windows server; + http://tab.search.daum.net/aboutWebSearch.html) Daumoa/3.0" "www.saveaslave.com"
211.244.83.248 - - [08/Nov/2014:18:23:42 -0800] "GET / HTTP/1.1" 200 23399 "http://search.daum.net/" "Mozilla/5.0 (compatible; MSIE or Firefox mutant; not on Windows server; + http://tab.search.daum.net/aboutWebSearch.html) Daumoa/3.0" "www.saveaslave.com"
180.76.6.36 - - [08/Nov/2014:18:25:30 -0800] "GET /images/?M=D HTTP/1.1" 200 1507 "-" "Mozilla/5.0 (compatible; Baiduspider/2.0; +http://www.baidu.com/search/spider.html)" "www.saveaslave.com"
65.36.241.77 - - [08/Nov/2014:18:32:27 -0800] "HEAD / HTTP/1.1" 200 0 "-" "InternetSeer.com" "www.saveaslave.com"
123.125.71.107 - - [08/Nov/2014:18:35:37 -0800] "GET / HTTP/1.1" 200 23399 "-" "Mozilla/5.0 (compatible; Baiduspider/2.0; +http://www.baidu.com/search/spider.html)" "saveaslave.com"
177.155.77.68 - - [08/Nov/2014:18:35:54 -0800] "GET / HTTP/1.1" 200 23399 "http://semalt.semalt.com/crawler.php?u=http://saveaslave.com" "Mozilla/5.0 (Windows NT 6.1; WOW64) AppleWebKit/537.36 (KHTML, like Gecko) Chrome/36.0.1985.143 Safari/537.36" "saveaslave.com"
177.155.77.68 - - [08/Nov/2014:18:36:01 -0800] "GET /images/slaves.jpg HTTP/1.1" 200 64009 "http://saveaslave.com/" "Mozilla/5.0 (Windows NT 6.1; WOW64) AppleWebKit/537.36 (KHTML, like Gecko) Chrome/36.0.1985.143 Safari/537.36" "saveaslave.com"
208.115.111.70 - - [08/Nov/2014:18:41:29 -0800] "GET /austria HTTP/1.1" 200 5382 "-" "Mozilla/5.0 (compatible; DotBot/1.1; http://www.opensiteexplorer.org/dotbot, help@moz.com)" "saveaslave.com"
208.115.111.70 - - [08/Nov/2014:18:41:29 -0800] "GET /bahamas HTTP/1.1" 200 5387 "-" "Mozilla/5.0 (compatible; DotBot/1.1; http://www.opensiteexplorer.org/dotbot, help@moz.com)" "saveaslave.com"
208.115.111.70 - - [08/Nov/2014:18:41:29 -0800] "GET /stmartin.html HTTP/1.1" 404 89 "-" "Mozilla/5.0 (compatible; DotBot/1.1; http://www.opensiteexplorer.org/dotbot, help@moz.com)" "saveaslave.com"
208.115.111.70 - - [08/Nov/2014:18:41:30 -0800] "GET /about/default.html HTTP/1.1" 404 89 "-" "Mozilla/5.0 (compatible; DotBot/1.1; http://www.opensiteexplorer.org/dotbot, help@moz.com)" "www.saveaslave.com"
208.115.111.70 - - [08/Nov/2014:18:41:30 -0800] "GET /greenland HTTP/1.1" 404 89 "-" "Mozilla/5.0 (compatible; DotBot/1.1; http://www.opensiteexplorer.org/dotbot, help@moz.com)" "www.saveaslave.com"
208.115.113.86 - - [08/Nov/2014:18:49:02 -0800] "GET /robots.txt HTTP/1.1" 404 89 "-" "Mozilla/5.0 (compatible; DotBot/1.1; http://www.opensiteexplorer.org/dotbot, help@moz.com)" "saveaslave.com"
208.115.113.86 - - [08/Nov/2014:18:49:02 -0800] "GET /robots.txt HTTP/1.1" 404 89 "-" "Mozilla/5.0 (compatible; DotBot/1.1; http://www.opensiteexplorer.org/dotbot, help@moz.com)" "www.saveaslave.com"
66.249.69.215 - - [08/Nov/2014:19:05:50 -0800] "GET /serbia.html HTTP/1.1" 404 89 "-" "Mozilla/5.0 (compatible; Googlebot/2.1; +http://www.google.com/bot.html)" "www.saveaslave.com"
68.180.228.59 - - [08/Nov/2014:19:39:50 -0800] "GET /netherlands.html HTTP/1.1" 404 89 "-" "Mozilla/5.0 (compatible; Yahoo! Slurp; http://help.yahoo.com/help/us/ysearch/slurp)" "www.saveaslave.com"
192.99.40.137 - - [08/Nov/2014:19:47:02 -0800] "HEAD / HTTP/1.1" 200 0 "http://domainsigma.com/whois/saveaslave.com" "Mozilla/5.0 (compatible; DomainSigmaCrawler/0.1; +http://domainsigma.com/robot)" "saveaslave.com"
