99.48.58.38 - - [04/Aug/2015:12:07:33 -0700] "GET /images/slaves.jpg HTTP/1.1" 200 86777 "http://www.saveaslave.com/" "Mozilla/5.0 (Windows NT 6.1; WOW64) AppleWebKit/537.36 (KHTML, like Gecko) Chrome/44.0.2403.107 Safari/537.36" "www.saveaslave.com"
99.48.58.38 - - [04/Aug/2015:12:07:34 -0700] "GET /addlink.php HTTP/1.1" 200 16059 "http://www.saveaslave.com/" "Mozilla/5.0 (Windows NT 6.1; WOW64) AppleWebKit/537.36 (KHTML, like Gecko) Chrome/44.0.2403.107 Safari/537.36" "www.saveaslave.com"
12.207.219.1 - - [04/Aug/2015:12:08:50 -0700] "GET /images/header.png HTTP/1.1" 200 104524 "http://www.saveaslave.com/country.php" "Mozilla/5.0 (Windows NT 6.3; WOW64) AppleWebKit/537.36 (KHTML, like Gecko) Chrome/44.0.2403.125 Safari/537.36" "www.saveaslave.com"
80.187.100.90 - - [04/Aug/2015:12:11:00 -0700] "GET /solomon-islands.html HTTP/1.1" 200 5755 "http://www.google.de/imgres?imgurl=http%3A%2F%2Fwww.saveaslave.com%2Fimages%2Fcountrymap%2Fsolomon-islands.gif&imgrefurl=http%3A%2F%2Fwww.saveaslave.com%2Fsolomon-islands.html&h=849&w=1412&tbnid=859hAQI8yApZqM%3A&docid=CGoQqwifAncTKM&ei=Nw7BVbKkMYadwATn0re4Aw&tbm=isch&iact=rc&uact=3&dur=464&page=1&start=0&ndsp=10&ved=0CEgQrQMwBmoVChMI8pvM2ZCQxwIVhg6QCh1n6Q03" "Mozilla/5.0 (Windows NT 6.1; WOW64) AppleWebKit/537.36 (KHTML, like Gecko) Chrome/44.0.2403.125 Safari/537.36" "www.saveaslave.com"
12.207.219.1 - - [04/Aug/2015:12:11:47 -0700] "GET /country.php HTTP/1.1" 200 6214 "-" "Mozilla/5.0 (Windows NT 6.3; WOW64) AppleWebKit/537.36 (KHTML, like Gecko) Chrome/44.0.2403.125 Safari/537.36" "www.saveaslave.com"
12.207.219.1 - - [04/Aug/2015:12:12:55 -0700] "GET /css/style.css HTTP/1.1" 200 1400 "http://www.saveaslave.com/country.php" "Mozilla/5.0 (Windows NT 6.3; WOW64) AppleWebKit/537.36 (KHTML, like Gecko) Chrome/44.0.2403.125 Safari/537.36" "www.saveaslave.com"
12.207.219.1 - - [04/Aug/2015:12:12:55 -0700] "GET /images/sas_button.gif HTTP/1.1" 200 2628 "http://www.saveaslave.com/country.php" "Mozilla/5.0 (Windows NT 6.3; WOW64) AppleWebKit/537.36 (KHTML, like Gecko) Chrome/44.0.2403.125 Safari/537.36" "www.saveaslave.com"
192.126.182.56 - - [04/Aug/2015:12:15:36 -0700] "GET /jordan.html HTTP/1.1" 200 5675 "http://www.saveaslave.com" "Mozilla/5.0 (Windows NT 6.3; WOW64) AppleWebKit/537.36 (KHTML, like Gecko) Chrome/34.0.1847.137 Safari/537.36" "www.saveaslave.com"
12.207.219.1 - - [04/Aug/2015:12:16:22 -0700] "GET /css/style.css HTTP/1.1" 200 1400 "http://www.saveaslave.com/country.php" "Mozilla/5.0 (Windows NT 6.3; WOW64) AppleWebKit/537.36 (KHTML, like Gecko) Chrome/44.0.2403.125 Safari/537.36" "www.saveaslave.com"
12.207.219.1 - - [04/Aug/2015:12:18:00 -0700] "GET /butn/tbl_structure.php?db=saveaslave&table=countries&token=e3f3d51953adecbe88411c71ae7735f5&goto=tbl_structure.php&back=tbl_structure.php HTTP/1.1" 200 7101 "http://saveaslave.com/butn/tbl_structure.php?db=saveaslave&token=e3f3d51953adecbe88411c71ae7735f5&table=countries" "Mozilla/5.0 (Windows NT 6.3; WOW64) AppleWebKit/537.36 (KHTML, like Gecko) Chrome/44.0.2403.125 Safari/537.36" "saveaslave.com"
12.207.219.1 - - [04/Aug/2015:12:18:45 -0700] "POST /butn/tbl_alter.php HTTP/1.1" 200 7172 "http://saveaslave.com/butn/tbl_alter.php?db=saveaslave&table=countries&token=e3f3d51953adecbe88411c71ae7735f5&goto=tbl_structure.php&back=tbl_structure.php&field=flag_filename" "Mozilla/5.0 (Windows NT 6.3; WOW64) AppleWebKit/537.36 (KHTML, like Gecko) Chrome/44.0.2403.125 Safari/537.36" "saveaslave.com"
72.168.98.118 - - [04/Aug/2015:12:20:50 -0700] "GET /addlink.php HTTP/1.1" 200 16059 "http://www.saveaslave.com/" "Mozilla/5.0 (Windows NT 6.1; WOW64; Trident/7.0; rv:11.0) like Gecko" "www.saveaslave.com"
12.207.219.1 - - [04/Aug/2015:12:23:19 -0700] "GET /country.php HTTP/1.1" 200 6226 "-" "Mozilla/5.0 (Windows NT 6.3; WOW64) AppleWebKit/537.36 (KHTML, like Gecko) Chrome/44.0.2403.125 Safari/537.36" "www.saveaslave.com"
12.207.219.1 - - [04/Aug/2015:12:27:00 -0700] "GET /images/countrymap/andorra-flag.jpg HTTP/1.1" 200 2583 "http://www.saveaslave.com/country.php" "Mozilla/5.0 (Windows NT 6.3; WOW64) AppleWebKit/537.36 (KHTML, like Gecko) Chrome/44.0.2403.125 Safari/537.36" "www.saveaslave.com"
12.207.219.1 - - [04/Aug/2015:12:28:42 -0700] "GET /butn/tbl_alter.php?db=saveaslave&table=countries&token=e3f3d51953adecbe88411c71ae7735f5&goto=tbl_structure.php&back=tbl_structure.php&field=map_filename HTTP/1.1" 200 5138 "http://saveaslave.com/butn/tbl_alter.php" "Mozilla/5.0 (Windows NT 6.3; WOW64) AppleWebKit/537.36 (KHTML, like Gecko) Chrome/44.0.2403.125 Safari/537.36" "saveaslave.com"
12.207.219.1 - - [04/Aug/2015:12:29:09 -0700] "POST /butn/tbl_alter.php HTTP/1.1" 200 7174 "http://saveaslave.com/butn/tbl_alter.php?db=saveaslave&table=countries&token=e3f3d51953adecbe88411c71ae7735f5&goto=tbl_structure.php&back=tbl_structure.php&field=picture_1_filename" "Mozilla/5.0 (Windows NT 6.3; WOW64) AppleWebKit/537.36 (KHTML, like Gecko) Chrome/44.0.2403.125 Safari/537.36" "saveaslave.com"
12.207.219.1 - - [04/Aug/2015:12:29:18 -0700] "GET /butn/tbl_alter.php?db=saveaslave&table=countries&token=e3f3d51953adecbe88411c71ae7735f5&goto=tbl_structure.php&back=tbl_structure.php&field=picture_2_filename HTTP/1.1" 200 5143 "http://saveaslave.com/butn/tbl_alter.php" "Mozilla/5.0 (Windows NT 6.3; WOW64) AppleWebKit/537.36 (KHTML, like Gecko) Chrome/44.0.2403.125 Safari/537.36" "saveaslave.com"
12.207.219.1 - - [04/Aug/2015:12:29:34 -0700] "GET /butn/tbl_alter.php?db=saveaslave&table=countries&token=e3f3d51953adecbe88411c71ae7735f5&goto=tbl_structure.php&back=tbl_structure.php&field=description HTTP/1.1" 200 5135 "http://saveaslave.com/butn/tbl_alter.php" "Mozilla/5.0 (Windows NT 6.3; WOW64) AppleWebKit/537.36 (KHTML, like Gecko) Chrome/44.0.2403.125 Safari/537.36" "saveaslave.com"
12.207.219.1 - - [04/Aug/2015:12:29:38 -0700] "GET /butn/tbl_structure.php?db=saveaslave&token=e3f3d51953adecbe88411c71ae7735f5&table=countries HTTP/1.1" 200 7105 "http://saveaslave.com/butn/navigation.php?db=saveaslave&token=e3f3d51953adecbe88411c71ae7735f5" "Mozilla/5.0 (Windows NT 6.3; WOW64) AppleWebKit/537.36 (KHTML, like Gecko) Chrome/44.0.2403.125 Safari/537.36" "saveaslave.com"
12.207.219.1 - - [04/Aug/2015:12:29:46 -0700] "GET /butn/tbl_alter.php?db=saveaslave&table=countries&token=e3f3d51953adecbe88411c71ae7735f5&goto=tbl_structure.php&back=tbl_structure.php&field=world_factbook_link HTTP/1.1" 200 5146 "http://saveaslave.com/butn/tbl_structure.php?db=saveaslave&token=e3f3d51953adecbe88411c71ae7735f5&table=countries" "Mozilla/5.0 (Windows NT 6.3; WOW64) AppleWebKit/537.36 (KHTML, like Gecko) Chrome/44.0.2403.125 Safari/537.36" "saveaslave.com"
12.207.219.1 - - [04/Aug/2015:12:30:44 -0700] "GET /butn/tbl_alter.php?db=saveaslave&table=countries&token=e3f3d51953adecbe88411c71ae7735f5&goto=tbl_structure.php&back=tbl_structure.php&field=newsfeed HTTP/1.1" 200 5135 "http://saveaslave.com/butn/tbl_alter.php" "Mozilla/5.0 (Windows NT 6.3; WOW64) AppleWebKit/537.36 (KHTML, like Gecko) Chrome/44.0.2403.125 Safari/537.36" "saveaslave.com"
12.207.219.1 - - [04/Aug/2015:12:30:51 -0700] "GET /butn/tbl_structure.php?db=saveaslave&token=e3f3d51953adecbe88411c71ae7735f5&table=countries HTTP/1.1" 200 7102 "http://saveaslave.com/butn/navigation.php?db=saveaslave&token=e3f3d51953adecbe88411c71ae7735f5" "Mozilla/5.0 (Windows NT 6.3; WOW64) AppleWebKit/537.36 (KHTML, like Gecko) Chrome/44.0.2403.125 Safari/537.36" "saveaslave.com"
12.207.219.1 - - [04/Aug/2015:12:31:26 -0700] "GET /country.php HTTP/1.1" 200 6355 "-" "Mozilla/5.0 (Windows NT 6.3; WOW64) AppleWebKit/537.36 (KHTML, like Gecko) Chrome/44.0.2403.125 Safari/537.36" "saveaslave.com"
12.207.219.1 - - [04/Aug/2015:12:32:59 -0700] "GET /country.php HTTP/1.1" 200 6393 "-" "Mozilla/5.0 (Windows NT 6.3; WOW64) AppleWebKit/537.36 (KHTML, like Gecko) Chrome/44.0.2403.125 Safari/537.36" "saveaslave.com"
12.207.219.1 - - [04/Aug/2015:12:33:00 -0700] "GET /css/style.css HTTP/1.1" 200 1400 "http://saveaslave.com/country.php" "Mozilla/5.0 (Windows NT 6.3; WOW64) AppleWebKit/537.36 (KHTML, like Gecko) Chrome/44.0.2403.125 Safari/537.36" "saveaslave.com"
12.207.219.1 - - [04/Aug/2015:12:33:01 -0700] "GET /images/sas_button.gif HTTP/1.1" 200 2628 "http://saveaslave.com/country.php" "Mozilla/5.0 (Windows NT 6.3; WOW64) AppleWebKit/537.36 (KHTML, like Gecko) Chrome/44.0.2403.125 Safari/537.36" "saveaslave.com"
12.207.219.1 - - [04/Aug/2015:12:33:01 -0700] "GET /images/countrymap/andorra-flag.jpg HTTP/1.1" 200 2583 "http://saveaslave.com/country.php" "Mozilla/5.0 (Windows NT 6.3; WOW64) AppleWebKit/537.36 (KHTML, like Gecko) Chrome/44.0.2403.125 Safari/537.36" "saveaslave.com"
12.207.219.1 - - [04/Aug/2015:12:33:01 -0700] "GET /images/countrymap/andorra.jpg HTTP/1.1" 200 17701 "http://saveaslave.com/country.php" "Mozilla/5.0 (Windows NT 6.3; WOW64) AppleWebKit/537.36 (KHTML, like Gecko) Chrome/44.0.2403.125 Safari/537.36" "saveaslave.com"
12.207.219.1 - - [04/Aug/2015:12:34:32 -0700] "GET /country.php HTTP/1.1" 200 6393 "-" "Mozilla/5.0 (Windows NT 6.3; WOW64) AppleWebKit/537.36 (KHTML, like Gecko) Chrome/44.0.2403.125 Safari/537.36" "saveaslave.com"
12.207.219.1 - - [04/Aug/2015:12:34:33 -0700] "GET /images/header.png HTTP/1.1" 200 104524 "http://saveaslave.com/country.php" "Mozilla/5.0 (Windows NT 6.3; WOW64) AppleWebKit/537.36 (KHTML, like Gecko) Chrome/44.0.2403.125 Safari/537.36" "saveaslave.com"
12.207.219.1 - - [04/Aug/2015:12:34:34 -0700] "GET /images/sas_button.gif HTTP/1.1" 200 2628 "http://saveaslave.com/country.php" "Mozilla/5.0 (Windows NT 6.3; WOW64) AppleWebKit/537.36 (KHTML, like Gecko) Chrome/44.0.2403.125 Safari/537.36" "saveaslave.com"
12.207.219.1 - - [04/Aug/2015:12:34:34 -0700] "GET /images/countrymap/andorra.jpg HTTP/1.1" 200 17701 "http://saveaslave.com/country.php" "Mozilla/5.0 (Windows NT 6.3; WOW64) AppleWebKit/537.36 (KHTML, like Gecko) Chrome/44.0.2403.125 Safari/537.36" "saveaslave.com"
12.207.219.1 - - [04/Aug/2015:12:35:27 -0700] "GET /addlink.php HTTP/1.1" 200 16095 "http://saveaslave.com/" "Mozilla/5.0 (Windows NT 6.3; WOW64) AppleWebKit/537.36 (KHTML, like Gecko) Chrome/44.0.2403.125 Safari/537.36" "www.saveaslave.com"
12.207.219.1 - - [04/Aug/2015:12:37:14 -0700] "POST /butn/tbl_replace.php HTTP/1.1" 200 4693 "http://saveaslave.com/butn/tbl_change.php?db=saveaslave&table=countries&token=e3f3d51953adecbe88411c71ae7735f5&primary_key=+%60countries%60.%60id%60+%3D+1&sql_query=SELECT+%2A+FROM+%60countries%60&goto=sql.php" "Mozilla/5.0 (Windows NT 6.3; WOW64) AppleWebKit/537.36 (KHTML, like Gecko) Chrome/44.0.2403.125 Safari/537.36" "saveaslave.com"
12.207.219.1 - - [04/Aug/2015:12:37:58 -0700] "GET /css/style.css HTTP/1.1" 200 1400 "http://saveaslave.com/country.php" "Mozilla/5.0 (Windows NT 6.3; WOW64) AppleWebKit/537.36 (KHTML, like Gecko) Chrome/44.0.2403.125 Safari/537.36" "saveaslave.com"
12.207.219.1 - - [04/Aug/2015:12:37:59 -0700] "GET /%22//feed.mikle.com/js/rssmikle.js/%22 HTTP/1.1" 404 89 "http://saveaslave.com/country.php" "Mozilla/5.0 (Windows NT 6.3; WOW64) AppleWebKit/537.36 (KHTML, like Gecko) Chrome/44.0.2403.125 Safari/537.36" "saveaslave.com"
12.207.219.1 - - [04/Aug/2015:12:39:44 -0700] "GET /country.php HTTP/1.1" 200 6646 "-" "Mozilla/5.0 (Windows NT 6.3; WOW64) AppleWebKit/537.36 (KHTML, like Gecko) Chrome/44.0.2403.125 Safari/537.36" "saveaslave.com"
12.207.219.1 - - [04/Aug/2015:12:39:45 -0700] "GET /css/style.css HTTP/1.1" 200 1400 "http://saveaslave.com/country.php" "Mozilla/5.0 (Windows NT 6.3; WOW64) AppleWebKit/537.36 (KHTML, like Gecko) Chrome/44.0.2403.125 Safari/537.36" "saveaslave.com"
12.207.219.1 - - [04/Aug/2015:12:39:46 -0700] "GET /images/header.png HTTP/1.1" 200 104524 "http://saveaslave.com/country.php" "Mozilla/5.0 (Windows NT 6.3; WOW64) AppleWebKit/537.36 (KHTML, like Gecko) Chrome/44.0.2403.125 Safari/537.36" "saveaslave.com"
12.207.219.1 - - [04/Aug/2015:12:39:46 -0700] "GET /images/countrymap/andorra-flag.jpg HTTP/1.1" 200 2583 "http://saveaslave.com/country.php" "Mozilla/5.0 (Windows NT 6.3; WOW64) AppleWebKit/537.36 (KHTML, like Gecko) Chrome/44.0.2403.125 Safari/537.36" "saveaslave.com"
12.207.219.1 - - [04/Aug/2015:12:39:46 -0700] "GET /images/countrymap/andorra.jpg HTTP/1.1" 200 17701 "http://saveaslave.com/country.php" "Mozilla/5.0 (Windows NT 6.3; WOW64) AppleWebKit/537.36 (KHTML, like Gecko) Chrome/44.0.2403.125 Safari/537.36" "saveaslave.com"
12.207.219.1 - - [04/Aug/2015:12:40:57 -0700] "GET /country.php HTTP/1.1" 200 6646 "-" "Mozilla/5.0 (Windows NT 6.3; WOW64) AppleWebKit/537.36 (KHTML, like Gecko) Chrome/44.0.2403.125 Safari/537.36" "saveaslave.com"
12.207.219.1 - - [04/Aug/2015:12:42:33 -0700] "GET /butn/tbl_alter.php?db=saveaslave&table=countries&token=e3f3d51953adecbe88411c71ae7735f5&goto=tbl_structure.php&back=tbl_structure.php&field=newsfeed HTTP/1.1" 200 5135 "http://saveaslave.com/butn/tbl_structure.php?db=saveaslave&table=countries&token=e3f3d51953adecbe88411c71ae7735f5&goto=tbl_sql.php" "Mozilla/5.0 (Windows NT 6.3; WOW64) AppleWebKit/537.36 (KHTML, like Gecko) Chrome/44.0.2403.125 Safari/537.36" "saveaslave.com"
12.207.219.1 - - [04/Aug/2015:12:42:52 -0700] "POST /butn/tbl_alter.php HTTP/1.1" 200 7024 "http://saveaslave.com/butn/tbl_alter.php?db=saveaslave&table=countries&token=e3f3d51953adecbe88411c71ae7735f5&goto=tbl_structure.php&back=tbl_structure.php&field=newsfeed" "Mozilla/5.0 (Windows NT 6.3; WOW64) AppleWebKit/537.36 (KHTML, like Gecko) Chrome/44.0.2403.125 Safari/537.36" "saveaslave.com"
72.168.98.118 - - [04/Aug/2015:12:42:53 -0700] "GET /addlink.php HTTP/1.1" 200 16059 "http://www.saveaslave.com/" "Mozilla/5.0 (Windows NT 6.1; WOW64; Trident/7.0; rv:11.0) like Gecko" "www.saveaslave.com"
12.207.219.1 - - [04/Aug/2015:12:42:59 -0700] "GET /css/style.css HTTP/1.1" 200 1400 "http://saveaslave.com/country.php" "Mozilla/5.0 (Windows NT 6.3; WOW64) AppleWebKit/537.36 (KHTML, like Gecko) Chrome/44.0.2403.125 Safari/537.36" "saveaslave.com"
12.207.219.1 - - [04/Aug/2015:12:43:00 -0700] "GET /images/countrymap/andorra-flag.jpg HTTP/1.1" 200 2583 "http://saveaslave.com/country.php" "Mozilla/5.0 (Windows NT 6.3; WOW64) AppleWebKit/537.36 (KHTML, like Gecko) Chrome/44.0.2403.125 Safari/537.36" "saveaslave.com"
12.207.219.1 - - [04/Aug/2015:12:43:00 -0700] "GET /images/countrymap/andorra.jpg HTTP/1.1" 200 17701 "http://saveaslave.com/country.php" "Mozilla/5.0 (Windows NT 6.3; WOW64) AppleWebKit/537.36 (KHTML, like Gecko) Chrome/44.0.2403.125 Safari/537.36" "saveaslave.com"
12.207.219.1 - - [04/Aug/2015:12:43:20 -0700] "GET /butn/tbl_structure.php?db=saveaslave&table=countries&token=e3f3d51953adecbe88411c71ae7735f5&goto=tbl_sql.php HTTP/1.1" 200 7132 "http://saveaslave.com/butn/tbl_change.php?db=saveaslave&table=countries&token=e3f3d51953adecbe88411c71ae7735f5&primary_key=+%60countries%60.%60id%60+%3D+1&sql_query=SELECT+%2A+FROM+%60countries%60&goto=sql.php" "Mozilla/5.0 (Windows NT 6.3; WOW64) AppleWebKit/537.36 (KHTML, like Gecko) Chrome/44.0.2403.125 Safari/537.36" "saveaslave.com"
12.207.219.1 - - [04/Aug/2015:12:43:25 -0700] "GET /butn/tbl_alter.php?db=saveaslave&table=countries&token=e3f3d51953adecbe88411c71ae7735f5&goto=tbl_structure.php&back=tbl_structure.php&field=newsfeed HTTP/1.1" 200 5132 "http://saveaslave.com/butn/tbl_structure.php?db=saveaslave&table=countries&token=e3f3d51953adecbe88411c71ae7735f5&goto=tbl_sql.php" "Mozilla/5.0 (Windows NT 6.3; WOW64) AppleWebKit/537.36 (KHTML, like Gecko) Chrome/44.0.2403.125 Safari/537.36" "saveaslave.com"
12.207.219.1 - - [04/Aug/2015:12:44:11 -0700] "GET /country.php HTTP/1.1" 200 6447 "-" "Mozilla/5.0 (Windows NT 6.3; WOW64) AppleWebKit/537.36 (KHTML, like Gecko) Chrome/44.0.2403.125 Safari/537.36" "saveaslave.com"
12.207.219.1 - - [04/Aug/2015:12:44:13 -0700] "GET /images/countrymap/andorra-flag.jpg HTTP/1.1" 200 2583 "http://saveaslave.com/country.php" "Mozilla/5.0 (Windows NT 6.3; WOW64) AppleWebKit/537.36 (KHTML, like Gecko) Chrome/44.0.2403.125 Safari/537.36" "saveaslave.com"
12.207.219.1 - - [04/Aug/2015:12:44:23 -0700] "GET /butn/tbl_change.php?db=saveaslave&table=countries&token=e3f3d51953adecbe88411c71ae7735f5&primary_key=+%60countries%60.%60id%60+%3D+1&sql_query=SELECT+%2A+FROM+%60countries%60&goto=sql.php HTTP/1.1" 200 6813 "http://saveaslave.com/butn/tbl_replace.php" "Mozilla/5.0 (Windows NT 6.3; WOW64) AppleWebKit/537.36 (KHTML, like Gecko) Chrome/44.0.2403.125 Safari/537.36" "saveaslave.com"
12.207.219.1 - - [04/Aug/2015:12:44:25 -0700] "GET /butn/tbl_structure.php?db=saveaslave&table=countries&token=e3f3d51953adecbe88411c71ae7735f5&goto=tbl_sql.php HTTP/1.1" 200 7266 "http://saveaslave.com/butn/tbl_change.php?db=saveaslave&table=countries&token=e3f3d51953adecbe88411c71ae7735f5&primary_key=+%60countries%60.%60id%60+%3D+1&sql_query=SELECT+%2A+FROM+%60countries%60&goto=sql.php" "Mozilla/5.0 (Windows NT 6.3; WOW64) AppleWebKit/537.36 (KHTML, like Gecko) Chrome/44.0.2403.125 Safari/537.36" "saveaslave.com"
12.207.219.1 - - [04/Aug/2015:12:44:26 -0700] "GET /butn/themes/original/img/b_tbloptimize.png HTTP/1.1" 200 300 "http://saveaslave.com/butn/tbl_structure.php?db=saveaslave&table=countries&token=e3f3d51953adecbe88411c71ae7735f5&goto=tbl_sql.php" "Mozilla/5.0 (Windows NT 6.3; WOW64) AppleWebKit/537.36 (KHTML, like Gecko) Chrome/44.0.2403.125 Safari/537.36" "saveaslave.com"
12.207.219.1 - - [04/Aug/2015:12:44:43 -0700] "GET /butn/tbl_alter.php?db=saveaslave&table=countries&token=e3f3d51953adecbe88411c71ae7735f5&goto=tbl_structure.php&back=tbl_structure.php&field=newsfeed HTTP/1.1" 200 5138 "http://saveaslave.com/butn/tbl_structure.php?db=saveaslave&table=countries&token=e3f3d51953adecbe88411c71ae7735f5&goto=tbl_sql.php" "Mozilla/5.0 (Windows NT 6.3; WOW64) AppleWebKit/537.36 (KHTML, like Gecko) Chrome/44.0.2403.125 Safari/537.36" "saveaslave.com"
12.207.219.1 - - [04/Aug/2015:12:44:55 -0700] "POST /butn/tbl_alter.php HTTP/1.1" 200 7169 "http://saveaslave.com/butn/tbl_alter.php?db=saveaslave&table=countries&token=e3f3d51953adecbe88411c71ae7735f5&goto=tbl_structure.php&back=tbl_structure.php&field=newsfeed" "Mozilla/5.0 (Windows NT 6.3; WOW64) AppleWebKit/537.36 (KHTML, like Gecko) Chrome/44.0.2403.125 Safari/537.36" "saveaslave.com"
12.207.219.1 - - [04/Aug/2015:12:45:25 -0700] "GET /butn/tbl_change.php?db=saveaslave&table=countries&token=e3f3d51953adecbe88411c71ae7735f5&primary_key=+%60countries%60.%60id%60+%3D+1&sql_query=SELECT+%2A+FROM+%60countries%60&goto=sql.php HTTP/1.1" 200 6799 "http://saveaslave.com/butn/sql.php?db=saveaslave&table=countries&token=e3f3d51953adecbe88411c71ae7735f5&goto=tbl_structure.php&back=tbl_structure.php&pos=0" "Mozilla/5.0 (Windows NT 6.3; WOW64) AppleWebKit/537.36 (KHTML, like Gecko) Chrome/44.0.2403.125 Safari/537.36" "saveaslave.com"
12.207.219.1 - - [04/Aug/2015:12:46:06 -0700] "GET /css/style.css HTTP/1.1" 200 1400 "http://saveaslave.com/country.php" "Mozilla/5.0 (Windows NT 6.3; WOW64) AppleWebKit/537.36 (KHTML, like Gecko) Chrome/44.0.2403.125 Safari/537.36" "saveaslave.com"
12.207.219.1 - - [04/Aug/2015:12:46:25 -0700] "GET /butn/tbl_change.php?db=saveaslave&table=countries&token=e3f3d51953adecbe88411c71ae7735f5&primary_key=+%60countries%60.%60id%60+%3D+1&sql_query=SELECT+%2A+FROM+%60countries%60&goto=sql.php HTTP/1.1" 200 6799 "http://saveaslave.com/butn/tbl_replace.php" "Mozilla/5.0 (Windows NT 6.3; WOW64) AppleWebKit/537.36 (KHTML, like Gecko) Chrome/44.0.2403.125 Safari/537.36" "saveaslave.com"
12.207.219.1 - - [04/Aug/2015:12:48:48 -0700] "POST /butn/tbl_replace.php HTTP/1.1" 200 4672 "http://saveaslave.com/butn/tbl_change.php?db=saveaslave&table=countries&token=e3f3d51953adecbe88411c71ae7735f5&primary_key=+%60countries%60.%60id%60+%3D+1&sql_query=SELECT+%2A+FROM+%60countries%60&goto=sql.php" "Mozilla/5.0 (Windows NT 6.3; WOW64) AppleWebKit/537.36 (KHTML, like Gecko) Chrome/44.0.2403.125 Safari/537.36" "saveaslave.com"
12.207.219.1 - - [04/Aug/2015:12:53:43 -0700] "GET /country.php HTTP/1.1" 200 416 "-" "Mozilla/5.0 (Windows NT 6.3; WOW64) AppleWebKit/537.36 (KHTML, like Gecko) Chrome/44.0.2403.125 Safari/537.36" "saveaslave.com"
12.207.219.1 - - [04/Aug/2015:12:53:53 -0700] "GET /country.php?name=Andorra;lang=en HTTP/1.1" 200 85 "-" "Mozilla/5.0 (Windows NT 6.3; WOW64) AppleWebKit/537.36 (KHTML, like Gecko) Chrome/44.0.2403.125 Safari/537.36" "saveaslave.com"
12.207.219.1 - - [04/Aug/2015:12:57:11 -0700] "GET /country.php?name=Andorra&lang=en HTTP/1.1" 200 6664 "-" "Mozilla/5.0 (Windows NT 6.3; WOW64) AppleWebKit/537.36 (KHTML, like Gecko) Chrome/44.0.2403.125 Safari/537.36" "saveaslave.com"
12.207.219.1 - - [04/Aug/2015:12:59:13 -0700] "GET /country.php?name=Andorra&lang=en HTTP/1.1" 200 6664 "-" "Mozilla/5.0 (Windows NT 6.3; WOW64) AppleWebKit/537.36 (KHTML, like Gecko) Chrome/44.0.2403.125 Safari/537.36" "saveaslave.com"
192.126.154.187 - - [04/Aug/2015:13:02:01 -0700] "GET /peru.html HTTP/1.1" 200 5656 "http://www.saveaslave.com" "Mozilla/5.0 (Windows NT 6.3; WOW64) AppleWebKit/537.36 (KHTML, like Gecko) Chrome/34.0.1847.137 Safari/537.36" "www.saveaslave.com"
12.207.219.1 - - [04/Aug/2015:13:02:29 -0700] "GET /country.php?name=Andorra&lang=en HTTP/1.1" 200 4441 "-" "Mozilla/5.0 (Windows NT 6.3; WOW64) AppleWebKit/537.36 (KHTML, like Gecko) Chrome/44.0.2403.125 Safari/537.36" "saveaslave.com"
12.207.219.1 - - [04/Aug/2015:13:02:40 -0700] "GET /country.php?name=Andorra&lang=en HTTP/1.1" 200 4441 "-" "Mozilla/5.0 (Windows NT 6.3; WOW64) AppleWebKit/537.36 (KHTML, like Gecko) Chrome/44.0.2403.125 Safari/537.36" "saveaslave.com"
12.207.219.1 - - [04/Aug/2015:13:02:40 -0700] "GET /css/style.css HTTP/1.1" 200 1400 "http://saveaslave.com/country.php?name=Andorra&lang=en" "Mozilla/5.0 (Windows NT 6.3; WOW64) AppleWebKit/537.36 (KHTML, like Gecko) Chrome/44.0.2403.125 Safari/537.36" "saveaslave.com"
12.207.219.1 - - [04/Aug/2015:13:02:41 -0700] "GET /images/countrymap/ HTTP/1.1" 200 67050 "http://saveaslave.com/country.php?name=Andorra&lang=en" "Mozilla/5.0 (Windows NT 6.3; WOW64) AppleWebKit/537.36 (KHTML, like Gecko) Chrome/44.0.2403.125 Safari/537.36" "saveaslave.com"
12.207.219.1 - - [04/Aug/2015:13:03:23 -0700] "GET /images/countrymap/ HTTP/1.1" 200 67050 "http://saveaslave.com/country.php?name=Andorra&lang=en" "Mozilla/5.0 (Windows NT 6.3; WOW64) AppleWebKit/537.36 (KHTML, like Gecko) Chrome/44.0.2403.125 Safari/537.36" "saveaslave.com"
12.207.219.1 - - [04/Aug/2015:13:05:00 -0700] "GET /country.php?name=Andorra&lang=es HTTP/1.1" 200 4696 "http://saveaslave.com/country.php?name=Andorra&lang=es" "Mozilla/5.0 (Windows NT 6.3; WOW64) AppleWebKit/537.36 (KHTML, like Gecko) Chrome/44.0.2403.125 Safari/537.36" "saveaslave.com"
12.207.219.1 - - [04/Aug/2015:13:05:01 -0700] "GET /images/countrymap/ HTTP/1.1" 200 67050 "http://saveaslave.com/country.php?name=Andorra&lang=es" "Mozilla/5.0 (Windows NT 6.3; WOW64) AppleWebKit/537.36 (KHTML, like Gecko) Chrome/44.0.2403.125 Safari/537.36" "saveaslave.com"
12.207.219.1 - - [04/Aug/2015:13:05:29 -0700] "GET /country.php?name=Andorra&lang=en HTTP/1.1" 200 6919 "-" "Mozilla/5.0 (Windows NT 6.3; WOW64) AppleWebKit/537.36 (KHTML, like Gecko) Chrome/44.0.2403.125 Safari/537.36" "saveaslave.com"
64.132.42.50 - - [04/Aug/2015:13:05:49 -0700] "GET /images/countrymap/solomon-islands.gif HTTP/1.1" 200 122217 "https://www.google.com/" "Mozilla/5.0 (Windows NT 6.1; WOW64) AppleWebKit/537.36 (KHTML, like Gecko) Chrome/44.0.2403.125 Safari/537.36" "www.saveaslave.com"
157.55.39.230 - - [04/Aug/2015:13:06:11 -0700] "GET /malaysia.html HTTP/1.1" 200 5692 "-" "Mozilla/5.0 (compatible; bingbot/2.0; +http://www.bing.com/bingbot.htm)" "saveaslave.com"
12.207.219.1 - - [04/Aug/2015:13:06:20 -0700] "GET /country.php?name=%27Andorra%27&lang=%27en%27 HTTP/1.1" 200 4712 "-" "Mozilla/5.0 (Windows NT 6.3; WOW64) AppleWebKit/537.36 (KHTML, like Gecko) Chrome/44.0.2403.125 Safari/537.36" "saveaslave.com"
72.168.98.118 - - [04/Aug/2015:13:07:46 -0700] "GET /listlink.php HTTP/1.1" 200 4628 "http://www.saveaslave.com/" "Mozilla/5.0 (Windows NT 6.1; WOW64; Trident/7.0; rv:11.0) like Gecko" "www.saveaslave.com"
72.168.98.118 - - [04/Aug/2015:13:07:46 -0700] "GET /addlink.php HTTP/1.1" 200 16059 "http://www.saveaslave.com/" "Mozilla/5.0 (Windows NT 6.1; WOW64; Trident/7.0; rv:11.0) like Gecko" "www.saveaslave.com"
12.207.219.1 - - [04/Aug/2015:13:09:45 -0700] "GET /country.php?name=Andorra&lang=e HTTP/1.1" 200 4694 "-" "Mozilla/5.0 (Windows NT 6.3; WOW64) AppleWebKit/537.36 (KHTML, like Gecko) Chrome/44.0.2403.125 Safari/537.36" "saveaslave.com"
12.207.219.1 - - [04/Aug/2015:13:09:46 -0700] "GET /images/countrymap/ HTTP/1.1" 200 67050 "http://saveaslave.com/country.php?name=Andorra&lang=e" "Mozilla/5.0 (Windows NT 6.3; WOW64) AppleWebKit/537.36 (KHTML, like Gecko) Chrome/44.0.2403.125 Safari/537.36" "saveaslave.com"
12.207.219.1 - - [04/Aug/2015:13:21:17 -0700] "GET /country.php?name=Andorra&lang=en HTTP/1.1" 200 707 "-" "Mozilla/5.0 (Windows NT 6.3; WOW64) AppleWebKit/537.36 (KHTML, like Gecko) Chrome/44.0.2403.125 Safari/537.36" "saveaslave.com"
65.36.241.48 - - [04/Aug/2015:13:22:15 -0700] "HEAD / HTTP/1.1" 200 0 "-" "InternetSeer.com" "www.saveaslave.com"
12.207.219.1 - - [04/Aug/2015:13:23:07 -0700] "GET /country.php?name=Andorra&lang=e HTTP/1.1" 200 705 "-" "Mozilla/5.0 (Windows NT 6.3; WOW64) AppleWebKit/537.36 (KHTML, like Gecko) Chrome/44.0.2403.125 Safari/537.36" "saveaslave.com"
12.207.219.1 - - [04/Aug/2015:13:23:56 -0700] "GET /country.php?name=Andorra&lang=e HTTP/1.1" 200 705 "-" "Mozilla/5.0 (Windows NT 6.3; WOW64) AppleWebKit/537.36 (KHTML, like Gecko) Chrome/44.0.2403.125 Safari/537.36" "saveaslave.com"
12.207.219.1 - - [04/Aug/2015:13:28:04 -0700] "GET /country.php?name=Andorra&lang=e HTTP/1.1" 200 416 "-" "Mozilla/5.0 (Windows NT 6.3; WOW64) AppleWebKit/537.36 (KHTML, like Gecko) Chrome/44.0.2403.125 Safari/537.36" "saveaslave.com"
12.207.219.1 - - [04/Aug/2015:13:28:11 -0700] "GET /country.php?name=Andorra&lang=en HTTP/1.1" 200 85 "-" "Mozilla/5.0 (Windows NT 6.3; WOW64) AppleWebKit/537.36 (KHTML, like Gecko) Chrome/44.0.2403.125 Safari/537.36" "saveaslave.com"
12.207.219.1 - - [04/Aug/2015:13:28:38 -0700] "GET /country.php?name=Andorra&lang=en HTTP/1.1" 200 6664 "-" "Mozilla/5.0 (Windows NT 6.3; WOW64) AppleWebKit/537.36 (KHTML, like Gecko) Chrome/44.0.2403.125 Safari/537.36" "saveaslave.com"
12.207.219.1 - - [04/Aug/2015:13:28:56 -0700] "GET /country.php?name=Andorra&lang=en HTTP/1.1" 200 6664 "-" "Mozilla/5.0 (Windows NT 6.3; WOW64) AppleWebKit/537.36 (KHTML, like Gecko) Chrome/44.0.2403.125 Safari/537.36" "saveaslave.com"
12.207.219.1 - - [04/Aug/2015:13:30:20 -0700] "GET /country.php?name=Andorra&lang=en HTTP/1.1" 200 416 "-" "Mozilla/5.0 (Windows NT 6.3; WOW64) AppleWebKit/537.36 (KHTML, like Gecko) Chrome/44.0.2403.125 Safari/537.36" "saveaslave.com"
136.243.5.215 - - [04/Aug/2015:13:30:23 -0700] "GET /armenia HTTP/1.1" 200 5617 "-" "Mozilla/5.0 (compatible; MJ12bot/v1.4.5; http://www.majestic12.co.uk/bot.php?+)" "saveaslave.com"
136.243.5.215 - - [04/Aug/2015:13:30:24 -0700] "GET /aruba HTTP/1.1" 200 14875 "-" "Mozilla/5.0 (compatible; MJ12bot/v1.4.5; http://www.majestic12.co.uk/bot.php?+)" "saveaslave.com"
136.243.5.215 - - [04/Aug/2015:13:30:26 -0700] "GET /australia HTTP/1.1" 200 5637 "-" "Mozilla/5.0 (compatible; MJ12bot/v1.4.5; http://www.majestic12.co.uk/bot.php?+)" "saveaslave.com"
12.207.219.1 - - [04/Aug/2015:13:30:28 -0700] "GET /country.php?name=Andorra&lang=es HTTP/1.1" 200 6717 "-" "Mozilla/5.0 (Windows NT 6.3; WOW64) AppleWebKit/537.36 (KHTML, like Gecko) Chrome/44.0.2403.125 Safari/537.36" "saveaslave.com"
136.243.5.215 - - [04/Aug/2015:13:30:29 -0700] "GET /azerbaijan HTTP/1.1" 200 5617 "-" "Mozilla/5.0 (compatible; MJ12bot/v1.4.5; http://www.majestic12.co.uk/bot.php?+)" "saveaslave.com"
12.207.219.1 - - [04/Aug/2015:13:30:39 -0700] "GET /country.php?name=Andora&lang=es HTTP/1.1" 200 493 "-" "Mozilla/5.0 (Windows NT 6.3; WOW64) AppleWebKit/537.36 (KHTML, like Gecko) Chrome/44.0.2403.125 Safari/537.36" "saveaslave.com"
136.243.5.215 - - [04/Aug/2015:13:30:45 -0700] "GET /bolivia HTTP/1.1" 200 5606 "-" "Mozilla/5.0 (compatible; MJ12bot/v1.4.5; http://www.majestic12.co.uk/bot.php?+)" "saveaslave.com"
136.243.5.215 - - [04/Aug/2015:13:30:46 -0700] "GET /burundi HTTP/1.1" 200 5657 "-" "Mozilla/5.0 (compatible; MJ12bot/v1.4.5; http://www.majestic12.co.uk/bot.php?+)" "saveaslave.com"
136.243.5.215 - - [04/Aug/2015:13:30:48 -0700] "GET /cambodia HTTP/1.1" 200 5666 "-" "Mozilla/5.0 (compatible; MJ12bot/v1.4.5; http://www.majestic12.co.uk/bot.php?+)" "saveaslave.com"
65.36.241.48 - - [04/Aug/2015:13:30:48 -0700] "HEAD /?tpl=references&Itemid=3 HTTP/1.1" 200 0 "-" "InternetSeer.com" "www.saveaslave.com"
12.207.219.1 - - [04/Aug/2015:13:30:48 -0700] "GET /country.php?name=Andorra&lang=en HTTP/1.1" 200 6655 "-" "Mozilla/5.0 (Windows NT 6.3; WOW64) AppleWebKit/537.36 (KHTML, like Gecko) Chrome/44.0.2403.125 Safari/537.36" "saveaslave.com"
136.243.5.215 - - [04/Aug/2015:13:30:55 -0700] "GET /finland HTTP/1.1" 200 6902 "-" "Mozilla/5.0 (compatible; MJ12bot/v1.4.5; http://www.majestic12.co.uk/bot.php?+)" "saveaslave.com"
136.243.5.215 - - [04/Aug/2015:13:30:57 -0700] "GET /haiti HTTP/1.1" 200 6215 "-" "Mozilla/5.0 (compatible; MJ12bot/v1.4.5; http://www.majestic12.co.uk/bot.php?+)" "saveaslave.com"
136.243.5.215 - - [04/Aug/2015:13:30:58 -0700] "GET /robots.txt HTTP/1.1" 404 89 "-" "Mozilla/5.0 (compatible; MJ12bot/v1.4.5; http://www.majestic12.co.uk/bot.php?+)" "saveaslave.com"
136.243.5.215 - - [04/Aug/2015:13:30:59 -0700] "GET /iraq HTTP/1.1" 200 5657 "-" "Mozilla/5.0 (compatible; MJ12bot/v1.4.5; http://www.majestic12.co.uk/bot.php?+)" "saveaslave.com"
136.243.5.215 - - [04/Aug/2015:13:31:01 -0700] "GET /kenya HTTP/1.1" 200 5666 "-" "Mozilla/5.0 (compatible; MJ12bot/v1.4.5; http://www.majestic12.co.uk/bot.php?+)" "saveaslave.com"
136.243.5.215 - - [04/Aug/2015:13:31:03 -0700] "GET /kiribati HTTP/1.1" 200 5693 "-" "Mozilla/5.0 (compatible; MJ12bot/v1.4.5; http://www.majestic12.co.uk/bot.php?+)" "saveaslave.com"
136.243.5.215 - - [04/Aug/2015:13:31:06 -0700] "GET /kuwait HTTP/1.1" 200 5676 "-" "Mozilla/5.0 (compatible; MJ12bot/v1.4.5; http://www.majestic12.co.uk/bot.php?+)" "saveaslave.com"
12.207.219.1 - - [04/Aug/2015:13:31:17 -0700] "GET /css/style.css HTTP/1.1" 200 1400 "http://saveaslave.com/country.php?name=Andorra&lang=en" "Mozilla/5.0 (Windows NT 6.3; WOW64) AppleWebKit/537.36 (KHTML, like Gecko) Chrome/44.0.2403.125 Safari/537.36" "saveaslave.com"
12.207.219.1 - - [04/Aug/2015:13:33:10 -0700] "GET /butn/index.php?db=saveaslave&table=countries&lang=en-utf-8&target=tbl_structure.php&token=e3f3d51953adecbe88411c71ae7735f5 HTTP/1.1" 200 2894 "http://saveaslave.com/butn/tbl_structure.php?db=saveaslave&table=countries&token=e3f3d51953adecbe88411c71ae7735f5&goto=tbl_sql.php" "Mozilla/5.0 (Windows NT 6.3; WOW64) AppleWebKit/537.36 (KHTML, like Gecko) Chrome/44.0.2403.125 Safari/537.36" "saveaslave.com"
12.207.219.1 - - [04/Aug/2015:13:33:11 -0700] "GET /butn/navigation.php?db=saveaslave&table=countries&lang=en-utf-8&target=tbl_structure.php&token=e3f3d51953adecbe88411c71ae7735f5 HTTP/1.1" 200 2159 "http://saveaslave.com/butn/index.php?db=saveaslave&table=countries&lang=en-utf-8&target=tbl_structure.php&token=e3f3d51953adecbe88411c71ae7735f5" "Mozilla/5.0 (Windows NT 6.3; WOW64) AppleWebKit/537.36 (KHTML, like Gecko) Chrome/44.0.2403.125 Safari/537.36" "saveaslave.com"
12.207.219.1 - - [04/Aug/2015:13:33:26 -0700] "POST /butn/tbl_addfield.php HTTP/1.1" 200 5383 "http://saveaslave.com/butn/tbl_structure.php?db=saveaslave&table=countries&lang=en-utf-8&target=tbl_structure.php&token=e3f3d51953adecbe88411c71ae7735f5" "Mozilla/5.0 (Windows NT 6.3; WOW64) AppleWebKit/537.36 (KHTML, like Gecko) Chrome/44.0.2403.125 Safari/537.36" "saveaslave.com"
157.55.39.152 - - [04/Aug/2015:13:34:04 -0700] "GET /Afghanistan.html HTTP/1.1" 404 89 "-" "Mozilla/5.0 (compatible; bingbot/2.0; +http://www.bing.com/bingbot.htm)" "saveaslave.com"
12.207.219.1 - - [04/Aug/2015:13:34:26 -0700] "POST /butn/tbl_addfield.php HTTP/1.1" 200 7210 "http://saveaslave.com/butn/tbl_addfield.php" "Mozilla/5.0 (Windows NT 6.3; WOW64) AppleWebKit/537.36 (KHTML, like Gecko) Chrome/44.0.2403.125 Safari/537.36" "saveaslave.com"
12.207.219.1 - - [04/Aug/2015:13:34:34 -0700] "GET /butn/tbl_alter.php?db=saveaslave&table=countries&token=e3f3d51953adecbe88411c71ae7735f5&goto=tbl_structure.php&back=tbl_structure.php&field=other_page_text HTTP/1.1" 200 5134 "http://saveaslave.com/butn/tbl_addfield.php" "Mozilla/5.0 (Windows NT 6.3; WOW64) AppleWebKit/537.36 (KHTML, like Gecko) Chrome/44.0.2403.125 Safari/537.36" "saveaslave.com"
12.207.219.1 - - [04/Aug/2015:13:34:38 -0700] "POST /butn/tbl_alter.php HTTP/1.1" 200 7150 "http://saveaslave.com/butn/tbl_alter.php?db=saveaslave&table=countries&token=e3f3d51953adecbe88411c71ae7735f5&goto=tbl_structure.php&back=tbl_structure.php&field=other_page_text" "Mozilla/5.0 (Windows NT 6.3; WOW64) AppleWebKit/537.36 (KHTML, like Gecko) Chrome/44.0.2403.125 Safari/537.36" "saveaslave.com"
12.207.219.1 - - [04/Aug/2015:13:34:43 -0700] "GET /butn/sql.php?db=saveaslave&table=countries&token=e3f3d51953adecbe88411c71ae7735f5&goto=tbl_structure.php&back=tbl_structure.php&pos=0 HTTP/1.1" 200 4804 "http://saveaslave.com/butn/tbl_alter.php" "Mozilla/5.0 (Windows NT 6.3; WOW64) AppleWebKit/537.36 (KHTML, like Gecko) Chrome/44.0.2403.125 Safari/537.36" "saveaslave.com"
192.101.136.224 - - [04/Aug/2015:13:35:39 -0700] "GET /images/countrymap/solomon-islands.gif HTTP/1.1" 200 122217 "https://www.google.com/" "Mozilla/5.0 (Windows NT 6.1; WOW64) AppleWebKit/537.36 (KHTML, like Gecko) Chrome/43.0.2357.134 Safari/537.36" "www.saveaslave.com"
12.207.219.1 - - [04/Aug/2015:13:35:57 -0700] "GET /country.php?name=Andorra&lang=en HTTP/1.1" 200 5975 "-" "Mozilla/5.0 (Windows NT 6.3; WOW64) AppleWebKit/537.36 (KHTML, like Gecko) Chrome/44.0.2403.125 Safari/537.36" "saveaslave.com"
12.207.219.1 - - [04/Aug/2015:13:39:43 -0700] "GET /country.php?name=Andorra&lang=en HTTP/1.1" 200 7109 "-" "Mozilla/5.0 (Windows NT 6.3; WOW64) AppleWebKit/537.36 (KHTML, like Gecko) Chrome/44.0.2403.125 Safari/537.36" "saveaslave.com"
12.207.219.1 - - [04/Aug/2015:13:39:44 -0700] "GET /css/style.css HTTP/1.1" 200 1400 "http://saveaslave.com/country.php?name=Andorra&lang=en" "Mozilla/5.0 (Windows NT 6.3; WOW64) AppleWebKit/537.36 (KHTML, like Gecko) Chrome/44.0.2403.125 Safari/537.36" "saveaslave.com"
12.207.219.1 - - [04/Aug/2015:13:39:45 -0700] "GET /addlink.php HTTP/1.1" 200 16059 "http://saveaslave.com/country.php?name=Andorra&lang=en" "Mozilla/5.0 (Windows NT 6.3; WOW64) AppleWebKit/537.36 (KHTML, like Gecko) Chrome/44.0.2403.125 Safari/537.36" "www.saveaslave.com"
12.207.219.1 - - [04/Aug/2015:13:41:33 -0700] "GET /addlink.php HTTP/1.1" 200 16095 "-" "Mozilla/5.0 (Windows NT 6.3; WOW64) AppleWebKit/537.36 (KHTML, like Gecko) Chrome/44.0.2403.125 Safari/537.36" "saveaslave.com"
12.207.219.1 - - [04/Aug/2015:13:47:30 -0700] "GET /butn/sql.php?db=saveaslave&table=links&token=e3f3d51953adecbe88411c71ae7735f5&goto=tbl_structure.php&back=tbl_structure.php&pos=0 HTTP/1.1" 200 8014 "http://saveaslave.com/butn/tbl_structure.php?db=saveaslave&token=e3f3d51953adecbe88411c71ae7735f5&table=links" "Mozilla/5.0 (Windows NT 6.3; WOW64) AppleWebKit/537.36 (KHTML, like Gecko) Chrome/44.0.2403.125 Safari/537.36" "saveaslave.com"
101.226.168.198 - - [04/Aug/2015:13:49:58 -0700] "GET / HTTP/1.1" 200 25892 "http://saveaslave.com/" "Mozilla/5.0 (Windows NT 6.1) AppleWebKit/537.1 (KHTML, like Gecko) Chrome/21.0.1180.89 Safari/537.1; 360Spider(compatible; HaosouSpider; http://www.haosou.com/help/help_3_2.html)" "saveaslave.com"
207.46.13.131 - - [04/Aug/2015:13:59:16 -0700] "GET /?tpl=newspaper&itemid=6 HTTP/1.1" 200 25892 "-" "Mozilla/5.0 (compatible; bingbot/2.0; +http://www.bing.com/bingbot.htm)" "saveaslave.com"
207.46.13.131 - - [04/Aug/2015:13:59:16 -0700] "GET /?tpl=references&itemid=3 HTTP/1.1" 200 25892 "-" "Mozilla/5.0 (compatible; bingbot/2.0; +http://www.bing.com/bingbot.htm)" "saveaslave.com"
173.252.110.114 - - [04/Aug/2015:14:00:00 -0700] "GET /images/slaves.jpg HTTP/1.1" 200 86777 "-" "facebookexternalhit/1.1 (+http://www.facebook.com/externalhit_uatext.php)" "www.saveaslave.com"
50.194.55.242 - - [04/Aug/2015:14:00:34 -0700] "GET /images/countrymap/bosnia-herzegovina.jpg HTTP/1.1" 200 42063 "-" "Mozilla/5.0 (iPhone; CPU iPhone OS 8_4 like Mac OS X) AppleWebKit/600.1.4 (KHTML, like Gecko) GSA/6.0.51363 Mobile/12H143 Safari/600.1.4" "www.saveaslave.com"
66.249.69.81 - - [04/Aug/2015:14:01:44 -0700] "GET /images/countrymap/libya-flag.gif HTTP/1.1" 200 6863 "-" "Googlebot-Image/1.0" "www.saveaslave.com"
66.249.69.73 - - [04/Aug/2015:14:01:45 -0700] "GET /images/countrymap/turkmenistan.jpg HTTP/1.1" 200 19101 "-" "Googlebot-Image/1.0" "www.saveaslave.com"
73.199.35.111 - - [04/Aug/2015:14:23:34 -0700] "GET /images/countrymap/solomon-islands.gif HTTP/1.1" 200 122217 "https://www.google.com/" "Mozilla/5.0 (iPad; CPU OS 8_4 like Mac OS X) AppleWebKit/600.1.4 (KHTML, like Gecko) Version/8.0 Mobile/12H143 Safari/600.1.4" "www.saveaslave.com"
104.140.215.101 - - [04/Aug/2015:14:36:24 -0700] "GET /sudan.html HTTP/1.1" 200 5668 "http://www.saveaslave.com" "Mozilla/5.0 (Windows NT 6.3; WOW64) AppleWebKit/537.36 (KHTML, like Gecko) Chrome/34.0.1847.137 Safari/537.36" "www.saveaslave.com"
199.20.47.250 - - [04/Aug/2015:14:37:13 -0700] "GET / HTTP/1.1" 200 25892 "http://www.google.com/url?q=http%3A%2F%2Fwww.saveaslave.com%2F&sa=D&sntz=1&usg=AFQjCNFGbis4nEwvTtAhiifFrDJE4ny5kQ" "Mozilla/5.0 (Macintosh; Intel Mac OS X 10_10_1) AppleWebKit/600.2.5 (KHTML, like Gecko) Version/8.0.2 Safari/600.2.5" "www.saveaslave.com"
199.20.47.250 - - [04/Aug/2015:14:37:14 -0700] "GET /jquery-1.3.2.min.js HTTP/1.1" 200 57254 "http://www.saveaslave.com/" "Mozilla/5.0 (Macintosh; Intel Mac OS X 10_10_1) AppleWebKit/600.2.5 (KHTML, like Gecko) Version/8.0.2 Safari/600.2.5" "www.saveaslave.com"
199.20.47.250 - - [04/Aug/2015:14:37:14 -0700] "GET /jquery.marquee.js HTTP/1.1" 200 6560 "http://www.saveaslave.com/" "Mozilla/5.0 (Macintosh; Intel Mac OS X 10_10_1) AppleWebKit/600.2.5 (KHTML, like Gecko) Version/8.0.2 Safari/600.2.5" "www.saveaslave.com"
199.20.47.250 - - [04/Aug/2015:14:37:16 -0700] "GET /listlink.php HTTP/1.1" 200 4628 "http://www.saveaslave.com/" "Mozilla/5.0 (Macintosh; Intel Mac OS X 10_10_1) AppleWebKit/600.2.5 (KHTML, like Gecko) Version/8.0.2 Safari/600.2.5" "www.saveaslave.com"
199.20.47.250 - - [04/Aug/2015:14:37:17 -0700] "GET /favicon.ico HTTP/1.1" 404 89 "http://www.saveaslave.com/" "Mozilla/5.0 (Macintosh; Intel Mac OS X 10_10_1) AppleWebKit/600.2.5 (KHTML, like Gecko) Version/8.0.2 Safari/600.2.5" "www.saveaslave.com"
65.36.241.48 - - [04/Aug/2015:14:56:14 -0700] "HEAD / HTTP/1.1" 200 0 "-" "InternetSeer.com" "www.saveaslave.com"
104.50.132.192 - - [04/Aug/2015:15:10:31 -0700] "GET /images/countrymap/ecuador-flag.gif HTTP/1.1" 200 18197 "-" "Mozilla/5.0 (Windows NT 6.1; WOW64; Trident/7.0; TNJB; rv:11.0) like Gecko" "www.saveaslave.com"
151.80.31.151 - - [04/Aug/2015:15:15:21 -0700] "GET /mozambique.html HTTP/1.1" 200 5710 "-" "Mozilla/5.0 (compatible; AhrefsBot/5.0; +http://ahrefs.com/robot/)" "www.saveaslave.com"
123.125.71.30 - - [04/Aug/2015:15:37:57 -0700] "GET / HTTP/1.1" 200 25892 "-" "Mozilla/5.0 (compatible; Baiduspider/2.0; +http://www.baidu.com/search/spider.html)" "saveaslave.com"
220.181.108.82 - - [04/Aug/2015:15:37:59 -0700] "GET /jquery-1.3.2.min.js HTTP/1.1" 200 57254 "http://saveaslave.com/" "Mozilla/5.0 (compatible; Baiduspider/2.0; +http://www.baidu.com/search/spider.html)" "saveaslave.com"
220.181.108.84 - - [04/Aug/2015:15:38:01 -0700] "GET /jquery.marquee.js HTTP/1.1" 200 6560 "http://saveaslave.com/" "Mozilla/5.0 (compatible; Baiduspider/2.0; +http://www.baidu.com/search/spider.html)" "saveaslave.com"
157.55.39.152 - - [04/Aug/2015:15:42:23 -0700] "GET /robots.txt HTTP/1.1" 404 89 "-" "Mozilla/5.0 (compatible; bingbot/2.0; +http://www.bing.com/bingbot.htm)" "www.saveaslave.com"
151.80.31.151 - - [04/Aug/2015:15:42:29 -0700] "GET /jamaica.html HTTP/1.1" 200 5684 "-" "Mozilla/5.0 (compatible; AhrefsBot/5.0; +http://ahrefs.com/robot/)" "www.saveaslave.com"
157.55.39.153 - - [04/Aug/2015:15:42:58 -0700] "GET /bangladesh HTTP/1.1" 200 5664 "-" "Mozilla/5.0 (compatible; bingbot/2.0; +http://www.bing.com/bingbot.htm)" "www.saveaslave.com"
157.55.39.153 - - [04/Aug/2015:15:42:59 -0700] "GET /aruba HTTP/1.1" 200 14875 "-" "Mozilla/5.0 (compatible; bingbot/2.0; +http://www.bing.com/bingbot.htm)" "www.saveaslave.com"
157.55.39.153 - - [04/Aug/2015:15:42:59 -0700] "GET /information_links/default.html HTTP/1.1" 404 89 "-" "Mozilla/5.0 (compatible; bingbot/2.0; +http://www.bing.com/bingbot.htm)" "www.saveaslave.com"
207.46.13.131 - - [04/Aug/2015:15:44:10 -0700] "GET /bulgaria.html HTTP/1.1" 200 5666 "-" "Mozilla/5.0 (compatible; bingbot/2.0; +http://www.bing.com/bingbot.htm)" "www.saveaslave.com"
207.46.13.131 - - [04/Aug/2015:15:44:58 -0700] "GET /images/countrymap/kiribati.gif HTTP/1.1" 200 30156 "-" "Mozilla/5.0 (compatible; bingbot/2.0; +http://www.bing.com/bingbot.htm)" "saveaslave.com"
207.46.13.131 - - [04/Aug/2015:15:44:58 -0700] "GET /images/countrymap/liechtenstein.gif HTTP/1.1" 200 9045 "-" "Mozilla/5.0 (compatible; bingbot/2.0; +http://www.bing.com/bingbot.htm)" "saveaslave.com"
61.135.189.175 - - [04/Aug/2015:15:57:26 -0700] "GET /site/?cat=45 HTTP/1.1" 404 89 "-" "Sogou web spider/4.0(+http://www.sogou.com/docs/help/webmasters.htm#07)" "saveaslave.com"
207.46.13.1 - - [04/Aug/2015:16:02:57 -0700] "GET /disclaimer.html HTTP/1.1" 200 4134 "-" "Mozilla/5.0 (compatible; bingbot/2.0; +http://www.bing.com/bingbot.htm)" "www.saveaslave.com"
65.36.241.48 - - [04/Aug/2015:16:28:44 -0700] "HEAD / HTTP/1.1" 200 0 "-" "InternetSeer.com" "www.saveaslave.com"
166.88.105.202 - - [04/Aug/2015:17:04:00 -0700] "GET /serbia.html HTTP/1.1" 200 5674 "http://www.saveaslave.com" "Mozilla/5.0 (Windows NT 6.3; WOW64) AppleWebKit/537.36 (KHTML, like Gecko) Chrome/34.0.1847.137 Safari/537.36" "www.saveaslave.com"
151.80.31.151 - - [04/Aug/2015:17:22:02 -0700] "GET /chad.html HTTP/1.1" 200 5641 "-" "Mozilla/5.0 (compatible; AhrefsBot/5.0; +http://ahrefs.com/robot/)" "www.saveaslave.com"
66.249.69.65 - - [04/Aug/2015:17:46:52 -0700] "GET /images/countrymap/qatar-flag.jpg HTTP/1.1" 200 1728 "-" "Googlebot-Image/1.0" "www.saveaslave.com"
66.249.69.73 - - [04/Aug/2015:17:48:22 -0700] "GET /images/countrymap/hong-kong.gif HTTP/1.1" 200 15661 "-" "Googlebot-Image/1.0" "www.saveaslave.com"
66.249.69.65 - - [04/Aug/2015:17:48:23 -0700] "GET /images/countrymap/saint-barthelemy.gif HTTP/1.1" 200 12002 "-" "Googlebot-Image/1.0" "www.saveaslave.com"
66.249.69.81 - - [04/Aug/2015:17:48:26 -0700] "GET /images/countrymap/hong-kong-flag.gif HTTP/1.1" 200 12596 "-" "Googlebot-Image/1.0" "www.saveaslave.com"
66.249.69.73 - - [04/Aug/2015:17:51:19 -0700] "GET /images/countrymap/mexico-flag.gif HTTP/1.1" 200 19050 "-" "Googlebot-Image/1.0" "www.saveaslave.com"
66.249.69.81 - - [04/Aug/2015:17:51:21 -0700] "GET /images/countrymap/mexico.gif HTTP/1.1" 200 33113 "-" "Googlebot-Image/1.0" "www.saveaslave.com"
66.249.69.81 - - [04/Aug/2015:17:51:24 -0700] "GET /images/countrymap/kiribati-flag.gif HTTP/1.1" 200 31459 "-" "Googlebot-Image/1.0" "www.saveaslave.com"
66.249.69.65 - - [04/Aug/2015:17:51:30 -0700] "GET /images/countrymap/kiribati.gif HTTP/1.1" 200 30156 "-" "Googlebot-Image/1.0" "www.saveaslave.com"
65.36.241.48 - - [04/Aug/2015:18:01:25 -0700] "HEAD / HTTP/1.1" 200 0 "-" "InternetSeer.com" "www.saveaslave.com"
207.47.206.213 - - [04/Aug/2015:18:04:19 -0700] "GET /images/countrymap/bosnia-herzegovina.jpg HTTP/1.1" 200 42063 "https://www.google.ca" "Mozilla/5.0 (Windows NT 6.1; WOW64; rv:39.0) Gecko/20100101 Firefox/39.0" "www.saveaslave.com"
66.249.69.73 - - [04/Aug/2015:18:14:00 -0700] "GET /images/countrymap/macedonia.gif HTTP/1.1" 200 17180 "-" "Googlebot-Image/1.0" "www.saveaslave.com"
66.249.75.41 - - [04/Aug/2015:18:48:28 -0700] "GET /images/countrymap/morocco.gif HTTP/1.1" 200 17961 "-" "Googlebot-Image/1.0" "www.saveaslave.com"
178.255.215.78 - - [04/Aug/2015:18:56:02 -0700] "GET /robots.txt HTTP/1.1" 404 89 "-" "Mozilla/5.0 (compatible; Exabot/3.0; +http://www.exabot.com/go/robot)" "saveaslave.com"
70.62.116.195 - - [04/Aug/2015:19:22:05 -0700] "GET /images/countrymap/solomon-islands.gif HTTP/1.1" 200 122217 "https://www.google.com" "Mozilla/5.0 (Macintosh; Intel Mac OS X 10.10; rv:38.0) Gecko/20100101 Firefox/38.0" "www.saveaslave.com"
192.126.154.234 - - [04/Aug/2015:19:25:43 -0700] "GET /luxembourg.html HTTP/1.1" 200 5711 "http://www.saveaslave.com" "Mozilla/5.0 (Windows NT 6.3; WOW64) AppleWebKit/537.36 (KHTML, like Gecko) Chrome/34.0.1847.137 Safari/537.36" "www.saveaslave.com"
65.36.241.48 - - [04/Aug/2015:19:35:03 -0700] "HEAD / HTTP/1.1" 200 0 "-" "InternetSeer.com" "www.saveaslave.com"
94.73.155.10 - - [04/Aug/2015:19:46:06 -0700] "GET /wp-content/plugins/dzs-videogallery/admin/upload.php HTTP/1.1" 404 89 "-" "Mozilla/5.0 (Macintosh; U; Intel Mac OS X 10.6; fr; rv:1.9.2.8) Gecko/20100722 Firefox/3.6.8" "saveaslave.com"
141.8.143.143 - - [04/Aug/2015:20:08:28 -0700] "GET /togo.html HTTP/1.1" 200 5659 "-" "Mozilla/5.0 (compatible; YandexBot/3.0; +http://yandex.com/bots)" "saveaslave.com"
210.186.59.25 - - [04/Aug/2015:20:28:46 -0700] "GET /images/countrymap/solomon-islands.gif HTTP/1.1" 206 10092 "-" "Mozilla/5.0 (Windows NT 6.1; Trident/7.0; rv:11.0) like Gecko" "www.saveaslave.com"
54.159.113.70 - - [04/Aug/2015:20:33:39 -0700] "GET /robots.txt HTTP/1.1" 404 89 "-" "Mozilla/5.0 (compatible; linkdexbot/2.0; +http://www.linkdex.com/bots/)" "saveaslave.com"
192.126.182.72 - - [04/Aug/2015:20:38:58 -0700] "GET /north-korea.html HTTP/1.1" 200 5719 "http://www.saveaslave.com" "Mozilla/5.0 (Windows NT 6.3; WOW64) AppleWebKit/537.36 (KHTML, like Gecko) Chrome/34.0.1847.137 Safari/537.36" "www.saveaslave.com"
178.137.134.118 - - [04/Aug/2015:20:39:49 -0700] "GET / HTTP/1.1" 200 25892 "http://www.saveaslave.com/" "Mozilla/5.0 (Windows NT 6.3; WOW64; rv:36.0) Gecko/20100101 Firefox/36.0" "www.saveaslave.com"
54.159.113.70 - - [04/Aug/2015:20:45:34 -0700] "GET /azkaban.html HTTP/1.1" 200 12664 "-" "Mozilla/5.0 (compatible; linkdexbot/2.0; +http://www.linkdex.com/bots/)" "www.saveaslave.com"
157.55.39.231 - - [04/Aug/2015:20:46:37 -0700] "GET /images/countrymap/macedonia-flag.gif HTTP/1.1" 200 5693 "-" "Mozilla/5.0 (compatible; bingbot/2.0; +http://www.bing.com/bingbot.htm)" "saveaslave.com"
144.76.29.162 - - [04/Aug/2015:20:48:28 -0700] "GET /?tpl=hospitals&Itemid=11&countrycode=us HTTP/1.1" 200 25892 "-" "Mozilla/5.0 (compatible; MJ12bot/v1.4.5; http://www.majestic12.co.uk/bot.php?+)" "www.saveaslave.com"
144.76.29.162 - - [04/Aug/2015:20:48:30 -0700] "GET /afghanistan HTTP/1.1" 200 5683 "-" "Mozilla/5.0 (compatible; MJ12bot/v1.4.5; http://www.majestic12.co.uk/bot.php?+)" "www.saveaslave.com"
66.249.82.152 - - [04/Aug/2015:20:49:00 -0700] "GET /images/countrymap/solomon-islands.gif HTTP/1.1" 200 122217 "-" "Mozilla/5.0 (Windows NT 5.1; rv:11.0) Gecko Firefox/11.0 (via ggpht.com GoogleImageProxy)" "www.saveaslave.com"
207.46.13.131 - - [04/Aug/2015:21:00:33 -0700] "GET /eritrea.html HTTP/1.1" 200 5684 "-" "Mozilla/5.0 (compatible; bingbot/2.0; +http://www.bing.com/bingbot.htm)" "www.saveaslave.com"
54.198.29.82 - - [04/Aug/2015:21:20:22 -0700] "GET /united-states.html HTTP/1.1" 200 6008 "-" "Mozilla/5.0 (compatible; linkdexbot/2.0; +http://www.linkdex.com/bots/)" "saveaslave.com"
54.198.29.82 - - [04/Aug/2015:21:20:22 -0700] "GET /robots.txt HTTP/1.1" 404 89 "-" "Mozilla/5.0 (compatible; linkdexbot/2.0; +http://www.linkdex.com/bots/)" "saveaslave.com"
54.198.29.82 - - [04/Aug/2015:21:20:22 -0700] "GET /robots.txt HTTP/1.1" 404 89 "-" "Mozilla/5.0 (compatible; linkdexbot/2.0; +http://www.linkdex.com/bots/)" "www.saveaslave.com"
4.28.101.122 - - [04/Aug/2015:21:22:26 -0700] "GET /images/countrymap/bosnia-herzegovina.jpg HTTP/1.1" 200 42063 "https://www.google.com/" "Mozilla/5.0 (Macintosh; Intel Mac OS X 10_10_2) AppleWebKit/537.36 (KHTML, like Gecko) Chrome/44.0.2403.125 Safari/537.36" "www.saveaslave.com"
179.52.173.182 - - [04/Aug/2015:21:29:13 -0700] "GET /images/countrymap/bosnia-herzegovina.jpg HTTP/1.1" 200 42063 "https://www.google.com.do/" "Mozilla/5.0 (Windows NT 6.1; WOW64) AppleWebKit/537.36 (KHTML, like Gecko) Chrome/44.0.2403.125 Safari/537.36" "www.saveaslave.com"
138.59.25.5 - - [04/Aug/2015:21:36:02 -0700] "GET /images/countrymap/solomon-islands.gif HTTP/1.1" 200 122217 "https://www.google.tt/" "Mozilla/5.0 (Windows NT 6.3; WOW64) AppleWebKit/537.36 (KHTML, like Gecko) Chrome/44.0.2403.130 Safari/537.36" "www.saveaslave.com"
66.249.69.82 - - [04/Aug/2015:21:39:43 -0700] "GET /robots.txt HTTP/1.1" 404 89 "-" "Mozilla/5.0 (compatible; Googlebot/2.1; +http://www.google.com/bot.html)" "www.saveaslave.com"
66.249.69.82 - - [04/Aug/2015:21:39:43 -0700] "GET /images/countrymap/laos-flag.gif HTTP/1.1" 200 2359 "-" "Googlebot-Image/1.0" "www.saveaslave.com"
54.159.113.70 - - [04/Aug/2015:21:40:23 -0700] "GET /azkaban2.html HTTP/1.1" 200 9017 "-" "Mozilla/5.0 (compatible; linkdexbot/2.0; +http://www.linkdex.com/bots/)" "saveaslave.com"
54.159.113.70 - - [04/Aug/2015:21:40:23 -0700] "GET /robots.txt HTTP/1.1" 404 89 "-" "Mozilla/5.0 (compatible; linkdexbot/2.0; +http://www.linkdex.com/bots/)" "saveaslave.com"
54.159.113.70 - - [04/Aug/2015:21:40:23 -0700] "GET /robots.txt HTTP/1.1" 404 89 "-" "Mozilla/5.0 (compatible; linkdexbot/2.0; +http://www.linkdex.com/bots/)" "www.saveaslave.com"
192.126.154.234 - - [04/Aug/2015:21:47:32 -0700] "GET /azkaban2.html HTTP/1.1" 200 9017 "http://www.saveaslave.com" "Mozilla/5.0 (Windows NT 6.3; WOW64) AppleWebKit/537.36 (KHTML, like Gecko) Chrome/34.0.1847.137 Safari/537.36" "www.saveaslave.com"
66.249.69.82 - - [04/Aug/2015:21:49:55 -0700] "GET /images/countrymap/palestinian-territories-flag.jpeg HTTP/1.1" 200 1497 "-" "Googlebot-Image/1.0" "www.saveaslave.com"
