123.30.175.211 - - [05/Jul/2015:09:46:51 -0700] "GET / HTTP/1.1" 200 23412 "-" "Mozilla/5.0 (compatible; coccoc/1.0; +http://help.coccoc.com/)" "www.saveaslave.com"
66.249.82.155 - - [05/Jul/2015:09:53:43 -0700] "GET /images/countrymap/solomon-islands.gif HTTP/1.1" 200 122217 "-" "Mozilla/5.0 (Windows NT 5.1; rv:11.0) Gecko Firefox/11.0 (via ggpht.com GoogleImageProxy)" "www.saveaslave.com"
85.227.55.18 - - [05/Jul/2015:10:13:18 -0700] "GET /robots.txt HTTP/1.1" 404 89 "-" "Mozilla/5.0 (Windows; U; Windows NT 5.1; en-US)" "www.saveaslave.com"
85.227.55.18 - - [05/Jul/2015:10:14:50 -0700] "GET /egypt.html HTTP/1.1" 200 5666 "-" "Mozilla/5.0 (Windows; U; Windows NT 5.1; en-US)" "www.saveaslave.com"
216.59.224.64 - - [05/Jul/2015:10:16:37 -0700] "GET /images/countrymap/solomon-islands.gif HTTP/1.1" 200 122217 "http://www.google.ca/blank.html" "Mozilla/5.0 (Macintosh; Intel Mac OS X 10_10_3) AppleWebKit/600.6.3 (KHTML, like Gecko) Version/8.0.6 Safari/600.6.3" "www.saveaslave.com"
216.59.224.64 - - [05/Jul/2015:10:16:39 -0700] "GET /images/sas_button.gif HTTP/1.1" 200 2628 "http://www.saveaslave.com/solomon-islands.html" "Mozilla/5.0 (Macintosh; Intel Mac OS X 10_10_3) AppleWebKit/600.6.3 (KHTML, like Gecko) Version/8.0.6 Safari/600.6.3" "www.saveaslave.com"
216.59.224.64 - - [05/Jul/2015:10:16:39 -0700] "GET /images/countrymap/solomon-islands-flag.gif HTTP/1.1" 200 28751 "http://www.saveaslave.com/solomon-islands.html" "Mozilla/5.0 (Macintosh; Intel Mac OS X 10_10_3) AppleWebKit/600.6.3 (KHTML, like Gecko) Version/8.0.6 Safari/600.6.3" "www.saveaslave.com"
186.204.162.97 - - [05/Jul/2015:10:25:12 -0700] "GET / HTTP/1.1" 200 23412 "http://success-seo.com/try.php?u=http://saveaslave.com" "Mozilla/5.0 (Windows NT 6.1; WOW64) AppleWebKit/537.36 (KHTML, like Gecko) Chrome/36.0.1985.143 Safari/537.36" "saveaslave.com"
186.204.162.97 - - [05/Jul/2015:10:25:13 -0700] "GET /css/style.css HTTP/1.1" 200 1400 "http://saveaslave.com/" "Mozilla/5.0 (Windows NT 6.1; WOW64) AppleWebKit/537.36 (KHTML, like Gecko) Chrome/36.0.1985.143 Safari/537.36" "saveaslave.com"
186.204.162.97 - - [05/Jul/2015:10:25:13 -0700] "GET /jquery.marquee.js HTTP/1.1" 200 6560 "http://saveaslave.com/" "Mozilla/5.0 (Windows NT 6.1; WOW64) AppleWebKit/537.36 (KHTML, like Gecko) Chrome/36.0.1985.143 Safari/537.36" "saveaslave.com"
186.204.162.97 - - [05/Jul/2015:10:25:13 -0700] "GET /jquery-1.3.2.min.js HTTP/1.1" 200 57254 "http://saveaslave.com/" "Mozilla/5.0 (Windows NT 6.1; WOW64) AppleWebKit/537.36 (KHTML, like Gecko) Chrome/36.0.1985.143 Safari/537.36" "saveaslave.com"
186.204.162.97 - - [05/Jul/2015:10:25:14 -0700] "GET /images/sas_button.gif HTTP/1.1" 200 2628 "http://saveaslave.com/" "Mozilla/5.0 (Windows NT 6.1; WOW64) AppleWebKit/537.36 (KHTML, like Gecko) Chrome/36.0.1985.143 Safari/537.36" "saveaslave.com"
186.204.162.97 - - [05/Jul/2015:10:25:14 -0700] "GET /images/slaves.jpg HTTP/1.1" 200 86777 "http://saveaslave.com/" "Mozilla/5.0 (Windows NT 6.1; WOW64) AppleWebKit/537.36 (KHTML, like Gecko) Chrome/36.0.1985.143 Safari/537.36" "saveaslave.com"
186.204.162.97 - - [05/Jul/2015:10:25:17 -0700] "GET /addlink.php HTTP/1.1" 200 16020 "http://saveaslave.com/" "Mozilla/5.0 (Windows NT 6.1; WOW64) AppleWebKit/537.36 (KHTML, like Gecko) Chrome/36.0.1985.143 Safari/537.36" "www.saveaslave.com"
112.159.50.131 - - [05/Jul/2015:10:26:15 -0700] "GET / HTTP/1.1" 200 23412 "https://www.google.com/" "Mozilla/5.0 (Macintosh; Intel Mac OS X 10_9_5) AppleWebKit/537.36 (KHTML, like Gecko) Chrome/43.0.2357.130 Safari/537.36" "www.saveaslave.com"
112.159.50.131 - - [05/Jul/2015:10:26:15 -0700] "GET /jquery-1.3.2.min.js HTTP/1.1" 200 57254 "http://www.saveaslave.com/" "Mozilla/5.0 (Macintosh; Intel Mac OS X 10_9_5) AppleWebKit/537.36 (KHTML, like Gecko) Chrome/43.0.2357.130 Safari/537.36" "www.saveaslave.com"
112.159.50.131 - - [05/Jul/2015:10:26:15 -0700] "GET /images/header.png HTTP/1.1" 200 104524 "http://www.saveaslave.com/" "Mozilla/5.0 (Macintosh; Intel Mac OS X 10_9_5) AppleWebKit/537.36 (KHTML, like Gecko) Chrome/43.0.2357.130 Safari/537.36" "www.saveaslave.com"
112.159.50.131 - - [05/Jul/2015:10:26:15 -0700] "GET /jquery.marquee.js HTTP/1.1" 200 6560 "http://www.saveaslave.com/" "Mozilla/5.0 (Macintosh; Intel Mac OS X 10_9_5) AppleWebKit/537.36 (KHTML, like Gecko) Chrome/43.0.2357.130 Safari/537.36" "www.saveaslave.com"
112.159.50.131 - - [05/Jul/2015:10:26:15 -0700] "GET /images/sas_button.gif HTTP/1.1" 200 2628 "http://www.saveaslave.com/" "Mozilla/5.0 (Macintosh; Intel Mac OS X 10_9_5) AppleWebKit/537.36 (KHTML, like Gecko) Chrome/43.0.2357.130 Safari/537.36" "www.saveaslave.com"
112.159.50.131 - - [05/Jul/2015:10:26:15 -0700] "GET /images/slaves.jpg HTTP/1.1" 200 86777 "http://www.saveaslave.com/" "Mozilla/5.0 (Macintosh; Intel Mac OS X 10_9_5) AppleWebKit/537.36 (KHTML, like Gecko) Chrome/43.0.2357.130 Safari/537.36" "www.saveaslave.com"
212.253.48.189 - - [05/Jul/2015:10:34:13 -0700] "GET /images/countrymap/bosnia-herzegovina.jpg HTTP/1.1" 200 42063 "https://www.google.com/" "Mozilla/5.0 (Windows NT 6.1; Win64; x64) AppleWebKit/537.36 (KHTML, like Gecko) Chrome/40.0.2150.0 Iron/40.0.2150.0 Safari/537.36" "www.saveaslave.com"
157.55.39.127 - - [05/Jul/2015:10:35:53 -0700] "GET /montenegro.html HTTP/1.1" 200 5711 "-" "Mozilla/5.0 (compatible; bingbot/2.0; +http://www.bing.com/bingbot.htm)" "saveaslave.com"
85.227.55.18 - - [05/Jul/2015:10:56:21 -0700] "GET /aruba.html HTTP/1.1" 200 14875 "-" "Mozilla/5.0 (Windows; U; Windows NT 5.1; en-US)" "www.saveaslave.com"
65.36.241.48 - - [05/Jul/2015:10:58:25 -0700] "HEAD / HTTP/1.1" 200 0 "-" "InternetSeer.com" "www.saveaslave.com"
178.197.238.237 - - [05/Jul/2015:11:17:10 -0700] "GET /images/countrymap/bosnia-herzegovina.jpg HTTP/1.1" 200 42063 "-" "Mozilla/5.0 (Linux; Android 4.4.2; GT-I9505 Build/KOT49H) AppleWebKit/537.36 (KHTML, like Gecko) Version/4.0 Chrome/30.0.0.0 Mobile Safari/537.36 GSA/4.7.13.19.arm" "www.saveaslave.com"
54.166.143.23 - - [05/Jul/2015:11:23:34 -0700] "GET /azkaban.html HTTP/1.1" 200 12664 "-" "Mozilla/5.0 (compatible; linkdexbot/2.0; +http://www.linkdex.com/bots/)" "saveaslave.com"
54.166.143.23 - - [05/Jul/2015:11:23:34 -0700] "GET /robots.txt HTTP/1.1" 404 89 "-" "Mozilla/5.0 (compatible; linkdexbot/2.0; +http://www.linkdex.com/bots/)" "saveaslave.com"
54.166.143.23 - - [05/Jul/2015:11:23:34 -0700] "GET /robots.txt HTTP/1.1" 404 89 "-" "Mozilla/5.0 (compatible; linkdexbot/2.0; +http://www.linkdex.com/bots/)" "www.saveaslave.com"
85.227.55.18 - - [05/Jul/2015:11:28:55 -0700] "GET /new-caledonia.html HTTP/1.1" 200 5737 "-" "Mozilla/5.0 (Windows; U; Windows NT 5.1; en-US)" "www.saveaslave.com"
54.166.143.23 - - [05/Jul/2015:11:34:51 -0700] "GET /azkaban2.html HTTP/1.1" 200 9017 "-" "Mozilla/5.0 (compatible; linkdexbot/2.0; +http://www.linkdex.com/bots/)" "saveaslave.com"
85.227.55.18 - - [05/Jul/2015:11:43:21 -0700] "GET /dominica.html HTTP/1.1" 200 5666 "-" "Mozilla/5.0 (Windows; U; Windows NT 5.1; en-US)" "www.saveaslave.com"
54.166.143.23 - - [05/Jul/2015:11:46:48 -0700] "GET /united-states.html HTTP/1.1" 200 6008 "-" "Mozilla/5.0 (compatible; linkdexbot/2.0; +http://www.linkdex.com/bots/)" "saveaslave.com"
54.166.143.23 - - [05/Jul/2015:11:46:48 -0700] "GET /robots.txt HTTP/1.1" 404 89 "-" "Mozilla/5.0 (compatible; linkdexbot/2.0; +http://www.linkdex.com/bots/)" "saveaslave.com"
54.166.143.23 - - [05/Jul/2015:11:46:48 -0700] "GET /robots.txt HTTP/1.1" 404 89 "-" "Mozilla/5.0 (compatible; linkdexbot/2.0; +http://www.linkdex.com/bots/)" "www.saveaslave.com"
59.189.132.5 - - [05/Jul/2015:11:49:06 -0700] "GET /images/countrymap/solomon-islands.gif HTTP/1.1" 200 122217 "-" "Mozilla/5.0 (iPhone; CPU iPhone OS 8_4 like Mac OS X) AppleWebKit/600.1.4 (KHTML, like Gecko) GSA/6.0.51363 Mobile/12H143 Safari/600.1.4" "www.saveaslave.com"
85.227.55.18 - - [05/Jul/2015:11:53:27 -0700] "GET /cyprus.html HTTP/1.1" 200 5651 "-" "Mozilla/5.0 (Windows; U; Windows NT 5.1; en-US)" "www.saveaslave.com"
54.243.48.119 - - [05/Jul/2015:11:55:51 -0700] "GET /lesotho.html HTTP/1.1" 200 5683 "-" "Mozilla/5.0 (Windows; U; Windows NT 5.1; en-US; rv:1.9.2.8) Gecko/20100722 Firefox/3.6.8" "www.saveaslave.com"
54.196.58.139 - - [05/Jul/2015:11:58:13 -0700] "GET /azkaban.html HTTP/1.1" 200 12664 "-" "Mozilla/5.0 (compatible; linkdexbot/2.0; +http://www.linkdex.com/bots/)" "www.saveaslave.com"
54.196.58.139 - - [05/Jul/2015:11:58:13 -0700] "GET /robots.txt HTTP/1.1" 404 89 "-" "Mozilla/5.0 (compatible; linkdexbot/2.0; +http://www.linkdex.com/bots/)" "saveaslave.com"
54.196.58.139 - - [05/Jul/2015:11:58:13 -0700] "GET /robots.txt HTTP/1.1" 404 89 "-" "Mozilla/5.0 (compatible; linkdexbot/2.0; +http://www.linkdex.com/bots/)" "www.saveaslave.com"
207.46.13.86 - - [05/Jul/2015:12:00:33 -0700] "GET /robots.txt HTTP/1.1" 404 89 "-" "Mozilla/5.0 (compatible; bingbot/2.0; +http://www.bing.com/bingbot.htm)" "www.saveaslave.com"
54.166.143.23 - - [05/Jul/2015:12:10:04 -0700] "GET /robots.txt HTTP/1.1" 404 89 "-" "Mozilla/5.0 (compatible; linkdexbot/2.0; +http://www.linkdex.com/bots/)" "www.saveaslave.com"
65.36.241.48 - - [05/Jul/2015:12:16:11 -0700] "HEAD / HTTP/1.1" 200 0 "-" "InternetSeer.com" "www.saveaslave.com"
54.166.143.23 - - [05/Jul/2015:12:21:28 -0700] "GET /united-states.html HTTP/1.1" 200 6008 "-" "Mozilla/5.0 (compatible; linkdexbot/2.0; +http://www.linkdex.com/bots/)" "www.saveaslave.com"
54.166.143.23 - - [05/Jul/2015:12:21:28 -0700] "GET /robots.txt HTTP/1.1" 404 89 "-" "Mozilla/5.0 (compatible; linkdexbot/2.0; +http://www.linkdex.com/bots/)" "saveaslave.com"
54.166.143.23 - - [05/Jul/2015:12:21:28 -0700] "GET /robots.txt HTTP/1.1" 404 89 "-" "Mozilla/5.0 (compatible; linkdexbot/2.0; +http://www.linkdex.com/bots/)" "www.saveaslave.com"
180.76.15.151 - - [05/Jul/2015:12:26:08 -0700] "GET /countries/tonga.html HTTP/1.1" 404 89 "-" "Mozilla/5.0 (compatible; Baiduspider/2.0; +http://www.baidu.com/search/spider.html)" "www.saveaslave.com"
54.166.143.23 - - [05/Jul/2015:12:36:41 -0700] "GET /drudge.html HTTP/1.1" 200 6233 "-" "Mozilla/5.0 (compatible; linkdexbot/2.0; +http://www.linkdex.com/bots/)" "saveaslave.com"
188.168.180.245 - - [05/Jul/2015:12:36:58 -0700] "GET /images/countrymap/bosnia-herzegovina.jpg HTTP/1.1" 200 42063 "https://www.google.ru/" "Mozilla/5.0 (Windows NT 6.1; WOW64) AppleWebKit/537.36 (KHTML, like Gecko) Chrome/45.0.2438.3 Safari/537.36" "www.saveaslave.com"
54.196.58.139 - - [05/Jul/2015:12:48:54 -0700] "GET /drudge.html HTTP/1.1" 200 6233 "-" "Mozilla/5.0 (compatible; linkdexbot/2.0; +http://www.linkdex.com/bots/)" "www.saveaslave.com"
54.196.58.139 - - [05/Jul/2015:12:48:54 -0700] "GET /robots.txt HTTP/1.1" 404 89 "-" "Mozilla/5.0 (compatible; linkdexbot/2.0; +http://www.linkdex.com/bots/)" "saveaslave.com"
54.196.58.139 - - [05/Jul/2015:12:48:54 -0700] "GET /robots.txt HTTP/1.1" 404 89 "-" "Mozilla/5.0 (compatible; linkdexbot/2.0; +http://www.linkdex.com/bots/)" "www.saveaslave.com"
74.75.4.222 - - [05/Jul/2015:12:50:33 -0700] "GET /images/countrymap/solomon-islands.gif HTTP/1.1" 200 122217 "https://www.google.com/" "Mozilla/5.0 (iPhone; CPU iPhone OS 7_1 like Mac OS X) AppleWebKit/537.51.2 (KHTML, like Gecko) Version/7.0 Mobile/11D167 Safari/9537.53" "www.saveaslave.com"
180.76.15.149 - - [05/Jul/2015:12:56:08 -0700] "GET /countries/south-korea.html HTTP/1.1" 404 89 "-" "Mozilla/5.0 (compatible; Baiduspider/2.0; +http://www.baidu.com/search/spider.html)" "www.saveaslave.com"
104.175.79.186 - - [05/Jul/2015:13:06:41 -0700] "GET /images/countrymap/solomon-islands.gif HTTP/1.1" 200 122217 "-" "Mozilla/5.0 (compatible; MSIE 9.0; Windows NT 6.1; WOW64; Trident/5.0)" "www.saveaslave.com"
54.243.48.119 - - [05/Jul/2015:13:11:38 -0700] "GET /azkaban.html HTTP/1.1" 200 12664 "-" "Mozilla/5.0 (Windows; U; Windows NT 5.1; en-US; rv:1.9.2.8) Gecko/20100722 Firefox/3.6.8" "www.saveaslave.com"
2.235.183.149 - - [05/Jul/2015:13:12:17 -0700] "GET /images/countrymap/solomon-islands.gif HTTP/1.1" 200 122217 "-" "Mozilla/5.0 (Linux; Android 4.4.4; D5503 Build/14.4.A.0.157) AppleWebKit/537.36 (KHTML, like Gecko) Version/4.0 Chrome/33.0.0.0 Mobile Safari/537.36 GSA/3.4.16.1149292.arm" "www.saveaslave.com"
100.43.90.9 - - [05/Jul/2015:13:24:05 -0700] "GET /robots.txt HTTP/1.1" 404 89 "-" "Mozilla/5.0 (compatible; YandexBot/3.0; +http://yandex.com/bots)" "saveaslave.com"
65.36.241.48 - - [05/Jul/2015:13:30:07 -0700] "HEAD / HTTP/1.1" 200 0 "-" "InternetSeer.com" "www.saveaslave.com"
180.76.15.163 - - [05/Jul/2015:13:40:08 -0700] "GET /japan HTTP/1.1" 200 5666 "-" "Mozilla/5.0 (compatible; Baiduspider/2.0; +http://www.baidu.com/search/spider.html)" "www.saveaslave.com"
180.76.15.153 - - [05/Jul/2015:13:55:08 -0700] "GET /countries/tajikistan.html HTTP/1.1" 404 89 "-" "Mozilla/5.0 (compatible; Baiduspider/2.0; +http://www.baidu.com/search/spider.html)" "www.saveaslave.com"
207.46.13.117 - - [05/Jul/2015:14:07:48 -0700] "GET /zimbabwe.html HTTP/1.1" 200 5695 "-" "Mozilla/5.0 (compatible; bingbot/2.0; +http://www.bing.com/bingbot.htm)" "saveaslave.com"
166.137.8.58 - - [05/Jul/2015:14:10:39 -0700] "GET /images/countrymap/solomon-islands.gif HTTP/1.1" 200 122217 "https://www.google.com/" "Mozilla/5.0 (iPhone; CPU iPhone OS 8_4 like Mac OS X) AppleWebKit/600.1.4 (KHTML, like Gecko) Version/8.0 Mobile/12H143 Safari/600.1.4" "www.saveaslave.com"
66.249.65.207 - - [05/Jul/2015:14:10:49 -0700] "GET /robots.txt HTTP/1.1" 404 89 "-" "Mozilla/5.0 (compatible; Googlebot/2.1; +http://www.google.com/bot.html)" "saveaslave.com"
23.23.242.178 - - [05/Jul/2015:14:27:25 -0700] "GET /greece.html HTTP/1.1" 200 5675 "-" "Mozilla/5.0 (Windows; U; Windows NT 5.1; en-US; rv:1.9.2.8) Gecko/20100722 Firefox/3.6.8" "www.saveaslave.com"
187.78.142.93 - - [05/Jul/2015:14:37:33 -0700] "GET /images/countrymap/bosnia-herzegovina.jpg HTTP/1.1" 200 42063 "-" "Dalvik/1.6.0 (Linux; U; Android 4.1.2; LG-E470f Build/JZO54K)" "www.saveaslave.com"
66.249.73.191 - - [05/Jul/2015:14:43:05 -0700] "GET /robots.txt HTTP/1.1" 404 89 "-" "Mozilla/5.0 (compatible; Googlebot/2.1; +http://www.google.com/bot.html)" "www.saveaslave.com"
66.249.73.175 - - [05/Jul/2015:14:43:05 -0700] "GET /images/countrymap/antigua-barbuda-flag.gif HTTP/1.1" 200 1941 "-" "Googlebot-Image/1.0" "www.saveaslave.com"
76.22.151.197 - - [05/Jul/2015:14:46:14 -0700] "GET /images/countrymap/solomon-islands.gif HTTP/1.1" 200 122217 "-" "Mozilla/5.0 (Linux; Android 4.4.2; QMV7B Build/KOT49H) AppleWebKit/537.36 (KHTML, like Gecko) Version/4.0 Chrome/30.0.0.0 Safari/537.36 GSA/4.7.13.19.arm" "www.saveaslave.com"
65.36.241.48 - - [05/Jul/2015:14:46:46 -0700] "HEAD / HTTP/1.1" 200 0 "-" "InternetSeer.com" "www.saveaslave.com"
151.80.31.118 - - [05/Jul/2015:14:55:52 -0700] "GET /wake-island.html HTTP/1.1" 200 5722 "-" "Mozilla/5.0 (compatible; AhrefsBot/5.0; +http://ahrefs.com/robot/)" "saveaslave.com"
85.227.55.18 - - [05/Jul/2015:15:08:30 -0700] "GET /robots.txt HTTP/1.1" 404 89 "-" "Mozilla/5.0 (Windows; U; Windows NT 5.1; en-US)" "www.saveaslave.com"
85.227.55.18 - - [05/Jul/2015:15:08:30 -0700] "GET / HTTP/1.1" 200 23412 "-" "Mozilla/5.0 (Windows; U; Windows NT 5.1; en-US)" "www.saveaslave.com"
108.48.89.68 - - [05/Jul/2015:15:17:58 -0700] "GET /images/countrymap/solomon-islands.gif HTTP/1.1" 200 122217 "https://www.google.com/" "Mozilla/5.0 (Windows NT 6.3; WOW64) AppleWebKit/537.36 (KHTML, like Gecko) Chrome/43.0.2357.130 Safari/537.36" "www.saveaslave.com"
54.243.48.119 - - [05/Jul/2015:15:43:12 -0700] "GET /montenegro.html HTTP/1.1" 200 5711 "-" "Mozilla/5.0 (Windows; U; Windows NT 5.1; en-US; rv:1.9.2.8) Gecko/20100722 Firefox/3.6.8" "www.saveaslave.com"
72.168.98.115 - - [05/Jul/2015:15:51:54 -0700] "GET / HTTP/1.1" 200 23412 "-" "Mozilla/5.0 (Windows NT 6.1; WOW64; Trident/7.0; rv:11.0) like Gecko" "www.saveaslave.com"
72.168.98.115 - - [05/Jul/2015:15:52:01 -0700] "GET /addlink.php HTTP/1.1" 200 15984 "http://www.saveaslave.com/" "Mozilla/5.0 (Windows NT 6.1; WOW64; Trident/7.0; rv:11.0) like Gecko" "www.saveaslave.com"
65.36.241.48 - - [05/Jul/2015:16:00:20 -0700] "HEAD / HTTP/1.1" 200 0 "-" "InternetSeer.com" "www.saveaslave.com"
65.36.241.48 - - [05/Jul/2015:16:01:41 -0700] "HEAD /?tpl=references&Itemid=3 HTTP/1.1" 200 0 "-" "InternetSeer.com" "www.saveaslave.com"
65.36.241.48 - - [05/Jul/2015:16:01:42 -0700] "HEAD /?tpl=references&Itemid=3 HTTP/1.1" 200 0 "-" "InternetSeer.com" "www.saveaslave.com"
72.168.96.126 - - [05/Jul/2015:16:22:22 -0700] "GET /addlink.php HTTP/1.1" 200 15984 "http://www.saveaslave.com/" "Mozilla/5.0 (Windows NT 6.1; WOW64; Trident/7.0; rv:11.0) like Gecko" "www.saveaslave.com"
202.1.163.84 - - [05/Jul/2015:16:23:36 -0700] "GET /favicon.ico HTTP/1.1" 404 89 "http://www.saveaslave.com/images/countrymap/solomon-islands.gif" "Mozilla/5.0 (Windows NT 6.1; WOW64) AppleWebKit/537.36 (KHTML, like Gecko) Chrome/43.0.2357.130 Safari/537.36" "www.saveaslave.com"
85.227.55.18 - - [05/Jul/2015:16:27:20 -0700] "GET /madagascar.html HTTP/1.1" 200 5710 "-" "Mozilla/5.0 (Windows; U; Windows NT 5.1; en-US)" "www.saveaslave.com"
85.227.55.18 - - [05/Jul/2015:16:36:57 -0700] "GET /tonga.html HTTP/1.1" 200 5668 "-" "Mozilla/5.0 (Windows; U; Windows NT 5.1; en-US)" "www.saveaslave.com"
85.227.55.18 - - [05/Jul/2015:16:38:20 -0700] "GET /svalbard.html HTTP/1.1" 200 5695 "-" "Mozilla/5.0 (Windows; U; Windows NT 5.1; en-US)" "www.saveaslave.com"
85.227.55.18 - - [05/Jul/2015:16:39:33 -0700] "GET /north-korea.html HTTP/1.1" 200 5719 "-" "Mozilla/5.0 (Windows; U; Windows NT 5.1; en-US)" "www.saveaslave.com"
208.94.145.109 - - [05/Jul/2015:16:41:21 -0700] "HEAD / HTTP/1.1" 200 0 "http://longurl.org" "LongURL API" "saveaslave.com"
85.227.55.18 - - [05/Jul/2015:16:55:34 -0700] "GET /poland.html HTTP/1.1" 200 5673 "-" "Mozilla/5.0 (Windows; U; Windows NT 5.1; en-US)" "www.saveaslave.com"
85.227.55.18 - - [05/Jul/2015:16:56:32 -0700] "GET /grenada.html HTTP/1.1" 200 5684 "-" "Mozilla/5.0 (Windows; U; Windows NT 5.1; en-US)" "www.saveaslave.com"
180.76.15.156 - - [05/Jul/2015:16:56:34 -0700] "GET /svalbard HTTP/1.1" 200 5695 "-" "Mozilla/5.0 (compatible; Baiduspider/2.0; +http://www.baidu.com/search/spider.html)" "www.saveaslave.com"
85.227.55.18 - - [05/Jul/2015:16:58:07 -0700] "GET /dominican-republic.html HTTP/1.1" 200 5756 "-" "Mozilla/5.0 (Windows; U; Windows NT 5.1; en-US)" "www.saveaslave.com"
72.53.9.24 - - [05/Jul/2015:16:58:41 -0700] "GET /images/countrymap/solomon-islands.gif HTTP/1.1" 200 122217 "https://www.google.ca/" "Mozilla/5.0 (Windows NT 6.3; WOW64) AppleWebKit/537.36 (KHTML, like Gecko) Chrome/43.0.2357.130 Safari/537.36" "www.saveaslave.com"
54.243.48.119 - - [05/Jul/2015:16:58:59 -0700] "GET /guyana.html HTTP/1.1" 200 5675 "-" "Mozilla/5.0 (Windows; U; Windows NT 5.1; en-US; rv:1.9.2.8) Gecko/20100722 Firefox/3.6.8" "www.saveaslave.com"
65.36.241.48 - - [05/Jul/2015:17:13:01 -0700] "HEAD / HTTP/1.1" 200 0 "-" "InternetSeer.com" "www.saveaslave.com"
170.130.66.153 - - [05/Jul/2015:17:15:27 -0700] "GET /site/?p=2 HTTP/1.1" 404 89 "http://saveaslave.com/" "Mozilla/5.0 (Windows NT 6.3; WOW64) AppleWebKit/537.36 (KHTML, like Gecko) Chrome/39.0.2171.71 Safari/537.36" "saveaslave.com"
85.227.55.18 - - [05/Jul/2015:17:16:08 -0700] "GET /west-bank.html HTTP/1.1" 200 5947 "-" "Mozilla/5.0 (Windows; U; Windows NT 5.1; en-US)" "www.saveaslave.com"
85.227.55.18 - - [05/Jul/2015:17:16:21 -0700] "GET /belgium.html HTTP/1.1" 200 5676 "-" "Mozilla/5.0 (Windows; U; Windows NT 5.1; en-US)" "www.saveaslave.com"
108.62.124.175 - - [05/Jul/2015:17:16:44 -0700] "GET / HTTP/1.1" 200 23412 "http://saveaslave.com" "Mozilla/5.0 (Windows NT 6.3; WOW64) AppleWebKit/537.36 (KHTML, like Gecko) Chrome/39.0.2171.71 Safari/537.36" "saveaslave.com"
207.90.2.10 - - [05/Jul/2015:17:25:14 -0700] "GET /addlink.php HTTP/1.1" 200 16020 "-" "=Mozilla/5.0 (Windows; U; Windows NT 6.1; en-US) AppleWebKit/534.16 (KHTML, like Gecko) Chrome/10.0.648.204 Safari/534.16" "www.saveaslave.com"
180.76.15.146 - - [05/Jul/2015:17:26:34 -0700] "GET /countries/niue.html HTTP/1.1" 404 89 "-" "Mozilla/5.0 (compatible; Baiduspider/2.0; +http://www.baidu.com/search/spider.html)" "www.saveaslave.com"
70.71.233.222 - - [05/Jul/2015:17:28:41 -0700] "GET /images/countrymap/solomon-islands.gif HTTP/1.1" 200 122217 "-" "Mozilla/5.0 (compatible; MSIE 9.0; Windows NT 6.1; WOW64; Trident/5.0)" "www.saveaslave.com"
85.227.55.18 - - [05/Jul/2015:17:46:26 -0700] "GET /robots.txt HTTP/1.1" 404 89 "-" "Mozilla/5.0 (Windows; U; Windows NT 5.1; en-US)" "www.saveaslave.com"
85.227.55.18 - - [05/Jul/2015:17:46:40 -0700] "GET /brazil.html HTTP/1.1" 200 5651 "-" "Mozilla/5.0 (Windows; U; Windows NT 5.1; en-US)" "www.saveaslave.com"
85.227.55.18 - - [05/Jul/2015:17:46:45 -0700] "GET /russia.html HTTP/1.1" 200 5674 "-" "Mozilla/5.0 (Windows; U; Windows NT 5.1; en-US)" "www.saveaslave.com"
85.227.55.18 - - [05/Jul/2015:17:48:44 -0700] "GET /united-kingdom.html HTTP/1.1" 200 5747 "-" "Mozilla/5.0 (Windows; U; Windows NT 5.1; en-US)" "www.saveaslave.com"
183.60.244.24 - - [05/Jul/2015:17:58:53 -0700] "GET / HTTP/1.1" 200 23412 "http://www.baidu.com/search/spider.htm" "Mozilla/5.0 (compatible; Baiduspider/2.0; +http://www.baidu.com/search/spider.html)" "www.saveaslave.com"
85.227.55.18 - - [05/Jul/2015:18:03:30 -0700] "GET /mauritania.html HTTP/1.1" 200 5710 "-" "Mozilla/5.0 (Windows; U; Windows NT 5.1; en-US)" "www.saveaslave.com"
157.55.39.127 - - [05/Jul/2015:18:14:06 -0700] "GET /niue.html HTTP/1.1" 200 5656 "-" "Mozilla/5.0 (compatible; bingbot/2.0; +http://www.bing.com/bingbot.htm)" "saveaslave.com"
67.141.8.21 - - [05/Jul/2015:18:14:51 -0700] "GET /css/style.css HTTP/1.1" 200 1400 "http://www.saveaslave.com/solomon-islands.html" "Mozilla/5.0 (iPad; CPU OS 8_0_2 like Mac OS X) AppleWebKit/600.1.4 (KHTML, like Gecko) Version/8.0 Mobile/12A405 Safari/600.1.4" "www.saveaslave.com"
67.141.8.21 - - [05/Jul/2015:18:14:51 -0700] "GET /images/header.png HTTP/1.1" 200 104524 "http://www.saveaslave.com/solomon-islands.html" "Mozilla/5.0 (iPad; CPU OS 8_0_2 like Mac OS X) AppleWebKit/600.1.4 (KHTML, like Gecko) Version/8.0 Mobile/12A405 Safari/600.1.4" "www.saveaslave.com"
67.141.8.21 - - [05/Jul/2015:18:14:51 -0700] "GET /images/countrymap/solomon-islands-flag.gif HTTP/1.1" 200 28751 "http://www.saveaslave.com/solomon-islands.html" "Mozilla/5.0 (iPad; CPU OS 8_0_2 like Mac OS X) AppleWebKit/600.1.4 (KHTML, like Gecko) Version/8.0 Mobile/12A405 Safari/600.1.4" "www.saveaslave.com"
67.141.8.21 - - [05/Jul/2015:18:14:51 -0700] "GET /images/sas_button.gif HTTP/1.1" 200 2628 "http://www.saveaslave.com/solomon-islands.html" "Mozilla/5.0 (iPad; CPU OS 8_0_2 like Mac OS X) AppleWebKit/600.1.4 (KHTML, like Gecko) Version/8.0 Mobile/12A405 Safari/600.1.4" "www.saveaslave.com"
85.227.55.18 - - [05/Jul/2015:18:17:52 -0700] "GET /tanzania.html HTTP/1.1" 200 5695 "-" "Mozilla/5.0 (Windows; U; Windows NT 5.1; en-US)" "www.saveaslave.com"
85.227.55.18 - - [05/Jul/2015:18:18:04 -0700] "GET /equatorial-guinea.html HTTP/1.1" 200 5774 "-" "Mozilla/5.0 (Windows; U; Windows NT 5.1; en-US)" "www.saveaslave.com"
207.46.13.85 - - [05/Jul/2015:18:18:19 -0700] "GET /robots.txt HTTP/1.1" 404 89 "-" "Mozilla/5.0 (compatible; bingbot/2.0; +http://www.bing.com/bingbot.htm)" "saveaslave.com"
207.46.13.117 - - [05/Jul/2015:18:26:48 -0700] "GET /robots.txt HTTP/1.1" 404 89 "-" "Mozilla/5.0 (compatible; bingbot/2.0; +http://www.bing.com/bingbot.htm)" "saveaslave.com"
207.46.13.86 - - [05/Jul/2015:18:26:54 -0700] "GET /robots.txt HTTP/1.1" 404 89 "-" "Mozilla/5.0 (compatible; bingbot/2.0; +http://www.bing.com/bingbot.htm)" "saveaslave.com"
209.126.117.84 - - [05/Jul/2015:18:28:50 -0700] "GET /robots.txt HTTP/1.1" 404 89 "-" "Mozilla/5.0 (compatible; MJ12bot/v1.4.5; http://www.majestic12.co.uk/bot.php?+)" "saveaslave.com"
209.126.117.84 - - [05/Jul/2015:18:28:52 -0700] "GET /cotw.html HTTP/1.1" 200 19078 "-" "Mozilla/5.0 (compatible; MJ12bot/v1.4.5; http://www.majestic12.co.uk/bot.php?+)" "saveaslave.com"
209.126.117.84 - - [05/Jul/2015:18:28:53 -0700] "GET /robots.txt HTTP/1.1" 404 89 "-" "Mozilla/5.0 (compatible; MJ12bot/v1.4.5; http://www.majestic12.co.uk/bot.php?+)" "www.saveaslave.com"
209.126.117.84 - - [05/Jul/2015:18:28:55 -0700] "GET /northern-mariana-islands.html HTTP/1.1" 200 5836 "-" "Mozilla/5.0 (compatible; MJ12bot/v1.4.5; http://www.majestic12.co.uk/bot.php?+)" "www.saveaslave.com"
209.126.117.84 - - [05/Jul/2015:18:28:56 -0700] "GET /norway.html HTTP/1.1" 200 5674 "-" "Mozilla/5.0 (compatible; MJ12bot/v1.4.5; http://www.majestic12.co.uk/bot.php?+)" "www.saveaslave.com"
209.126.117.84 - - [05/Jul/2015:18:28:58 -0700] "GET /oman.html HTTP/1.1" 200 5656 "-" "Mozilla/5.0 (compatible; MJ12bot/v1.4.5; http://www.majestic12.co.uk/bot.php?+)" "www.saveaslave.com"
209.126.117.84 - - [05/Jul/2015:18:29:00 -0700] "GET /palau.html HTTP/1.1" 200 5665 "-" "Mozilla/5.0 (compatible; MJ12bot/v1.4.5; http://www.majestic12.co.uk/bot.php?+)" "www.saveaslave.com"
207.46.13.85 - - [05/Jul/2015:18:32:58 -0700] "GET /robots.txt HTTP/1.1" 404 89 "-" "Mozilla/5.0 (compatible; bingbot/2.0; +http://www.bing.com/bingbot.htm)" "saveaslave.com"
85.227.55.18 - - [05/Jul/2015:18:36:17 -0700] "GET /lesotho.html HTTP/1.1" 200 5683 "-" "Mozilla/5.0 (Windows; U; Windows NT 5.1; en-US)" "www.saveaslave.com"
85.227.55.18 - - [05/Jul/2015:18:37:22 -0700] "GET /kyrgyzstan.html HTTP/1.1" 200 5711 "-" "Mozilla/5.0 (Windows; U; Windows NT 5.1; en-US)" "www.saveaslave.com"
207.46.13.86 - - [05/Jul/2015:18:37:41 -0700] "GET /algeria.html HTTP/1.1" 200 5626 "-" "Mozilla/5.0 (compatible; bingbot/2.0; +http://www.bing.com/bingbot.htm)" "saveaslave.com"
85.227.55.18 - - [05/Jul/2015:18:52:31 -0700] "GET /lithuania.html HTTP/1.1" 200 5701 "-" "Mozilla/5.0 (Windows; U; Windows NT 5.1; en-US)" "www.saveaslave.com"
70.212.130.119 - - [05/Jul/2015:18:58:29 -0700] "GET /images/countrymap/solomon-islands.gif HTTP/1.1" 200 122217 "-" "Mozilla/5.0 (Linux; Android 4.4.4; SM-G900V Build/KTU84P) AppleWebKit/537.36 (KHTML, like Gecko) Version/4.0 Chrome/33.0.0.0 Mobile Safari/537.36 GSA/4.2.16.87075793.arm" "www.saveaslave.com"
66.249.73.183 - - [05/Jul/2015:19:11:48 -0700] "GET /images/countrymap/uganda-flag.gif HTTP/1.1" 200 664 "-" "Googlebot-Image/1.0" "www.saveaslave.com"
85.227.55.18 - - [05/Jul/2015:19:12:59 -0700] "GET /guyana.html HTTP/1.1" 200 5675 "-" "Mozilla/5.0 (Windows; U; Windows NT 5.1; en-US)" "www.saveaslave.com"
66.249.73.175 - - [05/Jul/2015:19:18:50 -0700] "GET /images/countrymap/tonga.gif HTTP/1.1" 200 7368 "-" "Googlebot-Image/1.0" "www.saveaslave.com"
66.249.73.183 - - [05/Jul/2015:19:18:51 -0700] "GET /images/countrymap/tonga-flag.gif HTTP/1.1" 200 1658 "-" "Googlebot-Image/1.0" "www.saveaslave.com"
66.249.73.191 - - [05/Jul/2015:19:18:52 -0700] "GET /images/countrymap/laos.gif HTTP/1.1" 200 22008 "-" "Googlebot-Image/1.0" "www.saveaslave.com"
66.249.73.191 - - [05/Jul/2015:19:18:52 -0700] "GET /images/countrymap/laos-flag.gif HTTP/1.1" 200 2359 "-" "Googlebot-Image/1.0" "www.saveaslave.com"
70.193.32.24 - - [05/Jul/2015:19:21:01 -0700] "GET /images/countrymap/solomon-islands.gif HTTP/1.1" 200 122217 "https://www.google.com/" "Mozilla/5.0 (iPhone; CPU iPhone OS 8_3 like Mac OS X) AppleWebKit/600.1.4 (KHTML, like Gecko) Version/8.0 Mobile/12F70 Safari/600.1.4" "www.saveaslave.com"
5.45.254.227 - - [05/Jul/2015:19:23:34 -0700] "GET /mauritania.html HTTP/1.1" 200 5710 "-" "Mozilla/5.0 (compatible; YandexBot/3.0; +http://yandex.com/bots)" "saveaslave.com"
85.227.55.18 - - [05/Jul/2015:19:30:29 -0700] "GET /egypt.html HTTP/1.1" 200 5666 "-" "Mozilla/5.0 (Windows; U; Windows NT 5.1; en-US)" "www.saveaslave.com"
85.227.55.18 - - [05/Jul/2015:19:31:19 -0700] "GET /vanuatu.html HTTP/1.1" 200 5686 "-" "Mozilla/5.0 (Windows; U; Windows NT 5.1; en-US)" "www.saveaslave.com"
85.227.55.18 - - [05/Jul/2015:19:34:56 -0700] "GET /benin.html HTTP/1.1" 200 5639 "-" "Mozilla/5.0 (Windows; U; Windows NT 5.1; en-US)" "www.saveaslave.com"
85.227.55.18 - - [05/Jul/2015:19:36:28 -0700] "GET /gambia.html HTTP/1.1" 200 5687 "-" "Mozilla/5.0 (Windows; U; Windows NT 5.1; en-US)" "www.saveaslave.com"
72.168.96.126 - - [05/Jul/2015:19:42:16 -0700] "GET /jquery.marquee.js HTTP/1.1" 200 6560 "http://www.saveaslave.com/" "Mozilla/5.0 (Windows NT 6.1; WOW64; Trident/7.0; rv:11.0) like Gecko" "www.saveaslave.com"
72.168.96.126 - - [05/Jul/2015:19:42:16 -0700] "GET /images/sas_button.gif HTTP/1.1" 200 2628 "http://www.saveaslave.com/" "Mozilla/5.0 (Windows NT 6.1; WOW64; Trident/7.0; rv:11.0) like Gecko" "www.saveaslave.com"
72.168.96.126 - - [05/Jul/2015:19:42:16 -0700] "GET /jquery-1.3.2.min.js HTTP/1.1" 200 57254 "http://www.saveaslave.com/" "Mozilla/5.0 (Windows NT 6.1; WOW64; Trident/7.0; rv:11.0) like Gecko" "www.saveaslave.com"
65.36.241.48 - - [05/Jul/2015:19:42:32 -0700] "HEAD / HTTP/1.1" 200 0 "-" "InternetSeer.com" "www.saveaslave.com"
85.227.55.18 - - [05/Jul/2015:19:46:16 -0700] "GET /cuba.html HTTP/1.1" 200 5628 "-" "Mozilla/5.0 (Windows; U; Windows NT 5.1; en-US)" "www.saveaslave.com"
85.227.55.18 - - [05/Jul/2015:19:47:16 -0700] "GET /kosovo.html HTTP/1.1" 200 5675 "-" "Mozilla/5.0 (Windows; U; Windows NT 5.1; en-US)" "www.saveaslave.com"
85.227.55.18 - - [05/Jul/2015:20:04:13 -0700] "GET /norfolk-island.html HTTP/1.1" 200 5746 "-" "Mozilla/5.0 (Windows; U; Windows NT 5.1; en-US)" "www.saveaslave.com"
207.46.13.85 - - [05/Jul/2015:20:08:54 -0700] "GET /serbia.html HTTP/1.1" 200 5674 "-" "Mozilla/5.0 (compatible; bingbot/2.0; +http://www.bing.com/bingbot.htm)" "saveaslave.com"
207.46.13.85 - - [05/Jul/2015:20:08:54 -0700] "GET /articles/modernslavery.html HTTP/1.1" 404 89 "-" "Mozilla/5.0 (compatible; bingbot/2.0; +http://www.bing.com/bingbot.htm)" "saveaslave.com"
207.46.13.85 - - [05/Jul/2015:20:08:54 -0700] "GET /images/countrymap/luxembourg-flag.gif HTTP/1.1" 200 5190 "-" "Mozilla/5.0 (compatible; bingbot/2.0; +http://www.bing.com/bingbot.htm)" "saveaslave.com"
151.80.31.118 - - [05/Jul/2015:20:15:23 -0700] "GET /taiwan.html HTTP/1.1" 200 5677 "-" "Mozilla/5.0 (compatible; AhrefsBot/5.0; +http://ahrefs.com/robot/)" "saveaslave.com"
85.227.55.18 - - [05/Jul/2015:20:27:19 -0700] "GET /south-sudan.html HTTP/1.1" 200 5719 "-" "Mozilla/5.0 (Windows; U; Windows NT 5.1; en-US)" "www.saveaslave.com"
85.227.55.18 - - [05/Jul/2015:20:28:33 -0700] "GET /guatemala.html HTTP/1.1" 200 5702 "-" "Mozilla/5.0 (Windows; U; Windows NT 5.1; en-US)" "www.saveaslave.com"
27.123.152.1 - - [05/Jul/2015:20:34:32 -0700] "GET /images/countrymap/solomon-islands.gif HTTP/1.1" 200 122217 "-" "Mozilla/5.0 (Linux; U; Android 4.1.1; en-us; ALCATEL ONE TOUCH 5020D Build/JRO03C) AppleWebKit/534.30 (KHTML, like Gecko) Version/4.1 Mobile Safari/534.30" "www.saveaslave.com"
151.80.31.118 - - [05/Jul/2015:20:39:06 -0700] "GET /germany.html HTTP/1.1" 200 5684 "-" "Mozilla/5.0 (compatible; AhrefsBot/5.0; +http://ahrefs.com/robot/)" "saveaslave.com"
85.227.55.18 - - [05/Jul/2015:20:41:50 -0700] "GET /netherlands-antilles.html HTTP/1.1" 200 5800 "-" "Mozilla/5.0 (Windows; U; Windows NT 5.1; en-US)" "www.saveaslave.com"
66.249.73.183 - - [05/Jul/2015:20:43:58 -0700] "GET /images/countrymap/belize-flag.gif HTTP/1.1" 200 2303 "-" "Googlebot-Image/1.0" "www.saveaslave.com"
23.23.242.178 - - [05/Jul/2015:20:46:20 -0700] "GET /ukraine.html HTTP/1.1" 200 5686 "-" "Mozilla/5.0 (Windows; U; Windows NT 5.1; en-US; rv:1.9.2.8) Gecko/20100722 Firefox/3.6.8" "www.saveaslave.com"
85.227.55.18 - - [05/Jul/2015:20:48:52 -0700] "GET /new-zealand.html HTTP/1.1" 200 5719 "-" "Mozilla/5.0 (Windows; U; Windows NT 5.1; en-US)" "www.saveaslave.com"
65.36.241.48 - - [05/Jul/2015:20:59:46 -0700] "HEAD / HTTP/1.1" 200 0 "-" "InternetSeer.com" "www.saveaslave.com"
207.46.13.85 - - [05/Jul/2015:21:03:42 -0700] "GET /images/countrymap/zambia-flag.jpg HTTP/1.1" 200 1350 "-" "Mozilla/5.0 (compatible; bingbot/2.0; +http://www.bing.com/bingbot.htm)" "www.saveaslave.com"
94.58.92.82 - - [05/Jul/2015:21:11:53 -0700] "GET /images/countrymap/guinea-flag.gif HTTP/1.1" 200 6048 "https://www.google.ae/" "Mozilla/5.0 (iPhone; CPU iPhone OS 8_3 like Mac OS X) AppleWebKit/600.1.4 (KHTML, like Gecko) Version/8.0 Mobile/12F70 Safari/600.1.4" "www.saveaslave.com"
23.23.242.178 - - [05/Jul/2015:21:11:55 -0700] "GET /guinea.html HTTP/1.1" 200 5675 "-" "Mozilla/5.0 (Windows; U; Windows NT 5.1; en-US; rv:1.9.2.8) Gecko/20100722 Firefox/3.6.8" "www.saveaslave.com"
94.58.92.82 - - [05/Jul/2015:21:11:56 -0700] "GET /images/sas_button.gif HTTP/1.1" 200 2628 "http://dudamobile.saveaslave.com/?url=http%3a%2f%2fwww.saveaslave.com%2fguinea.html" "Mozilla/5.0 (iPhone; CPU iPhone OS 8_3 like Mac OS X) AppleWebKit/600.1.4 (KHTML, like Gecko) Version/8.0 Mobile/12F70 Safari/600.1.4" "www.saveaslave.com"
104.131.217.241 - - [05/Jul/2015:21:22:16 -0700] "GET /robots.txt HTTP/1.1" 404 89 "-" "Mozilla/5.0 (compatible; spbot/4.4.2; +http://OpenLinkProfiler.org/bot )" "saveaslave.com"
104.131.217.241 - - [05/Jul/2015:21:22:16 -0700] "GET /robots.txt HTTP/1.1" 404 89 "-" "Mozilla/5.0 (compatible; spbot/4.4.2; +http://OpenLinkProfiler.org/bot )" "www.saveaslave.com"
85.227.55.18 - - [05/Jul/2015:21:27:04 -0700] "GET /aruba.html HTTP/1.1" 200 14875 "-" "Mozilla/5.0 (Windows; U; Windows NT 5.1; en-US)" "www.saveaslave.com"
85.227.55.18 - - [05/Jul/2015:21:27:33 -0700] "GET /uzbekistan.html HTTP/1.1" 200 5713 "-" "Mozilla/5.0 (Windows; U; Windows NT 5.1; en-US)" "www.saveaslave.com"
66.188.48.182 - - [05/Jul/2015:21:27:44 -0700] "GET /robots.txt HTTP/1.1" 404 89 "-" "Mozilla/5.0 (compatible; MJ12bot/v1.4.5; http://www.majestic12.co.uk/bot.php?+)" "www.saveaslave.com"
66.188.48.182 - - [05/Jul/2015:21:27:47 -0700] "GET /drudge.html HTTP/1.1" 200 6233 "-" "Mozilla/5.0 (compatible; MJ12bot/v1.4.5; http://www.majestic12.co.uk/bot.php?+)" "www.saveaslave.com"
85.227.55.18 - - [05/Jul/2015:21:27:49 -0700] "GET /jamaica.html HTTP/1.1" 200 5684 "-" "Mozilla/5.0 (Windows; U; Windows NT 5.1; en-US)" "www.saveaslave.com"
180.76.15.157 - - [05/Jul/2015:21:30:27 -0700] "GET /countries/jordan.html HTTP/1.1" 404 89 "-" "Mozilla/5.0 (compatible; Baiduspider/2.0; +http://www.baidu.com/search/spider.html)" "www.saveaslave.com"
207.46.13.85 - - [05/Jul/2015:21:35:12 -0700] "GET /jquery-1.3.2.min.js HTTP/1.1" 200 57254 "-" "Mozilla/5.0 (compatible; MSIE 9.0; Windows NT 6.1; Trident/5.0)" "saveaslave.com"
207.46.13.85 - - [05/Jul/2015:21:35:13 -0700] "GET /jquery.marquee.js HTTP/1.1" 200 6560 "-" "Mozilla/5.0 (compatible; MSIE 9.0; Windows NT 6.1; Trident/5.0)" "saveaslave.com"
85.227.55.18 - - [05/Jul/2015:21:38:19 -0700] "GET /robots.txt HTTP/1.1" 404 89 "-" "Mozilla/5.0 (Windows; U; Windows NT 5.1; en-US)" "www.saveaslave.com"
85.227.55.18 - - [05/Jul/2015:21:39:06 -0700] "GET /tuvalu.html HTTP/1.1" 200 5677 "-" "Mozilla/5.0 (Windows; U; Windows NT 5.1; en-US)" "www.saveaslave.com"
207.46.13.85 - - [05/Jul/2015:21:41:40 -0700] "GET /robots.txt HTTP/1.1" 404 89 "-" "Mozilla/5.0 (compatible; bingbot/2.0; +http://www.bing.com/bingbot.htm)" "saveaslave.com"
207.46.13.85 - - [05/Jul/2015:21:42:01 -0700] "GET /tuvalu.html HTTP/1.1" 200 5677 "-" "Mozilla/5.0 (compatible; bingbot/2.0; +http://www.bing.com/bingbot.htm)" "saveaslave.com"
86.189.237.118 - - [05/Jul/2015:21:42:09 -0700] "GET /images/countrymap/solomon-islands.gif HTTP/1.1" 200 122217 "-" "Mozilla/5.0 (iPad; CPU OS 8_3 like Mac OS X) AppleWebKit/537.51.2 (KHTML, like Gecko) GSA/4.2.0.37439 Mobile/12F69 Safari/9537.53" "www.saveaslave.com"
54.243.48.119 - - [05/Jul/2015:22:02:07 -0700] "GET /spain.html HTTP/1.1" 200 5665 "-" "Mozilla/5.0 (Windows; U; Windows NT 5.1; en-US; rv:1.9.2.8) Gecko/20100722 Firefox/3.6.8" "www.saveaslave.com"
85.227.55.18 - - [05/Jul/2015:22:15:28 -0700] "GET /guam.html HTTP/1.1" 200 5657 "-" "Mozilla/5.0 (Windows; U; Windows NT 5.1; en-US)" "www.saveaslave.com"
85.227.55.18 - - [05/Jul/2015:22:15:51 -0700] "GET /rwanda.html HTTP/1.1" 200 5674 "-" "Mozilla/5.0 (Windows; U; Windows NT 5.1; en-US)" "www.saveaslave.com"
60.241.147.200 - - [05/Jul/2015:22:16:11 -0700] "GET /images/countrymap/solomon-islands.gif HTTP/1.1" 200 122217 "-" "Mozilla/5.0 (Linux; Android 4.4.4; C6603 Build/10.5.1.A.0.292) AppleWebKit/537.36 (KHTML, like Gecko) Version/4.0 Chrome/33.0.0.0 Mobile Safari/537.36 GSA/4.7.13.19.arm" "www.saveaslave.com"
85.227.55.18 - - [05/Jul/2015:22:17:35 -0700] "GET /taiwan.html HTTP/1.1" 200 5677 "-" "Mozilla/5.0 (Windows; U; Windows NT 5.1; en-US)" "www.saveaslave.com"
85.227.55.18 - - [05/Jul/2015:22:17:39 -0700] "GET /monaco.html HTTP/1.1" 200 5674 "-" "Mozilla/5.0 (Windows; U; Windows NT 5.1; en-US)" "www.saveaslave.com"
65.36.241.48 - - [05/Jul/2015:22:18:26 -0700] "HEAD / HTTP/1.1" 200 0 "-" "InternetSeer.com" "www.saveaslave.com"
85.227.55.18 - - [05/Jul/2015:22:18:37 -0700] "GET /cyprus.html HTTP/1.1" 200 5651 "-" "Mozilla/5.0 (Windows; U; Windows NT 5.1; en-US)" "www.saveaslave.com"
198.72.243.246 - - [05/Jul/2015:22:25:51 -0700] "GET /images/countrymap/fiji.gif HTTP/1.1" 200 15514 "-" "Dalvik/1.6.0 (Linux; U; Android 4.1.2; LGMS500 Build/JZO54K)" "www.saveaslave.com"
85.227.55.18 - - [05/Jul/2015:22:30:43 -0700] "GET /robots.txt HTTP/1.1" 404 89 "-" "Mozilla/5.0 (Windows; U; Windows NT 5.1; en-US)" "www.saveaslave.com"
85.227.55.18 - - [05/Jul/2015:22:30:52 -0700] "GET /resources.html HTTP/1.1" 200 14780 "-" "Mozilla/5.0 (Windows; U; Windows NT 5.1; en-US)" "www.saveaslave.com"
85.227.55.18 - - [05/Jul/2015:22:30:58 -0700] "GET /holy-see.html HTTP/1.1" 200 5693 "-" "Mozilla/5.0 (Windows; U; Windows NT 5.1; en-US)" "www.saveaslave.com"
207.46.13.86 - - [05/Jul/2015:22:32:23 -0700] "GET /robots.txt HTTP/1.1" 404 89 "-" "Mozilla/5.0 (compatible; bingbot/2.0; +http://www.bing.com/bingbot.htm)" "www.saveaslave.com"
151.80.31.118 - - [05/Jul/2015:22:37:52 -0700] "GET /afghanistan.html HTTP/1.1" 200 5683 "-" "Mozilla/5.0 (compatible; AhrefsBot/5.0; +http://ahrefs.com/robot/)" "saveaslave.com"
85.227.55.18 - - [05/Jul/2015:22:46:01 -0700] "GET /kuwait.html HTTP/1.1" 200 5676 "-" "Mozilla/5.0 (Windows; U; Windows NT 5.1; en-US)" "www.saveaslave.com"
66.249.73.191 - - [05/Jul/2015:22:58:01 -0700] "GET /images/countrymap/dominica.jpg HTTP/1.1" 200 13820 "-" "Googlebot-Image/1.0" "www.saveaslave.com"
85.227.55.18 - - [05/Jul/2015:23:02:10 -0700] "GET /germany.html HTTP/1.1" 200 5684 "-" "Mozilla/5.0 (Windows; U; Windows NT 5.1; en-US)" "www.saveaslave.com"
180.76.15.159 - - [05/Jul/2015:23:03:27 -0700] "GET /countries/saudi-arabia.html HTTP/1.1" 404 89 "-" "Mozilla/5.0 (compatible; Baiduspider/2.0; +http://www.baidu.com/search/spider.html)" "www.saveaslave.com"
54.243.48.119 - - [05/Jul/2015:23:17:54 -0700] "GET /costa-rica.html HTTP/1.1" 200 5867 "-" "Mozilla/5.0 (Windows; U; Windows NT 5.1; en-US; rv:1.9.2.8) Gecko/20100722 Firefox/3.6.8" "www.saveaslave.com"
85.227.55.18 - - [05/Jul/2015:23:22:52 -0700] "GET /thailand.html HTTP/1.1" 200 5695 "-" "Mozilla/5.0 (Windows; U; Windows NT 5.1; en-US)" "www.saveaslave.com"
123.125.71.36 - - [05/Jul/2015:23:26:45 -0700] "GET /robots.txt HTTP/1.1" 404 89 "-" "Mozilla/5.0 (Windows NT 5.1; rv:6.0.2) Gecko/20100101 Firefox/6.0.2" "www.saveaslave.com"
123.125.71.110 - - [05/Jul/2015:23:27:23 -0700] "GET / HTTP/1.1" 200 23412 "-" "Mozilla/5.0 (compatible; Baiduspider/2.0; +http://www.baidu.com/search/spider.html)" "www.saveaslave.com"
65.36.241.48 - - [05/Jul/2015:23:39:30 -0700] "HEAD /?tpl=references&Itemid=3 HTTP/1.1" 200 0 "-" "InternetSeer.com" "www.saveaslave.com"
65.36.241.48 - - [05/Jul/2015:23:39:30 -0700] "HEAD /?tpl=references&Itemid=3 HTTP/1.1" 200 0 "-" "InternetSeer.com" "www.saveaslave.com"
65.36.241.48 - - [05/Jul/2015:23:40:13 -0700] "HEAD / HTTP/1.1" 200 0 "-" "InternetSeer.com" "www.saveaslave.com"
85.227.55.18 - - [05/Jul/2015:23:43:00 -0700] "GET /democratic-republic-of-congo.html HTTP/1.1" 200 5844 "-" "Mozilla/5.0 (Windows; U; Windows NT 5.1; en-US)" "www.saveaslave.com"
85.227.55.18 - - [05/Jul/2015:23:43:41 -0700] "GET /mali.html HTTP/1.1" 200 5656 "-" "Mozilla/5.0 (Windows; U; Windows NT 5.1; en-US)" "www.saveaslave.com"
85.227.55.18 - - [05/Jul/2015:23:44:42 -0700] "GET /cameroon.html HTTP/1.1" 200 5666 "-" "Mozilla/5.0 (Windows; U; Windows NT 5.1; en-US)" "www.saveaslave.com"
85.227.55.18 - - [05/Jul/2015:23:58:13 -0700] "GET /philippines.html HTTP/1.1" 200 5719 "-" "Mozilla/5.0 (Windows; U; Windows NT 5.1; en-US)" "www.saveaslave.com"
85.227.55.18 - - [06/Jul/2015:00:01:05 -0700] "GET /colombia.html HTTP/1.1" 200 5676 "-" "Mozilla/5.0 (Windows; U; Windows NT 5.1; en-US)" "www.saveaslave.com"
85.227.55.18 - - [06/Jul/2015:00:14:00 -0700] "GET /antigua-and-barbuda.html HTTP/1.1" 200 5694 "-" "Mozilla/5.0 (Windows; U; Windows NT 5.1; en-US)" "www.saveaslave.com"
67.5.124.154 - - [06/Jul/2015:00:17:39 -0700] "GET /images/countrymap/bosnia-herzegovina.jpg HTTP/1.1" 200 42063 "https://www.google.com/" "Mozilla/5.0 (iPhone; CPU iPhone OS 8_1_2 like Mac OS X) AppleWebKit/600.1.4 (KHTML, like Gecko) Version/8.0 Mobile/12B440 Safari/600.1.4" "www.saveaslave.com"
151.80.31.118 - - [06/Jul/2015:00:30:38 -0700] "GET /wake-island.html HTTP/1.1" 200 5722 "-" "Mozilla/5.0 (compatible; AhrefsBot/5.0; +http://ahrefs.com/robot/)" "www.saveaslave.com"
110.143.38.253 - - [06/Jul/2015:00:30:41 -0700] "GET /images/countrymap/solomon-islands.gif HTTP/1.1" 200 122217 "-" "Mozilla/5.0 (Windows NT 6.3; WOW64; Trident/7.0; LCJB; rv:11.0) like Gecko" "www.saveaslave.com"
202.1.173.93 - - [06/Jul/2015:00:31:41 -0700] "GET /favicon.ico HTTP/1.1" 404 89 "-" "Mozilla/5.0 (Windows NT 6.3; Win64; x64; Trident/7.0; rv:11.0) like Gecko" "www.saveaslave.com"
180.76.15.160 - - [06/Jul/2015:00:32:56 -0700] "GET /uzbekistan.html HTTP/1.1" 200 5713 "-" "Mozilla/5.0 (compatible; Baiduspider/2.0; +http://www.baidu.com/search/spider.html)" "www.saveaslave.com"
54.243.48.119 - - [06/Jul/2015:00:33:41 -0700] "GET /mali.html HTTP/1.1" 200 5656 "-" "Mozilla/5.0 (Windows; U; Windows NT 5.1; en-US; rv:1.9.2.8) Gecko/20100722 Firefox/3.6.8" "www.saveaslave.com"
112.151.38.78 - - [06/Jul/2015:00:44:39 -0700] "GET /images/countrymap/bosnia-herzegovina.jpg HTTP/1.1" 200 42063 "-" "Mozilla/5.0 (Windows NT 6.3; WOW64; Trident/7.0; MALEJS; rv:11.0) like Gecko" "www.saveaslave.com"
112.151.38.78 - - [06/Jul/2015:00:44:48 -0700] "GET /bosnia-herzegovina.html HTTP/1.1" 200 5787 "http://www.google.co.kr/url?sa=i&rct=j&q=&esrc=s&source=images&cd=&ved=0CAUQjhw&url=http%3A%2F%2Fwww.saveaslave.com%2Fbosnia-herzegovina.html&ei=5TGaVaKnOIXRmwWKw7zgDA&bvm=bv.96952980,d.dGY&psig=AFQjCNFTlEpg6KAKy9Ad2_GhDlar7j-_nA&ust=1436254713793383&cad=rjt" "Mozilla/5.0 (Windows NT 6.3; WOW64; Trident/7.0; MALEJS; rv:11.0) like Gecko" "www.saveaslave.com"
112.151.38.78 - - [06/Jul/2015:00:44:49 -0700] "GET /css/style.css HTTP/1.1" 200 1400 "http://www.saveaslave.com/bosnia-herzegovina.html" "Mozilla/5.0 (Windows NT 6.3; WOW64; Trident/7.0; MALEJS; rv:11.0) like Gecko" "www.saveaslave.com"
112.151.38.78 - - [06/Jul/2015:00:44:49 -0700] "GET /images/header.png HTTP/1.1" 200 104524 "http://www.saveaslave.com/bosnia-herzegovina.html" "Mozilla/5.0 (Windows NT 6.3; WOW64; Trident/7.0; MALEJS; rv:11.0) like Gecko" "www.saveaslave.com"
112.151.38.78 - - [06/Jul/2015:00:44:49 -0700] "GET /images/countrymap/bosnia-herzegovina-flag.jpg HTTP/1.1" 200 1708 "http://www.saveaslave.com/bosnia-herzegovina.html" "Mozilla/5.0 (Windows NT 6.3; WOW64; Trident/7.0; MALEJS; rv:11.0) like Gecko" "www.saveaslave.com"
112.151.38.78 - - [06/Jul/2015:00:44:49 -0700] "GET /images/sas_button.gif HTTP/1.1" 200 2628 "http://www.saveaslave.com/bosnia-herzegovina.html" "Mozilla/5.0 (Windows NT 6.3; WOW64; Trident/7.0; MALEJS; rv:11.0) like Gecko" "www.saveaslave.com"
112.151.38.78 - - [06/Jul/2015:00:44:51 -0700] "GET /favicon.ico HTTP/1.1" 404 89 "-" "Mozilla/5.0 (Windows NT 6.3; Win64; x64; Trident/7.0; MALEJS; rv:11.0) like Gecko" "www.saveaslave.com"
54.243.48.119 - - [06/Jul/2015:00:50:15 -0700] "GET /burma.html HTTP/1.1" 200 5639 "-" "Mozilla/5.0 (Windows; U; Windows NT 5.1; en-US; rv:1.9.2.8) Gecko/20100722 Firefox/3.6.8" "www.saveaslave.com"
157.55.39.91 - - [06/Jul/2015:00:52:57 -0700] "GET /robots.txt HTTP/1.1" 404 89 "-" "Mozilla/5.0 (compatible; bingbot/2.0; +http://www.bing.com/bingbot.htm)" "saveaslave.com"
86.47.33.186 - - [06/Jul/2015:01:07:21 -0700] "GET /images/countrymap/aruba.jpg HTTP/1.1" 200 42195 "-" "Mozilla/5.0 (iPhone; CPU iPhone OS 8_3 like Mac OS X) AppleWebKit/600.1.4 (KHTML, like Gecko) GSA/6.0.51363 Mobile/12F70 Safari/600.1.4" "www.saveaslave.com"
157.55.39.90 - - [06/Jul/2015:01:09:16 -0700] "GET /netherlands.html HTTP/1.1" 200 5719 "-" "Mozilla/5.0 (compatible; bingbot/2.0; +http://www.bing.com/bingbot.htm)" "saveaslave.com"
175.143.92.102 - - [06/Jul/2015:01:09:45 -0700] "GET /images/countrymap/solomon-islands.gif HTTP/1.1" 200 122217 "-" "Mozilla/5.0 (Windows NT 5.1; rv:38.0) Gecko/20100101 Firefox/38.0" "www.saveaslave.com"
180.76.15.147 - - [06/Jul/2015:01:15:58 -0700] "GET /countries/philippines.html HTTP/1.1" 404 89 "-" "Mozilla/5.0 (compatible; Baiduspider/2.0; +http://www.baidu.com/search/spider.html)" "www.saveaslave.com"
46.229.166.195 - - [06/Jul/2015:01:20:02 -0700] "GET / HTTP/1.1" 200 23412 "-" "Mozilla/5.0 (Windows NT 6.3; Win64; x64) AppleWebKit/537.36 (KHTML, like Gecko) Chrome/37.0.2049.0 Safari/537.36" "www.saveaslave.com"
46.229.166.195 - - [06/Jul/2015:01:20:02 -0700] "GET /css/style.css HTTP/1.1" 200 1400 "http://www.saveaslave.com/" "Mozilla/5.0 (Windows NT 6.3; Win64; x64) AppleWebKit/537.36 (KHTML, like Gecko) Chrome/37.0.2049.0 Safari/537.36" "www.saveaslave.com"
46.229.166.195 - - [06/Jul/2015:01:20:02 -0700] "GET /images/header.png HTTP/1.1" 200 104524 "http://www.saveaslave.com/" "Mozilla/5.0 (Windows NT 6.3; Win64; x64) AppleWebKit/537.36 (KHTML, like Gecko) Chrome/37.0.2049.0 Safari/537.36" "www.saveaslave.com"
46.229.166.195 - - [06/Jul/2015:01:20:02 -0700] "GET /jquery-1.3.2.min.js HTTP/1.1" 200 57254 "http://www.saveaslave.com/" "Mozilla/5.0 (Windows NT 6.3; Win64; x64) AppleWebKit/537.36 (KHTML, like Gecko) Chrome/37.0.2049.0 Safari/537.36" "www.saveaslave.com"
46.229.166.195 - - [06/Jul/2015:01:20:03 -0700] "GET /addlink.php HTTP/1.1" 200 15984 "http://www.saveaslave.com/" "Mozilla/5.0 (Windows NT 6.3; Win64; x64) AppleWebKit/537.36 (KHTML, like Gecko) Chrome/37.0.2049.0 Safari/537.36" "www.saveaslave.com"
180.76.15.11 - - [06/Jul/2015:01:30:58 -0700] "GET /countries/mexico.html HTTP/1.1" 404 89 "-" "Mozilla/5.0 (compatible; Baiduspider/2.0; +http://www.baidu.com/search/spider.html)" "www.saveaslave.com"
65.36.241.48 - - [06/Jul/2015:01:38:45 -0700] "HEAD / HTTP/1.1" 200 0 "-" "InternetSeer.com" "www.saveaslave.com"
23.23.242.178 - - [06/Jul/2015:01:49:28 -0700] "GET /monaco.html HTTP/1.1" 200 5674 "-" "Mozilla/5.0 (Windows; U; Windows NT 5.1; en-US; rv:1.9.2.8) Gecko/20100722 Firefox/3.6.8" "www.saveaslave.com"
157.55.39.91 - - [06/Jul/2015:01:55:55 -0700] "GET /robots.txt HTTP/1.1" 404 89 "-" "Mozilla/5.0 (compatible; bingbot/2.0; +http://www.bing.com/bingbot.htm)" "saveaslave.com"
157.55.39.91 - - [06/Jul/2015:01:57:47 -0700] "GET /cote-d-ivoire.html HTTP/1.1" 200 5714 "-" "Mozilla/5.0 (compatible; bingbot/2.0; +http://www.bing.com/bingbot.htm)" "saveaslave.com"
180.76.15.156 - - [06/Jul/2015:02:09:58 -0700] "GET /countries/mozambique.html HTTP/1.1" 404 89 "-" "Mozilla/5.0 (compatible; Baiduspider/2.0; +http://www.baidu.com/search/spider.html)" "www.saveaslave.com"
115.188.153.211 - - [06/Jul/2015:02:10:21 -0700] "GET /images/countrymap/solomon-islands.gif HTTP/1.1" 200 122217 "https://www.google.co.nz/" "Mozilla/5.0 (Windows NT 6.1; WOW64) AppleWebKit/537.36 (KHTML, like Gecko) Chrome/43.0.2357.130 Safari/537.36" "www.saveaslave.com"
111.91.47.63 - - [06/Jul/2015:02:21:51 -0700] "GET /images/countrymap/bosnia-herzegovina.jpg HTTP/1.1" 200 42063 "https://www.google.co.in/" "Mozilla/5.0 (Windows NT 5.1) AppleWebKit/537.36 (KHTML, like Gecko) Chrome/43.0.2357.130 Safari/537.36" "www.saveaslave.com"
180.76.15.156 - - [06/Jul/2015:02:24:58 -0700] "GET /countries/lesotho.html HTTP/1.1" 404 89 "-" "Mozilla/5.0 (compatible; Baiduspider/2.0; +http://www.baidu.com/search/spider.html)" "www.saveaslave.com"
85.227.55.18 - - [06/Jul/2015:02:28:28 -0700] "GET /robots.txt HTTP/1.1" 404 89 "-" "Mozilla/5.0 (Windows; U; Windows NT 5.1; en-US)" "www.saveaslave.com"
180.76.15.158 - - [06/Jul/2015:03:01:21 -0700] "GET /countries/papua-new-guinea.html HTTP/1.1" 404 89 "-" "Mozilla/5.0 (compatible; Baiduspider/2.0; +http://www.baidu.com/search/spider.html)" "www.saveaslave.com"
54.243.48.119 - - [06/Jul/2015:03:05:15 -0700] "GET /cyprus.html HTTP/1.1" 200 5651 "-" "Mozilla/5.0 (Windows; U; Windows NT 5.1; en-US; rv:1.9.2.8) Gecko/20100722 Firefox/3.6.8" "www.saveaslave.com"
108.198.40.21 - - [06/Jul/2015:03:05:24 -0700] "GET /burma.html HTTP/1.1" 200 5639 "https://www.google.com/" "Mozilla/5.0 (Macintosh; Intel Mac OS X 10_10_4) AppleWebKit/600.7.12 (KHTML, like Gecko) Version/8.0.7 Safari/600.7.12" "www.saveaslave.com"
108.198.40.21 - - [06/Jul/2015:03:05:24 -0700] "GET /css/style.css HTTP/1.1" 200 1400 "http://www.saveaslave.com/burma.html" "Mozilla/5.0 (Macintosh; Intel Mac OS X 10_10_4) AppleWebKit/600.7.12 (KHTML, like Gecko) Version/8.0.7 Safari/600.7.12" "www.saveaslave.com"
108.198.40.21 - - [06/Jul/2015:03:05:24 -0700] "GET /images/countrymap/burma-flag.jpg HTTP/1.1" 200 1739 "http://www.saveaslave.com/burma.html" "Mozilla/5.0 (Macintosh; Intel Mac OS X 10_10_4) AppleWebKit/600.7.12 (KHTML, like Gecko) Version/8.0.7 Safari/600.7.12" "www.saveaslave.com"
108.198.40.21 - - [06/Jul/2015:03:05:24 -0700] "GET /images/sas_button.gif HTTP/1.1" 200 2628 "http://www.saveaslave.com/burma.html" "Mozilla/5.0 (Macintosh; Intel Mac OS X 10_10_4) AppleWebKit/600.7.12 (KHTML, like Gecko) Version/8.0.7 Safari/600.7.12" "www.saveaslave.com"
108.198.40.21 - - [06/Jul/2015:03:05:24 -0700] "GET /images/countrymap/burma.gif HTTP/1.1" 200 36285 "http://www.saveaslave.com/burma.html" "Mozilla/5.0 (Macintosh; Intel Mac OS X 10_10_4) AppleWebKit/600.7.12 (KHTML, like Gecko) Version/8.0.7 Safari/600.7.12" "www.saveaslave.com"
