208.115.113.86 - - [17/Oct/2014:16:29:56 -0700] "GET /japan.html HTTP/1.1" 404 89 "-" "Mozilla/5.0 (compatible; DotBot/1.1; http://www.opensiteexplorer.org/dotbot, help@moz.com)" "www.saveaslave.com"
208.115.113.86 - - [17/Oct/2014:16:29:57 -0700] "GET /burkinafaso.html HTTP/1.1" 404 89 "-" "Mozilla/5.0 (compatible; DotBot/1.1; http://www.opensiteexplorer.org/dotbot, help@moz.com)" "www.saveaslave.com"
217.69.133.21 - - [17/Oct/2014:16:50:08 -0700] "GET /robots.txt HTTP/1.1" 404 89 "-" "Mozilla/5.0 (compatible; Linux x86_64; Mail.RU_Bot/2.0; +http://go.mail.ru/help/robots)" "saveaslave.com"
157.55.39.237 - - [17/Oct/2014:16:51:47 -0700] "GET /morocco HTTP/1.1" 404 89 "-" "Mozilla/5.0 (compatible; bingbot/2.0; +http://www.bing.com/bingbot.htm)" "www.saveaslave.com"
199.21.99.206 - - [17/Oct/2014:16:58:20 -0700] "GET /netherlands.html HTTP/1.1" 404 89 "-" "Mozilla/5.0 (compatible; YandexBot/3.0; +http://yandex.com/bots)" "saveaslave.com"
157.55.39.237 - - [17/Oct/2014:17:27:02 -0700] "GET /colombia HTTP/1.1" 404 89 "-" "Mozilla/5.0 (compatible; bingbot/2.0; +http://www.bing.com/bingbot.htm)" "www.saveaslave.com"
199.21.99.206 - - [17/Oct/2014:18:02:36 -0700] "GET /czechrepublic.html HTTP/1.1" 404 89 "-" "Mozilla/5.0 (compatible; YandexBot/3.0; +http://yandex.com/bots)" "saveaslave.com"
123.125.71.106 - - [17/Oct/2014:18:03:25 -0700] "GET /robots.txt HTTP/1.1" 404 89 "-" "Mozilla/5.0 (compatible; Baiduspider/2.0; +http://www.baidu.com/search/spider.html)" "www.saveaslave.com"
65.36.241.77 - - [17/Oct/2014:18:20:19 -0700] "HEAD / HTTP/1.1" 200 0 "-" "InternetSeer.com" "www.saveaslave.com"
72.168.98.115 - - [17/Oct/2014:18:33:06 -0700] "GET / HTTP/1.1" 200 22620 "-" "Mozilla/5.0 (Windows NT 6.1; WOW64; Trident/7.0; rv:11.0) like Gecko" "www.saveaslave.com"
72.168.98.115 - - [17/Oct/2014:18:33:07 -0700] "GET /images/header.png HTTP/1.1" 200 84658 "http://www.saveaslave.com/" "Mozilla/5.0 (Windows NT 6.1; WOW64; Trident/7.0; rv:11.0) like Gecko" "www.saveaslave.com"
72.168.98.115 - - [17/Oct/2014:18:33:21 -0700] "GET /favicon.ico HTTP/1.1" 404 89 "-" "Mozilla/5.0 (Windows NT 6.1; WOW64; Trident/7.0; rv:11.0) like Gecko" "www.saveaslave.com"
207.46.13.118 - - [17/Oct/2014:18:49:55 -0700] "GET /tajikistan HTTP/1.1" 404 89 "-" "Mozilla/5.0 (compatible; bingbot/2.0; +http://www.bing.com/bingbot.htm)" "www.saveaslave.com"
66.249.69.199 - - [17/Oct/2014:18:53:06 -0700] "GET /robots.txt HTTP/1.1" 404 89 "-" "Mozilla/5.0 (compatible; Googlebot/2.1; +http://www.google.com/bot.html)" "www.saveaslave.com"
207.46.13.118 - - [17/Oct/2014:18:58:24 -0700] "GET /denmark HTTP/1.1" 404 89 "-" "Mozilla/5.0 (compatible; bingbot/2.0; +http://www.bing.com/bingbot.htm)" "www.saveaslave.com"
46.118.159.178 - - [17/Oct/2014:19:03:54 -0700] "GET / HTTP/1.1" 200 22620 "http://remont-mobile-phones.ru/" "Mozilla/4.0 (compatible; MSIE 6.0; Windows NT 5.1; KKman2.0)" "saveaslave.com"
65.36.241.77 - - [17/Oct/2014:19:23:01 -0700] "HEAD / HTTP/1.1" 200 0 "-" "InternetSeer.com" "www.saveaslave.com"
185.10.104.195 - - [17/Oct/2014:19:42:35 -0700] "GET /poland HTTP/1.1" 404 89 "-" "Mozilla/5.0 (compatible; Baiduspider/2.0; +http://www.baidu.com/search/spider.html)" "www.saveaslave.com"
183.60.244.24 - - [17/Oct/2014:19:49:35 -0700] "GET / HTTP/1.1" 200 22620 "http://www.baidu.com/search/spider.htm" "Mozilla/5.0 (compatible; Baiduspider/2.0; +http://www.baidu.com/search/spider.html)" "www.saveaslave.com"
208.115.113.86 - - [17/Oct/2014:19:53:42 -0700] "GET /robots.txt HTTP/1.1" 404 89 "-" "Mozilla/5.0 (compatible; DotBot/1.1; http://www.opensiteexplorer.org/dotbot, help@moz.com)" "www.saveaslave.com"
157.55.39.237 - - [17/Oct/2014:19:54:13 -0700] "GET /cameroon HTTP/1.1" 200 5414 "-" "Mozilla/5.0 (compatible; bingbot/2.0; +http://www.bing.com/bingbot.htm)" "www.saveaslave.com"
157.55.39.237 - - [17/Oct/2014:19:54:53 -0700] "GET /seychelles HTTP/1.1" 404 89 "-" "Mozilla/5.0 (compatible; bingbot/2.0; +http://www.bing.com/bingbot.htm)" "www.saveaslave.com"
157.55.39.237 - - [17/Oct/2014:19:54:54 -0700] "GET /estonia HTTP/1.1" 404 89 "-" "Mozilla/5.0 (compatible; bingbot/2.0; +http://www.bing.com/bingbot.htm)" "www.saveaslave.com"
65.36.241.77 - - [17/Oct/2014:20:28:04 -0700] "HEAD / HTTP/1.1" 200 0 "-" "InternetSeer.com" "www.saveaslave.com"
65.36.241.79 - - [17/Oct/2014:20:34:10 -0700] "HEAD /?tpl=references&Itemid=3 HTTP/1.1" 200 0 "-" "InternetSeer.com" "www.saveaslave.com"
207.46.13.118 - - [17/Oct/2014:20:42:28 -0700] "GET /latvia HTTP/1.1" 404 89 "-" "Mozilla/5.0 (compatible; bingbot/2.0; +http://www.bing.com/bingbot.htm)" "www.saveaslave.com"
101.226.51.230 - - [17/Oct/2014:20:56:50 -0700] "GET / HTTP/1.1" 200 22620 "http://www.baidu.com/s?wd=www%2Edol%2Ecm%2E%2F&tn=49029047_1_adr&ch=33&abar=0" "Mozilla/4.0" "www.saveaslave.com"
157.55.39.219 - - [17/Oct/2014:20:59:26 -0700] "GET /tanzania HTTP/1.1" 404 89 "-" "Mozilla/5.0 (compatible; bingbot/2.0; +http://www.bing.com/bingbot.htm)" "www.saveaslave.com"
157.55.39.237 - - [17/Oct/2014:21:02:26 -0700] "GET /malta HTTP/1.1" 404 89 "-" "Mozilla/5.0 (compatible; bingbot/2.0; +http://www.bing.com/bingbot.htm)" "www.saveaslave.com"
101.226.51.230 - - [17/Oct/2014:21:05:32 -0700] "GET /feed.mikle.com/js/rssmikle.js HTTP/1.1" 404 89 "http://www.saveaslave.com//feed.mikle.com/js/rssmikle.js" "Mozilla/4.0" "www.saveaslave.com"
66.249.69.215 - - [17/Oct/2014:21:14:44 -0700] "GET /oman.html HTTP/1.1" 404 89 "-" "Mozilla/5.0 (compatible; Googlebot/2.1; +http://www.google.com/bot.html)" "www.saveaslave.com"
207.46.13.118 - - [17/Oct/2014:21:16:23 -0700] "GET /kuwait HTTP/1.1" 404 89 "-" "Mozilla/5.0 (compatible; bingbot/2.0; +http://www.bing.com/bingbot.htm)" "www.saveaslave.com"
62.210.38.184 - - [17/Oct/2014:21:23:45 -0700] "GET /site/?p=2 HTTP/1.1" 404 89 "-" "Mozilla/4.0 (compatible; MSIE 6.0; Windows NT 5.1; SV1; Mozilla/4.0 (compatible; MSIE 6.0; Windows NT 5.1; SV1) )" "saveaslave.com"
61.135.189.175 - - [17/Oct/2014:21:40:09 -0700] "GET /robots.txt HTTP/1.1" 404 89 "-" "Sogou web spider/4.0(+http://www.sogou.com/docs/help/webmasters.htm#07)" "www.saveaslave.com"
157.55.39.219 - - [17/Oct/2014:21:45:37 -0700] "GET /liberia HTTP/1.1" 404 89 "-" "Mozilla/5.0 (compatible; bingbot/2.0; +http://www.bing.com/bingbot.htm)" "www.saveaslave.com"
183.60.214.104 - - [17/Oct/2014:21:46:37 -0700] "GET /robots.txt HTTP/1.1" 404 89 "-" "Mozilla/5.0 (compatible; EasouSpider; +http://www.easou.com/search/spider.html)" "saveaslave.com"
61.135.189.175 - - [17/Oct/2014:21:53:41 -0700] "GET / HTTP/1.1" 200 22620 "-" "Sogou web spider/4.0(+http://www.sogou.com/docs/help/webmasters.htm#07)" "www.saveaslave.com"
207.46.13.118 - - [17/Oct/2014:21:55:56 -0700] "GET /ghana HTTP/1.1" 404 89 "-" "Mozilla/5.0 (compatible; bingbot/2.0; +http://www.bing.com/bingbot.htm)" "www.saveaslave.com"
208.115.113.86 - - [17/Oct/2014:21:56:45 -0700] "GET /iceland HTTP/1.1" 404 89 "-" "Mozilla/5.0 (compatible; DotBot/1.1; http://www.opensiteexplorer.org/dotbot, help@moz.com)" "saveaslave.com"
208.115.113.86 - - [17/Oct/2014:21:56:45 -0700] "GET /kosovo HTTP/1.1" 404 89 "-" "Mozilla/5.0 (compatible; DotBot/1.1; http://www.opensiteexplorer.org/dotbot, help@moz.com)" "saveaslave.com"
208.115.113.86 - - [17/Oct/2014:21:56:46 -0700] "GET /cameroon HTTP/1.1" 200 5414 "-" "Mozilla/5.0 (compatible; DotBot/1.1; http://www.opensiteexplorer.org/dotbot, help@moz.com)" "www.saveaslave.com"
208.115.113.86 - - [17/Oct/2014:21:56:46 -0700] "GET /eritrea HTTP/1.1" 404 89 "-" "Mozilla/5.0 (compatible; DotBot/1.1; http://www.opensiteexplorer.org/dotbot, help@moz.com)" "www.saveaslave.com"
208.115.113.86 - - [17/Oct/2014:21:56:46 -0700] "GET /news/default.html HTTP/1.1" 404 89 "-" "Mozilla/5.0 (compatible; DotBot/1.1; http://www.opensiteexplorer.org/dotbot, help@moz.com)" "www.saveaslave.com"
208.115.113.86 - - [17/Oct/2014:21:56:46 -0700] "GET /saotomeandprincipe HTTP/1.1" 404 89 "-" "Mozilla/5.0 (compatible; DotBot/1.1; http://www.opensiteexplorer.org/dotbot, help@moz.com)" "www.saveaslave.com"
65.36.241.77 - - [17/Oct/2014:22:43:26 -0700] "HEAD / HTTP/1.1" 200 0 "-" "InternetSeer.com" "www.saveaslave.com"
193.150.120.14 - - [17/Oct/2014:22:50:28 -0700] "GET / HTTP/1.1" 200 22620 "http://tbncom.com/" "Mozilla/4.0 (compatible- MSIE 6.0- Windows NT 5.1- SV1- .NET CLR 1.1.4322" "saveaslave.com"
180.76.5.62 - - [17/Oct/2014:22:51:31 -0700] "GET /robots.txt HTTP/1.1" 404 89 "-" "Mozilla/5.0 (Windows NT 5.1; rv:6.0.2) Gecko/20100101 Firefox/6.0.2" "www.saveaslave.com"
180.76.6.59 - - [17/Oct/2014:22:54:21 -0700] "GET /falkland_islands.html HTTP/1.1" 404 89 "-" "Mozilla/5.0 (compatible; Baiduspider/2.0; +http://www.baidu.com/search/spider.html)" "www.saveaslave.com"
66.249.69.215 - - [17/Oct/2014:23:16:58 -0700] "GET /italy.html HTTP/1.1" 404 89 "-" "Mozilla/5.0 (compatible; Googlebot/2.1; +http://www.google.com/bot.html)" "www.saveaslave.com"
180.76.5.150 - - [17/Oct/2014:23:24:21 -0700] "GET /kiribati HTTP/1.1" 404 89 "-" "Mozilla/5.0 (compatible; Baiduspider/2.0; +http://www.baidu.com/search/spider.html)" "www.saveaslave.com"
65.36.241.77 - - [17/Oct/2014:23:47:01 -0700] "HEAD / HTTP/1.1" 200 0 "-" "InternetSeer.com" "www.saveaslave.com"
208.115.113.86 - - [17/Oct/2014:23:52:51 -0700] "GET /robots.txt HTTP/1.1" 404 89 "-" "Mozilla/5.0 (compatible; DotBot/1.1; http://www.opensiteexplorer.org/dotbot, help@moz.com)" "saveaslave.com"
208.115.113.86 - - [17/Oct/2014:23:52:51 -0700] "GET /robots.txt HTTP/1.1" 404 89 "-" "Mozilla/5.0 (compatible; DotBot/1.1; http://www.opensiteexplorer.org/dotbot, help@moz.com)" "www.saveaslave.com"
157.55.39.87 - - [18/Oct/2014:00:23:15 -0700] "GET /portugal HTTP/1.1" 404 89 "-" "Mozilla/5.0 (compatible; bingbot/2.0; +http://www.bing.com/bingbot.htm)" "www.saveaslave.com"
157.55.39.87 - - [18/Oct/2014:00:29:16 -0700] "GET /lithuania HTTP/1.1" 404 89 "-" "Mozilla/5.0 (compatible; bingbot/2.0; +http://www.bing.com/bingbot.htm)" "www.saveaslave.com"
157.55.39.87 - - [18/Oct/2014:00:32:01 -0700] "GET /guatemala HTTP/1.1" 404 89 "-" "Mozilla/5.0 (compatible; bingbot/2.0; +http://www.bing.com/bingbot.htm)" "www.saveaslave.com"
208.115.113.86 - - [18/Oct/2014:00:32:45 -0700] "GET /macedonia.html HTTP/1.1" 404 89 "-" "Mozilla/5.0 (compatible; DotBot/1.1; http://www.opensiteexplorer.org/dotbot, help@moz.com)" "www.saveaslave.com"
208.115.113.86 - - [18/Oct/2014:00:32:46 -0700] "GET /moldova.html HTTP/1.1" 404 89 "-" "Mozilla/5.0 (compatible; DotBot/1.1; http://www.opensiteexplorer.org/dotbot, help@moz.com)" "www.saveaslave.com"
208.115.113.86 - - [18/Oct/2014:00:32:47 -0700] "GET /belize.html HTTP/1.1" 200 5390 "-" "Mozilla/5.0 (compatible; DotBot/1.1; http://www.opensiteexplorer.org/dotbot, help@moz.com)" "www.saveaslave.com"
208.115.113.86 - - [18/Oct/2014:00:32:47 -0700] "GET /trinidadandtobago.html HTTP/1.1" 404 89 "-" "Mozilla/5.0 (compatible; DotBot/1.1; http://www.opensiteexplorer.org/dotbot, help@moz.com)" "www.saveaslave.com"
61.135.189.175 - - [18/Oct/2014:00:35:16 -0700] "GET / HTTP/1.1" 200 22620 "-" "Sogou web spider/4.0(+http://www.sogou.com/docs/help/webmasters.htm#07)" "saveaslave.com"
65.36.241.77 - - [18/Oct/2014:00:49:41 -0700] "HEAD / HTTP/1.1" 200 0 "-" "InternetSeer.com" "www.saveaslave.com"
180.76.6.231 - - [18/Oct/2014:00:49:51 -0700] "GET /guineabissau.html HTTP/1.1" 404 89 "-" "Mozilla/5.0 (compatible; Baiduspider/2.0; +http://www.baidu.com/search/spider.html)" "www.saveaslave.com"
207.46.13.118 - - [18/Oct/2014:00:52:58 -0700] "GET /jordan HTTP/1.1" 404 89 "-" "Mozilla/5.0 (compatible; bingbot/2.0; +http://www.bing.com/bingbot.htm)" "www.saveaslave.com"
112.210.68.118 - - [18/Oct/2014:00:53:56 -0700] "GET /favicon.ico HTTP/1.1" 404 89 "-" "Mozilla/5.0 (Windows NT 5.1) AppleWebKit/537.36 (KHTML, like Gecko) Chrome/38.0.2125.104 Safari/537.36" "www.saveaslave.com"
107.22.8.123 - - [18/Oct/2014:01:15:29 -0700] "GET /Adoption.html HTTP/1.1" 404 89 "-" "Mozilla/5.0 (compatible; linkdexbot/2.0; +http://www.linkdex.com/bots/)" "www.saveaslave.com"
208.115.111.70 - - [18/Oct/2014:01:50:49 -0700] "GET /robots.txt HTTP/1.1" 404 89 "-" "Mozilla/5.0 (compatible; DotBot/1.1; http://www.opensiteexplorer.org/dotbot, help@moz.com)" "www.saveaslave.com"
208.115.113.86 - - [18/Oct/2014:01:56:26 -0700] "GET /estonia HTTP/1.1" 404 89 "-" "Mozilla/5.0 (compatible; DotBot/1.1; http://www.opensiteexplorer.org/dotbot, help@moz.com)" "saveaslave.com"
157.55.39.87 - - [18/Oct/2014:02:01:04 -0700] "GET /rwanda HTTP/1.1" 404 89 "-" "Mozilla/5.0 (compatible; bingbot/2.0; +http://www.bing.com/bingbot.htm)" "www.saveaslave.com"
134.249.76.28 - - [18/Oct/2014:02:18:29 -0700] "GET / HTTP/1.1" 200 22620 "http://www.msk-diplomat.com/" "Opera/7.11 (Windows NT 5.1; U) [en]" "saveaslave.com"
134.249.76.28 - - [18/Oct/2014:02:18:31 -0700] "GET / HTTP/1.1" 200 22620 "http://www.msk-diplomat.com/" "Opera/7.11 (Windows NT 5.1; U) [en]" "saveaslave.com"
208.115.111.70 - - [18/Oct/2014:02:26:36 -0700] "GET /greece.html HTTP/1.1" 404 89 "-" "Mozilla/5.0 (compatible; DotBot/1.1; http://www.opensiteexplorer.org/dotbot, help@moz.com)" "www.saveaslave.com"
199.15.233.184 - - [18/Oct/2014:02:29:27 -0700] "GET /site/?p=56 HTTP/1.0" 404 73 "http://saveaslave.com/site/?p=56" "Mozilla/5.0 (Windows NT 6.1) AppleWebKit/537.36 (KHTML, like Gecko) Chrome/36.0.1985.143 Safari/537.36" "saveaslave.com"
199.15.233.184 - - [18/Oct/2014:02:29:27 -0700] "GET / HTTP/1.0" 200 22620 "http://saveaslave.com/" "Mozilla/5.0 (Windows NT 6.1) AppleWebKit/537.36 (KHTML, like Gecko) Chrome/36.0.1985.143 Safari/537.36" "saveaslave.com"
207.46.13.118 - - [18/Oct/2014:02:47:14 -0700] "GET /greenland HTTP/1.1" 404 89 "-" "Mozilla/5.0 (compatible; bingbot/2.0; +http://www.bing.com/bingbot.htm)" "www.saveaslave.com"
157.55.39.237 - - [18/Oct/2014:02:49:20 -0700] "GET /robots.txt HTTP/1.1" 404 89 "-" "Mozilla/5.0 (compatible; bingbot/2.0; +http://www.bing.com/bingbot.htm)" "www.saveaslave.com"
217.69.133.248 - - [18/Oct/2014:02:50:54 -0700] "GET /robots.txt HTTP/1.1" 404 89 "-" "Mozilla/5.0 (compatible; Linux x86_64; Mail.RU_Bot/2.0; +http://go.mail.ru/help/robots)" "saveaslave.com"
65.36.241.77 - - [18/Oct/2014:02:55:55 -0700] "HEAD / HTTP/1.1" 200 0 "-" "InternetSeer.com" "www.saveaslave.com"
68.180.228.59 - - [18/Oct/2014:03:04:36 -0700] "GET /robots.txt HTTP/1.1" 404 89 "-" "Mozilla/5.0 (compatible; Yahoo! Slurp; http://help.yahoo.com/help/us/ysearch/slurp)" "www.saveaslave.com"
68.180.228.59 - - [18/Oct/2014:03:04:36 -0700] "GET /france HTTP/1.1" 404 89 "-" "Mozilla/5.0 (compatible; Yahoo! Slurp; http://help.yahoo.com/help/us/ysearch/slurp)" "www.saveaslave.com"
183.60.213.5 - - [18/Oct/2014:03:16:53 -0700] "GET /spain HTTP/1.1" 404 89 "-" "Mozilla/5.0 (compatible; EasouSpider; +http://www.easou.com/search/spider.html)" "saveaslave.com"
66.249.69.215 - - [18/Oct/2014:03:32:04 -0700] "GET /georgia.html HTTP/1.1" 404 89 "-" "Mozilla/5.0 (compatible; Googlebot/2.1; +http://www.google.com/bot.html)" "www.saveaslave.com"
219.26.131.164 - - [18/Oct/2014:03:33:46 -0700] "GET / HTTP/1.1" 200 22620 "http://www.saveaslave.com/" "Website Explorer/0.9.9.9" "www.saveaslave.com"
66.249.69.106 - - [18/Oct/2014:03:34:14 -0700] "GET /robots.txt HTTP/1.1" 404 89 "-" "Mozilla/5.0 (compatible; Googlebot/2.1; +http://www.google.com/bot.html)" "saveaslave.com"
66.249.69.106 - - [18/Oct/2014:03:34:34 -0700] "GET /cyprus.html HTTP/1.1" 404 89 "-" "Mozilla/5.0 (compatible; Googlebot/2.1; +http://www.google.com/bot.html)" "saveaslave.com"
66.249.69.183 - - [18/Oct/2014:03:36:59 -0700] "GET /georgia HTTP/1.1" 404 89 "-" "Mozilla/5.0 (compatible; Googlebot/2.1; +http://www.google.com/bot.html)" "www.saveaslave.com"
178.137.94.81 - - [18/Oct/2014:03:37:22 -0700] "GET / HTTP/1.1" 200 22620 "http://www.kiparis-2008.com.ua/" "Mozilla/4.0 (compatible; MSIE 6.0; Windows NT 5.1; .NET CLR 1.1.4322; Alexa Toolbar; (R1 1.5))" "saveaslave.com"
157.55.39.87 - - [18/Oct/2014:03:41:23 -0700] "GET /portugal HTTP/1.1" 404 89 "-" "Mozilla/5.0 (compatible; bingbot/2.0; +http://www.bing.com/bingbot.htm)" "www.saveaslave.com"
208.115.111.70 - - [18/Oct/2014:03:41:26 -0700] "GET /senegal HTTP/1.1" 404 89 "-" "Mozilla/5.0 (compatible; DotBot/1.1; http://www.opensiteexplorer.org/dotbot, help@moz.com)" "saveaslave.com"
208.115.113.86 - - [18/Oct/2014:03:52:14 -0700] "GET /robots.txt HTTP/1.1" 404 89 "-" "Mozilla/5.0 (compatible; DotBot/1.1; http://www.opensiteexplorer.org/dotbot, help@moz.com)" "saveaslave.com"
208.115.113.86 - - [18/Oct/2014:03:52:14 -0700] "GET /robots.txt HTTP/1.1" 404 89 "-" "Mozilla/5.0 (compatible; DotBot/1.1; http://www.opensiteexplorer.org/dotbot, help@moz.com)" "www.saveaslave.com"
157.55.39.237 - - [18/Oct/2014:04:00:02 -0700] "GET /colombia HTTP/1.1" 404 89 "-" "Mozilla/5.0 (compatible; bingbot/2.0; +http://www.bing.com/bingbot.htm)" "www.saveaslave.com"
157.55.39.237 - - [18/Oct/2014:04:00:02 -0700] "GET /sweden HTTP/1.1" 404 89 "-" "Mozilla/5.0 (compatible; bingbot/2.0; +http://www.bing.com/bingbot.htm)" "www.saveaslave.com"
180.76.6.136 - - [18/Oct/2014:04:06:57 -0700] "GET /guatemala.html HTTP/1.1" 404 89 "-" "Mozilla/5.0 (compatible; Baiduspider/2.0; +http://www.baidu.com/search/spider.html)" "www.saveaslave.com"
157.55.39.237 - - [18/Oct/2014:04:34:15 -0700] "GET /sweden HTTP/1.1" 404 89 "-" "Mozilla/5.0 (compatible; bingbot/2.0; +http://www.bing.com/bingbot.htm)" "www.saveaslave.com"
157.55.39.237 - - [18/Oct/2014:04:35:21 -0700] "GET /kyrgyzstan HTTP/1.1" 404 89 "-" "Mozilla/5.0 (compatible; bingbot/2.0; +http://www.bing.com/bingbot.htm)" "www.saveaslave.com"
157.55.39.237 - - [18/Oct/2014:04:41:17 -0700] "GET /maldives HTTP/1.1" 404 89 "-" "Mozilla/5.0 (compatible; bingbot/2.0; +http://www.bing.com/bingbot.htm)" "www.saveaslave.com"
199.15.233.131 - - [18/Oct/2014:04:46:16 -0700] "GET / HTTP/1.0" 200 22620 "http://saveaslave.com/" "Mozilla/5.0 (Windows NT 6.0) AppleWebKit/537.36 (KHTML, like Gecko) Chrome/36.0.1985.143 Safari/537.36" "saveaslave.com"
68.180.228.59 - - [18/Oct/2014:05:20:11 -0700] "GET /peru HTTP/1.1" 404 89 "-" "Mozilla/5.0 (compatible; Yahoo! Slurp; http://help.yahoo.com/help/us/ysearch/slurp)" "www.saveaslave.com"
178.137.94.81 - - [18/Oct/2014:05:27:03 -0700] "GET / HTTP/1.1" 200 22620 "http://mnet.uz/" "Mozilla/4.0 (compatible; MSIE 6.0; Windows NT 5.1; SV1; .NET CLR 1.0.3705; .NET CLR 1.1.4322; .NET CLR 2.0.40607)" "saveaslave.com"
178.137.94.81 - - [18/Oct/2014:05:27:04 -0700] "GET / HTTP/1.1" 200 22620 "http://mnet.uz/" "Mozilla/4.0 (compatible; MSIE 6.0; Windows NT 5.1; SV1; .NET CLR 1.0.3705; .NET CLR 1.1.4322; .NET CLR 2.0.40607)" "saveaslave.com"
178.137.94.81 - - [18/Oct/2014:05:27:04 -0700] "GET / HTTP/1.1" 200 22620 "http://mnet.uz/" "Mozilla/4.0 (compatible; MSIE 6.0; Windows NT 5.1; SV1; .NET CLR 1.0.3705; .NET CLR 1.1.4322; .NET CLR 2.0.40607)" "saveaslave.com"
72.168.98.116 - - [18/Oct/2014:05:32:56 -0700] "GET / HTTP/1.1" 200 22620 "-" "Mozilla/5.0 (Windows NT 6.1; WOW64; Trident/7.0; rv:11.0) like Gecko" "www.saveaslave.com"
72.168.98.116 - - [18/Oct/2014:05:32:57 -0700] "GET /css/style.css HTTP/1.1" 200 600 "http://www.saveaslave.com/" "Mozilla/5.0 (Windows NT 6.1; WOW64; Trident/7.0; rv:11.0) like Gecko" "www.saveaslave.com"
72.168.98.116 - - [18/Oct/2014:05:32:57 -0700] "GET /images/header.png HTTP/1.1" 200 84658 "http://www.saveaslave.com/" "Mozilla/5.0 (Windows NT 6.1; WOW64; Trident/7.0; rv:11.0) like Gecko" "www.saveaslave.com"
72.168.98.116 - - [18/Oct/2014:05:33:01 -0700] "GET /favicon.ico HTTP/1.1" 404 89 "-" "Mozilla/5.0 (Windows NT 6.1; WOW64; Trident/7.0; rv:11.0) like Gecko" "www.saveaslave.com"
72.168.98.116 - - [18/Oct/2014:05:34:11 -0700] "GET /favicon.ico HTTP/1.1" 404 89 "-" "Mozilla/5.0 (Windows NT 6.1; WOW64; Trident/7.0; rv:11.0) like Gecko" "www.saveaslave.com"
72.168.98.116 - - [18/Oct/2014:05:34:20 -0700] "GET / HTTP/1.1" 200 22620 "-" "Mozilla/5.0 (Windows NT 6.1; WOW64; Trident/7.0; rv:11.0) like Gecko" "www.saveaslave.com"
72.168.98.116 - - [18/Oct/2014:05:34:21 -0700] "GET /images/givebtn.png HTTP/1.1" 200 26179 "http://www.saveaslave.com/" "Mozilla/5.0 (Windows NT 6.1; WOW64; Trident/7.0; rv:11.0) like Gecko" "www.saveaslave.com"
72.168.98.116 - - [18/Oct/2014:05:34:37 -0700] "GET / HTTP/1.1" 200 22620 "-" "Mozilla/5.0 (Windows NT 6.1; WOW64; Trident/7.0; rv:11.0) like Gecko" "www.saveaslave.com"
72.168.98.116 - - [18/Oct/2014:05:34:39 -0700] "GET /images/givebtn.png HTTP/1.1" 200 26179 "http://www.saveaslave.com/" "Mozilla/5.0 (Windows NT 6.1; WOW64; Trident/7.0; rv:11.0) like Gecko" "www.saveaslave.com"
109.150.55.149 - - [18/Oct/2014:05:36:03 -0700] "GET / HTTP/1.1" 200 22620 "http://spankedcoeds2.com/blog/page/3/" "Mozilla/5.0 (Windows NT 6.3; WOW64) AppleWebKit/537.36 (KHTML, like Gecko) Chrome/38.0.2125.104 Safari/537.36" "saveaslave.com"
109.150.55.149 - - [18/Oct/2014:05:36:04 -0700] "GET /images/header.png HTTP/1.1" 200 84658 "http://saveaslave.com/" "Mozilla/5.0 (Windows NT 6.3; WOW64) AppleWebKit/537.36 (KHTML, like Gecko) Chrome/38.0.2125.104 Safari/537.36" "saveaslave.com"
109.150.55.149 - - [18/Oct/2014:05:36:04 -0700] "GET /images/givebtn.png HTTP/1.1" 200 26179 "http://saveaslave.com/" "Mozilla/5.0 (Windows NT 6.3; WOW64) AppleWebKit/537.36 (KHTML, like Gecko) Chrome/38.0.2125.104 Safari/537.36" "saveaslave.com"
109.150.55.149 - - [18/Oct/2014:05:36:05 -0700] "GET /images/slaves.jpg HTTP/1.1" 200 64009 "http://saveaslave.com/" "Mozilla/5.0 (Windows NT 6.3; WOW64) AppleWebKit/537.36 (KHTML, like Gecko) Chrome/38.0.2125.104 Safari/537.36" "saveaslave.com"
109.150.55.149 - - [18/Oct/2014:05:36:08 -0700] "GET /favicon.ico HTTP/1.1" 404 89 "-" "Mozilla/5.0 (Windows NT 6.3; WOW64) AppleWebKit/537.36 (KHTML, like Gecko) Chrome/38.0.2125.104 Safari/537.36" "saveaslave.com"
83.37.205.76 - - [18/Oct/2014:05:39:08 -0700] "GET /images/Lesotho_map.gif HTTP/1.1" 404 89 "https://www.google.es/" "Mozilla/5.0 (Windows NT 6.1; WOW64) AppleWebKit/537.36 (KHTML, like Gecko) Chrome/38.0.2125.101 Safari/537.36" "www.saveaslave.com"
83.37.205.76 - - [18/Oct/2014:05:39:19 -0700] "GET /images/Lesotho_map.gif HTTP/1.1" 404 89 "https://www.google.es/" "Mozilla/5.0 (Windows NT 6.1; WOW64) AppleWebKit/537.36 (KHTML, like Gecko) Chrome/38.0.2125.101 Safari/537.36" "www.saveaslave.com"
72.168.98.116 - - [18/Oct/2014:05:42:56 -0700] "GET / HTTP/1.1" 200 22620 "-" "Mozilla/5.0 (Windows NT 6.1; WOW64; Trident/7.0; rv:11.0) like Gecko" "www.saveaslave.com"
72.168.98.116 - - [18/Oct/2014:05:43:02 -0700] "GET /favicon.ico HTTP/1.1" 404 89 "-" "Mozilla/5.0 (Windows NT 6.1; WOW64; Trident/7.0; rv:11.0) like Gecko" "www.saveaslave.com"
208.115.111.70 - - [18/Oct/2014:05:51:25 -0700] "GET /robots.txt HTTP/1.1" 404 89 "-" "Mozilla/5.0 (compatible; DotBot/1.1; http://www.opensiteexplorer.org/dotbot, help@moz.com)" "saveaslave.com"
208.115.111.70 - - [18/Oct/2014:05:51:25 -0700] "GET /robots.txt HTTP/1.1" 404 89 "-" "Mozilla/5.0 (compatible; DotBot/1.1; http://www.opensiteexplorer.org/dotbot, help@moz.com)" "www.saveaslave.com"
208.115.113.86 - - [18/Oct/2014:05:54:18 -0700] "GET /liberia HTTP/1.1" 404 89 "-" "Mozilla/5.0 (compatible; DotBot/1.1; http://www.opensiteexplorer.org/dotbot, help@moz.com)" "www.saveaslave.com"
72.168.98.116 - - [18/Oct/2014:06:00:05 -0700] "GET / HTTP/1.1" 200 22620 "-" "Mozilla/5.0 (Windows NT 6.1; WOW64; Trident/7.0; rv:11.0) like Gecko" "www.saveaslave.com"
72.168.98.116 - - [18/Oct/2014:06:00:05 -0700] "GET / HTTP/1.1" 200 22620 "-" "Mozilla/5.0 (Windows NT 6.1; WOW64; Trident/7.0; rv:11.0) like Gecko" "www.saveaslave.com"
72.168.98.116 - - [18/Oct/2014:06:00:06 -0700] "GET /images/header.png HTTP/1.1" 200 84658 "http://www.saveaslave.com/" "Mozilla/5.0 (Windows NT 6.1; WOW64; Trident/7.0; rv:11.0) like Gecko" "www.saveaslave.com"
72.168.98.116 - - [18/Oct/2014:06:00:06 -0700] "GET /images/slaves.jpg HTTP/1.1" 200 64009 "http://www.saveaslave.com/" "Mozilla/5.0 (Windows NT 6.1; WOW64; Trident/7.0; rv:11.0) like Gecko" "www.saveaslave.com"
72.168.98.116 - - [18/Oct/2014:06:00:08 -0700] "GET /images/header.png HTTP/1.1" 200 84658 "http://www.saveaslave.com/" "Mozilla/5.0 (Windows NT 6.1; WOW64; Trident/7.0; rv:11.0) like Gecko" "www.saveaslave.com"
72.168.98.116 - - [18/Oct/2014:06:00:08 -0700] "GET /images/givebtn.png HTTP/1.1" 200 26179 "http://www.saveaslave.com/" "Mozilla/5.0 (Windows NT 6.1; WOW64; Trident/7.0; rv:11.0) like Gecko" "www.saveaslave.com"
72.168.98.116 - - [18/Oct/2014:06:00:20 -0700] "GET /favicon.ico HTTP/1.1" 404 89 "-" "Mozilla/5.0 (Windows NT 6.1; WOW64; Trident/7.0; rv:11.0) like Gecko" "www.saveaslave.com"
72.168.98.116 - - [18/Oct/2014:06:00:22 -0700] "GET /favicon.ico HTTP/1.1" 404 89 "-" "Mozilla/5.0 (Windows NT 6.1; WOW64; Trident/7.0; rv:11.0) like Gecko" "www.saveaslave.com"
157.55.39.219 - - [18/Oct/2014:06:17:12 -0700] "GET /mozambique HTTP/1.1" 404 89 "-" "Mozilla/5.0 (compatible; bingbot/2.0; +http://www.bing.com/bingbot.htm)" "www.saveaslave.com"
199.15.233.131 - - [18/Oct/2014:06:20:03 -0700] "GET /site/?page_id=28 HTTP/1.0" 404 73 "http://saveaslave.com/site/?page_id=28" "Mozilla/5.0 (Windows NT 6.3; WOW64) AppleWebKit/537.36 (KHTML, like Gecko) Chrome/36.0.1985.143 Safari/537.36 OPR/23.0.1522.77" "saveaslave.com"
199.15.233.131 - - [18/Oct/2014:06:20:03 -0700] "GET / HTTP/1.0" 200 22620 "http://saveaslave.com/" "Mozilla/5.0 (Windows NT 6.3; WOW64) AppleWebKit/537.36 (KHTML, like Gecko) Chrome/36.0.1985.143 Safari/537.36 OPR/23.0.1522.77" "saveaslave.com"
173.252.120.112 - - [18/Oct/2014:06:21:32 -0700] "GET /images/header.png HTTP/1.1" 200 84658 "-" "facebookexternalhit/1.1 (+http://www.facebook.com/externalhit_uatext.php)" "www.saveaslave.com"
75.68.116.128 - - [18/Oct/2014:06:22:46 -0700] "GET /images/Mexico_map.gif HTTP/1.1" 404 89 "-" "Mozilla/5.0 (Windows NT 6.2; WOW64; rv:32.0) Gecko/20100101 Firefox/32.0" "www.saveaslave.com"
173.252.120.114 - - [18/Oct/2014:06:24:57 -0700] "GET /images/header.png HTTP/1.1" 200 84658 "-" "facebookexternalhit/1.1 (+http://www.facebook.com/externalhit_uatext.php)" "www.saveaslave.com"
173.252.120.114 - - [18/Oct/2014:06:51:53 -0700] "GET /images/slaves.jpg HTTP/1.1" 200 64009 "-" "facebookexternalhit/1.1 (+http://www.facebook.com/externalhit_uatext.php)" "www.saveaslave.com"
207.46.13.118 - - [18/Oct/2014:07:21:11 -0700] "GET /bulgaria HTTP/1.1" 200 5414 "-" "Mozilla/5.0 (compatible; bingbot/2.0; +http://www.bing.com/bingbot.htm)" "www.saveaslave.com"
208.115.111.70 - - [18/Oct/2014:07:42:45 -0700] "GET /ivorycoast HTTP/1.1" 404 89 "-" "Mozilla/5.0 (compatible; DotBot/1.1; http://www.opensiteexplorer.org/dotbot, help@moz.com)" "saveaslave.com"
208.115.111.70 - - [18/Oct/2014:07:42:46 -0700] "GET /seychelles HTTP/1.1" 404 89 "-" "Mozilla/5.0 (compatible; DotBot/1.1; http://www.opensiteexplorer.org/dotbot, help@moz.com)" "saveaslave.com"
173.252.120.118 - - [18/Oct/2014:07:50:44 -0700] "GET /images/slaves.jpg HTTP/1.1" 200 64009 "-" "facebookexternalhit/1.1 (+http://www.facebook.com/externalhit_uatext.php)" "www.saveaslave.com"
65.36.241.79 - - [18/Oct/2014:07:58:20 -0700] "HEAD / HTTP/1.1" 200 0 "-" "InternetSeer.com" "www.saveaslave.com"
216.107.155.114 - - [18/Oct/2014:08:00:00 -0700] "GET /robots.txt HTTP/1.0" 404 73 "-" "Mozilla/5.0 (compatible; MJ12bot/v1.4.5; http://www.majestic12.co.uk/bot.php?+)" "www.saveaslave.com"
216.107.155.114 - - [18/Oct/2014:08:00:01 -0700] "GET /?tpl=universities&Itemid=11&countrycode=us HTTP/1.0" 200 22620 "-" "Mozilla/5.0 (compatible; MJ12bot/v1.4.5; http://www.majestic12.co.uk/bot.php?+)" "www.saveaslave.com"
46.118.159.178 - - [18/Oct/2014:08:38:58 -0700] "GET / HTTP/1.1" 200 22620 "http://droidlook.net/" "Mozilla/4.0 (compatible; MSIE 6.0; Windows NT 5.1; SV1; .NET CLR 1.1.4322; .NET CLR 2.0.50727)" "saveaslave.com"
134.249.49.191 - - [18/Oct/2014:08:39:32 -0700] "GET / HTTP/1.1" 200 22620 "http://vk.com/wedtour" "Mozilla/4.0 (compatible; MSIE 5.01; Windows 95; MSIECrawler)" "saveaslave.com"
65.36.241.77 - - [18/Oct/2014:09:11:13 -0700] "HEAD / HTTP/1.1" 200 0 "-" "InternetSeer.com" "www.saveaslave.com"
180.76.5.152 - - [18/Oct/2014:09:13:14 -0700] "GET /yemen HTTP/1.1" 404 89 "-" "Mozilla/5.0 (compatible; Baiduspider/2.0; +http://www.baidu.com/search/spider.html)" "www.saveaslave.com"
37.231.47.103 - - [18/Oct/2014:09:21:42 -0700] "GET /images/Mexico_map.gif HTTP/1.1" 404 89 "-" "Mozilla/5.0 (Windows NT 6.1; WOW64; Trident/7.0; rv:11.0) like Gecko" "www.saveaslave.com"
37.231.47.103 - - [18/Oct/2014:09:24:08 -0700] "GET /mexico.html HTTP/1.1" 404 89 "http://www.google.com.kw/url?sa=i&rct=j&q=&esrc=s&source=images&cd=&ved=0CAcQjRw&url=http%3A%2F%2Fwww.saveaslave.com%2Fmexico.html&ei=IpRCVKq4HZHtaKuygdgM&bvm=bv.77648437,d.d2s&psig=AFQjCNEEIBpwIGgMp34vFnWjOsYcMxo3ww&ust=1413735760796417" "Mozilla/5.0 (Windows NT 6.1; WOW64; Trident/7.0; rv:11.0) like Gecko" "www.saveaslave.com"
173.252.74.119 - - [18/Oct/2014:09:40:15 -0700] "GET /images/slaves.jpg HTTP/1.1" 200 64009 "-" "facebookexternalhit/1.1 (+http://www.facebook.com/externalhit_uatext.php)" "www.saveaslave.com"
207.46.13.118 - - [18/Oct/2014:09:41:44 -0700] "GET /lesotho HTTP/1.1" 404 89 "-" "Mozilla/5.0 (compatible; bingbot/2.0; +http://www.bing.com/bingbot.htm)" "www.saveaslave.com"
208.115.111.70 - - [18/Oct/2014:09:51:25 -0700] "GET /robots.txt HTTP/1.1" 404 89 "-" "Mozilla/5.0 (compatible; DotBot/1.1; http://www.opensiteexplorer.org/dotbot, help@moz.com)" "saveaslave.com"
183.60.214.12 - - [18/Oct/2014:09:55:51 -0700] "GET /peru HTTP/1.1" 404 89 "-" "Mozilla/5.0 (compatible; EasouSpider; +http://www.easou.com/search/spider.html)" "saveaslave.com"
208.115.113.86 - - [18/Oct/2014:10:02:42 -0700] "GET /philippines HTTP/1.1" 404 89 "-" "Mozilla/5.0 (compatible; DotBot/1.1; http://www.opensiteexplorer.org/dotbot, help@moz.com)" "www.saveaslave.com"
199.15.233.186 - - [18/Oct/2014:10:05:34 -0700] "GET /site/?page_id=28 HTTP/1.0" 404 73 "http://saveaslave.com/site/?page_id=28" "Mozilla/5.0 (Windows NT 6.3; WOW64) AppleWebKit/537.36 (KHTML, like Gecko) Chrome/36.0.1985.125 Safari/537.36" "saveaslave.com"
23.23.242.178 - - [18/Oct/2014:10:11:27 -0700] "GET /thailand.html HTTP/1.1" 404 89 "-" "Mozilla/5.0 (Windows; U; Windows NT 5.1; en-US; rv:1.9.2.8) Gecko/20100722 Firefox/3.6.8" "www.saveaslave.com"
180.76.5.168 - - [18/Oct/2014:10:16:25 -0700] "GET /hungary HTTP/1.1" 404 89 "-" "Mozilla/5.0 (compatible; Baiduspider/2.0; +http://www.baidu.com/search/spider.html)" "www.saveaslave.com"
183.60.215.43 - - [18/Oct/2014:10:26:00 -0700] "GET /site/?p=56 HTTP/1.1" 404 89 "-" "Mozilla/5.0 (compatible; EasouSpider; +http://www.easou.com/search/spider.html)" "saveaslave.com"
157.55.39.87 - - [18/Oct/2014:10:31:18 -0700] "GET /cuba HTTP/1.1" 404 89 "-" "Mozilla/5.0 (compatible; bingbot/2.0; +http://www.bing.com/bingbot.htm)" "www.saveaslave.com"
134.249.49.191 - - [18/Oct/2014:10:42:01 -0700] "GET / HTTP/1.1" 200 22620 "http://pornokorol.com/" "Opera/7.54 (Windows NT 5.1; U)  [pl]" "saveaslave.com"
134.249.49.191 - - [18/Oct/2014:10:42:01 -0700] "GET / HTTP/1.1" 200 22620 "http://pornokorol.com/" "Opera/7.54 (Windows NT 5.1; U)  [pl]" "saveaslave.com"
134.249.49.191 - - [18/Oct/2014:10:42:02 -0700] "GET / HTTP/1.1" 200 22620 "http://pornokorol.com/" "Opera/7.54 (Windows NT 5.1; U)  [pl]" "saveaslave.com"
71.116.28.143 - - [18/Oct/2014:10:42:49 -0700] "GET /css/style.css HTTP/1.1" 200 600 "http://www.saveaslave.com/" "Mozilla/5.0 (X11; Ubuntu; Linux x86_64; rv:27.0) Gecko/20100101 Firefox/27.0" "www.saveaslave.com"
71.116.28.143 - - [18/Oct/2014:10:42:51 -0700] "GET /favicon.ico HTTP/1.1" 404 89 "-" "Mozilla/5.0 (X11; Ubuntu; Linux x86_64; rv:27.0) Gecko/20100101 Firefox/27.0" "www.saveaslave.com"
68.180.228.59 - - [18/Oct/2014:11:22:36 -0700] "GET /congo HTTP/1.1" 404 89 "-" "Mozilla/5.0 (compatible; Yahoo! Slurp; http://help.yahoo.com/help/us/ysearch/slurp)" "www.saveaslave.com"
142.54.183.130 - - [18/Oct/2014:11:29:34 -0700] "GET /site/?page_id=28 HTTP/1.1" 404 89 "-" "Mozilla/4.0 (compatible; MSIE 6.0; Windows NT 5.1; SV1; Mozilla/4.0 (compatible; MSIE 6.0; Windows NT 5.1; SV1) ; .NET CLR 1.0.3705)" "saveaslave.com"
142.54.183.130 - - [18/Oct/2014:11:30:20 -0700] "GET /site/?p=56 HTTP/1.1" 404 89 "-" "Mozilla/4.0 (compatible; MSIE 6.0; Windows NT 5.1; SV1; Mozilla/4.0 (compatible; MSIE 6.0; Windows NT 5.1; SV1) )" "saveaslave.com"
142.54.183.130 - - [18/Oct/2014:11:30:57 -0700] "GET /site/?p=34 HTTP/1.1" 404 89 "-" "Mozilla/4.0 (compatible; MSIE 6.0; Windows NT 5.1; SV1; Mozilla/4.0 (compatible; MSIE 6.0; Windows NT 5.1; SV1) ; .NET CLR 2.0.50727 ; .NET CLR 4.0.30319)" "saveaslave.com"
65.36.241.77 - - [18/Oct/2014:11:30:57 -0700] "HEAD / HTTP/1.1" 200 0 "-" "InternetSeer.com" "www.saveaslave.com"
123.125.71.27 - - [18/Oct/2014:11:41:05 -0700] "GET /uzbekistan.html HTTP/1.1" 404 89 "-" "Mozilla/5.0 (compatible; Baiduspider/2.0; +http://www.baidu.com/search/spider.html)" "www.saveaslave.com"
123.125.71.77 - - [18/Oct/2014:11:41:05 -0700] "GET /japan.html HTTP/1.1" 404 89 "-" "Mozilla/5.0 (compatible; Baiduspider/2.0; +http://www.baidu.com/search/spider.html)" "www.saveaslave.com"
208.115.113.86 - - [18/Oct/2014:11:53:11 -0700] "GET /robots.txt HTTP/1.1" 404 89 "-" "Mozilla/5.0 (compatible; DotBot/1.1; http://www.opensiteexplorer.org/dotbot, help@moz.com)" "saveaslave.com"
180.76.6.46 - - [18/Oct/2014:11:56:55 -0700] "GET /bangladesh.html HTTP/1.1" 200 5432 "-" "Mozilla/5.0 (compatible; Baiduspider/2.0; +http://www.baidu.com/search/spider.html)" "www.saveaslave.com"
157.55.39.167 - - [18/Oct/2014:11:57:09 -0700] "GET /robots.txt HTTP/1.1" 404 89 "-" "Mozilla/5.0 (compatible; bingbot/2.0; +http://www.bing.com/bingbot.htm)" "saveaslave.com"
157.55.39.167 - - [18/Oct/2014:11:58:25 -0700] "GET / HTTP/1.1" 200 22620 "-" "Mozilla/5.0 (compatible; bingbot/2.0; +http://www.bing.com/bingbot.htm)" "saveaslave.com"
91.207.5.198 - - [18/Oct/2014:12:23:28 -0700] "GET / HTTP/1.0" 200 22620 "http://saveaslave.com/" "Mozilla/5.0 (Windows NT 6.3; WOW64; rv:31.0) Gecko/20100101 Firefox/31.0" "saveaslave.com"
208.115.113.86 - - [18/Oct/2014:12:32:43 -0700] "GET /turkmenistan.html HTTP/1.1" 404 89 "-" "Mozilla/5.0 (compatible; DotBot/1.1; http://www.opensiteexplorer.org/dotbot, help@moz.com)" "www.saveaslave.com"
157.55.39.87 - - [18/Oct/2014:12:40:44 -0700] "GET /egypt HTTP/1.1" 404 89 "-" "Mozilla/5.0 (compatible; bingbot/2.0; +http://www.bing.com/bingbot.htm)" "www.saveaslave.com"
65.36.241.77 - - [18/Oct/2014:12:45:42 -0700] "HEAD / HTTP/1.1" 200 0 "-" "InternetSeer.com" "www.saveaslave.com"
157.55.39.237 - - [18/Oct/2014:13:20:44 -0700] "GET /robots.txt HTTP/1.1" 404 89 "-" "Mozilla/5.0 (compatible; bingbot/2.0; +http://www.bing.com/bingbot.htm)" "www.saveaslave.com"
157.55.39.237 - - [18/Oct/2014:13:56:40 -0700] "GET /chile HTTP/1.1" 404 89 "-" "Mozilla/5.0 (compatible; bingbot/2.0; +http://www.bing.com/bingbot.htm)" "www.saveaslave.com"
72.168.98.116 - - [18/Oct/2014:14:24:08 -0700] "GET /images/givebtn.png HTTP/1.1" 304 - "http://www.saveaslave.com/" "Mozilla/5.0 (Windows NT 6.1; WOW64; Trident/7.0; rv:11.0) like Gecko" "www.saveaslave.com"
72.168.98.116 - - [18/Oct/2014:14:24:19 -0700] "GET / HTTP/1.1" 304 - "-" "Mozilla/5.0 (Windows NT 6.1; WOW64; Trident/7.0; rv:11.0) like Gecko" "www.saveaslave.com"
72.168.98.116 - - [18/Oct/2014:14:24:21 -0700] "GET /images/slaves.jpg HTTP/1.1" 304 - "http://www.saveaslave.com/" "Mozilla/5.0 (Windows NT 6.1; WOW64; Trident/7.0; rv:11.0) like Gecko" "www.saveaslave.com"
72.168.98.116 - - [18/Oct/2014:14:24:21 -0700] "GET /images/givebtn.png HTTP/1.1" 200 26179 "http://www.saveaslave.com/" "Mozilla/5.0 (Windows NT 6.1; WOW64; Trident/7.0; rv:11.0) like Gecko" "www.saveaslave.com"
72.168.98.116 - - [18/Oct/2014:14:24:21 -0700] "GET /images/header.png HTTP/1.1" 200 65536 "http://www.saveaslave.com/" "Mozilla/5.0 (Windows NT 6.1; WOW64; Trident/7.0; rv:11.0) like Gecko" "www.saveaslave.com"
157.55.39.167 - - [18/Oct/2014:14:26:08 -0700] "GET /luxembourg HTTP/1.1" 404 89 "-" "Mozilla/5.0 (compatible; bingbot/2.0; +http://www.bing.com/bingbot.htm)" "www.saveaslave.com"
72.168.98.116 - - [18/Oct/2014:14:42:02 -0700] "GET /favicon.ico HTTP/1.1" 404 89 "-" "Mozilla/5.0 (Windows NT 6.1; WOW64; Trident/7.0; rv:11.0) like Gecko" "www.saveaslave.com"
72.168.98.116 - - [18/Oct/2014:14:42:07 -0700] "GET /css/style.css HTTP/1.1" 200 600 "http://www.saveaslave.com/" "Mozilla/5.0 (Windows NT 6.1; WOW64; Trident/7.0; rv:11.0) like Gecko" "www.saveaslave.com"
72.168.98.116 - - [18/Oct/2014:14:42:07 -0700] "GET /images/givebtn.png HTTP/1.1" 200 26179 "http://www.saveaslave.com/" "Mozilla/5.0 (Windows NT 6.1; WOW64; Trident/7.0; rv:11.0) like Gecko" "www.saveaslave.com"
72.168.98.116 - - [18/Oct/2014:14:42:07 -0700] "GET /images/header.png HTTP/1.1" 200 65536 "http://www.saveaslave.com/" "Mozilla/5.0 (Windows NT 6.1; WOW64; Trident/7.0; rv:11.0) like Gecko" "www.saveaslave.com"
72.168.98.116 - - [18/Oct/2014:14:42:07 -0700] "GET /images/slaves.jpg HTTP/1.1" 200 64009 "http://www.saveaslave.com/" "Mozilla/5.0 (Windows NT 6.1; WOW64; Trident/7.0; rv:11.0) like Gecko" "www.saveaslave.com"
72.168.98.116 - - [18/Oct/2014:14:42:20 -0700] "GET /images/header.png HTTP/1.1" 200 65536 "http://www.saveaslave.com/" "Mozilla/5.0 (Windows NT 6.1; WOW64; Trident/7.0; rv:11.0) like Gecko" "www.saveaslave.com"
72.168.98.116 - - [18/Oct/2014:14:42:20 -0700] "GET /images/slaves.jpg HTTP/1.1" 200 64009 "http://www.saveaslave.com/" "Mozilla/5.0 (Windows NT 6.1; WOW64; Trident/7.0; rv:11.0) like Gecko" "www.saveaslave.com"
123.125.71.29 - - [18/Oct/2014:14:48:08 -0700] "GET /uzbekistan.html HTTP/1.1" 404 89 "-" "Mozilla/5.0 (Windows NT 6.1; WOW64) AppleWebKit/537.36 (KHTML, like Gecko) Chrome/36.0.1985.125 Safari/537.36" "www.saveaslave.com"
180.76.5.188 - - [18/Oct/2014:15:05:59 -0700] "GET /ghana.html HTTP/1.1" 404 89 "-" "Mozilla/5.0 (compatible; Baiduspider/2.0; +http://www.baidu.com/search/spider.html)" "www.saveaslave.com"
72.168.98.116 - - [18/Oct/2014:15:41:32 -0700] "GET /favicon.ico HTTP/1.1" 404 89 "-" "Mozilla/5.0 (Windows NT 6.1; WOW64; Trident/7.0; rv:11.0) like Gecko" "www.saveaslave.com"
208.115.111.70 - - [18/Oct/2014:15:41:56 -0700] "GET /stpierre HTTP/1.1" 404 89 "-" "Mozilla/5.0 (compatible; DotBot/1.1; http://www.opensiteexplorer.org/dotbot, help@moz.com)" "www.saveaslave.com"
157.55.39.167 - - [18/Oct/2014:15:48:10 -0700] "GET /singapore HTTP/1.1" 404 89 "-" "Mozilla/5.0 (compatible; bingbot/2.0; +http://www.bing.com/bingbot.htm)" "www.saveaslave.com"
208.115.113.86 - - [18/Oct/2014:15:52:41 -0700] "GET /robots.txt HTTP/1.1" 404 89 "-" "Mozilla/5.0 (compatible; DotBot/1.1; http://www.opensiteexplorer.org/dotbot, help@moz.com)" "www.saveaslave.com"
72.168.98.116 - - [18/Oct/2014:15:53:47 -0700] "GET / HTTP/1.1" 200 22620 "-" "Mozilla/5.0 (Windows NT 6.1; WOW64; Trident/7.0; rv:11.0) like Gecko" "www.saveaslave.com"
72.168.98.116 - - [18/Oct/2014:15:53:49 -0700] "GET /css/style.css HTTP/1.1" 200 600 "http://www.saveaslave.com/" "Mozilla/5.0 (Windows NT 6.1; WOW64; Trident/7.0; rv:11.0) like Gecko" "www.saveaslave.com"
72.168.98.116 - - [18/Oct/2014:15:53:49 -0700] "GET /favicon.ico HTTP/1.1" 404 89 "-" "Mozilla/5.0 (Windows NT 6.1; WOW64; Trident/7.0; rv:11.0) like Gecko" "www.saveaslave.com"
72.168.98.116 - - [18/Oct/2014:15:53:49 -0700] "GET /images/givebtn.png HTTP/1.1" 200 26179 "http://www.saveaslave.com/" "Mozilla/5.0 (Windows NT 6.1; WOW64; Trident/7.0; rv:11.0) like Gecko" "www.saveaslave.com"
72.168.98.116 - - [18/Oct/2014:15:53:49 -0700] "GET /images/header.png HTTP/1.1" 200 65536 "http://www.saveaslave.com/" "Mozilla/5.0 (Windows NT 6.1; WOW64; Trident/7.0; rv:11.0) like Gecko" "www.saveaslave.com"
65.36.241.77 - - [18/Oct/2014:16:36:32 -0700] "HEAD / HTTP/1.1" 200 0 "-" "InternetSeer.com" "www.saveaslave.com"
178.137.94.81 - - [18/Oct/2014:16:43:06 -0700] "GET / HTTP/1.1" 200 22620 "http://2kata.ru/" "Mozilla/4.0 (compatible; MSIE 6.0; Windows NT 5.1; TheFreeDictionary.com; .NET CLR 1.1.4322; .NET CLR 1.0.3705; .NET CLR 2.0.50727)" "saveaslave.com"
66.249.69.106 - - [18/Oct/2014:17:04:06 -0700] "GET /robots.txt HTTP/1.1" 404 89 "-" "Mozilla/5.0 (compatible; Googlebot/2.1; +http://www.google.com/bot.html)" "saveaslave.com"
208.115.111.70 - - [18/Oct/2014:17:51:35 -0700] "GET /robots.txt HTTP/1.1" 404 89 "-" "Mozilla/5.0 (compatible; DotBot/1.1; http://www.opensiteexplorer.org/dotbot, help@moz.com)" "www.saveaslave.com"
202.46.50.95 - - [18/Oct/2014:17:52:08 -0700] "GET /poland HTTP/1.1" 404 89 "-" "Mozilla/5.0 (Windows; U; Windows NT 5.1; zh-CN; rv:1.9.1.2) Firefox/3.5.2" "www.saveaslave.com"
72.168.98.116 - - [18/Oct/2014:17:57:24 -0700] "GET /favicon.ico HTTP/1.1" 404 89 "-" "Mozilla/5.0 (Windows NT 6.1; WOW64; Trident/7.0; rv:11.0) like Gecko" "www.saveaslave.com"
72.168.98.116 - - [18/Oct/2014:17:58:26 -0700] "GET / HTTP/1.1" 200 22620 "-" "Mozilla/5.0 (Windows NT 6.1; WOW64; Trident/7.0; rv:11.0) like Gecko" "www.saveaslave.com"
72.168.98.116 - - [18/Oct/2014:17:58:28 -0700] "GET /images/givebtn.png HTTP/1.1" 200 26179 "http://www.saveaslave.com/" "Mozilla/5.0 (Windows NT 6.1; WOW64; Trident/7.0; rv:11.0) like Gecko" "www.saveaslave.com"
72.168.98.116 - - [18/Oct/2014:17:58:32 -0700] "GET /favicon.ico HTTP/1.1" 404 89 "-" "Mozilla/5.0 (Windows NT 6.1; WOW64; Trident/7.0; rv:11.0) like Gecko" "www.saveaslave.com"
72.168.98.116 - - [18/Oct/2014:17:58:40 -0700] "GET / HTTP/1.1" 304 - "-" "Mozilla/5.0 (Windows NT 6.1; WOW64; Trident/7.0; rv:11.0) like Gecko" "www.saveaslave.com"
72.168.98.116 - - [18/Oct/2014:17:58:40 -0700] "GET /images/givebtn.png HTTP/1.1" 200 26179 "http://www.saveaslave.com/" "Mozilla/5.0 (Windows NT 6.1; WOW64; Trident/7.0; rv:11.0) like Gecko" "www.saveaslave.com"
72.168.98.116 - - [18/Oct/2014:18:08:17 -0700] "GET /favicon.ico HTTP/1.1" 404 89 "-" "Mozilla/5.0 (Windows NT 6.1; WOW64; Trident/7.0; rv:11.0) like Gecko" "www.saveaslave.com"
72.168.98.116 - - [18/Oct/2014:18:09:34 -0700] "GET /favicon.ico HTTP/1.1" 404 89 "-" "Mozilla/5.0 (Windows NT 6.1; WOW64; Trident/7.0; rv:11.0) like Gecko" "www.saveaslave.com"
192.99.149.88 - - [18/Oct/2014:18:47:28 -0700] "GET /argentina.html HTTP/1.1" 200 5404 "-" "Mozilla/5.0 (Windows NT 6.1; WOW64; Trident/7.0; rv:11.0) like Gecko" "www.saveaslave.com"
192.99.149.88 - - [18/Oct/2014:18:47:28 -0700] "GET /armenia.html HTTP/1.1" 200 5385 "-" "Mozilla/5.0 (Windows NT 6.1; WOW64; Trident/7.0; rv:11.0) like Gecko" "www.saveaslave.com"
192.99.149.88 - - [18/Oct/2014:18:47:28 -0700] "GET /aruba.html HTTP/1.1" 200 14643 "-" "Mozilla/5.0 (Windows NT 6.1; WOW64; Trident/7.0; rv:11.0) like Gecko" "www.saveaslave.com"
157.55.39.167 - - [18/Oct/2014:19:12:24 -0700] "GET /lesotho HTTP/1.1" 404 89 "-" "Mozilla/5.0 (compatible; bingbot/2.0; +http://www.bing.com/bingbot.htm)" "www.saveaslave.com"
65.36.241.77 - - [18/Oct/2014:19:39:32 -0700] "HEAD / HTTP/1.1" 200 0 "-" "InternetSeer.com" "www.saveaslave.com"
208.115.111.70 - - [18/Oct/2014:19:42:26 -0700] "GET /northernmarianaislands HTTP/1.1" 404 89 "-" "Mozilla/5.0 (compatible; DotBot/1.1; http://www.opensiteexplorer.org/dotbot, help@moz.com)" "www.saveaslave.com"
208.115.111.70 - - [18/Oct/2014:19:42:26 -0700] "GET /contact/saveaslave.net/calendar/default.html HTTP/1.1" 404 89 "-" "Mozilla/5.0 (compatible; DotBot/1.1; http://www.opensiteexplorer.org/dotbot, help@moz.com)" "saveaslave.com"
208.115.111.70 - - [18/Oct/2014:19:42:26 -0700] "GET /barbuda HTTP/1.1" 404 89 "-" "Mozilla/5.0 (compatible; DotBot/1.1; http://www.opensiteexplorer.org/dotbot, help@moz.com)" "www.saveaslave.com"
208.115.113.86 - - [18/Oct/2014:19:51:06 -0700] "GET /robots.txt HTTP/1.1" 404 89 "-" "Mozilla/5.0 (compatible; DotBot/1.1; http://www.opensiteexplorer.org/dotbot, help@moz.com)" "saveaslave.com"
208.115.113.86 - - [18/Oct/2014:19:51:06 -0700] "GET /robots.txt HTTP/1.1" 404 89 "-" "Mozilla/5.0 (compatible; DotBot/1.1; http://www.opensiteexplorer.org/dotbot, help@moz.com)" "www.saveaslave.com"
46.118.159.178 - - [18/Oct/2014:20:08:53 -0700] "GET / HTTP/1.1" 200 22620 "http://evromigracija.ru/" "Mozilla/4.0 (compatible; MSIE 7.0; Windows NT 5.1; SV1; .NET CLR 2.0.50727)" "saveaslave.com"
46.118.159.178 - - [18/Oct/2014:20:08:53 -0700] "GET / HTTP/1.1" 200 22620 "http://evromigracija.ru/" "Mozilla/4.0 (compatible; MSIE 7.0; Windows NT 5.1; SV1; .NET CLR 2.0.50727)" "saveaslave.com"
46.118.159.178 - - [18/Oct/2014:20:08:54 -0700] "GET / HTTP/1.1" 200 22620 "http://evromigracija.ru/" "Mozilla/4.0 (compatible; MSIE 7.0; Windows NT 5.1; SV1; .NET CLR 2.0.50727)" "saveaslave.com"
65.36.241.79 - - [18/Oct/2014:20:09:14 -0700] "HEAD /?tpl=references&Itemid=3 HTTP/1.1" 200 0 "-" "InternetSeer.com" "www.saveaslave.com"
208.115.113.86 - - [18/Oct/2014:20:30:59 -0700] "GET /westbank.html HTTP/1.1" 404 89 "-" "Mozilla/5.0 (compatible; DotBot/1.1; http://www.opensiteexplorer.org/dotbot, help@moz.com)" "www.saveaslave.com"
180.76.6.16 - - [18/Oct/2014:20:54:11 -0700] "GET /newcaledonia.html HTTP/1.1" 404 89 "-" "Mozilla/5.0 (compatible; Baiduspider/2.0; +http://www.baidu.com/search/spider.html)" "www.saveaslave.com"
192.99.149.88 - - [18/Oct/2014:21:16:34 -0700] "GET /austria.html HTTP/1.1" 200 5398 "-" "Mozilla/5.0 (Windows NT 6.1; WOW64; Trident/7.0; rv:11.0) like Gecko" "www.saveaslave.com"
192.99.149.88 - - [18/Oct/2014:21:16:35 -0700] "GET /bahamas.html HTTP/1.1" 200 5387 "-" "Mozilla/5.0 (Windows NT 6.1; WOW64; Trident/7.0; rv:11.0) like Gecko" "www.saveaslave.com"
192.99.149.88 - - [18/Oct/2014:21:16:35 -0700] "GET /bahrain.html HTTP/1.1" 200 5404 "-" "Mozilla/5.0 (Windows NT 6.1; WOW64; Trident/7.0; rv:11.0) like Gecko" "www.saveaslave.com"
192.99.149.88 - - [18/Oct/2014:21:16:35 -0700] "GET /bangladesh.html HTTP/1.1" 200 5432 "-" "Mozilla/5.0 (Windows NT 6.1; WOW64; Trident/7.0; rv:11.0) like Gecko" "www.saveaslave.com"
192.99.149.88 - - [18/Oct/2014:21:16:35 -0700] "GET /belgium.html HTTP/1.1" 200 5423 "-" "Mozilla/5.0 (Windows NT 6.1; WOW64; Trident/7.0; rv:11.0) like Gecko" "www.saveaslave.com"
192.99.149.88 - - [18/Oct/2014:21:16:35 -0700] "GET /belize.html HTTP/1.1" 200 5390 "-" "Mozilla/5.0 (Windows NT 6.1; WOW64; Trident/7.0; rv:11.0) like Gecko" "www.saveaslave.com"
192.99.149.88 - - [18/Oct/2014:21:16:35 -0700] "GET /bhutan.html HTTP/1.1" 200 5396 "-" "Mozilla/5.0 (Windows NT 6.1; WOW64; Trident/7.0; rv:11.0) like Gecko" "www.saveaslave.com"
66.249.69.106 - - [18/Oct/2014:21:19:42 -0700] "GET /south_africa.html HTTP/1.1" 404 89 "-" "Mozilla/5.0 (compatible; Googlebot/2.1; +http://www.google.com/bot.html)" "saveaslave.com"
65.36.241.77 - - [18/Oct/2014:21:44:51 -0700] "HEAD / HTTP/1.1" 200 0 "-" "InternetSeer.com" "www.saveaslave.com"
157.55.39.167 - - [18/Oct/2014:21:54:07 -0700] "GET /philippines HTTP/1.1" 404 89 "-" "Mozilla/5.0 (compatible; bingbot/2.0; +http://www.bing.com/bingbot.htm)" "www.saveaslave.com"
208.115.113.86 - - [18/Oct/2014:21:56:45 -0700] "GET /comoros HTTP/1.1" 404 89 "-" "Mozilla/5.0 (compatible; DotBot/1.1; http://www.opensiteexplorer.org/dotbot, help@moz.com)" "saveaslave.com"
208.115.113.86 - - [18/Oct/2014:21:56:46 -0700] "GET /niue HTTP/1.1" 404 89 "-" "Mozilla/5.0 (compatible; DotBot/1.1; http://www.opensiteexplorer.org/dotbot, help@moz.com)" "saveaslave.com"
208.115.113.86 - - [18/Oct/2014:21:56:47 -0700] "GET /poland HTTP/1.1" 404 89 "-" "Mozilla/5.0 (compatible; DotBot/1.1; http://www.opensiteexplorer.org/dotbot, help@moz.com)" "saveaslave.com"
183.60.213.29 - - [18/Oct/2014:22:12:23 -0700] "GET /robots.txt HTTP/1.1" 404 89 "-" "Mozilla/5.0 (compatible; EasouSpider; +http://www.easou.com/search/spider.html)" "saveaslave.com"
208.115.111.70 - - [18/Oct/2014:22:20:08 -0700] "GET /dominicanrepublic.html HTTP/1.1" 404 89 "-" "Mozilla/5.0 (compatible; DotBot/1.1; http://www.opensiteexplorer.org/dotbot, help@moz.com)" "www.saveaslave.com"
208.115.111.70 - - [18/Oct/2014:22:20:09 -0700] "GET /venezuela.html HTTP/1.1" 404 89 "-" "Mozilla/5.0 (compatible; DotBot/1.1; http://www.opensiteexplorer.org/dotbot, help@moz.com)" "www.saveaslave.com"
208.115.111.70 - - [18/Oct/2014:22:20:09 -0700] "GET /portugal.html HTTP/1.1" 404 89 "-" "Mozilla/5.0 (compatible; DotBot/1.1; http://www.opensiteexplorer.org/dotbot, help@moz.com)" "www.saveaslave.com"
157.55.39.237 - - [18/Oct/2014:22:21:38 -0700] "GET /zimbabwe HTTP/1.1" 404 89 "-" "Mozilla/5.0 (compatible; bingbot/2.0; +http://www.bing.com/bingbot.htm)" "www.saveaslave.com"
157.55.39.167 - - [18/Oct/2014:22:52:49 -0700] "GET /luxembourg HTTP/1.1" 404 89 "-" "Mozilla/5.0 (compatible; bingbot/2.0; +http://www.bing.com/bingbot.htm)" "www.saveaslave.com"
192.99.149.88 - - [18/Oct/2014:23:47:01 -0700] "GET /bolivia.html HTTP/1.1" 200 5400 "-" "Mozilla/5.0 (Windows NT 6.1; WOW64; Trident/7.0; rv:11.0) like Gecko" "www.saveaslave.com"
192.99.149.88 - - [18/Oct/2014:23:47:01 -0700] "GET /bulgaria.html HTTP/1.1" 200 5414 "-" "Mozilla/5.0 (Windows NT 6.1; WOW64; Trident/7.0; rv:11.0) like Gecko" "www.saveaslave.com"
192.99.149.88 - - [18/Oct/2014:23:47:01 -0700] "GET /burkina-faso.html HTTP/1.1" 200 5450 "-" "Mozilla/5.0 (Windows NT 6.1; WOW64; Trident/7.0; rv:11.0) like Gecko" "www.saveaslave.com"
192.99.149.88 - - [18/Oct/2014:23:47:01 -0700] "GET /burma.html HTTP/1.1" 200 5387 "-" "Mozilla/5.0 (Windows NT 6.1; WOW64; Trident/7.0; rv:11.0) like Gecko" "www.saveaslave.com"
192.99.149.88 - - [18/Oct/2014:23:47:01 -0700] "GET /burundi.html HTTP/1.1" 200 5405 "-" "Mozilla/5.0 (Windows NT 6.1; WOW64; Trident/7.0; rv:11.0) like Gecko" "www.saveaslave.com"
192.99.149.88 - - [18/Oct/2014:23:47:01 -0700] "GET /cambodia.html HTTP/1.1" 200 5430 "-" "Mozilla/5.0 (Windows NT 6.1; WOW64; Trident/7.0; rv:11.0) like Gecko" "www.saveaslave.com"
157.55.39.237 - - [18/Oct/2014:23:53:51 -0700] "GET /articles/slavetrafficking.html HTTP/1.1" 404 89 "-" "Mozilla/5.0 (compatible; bingbot/2.0; +http://www.bing.com/bingbot.htm)" "www.saveaslave.com"
157.55.39.168 - - [19/Oct/2014:00:04:36 -0700] "GET /mauritania HTTP/1.1" 404 89 "-" "Mozilla/5.0 (compatible; bingbot/2.0; +http://www.bing.com/bingbot.htm)" "www.saveaslave.com"
