65.36.241.77 - - [02/Dec/2014:10:30:08 -0800] "HEAD / HTTP/1.1" 200 0 "-" "InternetSeer.com" "www.saveaslave.com"
46.229.170.193 - - [02/Dec/2014:10:32:33 -0800] "GET / HTTP/1.1" 200 29279 "-" "Mozilla/5.0 (Windows NT 5.2; rv:2.0b13pre) Gecko/20110304 Firefox/4.0b13pre" "www.saveaslave.com"
199.15.233.132 - - [02/Dec/2014:10:38:59 -0800] "GET / HTTP/1.1" 200 29279 "http://saveaslave.com/" "Mozilla/5.0 (Windows NT 6.3; WOW64) AppleWebKit/537.36 (KHTML, like Gecko) Chrome/36.0.1985.143 Safari/537.36 OPR/23.0.1522.77" "saveaslave.com"
61.135.189.175 - - [02/Dec/2014:10:49:10 -0800] "GET /robots.txt HTTP/1.1" 404 89 "-" "Sogou web spider/4.0(+http://www.sogou.com/docs/help/webmasters.htm#07)" "saveaslave.com"
54.243.48.119 - - [02/Dec/2014:10:53:08 -0800] "GET / HTTP/1.1" 200 29279 "-" "Mozilla/5.0 (Windows; U; Windows NT 5.1; en-US; rv:1.9.2.8) Gecko/20100722 Firefox/3.6.8" "saveaslave.com"
206.255.244.125 - - [02/Dec/2014:10:53:09 -0800] "GET /images/givebtn.png HTTP/1.1" 200 26179 "http://dudamobile.saveaslave.com/" "Mozilla/5.0 (iPhone; CPU iPhone OS 8_1 like Mac OS X) AppleWebKit/600.1.4 (KHTML, like Gecko) Version/8.0 Mobile/12B411 Safari/600.1.4" "saveaslave.com"
23.23.242.178 - - [02/Dec/2014:10:53:53 -0800] "GET /bolivia.html HTTP/1.1" 200 5400 "-" "Mozilla/5.0 (Windows; U; Windows NT 5.1; en-US; rv:1.9.2.8) Gecko/20100722 Firefox/3.6.8" "saveaslave.com"
206.255.244.125 - - [02/Dec/2014:10:53:54 -0800] "GET /images/header.png HTTP/1.1" 200 84658 "http://dudamobile.saveaslave.com/" "Mozilla/5.0 (iPhone; CPU iPhone OS 8_1 like Mac OS X) AppleWebKit/600.1.4 (KHTML, like Gecko) Version/8.0 Mobile/12B411 Safari/600.1.4" "saveaslave.com"
208.115.113.86 - - [02/Dec/2014:11:04:27 -0800] "GET /finland.html HTTP/1.1" 200 6650 "-" "Mozilla/5.0 (compatible; DotBot/1.1; http://www.opensiteexplorer.org/dotbot, help@moz.com)" "www.saveaslave.com"
133.242.139.159 - - [02/Dec/2014:11:08:42 -0800] "GET /Adoption.html HTTP/1.1" 404 89 "-" "-" "www.saveaslave.com"
178.63.49.82 - - [02/Dec/2014:11:41:02 -0800] "GET /robots.txt HTTP/1.1" 404 89 "-" "Mozilla/5.0 (compatible; MJ12bot/v1.4.5; http://www.majestic12.co.uk/bot.php?+)" "www.saveaslave.com"
178.63.49.82 - - [02/Dec/2014:11:42:33 -0800] "GET /chad HTTP/1.1" 200 5386 "-" "Mozilla/5.0 (compatible; MJ12bot/v1.4.5; http://www.majestic12.co.uk/bot.php?+)" "www.saveaslave.com"
178.63.49.82 - - [02/Dec/2014:11:42:52 -0800] "GET /china HTTP/1.1" 200 5411 "-" "Mozilla/5.0 (compatible; MJ12bot/v1.4.5; http://www.majestic12.co.uk/bot.php?+)" "www.saveaslave.com"
178.63.49.82 - - [02/Dec/2014:11:44:24 -0800] "GET /estonia HTTP/1.1" 404 89 "-" "Mozilla/5.0 (compatible; MJ12bot/v1.4.5; http://www.majestic12.co.uk/bot.php?+)" "www.saveaslave.com"
178.63.49.82 - - [02/Dec/2014:11:45:56 -0800] "GET /robots.txt HTTP/1.1" 404 89 "-" "Mozilla/5.0 (compatible; MJ12bot/v1.4.5; http://www.majestic12.co.uk/bot.php?+)" "www.saveaslave.com"
178.63.49.82 - - [02/Dec/2014:11:46:17 -0800] "GET /robots.txt HTTP/1.1" 404 89 "-" "Mozilla/5.0 (compatible; MJ12bot/v1.4.5; http://www.majestic12.co.uk/bot.php?+)" "www.saveaslave.com"
178.63.49.82 - - [02/Dec/2014:11:47:43 -0800] "GET /honduras HTTP/1.1" 404 89 "-" "Mozilla/5.0 (compatible; MJ12bot/v1.4.5; http://www.majestic12.co.uk/bot.php?+)" "www.saveaslave.com"
188.165.15.32 - - [02/Dec/2014:12:25:46 -0800] "GET /british-virgin-islands.html HTTP/1.1" 200 5629 "-" "Mozilla/5.0 (compatible; AhrefsBot/5.0; +http://ahrefs.com/robot/)" "www.saveaslave.com"
65.36.241.77 - - [02/Dec/2014:12:32:56 -0800] "HEAD / HTTP/1.1" 200 0 "-" "InternetSeer.com" "www.saveaslave.com"
166.137.139.89 - - [02/Dec/2014:12:40:30 -0800] "GET /images/givebtn.png HTTP/1.1" 200 26179 "http://dudamobile.saveaslave.com/" "Mozilla/5.0 (iPhone; CPU iPhone OS 8_1_1 like Mac OS X) AppleWebKit/600.1.4 (KHTML, like Gecko) Version/8.0 Mobile/12B436 Safari/600.1.4" "saveaslave.com"
166.137.139.89 - - [02/Dec/2014:12:40:30 -0800] "GET /images/slaves.jpg HTTP/1.1" 200 64009 "http://dudamobile.saveaslave.com/" "Mozilla/5.0 (iPhone; CPU iPhone OS 8_1_1 like Mac OS X) AppleWebKit/600.1.4 (KHTML, like Gecko) Version/8.0 Mobile/12B436 Safari/600.1.4" "saveaslave.com"
148.251.183.105 - - [02/Dec/2014:13:04:18 -0800] "GET /robots.txt HTTP/1.1" 404 89 "-" "Mozilla/5.0 (compatible; MJ12bot/v1.4.5; http://www.majestic12.co.uk/bot.php?+)" "saveaslave.com"
148.251.183.105 - - [02/Dec/2014:13:04:37 -0800] "GET /andorra HTTP/1.1" 200 5386 "-" "Mozilla/5.0 (compatible; MJ12bot/v1.4.5; http://www.majestic12.co.uk/bot.php?+)" "saveaslave.com"
148.251.183.105 - - [02/Dec/2014:13:04:52 -0800] "GET /robots.txt HTTP/1.1" 404 89 "-" "Mozilla/5.0 (compatible; MJ12bot/v1.4.5; http://www.majestic12.co.uk/bot.php?+)" "saveaslave.com"
148.251.183.105 - - [02/Dec/2014:13:05:48 -0800] "GET /robots.txt HTTP/1.1" 404 89 "-" "Mozilla/5.0 (compatible; MJ12bot/v1.4.5; http://www.majestic12.co.uk/bot.php?+)" "saveaslave.com"
148.251.183.105 - - [02/Dec/2014:13:05:56 -0800] "GET /benin HTTP/1.1" 200 5387 "-" "Mozilla/5.0 (compatible; MJ12bot/v1.4.5; http://www.majestic12.co.uk/bot.php?+)" "saveaslave.com"
148.251.183.105 - - [02/Dec/2014:13:06:45 -0800] "GET /bouvet_island HTTP/1.1" 404 89 "-" "Mozilla/5.0 (compatible; MJ12bot/v1.4.5; http://www.majestic12.co.uk/bot.php?+)" "saveaslave.com"
148.251.183.105 - - [02/Dec/2014:13:06:55 -0800] "GET /british_indian.html HTTP/1.0" 404 73 "-" "Mozilla/5.0 (compatible; MJ12bot/v1.4.5; http://www.majestic12.co.uk/bot.php?+)" "saveaslave.com"
148.251.183.105 - - [02/Dec/2014:13:07:24 -0800] "GET /cambodia.html HTTP/1.1" 200 5414 "-" "Mozilla/5.0 (compatible; MJ12bot/v1.4.5; http://www.majestic12.co.uk/bot.php?+)" "saveaslave.com"
148.251.183.105 - - [02/Dec/2014:13:07:53 -0800] "GET /christmas_island.html HTTP/1.1" 404 89 "-" "Mozilla/5.0 (compatible; MJ12bot/v1.4.5; http://www.majestic12.co.uk/bot.php?+)" "saveaslave.com"
148.251.183.105 - - [02/Dec/2014:13:08:32 -0800] "GET /dominica.html HTTP/1.1" 200 5414 "-" "Mozilla/5.0 (compatible; MJ12bot/v1.4.5; http://www.majestic12.co.uk/bot.php?+)" "saveaslave.com"
148.251.183.105 - - [02/Dec/2014:13:08:43 -0800] "GET /eritrea HTTP/1.1" 404 89 "-" "Mozilla/5.0 (compatible; MJ12bot/v1.4.5; http://www.majestic12.co.uk/bot.php?+)" "saveaslave.com"
148.251.183.105 - - [02/Dec/2014:13:08:50 -0800] "GET /eritrea.html HTTP/1.1" 404 89 "-" "Mozilla/5.0 (compatible; MJ12bot/v1.4.5; http://www.majestic12.co.uk/bot.php?+)" "saveaslave.com"
148.251.183.105 - - [02/Dec/2014:13:10:07 -0800] "GET /finland HTTP/1.0" 200 6650 "-" "Mozilla/5.0 (compatible; MJ12bot/v1.4.5; http://www.majestic12.co.uk/bot.php?+)" "saveaslave.com"
148.251.183.105 - - [02/Dec/2014:13:10:17 -0800] "GET /finland.html HTTP/1.0" 200 6650 "-" "Mozilla/5.0 (compatible; MJ12bot/v1.4.5; http://www.majestic12.co.uk/bot.php?+)" "saveaslave.com"
148.251.183.105 - - [02/Dec/2014:13:12:01 -0800] "GET /gabon HTTP/1.1" 404 89 "-" "Mozilla/5.0 (compatible; MJ12bot/v1.4.5; http://www.majestic12.co.uk/bot.php?+)" "saveaslave.com"
148.251.183.105 - - [02/Dec/2014:13:12:22 -0800] "GET /gambia HTTP/1.1" 404 89 "-" "Mozilla/5.0 (compatible; MJ12bot/v1.4.5; http://www.majestic12.co.uk/bot.php?+)" "saveaslave.com"
54.243.48.119 - - [02/Dec/2014:13:12:28 -0800] "GET /sweden.html HTTP/1.1" 200 5462 "-" "Mozilla/5.0 (Windows; U; Windows NT 5.1; en-US; rv:1.9.2.8) Gecko/20100722 Firefox/3.6.8" "www.saveaslave.com"
148.251.183.105 - - [02/Dec/2014:13:12:45 -0800] "GET /georgia HTTP/1.1" 404 89 "-" "Mozilla/5.0 (compatible; MJ12bot/v1.4.5; http://www.majestic12.co.uk/bot.php?+)" "saveaslave.com"
148.251.183.105 - - [02/Dec/2014:13:13:09 -0800] "GET /robots.txt HTTP/1.1" 404 89 "-" "Mozilla/5.0 (compatible; MJ12bot/v1.4.5; http://www.majestic12.co.uk/bot.php?+)" "saveaslave.com"
148.251.183.105 - - [02/Dec/2014:13:13:25 -0800] "GET /guatemala HTTP/1.1" 404 89 "-" "Mozilla/5.0 (compatible; MJ12bot/v1.4.5; http://www.majestic12.co.uk/bot.php?+)" "saveaslave.com"
148.251.183.105 - - [02/Dec/2014:13:13:55 -0800] "GET /haiti HTTP/1.1" 404 89 "-" "Mozilla/5.0 (compatible; MJ12bot/v1.4.5; http://www.majestic12.co.uk/bot.php?+)" "saveaslave.com"
148.251.183.105 - - [02/Dec/2014:13:14:04 -0800] "GET /robots.txt HTTP/1.1" 404 89 "-" "Mozilla/5.0 (compatible; MJ12bot/v1.4.5; http://www.majestic12.co.uk/bot.php?+)" "saveaslave.com"
148.251.183.105 - - [02/Dec/2014:13:14:15 -0800] "GET /haiti.html HTTP/1.1" 404 89 "-" "Mozilla/5.0 (compatible; MJ12bot/v1.4.5; http://www.majestic12.co.uk/bot.php?+)" "saveaslave.com"
148.251.183.105 - - [02/Dec/2014:13:15:57 -0800] "GET /israel HTTP/1.1" 200 5455 "-" "Mozilla/5.0 (compatible; MJ12bot/v1.4.5; http://www.majestic12.co.uk/bot.php?+)" "saveaslave.com"
148.251.183.105 - - [02/Dec/2014:13:16:13 -0800] "GET /jamaica HTTP/1.1" 200 5464 "-" "Mozilla/5.0 (compatible; MJ12bot/v1.4.5; http://www.majestic12.co.uk/bot.php?+)" "saveaslave.com"
148.251.183.105 - - [02/Dec/2014:13:17:00 -0800] "GET /robots.txt HTTP/1.1" 404 89 "-" "Mozilla/5.0 (compatible; MJ12bot/v1.4.5; http://www.majestic12.co.uk/bot.php?+)" "saveaslave.com"
148.251.183.105 - - [02/Dec/2014:13:17:19 -0800] "GET /kuwait.html HTTP/1.1" 200 5454 "-" "Mozilla/5.0 (compatible; MJ12bot/v1.4.5; http://www.majestic12.co.uk/bot.php?+)" "saveaslave.com"
148.251.183.105 - - [02/Dec/2014:13:17:23 -0800] "GET /kyrgyzstan.html HTTP/1.0" 200 5491 "-" "Mozilla/5.0 (compatible; MJ12bot/v1.4.5; http://www.majestic12.co.uk/bot.php?+)" "saveaslave.com"
148.251.183.105 - - [02/Dec/2014:13:18:12 -0800] "GET /laos HTTP/1.1" 200 5437 "-" "Mozilla/5.0 (compatible; MJ12bot/v1.4.5; http://www.majestic12.co.uk/bot.php?+)" "saveaslave.com"
148.251.183.105 - - [02/Dec/2014:13:18:23 -0800] "GET /robots.txt HTTP/1.1" 404 89 "-" "Mozilla/5.0 (compatible; MJ12bot/v1.4.5; http://www.majestic12.co.uk/bot.php?+)" "saveaslave.com"
148.251.183.105 - - [02/Dec/2014:13:18:38 -0800] "GET /?tpl=hospitals&Itemid=11&countrycode=us HTTP/1.1" 200 29279 "-" "Mozilla/5.0 (compatible; MJ12bot/v1.4.5; http://www.majestic12.co.uk/bot.php?+)" "www.saveaslave.com"
148.251.183.105 - - [02/Dec/2014:13:18:46 -0800] "GET /Adoption.html HTTP/1.1" 404 89 "-" "Mozilla/5.0 (compatible; MJ12bot/v1.4.5; http://www.majestic12.co.uk/bot.php?+)" "www.saveaslave.com"
148.251.183.105 - - [02/Dec/2014:13:18:56 -0800] "GET /Afghanistan.html HTTP/1.1" 404 89 "-" "Mozilla/5.0 (compatible; MJ12bot/v1.4.5; http://www.majestic12.co.uk/bot.php?+)" "www.saveaslave.com"
148.251.183.105 - - [02/Dec/2014:13:19:02 -0800] "GET /Marriage.html HTTP/1.1" 404 89 "-" "Mozilla/5.0 (compatible; MJ12bot/v1.4.5; http://www.majestic12.co.uk/bot.php?+)" "www.saveaslave.com"
54.243.48.119 - - [02/Dec/2014:13:20:35 -0800] "GET /congo HTTP/1.1" 404 89 "-" "Mozilla/5.0 (Windows; U; Windows NT 5.1; en-US; rv:1.9.2.8) Gecko/20100722 Firefox/3.6.8" "saveaslave.com"
144.76.137.226 - - [02/Dec/2014:14:07:00 -0800] "GET /robots.txt HTTP/1.1" 404 89 "-" "Mozilla/5.0 (compatible; MJ12bot/v1.4.5; http://www.majestic12.co.uk/bot.php?+)" "www.saveaslave.com"
144.76.137.226 - - [02/Dec/2014:14:07:05 -0800] "GET /articles/moder%E2%80%A6 HTTP/1.0" 404 73 "-" "Mozilla/5.0 (compatible; MJ12bot/v1.4.5; http://www.majestic12.co.uk/bot.php?+)" "www.saveaslave.com"
121.205.248.38 - - [02/Dec/2014:14:42:48 -0800] "GET /site/?page_id=28 HTTP/1.1" 404 89 "-" "Mozilla/4.0 (compatible; MSIE 6.0; Windows NT 5.1; SV1; Mozilla/4.0 (compatible; MSIE 6.0; Windows NT 5.1; SV1) ; .NET CLR 2.0.50727 ; .NET CLR 4.0.30319)" "saveaslave.com"
66.249.69.199 - - [02/Dec/2014:14:54:31 -0800] "GET /images/Qatar_region.gif HTTP/1.1" 404 89 "-" "Googlebot-Image/1.0" "www.saveaslave.com"
222.77.83.231 - - [02/Dec/2014:15:43:36 -0800] "GET /site/?page_id=28 HTTP/1.1" 404 89 "-" "Mozilla/4.0 (compatible; MSIE 6.0; Windows NT 5.1; SV1; Mozilla/4.0 (compatible; MSIE 6.0; Windows NT 5.1; SV1) ; .NET CLR 1.0.3705)" "saveaslave.com"
222.77.83.231 - - [02/Dec/2014:15:43:37 -0800] "GET /site/?p=34 HTTP/1.1" 404 89 "-" "Mozilla/4.0 (compatible; MSIE 6.0; Windows NT 5.1; SV1; Mozilla/4.0 (compatible; MSIE 6.0; Windows NT 5.1; SV1) ; .NET CLR 1.0.3705)" "saveaslave.com"
222.77.83.231 - - [02/Dec/2014:15:43:39 -0800] "GET /site/?p=2 HTTP/1.1" 404 89 "-" "Mozilla/4.0 (compatible; MSIE 6.0; Windows NT 5.1; SV1; Mozilla/4.0 (compatible; MSIE 6.0; Windows NT 5.1; SV1) )" "saveaslave.com"
199.15.233.184 - - [02/Dec/2014:15:49:38 -0800] "GET /site/?p=56 HTTP/1.1" 404 89 "http://saveaslave.com/site/?p=56" "Mozilla/5.0 (Windows NT 6.1; WOW64) AppleWebKit/537.36 (KHTML, like Gecko) Chrome/36.0.1985.143 Safari/537.36 OPR/23.0.1522.77 (Edition Campaign 37)" "saveaslave.com"
62.210.79.180 - - [02/Dec/2014:15:52:08 -0800] "GET / HTTP/1.1" 200 29279 "http://www.saveaslave.com/" "Mozilla/5.0 (Windows NT 6.3; WOW64) AppleWebKit/537.36 (KHTML, like Gecko) Chrome/36.0.1985.143 Safari/537.36 OPR/23.0.1522.77" "www.saveaslave.com"
66.249.75.122 - - [02/Dec/2014:16:10:16 -0800] "GET /images/Turkey_flag.gif HTTP/1.1" 404 89 "-" "Googlebot-Image/1.0" "saveaslave.com"
178.137.94.34 - - [02/Dec/2014:16:34:31 -0800] "GET / HTTP/1.1" 200 29279 "http://makedo.ru/" "Mozilla/1.22 (compatible; MSIE 2.0; Windows 95)" "www.saveaslave.com"
178.137.94.34 - - [02/Dec/2014:16:34:32 -0800] "GET / HTTP/1.1" 200 29279 "http://conexmin.ru/" "Mozilla/1.22 (compatible; MSIE 2.0; Windows 95)" "www.saveaslave.com"
178.137.94.34 - - [02/Dec/2014:16:34:33 -0800] "GET / HTTP/1.1" 200 29279 "http://makedo.ru/" "Mozilla/1.22 (compatible; MSIE 2.0; Windows 95)" "www.saveaslave.com"
68.203.237.64 - - [02/Dec/2014:17:10:29 -0800] "GET /images/header.png HTTP/1.1" 200 84658 "-" "Mozilla/5.0 (Windows NT 6.1; WOW64; rv:33.0) Gecko/20100101 Firefox/33.0" "saveaslave.com"
208.115.111.70 - - [02/Dec/2014:17:11:16 -0800] "GET /china.html HTTP/1.1" 200 5411 "-" "Mozilla/5.0 (compatible; DotBot/1.1; http://www.opensiteexplorer.org/dotbot, help@moz.com)" "saveaslave.com"
222.77.83.231 - - [02/Dec/2014:17:29:30 -0800] "GET /site/?p=2 HTTP/1.1" 404 89 "-" "Mozilla/4.0 (compatible; MSIE 6.0; Windows NT 5.1; SV1; Mozilla/4.0 (compatible; MSIE 6.0; Windows NT 5.1; SV1) ; .NET CLR 2.0.50727 ; .NET CLR 4.0.30319)" "saveaslave.com"
222.77.83.231 - - [02/Dec/2014:17:29:33 -0800] "GET /site/?p=34 HTTP/1.1" 404 89 "-" "Mozilla/4.0 (compatible; MSIE 6.0; Windows NT 5.1; SV1; Mozilla/4.0 (compatible; MSIE 6.0; Windows NT 5.1; SV1) ; .NET CLR 2.0.50727 ; .NET CLR 4.0.30319)" "saveaslave.com"
211.1.214.171 - - [02/Dec/2014:17:30:53 -0800] "GET / HTTP/1.1" 200 29279 "http://www.save-the-slave.com/link.html" "Mozilla/5.0 (iPad; CPU OS 8_1_1 like Mac OS X) AppleWebKit/600.1.4 (KHTML, like Gecko) Version/8.0 Mobile/12B435 Safari/600.1.4" "www.saveaslave.com"
211.1.214.171 - - [02/Dec/2014:17:30:54 -0800] "GET /images/slaves.jpg HTTP/1.1" 200 64009 "http://www.saveaslave.com/" "Mozilla/5.0 (iPad; CPU OS 8_1_1 like Mac OS X) AppleWebKit/600.1.4 (KHTML, like Gecko) Version/8.0 Mobile/12B435 Safari/600.1.4" "www.saveaslave.com"
211.1.214.171 - - [02/Dec/2014:17:30:54 -0800] "GET /css/style.css HTTP/1.1" 200 660 "http://www.saveaslave.com/" "Mozilla/5.0 (iPad; CPU OS 8_1_1 like Mac OS X) AppleWebKit/600.1.4 (KHTML, like Gecko) Version/8.0 Mobile/12B435 Safari/600.1.4" "www.saveaslave.com"
211.1.214.171 - - [02/Dec/2014:17:30:54 -0800] "GET /images/givebtn.png HTTP/1.1" 200 26179 "http://www.saveaslave.com/" "Mozilla/5.0 (iPad; CPU OS 8_1_1 like Mac OS X) AppleWebKit/600.1.4 (KHTML, like Gecko) Version/8.0 Mobile/12B435 Safari/600.1.4" "www.saveaslave.com"
211.1.214.171 - - [02/Dec/2014:17:30:54 -0800] "GET /jquery.marquee.js HTTP/1.1" 200 6560 "http://www.saveaslave.com/" "Mozilla/5.0 (iPad; CPU OS 8_1_1 like Mac OS X) AppleWebKit/600.1.4 (KHTML, like Gecko) Version/8.0 Mobile/12B435 Safari/600.1.4" "www.saveaslave.com"
222.239.162.7 - - [02/Dec/2014:17:47:47 -0800] "GET / HTTP/1.1" 200 29279 "http://search.daum.net/" "Mozilla/5.0 (compatible; MSIE or Firefox mutant; not on Windows server; + http://tab.search.daum.net/aboutWebSearch.html) Daumoa/3.0" "saveaslave.com"
68.180.228.59 - - [02/Dec/2014:17:48:59 -0800] "GET /robots.txt HTTP/1.1" 404 89 "-" "Mozilla/5.0 (compatible; Yahoo! Slurp; http://help.yahoo.com/help/us/ysearch/slurp)" "www.saveaslave.com"
66.249.84.225 - - [02/Dec/2014:17:58:24 -0800] "GET / HTTP/1.1" 200 29279 "-" "Mozilla/5.0 (Windows NT 6.1; rv:6.0) Gecko/20110814 Firefox/6.0 Google favicon" "www.saveaslave.com"
66.249.84.231 - - [02/Dec/2014:17:58:29 -0800] "GET /favicon.ico HTTP/1.1" 404 89 "-" "Mozilla/5.0 (Windows NT 6.1; rv:6.0) Gecko/20110814 Firefox/6.0 Google favicon" "www.saveaslave.com"
65.36.241.77 - - [02/Dec/2014:18:46:53 -0800] "HEAD / HTTP/1.1" 200 0 "-" "InternetSeer.com" "www.saveaslave.com"
208.115.113.86 - - [02/Dec/2014:19:05:40 -0800] "GET /puertorico HTTP/1.1" 404 89 "-" "Mozilla/5.0 (compatible; DotBot/1.1; http://www.opensiteexplorer.org/dotbot, help@moz.com)" "www.saveaslave.com"
208.115.113.86 - - [02/Dec/2014:19:05:45 -0800] "GET /togo.html HTTP/1.1" 200 5444 "-" "Mozilla/5.0 (compatible; DotBot/1.1; http://www.opensiteexplorer.org/dotbot, help@moz.com)" "www.saveaslave.com"
208.115.113.86 - - [02/Dec/2014:19:05:45 -0800] "GET /marshallislands.html HTTP/1.1" 404 89 "-" "Mozilla/5.0 (compatible; DotBot/1.1; http://www.opensiteexplorer.org/dotbot, help@moz.com)" "www.saveaslave.com"
72.168.96.124 - - [02/Dec/2014:19:28:13 -0800] "GET / HTTP/1.1" 200 29279 "-" "Mozilla/5.0 (Windows NT 6.1; WOW64; Trident/7.0; yie11; rv:11.0) like Gecko" "www.saveaslave.com"
72.168.96.124 - - [02/Dec/2014:19:28:13 -0800] "GET /css/style.css HTTP/1.1" 200 660 "http://www.saveaslave.com/" "Mozilla/5.0 (Windows NT 6.1; WOW64; Trident/7.0; yie11; rv:11.0) like Gecko" "www.saveaslave.com"
72.168.96.124 - - [02/Dec/2014:19:28:13 -0800] "GET /images/slaves.jpg HTTP/1.1" 200 64009 "http://www.saveaslave.com/" "Mozilla/5.0 (Windows NT 6.1; WOW64; Trident/7.0; yie11; rv:11.0) like Gecko" "www.saveaslave.com"
72.168.96.124 - - [02/Dec/2014:19:28:14 -0800] "GET /images/givebtn.png HTTP/1.1" 200 26179 "http://www.saveaslave.com/" "Mozilla/5.0 (Windows NT 6.1; WOW64; Trident/7.0; yie11; rv:11.0) like Gecko" "www.saveaslave.com"
72.168.96.124 - - [02/Dec/2014:19:31:27 -0800] "GET / HTTP/1.1" 200 29279 "-" "Mozilla/5.0 (Windows NT 6.1; WOW64; Trident/7.0; yie11; rv:11.0) like Gecko" "www.saveaslave.com"
65.36.241.77 - - [02/Dec/2014:19:50:35 -0800] "HEAD / HTTP/1.1" 200 0 "-" "InternetSeer.com" "www.saveaslave.com"
65.36.241.79 - - [02/Dec/2014:20:49:50 -0800] "HEAD /?tpl=references&Itemid=3 HTTP/1.1" 200 0 "-" "InternetSeer.com" "www.saveaslave.com"
66.249.69.199 - - [02/Dec/2014:21:40:06 -0800] "GET /robots.txt HTTP/1.1" 404 89 "-" "Mozilla/5.0 (compatible; Googlebot/2.1; +http://www.google.com/bot.html)" "www.saveaslave.com"
65.36.241.77 - - [02/Dec/2014:21:55:31 -0800] "HEAD / HTTP/1.1" 200 0 "-" "InternetSeer.com" "www.saveaslave.com"
66.249.69.199 - - [02/Dec/2014:22:09:30 -0800] "GET /images/China_region.gif HTTP/1.1" 404 89 "-" "Googlebot-Image/1.0" "www.saveaslave.com"
66.249.69.183 - - [02/Dec/2014:22:17:33 -0800] "GET /under_construction.html HTTP/1.1" 404 89 "-" "Mozilla/5.0 (compatible; Googlebot/2.1; +http://www.google.com/bot.html)" "www.saveaslave.com"
66.249.75.106 - - [02/Dec/2014:22:18:55 -0800] "GET /haiti HTTP/1.1" 404 89 "-" "Mozilla/5.0 (compatible; Googlebot/2.1; +http://www.google.com/bot.html)" "saveaslave.com"
66.249.69.199 - - [02/Dec/2014:22:20:51 -0800] "GET /germany.html HTTP/1.1" 404 89 "-" "Mozilla/5.0 (compatible; Googlebot/2.1; +http://www.google.com/bot.html)" "www.saveaslave.com"
66.249.75.122 - - [02/Dec/2014:22:35:13 -0800] "GET /haiti.html HTTP/1.1" 404 89 "-" "Mozilla/5.0 (compatible; Googlebot/2.1; +http://www.google.com/bot.html)" "saveaslave.com"
207.46.13.38 - - [02/Dec/2014:22:51:59 -0800] "GET /robots.txt HTTP/1.1" 404 89 "-" "Mozilla/5.0 (compatible; bingbot/2.0; +http://www.bing.com/bingbot.htm)" "www.saveaslave.com"
66.249.75.122 - - [02/Dec/2014:22:52:07 -0800] "GET /images/Uruguay_region.gif HTTP/1.1" 404 89 "-" "Googlebot-Image/1.0" "saveaslave.com"
207.46.13.38 - - [02/Dec/2014:22:53:20 -0800] "GET /paraguay HTTP/1.1" 200 5473 "-" "Mozilla/5.0 (compatible; bingbot/2.0; +http://www.bing.com/bingbot.htm)" "www.saveaslave.com"
157.55.39.32 - - [02/Dec/2014:23:57:03 -0800] "GET /robots.txt HTTP/1.1" 404 89 "-" "Mozilla/5.0 (compatible; bingbot/2.0; +http://www.bing.com/bingbot.htm)" "www.saveaslave.com"
54.243.48.119 - - [02/Dec/2014:23:58:25 -0800] "GET /northern-mariana-islands.html HTTP/1.1" 200 5617 "-" "Mozilla/5.0 (Windows; U; Windows NT 5.1; en-US; rv:1.9.2.8) Gecko/20100722 Firefox/3.6.8" "www.saveaslave.com"
157.55.39.32 - - [02/Dec/2014:23:59:47 -0800] "GET /Adoption.html HTTP/1.1" 404 89 "-" "Mozilla/5.0 (compatible; bingbot/2.0; +http://www.bing.com/bingbot.htm)" "www.saveaslave.com"
65.36.241.76 - - [03/Dec/2014:00:03:00 -0800] "GET / HTTP/1.1" 200 29279 "-" "InternetSeer.com" "www.saveaslave.com"
208.115.113.86 - - [03/Dec/2014:00:13:52 -0800] "GET /robots.txt HTTP/1.1" 404 89 "-" "Mozilla/5.0 (compatible; DotBot/1.1; http://www.opensiteexplorer.org/dotbot, help@moz.com)" "www.saveaslave.com"
208.115.113.86 - - [03/Dec/2014:00:13:52 -0800] "GET /robots.txt HTTP/1.1" 404 89 "-" "Mozilla/5.0 (compatible; DotBot/1.1; http://www.opensiteexplorer.org/dotbot, help@moz.com)" "saveaslave.com"
178.137.94.34 - - [03/Dec/2014:00:20:11 -0800] "GET / HTTP/1.1" 200 29279 "http://banan.tv/" "Opera/9.00 (Windows NT 4.0; U; en)" "www.saveaslave.com"
178.137.94.34 - - [03/Dec/2014:00:20:12 -0800] "GET / HTTP/1.1" 200 29279 "http://banan.tv/" "Opera/9.00 (Windows NT 4.0; U; en)" "www.saveaslave.com"
96.231.132.75 - - [03/Dec/2014:00:52:11 -0800] "GET /robots.txt HTTP/1.1" 404 89 "-" "Mozilla/4.0 (compatible; T-H-U-N-D-E-R-S-T-O-N-E)" "www.saveaslave.com"
96.231.132.75 - - [03/Dec/2014:00:52:11 -0800] "GET /slave%20in%20Puglia.html HTTP/1.1" 404 89 "-" "Mozilla/4.0 (compatible; T-H-U-N-D-E-R-S-T-O-N-E)" "www.saveaslave.com"
96.231.132.75 - - [03/Dec/2014:00:52:11 -0800] "GET /antislaveryquiz.html HTTP/1.1" 404 89 "-" "Mozilla/4.0 (compatible; T-H-U-N-D-E-R-S-T-O-N-E)" "www.saveaslave.com"
84.196.210.205 - - [03/Dec/2014:01:07:06 -0800] "GET /samoa.html HTTP/1.1" 200 5446 "-" "Mozilla/5.0 (Macintosh; Intel Mac OS X 10_10) AppleWebKit/600.1.25 (KHTML, like Gecko) Version/8.0 Safari/600.1.25" "www.saveaslave.com"
84.196.210.205 - - [03/Dec/2014:01:07:07 -0800] "GET /favicon.ico HTTP/1.1" 404 89 "http://www.saveaslave.com/samoa.html" "Mozilla/5.0 (Macintosh; Intel Mac OS X 10_10) AppleWebKit/600.1.25 (KHTML, like Gecko) Version/8.0 Safari/600.1.25" "www.saveaslave.com"
84.196.210.205 - - [03/Dec/2014:01:07:07 -0800] "GET /apple-touch-icon-precomposed.png HTTP/1.1" 404 89 "-" "com.apple.WebKit.WebContent/10600.1.25 CFNetwork/720.0.9 Darwin/14.0.0 (x86_64)" "www.saveaslave.com"
84.196.210.205 - - [03/Dec/2014:01:07:07 -0800] "GET /apple-touch-icon.png HTTP/1.1" 404 89 "-" "com.apple.WebKit.WebContent/10600.1.25 CFNetwork/720.0.9 Darwin/14.0.0 (x86_64)" "www.saveaslave.com"
65.36.241.77 - - [03/Dec/2014:01:09:52 -0800] "HEAD / HTTP/1.1" 200 0 "-" "InternetSeer.com" "www.saveaslave.com"
66.249.69.199 - - [03/Dec/2014:01:13:14 -0800] "GET /images/Tunisia_map.gif HTTP/1.1" 404 89 "-" "Googlebot-Image/1.0" "www.saveaslave.com"
65.36.241.77 - - [03/Dec/2014:02:13:20 -0800] "HEAD / HTTP/1.1" 200 0 "-" "InternetSeer.com" "www.saveaslave.com"
54.243.48.119 - - [03/Dec/2014:02:18:26 -0800] "GET /north-korea.html HTTP/1.1" 200 5500 "-" "Mozilla/5.0 (Windows; U; Windows NT 5.1; en-US; rv:1.9.2.8) Gecko/20100722 Firefox/3.6.8" "www.saveaslave.com"
61.135.189.175 - - [03/Dec/2014:02:51:41 -0800] "GET / HTTP/1.1" 200 29279 "-" "Sogou web spider/4.0(+http://www.sogou.com/docs/help/webmasters.htm#07)" "saveaslave.com"
188.81.126.49 - - [03/Dec/2014:02:57:48 -0800] "GET /css/style.css HTTP/1.1" 200 660 "http://saveaslave.com/" "Mozilla/5.0 (Windows NT 6.1; WOW64) AppleWebKit/537.36 (KHTML, like Gecko) Chrome/36.0.1985.143 Safari/537.36" "saveaslave.com"
188.81.126.49 - - [03/Dec/2014:02:57:48 -0800] "GET /jquery.marquee.js HTTP/1.1" 200 6560 "http://saveaslave.com/" "Mozilla/5.0 (Windows NT 6.1; WOW64) AppleWebKit/537.36 (KHTML, like Gecko) Chrome/36.0.1985.143 Safari/537.36" "saveaslave.com"
188.81.126.49 - - [03/Dec/2014:02:57:48 -0800] "GET /images/header.png HTTP/1.1" 200 84658 "http://saveaslave.com/" "Mozilla/5.0 (Windows NT 6.1; WOW64) AppleWebKit/537.36 (KHTML, like Gecko) Chrome/36.0.1985.143 Safari/537.36" "saveaslave.com"
188.81.126.49 - - [03/Dec/2014:02:58:00 -0800] "GET /jquery-1.3.2.min.js HTTP/1.1" 200 57254 "http://saveaslave.com/" "Mozilla/5.0 (Windows NT 6.1; WOW64) AppleWebKit/537.36 (KHTML, like Gecko) Chrome/36.0.1985.143 Safari/537.36" "saveaslave.com"
188.81.126.49 - - [03/Dec/2014:02:58:01 -0800] "GET /images/slaves.jpg HTTP/1.1" 200 64009 "http://saveaslave.com/" "Mozilla/5.0 (Windows NT 6.1; WOW64) AppleWebKit/537.36 (KHTML, like Gecko) Chrome/36.0.1985.143 Safari/537.36" "saveaslave.com"
208.115.113.86 - - [03/Dec/2014:03:07:21 -0800] "GET /guatemala HTTP/1.1" 404 89 "-" "Mozilla/5.0 (compatible; DotBot/1.1; http://www.opensiteexplorer.org/dotbot, help@moz.com)" "www.saveaslave.com"
208.115.113.86 - - [03/Dec/2014:03:07:22 -0800] "GET /vatican HTTP/1.1" 404 89 "-" "Mozilla/5.0 (compatible; DotBot/1.1; http://www.opensiteexplorer.org/dotbot, help@moz.com)" "www.saveaslave.com"
208.115.113.86 - - [03/Dec/2014:03:07:23 -0800] "GET /namibia HTTP/1.1" 200 5464 "-" "Mozilla/5.0 (compatible; DotBot/1.1; http://www.opensiteexplorer.org/dotbot, help@moz.com)" "www.saveaslave.com"
208.115.113.86 - - [03/Dec/2014:03:07:23 -0800] "GET /malta HTTP/1.1" 200 5446 "-" "Mozilla/5.0 (compatible; DotBot/1.1; http://www.opensiteexplorer.org/dotbot, help@moz.com)" "www.saveaslave.com"
208.115.113.86 - - [03/Dec/2014:03:07:33 -0800] "GET /cookislands.html HTTP/1.1" 404 89 "-" "Mozilla/5.0 (compatible; DotBot/1.1; http://www.opensiteexplorer.org/dotbot, help@moz.com)" "www.saveaslave.com"
66.249.69.215 - - [03/Dec/2014:03:32:18 -0800] "GET /estonia.html HTTP/1.1" 404 89 "-" "Mozilla/5.0 (compatible; Googlebot/2.1; +http://www.google.com/bot.html)" "www.saveaslave.com"
177.192.69.235 - - [03/Dec/2014:03:45:24 -0800] "GET / HTTP/1.1" 200 29279 "http://buttons-for-website.com" "Mozilla/5.0 (Windows NT 6.1; WOW64) AppleWebKit/537.36 (KHTML, like Gecko) Chrome/36.0.1985.143 Safari/537.36" "saveaslave.com"
177.192.69.235 - - [03/Dec/2014:03:45:25 -0800] "GET /css/style.css HTTP/1.1" 200 660 "http://saveaslave.com/" "Mozilla/5.0 (Windows NT 6.1; WOW64) AppleWebKit/537.36 (KHTML, like Gecko) Chrome/36.0.1985.143 Safari/537.36" "saveaslave.com"
177.192.69.235 - - [03/Dec/2014:03:45:25 -0800] "GET /jquery.marquee.js HTTP/1.1" 200 6560 "http://saveaslave.com/" "Mozilla/5.0 (Windows NT 6.1; WOW64) AppleWebKit/537.36 (KHTML, like Gecko) Chrome/36.0.1985.143 Safari/537.36" "saveaslave.com"
177.192.69.235 - - [03/Dec/2014:03:45:25 -0800] "GET /jquery-1.3.2.min.js HTTP/1.1" 200 57254 "http://saveaslave.com/" "Mozilla/5.0 (Windows NT 6.1; WOW64) AppleWebKit/537.36 (KHTML, like Gecko) Chrome/36.0.1985.143 Safari/537.36" "saveaslave.com"
177.192.69.235 - - [03/Dec/2014:03:45:25 -0800] "GET /images/slaves.jpg HTTP/1.1" 200 64009 "http://saveaslave.com/" "Mozilla/5.0 (Windows NT 6.1; WOW64) AppleWebKit/537.36 (KHTML, like Gecko) Chrome/36.0.1985.143 Safari/537.36" "saveaslave.com"
207.46.13.82 - - [03/Dec/2014:03:47:35 -0800] "GET /lebanon.html HTTP/1.1" 200 5464 "-" "Mozilla/5.0 (compatible; bingbot/2.0; +http://www.bing.com/bingbot.htm)" "saveaslave.com"
157.55.39.32 - - [03/Dec/2014:03:52:59 -0800] "GET /venezuela HTTP/1.1" 200 5489 "-" "Mozilla/5.0 (compatible; bingbot/2.0; +http://www.bing.com/bingbot.htm)" "www.saveaslave.com"
134.249.76.28 - - [03/Dec/2014:04:03:17 -0800] "GET / HTTP/1.1" 200 29279 "http://kupitmishku.ru/" "Mozilla/4.0 (compatible; MSIE 6.0; Windows NT 5.0; .NET CLR 1.0.3705; .NET CLR 1.1.4322)" "www.saveaslave.com"
134.249.76.28 - - [03/Dec/2014:04:03:18 -0800] "GET / HTTP/1.1" 200 29279 "http://kupitmishku.ru/" "Mozilla/4.0 (compatible; MSIE 6.0; Windows NT 5.0; .NET CLR 1.0.3705; .NET CLR 1.1.4322)" "www.saveaslave.com"
134.249.76.28 - - [03/Dec/2014:04:03:18 -0800] "GET / HTTP/1.1" 200 29279 "http://kupitmishku.ru/" "Mozilla/4.0 (compatible; MSIE 6.0; Windows NT 5.0; .NET CLR 1.0.3705; .NET CLR 1.1.4322)" "www.saveaslave.com"
65.36.241.77 - - [03/Dec/2014:04:18:53 -0800] "HEAD / HTTP/1.1" 200 0 "-" "InternetSeer.com" "www.saveaslave.com"
207.46.13.82 - - [03/Dec/2014:04:47:12 -0800] "GET /images/countrymap/saint-vincent-grenadines.gif HTTP/1.1" 200 9720 "-" "Mozilla/5.0 (compatible; bingbot/2.0; +http://www.bing.com/bingbot.htm)" "saveaslave.com"
157.55.39.32 - - [03/Dec/2014:04:53:08 -0800] "GET /images/countrymap/navassa-island.gif HTTP/1.1" 200 4751 "-" "Mozilla/5.0 (compatible; bingbot/2.0; +http://www.bing.com/bingbot.htm)" "www.saveaslave.com"
157.55.39.32 - - [03/Dec/2014:04:53:08 -0800] "GET /bangladesh.html HTTP/1.1" 200 5432 "-" "Mozilla/5.0 (compatible; bingbot/2.0; +http://www.bing.com/bingbot.htm)" "saveaslave.com"
207.46.13.82 - - [03/Dec/2014:05:09:07 -0800] "GET /images/Slovenia_region.gif HTTP/1.1" 404 89 "-" "Mozilla/5.0 (compatible; bingbot/2.0; +http://www.bing.com/bingbot.htm)" "www.saveaslave.com"
207.46.13.82 - - [03/Dec/2014:05:09:07 -0800] "GET /images/Iran_map.gif HTTP/1.1" 404 89 "-" "Mozilla/5.0 (compatible; bingbot/2.0; +http://www.bing.com/bingbot.htm)" "www.saveaslave.com"
207.46.13.82 - - [03/Dec/2014:05:09:07 -0800] "GET /images/countrymap/saint-martin.gif HTTP/1.1" 200 17935 "-" "Mozilla/5.0 (compatible; bingbot/2.0; +http://www.bing.com/bingbot.htm)" "www.saveaslave.com"
157.55.39.99 - - [03/Dec/2014:05:09:18 -0800] "GET /images/banner.jpg HTTP/1.1" 404 89 "-" "Mozilla/5.0 (compatible; bingbot/2.0; +http://www.bing.com/bingbot.htm)" "www.saveaslave.com"
207.46.13.38 - - [03/Dec/2014:05:09:53 -0800] "GET /clipart/pageHeaders/travelPhoto_blue.jpg HTTP/1.1" 404 89 "-" "Mozilla/5.0 (compatible; bingbot/2.0; +http://www.bing.com/bingbot.htm)" "www.saveaslave.com"
207.46.13.38 - - [03/Dec/2014:05:09:54 -0800] "GET /images/countrymap/marshall-islands.gif HTTP/1.1" 200 9246 "-" "Mozilla/5.0 (compatible; bingbot/2.0; +http://www.bing.com/bingbot.htm)" "www.saveaslave.com"
187.0.148.162 - - [03/Dec/2014:05:46:20 -0800] "GET /jquery.marquee.js HTTP/1.1" 200 6560 "http://saveaslave.com/" "Mozilla/5.0 (Windows NT 6.1; WOW64) AppleWebKit/537.36 (KHTML, like Gecko) Chrome/36.0.1985.143 Safari/537.36" "saveaslave.com"
207.46.13.82 - - [03/Dec/2014:05:54:03 -0800] "GET /images/countrymap/papua-new-guinea.gif HTTP/1.1" 200 29833 "-" "Mozilla/5.0 (compatible; bingbot/2.0; +http://www.bing.com/bingbot.htm)" "saveaslave.com"
65.36.241.77 - - [03/Dec/2014:06:24:29 -0800] "HEAD / HTTP/1.1" 200 0 "-" "InternetSeer.com" "www.saveaslave.com"
62.210.211.148 - - [03/Dec/2014:06:40:36 -0800] "GET / HTTP/1.0" 200 29279 "http://www.saveaslave.com/" "Mozilla/5.0 (Windows NT 6.3; WOW64) AppleWebKit/537.36 (KHTML, like Gecko) Chrome/36.0.1985.125 Safari/537.36" "www.saveaslave.com"
188.165.15.201 - - [03/Dec/2014:06:40:51 -0800] "GET /robots.txt HTTP/1.1" 404 89 "-" "Mozilla/5.0 (compatible; AhrefsBot/5.0; +http://ahrefs.com/robot/)" "saveaslave.com"
151.18.38.141 - - [03/Dec/2014:06:56:52 -0800] "GET / HTTP/1.1" 200 29279 "http://buttons-for-website.com" "Mozilla/5.0 (Windows NT 6.1; WOW64) AppleWebKit/537.36 (KHTML, like Gecko) Chrome/36.0.1985.143 Safari/537.36" "saveaslave.com"
151.18.38.141 - - [03/Dec/2014:06:56:53 -0800] "GET /css/style.css HTTP/1.1" 200 660 "http://saveaslave.com/" "Mozilla/5.0 (Windows NT 6.1; WOW64) AppleWebKit/537.36 (KHTML, like Gecko) Chrome/36.0.1985.143 Safari/537.36" "saveaslave.com"
151.18.38.141 - - [03/Dec/2014:06:56:53 -0800] "GET /jquery-1.3.2.min.js HTTP/1.1" 200 57254 "http://saveaslave.com/" "Mozilla/5.0 (Windows NT 6.1; WOW64) AppleWebKit/537.36 (KHTML, like Gecko) Chrome/36.0.1985.143 Safari/537.36" "saveaslave.com"
151.18.38.141 - - [03/Dec/2014:06:56:53 -0800] "GET /images/givebtn.png HTTP/1.1" 200 26179 "http://saveaslave.com/" "Mozilla/5.0 (Windows NT 6.1; WOW64) AppleWebKit/537.36 (KHTML, like Gecko) Chrome/36.0.1985.143 Safari/537.36" "saveaslave.com"
151.18.38.141 - - [03/Dec/2014:06:57:06 -0800] "GET /images/slaves.jpg HTTP/1.1" 200 64009 "http://saveaslave.com/" "Mozilla/5.0 (Windows NT 6.1; WOW64) AppleWebKit/537.36 (KHTML, like Gecko) Chrome/36.0.1985.143 Safari/537.36" "saveaslave.com"
5.9.36.119 - - [03/Dec/2014:07:01:14 -0800] "GET / HTTP/1.1" 200 29279 "-" "Mozilla/5.0 (compatible; SISTRIX Crawler; http://crawler.sistrix.net/)" "www.saveaslave.com"
5.9.36.119 - - [03/Dec/2014:07:01:17 -0800] "GET /afghanistan.html HTTP/1.1" 200 5418 "-" "Mozilla/5.0 (compatible; SISTRIX Crawler; http://crawler.sistrix.net/)" "www.saveaslave.com"
5.9.36.119 - - [03/Dec/2014:07:01:30 -0800] "GET /sudan.html HTTP/1.1" 200 5452 "-" "Mozilla/5.0 (compatible; SISTRIX Crawler; http://crawler.sistrix.net/)" "www.saveaslave.com"
5.9.36.119 - - [03/Dec/2014:07:01:36 -0800] "GET /syria.html HTTP/1.1" 200 5453 "-" "Mozilla/5.0 (compatible; SISTRIX Crawler; http://crawler.sistrix.net/)" "www.saveaslave.com"
5.9.36.119 - - [03/Dec/2014:07:01:39 -0800] "GET /thailand.html HTTP/1.1" 200 5480 "-" "Mozilla/5.0 (compatible; SISTRIX Crawler; http://crawler.sistrix.net/)" "www.saveaslave.com"
5.9.36.119 - - [03/Dec/2014:07:02:02 -0800] "GET /tunisia.html HTTP/1.1" 200 5471 "-" "Mozilla/5.0 (compatible; SISTRIX Crawler; http://crawler.sistrix.net/)" "www.saveaslave.com"
5.9.36.119 - - [03/Dec/2014:07:02:05 -0800] "GET /wake-island.html HTTP/1.1" 200 5507 "-" "Mozilla/5.0 (compatible; SISTRIX Crawler; http://crawler.sistrix.net/)" "www.saveaslave.com"
5.9.36.119 - - [03/Dec/2014:07:02:08 -0800] "GET /dominica.html HTTP/1.1" 200 5414 "-" "Mozilla/5.0 (compatible; SISTRIX Crawler; http://crawler.sistrix.net/)" "www.saveaslave.com"
5.9.36.119 - - [03/Dec/2014:07:02:09 -0800] "GET /belarus.html HTTP/1.1" 200 5417 "-" "Mozilla/5.0 (compatible; SISTRIX Crawler; http://crawler.sistrix.net/)" "www.saveaslave.com"
5.9.36.119 - - [03/Dec/2014:07:02:14 -0800] "GET /brunei.html HTTP/1.1" 200 5396 "-" "Mozilla/5.0 (compatible; SISTRIX Crawler; http://crawler.sistrix.net/)" "www.saveaslave.com"
5.9.36.119 - - [03/Dec/2014:07:02:16 -0800] "GET /vanuatu.html HTTP/1.1" 200 5471 "-" "Mozilla/5.0 (compatible; SISTRIX Crawler; http://crawler.sistrix.net/)" "www.saveaslave.com"
5.9.36.119 - - [03/Dec/2014:07:02:32 -0800] "GET /china.html HTTP/1.1" 200 5411 "-" "Mozilla/5.0 (compatible; SISTRIX Crawler; http://crawler.sistrix.net/)" "www.saveaslave.com"
5.9.36.119 - - [03/Dec/2014:07:02:41 -0800] "GET /burma.html HTTP/1.1" 200 5387 "-" "Mozilla/5.0 (compatible; SISTRIX Crawler; http://crawler.sistrix.net/)" "www.saveaslave.com"
5.9.36.119 - - [03/Dec/2014:07:02:56 -0800] "GET /central-african-republic.html HTTP/1.1" 200 5566 "-" "Mozilla/5.0 (compatible; SISTRIX Crawler; http://crawler.sistrix.net/)" "www.saveaslave.com"
5.9.36.119 - - [03/Dec/2014:07:02:58 -0800] "GET /bahrain.html HTTP/1.1" 200 5404 "-" "Mozilla/5.0 (compatible; SISTRIX Crawler; http://crawler.sistrix.net/)" "www.saveaslave.com"
5.9.36.119 - - [03/Dec/2014:07:03:01 -0800] "GET /burundi.html HTTP/1.1" 200 5405 "-" "Mozilla/5.0 (compatible; SISTRIX Crawler; http://crawler.sistrix.net/)" "www.saveaslave.com"
5.9.36.119 - - [03/Dec/2014:07:03:19 -0800] "GET /british-virgin-islands.html HTTP/1.1" 200 5629 "-" "Mozilla/5.0 (compatible; SISTRIX Crawler; http://crawler.sistrix.net/)" "www.saveaslave.com"
5.9.36.119 - - [03/Dec/2014:07:03:20 -0800] "GET /venezuela.html HTTP/1.1" 200 5489 "-" "Mozilla/5.0 (compatible; SISTRIX Crawler; http://crawler.sistrix.net/)" "www.saveaslave.com"
5.9.36.119 - - [03/Dec/2014:07:03:22 -0800] "GET /belize.html HTTP/1.1" 200 5390 "-" "Mozilla/5.0 (compatible; SISTRIX Crawler; http://crawler.sistrix.net/)" "www.saveaslave.com"
5.9.36.119 - - [03/Dec/2014:07:04:02 -0800] "GET /trinidad-tobago.html HTTP/1.1" 200 5559 "-" "Mozilla/5.0 (compatible; SISTRIX Crawler; http://crawler.sistrix.net/)" "www.saveaslave.com"
5.9.36.119 - - [03/Dec/2014:07:04:17 -0800] "GET /united-kingdom.html HTTP/1.1" 200 5532 "-" "Mozilla/5.0 (compatible; SISTRIX Crawler; http://crawler.sistrix.net/)" "www.saveaslave.com"
5.9.36.119 - - [03/Dec/2014:07:04:18 -0800] "GET /cambodia.html HTTP/1.1" 200 5414 "-" "Mozilla/5.0 (compatible; SISTRIX Crawler; http://crawler.sistrix.net/)" "www.saveaslave.com"
5.9.36.119 - - [03/Dec/2014:07:04:22 -0800] "GET /suriname.html HTTP/1.1" 200 5480 "-" "Mozilla/5.0 (compatible; SISTRIX Crawler; http://crawler.sistrix.net/)" "www.saveaslave.com"
5.9.36.119 - - [03/Dec/2014:07:04:27 -0800] "GET /armenia.html HTTP/1.1" 200 5385 "-" "Mozilla/5.0 (compatible; SISTRIX Crawler; http://crawler.sistrix.net/)" "www.saveaslave.com"
5.9.36.119 - - [03/Dec/2014:07:04:28 -0800] "GET /tanzania.html HTTP/1.1" 200 5480 "-" "Mozilla/5.0 (compatible; SISTRIX Crawler; http://crawler.sistrix.net/)" "www.saveaslave.com"
5.9.36.119 - - [03/Dec/2014:07:04:31 -0800] "GET /czech-republic.html HTTP/1.1" 200 5468 "-" "Mozilla/5.0 (compatible; SISTRIX Crawler; http://crawler.sistrix.net/)" "www.saveaslave.com"
5.9.36.119 - - [03/Dec/2014:07:04:39 -0800] "GET /tajikistan.html HTTP/1.1" 200 5498 "-" "Mozilla/5.0 (compatible; SISTRIX Crawler; http://crawler.sistrix.net/)" "www.saveaslave.com"
5.9.36.119 - - [03/Dec/2014:07:04:40 -0800] "GET /cuba.html HTTP/1.1" 200 5373 "-" "Mozilla/5.0 (compatible; SISTRIX Crawler; http://crawler.sistrix.net/)" "www.saveaslave.com"
5.9.36.119 - - [03/Dec/2014:07:04:58 -0800] "GET /index.html HTTP/1.1" 200 29657 "-" "Mozilla/5.0 (compatible; SISTRIX Crawler; http://crawler.sistrix.net/)" "www.saveaslave.com"
5.9.36.119 - - [03/Dec/2014:07:04:59 -0800] "GET /www.ituc-csi.org HTTP/1.1" 404 89 "-" "Mozilla/5.0 (compatible; SISTRIX Crawler; http://crawler.sistrix.net/)" "www.saveaslave.com"
178.137.94.34 - - [03/Dec/2014:07:16:17 -0800] "GET / HTTP/1.1" 200 29279 "http://uiutdom.ru/" "Mozilla/0.91 Beta (Windows)" "www.saveaslave.com"
72.168.98.115 - - [03/Dec/2014:07:29:46 -0800] "GET / HTTP/1.1" 200 29279 "-" "Mozilla/5.0 (Windows NT 6.1; WOW64; Trident/7.0; yie11; rv:11.0) like Gecko" "www.saveaslave.com"
72.168.98.115 - - [03/Dec/2014:07:29:47 -0800] "GET /jquery-1.3.2.min.js HTTP/1.1" 200 57254 "http://www.saveaslave.com/" "Mozilla/5.0 (Windows NT 6.1; WOW64; Trident/7.0; yie11; rv:11.0) like Gecko" "www.saveaslave.com"
193.109.254.21 - - [03/Dec/2014:08:05:12 -0800] "GET /images/countrymap/uzbekistan-flag.jpg HTTP/1.1" 200 2126 "http://www.saveaslave.com/uzbekistan.html" "Mozilla/5.0 (Windows NT 6.1; WOW64; rv:33.0) Gecko/20100101 Firefox/33.0" "www.saveaslave.com"
193.109.254.21 - - [03/Dec/2014:08:05:25 -0800] "GET /images/header.png HTTP/1.1" 200 84658 "http://www.saveaslave.com/uzbekistan.html" "Mozilla/5.0 (Windows NT 6.1; WOW64; rv:33.0) Gecko/20100101 Firefox/33.0" "www.saveaslave.com"
65.36.241.76 - - [03/Dec/2014:08:30:39 -0800] "GET / HTTP/1.1" 200 29279 "-" "InternetSeer.com" "www.saveaslave.com"
66.249.75.106 - - [03/Dec/2014:08:43:55 -0800] "GET /images/Turkey_map.gif HTTP/1.1" 404 89 "-" "Googlebot-Image/1.0" "saveaslave.com"
188.165.15.236 - - [03/Dec/2014:09:57:13 -0800] "GET /slovakia.html HTTP/1.1" 200 5472 "-" "Mozilla/5.0 (compatible; AhrefsBot/5.0; +http://ahrefs.com/robot/)" "www.saveaslave.com"
66.249.69.215 - - [03/Dec/2014:10:03:20 -0800] "GET /robots.txt HTTP/1.1" 404 89 "-" "Mozilla/5.0 (compatible; Googlebot/2.1; +http://www.google.com/bot.html)" "www.saveaslave.com"
72.168.98.120 - - [03/Dec/2014:10:27:38 -0800] "GET /images/givebtn.png HTTP/1.1" 200 26179 "http://www.saveaslave.com/" "Mozilla/5.0 (Windows NT 6.1; WOW64; Trident/7.0; yie11; rv:11.0) like Gecko" "www.saveaslave.com"
72.168.98.120 - - [03/Dec/2014:10:27:38 -0800] "GET /css/style.css HTTP/1.1" 200 660 "http://www.saveaslave.com/" "Mozilla/5.0 (Windows NT 6.1; WOW64; Trident/7.0; yie11; rv:11.0) like Gecko" "www.saveaslave.com"
72.168.98.120 - - [03/Dec/2014:10:27:38 -0800] "GET /images/slaves.jpg HTTP/1.1" 200 64009 "http://www.saveaslave.com/" "Mozilla/5.0 (Windows NT 6.1; WOW64; Trident/7.0; yie11; rv:11.0) like Gecko" "www.saveaslave.com"
65.36.241.77 - - [03/Dec/2014:10:36:59 -0800] "HEAD / HTTP/1.1" 200 0 "-" "InternetSeer.com" "www.saveaslave.com"
66.249.69.215 - - [03/Dec/2014:10:41:15 -0800] "GET /images/Paraguay_map.gif HTTP/1.1" 404 89 "-" "Googlebot-Image/1.0" "www.saveaslave.com"
208.115.113.86 - - [03/Dec/2014:11:07:56 -0800] "GET /switzerland.html HTTP/1.1" 200 5507 "-" "Mozilla/5.0 (compatible; DotBot/1.1; http://www.opensiteexplorer.org/dotbot, help@moz.com)" "www.saveaslave.com"
208.115.113.86 - - [03/Dec/2014:11:12:38 -0800] "GET /bolivia.html HTTP/1.1" 200 5400 "-" "Mozilla/5.0 (compatible; DotBot/1.1; http://www.opensiteexplorer.org/dotbot, help@moz.com)" "saveaslave.com"
192.34.61.239 - - [03/Dec/2014:11:58:08 -0800] "GET /jquery.marquee.js HTTP/1.1" 200 6560 "http://saveaslave.com/" "Mozilla/5.0 (Windows NT 6.1; WOW64) AppleWebKit/537.36 (KHTML, like Gecko) Chrome/34.0.1847.137 Safari/537.36" "saveaslave.com"
192.34.61.239 - - [03/Dec/2014:11:58:08 -0800] "GET /jquery-1.3.2.min.js HTTP/1.1" 200 57254 "http://saveaslave.com/" "Mozilla/5.0 (Windows NT 6.1; WOW64) AppleWebKit/537.36 (KHTML, like Gecko) Chrome/34.0.1847.137 Safari/537.36" "saveaslave.com"
188.165.15.97 - - [03/Dec/2014:11:58:10 -0800] "GET /malawi.html HTTP/1.1" 200 5455 "-" "Mozilla/5.0 (compatible; AhrefsBot/5.0; +http://ahrefs.com/robot/)" "www.saveaslave.com"
192.34.61.239 - - [03/Dec/2014:11:58:32 -0800] "GET /algeria.html HTTP/1.1" 200 5386 "http://saveaslave.com" "Mozilla/5.0 (Macintosh; Intel Mac OS X 10_9_3) AppleWebKit/537.36 (KHTML, like Gecko) Chrome/35.0.1916.114 Safari/537.36" "saveaslave.com"
192.34.61.239 - - [03/Dec/2014:11:58:32 -0800] "GET /antigua-and-barbuda.html HTTP/1.1" 200 5462 "http://saveaslave.com" "Mozilla/5.0 (Macintosh; Intel Mac OS X 10_9_3) AppleWebKit/537.36 (KHTML, like Gecko) Chrome/35.0.1916.114 Safari/537.36" "saveaslave.com"
192.34.61.239 - - [03/Dec/2014:11:58:32 -0800] "GET /argentina.html HTTP/1.1" 200 5404 "http://saveaslave.com" "Mozilla/5.0 (compatible; MSIE 9.0; Windows NT 6.1; WOW64; Trident/5.0)" "saveaslave.com"
192.34.61.239 - - [03/Dec/2014:11:58:32 -0800] "GET /armenia.html HTTP/1.1" 200 5385 "http://saveaslave.com" "Mozilla/5.0 (Windows NT 6.1; rv:28.0) Gecko/20100101 Firefox/28.0" "saveaslave.com"
64.25.240.226 - - [03/Dec/2014:12:11:43 -0800] "GET /images/countrymap/andorra-flag.jpg HTTP/1.1" 200 2583 "http://www.saveaslave.com/andorra.html" "Mozilla/5.0 (Macintosh; Intel Mac OS X 10_9_5) AppleWebKit/600.1.17 (KHTML, like Gecko) Version/7.1 Safari/537.85.10" "www.saveaslave.com"
65.36.241.77 - - [03/Dec/2014:12:43:25 -0800] "HEAD / HTTP/1.1" 200 0 "-" "InternetSeer.com" "www.saveaslave.com"
108.61.122.139 - - [03/Dec/2014:13:17:47 -0800] "GET / HTTP/1.1" 200 29279 "http://saveaslave.com/" "Opera/9.80 (Windows NT 5.1) Presto/2.12.388 Version/12.17" "saveaslave.com"
66.249.75.122 - - [03/Dec/2014:13:28:47 -0800] "GET /images/Uruguay_region.gif HTTP/1.1" 404 89 "-" "Googlebot-Image/1.0" "saveaslave.com"
66.249.75.138 - - [03/Dec/2014:13:31:45 -0800] "GET /images/Uruguay_flag.gif HTTP/1.1" 404 89 "-" "Googlebot-Image/1.0" "saveaslave.com"
178.137.165.25 - - [03/Dec/2014:15:12:13 -0800] "GET / HTTP/1.1" 200 29279 "http://forum.taihouse.ru/" "Opera/8.01 (Windows NT 5.1)" "www.saveaslave.com"
72.168.98.122 - - [03/Dec/2014:15:15:23 -0800] "GET / HTTP/1.1" 200 29279 "-" "Mozilla/5.0 (Windows NT 6.1; WOW64; Trident/7.0; yie11; rv:11.0) like Gecko" "www.saveaslave.com"
213.133.97.216 - - [03/Dec/2014:15:35:03 -0800] "GET / HTTP/1.1" 200 29279 "-" "Mozilla/5.0 (Windows NT 6.1; rv:25.0) Gecko/20100101 Firefox/25.0" "saveaslave.com"
213.133.97.216 - - [03/Dec/2014:15:35:19 -0800] "GET /site/?page_id=28 HTTP/1.1" 404 89 "-" "Mozilla/5.0 (Windows NT 6.1; rv:25.0) Gecko/20100101 Firefox/25.0" "saveaslave.com"
68.187.201.190 - - [03/Dec/2014:15:55:22 -0800] "GET / HTTP/1.1" 200 29279 "-" "Mozilla/5.0 (Windows NT 6.3; WOW64; rv:33.0) Gecko/20100101 Firefox/33.0" "saveaslave.com"
68.187.201.190 - - [03/Dec/2014:15:55:22 -0800] "GET /css/style.css HTTP/1.1" 200 660 "http://saveaslave.com/" "Mozilla/5.0 (Windows NT 6.3; WOW64; rv:33.0) Gecko/20100101 Firefox/33.0" "saveaslave.com"
68.187.201.190 - - [03/Dec/2014:15:55:22 -0800] "GET /jquery-1.3.2.min.js HTTP/1.1" 200 57254 "http://saveaslave.com/" "Mozilla/5.0 (Windows NT 6.3; WOW64; rv:33.0) Gecko/20100101 Firefox/33.0" "saveaslave.com"
68.187.201.190 - - [03/Dec/2014:15:55:22 -0800] "GET /jquery.marquee.js HTTP/1.1" 200 6560 "http://saveaslave.com/" "Mozilla/5.0 (Windows NT 6.3; WOW64; rv:33.0) Gecko/20100101 Firefox/33.0" "saveaslave.com"
68.187.201.190 - - [03/Dec/2014:15:55:22 -0800] "GET /images/slaves.jpg HTTP/1.1" 200 64009 "http://saveaslave.com/" "Mozilla/5.0 (Windows NT 6.3; WOW64; rv:33.0) Gecko/20100101 Firefox/33.0" "saveaslave.com"
68.187.201.190 - - [03/Dec/2014:15:55:22 -0800] "GET /images/header.png HTTP/1.1" 200 84658 "http://saveaslave.com/" "Mozilla/5.0 (Windows NT 6.3; WOW64; rv:33.0) Gecko/20100101 Firefox/33.0" "saveaslave.com"
68.187.201.190 - - [03/Dec/2014:15:55:23 -0800] "GET /favicon.ico HTTP/1.1" 404 89 "-" "Mozilla/5.0 (Windows NT 6.3; WOW64; rv:33.0) Gecko/20100101 Firefox/33.0" "saveaslave.com"
68.187.201.190 - - [03/Dec/2014:16:02:52 -0800] "GET /jquery.marquee.js HTTP/1.1" 200 6560 "http://saveaslave.com/" "Mozilla/5.0 (Windows NT 6.3; WOW64; rv:33.0) Gecko/20100101 Firefox/33.0" "saveaslave.com"
68.187.201.190 - - [03/Dec/2014:16:02:52 -0800] "GET /jquery-1.3.2.min.js HTTP/1.1" 200 57254 "http://saveaslave.com/" "Mozilla/5.0 (Windows NT 6.3; WOW64; rv:33.0) Gecko/20100101 Firefox/33.0" "saveaslave.com"
68.187.201.190 - - [03/Dec/2014:16:02:52 -0800] "GET /images/givebtn.png HTTP/1.1" 200 26179 "http://saveaslave.com/" "Mozilla/5.0 (Windows NT 6.3; WOW64; rv:33.0) Gecko/20100101 Firefox/33.0" "saveaslave.com"
68.187.201.190 - - [03/Dec/2014:16:02:52 -0800] "GET /images/slaves.jpg HTTP/1.1" 200 64009 "http://saveaslave.com/" "Mozilla/5.0 (Windows NT 6.3; WOW64; rv:33.0) Gecko/20100101 Firefox/33.0" "saveaslave.com"
68.187.201.190 - - [03/Dec/2014:16:03:03 -0800] "GET /jquery-1.3.2.min.js HTTP/1.1" 200 57254 "http://saveaslave.com/" "Mozilla/5.0 (Windows NT 6.3; WOW64; rv:33.0) Gecko/20100101 Firefox/33.0" "saveaslave.com"
68.187.201.190 - - [03/Dec/2014:16:03:17 -0800] "GET /ireland.html HTTP/1.1" 200 5464 "http://saveaslave.com/" "Mozilla/5.0 (Windows NT 6.3; WOW64; rv:33.0) Gecko/20100101 Firefox/33.0" "saveaslave.com"
68.187.201.190 - - [03/Dec/2014:16:03:18 -0800] "GET /css/style.css HTTP/1.1" 200 660 "http://saveaslave.com/ireland.html" "Mozilla/5.0 (Windows NT 6.3; WOW64; rv:33.0) Gecko/20100101 Firefox/33.0" "saveaslave.com"
65.36.241.77 - - [03/Dec/2014:16:52:13 -0800] "HEAD / HTTP/1.1" 200 0 "-" "InternetSeer.com" "www.saveaslave.com"
208.115.111.70 - - [03/Dec/2014:17:02:01 -0800] "GET /belgium.html HTTP/1.1" 200 5423 "-" "Mozilla/5.0 (compatible; DotBot/1.1; http://www.opensiteexplorer.org/dotbot, help@moz.com)" "www.saveaslave.com"
208.115.111.70 - - [03/Dec/2014:17:10:07 -0800] "GET /timor-leste.html HTTP/1.1" 200 5509 "-" "Mozilla/5.0 (compatible; DotBot/1.1; http://www.opensiteexplorer.org/dotbot, help@moz.com)" "saveaslave.com"
217.69.133.215 - - [03/Dec/2014:17:43:33 -0800] "GET /site/?cat=13 HTTP/1.1" 404 89 "-" "Mozilla/5.0 (compatible; Linux x86_64; Mail.RU_Bot/2.0; +http://go.mail.ru/help/robots)" "saveaslave.com"
65.36.241.77 - - [03/Dec/2014:18:27:12 -0800] "HEAD / HTTP/1.1" 200 0 "-" "InternetSeer.com" "www.saveaslave.com"
208.115.113.86 - - [03/Dec/2014:19:04:24 -0800] "GET /denmark.html HTTP/1.1" 200 5405 "-" "Mozilla/5.0 (compatible; DotBot/1.1; http://www.opensiteexplorer.org/dotbot, help@moz.com)" "www.saveaslave.com"
66.249.69.199 - - [03/Dec/2014:19:05:20 -0800] "GET /fiji.html HTTP/1.1" 404 89 "-" "Mozilla/5.0 (compatible; Googlebot/2.1; +http://www.google.com/bot.html)" "www.saveaslave.com"
66.249.69.215 - - [03/Dec/2014:19:06:34 -0800] "GET /guinea.html HTTP/1.1" 404 89 "-" "Mozilla/5.0 (compatible; Googlebot/2.1; +http://www.google.com/bot.html)" "www.saveaslave.com"
66.249.69.199 - - [03/Dec/2014:19:11:02 -0800] "GET /mayotte.html HTTP/1.1" 404 89 "-" "Mozilla/5.0 (compatible; Googlebot/2.1; +http://www.google.com/bot.html)" "www.saveaslave.com"
207.46.13.82 - - [03/Dec/2014:20:00:37 -0800] "GET /djibouti HTTP/1.1" 200 5414 "-" "Mozilla/5.0 (compatible; bingbot/2.0; +http://www.bing.com/bingbot.htm)" "www.saveaslave.com"
68.180.228.59 - - [03/Dec/2014:20:07:10 -0800] "GET /antarctica.html HTTP/1.1" 404 89 "-" "Mozilla/5.0 (compatible; Yahoo! Slurp; http://help.yahoo.com/help/us/ysearch/slurp)" "www.saveaslave.com"
68.180.228.114 - - [03/Dec/2014:20:13:31 -0800] "GET /robots.txt HTTP/1.1" 404 89 "-" "Mozilla/5.0 (compatible; Yahoo! Slurp; http://help.yahoo.com/help/us/ysearch/slurp)" "saveaslave.com"
157.55.39.32 - - [03/Dec/2014:20:36:51 -0800] "GET / HTTP/1.1" 200 29495 "-" "Mozilla/5.0 (compatible; bingbot/2.0; +http://www.bing.com/bingbot.htm)" "saveaslave.com"
65.36.241.77 - - [03/Dec/2014:20:45:38 -0800] "HEAD / HTTP/1.1" 200 0 "-" "InternetSeer.com" "www.saveaslave.com"
66.249.75.122 - - [03/Dec/2014:20:46:03 -0800] "GET /images/countrymap/vietnam-flag.gif HTTP/1.1" 200 2016 "-" "Googlebot-Image/1.0" "saveaslave.com"
23.23.242.178 - - [03/Dec/2014:20:52:17 -0800] "GET /news/default.html HTTP/1.1" 404 89 "-" "Mozilla/5.0 (Windows; U; Windows NT 5.1; en-US; rv:1.9.2.8) Gecko/20100722 Firefox/3.6.8" "www.saveaslave.com"
66.249.69.199 - - [03/Dec/2014:20:56:01 -0800] "GET /images/countrymap/norfolk-island-flag.gif HTTP/1.1" 200 15292 "-" "Googlebot-Image/1.0" "www.saveaslave.com"
23.23.242.178 - - [03/Dec/2014:21:01:20 -0800] "GET /nigeria.html HTTP/1.1" 200 5464 "-" "Mozilla/5.0 (Windows; U; Windows NT 5.1; en-US; rv:1.9.2.8) Gecko/20100722 Firefox/3.6.8" "saveaslave.com"
