192.99.2.27 - - [02/Sep/2015:03:33:47 -0700] "GET /malawi.html HTTP/1.1" 200 5674 "-" "Mozilla/5.0 (compatible; MJ12bot/v1.4.5; http://www.majestic12.co.uk/bot.php?+)" "www.saveaslave.com"
197.34.98.145 - - [02/Sep/2015:03:33:50 -0700] "GET /favicon.ico HTTP/1.1" 404 89 "http://www.saveaslave.com/" "Mozilla/5.0 (Windows NT 5.1) AppleWebKit/537.36 (KHTML, like Gecko) Chrome/44.0.2403.157 Safari/537.36" "www.saveaslave.com"
192.99.2.27 - - [02/Sep/2015:03:33:55 -0700] "GET /malaysia.html HTTP/1.1" 200 5692 "-" "Mozilla/5.0 (compatible; MJ12bot/v1.4.5; http://www.majestic12.co.uk/bot.php?+)" "www.saveaslave.com"
192.99.2.27 - - [02/Sep/2015:03:34:13 -0700] "GET /maldives.html HTTP/1.1" 200 5692 "-" "Mozilla/5.0 (compatible; MJ12bot/v1.4.5; http://www.majestic12.co.uk/bot.php?+)" "www.saveaslave.com"
197.34.98.145 - - [02/Sep/2015:03:34:17 -0700] "GET /country.php?name=Armenia&lang=en HTTP/1.1" 200 16566 "http://www.saveaslave.com/" "Mozilla/5.0 (Windows NT 5.1) AppleWebKit/537.36 (KHTML, like Gecko) Chrome/44.0.2403.157 Safari/537.36" "saveaslave.com"
197.34.98.145 - - [02/Sep/2015:03:34:18 -0700] "GET /css/style.css HTTP/1.1" 200 1400 "http://saveaslave.com/country.php?name=Armenia&lang=en" "Mozilla/5.0 (Windows NT 5.1) AppleWebKit/537.36 (KHTML, like Gecko) Chrome/44.0.2403.157 Safari/537.36" "saveaslave.com"
197.34.98.145 - - [02/Sep/2015:03:34:18 -0700] "GET /images/sas_button.gif HTTP/1.1" 200 2628 "http://saveaslave.com/country.php?name=Armenia&lang=en" "Mozilla/5.0 (Windows NT 5.1) AppleWebKit/537.36 (KHTML, like Gecko) Chrome/44.0.2403.157 Safari/537.36" "saveaslave.com"
197.34.98.145 - - [02/Sep/2015:03:34:18 -0700] "GET /images/countrymap/armenia-flag.jpg HTTP/1.1" 200 1389 "http://saveaslave.com/country.php?name=Armenia&lang=en" "Mozilla/5.0 (Windows NT 5.1) AppleWebKit/537.36 (KHTML, like Gecko) Chrome/44.0.2403.157 Safari/537.36" "saveaslave.com"
197.34.98.145 - - [02/Sep/2015:03:34:18 -0700] "GET /images/countrymap/armenia.jpg HTTP/1.1" 200 45458 "http://saveaslave.com/country.php?name=Armenia&lang=en" "Mozilla/5.0 (Windows NT 5.1) AppleWebKit/537.36 (KHTML, like Gecko) Chrome/44.0.2403.157 Safari/537.36" "saveaslave.com"
197.34.98.145 - - [02/Sep/2015:03:34:41 -0700] "GET /country.php?name=Gambia&lang=en HTTP/1.1" 200 16906 "http://www.saveaslave.com/" "Mozilla/5.0 (Windows NT 5.1) AppleWebKit/537.36 (KHTML, like Gecko) Chrome/44.0.2403.157 Safari/537.36" "saveaslave.com"
197.34.98.145 - - [02/Sep/2015:03:34:41 -0700] "GET /images/sas_button.gif HTTP/1.1" 206 1 "http://saveaslave.com/country.php?name=Gambia&lang=en" "Mozilla/5.0 (Windows NT 5.1) AppleWebKit/537.36 (KHTML, like Gecko) Chrome/44.0.2403.157 Safari/537.36" "saveaslave.com"
197.34.98.145 - - [02/Sep/2015:03:34:41 -0700] "GET /images/countrymap/gambia-flag.jpg HTTP/1.1" 200 1414 "http://saveaslave.com/country.php?name=Gambia&lang=en" "Mozilla/5.0 (Windows NT 5.1) AppleWebKit/537.36 (KHTML, like Gecko) Chrome/44.0.2403.157 Safari/537.36" "saveaslave.com"
197.34.98.145 - - [02/Sep/2015:03:34:41 -0700] "GET /images/header.png HTTP/1.1" 206 50659 "http://saveaslave.com/country.php?name=Gambia&lang=en" "Mozilla/5.0 (Windows NT 5.1) AppleWebKit/537.36 (KHTML, like Gecko) Chrome/44.0.2403.157 Safari/537.36" "saveaslave.com"
197.34.98.145 - - [02/Sep/2015:03:34:41 -0700] "GET /images/sas_button.gif HTTP/1.1" 206 1089 "http://saveaslave.com/country.php?name=Gambia&lang=en" "Mozilla/5.0 (Windows NT 5.1) AppleWebKit/537.36 (KHTML, like Gecko) Chrome/44.0.2403.157 Safari/537.36" "saveaslave.com"
197.34.98.145 - - [02/Sep/2015:03:34:44 -0700] "GET /listlink.php?page=gambia.html HTTP/1.1" 200 4628 "http://saveaslave.com/country.php?name=Gambia&lang=en" "Mozilla/5.0 (Windows NT 5.1) AppleWebKit/537.36 (KHTML, like Gecko) Chrome/44.0.2403.157 Safari/537.36" "www.saveaslave.com"
197.34.98.145 - - [02/Sep/2015:03:34:44 -0700] "GET /addlink.php?page=gambia.html HTTP/1.1" 200 16256 "http://saveaslave.com/country.php?name=Gambia&lang=en" "Mozilla/5.0 (Windows NT 5.1) AppleWebKit/537.36 (KHTML, like Gecko) Chrome/44.0.2403.157 Safari/537.36" "www.saveaslave.com"
192.99.2.27 - - [02/Sep/2015:03:34:49 -0700] "GET /malta.html HTTP/1.1" 200 5665 "-" "Mozilla/5.0 (compatible; MJ12bot/v1.4.5; http://www.majestic12.co.uk/bot.php?+)" "www.saveaslave.com"
197.34.98.145 - - [02/Sep/2015:03:34:50 -0700] "GET /favicon.ico HTTP/1.1" 404 89 "http://saveaslave.com/country.php?name=Gambia&lang=en" "Mozilla/5.0 (Windows NT 5.1) AppleWebKit/537.36 (KHTML, like Gecko) Chrome/44.0.2403.157 Safari/537.36" "saveaslave.com"
192.99.2.27 - - [02/Sep/2015:03:35:02 -0700] "GET /marshall-islands.html HTTP/1.1" 200 5764 "-" "Mozilla/5.0 (compatible; MJ12bot/v1.4.5; http://www.majestic12.co.uk/bot.php?+)" "www.saveaslave.com"
192.99.2.27 - - [02/Sep/2015:03:35:07 -0700] "GET /mauritania.html HTTP/1.1" 200 5710 "-" "Mozilla/5.0 (compatible; MJ12bot/v1.4.5; http://www.majestic12.co.uk/bot.php?+)" "www.saveaslave.com"
192.99.2.27 - - [02/Sep/2015:03:35:15 -0700] "GET /mexico.html HTTP/1.1" 200 6067 "-" "Mozilla/5.0 (compatible; MJ12bot/v1.4.5; http://www.majestic12.co.uk/bot.php?+)" "www.saveaslave.com"
197.34.98.145 - - [02/Sep/2015:03:35:31 -0700] "GET /country.php?name=Egypt&lang=en HTTP/1.1" 200 16841 "http://www.saveaslave.com/" "Mozilla/5.0 (Windows NT 5.1) AppleWebKit/537.36 (KHTML, like Gecko) Chrome/44.0.2403.157 Safari/537.36" "saveaslave.com"
197.34.98.145 - - [02/Sep/2015:03:35:31 -0700] "GET /images/countrymap/egypt-flag.gif HTTP/1.1" 200 10425 "http://saveaslave.com/country.php?name=Egypt&lang=en" "Mozilla/5.0 (Windows NT 5.1) AppleWebKit/537.36 (KHTML, like Gecko) Chrome/44.0.2403.157 Safari/537.36" "saveaslave.com"
197.34.98.145 - - [02/Sep/2015:03:35:32 -0700] "GET /images/countrymap/egypt.gif HTTP/1.1" 200 24184 "http://saveaslave.com/country.php?name=Egypt&lang=en" "Mozilla/5.0 (Windows NT 5.1) AppleWebKit/537.36 (KHTML, like Gecko) Chrome/44.0.2403.157 Safari/537.36" "saveaslave.com"
197.34.98.145 - - [02/Sep/2015:03:35:33 -0700] "GET /addlink.php?page=egypt.html HTTP/1.1" 200 16256 "http://saveaslave.com/country.php?name=Egypt&lang=en" "Mozilla/5.0 (Windows NT 5.1) AppleWebKit/537.36 (KHTML, like Gecko) Chrome/44.0.2403.157 Safari/537.36" "www.saveaslave.com"
192.99.2.27 - - [02/Sep/2015:03:35:41 -0700] "GET /moldova.html HTTP/1.1" 200 5683 "-" "Mozilla/5.0 (compatible; MJ12bot/v1.4.5; http://www.majestic12.co.uk/bot.php?+)" "www.saveaslave.com"
192.99.2.27 - - [02/Sep/2015:03:35:52 -0700] "GET /monaco.html HTTP/1.1" 200 5674 "-" "Mozilla/5.0 (compatible; MJ12bot/v1.4.5; http://www.majestic12.co.uk/bot.php?+)" "www.saveaslave.com"
192.99.2.27 - - [02/Sep/2015:03:36:13 -0700] "GET /mongolia.html HTTP/1.1" 200 5692 "-" "Mozilla/5.0 (compatible; MJ12bot/v1.4.5; http://www.majestic12.co.uk/bot.php?+)" "www.saveaslave.com"
192.99.2.27 - - [02/Sep/2015:03:36:19 -0700] "GET /montenegro.html HTTP/1.1" 200 5711 "-" "Mozilla/5.0 (compatible; MJ12bot/v1.4.5; http://www.majestic12.co.uk/bot.php?+)" "www.saveaslave.com"
192.99.2.27 - - [02/Sep/2015:03:36:24 -0700] "GET /morocco.html HTTP/1.1" 200 5686 "-" "Mozilla/5.0 (compatible; MJ12bot/v1.4.5; http://www.majestic12.co.uk/bot.php?+)" "www.saveaslave.com"
192.99.2.27 - - [02/Sep/2015:03:36:30 -0700] "GET /mozambique.html HTTP/1.1" 200 5710 "-" "Mozilla/5.0 (compatible; MJ12bot/v1.4.5; http://www.majestic12.co.uk/bot.php?+)" "www.saveaslave.com"
192.99.2.27 - - [02/Sep/2015:03:36:39 -0700] "GET /namibia.html HTTP/1.1" 200 5683 "-" "Mozilla/5.0 (compatible; MJ12bot/v1.4.5; http://www.majestic12.co.uk/bot.php?+)" "www.saveaslave.com"
192.99.2.27 - - [02/Sep/2015:03:36:47 -0700] "GET /nauru.html HTTP/1.1" 200 5665 "-" "Mozilla/5.0 (compatible; MJ12bot/v1.4.5; http://www.majestic12.co.uk/bot.php?+)" "www.saveaslave.com"
192.99.2.27 - - [02/Sep/2015:03:36:54 -0700] "GET /navassa-island.html HTTP/1.1" 200 5746 "-" "Mozilla/5.0 (compatible; MJ12bot/v1.4.5; http://www.majestic12.co.uk/bot.php?+)" "www.saveaslave.com"
192.99.2.27 - - [02/Sep/2015:03:37:00 -0700] "GET /nepal.html HTTP/1.1" 200 5852 "-" "Mozilla/5.0 (compatible; MJ12bot/v1.4.5; http://www.majestic12.co.uk/bot.php?+)" "www.saveaslave.com"
192.99.2.27 - - [02/Sep/2015:03:37:08 -0700] "GET /netherlands-antilles.html HTTP/1.1" 200 5800 "-" "Mozilla/5.0 (compatible; MJ12bot/v1.4.5; http://www.majestic12.co.uk/bot.php?+)" "www.saveaslave.com"
192.99.2.27 - - [02/Sep/2015:03:37:24 -0700] "GET /netherlands.html HTTP/1.1" 200 5719 "-" "Mozilla/5.0 (compatible; MJ12bot/v1.4.5; http://www.majestic12.co.uk/bot.php?+)" "www.saveaslave.com"
192.99.2.27 - - [02/Sep/2015:03:37:27 -0700] "GET /new-caledonia.html HTTP/1.1" 200 5737 "-" "Mozilla/5.0 (compatible; MJ12bot/v1.4.5; http://www.majestic12.co.uk/bot.php?+)" "www.saveaslave.com"
192.99.2.27 - - [02/Sep/2015:03:37:33 -0700] "GET /new-zealand.html HTTP/1.1" 200 5719 "-" "Mozilla/5.0 (compatible; MJ12bot/v1.4.5; http://www.majestic12.co.uk/bot.php?+)" "www.saveaslave.com"
192.99.2.27 - - [02/Sep/2015:03:37:58 -0700] "GET /nicaragua.html HTTP/1.1" 200 5701 "-" "Mozilla/5.0 (compatible; MJ12bot/v1.4.5; http://www.majestic12.co.uk/bot.php?+)" "www.saveaslave.com"
192.99.2.27 - - [02/Sep/2015:03:38:08 -0700] "GET /niger.html HTTP/1.1" 200 5665 "-" "Mozilla/5.0 (compatible; MJ12bot/v1.4.5; http://www.majestic12.co.uk/bot.php?+)" "www.saveaslave.com"
192.99.2.27 - - [02/Sep/2015:03:38:25 -0700] "GET /niue.html HTTP/1.1" 200 5656 "-" "Mozilla/5.0 (compatible; MJ12bot/v1.4.5; http://www.majestic12.co.uk/bot.php?+)" "www.saveaslave.com"
151.80.31.154 - - [02/Sep/2015:03:59:22 -0700] "GET /curacao.html HTTP/1.1" 200 5678 "-" "Mozilla/5.0 (compatible; AhrefsBot/5.0; +http://ahrefs.com/robot/)" "www.saveaslave.com"
157.55.39.197 - - [02/Sep/2015:04:07:09 -0700] "GET /robots.txt HTTP/1.1" 404 89 "-" "Mozilla/5.0 (compatible; bingbot/2.0; +http://www.bing.com/bingbot.htm)" "saveaslave.com"
151.80.31.154 - - [02/Sep/2015:04:07:50 -0700] "GET /kyrgyzstan.html HTTP/1.1" 200 5711 "-" "Mozilla/5.0 (compatible; AhrefsBot/5.0; +http://ahrefs.com/robot/)" "www.saveaslave.com"
188.165.15.196 - - [02/Sep/2015:04:14:23 -0700] "GET /tajikistan.html HTTP/1.1" 200 5713 "-" "Mozilla/5.0 (compatible; AhrefsBot/5.0; +http://ahrefs.com/robot/)" "saveaslave.com"
188.165.15.196 - - [02/Sep/2015:04:42:25 -0700] "GET /lesotho.html HTTP/1.1" 200 5683 "-" "Mozilla/5.0 (compatible; AhrefsBot/5.0; +http://ahrefs.com/robot/)" "saveaslave.com"
65.36.241.48 - - [02/Sep/2015:05:42:33 -0700] "HEAD / HTTP/1.1" 200 0 "-" "InternetSeer.com" "www.saveaslave.com"
100.43.91.14 - - [02/Sep/2015:05:51:40 -0700] "GET /ethiopia.html HTTP/1.1" 200 5695 "-" "Mozilla/5.0 (compatible; YandexBot/3.0; +http://yandex.com/bots)" "saveaslave.com"
157.55.39.211 - - [02/Sep/2015:05:58:39 -0700] "GET /fiji.html HTTP/1.1" 200 5657 "-" "Mozilla/5.0 (compatible; bingbot/2.0; +http://www.bing.com/bingbot.htm)" "saveaslave.com"
206.180.171.149 - - [02/Sep/2015:06:03:40 -0700] "GET / HTTP/1.1" 200 36949 "http://www.dxox.com/captcha/index.php?d=dxox.com&pg=bad" "WWW-Mechanize/0.72" "www.saveaslave.com"
173.226.68.31 - - [02/Sep/2015:06:04:53 -0700] "GET /images/countrymap/solomon-islands.gif HTTP/1.1" 200 122217 "-" "Mozilla/5.0 (Windows NT 6.1; rv:38.0) Gecko/20100101 Firefox/38.0" "www.saveaslave.com"
66.249.64.190 - - [02/Sep/2015:06:07:44 -0700] "GET /images/countrymap/jamaica-flag.gif HTTP/1.1" 200 28097 "-" "Googlebot-Image/1.0" "www.saveaslave.com"
92.99.248.192 - - [02/Sep/2015:06:19:51 -0700] "GET / HTTP/1.1" 200 36949 "http://video--production.com" "Mozilla/5.0 (Windows NT 6.1; WOW64) AppleWebKit/537.36 (KHTML, like Gecko) Chrome/36.0.1985.143 Safari/537.36" "saveaslave.com"
92.99.248.192 - - [02/Sep/2015:06:19:51 -0700] "GET /css/style.css HTTP/1.1" 200 1400 "http://saveaslave.com/" "Mozilla/5.0 (Windows NT 6.1; WOW64) AppleWebKit/537.36 (KHTML, like Gecko) Chrome/36.0.1985.143 Safari/537.36" "saveaslave.com"
92.99.248.192 - - [02/Sep/2015:06:19:51 -0700] "GET /jquery-1.3.2.min.js HTTP/1.1" 200 57254 "http://saveaslave.com/" "Mozilla/5.0 (Windows NT 6.1; WOW64) AppleWebKit/537.36 (KHTML, like Gecko) Chrome/36.0.1985.143 Safari/537.36" "saveaslave.com"
92.99.248.192 - - [02/Sep/2015:06:19:52 -0700] "GET /images/sas_button.gif HTTP/1.1" 200 2628 "http://saveaslave.com/" "Mozilla/5.0 (Windows NT 6.1; WOW64) AppleWebKit/537.36 (KHTML, like Gecko) Chrome/36.0.1985.143 Safari/537.36" "saveaslave.com"
92.99.248.192 - - [02/Sep/2015:06:19:53 -0700] "GET /listlink.php?page=index.html HTTP/1.1" 200 10627 "http://saveaslave.com/" "Mozilla/5.0 (Windows NT 6.1; WOW64) AppleWebKit/537.36 (KHTML, like Gecko) Chrome/36.0.1985.143 Safari/537.36" "www.saveaslave.com"
46.4.189.109 - - [02/Sep/2015:06:24:54 -0700] "GET /norway.html HTTP/1.1" 200 5674 "http://www.saveaslave.com/norway.html" "Mozilla/5.0 (Windows NT 6.1; WOW64; rv:10.0.2) Gecko/20100101 Firefox/10.0.2" "www.saveaslave.com"
188.165.15.196 - - [02/Sep/2015:06:28:24 -0700] "GET /malawi.html HTTP/1.1" 200 5674 "-" "Mozilla/5.0 (compatible; AhrefsBot/5.0; +http://ahrefs.com/robot/)" "saveaslave.com"
72.170.224.210 - - [02/Sep/2015:07:19:38 -0700] "GET / HTTP/1.1" 200 36949 "-" "Mozilla/5.0 (Windows NT 6.1; WOW64; Trident/7.0; rv:11.0) like Gecko" "www.saveaslave.com"
72.170.224.210 - - [02/Sep/2015:07:19:40 -0700] "GET /listlink.php?page=index.html HTTP/1.1" 200 10627 "http://www.saveaslave.com/" "Mozilla/5.0 (Windows NT 6.1; WOW64; Trident/7.0; rv:11.0) like Gecko" "www.saveaslave.com"
72.170.224.210 - - [02/Sep/2015:07:19:40 -0700] "GET /addlink.php?page=index.html HTTP/1.1" 200 16247 "http://www.saveaslave.com/" "Mozilla/5.0 (Windows NT 6.1; WOW64; Trident/7.0; rv:11.0) like Gecko" "www.saveaslave.com"
200.140.19.196 - - [02/Sep/2015:07:45:57 -0700] "GET /images/countrymap/bosnia-herzegovina.jpg HTTP/1.1" 200 42063 "https://www.google.com.br/" "Mozilla/5.0 (Windows NT 10.0; WOW64) AppleWebKit/537.36 (KHTML, like Gecko) Chrome/44.0.2403.157 Safari/537.36" "www.saveaslave.com"
68.15.76.83 - - [02/Sep/2015:07:54:27 -0700] "GET /images/countrymap/solomon-islands.gif HTTP/1.1" 200 122217 "https://www.google.com/" "Mozilla/5.0 (Windows NT 6.1; WOW64) AppleWebKit/537.36 (KHTML, like Gecko) Chrome/44.0.2403.157 Safari/537.36" "www.saveaslave.com"
72.168.98.121 - - [02/Sep/2015:08:02:15 -0700] "GET /css/style.css HTTP/1.1" 200 1400 "http://www.saveaslave.com/" "Mozilla/5.0 (Windows NT 6.1; WOW64; Trident/7.0; rv:11.0) like Gecko" "www.saveaslave.com"
72.168.98.121 - - [02/Sep/2015:08:02:15 -0700] "GET /jquery.marquee.js HTTP/1.1" 200 6560 "http://www.saveaslave.com/" "Mozilla/5.0 (Windows NT 6.1; WOW64; Trident/7.0; rv:11.0) like Gecko" "www.saveaslave.com"
72.168.98.121 - - [02/Sep/2015:08:02:15 -0700] "GET /jquery-1.3.2.min.js HTTP/1.1" 200 57254 "http://www.saveaslave.com/" "Mozilla/5.0 (Windows NT 6.1; WOW64; Trident/7.0; rv:11.0) like Gecko" "www.saveaslave.com"
72.168.98.121 - - [02/Sep/2015:08:02:15 -0700] "GET /images/slaves.jpg HTTP/1.1" 200 86777 "http://www.saveaslave.com/" "Mozilla/5.0 (Windows NT 6.1; WOW64; Trident/7.0; rv:11.0) like Gecko" "www.saveaslave.com"
72.168.98.121 - - [02/Sep/2015:08:02:15 -0700] "GET /addlink.php?page=index.html HTTP/1.1" 200 16247 "http://www.saveaslave.com/" "Mozilla/5.0 (Windows NT 6.1; WOW64; Trident/7.0; rv:11.0) like Gecko" "www.saveaslave.com"
72.168.98.121 - - [02/Sep/2015:08:06:53 -0700] "GET / HTTP/1.1" 200 36949 "-" "Mozilla/5.0 (Windows NT 6.1; WOW64; Trident/7.0; rv:11.0) like Gecko" "www.saveaslave.com"
72.168.98.121 - - [02/Sep/2015:08:07:07 -0700] "GET /listlink.php?page=index.html HTTP/1.1" 200 10627 "http://www.saveaslave.com/" "Mozilla/5.0 (Windows NT 6.1; WOW64; Trident/7.0; rv:11.0) like Gecko" "www.saveaslave.com"
68.197.228.238 - - [02/Sep/2015:08:14:50 -0700] "GET / HTTP/1.1" 200 36949 "http://www.volunteermatch.org/search/opp862284.jsp" "Mozilla/5.0 (Macintosh; Intel Mac OS X 10_10_5) AppleWebKit/537.36 (KHTML, like Gecko) Chrome/44.0.2403.157 Safari/537.36" "www.saveaslave.com"
68.197.228.238 - - [02/Sep/2015:08:14:50 -0700] "GET /images/sas_button.gif HTTP/1.1" 200 2628 "http://www.saveaslave.com/" "Mozilla/5.0 (Macintosh; Intel Mac OS X 10_10_5) AppleWebKit/537.36 (KHTML, like Gecko) Chrome/44.0.2403.157 Safari/537.36" "www.saveaslave.com"
68.197.228.238 - - [02/Sep/2015:08:14:52 -0700] "GET /favicon.ico HTTP/1.1" 404 89 "http://www.saveaslave.com/" "Mozilla/5.0 (Macintosh; Intel Mac OS X 10_10_5) AppleWebKit/537.36 (KHTML, like Gecko) Chrome/44.0.2403.157 Safari/537.36" "www.saveaslave.com"
65.36.241.48 - - [02/Sep/2015:08:25:47 -0700] "HEAD / HTTP/1.1" 200 0 "-" "InternetSeer.com" "www.saveaslave.com"
187.106.95.194 - - [02/Sep/2015:08:29:50 -0700] "GET /jquery.marquee.js HTTP/1.1" 200 6560 "http://saveaslave.com/" "Mozilla/5.0 (Windows NT 6.1; WOW64) AppleWebKit/537.36 (KHTML, like Gecko) Chrome/32.0.1700.107 Safari/537.36" "saveaslave.com"
187.106.95.194 - - [02/Sep/2015:08:29:50 -0700] "GET /css/style.css HTTP/1.1" 200 1400 "http://saveaslave.com/" "Mozilla/5.0 (Windows NT 6.1; WOW64) AppleWebKit/537.36 (KHTML, like Gecko) Chrome/32.0.1700.107 Safari/537.36" "saveaslave.com"
187.106.95.194 - - [02/Sep/2015:08:29:50 -0700] "GET /images/header.png HTTP/1.1" 200 104524 "http://saveaslave.com/" "Mozilla/5.0 (Windows NT 6.1; WOW64) AppleWebKit/537.36 (KHTML, like Gecko) Chrome/32.0.1700.107 Safari/537.36" "saveaslave.com"
66.249.69.82 - - [02/Sep/2015:08:47:11 -0700] "GET /robots.txt HTTP/1.1" 404 89 "-" "Mozilla/5.0 (compatible; Googlebot/2.1; +http://www.google.com/bot.html)" "www.saveaslave.com"
209.249.5.250 - - [02/Sep/2015:08:50:40 -0700] "GET /robots.txt HTTP/1.1" 404 89 "-" "rogerbot/1.0 (http://moz.com/help/pro/what-is-rogerbot-, rogerbot-wherecat@moz.com)" "www.saveaslave.com"
209.249.5.250 - - [02/Sep/2015:08:50:47 -0700] "GET /whoweare.html HTTP/1.1" 200 12096 "-" "rogerbot/1.0 (http://moz.com/help/pro/what-is-rogerbot-, rogerbot-wherecat@moz.com)" "www.saveaslave.com"
209.249.5.250 - - [02/Sep/2015:08:51:05 -0700] "GET /venezuela.html HTTP/1.1" 200 5704 "-" "rogerbot/1.0 (http://moz.com/help/pro/what-is-rogerbot-, rogerbot-wherecat@moz.com)" "saveaslave.com"
70.196.10.66 - - [02/Sep/2015:08:54:19 -0700] "GET /images/countrymap/solomon-islands.gif HTTP/1.1" 200 122217 "https://www.google.com/" "Mozilla/5.0 (iPhone; CPU iPhone OS 8_4 like Mac OS X) AppleWebKit/600.1.4 (KHTML, like Gecko) Version/8.0 Mobile/12H143 Safari/600.1.4" "www.saveaslave.com"
157.55.39.71 - - [02/Sep/2015:09:12:59 -0700] "GET /robots.txt HTTP/1.1" 404 89 "-" "Mozilla/5.0 (compatible; bingbot/2.0; +http://www.bing.com/bingbot.htm)" "www.saveaslave.com"
157.55.39.54 - - [02/Sep/2015:09:30:54 -0700] "GET /china.html HTTP/1.1" 200 5666 "-" "Mozilla/5.0 (compatible; bingbot/2.0; +http://www.bing.com/bingbot.htm)" "www.saveaslave.com"
157.55.39.54 - - [02/Sep/2015:09:30:55 -0700] "GET /argentina HTTP/1.1" 200 5636 "-" "Mozilla/5.0 (compatible; bingbot/2.0; +http://www.bing.com/bingbot.htm)" "www.saveaslave.com"
157.55.39.54 - - [02/Sep/2015:09:30:55 -0700] "GET /chile.html HTTP/1.1" 200 5650 "-" "Mozilla/5.0 (compatible; bingbot/2.0; +http://www.bing.com/bingbot.htm)" "www.saveaslave.com"
157.55.39.54 - - [02/Sep/2015:09:30:55 -0700] "GET /cameroon.html HTTP/1.1" 200 5666 "-" "Mozilla/5.0 (compatible; bingbot/2.0; +http://www.bing.com/bingbot.htm)" "www.saveaslave.com"
157.55.39.54 - - [02/Sep/2015:09:30:55 -0700] "GET /burkina-faso.html HTTP/1.1" 200 5702 "-" "Mozilla/5.0 (compatible; bingbot/2.0; +http://www.bing.com/bingbot.htm)" "www.saveaslave.com"
157.55.39.54 - - [02/Sep/2015:09:30:55 -0700] "GET /austria HTTP/1.1" 200 5614 "-" "Mozilla/5.0 (compatible; bingbot/2.0; +http://www.bing.com/bingbot.htm)" "www.saveaslave.com"
157.55.39.54 - - [02/Sep/2015:09:30:55 -0700] "GET /angola HTTP/1.1" 200 5617 "-" "Mozilla/5.0 (compatible; bingbot/2.0; +http://www.bing.com/bingbot.htm)" "www.saveaslave.com"
157.55.39.54 - - [02/Sep/2015:09:30:56 -0700] "GET /Adoption.html HTTP/1.1" 404 89 "-" "Mozilla/5.0 (compatible; bingbot/2.0; +http://www.bing.com/bingbot.htm)" "www.saveaslave.com"
157.55.39.54 - - [02/Sep/2015:09:30:56 -0700] "GET /malta HTTP/1.1" 200 5665 "-" "Mozilla/5.0 (compatible; bingbot/2.0; +http://www.bing.com/bingbot.htm)" "www.saveaslave.com"
72.168.98.122 - - [02/Sep/2015:10:05:40 -0700] "GET / HTTP/1.1" 200 36949 "-" "Mozilla/5.0 (Windows NT 6.1; WOW64; Trident/7.0; rv:11.0) like Gecko" "www.saveaslave.com"
72.168.98.122 - - [02/Sep/2015:10:05:40 -0700] "GET /images/slaves.jpg HTTP/1.1" 200 86777 "http://www.saveaslave.com/" "Mozilla/5.0 (Windows NT 6.1; WOW64; Trident/7.0; rv:11.0) like Gecko" "www.saveaslave.com"
72.168.98.122 - - [02/Sep/2015:10:05:41 -0700] "GET /images/sas_button.gif HTTP/1.1" 200 2628 "http://www.saveaslave.com/" "Mozilla/5.0 (Windows NT 6.1; WOW64; Trident/7.0; rv:11.0) like Gecko" "www.saveaslave.com"
72.168.98.122 - - [02/Sep/2015:10:05:41 -0700] "GET /listlink.php?page=index.html HTTP/1.1" 200 10627 "http://www.saveaslave.com/" "Mozilla/5.0 (Windows NT 6.1; WOW64; Trident/7.0; rv:11.0) like Gecko" "www.saveaslave.com"
72.168.98.122 - - [02/Sep/2015:10:05:41 -0700] "GET /addlink.php?page=index.html HTTP/1.1" 200 16247 "http://www.saveaslave.com/" "Mozilla/5.0 (Windows NT 6.1; WOW64; Trident/7.0; rv:11.0) like Gecko" "www.saveaslave.com"
157.55.39.211 - - [02/Sep/2015:10:05:49 -0700] "GET /robots.txt HTTP/1.1" 404 89 "-" "Mozilla/5.0 (compatible; bingbot/2.0; +http://www.bing.com/bingbot.htm)" "www.saveaslave.com"
66.249.69.13 - - [02/Sep/2015:10:14:09 -0700] "GET /sitemap.xml HTTP/1.1" 404 89 "-" "Mozilla/5.0 (compatible; Googlebot/2.1; +http://www.google.com/bot.html)" "saveaslave.com"
65.36.241.48 - - [02/Sep/2015:10:15:58 -0700] "HEAD /?tpl=references&Itemid=3 HTTP/1.1" 200 0 "-" "InternetSeer.com" "www.saveaslave.com"
65.36.241.48 - - [02/Sep/2015:10:34:10 -0700] "HEAD / HTTP/1.1" 200 0 "-" "InternetSeer.com" "www.saveaslave.com"
111.13.102.4 - - [02/Sep/2015:10:37:37 -0700] "GET /robots.txt HTTP/1.1" 404 89 "-" "Mozilla/5.0 (Windows NT 5.1; rv:6.0.2) Gecko/20100101 Firefox/6.0.2" "www.saveaslave.com"
123.125.71.88 - - [02/Sep/2015:10:38:25 -0700] "GET /images/slaves.jpg HTTP/1.1" 200 86777 "-" "Baiduspider-image+(+http://www.baidu.com/search/spider.htm)" "www.saveaslave.com"
23.23.242.178 - - [02/Sep/2015:10:38:38 -0700] "GET /greenland.html HTTP/1.1" 200 5702 "-" "Mozilla/5.0 (Windows; U; Windows NT 5.1; en-US; rv:1.9.2.8) Gecko/20100722 Firefox/3.6.8" "www.saveaslave.com"
46.4.189.109 - - [02/Sep/2015:10:44:02 -0700] "GET /lebanon.html HTTP/1.1" 200 5683 "http://www.saveaslave.com/lebanon.html" "Mozilla/5.0 (Windows NT 6.2; WOW64) AppleWebKit/537.31 (KHTML like Gecko) Chrome/26.0.1410.43 Safari/537.31" "www.saveaslave.com"
72.168.98.118 - - [02/Sep/2015:10:44:19 -0700] "GET / HTTP/1.1" 200 36949 "-" "Mozilla/5.0 (Windows NT 6.1; WOW64; Trident/7.0; rv:11.0) like Gecko" "www.saveaslave.com"
72.168.98.118 - - [02/Sep/2015:10:44:21 -0700] "GET /listlink.php?page=index.html HTTP/1.1" 200 10627 "http://www.saveaslave.com/" "Mozilla/5.0 (Windows NT 6.1; WOW64; Trident/7.0; rv:11.0) like Gecko" "www.saveaslave.com"
72.168.98.118 - - [02/Sep/2015:10:44:22 -0700] "GET /addlink.php?page=index.html HTTP/1.1" 200 16247 "http://www.saveaslave.com/" "Mozilla/5.0 (Windows NT 6.1; WOW64; Trident/7.0; rv:11.0) like Gecko" "www.saveaslave.com"
157.55.39.186 - - [02/Sep/2015:10:47:13 -0700] "GET /cape-verde.html HTTP/1.1" 200 5687 "-" "Mozilla/5.0 (compatible; bingbot/2.0; +http://www.bing.com/bingbot.htm)" "www.saveaslave.com"
157.55.39.212 - - [02/Sep/2015:10:47:27 -0700] "GET /united-kingdom.html HTTP/1.1" 200 5747 "-" "Mozilla/5.0 (compatible; bingbot/2.0; +http://www.bing.com/bingbot.htm)" "saveaslave.com"
157.55.39.212 - - [02/Sep/2015:10:47:27 -0700] "GET /calendar/default.html HTTP/1.1" 404 89 "-" "Mozilla/5.0 (compatible; bingbot/2.0; +http://www.bing.com/bingbot.htm)" "saveaslave.com"
157.55.39.186 - - [02/Sep/2015:10:48:10 -0700] "GET /canada.html HTTP/1.1" 200 5648 "-" "Mozilla/5.0 (compatible; bingbot/2.0; +http://www.bing.com/bingbot.htm)" "www.saveaslave.com"
157.55.39.186 - - [02/Sep/2015:10:48:11 -0700] "GET /albania HTTP/1.1" 200 6139 "-" "Mozilla/5.0 (compatible; bingbot/2.0; +http://www.bing.com/bingbot.htm)" "www.saveaslave.com"
157.55.39.186 - - [02/Sep/2015:10:48:11 -0700] "GET /PayPal.html HTTP/1.1" 404 89 "-" "Mozilla/5.0 (compatible; bingbot/2.0; +http://www.bing.com/bingbot.htm)" "www.saveaslave.com"
157.55.39.186 - - [02/Sep/2015:10:48:11 -0700] "GET / HTTP/1.1" 200 36949 "-" "Mozilla/5.0 (compatible; bingbot/2.0; +http://www.bing.com/bingbot.htm)" "www.saveaslave.com"
157.55.39.186 - - [02/Sep/2015:10:48:12 -0700] "GET /peru HTTP/1.1" 200 5656 "-" "Mozilla/5.0 (compatible; bingbot/2.0; +http://www.bing.com/bingbot.htm)" "www.saveaslave.com"
157.55.39.186 - - [02/Sep/2015:10:48:12 -0700] "GET /slovenia HTTP/1.1" 200 5692 "-" "Mozilla/5.0 (compatible; bingbot/2.0; +http://www.bing.com/bingbot.htm)" "www.saveaslave.com"
157.55.39.186 - - [02/Sep/2015:10:48:12 -0700] "GET /spain HTTP/1.1" 200 5665 "-" "Mozilla/5.0 (compatible; bingbot/2.0; +http://www.bing.com/bingbot.htm)" "www.saveaslave.com"
157.55.39.186 - - [02/Sep/2015:10:48:12 -0700] "GET /whoweare.html HTTP/1.1" 200 12096 "-" "Mozilla/5.0 (compatible; bingbot/2.0; +http://www.bing.com/bingbot.htm)" "www.saveaslave.com"
157.55.39.186 - - [02/Sep/2015:10:48:12 -0700] "GET /?tpl=references&Itemid=3 HTTP/1.1" 200 36949 "-" "Mozilla/5.0 (compatible; bingbot/2.0; +http://www.bing.com/bingbot.htm)" "www.saveaslave.com"
157.55.39.186 - - [02/Sep/2015:10:48:12 -0700] "GET /about/default.html HTTP/1.1" 404 89 "-" "Mozilla/5.0 (compatible; bingbot/2.0; +http://www.bing.com/bingbot.htm)" "www.saveaslave.com"
157.55.39.186 - - [02/Sep/2015:10:48:13 -0700] "GET /north-korea.html HTTP/1.1" 200 5719 "-" "Mozilla/5.0 (compatible; bingbot/2.0; +http://www.bing.com/bingbot.htm)" "www.saveaslave.com"
157.55.39.186 - - [02/Sep/2015:10:48:13 -0700] "GET /liberia HTTP/1.1" 200 5683 "-" "Mozilla/5.0 (compatible; bingbot/2.0; +http://www.bing.com/bingbot.htm)" "www.saveaslave.com"
157.55.39.186 - - [02/Sep/2015:10:48:13 -0700] "GET /jamaica.html HTTP/1.1" 200 5684 "-" "Mozilla/5.0 (compatible; bingbot/2.0; +http://www.bing.com/bingbot.htm)" "www.saveaslave.com"
157.55.39.186 - - [02/Sep/2015:10:48:13 -0700] "GET /jamaica HTTP/1.1" 200 5684 "-" "Mozilla/5.0 (compatible; bingbot/2.0; +http://www.bing.com/bingbot.htm)" "www.saveaslave.com"
157.55.39.186 - - [02/Sep/2015:10:48:13 -0700] "GET /iran HTTP/1.1" 200 5657 "-" "Mozilla/5.0 (compatible; bingbot/2.0; +http://www.bing.com/bingbot.htm)" "www.saveaslave.com"
71.171.30.94 - - [02/Sep/2015:10:48:14 -0700] "GET /listlink.php?page=index.html HTTP/1.1" 200 10627 "http://www.saveaslave.com/" "Mozilla/5.0 (Windows NT 10.0) AppleWebKit/537.36 (KHTML, like Gecko) Chrome/44.0.2403.157 Safari/537.36" "www.saveaslave.com"
71.171.30.94 - - [02/Sep/2015:10:48:14 -0700] "GET /addlink.php?page=index.html HTTP/1.1" 200 16247 "http://www.saveaslave.com/" "Mozilla/5.0 (Windows NT 10.0) AppleWebKit/537.36 (KHTML, like Gecko) Chrome/44.0.2403.157 Safari/537.36" "www.saveaslave.com"
71.171.30.94 - - [02/Sep/2015:10:48:23 -0700] "GET /favicon.ico HTTP/1.1" 404 89 "http://www.saveaslave.com/" "Mozilla/5.0 (Windows NT 10.0) AppleWebKit/537.36 (KHTML, like Gecko) Chrome/44.0.2403.157 Safari/537.36" "www.saveaslave.com"
71.171.30.94 - - [02/Sep/2015:10:48:37 -0700] "GET /country.php?name=Cuba&lang=en HTTP/1.1" 200 16049 "http://www.saveaslave.com/" "Mozilla/5.0 (Windows NT 10.0) AppleWebKit/537.36 (KHTML, like Gecko) Chrome/44.0.2403.157 Safari/537.36" "saveaslave.com"
71.171.30.94 - - [02/Sep/2015:10:48:37 -0700] "GET /images/countrymap/cuba-flag.jpg HTTP/1.1" 200 2622 "http://saveaslave.com/country.php?name=Cuba&lang=en" "Mozilla/5.0 (Windows NT 10.0) AppleWebKit/537.36 (KHTML, like Gecko) Chrome/44.0.2403.157 Safari/537.36" "saveaslave.com"
71.171.30.94 - - [02/Sep/2015:10:48:37 -0700] "GET /addlink.php?page=cuba.html HTTP/1.1" 200 16256 "http://saveaslave.com/country.php?name=Cuba&lang=en" "Mozilla/5.0 (Windows NT 10.0) AppleWebKit/537.36 (KHTML, like Gecko) Chrome/44.0.2403.157 Safari/537.36" "www.saveaslave.com"
71.171.30.94 - - [02/Sep/2015:10:48:50 -0700] "GET /favicon.ico HTTP/1.1" 404 89 "http://saveaslave.com/country.php?name=Cuba&lang=en" "Mozilla/5.0 (Windows NT 10.0) AppleWebKit/537.36 (KHTML, like Gecko) Chrome/44.0.2403.157 Safari/537.36" "saveaslave.com"
62.4.22.54 - - [02/Sep/2015:11:19:26 -0700] "GET / HTTP/1.1" 200 36949 "-" "Stratagems Kumo" "www.saveaslave.com"
188.165.15.196 - - [02/Sep/2015:11:32:01 -0700] "GET /ghana.html HTTP/1.1" 200 5666 "-" "Mozilla/5.0 (compatible; AhrefsBot/5.0; +http://ahrefs.com/robot/)" "saveaslave.com"
72.168.96.125 - - [02/Sep/2015:12:15:55 -0700] "GET /jquery-1.3.2.min.js HTTP/1.1" 200 57254 "http://www.saveaslave.com/" "Mozilla/5.0 (Windows NT 6.1; WOW64; Trident/7.0; rv:11.0) like Gecko" "www.saveaslave.com"
157.55.39.212 - - [02/Sep/2015:12:31:24 -0700] "GET /botswana HTTP/1.1" 200 5669 "-" "Mozilla/5.0 (compatible; bingbot/2.0; +http://www.bing.com/bingbot.htm)" "www.saveaslave.com"
157.55.39.212 - - [02/Sep/2015:12:31:24 -0700] "GET /belize HTTP/1.1" 200 5643 "-" "Mozilla/5.0 (compatible; bingbot/2.0; +http://www.bing.com/bingbot.htm)" "www.saveaslave.com"
157.55.39.212 - - [02/Sep/2015:12:31:24 -0700] "GET /barbados HTTP/1.1" 200 5664 "-" "Mozilla/5.0 (compatible; bingbot/2.0; +http://www.bing.com/bingbot.htm)" "www.saveaslave.com"
157.55.39.212 - - [02/Sep/2015:12:31:25 -0700] "GET /honduras HTTP/1.1" 200 5693 "-" "Mozilla/5.0 (compatible; bingbot/2.0; +http://www.bing.com/bingbot.htm)" "www.saveaslave.com"
157.55.39.212 - - [02/Sep/2015:12:31:25 -0700] "GET /resources.html HTTP/1.1" 200 14780 "-" "Mozilla/5.0 (compatible; bingbot/2.0; +http://www.bing.com/bingbot.htm)" "www.saveaslave.com"
157.55.39.212 - - [02/Sep/2015:12:31:25 -0700] "GET /suriname HTTP/1.1" 200 5695 "-" "Mozilla/5.0 (compatible; bingbot/2.0; +http://www.bing.com/bingbot.htm)" "www.saveaslave.com"
157.55.39.212 - - [02/Sep/2015:12:31:25 -0700] "GET /articles/moder... HTTP/1.1" 404 89 "-" "Mozilla/5.0 (compatible; bingbot/2.0; +http://www.bing.com/bingbot.htm)" "www.saveaslave.com"
157.55.39.212 - - [02/Sep/2015:12:31:25 -0700] "GET /calendar/default.html HTTP/1.1" 404 89 "-" "Mozilla/5.0 (compatible; bingbot/2.0; +http://www.bing.com/bingbot.htm)" "www.saveaslave.com"
157.55.39.212 - - [02/Sep/2015:12:31:25 -0700] "GET /photo_gallery/default.html HTTP/1.1" 404 89 "-" "Mozilla/5.0 (compatible; bingbot/2.0; +http://www.bing.com/bingbot.htm)" "www.saveaslave.com"
157.55.39.212 - - [02/Sep/2015:12:31:26 -0700] "GET /guatemala HTTP/1.1" 200 5702 "-" "Mozilla/5.0 (compatible; bingbot/2.0; +http://www.bing.com/bingbot.htm)" "www.saveaslave.com"
38.100.34.50 - - [02/Sep/2015:13:23:44 -0700] "GET /images/countrymap/solomon-islands.gif HTTP/1.1" 200 122217 "https://www.google.com/" "Mozilla/5.0 (Windows NT 6.1; WOW64) AppleWebKit/537.36 (KHTML, like Gecko) Chrome/44.0.2403.157 Safari/537.36" "www.saveaslave.com"
108.186.194.149 - - [02/Sep/2015:13:24:11 -0700] "GET /wp-login.php HTTP/1.1" 200 73 "-" "Mozilla/5.0 (compatible; MSIE 9.0; Windows NT 6.1; Trident/5.0)" "www.saveaslave.com"
108.14.198.100 - - [02/Sep/2015:13:42:06 -0700] "GET / HTTP/1.1" 200 36949 "http://www.volunteermatch.org/search/org293443.jsp" "Mozilla/5.0 (Windows NT 6.1; WOW64; rv:40.0) Gecko/20100101 Firefox/40.0" "www.saveaslave.com"
108.14.198.100 - - [02/Sep/2015:13:42:06 -0700] "GET /css/style.css HTTP/1.1" 200 1400 "http://www.saveaslave.com/" "Mozilla/5.0 (Windows NT 6.1; WOW64; rv:40.0) Gecko/20100101 Firefox/40.0" "www.saveaslave.com"
108.14.198.100 - - [02/Sep/2015:13:42:06 -0700] "GET /jquery.marquee.js HTTP/1.1" 200 6560 "http://www.saveaslave.com/" "Mozilla/5.0 (Windows NT 6.1; WOW64; rv:40.0) Gecko/20100101 Firefox/40.0" "www.saveaslave.com"
108.14.198.100 - - [02/Sep/2015:13:42:07 -0700] "GET /listlink.php?page=index.html HTTP/1.1" 200 10627 "http://www.saveaslave.com/" "Mozilla/5.0 (Windows NT 6.1; WOW64; rv:40.0) Gecko/20100101 Firefox/40.0" "www.saveaslave.com"
72.168.96.126 - - [02/Sep/2015:13:49:35 -0700] "GET / HTTP/1.1" 200 36949 "-" "Mozilla/5.0 (Windows NT 6.1; WOW64; Trident/7.0; rv:11.0) like Gecko" "www.saveaslave.com"
72.168.96.126 - - [02/Sep/2015:13:49:38 -0700] "GET /listlink.php?page=index.html HTTP/1.1" 200 10627 "http://www.saveaslave.com/" "Mozilla/5.0 (Windows NT 6.1; WOW64; Trident/7.0; rv:11.0) like Gecko" "www.saveaslave.com"
72.168.96.126 - - [02/Sep/2015:13:49:39 -0700] "GET /addlink.php?page=index.html HTTP/1.1" 200 16247 "http://www.saveaslave.com/" "Mozilla/5.0 (Windows NT 6.1; WOW64; Trident/7.0; rv:11.0) like Gecko" "www.saveaslave.com"
96.232.33.141 - - [02/Sep/2015:13:55:58 -0700] "GET /images/countrymap/solomon-islands.gif HTTP/1.1" 200 122217 "https://www.google.com" "Mozilla/5.0 (Macintosh; Intel Mac OS X 10.9; rv:40.0) Gecko/20100101 Firefox/40.0" "www.saveaslave.com"
217.69.133.223 - - [02/Sep/2015:14:01:26 -0700] "GET /robots.txt HTTP/1.1" 404 89 "-" "Mozilla/5.0 (compatible; Linux x86_64; Mail.RU_Bot/2.0; +http://go.mail.ru/help/robots)" "www.saveaslave.com"
109.247.160.102 - - [02/Sep/2015:14:23:58 -0700] "GET /images/countrymap/bosnia-herzegovina.jpg HTTP/1.1" 200 42063 "https://www.google.no/" "Mozilla/5.0 (iPhone; CPU iPhone OS 8_4_1 like Mac OS X) AppleWebKit/600.1.4 (KHTML, like Gecko) Version/8.0 Mobile/12H321 Safari/600.1.4" "www.saveaslave.com"
157.55.39.71 - - [02/Sep/2015:14:36:41 -0700] "GET /robots.txt HTTP/1.1" 404 89 "-" "Mozilla/5.0 (compatible; bingbot/2.0; +http://www.bing.com/bingbot.htm)" "saveaslave.com"
157.55.39.212 - - [02/Sep/2015:14:39:55 -0700] "GET /robots.txt HTTP/1.1" 404 89 "-" "Mozilla/5.0 (compatible; bingbot/2.0; +http://www.bing.com/bingbot.htm)" "saveaslave.com"
157.55.39.212 - - [02/Sep/2015:14:43:02 -0700] "GET /ukraine.html HTTP/1.1" 200 5686 "-" "Mozilla/5.0 (compatible; bingbot/2.0; +http://www.bing.com/bingbot.htm)" "saveaslave.com"
54.243.48.119 - - [02/Sep/2015:14:59:25 -0700] "GET /greenland.html HTTP/1.1" 200 5702 "-" "Mozilla/5.0 (Windows; U; Windows NT 5.1; en-US; rv:1.9.2.8) Gecko/20100722 Firefox/3.6.8" "www.saveaslave.com"
65.36.241.48 - - [02/Sep/2015:15:04:34 -0700] "HEAD / HTTP/1.1" 200 0 "-" "InternetSeer.com" "www.saveaslave.com"
157.55.39.54 - - [02/Sep/2015:15:21:21 -0700] "GET /robots.txt HTTP/1.1" 404 89 "-" "Mozilla/5.0 (compatible; bingbot/2.0; +http://www.bing.com/bingbot.htm)" "saveaslave.com"
207.90.2.10 - - [02/Sep/2015:15:21:57 -0700] "GET /addlink.php?page=index.html HTTP/1.1" 200 16283 "-" "=Mozilla/5.0 (Windows; U; Windows NT 6.1; en-US) AppleWebKit/534.16 (KHTML, like Gecko) Chrome/10.0.648.204 Safari/534.16" "www.saveaslave.com"
66.249.69.74 - - [02/Sep/2015:15:32:54 -0700] "GET /images/countrymap/andorra.jpg HTTP/1.1" 200 17701 "-" "Googlebot-Image/1.0" "www.saveaslave.com"
217.69.133.220 - - [02/Sep/2015:15:37:06 -0700] "GET /robots.txt HTTP/1.1" 404 89 "-" "Mozilla/5.0 (compatible; Linux x86_64; Mail.RU_Bot/2.0; +http://go.mail.ru/help/robots)" "www.saveaslave.com"
66.249.69.66 - - [02/Sep/2015:16:06:43 -0700] "GET /images/countrymap/zambia.jpg HTTP/1.1" 200 26099 "-" "Googlebot-Image/1.0" "www.saveaslave.com"
188.165.15.196 - - [02/Sep/2015:16:15:36 -0700] "GET /turks-caicos-islands.html HTTP/1.1" 200 5819 "-" "Mozilla/5.0 (compatible; AhrefsBot/5.0; +http://ahrefs.com/robot/)" "saveaslave.com"
72.168.98.121 - - [02/Sep/2015:17:18:36 -0700] "GET / HTTP/1.1" 200 36949 "-" "Mozilla/5.0 (Windows NT 6.1; WOW64; Trident/7.0; rv:11.0) like Gecko" "www.saveaslave.com"
72.168.98.121 - - [02/Sep/2015:17:18:37 -0700] "GET /css/style.css HTTP/1.1" 200 1400 "http://www.saveaslave.com/" "Mozilla/5.0 (Windows NT 6.1; WOW64; Trident/7.0; rv:11.0) like Gecko" "www.saveaslave.com"
72.168.98.121 - - [02/Sep/2015:17:18:38 -0700] "GET /jquery.marquee.js HTTP/1.1" 200 6560 "http://www.saveaslave.com/" "Mozilla/5.0 (Windows NT 6.1; WOW64; Trident/7.0; rv:11.0) like Gecko" "www.saveaslave.com"
72.168.98.121 - - [02/Sep/2015:17:31:53 -0700] "GET /images/sas_button.gif HTTP/1.1" 200 2628 "-" "Mozilla/5.0 (Windows NT 6.1; WOW64; Trident/7.0; rv:11.0) like Gecko" "saveaslave.com"
63.143.114.74 - - [02/Sep/2015:17:35:26 -0700] "GET /images/countrymap/solomon-islands.gif HTTP/1.1" 200 122217 "https://www.google.com.jm/" "Mozilla/5.0 (Linux; Android 4.4.2; DL750 Build/KOT49H) AppleWebKit/537.36 (KHTML, like Gecko) Chrome/42.0.2311.111 Mobile Safari/537.36" "www.saveaslave.com"
203.113.152.5 - - [02/Sep/2015:17:51:04 -0700] "GET / HTTP/1.1" 200 36949 "-" "Mozilla/5.0 (Windows NT 6.1; WOW64; rv:37.0) Gecko/20100101 Firefox/37.0" "saveaslave.com"
66.147.244.146 - - [02/Sep/2015:17:53:02 -0700] "POST /php.php HTTP/1.1" 404 89 "-" "Mozilla/5.0 (Windows NT 6.0; rv:16.0) Firefox/12.0" "saveaslave.com"
66.147.244.146 - - [02/Sep/2015:17:53:02 -0700] "POST /php5.php HTTP/1.1" 404 89 "-" "Mozilla/5.0 (Windows NT 6.0; rv:16.0) Firefox/12.0" "saveaslave.com"
66.147.244.146 - - [02/Sep/2015:17:53:02 -0700] "POST /sitemap_xml_xml.php HTTP/1.1" 404 89 "-" "Mozilla/5.0 (Windows NT 6.0; rv:16.0) Firefox/12.0" "saveaslave.com"
68.180.228.181 - - [02/Sep/2015:17:54:02 -0700] "GET /robots.txt HTTP/1.1" 404 89 "-" "Mozilla/5.0 (compatible; Yahoo! Slurp; http://help.yahoo.com/help/us/ysearch/slurp)" "www.saveaslave.com"
66.87.77.27 - - [02/Sep/2015:18:19:23 -0700] "GET /images/countrymap/solomon-islands.gif HTTP/1.1" 200 122217 "https://www.google.com/" "Mozilla/5.0 (Linux; Android 5.0.1; SM-N910P Build/LRX22C; wv) AppleWebKit/537.36 (KHTML, like Gecko) Version/4.0 Chrome/44.0.2403.117 Mobile Safari/537.36 GSA/5.1.17.19.arm" "www.saveaslave.com"
157.55.39.211 - - [02/Sep/2015:18:20:55 -0700] "GET /antigua HTTP/1.1" 404 89 "-" "Mozilla/5.0 (compatible; bingbot/2.0; +http://www.bing.com/bingbot.htm)" "www.saveaslave.com"
188.165.15.196 - - [02/Sep/2015:18:28:39 -0700] "GET /georgia.html HTTP/1.1" 200 5684 "-" "Mozilla/5.0 (compatible; AhrefsBot/5.0; +http://ahrefs.com/robot/)" "saveaslave.com"
188.165.15.196 - - [02/Sep/2015:19:19:32 -0700] "GET /swaziland.html HTTP/1.1" 200 5704 "-" "Mozilla/5.0 (compatible; AhrefsBot/5.0; +http://ahrefs.com/robot/)" "saveaslave.com"
173.163.39.49 - - [02/Sep/2015:19:40:05 -0700] "GET /admin.php HTTP/1.1" 200 73 "-" "Mozilla/5.0 (Windows NT 5.1) AppleWebKit/537.1 (KHTML, like Gecko) Chrome/23.0.1271.17 Safari/537.11" "saveaslave.com"
65.36.241.48 - - [02/Sep/2015:20:23:33 -0700] "HEAD / HTTP/1.1" 200 0 "-" "InternetSeer.com" "www.saveaslave.com"
188.165.15.196 - - [02/Sep/2015:20:56:23 -0700] "GET /jordan.html HTTP/1.1" 200 5675 "-" "Mozilla/5.0 (compatible; AhrefsBot/5.0; +http://ahrefs.com/robot/)" "www.saveaslave.com"
100.32.25.74 - - [02/Sep/2015:21:21:37 -0700] "GET /images/header.png HTTP/1.1" 200 104524 "http://www.saveaslave.com/" "Mozilla/5.0 (Windows NT 6.1) AppleWebKit/537.36 (KHTML, like Gecko) Chrome/44.0.2403.157 Safari/537.36" "www.saveaslave.com"
100.32.25.74 - - [02/Sep/2015:21:21:37 -0700] "GET /images/sas_button.gif HTTP/1.1" 200 2628 "http://www.saveaslave.com/" "Mozilla/5.0 (Windows NT 6.1) AppleWebKit/537.36 (KHTML, like Gecko) Chrome/44.0.2403.157 Safari/537.36" "www.saveaslave.com"
100.32.25.74 - - [02/Sep/2015:21:21:38 -0700] "GET /jquery.marquee.js HTTP/1.1" 200 6560 "http://www.saveaslave.com/" "Mozilla/5.0 (Windows NT 6.1) AppleWebKit/537.36 (KHTML, like Gecko) Chrome/44.0.2403.157 Safari/537.36" "www.saveaslave.com"
71.95.125.85 - - [02/Sep/2015:21:39:25 -0700] "GET /images/countrymap/solomon-islands.gif HTTP/1.1" 200 122217 "https://www.google.com/" "Mozilla/5.0 (iPhone; CPU iPhone OS 8_4_1 like Mac OS X) AppleWebKit/600.1.4 (KHTML, like Gecko) Version/8.0 Mobile/12H321 Safari/600.1.4" "www.saveaslave.com"
77.75.79.109 - - [02/Sep/2015:21:56:01 -0700] "GET /robots.txt HTTP/1.1" 404 89 "-" "Mozilla/5.0 (compatible; SeznamBot/3.2; +http://fulltext.sblog.cz/)" "saveaslave.com"
77.75.79.109 - - [02/Sep/2015:21:56:35 -0700] "GET /tanzania.html HTTP/1.1" 200 5695 "-" "Mozilla/5.0 (compatible; SeznamBot/3.2; +http://fulltext.sblog.cz/)" "saveaslave.com"
77.75.79.109 - - [02/Sep/2015:21:57:15 -0700] "GET /vietnam.html HTTP/1.1" 200 5686 "-" "Mozilla/5.0 (compatible; SeznamBot/3.2; +http://fulltext.sblog.cz/)" "saveaslave.com"
77.75.79.109 - - [02/Sep/2015:22:00:30 -0700] "GET /finland.html HTTP/1.1" 200 6902 "-" "Mozilla/5.0 (compatible; SeznamBot/3.2; +http://fulltext.sblog.cz/)" "saveaslave.com"
66.249.69.82 - - [02/Sep/2015:22:16:35 -0700] "GET /robots.txt HTTP/1.1" 404 89 "-" "Mozilla/5.0 (compatible; Googlebot/2.1; +http://www.google.com/bot.html)" "www.saveaslave.com"
66.249.69.82 - - [02/Sep/2015:22:16:35 -0700] "GET /images/countrymap/saint-lucia.gif HTTP/1.1" 200 13599 "-" "Googlebot-Image/1.0" "www.saveaslave.com"
66.249.69.66 - - [02/Sep/2015:22:20:45 -0700] "GET /images/countrymap/guinea-flag.gif HTTP/1.1" 200 6048 "-" "Googlebot-Image/1.0" "www.saveaslave.com"
96.231.132.75 - - [02/Sep/2015:22:24:56 -0700] "GET /News%20Alert.html HTTP/1.1" 404 89 "-" "Mozilla/4.0 (compatible; T-H-U-N-D-E-R-S-T-O-N-E)" "www.saveaslave.com"
188.165.15.196 - - [02/Sep/2015:22:26:23 -0700] "GET /angola.html HTTP/1.1" 200 5617 "-" "Mozilla/5.0 (compatible; AhrefsBot/5.0; +http://ahrefs.com/robot/)" "saveaslave.com"
77.75.79.109 - - [02/Sep/2015:22:30:45 -0700] "GET /russia.html HTTP/1.1" 200 5674 "-" "Mozilla/5.0 (compatible; SeznamBot/3.2; +http://fulltext.sblog.cz/)" "saveaslave.com"
66.249.69.66 - - [02/Sep/2015:22:34:58 -0700] "GET /images/countrymap/new-zealand-flag.gif HTTP/1.1" 200 7152 "-" "Googlebot-Image/1.0" "www.saveaslave.com"
66.249.69.66 - - [02/Sep/2015:22:34:58 -0700] "GET /images/countrymap/new-zealand.gif HTTP/1.1" 200 17044 "-" "Googlebot-Image/1.0" "www.saveaslave.com"
66.249.69.74 - - [02/Sep/2015:22:34:58 -0700] "GET /images/countrymap/malawi-flag.gif HTTP/1.1" 200 19962 "-" "Googlebot-Image/1.0" "www.saveaslave.com"
66.249.69.74 - - [02/Sep/2015:22:35:11 -0700] "GET /images/countrymap/liberia-flag.gif HTTP/1.1" 200 8046 "-" "Googlebot-Image/1.0" "www.saveaslave.com"
66.249.69.74 - - [02/Sep/2015:22:35:57 -0700] "GET /images/countrymap/navassa-island.gif HTTP/1.1" 200 4751 "-" "Googlebot-Image/1.0" "www.saveaslave.com"
66.249.69.82 - - [02/Sep/2015:22:35:57 -0700] "GET /images/countrymap/navassa-island-flag.gif HTTP/1.1" 200 6498 "-" "Googlebot-Image/1.0" "www.saveaslave.com"
66.249.69.74 - - [02/Sep/2015:22:35:58 -0700] "GET /images/countrymap/saudi-arabia.gif HTTP/1.1" 200 23631 "-" "Googlebot-Image/1.0" "www.saveaslave.com"
66.249.69.74 - - [02/Sep/2015:22:35:58 -0700] "GET /images/countrymap/saint-kitts-nevis-flag.gif HTTP/1.1" 200 26373 "-" "Googlebot-Image/1.0" "www.saveaslave.com"
66.249.69.82 - - [02/Sep/2015:22:42:15 -0700] "GET /images/countrymap/marshall-islands-flag.gif HTTP/1.1" 200 35063 "-" "Googlebot-Image/1.0" "www.saveaslave.com"
77.75.79.109 - - [02/Sep/2015:22:43:45 -0700] "GET /tokelau.html HTTP/1.1" 200 5686 "-" "Mozilla/5.0 (compatible; SeznamBot/3.2; +http://fulltext.sblog.cz/)" "saveaslave.com"
66.249.69.74 - - [02/Sep/2015:22:44:03 -0700] "GET /favicon.ico HTTP/1.1" 404 89 "-" "Googlebot-Image/1.0" "www.saveaslave.com"
65.36.241.48 - - [02/Sep/2015:22:58:27 -0700] "HEAD / HTTP/1.1" 200 0 "-" "InternetSeer.com" "www.saveaslave.com"
104.250.147.218 - - [02/Sep/2015:23:16:06 -0700] "GET /robots.txt HTTP/1.1" 404 89 "-" "GigablastOpenSource/1.0" "www.saveaslave.com"
104.250.147.218 - - [02/Sep/2015:23:16:10 -0700] "GET /addlink.php?page=index.html HTTP/1.1" 200 16283 "-" "GigablastOpenSource/1.0" "www.saveaslave.com"
104.250.147.218 - - [02/Sep/2015:23:16:13 -0700] "GET /addlink.php?page=index.html HTTP/1.1" 200 16283 "-" "GigablastOpenSource/1.0" "www.saveaslave.com"
66.249.69.74 - - [02/Sep/2015:23:23:19 -0700] "GET /images/countrymap/new-caledonia.gif HTTP/1.1" 200 9106 "-" "Googlebot-Image/1.0" "www.saveaslave.com"
66.249.69.82 - - [02/Sep/2015:23:24:44 -0700] "GET /images/countrymap/netherlands-antilles.gif HTTP/1.1" 200 28427 "-" "Googlebot-Image/1.0" "www.saveaslave.com"
66.249.69.82 - - [02/Sep/2015:23:24:45 -0700] "GET /images/countrymap/saint-martin.gif HTTP/1.1" 200 17935 "-" "Googlebot-Image/1.0" "www.saveaslave.com"
66.249.69.82 - - [02/Sep/2015:23:24:49 -0700] "GET /images/countrymap/saint-martin-flag.gif HTTP/1.1" 200 5140 "-" "Googlebot-Image/1.0" "www.saveaslave.com"
62.4.22.54 - - [02/Sep/2015:23:32:07 -0700] "GET / HTTP/1.1" 200 36949 "-" "Stratagems Kumo" "www.saveaslave.com"
62.4.22.54 - - [02/Sep/2015:23:32:25 -0700] "GET /robots.txt HTTP/1.1" 404 89 "-" "Stratagems Kumo" "www.saveaslave.com"
66.249.69.66 - - [03/Sep/2015:00:46:43 -0700] "GET /images/countrymap/nauru.gif HTTP/1.1" 200 8946 "-" "Googlebot-Image/1.0" "www.saveaslave.com"
188.165.15.196 - - [03/Sep/2015:00:53:24 -0700] "GET /tuvalu.html HTTP/1.1" 200 5677 "-" "Mozilla/5.0 (compatible; AhrefsBot/5.0; +http://ahrefs.com/robot/)" "saveaslave.com"
77.75.79.109 - - [03/Sep/2015:01:24:11 -0700] "GET /comoros.html HTTP/1.1" 200 5668 "-" "Mozilla/5.0 (compatible; SeznamBot/3.2; +http://fulltext.sblog.cz/)" "saveaslave.com"
99.113.60.48 - - [03/Sep/2015:01:24:50 -0700] "GET /images/countrymap/republic-of-congo.gif HTTP/1.1" 200 16974 "https://www.google.com/" "Mozilla/5.0 (iPad; CPU OS 8_4 like Mac OS X) AppleWebKit/600.1.4 (KHTML, like Gecko) Version/8.0 Mobile/12H143 Safari/600.1.4" "www.saveaslave.com"
77.75.79.109 - - [03/Sep/2015:01:30:03 -0700] "GET /tajikistan.html HTTP/1.1" 200 5713 "-" "Mozilla/5.0 (compatible; SeznamBot/3.2; +http://fulltext.sblog.cz/)" "saveaslave.com"
77.75.79.109 - - [03/Sep/2015:01:32:50 -0700] "GET /niue.html HTTP/1.1" 200 5656 "-" "Mozilla/5.0 (compatible; SeznamBot/3.2; +http://fulltext.sblog.cz/)" "saveaslave.com"
37.244.190.61 - - [03/Sep/2015:01:44:06 -0700] "GET /images/countrymap/solomon-islands.gif HTTP/1.1" 200 122217 "https://www.google.hr/" "Mozilla/5.0 (Linux; Android 5.0; SM-G900F Build/LRX21T; wv) AppleWebKit/537.36 (KHTML, like Gecko) Version/4.0 Chrome/44.0.2403.117 Mobile Safari/537.36 GSA/5.1.17.19.arm" "www.saveaslave.com"
80.28.231.123 - - [03/Sep/2015:01:49:06 -0700] "GET / HTTP/1.1" 200 36949 "-" "Mozilla/5.0 (Macintosh; Intel Mac OS X 10_6_6) AppleWebKit/534.24 (KHTML, like Gecko) Chrome/11.0.698.0 Safari/534.24" "saveaslave.com"
66.249.69.73 - - [03/Sep/2015:02:09:36 -0700] "GET /images/countrymap/bolivia.gif HTTP/1.1" 200 1560 "-" "Googlebot-Image/1.0" "www.saveaslave.com"
175.156.182.88 - - [03/Sep/2015:02:11:06 -0700] "GET /images/countrymap/bosnia-herzegovina.jpg HTTP/1.1" 200 42063 "-" "Mozilla/5.0 (Linux; Android 5.0.2; SM-T700 Build/LRX22G; wv) AppleWebKit/537.36 (KHTML, like Gecko) Version/4.0 Chrome/44.0.2403.90 Safari/537.36 GSA/5.1.17.19.arm" "www.saveaslave.com"
66.249.69.81 - - [03/Sep/2015:02:13:04 -0700] "GET /images/countrymap/slovakia-flag.gif HTTP/1.1" 200 15277 "-" "Googlebot-Image/1.0" "www.saveaslave.com"
66.249.69.5 - - [03/Sep/2015:02:13:20 -0700] "GET /robots.txt HTTP/1.1" 404 89 "-" "Mozilla/5.0 (compatible; Googlebot/2.1; +http://www.google.com/bot.html)" "saveaslave.com"
213.42.17.135 - - [03/Sep/2015:02:19:44 -0700] "GET /images/countrymap/bosnia-herzegovina.jpg HTTP/1.1" 200 42063 "-" "Mozilla/5.0 (Windows NT 6.1; WOW64; Trident/7.0; rv:11.0) like Gecko" "www.saveaslave.com"
66.249.69.74 - - [03/Sep/2015:02:48:45 -0700] "GET /images/countrymap/kyrgyzstan.gif HTTP/1.1" 200 17526 "-" "Googlebot-Image/1.0" "www.saveaslave.com"
66.249.69.66 - - [03/Sep/2015:02:48:45 -0700] "GET /images/countrymap/ireland.gif HTTP/1.1" 200 14477 "-" "Googlebot-Image/1.0" "www.saveaslave.com"
66.249.69.82 - - [03/Sep/2015:02:48:45 -0700] "GET /images/countrymap/guam.gif HTTP/1.1" 200 9041 "-" "Googlebot-Image/1.0" "www.saveaslave.com"
66.249.69.74 - - [03/Sep/2015:02:48:46 -0700] "GET /images/countrymap/egypt.gif HTTP/1.1" 200 24184 "-" "Googlebot-Image/1.0" "www.saveaslave.com"
66.249.69.66 - - [03/Sep/2015:02:48:48 -0700] "GET /images/countrymap/ghana.gif HTTP/1.1" 200 12988 "-" "Googlebot-Image/1.0" "www.saveaslave.com"
66.249.69.82 - - [03/Sep/2015:03:03:12 -0700] "GET /images/countrymap/guatemala.jpg HTTP/1.1" 200 19570 "-" "Googlebot-Image/1.0" "www.saveaslave.com"
66.249.69.82 - - [03/Sep/2015:03:03:48 -0700] "GET /images/countrymap/ecuador-flag.gif HTTP/1.1" 200 18197 "-" "Googlebot-Image/1.0" "www.saveaslave.com"
66.249.69.74 - - [03/Sep/2015:03:03:48 -0700] "GET /images/countrymap/kuwait-flag.gif HTTP/1.1" 200 3000 "-" "Googlebot-Image/1.0" "www.saveaslave.com"
66.249.69.66 - - [03/Sep/2015:03:03:54 -0700] "GET /images/countrymap/guyana-flag.gif HTTP/1.1" 200 21626 "-" "Googlebot-Image/1.0" "www.saveaslave.com"
66.249.69.82 - - [03/Sep/2015:03:03:55 -0700] "GET /images/countrymap/guyana.gif HTTP/1.1" 200 17817 "-" "Googlebot-Image/1.0" "www.saveaslave.com"
66.249.69.65 - - [03/Sep/2015:03:06:42 -0700] "GET /images/countrymap/macedonia-flag.gif HTTP/1.1" 200 5693 "-" "Googlebot-Image/1.0" "www.saveaslave.com"
66.249.75.49 - - [03/Sep/2015:03:27:09 -0700] "GET /images/countrymap/germany.gif HTTP/1.1" 200 20610 "-" "Googlebot-Image/1.0" "www.saveaslave.com"
66.249.75.49 - - [03/Sep/2015:03:27:11 -0700] "GET /images/countrymap/iceland-flag.gif HTTP/1.1" 200 6890 "-" "Googlebot-Image/1.0" "www.saveaslave.com"
66.249.75.41 - - [03/Sep/2015:03:27:12 -0700] "GET /images/countrymap/el-salvador-flag.gif HTTP/1.1" 200 12752 "-" "Googlebot-Image/1.0" "www.saveaslave.com"
66.249.75.49 - - [03/Sep/2015:03:27:13 -0700] "GET /images/countrymap/germany-flag.gif HTTP/1.1" 200 5398 "-" "Googlebot-Image/1.0" "www.saveaslave.com"
65.36.241.48 - - [03/Sep/2015:03:50:15 -0700] "HEAD / HTTP/1.1" 200 0 "-" "InternetSeer.com" "www.saveaslave.com"
200.101.222.53 - - [03/Sep/2015:03:58:39 -0700] "GET / HTTP/1.1" 200 36949 "http://success-seo.com/try.php?u=http://saveaslave.com" "Mozilla/5.0 (Windows NT 6.1; WOW64) AppleWebKit/537.36 (KHTML, like Gecko) Chrome/36.0.1985.143 Safari/537.36" "saveaslave.com"
157.55.39.54 - - [03/Sep/2015:04:10:01 -0700] "GET /robots.txt HTTP/1.1" 404 89 "-" "Mozilla/5.0 (compatible; bingbot/2.0; +http://www.bing.com/bingbot.htm)" "saveaslave.com"
