180.76.5.195 - - [05/Nov/2014:15:29:49 -0800] "GET /antarctica HTTP/1.1" 404 89 "-" "Mozilla/5.0 (compatible; Baiduspider/2.0; +http://www.baidu.com/search/spider.html)" "www.saveaslave.com"
220.181.108.92 - - [05/Nov/2014:15:40:45 -0800] "GET /images/Dijbouti_flag.gif HTTP/1.1" 404 89 "http://image.baidu.com/i?ct=503316480&z=0&tn=baiduimagedetail" "Baiduspider-image+(+http://www.baidu.com/search/spider.htm)" "www.saveaslave.com"
23.23.242.178 - - [05/Nov/2014:15:43:30 -0800] "GET /luxembourg HTTP/1.1" 404 89 "-" "Mozilla/5.0 (Windows; U; Windows NT 5.1; en-US; rv:1.9.2.8) Gecko/20100722 Firefox/3.6.8" "saveaslave.com"
123.125.71.53 - - [05/Nov/2014:15:44:22 -0800] "GET /colombia.html HTTP/1.1" 200 5422 "-" "Mozilla/5.0 (compatible; Baiduspider/2.0; +http://www.baidu.com/search/spider.html)" "www.saveaslave.com"
153.180.33.163 - - [05/Nov/2014:15:47:06 -0800] "GET /Adoption.html HTTP/1.1" 404 89 "-" "Mozilla/4.0 (compatible; MSIE 7.0; Windows NT 6.0)" "www.saveaslave.com"
199.21.99.206 - - [05/Nov/2014:15:56:20 -0800] "GET /images/Colombia_map.gif HTTP/1.1" 404 89 "-" "Mozilla/5.0 (compatible; YandexBot/3.0; +http://yandex.com/bots)" "saveaslave.com"
144.76.95.39 - - [05/Nov/2014:16:18:34 -0800] "GET /Advertisements.html HTTP/1.0" 404 73 "-" "Mozilla/5.0 (compatible; MJ12bot/v1.4.5; http://www.majestic12.co.uk/bot.php?+)" "www.saveaslave.com"
144.76.95.39 - - [05/Nov/2014:16:19:13 -0800] "GET /Afghanstannew.html HTTP/1.0" 404 73 "-" "Mozilla/5.0 (compatible; MJ12bot/v1.4.5; http://www.majestic12.co.uk/bot.php?+)" "www.saveaslave.com"
144.76.95.39 - - [05/Nov/2014:16:19:38 -0800] "GET /American_Samoa.html HTTP/1.0" 404 73 "-" "Mozilla/5.0 (compatible; MJ12bot/v1.4.5; http://www.majestic12.co.uk/bot.php?+)" "www.saveaslave.com"
144.76.95.39 - - [05/Nov/2014:16:19:51 -0800] "GET /Angola.html HTTP/1.1" 404 89 "-" "Mozilla/5.0 (compatible; MJ12bot/v1.4.5; http://www.majestic12.co.uk/bot.php?+)" "www.saveaslave.com"
144.76.95.39 - - [05/Nov/2014:16:22:34 -0800] "GET /Television.html HTTP/1.0" 404 73 "-" "Mozilla/5.0 (compatible; MJ12bot/v1.4.5; http://www.majestic12.co.uk/bot.php?+)" "www.saveaslave.com"
193.150.120.14 - - [05/Nov/2014:16:23:51 -0800] "GET / HTTP/1.1" 200 23399 "http://pornowife.tv/" "Mozilla/4.0 (compatible; MSIE 6.0; Windows NT 5.1; SV1; .NET CLR 1.1.4322)" "saveaslave.com"
66.249.69.183 - - [05/Nov/2014:16:47:43 -0800] "GET /libya.html HTTP/1.1" 404 89 "-" "Mozilla/5.0 (compatible; Googlebot/2.1; +http://www.google.com/bot.html)" "www.saveaslave.com"
208.115.113.86 - - [05/Nov/2014:16:50:00 -0800] "GET /robots.txt HTTP/1.1" 404 89 "-" "Mozilla/5.0 (compatible; DotBot/1.1; http://www.opensiteexplorer.org/dotbot, help@moz.com)" "www.saveaslave.com"
134.249.49.191 - - [05/Nov/2014:17:33:34 -0800] "GET / HTTP/1.1" 200 23399 "http://statuses.su/" "Opera/9.00 (Windows NT 5.1; U; ru)" "saveaslave.com"
134.249.49.191 - - [05/Nov/2014:17:33:34 -0800] "GET / HTTP/1.1" 200 23399 "http://allkarpaty.com/" "Opera/9.00 (Windows NT 5.1; U; ru)" "saveaslave.com"
181.178.95.7 - - [05/Nov/2014:17:34:26 -0800] "GET / HTTP/1.1" 200 23399 "http://semalt.semalt.com/crawler.php?u=http://saveaslave.com" "Mozilla/5.0 (Windows NT 6.1; WOW64) AppleWebKit/537.36 (KHTML, like Gecko) Chrome/32.0.1700.107 Safari/537.36" "saveaslave.com"
181.178.95.7 - - [05/Nov/2014:17:34:33 -0800] "GET /images/header.png HTTP/1.1" 200 84658 "http://saveaslave.com/" "Mozilla/5.0 (Windows NT 6.1; WOW64) AppleWebKit/537.36 (KHTML, like Gecko) Chrome/32.0.1700.107 Safari/537.36" "saveaslave.com"
181.178.95.7 - - [05/Nov/2014:17:34:33 -0800] "GET /images/givebtn.png HTTP/1.1" 200 26179 "http://saveaslave.com/" "Mozilla/5.0 (Windows NT 6.1; WOW64) AppleWebKit/537.36 (KHTML, like Gecko) Chrome/32.0.1700.107 Safari/537.36" "saveaslave.com"
181.178.95.7 - - [05/Nov/2014:17:34:33 -0800] "GET /css/style.css HTTP/1.1" 200 600 "http://saveaslave.com/" "Mozilla/5.0 (Windows NT 6.1; WOW64) AppleWebKit/537.36 (KHTML, like Gecko) Chrome/32.0.1700.107 Safari/537.36" "saveaslave.com"
181.178.95.7 - - [05/Nov/2014:17:34:47 -0800] "GET /images/slaves.jpg HTTP/1.1" 200 64009 "http://saveaslave.com/" "Mozilla/5.0 (Windows NT 6.1; WOW64) AppleWebKit/537.36 (KHTML, like Gecko) Chrome/32.0.1700.107 Safari/537.36" "saveaslave.com"
123.125.71.103 - - [05/Nov/2014:17:52:11 -0800] "GET /images/algeria_region.gif HTTP/1.1" 404 89 "http://image.baidu.com/i?ct=503316480&z=0&tn=baiduimagedetail" "Baiduspider-image+(+http://www.baidu.com/search/spider.htm)" "www.saveaslave.com"
180.76.6.63 - - [05/Nov/2014:18:01:42 -0800] "GET / HTTP/1.1" 200 23399 "-" "Mozilla/5.0 (compatible; Baiduspider/2.0; +http://www.baidu.com/search/spider.html)" "www.saveaslave.com"
157.55.39.132 - - [05/Nov/2014:18:25:23 -0800] "GET /tonga HTTP/1.1" 404 89 "-" "Mozilla/5.0 (compatible; bingbot/2.0; +http://www.bing.com/bingbot.htm)" "www.saveaslave.com"
65.36.241.77 - - [05/Nov/2014:18:44:09 -0800] "HEAD / HTTP/1.1" 200 0 "-" "InternetSeer.com" "www.saveaslave.com"
46.147.94.205 - - [05/Nov/2014:19:31:32 -0800] "GET / HTTP/1.1" 200 23399 "-" "Mozilla/3.6 (compatible; MSIE 7.0; Windows NT 6.1; en-US; rv:1.9.2.16) Gecko/20110319 MRA 5.6 (build 03278) Firefox/3.6.16" "www.saveaslave.com"
157.55.39.35 - - [05/Nov/2014:20:27:34 -0800] "GET /panama HTTP/1.1" 404 89 "-" "Mozilla/5.0 (compatible; bingbot/2.0; +http://www.bing.com/bingbot.htm)" "www.saveaslave.com"
208.115.113.86 - - [05/Nov/2014:20:34:15 -0800] "GET /benin.html HTTP/1.1" 200 5387 "-" "Mozilla/5.0 (compatible; DotBot/1.1; http://www.opensiteexplorer.org/dotbot, help@moz.com)" "www.saveaslave.com"
182.118.25.207 - - [05/Nov/2014:20:40:07 -0800] "GET /robots.txt HTTP/1.1" 404 89 "http://www.saveaslave.com/robots.txt" "Mozilla/5.0 (compatible; MSIE 9.0; Windows NT 6.1; Trident/5.0); 360Spider" "www.saveaslave.com"
183.60.243.240 - - [05/Nov/2014:20:44:02 -0800] "GET / HTTP/1.1" 200 23399 "http://www.baidu.com/search/spider.htm" "Mozilla/5.0 (compatible; Baiduspider/2.0; +http://www.baidu.com/search/spider.html)" "www.saveaslave.com"
123.125.71.113 - - [05/Nov/2014:20:47:14 -0800] "GET /images/South_Sudan_region.gif HTTP/1.1" 404 89 "-" "Baiduspider-image+(+http://www.baidu.com/search/spider.htm)\\nReferer: http://image.baidu.com/i?ct=503316480&z=0&tn=baiduimagedetail" "www.saveaslave.com"
208.115.111.70 - - [05/Nov/2014:20:47:47 -0800] "GET /robots.txt HTTP/1.1" 404 89 "-" "Mozilla/5.0 (compatible; DotBot/1.1; http://www.opensiteexplorer.org/dotbot, help@moz.com)" "saveaslave.com"
123.125.71.30 - - [05/Nov/2014:20:50:48 -0800] "GET /images/New_Caledonia_flag.gif HTTP/1.1" 404 89 "-" "Baiduspider-image+(+http://www.baidu.com/search/spider.htm)\\nReferer: http://image.baidu.com/i?ct=503316480&z=0&tn=baiduimagedetail" "www.saveaslave.com"
66.249.69.183 - - [05/Nov/2014:20:54:02 -0800] "GET /robots.txt HTTP/1.1" 404 89 "-" "Mozilla/5.0 (compatible; Googlebot/2.1; +http://www.google.com/bot.html)" "www.saveaslave.com"
66.249.69.215 - - [05/Nov/2014:20:54:02 -0800] "GET /libya HTTP/1.1" 404 89 "-" "Mozilla/5.0 (compatible; Googlebot/2.1; +http://www.google.com/bot.html)" "www.saveaslave.com"
65.36.241.77 - - [05/Nov/2014:20:58:49 -0800] "HEAD / HTTP/1.1" 200 0 "-" "InternetSeer.com" "www.saveaslave.com"
220.181.108.187 - - [05/Nov/2014:21:01:35 -0800] "GET /images/Czech_map.gif HTTP/1.1" 404 89 "-" "Baiduspider-image+(+http://www.baidu.com/search/spider.htm)\\nReferer: http://image.baidu.com/i?ct=503316480&z=0&tn=baiduimagedetail" "www.saveaslave.com"
220.181.108.101 - - [05/Nov/2014:21:08:46 -0800] "GET /images/bermuda_map.gif HTTP/1.1" 404 89 "-" "Baiduspider-image+(+http://www.baidu.com/search/spider.htm)\\nReferer: http://image.baidu.com/i?ct=503316480&z=0&tn=baiduimagedetail" "www.saveaslave.com"
123.125.71.114 - - [05/Nov/2014:21:38:51 -0800] "GET /benin.html HTTP/1.1" 200 5387 "-" "Mozilla/5.0 (compatible; Baiduspider/2.0; +http://www.baidu.com/search/spider.html)" "www.saveaslave.com"
220.181.108.168 - - [05/Nov/2014:21:38:59 -0800] "GET /css/style.css HTTP/1.1" 200 600 "http://www.saveaslave.com/benin.html" "Mozilla/5.0 (compatible; Baiduspider/2.0; +http://www.baidu.com/search/spider.html)" "www.saveaslave.com"
66.249.69.183 - - [05/Nov/2014:21:39:45 -0800] "GET /images/Guyana_flag.gif HTTP/1.1" 404 89 "-" "Googlebot-Image/1.0" "www.saveaslave.com"
178.137.94.81 - - [05/Nov/2014:21:49:58 -0800] "GET / HTTP/1.1" 200 23399 "http://iqfood.ru/" "Mozilla/4.0 (compatible; MSIE 7.0b; Windows NT 6.0 ; .NET CLR 2.0.50215; SL Commerce Client v1.0; Tablet PC 2.0" "saveaslave.com"
178.137.94.81 - - [05/Nov/2014:21:49:58 -0800] "GET / HTTP/1.1" 200 23399 "http://iqfood.ru/" "Mozilla/4.0 (compatible; MSIE 7.0b; Windows NT 6.0 ; .NET CLR 2.0.50215; SL Commerce Client v1.0; Tablet PC 2.0" "saveaslave.com"
134.249.49.191 - - [05/Nov/2014:21:57:24 -0800] "GET / HTTP/1.1" 200 23399 "http://www.xtubeporno.net/" "Mozilla/4.0 (compatible; MSIE 6.0; Windows NT 5.1; ru) Opera 8.01" "saveaslave.com"
157.55.39.35 - - [05/Nov/2014:22:38:19 -0800] "GET /robots.txt HTTP/1.1" 404 89 "-" "Mozilla/5.0 (compatible; bingbot/2.0; +http://www.bing.com/bingbot.htm)" "saveaslave.com"
157.55.39.35 - - [05/Nov/2014:22:42:38 -0800] "GET /cambodia.html HTTP/1.1" 200 5414 "-" "Mozilla/5.0 (compatible; bingbot/2.0; +http://www.bing.com/bingbot.htm)" "saveaslave.com"
208.115.111.70 - - [05/Nov/2014:22:44:27 -0800] "GET /martinique HTTP/1.1" 404 89 "-" "Mozilla/5.0 (compatible; DotBot/1.1; http://www.opensiteexplorer.org/dotbot, help@moz.com)" "saveaslave.com"
208.115.113.86 - - [05/Nov/2014:22:51:21 -0800] "GET /robots.txt HTTP/1.1" 404 89 "-" "Mozilla/5.0 (compatible; DotBot/1.1; http://www.opensiteexplorer.org/dotbot, help@moz.com)" "www.saveaslave.com"
180.76.5.81 - - [05/Nov/2014:22:54:04 -0800] "GET /comoros HTTP/1.1" 200 5413 "-" "Mozilla/5.0 (compatible; Baiduspider/2.0; +http://www.baidu.com/search/spider.html)" "www.saveaslave.com"
157.55.39.62 - - [05/Nov/2014:23:01:37 -0800] "GET /robots.txt HTTP/1.1" 404 89 "-" "Mozilla/5.0 (compatible; bingbot/2.0; +http://www.bing.com/bingbot.htm)" "saveaslave.com"
157.55.39.35 - - [05/Nov/2014:23:07:09 -0800] "GET /robots.txt HTTP/1.1" 404 89 "-" "Mozilla/5.0 (compatible; bingbot/2.0; +http://www.bing.com/bingbot.htm)" "www.saveaslave.com"
157.55.39.62 - - [05/Nov/2014:23:11:19 -0800] "GET /togo HTTP/1.1" 404 89 "-" "Mozilla/5.0 (compatible; bingbot/2.0; +http://www.bing.com/bingbot.htm)" "www.saveaslave.com"
157.55.39.62 - - [05/Nov/2014:23:42:42 -0800] "GET /cape-verde.html HTTP/1.1" 200 5432 "-" "Mozilla/5.0 (compatible; bingbot/2.0; +http://www.bing.com/bingbot.htm)" "saveaslave.com"
157.55.39.35 - - [05/Nov/2014:23:57:12 -0800] "GET /ghana HTTP/1.1" 404 89 "-" "Mozilla/5.0 (compatible; bingbot/2.0; +http://www.bing.com/bingbot.htm)" "www.saveaslave.com"
157.55.39.84 - - [06/Nov/2014:00:06:44 -0800] "GET /kazakhstan HTTP/1.1" 404 89 "-" "Mozilla/5.0 (compatible; bingbot/2.0; +http://www.bing.com/bingbot.htm)" "www.saveaslave.com"
199.21.99.206 - - [06/Nov/2014:00:13:39 -0800] "GET /images/Turkmenistan_region.gif HTTP/1.1" 404 89 "-" "Mozilla/5.0 (compatible; YandexBot/3.0; +http://yandex.com/bots)" "saveaslave.com"
157.55.39.35 - - [06/Nov/2014:00:17:13 -0800] "GET /robots.txt HTTP/1.1" 404 89 "-" "Mozilla/5.0 (compatible; bingbot/2.0; +http://www.bing.com/bingbot.htm)" "saveaslave.com"
65.36.241.77 - - [06/Nov/2014:00:17:14 -0800] "HEAD / HTTP/1.1" 200 0 "-" "InternetSeer.com" "www.saveaslave.com"
157.55.39.35 - - [06/Nov/2014:00:20:39 -0800] "GET / HTTP/1.1" 200 23399 "-" "Mozilla/5.0 (compatible; bingbot/2.0; +http://www.bing.com/bingbot.htm)" "saveaslave.com"
46.118.159.178 - - [06/Nov/2014:00:33:49 -0800] "GET / HTTP/1.1" 200 23399 "http://promo-kodi.ru/" "Mozilla/4.0 (compatible; MSIE 6.0; Windows NT 5.0; .NET CLR 1.0.3705; .NET CLR 1.1.4322)" "saveaslave.com"
46.118.159.178 - - [06/Nov/2014:00:33:49 -0800] "GET / HTTP/1.1" 200 23399 "http://promo-kodi.ru/" "Mozilla/4.0 (compatible; MSIE 6.0; Windows NT 5.0; .NET CLR 1.0.3705; .NET CLR 1.1.4322)" "saveaslave.com"
46.118.159.178 - - [06/Nov/2014:00:33:50 -0800] "GET / HTTP/1.1" 200 23399 "http://promo-kodi.ru/" "Mozilla/4.0 (compatible; MSIE 6.0; Windows NT 5.0; .NET CLR 1.0.3705; .NET CLR 1.1.4322)" "saveaslave.com"
208.115.111.70 - - [06/Nov/2014:00:52:27 -0800] "GET /robots.txt HTTP/1.1" 404 89 "-" "Mozilla/5.0 (compatible; DotBot/1.1; http://www.opensiteexplorer.org/dotbot, help@moz.com)" "www.saveaslave.com"
208.115.111.70 - - [06/Nov/2014:00:52:27 -0800] "GET /robots.txt HTTP/1.1" 404 89 "-" "Mozilla/5.0 (compatible; DotBot/1.1; http://www.opensiteexplorer.org/dotbot, help@moz.com)" "saveaslave.com"
188.165.15.160 - - [06/Nov/2014:01:24:59 -0800] "GET / HTTP/1.1" 200 23399 "-" "Mozilla/5.0 (compatible; AhrefsBot/5.0; +http://ahrefs.com/robot/)" "saveaslave.com"
199.15.233.176 - - [06/Nov/2014:01:38:06 -0800] "GET /site/?page_id=28 HTTP/1.1" 404 89 "http://saveaslave.com/site/?page_id=28" "Mozilla/5.0 (Windows NT 6.2; WOW64) AppleWebKit/537.36 (KHTML, like Gecko) Chrome/36.0.1985.143 Safari/537.36" "saveaslave.com"
199.15.233.176 - - [06/Nov/2014:01:38:06 -0800] "GET / HTTP/1.0" 200 23399 "http://saveaslave.com/" "Mozilla/5.0 (Windows NT 6.2; WOW64) AppleWebKit/537.36 (KHTML, like Gecko) Chrome/36.0.1985.143 Safari/537.36" "saveaslave.com"
66.249.69.199 - - [06/Nov/2014:01:41:33 -0800] "GET /webring.html HTTP/1.1" 404 89 "-" "Mozilla/5.0 (compatible; Googlebot/2.1; +http://www.google.com/bot.html)" "www.saveaslave.com"
183.60.212.163 - - [06/Nov/2014:02:05:53 -0800] "GET /robots.txt HTTP/1.1" 404 89 "-" "Mozilla/5.0 (compatible; EasouSpider; +http://www.easou.com/search/spider.html)" "saveaslave.com"
157.55.39.35 - - [06/Nov/2014:02:15:56 -0800] "GET /micronesia HTTP/1.1" 404 89 "-" "Mozilla/5.0 (compatible; bingbot/2.0; +http://www.bing.com/bingbot.htm)" "www.saveaslave.com"
65.36.241.77 - - [06/Nov/2014:02:27:04 -0800] "HEAD / HTTP/1.1" 200 0 "-" "InternetSeer.com" "www.saveaslave.com"
220.181.108.80 - - [06/Nov/2014:02:27:52 -0800] "GET /images/Micronesia_flag.gif HTTP/1.1" 404 89 "http://image.baidu.com/i?ct=503316480&z=0&tn=baiduimagedetail" "Baiduspider-image+(+http://www.baidu.com/search/spider.htm)" "www.saveaslave.com"
180.76.5.81 - - [06/Nov/2014:02:29:36 -0800] "GET /gibraltar.html HTTP/1.1" 404 89 "-" "Mozilla/5.0 (compatible; Baiduspider/2.0; +http://www.baidu.com/search/spider.html)" "www.saveaslave.com"
112.64.235.245 - - [06/Nov/2014:02:44:21 -0800] "GET / HTTP/1.1" 200 23399 "-" "Mozilla/4.0" "saveaslave.com"
208.115.113.86 - - [06/Nov/2014:02:50:31 -0800] "GET /robots.txt HTTP/1.1" 404 89 "-" "Mozilla/5.0 (compatible; DotBot/1.1; http://www.opensiteexplorer.org/dotbot, help@moz.com)" "saveaslave.com"
208.115.113.86 - - [06/Nov/2014:02:50:31 -0800] "GET /robots.txt HTTP/1.1" 404 89 "-" "Mozilla/5.0 (compatible; DotBot/1.1; http://www.opensiteexplorer.org/dotbot, help@moz.com)" "www.saveaslave.com"
37.144.76.231 - - [06/Nov/2014:02:53:36 -0800] "GET / HTTP/1.1" 200 23399 "http://yandex.ru/yandsearch?text=slaveana+89&lr=213" "Mozilla/5.0 (Windows NT 5.1; rv:12.0) Gecko/20100101 Firefox/12.0" "saveaslave.com"
37.144.76.231 - - [06/Nov/2014:02:53:37 -0800] "GET /images/slaves.jpg HTTP/1.1" 200 64009 "http://saveaslave.com/" "Mozilla/5.0 (Windows NT 5.1; rv:12.0) Gecko/20100101 Firefox/12.0" "saveaslave.com"
37.144.76.231 - - [06/Nov/2014:02:53:38 -0800] "GET /images/header.png HTTP/1.1" 200 84658 "http://saveaslave.com/" "Mozilla/5.0 (Windows NT 5.1; rv:12.0) Gecko/20100101 Firefox/12.0" "saveaslave.com"
220.181.108.84 - - [06/Nov/2014:02:54:01 -0800] "GET /images/Malaysia_flag.gif HTTP/1.1" 404 89 "http://image.baidu.com/i?ct=503316480&z=0&tn=baiduimagedetail" "Baiduspider-image+(+http://www.baidu.com/search/spider.htm)" "www.saveaslave.com"
157.55.39.35 - - [06/Nov/2014:02:58:07 -0800] "GET /robots.txt HTTP/1.1" 404 89 "-" "Mozilla/5.0 (compatible; bingbot/2.0; +http://www.bing.com/bingbot.htm)" "saveaslave.com"
208.115.111.70 - - [06/Nov/2014:03:02:28 -0800] "GET /thailand HTTP/1.1" 404 89 "-" "Mozilla/5.0 (compatible; DotBot/1.1; http://www.opensiteexplorer.org/dotbot, help@moz.com)" "saveaslave.com"
208.115.111.70 - - [06/Nov/2014:03:02:38 -0800] "GET /qatar HTTP/1.1" 404 89 "-" "Mozilla/5.0 (compatible; DotBot/1.1; http://www.opensiteexplorer.org/dotbot, help@moz.com)" "saveaslave.com"
208.115.113.86 - - [06/Nov/2014:03:30:05 -0800] "GET /american_samoa.html HTTP/1.1" 404 89 "-" "Mozilla/5.0 (compatible; DotBot/1.1; http://www.opensiteexplorer.org/dotbot, help@moz.com)" "saveaslave.com"
65.36.241.77 - - [06/Nov/2014:03:32:08 -0800] "HEAD / HTTP/1.1" 200 0 "-" "InternetSeer.com" "www.saveaslave.com"
178.137.94.81 - - [06/Nov/2014:03:37:51 -0800] "GET / HTTP/1.1" 200 23399 "http://dostavka-v-ukrainu.ru/" "Mozilla/3.0 (compatible; WebCapture 2.0; Auto; Windows)" "saveaslave.com"
178.137.94.81 - - [06/Nov/2014:03:37:52 -0800] "GET / HTTP/1.1" 200 23399 "http://dostavka-v-ukrainu.ru/" "Mozilla/3.0 (compatible; WebCapture 2.0; Auto; Windows)" "saveaslave.com"
207.46.13.121 - - [06/Nov/2014:03:50:04 -0800] "GET /robots.txt HTTP/1.1" 404 89 "-" "Mozilla/5.0 (compatible; bingbot/2.0; +http://www.bing.com/bingbot.htm)" "saveaslave.com"
157.55.39.84 - - [06/Nov/2014:04:04:26 -0800] "GET /robots.txt HTTP/1.1" 404 89 "-" "Mozilla/5.0 (compatible; bingbot/2.0; +http://www.bing.com/bingbot.htm)" "www.saveaslave.com"
207.46.13.121 - - [06/Nov/2014:04:04:53 -0800] "GET /finland.html HTTP/1.1" 200 6650 "-" "Mozilla/5.0 (compatible; bingbot/2.0; +http://www.bing.com/bingbot.htm)" "saveaslave.com"
157.55.39.84 - - [06/Nov/2014:04:21:37 -0800] "GET /uganda HTTP/1.1" 404 89 "-" "Mozilla/5.0 (compatible; bingbot/2.0; +http://www.bing.com/bingbot.htm)" "www.saveaslave.com"
77.75.77.36 - - [06/Nov/2014:04:21:45 -0800] "GET /robots.txt HTTP/1.1" 404 89 "-" "Mozilla/5.0 (compatible; SeznamBot/3.2; +http://fulltext.sblog.cz/)" "saveaslave.com"
77.75.77.36 - - [06/Nov/2014:04:23:24 -0800] "GET /zimbabwe HTTP/1.1" 200 5407 "-" "Mozilla/5.0 (compatible; SeznamBot/3.2; +http://fulltext.sblog.cz/)" "saveaslave.com"
183.60.215.43 - - [06/Nov/2014:04:24:22 -0800] "GET /newcaledonia HTTP/1.1" 404 89 "-" "Mozilla/5.0 (compatible; EasouSpider; +http://www.easou.com/search/spider.html)" "saveaslave.com"
220.181.108.77 - - [06/Nov/2014:04:31:51 -0800] "GET /images/Israel_flag.gif HTTP/1.1" 404 89 "http://image.baidu.com/i?ct=503316480&z=0&tn=baiduimagedetail" "Baiduspider-image+(+http://www.baidu.com/search/spider.htm)" "www.saveaslave.com"
207.46.13.121 - - [06/Nov/2014:04:35:43 -0800] "GET /botswana.html HTTP/1.1" 200 5414 "-" "Mozilla/5.0 (compatible; bingbot/2.0; +http://www.bing.com/bingbot.htm)" "saveaslave.com"
207.46.13.121 - - [06/Nov/2014:04:35:44 -0800] "GET /brazil.html HTTP/1.1" 200 5396 "-" "Mozilla/5.0 (compatible; bingbot/2.0; +http://www.bing.com/bingbot.htm)" "saveaslave.com"
65.36.241.77 - - [06/Nov/2014:04:38:47 -0800] "HEAD / HTTP/1.1" 200 0 "-" "InternetSeer.com" "www.saveaslave.com"
208.115.111.70 - - [06/Nov/2014:04:46:48 -0800] "GET /robots.txt HTTP/1.1" 404 89 "-" "Mozilla/5.0 (compatible; DotBot/1.1; http://www.opensiteexplorer.org/dotbot, help@moz.com)" "www.saveaslave.com"
208.115.111.70 - - [06/Nov/2014:04:46:48 -0800] "GET /robots.txt HTTP/1.1" 404 89 "-" "Mozilla/5.0 (compatible; DotBot/1.1; http://www.opensiteexplorer.org/dotbot, help@moz.com)" "saveaslave.com"
110.224.206.35 - - [06/Nov/2014:04:48:37 -0800] "GET /china.html HTTP/1.1" 200 5411 "http://www.saveaslave.com/" "Mozilla/4.0 (compatible; MSIE 8.0; Windows NT 5.1; Trident/4.0; InfoPath.2)" "www.saveaslave.com"
110.224.206.35 - - [06/Nov/2014:04:48:37 -0800] "GET /images/countrymap/china-flag.gif HTTP/1.1" 200 1983 "http://www.saveaslave.com/china.html" "Mozilla/4.0 (compatible; MSIE 8.0; Windows NT 5.1; Trident/4.0; InfoPath.2)" "www.saveaslave.com"
110.224.206.35 - - [06/Nov/2014:04:48:40 -0800] "GET /favicon.ico HTTP/1.1" 404 89 "-" "Mozilla/4.0 (compatible; MSIE 8.0; Windows NT 5.1; Trident/4.0; InfoPath.2)" "www.saveaslave.com"
157.55.39.62 - - [06/Nov/2014:04:49:52 -0800] "GET /djibouti HTTP/1.1" 200 5414 "-" "Mozilla/5.0 (compatible; bingbot/2.0; +http://www.bing.com/bingbot.htm)" "www.saveaslave.com"
110.224.206.35 - - [06/Nov/2014:04:50:36 -0800] "GET /css/style.css HTTP/1.1" 200 600 "http://www.saveaslave.com/" "Mozilla/4.0 (compatible; MSIE 8.0; Windows NT 5.1; Trident/4.0; InfoPath.2)" "www.saveaslave.com"
110.224.206.35 - - [06/Nov/2014:04:51:13 -0800] "GET /australia.html HTTP/1.1" 200 5404 "http://www.saveaslave.com/" "Mozilla/4.0 (compatible; MSIE 8.0; Windows NT 5.1; Trident/4.0; InfoPath.2)" "www.saveaslave.com"
110.224.206.35 - - [06/Nov/2014:04:51:13 -0800] "GET /images/countrymap/australia.gif HTTP/1.1" 200 23448 "http://www.saveaslave.com/australia.html" "Mozilla/4.0 (compatible; MSIE 8.0; Windows NT 5.1; Trident/4.0; InfoPath.2)" "www.saveaslave.com"
207.46.13.121 - - [06/Nov/2014:04:54:04 -0800] "GET /contact.html HTTP/1.1" 404 89 "-" "Mozilla/5.0 (compatible; bingbot/2.0; +http://www.bing.com/bingbot.htm)" "www.saveaslave.com"
157.55.39.35 - - [06/Nov/2014:04:56:29 -0800] "GET /denmark HTTP/1.1" 200 5405 "-" "Mozilla/5.0 (compatible; bingbot/2.0; +http://www.bing.com/bingbot.htm)" "www.saveaslave.com"
208.115.113.86 - - [06/Nov/2014:05:21:27 -0800] "GET /congo.html HTTP/1.1" 404 89 "-" "Mozilla/5.0 (compatible; DotBot/1.1; http://www.opensiteexplorer.org/dotbot, help@moz.com)" "saveaslave.com"
208.115.113.86 - - [06/Nov/2014:05:21:27 -0800] "GET /libya HTTP/1.1" 404 89 "-" "Mozilla/5.0 (compatible; DotBot/1.1; http://www.opensiteexplorer.org/dotbot, help@moz.com)" "saveaslave.com"
208.115.113.86 - - [06/Nov/2014:05:21:27 -0800] "GET /newcaledonia.html HTTP/1.1" 404 89 "-" "Mozilla/5.0 (compatible; DotBot/1.1; http://www.opensiteexplorer.org/dotbot, help@moz.com)" "saveaslave.com"
208.115.113.86 - - [06/Nov/2014:05:21:28 -0800] "GET /southafrica.html HTTP/1.1" 404 89 "-" "Mozilla/5.0 (compatible; DotBot/1.1; http://www.opensiteexplorer.org/dotbot, help@moz.com)" "saveaslave.com"
208.115.113.86 - - [06/Nov/2014:05:21:28 -0800] "GET /tokelau.html HTTP/1.1" 404 89 "-" "Mozilla/5.0 (compatible; DotBot/1.1; http://www.opensiteexplorer.org/dotbot, help@moz.com)" "saveaslave.com"
208.115.113.86 - - [06/Nov/2014:05:21:29 -0800] "GET /cocoskeelingislands.html HTTP/1.1" 404 89 "-" "Mozilla/5.0 (compatible; DotBot/1.1; http://www.opensiteexplorer.org/dotbot, help@moz.com)" "www.saveaslave.com"
208.115.113.86 - - [06/Nov/2014:05:21:29 -0800] "GET /faq/default.html HTTP/1.1" 404 89 "-" "Mozilla/5.0 (compatible; DotBot/1.1; http://www.opensiteexplorer.org/dotbot, help@moz.com)" "www.saveaslave.com"
208.115.113.86 - - [06/Nov/2014:05:21:30 -0800] "GET /chile.html HTTP/1.1" 200 5395 "-" "Mozilla/5.0 (compatible; DotBot/1.1; http://www.opensiteexplorer.org/dotbot, help@moz.com)" "www.saveaslave.com"
123.125.71.30 - - [06/Nov/2014:05:33:46 -0800] "GET /images/Guinea_flag.gif HTTP/1.1" 404 89 "http://image.baidu.com/i?ct=503316480&z=0&tn=baiduimagedetail" "Baiduspider-image+(+http://www.baidu.com/search/spider.htm)" "www.saveaslave.com"
65.36.241.77 - - [06/Nov/2014:05:41:14 -0800] "HEAD / HTTP/1.1" 200 0 "-" "InternetSeer.com" "www.saveaslave.com"
220.181.108.99 - - [06/Nov/2014:05:48:54 -0800] "GET /images/Guatemala_flag.gif HTTP/1.1" 404 89 "http://image.baidu.com/i?ct=503316480&z=0&tn=baiduimagedetail" "Baiduspider-image+(+http://www.baidu.com/search/spider.htm)" "www.saveaslave.com"
207.46.13.121 - - [06/Nov/2014:06:02:27 -0800] "GET /robots.txt HTTP/1.1" 404 89 "-" "Mozilla/5.0 (compatible; bingbot/2.0; +http://www.bing.com/bingbot.htm)" "www.saveaslave.com"
157.55.39.84 - - [06/Nov/2014:06:03:11 -0800] "GET /robots.txt HTTP/1.1" 404 89 "-" "Mozilla/5.0 (compatible; bingbot/2.0; +http://www.bing.com/bingbot.htm)" "www.saveaslave.com"
157.55.39.84 - - [06/Nov/2014:06:07:28 -0800] "GET /morocco HTTP/1.1" 404 89 "-" "Mozilla/5.0 (compatible; bingbot/2.0; +http://www.bing.com/bingbot.htm)" "www.saveaslave.com"
220.181.108.100 - - [06/Nov/2014:06:29:40 -0800] "GET /images/Eritrea_map.gif HTTP/1.1" 404 89 "http://image.baidu.com/i?ct=503316480&z=0&tn=baiduimagedetail" "Baiduspider-image+(+http://www.baidu.com/search/spider.htm)" "www.saveaslave.com"
68.187.201.190 - - [06/Nov/2014:06:33:52 -0800] "GET /zambia.html HTTP/1.1" 200 5389 "-" "Mozilla/5.0 (Windows NT 6.3; WOW64; rv:33.0) Gecko/20100101 Firefox/33.0" "saveaslave.com"
68.187.201.190 - - [06/Nov/2014:06:33:53 -0800] "GET /images/countrymap/zambia-flag.jpg HTTP/1.1" 200 1350 "http://saveaslave.com/zambia.html" "Mozilla/5.0 (Windows NT 6.3; WOW64; rv:33.0) Gecko/20100101 Firefox/33.0" "saveaslave.com"
68.187.201.190 - - [06/Nov/2014:06:33:53 -0800] "GET /images/givebtn.png HTTP/1.1" 200 26179 "http://saveaslave.com/zambia.html" "Mozilla/5.0 (Windows NT 6.3; WOW64; rv:33.0) Gecko/20100101 Firefox/33.0" "saveaslave.com"
68.187.201.190 - - [06/Nov/2014:06:33:53 -0800] "GET /images/countrymap/zambia.jpg HTTP/1.1" 200 26099 "http://saveaslave.com/zambia.html" "Mozilla/5.0 (Windows NT 6.3; WOW64; rv:33.0) Gecko/20100101 Firefox/33.0" "saveaslave.com"
68.187.201.190 - - [06/Nov/2014:06:33:53 -0800] "GET /favicon.ico HTTP/1.1" 404 89 "-" "Mozilla/5.0 (Windows NT 6.3; WOW64; rv:33.0) Gecko/20100101 Firefox/33.0" "saveaslave.com"
85.17.73.171 - - [06/Nov/2014:06:42:36 -0800] "GET / HTTP/1.1" 200 23399 "-" "Mozilla/5.0 (compatible; LinkpadBot/1.06; +http://www.linkpad.ru)" "www.saveaslave.com"
85.17.73.171 - - [06/Nov/2014:06:42:38 -0800] "GET /andorra.html HTTP/1.1" 200 5386 "-" "Mozilla/5.0 (compatible; LinkpadBot/1.06; +http://www.linkpad.ru)" "www.saveaslave.com"
85.17.73.171 - - [06/Nov/2014:06:42:51 -0800] "GET /canada.html HTTP/1.1" 200 5396 "-" "Mozilla/5.0 (compatible; LinkpadBot/1.06; +http://www.linkpad.ru)" "www.saveaslave.com"
85.17.73.171 - - [06/Nov/2014:06:42:56 -0800] "GET /chile.html HTTP/1.1" 200 5395 "-" "Mozilla/5.0 (compatible; LinkpadBot/1.06; +http://www.linkpad.ru)" "www.saveaslave.com"
85.17.73.171 - - [06/Nov/2014:06:42:58 -0800] "GET /chile.html HTTP/1.1" 200 5395 "-" "Mozilla/5.0 (compatible; LinkpadBot/1.06; +http://www.linkpad.ru)" "www.saveaslave.com"
85.17.73.171 - - [06/Nov/2014:06:42:59 -0800] "GET /antigua-and-barbuda.html HTTP/1.1" 200 5462 "-" "Mozilla/5.0 (compatible; LinkpadBot/1.06; +http://www.linkpad.ru)" "www.saveaslave.com"
85.17.73.171 - - [06/Nov/2014:06:43:02 -0800] "GET /afghanistan.html HTTP/1.1" 200 5418 "-" "Mozilla/5.0 (compatible; LinkpadBot/1.06; +http://www.linkpad.ru)" "www.saveaslave.com"
85.17.73.171 - - [06/Nov/2014:06:43:04 -0800] "GET /austria.html HTTP/1.1" 200 5382 "-" "Mozilla/5.0 (compatible; LinkpadBot/1.06; +http://www.linkpad.ru)" "www.saveaslave.com"
85.17.73.171 - - [06/Nov/2014:06:43:05 -0800] "GET /austria.html HTTP/1.1" 200 5382 "-" "Mozilla/5.0 (compatible; LinkpadBot/1.06; +http://www.linkpad.ru)" "www.saveaslave.com"
85.17.73.171 - - [06/Nov/2014:06:43:06 -0800] "GET /burkina-faso.html HTTP/1.1" 200 5450 "-" "Mozilla/5.0 (compatible; LinkpadBot/1.06; +http://www.linkpad.ru)" "www.saveaslave.com"
85.17.73.171 - - [06/Nov/2014:06:43:07 -0800] "GET /burkina-faso.html HTTP/1.1" 200 5450 "-" "Mozilla/5.0 (compatible; LinkpadBot/1.06; +http://www.linkpad.ru)" "www.saveaslave.com"
85.17.73.171 - - [06/Nov/2014:06:43:10 -0800] "GET /aruba.html HTTP/1.1" 200 14643 "-" "Mozilla/5.0 (compatible; LinkpadBot/1.06; +http://www.linkpad.ru)" "www.saveaslave.com"
85.17.73.171 - - [06/Nov/2014:06:43:11 -0800] "GET /bangladesh.html HTTP/1.1" 200 5432 "-" "Mozilla/5.0 (compatible; LinkpadBot/1.06; +http://www.linkpad.ru)" "www.saveaslave.com"
85.17.73.171 - - [06/Nov/2014:06:43:22 -0800] "GET /bangladesh.html HTTP/1.1" 200 5432 "-" "Mozilla/5.0 (compatible; LinkpadBot/1.06; +http://www.linkpad.ru)" "www.saveaslave.com"
85.17.73.171 - - [06/Nov/2014:06:43:25 -0800] "GET /bhutan.html HTTP/1.1" 200 5396 "-" "Mozilla/5.0 (compatible; LinkpadBot/1.06; +http://www.linkpad.ru)" "www.saveaslave.com"
85.17.73.171 - - [06/Nov/2014:06:43:27 -0800] "GET /chad.html HTTP/1.1" 200 5386 "-" "Mozilla/5.0 (compatible; LinkpadBot/1.06; +http://www.linkpad.ru)" "www.saveaslave.com"
85.17.73.171 - - [06/Nov/2014:06:43:31 -0800] "GET /burundi.html HTTP/1.1" 200 5405 "-" "Mozilla/5.0 (compatible; LinkpadBot/1.06; +http://www.linkpad.ru)" "www.saveaslave.com"
85.17.73.171 - - [06/Nov/2014:06:43:34 -0800] "GET /cuba.html HTTP/1.1" 200 5373 "-" "Mozilla/5.0 (compatible; LinkpadBot/1.06; +http://www.linkpad.ru)" "www.saveaslave.com"
85.17.73.171 - - [06/Nov/2014:06:43:39 -0800] "GET /dominica.html HTTP/1.1" 200 5414 "-" "Mozilla/5.0 (compatible; LinkpadBot/1.06; +http://www.linkpad.ru)" "www.saveaslave.com"
85.17.73.171 - - [06/Nov/2014:06:43:40 -0800] "GET /barbados.html HTTP/1.1" 200 5414 "-" "Mozilla/5.0 (compatible; LinkpadBot/1.06; +http://www.linkpad.ru)" "www.saveaslave.com"
85.17.73.171 - - [06/Nov/2014:06:43:41 -0800] "GET /barbados.html HTTP/1.1" 200 5414 "-" "Mozilla/5.0 (compatible; LinkpadBot/1.06; +http://www.linkpad.ru)" "www.saveaslave.com"
85.17.73.171 - - [06/Nov/2014:06:43:43 -0800] "GET /cambodia.html HTTP/1.1" 200 5414 "-" "Mozilla/5.0 (compatible; LinkpadBot/1.06; +http://www.linkpad.ru)" "www.saveaslave.com"
85.17.73.171 - - [06/Nov/2014:06:43:44 -0800] "GET /cambodia.html HTTP/1.1" 200 5414 "-" "Mozilla/5.0 (compatible; LinkpadBot/1.06; +http://www.linkpad.ru)" "www.saveaslave.com"
85.17.73.171 - - [06/Nov/2014:06:43:46 -0800] "GET /botswana.html HTTP/1.1" 200 5414 "-" "Mozilla/5.0 (compatible; LinkpadBot/1.06; +http://www.linkpad.ru)" "www.saveaslave.com"
85.17.73.171 - - [06/Nov/2014:06:43:54 -0800] "GET /dominican-republic.html HTTP/1.1" 200 5504 "-" "Mozilla/5.0 (compatible; LinkpadBot/1.06; +http://www.linkpad.ru)" "www.saveaslave.com"
85.17.73.171 - - [06/Nov/2014:06:43:58 -0800] "GET /resources.html HTTP/1.1" 200 14479 "-" "Mozilla/5.0 (compatible; LinkpadBot/1.06; +http://www.linkpad.ru)" "www.saveaslave.com"
85.17.73.171 - - [06/Nov/2014:06:44:00 -0800] "GET /resources.html HTTP/1.1" 200 14479 "-" "Mozilla/5.0 (compatible; LinkpadBot/1.06; +http://www.linkpad.ru)" "www.saveaslave.com"
85.17.73.171 - - [06/Nov/2014:06:44:01 -0800] "GET /bolivia.html HTTP/1.1" 200 5400 "-" "Mozilla/5.0 (compatible; LinkpadBot/1.06; +http://www.linkpad.ru)" "www.saveaslave.com"
85.17.73.171 - - [06/Nov/2014:06:44:02 -0800] "GET /bolivia.html HTTP/1.1" 200 5400 "-" "Mozilla/5.0 (compatible; LinkpadBot/1.06; +http://www.linkpad.ru)" "www.saveaslave.com"
85.17.73.171 - - [06/Nov/2014:06:44:04 -0800] "GET /angola.html HTTP/1.1" 200 5377 "-" "Mozilla/5.0 (compatible; LinkpadBot/1.06; +http://www.linkpad.ru)" "www.saveaslave.com"
85.17.73.171 - - [06/Nov/2014:06:44:09 -0800] "GET /bosnia-herzegovina.html HTTP/1.1" 200 5532 "-" "Mozilla/5.0 (compatible; LinkpadBot/1.06; +http://www.linkpad.ru)" "www.saveaslave.com"
85.17.73.171 - - [06/Nov/2014:06:44:10 -0800] "GET /benin.html HTTP/1.1" 200 5387 "-" "Mozilla/5.0 (compatible; LinkpadBot/1.06; +http://www.linkpad.ru)" "www.saveaslave.com"
85.17.73.171 - - [06/Nov/2014:06:44:15 -0800] "GET /cyprus.html HTTP/1.1" 200 5396 "-" "Mozilla/5.0 (compatible; LinkpadBot/1.06; +http://www.linkpad.ru)" "www.saveaslave.com"
85.17.73.171 - - [06/Nov/2014:06:44:16 -0800] "GET /cyprus.html HTTP/1.1" 200 5396 "-" "Mozilla/5.0 (compatible; LinkpadBot/1.06; +http://www.linkpad.ru)" "www.saveaslave.com"
85.17.73.171 - - [06/Nov/2014:06:44:18 -0800] "GET /denmark.html HTTP/1.1" 200 5405 "-" "Mozilla/5.0 (compatible; LinkpadBot/1.06; +http://www.linkpad.ru)" "www.saveaslave.com"
85.17.73.171 - - [06/Nov/2014:06:44:20 -0800] "GET /armenia.html HTTP/1.1" 200 5385 "-" "Mozilla/5.0 (compatible; LinkpadBot/1.06; +http://www.linkpad.ru)" "www.saveaslave.com"
85.17.73.171 - - [06/Nov/2014:06:44:23 -0800] "GET /croatia.html HTTP/1.1" 200 5405 "-" "Mozilla/5.0 (compatible; LinkpadBot/1.06; +http://www.linkpad.ru)" "www.saveaslave.com"
85.17.73.171 - - [06/Nov/2014:06:44:24 -0800] "GET /croatia.html HTTP/1.1" 200 5405 "-" "Mozilla/5.0 (compatible; LinkpadBot/1.06; +http://www.linkpad.ru)" "www.saveaslave.com"
85.17.73.171 - - [06/Nov/2014:06:44:30 -0800] "GET /australia.html HTTP/1.1" 200 5404 "-" "Mozilla/5.0 (compatible; LinkpadBot/1.06; +http://www.linkpad.ru)" "www.saveaslave.com"
85.17.73.171 - - [06/Nov/2014:06:44:31 -0800] "GET /australia.html HTTP/1.1" 200 5404 "-" "Mozilla/5.0 (compatible; LinkpadBot/1.06; +http://www.linkpad.ru)" "www.saveaslave.com"
85.17.73.171 - - [06/Nov/2014:06:44:33 -0800] "GET /timor-leste.html HTTP/1.1" 200 5444 "-" "Mozilla/5.0 (compatible; LinkpadBot/1.06; +http://www.linkpad.ru)" "www.saveaslave.com"
85.17.73.171 - - [06/Nov/2014:06:44:36 -0800] "GET /republic-of-congo.html HTTP/1.1" 200 5503 "-" "Mozilla/5.0 (compatible; LinkpadBot/1.06; +http://www.linkpad.ru)" "www.saveaslave.com"
85.17.73.171 - - [06/Nov/2014:06:44:37 -0800] "GET /argentina.html HTTP/1.1" 200 5404 "-" "Mozilla/5.0 (compatible; LinkpadBot/1.06; +http://www.linkpad.ru)" "www.saveaslave.com"
85.17.73.171 - - [06/Nov/2014:06:44:42 -0800] "GET /argentina.html HTTP/1.1" 200 5404 "-" "Mozilla/5.0 (compatible; LinkpadBot/1.06; +http://www.linkpad.ru)" "www.saveaslave.com"
85.17.73.171 - - [06/Nov/2014:06:44:43 -0800] "GET /cameroon.html HTTP/1.1" 200 5414 "-" "Mozilla/5.0 (compatible; LinkpadBot/1.06; +http://www.linkpad.ru)" "www.saveaslave.com"
85.17.73.171 - - [06/Nov/2014:06:44:45 -0800] "GET /cameroon.html HTTP/1.1" 200 5414 "-" "Mozilla/5.0 (compatible; LinkpadBot/1.06; +http://www.linkpad.ru)" "www.saveaslave.com"
85.17.73.171 - - [06/Nov/2014:06:44:46 -0800] "GET /belarus.html HTTP/1.1" 200 5417 "-" "Mozilla/5.0 (compatible; LinkpadBot/1.06; +http://www.linkpad.ru)" "www.saveaslave.com"
85.17.73.171 - - [06/Nov/2014:06:44:48 -0800] "GET /brazil.html HTTP/1.1" 200 5396 "-" "Mozilla/5.0 (compatible; LinkpadBot/1.06; +http://www.linkpad.ru)" "www.saveaslave.com"
85.17.73.171 - - [06/Nov/2014:06:44:50 -0800] "GET /brazil.html HTTP/1.1" 200 5396 "-" "Mozilla/5.0 (compatible; LinkpadBot/1.06; +http://www.linkpad.ru)" "www.saveaslave.com"
85.17.73.171 - - [06/Nov/2014:06:44:55 -0800] "GET /finland.html HTTP/1.1" 200 6650 "-" "Mozilla/5.0 (compatible; LinkpadBot/1.06; +http://www.linkpad.ru)" "www.saveaslave.com"
85.17.73.171 - - [06/Nov/2014:06:44:56 -0800] "GET /china.html HTTP/1.1" 200 5411 "-" "Mozilla/5.0 (compatible; LinkpadBot/1.06; +http://www.linkpad.ru)" "www.saveaslave.com"
85.17.73.171 - - [06/Nov/2014:06:44:59 -0800] "GET /east-timor.html HTTP/1.1" 200 5444 "-" "Mozilla/5.0 (compatible; LinkpadBot/1.06; +http://www.linkpad.ru)" "www.saveaslave.com"
85.17.73.171 - - [06/Nov/2014:06:45:02 -0800] "GET /cote-d-ivoire.html HTTP/1.1" 200 5459 "-" "Mozilla/5.0 (compatible; LinkpadBot/1.06; +http://www.linkpad.ru)" "www.saveaslave.com"
85.17.73.171 - - [06/Nov/2014:06:45:04 -0800] "GET /central-african-republic.html HTTP/1.1" 200 5566 "-" "Mozilla/5.0 (compatible; LinkpadBot/1.06; +http://www.linkpad.ru)" "www.saveaslave.com"
85.17.73.171 - - [06/Nov/2014:06:45:07 -0800] "GET /comoros.html HTTP/1.1" 200 5413 "-" "Mozilla/5.0 (compatible; LinkpadBot/1.06; +http://www.linkpad.ru)" "www.saveaslave.com"
85.17.73.171 - - [06/Nov/2014:06:45:08 -0800] "GET /comoros.html HTTP/1.1" 200 5413 "-" "Mozilla/5.0 (compatible; LinkpadBot/1.06; +http://www.linkpad.ru)" "www.saveaslave.com"
85.17.73.171 - - [06/Nov/2014:06:45:11 -0800] "GET /cape-verde.html HTTP/1.1" 200 5432 "-" "Mozilla/5.0 (compatible; LinkpadBot/1.06; +http://www.linkpad.ru)" "www.saveaslave.com"
85.17.73.171 - - [06/Nov/2014:06:45:12 -0800] "GET /cape-verde.html HTTP/1.1" 200 5432 "-" "Mozilla/5.0 (compatible; LinkpadBot/1.06; +http://www.linkpad.ru)" "www.saveaslave.com"
85.17.73.171 - - [06/Nov/2014:06:45:15 -0800] "GET /azerbaijan.html HTTP/1.1" 200 5411 "-" "Mozilla/5.0 (compatible; LinkpadBot/1.06; +http://www.linkpad.ru)" "www.saveaslave.com"
85.17.73.171 - - [06/Nov/2014:06:45:16 -0800] "GET /burma.html HTTP/1.1" 200 5387 "-" "Mozilla/5.0 (compatible; LinkpadBot/1.06; +http://www.linkpad.ru)" "www.saveaslave.com"
85.17.73.171 - - [06/Nov/2014:06:45:17 -0800] "GET /burma.html HTTP/1.1" 200 5387 "-" "Mozilla/5.0 (compatible; LinkpadBot/1.06; +http://www.linkpad.ru)" "www.saveaslave.com"
85.17.73.171 - - [06/Nov/2014:06:45:20 -0800] "GET /democratic-republic-of-congo.html HTTP/1.1" 200 5592 "-" "Mozilla/5.0 (compatible; LinkpadBot/1.06; +http://www.linkpad.ru)" "www.saveaslave.com"
85.17.73.171 - - [06/Nov/2014:06:45:21 -0800] "GET /costa-rica.html HTTP/1.1" 200 5432 "-" "Mozilla/5.0 (compatible; LinkpadBot/1.06; +http://www.linkpad.ru)" "www.saveaslave.com"
85.17.73.171 - - [06/Nov/2014:06:45:22 -0800] "GET /costa-rica.html HTTP/1.1" 200 5432 "-" "Mozilla/5.0 (compatible; LinkpadBot/1.06; +http://www.linkpad.ru)" "www.saveaslave.com"
85.17.73.171 - - [06/Nov/2014:06:45:23 -0800] "GET /brunei.html HTTP/1.1" 200 5396 "-" "Mozilla/5.0 (compatible; LinkpadBot/1.06; +http://www.linkpad.ru)" "www.saveaslave.com"
85.17.73.171 - - [06/Nov/2014:06:45:25 -0800] "GET /brunei.html HTTP/1.1" 200 5396 "-" "Mozilla/5.0 (compatible; LinkpadBot/1.06; +http://www.linkpad.ru)" "www.saveaslave.com"
85.17.73.171 - - [06/Nov/2014:06:45:28 -0800] "GET /bahrain.html HTTP/1.1" 200 5404 "-" "Mozilla/5.0 (compatible; LinkpadBot/1.06; +http://www.linkpad.ru)" "www.saveaslave.com"
85.17.73.171 - - [06/Nov/2014:06:45:30 -0800] "GET /bahrain.html HTTP/1.1" 200 5404 "-" "Mozilla/5.0 (compatible; LinkpadBot/1.06; +http://www.linkpad.ru)" "www.saveaslave.com"
208.115.113.86 - - [06/Nov/2014:06:49:33 -0800] "GET /robots.txt HTTP/1.1" 404 89 "-" "Mozilla/5.0 (compatible; DotBot/1.1; http://www.opensiteexplorer.org/dotbot, help@moz.com)" "www.saveaslave.com"
157.55.39.84 - - [06/Nov/2014:06:53:34 -0800] "GET /robots.txt HTTP/1.1" 404 89 "-" "Mozilla/5.0 (compatible; bingbot/2.0; +http://www.bing.com/bingbot.htm)" "www.saveaslave.com"
61.135.189.175 - - [06/Nov/2014:06:55:43 -0800] "GET /robots.txt HTTP/1.1" 404 89 "-" "Sogou web spider/4.0(+http://www.sogou.com/docs/help/webmasters.htm#07)" "saveaslave.com"
61.135.189.175 - - [06/Nov/2014:06:56:55 -0800] "GET / HTTP/1.1" 200 23399 "-" "Sogou web spider/4.0(+http://www.sogou.com/docs/help/webmasters.htm#07)" "saveaslave.com"
157.55.39.84 - - [06/Nov/2014:06:57:36 -0800] "GET /norway HTTP/1.1" 404 89 "-" "Mozilla/5.0 (compatible; bingbot/2.0; +http://www.bing.com/bingbot.htm)" "www.saveaslave.com"
123.125.71.47 - - [06/Nov/2014:07:05:42 -0800] "GET /central-african-republic.html HTTP/1.1" 200 5566 "-" "Mozilla/5.0 (compatible; Baiduspider/2.0; +http://www.baidu.com/search/spider.html)" "www.saveaslave.com"
192.194.31.194 - - [06/Nov/2014:07:15:13 -0800] "GET /images/Bulgaria_map.gif HTTP/1.1" 404 89 "-" "Mozilla/5.0 (Windows NT 6.1; WOW64; Trident/7.0; rv:11.0) like Gecko" "www.saveaslave.com"
66.249.69.90 - - [06/Nov/2014:07:22:39 -0800] "GET /robots.txt HTTP/1.1" 404 89 "-" "Mozilla/5.0 (compatible; Googlebot/2.1; +http://www.google.com/bot.html)" "saveaslave.com"
71.30.240.132 - - [06/Nov/2014:07:23:57 -0800] "GET / HTTP/1.1" 200 23399 "http://t.co/MoR8lnFwqJ" "Mozilla/5.0 (Windows NT 6.1; WOW64) AppleWebKit/537.36 (KHTML, like Gecko) Chrome/38.0.2125.111 Safari/537.36" "saveaslave.com"
71.30.240.132 - - [06/Nov/2014:07:23:58 -0800] "GET /images/slaves.jpg HTTP/1.1" 200 64009 "http://saveaslave.com/" "Mozilla/5.0 (Windows NT 6.1; WOW64) AppleWebKit/537.36 (KHTML, like Gecko) Chrome/38.0.2125.111 Safari/537.36" "saveaslave.com"
71.30.240.132 - - [06/Nov/2014:07:24:00 -0800] "GET /images/header.png HTTP/1.1" 200 84658 "http://saveaslave.com/" "Mozilla/5.0 (Windows NT 6.1; WOW64) AppleWebKit/537.36 (KHTML, like Gecko) Chrome/38.0.2125.111 Safari/537.36" "saveaslave.com"
71.30.240.132 - - [06/Nov/2014:07:24:04 -0800] "GET /favicon.ico HTTP/1.1" 404 89 "-" "Mozilla/5.0 (Windows NT 6.1; WOW64) AppleWebKit/537.36 (KHTML, like Gecko) Chrome/38.0.2125.111 Safari/537.36" "saveaslave.com"
71.30.240.132 - - [06/Nov/2014:07:24:06 -0800] "GET /favicon.ico HTTP/1.1" 404 89 "-" "Mozilla/5.0 (Windows NT 6.1; WOW64) AppleWebKit/537.36 (KHTML, like Gecko) Chrome/38.0.2125.111 Safari/537.36" "saveaslave.com"
208.115.111.70 - - [06/Nov/2014:07:28:18 -0800] "GET /mauritania.html HTTP/1.1" 404 89 "-" "Mozilla/5.0 (compatible; DotBot/1.1; http://www.opensiteexplorer.org/dotbot, help@moz.com)" "saveaslave.com"
157.55.39.35 - - [06/Nov/2014:07:32:27 -0800] "GET /wake_island HTTP/1.1" 404 89 "-" "Mozilla/5.0 (compatible; bingbot/2.0; +http://www.bing.com/bingbot.htm)" "www.saveaslave.com"
157.55.39.35 - - [06/Nov/2014:07:41:22 -0800] "GET /canada.html HTTP/1.1" 200 5396 "-" "Mozilla/5.0 (compatible; bingbot/2.0; +http://www.bing.com/bingbot.htm)" "saveaslave.com"
188.165.15.160 - - [06/Nov/2014:07:48:38 -0800] "GET / HTTP/1.1" 200 23399 "-" "Mozilla/5.0 (compatible; AhrefsBot/5.0; +http://ahrefs.com/robot/)" "saveaslave.com"
123.30.175.160 - - [06/Nov/2014:08:05:42 -0800] "GET /articles/moder... HTTP/1.1" 404 89 "-" "Mozilla/5.0 (compatible; coccoc/1.0; +http://help.coccoc.com/)" "www.saveaslave.com"
123.30.175.158 - - [06/Nov/2014:08:06:01 -0800] "GET / HTTP/1.1" 200 23399 "-" "Mozilla/5.0 (compatible; coccoc/1.0; +http://help.coccoc.com/)" "saveaslave.com"
130.211.148.42 - - [06/Nov/2014:08:33:50 -0800] "GET / HTTP/1.0" 200 23399 "-" "NerdyBot" "saveaslave.com"
66.249.69.183 - - [06/Nov/2014:09:06:07 -0800] "GET /robots.txt HTTP/1.1" 404 89 "-" "Mozilla/5.0 (compatible; Googlebot/2.1; +http://www.google.com/bot.html)" "www.saveaslave.com"
123.125.71.104 - - [06/Nov/2014:09:23:12 -0800] "GET /images/Bulgaria_map.gif HTTP/1.1" 404 89 "http://image.baidu.com/i?ct=503316480&z=0&tn=baiduimagedetail" "Baiduspider-image+(+http://www.baidu.com/search/spider.htm)" "www.saveaslave.com"
66.249.69.90 - - [06/Nov/2014:09:30:35 -0800] "GET /guyana.html HTTP/1.1" 404 89 "-" "Mozilla/5.0 (compatible; Googlebot/2.1; +http://www.google.com/bot.html)" "saveaslave.com"
66.249.69.122 - - [06/Nov/2014:09:39:01 -0800] "GET /images/Zambia_region.gif HTTP/1.1" 404 89 "-" "Googlebot-Image/1.0" "saveaslave.com"
68.180.228.59 - - [06/Nov/2014:09:43:21 -0800] "GET /robots.txt HTTP/1.1" 404 89 "-" "Mozilla/5.0 (compatible; Yahoo! Slurp; http://help.yahoo.com/help/us/ysearch/slurp)" "www.saveaslave.com"
66.249.69.106 - - [06/Nov/2014:09:44:09 -0800] "GET /images/Zambia_flag.gif HTTP/1.1" 404 89 "-" "Googlebot-Image/1.0" "saveaslave.com"
220.181.108.108 - - [06/Nov/2014:09:45:53 -0800] "GET /images/Botswana_flag.gif HTTP/1.1" 404 89 "http://image.baidu.com/i?ct=503316480&z=0&tn=baiduimagedetail" "Baiduspider-image+(+http://www.baidu.com/search/spider.htm)" "www.saveaslave.com"
66.249.69.90 - - [06/Nov/2014:09:46:35 -0800] "GET /images/Zambia_map.gif HTTP/1.1" 404 89 "-" "Googlebot-Image/1.0" "saveaslave.com"
65.36.241.77 - - [06/Nov/2014:10:00:20 -0800] "HEAD / HTTP/1.1" 200 0 "-" "InternetSeer.com" "www.saveaslave.com"
62.210.38.184 - - [06/Nov/2014:10:02:59 -0800] "GET /site/?p=2 HTTP/1.1" 404 89 "-" "Mozilla/4.0 (compatible; MSIE 6.0; Windows NT 5.1)" "saveaslave.com"
123.125.71.86 - - [06/Nov/2014:10:11:40 -0800] "GET /images/Bosnia_region.gif HTTP/1.1" 404 89 "http://image.baidu.com/i?ct=503316480&z=0&tn=baiduimagedetail" "Baiduspider-image+(+http://www.baidu.com/search/spider.htm)" "www.saveaslave.com"
180.76.6.51 - - [06/Nov/2014:10:11:51 -0800] "GET /azerbaijan HTTP/1.1" 200 5411 "-" "Mozilla/5.0 (compatible; Baiduspider/2.0; +http://www.baidu.com/search/spider.html)" "www.saveaslave.com"
220.181.108.113 - - [06/Nov/2014:10:31:25 -0800] "GET /images/Bosnia_flag.gif HTTP/1.1" 404 89 "http://image.baidu.com/i?ct=503316480&z=0&tn=baiduimagedetail" "Baiduspider-image+(+http://www.baidu.com/search/spider.htm)" "www.saveaslave.com"
178.137.94.81 - - [06/Nov/2014:10:31:44 -0800] "GET / HTTP/1.1" 200 23399 "http://megakalyan.com/" "Mozilla/4.0 (compatible; MSIE 6.0; Windows NT 5.1; SV1)" "saveaslave.com"
66.249.69.215 - - [06/Nov/2014:10:53:14 -0800] "GET /images/Paraguay_map.gif HTTP/1.1" 404 89 "-" "Googlebot-Image/1.0" "www.saveaslave.com"
66.249.69.215 - - [06/Nov/2014:10:58:58 -0800] "GET /images/Paraguay_flag.gif HTTP/1.1" 404 89 "-" "Googlebot-Image/1.0" "www.saveaslave.com"
68.180.228.59 - - [06/Nov/2014:11:04:03 -0800] "GET /under_construction.html HTTP/1.1" 404 89 "-" "Mozilla/5.0 (compatible; Yahoo! Slurp; http://help.yahoo.com/help/us/ysearch/slurp)" "www.saveaslave.com"
123.125.71.88 - - [06/Nov/2014:11:06:24 -0800] "GET /east-timor.html HTTP/1.1" 200 5444 "-" "Mozilla/5.0 (compatible; Baiduspider/2.0; +http://www.baidu.com/search/spider.html)" "www.saveaslave.com"
208.115.113.86 - - [06/Nov/2014:11:09:59 -0800] "GET /robots.txt HTTP/1.1" 404 89 "-" "Mozilla/5.0 (compatible; DotBot/1.1; http://www.opensiteexplorer.org/dotbot, help@moz.com)" "www.saveaslave.com"
37.144.85.226 - - [06/Nov/2014:11:16:04 -0800] "GET / HTTP/1.1" 200 23399 "http://yandex.ru/yandsearch?text=slaveana+89&lr=213" "Mozilla/4.0 (compatible; MSIE 8.0; Windows NT 5.1; Trident/4.0)" "saveaslave.com"
37.144.85.226 - - [06/Nov/2014:11:16:05 -0800] "GET /css/style.css HTTP/1.1" 200 600 "http://saveaslave.com/" "Mozilla/4.0 (compatible; MSIE 8.0; Windows NT 5.1; Trident/4.0)" "saveaslave.com"
65.36.241.77 - - [06/Nov/2014:11:29:07 -0800] "HEAD / HTTP/1.1" 200 0 "-" "InternetSeer.com" "www.saveaslave.com"
220.181.108.82 - - [06/Nov/2014:11:35:08 -0800] "GET /images/angola_map.gif HTTP/1.1" 404 89 "http://image.baidu.com/i?ct=503316480&z=0&tn=baiduimagedetail" "Baiduspider-image+(+http://www.baidu.com/search/spider.htm)" "www.saveaslave.com"
199.15.233.172 - - [06/Nov/2014:11:59:58 -0800] "GET /site/?page_id=28 HTTP/1.0" 404 73 "http://saveaslave.com/site/?page_id=28" "Opera/9.80 (Windows NT 5.1) Presto/2.12.388 Version/12.17" "saveaslave.com"
144.76.95.39 - - [06/Nov/2014:12:31:45 -0800] "GET /calendar/default.html HTTP/1.1" 404 89 "-" "Mozilla/5.0 (compatible; MJ12bot/v1.4.5; http://www.majestic12.co.uk/bot.php?+)" "www.saveaslave.com"
144.76.95.39 - - [06/Nov/2014:12:32:13 -0800] "GET /contact/default.html HTTP/1.0" 404 73 "-" "Mozilla/5.0 (compatible; MJ12bot/v1.4.5; http://www.majestic12.co.uk/bot.php?+)" "www.saveaslave.com"
144.76.95.39 - - [06/Nov/2014:12:32:29 -0800] "GET /indexb.html HTTP/1.0" 404 73 "-" "Mozilla/5.0 (compatible; MJ12bot/v1.4.5; http://www.majestic12.co.uk/bot.php?+)" "www.saveaslave.com"
144.76.95.39 - - [06/Nov/2014:12:32:46 -0800] "GET /photo_gallery/default.html HTTP/1.1" 404 89 "-" "Mozilla/5.0 (compatible; MJ12bot/v1.4.5; http://www.majestic12.co.uk/bot.php?+)" "www.saveaslave.com"
157.55.39.84 - - [06/Nov/2014:12:49:58 -0800] "GET /niger HTTP/1.1" 404 89 "-" "Mozilla/5.0 (compatible; bingbot/2.0; +http://www.bing.com/bingbot.htm)" "www.saveaslave.com"
46.118.159.178 - - [06/Nov/2014:12:52:44 -0800] "GET / HTTP/1.1" 200 23399 "http://mug-na-chas-moscow.ru/" "Mozilla/0.91 Beta (Windows)" "saveaslave.com"
46.118.159.178 - - [06/Nov/2014:12:52:45 -0800] "GET / HTTP/1.1" 200 23399 "http://mug-na-chas-moscow.ru/" "Mozilla/0.91 Beta (Windows)" "saveaslave.com"
62.210.38.184 - - [06/Nov/2014:13:03:45 -0800] "GET /site/?p=2 HTTP/1.1" 404 89 "-" "Mozilla/4.0 (compatible; MSIE 6.0; Windows NT 5.1; SV1; Mozilla/4.0 (compatible; MSIE 6.0; Windows NT 5.1; SV1) ; .NET CLR 2.0.50727 ; .NET CLR 4.0.30319)" "saveaslave.com"
220.181.108.108 - - [06/Nov/2014:13:12:58 -0800] "GET /images/Rwanda_flag.gif HTTP/1.1" 404 89 "http://image.baidu.com/i?ct=503316480&z=0&tn=baiduimagedetail" "Baiduspider-image+(+http://www.baidu.com/search/spider.htm)" "www.saveaslave.com"
157.55.39.84 - - [06/Nov/2014:13:20:49 -0800] "GET /norway HTTP/1.1" 404 89 "-" "Mozilla/5.0 (compatible; bingbot/2.0; +http://www.bing.com/bingbot.htm)" "www.saveaslave.com"
208.115.113.86 - - [06/Nov/2014:13:26:17 -0800] "GET /burundi.html HTTP/1.1" 200 5405 "-" "Mozilla/5.0 (compatible; DotBot/1.1; http://www.opensiteexplorer.org/dotbot, help@moz.com)" "www.saveaslave.com"
208.115.113.86 - - [06/Nov/2014:13:26:17 -0800] "GET /finland HTTP/1.1" 200 6650 "-" "Mozilla/5.0 (compatible; DotBot/1.1; http://www.opensiteexplorer.org/dotbot, help@moz.com)" "www.saveaslave.com"
220.181.108.102 - - [06/Nov/2014:13:44:50 -0800] "GET /images/Syria_flag.gif HTTP/1.1" 404 89 "http://image.baidu.com/i?ct=503316480&z=0&tn=baiduimagedetail" "Baiduspider-image+(+http://www.baidu.com/search/spider.htm)" "www.saveaslave.com"
23.23.242.178 - - [06/Nov/2014:13:46:14 -0800] "GET /iran.html HTTP/1.1" 404 89 "-" "Mozilla/5.0 (Windows; U; Windows NT 5.1; en-US; rv:1.9.2.8) Gecko/20100722 Firefox/3.6.8" "www.saveaslave.com"
65.36.241.77 - - [06/Nov/2014:13:48:45 -0800] "HEAD / HTTP/1.1" 200 0 "-" "InternetSeer.com" "www.saveaslave.com"
207.46.13.105 - - [06/Nov/2014:13:59:58 -0800] "GET /portugal HTTP/1.1" 404 89 "-" "Mozilla/5.0 (compatible; bingbot/2.0; +http://www.bing.com/bingbot.htm)" "www.saveaslave.com"
220.181.108.76 - - [06/Nov/2014:14:16:52 -0800] "GET /images/Syria_map.gif HTTP/1.1" 404 89 "http://image.baidu.com/i?ct=503316480&z=0&tn=baiduimagedetail" "Baiduspider-image+(+http://www.baidu.com/search/spider.htm)" "www.saveaslave.com"
157.55.39.241 - - [06/Nov/2014:14:38:07 -0800] "GET /robots.txt HTTP/1.1" 404 89 "-" "Mozilla/5.0 (compatible; bingbot/2.0; +http://www.bing.com/bingbot.htm)" "www.saveaslave.com"
157.55.39.240 - - [06/Nov/2014:14:40:37 -0800] "GET /uzbekistan HTTP/1.1" 404 89 "-" "Mozilla/5.0 (compatible; bingbot/2.0; +http://www.bing.com/bingbot.htm)" "www.saveaslave.com"
220.181.108.161 - - [06/Nov/2014:14:49:14 -0800] "GET /images/Tokelau_map.gif HTTP/1.1" 404 89 "http://image.baidu.com/i?ct=503316480&z=0&tn=baiduimagedetail" "Baiduspider-image+(+http://www.baidu.com/search/spider.htm)" "www.saveaslave.com"
208.115.113.86 - - [06/Nov/2014:15:04:35 -0800] "GET /robots.txt HTTP/1.1" 404 89 "-" "Mozilla/5.0 (compatible; DotBot/1.1; http://www.opensiteexplorer.org/dotbot, help@moz.com)" "www.saveaslave.com"
208.115.113.86 - - [06/Nov/2014:15:04:35 -0800] "GET /robots.txt HTTP/1.1" 404 89 "-" "Mozilla/5.0 (compatible; DotBot/1.1; http://www.opensiteexplorer.org/dotbot, help@moz.com)" "saveaslave.com"
65.36.241.77 - - [06/Nov/2014:15:04:47 -0800] "HEAD / HTTP/1.1" 200 0 "-" "InternetSeer.com" "www.saveaslave.com"
