66.249.69.215 - - [02/Nov/2014:15:06:52 -0800] "GET /uganda.html HTTP/1.1" 404 89 "-" "Mozilla/5.0 (compatible; Googlebot/2.1; +http://www.google.com/bot.html)" "www.saveaslave.com"
66.249.69.199 - - [02/Nov/2014:15:07:59 -0800] "GET /serbia HTTP/1.1" 404 89 "-" "Mozilla/5.0 (compatible; Googlebot/2.1; +http://www.google.com/bot.html)" "www.saveaslave.com"
123.125.71.95 - - [02/Nov/2014:15:09:30 -0800] "GET /images/Burkina_Faso_flag.gif HTTP/1.1" 404 89 "-" "Baiduspider-image+(+http://www.baidu.com/search/spider.htm)\\nReferer: http://image.baidu.com/i?ct=503316480&z=0&tn=baiduimagedetail" "www.saveaslave.com"
77.75.73.11 - - [02/Nov/2014:15:30:56 -0800] "GET /robots.txt HTTP/1.1" 404 89 "-" "Mozilla/5.0 (compatible; SeznamBot/3.2; +http://fulltext.sblog.cz/)" "saveaslave.com"
77.75.73.11 - - [02/Nov/2014:15:30:57 -0800] "GET /saudiarabia.html HTTP/1.1" 404 89 "-" "Mozilla/5.0 (compatible; SeznamBot/3.2; +http://fulltext.sblog.cz/)" "saveaslave.com"
123.125.71.97 - - [02/Nov/2014:15:42:43 -0800] "GET /images/Russian_flag.gif HTTP/1.1" 404 89 "http://image.baidu.com/i?ct=503316480&z=0&tn=baiduimagedetail" "Baiduspider-image+(+http://www.baidu.com/search/spider.htm)" "www.saveaslave.com"
213.133.97.216 - - [02/Nov/2014:15:47:52 -0800] "GET /site/?p=52 HTTP/1.1" 404 89 "-" "Mozilla/5.0 (Windows NT 6.1; rv:25.0) Gecko/20100101 Firefox/25.0" "saveaslave.com"
213.133.97.216 - - [02/Nov/2014:15:48:03 -0800] "GET /site/?p=60 HTTP/1.1" 404 89 "-" "Mozilla/5.0 (Windows NT 6.1; rv:25.0) Gecko/20100101 Firefox/25.0" "saveaslave.com"
213.133.97.216 - - [02/Nov/2014:15:48:10 -0800] "GET / HTTP/1.1" 200 23399 "-" "Mozilla/5.0 (Windows NT 6.1; rv:25.0) Gecko/20100101 Firefox/25.0" "saveaslave.com"
213.133.97.216 - - [02/Nov/2014:15:48:16 -0800] "GET /site/?page_id=28 HTTP/1.1" 404 89 "-" "Mozilla/5.0 (Windows NT 6.1; rv:25.0) Gecko/20100101 Firefox/25.0" "saveaslave.com"
66.249.69.215 - - [02/Nov/2014:15:49:14 -0800] "GET /Albania.html?menu=Spain.html HTTP/1.1" 404 89 "-" "Mozilla/5.0 (compatible; Googlebot/2.1; +http://www.google.com/bot.html)" "www.saveaslave.com"
65.36.241.77 - - [02/Nov/2014:15:51:08 -0800] "HEAD / HTTP/1.1" 200 0 "-" "InternetSeer.com" "www.saveaslave.com"
178.255.215.77 - - [02/Nov/2014:15:56:31 -0800] "GET /robots.txt HTTP/1.1" 404 89 "-" "Mozilla/5.0 (compatible; Exabot/3.0; +http://www.exabot.com/go/robot)" "www.saveaslave.com"
178.255.215.77 - - [02/Nov/2014:15:56:31 -0800] "GET / HTTP/1.1" 200 23399 "-" "Mozilla/5.0 (compatible; Exabot/3.0; +http://www.exabot.com/go/robot)" "www.saveaslave.com"
217.69.133.85 - - [02/Nov/2014:16:07:23 -0800] "GET /croatia.html HTTP/1.1" 200 5405 "-" "Mozilla/5.0 (compatible; Linux x86_64; Mail.RU_Bot/2.0; +http://go.mail.ru/help/robots)" "www.saveaslave.com"
66.249.69.122 - - [02/Nov/2014:16:19:38 -0800] "GET /vietnam HTTP/1.1" 404 89 "-" "Mozilla/5.0 (compatible; Googlebot/2.1; +http://www.google.com/bot.html)" "saveaslave.com"
66.249.69.122 - - [02/Nov/2014:16:25:52 -0800] "GET /papuanewguinea HTTP/1.1" 404 89 "-" "Mozilla/5.0 (compatible; Googlebot/2.1; +http://www.google.com/bot.html)" "saveaslave.com"
72.168.98.116 - - [02/Nov/2014:16:38:01 -0800] "GET / HTTP/1.1" 200 23399 "http://r.search.yahoo.com/_ylt=AwrSbDdjzlZUdlsAlADBGOd_;_ylu=X3oDMTE0ZDgxM2szBHNlYwNzcgRwb3MDMQRjb2xvA2dxMQR2dGlkA1RBVVMwNzdfMQ--/RV=2/RE=1415003875/RO=10/RU=http%3a%2f%2fsaveaslave.com%2f/RK=0/RS=pKu_A81twRS3mEZG_rSBzCb7Edo-" "Mozilla/5.0 (iPad; CPU OS 8_1 like Mac OS X) AppleWebKit/600.1.4 (KHTML, like Gecko) Version/8.0 Mobile/12B410 Safari/600.1.4" "saveaslave.com"
72.168.98.116 - - [02/Nov/2014:16:38:04 -0800] "GET /images/header.png HTTP/1.1" 200 84658 "http://saveaslave.com/" "Mozilla/5.0 (iPad; CPU OS 8_1 like Mac OS X) AppleWebKit/600.1.4 (KHTML, like Gecko) Version/8.0 Mobile/12B410 Safari/600.1.4" "saveaslave.com"
72.168.98.116 - - [02/Nov/2014:16:38:35 -0800] "GET /images/header.png HTTP/1.1" 200 65536 "http://saveaslave.com/" "Mozilla/5.0 (iPad; CPU OS 8_1 like Mac OS X) AppleWebKit/600.1.4 (KHTML, like Gecko) Version/8.0 Mobile/12B410 Safari/600.1.4" "saveaslave.com"
72.168.98.116 - - [02/Nov/2014:16:38:35 -0800] "GET /images/givebtn.png HTTP/1.1" 200 26179 "http://saveaslave.com/" "Mozilla/5.0 (iPad; CPU OS 8_1 like Mac OS X) AppleWebKit/600.1.4 (KHTML, like Gecko) Version/8.0 Mobile/12B410 Safari/600.1.4" "saveaslave.com"
72.168.98.116 - - [02/Nov/2014:16:38:35 -0800] "GET /images/slaves.jpg HTTP/1.1" 200 64009 "http://saveaslave.com/" "Mozilla/5.0 (iPad; CPU OS 8_1 like Mac OS X) AppleWebKit/600.1.4 (KHTML, like Gecko) Version/8.0 Mobile/12B410 Safari/600.1.4" "saveaslave.com"
72.168.98.116 - - [02/Nov/2014:16:40:12 -0800] "GET /images/slaves.jpg HTTP/1.1" 200 64009 "http://saveaslave.com/" "Mozilla/5.0 (iPad; CPU OS 8_1 like Mac OS X) AppleWebKit/600.1.4 (KHTML, like Gecko) Version/8.0 Mobile/12B410 Safari/600.1.4" "saveaslave.com"
123.125.71.78 - - [02/Nov/2014:16:46:59 -0800] "GET /images/Panama_flag.gif HTTP/1.1" 404 89 "http://image.baidu.com/i?ct=503316480&z=0&tn=baiduimagedetail" "Baiduspider-image+(+http://www.baidu.com/search/spider.htm)" "www.saveaslave.com"
175.44.55.82 - - [02/Nov/2014:16:52:36 -0800] "GET / HTTP/1.1" 200 23399 "-" "-" "saveaslave.com"
175.44.55.82 - - [02/Nov/2014:16:52:37 -0800] "GET /wp-login.php HTTP/1.1" 200 73 "-" "-" "saveaslave.com"
217.69.133.85 - - [02/Nov/2014:17:16:29 -0800] "GET /robots.txt HTTP/1.1" 404 89 "-" "Mozilla/5.0 (compatible; Linux x86_64; Mail.RU_Bot/2.0; +http://go.mail.ru/help/robots)" "www.saveaslave.com"
68.180.228.59 - - [02/Nov/2014:17:19:32 -0800] "GET /rwanda.html HTTP/1.1" 404 89 "-" "Mozilla/5.0 (compatible; Yahoo! Slurp; http://help.yahoo.com/help/us/ysearch/slurp)" "www.saveaslave.com"
66.249.69.215 - - [02/Nov/2014:17:23:11 -0800] "GET /images/Grenada_map.gif HTTP/1.1" 404 89 "-" "Googlebot-Image/1.0" "www.saveaslave.com"
66.249.69.183 - - [02/Nov/2014:17:36:29 -0800] "GET /swaziland.html HTTP/1.1" 404 89 "-" "Mozilla/5.0 (compatible; Googlebot/2.1; +http://www.google.com/bot.html)" "www.saveaslave.com"
123.125.71.34 - - [02/Nov/2014:17:39:06 -0800] "GET /images/Pakistan_flag.gif HTTP/1.1" 404 89 "http://image.baidu.com/i?ct=503316480&z=0&tn=baiduimagedetail" "Baiduspider-image+(+http://www.baidu.com/search/spider.htm)" "www.saveaslave.com"
157.55.39.37 - - [02/Nov/2014:17:46:05 -0800] "GET /robots.txt HTTP/1.1" 404 89 "-" "Mozilla/5.0 (compatible; bingbot/2.0; +http://www.bing.com/bingbot.htm)" "www.saveaslave.com"
217.69.133.67 - - [02/Nov/2014:17:47:46 -0800] "GET /fiji.html HTTP/1.1" 404 89 "-" "Mozilla/5.0 (compatible; Linux x86_64; Mail.RU_Bot/2.0; +http://go.mail.ru/help/robots)" "www.saveaslave.com"
217.69.133.217 - - [02/Nov/2014:17:47:47 -0800] "GET /ivorycoast.html HTTP/1.1" 404 89 "-" "Mozilla/5.0 (compatible; Linux x86_64; Mail.RU_Bot/2.0; +http://go.mail.ru/help/robots)" "www.saveaslave.com"
188.165.15.192 - - [02/Nov/2014:18:03:46 -0800] "GET /articles/modernslavery.html HTTP/1.1" 404 89 "-" "Mozilla/5.0 (compatible; AhrefsBot/5.0; +http://ahrefs.com/robot/)" "www.saveaslave.com"
109.120.157.179 - - [02/Nov/2014:18:12:56 -0800] "GET / HTTP/1.1" 200 23399 "http://doska-vsem.ru/" "Mozilla/5.0 (compatible; Add Catalog/2.1;)" "saveaslave.com"
109.120.157.179 - - [02/Nov/2014:18:12:57 -0800] "GET / HTTP/1.1" 200 23399 "http://doska-vsem.ru/" "Mozilla/5.0 (compatible; Add Catalog/2.1;)" "saveaslave.com"
208.115.111.70 - - [02/Nov/2014:18:30:27 -0800] "GET /eritrea HTTP/1.1" 404 89 "-" "Mozilla/5.0 (compatible; DotBot/1.1; http://www.opensiteexplorer.org/dotbot, help@moz.com)" "saveaslave.com"
208.115.111.70 - - [02/Nov/2014:18:30:28 -0800] "GET /slovenia HTTP/1.1" 404 89 "-" "Mozilla/5.0 (compatible; DotBot/1.1; http://www.opensiteexplorer.org/dotbot, help@moz.com)" "saveaslave.com"
220.181.108.147 - - [02/Nov/2014:18:38:48 -0800] "GET /images/Norway_flag.gif HTTP/1.1" 404 89 "http://image.baidu.com/i?ct=503316480&z=0&tn=baiduimagedetail" "Baiduspider-image+(+http://www.baidu.com/search/spider.htm)" "www.saveaslave.com"
208.115.113.86 - - [02/Nov/2014:18:48:38 -0800] "GET /robots.txt HTTP/1.1" 404 89 "-" "Mozilla/5.0 (compatible; DotBot/1.1; http://www.opensiteexplorer.org/dotbot, help@moz.com)" "saveaslave.com"
208.115.113.86 - - [02/Nov/2014:18:48:38 -0800] "GET /robots.txt HTTP/1.1" 404 89 "-" "Mozilla/5.0 (compatible; DotBot/1.1; http://www.opensiteexplorer.org/dotbot, help@moz.com)" "www.saveaslave.com"
66.249.69.199 - - [02/Nov/2014:18:48:45 -0800] "GET /turkey.html HTTP/1.1" 404 89 "-" "Mozilla/5.0 (compatible; Googlebot/2.1; +http://www.google.com/bot.html)" "www.saveaslave.com"
217.69.133.67 - - [02/Nov/2014:18:49:51 -0800] "GET /robots.txt HTTP/1.1" 404 89 "-" "Mozilla/5.0 (compatible; Linux x86_64; Mail.RU_Bot/2.0; +http://go.mail.ru/help/robots)" "www.saveaslave.com"
65.36.241.77 - - [02/Nov/2014:18:55:43 -0800] "HEAD / HTTP/1.1" 200 0 "-" "InternetSeer.com" "www.saveaslave.com"
217.69.133.84 - - [02/Nov/2014:19:26:17 -0800] "GET /ukraine.html HTTP/1.1" 404 89 "-" "Mozilla/5.0 (compatible; Linux x86_64; Mail.RU_Bot/2.0; +http://go.mail.ru/help/robots)" "www.saveaslave.com"
217.69.133.216 - - [02/Nov/2014:19:26:18 -0800] "GET /bermuda.html HTTP/1.1" 404 89 "-" "Mozilla/5.0 (compatible; Linux x86_64; Mail.RU_Bot/2.0; +http://go.mail.ru/help/robots)" "www.saveaslave.com"
66.249.69.215 - - [02/Nov/2014:19:39:08 -0800] "GET /images/Paraguay_map.gif HTTP/1.1" 404 89 "-" "Googlebot-Image/1.0" "www.saveaslave.com"
23.23.242.178 - - [02/Nov/2014:19:52:37 -0800] "GET /india HTTP/1.1" 404 89 "-" "Mozilla/5.0 (Windows; U; Windows NT 5.1; en-US; rv:1.9.2.8) Gecko/20100722 Firefox/3.6.8" "saveaslave.com"
66.249.69.215 - - [02/Nov/2014:19:52:53 -0800] "GET /images/Paraguay_flag.gif HTTP/1.1" 404 89 "-" "Googlebot-Image/1.0" "www.saveaslave.com"
66.249.69.199 - - [02/Nov/2014:19:55:13 -0800] "GET /fiji.html HTTP/1.1" 404 89 "-" "Mozilla/5.0 (compatible; Googlebot/2.1; +http://www.google.com/bot.html)" "www.saveaslave.com"
178.137.94.81 - - [02/Nov/2014:20:21:12 -0800] "GET / HTTP/1.1" 200 23399 "http://portal-eu.ru/" "Mozilla/4.0 (compatible; MSIE 6.0; Windows NT 5.1; SV1; InfoPath.1)" "saveaslave.com"
217.69.133.217 - - [02/Nov/2014:20:23:55 -0800] "GET /robots.txt HTTP/1.1" 404 89 "-" "Mozilla/5.0 (compatible; Linux x86_64; Mail.RU_Bot/2.0; +http://go.mail.ru/help/robots)" "www.saveaslave.com"
157.55.39.204 - - [02/Nov/2014:20:27:54 -0800] "GET /robots.txt HTTP/1.1" 404 89 "-" "Mozilla/5.0 (compatible; bingbot/2.0; +http://www.bing.com/bingbot.htm)" "www.saveaslave.com"
75.18.200.98 - - [02/Nov/2014:20:29:45 -0800] "GET /images/Gibraltar_map.gif HTTP/1.1" 404 89 "-" "Mozilla/5.0 (Windows NT 6.1; WOW64; Trident/7.0; rv:11.0) like Gecko" "www.saveaslave.com"
66.249.69.90 - - [02/Nov/2014:20:34:14 -0800] "GET /uruguay.html HTTP/1.1" 404 89 "-" "Mozilla/5.0 (compatible; Googlebot/2.1; +http://www.google.com/bot.html)" "saveaslave.com"
66.249.69.215 - - [02/Nov/2014:20:40:13 -0800] "GET /nepal.html HTTP/1.1" 404 89 "-" "Mozilla/5.0 (compatible; Googlebot/2.1; +http://www.google.com/bot.html)" "www.saveaslave.com"
72.168.98.118 - - [02/Nov/2014:20:41:43 -0800] "GET / HTTP/1.1" 200 23399 "http://r.search.yahoo.com/_ylt=AwrSbm57B1dUxb8Aa8TBGOd_;_ylu=X3oDMTE0MThybDFqBHNlYwNzcgRwb3MDMQRjb2xvA2dxMQR2dGlkA1RBVVMwNzJfMQ--/RV=2/RE=1415018491/RO=10/RU=http%3a%2f%2fsaveaslave.com%2f/RK=0/RS=m_PPceiy9oko431BH7AJn_fuBeY-" "Mozilla/5.0 (iPad; CPU OS 8_1 like Mac OS X) AppleWebKit/600.1.4 (KHTML, like Gecko) Version/8.0 Mobile/12B410 Safari/600.1.4" "saveaslave.com"
72.168.98.118 - - [02/Nov/2014:20:41:45 -0800] "GET / HTTP/1.1" 200 23399 "http://r.search.yahoo.com/_ylt=AwrSbm57B1dUxb8Aa8TBGOd_;_ylu=X3oDMTE0MThybDFqBHNlYwNzcgRwb3MDMQRjb2xvA2dxMQR2dGlkA1RBVVMwNzJfMQ--/RV=2/RE=1415018491/RO=10/RU=http%3a%2f%2fsaveaslave.com%2f/RK=0/RS=m_PPceiy9oko431BH7AJn_fuBeY-" "Mozilla/5.0 (iPad; CPU OS 8_1 like Mac OS X) AppleWebKit/600.1.4 (KHTML, like Gecko) Version/8.0 Mobile/12B410 Safari/600.1.4" "saveaslave.com"
72.168.98.118 - - [02/Nov/2014:20:41:46 -0800] "GET /css/style.css HTTP/1.1" 200 600 "http://saveaslave.com/" "Mozilla/5.0 (iPad; CPU OS 8_1 like Mac OS X) AppleWebKit/600.1.4 (KHTML, like Gecko) Version/8.0 Mobile/12B410 Safari/600.1.4" "saveaslave.com"
72.168.98.118 - - [02/Nov/2014:20:41:46 -0800] "GET /images/header.png HTTP/1.1" 200 84658 "http://saveaslave.com/" "Mozilla/5.0 (iPad; CPU OS 8_1 like Mac OS X) AppleWebKit/600.1.4 (KHTML, like Gecko) Version/8.0 Mobile/12B410 Safari/600.1.4" "saveaslave.com"
72.168.98.118 - - [02/Nov/2014:20:42:06 -0800] "GET / HTTP/1.1" 200 23399 "http://r.search.yahoo.com/_ylt=AwrSbm57B1dUxb8Aa8TBGOd_;_ylu=X3oDMTE0MThybDFqBHNlYwNzcgRwb3MDMQRjb2xvA2dxMQR2dGlkA1RBVVMwNzJfMQ--/RV=2/RE=1415018491/RO=10/RU=http%3a%2f%2fsaveaslave.com%2f/RK=0/RS=m_PPceiy9oko431BH7AJn_fuBeY-" "Mozilla/5.0 (iPad; CPU OS 8_1 like Mac OS X) AppleWebKit/600.1.4 (KHTML, like Gecko) Version/8.0 Mobile/12B410 Safari/600.1.4" "saveaslave.com"
72.168.98.118 - - [02/Nov/2014:20:42:08 -0800] "GET /images/header.png HTTP/1.1" 200 65536 "http://saveaslave.com/" "Mozilla/5.0 (iPad; CPU OS 8_1 like Mac OS X) AppleWebKit/600.1.4 (KHTML, like Gecko) Version/8.0 Mobile/12B410 Safari/600.1.4" "saveaslave.com"
72.168.98.118 - - [02/Nov/2014:20:42:08 -0800] "GET /images/givebtn.png HTTP/1.1" 200 26179 "http://saveaslave.com/" "Mozilla/5.0 (iPad; CPU OS 8_1 like Mac OS X) AppleWebKit/600.1.4 (KHTML, like Gecko) Version/8.0 Mobile/12B410 Safari/600.1.4" "saveaslave.com"
72.168.98.118 - - [02/Nov/2014:20:42:08 -0800] "GET /images/slaves.jpg HTTP/1.1" 200 64009 "http://saveaslave.com/" "Mozilla/5.0 (iPad; CPU OS 8_1 like Mac OS X) AppleWebKit/600.1.4 (KHTML, like Gecko) Version/8.0 Mobile/12B410 Safari/600.1.4" "saveaslave.com"
198.199.66.80 - - [02/Nov/2014:20:46:24 -0800] "GET / HTTP/1.1" 200 23399 "-" "Mozilla/5.0 (Windows NT 6.1; WOW64) AppleWebKit/537.36 (KHTML, like Gecko) Chrome/34.0.1847.131 Safari/537.36" "saveaslave.com"
198.199.66.80 - - [02/Nov/2014:20:46:24 -0800] "GET /css/style.css HTTP/1.1" 200 600 "http://saveaslave.com/" "Mozilla/5.0 (Windows NT 6.1; WOW64) AppleWebKit/537.36 (KHTML, like Gecko) Chrome/34.0.1847.131 Safari/537.36" "saveaslave.com"
198.199.66.80 - - [02/Nov/2014:20:46:48 -0800] "GET /afghanistan.html HTTP/1.1" 200 5418 "http://saveaslave.com" "Mozilla/5.0 (compatible; MSIE 10.0; Windows NT 6.1; WOW64; Trident/6.0)" "saveaslave.com"
198.199.66.80 - - [02/Nov/2014:20:46:48 -0800] "GET /andorra.html HTTP/1.1" 200 5386 "http://saveaslave.com" "Mozilla/5.0 (Windows NT 6.1; WOW64; rv:29.0) Gecko/20100101 Firefox/29.0" "saveaslave.com"
198.199.66.80 - - [02/Nov/2014:20:46:48 -0800] "GET /argentina.html HTTP/1.1" 200 5404 "http://saveaslave.com" "Mozilla/5.0 (compatible; MSIE 10.0; Windows NT 6.1; WOW64; Trident/6.0)" "saveaslave.com"
198.199.66.80 - - [02/Nov/2014:20:46:48 -0800] "GET /armenia.html HTTP/1.1" 200 5385 "http://saveaslave.com" "Mozilla/5.0 (Windows NT 6.3; WOW64) AppleWebKit/537.36 (KHTML, like Gecko) Chrome/34.0.1847.131 Safari/537.36" "saveaslave.com"
198.199.66.80 - - [02/Nov/2014:20:46:48 -0800] "GET /democratic-republic-of-congo.html HTTP/1.1" 200 5608 "http://saveaslave.com" "Mozilla/5.0 (Windows NT 6.3; WOW64) AppleWebKit/537.36 (KHTML, like Gecko) Chrome/34.0.1847.131 Safari/537.36" "saveaslave.com"
208.115.111.70 - - [02/Nov/2014:20:48:43 -0800] "GET /robots.txt HTTP/1.1" 404 89 "-" "Mozilla/5.0 (compatible; DotBot/1.1; http://www.opensiteexplorer.org/dotbot, help@moz.com)" "www.saveaslave.com"
208.115.111.70 - - [02/Nov/2014:20:48:43 -0800] "GET /robots.txt HTTP/1.1" 404 89 "-" "Mozilla/5.0 (compatible; DotBot/1.1; http://www.opensiteexplorer.org/dotbot, help@moz.com)" "saveaslave.com"
208.115.113.86 - - [02/Nov/2014:20:53:07 -0800] "GET /vanuatu.html HTTP/1.1" 404 89 "-" "Mozilla/5.0 (compatible; DotBot/1.1; http://www.opensiteexplorer.org/dotbot, help@moz.com)" "www.saveaslave.com"
208.115.113.86 - - [02/Nov/2014:20:53:07 -0800] "GET /wallisandfutuna.html HTTP/1.1" 404 89 "-" "Mozilla/5.0 (compatible; DotBot/1.1; http://www.opensiteexplorer.org/dotbot, help@moz.com)" "www.saveaslave.com"
208.115.113.86 - - [02/Nov/2014:20:53:07 -0800] "GET /westbank.html HTTP/1.1" 404 89 "-" "Mozilla/5.0 (compatible; DotBot/1.1; http://www.opensiteexplorer.org/dotbot, help@moz.com)" "www.saveaslave.com"
208.115.113.86 - - [02/Nov/2014:20:53:07 -0800] "GET /niue HTTP/1.1" 404 89 "-" "Mozilla/5.0 (compatible; DotBot/1.1; http://www.opensiteexplorer.org/dotbot, help@moz.com)" "saveaslave.com"
208.115.113.86 - - [02/Nov/2014:20:53:08 -0800] "GET /poland HTTP/1.1" 404 89 "-" "Mozilla/5.0 (compatible; DotBot/1.1; http://www.opensiteexplorer.org/dotbot, help@moz.com)" "saveaslave.com"
65.36.241.77 - - [02/Nov/2014:20:59:38 -0800] "HEAD / HTTP/1.1" 200 0 "-" "InternetSeer.com" "www.saveaslave.com"
217.69.133.84 - - [02/Nov/2014:21:06:38 -0800] "GET /slovakia.html HTTP/1.1" 404 89 "-" "Mozilla/5.0 (compatible; Linux x86_64; Mail.RU_Bot/2.0; +http://go.mail.ru/help/robots)" "www.saveaslave.com"
217.69.133.216 - - [02/Nov/2014:21:09:38 -0800] "GET /nicaragua.html HTTP/1.1" 404 89 "-" "Mozilla/5.0 (compatible; Linux x86_64; Mail.RU_Bot/2.0; +http://go.mail.ru/help/robots)" "www.saveaslave.com"
123.125.71.108 - - [02/Nov/2014:21:25:27 -0800] "GET /images/Niger_region.gif HTTP/1.1" 404 89 "http://image.baidu.com/i?ct=503316480&z=0&tn=baiduimagedetail" "Baiduspider-image+(+http://www.baidu.com/search/spider.htm)" "www.saveaslave.com"
66.249.69.183 - - [02/Nov/2014:21:29:32 -0800] "GET /guam HTTP/1.1" 404 89 "-" "Mozilla/5.0 (compatible; Googlebot/2.1; +http://www.google.com/bot.html)" "www.saveaslave.com"
157.55.39.204 - - [02/Nov/2014:21:36:39 -0800] "GET /articles/ninetydollars.html HTTP/1.1" 404 89 "-" "Mozilla/5.0 (compatible; bingbot/2.0; +http://www.bing.com/bingbot.htm)" "www.saveaslave.com"
180.76.6.53 - - [02/Nov/2014:21:48:19 -0800] "GET /pitcairnislands.html HTTP/1.1" 404 89 "-" "Mozilla/5.0 (compatible; Baiduspider/2.0; +http://www.baidu.com/search/spider.html)" "www.saveaslave.com"
66.249.69.215 - - [02/Nov/2014:21:56:01 -0800] "GET /guam.html HTTP/1.1" 404 89 "-" "Mozilla/5.0 (compatible; Googlebot/2.1; +http://www.google.com/bot.html)" "www.saveaslave.com"
217.69.133.219 - - [02/Nov/2014:21:56:37 -0800] "GET /robots.txt HTTP/1.1" 404 89 "-" "Mozilla/5.0 (compatible; Linux x86_64; Mail.RU_Bot/2.0; +http://go.mail.ru/help/robots)" "www.saveaslave.com"
65.36.241.77 - - [02/Nov/2014:22:04:23 -0800] "HEAD / HTTP/1.1" 200 0 "-" "InternetSeer.com" "www.saveaslave.com"
123.125.68.34 - - [02/Nov/2014:22:14:46 -0800] "GET /belarus.html HTTP/1.1" 200 5417 "-" "Mozilla/5.0 (Windows NT 5.1; rv:6.0.2) Gecko/20100101 Firefox/6.0.2" "www.saveaslave.com"
123.125.68.27 - - [02/Nov/2014:22:14:49 -0800] "GET /armenia.html HTTP/1.1" 200 5385 "-" "Mozilla/5.0 (Windows NT 5.1; rv:6.0.2) Gecko/20100101 Firefox/6.0.2" "www.saveaslave.com"
123.125.68.178 - - [02/Nov/2014:22:14:49 -0800] "GET /kazakhstan.html HTTP/1.1" 404 89 "-" "Mozilla/5.0 (Windows NT 5.1; rv:6.0.2) Gecko/20100101 Firefox/6.0.2" "saveaslave.com"
123.125.68.162 - - [02/Nov/2014:22:14:50 -0800] "GET /armenia.html HTTP/1.1" 200 5385 "-" "Mozilla/5.0 (Windows NT 5.1; rv:6.0.2) Gecko/20100101 Firefox/6.0.2" "saveaslave.com"
123.125.68.8 - - [02/Nov/2014:22:14:50 -0800] "GET /ethiopia.html HTTP/1.1" 404 89 "-" "Mozilla/5.0 (Windows NT 5.1; rv:6.0.2) Gecko/20100101 Firefox/6.0.2" "www.saveaslave.com"
123.125.68.42 - - [02/Nov/2014:22:14:50 -0800] "GET /kazakhstan.html HTTP/1.1" 404 89 "-" "Mozilla/5.0 (Windows NT 5.1; rv:6.0.2) Gecko/20100101 Firefox/6.0.2" "www.saveaslave.com"
123.125.68.145 - - [02/Nov/2014:22:14:58 -0800] "GET /ethiopia.html HTTP/1.1" 404 89 "-" "Mozilla/5.0 (Windows NT 5.1; rv:6.0.2) Gecko/20100101 Firefox/6.0.2" "saveaslave.com"
123.125.68.185 - - [02/Nov/2014:22:14:59 -0800] "GET /belarus.html HTTP/1.1" 200 5417 "-" "Mozilla/5.0 (Windows NT 5.1; rv:6.0.2) Gecko/20100101 Firefox/6.0.2" "saveaslave.com"
123.125.68.136 - - [02/Nov/2014:22:15:00 -0800] "GET /yemen.html HTTP/1.1" 404 89 "-" "Mozilla/5.0 (Windows NT 5.1; rv:6.0.2) Gecko/20100101 Firefox/6.0.2" "saveaslave.com"
123.125.68.35 - - [02/Nov/2014:22:15:01 -0800] "GET /yemen.html HTTP/1.1" 404 89 "-" "Mozilla/5.0 (Windows NT 5.1; rv:6.0.2) Gecko/20100101 Firefox/6.0.2" "www.saveaslave.com"
123.125.71.84 - - [02/Nov/2014:22:18:39 -0800] "GET / HTTP/1.1" 200 23399 "-" "Mozilla/5.0 (compatible; Baiduspider/2.0; +http://www.baidu.com/search/spider.html)" "saveaslave.com"
66.249.69.122 - - [02/Nov/2014:22:22:22 -0800] "GET /turkey.html HTTP/1.1" 404 89 "-" "Mozilla/5.0 (compatible; Googlebot/2.1; +http://www.google.com/bot.html)" "saveaslave.com"
182.118.25.238 - - [02/Nov/2014:22:31:55 -0800] "GET / HTTP/1.1" 200 23399 "http://www.saveaslave.com/" "Mozilla/5.0 (compatible; MSIE 9.0; Windows NT 6.1; Trident/5.0); 360Spider" "www.saveaslave.com"
157.55.39.37 - - [02/Nov/2014:22:34:24 -0800] "GET /robots.txt HTTP/1.1" 404 89 "-" "Mozilla/5.0 (compatible; bingbot/2.0; +http://www.bing.com/bingbot.htm)" "saveaslave.com"
157.55.39.37 - - [02/Nov/2014:22:35:26 -0800] "GET / HTTP/1.1" 200 23399 "-" "Mozilla/5.0 (compatible; bingbot/2.0; +http://www.bing.com/bingbot.htm)" "saveaslave.com"
66.249.69.215 - - [02/Nov/2014:22:36:32 -0800] "GET /seychelles.html HTTP/1.1" 404 89 "-" "Mozilla/5.0 (compatible; Googlebot/2.1; +http://www.google.com/bot.html)" "www.saveaslave.com"
217.69.133.217 - - [02/Nov/2014:22:38:09 -0800] "GET /mozambique.html HTTP/1.1" 404 89 "-" "Mozilla/5.0 (compatible; Linux x86_64; Mail.RU_Bot/2.0; +http://go.mail.ru/help/robots)" "www.saveaslave.com"
208.115.111.70 - - [02/Nov/2014:22:39:03 -0800] "GET /norfolkisland.html HTTP/1.1" 404 89 "-" "Mozilla/5.0 (compatible; DotBot/1.1; http://www.opensiteexplorer.org/dotbot, help@moz.com)" "saveaslave.com"
208.115.111.70 - - [02/Nov/2014:22:39:04 -0800] "GET /ghana HTTP/1.1" 404 89 "-" "Mozilla/5.0 (compatible; DotBot/1.1; http://www.opensiteexplorer.org/dotbot, help@moz.com)" "www.saveaslave.com"
208.115.111.70 - - [02/Nov/2014:22:39:04 -0800] "GET /stpierre HTTP/1.1" 404 89 "-" "Mozilla/5.0 (compatible; DotBot/1.1; http://www.opensiteexplorer.org/dotbot, help@moz.com)" "www.saveaslave.com"
217.69.133.85 - - [02/Nov/2014:22:39:09 -0800] "GET /mauritius.html HTTP/1.1" 404 89 "-" "Mozilla/5.0 (compatible; Linux x86_64; Mail.RU_Bot/2.0; +http://go.mail.ru/help/robots)" "www.saveaslave.com"
208.115.113.86 - - [02/Nov/2014:22:50:33 -0800] "GET /robots.txt HTTP/1.1" 404 89 "-" "Mozilla/5.0 (compatible; DotBot/1.1; http://www.opensiteexplorer.org/dotbot, help@moz.com)" "www.saveaslave.com"
208.115.113.86 - - [02/Nov/2014:22:50:33 -0800] "GET /robots.txt HTTP/1.1" 404 89 "-" "Mozilla/5.0 (compatible; DotBot/1.1; http://www.opensiteexplorer.org/dotbot, help@moz.com)" "saveaslave.com"
157.55.39.37 - - [02/Nov/2014:22:53:57 -0800] "GET /robots.txt HTTP/1.1" 404 89 "-" "Mozilla/5.0 (compatible; bingbot/2.0; +http://www.bing.com/bingbot.htm)" "www.saveaslave.com"
220.181.108.186 - - [02/Nov/2014:23:08:10 -0800] "GET /images/Nauru_region.gif HTTP/1.1" 404 89 "http://image.baidu.com/i?ct=503316480&z=0&tn=baiduimagedetail" "Baiduspider-image+(+http://www.baidu.com/search/spider.htm)" "www.saveaslave.com"
65.36.241.77 - - [02/Nov/2014:23:08:33 -0800] "HEAD / HTTP/1.1" 200 0 "-" "InternetSeer.com" "www.saveaslave.com"
66.249.69.199 - - [02/Nov/2014:23:25:07 -0800] "GET /images/Tuvalu_region.gif HTTP/1.1" 404 89 "-" "Googlebot-Image/1.0" "www.saveaslave.com"
66.249.69.183 - - [02/Nov/2014:23:25:26 -0800] "GET /guinea HTTP/1.1" 404 89 "-" "Mozilla/5.0 (compatible; Googlebot/2.1; +http://www.google.com/bot.html)" "www.saveaslave.com"
61.135.189.175 - - [02/Nov/2014:23:28:33 -0800] "GET /site/?cat=223 HTTP/1.1" 404 89 "-" "Sogou web spider/4.0(+http://www.sogou.com/docs/help/webmasters.htm#07)" "saveaslave.com"
220.181.108.170 - - [02/Nov/2014:23:53:36 -0800] "GET /images/Montenegro_region.gif HTTP/1.1" 404 89 "http://image.baidu.com/i?ct=503316480&z=0&tn=baiduimagedetail" "Baiduspider-image+(+http://www.baidu.com/search/spider.htm)" "www.saveaslave.com"
66.249.64.42 - - [02/Nov/2014:23:59:07 -0800] "GET /robots.txt HTTP/1.1" 404 89 "-" "Mozilla/5.0 (compatible; Googlebot/2.1; +http://www.google.com/bot.html)" "saveaslave.com"
66.249.69.90 - - [02/Nov/2014:23:59:07 -0800] "GET /seychelles HTTP/1.1" 404 89 "-" "Mozilla/5.0 (compatible; Googlebot/2.1; +http://www.google.com/bot.html)" "saveaslave.com"
217.69.133.67 - - [03/Nov/2014:00:08:22 -0800] "GET /isleofman.html HTTP/1.1" 404 89 "-" "Mozilla/5.0 (compatible; Linux x86_64; Mail.RU_Bot/2.0; +http://go.mail.ru/help/robots)" "www.saveaslave.com"
217.69.133.218 - - [03/Nov/2014:00:08:24 -0800] "GET /indonesia.html HTTP/1.1" 404 89 "-" "Mozilla/5.0 (compatible; Linux x86_64; Mail.RU_Bot/2.0; +http://go.mail.ru/help/robots)" "www.saveaslave.com"
217.69.133.84 - - [03/Nov/2014:00:08:25 -0800] "GET /laos.html HTTP/1.1" 404 89 "-" "Mozilla/5.0 (compatible; Linux x86_64; Mail.RU_Bot/2.0; +http://go.mail.ru/help/robots)" "www.saveaslave.com"
61.135.189.175 - - [03/Nov/2014:00:09:47 -0800] "GET / HTTP/1.1" 200 23399 "-" "Sogou web spider/4.0(+http://www.sogou.com/docs/help/webmasters.htm#07)" "www.saveaslave.com"
23.23.242.178 - - [03/Nov/2014:00:27:18 -0800] "GET /seychelles.html HTTP/1.1" 404 89 "-" "Mozilla/5.0 (Windows; U; Windows NT 5.1; en-US; rv:1.9.2.8) Gecko/20100722 Firefox/3.6.8" "saveaslave.com"
66.249.69.199 - - [03/Nov/2014:00:30:45 -0800] "GET /sitebuilder/images/Nav_Bar_Main-0-inactive-79928.png HTTP/1.1" 404 89 "-" "Googlebot-Image/1.0" "www.saveaslave.com"
123.125.71.78 - - [03/Nov/2014:00:32:10 -0800] "GET /images/Lesotho_map.gif HTTP/1.1" 404 89 "http://image.baidu.com/i?ct=503316480&z=0&tn=baiduimagedetail" "Baiduspider-image+(+http://www.baidu.com/search/spider.htm)" "www.saveaslave.com"
208.115.111.70 - - [03/Nov/2014:00:47:44 -0800] "GET /robots.txt HTTP/1.1" 404 89 "-" "Mozilla/5.0 (compatible; DotBot/1.1; http://www.opensiteexplorer.org/dotbot, help@moz.com)" "saveaslave.com"
208.115.111.70 - - [03/Nov/2014:00:47:44 -0800] "GET /robots.txt HTTP/1.1" 404 89 "-" "Mozilla/5.0 (compatible; DotBot/1.1; http://www.opensiteexplorer.org/dotbot, help@moz.com)" "www.saveaslave.com"
208.115.113.86 - - [03/Nov/2014:01:15:28 -0800] "GET /mongolia.html HTTP/1.1" 404 89 "-" "Mozilla/5.0 (compatible; DotBot/1.1; http://www.opensiteexplorer.org/dotbot, help@moz.com)" "saveaslave.com"
208.115.113.86 - - [03/Nov/2014:01:15:28 -0800] "GET /stmartin HTTP/1.1" 404 89 "-" "Mozilla/5.0 (compatible; DotBot/1.1; http://www.opensiteexplorer.org/dotbot, help@moz.com)" "saveaslave.com"
208.115.113.86 - - [03/Nov/2014:01:15:28 -0800] "GET /tonga HTTP/1.1" 404 89 "-" "Mozilla/5.0 (compatible; DotBot/1.1; http://www.opensiteexplorer.org/dotbot, help@moz.com)" "saveaslave.com"
208.115.113.86 - - [03/Nov/2014:01:15:28 -0800] "GET /israel.html HTTP/1.1" 404 89 "-" "Mozilla/5.0 (compatible; DotBot/1.1; http://www.opensiteexplorer.org/dotbot, help@moz.com)" "www.saveaslave.com"
65.36.241.77 - - [03/Nov/2014:01:19:58 -0800] "HEAD / HTTP/1.1" 200 0 "-" "InternetSeer.com" "www.saveaslave.com"
180.76.6.144 - - [03/Nov/2014:01:57:17 -0800] "GET /bahamas HTTP/1.1" 200 5387 "-" "Mozilla/5.0 (compatible; Baiduspider/2.0; +http://www.baidu.com/search/spider.html)" "www.saveaslave.com"
217.69.133.219 - - [03/Nov/2014:02:07:27 -0800] "GET /robots.txt HTTP/1.1" 404 89 "-" "Mozilla/5.0 (compatible; Linux x86_64; Mail.RU_Bot/2.0; +http://go.mail.ru/help/robots)" "www.saveaslave.com"
217.69.133.216 - - [03/Nov/2014:02:08:55 -0800] "GET /montserrat.html HTTP/1.1" 404 89 "-" "Mozilla/5.0 (compatible; Linux x86_64; Mail.RU_Bot/2.0; +http://go.mail.ru/help/robots)" "www.saveaslave.com"
217.69.133.217 - - [03/Nov/2014:02:09:40 -0800] "GET /togo.html HTTP/1.1" 404 89 "-" "Mozilla/5.0 (compatible; Linux x86_64; Mail.RU_Bot/2.0; +http://go.mail.ru/help/robots)" "www.saveaslave.com"
180.76.5.69 - - [03/Nov/2014:02:12:17 -0800] "GET /costarica.html HTTP/1.1" 404 89 "-" "Mozilla/5.0 (compatible; Baiduspider/2.0; +http://www.baidu.com/search/spider.html)" "www.saveaslave.com"
68.180.228.59 - - [03/Nov/2014:02:13:00 -0800] "GET /mexico.html HTTP/1.1" 404 89 "-" "Mozilla/5.0 (compatible; Yahoo! Slurp; http://help.yahoo.com/help/us/ysearch/slurp)" "www.saveaslave.com"
66.249.69.106 - - [03/Nov/2014:02:19:53 -0800] "GET /nepal.html HTTP/1.1" 404 89 "-" "Mozilla/5.0 (compatible; Googlebot/2.1; +http://www.google.com/bot.html)" "saveaslave.com"
65.36.241.79 - - [03/Nov/2014:02:25:06 -0800] "HEAD / HTTP/1.1" 200 0 "-" "InternetSeer.com" "www.saveaslave.com"
65.36.241.77 - - [03/Nov/2014:02:25:15 -0800] "HEAD / HTTP/1.1" 200 0 "-" "InternetSeer.com" "www.saveaslave.com"
95.247.85.241 - - [03/Nov/2014:02:31:19 -0800] "GET / HTTP/1.1" 200 23399 "http://buttons-for-website.com" "Mozilla/5.0 (Windows NT 6.1; WOW64) AppleWebKit/537.36 (KHTML, like Gecko) Chrome/36.0.1985.143 Safari/537.36" "saveaslave.com"
95.247.85.241 - - [03/Nov/2014:02:31:19 -0800] "GET /css/style.css HTTP/1.1" 200 600 "http://saveaslave.com/" "Mozilla/5.0 (Windows NT 6.1; WOW64) AppleWebKit/537.36 (KHTML, like Gecko) Chrome/36.0.1985.143 Safari/537.36" "saveaslave.com"
95.247.85.241 - - [03/Nov/2014:02:31:19 -0800] "GET /images/header.png HTTP/1.1" 200 84658 "http://saveaslave.com/" "Mozilla/5.0 (Windows NT 6.1; WOW64) AppleWebKit/537.36 (KHTML, like Gecko) Chrome/36.0.1985.143 Safari/537.36" "saveaslave.com"
95.247.85.241 - - [03/Nov/2014:02:31:19 -0800] "GET /images/givebtn.png HTTP/1.1" 200 26179 "http://saveaslave.com/" "Mozilla/5.0 (Windows NT 6.1; WOW64) AppleWebKit/537.36 (KHTML, like Gecko) Chrome/36.0.1985.143 Safari/537.36" "saveaslave.com"
95.247.85.241 - - [03/Nov/2014:02:31:19 -0800] "GET /images/slaves.jpg HTTP/1.1" 200 64009 "http://saveaslave.com/" "Mozilla/5.0 (Windows NT 6.1; WOW64) AppleWebKit/537.36 (KHTML, like Gecko) Chrome/36.0.1985.143 Safari/537.36" "saveaslave.com"
207.46.13.59 - - [03/Nov/2014:02:45:47 -0800] "GET /american_samoa.html HTTP/1.1" 404 89 "-" "Mozilla/5.0 (compatible; bingbot/2.0; +http://www.bing.com/bingbot.htm)" "saveaslave.com"
208.115.111.70 - - [03/Nov/2014:02:54:46 -0800] "GET /contact/saveaslave.net/calendar/default.html HTTP/1.1" 404 89 "-" "Mozilla/5.0 (compatible; DotBot/1.1; http://www.opensiteexplorer.org/dotbot, help@moz.com)" "saveaslave.com"
208.115.111.70 - - [03/Nov/2014:02:54:46 -0800] "GET /barbuda HTTP/1.1" 404 89 "-" "Mozilla/5.0 (compatible; DotBot/1.1; http://www.opensiteexplorer.org/dotbot, help@moz.com)" "www.saveaslave.com"
208.115.111.70 - - [03/Nov/2014:02:54:46 -0800] "GET /northernmarianaislands HTTP/1.1" 404 89 "-" "Mozilla/5.0 (compatible; DotBot/1.1; http://www.opensiteexplorer.org/dotbot, help@moz.com)" "www.saveaslave.com"
180.76.5.94 - - [03/Nov/2014:03:14:20 -0800] "GET /kyrgyzstan.html HTTP/1.1" 404 89 "-" "Mozilla/5.0 (compatible; Baiduspider/2.0; +http://www.baidu.com/search/spider.html)" "www.saveaslave.com"
123.125.71.95 - - [03/Nov/2014:03:19:24 -0800] "GET /images/Israel_region.gif HTTP/1.0" 404 73 "http://image.baidu.com/i?ct=503316480&z=0&tn=baiduimagedetail" "Baiduspider-image+(+http://www.baidu.com/search/spider.htm)" "www.saveaslave.com"
217.69.133.218 - - [03/Nov/2014:03:22:09 -0800] "GET /stpierre.html HTTP/1.1" 404 89 "-" "Mozilla/5.0 (compatible; Linux x86_64; Mail.RU_Bot/2.0; +http://go.mail.ru/help/robots)" "www.saveaslave.com"
217.69.133.84 - - [03/Nov/2014:03:22:11 -0800] "GET /uae.html HTTP/1.1" 404 89 "-" "Mozilla/5.0 (compatible; Linux x86_64; Mail.RU_Bot/2.0; +http://go.mail.ru/help/robots)" "www.saveaslave.com"
65.36.241.79 - - [03/Nov/2014:03:26:02 -0800] "HEAD / HTTP/1.1" 200 0 "-" "InternetSeer.com" "www.saveaslave.com"
65.36.241.77 - - [03/Nov/2014:03:26:02 -0800] "HEAD / HTTP/1.1" 200 0 "-" "InternetSeer.com" "www.saveaslave.com"
157.55.39.37 - - [03/Nov/2014:03:36:02 -0800] "GET /robots.txt HTTP/1.1" 404 89 "-" "Mozilla/5.0 (compatible; bingbot/2.0; +http://www.bing.com/bingbot.htm)" "www.saveaslave.com"
199.21.99.206 - - [03/Nov/2014:03:42:09 -0800] "GET /robots.txt HTTP/1.1" 404 89 "-" "Mozilla/5.0 (compatible; YandexBot/3.0; +http://yandex.com/bots)" "saveaslave.com"
68.180.228.59 - - [03/Nov/2014:03:49:04 -0800] "GET /sudan HTTP/1.1" 404 89 "-" "Mozilla/5.0 (compatible; Yahoo! Slurp; http://help.yahoo.com/help/us/ysearch/slurp)" "www.saveaslave.com"
178.137.94.81 - - [03/Nov/2014:03:50:16 -0800] "GET / HTTP/1.1" 200 23399 "http://2kata.ru/" "Mozilla/4.0 (compatible; MSIE 6.0; Update a; AOL 6.0; Windows 98)" "saveaslave.com"
178.137.94.81 - - [03/Nov/2014:03:50:17 -0800] "GET / HTTP/1.1" 200 23399 "http://2kata.ru/" "Mozilla/4.0 (compatible; MSIE 6.0; Update a; AOL 6.0; Windows 98)" "saveaslave.com"
213.133.97.216 - - [03/Nov/2014:03:51:44 -0800] "HEAD / HTTP/1.1" 200 0 "-" "Mozilla/5.0 (Windows NT 6.1; rv:25.0) Gecko/20100101 Firefox/25.0" "saveaslave.com"
220.181.108.178 - - [03/Nov/2014:03:58:23 -0800] "GET /images/Iraq_flag.gif HTTP/1.1" 404 89 "http://image.baidu.com/i?ct=503316480&z=0&tn=baiduimagedetail" "Baiduspider-image+(+http://www.baidu.com/search/spider.htm)" "www.saveaslave.com"
199.21.99.206 - - [03/Nov/2014:04:11:37 -0800] "GET /images/Malta_flag.gif HTTP/1.1" 404 89 "-" "Mozilla/5.0 (compatible; YandexBot/3.0; +http://yandex.com/bots)" "saveaslave.com"
77.75.73.11 - - [03/Nov/2014:04:14:06 -0800] "GET /robots.txt HTTP/1.1" 404 89 "-" "Mozilla/5.0 (compatible; SeznamBot/3.2; +http://fulltext.sblog.cz/)" "saveaslave.com"
180.76.5.171 - - [03/Nov/2014:04:14:06 -0800] "GET /sthelena.html HTTP/1.1" 404 89 "-" "Mozilla/5.0 (compatible; Baiduspider/2.0; +http://www.baidu.com/search/spider.html)" "www.saveaslave.com"
77.75.73.11 - - [03/Nov/2014:04:14:07 -0800] "GET /pixel.gif HTTP/1.1" 404 89 "-" "Mozilla/5.0 (compatible; SeznamBot/3.2; +http://fulltext.sblog.cz/)" "saveaslave.com"
217.69.133.67 - - [03/Nov/2014:04:14:19 -0800] "GET /robots.txt HTTP/1.1" 404 89 "-" "Mozilla/5.0 (compatible; Linux x86_64; Mail.RU_Bot/2.0; +http://go.mail.ru/help/robots)" "www.saveaslave.com"
79.169.93.100 - - [03/Nov/2014:04:23:23 -0800] "GET / HTTP/1.1" 200 23399 "http://semalt.semalt.com/crawler.php?u=http://saveaslave.com" "Mozilla/5.0 (Windows NT 6.1; WOW64) AppleWebKit/537.36 (KHTML, like Gecko) Chrome/35.0.1916.153 Safari/537.36" "saveaslave.com"
79.169.93.100 - - [03/Nov/2014:04:23:23 -0800] "GET /css/style.css HTTP/1.1" 200 600 "http://saveaslave.com/" "Mozilla/5.0 (Windows NT 6.1; WOW64) AppleWebKit/537.36 (KHTML, like Gecko) Chrome/35.0.1916.153 Safari/537.36" "saveaslave.com"
79.169.93.100 - - [03/Nov/2014:04:23:23 -0800] "GET /images/header.png HTTP/1.1" 200 84658 "http://saveaslave.com/" "Mozilla/5.0 (Windows NT 6.1; WOW64) AppleWebKit/537.36 (KHTML, like Gecko) Chrome/35.0.1916.153 Safari/537.36" "saveaslave.com"
79.169.93.100 - - [03/Nov/2014:04:23:23 -0800] "GET /images/givebtn.png HTTP/1.1" 200 26179 "http://saveaslave.com/" "Mozilla/5.0 (Windows NT 6.1; WOW64) AppleWebKit/537.36 (KHTML, like Gecko) Chrome/35.0.1916.153 Safari/537.36" "saveaslave.com"
79.169.93.100 - - [03/Nov/2014:04:23:24 -0800] "GET /images/slaves.jpg HTTP/1.1" 200 64009 "http://saveaslave.com/" "Mozilla/5.0 (Windows NT 6.1; WOW64) AppleWebKit/537.36 (KHTML, like Gecko) Chrome/35.0.1916.153 Safari/537.36" "saveaslave.com"
65.36.241.77 - - [03/Nov/2014:04:26:54 -0800] "HEAD / HTTP/1.1" 200 0 "-" "InternetSeer.com" "www.saveaslave.com"
123.125.71.90 - - [03/Nov/2014:04:42:00 -0800] "GET /images/Ethiopia_map.gif HTTP/1.1" 404 89 "http://image.baidu.com/i?ct=503316480&z=0&tn=baiduimagedetail" "Baiduspider-image+(+http://www.baidu.com/search/spider.htm)" "www.saveaslave.com"
123.125.71.38 - - [03/Nov/2014:04:44:43 -0800] "GET /resources.html HTTP/1.1" 200 14479 "-" "Mozilla/5.0 (compatible; Baiduspider/2.0; +http://www.baidu.com/search/spider.html)" "www.saveaslave.com"
208.115.111.70 - - [03/Nov/2014:04:44:44 -0800] "GET /robots.txt HTTP/1.1" 404 89 "-" "Mozilla/5.0 (compatible; DotBot/1.1; http://www.opensiteexplorer.org/dotbot, help@moz.com)" "saveaslave.com"
208.115.111.70 - - [03/Nov/2014:04:44:44 -0800] "GET /robots.txt HTTP/1.1" 404 89 "-" "Mozilla/5.0 (compatible; DotBot/1.1; http://www.opensiteexplorer.org/dotbot, help@moz.com)" "www.saveaslave.com"
217.69.133.85 - - [03/Nov/2014:04:47:33 -0800] "GET /iraq.html HTTP/1.1" 404 89 "-" "Mozilla/5.0 (compatible; Linux x86_64; Mail.RU_Bot/2.0; +http://go.mail.ru/help/robots)" "www.saveaslave.com"
117.200.28.154 - - [03/Nov/2014:04:48:32 -0800] "GET / HTTP/1.1" 200 23399 "http://www.ohchr.org/EN/Issues/Slavery/UNVTFCFS/Pages/SlaveryList.aspx" "Mozilla/5.0 (Windows NT 6.1) AppleWebKit/537.36 (KHTML, like Gecko) Chrome/39.0.2150.5 Safari/537.36" "www.saveaslave.com"
117.200.28.154 - - [03/Nov/2014:04:48:32 -0800] "GET /css/style.css HTTP/1.1" 200 600 "http://www.saveaslave.com/" "Mozilla/5.0 (Windows NT 6.1) AppleWebKit/537.36 (KHTML, like Gecko) Chrome/39.0.2150.5 Safari/537.36" "www.saveaslave.com"
117.200.28.154 - - [03/Nov/2014:04:48:33 -0800] "GET /images/header.png HTTP/1.1" 200 84658 "http://www.saveaslave.com/" "Mozilla/5.0 (Windows NT 6.1) AppleWebKit/537.36 (KHTML, like Gecko) Chrome/39.0.2150.5 Safari/537.36" "www.saveaslave.com"
117.200.28.154 - - [03/Nov/2014:04:48:33 -0800] "GET /images/slaves.jpg HTTP/1.1" 200 64009 "http://www.saveaslave.com/" "Mozilla/5.0 (Windows NT 6.1) AppleWebKit/537.36 (KHTML, like Gecko) Chrome/39.0.2150.5 Safari/537.36" "www.saveaslave.com"
117.200.28.154 - - [03/Nov/2014:04:48:41 -0800] "GET /favicon.ico HTTP/1.1" 404 89 "-" "Mozilla/5.0 (Windows NT 6.1) AppleWebKit/537.36 (KHTML, like Gecko) Chrome/39.0.2150.5 Safari/537.36" "www.saveaslave.com"
23.23.242.178 - - [03/Nov/2014:04:53:49 -0800] "GET /swaziland.html HTTP/1.1" 404 89 "-" "Mozilla/5.0 (Windows; U; Windows NT 5.1; en-US; rv:1.9.2.8) Gecko/20100722 Firefox/3.6.8" "saveaslave.com"
66.249.69.183 - - [03/Nov/2014:04:53:51 -0800] "GET /swaziland HTTP/1.1" 404 89 "-" "Mozilla/5.0 (compatible; Googlebot/2.1; +http://www.google.com/bot.html)" "www.saveaslave.com"
91.200.12.75 - - [03/Nov/2014:05:10:12 -0800] "GET /admin/fckeditor/editor/filemanager/browser/default/connectors/test.html HTTP/1.1" 404 89 "http://saveaslave.com/admin/fckeditor/editor/filemanager/browser/default/connectors/test.html" "Mozilla/4.0 (compatible; MSIE 6.0; Windows NT 5.1; SV1; .NET CLR 2.0.50727)" "saveaslave.com"
77.154.164.32 - - [03/Nov/2014:05:13:04 -0800] "GET /images/Malaysia_region.gif HTTP/1.1" 404 89 "-" "Mozilla/5.0 (iPad; CPU OS 8_0_2 like Mac OS X) AppleWebKit/537.51.2 (KHTML, like Gecko) GSA/4.2.2.38484 Mobile/12A405 Safari/9537.53" "www.saveaslave.com"
77.154.164.32 - - [03/Nov/2014:05:13:44 -0800] "GET /images/Malaysia_region.gif HTTP/1.1" 404 89 "-" "Mozilla/5.0 (iPad; CPU OS 8_0_2 like Mac OS X) AppleWebKit/537.51.2 (KHTML, like Gecko) GSA/4.2.2.38484 Mobile/12A405 Safari/9537.53" "www.saveaslave.com"
65.36.241.79 - - [03/Nov/2014:05:27:39 -0800] "HEAD / HTTP/1.1" 200 0 "-" "InternetSeer.com" "www.saveaslave.com"
208.115.113.86 - - [03/Nov/2014:05:28:43 -0800] "GET /stkitts.html HTTP/1.1" 404 89 "-" "Mozilla/5.0 (compatible; DotBot/1.1; http://www.opensiteexplorer.org/dotbot, help@moz.com)" "saveaslave.com"
193.189.116.68 - - [03/Nov/2014:05:36:52 -0800] "GET / HTTP/1.0" 200 23399 "http://www.saveaslave.com/" "Mozilla/5.0 (Windows NT 6.1; WOW64) AppleWebKit/537.36 (KHTML, like Gecko) Chrome/36.0.1985.143 Safari/537.36 OPR/23.0.1522.77 (Edition Campaign 37)" "www.saveaslave.com"
217.69.133.67 - - [03/Nov/2014:05:47:28 -0800] "GET /robots.txt HTTP/1.1" 404 89 "-" "Mozilla/5.0 (compatible; Linux x86_64; Mail.RU_Bot/2.0; +http://go.mail.ru/help/robots)" "www.saveaslave.com"
220.181.108.99 - - [03/Nov/2014:05:48:00 -0800] "GET /images/Dijbouti_flag.gif HTTP/1.1" 404 89 "http://image.baidu.com/i?ct=503316480&z=0&tn=baiduimagedetail" "Baiduspider-image+(+http://www.baidu.com/search/spider.htm)" "www.saveaslave.com"
199.15.233.175 - - [03/Nov/2014:05:52:58 -0800] "GET / HTTP/1.1" 200 23399 "http://saveaslave.com/" "Mozilla/5.0 (Windows NT 6.1; WOW64) AppleWebKit/537.36 (KHTML, like Gecko) Chrome/35.0.1916.153 YaBrowser/14.7.1916.15705 Safari/537.36" "saveaslave.com"
123.125.71.100 - - [03/Nov/2014:06:24:11 -0800] "GET /images/Congo_flag.gif HTTP/1.1" 404 89 "http://image.baidu.com/i?ct=503316480&z=0&tn=baiduimagedetail" "Baiduspider-image+(+http://www.baidu.com/search/spider.htm)" "www.saveaslave.com"
65.36.241.79 - - [03/Nov/2014:06:28:25 -0800] "HEAD / HTTP/1.1" 200 0 "-" "InternetSeer.com" "www.saveaslave.com"
112.203.169.42 - - [03/Nov/2014:06:30:17 -0800] "GET /section/wp-login.php HTTP/1.1" 404 89 "-" "Mozilla/5.0 (Windows NT 6.1; WOW64; Trident/7.0; rv:11.0) like Gecko" "saveaslave.com"
112.203.169.42 - - [03/Nov/2014:06:30:18 -0800] "GET /site/wp-login.php HTTP/1.1" 404 89 "-" "Mozilla/5.0 (Windows NT 6.1; WOW64; Trident/7.0; rv:11.0) like Gecko" "saveaslave.com"
112.203.169.42 - - [03/Nov/2014:06:30:19 -0800] "GET /blog/wp-login.php HTTP/1.1" 404 89 "-" "Mozilla/5.0 (Windows NT 6.1; WOW64; Trident/7.0; rv:11.0) like Gecko" "saveaslave.com"
112.203.169.42 - - [03/Nov/2014:06:30:23 -0800] "GET /administrator/index.php HTTP/1.1" 404 89 "-" "Mozilla/5.0 (Windows NT 6.1; WOW64; Trident/7.0; rv:11.0) like Gecko" "saveaslave.com"
217.69.133.215 - - [03/Nov/2014:06:39:53 -0800] "GET /botswana.html HTTP/1.1" 200 5414 "-" "Mozilla/5.0 (compatible; Linux x86_64; Mail.RU_Bot/2.0; +http://go.mail.ru/help/robots)" "www.saveaslave.com"
217.69.133.215 - - [03/Nov/2014:06:41:44 -0800] "GET /tajikistan.html HTTP/1.1" 404 89 "-" "Mozilla/5.0 (compatible; Linux x86_64; Mail.RU_Bot/2.0; +http://go.mail.ru/help/robots)" "www.saveaslave.com"
66.249.69.199 - - [03/Nov/2014:06:43:58 -0800] "GET /images/countrymap/burma-flag.jpg HTTP/1.1" 200 1739 "-" "Googlebot-Image/1.0" "www.saveaslave.com"
66.249.69.199 - - [03/Nov/2014:06:43:58 -0800] "GET /images/countrymap/australia-flag.gif HTTP/1.1" 200 2734 "-" "Googlebot-Image/1.0" "www.saveaslave.com"
66.249.69.183 - - [03/Nov/2014:06:44:29 -0800] "GET /sitebuilder/images/Nav_Bar_Main-1-inactive-80053.png HTTP/1.1" 404 89 "-" "Googlebot-Image/1.0" "www.saveaslave.com"
207.46.13.59 - - [03/Nov/2014:07:01:04 -0800] "GET /contact/default.html HTTP/1.1" 404 89 "-" "Mozilla/5.0 (compatible; bingbot/2.0; +http://www.bing.com/bingbot.htm)" "www.saveaslave.com"
65.36.241.79 - - [03/Nov/2014:07:29:18 -0800] "HEAD / HTTP/1.1" 200 0 "-" "InternetSeer.com" "www.saveaslave.com"
65.36.241.77 - - [03/Nov/2014:07:29:19 -0800] "HEAD / HTTP/1.1" 200 0 "-" "InternetSeer.com" "www.saveaslave.com"
217.69.133.67 - - [03/Nov/2014:07:55:09 -0800] "GET /ethiopia.html HTTP/1.1" 404 89 "-" "Mozilla/5.0 (compatible; Linux x86_64; Mail.RU_Bot/2.0; +http://go.mail.ru/help/robots)" "www.saveaslave.com"
208.115.111.70 - - [03/Nov/2014:08:45:49 -0800] "GET /robots.txt HTTP/1.1" 404 89 "-" "Mozilla/5.0 (compatible; DotBot/1.1; http://www.opensiteexplorer.org/dotbot, help@moz.com)" "www.saveaslave.com"
66.249.69.122 - - [03/Nov/2014:08:58:12 -0800] "GET /Albania.html?menu=Korea,_Republic_of.html HTTP/1.1" 404 89 "-" "Mozilla/5.0 (compatible; Googlebot/2.1; +http://www.google.com/bot.html)" "saveaslave.com"
217.69.133.84 - - [03/Nov/2014:08:58:50 -0800] "GET /robots.txt HTTP/1.1" 404 89 "-" "Mozilla/5.0 (compatible; Linux x86_64; Mail.RU_Bot/2.0; +http://go.mail.ru/help/robots)" "www.saveaslave.com"
37.139.52.23 - - [03/Nov/2014:09:18:44 -0800] "GET / HTTP/1.1" 200 23399 "http://family-agreement.ru/" "Mozilla/4.0 (compatible; MSIE 6.0; America Online Browser 1.1; rev1.2; Windows NT 5.1; SV1; .NET CLR 1.1.4322)" "www.saveaslave.com"
37.139.52.23 - - [03/Nov/2014:09:18:45 -0800] "GET / HTTP/1.1" 200 23399 "http://family-agreement.ru/" "Mozilla/4.0 (compatible; MSIE 6.0; America Online Browser 1.1; rev1.2; Windows NT 5.1; SV1; .NET CLR 1.1.4322)" "www.saveaslave.com"
37.139.52.23 - - [03/Nov/2014:09:18:47 -0800] "GET / HTTP/1.1" 200 23399 "http://family-agreement.ru/" "Mozilla/4.0 (compatible; MSIE 6.0; America Online Browser 1.1; rev1.2; Windows NT 5.1; SV1; .NET CLR 1.1.4322)" "www.saveaslave.com"
175.44.7.210 - - [03/Nov/2014:09:27:22 -0800] "GET /FCKeditor/editor/filemanager/connectors/uploadtest.html.html HTTP/1.1" 404 89 "-" "Mozilla/4.0 (compatible; MSIE 6.0; Windows NT 5.1; SV1; TencentTraveler ; Mozilla/4.0 (compatible; MSIE 6.0; Windows NT 5.1; SV1) ; .NET CLR 2.0.50727)" "saveaslave.com"
178.255.215.77 - - [03/Nov/2014:09:34:23 -0800] "GET /robots.txt HTTP/1.1" 404 89 "-" "Mozilla/5.0 (compatible; Exabot/3.0; +http://www.exabot.com/go/robot)" "saveaslave.com"
65.36.241.77 - - [03/Nov/2014:09:41:00 -0800] "HEAD / HTTP/1.1" 200 0 "-" "InternetSeer.com" "www.saveaslave.com"
158.85.94.4 - - [03/Nov/2014:09:51:02 -0800] "GET /timor-leste.html HTTP/1.1" 200 5460 "-" "Mozilla/5.0 (compatible; SiteExplorer/1.0b; +http://siteexplorer.info/)" "www.saveaslave.com"
158.85.94.4 - - [03/Nov/2014:09:51:11 -0800] "GET /republic-of-congo.html HTTP/1.1" 200 5519 "-" "Mozilla/5.0 (compatible; SiteExplorer/1.0b; +http://siteexplorer.info/)" "www.saveaslave.com"
158.85.94.4 - - [03/Nov/2014:09:51:21 -0800] "GET /east-timor.html HTTP/1.1" 200 5460 "-" "Mozilla/5.0 (compatible; SiteExplorer/1.0b; +http://siteexplorer.info/)" "www.saveaslave.com"
158.85.94.4 - - [03/Nov/2014:09:51:30 -0800] "GET /dominica.html HTTP/1.1" 200 5414 "-" "Mozilla/5.0 (compatible; SiteExplorer/1.0b; +http://siteexplorer.info/)" "www.saveaslave.com"
158.85.94.4 - - [03/Nov/2014:09:51:40 -0800] "GET /denmark.html HTTP/1.1" 200 5405 "-" "Mozilla/5.0 (compatible; SiteExplorer/1.0b; +http://siteexplorer.info/)" "www.saveaslave.com"
158.85.94.4 - - [03/Nov/2014:09:51:44 -0800] "GET /democratic-republic-of-congo.html HTTP/1.1" 200 5592 "-" "Mozilla/5.0 (compatible; SiteExplorer/1.0b; +http://siteexplorer.info/)" "www.saveaslave.com"
158.85.94.4 - - [03/Nov/2014:09:51:49 -0800] "GET /czech-republic.html HTTP/1.1" 200 5484 "-" "Mozilla/5.0 (compatible; SiteExplorer/1.0b; +http://siteexplorer.info/)" "www.saveaslave.com"
158.85.94.4 - - [03/Nov/2014:09:51:54 -0800] "GET /cyprus.html HTTP/1.1" 200 5396 "-" "Mozilla/5.0 (compatible; SiteExplorer/1.0b; +http://siteexplorer.info/)" "www.saveaslave.com"
158.85.94.4 - - [03/Nov/2014:09:52:03 -0800] "GET /cuba.html HTTP/1.1" 200 5373 "-" "Mozilla/5.0 (compatible; SiteExplorer/1.0b; +http://siteexplorer.info/)" "www.saveaslave.com"
158.85.94.4 - - [03/Nov/2014:09:52:08 -0800] "GET /croatia.html HTTP/1.1" 200 5405 "-" "Mozilla/5.0 (compatible; SiteExplorer/1.0b; +http://siteexplorer.info/)" "www.saveaslave.com"
158.85.94.4 - - [03/Nov/2014:09:52:13 -0800] "GET /cote-d-ivoire.html HTTP/1.1" 200 5475 "-" "Mozilla/5.0 (compatible; SiteExplorer/1.0b; +http://siteexplorer.info/)" "www.saveaslave.com"
158.85.94.4 - - [03/Nov/2014:09:52:23 -0800] "GET /comoros.html HTTP/1.1" 200 5413 "-" "Mozilla/5.0 (compatible; SiteExplorer/1.0b; +http://siteexplorer.info/)" "www.saveaslave.com"
158.85.94.4 - - [03/Nov/2014:09:52:32 -0800] "GET /china.html HTTP/1.1" 200 5411 "-" "Mozilla/5.0 (compatible; SiteExplorer/1.0b; +http://siteexplorer.info/)" "www.saveaslave.com"
158.85.94.4 - - [03/Nov/2014:09:52:42 -0800] "GET /chad.html HTTP/1.1" 200 5386 "-" "Mozilla/5.0 (compatible; SiteExplorer/1.0b; +http://siteexplorer.info/)" "www.saveaslave.com"
158.85.94.4 - - [03/Nov/2014:09:52:47 -0800] "GET /central-african-republic.html HTTP/1.1" 200 5582 "-" "Mozilla/5.0 (compatible; SiteExplorer/1.0b; +http://siteexplorer.info/)" "www.saveaslave.com"
158.85.94.4 - - [03/Nov/2014:09:52:56 -0800] "GET /canada.html HTTP/1.1" 200 5396 "-" "Mozilla/5.0 (compatible; SiteExplorer/1.0b; +http://siteexplorer.info/)" "www.saveaslave.com"
158.85.94.4 - - [03/Nov/2014:09:53:15 -0800] "GET /burma.html HTTP/1.1" 200 5387 "-" "Mozilla/5.0 (compatible; SiteExplorer/1.0b; +http://siteexplorer.info/)" "www.saveaslave.com"
158.85.94.4 - - [03/Nov/2014:09:53:20 -0800] "GET /burkina-faso.html HTTP/1.1" 200 5450 "-" "Mozilla/5.0 (compatible; SiteExplorer/1.0b; +http://siteexplorer.info/)" "www.saveaslave.com"
158.85.94.4 - - [03/Nov/2014:09:53:25 -0800] "GET /bulgaria.html HTTP/1.1" 200 5414 "-" "Mozilla/5.0 (compatible; SiteExplorer/1.0b; +http://siteexplorer.info/)" "www.saveaslave.com"
158.85.94.4 - - [03/Nov/2014:09:53:29 -0800] "GET /brunei.html HTTP/1.1" 200 5396 "-" "Mozilla/5.0 (compatible; SiteExplorer/1.0b; +http://siteexplorer.info/)" "www.saveaslave.com"
158.85.94.4 - - [03/Nov/2014:09:53:39 -0800] "GET /botswana.html HTTP/1.1" 200 5414 "-" "Mozilla/5.0 (compatible; SiteExplorer/1.0b; +http://siteexplorer.info/)" "www.saveaslave.com"
158.85.94.4 - - [03/Nov/2014:09:53:53 -0800] "GET /bhutan.html HTTP/1.1" 200 5396 "-" "Mozilla/5.0 (compatible; SiteExplorer/1.0b; +http://siteexplorer.info/)" "www.saveaslave.com"
158.85.94.4 - - [03/Nov/2014:09:53:58 -0800] "GET /benin.html HTTP/1.1" 200 5387 "-" "Mozilla/5.0 (compatible; SiteExplorer/1.0b; +http://siteexplorer.info/)" "www.saveaslave.com"
158.85.94.4 - - [03/Nov/2014:09:54:13 -0800] "GET /belarus.html HTTP/1.1" 200 5417 "-" "Mozilla/5.0 (compatible; SiteExplorer/1.0b; +http://siteexplorer.info/)" "www.saveaslave.com"
158.85.94.4 - - [03/Nov/2014:09:54:28 -0800] "GET /bahrain.html HTTP/1.1" 200 5404 "-" "Mozilla/5.0 (compatible; SiteExplorer/1.0b; +http://siteexplorer.info/)" "www.saveaslave.com"
158.85.94.4 - - [03/Nov/2014:09:54:37 -0800] "GET /azerbaijan.html HTTP/1.1" 200 5411 "-" "Mozilla/5.0 (compatible; SiteExplorer/1.0b; +http://siteexplorer.info/)" "www.saveaslave.com"
158.85.94.4 - - [03/Nov/2014:09:54:42 -0800] "GET /austria.html HTTP/1.1" 200 5382 "-" "Mozilla/5.0 (compatible; SiteExplorer/1.0b; +http://siteexplorer.info/)" "www.saveaslave.com"
158.85.94.4 - - [03/Nov/2014:09:54:46 -0800] "GET /australia.html HTTP/1.1" 200 5404 "-" "Mozilla/5.0 (compatible; SiteExplorer/1.0b; +http://siteexplorer.info/)" "www.saveaslave.com"
158.85.94.4 - - [03/Nov/2014:09:54:56 -0800] "GET /armenia.html HTTP/1.1" 200 5385 "-" "Mozilla/5.0 (compatible; SiteExplorer/1.0b; +http://siteexplorer.info/)" "www.saveaslave.com"
158.85.94.4 - - [03/Nov/2014:09:55:01 -0800] "GET /argentina.html HTTP/1.1" 200 5404 "-" "Mozilla/5.0 (compatible; SiteExplorer/1.0b; +http://siteexplorer.info/)" "www.saveaslave.com"
