37.59.55.128 - - [05/Apr/2015:20:21:52 -0700] "GET /uruguay.html HTTP/1.1" 200 5471 "-" "Mozilla/5.0 (Windows; U; Windows NT 6.1; en-US) AppleWebKit/534.17 (KHTML, like Gecko) Chrome/10.0.649.0 Safari/534.17" "www.saveaslave.com"
37.59.55.128 - - [05/Apr/2015:20:21:54 -0700] "GET /uzbekistan.html HTTP/1.1" 200 5498 "-" "Mozilla/5.0 (Windows; U; Windows NT 6.1; en-US) AppleWebKit/534.17 (KHTML, like Gecko) Chrome/10.0.649.0 Safari/534.17" "www.saveaslave.com"
37.59.55.128 - - [05/Apr/2015:20:21:58 -0700] "GET /venezuela.html HTTP/1.1" 200 5489 "-" "Mozilla/5.0 (Windows; U; Windows NT 6.1; en-US) AppleWebKit/534.17 (KHTML, like Gecko) Chrome/10.0.649.0 Safari/534.17" "www.saveaslave.com"
37.59.55.128 - - [05/Apr/2015:20:22:00 -0700] "GET /vietnam.html HTTP/1.1" 200 5471 "-" "Mozilla/5.0 (Windows; U; Windows NT 6.1; en-US) AppleWebKit/534.17 (KHTML, like Gecko) Chrome/10.0.649.0 Safari/534.17" "www.saveaslave.com"
37.59.55.128 - - [05/Apr/2015:20:22:02 -0700] "GET /wake-island.html HTTP/1.1" 200 5507 "-" "Mozilla/5.0 (Windows; U; Windows NT 6.1; en-US) AppleWebKit/534.17 (KHTML, like Gecko) Chrome/10.0.649.0 Safari/534.17" "www.saveaslave.com"
37.59.55.128 - - [05/Apr/2015:20:22:04 -0700] "GET /wallis-and-futuna.html HTTP/1.1" 200 5541 "-" "Mozilla/5.0 (Windows; U; Windows NT 6.1; en-US) AppleWebKit/534.17 (KHTML, like Gecko) Chrome/10.0.649.0 Safari/534.17" "www.saveaslave.com"
37.59.55.128 - - [05/Apr/2015:20:22:07 -0700] "GET /west-bank.html HTTP/1.1" 200 5732 "-" "Mozilla/5.0 (Windows; U; Windows NT 6.1; en-US) AppleWebKit/534.17 (KHTML, like Gecko) Chrome/10.0.649.0 Safari/534.17" "www.saveaslave.com"
37.59.55.128 - - [05/Apr/2015:20:22:09 -0700] "GET /western-sahara.html HTTP/1.1" 200 5534 "-" "Mozilla/5.0 (Windows; U; Windows NT 6.1; en-US) AppleWebKit/534.17 (KHTML, like Gecko) Chrome/10.0.649.0 Safari/534.17" "www.saveaslave.com"
37.59.55.128 - - [05/Apr/2015:20:22:11 -0700] "GET /yemen.html HTTP/1.1" 200 5453 "-" "Mozilla/5.0 (Windows; U; Windows NT 6.1; en-US) AppleWebKit/534.17 (KHTML, like Gecko) Chrome/10.0.649.0 Safari/534.17" "www.saveaslave.com"
37.59.55.128 - - [05/Apr/2015:20:22:13 -0700] "GET /zambia.html HTTP/1.1" 200 5462 "-" "Mozilla/5.0 (Windows; U; Windows NT 6.1; en-US) AppleWebKit/534.17 (KHTML, like Gecko) Chrome/10.0.649.0 Safari/534.17" "www.saveaslave.com"
37.59.55.128 - - [05/Apr/2015:20:22:15 -0700] "GET /zimbabwe.html HTTP/1.1" 200 5480 "-" "Mozilla/5.0 (Windows; U; Windows NT 6.1; en-US) AppleWebKit/534.17 (KHTML, like Gecko) Chrome/10.0.649.0 Safari/534.17" "www.saveaslave.com"
37.59.55.128 - - [05/Apr/2015:20:22:17 -0700] "GET /www.unicef.org HTTP/1.1" 404 89 "-" "Mozilla/5.0 (Windows; U; Windows NT 6.1; en-US) AppleWebKit/534.17 (KHTML, like Gecko) Chrome/10.0.649.0 Safari/534.17" "www.saveaslave.com"
37.59.55.128 - - [05/Apr/2015:20:22:17 -0700] "GET /disclaimer.html HTTP/1.1" 200 4134 "-" "Mozilla/5.0 (Windows; U; Windows NT 6.1; en-US) AppleWebKit/534.17 (KHTML, like Gecko) Chrome/10.0.649.0 Safari/534.17" "www.saveaslave.com"
188.165.15.97 - - [05/Apr/2015:20:25:41 -0700] "GET /whoweare.html HTTP/1.1" 200 11993 "-" "Mozilla/5.0 (compatible; AhrefsBot/5.0; +http://ahrefs.com/robot/)" "www.saveaslave.com"
72.168.96.123 - - [05/Apr/2015:20:34:11 -0700] "GET /ukraine.html HTTP/1.1" 200 5471 "http://www.saveaslave.com/" "Mozilla/5.0 (Windows NT 6.1; WOW64; Trident/7.0; rv:11.0) like Gecko" "www.saveaslave.com"
72.168.96.123 - - [05/Apr/2015:20:34:11 -0700] "GET /images/givebtn.png HTTP/1.1" 200 26179 "http://www.saveaslave.com/ukraine.html" "Mozilla/5.0 (Windows NT 6.1; WOW64; Trident/7.0; rv:11.0) like Gecko" "www.saveaslave.com"
72.168.96.123 - - [05/Apr/2015:20:34:11 -0700] "GET /images/header.png HTTP/1.1" 200 84658 "http://www.saveaslave.com/ukraine.html" "Mozilla/5.0 (Windows NT 6.1; WOW64; Trident/7.0; rv:11.0) like Gecko" "www.saveaslave.com"
72.168.96.123 - - [05/Apr/2015:20:34:11 -0700] "GET /images/countrymap/ukraine-flag.jpg HTTP/1.1" 200 1661 "http://www.saveaslave.com/ukraine.html" "Mozilla/5.0 (Windows NT 6.1; WOW64; Trident/7.0; rv:11.0) like Gecko" "www.saveaslave.com"
72.168.96.123 - - [05/Apr/2015:20:34:11 -0700] "GET /images/countrymap/ukraine.jpg HTTP/1.1" 200 35935 "http://www.saveaslave.com/ukraine.html" "Mozilla/5.0 (Windows NT 6.1; WOW64; Trident/7.0; rv:11.0) like Gecko" "www.saveaslave.com"
72.168.96.123 - - [05/Apr/2015:20:35:05 -0700] "GET /jquery-1.3.2.min.js HTTP/1.1" 200 57254 "http://www.saveaslave.com/" "Mozilla/5.0 (Windows NT 6.1; WOW64; Trident/7.0; rv:11.0) like Gecko" "www.saveaslave.com"
72.168.96.123 - - [05/Apr/2015:20:35:05 -0700] "GET /jquery.marquee.js HTTP/1.1" 200 6560 "http://www.saveaslave.com/" "Mozilla/5.0 (Windows NT 6.1; WOW64; Trident/7.0; rv:11.0) like Gecko" "www.saveaslave.com"
207.46.13.25 - - [05/Apr/2015:20:45:33 -0700] "GET /kazakhstan HTTP/1.1" 200 5711 "-" "Mozilla/5.0 (compatible; bingbot/2.0; +http://www.bing.com/bingbot.htm)" "www.saveaslave.com"
65.36.241.48 - - [05/Apr/2015:20:47:18 -0700] "HEAD / HTTP/1.1" 200 0 "-" "InternetSeer.com" "www.saveaslave.com"
207.46.13.41 - - [05/Apr/2015:20:54:21 -0700] "GET / HTTP/1.1" 200 24277 "-" "msnbot-media/1.1 (+http://search.msn.com/msnbot.htm)" "www.saveaslave.com"
188.165.15.97 - - [05/Apr/2015:21:02:01 -0700] "GET /suriname.html HTTP/1.1" 200 5480 "-" "Mozilla/5.0 (compatible; AhrefsBot/5.0; +http://ahrefs.com/robot/)" "www.saveaslave.com"
207.46.13.43 - - [05/Apr/2015:21:15:19 -0700] "GET /cuba HTTP/1.1" 200 5628 "-" "Mozilla/5.0 (compatible; bingbot/2.0; +http://www.bing.com/bingbot.htm)" "www.saveaslave.com"
188.165.15.97 - - [05/Apr/2015:21:15:32 -0700] "GET / HTTP/1.1" 200 24277 "-" "Mozilla/5.0 (compatible; AhrefsBot/5.0; +http://ahrefs.com/robot/)" "www.saveaslave.com"
54.146.147.51 - - [05/Apr/2015:21:26:11 -0700] "GET /css/style.css HTTP/1.1" 200 1400 "http://www.saveaslave.com/" "Mozilla/5.0 (Linux; U; Android 4.0.3; en-us; KFTT Build/IML74K) AppleWebKit/537.36 (KHTML, like Gecko) Silk/3.48 like Chrome/39.0.2171.93 Safari/537.36" "www.saveaslave.com"
54.146.147.51 - - [05/Apr/2015:21:26:11 -0700] "GET /images/sas_button.gif HTTP/1.1" 200 2628 "http://www.saveaslave.com/" "Mozilla/5.0 (Linux; U; Android 4.0.3; en-us; KFTT Build/IML74K) AppleWebKit/537.36 (KHTML, like Gecko) Silk/3.48 like Chrome/39.0.2171.93 Safari/537.36" "www.saveaslave.com"
54.146.147.51 - - [05/Apr/2015:21:26:14 -0700] "GET /favicon.ico HTTP/1.1" 404 89 "-" "Mozilla/5.0 (Linux; U; Android 4.0.3; en-us; KFTT Build/IML74K) AppleWebKit/537.36 (KHTML, like Gecko) Silk/3.48 like Chrome/39.0.2171.93 Safari/537.36" "www.saveaslave.com"
141.161.13.109 - - [05/Apr/2015:21:45:23 -0700] "GET /guyana.html HTTP/1.1" 200 5675 "-" "Java/1.8.0_40" "www.saveaslave.com"
141.161.13.109 - - [05/Apr/2015:21:45:25 -0700] "GET /ireland.html HTTP/1.1" 200 5684 "-" "Java/1.8.0_40" "www.saveaslave.com"
141.161.13.109 - - [05/Apr/2015:21:45:27 -0700] "GET /jamaica.html HTTP/1.1" 200 5684 "-" "Java/1.8.0_40" "www.saveaslave.com"
141.161.13.109 - - [05/Apr/2015:21:46:13 -0700] "GET /chile.html HTTP/1.1" 200 5650 "-" "Java/1.8.0_40" "www.saveaslave.com"
141.161.13.109 - - [05/Apr/2015:21:46:31 -0700] "GET /bangladesh.html HTTP/1.1" 200 5664 "-" "Java/1.8.0_40" "www.saveaslave.com"
141.161.13.109 - - [05/Apr/2015:21:46:32 -0700] "GET /belize.html HTTP/1.1" 200 5643 "-" "Java/1.8.0_40" "www.saveaslave.com"
141.161.13.109 - - [05/Apr/2015:21:46:33 -0700] "GET /qatar.html HTTP/1.1" 200 5446 "-" "Java/1.8.0_40" "www.saveaslave.com"
141.161.13.109 - - [05/Apr/2015:21:46:34 -0700] "GET /burkina-faso.html HTTP/1.1" 200 5702 "-" "Java/1.8.0_40" "www.saveaslave.com"
141.161.13.109 - - [05/Apr/2015:21:46:46 -0700] "GET /taiwan.html HTTP/1.1" 200 5677 "-" "Java/1.8.0_40" "www.saveaslave.com"
141.161.13.109 - - [05/Apr/2015:21:46:53 -0700] "GET /finland.html HTTP/1.1" 200 6902 "-" "Java/1.8.0_40" "www.saveaslave.com"
141.161.13.109 - - [05/Apr/2015:21:46:57 -0700] "GET /samoa.html HTTP/1.1" 200 5446 "-" "Java/1.8.0_40" "www.saveaslave.com"
141.161.13.109 - - [05/Apr/2015:21:47:11 -0700] "GET /china.html HTTP/1.1" 200 5666 "-" "Java/1.8.0_40" "www.saveaslave.com"
141.161.13.109 - - [05/Apr/2015:21:47:25 -0700] "GET /macedonia.html HTTP/1.1" 200 5701 "-" "Java/1.8.0_40" "www.saveaslave.com"
141.161.13.109 - - [05/Apr/2015:21:47:29 -0700] "GET /cameroon.html HTTP/1.1" 200 5666 "-" "Java/1.8.0_40" "www.saveaslave.com"
141.161.13.109 - - [05/Apr/2015:21:47:33 -0700] "GET /azkaban.html HTTP/1.1" 200 12664 "-" "Java/1.8.0_40" "www.saveaslave.com"
141.161.13.109 - - [05/Apr/2015:21:47:34 -0700] "GET /pakistan.html HTTP/1.1" 200 5637 "-" "Java/1.8.0_40" "www.saveaslave.com"
141.161.13.109 - - [05/Apr/2015:21:47:34 -0700] "GET /whoweare.html HTTP/1.1" 200 11993 "-" "Java/1.8.0_40" "www.saveaslave.com"
141.161.13.109 - - [05/Apr/2015:21:47:47 -0700] "GET /italy.html HTTP/1.1" 200 5666 "-" "Java/1.8.0_40" "www.saveaslave.com"
141.161.13.109 - - [05/Apr/2015:21:47:49 -0700] "GET /dominican-republic.html HTTP/1.1" 200 5756 "-" "Java/1.8.0_40" "www.saveaslave.com"
100.43.91.14 - - [05/Apr/2015:21:47:51 -0700] "GET /robots.txt HTTP/1.1" 404 89 "-" "Mozilla/5.0 (compatible; YandexBot/3.0; +http://yandex.com/bots)" "saveaslave.com"
141.161.13.109 - - [05/Apr/2015:21:48:01 -0700] "GET /mongolia.html HTTP/1.1" 200 5692 "-" "Java/1.8.0_40" "www.saveaslave.com"
141.161.13.109 - - [05/Apr/2015:21:48:17 -0700] "GET /morocco.html HTTP/1.1" 200 5686 "-" "Java/1.8.0_40" "www.saveaslave.com"
188.165.15.97 - - [05/Apr/2015:21:50:07 -0700] "GET /saint-barthelemy.html HTTP/1.1" 200 5545 "-" "Mozilla/5.0 (compatible; AhrefsBot/5.0; +http://ahrefs.com/robot/)" "www.saveaslave.com"
141.161.13.109 - - [05/Apr/2015:21:52:20 -0700] "GET /cape-verde.html HTTP/1.1" 200 5687 "-" "Java/1.8.0_40" "www.saveaslave.com"
141.161.13.109 - - [05/Apr/2015:21:52:26 -0700] "GET /wake-island.html HTTP/1.1" 200 5507 "-" "Java/1.8.0_40" "www.saveaslave.com"
141.161.13.109 - - [05/Apr/2015:21:52:26 -0700] "GET /palmyra-atoll.html HTTP/1.1" 200 5518 "-" "Java/1.8.0_40" "www.saveaslave.com"
141.161.13.109 - - [05/Apr/2015:21:52:30 -0700] "GET /togo.html HTTP/1.1" 200 5659 "-" "Java/1.8.0_40" "www.saveaslave.com"
141.161.13.109 - - [05/Apr/2015:21:53:03 -0700] "GET /monaco.html HTTP/1.1" 200 5674 "-" "Java/1.8.0_40" "www.saveaslave.com"
141.161.13.109 - - [05/Apr/2015:21:53:17 -0700] "GET /azkaban2.html HTTP/1.1" 200 24999 "-" "Java/1.8.0_40" "www.saveaslave.com"
141.161.13.109 - - [05/Apr/2015:21:53:22 -0700] "GET /united-arab-emirates.html HTTP/1.1" 200 5554 "-" "Java/1.8.0_40" "www.saveaslave.com"
141.161.13.109 - - [05/Apr/2015:21:53:23 -0700] "GET /bulgaria.html HTTP/1.1" 200 5666 "-" "Java/1.8.0_40" "www.saveaslave.com"
141.161.13.109 - - [05/Apr/2015:21:53:54 -0700] "GET /tanzania.html HTTP/1.1" 200 5695 "-" "Java/1.8.0_40" "www.saveaslave.com"
141.161.13.109 - - [05/Apr/2015:21:54:01 -0700] "GET /west-bank.html HTTP/1.1" 200 5732 "-" "Java/1.8.0_40" "www.saveaslave.com"
141.161.13.109 - - [05/Apr/2015:21:54:03 -0700] "GET /vietnam.html HTTP/1.1" 200 5471 "-" "Java/1.8.0_40" "www.saveaslave.com"
141.161.13.109 - - [05/Apr/2015:21:54:16 -0700] "GET /sierra-leone.html HTTP/1.1" 200 5509 "-" "Java/1.8.0_40" "www.saveaslave.com"
141.161.13.109 - - [05/Apr/2015:21:54:34 -0700] "GET /new-caledonia.html HTTP/1.1" 200 5518 "-" "Java/1.8.0_40" "www.saveaslave.com"
141.161.13.109 - - [05/Apr/2015:21:54:39 -0700] "GET /solomon-islands.html HTTP/1.1" 200 5536 "-" "Java/1.8.0_40" "www.saveaslave.com"
141.161.13.109 - - [05/Apr/2015:21:56:51 -0700] "GET /north-korea.html HTTP/1.1" 200 5500 "-" "Java/1.8.0_40" "www.saveaslave.com"
141.161.13.109 - - [05/Apr/2015:21:56:54 -0700] "GET /angola.html HTTP/1.1" 200 5617 "-" "Java/1.8.0_40" "www.saveaslave.com"
141.161.13.109 - - [05/Apr/2015:21:57:01 -0700] "GET /uruguay.html HTTP/1.1" 200 5471 "-" "Java/1.8.0_40" "www.saveaslave.com"
141.161.13.109 - - [05/Apr/2015:21:57:10 -0700] "GET /central-african-republic.html HTTP/1.1" 200 5821 "-" "Java/1.8.0_40" "www.saveaslave.com"
141.161.13.109 - - [05/Apr/2015:21:57:25 -0700] "GET /lithuania.html HTTP/1.1" 200 5701 "-" "Java/1.8.0_40" "www.saveaslave.com"
141.161.13.109 - - [05/Apr/2015:21:57:45 -0700] "GET /svalbard.html HTTP/1.1" 200 5695 "-" "Java/1.8.0_40" "www.saveaslave.com"
141.161.13.109 - - [05/Apr/2015:21:57:52 -0700] "GET /laos.html HTTP/1.1" 200 5856 "-" "Java/1.8.0_40" "www.saveaslave.com"
141.161.13.109 - - [05/Apr/2015:21:58:01 -0700] "GET /mozambique.html HTTP/1.1" 200 5710 "-" "Java/1.8.0_40" "www.saveaslave.com"
141.161.13.109 - - [05/Apr/2015:21:58:11 -0700] "GET /hong-kong.html HTTP/1.1" 200 5702 "-" "Java/1.8.0_40" "www.saveaslave.com"
141.161.13.109 - - [05/Apr/2015:21:59:22 -0700] "GET /mauritius.html HTTP/1.1" 200 5701 "-" "Java/1.8.0_40" "www.saveaslave.com"
188.165.15.97 - - [05/Apr/2015:21:59:23 -0700] "GET /el-salvador.html HTTP/1.1" 200 5720 "-" "Mozilla/5.0 (compatible; AhrefsBot/5.0; +http://ahrefs.com/robot/)" "www.saveaslave.com"
141.161.13.109 - - [05/Apr/2015:21:59:56 -0700] "GET /northern-mariana-islands.html HTTP/1.1" 200 5617 "-" "Java/1.8.0_40" "www.saveaslave.com"
141.161.13.109 - - [05/Apr/2015:22:04:21 -0700] "GET /india.html HTTP/1.1" 200 6040 "-" "Java/1.8.0_40" "www.saveaslave.com"
141.161.13.109 - - [05/Apr/2015:22:05:41 -0700] "GET /saint-lucia.html HTTP/1.1" 200 5500 "-" "Java/1.8.0_40" "www.saveaslave.com"
141.161.13.109 - - [05/Apr/2015:22:06:07 -0700] "GET /armenia.html HTTP/1.1" 200 5617 "-" "Java/1.8.0_40" "www.saveaslave.com"
141.161.13.109 - - [05/Apr/2015:22:06:45 -0700] "GET /bhutan.html HTTP/1.1" 200 5651 "-" "Java/1.8.0_40" "www.saveaslave.com"
141.161.13.109 - - [05/Apr/2015:22:06:52 -0700] "GET /brunei.html HTTP/1.1" 200 5649 "-" "Java/1.8.0_40" "www.saveaslave.com"
141.161.13.109 - - [05/Apr/2015:22:06:59 -0700] "GET /macau.html HTTP/1.1" 200 5665 "-" "Java/1.8.0_40" "www.saveaslave.com"
141.161.13.109 - - [05/Apr/2015:22:11:29 -0700] "GET /hungary.html HTTP/1.1" 200 5684 "-" "Java/1.8.0_40" "www.saveaslave.com"
141.161.13.109 - - [05/Apr/2015:22:19:00 -0700] "GET /bahrain.html HTTP/1.1" 200 5639 "-" "Java/1.8.0_40" "www.saveaslave.com"
141.161.13.109 - - [05/Apr/2015:22:21:24 -0700] "GET /turks-caicos-islands.html HTTP/1.1" 200 5819 "-" "Java/1.8.0_40" "www.saveaslave.com"
141.161.13.109 - - [05/Apr/2015:22:22:36 -0700] "GET /benin.html HTTP/1.1" 200 5639 "-" "Java/1.8.0_40" "www.saveaslave.com"
141.161.13.109 - - [05/Apr/2015:22:22:56 -0700] "GET /fiji.html HTTP/1.1" 200 5657 "-" "Java/1.8.0_40" "www.saveaslave.com"
141.161.13.109 - - [05/Apr/2015:22:23:00 -0700] "GET /slovenia.html HTTP/1.1" 200 5473 "-" "Java/1.8.0_40" "www.saveaslave.com"
141.161.13.109 - - [05/Apr/2015:22:23:19 -0700] "GET /south-korea.html HTTP/1.1" 200 5500 "-" "Java/1.8.0_40" "www.saveaslave.com"
141.161.13.109 - - [05/Apr/2015:22:23:34 -0700] "GET /algeria.html HTTP/1.1" 200 5626 "-" "Java/1.8.0_40" "www.saveaslave.com"
141.161.13.109 - - [05/Apr/2015:22:23:43 -0700] "GET /guinea.html HTTP/1.1" 200 5675 "-" "Java/1.8.0_40" "www.saveaslave.com"
141.161.13.109 - - [05/Apr/2015:22:24:17 -0700] "GET /liechtenstein.html HTTP/1.1" 200 5737 "-" "Java/1.8.0_40" "www.saveaslave.com"
141.161.13.109 - - [05/Apr/2015:22:24:22 -0700] "GET /cyprus.html HTTP/1.1" 200 5651 "-" "Java/1.8.0_40" "www.saveaslave.com"
141.161.13.109 - - [05/Apr/2015:22:26:38 -0700] "GET /bolivia.html HTTP/1.1" 200 5606 "-" "Java/1.8.0_40" "www.saveaslave.com"
141.161.13.109 - - [05/Apr/2015:22:29:04 -0700] "GET /nauru.html HTTP/1.1" 200 5446 "-" "Java/1.8.0_40" "www.saveaslave.com"
141.161.13.109 - - [05/Apr/2015:22:29:23 -0700] "GET /saudi-arabia.html HTTP/1.1" 200 5509 "-" "Java/1.8.0_40" "www.saveaslave.com"
67.169.32.64 - - [05/Apr/2015:22:30:12 -0700] "GET /images/countrymap/bosnia-herzegovina.jpg HTTP/1.1" 200 42063 "-" "Mozilla/5.0 (iPhone; CPU iPhone OS 8_1_3 like Mac OS X) AppleWebKit/600.1.4 (KHTML, like Gecko) GSA/5.2.43972 Mobile/12B466 Safari/600.1.4" "www.saveaslave.com"
141.161.13.109 - - [05/Apr/2015:22:33:47 -0700] "GET /tajikistan.html HTTP/1.1" 200 5713 "-" "Java/1.8.0_40" "www.saveaslave.com"
141.161.13.109 - - [05/Apr/2015:22:34:48 -0700] "GET /vanuatu.html HTTP/1.1" 200 5471 "-" "Java/1.8.0_40" "www.saveaslave.com"
141.161.13.109 - - [05/Apr/2015:22:34:56 -0700] "GET /egypt.html HTTP/1.1" 200 5666 "-" "Java/1.8.0_40" "www.saveaslave.com"
141.161.13.109 - - [05/Apr/2015:22:35:03 -0700] "GET /san-marino.html HTTP/1.1" 200 5491 "-" "Java/1.8.0_40" "www.saveaslave.com"
141.161.13.109 - - [05/Apr/2015:22:35:32 -0700] "GET /jordan.html HTTP/1.1" 200 5675 "-" "Java/1.8.0_40" "www.saveaslave.com"
141.161.13.109 - - [05/Apr/2015:22:35:33 -0700] "GET /honduras.html HTTP/1.1" 200 5693 "-" "Java/1.8.0_40" "www.saveaslave.com"
65.36.241.48 - - [05/Apr/2015:22:37:45 -0700] "HEAD / HTTP/1.1" 200 0 "-" "InternetSeer.com" "www.saveaslave.com"
141.161.13.109 - - [05/Apr/2015:22:39:36 -0700] "GET /comoros.html HTTP/1.1" 200 5668 "-" "Java/1.8.0_40" "www.saveaslave.com"
141.161.13.109 - - [05/Apr/2015:22:39:37 -0700] "GET /australia.html HTTP/1.1" 200 5637 "-" "Java/1.8.0_40" "www.saveaslave.com"
141.161.13.109 - - [05/Apr/2015:22:39:38 -0700] "GET /venezuela.html HTTP/1.1" 200 5489 "-" "Java/1.8.0_40" "www.saveaslave.com"
220.181.108.121 - - [05/Apr/2015:22:40:48 -0700] "GET /images/China_region.gif HTTP/1.1" 404 89 "-" "Baiduspider-image+(+http://www.baidu.com/search/spider.htm)\\nReferer: http://image.baidu.com/i?ct=503316480&z=0&tn=baiduimagedetail" "www.saveaslave.com"
220.181.108.89 - - [05/Apr/2015:22:44:24 -0700] "GET /images/Timor_flag.gif HTTP/1.1" 404 89 "-" "Baiduspider-image+(+http://www.baidu.com/search/spider.htm)\\nReferer: http://image.baidu.com/i?ct=503316480&z=0&tn=baiduimagedetail" "www.saveaslave.com"
141.161.13.109 - - [05/Apr/2015:22:44:34 -0700] "GET /panama.html HTTP/1.1" 200 5455 "-" "Java/1.8.0_40" "www.saveaslave.com"
141.161.13.109 - - [05/Apr/2015:22:44:37 -0700] "GET /bosnia-herzegovina.html HTTP/1.1" 200 5787 "-" "Java/1.8.0_40" "www.saveaslave.com"
185.53.44.65 - - [05/Apr/2015:22:45:41 -0700] "GET /bhutan.html HTTP/1.1" 200 5651 "-" "Mozilla/5.0 (compatible; XoviBot/2.0; +http://www.xovibot.net/)" "saveaslave.com"
141.161.13.109 - - [05/Apr/2015:22:45:53 -0700] "GET /suriname.html HTTP/1.1" 200 5480 "-" "Java/1.8.0_40" "www.saveaslave.com"
141.161.13.109 - - [05/Apr/2015:22:46:34 -0700] "GET /equatorial-guinea.html HTTP/1.1" 200 5774 "-" "Java/1.8.0_40" "www.saveaslave.com"
141.161.13.109 - - [05/Apr/2015:22:50:55 -0700] "GET /tonga.html HTTP/1.1" 200 5668 "-" "Java/1.8.0_40" "www.saveaslave.com"
141.161.13.109 - - [05/Apr/2015:22:51:36 -0700] "GET /montenegro.html HTTP/1.1" 200 5711 "-" "Java/1.8.0_40" "www.saveaslave.com"
188.165.15.97 - - [05/Apr/2015:22:55:58 -0700] "GET /luxembourg.html HTTP/1.1" 200 5711 "-" "Mozilla/5.0 (compatible; AhrefsBot/5.0; +http://ahrefs.com/robot/)" "saveaslave.com"
141.161.13.109 - - [05/Apr/2015:22:56:27 -0700] "GET /mali.html HTTP/1.1" 200 5656 "-" "Java/1.8.0_40" "www.saveaslave.com"
141.161.13.109 - - [05/Apr/2015:23:01:16 -0700] "GET /guam.html HTTP/1.1" 200 5657 "-" "Java/1.8.0_40" "www.saveaslave.com"
141.161.13.109 - - [05/Apr/2015:23:01:38 -0700] "GET /malaysia.html HTTP/1.1" 200 5692 "-" "Java/1.8.0_40" "www.saveaslave.com"
141.161.13.109 - - [05/Apr/2015:23:08:23 -0700] "GET /swaziland.html HTTP/1.1" 200 5704 "-" "Java/1.8.0_40" "www.saveaslave.com"
80.240.139.43 - - [05/Apr/2015:23:15:57 -0700] "GET / HTTP/1.1" 200 24277 "-" "-" "saveaslave.com"
80.240.139.43 - - [05/Apr/2015:23:15:59 -0700] "GET / HTTP/1.1" 200 24277 "-" "-" "www.saveaslave.com"
52.1.39.82 - - [05/Apr/2015:23:16:47 -0700] "GET /favicon.ico HTTP/1.1" 404 89 "-" "Mozilla/5.0 (X11; Linux x86_64) AppleWebKit/537.36 (KHTML, like Gecko) Chrome/29.0.1547.57 Safari/537.36" "saveaslave.com"
52.5.128.229 - - [05/Apr/2015:23:17:31 -0700] "GET /favicon.ico HTTP/1.1" 404 89 "-" "Mozilla/5.0 (X11; Linux x86_64) AppleWebKit/537.36 (KHTML, like Gecko) Chrome/29.0.1547.57 Safari/537.36" "saveaslave.com"
141.161.13.109 - - [05/Apr/2015:23:18:18 -0700] "GET /trinidad-tobago.html HTTP/1.1" 200 5774 "-" "Java/1.8.0_40" "www.saveaslave.com"
66.249.69.104 - - [05/Apr/2015:23:27:29 -0700] "GET /images/countrymap/belize-flag.gif HTTP/1.1" 200 2303 "-" "Googlebot-Image/1.0" "www.saveaslave.com"
188.165.15.97 - - [05/Apr/2015:23:27:41 -0700] "GET /countries/comoros.html HTTP/1.1" 404 89 "-" "Mozilla/5.0 (compatible; AhrefsBot/5.0; +http://ahrefs.com/robot/)" "www.saveaslave.com"
54.243.48.119 - - [05/Apr/2015:23:33:53 -0700] "GET /resources.html HTTP/1.1" 200 14780 "-" "Mozilla/5.0 (Windows; U; Windows NT 5.1; en-US; rv:1.9.2.8) Gecko/20100722 Firefox/3.6.8" "saveaslave.com"
207.46.13.41 - - [05/Apr/2015:23:38:23 -0700] "GET /latvia HTTP/1.1" 200 5674 "-" "Mozilla/5.0 (compatible; bingbot/2.0; +http://www.bing.com/bingbot.htm)" "www.saveaslave.com"
207.46.13.43 - - [05/Apr/2015:23:38:37 -0700] "GET /eritrea.html HTTP/1.1" 200 5684 "-" "Mozilla/5.0 (compatible; bingbot/2.0; +http://www.bing.com/bingbot.htm)" "saveaslave.com"
54.243.48.119 - - [05/Apr/2015:23:38:46 -0700] "GET /www.ituc-csi.org HTTP/1.1" 404 89 "-" "Mozilla/5.0 (Windows; U; Windows NT 5.1; en-US; rv:1.9.2.8) Gecko/20100722 Firefox/3.6.8" "saveaslave.com"
207.46.13.43 - - [05/Apr/2015:23:39:05 -0700] "GET /guadeloupe HTTP/1.1" 404 89 "-" "Mozilla/5.0 (compatible; bingbot/2.0; +http://www.bing.com/bingbot.htm)" "www.saveaslave.com"
188.165.15.97 - - [05/Apr/2015:23:50:02 -0700] "GET /guyana.html HTTP/1.1" 200 5675 "-" "Mozilla/5.0 (compatible; AhrefsBot/5.0; +http://ahrefs.com/robot/)" "saveaslave.com"
157.55.39.245 - - [05/Apr/2015:23:55:02 -0700] "GET /angola.html HTTP/1.1" 200 5617 "-" "Mozilla/5.0 (compatible; bingbot/2.0; +http://www.bing.com/bingbot.htm)" "saveaslave.com"
65.36.241.48 - - [05/Apr/2015:23:56:54 -0700] "HEAD / HTTP/1.1" 200 0 "-" "InternetSeer.com" "www.saveaslave.com"
188.165.15.97 - - [06/Apr/2015:00:17:44 -0700] "GET /palmyra-atoll.html HTTP/1.1" 200 5518 "-" "Mozilla/5.0 (compatible; AhrefsBot/5.0; +http://ahrefs.com/robot/)" "www.saveaslave.com"
188.165.15.97 - - [06/Apr/2015:00:37:02 -0700] "GET /countries/croatia.html HTTP/1.1" 404 89 "-" "Mozilla/5.0 (compatible; AhrefsBot/5.0; +http://ahrefs.com/robot/)" "www.saveaslave.com"
157.55.39.245 - - [06/Apr/2015:00:40:45 -0700] "GET /articles/womeninsudan3.html HTTP/1.1" 404 89 "-" "Mozilla/5.0 (compatible; bingbot/2.0; +http://www.bing.com/bingbot.htm)" "www.saveaslave.com"
188.165.15.97 - - [06/Apr/2015:00:42:31 -0700] "GET /cameroon.html HTTP/1.1" 200 5666 "-" "Mozilla/5.0 (compatible; AhrefsBot/5.0; +http://ahrefs.com/robot/)" "saveaslave.com"
180.76.6.55 - - [06/Apr/2015:01:06:24 -0700] "GET /robots.txt HTTP/1.1" 404 89 "-" "Mozilla/5.0 (Windows NT 5.1; rv:6.0.2) Gecko/20100101 Firefox/6.0.2" "www.saveaslave.com"
180.76.6.59 - - [06/Apr/2015:01:08:51 -0700] "GET /countries/svalbard.html HTTP/1.1" 404 89 "-" "Mozilla/5.0 (compatible; Baiduspider/2.0; +http://www.baidu.com/search/spider.html)" "www.saveaslave.com"
198.252.44.4 - - [06/Apr/2015:01:17:44 -0700] "GET / HTTP/1.1" 200 24277 "-" "=Mozilla/5.0 (Windows; U; Windows NT 6.1; en-US) AppleWebKit/534.16 (KHTML, like Gecko) Chrome/10.0.648.204 Safari/534.16" "saveaslave.com"
180.76.5.151 - - [06/Apr/2015:01:23:51 -0700] "GET /niue.html HTTP/1.1" 200 5437 "-" "Mozilla/5.0 (compatible; Baiduspider/2.0; +http://www.baidu.com/search/spider.html)" "www.saveaslave.com"
66.249.69.112 - - [06/Apr/2015:01:25:14 -0700] "GET /robots.txt HTTP/1.1" 404 89 "-" "Mozilla/5.0 (compatible; Googlebot/2.1; +http://www.google.com/bot.html)" "www.saveaslave.com"
84.187.84.145 - - [06/Apr/2015:01:45:51 -0700] "GET /images/sas_button.gif HTTP/1.1" 200 2628 "http://dudamobile.saveaslave.com/" "Mozilla/5.0 (Linux; Android 4.4.2; de-de; SAMSUNG SM-G900F/G900FXXU1ANI3 Build/KOT49H) AppleWebKit/537.36 (KHTML, like Gecko) Version/1.6 Chrome/28.0.1500.94 Mobile Safari/537.36" "saveaslave.com"
84.187.84.145 - - [06/Apr/2015:01:45:51 -0700] "GET /images/slaves.jpg HTTP/1.1" 200 64009 "http://dudamobile.saveaslave.com/" "Mozilla/5.0 (Linux; Android 4.4.2; de-de; SAMSUNG SM-G900F/G900FXXU1ANI3 Build/KOT49H) AppleWebKit/537.36 (KHTML, like Gecko) Version/1.6 Chrome/28.0.1500.94 Mobile Safari/537.36" "saveaslave.com"
141.161.13.109 - - [06/Apr/2015:01:46:22 -0700] "GET /rwanda.html HTTP/1.1" 200 5455 "-" "Java/1.8.0_40" "www.saveaslave.com"
123.30.175.158 - - [06/Apr/2015:01:47:11 -0700] "GET /robots.txt HTTP/1.1" 404 89 "-" "Mozilla/5.0 (compatible; coccoc/1.0; +http://help.coccoc.com/)" "saveaslave.com"
123.30.175.163 - - [06/Apr/2015:01:47:18 -0700] "GET / HTTP/1.1" 200 24277 "-" "Mozilla/5.0 (compatible; coccoc/1.0; +http://help.coccoc.com/)" "saveaslave.com"
188.165.15.97 - - [06/Apr/2015:01:47:55 -0700] "GET /ecuador.html HTTP/1.1" 200 5684 "-" "Mozilla/5.0 (compatible; AhrefsBot/5.0; +http://ahrefs.com/robot/)" "www.saveaslave.com"
123.30.175.165 - - [06/Apr/2015:01:48:19 -0700] "GET /robots.txt HTTP/1.1" 404 89 "-" "Mozilla/5.0 (compatible; coccoc/1.0; +http://help.coccoc.com/)" "www.saveaslave.com"
123.30.175.165 - - [06/Apr/2015:01:48:25 -0700] "GET /articles/moder... HTTP/1.1" 404 89 "-" "Mozilla/5.0 (compatible; coccoc/1.0; +http://help.coccoc.com/)" "www.saveaslave.com"
188.165.15.97 - - [06/Apr/2015:01:53:17 -0700] "GET /syria.html HTTP/1.1" 200 5668 "-" "Mozilla/5.0 (compatible; AhrefsBot/5.0; +http://ahrefs.com/robot/)" "www.saveaslave.com"
157.55.39.245 - - [06/Apr/2015:02:02:49 -0700] "GET /jordan.html HTTP/1.1" 200 5675 "-" "Mozilla/5.0 (compatible; bingbot/2.0; +http://www.bing.com/bingbot.htm)" "saveaslave.com"
141.161.13.109 - - [06/Apr/2015:02:10:49 -0700] "GET /cambodia.html HTTP/1.1" 200 5666 "-" "Java/1.8.0_40" "www.saveaslave.com"
72.37.140.35 - - [06/Apr/2015:02:16:09 -0700] "GET /images/countrymap/bosnia-herzegovina.jpg HTTP/1.1" 200 42063 "https://www.google.it/" "Mozilla/5.0 (Windows NT 6.1) AppleWebKit/537.36 (KHTML, like Gecko) Chrome/39.0.2171.65 Safari/537.36" "www.saveaslave.com"
37.203.119.120 - - [06/Apr/2015:02:16:57 -0700] "GET /images/countrymap/bosnia-herzegovina.jpg HTTP/1.1" 200 42063 "https://www.google.ba/" "Mozilla/5.0 (Windows NT 5.1) AppleWebKit/537.36 (KHTML, like Gecko) Chrome/41.0.2272.118 Safari/537.36" "www.saveaslave.com"
207.46.13.25 - - [06/Apr/2015:02:23:04 -0700] "GET /estonia HTTP/1.1" 200 5684 "-" "Mozilla/5.0 (compatible; bingbot/2.0; +http://www.bing.com/bingbot.htm)" "www.saveaslave.com"
207.46.13.41 - - [06/Apr/2015:02:24:47 -0700] "GET /tonga.html HTTP/1.1" 200 5668 "-" "Mozilla/5.0 (compatible; bingbot/2.0; +http://www.bing.com/bingbot.htm)" "saveaslave.com"
207.46.13.41 - - [06/Apr/2015:02:25:42 -0700] "GET /jordan HTTP/1.1" 200 5675 "-" "Mozilla/5.0 (compatible; bingbot/2.0; +http://www.bing.com/bingbot.htm)" "www.saveaslave.com"
188.165.15.97 - - [06/Apr/2015:02:47:43 -0700] "GET /libya.html HTTP/1.1" 200 5665 "-" "Mozilla/5.0 (compatible; AhrefsBot/5.0; +http://ahrefs.com/robot/)" "www.saveaslave.com"
141.161.13.109 - - [06/Apr/2015:02:49:51 -0700] "GET /grenada.html HTTP/1.1" 200 5684 "-" "Java/1.8.0_40" "www.saveaslave.com"
157.55.39.245 - - [06/Apr/2015:02:52:43 -0700] "GET /sweden.html HTTP/1.1" 200 5677 "-" "Mozilla/5.0 (compatible; bingbot/2.0; +http://www.bing.com/bingbot.htm)" "saveaslave.com"
65.36.241.48 - - [06/Apr/2015:02:57:09 -0700] "HEAD /?tpl=references&Itemid=3 HTTP/1.1" 200 0 "-" "InternetSeer.com" "www.saveaslave.com"
65.36.241.48 - - [06/Apr/2015:02:57:14 -0700] "HEAD /?tpl=references&Itemid=3 HTTP/1.1" 200 0 "-" "InternetSeer.com" "www.saveaslave.com"
65.36.241.48 - - [06/Apr/2015:02:57:32 -0700] "HEAD / HTTP/1.1" 200 0 "-" "InternetSeer.com" "www.saveaslave.com"
188.165.15.97 - - [06/Apr/2015:03:01:00 -0700] "GET /seychelles.html HTTP/1.1" 200 5491 "-" "Mozilla/5.0 (compatible; AhrefsBot/5.0; +http://ahrefs.com/robot/)" "www.saveaslave.com"
204.236.235.245 - - [06/Apr/2015:03:04:29 -0700] "GET /robots.txt HTTP/1.1" 404 89 "-" "ia_archiver" "www.saveaslave.com"
204.236.235.245 - - [06/Apr/2015:03:04:29 -0700] "GET / HTTP/1.1" 200 24277 "-" "ia_archiver" "www.saveaslave.com"
183.60.243.240 - - [06/Apr/2015:03:06:02 -0700] "GET / HTTP/1.1" 200 24277 "http://www.baidu.com/search/spider.htm" "Mozilla/5.0 (compatible; Baiduspider/2.0; +http://www.baidu.com/search/spider.html)" "www.saveaslave.com"
61.135.189.107 - - [06/Apr/2015:03:10:06 -0700] "GET /robots.txt HTTP/1.1" 404 89 "-" "Sogou web spider/4.0(+http://www.sogou.com/docs/help/webmasters.htm#07)" "saveaslave.com"
61.135.189.107 - - [06/Apr/2015:03:11:08 -0700] "GET / HTTP/1.1" 200 24277 "-" "Sogou web spider/4.0(+http://www.sogou.com/docs/help/webmasters.htm#07)" "saveaslave.com"
54.243.48.119 - - [06/Apr/2015:03:11:20 -0700] "GET /senegal.html HTTP/1.1" 200 5464 "-" "Mozilla/5.0 (Windows; U; Windows NT 5.1; en-US; rv:1.9.2.8) Gecko/20100722 Firefox/3.6.8" "www.saveaslave.com"
66.249.75.59 - - [06/Apr/2015:03:23:25 -0700] "GET /robots.txt HTTP/1.1" 404 89 "-" "Mozilla/5.0 (compatible; Googlebot/2.1; +http://www.google.com/bot.html)" "saveaslave.com"
66.249.69.112 - - [06/Apr/2015:03:26:20 -0700] "GET /USVirginIslands.html HTTP/1.1" 404 89 "-" "Mozilla/5.0 (compatible; Googlebot/2.1; +http://www.google.com/bot.html)" "www.saveaslave.com"
23.23.242.178 - - [06/Apr/2015:03:31:31 -0700] "GET /thailand HTTP/1.1" 200 5695 "-" "Mozilla/5.0 (Windows; U; Windows NT 5.1; en-US; rv:1.9.2.8) Gecko/20100722 Firefox/3.6.8" "saveaslave.com"
100.43.91.28 - - [06/Apr/2015:03:31:46 -0700] "GET /aruba.html HTTP/1.1" 200 14875 "-" "Mozilla/5.0 (compatible; YandexBot/3.0; +http://yandex.com/bots)" "saveaslave.com"
188.165.15.97 - - [06/Apr/2015:03:31:58 -0700] "GET /countries/jamaica.html HTTP/1.1" 404 89 "-" "Mozilla/5.0 (compatible; AhrefsBot/5.0; +http://ahrefs.com/robot/)" "www.saveaslave.com"
188.165.15.97 - - [06/Apr/2015:03:38:21 -0700] "GET /countries/swaziland.html HTTP/1.1" 404 89 "-" "Mozilla/5.0 (compatible; AhrefsBot/5.0; +http://ahrefs.com/robot/)" "www.saveaslave.com"
141.161.13.109 - - [06/Apr/2015:03:52:20 -0700] "GET /palestinian-territories.html HTTP/1.1" 200 5609 "-" "Java/1.8.0_40" "www.saveaslave.com"
192.99.107.233 - - [06/Apr/2015:04:10:06 -0700] "GET /robots.txt HTTP/1.1" 404 89 "-" "Mozilla/5.0 (compatible; meanpathbot/1.0; +http://www.meanpath.com/meanpathbot.html)" "www.saveaslave.com"
95.210.107.97 - - [06/Apr/2015:04:10:12 -0700] "GET /images/countrymap/iran.gif HTTP/1.1" 200 27648 "-" "Mozilla/5.0 (Macintosh; Intel Mac OS X 10_9_5) AppleWebKit/600.4.10 (KHTML, like Gecko) Version/7.1.4 Safari/537.85.13" "www.saveaslave.com"
92.232.53.54 - - [06/Apr/2015:04:13:53 -0700] "GET /robots.txt HTTP/1.1" 404 89 "-" "Mozilla/5.0 (compatible; MJ12bot/v1.4.5; http://www.majestic12.co.uk/bot.php?+)" "www.saveaslave.com"
92.232.53.54 - - [06/Apr/2015:04:13:55 -0700] "GET /denmark.html HTTP/1.1" 200 5657 "-" "Mozilla/5.0 (compatible; MJ12bot/v1.4.5; http://www.majestic12.co.uk/bot.php?+)" "www.saveaslave.com"
92.232.53.54 - - [06/Apr/2015:04:13:56 -0700] "GET /georgia.html HTTP/1.1" 200 5684 "-" "Mozilla/5.0 (compatible; MJ12bot/v1.4.5; http://www.majestic12.co.uk/bot.php?+)" "www.saveaslave.com"
92.232.53.54 - - [06/Apr/2015:04:13:59 -0700] "GET /lesotho.html HTTP/1.1" 200 5683 "-" "Mozilla/5.0 (compatible; MJ12bot/v1.4.5; http://www.majestic12.co.uk/bot.php?+)" "www.saveaslave.com"
92.232.53.54 - - [06/Apr/2015:04:14:04 -0700] "GET /mauritius.html HTTP/1.1" 200 5701 "-" "Mozilla/5.0 (compatible; MJ12bot/v1.4.5; http://www.majestic12.co.uk/bot.php?+)" "www.saveaslave.com"
92.232.53.54 - - [06/Apr/2015:04:14:05 -0700] "GET /moldova.html HTTP/1.1" 200 5683 "-" "Mozilla/5.0 (compatible; MJ12bot/v1.4.5; http://www.majestic12.co.uk/bot.php?+)" "www.saveaslave.com"
92.232.53.54 - - [06/Apr/2015:04:14:07 -0700] "GET /monaco.html HTTP/1.1" 200 5674 "-" "Mozilla/5.0 (compatible; MJ12bot/v1.4.5; http://www.majestic12.co.uk/bot.php?+)" "www.saveaslave.com"
92.232.53.54 - - [06/Apr/2015:04:14:12 -0700] "GET /nauru.html HTTP/1.1" 200 5446 "-" "Mozilla/5.0 (compatible; MJ12bot/v1.4.5; http://www.majestic12.co.uk/bot.php?+)" "www.saveaslave.com"
92.232.53.54 - - [06/Apr/2015:04:14:14 -0700] "GET /nepal.html HTTP/1.1" 200 5633 "-" "Mozilla/5.0 (compatible; MJ12bot/v1.4.5; http://www.majestic12.co.uk/bot.php?+)" "www.saveaslave.com"
199.168.151.164 - - [06/Apr/2015:04:21:41 -0700] "GET /css/style.css HTTP/1.1" 200 1400 "http://www.saveaslave.com/whoweare.html" "Mozilla/4.0 (compatible; MSIE 8.0; Windows NT 6.1; WOW64; Trident/4.0; SLCC2; .NET CLR 2.0.50727; .NET CLR 3.5.30729; .NET CLR 3.0.30729; Media Center PC 6.0; .NET4.0C; .NET4.0E; InfoPath.3; AskTbNRO/5.12.2.16749)" "www.saveaslave.com"
199.168.151.164 - - [06/Apr/2015:04:21:41 -0700] "GET /images/slaves.jpg HTTP/1.1" 200 64009 "http://www.saveaslave.com/whoweare.html" "Mozilla/4.0 (compatible; MSIE 8.0; Windows NT 6.1; WOW64; Trident/4.0; SLCC2; .NET CLR 2.0.50727; .NET CLR 3.5.30729; .NET CLR 3.0.30729; Media Center PC 6.0; .NET4.0C; .NET4.0E; InfoPath.3; AskTbNRO/5.12.2.16749)" "www.saveaslave.com"
199.168.151.164 - - [06/Apr/2015:04:21:41 -0700] "GET /images/header.png HTTP/1.1" 200 84658 "http://www.saveaslave.com/whoweare.html" "Mozilla/4.0 (compatible; MSIE 8.0; Windows NT 6.1; WOW64; Trident/4.0; SLCC2; .NET CLR 2.0.50727; .NET CLR 3.5.30729; .NET CLR 3.0.30729; Media Center PC 6.0; .NET4.0C; .NET4.0E; InfoPath.3; AskTbNRO/5.12.2.16749)" "www.saveaslave.com"
188.165.15.97 - - [06/Apr/2015:04:21:49 -0700] "GET /panama.html HTTP/1.1" 200 5455 "-" "Mozilla/5.0 (compatible; AhrefsBot/5.0; +http://ahrefs.com/robot/)" "saveaslave.com"
5.9.151.67 - - [06/Apr/2015:04:23:05 -0700] "GET / HTTP/1.1" 200 24277 "-" "Mozilla/5.0 (compatible; MegaIndex.ru/2.0; +https://www.megaindex.ru/?tab=linkAnalyze)" "saveaslave.com"
5.9.151.67 - - [06/Apr/2015:04:23:05 -0700] "GET /index.html HTTP/1.1" 200 24655 "-" "Mozilla/5.0 (compatible; MegaIndex.ru/2.0; +https://www.megaindex.ru/?tab=linkAnalyze)" "saveaslave.com"
5.9.151.67 - - [06/Apr/2015:04:23:06 -0700] "GET /whoweare.html HTTP/1.1" 200 11993 "-" "Mozilla/5.0 (compatible; MegaIndex.ru/2.0; +https://www.megaindex.ru/?tab=linkAnalyze)" "saveaslave.com"
5.9.151.67 - - [06/Apr/2015:04:23:06 -0700] "GET /paypalbutton.html HTTP/1.1" 200 2962 "-" "Mozilla/5.0 (compatible; MegaIndex.ru/2.0; +https://www.megaindex.ru/?tab=linkAnalyze)" "saveaslave.com"
5.9.151.67 - - [06/Apr/2015:04:23:06 -0700] "GET /resources.html HTTP/1.1" 200 14780 "-" "Mozilla/5.0 (compatible; MegaIndex.ru/2.0; +https://www.megaindex.ru/?tab=linkAnalyze)" "saveaslave.com"
5.9.151.67 - - [06/Apr/2015:04:23:07 -0700] "GET /algeria.html HTTP/1.1" 200 5626 "-" "Mozilla/5.0 (compatible; MegaIndex.ru/2.0; +https://www.megaindex.ru/?tab=linkAnalyze)" "saveaslave.com"
5.9.151.67 - - [06/Apr/2015:04:23:09 -0700] "GET /angola.html HTTP/1.1" 200 5617 "-" "Mozilla/5.0 (compatible; MegaIndex.ru/2.0; +https://www.megaindex.ru/?tab=linkAnalyze)" "saveaslave.com"
5.9.151.67 - - [06/Apr/2015:04:23:09 -0700] "GET /antigua-and-barbuda.html HTTP/1.1" 200 5694 "-" "Mozilla/5.0 (compatible; MegaIndex.ru/2.0; +https://www.megaindex.ru/?tab=linkAnalyze)" "saveaslave.com"
5.9.151.67 - - [06/Apr/2015:04:23:09 -0700] "GET /argentina.html HTTP/1.1" 200 5636 "-" "Mozilla/5.0 (compatible; MegaIndex.ru/2.0; +https://www.megaindex.ru/?tab=linkAnalyze)" "saveaslave.com"
5.9.151.67 - - [06/Apr/2015:04:23:11 -0700] "GET /aruba.html HTTP/1.1" 200 14875 "-" "Mozilla/5.0 (compatible; MegaIndex.ru/2.0; +https://www.megaindex.ru/?tab=linkAnalyze)" "saveaslave.com"
5.9.151.67 - - [06/Apr/2015:04:23:12 -0700] "GET /austria.html HTTP/1.1" 200 5614 "-" "Mozilla/5.0 (compatible; MegaIndex.ru/2.0; +https://www.megaindex.ru/?tab=linkAnalyze)" "saveaslave.com"
5.9.151.67 - - [06/Apr/2015:04:23:14 -0700] "GET /azkaban.html HTTP/1.1" 200 12664 "-" "Mozilla/5.0 (compatible; MegaIndex.ru/2.0; +https://www.megaindex.ru/?tab=linkAnalyze)" "saveaslave.com"
5.9.151.67 - - [06/Apr/2015:04:23:14 -0700] "GET /azkaban2.html HTTP/1.1" 200 24999 "-" "Mozilla/5.0 (compatible; MegaIndex.ru/2.0; +https://www.megaindex.ru/?tab=linkAnalyze)" "saveaslave.com"
5.9.151.67 - - [06/Apr/2015:04:23:15 -0700] "GET /bahrain.html HTTP/1.1" 200 5639 "-" "Mozilla/5.0 (compatible; MegaIndex.ru/2.0; +https://www.megaindex.ru/?tab=linkAnalyze)" "saveaslave.com"
5.9.151.67 - - [06/Apr/2015:04:23:15 -0700] "GET /bangladesh.html HTTP/1.1" 200 5664 "-" "Mozilla/5.0 (compatible; MegaIndex.ru/2.0; +https://www.megaindex.ru/?tab=linkAnalyze)" "saveaslave.com"
5.9.151.67 - - [06/Apr/2015:04:23:16 -0700] "GET /barbados.html HTTP/1.1" 200 5664 "-" "Mozilla/5.0 (compatible; MegaIndex.ru/2.0; +https://www.megaindex.ru/?tab=linkAnalyze)" "saveaslave.com"
5.9.151.67 - - [06/Apr/2015:04:23:16 -0700] "GET /belarus.html HTTP/1.1" 200 5670 "-" "Mozilla/5.0 (compatible; MegaIndex.ru/2.0; +https://www.megaindex.ru/?tab=linkAnalyze)" "saveaslave.com"
5.9.151.67 - - [06/Apr/2015:04:23:16 -0700] "GET /belgium.html HTTP/1.1" 200 5676 "-" "Mozilla/5.0 (compatible; MegaIndex.ru/2.0; +https://www.megaindex.ru/?tab=linkAnalyze)" "saveaslave.com"
5.9.151.67 - - [06/Apr/2015:04:23:17 -0700] "GET /belize.html HTTP/1.1" 200 5643 "-" "Mozilla/5.0 (compatible; MegaIndex.ru/2.0; +https://www.megaindex.ru/?tab=linkAnalyze)" "saveaslave.com"
5.9.151.67 - - [06/Apr/2015:04:23:17 -0700] "GET /benin.html HTTP/1.1" 200 5639 "-" "Mozilla/5.0 (compatible; MegaIndex.ru/2.0; +https://www.megaindex.ru/?tab=linkAnalyze)" "saveaslave.com"
5.9.151.67 - - [06/Apr/2015:04:23:17 -0700] "GET /bhutan.html HTTP/1.1" 200 5651 "-" "Mozilla/5.0 (compatible; MegaIndex.ru/2.0; +https://www.megaindex.ru/?tab=linkAnalyze)" "saveaslave.com"
5.9.151.67 - - [06/Apr/2015:04:23:17 -0700] "GET /bolivia.html HTTP/1.1" 200 5606 "-" "Mozilla/5.0 (compatible; MegaIndex.ru/2.0; +https://www.megaindex.ru/?tab=linkAnalyze)" "saveaslave.com"
5.9.151.67 - - [06/Apr/2015:04:23:19 -0700] "GET /bosnia-herzegovina.html HTTP/1.1" 200 5787 "-" "Mozilla/5.0 (compatible; MegaIndex.ru/2.0; +https://www.megaindex.ru/?tab=linkAnalyze)" "saveaslave.com"
5.9.151.67 - - [06/Apr/2015:04:23:19 -0700] "GET /botswana.html HTTP/1.1" 200 5669 "-" "Mozilla/5.0 (compatible; MegaIndex.ru/2.0; +https://www.megaindex.ru/?tab=linkAnalyze)" "saveaslave.com"
5.9.151.67 - - [06/Apr/2015:04:23:20 -0700] "GET /brazil.html HTTP/1.1" 200 5651 "-" "Mozilla/5.0 (compatible; MegaIndex.ru/2.0; +https://www.megaindex.ru/?tab=linkAnalyze)" "saveaslave.com"
5.9.151.67 - - [06/Apr/2015:04:23:20 -0700] "GET /british-virgin-islands.html HTTP/1.1" 200 5845 "-" "Mozilla/5.0 (compatible; MegaIndex.ru/2.0; +https://www.megaindex.ru/?tab=linkAnalyze)" "saveaslave.com"
5.9.151.67 - - [06/Apr/2015:04:23:20 -0700] "GET /brunei.html HTTP/1.1" 200 5649 "-" "Mozilla/5.0 (compatible; MegaIndex.ru/2.0; +https://www.megaindex.ru/?tab=linkAnalyze)" "saveaslave.com"
5.9.151.67 - - [06/Apr/2015:04:23:21 -0700] "GET /bulgaria.html HTTP/1.1" 200 5666 "-" "Mozilla/5.0 (compatible; MegaIndex.ru/2.0; +https://www.megaindex.ru/?tab=linkAnalyze)" "saveaslave.com"
5.9.151.67 - - [06/Apr/2015:04:23:21 -0700] "GET /burkina-faso.html HTTP/1.1" 200 5702 "-" "Mozilla/5.0 (compatible; MegaIndex.ru/2.0; +https://www.megaindex.ru/?tab=linkAnalyze)" "saveaslave.com"
5.9.151.67 - - [06/Apr/2015:04:23:21 -0700] "GET /burma.html HTTP/1.1" 200 5639 "-" "Mozilla/5.0 (compatible; MegaIndex.ru/2.0; +https://www.megaindex.ru/?tab=linkAnalyze)" "saveaslave.com"
5.9.151.67 - - [06/Apr/2015:04:23:22 -0700] "GET /burundi.html HTTP/1.1" 200 5657 "-" "Mozilla/5.0 (compatible; MegaIndex.ru/2.0; +https://www.megaindex.ru/?tab=linkAnalyze)" "saveaslave.com"
5.9.151.67 - - [06/Apr/2015:04:23:22 -0700] "GET /cambodia.html HTTP/1.1" 200 5666 "-" "Mozilla/5.0 (compatible; MegaIndex.ru/2.0; +https://www.megaindex.ru/?tab=linkAnalyze)" "saveaslave.com"
5.9.151.67 - - [06/Apr/2015:04:23:22 -0700] "GET /cameroon.html HTTP/1.1" 200 5666 "-" "Mozilla/5.0 (compatible; MegaIndex.ru/2.0; +https://www.megaindex.ru/?tab=linkAnalyze)" "saveaslave.com"
5.9.151.67 - - [06/Apr/2015:04:23:23 -0700] "GET /canada.html HTTP/1.1" 200 5648 "-" "Mozilla/5.0 (compatible; MegaIndex.ru/2.0; +https://www.megaindex.ru/?tab=linkAnalyze)" "saveaslave.com"
5.9.151.67 - - [06/Apr/2015:04:23:26 -0700] "GET /cape-verde.html HTTP/1.1" 200 5687 "-" "Mozilla/5.0 (compatible; MegaIndex.ru/2.0; +https://www.megaindex.ru/?tab=linkAnalyze)" "saveaslave.com"
5.9.151.67 - - [06/Apr/2015:04:23:26 -0700] "GET /central-african-republic.html HTTP/1.1" 200 5821 "-" "Mozilla/5.0 (compatible; MegaIndex.ru/2.0; +https://www.megaindex.ru/?tab=linkAnalyze)" "saveaslave.com"
5.9.151.67 - - [06/Apr/2015:04:23:26 -0700] "GET /chad.html HTTP/1.1" 200 5641 "-" "Mozilla/5.0 (compatible; MegaIndex.ru/2.0; +https://www.megaindex.ru/?tab=linkAnalyze)" "saveaslave.com"
5.9.151.67 - - [06/Apr/2015:04:23:27 -0700] "GET /chile.html HTTP/1.1" 200 5650 "-" "Mozilla/5.0 (compatible; MegaIndex.ru/2.0; +https://www.megaindex.ru/?tab=linkAnalyze)" "saveaslave.com"
5.9.151.67 - - [06/Apr/2015:04:23:27 -0700] "GET /china.html HTTP/1.1" 200 5666 "-" "Mozilla/5.0 (compatible; MegaIndex.ru/2.0; +https://www.megaindex.ru/?tab=linkAnalyze)" "saveaslave.com"
5.9.151.67 - - [06/Apr/2015:04:23:27 -0700] "GET /colombia.html HTTP/1.1" 200 5676 "-" "Mozilla/5.0 (compatible; MegaIndex.ru/2.0; +https://www.megaindex.ru/?tab=linkAnalyze)" "saveaslave.com"
5.9.151.67 - - [06/Apr/2015:04:23:28 -0700] "GET /comoros.html HTTP/1.1" 200 5668 "-" "Mozilla/5.0 (compatible; MegaIndex.ru/2.0; +https://www.megaindex.ru/?tab=linkAnalyze)" "saveaslave.com"
5.9.151.67 - - [06/Apr/2015:04:23:28 -0700] "GET /democratic-republic-of-congo.html HTTP/1.1" 200 5844 "-" "Mozilla/5.0 (compatible; MegaIndex.ru/2.0; +https://www.megaindex.ru/?tab=linkAnalyze)" "saveaslave.com"
5.9.151.67 - - [06/Apr/2015:04:23:28 -0700] "GET /republic-of-congo.html HTTP/1.1" 200 5503 "-" "Mozilla/5.0 (compatible; MegaIndex.ru/2.0; +https://www.megaindex.ru/?tab=linkAnalyze)" "saveaslave.com"
5.9.151.67 - - [06/Apr/2015:04:23:28 -0700] "GET /costa-rica.html HTTP/1.1" 200 5867 "-" "Mozilla/5.0 (compatible; MegaIndex.ru/2.0; +https://www.megaindex.ru/?tab=linkAnalyze)" "saveaslave.com"
5.9.151.67 - - [06/Apr/2015:04:23:32 -0700] "GET /cote-d-ivoire.html HTTP/1.1" 200 5714 "-" "Mozilla/5.0 (compatible; MegaIndex.ru/2.0; +https://www.megaindex.ru/?tab=linkAnalyze)" "saveaslave.com"
5.9.151.67 - - [06/Apr/2015:04:23:32 -0700] "GET /croatia.html HTTP/1.1" 200 5659 "-" "Mozilla/5.0 (compatible; MegaIndex.ru/2.0; +https://www.megaindex.ru/?tab=linkAnalyze)" "saveaslave.com"
5.9.151.67 - - [06/Apr/2015:04:23:33 -0700] "GET /cuba.html HTTP/1.1" 200 5628 "-" "Mozilla/5.0 (compatible; MegaIndex.ru/2.0; +https://www.megaindex.ru/?tab=linkAnalyze)" "saveaslave.com"
5.9.151.67 - - [06/Apr/2015:04:23:33 -0700] "GET /curacao.html HTTP/1.1" 200 5678 "-" "Mozilla/5.0 (compatible; MegaIndex.ru/2.0; +https://www.megaindex.ru/?tab=linkAnalyze)" "saveaslave.com"
5.9.151.67 - - [06/Apr/2015:04:23:33 -0700] "GET /cyprus.html HTTP/1.1" 200 5651 "-" "Mozilla/5.0 (compatible; MegaIndex.ru/2.0; +https://www.megaindex.ru/?tab=linkAnalyze)" "saveaslave.com"
5.9.151.67 - - [06/Apr/2015:04:23:35 -0700] "GET /djibouti.html HTTP/1.1" 200 5666 "-" "Mozilla/5.0 (compatible; MegaIndex.ru/2.0; +https://www.megaindex.ru/?tab=linkAnalyze)" "saveaslave.com"
5.9.151.67 - - [06/Apr/2015:04:23:35 -0700] "GET /dominica.html HTTP/1.1" 200 5666 "-" "Mozilla/5.0 (compatible; MegaIndex.ru/2.0; +https://www.megaindex.ru/?tab=linkAnalyze)" "saveaslave.com"
5.9.151.67 - - [06/Apr/2015:04:23:36 -0700] "GET /dominican-republic.html HTTP/1.1" 200 5756 "-" "Mozilla/5.0 (compatible; MegaIndex.ru/2.0; +https://www.megaindex.ru/?tab=linkAnalyze)" "saveaslave.com"
5.9.151.67 - - [06/Apr/2015:04:23:36 -0700] "GET /timor-leste.html HTTP/1.1" 200 5723 "-" "Mozilla/5.0 (compatible; MegaIndex.ru/2.0; +https://www.megaindex.ru/?tab=linkAnalyze)" "saveaslave.com"
5.9.151.67 - - [06/Apr/2015:04:23:37 -0700] "GET /ecuador.html HTTP/1.1" 200 5684 "-" "Mozilla/5.0 (compatible; MegaIndex.ru/2.0; +https://www.megaindex.ru/?tab=linkAnalyze)" "saveaslave.com"
5.9.151.67 - - [06/Apr/2015:04:23:37 -0700] "GET /el-salvador.html HTTP/1.1" 200 5720 "-" "Mozilla/5.0 (compatible; MegaIndex.ru/2.0; +https://www.megaindex.ru/?tab=linkAnalyze)" "saveaslave.com"
5.9.151.67 - - [06/Apr/2015:04:23:38 -0700] "GET /equatorial-guinea.html HTTP/1.1" 200 5774 "-" "Mozilla/5.0 (compatible; MegaIndex.ru/2.0; +https://www.megaindex.ru/?tab=linkAnalyze)" "saveaslave.com"
5.9.151.67 - - [06/Apr/2015:04:23:38 -0700] "GET /eritrea.html HTTP/1.1" 200 5684 "-" "Mozilla/5.0 (compatible; MegaIndex.ru/2.0; +https://www.megaindex.ru/?tab=linkAnalyze)" "saveaslave.com"
5.9.151.67 - - [06/Apr/2015:04:23:38 -0700] "GET /estonia.html HTTP/1.1" 200 5684 "-" "Mozilla/5.0 (compatible; MegaIndex.ru/2.0; +https://www.megaindex.ru/?tab=linkAnalyze)" "saveaslave.com"
5.9.151.67 - - [06/Apr/2015:04:23:39 -0700] "GET /ethiopia.html HTTP/1.1" 200 5695 "-" "Mozilla/5.0 (compatible; MegaIndex.ru/2.0; +https://www.megaindex.ru/?tab=linkAnalyze)" "saveaslave.com"
5.9.151.67 - - [06/Apr/2015:04:23:40 -0700] "GET /finland.html HTTP/1.1" 200 6902 "-" "Mozilla/5.0 (compatible; MegaIndex.ru/2.0; +https://www.megaindex.ru/?tab=linkAnalyze)" "saveaslave.com"
5.9.151.67 - - [06/Apr/2015:04:23:42 -0700] "GET /french-polynesia.html HTTP/1.1" 200 5765 "-" "Mozilla/5.0 (compatible; MegaIndex.ru/2.0; +https://www.megaindex.ru/?tab=linkAnalyze)" "saveaslave.com"
5.9.151.67 - - [06/Apr/2015:04:23:43 -0700] "GET /gabon.html HTTP/1.1" 200 5666 "-" "Mozilla/5.0 (compatible; MegaIndex.ru/2.0; +https://www.megaindex.ru/?tab=linkAnalyze)" "saveaslave.com"
5.9.151.67 - - [06/Apr/2015:04:23:43 -0700] "GET /gambia.html HTTP/1.1" 200 5687 "-" "Mozilla/5.0 (compatible; MegaIndex.ru/2.0; +https://www.megaindex.ru/?tab=linkAnalyze)" "saveaslave.com"
5.9.151.67 - - [06/Apr/2015:04:23:43 -0700] "GET /georgia.html HTTP/1.1" 200 5684 "-" "Mozilla/5.0 (compatible; MegaIndex.ru/2.0; +https://www.megaindex.ru/?tab=linkAnalyze)" "saveaslave.com"
5.9.151.67 - - [06/Apr/2015:04:23:44 -0700] "GET /germany.html HTTP/1.1" 200 5684 "-" "Mozilla/5.0 (compatible; MegaIndex.ru/2.0; +https://www.megaindex.ru/?tab=linkAnalyze)" "saveaslave.com"
5.9.151.67 - - [06/Apr/2015:04:23:44 -0700] "GET /ghana.html HTTP/1.1" 200 5666 "-" "Mozilla/5.0 (compatible; MegaIndex.ru/2.0; +https://www.megaindex.ru/?tab=linkAnalyze)" "saveaslave.com"
5.9.151.67 - - [06/Apr/2015:04:23:46 -0700] "GET /greece.html HTTP/1.1" 200 5675 "-" "Mozilla/5.0 (compatible; MegaIndex.ru/2.0; +https://www.megaindex.ru/?tab=linkAnalyze)" "saveaslave.com"
5.9.151.67 - - [06/Apr/2015:04:23:46 -0700] "GET /grenada.html HTTP/1.1" 200 5684 "-" "Mozilla/5.0 (compatible; MegaIndex.ru/2.0; +https://www.megaindex.ru/?tab=linkAnalyze)" "saveaslave.com"
5.9.151.67 - - [06/Apr/2015:04:23:47 -0700] "GET /guam.html HTTP/1.1" 200 5657 "-" "Mozilla/5.0 (compatible; MegaIndex.ru/2.0; +https://www.megaindex.ru/?tab=linkAnalyze)" "saveaslave.com"
5.9.151.67 - - [06/Apr/2015:04:23:47 -0700] "GET /guatemala.html HTTP/1.1" 200 5702 "-" "Mozilla/5.0 (compatible; MegaIndex.ru/2.0; +https://www.megaindex.ru/?tab=linkAnalyze)" "saveaslave.com"
5.9.151.67 - - [06/Apr/2015:04:23:47 -0700] "GET /guinea.html HTTP/1.1" 200 5675 "-" "Mozilla/5.0 (compatible; MegaIndex.ru/2.0; +https://www.megaindex.ru/?tab=linkAnalyze)" "saveaslave.com"
5.9.151.67 - - [06/Apr/2015:04:23:48 -0700] "GET /haiti.html HTTP/1.1" 200 5666 "-" "Mozilla/5.0 (compatible; MegaIndex.ru/2.0; +https://www.megaindex.ru/?tab=linkAnalyze)" "saveaslave.com"
5.9.151.67 - - [06/Apr/2015:04:23:49 -0700] "GET /hong-kong.html HTTP/1.1" 200 5702 "-" "Mozilla/5.0 (compatible; MegaIndex.ru/2.0; +https://www.megaindex.ru/?tab=linkAnalyze)" "saveaslave.com"
5.9.151.67 - - [06/Apr/2015:04:23:51 -0700] "GET /hungary.html HTTP/1.1" 200 5684 "-" "Mozilla/5.0 (compatible; MegaIndex.ru/2.0; +https://www.megaindex.ru/?tab=linkAnalyze)" "saveaslave.com"
5.9.151.67 - - [06/Apr/2015:04:23:52 -0700] "GET /iran.html HTTP/1.1" 200 5657 "-" "Mozilla/5.0 (compatible; MegaIndex.ru/2.0; +https://www.megaindex.ru/?tab=linkAnalyze)" "saveaslave.com"
5.9.151.67 - - [06/Apr/2015:04:23:52 -0700] "GET /iraq.html HTTP/1.1" 200 5657 "-" "Mozilla/5.0 (compatible; MegaIndex.ru/2.0; +https://www.megaindex.ru/?tab=linkAnalyze)" "saveaslave.com"
5.9.151.67 - - [06/Apr/2015:04:23:52 -0700] "GET /ireland.html HTTP/1.1" 200 5684 "-" "Mozilla/5.0 (compatible; MegaIndex.ru/2.0; +https://www.megaindex.ru/?tab=linkAnalyze)" "saveaslave.com"
5.9.151.67 - - [06/Apr/2015:04:23:53 -0700] "GET /israel.html HTTP/1.1" 200 5675 "-" "Mozilla/5.0 (compatible; MegaIndex.ru/2.0; +https://www.megaindex.ru/?tab=linkAnalyze)" "saveaslave.com"
5.9.151.67 - - [06/Apr/2015:04:23:53 -0700] "GET /italy.html HTTP/1.1" 200 5666 "-" "Mozilla/5.0 (compatible; MegaIndex.ru/2.0; +https://www.megaindex.ru/?tab=linkAnalyze)" "saveaslave.com"
5.9.151.67 - - [06/Apr/2015:04:23:53 -0700] "GET /jamaica.html HTTP/1.1" 200 5684 "-" "Mozilla/5.0 (compatible; MegaIndex.ru/2.0; +https://www.megaindex.ru/?tab=linkAnalyze)" "saveaslave.com"
5.9.151.67 - - [06/Apr/2015:04:23:54 -0700] "GET /japan.html HTTP/1.1" 200 5666 "-" "Mozilla/5.0 (compatible; MegaIndex.ru/2.0; +https://www.megaindex.ru/?tab=linkAnalyze)" "saveaslave.com"
5.9.151.67 - - [06/Apr/2015:04:23:54 -0700] "GET /jordan.html HTTP/1.1" 200 5675 "-" "Mozilla/5.0 (compatible; MegaIndex.ru/2.0; +https://www.megaindex.ru/?tab=linkAnalyze)" "saveaslave.com"
5.9.151.67 - - [06/Apr/2015:04:23:56 -0700] "GET /kenya.html HTTP/1.1" 200 5666 "-" "Mozilla/5.0 (compatible; MegaIndex.ru/2.0; +https://www.megaindex.ru/?tab=linkAnalyze)" "saveaslave.com"
5.9.151.67 - - [06/Apr/2015:04:23:56 -0700] "GET /kosovo.html HTTP/1.1" 200 5675 "-" "Mozilla/5.0 (compatible; MegaIndex.ru/2.0; +https://www.megaindex.ru/?tab=linkAnalyze)" "saveaslave.com"
5.9.151.67 - - [06/Apr/2015:04:23:57 -0700] "GET /kuwait.html HTTP/1.1" 200 5676 "-" "Mozilla/5.0 (compatible; MegaIndex.ru/2.0; +https://www.megaindex.ru/?tab=linkAnalyze)" "saveaslave.com"
