46.229.164.113 - - [10/Jan/2015:10:49:06 -0800] "GET /svalbard.html HTTP/1.1" 200 5480 "-" "Mozilla/5.0 (compatible; SemrushBot/0.98~bl; +http://www.semrush.com/bot.html)" "www.saveaslave.com"
24.123.163.220 - - [10/Jan/2015:11:18:20 -0800] "GET /images/slaves.jpg HTTP/1.1" 200 64009 "http://dudamobile.saveaslave.com/" "Mozilla/5.0 (Linux; Android 4.4.4; XT1031 Build/KXB21.14-L1.57) AppleWebKit/537.36 (KHTML, like Gecko) Chrome/39.0.2171.93 Mobile Safari/537.36" "saveaslave.com"
24.123.163.220 - - [10/Jan/2015:11:18:49 -0800] "GET /images/givebtn.png HTTP/1.1" 200 26179 "http://dudamobile.saveaslave.com/" "Mozilla/5.0 (Linux; Android 4.4.4; XT1031 Build/KXB21.14-L1.57) AppleWebKit/537.36 (KHTML, like Gecko) Chrome/39.0.2171.93 Mobile Safari/537.36" "saveaslave.com"
70.195.0.151 - - [10/Jan/2015:11:19:25 -0800] "GET /images/countrymap/united-states-flag.gif HTTP/1.1" 200 26972 "https://www.google.com/" "Mozilla/5.0 (iPhone; CPU iPhone OS 8_1_1 like Mac OS X) AppleWebKit/600.1.4 (KHTML, like Gecko) Version/8.0 Mobile/12B436 Safari/600.1.4" "www.saveaslave.com"
157.55.39.111 - - [10/Jan/2015:11:38:03 -0800] "GET /iceland.html HTTP/1.1" 200 5464 "-" "Mozilla/5.0 (compatible; bingbot/2.0; +http://www.bing.com/bingbot.htm)" "saveaslave.com"
207.46.13.40 - - [10/Jan/2015:11:46:16 -0800] "GET /ecuador.html HTTP/1.1" 200 5464 "-" "Mozilla/5.0 (compatible; bingbot/2.0; +http://www.bing.com/bingbot.htm)" "saveaslave.com"
77.75.77.32 - - [10/Jan/2015:11:48:17 -0800] "GET /peru.html HTTP/1.1" 200 5437 "-" "Mozilla/5.0 (compatible; SeznamBot/3.2; +http://fulltext.sblog.cz/)" "saveaslave.com"
46.229.164.115 - - [10/Jan/2015:11:56:47 -0800] "GET /photo_gallery/default.html HTTP/1.1" 404 89 "-" "Mozilla/5.0 (compatible; SemrushBot/0.98~bl; +http://www.semrush.com/bot.html)" "saveaslave.com"
72.168.98.117 - - [10/Jan/2015:11:59:15 -0800] "GET /jquery-1.3.2.min.js HTTP/1.1" 200 57254 "http://www.saveaslave.com/" "Mozilla/5.0 (Windows NT 6.1; WOW64; Trident/7.0; yie11; rv:11.0) like Gecko" "www.saveaslave.com"
180.76.5.143 - - [10/Jan/2015:11:59:58 -0800] "GET / HTTP/1.1" 200 31335 "-" "Mozilla/5.0 (compatible; Baiduspider/2.0; +http://www.baidu.com/search/spider.html)" "www.saveaslave.com"
212.232.24.2 - - [10/Jan/2015:12:02:26 -0800] "GET /robots.txt HTTP/1.1" 404 89 "-" "betaBot" "www.saveaslave.com"
207.46.13.40 - - [10/Jan/2015:12:26:28 -0800] "GET /kazakhstan.html HTTP/1.1" 200 5491 "-" "Mozilla/5.0 (compatible; bingbot/2.0; +http://www.bing.com/bingbot.htm)" "saveaslave.com"
157.55.39.162 - - [10/Jan/2015:12:27:27 -0800] "GET /oman.html HTTP/1.1" 200 5437 "-" "Mozilla/5.0 (compatible; bingbot/2.0; +http://www.bing.com/bingbot.htm)" "saveaslave.com"
207.46.13.40 - - [10/Jan/2015:12:30:26 -0800] "GET /wallis-and-futuna.html HTTP/1.1" 200 5541 "-" "Mozilla/5.0 (compatible; bingbot/2.0; +http://www.bing.com/bingbot.htm)" "saveaslave.com"
207.46.13.40 - - [10/Jan/2015:12:30:26 -0800] "GET /saudi-arabia.html HTTP/1.1" 200 5509 "-" "Mozilla/5.0 (compatible; bingbot/2.0; +http://www.bing.com/bingbot.htm)" "saveaslave.com"
46.229.164.114 - - [10/Jan/2015:12:32:48 -0800] "GET /azerbaijan.html HTTP/1.1" 200 5411 "-" "Mozilla/5.0 (compatible; SemrushBot/0.98~bl; +http://www.semrush.com/bot.html)" "www.saveaslave.com"
69.35.195.56 - - [10/Jan/2015:12:37:12 -0800] "GET /images/countrymap/united-states-flag.gif HTTP/1.1" 200 26972 "https://www.google.com/" "Mozilla/5.0 (iPhone; CPU iPhone OS 7_1_2 like Mac OS X) AppleWebKit/537.51.2 (KHTML, like Gecko) Version/7.0 Mobile/11D257 Safari/9537.53" "www.saveaslave.com"
180.76.5.63 - - [10/Jan/2015:12:44:47 -0800] "GET /northern-mariana-islands.html HTTP/1.1" 200 5617 "-" "Mozilla/5.0 (compatible; Baiduspider/2.0; +http://www.baidu.com/search/spider.html)" "www.saveaslave.com"
207.46.13.40 - - [10/Jan/2015:12:51:44 -0800] "GET /aruba.html HTTP/1.1" 200 14643 "-" "Mozilla/5.0 (compatible; bingbot/2.0; +http://www.bing.com/bingbot.htm)" "saveaslave.com"
72.168.98.119 - - [10/Jan/2015:13:01:37 -0800] "GET / HTTP/1.1" 200 31335 "-" "Mozilla/5.0 (Windows NT 6.1; WOW64; Trident/7.0; yie11; rv:11.0) like Gecko" "www.saveaslave.com"
72.168.98.119 - - [10/Jan/2015:13:01:37 -0800] "GET /css/style.css HTTP/1.1" 200 957 "http://www.saveaslave.com/" "Mozilla/5.0 (Windows NT 6.1; WOW64; Trident/7.0; yie11; rv:11.0) like Gecko" "www.saveaslave.com"
72.168.98.119 - - [10/Jan/2015:13:01:38 -0800] "GET /images/slaves.jpg HTTP/1.1" 200 64009 "http://www.saveaslave.com/" "Mozilla/5.0 (Windows NT 6.1; WOW64; Trident/7.0; yie11; rv:11.0) like Gecko" "www.saveaslave.com"
201.81.81.37 - - [10/Jan/2015:13:05:06 -0800] "GET /images/countrymap/solomon-islands.gif HTTP/1.1" 200 122217 "https://www.google.cl/" "Mozilla/5.0 (Windows NT 6.2; WOW64) AppleWebKit/537.36 (KHTML, like Gecko) Chrome/39.0.2171.95 Safari/537.36" "www.saveaslave.com"
157.55.39.111 - - [10/Jan/2015:13:07:45 -0800] "GET /togo.html HTTP/1.1" 200 5444 "-" "Mozilla/5.0 (compatible; bingbot/2.0; +http://www.bing.com/bingbot.htm)" "saveaslave.com"
23.23.242.178 - - [10/Jan/2015:13:09:20 -0800] "GET /albania.html HTTP/1.1" 200 5845 "-" "Mozilla/5.0 (Windows; U; Windows NT 5.1; en-US; rv:1.9.2.8) Gecko/20100722 Firefox/3.6.8" "www.saveaslave.com"
207.46.13.40 - - [10/Jan/2015:13:19:57 -0800] "GET /lithuania.html HTTP/1.1" 200 5482 "-" "Mozilla/5.0 (compatible; bingbot/2.0; +http://www.bing.com/bingbot.htm)" "saveaslave.com"
72.168.98.119 - - [10/Jan/2015:13:21:28 -0800] "GET / HTTP/1.1" 200 31335 "-" "Mozilla/5.0 (Windows NT 6.1; WOW64; Trident/7.0; yie11; rv:11.0) like Gecko" "www.saveaslave.com"
72.168.98.119 - - [10/Jan/2015:13:21:28 -0800] "GET /images/sas_button.gif HTTP/1.1" 200 2628 "http://www.saveaslave.com/" "Mozilla/5.0 (Windows NT 6.1; WOW64; Trident/7.0; yie11; rv:11.0) like Gecko" "www.saveaslave.com"
72.168.98.119 - - [10/Jan/2015:13:21:28 -0800] "GET /images/slaves.jpg HTTP/1.1" 200 64009 "http://www.saveaslave.com/" "Mozilla/5.0 (Windows NT 6.1; WOW64; Trident/7.0; yie11; rv:11.0) like Gecko" "www.saveaslave.com"
207.46.13.40 - - [10/Jan/2015:13:21:54 -0800] "GET /kosovo.html HTTP/1.1" 200 5455 "-" "Mozilla/5.0 (compatible; bingbot/2.0; +http://www.bing.com/bingbot.htm)" "saveaslave.com"
157.55.39.120 - - [10/Jan/2015:13:22:14 -0800] "GET /bulgaria.html HTTP/1.1" 200 5414 "-" "Mozilla/5.0 (compatible; bingbot/2.0; +http://www.bing.com/bingbot.htm)" "saveaslave.com"
157.55.39.163 - - [10/Jan/2015:13:25:47 -0800] "GET /gambia.html HTTP/1.1" 200 5467 "-" "Mozilla/5.0 (compatible; bingbot/2.0; +http://www.bing.com/bingbot.htm)" "saveaslave.com"
157.55.39.163 - - [10/Jan/2015:13:35:49 -0800] "GET /egypt.html HTTP/1.1" 200 5446 "-" "Mozilla/5.0 (compatible; bingbot/2.0; +http://www.bing.com/bingbot.htm)" "saveaslave.com"
207.46.13.40 - - [10/Jan/2015:13:38:51 -0800] "GET /bahamas.html HTTP/1.1" 200 5387 "-" "Mozilla/5.0 (compatible; bingbot/2.0; +http://www.bing.com/bingbot.htm)" "saveaslave.com"
157.55.39.162 - - [10/Jan/2015:13:51:18 -0800] "GET /serbia.html HTTP/1.1" 200 5455 "-" "Mozilla/5.0 (compatible; bingbot/2.0; +http://www.bing.com/bingbot.htm)" "saveaslave.com"
157.55.39.162 - - [10/Jan/2015:14:04:17 -0800] "GET /peru.html HTTP/1.1" 200 5437 "-" "Mozilla/5.0 (compatible; bingbot/2.0; +http://www.bing.com/bingbot.htm)" "saveaslave.com"
46.229.164.113 - - [10/Jan/2015:14:07:00 -0800] "GET /andorra.html HTTP/1.1" 200 5386 "-" "Mozilla/5.0 (compatible; SemrushBot/0.98~bl; +http://www.semrush.com/bot.html)" "saveaslave.com"
157.55.39.111 - - [10/Jan/2015:14:16:46 -0800] "GET /austria.html HTTP/1.1" 200 5382 "-" "Mozilla/5.0 (compatible; bingbot/2.0; +http://www.bing.com/bingbot.htm)" "saveaslave.com"
207.46.13.40 - - [10/Jan/2015:14:19:16 -0800] "GET /qatar.html HTTP/1.1" 200 5446 "-" "Mozilla/5.0 (compatible; bingbot/2.0; +http://www.bing.com/bingbot.htm)" "saveaslave.com"
46.229.164.111 - - [10/Jan/2015:14:23:56 -0800] "GET /suriname.html HTTP/1.1" 200 5480 "-" "Mozilla/5.0 (compatible; SemrushBot/0.98~bl; +http://www.semrush.com/bot.html)" "saveaslave.com"
157.55.39.120 - - [10/Jan/2015:14:23:58 -0800] "GET /dominica.html HTTP/1.1" 200 5414 "-" "Mozilla/5.0 (compatible; bingbot/2.0; +http://www.bing.com/bingbot.htm)" "saveaslave.com"
157.55.39.120 - - [10/Jan/2015:14:23:58 -0800] "GET /costa-rica.html HTTP/1.1" 200 5637 "-" "Mozilla/5.0 (compatible; bingbot/2.0; +http://www.bing.com/bingbot.htm)" "saveaslave.com"
157.55.39.111 - - [10/Jan/2015:14:30:01 -0800] "GET /republic-of-congo.html HTTP/1.1" 200 5503 "-" "Mozilla/5.0 (compatible; bingbot/2.0; +http://www.bing.com/bingbot.htm)" "saveaslave.com"
157.55.39.111 - - [10/Jan/2015:14:30:01 -0800] "GET /macau.html HTTP/1.1" 200 5446 "-" "Mozilla/5.0 (compatible; bingbot/2.0; +http://www.bing.com/bingbot.htm)" "saveaslave.com"
157.55.39.163 - - [10/Jan/2015:14:34:53 -0800] "GET /french-polynesia.html HTTP/1.1" 200 5545 "-" "Mozilla/5.0 (compatible; bingbot/2.0; +http://www.bing.com/bingbot.htm)" "saveaslave.com"
207.46.13.40 - - [10/Jan/2015:14:37:00 -0800] "GET /chad.html HTTP/1.1" 200 5386 "-" "Mozilla/5.0 (compatible; bingbot/2.0; +http://www.bing.com/bingbot.htm)" "saveaslave.com"
207.46.13.40 - - [10/Jan/2015:14:37:00 -0800] "GET /drudge.html HTTP/1.1" 200 6233 "-" "Mozilla/5.0 (compatible; bingbot/2.0; +http://www.bing.com/bingbot.htm)" "saveaslave.com"
207.46.13.40 - - [10/Jan/2015:14:37:01 -0800] "GET /eritrea.html HTTP/1.1" 200 5464 "-" "Mozilla/5.0 (compatible; bingbot/2.0; +http://www.bing.com/bingbot.htm)" "saveaslave.com"
157.55.39.162 - - [10/Jan/2015:14:37:19 -0800] "GET /south-korea.html HTTP/1.1" 200 5500 "-" "Mozilla/5.0 (compatible; bingbot/2.0; +http://www.bing.com/bingbot.htm)" "saveaslave.com"
157.55.39.162 - - [10/Jan/2015:14:40:18 -0800] "GET /jordan.html HTTP/1.1" 200 5455 "-" "Mozilla/5.0 (compatible; bingbot/2.0; +http://www.bing.com/bingbot.htm)" "saveaslave.com"
157.55.39.111 - - [10/Jan/2015:14:46:05 -0800] "GET /paypalbutton.html HTTP/1.1" 200 3266 "-" "Mozilla/5.0 (compatible; bingbot/2.0; +http://www.bing.com/bingbot.htm)" "saveaslave.com"
46.229.164.113 - - [10/Jan/2015:14:52:26 -0800] "GET /bangladesh.html HTTP/1.1" 200 5432 "-" "Mozilla/5.0 (compatible; SemrushBot/0.98~bl; +http://www.semrush.com/bot.html)" "saveaslave.com"
157.55.39.111 - - [10/Jan/2015:14:53:15 -0800] "GET /netherlands.html HTTP/1.1" 200 5500 "-" "Mozilla/5.0 (compatible; bingbot/2.0; +http://www.bing.com/bingbot.htm)" "saveaslave.com"
157.55.39.111 - - [10/Jan/2015:14:53:15 -0800] "GET /turks-caicos-islands.html HTTP/1.1" 200 5604 "-" "Mozilla/5.0 (compatible; bingbot/2.0; +http://www.bing.com/bingbot.htm)" "saveaslave.com"
80.26.243.9 - - [10/Jan/2015:14:57:15 -0800] "GET /images/slaves.jpg HTTP/1.1" 200 64009 "-" "Mozilla/5.0 (X11; Ubuntu; Linux i686; rv:34.0) Gecko/20100101 Firefox/34.0" "www.saveaslave.com"
157.55.39.111 - - [10/Jan/2015:15:00:48 -0800] "GET /north-korea.html HTTP/1.1" 200 5500 "-" "Mozilla/5.0 (compatible; bingbot/2.0; +http://www.bing.com/bingbot.htm)" "saveaslave.com"
23.23.242.178 - - [10/Jan/2015:15:06:39 -0800] "GET / HTTP/1.1" 200 31335 "-" "Mozilla/5.0 (Windows; U; Windows NT 5.1; en-US; rv:1.9.2.8) Gecko/20100722 Firefox/3.6.8" "saveaslave.com"
207.46.13.40 - - [10/Jan/2015:15:12:14 -0800] "GET /new-zealand.html HTTP/1.1" 200 5500 "-" "Mozilla/5.0 (compatible; bingbot/2.0; +http://www.bing.com/bingbot.htm)" "saveaslave.com"
157.55.39.111 - - [10/Jan/2015:15:12:56 -0800] "GET /china.html HTTP/1.1" 200 5411 "-" "Mozilla/5.0 (compatible; bingbot/2.0; +http://www.bing.com/bingbot.htm)" "saveaslave.com"
157.55.39.120 - - [10/Jan/2015:15:13:52 -0800] "GET /djibouti.html HTTP/1.1" 200 5414 "-" "Mozilla/5.0 (compatible; bingbot/2.0; +http://www.bing.com/bingbot.htm)" "saveaslave.com"
207.46.13.40 - - [10/Jan/2015:15:20:13 -0800] "GET /south-sudan.html HTTP/1.1" 200 5500 "-" "Mozilla/5.0 (compatible; bingbot/2.0; +http://www.bing.com/bingbot.htm)" "saveaslave.com"
157.55.39.162 - - [10/Jan/2015:15:25:23 -0800] "GET /georgia.html HTTP/1.1" 200 5464 "-" "Mozilla/5.0 (compatible; bingbot/2.0; +http://www.bing.com/bingbot.htm)" "saveaslave.com"
157.55.39.162 - - [10/Jan/2015:15:25:23 -0800] "GET /mauritania.html HTTP/1.1" 200 5491 "-" "Mozilla/5.0 (compatible; bingbot/2.0; +http://www.bing.com/bingbot.htm)" "saveaslave.com"
207.46.13.40 - - [10/Jan/2015:15:28:49 -0800] "GET /india.html HTTP/1.1" 200 5446 "-" "Mozilla/5.0 (compatible; bingbot/2.0; +http://www.bing.com/bingbot.htm)" "saveaslave.com"
157.55.39.111 - - [10/Jan/2015:15:29:53 -0800] "GET /syria.html HTTP/1.1" 200 5453 "-" "Mozilla/5.0 (compatible; bingbot/2.0; +http://www.bing.com/bingbot.htm)" "saveaslave.com"
180.76.5.61 - - [10/Jan/2015:15:31:28 -0800] "GET /china HTTP/1.1" 200 5411 "-" "Mozilla/5.0 (compatible; Baiduspider/2.0; +http://www.baidu.com/search/spider.html)" "www.saveaslave.com"
157.55.39.163 - - [10/Jan/2015:15:36:34 -0800] "GET /brazil.html HTTP/1.1" 200 5396 "-" "Mozilla/5.0 (compatible; bingbot/2.0; +http://www.bing.com/bingbot.htm)" "saveaslave.com"
217.69.133.30 - - [10/Jan/2015:15:37:06 -0800] "GET /robots.txt HTTP/1.1" 404 89 "-" "Mozilla/5.0 (compatible; Linux x86_64; Mail.RU_Bot/2.0; +http://go.mail.ru/help/robots)" "saveaslave.com"
66.249.69.199 - - [10/Jan/2015:15:45:59 -0800] "GET /Albania.html?menu=Bolivia.html HTTP/1.1" 404 89 "-" "Mozilla/5.0 (compatible; Googlebot/2.1; +http://www.google.com/bot.html)" "www.saveaslave.com"
207.46.13.40 - - [10/Jan/2015:15:54:06 -0800] "GET /vanuatu.html HTTP/1.1" 200 5471 "-" "Mozilla/5.0 (compatible; bingbot/2.0; +http://www.bing.com/bingbot.htm)" "saveaslave.com"
207.46.13.40 - - [10/Jan/2015:15:54:06 -0800] "GET /maldives.html HTTP/1.1" 200 5473 "-" "Mozilla/5.0 (compatible; bingbot/2.0; +http://www.bing.com/bingbot.htm)" "saveaslave.com"
65.36.241.77 - - [10/Jan/2015:15:57:53 -0800] "HEAD / HTTP/1.1" 200 0 "-" "InternetSeer.com" "www.saveaslave.com"
207.46.13.40 - - [10/Jan/2015:16:28:51 -0800] "GET /liechtenstein.html HTTP/1.1" 200 5518 "-" "Mozilla/5.0 (compatible; bingbot/2.0; +http://www.bing.com/bingbot.htm)" "saveaslave.com"
72.168.98.122 - - [10/Jan/2015:16:43:35 -0800] "GET /images/sas_button.gif HTTP/1.1" 200 2628 "http://www.saveaslave.com/" "Mozilla/5.0 (Windows NT 6.1; WOW64; Trident/7.0; yie11; rv:11.0) like Gecko" "www.saveaslave.com"
207.46.13.40 - - [10/Jan/2015:16:53:33 -0800] "GET /venezuela.html HTTP/1.1" 200 5489 "-" "Mozilla/5.0 (compatible; bingbot/2.0; +http://www.bing.com/bingbot.htm)" "saveaslave.com"
65.36.241.77 - - [10/Jan/2015:17:06:40 -0800] "HEAD / HTTP/1.1" 200 0 "-" "InternetSeer.com" "www.saveaslave.com"
46.229.164.113 - - [10/Jan/2015:17:14:32 -0800] "GET /bhutan.html HTTP/1.1" 200 5396 "-" "Mozilla/5.0 (compatible; SemrushBot/0.98~bl; +http://www.semrush.com/bot.html)" "saveaslave.com"
157.55.39.120 - - [10/Jan/2015:17:14:47 -0800] "GET /nigeria.html HTTP/1.1" 200 5464 "-" "Mozilla/5.0 (compatible; bingbot/2.0; +http://www.bing.com/bingbot.htm)" "saveaslave.com"
46.229.164.113 - - [10/Jan/2015:17:15:21 -0800] "GET /afghanistan.html HTTP/1.1" 200 5418 "-" "Mozilla/5.0 (compatible; SemrushBot/0.98~bl; +http://www.semrush.com/bot.html)" "www.saveaslave.com"
177.137.58.232 - - [10/Jan/2015:17:19:34 -0800] "GET / HTTP/1.1" 200 31335 "http://semalt.semalt.com/crawler.php?u=http://saveaslave.com" "Mozilla/5.0 (Windows NT 6.1; WOW64) AppleWebKit/537.36 (KHTML, like Gecko) Chrome/36.0.1985.143 Safari/537.36" "saveaslave.com"
177.137.58.232 - - [10/Jan/2015:17:19:35 -0800] "GET /images/sas_button.gif HTTP/1.1" 200 2628 "http://saveaslave.com/" "Mozilla/5.0 (Windows NT 6.1; WOW64) AppleWebKit/537.36 (KHTML, like Gecko) Chrome/36.0.1985.143 Safari/537.36" "saveaslave.com"
207.46.13.40 - - [10/Jan/2015:17:25:10 -0800] "GET /norfolk-island.html HTTP/1.1" 200 5527 "-" "Mozilla/5.0 (compatible; bingbot/2.0; +http://www.bing.com/bingbot.htm)" "saveaslave.com"
157.55.39.162 - - [10/Jan/2015:17:29:23 -0800] "GET /iraq.html HTTP/1.1" 200 5437 "-" "Mozilla/5.0 (compatible; bingbot/2.0; +http://www.bing.com/bingbot.htm)" "saveaslave.com"
157.55.39.162 - - [10/Jan/2015:17:29:23 -0800] "GET /timor-leste.html HTTP/1.1" 200 5509 "-" "Mozilla/5.0 (compatible; bingbot/2.0; +http://www.bing.com/bingbot.htm)" "saveaslave.com"
157.55.39.111 - - [10/Jan/2015:17:47:25 -0800] "GET /tajikistan.html HTTP/1.1" 200 5498 "-" "Mozilla/5.0 (compatible; bingbot/2.0; +http://www.bing.com/bingbot.htm)" "saveaslave.com"
157.55.39.120 - - [10/Jan/2015:17:49:19 -0800] "GET /norway.html HTTP/1.1" 200 5455 "-" "Mozilla/5.0 (compatible; bingbot/2.0; +http://www.bing.com/bingbot.htm)" "saveaslave.com"
46.229.164.111 - - [10/Jan/2015:18:02:35 -0800] "GET /sudan.html HTTP/1.1" 200 5452 "-" "Mozilla/5.0 (compatible; SemrushBot/0.98~bl; +http://www.semrush.com/bot.html)" "saveaslave.com"
157.55.39.163 - - [10/Jan/2015:18:08:43 -0800] "GET /taiwan.html HTTP/1.1" 200 5462 "-" "Mozilla/5.0 (compatible; bingbot/2.0; +http://www.bing.com/bingbot.htm)" "saveaslave.com"
157.55.39.163 - - [10/Jan/2015:18:08:43 -0800] "GET /finland.html HTTP/1.1" 200 6650 "-" "Mozilla/5.0 (compatible; bingbot/2.0; +http://www.bing.com/bingbot.htm)" "saveaslave.com"
157.55.39.111 - - [10/Jan/2015:18:17:30 -0800] "GET /malaysia.html HTTP/1.1" 200 5473 "-" "Mozilla/5.0 (compatible; bingbot/2.0; +http://www.bing.com/bingbot.htm)" "saveaslave.com"
199.21.99.206 - - [10/Jan/2015:18:20:55 -0800] "GET /norfolk-island.html HTTP/1.1" 200 5527 "-" "Mozilla/5.0 (compatible; YandexBot/3.0; +http://yandex.com/bots)" "saveaslave.com"
157.55.39.120 - - [10/Jan/2015:18:34:44 -0800] "GET /samoa.html HTTP/1.1" 200 5446 "-" "Mozilla/5.0 (compatible; bingbot/2.0; +http://www.bing.com/bingbot.htm)" "saveaslave.com"
207.46.13.40 - - [10/Jan/2015:18:37:48 -0800] "GET /south-africa.html HTTP/1.1" 200 5509 "-" "Mozilla/5.0 (compatible; bingbot/2.0; +http://www.bing.com/bingbot.htm)" "saveaslave.com"
207.46.13.40 - - [10/Jan/2015:18:37:49 -0800] "GET /lebanon.html HTTP/1.1" 200 5464 "-" "Mozilla/5.0 (compatible; bingbot/2.0; +http://www.bing.com/bingbot.htm)" "saveaslave.com"
207.46.13.40 - - [10/Jan/2015:18:37:49 -0800] "GET /jamaica.html HTTP/1.1" 200 5464 "-" "Mozilla/5.0 (compatible; bingbot/2.0; +http://www.bing.com/bingbot.htm)" "saveaslave.com"
207.46.13.40 - - [10/Jan/2015:18:37:49 -0800] "GET /malawi.html HTTP/1.1" 200 5455 "-" "Mozilla/5.0 (compatible; bingbot/2.0; +http://www.bing.com/bingbot.htm)" "saveaslave.com"
208.115.113.86 - - [10/Jan/2015:18:41:36 -0800] "GET /robots.txt HTTP/1.1" 404 89 "-" "Mozilla/5.0 (compatible; DotBot/1.1; http://www.opensiteexplorer.org/dotbot, help@moz.com)" "saveaslave.com"
220.181.108.177 - - [10/Jan/2015:18:43:00 -0800] "GET /images/Kiribati_region.gif HTTP/1.1" 404 89 "-" "Baiduspider-image+(+http://www.baidu.com/search/spider.htm)\\nReferer: http://image.baidu.com/i?ct=503316480&z=0&tn=baiduimagedetail" "www.saveaslave.com"
220.181.108.160 - - [10/Jan/2015:18:43:01 -0800] "GET /images/Canada_map.gif HTTP/1.1" 404 89 "-" "Baiduspider-image+(+http://www.baidu.com/search/spider.htm)\\nReferer: http://image.baidu.com/i?ct=503316480&z=0&tn=baiduimagedetail" "www.saveaslave.com"
157.55.39.120 - - [10/Jan/2015:18:44:11 -0800] "GET /northern-mariana-islands.html HTTP/1.1" 200 5617 "-" "Mozilla/5.0 (compatible; bingbot/2.0; +http://www.bing.com/bingbot.htm)" "saveaslave.com"
157.55.39.120 - - [10/Jan/2015:18:44:12 -0800] "GET /malta.html HTTP/1.1" 200 5446 "-" "Mozilla/5.0 (compatible; bingbot/2.0; +http://www.bing.com/bingbot.htm)" "saveaslave.com"
157.55.39.120 - - [10/Jan/2015:18:46:36 -0800] "GET / HTTP/1.1" 200 31335 "-" "Mozilla/5.0 (compatible; bingbot/2.0; +http://www.bing.com/bingbot.htm)" "saveaslave.com"
91.207.7.238 - - [10/Jan/2015:18:49:22 -0800] "GET /site/?p=2 HTTP/1.1" 404 89 "-" "Mozilla/4.0 (compatible; MSIE 6.0; Windows NT 5.1)" "saveaslave.com"
190.37.232.127 - - [10/Jan/2015:18:53:39 -0800] "GET / HTTP/1.1" 200 31335 "http://www.saveaslave.com/" "Mozilla/5.0 (Windows NT 6.1; WOW64) AppleWebKit/537.36 (KHTML, like Gecko) Chrome/39.0.2171.65 Safari/537.36" "www.saveaslave.com"
157.55.39.162 - - [10/Jan/2015:18:58:12 -0800] "GET /sudan.html HTTP/1.1" 200 5452 "-" "Mozilla/5.0 (compatible; bingbot/2.0; +http://www.bing.com/bingbot.htm)" "saveaslave.com"
157.55.39.120 - - [10/Jan/2015:19:03:53 -0800] "GET /greece.html HTTP/1.1" 200 5455 "-" "Mozilla/5.0 (compatible; bingbot/2.0; +http://www.bing.com/bingbot.htm)" "saveaslave.com"
46.229.164.113 - - [10/Jan/2015:19:12:19 -0800] "GET /bhutan.html HTTP/1.1" 200 5396 "-" "Mozilla/5.0 (compatible; SemrushBot/0.98~bl; +http://www.semrush.com/bot.html)" "www.saveaslave.com"
46.229.164.113 - - [10/Jan/2015:19:12:19 -0800] "GET /british_indian.html HTTP/1.1" 404 89 "-" "Mozilla/5.0 (compatible; SemrushBot/0.98~bl; +http://www.semrush.com/bot.html)" "saveaslave.com"
157.55.39.120 - - [10/Jan/2015:19:15:54 -0800] "GET /guatemala.html HTTP/1.1" 200 5482 "-" "Mozilla/5.0 (compatible; bingbot/2.0; +http://www.bing.com/bingbot.htm)" "saveaslave.com"
72.168.98.122 - - [10/Jan/2015:19:23:52 -0800] "GET / HTTP/1.1" 200 31335 "-" "Mozilla/5.0 (Windows NT 6.1; WOW64; Trident/7.0; yie11; rv:11.0) like Gecko" "www.saveaslave.com"
72.168.98.122 - - [10/Jan/2015:19:23:53 -0800] "GET /css/style.css HTTP/1.1" 200 957 "http://www.saveaslave.com/" "Mozilla/5.0 (Windows NT 6.1; WOW64; Trident/7.0; yie11; rv:11.0) like Gecko" "www.saveaslave.com"
72.168.98.122 - - [10/Jan/2015:19:23:53 -0800] "GET /jquery-1.3.2.min.js HTTP/1.1" 200 57254 "http://www.saveaslave.com/" "Mozilla/5.0 (Windows NT 6.1; WOW64; Trident/7.0; yie11; rv:11.0) like Gecko" "www.saveaslave.com"
72.168.98.122 - - [10/Jan/2015:19:23:53 -0800] "GET /images/header.png HTTP/1.1" 200 84658 "http://www.saveaslave.com/" "Mozilla/5.0 (Windows NT 6.1; WOW64; Trident/7.0; yie11; rv:11.0) like Gecko" "www.saveaslave.com"
72.168.98.122 - - [10/Jan/2015:19:23:53 -0800] "GET /jquery.marquee.js HTTP/1.1" 200 6560 "http://www.saveaslave.com/" "Mozilla/5.0 (Windows NT 6.1; WOW64; Trident/7.0; yie11; rv:11.0) like Gecko" "www.saveaslave.com"
72.168.98.122 - - [10/Jan/2015:19:23:53 -0800] "GET /images/slaves.jpg HTTP/1.1" 200 64009 "http://www.saveaslave.com/" "Mozilla/5.0 (Windows NT 6.1; WOW64; Trident/7.0; yie11; rv:11.0) like Gecko" "www.saveaslave.com"
72.168.98.122 - - [10/Jan/2015:19:23:53 -0800] "GET /images/sas_button.gif HTTP/1.1" 200 2628 "http://www.saveaslave.com/" "Mozilla/5.0 (Windows NT 6.1; WOW64; Trident/7.0; yie11; rv:11.0) like Gecko" "www.saveaslave.com"
208.115.113.86 - - [10/Jan/2015:19:24:11 -0800] "GET /djibouti HTTP/1.1" 200 5414 "-" "Mozilla/5.0 (compatible; DotBot/1.1; http://www.opensiteexplorer.org/dotbot, help@moz.com)" "saveaslave.com"
157.55.39.111 - - [10/Jan/2015:19:26:40 -0800] "GET /trinidad-tobago.html HTTP/1.1" 200 5559 "-" "Mozilla/5.0 (compatible; bingbot/2.0; +http://www.bing.com/bingbot.htm)" "saveaslave.com"
157.55.39.111 - - [10/Jan/2015:19:27:36 -0800] "GET /uzbekistan.html HTTP/1.1" 200 5498 "-" "Mozilla/5.0 (compatible; bingbot/2.0; +http://www.bing.com/bingbot.htm)" "saveaslave.com"
74.197.223.88 - - [10/Jan/2015:19:40:13 -0800] "GET /jquery-1.3.2.min.js HTTP/1.1" 200 57254 "-" "Mozilla/5.0 (X11; Linux x86_64; rv:34.0) Gecko/20100101 Firefox/34.0" "saveaslave.com"
46.229.164.111 - - [10/Jan/2015:19:43:06 -0800] "GET /bosnia-herzegovina.html HTTP/1.1" 200 5532 "-" "Mozilla/5.0 (compatible; SemrushBot/0.98~bl; +http://www.semrush.com/bot.html)" "saveaslave.com"
46.229.164.111 - - [10/Jan/2015:19:43:10 -0800] "GET /central-african-republic.html HTTP/1.1" 200 5566 "-" "Mozilla/5.0 (compatible; SemrushBot/0.98~bl; +http://www.semrush.com/bot.html)" "www.saveaslave.com"
64.233.173.219 - - [10/Jan/2015:19:53:45 -0800] "GET /images/countrymap/solomon-islands.gif HTTP/1.1" 200 122217 "-" "Mozilla/5.0 (Windows NT 5.1; rv:11.0) Gecko Firefox/11.0 (via ggpht.com GoogleImageProxy)" "www.saveaslave.com"
72.168.98.122 - - [10/Jan/2015:19:58:35 -0800] "GET / HTTP/1.1" 200 31335 "-" "Mozilla/5.0 (Windows NT 6.1; WOW64; Trident/7.0; yie11; rv:11.0) like Gecko" "www.saveaslave.com"
72.168.98.122 - - [10/Jan/2015:19:58:36 -0800] "GET /jquery-1.3.2.min.js HTTP/1.1" 200 57254 "http://www.saveaslave.com/" "Mozilla/5.0 (Windows NT 6.1; WOW64; Trident/7.0; yie11; rv:11.0) like Gecko" "www.saveaslave.com"
72.168.98.122 - - [10/Jan/2015:19:58:36 -0800] "GET /jquery.marquee.js HTTP/1.1" 200 6560 "http://www.saveaslave.com/" "Mozilla/5.0 (Windows NT 6.1; WOW64; Trident/7.0; yie11; rv:11.0) like Gecko" "www.saveaslave.com"
72.168.98.122 - - [10/Jan/2015:19:58:36 -0800] "GET /images/slaves.jpg HTTP/1.1" 200 64009 "http://www.saveaslave.com/" "Mozilla/5.0 (Windows NT 6.1; WOW64; Trident/7.0; yie11; rv:11.0) like Gecko" "www.saveaslave.com"
46.229.164.113 - - [10/Jan/2015:20:14:07 -0800] "GET /index.html HTTP/1.1" 200 31713 "-" "Mozilla/5.0 (compatible; SemrushBot/0.98~bl; +http://www.semrush.com/bot.html)" "saveaslave.com"
72.168.98.122 - - [10/Jan/2015:20:14:34 -0800] "GET /css/style.css HTTP/1.1" 200 957 "http://www.saveaslave.com/" "Mozilla/5.0 (Windows NT 6.1; WOW64; Trident/7.0; yie11; rv:11.0) like Gecko" "www.saveaslave.com"
220.181.108.152 - - [10/Jan/2015:20:19:10 -0800] "GET /botswana.html HTTP/1.1" 200 5414 "-" "Mozilla/5.0 (compatible; Baiduspider/2.0; +http://www.baidu.com/search/spider.html)" "www.saveaslave.com"
46.229.164.113 - - [10/Jan/2015:20:25:05 -0800] "GET /barbados.html HTTP/1.1" 200 5414 "-" "Mozilla/5.0 (compatible; SemrushBot/0.98~bl; +http://www.semrush.com/bot.html)" "saveaslave.com"
46.229.164.113 - - [10/Jan/2015:20:25:31 -0800] "GET /cyprus.html HTTP/1.1" 200 5396 "-" "Mozilla/5.0 (compatible; SemrushBot/0.98~bl; +http://www.semrush.com/bot.html)" "www.saveaslave.com"
46.229.164.112 - - [10/Jan/2015:20:36:14 -0800] "GET /brazil.html HTTP/1.1" 200 5396 "-" "Mozilla/5.0 (compatible; SemrushBot/0.98~bl; +http://www.semrush.com/bot.html)" "saveaslave.com"
157.55.39.111 - - [10/Jan/2015:21:04:55 -0800] "GET /greenland.html HTTP/1.1" 200 5482 "-" "Mozilla/5.0 (compatible; bingbot/2.0; +http://www.bing.com/bingbot.htm)" "saveaslave.com"
46.229.164.114 - - [10/Jan/2015:21:07:48 -0800] "GET /west-bank.html HTTP/1.1" 200 5489 "-" "Mozilla/5.0 (compatible; SemrushBot/0.98~bl; +http://www.semrush.com/bot.html)" "www.saveaslave.com"
46.229.164.114 - - [10/Jan/2015:21:07:57 -0800] "GET /zambia.html HTTP/1.1" 200 5462 "-" "Mozilla/5.0 (compatible; SemrushBot/0.98~bl; +http://www.semrush.com/bot.html)" "saveaslave.com"
220.181.108.109 - - [10/Jan/2015:21:49:40 -0800] "GET /austria.html HTTP/1.1" 200 5382 "-" "Mozilla/5.0 (compatible; Baiduspider/2.0; +http://www.baidu.com/search/spider.html)" "www.saveaslave.com"
46.229.164.114 - - [10/Jan/2015:21:49:48 -0800] "GET /wallis-and-futuna.html HTTP/1.1" 200 5541 "-" "Mozilla/5.0 (compatible; SemrushBot/0.98~bl; +http://www.semrush.com/bot.html)" "saveaslave.com"
46.229.164.111 - - [10/Jan/2015:22:20:26 -0800] "GET /dominica.html HTTP/1.1" 200 5414 "-" "Mozilla/5.0 (compatible; SemrushBot/0.98~bl; +http://www.semrush.com/bot.html)" "saveaslave.com"
46.229.164.111 - - [10/Jan/2015:22:20:48 -0800] "GET /andorra.html HTTP/1.1" 200 5386 "-" "Mozilla/5.0 (compatible; SemrushBot/0.98~bl; +http://www.semrush.com/bot.html)" "www.saveaslave.com"
46.229.164.113 - - [10/Jan/2015:22:37:57 -0800] "GET /republic-of-congo.html HTTP/1.1" 200 5503 "-" "Mozilla/5.0 (compatible; SemrushBot/0.98~bl; +http://www.semrush.com/bot.html)" "saveaslave.com"
65.36.241.77 - - [10/Jan/2015:22:49:09 -0800] "HEAD / HTTP/1.1" 200 0 "-" "InternetSeer.com" "www.saveaslave.com"
66.249.75.122 - - [10/Jan/2015:23:14:37 -0800] "GET /robots.txt HTTP/1.1" 404 89 "-" "Mozilla/5.0 (compatible; Googlebot/2.1; +http://www.google.com/bot.html)" "saveaslave.com"
46.229.164.115 - - [10/Jan/2015:23:16:22 -0800] "GET /aruba.html HTTP/1.1" 200 14643 "-" "Mozilla/5.0 (compatible; SemrushBot/0.98~bl; +http://www.semrush.com/bot.html)" "www.saveaslave.com"
46.229.164.114 - - [10/Jan/2015:23:24:20 -0800] "GET /tuvalu.html HTTP/1.1" 200 5462 "-" "Mozilla/5.0 (compatible; SemrushBot/0.98~bl; +http://www.semrush.com/bot.html)" "www.saveaslave.com"
46.229.164.114 - - [10/Jan/2015:23:41:47 -0800] "GET /dominica.html HTTP/1.1" 200 5414 "-" "Mozilla/5.0 (compatible; SemrushBot/0.98~bl; +http://www.semrush.com/bot.html)" "www.saveaslave.com"
199.21.99.206 - - [10/Jan/2015:23:54:14 -0800] "GET /saint-barthelemy.html HTTP/1.1" 200 5545 "-" "Mozilla/5.0 (compatible; YandexBot/3.0; +http://yandex.com/bots)" "saveaslave.com"
65.36.241.77 - - [10/Jan/2015:23:58:40 -0800] "HEAD / HTTP/1.1" 200 0 "-" "InternetSeer.com" "www.saveaslave.com"
217.69.133.192 - - [11/Jan/2015:00:01:42 -0800] "GET /Medical.html HTTP/1.1" 404 89 "-" "Mozilla/5.0 (compatible; Linux x86_64; Mail.RU_Bot/2.0; +http://go.mail.ru/help/robots)" "saveaslave.com"
46.229.164.114 - - [11/Jan/2015:00:03:56 -0800] "GET /united-arab-emirates.html HTTP/1.1" 200 5554 "-" "Mozilla/5.0 (compatible; SemrushBot/0.98~bl; +http://www.semrush.com/bot.html)" "saveaslave.com"
46.229.164.114 - - [11/Jan/2015:00:03:58 -0800] "GET /syria.html HTTP/1.1" 200 5453 "-" "Mozilla/5.0 (compatible; SemrushBot/0.98~bl; +http://www.semrush.com/bot.html)" "www.saveaslave.com"
220.181.108.107 - - [11/Jan/2015:00:13:32 -0800] "GET /cyprus.html HTTP/1.1" 200 5396 "-" "Mozilla/5.0 (compatible; Baiduspider/2.0; +http://www.baidu.com/search/spider.html)" "www.saveaslave.com"
46.229.164.114 - - [11/Jan/2015:00:30:37 -0800] "GET /us-virgin-islands.html HTTP/1.1" 200 5584 "-" "Mozilla/5.0 (compatible; SemrushBot/0.98~bl; +http://www.semrush.com/bot.html)" "saveaslave.com"
180.76.6.36 - - [11/Jan/2015:01:09:21 -0800] "GET /tuvalu HTTP/1.1" 200 5462 "-" "Mozilla/5.0 (compatible; Baiduspider/2.0; +http://www.baidu.com/search/spider.html)" "www.saveaslave.com"
84.46.109.29 - - [11/Jan/2015:01:27:22 -0800] "GET /robots.txt HTTP/1.1" 404 89 "-" "Mozilla/5.0 (compatible; MJ12bot/v1.4.5; http://www.majestic12.co.uk/bot.php?+)" "www.saveaslave.com"
84.46.109.29 - - [11/Jan/2015:01:27:25 -0800] "GET /articles/moder%E2%80%A6 HTTP/1.1" 404 89 "-" "Mozilla/5.0 (compatible; MJ12bot/v1.4.5; http://www.majestic12.co.uk/bot.php?+)" "www.saveaslave.com"
118.208.183.67 - - [11/Jan/2015:01:41:35 -0800] "GET /images/countrymap/solomon-islands.gif HTTP/1.1" 200 122217 "https://www.google.com.au/" "Mozilla/5.0 (iPhone; CPU iPhone OS 7_1_1 like Mac OS X) AppleWebKit/537.51.2 (KHTML, like Gecko) Version/7.0 Mobile/11D201 Safari/9537.53" "www.saveaslave.com"
46.229.164.113 - - [11/Jan/2015:01:49:26 -0800] "GET /austria.html HTTP/1.1" 200 5382 "-" "Mozilla/5.0 (compatible; SemrushBot/0.98~bl; +http://www.semrush.com/bot.html)" "saveaslave.com"
46.229.164.113 - - [11/Jan/2015:01:49:29 -0800] "GET /articles/modernslavery.html HTTP/1.1" 404 89 "-" "Mozilla/5.0 (compatible; SemrushBot/0.98~bl; +http://www.semrush.com/bot.html)" "www.saveaslave.com"
46.229.164.115 - - [11/Jan/2015:02:01:30 -0800] "GET /resources.html HTTP/1.1" 200 14479 "-" "Mozilla/5.0 (compatible; SemrushBot/0.98~bl; +http://www.semrush.com/bot.html)" "www.saveaslave.com"
77.102.44.11 - - [11/Jan/2015:02:17:31 -0800] "GET /images/countrymap/solomon-islands.gif HTTP/1.1" 200 122217 "https://www.google.co.uk/" "Mozilla/5.0 (iPhone; CPU iPhone OS 8_1_1 like Mac OS X) AppleWebKit/600.1.4 (KHTML, like Gecko) Version/8.0 Mobile/12B435 Safari/600.1.4" "www.saveaslave.com"
46.229.164.111 - - [11/Jan/2015:02:20:27 -0800] "GET /bahrain.html HTTP/1.1" 200 5404 "-" "Mozilla/5.0 (compatible; SemrushBot/0.98~bl; +http://www.semrush.com/bot.html)" "www.saveaslave.com"
46.229.164.111 - - [11/Jan/2015:02:21:31 -0800] "GET /yemen.html HTTP/1.1" 200 5453 "-" "Mozilla/5.0 (compatible; SemrushBot/0.98~bl; +http://www.semrush.com/bot.html)" "saveaslave.com"
49.197.169.97 - - [11/Jan/2015:02:26:16 -0800] "GET /images/countrymap/solomon-islands.gif HTTP/1.1" 200 122217 "https://www.google.com.au/" "Mozilla/5.0 (iPhone; CPU iPhone OS 7_0_4 like Mac OS X) AppleWebKit/537.51.1 (KHTML, like Gecko) Version/7.0 Mobile/11B554a Safari/9537.53" "www.saveaslave.com"
65.36.241.77 - - [11/Jan/2015:02:28:05 -0800] "HEAD / HTTP/1.1" 200 0 "-" "InternetSeer.com" "www.saveaslave.com"
46.229.164.112 - - [11/Jan/2015:02:35:19 -0800] "GET /canada.html HTTP/1.1" 200 5396 "-" "Mozilla/5.0 (compatible; SemrushBot/0.98~bl; +http://www.semrush.com/bot.html)" "www.saveaslave.com"
46.229.164.112 - - [11/Jan/2015:02:35:19 -0800] "GET /cote-d-ivoire.html HTTP/1.1" 200 5459 "-" "Mozilla/5.0 (compatible; SemrushBot/0.98~bl; +http://www.semrush.com/bot.html)" "saveaslave.com"
46.229.164.113 - - [11/Jan/2015:02:41:22 -0800] "GET /benin.html HTTP/1.1" 200 5387 "-" "Mozilla/5.0 (compatible; SemrushBot/0.98~bl; +http://www.semrush.com/bot.html)" "www.saveaslave.com"
46.229.164.113 - - [11/Jan/2015:02:41:35 -0800] "GET /tanzania.html HTTP/1.1" 200 5480 "-" "Mozilla/5.0 (compatible; SemrushBot/0.98~bl; +http://www.semrush.com/bot.html)" "saveaslave.com"
208.115.113.86 - - [11/Jan/2015:02:42:17 -0800] "GET /robots.txt HTTP/1.1" 404 89 "-" "Mozilla/5.0 (compatible; DotBot/1.1; http://www.opensiteexplorer.org/dotbot, help@moz.com)" "saveaslave.com"
46.229.164.114 - - [11/Jan/2015:02:48:38 -0800] "GET /finland.html HTTP/1.1" 200 6650 "-" "Mozilla/5.0 (compatible; SemrushBot/0.98~bl; +http://www.semrush.com/bot.html)" "saveaslave.com"
46.229.164.114 - - [11/Jan/2015:02:48:38 -0800] "GET /ukraine.html HTTP/1.1" 200 5471 "-" "Mozilla/5.0 (compatible; SemrushBot/0.98~bl; +http://www.semrush.com/bot.html)" "www.saveaslave.com"
202.154.113.41 - - [11/Jan/2015:02:50:29 -0800] "GET /images/countrymap/solomon-islands.gif HTTP/1.1" 200 122217 "-" "Mozilla/5.0 (Macintosh; Intel Mac OS X 10_9_5) AppleWebKit/600.2.5 (KHTML, like Gecko) Version/7.1.2 Safari/537.85.11" "www.saveaslave.com"
46.229.164.115 - - [11/Jan/2015:02:55:17 -0800] "GET /central-african-republic.html HTTP/1.1" 200 5566 "-" "Mozilla/5.0 (compatible; SemrushBot/0.98~bl; +http://www.semrush.com/bot.html)" "saveaslave.com"
46.229.164.115 - - [11/Jan/2015:02:55:17 -0800] "GET /argentina.html HTTP/1.1" 200 5404 "-" "Mozilla/5.0 (compatible; SemrushBot/0.98~bl; +http://www.semrush.com/bot.html)" "www.saveaslave.com"
72.168.96.123 - - [11/Jan/2015:02:56:04 -0800] "GET /jquery-1.3.2.min.js HTTP/1.1" 200 57254 "http://www.saveaslave.com/" "Mozilla/5.0 (Windows NT 6.1; WOW64; Trident/7.0; yie11; rv:11.0) like Gecko" "www.saveaslave.com"
72.168.96.123 - - [11/Jan/2015:02:56:04 -0800] "GET /images/header.png HTTP/1.1" 200 84658 "http://www.saveaslave.com/" "Mozilla/5.0 (Windows NT 6.1; WOW64; Trident/7.0; yie11; rv:11.0) like Gecko" "www.saveaslave.com"
72.168.96.123 - - [11/Jan/2015:02:56:04 -0800] "GET /jquery.marquee.js HTTP/1.1" 200 6560 "http://www.saveaslave.com/" "Mozilla/5.0 (Windows NT 6.1; WOW64; Trident/7.0; yie11; rv:11.0) like Gecko" "www.saveaslave.com"
72.168.96.123 - - [11/Jan/2015:02:56:04 -0800] "GET /images/slaves.jpg HTTP/1.1" 200 64009 "http://www.saveaslave.com/" "Mozilla/5.0 (Windows NT 6.1; WOW64; Trident/7.0; yie11; rv:11.0) like Gecko" "www.saveaslave.com"
72.168.96.123 - - [11/Jan/2015:02:56:04 -0800] "GET /images/sas_button.gif HTTP/1.1" 200 2628 "http://www.saveaslave.com/" "Mozilla/5.0 (Windows NT 6.1; WOW64; Trident/7.0; yie11; rv:11.0) like Gecko" "www.saveaslave.com"
217.69.133.60 - - [11/Jan/2015:03:01:20 -0800] "GET /robots.txt HTTP/1.1" 404 89 "-" "Mozilla/5.0 (compatible; Linux x86_64; Mail.RU_Bot/2.0; +http://go.mail.ru/help/robots)" "www.saveaslave.com"
217.69.133.192 - - [11/Jan/2015:03:01:23 -0800] "GET /thailand.html HTTP/1.1" 200 5480 "-" "Mozilla/5.0 (compatible; Linux x86_64; Mail.RU_Bot/2.0; +http://go.mail.ru/help/robots)" "www.saveaslave.com"
46.229.164.111 - - [11/Jan/2015:03:01:59 -0800] "GET /contact/default.html HTTP/1.1" 404 89 "-" "Mozilla/5.0 (compatible; SemrushBot/0.98~bl; +http://www.semrush.com/bot.html)" "saveaslave.com"
46.229.164.111 - - [11/Jan/2015:03:02:00 -0800] "GET /sweden.html HTTP/1.1" 200 5462 "-" "Mozilla/5.0 (compatible; SemrushBot/0.98~bl; +http://www.semrush.com/bot.html)" "www.saveaslave.com"
46.229.164.114 - - [11/Jan/2015:03:14:49 -0800] "GET /colombia.html HTTP/1.1" 200 5422 "-" "Mozilla/5.0 (compatible; SemrushBot/0.98~bl; +http://www.semrush.com/bot.html)" "saveaslave.com"
46.229.164.114 - - [11/Jan/2015:03:23:41 -0800] "GET /trinidad-tobago.html HTTP/1.1" 200 5559 "-" "Mozilla/5.0 (compatible; SemrushBot/0.98~bl; +http://www.semrush.com/bot.html)" "saveaslave.com"
46.229.164.114 - - [11/Jan/2015:03:23:58 -0800] "GET /tonga.html HTTP/1.1" 200 5453 "-" "Mozilla/5.0 (compatible; SemrushBot/0.98~bl; +http://www.semrush.com/bot.html)" "www.saveaslave.com"
208.115.113.86 - - [11/Jan/2015:03:27:53 -0800] "GET /costa-rica.html HTTP/1.1" 200 5637 "-" "Mozilla/5.0 (compatible; DotBot/1.1; http://www.opensiteexplorer.org/dotbot, help@moz.com)" "saveaslave.com"
199.21.99.206 - - [11/Jan/2015:03:40:39 -0800] "GET /robots.txt HTTP/1.1" 404 89 "-" "Mozilla/5.0 (compatible; YandexBot/3.0; +http://yandex.com/bots)" "saveaslave.com"
123.125.71.36 - - [11/Jan/2015:03:44:23 -0800] "GET /brazil.html HTTP/1.1" 200 5396 "-" "Mozilla/5.0 (compatible; Baiduspider/2.0; +http://www.baidu.com/search/spider.html)" "www.saveaslave.com"
72.168.98.121 - - [11/Jan/2015:03:50:48 -0800] "GET /css/style.css HTTP/1.1" 200 957 "http://www.saveaslave.com/" "Mozilla/5.0 (Windows NT 6.1; WOW64; Trident/7.0; yie11; rv:11.0) like Gecko" "www.saveaslave.com"
220.181.108.161 - - [11/Jan/2015:03:51:15 -0800] "GET /css/style.css HTTP/1.1" 200 957 "http://www.saveaslave.com/brazil.html" "Mozilla/5.0 (compatible; Baiduspider/2.0; +http://www.baidu.com/search/spider.html)" "www.saveaslave.com"
90.206.18.242 - - [11/Jan/2015:04:09:24 -0800] "GET /images/countrymap/solomon-islands.gif HTTP/1.1" 200 122217 "https://www.google.co.uk/" "Mozilla/5.0 (iPhone; CPU iPhone OS 8_1_2 like Mac OS X) AppleWebKit/600.1.4 (KHTML, like Gecko) Version/8.0 Mobile/12B440 Safari/600.1.4" "www.saveaslave.com"
46.229.164.115 - - [11/Jan/2015:04:11:45 -0800] "GET /zimbabwe.html HTTP/1.1" 200 5480 "-" "Mozilla/5.0 (compatible; SemrushBot/0.98~bl; +http://www.semrush.com/bot.html)" "saveaslave.com"
46.229.164.115 - - [11/Jan/2015:04:11:52 -0800] "GET /belgium.html HTTP/1.1" 200 5423 "-" "Mozilla/5.0 (compatible; SemrushBot/0.98~bl; +http://www.semrush.com/bot.html)" "www.saveaslave.com"
199.21.99.206 - - [11/Jan/2015:04:21:47 -0800] "GET /united-states.html HTTP/1.1" 200 5525 "-" "Mozilla/5.0 (compatible; YandexBot/3.0; +http://yandex.com/bots)" "saveaslave.com"
46.229.164.115 - - [11/Jan/2015:04:49:22 -0800] "GET /cameroon.html HTTP/1.1" 200 5414 "-" "Mozilla/5.0 (compatible; SemrushBot/0.98~bl; +http://www.semrush.com/bot.html)" "www.saveaslave.com"
46.229.164.115 - - [11/Jan/2015:04:49:31 -0800] "GET /cameroon.html HTTP/1.1" 200 5414 "-" "Mozilla/5.0 (compatible; SemrushBot/0.98~bl; +http://www.semrush.com/bot.html)" "saveaslave.com"
189.58.68.197 - - [11/Jan/2015:04:50:00 -0800] "GET / HTTP/1.1" 200 31335 "http://semalt.semalt.com/crawler.php?u=http://saveaslave.com" "Mozilla/5.0 (Windows NT 6.1; WOW64) AppleWebKit/537.36 (KHTML, like Gecko) Chrome/36.0.1985.143 Safari/537.36" "saveaslave.com"
189.58.68.197 - - [11/Jan/2015:04:50:00 -0800] "GET /images/sas_button.gif HTTP/1.1" 200 2628 "http://saveaslave.com/" "Mozilla/5.0 (Windows NT 6.1; WOW64) AppleWebKit/537.36 (KHTML, like Gecko) Chrome/36.0.1985.143 Safari/537.36" "saveaslave.com"
189.58.68.197 - - [11/Jan/2015:04:50:00 -0800] "GET /images/slaves.jpg HTTP/1.1" 200 64009 "http://saveaslave.com/" "Mozilla/5.0 (Windows NT 6.1; WOW64) AppleWebKit/537.36 (KHTML, like Gecko) Chrome/36.0.1985.143 Safari/537.36" "saveaslave.com"
76.181.37.250 - - [11/Jan/2015:04:50:36 -0800] "GET /images/countrymap/solomon-islands.gif HTTP/1.1" 200 122217 "https://www.google.com/" "Mozilla/5.0 (iPod touch; CPU iPhone OS 8_1 like Mac OS X) AppleWebKit/600.1.4 (KHTML, like Gecko) Version/8.0 Mobile/12B411 Safari/600.1.4" "www.saveaslave.com"
192.92.94.23 - - [11/Jan/2015:04:52:04 -0800] "GET /index.html HTTP/1.1" 200 31713 "http://www.sssalas.com/plinks.html" "Scrapy/0.18.4 (+http://scrapy.org)" "www.saveaslave.com"
46.229.164.113 - - [11/Jan/2015:05:02:23 -0800] "GET /djibouti.html HTTP/1.1" 200 5414 "-" "Mozilla/5.0 (compatible; SemrushBot/0.98~bl; +http://www.semrush.com/bot.html)" "saveaslave.com"
46.229.164.113 - - [11/Jan/2015:05:02:23 -0800] "GET /djibouti.html HTTP/1.1" 200 5414 "-" "Mozilla/5.0 (compatible; SemrushBot/0.98~bl; +http://www.semrush.com/bot.html)" "www.saveaslave.com"
46.229.164.115 - - [11/Jan/2015:05:18:47 -0800] "GET /denmark.html HTTP/1.1" 200 5405 "-" "Mozilla/5.0 (compatible; SemrushBot/0.98~bl; +http://www.semrush.com/bot.html)" "www.saveaslave.com"
46.229.164.115 - - [11/Jan/2015:05:18:55 -0800] "GET /burundi.html HTTP/1.1" 200 5405 "-" "Mozilla/5.0 (compatible; SemrushBot/0.98~bl; +http://www.semrush.com/bot.html)" "saveaslave.com"
46.229.164.113 - - [11/Jan/2015:05:25:37 -0800] "GET /afghanistan.html HTTP/1.1" 200 5418 "-" "Mozilla/5.0 (compatible; SemrushBot/0.98~bl; +http://www.semrush.com/bot.html)" "saveaslave.com"
46.229.164.114 - - [11/Jan/2015:05:32:07 -0800] "GET /western-sahara.html HTTP/1.1" 200 5534 "-" "Mozilla/5.0 (compatible; SemrushBot/0.98~bl; +http://www.semrush.com/bot.html)" "www.saveaslave.com"
46.229.164.114 - - [11/Jan/2015:05:32:26 -0800] "GET /costa-rica.html HTTP/1.1" 200 5637 "-" "Mozilla/5.0 (compatible; SemrushBot/0.98~bl; +http://www.semrush.com/bot.html)" "saveaslave.com"
180.76.6.146 - - [11/Jan/2015:05:36:56 -0800] "GET /nepal HTTP/1.1" 200 5446 "-" "Mozilla/5.0 (compatible; Baiduspider/2.0; +http://www.baidu.com/search/spider.html)" "www.saveaslave.com"
46.229.164.113 - - [11/Jan/2015:05:38:28 -0800] "GET /brunei.html HTTP/1.1" 200 5396 "-" "Mozilla/5.0 (compatible; SemrushBot/0.98~bl; +http://www.semrush.com/bot.html)" "www.saveaslave.com"
46.229.164.113 - - [11/Jan/2015:05:38:30 -0800] "GET /uganda.html HTTP/1.1" 200 5462 "-" "Mozilla/5.0 (compatible; SemrushBot/0.98~bl; +http://www.semrush.com/bot.html)" "saveaslave.com"
70.48.198.126 - - [11/Jan/2015:05:43:34 -0800] "GET /images/givebtn.png HTTP/1.1" 200 26179 "http://www.saveaslave.com/cuba.html" "Mozilla/5.0 (Windows NT 5.1; rv:34.0) Gecko/20100101 Firefox/34.0" "www.saveaslave.com"
70.48.198.126 - - [11/Jan/2015:05:43:34 -0800] "GET /images/countrymap/cuba.jpg HTTP/1.1" 200 21596 "http://www.saveaslave.com/cuba.html" "Mozilla/5.0 (Windows NT 5.1; rv:34.0) Gecko/20100101 Firefox/34.0" "www.saveaslave.com"
70.48.198.126 - - [11/Jan/2015:05:43:35 -0800] "GET /favicon.ico HTTP/1.1" 404 89 "-" "Mozilla/5.0 (Windows NT 5.1; rv:34.0) Gecko/20100101 Firefox/34.0" "www.saveaslave.com"
46.229.164.113 - - [11/Jan/2015:05:47:37 -0800] "GET /zimbabwe.html HTTP/1.1" 200 5480 "-" "Mozilla/5.0 (compatible; SemrushBot/0.98~bl; +http://www.semrush.com/bot.html)" "www.saveaslave.com"
46.229.164.114 - - [11/Jan/2015:06:16:58 -0800] "GET /croatia.html HTTP/1.1" 200 5405 "-" "Mozilla/5.0 (compatible; SemrushBot/0.98~bl; +http://www.semrush.com/bot.html)" "saveaslave.com"
46.229.164.114 - - [11/Jan/2015:06:17:19 -0800] "GET /uganda.html HTTP/1.1" 200 5462 "-" "Mozilla/5.0 (compatible; SemrushBot/0.98~bl; +http://www.semrush.com/bot.html)" "www.saveaslave.com"
93.148.156.246 - - [11/Jan/2015:06:20:20 -0800] "GET /images/countrymap/solomon-islands.gif HTTP/1.1" 200 122217 "-" "Mozilla/5.0 (Windows NT 6.1; WOW64; rv:34.0) Gecko/20100101 Firefox/34.0" "www.saveaslave.com"
46.229.164.114 - - [11/Jan/2015:06:29:30 -0800] "GET /east-timor.html HTTP/1.1" 200 5444 "-" "Mozilla/5.0 (compatible; SemrushBot/0.98~bl; +http://www.semrush.com/bot.html)" "www.saveaslave.com"
208.115.113.86 - - [11/Jan/2015:06:41:11 -0800] "GET /robots.txt HTTP/1.1" 404 89 "-" "Mozilla/5.0 (compatible; DotBot/1.1; http://www.opensiteexplorer.org/dotbot, help@moz.com)" "www.saveaslave.com"
208.115.113.86 - - [11/Jan/2015:06:41:11 -0800] "GET /robots.txt HTTP/1.1" 404 89 "-" "Mozilla/5.0 (compatible; DotBot/1.1; http://www.opensiteexplorer.org/dotbot, help@moz.com)" "saveaslave.com"
46.229.164.114 - - [11/Jan/2015:06:44:01 -0800] "GET /united-kingdom.html HTTP/1.1" 200 5532 "-" "Mozilla/5.0 (compatible; SemrushBot/0.98~bl; +http://www.semrush.com/bot.html)" "saveaslave.com"
23.23.242.178 - - [11/Jan/2015:06:54:43 -0800] "GET /slovenia HTTP/1.1" 200 5473 "-" "Mozilla/5.0 (Windows; U; Windows NT 5.1; en-US; rv:1.9.2.8) Gecko/20100722 Firefox/3.6.8" "saveaslave.com"
46.229.164.115 - - [11/Jan/2015:07:00:16 -0800] "GET /bangladesh.html HTTP/1.1" 200 5432 "-" "Mozilla/5.0 (compatible; SemrushBot/0.98~bl; +http://www.semrush.com/bot.html)" "www.saveaslave.com"
46.229.164.115 - - [11/Jan/2015:07:00:16 -0800] "GET /information_links/saveaslave.net/calendar/default.html HTTP/1.1" 404 89 "-" "Mozilla/5.0 (compatible; SemrushBot/0.98~bl; +http://www.semrush.com/bot.html)" "saveaslave.com"
66.249.69.183 - - [11/Jan/2015:07:03:41 -0800] "GET /robots.txt HTTP/1.1" 404 89 "-" "Mozilla/5.0 (compatible; Googlebot/2.1; +http://www.google.com/bot.html)" "www.saveaslave.com"
208.115.113.86 - - [11/Jan/2015:07:17:32 -0800] "GET /tajikistan HTTP/1.1" 200 5498 "-" "Mozilla/5.0 (compatible; DotBot/1.1; http://www.opensiteexplorer.org/dotbot, help@moz.com)" "www.saveaslave.com"
46.229.164.115 - - [11/Jan/2015:07:21:30 -0800] "GET /tunisia.html HTTP/1.1" 200 5471 "-" "Mozilla/5.0 (compatible; SemrushBot/0.98~bl; +http://www.semrush.com/bot.html)" "saveaslave.com"
46.229.164.115 - - [11/Jan/2015:07:21:37 -0800] "GET /uzbekistan.html HTTP/1.1" 200 5498 "-" "Mozilla/5.0 (compatible; SemrushBot/0.98~bl; +http://www.semrush.com/bot.html)" "www.saveaslave.com"
208.115.113.86 - - [11/Jan/2015:07:24:47 -0800] "GET /canada HTTP/1.1" 200 5396 "-" "Mozilla/5.0 (compatible; DotBot/1.1; http://www.opensiteexplorer.org/dotbot, help@moz.com)" "saveaslave.com"
72.168.98.120 - - [11/Jan/2015:07:29:51 -0800] "GET / HTTP/1.1" 200 31335 "-" "Mozilla/5.0 (Windows NT 6.1; WOW64; Trident/7.0; yie11; rv:11.0) like Gecko" "www.saveaslave.com"
72.168.98.120 - - [11/Jan/2015:07:29:51 -0800] "GET /css/style.css HTTP/1.1" 200 957 "http://www.saveaslave.com/" "Mozilla/5.0 (Windows NT 6.1; WOW64; Trident/7.0; yie11; rv:11.0) like Gecko" "www.saveaslave.com"
72.168.98.120 - - [11/Jan/2015:07:29:52 -0800] "GET /images/sas_button.gif HTTP/1.1" 200 2628 "http://www.saveaslave.com/" "Mozilla/5.0 (Windows NT 6.1; WOW64; Trident/7.0; yie11; rv:11.0) like Gecko" "www.saveaslave.com"
123.125.71.88 - - [11/Jan/2015:07:30:57 -0800] "GET /palau.html HTTP/1.1" 200 5446 "-" "Mozilla/5.0 (compatible; Baiduspider/2.0; +http://www.baidu.com/search/spider.html)" "www.saveaslave.com"
217.69.133.28 - - [11/Jan/2015:07:31:49 -0800] "GET /anguilla.html HTTP/1.1" 404 89 "-" "Mozilla/5.0 (compatible; Linux x86_64; Mail.RU_Bot/2.0; +http://go.mail.ru/help/robots)" "www.saveaslave.com"
46.229.164.115 - - [11/Jan/2015:07:32:43 -0800] "GET /vietnam.html HTTP/1.1" 200 5471 "-" "Mozilla/5.0 (compatible; SemrushBot/0.98~bl; +http://www.semrush.com/bot.html)" "www.saveaslave.com"
46.229.164.113 - - [11/Jan/2015:07:43:56 -0800] "GET /information_links/default.html HTTP/1.1" 404 89 "-" "Mozilla/5.0 (compatible; SemrushBot/0.98~bl; +http://www.semrush.com/bot.html)" "saveaslave.com"
46.229.164.113 - - [11/Jan/2015:07:44:23 -0800] "GET /botswana.html HTTP/1.1" 200 5414 "-" "Mozilla/5.0 (compatible; SemrushBot/0.98~bl; +http://www.semrush.com/bot.html)" "www.saveaslave.com"
87.245.206.12 - - [11/Jan/2015:07:55:25 -0800] "GET /css/style.css HTTP/1.1" 200 957 "http://www.saveaslave.com/" "Mozilla/5.0 (Windows NT 5.1) AppleWebKit/537.36 (KHTML, like Gecko) Chrome/39.0.2171.95 Safari/537.36" "www.saveaslave.com"
87.245.206.12 - - [11/Jan/2015:07:55:25 -0800] "GET /images/header.png HTTP/1.1" 200 84658 "http://www.saveaslave.com/" "Mozilla/5.0 (Windows NT 5.1) AppleWebKit/537.36 (KHTML, like Gecko) Chrome/39.0.2171.95 Safari/537.36" "www.saveaslave.com"
87.245.206.12 - - [11/Jan/2015:07:55:25 -0800] "GET /images/sas_button.gif HTTP/1.1" 200 2628 "http://www.saveaslave.com/" "Mozilla/5.0 (Windows NT 5.1) AppleWebKit/537.36 (KHTML, like Gecko) Chrome/39.0.2171.95 Safari/537.36" "www.saveaslave.com"
46.229.164.113 - - [11/Jan/2015:07:55:27 -0800] "GET /belize.html HTTP/1.1" 200 5390 "-" "Mozilla/5.0 (compatible; SemrushBot/0.98~bl; +http://www.semrush.com/bot.html)" "saveaslave.com"
46.229.164.112 - - [11/Jan/2015:08:06:33 -0800] "GET /belize.html HTTP/1.1" 200 5390 "-" "Mozilla/5.0 (compatible; SemrushBot/0.98~bl; +http://www.semrush.com/bot.html)" "www.saveaslave.com"
46.229.164.114 - - [11/Jan/2015:08:25:04 -0800] "GET /czech-republic.html HTTP/1.1" 200 5468 "-" "Mozilla/5.0 (compatible; SemrushBot/0.98~bl; +http://www.semrush.com/bot.html)" "www.saveaslave.com"
46.229.164.114 - - [11/Jan/2015:08:57:00 -0800] "GET /bulgaria.html HTTP/1.1" 200 5414 "-" "Mozilla/5.0 (compatible; SemrushBot/0.98~bl; +http://www.semrush.com/bot.html)" "saveaslave.com"
66.249.69.183 - - [11/Jan/2015:09:01:13 -0800] "GET /images/countrymap/nauru-flag.gif HTTP/1.1" 200 9464 "-" "Googlebot-Image/1.0" "www.saveaslave.com"
46.229.164.112 - - [11/Jan/2015:09:07:49 -0800] "GET /venezuela.html HTTP/1.1" 200 5489 "-" "Mozilla/5.0 (compatible; SemrushBot/0.98~bl; +http://www.semrush.com/bot.html)" "saveaslave.com"
68.180.228.59 - - [11/Jan/2015:09:15:00 -0800] "GET /robots.txt HTTP/1.1" 404 89 "-" "Mozilla/5.0 (compatible; Yahoo! Slurp; http://help.yahoo.com/help/us/ysearch/slurp)" "www.saveaslave.com"
180.76.6.47 - - [11/Jan/2015:09:17:02 -0800] "GET / HTTP/1.1" 200 31335 "-" "Mozilla/5.0 (compatible; Baiduspider/2.0; +http://www.baidu.com/search/spider.html)" "saveaslave.com"
46.229.164.112 - - [11/Jan/2015:09:18:34 -0800] "GET /burkina-faso.html HTTP/1.1" 200 5450 "-" "Mozilla/5.0 (compatible; SemrushBot/0.98~bl; +http://www.semrush.com/bot.html)" "www.saveaslave.com"
46.229.164.112 - - [11/Jan/2015:09:18:38 -0800] "GET /denmark.html HTTP/1.1" 200 5405 "-" "Mozilla/5.0 (compatible; SemrushBot/0.98~bl; +http://www.semrush.com/bot.html)" "saveaslave.com"
46.229.164.115 - - [11/Jan/2015:09:28:25 -0800] "GET /yemen.html HTTP/1.1" 200 5453 "-" "Mozilla/5.0 (compatible; SemrushBot/0.98~bl; +http://www.semrush.com/bot.html)" "www.saveaslave.com"
