199.21.99.219 - - [01/May/2015:09:49:47 -0700] "GET /maldives.html HTTP/1.1" 200 2501 "-" "Mozilla/5.0 (compatible; YandexBot/3.0; +http://yandex.com/bots)" "saveaslave.com"
54.243.48.119 - - [01/May/2015:09:49:53 -0700] "GET /m/ HTTP/1.1" 404 89 "-" "Mozilla/5.0 (Windows; U; Windows NT 5.1; en-US; rv:1.9.2.8) Gecko/20100722 Firefox/3.6.8" "www.saveaslave.com"
213.67.21.54 - - [01/May/2015:09:59:12 -0700] "GET /jquery.marquee.js HTTP/1.1" 200 6560 "http://saveaslave.com/" "Mozilla/5.0 (Windows NT 6.3; WOW64; rv:37.0) Gecko/20100101 Firefox/37.0" "saveaslave.com"
213.67.21.54 - - [01/May/2015:09:59:12 -0700] "GET /jquery-1.3.2.min.js HTTP/1.1" 200 57254 "http://saveaslave.com/" "Mozilla/5.0 (Windows NT 6.3; WOW64; rv:37.0) Gecko/20100101 Firefox/37.0" "saveaslave.com"
213.67.21.54 - - [01/May/2015:09:59:12 -0700] "GET /css/style.css HTTP/1.1" 200 1400 "http://saveaslave.com/" "Mozilla/5.0 (Windows NT 6.3; WOW64; rv:37.0) Gecko/20100101 Firefox/37.0" "saveaslave.com"
213.67.21.54 - - [01/May/2015:09:59:12 -0700] "GET /images/slaves.jpg HTTP/1.1" 200 64009 "http://saveaslave.com/" "Mozilla/5.0 (Windows NT 6.3; WOW64; rv:37.0) Gecko/20100101 Firefox/37.0" "saveaslave.com"
213.67.21.54 - - [01/May/2015:09:59:15 -0700] "GET /favicon.ico HTTP/1.1" 404 89 "-" "Mozilla/5.0 (Windows NT 6.3; WOW64; rv:37.0) Gecko/20100101 Firefox/37.0" "saveaslave.com"
213.67.21.54 - - [01/May/2015:10:03:45 -0700] "GET /whoweare.html HTTP/1.1" 200 11993 "http://saveaslave.com/" "Mozilla/5.0 (Windows NT 6.3; WOW64; rv:37.0) Gecko/20100101 Firefox/37.0" "saveaslave.com"
213.67.21.54 - - [01/May/2015:10:04:01 -0700] "GET /index.html HTTP/1.1" 200 24655 "http://saveaslave.com/whoweare.html" "Mozilla/5.0 (Windows NT 6.3; WOW64; rv:37.0) Gecko/20100101 Firefox/37.0" "saveaslave.com"
213.67.21.54 - - [01/May/2015:10:04:12 -0700] "GET /paypalbutton.html HTTP/1.1" 200 1477 "http://saveaslave.com/index.html" "Mozilla/5.0 (Windows NT 6.3; WOW64; rv:37.0) Gecko/20100101 Firefox/37.0" "saveaslave.com"
100.43.91.14 - - [01/May/2015:10:06:53 -0700] "GET /iraq.html HTTP/1.1" 200 5657 "-" "Mozilla/5.0 (compatible; YandexBot/3.0; +http://yandex.com/bots)" "saveaslave.com"
46.229.164.111 - - [01/May/2015:10:09:32 -0700] "GET /armenia.html HTTP/1.1" 200 5617 "-" "Mozilla/5.0 (compatible; SemrushBot/0.98~bl; +http://www.semrush.com/bot.html)" "www.saveaslave.com"
107.23.45.196 - - [01/May/2015:10:16:04 -0700] "GET / HTTP/1.1" 200 24277 "http://saveaslave.com/" "Mozilla/5.0 (compatible; DuckDuckGo-Favicons-Bot/1.0; +http://duckduckgo.com)" "saveaslave.com"
107.23.45.196 - - [01/May/2015:10:16:04 -0700] "GET /favicon.ico HTTP/1.1" 404 89 "http://saveaslave.com/favicon.ico" "Mozilla/5.0 (compatible; DuckDuckGo-Favicons-Bot/1.0; +http://duckduckgo.com)" "saveaslave.com"
46.229.164.102 - - [01/May/2015:10:16:58 -0700] "GET /sao-tome-principe.html HTTP/1.1" 200 5789 "-" "Mozilla/5.0 (compatible; SemrushBot/0.98~bl; +http://www.semrush.com/bot.html)" "saveaslave.com"
65.36.241.48 - - [01/May/2015:10:23:55 -0700] "HEAD / HTTP/1.1" 200 0 "-" "InternetSeer.com" "www.saveaslave.com"
100.43.91.14 - - [01/May/2015:10:24:18 -0700] "GET /bulgaria.html HTTP/1.1" 200 5666 "-" "Mozilla/5.0 (compatible; YandexBot/3.0; +http://yandex.com/bots)" "saveaslave.com"
46.229.164.99 - - [01/May/2015:10:24:38 -0700] "GET /bhutan.html HTTP/1.1" 200 5651 "-" "Mozilla/5.0 (compatible; SemrushBot/0.98~bl; +http://www.semrush.com/bot.html)" "saveaslave.com"
222.239.162.7 - - [01/May/2015:10:26:54 -0700] "GET /robots.txt HTTP/1.1" 404 89 "http://search.daum.net/" "Mozilla/5.0 (compatible; MSIE or Firefox mutant; not on Windows server; + http://tab.search.daum.net/aboutWebSearch.html) Daumoa/3.0" "saveaslave.com"
46.229.164.99 - - [01/May/2015:10:31:45 -0700] "GET /somalia.html HTTP/1.1" 200 5683 "-" "Mozilla/5.0 (compatible; SemrushBot/0.98~bl; +http://www.semrush.com/bot.html)" "saveaslave.com"
46.229.164.99 - - [01/May/2015:10:31:55 -0700] "GET /kosovo.html HTTP/1.1" 200 5675 "-" "Mozilla/5.0 (compatible; SemrushBot/0.98~bl; +http://www.semrush.com/bot.html)" "www.saveaslave.com"
46.229.164.113 - - [01/May/2015:10:45:12 -0700] "GET /slovenia.html HTTP/1.1" 200 5692 "-" "Mozilla/5.0 (compatible; SemrushBot/0.98~bl; +http://www.semrush.com/bot.html)" "www.saveaslave.com"
46.229.164.113 - - [01/May/2015:10:45:33 -0700] "GET /east-timor.html HTTP/1.1" 200 5696 "-" "Mozilla/5.0 (compatible; SemrushBot/0.98~bl; +http://www.semrush.com/bot.html)" "saveaslave.com"
54.243.48.119 - - [01/May/2015:10:51:26 -0700] "GET /palestinian-territories.html HTTP/1.1" 200 5828 "-" "Mozilla/5.0 (Windows; U; Windows NT 5.1; en-US; rv:1.9.2.8) Gecko/20100722 Firefox/3.6.8" "www.saveaslave.com"
46.229.164.111 - - [01/May/2015:10:51:36 -0700] "GET /chile.html HTTP/1.1" 200 5650 "-" "Mozilla/5.0 (compatible; SemrushBot/0.98~bl; +http://www.semrush.com/bot.html)" "www.saveaslave.com"
46.229.164.111 - - [01/May/2015:10:51:36 -0700] "GET /turkey.html HTTP/1.1" 200 5677 "-" "Mozilla/5.0 (compatible; SemrushBot/0.98~bl; +http://www.semrush.com/bot.html)" "saveaslave.com"
46.229.164.111 - - [01/May/2015:10:58:50 -0700] "GET /zambia.html HTTP/1.1" 200 5677 "-" "Mozilla/5.0 (compatible; SemrushBot/0.98~bl; +http://www.semrush.com/bot.html)" "www.saveaslave.com"
46.229.164.111 - - [01/May/2015:10:59:00 -0700] "GET /cyprus.html HTTP/1.1" 200 5651 "-" "Mozilla/5.0 (compatible; SemrushBot/0.98~bl; +http://www.semrush.com/bot.html)" "saveaslave.com"
100.43.91.28 - - [01/May/2015:10:59:24 -0700] "GET /albania.html HTTP/1.1" 200 6060 "-" "Mozilla/5.0 (compatible; YandexBot/3.0; +http://yandex.com/bots)" "saveaslave.com"
217.69.133.215 - - [01/May/2015:11:03:13 -0700] "GET /robots.txt HTTP/1.1" 404 89 "-" "Mozilla/5.0 (compatible; Linux x86_64; Mail.RU_Bot/2.0; +http://go.mail.ru/help/robots)" "saveaslave.com"
217.69.133.219 - - [01/May/2015:11:03:14 -0700] "GET /site/?cat=40 HTTP/1.1" 404 89 "-" "Mozilla/5.0 (compatible; Linux x86_64; Mail.RU_Bot/2.0; +http://go.mail.ru/help/robots)" "saveaslave.com"
46.229.164.111 - - [01/May/2015:11:10:05 -0700] "GET /oman.html HTTP/1.1" 200 2494 "-" "Mozilla/5.0 (compatible; SemrushBot/0.98~bl; +http://www.semrush.com/bot.html)" "saveaslave.com"
65.36.241.48 - - [01/May/2015:11:24:08 -0700] "HEAD / HTTP/1.1" 200 0 "-" "InternetSeer.com" "www.saveaslave.com"
46.229.164.114 - - [01/May/2015:11:31:01 -0700] "GET /sudan.html HTTP/1.1" 200 5668 "-" "Mozilla/5.0 (compatible; SemrushBot/0.98~bl; +http://www.semrush.com/bot.html)" "saveaslave.com"
46.229.164.114 - - [01/May/2015:11:31:04 -0700] "GET /norfolk-island.html HTTP/1.1" 200 5746 "-" "Mozilla/5.0 (compatible; SemrushBot/0.98~bl; +http://www.semrush.com/bot.html)" "www.saveaslave.com"
100.43.91.12 - - [01/May/2015:11:33:31 -0700] "GET /canada.html HTTP/1.1" 200 5648 "-" "Mozilla/5.0 (compatible; YandexBot/3.0; +http://yandex.com/bots)" "saveaslave.com"
217.69.133.215 - - [01/May/2015:11:33:33 -0700] "GET /robots.txt HTTP/1.1" 404 89 "-" "Mozilla/5.0 (compatible; Linux x86_64; Mail.RU_Bot/2.0; +http://go.mail.ru/help/robots)" "saveaslave.com"
65.36.241.48 - - [01/May/2015:11:39:07 -0700] "HEAD /?tpl=references&Itemid=3 HTTP/1.1" 200 0 "-" "InternetSeer.com" "www.saveaslave.com"
65.36.241.48 - - [01/May/2015:11:39:38 -0700] "HEAD /?tpl=references&Itemid=3 HTTP/1.1" 200 0 "-" "InternetSeer.com" "www.saveaslave.com"
157.55.39.237 - - [01/May/2015:11:40:09 -0700] "GET /robots.txt HTTP/1.1" 404 89 "-" "Mozilla/5.0 (compatible; bingbot/2.0; +http://www.bing.com/bingbot.htm)" "www.saveaslave.com"
23.23.242.178 - - [01/May/2015:11:46:55 -0700] "GET /japan HTTP/1.1" 200 5666 "-" "Mozilla/5.0 (Windows; U; Windows NT 5.1; en-US; rv:1.9.2.8) Gecko/20100722 Firefox/3.6.8" "www.saveaslave.com"
100.43.91.28 - - [01/May/2015:11:50:33 -0700] "GET /vietnam.html HTTP/1.1" 200 5686 "-" "Mozilla/5.0 (compatible; YandexBot/3.0; +http://yandex.com/bots)" "saveaslave.com"
46.229.164.114 - - [01/May/2015:11:55:09 -0700] "GET /venezuela.html HTTP/1.1" 200 5704 "-" "Mozilla/5.0 (compatible; SemrushBot/0.98~bl; +http://www.semrush.com/bot.html)" "www.saveaslave.com"
65.36.241.48 - - [01/May/2015:12:24:15 -0700] "HEAD / HTTP/1.1" 200 0 "-" "InternetSeer.com" "www.saveaslave.com"
100.43.91.12 - - [01/May/2015:12:24:48 -0700] "GET /syria.html HTTP/1.1" 200 5668 "-" "Mozilla/5.0 (compatible; YandexBot/3.0; +http://yandex.com/bots)" "saveaslave.com"
100.43.91.14 - - [01/May/2015:12:41:52 -0700] "GET /angola.html HTTP/1.1" 200 5617 "-" "Mozilla/5.0 (compatible; YandexBot/3.0; +http://yandex.com/bots)" "saveaslave.com"
212.71.238.143 - - [01/May/2015:12:42:27 -0700] "GET / HTTP/1.1" 200 24277 "-" "Mozilla/5.0 (Windows; U; Windows NT 6.1; en-US) AppleWebKit/534.7 (KHTML, like Gecko) Chrome/7.0.517.44 Safari/534.7" "saveaslave.com"
81.100.198.103 - - [01/May/2015:12:43:02 -0700] "GET /images/countrymap/solomon-islands.gif HTTP/1.1" 200 122217 "-" "Mozilla/5.0 (Windows NT 6.1; WOW64; Trident/7.0; rv:11.0) like Gecko" "www.saveaslave.com"
46.229.164.113 - - [01/May/2015:13:00:45 -0700] "GET /sao-tome-principe.html HTTP/1.1" 200 5789 "-" "Mozilla/5.0 (compatible; SemrushBot/0.98~bl; +http://www.semrush.com/bot.html)" "www.saveaslave.com"
46.229.164.113 - - [01/May/2015:13:22:25 -0700] "GET /afghanistan.html HTTP/1.1" 200 5683 "-" "Mozilla/5.0 (compatible; SemrushBot/0.98~bl; +http://www.semrush.com/bot.html)" "www.saveaslave.com"
46.229.164.113 - - [01/May/2015:13:22:40 -0700] "GET /lesotho.html HTTP/1.1" 200 5683 "-" "Mozilla/5.0 (compatible; SemrushBot/0.98~bl; +http://www.semrush.com/bot.html)" "saveaslave.com"
74.140.156.194 - - [01/May/2015:13:23:22 -0700] "GET /favicon.ico HTTP/1.1" 404 89 "-" "Mozilla/5.0 (Windows NT 6.3; WOW64; rv:37.0) Gecko/20100101 Firefox/37.0" "saveaslave.com"
74.140.156.194 - - [01/May/2015:13:23:22 -0700] "GET /favicon.ico HTTP/1.1" 404 89 "-" "Mozilla/5.0 (Windows NT 6.3; WOW64; rv:37.0) Gecko/20100101 Firefox/37.0" "saveaslave.com"
74.140.156.194 - - [01/May/2015:13:24:56 -0700] "GET /images/countrymap/united-states-flag.gif HTTP/1.1" 200 26972 "http://saveaslave.com/united-states.html" "Mozilla/5.0 (Windows NT 6.3; WOW64; rv:37.0) Gecko/20100101 Firefox/37.0" "saveaslave.com"
46.229.164.99 - - [01/May/2015:13:28:27 -0700] "GET /new-zealand.html HTTP/1.1" 200 5719 "-" "Mozilla/5.0 (compatible; SemrushBot/0.98~bl; +http://www.semrush.com/bot.html)" "saveaslave.com"
199.21.99.219 - - [01/May/2015:13:33:05 -0700] "GET /cambodia.html HTTP/1.1" 200 5666 "-" "Mozilla/5.0 (compatible; YandexBot/3.0; +http://yandex.com/bots)" "saveaslave.com"
54.243.48.119 - - [01/May/2015:13:42:52 -0700] "GET /sweden.html HTTP/1.1" 200 5677 "-" "Mozilla/5.0 (Windows; U; Windows NT 5.1; en-US; rv:1.9.2.8) Gecko/20100722 Firefox/3.6.8" "www.saveaslave.com"
46.229.164.102 - - [01/May/2015:13:47:25 -0700] "GET /barbados.html HTTP/1.1" 200 5664 "-" "Mozilla/5.0 (compatible; SemrushBot/0.98~bl; +http://www.semrush.com/bot.html)" "saveaslave.com"
100.43.91.28 - - [01/May/2015:13:50:06 -0700] "GET /romania.html HTTP/1.1" 200 5683 "-" "Mozilla/5.0 (compatible; YandexBot/3.0; +http://yandex.com/bots)" "saveaslave.com"
100.43.90.8 - - [01/May/2015:13:56:43 -0700] "GET /robots.txt HTTP/1.1" 404 89 "-" "Mozilla/5.0 (compatible; YandexBot/3.0; +http://yandex.com/bots)" "saveaslave.com"
46.229.164.113 - - [01/May/2015:13:58:49 -0700] "GET /algeria.html HTTP/1.1" 200 5626 "-" "Mozilla/5.0 (compatible; SemrushBot/0.98~bl; +http://www.semrush.com/bot.html)" "saveaslave.com"
46.229.164.111 - - [01/May/2015:14:04:17 -0700] "GET /luxembourg.html HTTP/1.1" 200 5711 "-" "Mozilla/5.0 (compatible; SemrushBot/0.98~bl; +http://www.semrush.com/bot.html)" "www.saveaslave.com"
46.229.164.111 - - [01/May/2015:14:04:49 -0700] "GET /chad.html HTTP/1.1" 200 5641 "-" "Mozilla/5.0 (compatible; SemrushBot/0.98~bl; +http://www.semrush.com/bot.html)" "saveaslave.com"
199.21.99.197 - - [01/May/2015:14:07:07 -0700] "GET /suriname.html HTTP/1.1" 200 5695 "-" "Mozilla/5.0 (compatible; YandexBot/3.0; +http://yandex.com/bots)" "saveaslave.com"
76.198.133.180 - - [01/May/2015:14:07:17 -0700] "GET /images/countrymap/bosnia-herzegovina.jpg HTTP/1.1" 200 42063 "https://www.google.com/" "Mozilla/5.0 (Macintosh; Intel Mac OS X 10_10) AppleWebKit/600.1.25 (KHTML, like Gecko) Version/8.0 Safari/600.1.25" "www.saveaslave.com"
173.20.242.71 - - [01/May/2015:14:07:55 -0700] "GET /images/countrymap/bosnia-herzegovina.jpg HTTP/1.1" 200 42063 "https://www.google.com/" "Mozilla/5.0 (iPhone; CPU iPhone OS 8_3 like Mac OS X) AppleWebKit/600.1.4 (KHTML, like Gecko) Version/8.0 Mobile/12F70 Safari/600.1.4" "www.saveaslave.com"
157.55.39.237 - - [01/May/2015:14:08:25 -0700] "GET /ukraine.html HTTP/1.1" 200 5686 "-" "Mozilla/5.0 (compatible; bingbot/2.0; +http://www.bing.com/bingbot.htm)" "saveaslave.com"
123.125.71.107 - - [01/May/2015:14:08:26 -0700] "GET /images/countrymap/niue-flag.gif HTTP/1.1" 200 23326 "http://image.baidu.com/i?ct=503316480&z=0&tn=baiduimagedetail" "Baiduspider-image+(+http://www.baidu.com/search/spider.htm)" "www.saveaslave.com"
46.229.164.99 - - [01/May/2015:14:09:59 -0700] "GET /togo.html HTTP/1.1" 200 5659 "-" "Mozilla/5.0 (compatible; SemrushBot/0.98~bl; +http://www.semrush.com/bot.html)" "www.saveaslave.com"
66.249.69.112 - - [01/May/2015:14:10:52 -0700] "GET /images/countrymap/san-marino.gif HTTP/1.1" 200 15471 "-" "Googlebot-Image/1.0" "www.saveaslave.com"
66.249.69.104 - - [01/May/2015:14:10:54 -0700] "GET /images/countrymap/kazakhstan-flag.gif HTTP/1.1" 200 28752 "-" "Googlebot-Image/1.0" "www.saveaslave.com"
66.249.69.104 - - [01/May/2015:14:10:54 -0700] "GET /images/countrymap/kazakhstan.gif HTTP/1.1" 200 35672 "-" "Googlebot-Image/1.0" "www.saveaslave.com"
66.249.69.104 - - [01/May/2015:14:10:59 -0700] "GET /images/countrymap/iceland.gif HTTP/1.1" 200 18946 "-" "Googlebot-Image/1.0" "www.saveaslave.com"
46.229.164.99 - - [01/May/2015:14:21:33 -0700] "GET /nicaragua.html HTTP/1.1" 200 5701 "-" "Mozilla/5.0 (compatible; SemrushBot/0.98~bl; +http://www.semrush.com/bot.html)" "saveaslave.com"
46.229.164.99 - - [01/May/2015:14:21:36 -0700] "GET /costa-rica.html HTTP/1.1" 200 5867 "-" "Mozilla/5.0 (compatible; SemrushBot/0.98~bl; +http://www.semrush.com/bot.html)" "www.saveaslave.com"
65.36.241.48 - - [01/May/2015:14:24:27 -0700] "HEAD / HTTP/1.1" 200 0 "-" "InternetSeer.com" "www.saveaslave.com"
46.229.164.111 - - [01/May/2015:14:27:15 -0700] "GET /kosovo.html HTTP/1.1" 200 5675 "-" "Mozilla/5.0 (compatible; SemrushBot/0.98~bl; +http://www.semrush.com/bot.html)" "saveaslave.com"
46.229.164.111 - - [01/May/2015:14:28:03 -0700] "GET /wallis-and-futuna.html HTTP/1.1" 200 5756 "-" "Mozilla/5.0 (compatible; SemrushBot/0.98~bl; +http://www.semrush.com/bot.html)" "www.saveaslave.com"
46.229.164.102 - - [01/May/2015:14:33:50 -0700] "GET /paraguay.html HTTP/1.1" 200 5692 "-" "Mozilla/5.0 (compatible; SemrushBot/0.98~bl; +http://www.semrush.com/bot.html)" "saveaslave.com"
46.229.164.102 - - [01/May/2015:14:34:05 -0700] "GET /palmyra-atoll.html HTTP/1.1" 200 5737 "-" "Mozilla/5.0 (compatible; SemrushBot/0.98~bl; +http://www.semrush.com/bot.html)" "www.saveaslave.com"
217.69.133.67 - - [01/May/2015:14:35:24 -0700] "GET /robots.txt HTTP/1.1" 404 89 "-" "Mozilla/5.0 (compatible; Linux x86_64; Mail.RU_Bot/2.0; +http://go.mail.ru/help/robots)" "saveaslave.com"
65.55.211.213 - - [01/May/2015:14:38:50 -0700] "GET /images/countrymap/solomon-islands.gif HTTP/1.1" 200 122217 "-" "-" "www.saveaslave.com"
100.43.91.9 - - [01/May/2015:14:41:10 -0700] "GET /zimbabwe.html HTTP/1.1" 200 5695 "-" "Mozilla/5.0 (compatible; YandexBot/3.0; +http://yandex.com/bots)" "saveaslave.com"
46.229.164.114 - - [01/May/2015:14:45:44 -0700] "GET /kuwait.html HTTP/1.1" 200 5676 "-" "Mozilla/5.0 (compatible; SemrushBot/0.98~bl; +http://www.semrush.com/bot.html)" "saveaslave.com"
46.229.164.114 - - [01/May/2015:14:45:53 -0700] "GET /south-korea.html HTTP/1.1" 200 5719 "-" "Mozilla/5.0 (compatible; SemrushBot/0.98~bl; +http://www.semrush.com/bot.html)" "www.saveaslave.com"
46.229.164.114 - - [01/May/2015:15:06:24 -0700] "GET /senegal.html HTTP/1.1" 200 5683 "-" "Mozilla/5.0 (compatible; SemrushBot/0.98~bl; +http://www.semrush.com/bot.html)" "www.saveaslave.com"
207.46.13.126 - - [01/May/2015:15:11:33 -0700] "GET /tajikistan HTTP/1.1" 200 5713 "-" "msnbot-media/1.1 (+http://search.msn.com/msnbot.htm)" "www.saveaslave.com"
66.249.69.104 - - [01/May/2015:15:14:43 -0700] "GET /images/countrymap/aruba-flag.jpg HTTP/1.1" 200 2210 "-" "Googlebot-Image/1.0" "www.saveaslave.com"
199.21.99.204 - - [01/May/2015:15:15:16 -0700] "GET /cyprus.html HTTP/1.1" 200 5651 "-" "Mozilla/5.0 (compatible; YandexBot/3.0; +http://yandex.com/bots)" "saveaslave.com"
66.249.69.104 - - [01/May/2015:15:19:24 -0700] "GET /images/countrymap/netherlands.jpg HTTP/1.1" 200 48347 "-" "Googlebot-Image/1.0" "www.saveaslave.com"
66.249.69.96 - - [01/May/2015:15:19:26 -0700] "GET /images/countrymap/panama.gif HTTP/1.1" 200 28957 "-" "Googlebot-Image/1.0" "www.saveaslave.com"
65.36.241.48 - - [01/May/2015:15:24:34 -0700] "HEAD / HTTP/1.1" 200 0 "-" "InternetSeer.com" "www.saveaslave.com"
192.161.44.39 - - [01/May/2015:15:24:53 -0700] "GET /images/countrymap/solomon-islands.gif HTTP/1.1" 200 122217 "http://www.bing.com/images/search?q=solomon+islands+map&view=detailv2&&qpvt=solomon+islands+map&id=D94E514929972023C063423BC55F971E3FD415CF&selectedIndex=2&ccid=zHlgJVkd&simid=608040930124107521&thid=JN.FCC7ohxyQ0C6C%2bCE%2fFUE5Q&mode=overlay" "Mozilla/5.0 (Windows NT 6.1; WOW64; Trident/7.0; rv:11.0) like Gecko" "www.saveaslave.com"
46.229.164.114 - - [01/May/2015:15:26:00 -0700] "GET /wallis-and-futuna.html HTTP/1.1" 200 5756 "-" "Mozilla/5.0 (compatible; SemrushBot/0.98~bl; +http://www.semrush.com/bot.html)" "saveaslave.com"
46.229.164.114 - - [01/May/2015:15:26:12 -0700] "GET /republic-of-congo.html HTTP/1.1" 200 2430 "-" "Mozilla/5.0 (compatible; SemrushBot/0.98~bl; +http://www.semrush.com/bot.html)" "www.saveaslave.com"
199.21.99.204 - - [01/May/2015:15:32:18 -0700] "GET /curacao.html HTTP/1.1" 200 5678 "-" "Mozilla/5.0 (compatible; YandexBot/3.0; +http://yandex.com/bots)" "saveaslave.com"
217.69.133.217 - - [01/May/2015:15:34:37 -0700] "GET /site/?cat=211 HTTP/1.1" 404 89 "-" "Mozilla/5.0 (compatible; Linux x86_64; Mail.RU_Bot/2.0; +http://go.mail.ru/help/robots)" "saveaslave.com"
217.69.133.84 - - [01/May/2015:15:34:38 -0700] "GET /site/?cat=37 HTTP/1.1" 404 89 "-" "Mozilla/5.0 (compatible; Linux x86_64; Mail.RU_Bot/2.0; +http://go.mail.ru/help/robots)" "saveaslave.com"
217.69.133.219 - - [01/May/2015:15:34:40 -0700] "GET /site/?cat=202 HTTP/1.1" 404 89 "-" "Mozilla/5.0 (compatible; Linux x86_64; Mail.RU_Bot/2.0; +http://go.mail.ru/help/robots)" "saveaslave.com"
217.69.133.84 - - [01/May/2015:15:34:41 -0700] "GET /site/?cat=170 HTTP/1.1" 404 89 "-" "Mozilla/5.0 (compatible; Linux x86_64; Mail.RU_Bot/2.0; +http://go.mail.ru/help/robots)" "saveaslave.com"
217.69.133.218 - - [01/May/2015:15:34:42 -0700] "GET /site/?cat=205 HTTP/1.1" 404 89 "-" "Mozilla/5.0 (compatible; Linux x86_64; Mail.RU_Bot/2.0; +http://go.mail.ru/help/robots)" "saveaslave.com"
123.30.175.159 - - [01/May/2015:15:35:18 -0700] "GET / HTTP/1.1" 200 24277 "-" "Mozilla/5.0 (compatible; coccoc/1.0; +http://help.coccoc.com/)" "saveaslave.com"
123.30.175.165 - - [01/May/2015:15:36:52 -0700] "GET /robots.txt HTTP/1.1" 404 89 "-" "Mozilla/5.0 (compatible; coccoc/1.0; +http://help.coccoc.com/)" "www.saveaslave.com"
123.30.175.160 - - [01/May/2015:15:36:58 -0700] "GET /articles/moder... HTTP/1.1" 404 88 "-" "Mozilla/5.0 (compatible; coccoc/1.0; +http://help.coccoc.com/)" "www.saveaslave.com"
46.229.164.114 - - [01/May/2015:15:45:49 -0700] "GET /bhutan.html HTTP/1.1" 200 5651 "-" "Mozilla/5.0 (compatible; SemrushBot/0.98~bl; +http://www.semrush.com/bot.html)" "www.saveaslave.com"
46.229.164.114 - - [01/May/2015:15:45:50 -0700] "GET /qatar.html HTTP/1.1" 200 5665 "-" "Mozilla/5.0 (compatible; SemrushBot/0.98~bl; +http://www.semrush.com/bot.html)" "saveaslave.com"
100.43.91.28 - - [01/May/2015:15:49:16 -0700] "GET /belize.html HTTP/1.1" 200 5643 "-" "Mozilla/5.0 (compatible; YandexBot/3.0; +http://yandex.com/bots)" "saveaslave.com"
207.46.13.126 - - [01/May/2015:16:03:40 -0700] "GET /robots.txt HTTP/1.1" 404 89 "-" "Mozilla/5.0 (compatible; bingbot/2.0; +http://www.bing.com/bingbot.htm)" "www.saveaslave.com"
100.43.91.12 - - [01/May/2015:16:06:20 -0700] "GET /algeria.html HTTP/1.1" 200 5626 "-" "Mozilla/5.0 (compatible; YandexBot/3.0; +http://yandex.com/bots)" "saveaslave.com"
217.69.133.215 - - [01/May/2015:16:07:20 -0700] "GET /robots.txt HTTP/1.1" 404 73 "-" "Mozilla/5.0 (compatible; Linux x86_64; Mail.RU_Bot/2.0; +http://go.mail.ru/help/robots)" "saveaslave.com"
217.69.133.85 - - [01/May/2015:16:07:22 -0700] "GET /site/?cat=146 HTTP/1.1" 404 89 "-" "Mozilla/5.0 (compatible; Linux x86_64; Mail.RU_Bot/2.0; +http://go.mail.ru/help/robots)" "saveaslave.com"
217.69.133.215 - - [01/May/2015:16:07:23 -0700] "GET /site/?cat=245 HTTP/1.1" 404 89 "-" "Mozilla/5.0 (compatible; Linux x86_64; Mail.RU_Bot/2.0; +http://go.mail.ru/help/robots)" "saveaslave.com"
46.229.164.99 - - [01/May/2015:16:36:16 -0700] "GET /central-african-republic.html HTTP/1.1" 200 5821 "-" "Mozilla/5.0 (compatible; SemrushBot/0.98~bl; +http://www.semrush.com/bot.html)" "www.saveaslave.com"
66.249.69.96 - - [01/May/2015:16:40:51 -0700] "GET /images/countrymap/dominica.jpg HTTP/1.1" 200 13820 "-" "Googlebot-Image/1.0" "www.saveaslave.com"
66.249.69.96 - - [01/May/2015:16:41:44 -0700] "GET /images/countrymap/antigua-barbuda-flag.gif HTTP/1.1" 200 1941 "-" "Googlebot-Image/1.0" "www.saveaslave.com"
46.229.164.102 - - [01/May/2015:16:49:47 -0700] "GET /morocco.html HTTP/1.1" 200 5686 "-" "Mozilla/5.0 (compatible; SemrushBot/0.98~bl; +http://www.semrush.com/bot.html)" "www.saveaslave.com"
46.229.164.113 - - [01/May/2015:16:56:26 -0700] "GET /burma.html HTTP/1.1" 200 5639 "-" "Mozilla/5.0 (compatible; SemrushBot/0.98~bl; +http://www.semrush.com/bot.html)" "saveaslave.com"
100.43.91.28 - - [01/May/2015:16:57:30 -0700] "GET /mexico.html HTTP/1.1" 200 6067 "-" "Mozilla/5.0 (compatible; YandexBot/3.0; +http://yandex.com/bots)" "saveaslave.com"
46.229.164.102 - - [01/May/2015:17:03:34 -0700] "GET /cyprus.html HTTP/1.1" 200 5651 "-" "Mozilla/5.0 (compatible; SemrushBot/0.98~bl; +http://www.semrush.com/bot.html)" "www.saveaslave.com"
65.36.241.48 - - [01/May/2015:17:06:05 -0700] "HEAD /?tpl=references&Itemid=3 HTTP/1.1" 200 0 "-" "InternetSeer.com" "www.saveaslave.com"
70.193.6.85 - - [01/May/2015:17:11:18 -0700] "GET /images/countrymap/solomon-islands.gif HTTP/1.1" 200 122217 "-" "Mozilla/5.0 (Linux; Android 4.4.2; SCH-I535 Build/KOT49H) AppleWebKit/537.36 (KHTML, like Gecko) Version/4.0 Chrome/30.0.0.0 Mobile Safari/537.36 GSA/3.3.11.1069658.arm" "www.saveaslave.com"
199.21.99.204 - - [01/May/2015:17:14:32 -0700] "GET /poland.html HTTP/1.1" 200 5673 "-" "Mozilla/5.0 (compatible; YandexBot/3.0; +http://yandex.com/bots)" "saveaslave.com"
46.229.164.102 - - [01/May/2015:17:15:07 -0700] "GET /bolivia.html HTTP/1.1" 200 5606 "-" "Mozilla/5.0 (compatible; SemrushBot/0.98~bl; +http://www.semrush.com/bot.html)" "saveaslave.com"
46.229.164.99 - - [01/May/2015:17:19:54 -0700] "GET /somalia.html HTTP/1.1" 200 5683 "-" "Mozilla/5.0 (compatible; SemrushBot/0.98~bl; +http://www.semrush.com/bot.html)" "www.saveaslave.com"
66.249.69.104 - - [01/May/2015:17:24:36 -0700] "GET /robots.txt HTTP/1.1" 404 89 "-" "Mozilla/5.0 (compatible; Googlebot/2.1; +http://www.google.com/bot.html)" "www.saveaslave.com"
46.229.164.99 - - [01/May/2015:17:25:21 -0700] "GET /dominican-republic.html HTTP/1.1" 200 5756 "-" "Mozilla/5.0 (compatible; SemrushBot/0.98~bl; +http://www.semrush.com/bot.html)" "saveaslave.com"
46.229.164.99 - - [01/May/2015:17:29:55 -0700] "GET /vanuatu.html HTTP/1.1" 200 5686 "-" "Mozilla/5.0 (compatible; SemrushBot/0.98~bl; +http://www.semrush.com/bot.html)" "www.saveaslave.com"
46.229.164.99 - - [01/May/2015:17:30:26 -0700] "GET /lebanon.html HTTP/1.1" 200 5683 "-" "Mozilla/5.0 (compatible; SemrushBot/0.98~bl; +http://www.semrush.com/bot.html)" "saveaslave.com"
100.43.91.12 - - [01/May/2015:17:31:31 -0700] "GET /tunisia.html HTTP/1.1" 200 5686 "-" "Mozilla/5.0 (compatible; YandexBot/3.0; +http://yandex.com/bots)" "saveaslave.com"
217.69.133.219 - - [01/May/2015:17:38:55 -0700] "GET /robots.txt HTTP/1.1" 404 89 "-" "Mozilla/5.0 (compatible; Linux x86_64; Mail.RU_Bot/2.0; +http://go.mail.ru/help/robots)" "saveaslave.com"
217.69.133.84 - - [01/May/2015:17:38:56 -0700] "GET /site/?cat=234 HTTP/1.1" 404 89 "-" "Mozilla/5.0 (compatible; Linux x86_64; Mail.RU_Bot/2.0; +http://go.mail.ru/help/robots)" "saveaslave.com"
46.229.164.113 - - [01/May/2015:17:39:48 -0700] "GET /united-arab-emirates.html HTTP/1.1" 200 5769 "-" "Mozilla/5.0 (compatible; SemrushBot/0.98~bl; +http://www.semrush.com/bot.html)" "saveaslave.com"
46.229.164.113 - - [01/May/2015:17:40:02 -0700] "GET /seychelles.html HTTP/1.1" 200 5710 "-" "Mozilla/5.0 (compatible; SemrushBot/0.98~bl; +http://www.semrush.com/bot.html)" "www.saveaslave.com"
199.21.99.204 - - [01/May/2015:17:48:29 -0700] "GET /moldova.html HTTP/1.1" 200 5683 "-" "Mozilla/5.0 (compatible; YandexBot/3.0; +http://yandex.com/bots)" "saveaslave.com"
46.229.164.111 - - [01/May/2015:17:51:40 -0700] "GET /montenegro.html HTTP/1.1" 200 5711 "-" "Mozilla/5.0 (compatible; SemrushBot/0.98~bl; +http://www.semrush.com/bot.html)" "www.saveaslave.com"
46.229.164.111 - - [01/May/2015:17:51:40 -0700] "GET /latvia.html HTTP/1.1" 200 5674 "-" "Mozilla/5.0 (compatible; SemrushBot/0.98~bl; +http://www.semrush.com/bot.html)" "saveaslave.com"
77.35.47.30 - - [01/May/2015:17:58:58 -0700] "GET / HTTP/1.1" 200 24277 "-" "Opera/9.80 (Windows NT 5.1) Presto/2.12.388 Version/12.14" "saveaslave.com"
46.229.164.114 - - [01/May/2015:17:59:55 -0700] "GET /us-virgin-islands.html HTTP/1.1" 200 5799 "-" "Mozilla/5.0 (compatible; SemrushBot/0.98~bl; +http://www.semrush.com/bot.html)" "www.saveaslave.com"
207.46.13.126 - - [01/May/2015:18:03:52 -0700] "GET /nepal HTTP/1.1" 200 5852 "-" "msnbot-media/1.1 (+http://search.msn.com/msnbot.htm)" "www.saveaslave.com"
46.229.164.111 - - [01/May/2015:18:09:07 -0700] "GET /resources.html HTTP/1.1" 200 14780 "-" "Mozilla/5.0 (compatible; SemrushBot/0.98~bl; +http://www.semrush.com/bot.html)" "saveaslave.com"
100.43.91.9 - - [01/May/2015:18:13:38 -0700] "GET /brazil.html HTTP/1.1" 200 5651 "-" "Mozilla/5.0 (compatible; YandexBot/3.0; +http://yandex.com/bots)" "saveaslave.com"
46.229.164.111 - - [01/May/2015:18:17:58 -0700] "GET /belarus.html HTTP/1.1" 200 5670 "-" "Mozilla/5.0 (compatible; SemrushBot/0.98~bl; +http://www.semrush.com/bot.html)" "saveaslave.com"
180.76.5.24 - - [01/May/2015:18:21:31 -0700] "GET /sudan.html HTTP/1.1" 200 5668 "-" "Mozilla/5.0 (compatible; Baiduspider/2.0; +http://www.baidu.com/search/spider.html)" "www.saveaslave.com"
65.36.241.48 - - [01/May/2015:18:25:00 -0700] "HEAD / HTTP/1.1" 200 0 "-" "InternetSeer.com" "www.saveaslave.com"
46.229.164.114 - - [01/May/2015:18:27:27 -0700] "GET /yemen.html HTTP/1.1" 200 5668 "-" "Mozilla/5.0 (compatible; SemrushBot/0.98~bl; +http://www.semrush.com/bot.html)" "saveaslave.com"
46.229.164.111 - - [01/May/2015:18:35:35 -0700] "GET /bahamas.html HTTP/1.1" 200 5619 "-" "Mozilla/5.0 (compatible; SemrushBot/0.98~bl; +http://www.semrush.com/bot.html)" "www.saveaslave.com"
46.229.164.111 - - [01/May/2015:18:35:35 -0700] "GET /cote-d-ivoire.html HTTP/1.1" 200 5714 "-" "Mozilla/5.0 (compatible; SemrushBot/0.98~bl; +http://www.semrush.com/bot.html)" "saveaslave.com"
46.229.164.114 - - [01/May/2015:18:48:36 -0700] "GET /namibia.html HTTP/1.1" 200 5683 "-" "Mozilla/5.0 (compatible; SemrushBot/0.98~bl; +http://www.semrush.com/bot.html)" "saveaslave.com"
46.229.164.114 - - [01/May/2015:18:48:39 -0700] "GET /oman.html HTTP/1.1" 200 5656 "-" "Mozilla/5.0 (compatible; SemrushBot/0.98~bl; +http://www.semrush.com/bot.html)" "www.saveaslave.com"
45.56.107.109 - - [01/May/2015:18:53:52 -0700] "HEAD / HTTP/1.1" 200 0 "-" "-" "www.saveaslave.com"
46.229.164.114 - - [01/May/2015:19:22:07 -0700] "GET /finland.html HTTP/1.1" 200 6902 "-" "Mozilla/5.0 (compatible; SemrushBot/0.98~bl; +http://www.semrush.com/bot.html)" "saveaslave.com"
46.229.164.114 - - [01/May/2015:19:22:20 -0700] "GET /australia.html HTTP/1.1" 200 5637 "-" "Mozilla/5.0 (compatible; SemrushBot/0.98~bl; +http://www.semrush.com/bot.html)" "www.saveaslave.com"
65.36.241.48 - - [01/May/2015:19:25:13 -0700] "HEAD / HTTP/1.1" 200 0 "-" "InternetSeer.com" "www.saveaslave.com"
98.136.235.19 - - [01/May/2015:19:33:59 -0700] "GET /images/countrymap/solomon-islands.gif HTTP/1.1" 200 122217 "-" "YahooCacheSystem; YahooWebServiceClient" "www.saveaslave.com"
46.229.164.99 - - [01/May/2015:19:45:07 -0700] "GET /central-african-republic.html HTTP/1.1" 200 5821 "-" "Mozilla/5.0 (compatible; SemrushBot/0.98~bl; +http://www.semrush.com/bot.html)" "saveaslave.com"
65.36.241.48 - - [01/May/2015:19:53:35 -0700] "HEAD /?tpl=references&Itemid=3 HTTP/1.1" 200 0 "-" "InternetSeer.com" "www.saveaslave.com"
46.229.164.99 - - [01/May/2015:20:08:10 -0700] "GET /netherlands.html HTTP/1.1" 200 5719 "-" "Mozilla/5.0 (compatible; SemrushBot/0.98~bl; +http://www.semrush.com/bot.html)" "saveaslave.com"
217.69.133.219 - - [01/May/2015:20:10:57 -0700] "GET /site/?cat=215 HTTP/1.1" 404 89 "-" "Mozilla/5.0 (compatible; Linux x86_64; Mail.RU_Bot/2.0; +http://go.mail.ru/help/robots)" "saveaslave.com"
46.229.164.113 - - [01/May/2015:20:27:06 -0700] "GET /libya.html HTTP/1.1" 200 5665 "-" "Mozilla/5.0 (compatible; SemrushBot/0.98~bl; +http://www.semrush.com/bot.html)" "saveaslave.com"
46.229.164.113 - - [01/May/2015:20:33:07 -0700] "GET /timor-leste.html HTTP/1.1" 200 5723 "-" "Mozilla/5.0 (compatible; SemrushBot/0.98~bl; +http://www.semrush.com/bot.html)" "www.saveaslave.com"
46.229.164.113 - - [01/May/2015:20:33:12 -0700] "GET /niue.html HTTP/1.1" 200 5656 "-" "Mozilla/5.0 (compatible; SemrushBot/0.98~bl; +http://www.semrush.com/bot.html)" "saveaslave.com"
66.249.82.174 - - [01/May/2015:20:37:01 -0700] "GET /images/countrymap/bosnia-herzegovina.jpg HTTP/1.1" 200 42063 "-" "Mozilla/5.0 (Windows NT 5.1; rv:11.0) Gecko Firefox/11.0 (via ggpht.com GoogleImageProxy)" "www.saveaslave.com"
46.229.164.102 - - [01/May/2015:20:38:46 -0700] "GET /sri-lanka.html HTTP/1.1" 200 5701 "-" "Mozilla/5.0 (compatible; SemrushBot/0.98~bl; +http://www.semrush.com/bot.html)" "saveaslave.com"
54.243.48.119 - - [01/May/2015:20:41:29 -0700] "GET / HTTP/1.1" 200 24277 "-" "Mozilla/5.0 (Windows; U; Windows NT 5.1; en-US; rv:1.9.2.8) Gecko/20100722 Firefox/3.6.8" "saveaslave.com"
46.229.164.111 - - [01/May/2015:20:43:30 -0700] "GET /south-sudan.html HTTP/1.1" 200 5719 "-" "Mozilla/5.0 (compatible; SemrushBot/0.98~bl; +http://www.semrush.com/bot.html)" "saveaslave.com"
46.229.164.111 - - [01/May/2015:20:45:06 -0700] "GET /marshall-islands.html HTTP/1.1" 200 2520 "-" "Mozilla/5.0 (compatible; SemrushBot/0.98~bl; +http://www.semrush.com/bot.html)" "www.saveaslave.com"
46.229.164.111 - - [01/May/2015:20:47:35 -0700] "GET /mexico.html HTTP/1.1" 200 6067 "-" "Mozilla/5.0 (compatible; SemrushBot/0.98~bl; +http://www.semrush.com/bot.html)" "www.saveaslave.com"
46.229.164.111 - - [01/May/2015:20:47:45 -0700] "GET /colombia.html HTTP/1.1" 200 5676 "-" "Mozilla/5.0 (compatible; SemrushBot/0.98~bl; +http://www.semrush.com/bot.html)" "saveaslave.com"
46.229.164.113 - - [01/May/2015:20:57:05 -0700] "GET /palau.html HTTP/1.1" 200 5665 "-" "Mozilla/5.0 (compatible; SemrushBot/0.98~bl; +http://www.semrush.com/bot.html)" "saveaslave.com"
46.229.164.102 - - [01/May/2015:21:02:21 -0700] "GET /montenegro.html HTTP/1.1" 200 5711 "-" "Mozilla/5.0 (compatible; SemrushBot/0.98~bl; +http://www.semrush.com/bot.html)" "saveaslave.com"
46.229.164.102 - - [01/May/2015:21:06:02 -0700] "GET /seychelles.html HTTP/1.1" 200 5710 "-" "Mozilla/5.0 (compatible; SemrushBot/0.98~bl; +http://www.semrush.com/bot.html)" "saveaslave.com"
157.55.39.237 - - [01/May/2015:21:11:32 -0700] "GET /robots.txt HTTP/1.1" 404 89 "-" "Mozilla/5.0 (compatible; bingbot/2.0; +http://www.bing.com/bingbot.htm)" "www.saveaslave.com"
180.76.6.43 - - [01/May/2015:21:14:03 -0700] "GET /singapore.html HTTP/1.1" 200 2501 "-" "Mozilla/5.0 (compatible; Baiduspider/2.0; +http://www.baidu.com/search/spider.html)" "www.saveaslave.com"
65.36.241.48 - - [01/May/2015:21:25:31 -0700] "HEAD / HTTP/1.1" 200 0 "-" "InternetSeer.com" "www.saveaslave.com"
46.229.164.111 - - [01/May/2015:21:26:50 -0700] "GET /wake-island.html HTTP/1.1" 200 5722 "-" "Mozilla/5.0 (compatible; SemrushBot/0.98~bl; +http://www.semrush.com/bot.html)" "www.saveaslave.com"
46.229.164.111 - - [01/May/2015:21:32:03 -0700] "GET /liechtenstein.html HTTP/1.1" 200 5737 "-" "Mozilla/5.0 (compatible; SemrushBot/0.98~bl; +http://www.semrush.com/bot.html)" "saveaslave.com"
46.229.164.111 - - [01/May/2015:21:32:04 -0700] "GET /articles/modernslavery.html HTTP/1.1" 404 89 "-" "Mozilla/5.0 (compatible; SemrushBot/0.98~bl; +http://www.semrush.com/bot.html)" "www.saveaslave.com"
46.229.164.113 - - [01/May/2015:21:37:15 -0700] "GET /zimbabwe.html HTTP/1.1" 200 2504 "-" "Mozilla/5.0 (compatible; SemrushBot/0.98~bl; +http://www.semrush.com/bot.html)" "saveaslave.com"
46.229.164.113 - - [01/May/2015:21:37:27 -0700] "GET /solomon-islands.html HTTP/1.1" 200 5755 "-" "Mozilla/5.0 (compatible; SemrushBot/0.98~bl; +http://www.semrush.com/bot.html)" "www.saveaslave.com"
46.229.164.114 - - [01/May/2015:21:43:23 -0700] "GET /resources.html HTTP/1.1" 200 4469 "-" "Mozilla/5.0 (compatible; SemrushBot/0.98~bl; +http://www.semrush.com/bot.html)" "www.saveaslave.com"
46.229.164.114 - - [01/May/2015:21:43:37 -0700] "GET /pakistan.html HTTP/1.1" 200 5856 "-" "Mozilla/5.0 (compatible; SemrushBot/0.98~bl; +http://www.semrush.com/bot.html)" "saveaslave.com"
180.76.5.168 - - [01/May/2015:21:44:00 -0700] "GET /jamaica.html HTTP/1.1" 200 2498 "-" "Mozilla/5.0 (compatible; Baiduspider/2.0; +http://www.baidu.com/search/spider.html)" "www.saveaslave.com"
46.229.164.114 - - [01/May/2015:21:51:06 -0700] "GET /australia.html HTTP/1.1" 200 5637 "-" "Mozilla/5.0 (compatible; SemrushBot/0.98~bl; +http://www.semrush.com/bot.html)" "saveaslave.com"
217.69.133.59 - - [01/May/2015:21:56:57 -0700] "GET /robots.txt HTTP/1.1" 404 73 "-" "Mozilla/5.0 (compatible; Linux x86_64; Mail.RU_Bot/2.0; +http://go.mail.ru/help/robots)" "saveaslave.com"
217.69.133.28 - - [01/May/2015:21:56:59 -0700] "GET /site/?cat=110 HTTP/1.1" 404 89 "-" "Mozilla/5.0 (compatible; Linux x86_64; Mail.RU_Bot/2.0; +http://go.mail.ru/help/robots)" "saveaslave.com"
46.229.164.114 - - [01/May/2015:21:58:38 -0700] "GET /bahrain.html HTTP/1.1" 200 2487 "-" "Mozilla/5.0 (compatible; SemrushBot/0.98~bl; +http://www.semrush.com/bot.html)" "www.saveaslave.com"
46.229.164.114 - - [01/May/2015:21:59:00 -0700] "GET /malawi.html HTTP/1.1" 200 5674 "-" "Mozilla/5.0 (compatible; SemrushBot/0.98~bl; +http://www.semrush.com/bot.html)" "saveaslave.com"
46.229.164.111 - - [01/May/2015:22:06:23 -0700] "GET /moldova.html HTTP/1.1" 200 5683 "-" "Mozilla/5.0 (compatible; SemrushBot/0.98~bl; +http://www.semrush.com/bot.html)" "saveaslave.com"
46.229.164.111 - - [01/May/2015:22:06:23 -0700] "GET /angola.html HTTP/1.1" 200 5617 "-" "Mozilla/5.0 (compatible; SemrushBot/0.98~bl; +http://www.semrush.com/bot.html)" "www.saveaslave.com"
217.69.133.217 - - [01/May/2015:22:10:29 -0700] "GET /robots.txt HTTP/1.1" 404 89 "-" "Mozilla/5.0 (compatible; Linux x86_64; Mail.RU_Bot/2.0; +http://go.mail.ru/help/robots)" "saveaslave.com"
217.69.133.250 - - [01/May/2015:22:17:48 -0700] "GET /robots.txt HTTP/1.1" 404 89 "-" "Mozilla/5.0 (compatible; Linux x86_64; Mail.RU_Bot/2.0; +http://go.mail.ru/help/robots)" "saveaslave.com"
217.69.133.249 - - [01/May/2015:22:17:50 -0700] "GET /site/?m=20120630 HTTP/1.1" 404 89 "-" "Mozilla/5.0 (compatible; Linux x86_64; Mail.RU_Bot/2.0; +http://go.mail.ru/help/robots)" "saveaslave.com"
68.180.228.59 - - [01/May/2015:22:19:59 -0700] "GET /robots.txt HTTP/1.1" 404 89 "-" "Mozilla/5.0 (compatible; Yahoo! Slurp; http://help.yahoo.com/help/us/ysearch/slurp)" "www.saveaslave.com"
65.36.241.48 - - [01/May/2015:22:25:50 -0700] "HEAD / HTTP/1.1" 200 0 "-" "InternetSeer.com" "www.saveaslave.com"
46.229.164.114 - - [01/May/2015:22:33:53 -0700] "GET /djibouti.html HTTP/1.1" 200 5666 "-" "Mozilla/5.0 (compatible; SemrushBot/0.98~bl; +http://www.semrush.com/bot.html)" "saveaslave.com"
46.229.164.114 - - [01/May/2015:22:34:02 -0700] "GET /benin.html HTTP/1.1" 200 5639 "-" "Mozilla/5.0 (compatible; SemrushBot/0.98~bl; +http://www.semrush.com/bot.html)" "www.saveaslave.com"
157.55.39.135 - - [01/May/2015:22:34:50 -0700] "GET /cape-verde.html HTTP/1.1" 200 5687 "-" "Mozilla/5.0 (compatible; bingbot/2.0; +http://www.bing.com/bingbot.htm)" "saveaslave.com"
65.36.241.48 - - [01/May/2015:22:36:00 -0700] "HEAD /?tpl=references&Itemid=3 HTTP/1.1" 200 0 "-" "InternetSeer.com" "www.saveaslave.com"
220.181.108.100 - - [01/May/2015:22:44:20 -0700] "GET /images/countrymap/germany-flag.gif HTTP/1.1" 200 5398 "http://image.baidu.com/i?ct=503316480&z=0&tn=baiduimagedetail" "Baiduspider-image+(+http://www.baidu.com/search/spider.htm)" "www.saveaslave.com"
46.229.164.114 - - [01/May/2015:22:46:04 -0700] "GET /romania.html HTTP/1.1" 200 5683 "-" "Mozilla/5.0 (compatible; SemrushBot/0.98~bl; +http://www.semrush.com/bot.html)" "www.saveaslave.com"
207.46.13.126 - - [01/May/2015:22:53:07 -0700] "GET /wake_island HTTP/1.1" 404 89 "-" "Mozilla/5.0 (compatible; bingbot/2.0; +http://www.bing.com/bingbot.htm)" "www.saveaslave.com"
46.229.164.99 - - [01/May/2015:22:58:06 -0700] "GET /ukraine.html HTTP/1.1" 200 5686 "-" "Mozilla/5.0 (compatible; SemrushBot/0.98~bl; +http://www.semrush.com/bot.html)" "www.saveaslave.com"
46.229.164.102 - - [01/May/2015:23:11:48 -0700] "GET /malta.html HTTP/1.1" 200 2497 "-" "Mozilla/5.0 (compatible; SemrushBot/0.98~bl; +http://www.semrush.com/bot.html)" "www.saveaslave.com"
206.221.181.195 - - [01/May/2015:23:26:10 -0700] "GET / HTTP/1.1" 200 24277 "-" "Mozilla/5.0 (Macintosh; Intel Mac OS X 10_10_2) AppleWebKit/537.36 (KHTML, like Gecko) Chrome/41.0.2272.118 Safari/537.36" "saveaslave.com"
206.221.181.195 - - [01/May/2015:23:26:10 -0700] "GET /feed HTTP/1.1" 404 89 "-" "Mozilla/5.0 (Macintosh; Intel Mac OS X 10_10_2) AppleWebKit/537.36 (KHTML, like Gecko) Chrome/41.0.2272.118 Safari/537.36" "saveaslave.com"
206.221.181.195 - - [01/May/2015:23:26:10 -0700] "GET /rss.xml HTTP/1.1" 404 89 "-" "Mozilla/5.0 (Macintosh; Intel Mac OS X 10_10_2) AppleWebKit/537.36 (KHTML, like Gecko) Chrome/41.0.2272.118 Safari/537.36" "saveaslave.com"
206.221.181.195 - - [01/May/2015:23:26:11 -0700] "GET /blog/atom.xml HTTP/1.1" 404 89 "-" "Mozilla/5.0 (Macintosh; Intel Mac OS X 10_10_2) AppleWebKit/537.36 (KHTML, like Gecko) Chrome/41.0.2272.118 Safari/537.36" "saveaslave.com"
206.221.181.195 - - [01/May/2015:23:26:11 -0700] "GET /blog/index.rdf HTTP/1.1" 404 89 "-" "Mozilla/5.0 (Macintosh; Intel Mac OS X 10_10_2) AppleWebKit/537.36 (KHTML, like Gecko) Chrome/41.0.2272.118 Safari/537.36" "saveaslave.com"
206.221.181.195 - - [01/May/2015:23:26:11 -0700] "GET /blog/rss.xml HTTP/1.1" 404 89 "-" "Mozilla/5.0 (Macintosh; Intel Mac OS X 10_10_2) AppleWebKit/537.36 (KHTML, like Gecko) Chrome/41.0.2272.118 Safari/537.36" "saveaslave.com"
206.221.181.195 - - [01/May/2015:23:26:11 -0700] "GET /blogs/atom.xml HTTP/1.1" 404 89 "-" "Mozilla/5.0 (Macintosh; Intel Mac OS X 10_10_2) AppleWebKit/537.36 (KHTML, like Gecko) Chrome/41.0.2272.118 Safari/537.36" "saveaslave.com"
206.221.181.195 - - [01/May/2015:23:26:12 -0700] "GET /feed/atom.xml HTTP/1.1" 404 89 "-" "Mozilla/5.0 (Macintosh; Intel Mac OS X 10_10_2) AppleWebKit/537.36 (KHTML, like Gecko) Chrome/41.0.2272.118 Safari/537.36" "saveaslave.com"
206.221.181.195 - - [01/May/2015:23:26:12 -0700] "GET /feed/index.rdf HTTP/1.1" 404 89 "-" "Mozilla/5.0 (Macintosh; Intel Mac OS X 10_10_2) AppleWebKit/537.36 (KHTML, like Gecko) Chrome/41.0.2272.118 Safari/537.36" "saveaslave.com"
206.221.181.195 - - [01/May/2015:23:26:12 -0700] "GET /feed/rss.xml HTTP/1.1" 404 89 "-" "Mozilla/5.0 (Macintosh; Intel Mac OS X 10_10_2) AppleWebKit/537.36 (KHTML, like Gecko) Chrome/41.0.2272.118 Safari/537.36" "saveaslave.com"
206.221.181.195 - - [01/May/2015:23:26:12 -0700] "GET /feed/blog.rss HTTP/1.1" 404 89 "-" "Mozilla/5.0 (Macintosh; Intel Mac OS X 10_10_2) AppleWebKit/537.36 (KHTML, like Gecko) Chrome/41.0.2272.118 Safari/537.36" "saveaslave.com"
206.221.181.195 - - [01/May/2015:23:26:12 -0700] "GET /feed/rss HTTP/1.1" 404 89 "-" "Mozilla/5.0 (Macintosh; Intel Mac OS X 10_10_2) AppleWebKit/537.36 (KHTML, like Gecko) Chrome/41.0.2272.118 Safari/537.36" "saveaslave.com"
206.221.181.195 - - [01/May/2015:23:26:12 -0700] "GET /sitemap.xml.gz HTTP/1.1" 404 89 "-" "Mozilla/5.0 (Macintosh; Intel Mac OS X 10_10_2) AppleWebKit/537.36 (KHTML, like Gecko) Chrome/41.0.2272.118 Safari/537.36" "saveaslave.com"
46.229.164.102 - - [01/May/2015:23:35:45 -0700] "GET /sierra-leone.html HTTP/1.1" 200 5728 "-" "Mozilla/5.0 (compatible; SemrushBot/0.98~bl; +http://www.semrush.com/bot.html)" "www.saveaslave.com"
217.69.133.67 - - [01/May/2015:23:42:09 -0700] "GET /site/?cat=88 HTTP/1.1" 404 89 "-" "Mozilla/5.0 (compatible; Linux x86_64; Mail.RU_Bot/2.0; +http://go.mail.ru/help/robots)" "saveaslave.com"
46.229.164.99 - - [01/May/2015:23:44:08 -0700] "GET /uganda.html HTTP/1.1" 200 5677 "-" "Mozilla/5.0 (compatible; SemrushBot/0.98~bl; +http://www.semrush.com/bot.html)" "saveaslave.com"
46.229.164.102 - - [02/May/2015:00:01:06 -0700] "GET /slovakia.html HTTP/1.1" 200 2501 "-" "Mozilla/5.0 (compatible; SemrushBot/0.98~bl; +http://www.semrush.com/bot.html)" "www.saveaslave.com"
46.229.164.111 - - [02/May/2015:00:05:43 -0700] "GET /philippines.html HTTP/1.1" 200 5719 "-" "Mozilla/5.0 (compatible; SemrushBot/0.98~bl; +http://www.semrush.com/bot.html)" "saveaslave.com"
46.229.164.111 - - [02/May/2015:00:05:58 -0700] "GET /cuba.html HTTP/1.1" 200 5628 "-" "Mozilla/5.0 (compatible; SemrushBot/0.98~bl; +http://www.semrush.com/bot.html)" "www.saveaslave.com"
180.76.6.49 - - [02/May/2015:00:08:41 -0700] "GET / HTTP/1.1" 200 24277 "-" "Mozilla/5.0 (compatible; Baiduspider/2.0; +http://www.baidu.com/search/spider.html)" "www.saveaslave.com"
46.229.164.102 - - [02/May/2015:00:14:29 -0700] "GET /saint-martin.html HTTP/1.1" 200 5728 "-" "Mozilla/5.0 (compatible; SemrushBot/0.98~bl; +http://www.semrush.com/bot.html)" "saveaslave.com"
46.229.164.102 - - [02/May/2015:00:14:33 -0700] "GET /nicaragua.html HTTP/1.1" 200 5701 "-" "Mozilla/5.0 (compatible; SemrushBot/0.98~bl; +http://www.semrush.com/bot.html)" "www.saveaslave.com"
46.229.164.113 - - [02/May/2015:00:19:45 -0700] "GET /tanzania.html HTTP/1.1" 200 5695 "-" "Mozilla/5.0 (compatible; SemrushBot/0.98~bl; +http://www.semrush.com/bot.html)" "www.saveaslave.com"
46.229.164.113 - - [02/May/2015:00:19:45 -0700] "GET /samoa.html HTTP/1.1" 200 5665 "-" "Mozilla/5.0 (compatible; SemrushBot/0.98~bl; +http://www.semrush.com/bot.html)" "saveaslave.com"
10.211.235.47 - - [02/May/2015:00:24:15 -0700] "GET /images/countrymap/solomon-islands.gif HTTP/1.1" 200 122217 "-" "YahooCacheSystem; YahooWebServiceClient" "www.saveaslave.com"
46.229.164.113 - - [02/May/2015:00:24:30 -0700] "GET /rwanda.html HTTP/1.1" 200 5674 "-" "Mozilla/5.0 (compatible; SemrushBot/0.98~bl; +http://www.semrush.com/bot.html)" "www.saveaslave.com"
65.36.241.48 - - [02/May/2015:00:26:10 -0700] "HEAD / HTTP/1.1" 200 0 "-" "InternetSeer.com" "www.saveaslave.com"
46.229.164.113 - - [02/May/2015:00:29:36 -0700] "GET /belgium.html HTTP/1.1" 200 5676 "-" "Mozilla/5.0 (compatible; SemrushBot/0.98~bl; +http://www.semrush.com/bot.html)" "www.saveaslave.com"
46.229.164.113 - - [02/May/2015:00:29:42 -0700] "GET /united-kingdom.html HTTP/1.1" 200 5747 "-" "Mozilla/5.0 (compatible; SemrushBot/0.98~bl; +http://www.semrush.com/bot.html)" "saveaslave.com"
46.229.164.113 - - [02/May/2015:00:34:37 -0700] "GET /colombia.html HTTP/1.1" 200 5676 "-" "Mozilla/5.0 (compatible; SemrushBot/0.98~bl; +http://www.semrush.com/bot.html)" "www.saveaslave.com"
46.229.164.113 - - [02/May/2015:00:34:57 -0700] "GET /tunisia.html HTTP/1.1" 200 5686 "-" "Mozilla/5.0 (compatible; SemrushBot/0.98~bl; +http://www.semrush.com/bot.html)" "saveaslave.com"
46.229.164.111 - - [02/May/2015:00:41:01 -0700] "GET /liechtenstein.html HTTP/1.1" 200 5737 "-" "Mozilla/5.0 (compatible; SemrushBot/0.98~bl; +http://www.semrush.com/bot.html)" "www.saveaslave.com"
46.229.164.111 - - [02/May/2015:00:41:13 -0700] "GET /luxembourg.html HTTP/1.1" 200 5711 "-" "Mozilla/5.0 (compatible; SemrushBot/0.98~bl; +http://www.semrush.com/bot.html)" "saveaslave.com"
46.229.164.111 - - [02/May/2015:00:48:27 -0700] "GET /portugal.html HTTP/1.1" 200 5692 "-" "Mozilla/5.0 (compatible; SemrushBot/0.98~bl; +http://www.semrush.com/bot.html)" "www.saveaslave.com"
46.229.164.111 - - [02/May/2015:00:48:40 -0700] "GET / HTTP/1.1" 200 24277 "-" "Mozilla/5.0 (compatible; SemrushBot/0.98~bl; +http://www.semrush.com/bot.html)" "saveaslave.com"
220.181.108.85 - - [02/May/2015:00:52:38 -0700] "GET /azerbaijan.html HTTP/1.1" 200 5617 "-" "Mozilla/5.0 (compatible; Baiduspider/2.0; +http://www.baidu.com/search/spider.html)" "www.saveaslave.com"
46.229.164.111 - - [02/May/2015:00:55:37 -0700] "GET /south-africa.html HTTP/1.1" 200 5728 "-" "Mozilla/5.0 (compatible; SemrushBot/0.98~bl; +http://www.semrush.com/bot.html)" "saveaslave.com"
46.229.164.111 - - [02/May/2015:00:55:42 -0700] "GET /monaco.html HTTP/1.1" 200 5674 "-" "Mozilla/5.0 (compatible; SemrushBot/0.98~bl; +http://www.semrush.com/bot.html)" "www.saveaslave.com"
46.229.164.111 - - [02/May/2015:01:02:48 -0700] "GET /panama.html HTTP/1.1" 200 5674 "-" "Mozilla/5.0 (compatible; SemrushBot/0.98~bl; +http://www.semrush.com/bot.html)" "www.saveaslave.com"
46.229.164.113 - - [02/May/2015:01:09:17 -0700] "GET /mali.html HTTP/1.1" 200 5656 "-" "Mozilla/5.0 (compatible; SemrushBot/0.98~bl; +http://www.semrush.com/bot.html)" "saveaslave.com"
46.229.164.113 - - [02/May/2015:01:09:17 -0700] "GET /cameroon.html HTTP/1.1" 200 5666 "-" "Mozilla/5.0 (compatible; SemrushBot/0.98~bl; +http://www.semrush.com/bot.html)" "www.saveaslave.com"
46.229.164.114 - - [02/May/2015:01:14:19 -0700] "GET /belize.html HTTP/1.1" 200 5643 "-" "Mozilla/5.0 (compatible; SemrushBot/0.98~bl; +http://www.semrush.com/bot.html)" "saveaslave.com"
46.229.164.114 - - [02/May/2015:01:14:29 -0700] "GET /djibouti.html HTTP/1.1" 200 5666 "-" "Mozilla/5.0 (compatible; SemrushBot/0.98~bl; +http://www.semrush.com/bot.html)" "www.saveaslave.com"
46.229.164.111 - - [02/May/2015:01:19:19 -0700] "GET /saint-barthelemy.html HTTP/1.1" 200 5764 "-" "Mozilla/5.0 (compatible; SemrushBot/0.98~bl; +http://www.semrush.com/bot.html)" "www.saveaslave.com"
46.229.164.111 - - [02/May/2015:01:23:41 -0700] "GET /maldives.html HTTP/1.1" 200 2500 "-" "Mozilla/5.0 (compatible; SemrushBot/0.98~bl; +http://www.semrush.com/bot.html)" "www.saveaslave.com"
46.229.164.111 - - [02/May/2015:01:24:05 -0700] "GET /norfolk-island.html HTTP/1.1" 200 5746 "-" "Mozilla/5.0 (compatible; SemrushBot/0.98~bl; +http://www.semrush.com/bot.html)" "saveaslave.com"
65.36.241.48 - - [02/May/2015:01:26:23 -0700] "HEAD / HTTP/1.1" 200 0 "-" "InternetSeer.com" "www.saveaslave.com"
46.229.164.113 - - [02/May/2015:01:28:25 -0700] "GET /vietnam.html HTTP/1.1" 200 5686 "-" "Mozilla/5.0 (compatible; SemrushBot/0.98~bl; +http://www.semrush.com/bot.html)" "saveaslave.com"
46.229.164.113 - - [02/May/2015:01:34:42 -0700] "GET /denmark.html HTTP/1.1" 200 5657 "-" "Mozilla/5.0 (compatible; SemrushBot/0.98~bl; +http://www.semrush.com/bot.html)" "www.saveaslave.com"
46.229.164.113 - - [02/May/2015:01:34:42 -0700] "GET /saint-vincent-grenadines.html HTTP/1.1" 200 5868 "-" "Mozilla/5.0 (compatible; SemrushBot/0.98~bl; +http://www.semrush.com/bot.html)" "saveaslave.com"
136.243.16.7 - - [02/May/2015:01:40:30 -0700] "GET /robots.txt HTTP/1.1" 404 89 "-" "Mozilla/5.0 (compatible; MJ12bot/v1.4.5; http://www.majestic12.co.uk/bot.php?+)" "saveaslave.com"
136.243.16.7 - - [02/May/2015:01:40:36 -0700] "GET /brazil.html HTTP/1.1" 200 5651 "-" "Mozilla/5.0 (compatible; MJ12bot/v1.4.5; http://www.majestic12.co.uk/bot.php?+)" "saveaslave.com"
136.243.16.7 - - [02/May/2015:01:40:37 -0700] "GET /navassa-island.html HTTP/1.1" 200 5746 "-" "Mozilla/5.0 (compatible; MJ12bot/v1.4.5; http://www.majestic12.co.uk/bot.php?+)" "saveaslave.com"
136.243.16.7 - - [02/May/2015:01:40:39 -0700] "GET /netherlands-antilles.html HTTP/1.1" 200 5800 "-" "Mozilla/5.0 (compatible; MJ12bot/v1.4.5; http://www.majestic12.co.uk/bot.php?+)" "saveaslave.com"
136.243.16.7 - - [02/May/2015:01:40:41 -0700] "GET /new-caledonia.html HTTP/1.1" 200 5737 "-" "Mozilla/5.0 (compatible; MJ12bot/v1.4.5; http://www.majestic12.co.uk/bot.php?+)" "saveaslave.com"
136.243.16.7 - - [02/May/2015:01:40:42 -0700] "GET /new-zealand.html HTTP/1.1" 200 5719 "-" "Mozilla/5.0 (compatible; MJ12bot/v1.4.5; http://www.majestic12.co.uk/bot.php?+)" "saveaslave.com"
136.243.16.7 - - [02/May/2015:01:40:44 -0700] "GET /norfolk-island.html HTTP/1.1" 200 5746 "-" "Mozilla/5.0 (compatible; MJ12bot/v1.4.5; http://www.majestic12.co.uk/bot.php?+)" "saveaslave.com"
136.243.16.7 - - [02/May/2015:01:40:47 -0700] "GET /north-korea.html HTTP/1.1" 200 5719 "-" "Mozilla/5.0 (compatible; MJ12bot/v1.4.5; http://www.majestic12.co.uk/bot.php?+)" "saveaslave.com"
136.243.16.7 - - [02/May/2015:01:40:53 -0700] "GET /northern-mariana-islands.html HTTP/1.1" 200 5836 "-" "Mozilla/5.0 (compatible; MJ12bot/v1.4.5; http://www.majestic12.co.uk/bot.php?+)" "saveaslave.com"
136.243.16.7 - - [02/May/2015:01:40:58 -0700] "GET /palmyra-atoll.html HTTP/1.1" 200 5737 "-" "Mozilla/5.0 (compatible; MJ12bot/v1.4.5; http://www.majestic12.co.uk/bot.php?+)" "saveaslave.com"
136.243.16.7 - - [02/May/2015:01:41:04 -0700] "GET /papua-new-guinea.html HTTP/1.1" 200 5764 "-" "Mozilla/5.0 (compatible; MJ12bot/v1.4.5; http://www.majestic12.co.uk/bot.php?+)" "saveaslave.com"
