136.243.16.7 - - [02/May/2015:01:41:07 -0700] "GET /saint-kitts-nevis.html HTTP/1.1" 200 5789 "-" "Mozilla/5.0 (compatible; MJ12bot/v1.4.5; http://www.majestic12.co.uk/bot.php?+)" "saveaslave.com"
136.243.16.7 - - [02/May/2015:01:41:12 -0700] "GET /saint-vincent-grenadines.html HTTP/1.1" 200 5868 "-" "Mozilla/5.0 (compatible; MJ12bot/v1.4.5; http://www.majestic12.co.uk/bot.php?+)" "saveaslave.com"
136.243.16.7 - - [02/May/2015:01:41:24 -0700] "GET /sao-tome-principe.html HTTP/1.1" 200 5789 "-" "Mozilla/5.0 (compatible; MJ12bot/v1.4.5; http://www.majestic12.co.uk/bot.php?+)" "saveaslave.com"
136.243.16.7 - - [02/May/2015:01:41:32 -0700] "GET /sierra-leone.html HTTP/1.1" 200 5728 "-" "Mozilla/5.0 (compatible; MJ12bot/v1.4.5; http://www.majestic12.co.uk/bot.php?+)" "saveaslave.com"
136.243.16.7 - - [02/May/2015:01:41:45 -0700] "GET /sint-maarten.html HTTP/1.1" 200 5728 "-" "Mozilla/5.0 (compatible; MJ12bot/v1.4.5; http://www.majestic12.co.uk/bot.php?+)" "saveaslave.com"
136.243.16.7 - - [02/May/2015:01:41:54 -0700] "GET /south-africa.html HTTP/1.1" 200 5728 "-" "Mozilla/5.0 (compatible; MJ12bot/v1.4.5; http://www.majestic12.co.uk/bot.php?+)" "saveaslave.com"
136.243.16.7 - - [02/May/2015:01:42:05 -0700] "GET /south-sudan.html HTTP/1.1" 200 5719 "-" "Mozilla/5.0 (compatible; MJ12bot/v1.4.5; http://www.majestic12.co.uk/bot.php?+)" "saveaslave.com"
46.229.164.114 - - [02/May/2015:01:43:02 -0700] "GET /antigua-and-barbuda.html HTTP/1.1" 200 5694 "-" "Mozilla/5.0 (compatible; SemrushBot/0.98~bl; +http://www.semrush.com/bot.html)" "saveaslave.com"
65.36.241.48 - - [02/May/2015:01:55:21 -0700] "HEAD /?tpl=references&Itemid=3 HTTP/1.1" 200 0 "-" "InternetSeer.com" "www.saveaslave.com"
46.229.164.114 - - [02/May/2015:01:56:28 -0700] "GET /trinidad-tobago.html HTTP/1.1" 200 5774 "-" "Mozilla/5.0 (compatible; SemrushBot/0.98~bl; +http://www.semrush.com/bot.html)" "www.saveaslave.com"
46.229.164.114 - - [02/May/2015:01:57:18 -0700] "GET /albania.html HTTP/1.1" 200 6060 "-" "Mozilla/5.0 (compatible; SemrushBot/0.98~bl; +http://www.semrush.com/bot.html)" "saveaslave.com"
46.229.164.114 - - [02/May/2015:02:05:22 -0700] "GET /pakistan.html HTTP/1.1" 200 5856 "-" "Mozilla/5.0 (compatible; SemrushBot/0.98~bl; +http://www.semrush.com/bot.html)" "www.saveaslave.com"
46.229.164.114 - - [02/May/2015:02:05:44 -0700] "GET /sweden.html HTTP/1.1" 200 5677 "-" "Mozilla/5.0 (compatible; SemrushBot/0.98~bl; +http://www.semrush.com/bot.html)" "saveaslave.com"
23.23.242.178 - - [02/May/2015:02:11:29 -0700] "GET /chad.html HTTP/1.1" 200 5641 "-" "Mozilla/5.0 (Windows; U; Windows NT 5.1; en-US; rv:1.9.2.8) Gecko/20100722 Firefox/3.6.8" "www.saveaslave.com"
217.69.133.216 - - [02/May/2015:02:12:59 -0700] "GET /site/?cat=95 HTTP/1.1" 404 89 "-" "Mozilla/5.0 (compatible; Linux x86_64; Mail.RU_Bot/2.0; +http://go.mail.ru/help/robots)" "saveaslave.com"
46.229.164.99 - - [02/May/2015:02:13:32 -0700] "GET /western-sahara.html HTTP/1.1" 200 5749 "-" "Mozilla/5.0 (compatible; SemrushBot/0.98~bl; +http://www.semrush.com/bot.html)" "www.saveaslave.com"
77.127.120.118 - - [02/May/2015:02:15:51 -0700] "GET /robots.txt HTTP/1.1" 404 89 "-" "Mozilla/5.0 (Windows NT 6.1; WOW64; Trident/7.0; rv:11.0) like Gecko" "saveaslave.com"
77.127.120.118 - - [02/May/2015:02:15:52 -0700] "GET /wp-login.php HTTP/1.1" 200 73 "-" "Mozilla/5.0 (Windows NT 6.1; WOW64; Trident/7.0; rv:11.0) like Gecko" "saveaslave.com"
77.127.120.118 - - [02/May/2015:02:15:53 -0700] "GET /wp-login/ HTTP/1.1" 404 89 "-" "Mozilla/5.0 (Windows NT 6.1; WOW64; Trident/7.0; rv:11.0) like Gecko" "saveaslave.com"
77.127.120.118 - - [02/May/2015:02:15:53 -0700] "GET /wordpress/wp-login.php HTTP/1.1" 404 89 "-" "Mozilla/5.0 (Windows NT 6.1; WOW64; Trident/7.0; rv:11.0) like Gecko" "saveaslave.com"
77.127.120.118 - - [02/May/2015:02:15:54 -0700] "GET /wp-admin/wp-login.php HTTP/1.1" 404 89 "-" "Mozilla/5.0 (Windows NT 6.1; WOW64; Trident/7.0; rv:11.0) like Gecko" "saveaslave.com"
77.127.120.118 - - [02/May/2015:02:15:55 -0700] "GET /section/wp-login.php HTTP/1.1" 404 89 "-" "Mozilla/5.0 (Windows NT 6.1; WOW64; Trident/7.0; rv:11.0) like Gecko" "saveaslave.com"
77.127.120.118 - - [02/May/2015:02:15:56 -0700] "GET /cms/wp-login.php HTTP/1.1" 404 89 "-" "Mozilla/5.0 (Windows NT 6.1; WOW64; Trident/7.0; rv:11.0) like Gecko" "saveaslave.com"
77.127.120.118 - - [02/May/2015:02:15:56 -0700] "GET /site/wp-login.php HTTP/1.1" 404 89 "-" "Mozilla/5.0 (Windows NT 6.1; WOW64; Trident/7.0; rv:11.0) like Gecko" "saveaslave.com"
77.127.120.118 - - [02/May/2015:02:15:58 -0700] "GET /blog/wp-login.php HTTP/1.1" 404 89 "-" "Mozilla/5.0 (Windows NT 6.1; WOW64; Trident/7.0; rv:11.0) like Gecko" "saveaslave.com"
77.127.120.118 - - [02/May/2015:02:15:59 -0700] "GET /admin/wp-login.php HTTP/1.1" 404 89 "-" "Mozilla/5.0 (Windows NT 6.1; WOW64; Trident/7.0; rv:11.0) like Gecko" "saveaslave.com"
77.127.120.118 - - [02/May/2015:02:16:00 -0700] "GET /wp/wp-login.php HTTP/1.1" 404 89 "-" "Mozilla/5.0 (Windows NT 6.1; WOW64; Trident/7.0; rv:11.0) like Gecko" "saveaslave.com"
46.229.164.99 - - [02/May/2015:02:19:09 -0700] "GET /turks-caicos-islands.html HTTP/1.1" 200 5819 "-" "Mozilla/5.0 (compatible; SemrushBot/0.98~bl; +http://www.semrush.com/bot.html)" "saveaslave.com"
188.165.15.183 - - [02/May/2015:02:19:24 -0700] "GET /brazil.html HTTP/1.1" 200 5651 "-" "Mozilla/5.0 (compatible; AhrefsBot/5.0; +http://ahrefs.com/robot/)" "www.saveaslave.com"
46.229.164.99 - - [02/May/2015:02:19:26 -0700] "GET /brunei.html HTTP/1.1" 200 5649 "-" "Mozilla/5.0 (compatible; SemrushBot/0.98~bl; +http://www.semrush.com/bot.html)" "www.saveaslave.com"
217.69.133.72 - - [02/May/2015:02:21:21 -0700] "GET /robots.txt HTTP/1.1" 404 89 "-" "Mozilla/5.0 (compatible; Linux x86_64; Mail.RU_Bot/2.0; +http://go.mail.ru/help/robots)" "www.saveaslave.com"
217.69.133.192 - - [02/May/2015:02:21:22 -0700] "GET /bermuda.html HTTP/1.1" 404 89 "-" "Mozilla/5.0 (compatible; Linux x86_64; Mail.RU_Bot/2.0; +http://go.mail.ru/help/robots)" "www.saveaslave.com"
46.229.164.99 - - [02/May/2015:02:25:41 -0700] "GET /zimbabwe.html HTTP/1.1" 200 5695 "-" "Mozilla/5.0 (compatible; SemrushBot/0.98~bl; +http://www.semrush.com/bot.html)" "www.saveaslave.com"
46.229.164.99 - - [02/May/2015:02:25:50 -0700] "GET /marshall-islands.html HTTP/1.1" 200 2521 "-" "Mozilla/5.0 (compatible; SemrushBot/0.98~bl; +http://www.semrush.com/bot.html)" "saveaslave.com"
217.69.133.30 - - [02/May/2015:02:28:27 -0700] "GET /robots.txt HTTP/1.1" 404 89 "-" "Mozilla/5.0 (compatible; Linux x86_64; Mail.RU_Bot/2.0; +http://go.mail.ru/help/robots)" "saveaslave.com"
46.229.164.99 - - [02/May/2015:02:32:42 -0700] "GET /turkmenistan.html HTTP/1.1" 200 5731 "-" "Mozilla/5.0 (compatible; SemrushBot/0.98~bl; +http://www.semrush.com/bot.html)" "www.saveaslave.com"
46.229.164.99 - - [02/May/2015:02:32:42 -0700] "GET /bulgaria.html HTTP/1.1" 200 5666 "-" "Mozilla/5.0 (compatible; SemrushBot/0.98~bl; +http://www.semrush.com/bot.html)" "saveaslave.com"
173.89.52.14 - - [02/May/2015:02:33:39 -0700] "GET /css/style.css HTTP/1.1" 200 1400 "http://saveaslave.com/" "Mozilla/5.0 (Windows NT 6.1; WOW64) AppleWebKit/537.36 (KHTML, like Gecko) Chrome/42.0.2311.135 Safari/537.36" "saveaslave.com"
173.89.52.14 - - [02/May/2015:02:33:39 -0700] "GET /jquery.marquee.js HTTP/1.1" 200 6560 "http://saveaslave.com/" "Mozilla/5.0 (Windows NT 6.1; WOW64) AppleWebKit/537.36 (KHTML, like Gecko) Chrome/42.0.2311.135 Safari/537.36" "saveaslave.com"
173.89.52.14 - - [02/May/2015:02:33:39 -0700] "GET /jquery-1.3.2.min.js HTTP/1.1" 200 57254 "http://saveaslave.com/" "Mozilla/5.0 (Windows NT 6.1; WOW64) AppleWebKit/537.36 (KHTML, like Gecko) Chrome/42.0.2311.135 Safari/537.36" "saveaslave.com"
173.89.52.14 - - [02/May/2015:02:33:39 -0700] "GET /images/sas_button.gif HTTP/1.1" 200 2628 "http://saveaslave.com/" "Mozilla/5.0 (Windows NT 6.1; WOW64) AppleWebKit/537.36 (KHTML, like Gecko) Chrome/42.0.2311.135 Safari/537.36" "saveaslave.com"
173.89.52.14 - - [02/May/2015:02:33:39 -0700] "GET /images/slaves.jpg HTTP/1.1" 200 64009 "http://saveaslave.com/" "Mozilla/5.0 (Windows NT 6.1; WOW64) AppleWebKit/537.36 (KHTML, like Gecko) Chrome/42.0.2311.135 Safari/537.36" "saveaslave.com"
173.89.52.14 - - [02/May/2015:02:33:42 -0700] "GET /favicon.ico HTTP/1.1" 404 89 "http://saveaslave.com/" "Mozilla/5.0 (Windows NT 6.1; WOW64) AppleWebKit/537.36 (KHTML, like Gecko) Chrome/42.0.2311.135 Safari/537.36" "saveaslave.com"
173.89.52.14 - - [02/May/2015:02:34:06 -0700] "GET /turkmenistan.html HTTP/1.1" 200 2511 "http://saveaslave.com/" "Mozilla/5.0 (Windows NT 6.1; WOW64) AppleWebKit/537.36 (KHTML, like Gecko) Chrome/42.0.2311.135 Safari/537.36" "saveaslave.com"
173.89.52.14 - - [02/May/2015:02:34:07 -0700] "GET /images/countrymap/turkmenistan-flag.jpg HTTP/1.1" 200 2440 "http://saveaslave.com/turkmenistan.html" "Mozilla/5.0 (Windows NT 6.1; WOW64) AppleWebKit/537.36 (KHTML, like Gecko) Chrome/42.0.2311.135 Safari/537.36" "saveaslave.com"
173.89.52.14 - - [02/May/2015:02:34:07 -0700] "GET /images/countrymap/turkmenistan.jpg HTTP/1.1" 200 19101 "http://saveaslave.com/turkmenistan.html" "Mozilla/5.0 (Windows NT 6.1; WOW64) AppleWebKit/537.36 (KHTML, like Gecko) Chrome/42.0.2311.135 Safari/537.36" "saveaslave.com"
46.229.164.99 - - [02/May/2015:02:39:59 -0700] "GET /monaco.html HTTP/1.1" 200 5674 "-" "Mozilla/5.0 (compatible; SemrushBot/0.98~bl; +http://www.semrush.com/bot.html)" "saveaslave.com"
94.68.148.49 - - [02/May/2015:02:53:34 -0700] "GET /images/countrymap/bosnia-herzegovina.jpg HTTP/1.1" 200 42063 "https://www.google.gr/" "Mozilla/5.0 (Windows NT 6.1; WOW64) AppleWebKit/537.36 (KHTML, like Gecko) Chrome/42.0.2311.90 Safari/537.36" "www.saveaslave.com"
46.229.164.99 - - [02/May/2015:02:53:49 -0700] "GET /cambodia.html HTTP/1.1" 200 5666 "-" "Mozilla/5.0 (compatible; SemrushBot/0.98~bl; +http://www.semrush.com/bot.html)" "www.saveaslave.com"
46.229.164.99 - - [02/May/2015:02:53:49 -0700] "GET /venezuela.html HTTP/1.1" 200 5704 "-" "Mozilla/5.0 (compatible; SemrushBot/0.98~bl; +http://www.semrush.com/bot.html)" "saveaslave.com"
46.229.164.99 - - [02/May/2015:03:06:41 -0700] "GET /rwanda.html HTTP/1.1" 200 2497 "-" "Mozilla/5.0 (compatible; SemrushBot/0.98~bl; +http://www.semrush.com/bot.html)" "saveaslave.com"
46.229.164.99 - - [02/May/2015:03:06:43 -0700] "GET /uganda.html HTTP/1.1" 200 5677 "-" "Mozilla/5.0 (compatible; SemrushBot/0.98~bl; +http://www.semrush.com/bot.html)" "www.saveaslave.com"
46.229.164.102 - - [02/May/2015:03:13:22 -0700] "GET /northern-mariana-islands.html HTTP/1.1" 200 5836 "-" "Mozilla/5.0 (compatible; SemrushBot/0.98~bl; +http://www.semrush.com/bot.html)" "saveaslave.com"
46.229.164.102 - - [02/May/2015:03:20:12 -0700] "GET /denmark.html HTTP/1.1" 200 5657 "-" "Mozilla/5.0 (compatible; SemrushBot/0.98~bl; +http://www.semrush.com/bot.html)" "saveaslave.com"
46.229.164.102 - - [02/May/2015:03:20:13 -0700] "GET /albania.html HTTP/1.1" 200 6060 "-" "Mozilla/5.0 (compatible; SemrushBot/0.98~bl; +http://www.semrush.com/bot.html)" "www.saveaslave.com"
46.229.164.111 - - [02/May/2015:03:26:21 -0700] "GET /saint-martin.html HTTP/1.1" 200 5728 "-" "Mozilla/5.0 (compatible; SemrushBot/0.98~bl; +http://www.semrush.com/bot.html)" "www.saveaslave.com"
46.229.164.102 - - [02/May/2015:03:31:00 -0700] "GET /timor-leste.html HTTP/1.1" 200 5723 "-" "Mozilla/5.0 (compatible; SemrushBot/0.98~bl; +http://www.semrush.com/bot.html)" "saveaslave.com"
46.229.164.102 - - [02/May/2015:03:31:09 -0700] "GET /bangladesh.html HTTP/1.1" 200 5664 "-" "Mozilla/5.0 (compatible; SemrushBot/0.98~bl; +http://www.semrush.com/bot.html)" "www.saveaslave.com"
46.229.164.111 - - [02/May/2015:03:37:31 -0700] "GET /panama.html HTTP/1.1" 200 5674 "-" "Mozilla/5.0 (compatible; SemrushBot/0.98~bl; +http://www.semrush.com/bot.html)" "saveaslave.com"
217.69.133.215 - - [02/May/2015:03:42:00 -0700] "GET /robots.txt HTTP/1.1" 404 89 "-" "Mozilla/5.0 (compatible; Linux x86_64; Mail.RU_Bot/2.0; +http://go.mail.ru/help/robots)" "www.saveaslave.com"
217.69.133.67 - - [02/May/2015:03:42:02 -0700] "GET /robots.txt HTTP/1.1" 404 89 "-" "Mozilla/5.0 (compatible; Linux x86_64; Mail.RU_Bot/2.0; +http://go.mail.ru/help/robots)" "saveaslave.com"
217.69.133.216 - - [02/May/2015:03:42:03 -0700] "GET /el-salvador.html HTTP/1.1" 200 5720 "-" "Mozilla/5.0 (compatible; Linux x86_64; Mail.RU_Bot/2.0; +http://go.mail.ru/help/robots)" "www.saveaslave.com"
217.69.133.217 - - [02/May/2015:03:42:04 -0700] "GET /Television.html HTTP/1.1" 404 89 "-" "Mozilla/5.0 (compatible; Linux x86_64; Mail.RU_Bot/2.0; +http://go.mail.ru/help/robots)" "saveaslave.com"
46.229.164.111 - - [02/May/2015:03:43:42 -0700] "GET /swaziland.html HTTP/1.1" 200 5704 "-" "Mozilla/5.0 (compatible; SemrushBot/0.98~bl; +http://www.semrush.com/bot.html)" "saveaslave.com"
46.229.164.111 - - [02/May/2015:03:44:06 -0700] "GET /vietnam.html HTTP/1.1" 200 5686 "-" "Mozilla/5.0 (compatible; SemrushBot/0.98~bl; +http://www.semrush.com/bot.html)" "www.saveaslave.com"
46.229.164.102 - - [02/May/2015:03:48:43 -0700] "GET /thailand.html HTTP/1.1" 200 5695 "-" "Mozilla/5.0 (compatible; SemrushBot/0.98~bl; +http://www.semrush.com/bot.html)" "saveaslave.com"
46.229.164.102 - - [02/May/2015:03:50:00 -0700] "GET /qatar.html HTTP/1.1" 200 2498 "-" "Mozilla/5.0 (compatible; SemrushBot/0.98~bl; +http://www.semrush.com/bot.html)" "www.saveaslave.com"
46.229.164.113 - - [02/May/2015:03:53:10 -0700] "GET /united-states.html HTTP/1.1" 200 6008 "-" "Mozilla/5.0 (compatible; SemrushBot/0.98~bl; +http://www.semrush.com/bot.html)" "saveaslave.com"
46.229.164.113 - - [02/May/2015:03:53:22 -0700] "GET /san-marino.html HTTP/1.1" 200 5710 "-" "Mozilla/5.0 (compatible; SemrushBot/0.98~bl; +http://www.semrush.com/bot.html)" "www.saveaslave.com"
46.229.164.113 - - [02/May/2015:03:57:58 -0700] "GET /botswana.html HTTP/1.1" 200 5669 "-" "Mozilla/5.0 (compatible; SemrushBot/0.98~bl; +http://www.semrush.com/bot.html)" "www.saveaslave.com"
46.229.164.113 - - [02/May/2015:03:57:58 -0700] "GET /belgium.html HTTP/1.1" 200 5676 "-" "Mozilla/5.0 (compatible; SemrushBot/0.98~bl; +http://www.semrush.com/bot.html)" "saveaslave.com"
217.69.133.72 - - [02/May/2015:03:59:36 -0700] "GET /robots.txt HTTP/1.1" 404 89 "-" "Mozilla/5.0 (compatible; Linux x86_64; Mail.RU_Bot/2.0; +http://go.mail.ru/help/robots)" "www.saveaslave.com"
46.229.164.102 - - [02/May/2015:04:02:21 -0700] "GET /mauritius.html HTTP/1.1" 200 5701 "-" "Mozilla/5.0 (compatible; SemrushBot/0.98~bl; +http://www.semrush.com/bot.html)" "saveaslave.com"
46.229.164.102 - - [02/May/2015:04:02:32 -0700] "GET /north-korea.html HTTP/1.1" 200 5719 "-" "Mozilla/5.0 (compatible; SemrushBot/0.98~bl; +http://www.semrush.com/bot.html)" "www.saveaslave.com"
46.229.164.113 - - [02/May/2015:04:06:40 -0700] "GET /croatia.html HTTP/1.1" 200 5659 "-" "Mozilla/5.0 (compatible; SemrushBot/0.98~bl; +http://www.semrush.com/bot.html)" "www.saveaslave.com"
46.229.164.111 - - [02/May/2015:04:15:41 -0700] "GET /turkmenistan.html HTTP/1.1" 200 5731 "-" "Mozilla/5.0 (compatible; SemrushBot/0.98~bl; +http://www.semrush.com/bot.html)" "saveaslave.com"
46.229.164.111 - - [02/May/2015:04:15:45 -0700] "GET /index.html HTTP/1.1" 200 24655 "-" "Mozilla/5.0 (compatible; SemrushBot/0.98~bl; +http://www.semrush.com/bot.html)" "www.saveaslave.com"
217.69.133.219 - - [02/May/2015:04:16:08 -0700] "GET /robots.txt HTTP/1.1" 404 89 "-" "Mozilla/5.0 (compatible; Linux x86_64; Mail.RU_Bot/2.0; +http://go.mail.ru/help/robots)" "saveaslave.com"
217.69.133.218 - - [02/May/2015:04:16:09 -0700] "GET /site/?cat=85 HTTP/1.1" 404 89 "-" "Mozilla/5.0 (compatible; Linux x86_64; Mail.RU_Bot/2.0; +http://go.mail.ru/help/robots)" "saveaslave.com"
46.229.164.102 - - [02/May/2015:04:20:23 -0700] "GET /spain.html HTTP/1.1" 200 5665 "-" "Mozilla/5.0 (compatible; SemrushBot/0.98~bl; +http://www.semrush.com/bot.html)" "www.saveaslave.com"
46.229.164.102 - - [02/May/2015:04:20:24 -0700] "GET /democratic-republic-of-congo.html HTTP/1.1" 200 5844 "-" "Mozilla/5.0 (compatible; SemrushBot/0.98~bl; +http://www.semrush.com/bot.html)" "saveaslave.com"
65.36.241.48 - - [02/May/2015:04:27:04 -0700] "HEAD / HTTP/1.1" 200 0 "-" "InternetSeer.com" "www.saveaslave.com"
37.193.138.69 - - [02/May/2015:04:29:04 -0700] "POST /site/wp-login.php HTTP/1.1" 404 89 "http://saveaslave.com/site/wp-login.php" "Opera/9.80 (Windows NT 6.1; U; ru) Presto/2.8.131 Version/11.10" "saveaslave.com"
46.229.164.111 - - [02/May/2015:04:29:24 -0700] "GET /czech-republic.html HTTP/1.1" 200 5720 "-" "Mozilla/5.0 (compatible; SemrushBot/0.98~bl; +http://www.semrush.com/bot.html)" "www.saveaslave.com"
46.229.164.111 - - [02/May/2015:04:29:26 -0700] "GET /romania.html HTTP/1.1" 200 5683 "-" "Mozilla/5.0 (compatible; SemrushBot/0.98~bl; +http://www.semrush.com/bot.html)" "saveaslave.com"
46.229.164.114 - - [02/May/2015:04:32:53 -0700] "GET /niue.html HTTP/1.1" 200 5656 "-" "Mozilla/5.0 (compatible; SemrushBot/0.98~bl; +http://www.semrush.com/bot.html)" "www.saveaslave.com"
46.229.164.114 - - [02/May/2015:04:33:07 -0700] "GET /aruba.html HTTP/1.1" 200 14875 "-" "Mozilla/5.0 (compatible; SemrushBot/0.98~bl; +http://www.semrush.com/bot.html)" "saveaslave.com"
46.229.164.113 - - [02/May/2015:04:36:52 -0700] "GET /tunisia.html HTTP/1.1" 200 5686 "-" "Mozilla/5.0 (compatible; SemrushBot/0.98~bl; +http://www.semrush.com/bot.html)" "www.saveaslave.com"
46.229.164.113 - - [02/May/2015:04:36:52 -0700] "GET /mozambique.html HTTP/1.1" 200 5710 "-" "Mozilla/5.0 (compatible; SemrushBot/0.98~bl; +http://www.semrush.com/bot.html)" "saveaslave.com"
46.229.164.113 - - [02/May/2015:04:40:15 -0700] "GET /saint-kitts-nevis.html HTTP/1.1" 200 5789 "-" "Mozilla/5.0 (compatible; SemrushBot/0.98~bl; +http://www.semrush.com/bot.html)" "saveaslave.com"
46.229.164.113 - - [02/May/2015:04:40:15 -0700] "GET /lithuania.html HTTP/1.1" 200 5701 "-" "Mozilla/5.0 (compatible; SemrushBot/0.98~bl; +http://www.semrush.com/bot.html)" "www.saveaslave.com"
46.229.164.114 - - [02/May/2015:04:44:26 -0700] "GET /bahrain.html HTTP/1.1" 200 5639 "-" "Mozilla/5.0 (compatible; SemrushBot/0.98~bl; +http://www.semrush.com/bot.html)" "saveaslave.com"
180.76.6.140 - - [02/May/2015:04:44:35 -0700] "GET /namibia.html HTTP/1.1" 200 5683 "-" "Mozilla/5.0 (compatible; Baiduspider/2.0; +http://www.baidu.com/search/spider.html)" "www.saveaslave.com"
46.229.164.114 - - [02/May/2015:04:44:46 -0700] "GET / HTTP/1.1" 200 24277 "-" "Mozilla/5.0 (compatible; SemrushBot/0.98~bl; +http://www.semrush.com/bot.html)" "www.saveaslave.com"
46.229.164.113 - - [02/May/2015:04:48:54 -0700] "GET /uruguay.html HTTP/1.1" 200 2507 "-" "Mozilla/5.0 (compatible; SemrushBot/0.98~bl; +http://www.semrush.com/bot.html)" "www.saveaslave.com"
46.229.164.114 - - [02/May/2015:04:53:09 -0700] "GET /moldova.html HTTP/1.1" 200 5683 "-" "Mozilla/5.0 (compatible; SemrushBot/0.98~bl; +http://www.semrush.com/bot.html)" "www.saveaslave.com"
46.229.164.114 - - [02/May/2015:04:53:14 -0700] "GET /syria.html HTTP/1.1" 200 5668 "-" "Mozilla/5.0 (compatible; SemrushBot/0.98~bl; +http://www.semrush.com/bot.html)" "saveaslave.com"
117.240.234.157 - - [02/May/2015:04:53:47 -0700] "GET /images/countrymap/solomon-islands.gif HTTP/1.1" 200 122217 "http://search.tb.ask.com/search/AJimage.jhtml?&searchfor=PHOTOS+OF+SOLMON+ISLANDS&cb=BA5&pg=GGmain&p2=%5EBA5%5Exdm010%5EYYA%5Ein&qid=dddbcac1b02f486abbab5c88f33892d3&n=781aedad&ss=sub&pn=1&st=hp&ptb=1A653FDA-301F-4625-A55D-6D60AC1B8A2B&tpr=hpsb&si=CPb0_vLklcQCFYQmjgodMFAADg&imgsize=all&safeSearch=on&imgDetail=true" "Mozilla/5.0 (Windows NT 6.1; rv:37.0) Gecko/20100101 Firefox/37.0" "www.saveaslave.com"
46.229.164.113 - - [02/May/2015:04:57:36 -0700] "GET /nepal.html HTTP/1.1" 200 5852 "-" "Mozilla/5.0 (compatible; SemrushBot/0.98~bl; +http://www.semrush.com/bot.html)" "saveaslave.com"
46.229.164.113 - - [02/May/2015:04:57:44 -0700] "GET /united-states.html HTTP/1.1" 200 6008 "-" "Mozilla/5.0 (compatible; SemrushBot/0.98~bl; +http://www.semrush.com/bot.html)" "www.saveaslave.com"
46.229.164.114 - - [02/May/2015:05:03:30 -0700] "GET /ukraine.html HTTP/1.1" 200 5686 "-" "Mozilla/5.0 (compatible; SemrushBot/0.98~bl; +http://www.semrush.com/bot.html)" "saveaslave.com"
46.229.164.114 - - [02/May/2015:05:04:13 -0700] "GET /bulgaria.html HTTP/1.1" 200 5666 "-" "Mozilla/5.0 (compatible; SemrushBot/0.98~bl; +http://www.semrush.com/bot.html)" "www.saveaslave.com"
46.229.164.114 - - [02/May/2015:05:09:46 -0700] "GET /burkina-faso.html HTTP/1.1" 200 5702 "-" "Mozilla/5.0 (compatible; SemrushBot/0.98~bl; +http://www.semrush.com/bot.html)" "www.saveaslave.com"
46.229.164.114 - - [02/May/2015:05:10:03 -0700] "GET /cambodia.html HTTP/1.1" 200 5666 "-" "Mozilla/5.0 (compatible; SemrushBot/0.98~bl; +http://www.semrush.com/bot.html)" "saveaslave.com"
46.229.164.113 - - [02/May/2015:05:15:31 -0700] "GET /mauritania.html HTTP/1.1" 200 5710 "-" "Mozilla/5.0 (compatible; SemrushBot/0.98~bl; +http://www.semrush.com/bot.html)" "saveaslave.com"
217.69.133.67 - - [02/May/2015:05:15:44 -0700] "GET /site/?p=60/ HTTP/1.1" 404 89 "-" "Mozilla/5.0 (compatible; Linux x86_64; Mail.RU_Bot/2.0; +http://go.mail.ru/help/robots)" "saveaslave.com"
46.229.164.113 - - [02/May/2015:05:16:38 -0700] "GET /new-zealand.html HTTP/1.1" 200 5719 "-" "Mozilla/5.0 (compatible; SemrushBot/0.98~bl; +http://www.semrush.com/bot.html)" "www.saveaslave.com"
46.229.164.114 - - [02/May/2015:05:26:20 -0700] "GET /mali.html HTTP/1.1" 200 5656 "-" "Mozilla/5.0 (compatible; SemrushBot/0.98~bl; +http://www.semrush.com/bot.html)" "www.saveaslave.com"
46.229.164.114 - - [02/May/2015:05:26:20 -0700] "GET /south-korea.html HTTP/1.1" 200 5719 "-" "Mozilla/5.0 (compatible; SemrushBot/0.98~bl; +http://www.semrush.com/bot.html)" "saveaslave.com"
65.36.241.48 - - [02/May/2015:05:27:11 -0700] "HEAD / HTTP/1.1" 200 0 "-" "InternetSeer.com" "www.saveaslave.com"
65.36.241.48 - - [02/May/2015:05:37:21 -0700] "HEAD /?tpl=references&Itemid=3 HTTP/1.1" 200 0 "-" "InternetSeer.com" "www.saveaslave.com"
46.229.164.114 - - [02/May/2015:05:37:37 -0700] "GET /yemen.html HTTP/1.1" 200 2501 "-" "Mozilla/5.0 (compatible; SemrushBot/0.98~bl; +http://www.semrush.com/bot.html)" "www.saveaslave.com"
46.229.164.114 - - [02/May/2015:05:37:44 -0700] "GET /angola.html HTTP/1.1" 200 5617 "-" "Mozilla/5.0 (compatible; SemrushBot/0.98~bl; +http://www.semrush.com/bot.html)" "saveaslave.com"
46.229.164.114 - - [02/May/2015:05:49:13 -0700] "GET /burundi.html HTTP/1.1" 200 5657 "-" "Mozilla/5.0 (compatible; SemrushBot/0.98~bl; +http://www.semrush.com/bot.html)" "www.saveaslave.com"
46.229.164.114 - - [02/May/2015:05:49:18 -0700] "GET /azerbaijan.html HTTP/1.1" 200 5617 "-" "Mozilla/5.0 (compatible; SemrushBot/0.98~bl; +http://www.semrush.com/bot.html)" "saveaslave.com"
180.76.5.148 - - [02/May/2015:05:51:49 -0700] "GET /mauritania.html HTTP/1.1" 200 5710 "-" "Mozilla/5.0 (compatible; Baiduspider/2.0; +http://www.baidu.com/search/spider.html)" "www.saveaslave.com"
46.229.164.114 - - [02/May/2015:06:00:37 -0700] "GET /antigua-and-barbuda.html HTTP/1.1" 200 2512 "-" "Mozilla/5.0 (compatible; SemrushBot/0.98~bl; +http://www.semrush.com/bot.html)" "www.saveaslave.com"
46.229.164.114 - - [02/May/2015:06:00:37 -0700] "GET /macedonia.html HTTP/1.1" 200 5701 "-" "Mozilla/5.0 (compatible; SemrushBot/0.98~bl; +http://www.semrush.com/bot.html)" "saveaslave.com"
66.249.69.104 - - [02/May/2015:06:16:50 -0700] "GET /robots.txt HTTP/1.1" 404 89 "-" "Mozilla/5.0 (compatible; Googlebot/2.1; +http://www.google.com/bot.html)" "www.saveaslave.com"
54.243.48.119 - - [02/May/2015:06:21:19 -0700] "GET /hungary.html HTTP/1.1" 200 5684 "-" "Mozilla/5.0 (Windows; U; Windows NT 5.1; en-US; rv:1.9.2.8) Gecko/20100722 Firefox/3.6.8" "www.saveaslave.com"
65.36.241.48 - - [02/May/2015:06:27:17 -0700] "HEAD / HTTP/1.1" 200 0 "-" "InternetSeer.com" "www.saveaslave.com"
46.229.164.102 - - [02/May/2015:06:36:58 -0700] "GET /canada.html HTTP/1.1" 200 5648 "-" "Mozilla/5.0 (compatible; SemrushBot/0.98~bl; +http://www.semrush.com/bot.html)" "saveaslave.com"
157.55.39.135 - - [02/May/2015:06:44:36 -0700] "GET /japan HTTP/1.1" 200 5666 "-" "Mozilla/5.0 (compatible; bingbot/2.0; +http://www.bing.com/bingbot.htm)" "saveaslave.com"
217.69.133.218 - - [02/May/2015:06:48:58 -0700] "GET /robots.txt HTTP/1.1" 404 89 "-" "Mozilla/5.0 (compatible; Linux x86_64; Mail.RU_Bot/2.0; +http://go.mail.ru/help/robots)" "www.saveaslave.com"
46.229.164.102 - - [02/May/2015:06:49:31 -0700] "GET /china.html HTTP/1.1" 200 5666 "-" "Mozilla/5.0 (compatible; SemrushBot/0.98~bl; +http://www.semrush.com/bot.html)" "saveaslave.com"
217.69.133.59 - - [02/May/2015:07:01:18 -0700] "GET /robots.txt HTTP/1.1" 404 89 "-" "Mozilla/5.0 (compatible; Linux x86_64; Mail.RU_Bot/2.0; +http://go.mail.ru/help/robots)" "saveaslave.com"
46.229.164.102 - - [02/May/2015:07:02:30 -0700] "GET /kyrgyzstan.html HTTP/1.1" 200 5711 "-" "Mozilla/5.0 (compatible; SemrushBot/0.98~bl; +http://www.semrush.com/bot.html)" "saveaslave.com"
66.249.81.129 - - [02/May/2015:07:14:00 -0700] "GET / HTTP/1.1" 200 24277 "-" "Mozilla/5.0 (Windows NT 6.1; rv:6.0) Gecko/20110814 Firefox/6.0 Google favicon" "saveaslave.com"
66.249.81.137 - - [02/May/2015:07:14:00 -0700] "GET /favicon.ico HTTP/1.1" 404 89 "-" "Mozilla/5.0 (Windows NT 6.1; rv:6.0) Gecko/20110814 Firefox/6.0 Google favicon" "saveaslave.com"
217.69.133.67 - - [02/May/2015:07:15:20 -0700] "GET /robots.txt HTTP/1.1" 404 89 "-" "Mozilla/5.0 (compatible; Linux x86_64; Mail.RU_Bot/2.0; +http://go.mail.ru/help/robots)" "saveaslave.com"
46.229.164.113 - - [02/May/2015:07:15:29 -0700] "GET /botswana.html HTTP/1.1" 200 5669 "-" "Mozilla/5.0 (compatible; SemrushBot/0.98~bl; +http://www.semrush.com/bot.html)" "saveaslave.com"
46.229.164.99 - - [02/May/2015:07:18:26 -0700] "GET /tajikistan.html HTTP/1.1" 200 5713 "-" "Mozilla/5.0 (compatible; SemrushBot/0.98~bl; +http://www.semrush.com/bot.html)" "saveaslave.com"
46.229.164.111 - - [02/May/2015:07:21:39 -0700] "GET /switzerland.html HTTP/1.1" 200 5722 "-" "Mozilla/5.0 (compatible; SemrushBot/0.98~bl; +http://www.semrush.com/bot.html)" "saveaslave.com"
46.229.164.113 - - [02/May/2015:07:24:41 -0700] "GET /namibia.html HTTP/1.1" 200 5683 "-" "Mozilla/5.0 (compatible; SemrushBot/0.98~bl; +http://www.semrush.com/bot.html)" "www.saveaslave.com"
46.229.164.113 - - [02/May/2015:07:28:12 -0700] "GET /united-arab-emirates.html HTTP/1.1" 200 5769 "-" "Mozilla/5.0 (compatible; SemrushBot/0.98~bl; +http://www.semrush.com/bot.html)" "www.saveaslave.com"
46.229.164.99 - - [02/May/2015:07:30:57 -0700] "GET /thailand.html HTTP/1.1" 200 5695 "-" "Mozilla/5.0 (compatible; SemrushBot/0.98~bl; +http://www.semrush.com/bot.html)" "www.saveaslave.com"
24.21.36.16 - - [02/May/2015:07:31:59 -0700] "GET /images/countrymap/solomon-islands.gif HTTP/1.1" 200 122217 "https://www.google.com/" "Mozilla/5.0 (Macintosh; Intel Mac OS X 10_10_3) AppleWebKit/600.5.17 (KHTML, like Gecko) Version/8.0.5 Safari/600.5.17" "www.saveaslave.com"
183.60.244.24 - - [02/May/2015:07:32:16 -0700] "GET / HTTP/1.1" 200 24277 "http://www.baidu.com/search/spider.htm" "Mozilla/5.0 (compatible; Baiduspider/2.0; +http://www.baidu.com/search/spider.html)" "www.saveaslave.com"
192.151.151.202 - - [02/May/2015:08:11:14 -0700] "GET /Includes/Advertiser/uploadTester.asp HTTP/1.1" 404 89 "-" "-" "www.saveaslave.com"
192.151.151.202 - - [02/May/2015:08:11:14 -0700] "GET /uploadTester.asp HTTP/1.1" 404 89 "-" "-" "www.saveaslave.com"
192.151.151.202 - - [02/May/2015:08:11:14 -0700] "GET /ceprtools/freeASPUpload/uploadTester.asp HTTP/1.1" 404 89 "-" "-" "www.saveaslave.com"
192.151.151.202 - - [02/May/2015:08:11:14 -0700] "GET /sell/excess/uploadTester.asp HTTP/1.1" 404 89 "-" "-" "www.saveaslave.com"
192.151.151.202 - - [02/May/2015:08:11:20 -0700] "GET /asp/freeupload/uploadTester.asp HTTP/1.1" 404 89 "-" "-" "www.saveaslave.com"
192.151.151.202 - - [02/May/2015:08:11:22 -0700] "GET /demo/uploadTester.asp HTTP/1.1" 404 89 "-" "-" "www.saveaslave.com"
192.151.151.202 - - [02/May/2015:08:11:22 -0700] "GET /upload/uploadTester.asp HTTP/1.1" 404 73 "-" "-" "www.saveaslave.com"
192.151.151.202 - - [02/May/2015:08:11:22 -0700] "GET /ContentUpload/admin/freeASPUpload/uploadTester.asp HTTP/1.1" 404 89 "-" "-" "www.saveaslave.com"
192.151.151.202 - - [02/May/2015:08:11:23 -0700] "GET /support/uploadTester.asp HTTP/1.1" 404 89 "-" "-" "www.saveaslave.com"
217.69.133.216 - - [02/May/2015:08:15:31 -0700] "GET /saint-lucia.html HTTP/1.1" 200 5719 "-" "Mozilla/5.0 (compatible; Linux x86_64; Mail.RU_Bot/2.0; +http://go.mail.ru/help/robots)" "saveaslave.com"
217.69.133.219 - - [02/May/2015:08:15:32 -0700] "GET /site/?cat=155 HTTP/1.1" 404 89 "-" "Mozilla/5.0 (compatible; Linux x86_64; Mail.RU_Bot/2.0; +http://go.mail.ru/help/robots)" "saveaslave.com"
220.181.108.117 - - [02/May/2015:08:50:19 -0700] "GET /italy.html HTTP/1.1" 200 5666 "-" "Mozilla/5.0 (compatible; Baiduspider/2.0; +http://www.baidu.com/search/spider.html)" "www.saveaslave.com"
186.22.160.25 - - [02/May/2015:08:58:55 -0700] "GET /css/style.css HTTP/1.1" 200 1400 "http://www.saveaslave.com/" "Mozilla/5.0 (Windows NT 6.0) AppleWebKit/537.36 (KHTML, like Gecko) Chrome/42.0.2311.135 Safari/537.36" "www.saveaslave.com"
186.22.160.25 - - [02/May/2015:08:58:55 -0700] "GET /jquery.marquee.js HTTP/1.1" 200 6560 "http://www.saveaslave.com/" "Mozilla/5.0 (Windows NT 6.0) AppleWebKit/537.36 (KHTML, like Gecko) Chrome/42.0.2311.135 Safari/537.36" "www.saveaslave.com"
172.56.10.225 - - [02/May/2015:09:14:51 -0700] "GET /images/countrymap/panama-flag.gif HTTP/1.1" 200 10176 "-" "Mozilla/5.0 (Linux; Android 4.4.2; SM-G386T Build/KOT49H) AppleWebKit/537.36 (KHTML, like Gecko) Version/4.0 Chrome/30.0.0.0 Mobile Safari/537.36 GSA/4.4.11.16.arm" "www.saveaslave.com"
8.37.26.57 - - [02/May/2015:09:23:35 -0700] "GET /images/countrymap/bosnia-herzegovina.jpg HTTP/1.1" 200 42063 "https://www.google.com/" "Mozilla/5.0 (Macintosh; Intel Mac OS X 10_10_3) AppleWebKit/537.36 (KHTML, like Gecko) Chrome/42.0.2311.135 Safari/537.36" "www.saveaslave.com"
65.36.241.48 - - [02/May/2015:09:27:52 -0700] "HEAD / HTTP/1.1" 200 0 "-" "InternetSeer.com" "www.saveaslave.com"
83.61.218.174 - - [02/May/2015:09:28:42 -0700] "GET /images/countrymap/uzbekistan.jpg HTTP/1.1" 200 10612 "https://www.google.com/" "Mozilla/5.0 (Windows NT 6.1; WOW64) AppleWebKit/537.36 (KHTML, like Gecko) Chrome/42.0.2311.135 Safari/537.36" "www.saveaslave.com"
157.55.39.237 - - [02/May/2015:09:31:45 -0700] "GET /serbia.html HTTP/1.1" 200 5674 "-" "Mozilla/5.0 (compatible; bingbot/2.0; +http://www.bing.com/bingbot.htm)" "saveaslave.com"
64.124.65.6 - - [02/May/2015:09:35:17 -0700] "GET /images/countrymap/bosnia-herzegovina.jpg HTTP/1.1" 200 42063 "-" "Mozilla/5.0 (compatible; MSIE 9.0; Windows NT 6.1; Trident/5.0)" "www.saveaslave.com"
52.6.112.116 - - [02/May/2015:09:42:04 -0700] "GET /robots.txt HTTP/1.1" 404 89 "-" "" "saveaslave.com"
52.6.112.116 - - [02/May/2015:09:42:08 -0700] "GET /site/?p=56 HTTP/1.1" 404 89 "-" "ltx71 - (http://ltx71.com/)" "saveaslave.com"
72.168.96.126 - - [02/May/2015:10:27:00 -0700] "GET / HTTP/1.1" 200 24277 "-" "Mozilla/5.0 (Windows NT 6.1; WOW64; Trident/7.0; rv:11.0) like Gecko" "www.saveaslave.com"
65.36.241.48 - - [02/May/2015:10:28:00 -0700] "HEAD / HTTP/1.1" 200 0 "-" "InternetSeer.com" "www.saveaslave.com"
72.168.96.126 - - [02/May/2015:10:30:04 -0700] "GET /images/slaves.jpg HTTP/1.1" 200 64009 "-" "Mozilla/5.0 (Windows NT 6.1; WOW64; Trident/7.0; rv:11.0) like Gecko" "saveaslave.com"
54.243.48.139 - - [02/May/2015:10:31:39 -0700] "GET /Afghanistan.html HTTP/1.1" 404 89 "http://saveaslave.com" "Mozilla/5.0 (Windows; U; Windows NT 5.1; en-US; rv:1.9.2.8) Gecko/20100722 Firefox/3.6.8" "saveaslave.com"
180.76.6.37 - - [02/May/2015:10:33:57 -0700] "GET /zimbabwe HTTP/1.1" 200 5695 "-" "Mozilla/5.0 (compatible; Baiduspider/2.0; +http://www.baidu.com/search/spider.html)" "www.saveaslave.com"
98.232.140.138 - - [02/May/2015:10:35:20 -0700] "GET /images/countrymap/solomon-islands.gif HTTP/1.1" 200 122217 "http://www.bing.com/images/search?q=solomon+islands+map&view=detailv2&&&id=218FDB8560D58100385975B4AEDB0E93F964D850&selectedIndex=4&ccid=jBiBIXNY&simid=608024149683011682&thid=JN.7Cs%2b0KQGXqKGVegnFI0jqg&mode=overlay" "Mozilla/5.0 (Macintosh; Intel Mac OS X 10_10_3) AppleWebKit/600.5.17 (KHTML, like Gecko) Version/8.0.5 Safari/600.5.17" "www.saveaslave.com"
157.55.39.237 - - [02/May/2015:10:35:57 -0700] "GET /bosnia-herzegovina.html HTTP/1.1" 200 5787 "-" "Mozilla/5.0 (compatible; bingbot/2.0; +http://www.bing.com/bingbot.htm)" "saveaslave.com"
123.30.175.164 - - [02/May/2015:10:37:28 -0700] "GET / HTTP/1.1" 200 24277 "-" "Mozilla/5.0 (compatible; coccoc/1.0; +http://help.coccoc.com/)" "saveaslave.com"
104.52.128.241 - - [02/May/2015:10:58:19 -0700] "GET /images/countrymap/bosnia-herzegovina.jpg HTTP/1.1" 200 42063 "https://www.google.com/" "Mozilla/5.0 (iPhone; CPU iPhone OS 8_1_3 like Mac OS X) AppleWebKit/600.1.4 (KHTML, like Gecko) Version/8.0 Mobile/12B466 Safari/600.1.4" "www.saveaslave.com"
157.55.39.237 - - [02/May/2015:11:26:16 -0700] "GET /robots.txt HTTP/1.1" 404 89 "-" "Mozilla/5.0 (compatible; bingbot/2.0; +http://www.bing.com/bingbot.htm)" "saveaslave.com"
66.249.69.112 - - [02/May/2015:11:28:44 -0700] "GET /images/countrymap/serbia-flag.gif HTTP/1.1" 200 21896 "-" "Googlebot-Image/1.0" "www.saveaslave.com"
100.43.91.14 - - [02/May/2015:11:34:16 -0700] "GET /robots.txt HTTP/1.1" 404 89 "-" "Mozilla/5.0 (compatible; YandexBot/3.0; +http://yandex.com/bots)" "saveaslave.com"
66.249.69.96 - - [02/May/2015:11:48:05 -0700] "GET /images/countrymap/vanuatu-flag.gif HTTP/1.1" 200 2439 "-" "Googlebot-Image/1.0" "www.saveaslave.com"
197.233.78.243 - - [02/May/2015:12:00:23 -0700] "GET / HTTP/1.1" 200 24277 "http://buttons-for-your-website.com" "Mozilla/5.0 (Windows NT 6.1; WOW64) AppleWebKit/537.36 (KHTML, like Gecko) Chrome/36.0.1985.143 Safari/537.36" "saveaslave.com"
197.233.78.243 - - [02/May/2015:12:00:24 -0700] "GET /css/style.css HTTP/1.1" 200 1400 "http://saveaslave.com/" "Mozilla/5.0 (Windows NT 6.1; WOW64) AppleWebKit/537.36 (KHTML, like Gecko) Chrome/36.0.1985.143 Safari/537.36" "saveaslave.com"
197.233.78.243 - - [02/May/2015:12:00:24 -0700] "GET /jquery-1.3.2.min.js HTTP/1.1" 200 57254 "http://saveaslave.com/" "Mozilla/5.0 (Windows NT 6.1; WOW64) AppleWebKit/537.36 (KHTML, like Gecko) Chrome/36.0.1985.143 Safari/537.36" "saveaslave.com"
197.233.78.243 - - [02/May/2015:12:00:25 -0700] "GET /images/sas_button.gif HTTP/1.1" 200 2628 "http://saveaslave.com/" "Mozilla/5.0 (Windows NT 6.1; WOW64) AppleWebKit/537.36 (KHTML, like Gecko) Chrome/36.0.1985.143 Safari/537.36" "saveaslave.com"
197.233.78.243 - - [02/May/2015:12:00:25 -0700] "GET /images/slaves.jpg HTTP/1.1" 200 64009 "http://saveaslave.com/" "Mozilla/5.0 (Windows NT 6.1; WOW64) AppleWebKit/537.36 (KHTML, like Gecko) Chrome/36.0.1985.143 Safari/537.36" "saveaslave.com"
217.69.133.84 - - [02/May/2015:12:09:50 -0700] "GET /azkaban.html HTTP/1.1" 200 12664 "-" "Mozilla/5.0 (compatible; Linux x86_64; Mail.RU_Bot/2.0; +http://go.mail.ru/help/robots)" "www.saveaslave.com"
65.36.241.48 - - [02/May/2015:12:28:13 -0700] "HEAD / HTTP/1.1" 200 0 "-" "InternetSeer.com" "www.saveaslave.com"
65.36.241.48 - - [02/May/2015:12:29:45 -0700] "HEAD /?tpl=references&Itemid=3 HTTP/1.1" 200 0 "-" "InternetSeer.com" "www.saveaslave.com"
65.36.241.48 - - [02/May/2015:12:29:45 -0700] "HEAD /?tpl=references&Itemid=3 HTTP/1.1" 200 0 "-" "InternetSeer.com" "www.saveaslave.com"
199.21.99.219 - - [02/May/2015:12:35:58 -0700] "GET /saint-martin.html HTTP/1.1" 200 5728 "-" "Mozilla/5.0 (compatible; YandexBot/3.0; +http://yandex.com/bots)" "saveaslave.com"
157.55.39.192 - - [02/May/2015:12:53:49 -0700] "GET /colombia HTTP/1.1" 200 5676 "-" "msnbot-media/1.1 (+http://search.msn.com/msnbot.htm)" "www.saveaslave.com"
157.55.39.192 - - [02/May/2015:12:53:50 -0700] "GET /brunei HTTP/1.1" 200 5649 "-" "Mozilla/5.0 (compatible; bingbot/2.0; +http://www.bing.com/bingbot.htm)" "www.saveaslave.com"
100.43.91.12 - - [02/May/2015:13:06:45 -0700] "GET /czech-republic.html HTTP/1.1" 200 5720 "-" "Mozilla/5.0 (compatible; YandexBot/3.0; +http://yandex.com/bots)" "saveaslave.com"
123.125.71.98 - - [02/May/2015:13:28:20 -0700] "GET /cameroon.html HTTP/1.1" 200 5666 "-" "Mozilla/5.0 (compatible; Baiduspider/2.0; +http://www.baidu.com/search/spider.html)" "www.saveaslave.com"
65.36.241.48 - - [02/May/2015:13:28:22 -0700] "HEAD / HTTP/1.1" 200 0 "-" "InternetSeer.com" "www.saveaslave.com"
54.243.48.119 - - [02/May/2015:13:34:37 -0700] "GET / HTTP/1.1" 200 24277 "-" "Mozilla/5.0 (Windows; U; Windows NT 5.1; en-US; rv:1.9.2.8) Gecko/20100722 Firefox/3.6.8" "saveaslave.com"
173.2.215.121 - - [02/May/2015:13:34:38 -0700] "GET /images/slaves.jpg HTTP/1.1" 200 64009 "http://dudamobile.saveaslave.com/" "Mozilla/5.0 (iPhone; CPU iPhone OS 8_3 like Mac OS X) AppleWebKit/600.1.4 (KHTML, like Gecko) Mobile/12F70 Twitter for iPhone" "saveaslave.com"
54.243.48.119 - - [02/May/2015:13:56:52 -0700] "GET /burma.html HTTP/1.1" 200 5639 "-" "Mozilla/5.0 (Windows; U; Windows NT 5.1; en-US; rv:1.9.2.8) Gecko/20100722 Firefox/3.6.8" "www.saveaslave.com"
174.79.125.2 - - [02/May/2015:13:57:58 -0700] "GET /images/countrymap/solomon-islands.gif HTTP/1.1" 200 122217 "-" "Mozilla/5.0 (Windows NT 6.1; WOW64) AppleWebKit/537.36 (KHTML, like Gecko) Chrome/42.0.2311.90 Safari/537.36" "www.saveaslave.com"
91.178.5.183 - - [02/May/2015:13:59:11 -0700] "GET /images/countrymap/bosnia-herzegovina.jpg HTTP/1.1" 200 42063 "-" "Mozilla/5.0 (iPhone; CPU iPhone OS 7_1_1 like Mac OS X) AppleWebKit/537.51.2 (KHTML, like Gecko) GSA/5.2.43972 Mobile/11D201 Safari/9537.53" "www.saveaslave.com"
66.249.69.104 - - [02/May/2015:14:01:24 -0700] "GET /images/countrymap/vanuatu.gif HTTP/1.1" 200 24561 "-" "Googlebot-Image/1.0" "www.saveaslave.com"
66.249.69.96 - - [02/May/2015:14:01:32 -0700] "GET /images/countrymap/malawi.gif HTTP/1.1" 200 18709 "-" "Googlebot-Image/1.0" "www.saveaslave.com"
66.249.69.112 - - [02/May/2015:14:14:21 -0700] "GET /images/countrymap/palmyra-atoll.gif HTTP/1.1" 200 44126 "-" "Googlebot-Image/1.0" "www.saveaslave.com"
157.55.39.237 - - [02/May/2015:14:23:21 -0700] "GET /robots.txt HTTP/1.1" 404 89 "-" "Mozilla/5.0 (compatible; bingbot/2.0; +http://www.bing.com/bingbot.htm)" "www.saveaslave.com"
217.69.133.216 - - [02/May/2015:14:26:43 -0700] "GET /robots.txt HTTP/1.1" 404 89 "-" "Mozilla/5.0 (compatible; Linux x86_64; Mail.RU_Bot/2.0; +http://go.mail.ru/help/robots)" "www.saveaslave.com"
217.69.133.84 - - [02/May/2015:14:26:44 -0700] "GET /stmartin.html HTTP/1.1" 404 89 "-" "Mozilla/5.0 (compatible; Linux x86_64; Mail.RU_Bot/2.0; +http://go.mail.ru/help/robots)" "www.saveaslave.com"
65.36.241.48 - - [02/May/2015:14:28:37 -0700] "HEAD / HTTP/1.1" 200 0 "-" "InternetSeer.com" "www.saveaslave.com"
100.43.91.12 - - [02/May/2015:14:39:05 -0700] "GET /monaco.html HTTP/1.1" 200 2498 "-" "Mozilla/5.0 (compatible; YandexBot/3.0; +http://yandex.com/bots)" "saveaslave.com"
108.61.55.76 - - [02/May/2015:14:41:11 -0700] "GET /images/countrymap/ghana-flag.gif HTTP/1.1" 200 8329 "-" "Mozilla/5.0 (Macintosh; Intel Mac OS X 10.10; rv:37.0) Gecko/20100101 Firefox/37.0" "www.saveaslave.com"
188.165.15.183 - - [02/May/2015:15:06:37 -0700] "GET /laos.html HTTP/1.1" 200 5856 "-" "Mozilla/5.0 (compatible; AhrefsBot/5.0; +http://ahrefs.com/robot/)" "saveaslave.com"
65.36.241.48 - - [02/May/2015:15:08:16 -0700] "HEAD /?tpl=references&Itemid=3 HTTP/1.1" 200 0 "-" "InternetSeer.com" "www.saveaslave.com"
65.36.241.48 - - [02/May/2015:15:08:17 -0700] "HEAD /?tpl=references&Itemid=3 HTTP/1.1" 200 0 "-" "InternetSeer.com" "www.saveaslave.com"
100.43.91.9 - - [02/May/2015:15:09:54 -0700] "GET /lithuania.html HTTP/1.1" 200 5701 "-" "Mozilla/5.0 (compatible; YandexBot/3.0; +http://yandex.com/bots)" "saveaslave.com"
157.55.39.252 - - [02/May/2015:15:13:04 -0700] "GET /robots.txt HTTP/1.1" 404 89 "-" "Mozilla/5.0 (compatible; bingbot/2.0; +http://www.bing.com/bingbot.htm)" "www.saveaslave.com"
180.76.5.171 - - [02/May/2015:15:27:03 -0700] "GET /singapore.html HTTP/1.1" 200 5701 "-" "Mozilla/5.0 (compatible; Baiduspider/2.0; +http://www.baidu.com/search/spider.html)" "www.saveaslave.com"
65.36.241.48 - - [02/May/2015:15:28:45 -0700] "HEAD / HTTP/1.1" 200 0 "-" "InternetSeer.com" "www.saveaslave.com"
199.21.99.204 - - [02/May/2015:15:40:40 -0700] "GET /saudi-arabia.html HTTP/1.1" 200 5728 "-" "Mozilla/5.0 (compatible; YandexBot/3.0; +http://yandex.com/bots)" "saveaslave.com"
88.95.1.11 - - [02/May/2015:15:51:01 -0700] "GET /images/countrymap/bosnia-herzegovina.jpg HTTP/1.1" 200 42063 "https://www.google.no/" "Mozilla/5.0 (Macintosh; Intel Mac OS X 10_10_2) AppleWebKit/600.4.10 (KHTML, like Gecko) Version/8.0.4 Safari/600.4.10" "www.saveaslave.com"
78.168.13.95 - - [02/May/2015:15:52:42 -0700] "GET /images/countrymap/solomon-islands.gif HTTP/1.1" 200 122217 "https://www.google.com.tr/" "Mozilla/5.0 (Windows NT 6.1) AppleWebKit/537.36 (KHTML, like Gecko) Chrome/42.0.2311.135 Safari/537.36" "www.saveaslave.com"
46.229.167.149 - - [02/May/2015:15:52:44 -0700] "GET / HTTP/1.1" 200 24277 "-" "Mozilla/5.0 (X11; Linux x86_64; rv:2.2a1pre) Gecko/20110324 Firefox/4.2a1pre" "www.saveaslave.com"
199.21.99.204 - - [02/May/2015:16:11:30 -0700] "GET /micronesia.html HTTP/1.1" 200 5710 "-" "Mozilla/5.0 (compatible; YandexBot/3.0; +http://yandex.com/bots)" "saveaslave.com"
89.115.155.111 - - [02/May/2015:16:11:45 -0700] "HEAD / HTTP/1.1" 200 0 "-" "Xenu Link Sleuth/1.3.8" "www.saveaslave.com"
157.55.39.251 - - [02/May/2015:16:19:46 -0700] "GET /latvia HTTP/1.1" 200 5674 "-" "msnbot-media/1.1 (+http://search.msn.com/msnbot.htm)" "www.saveaslave.com"
81.52.143.37 - - [02/May/2015:16:26:40 -0700] "GET / HTTP/1.1" 200 24277 "-" "Mozilla/5.0 (compatible; OrangeBot/2.0; support.orangebot@orange.com)" "saveaslave.com"
100.43.91.14 - - [02/May/2015:16:42:18 -0700] "GET /tajikistan.html HTTP/1.1" 200 5713 "-" "Mozilla/5.0 (compatible; YandexBot/3.0; +http://yandex.com/bots)" "saveaslave.com"
217.69.133.217 - - [02/May/2015:16:43:05 -0700] "GET /site/?author=1 HTTP/1.1" 404 89 "-" "Mozilla/5.0 (compatible; Linux x86_64; Mail.RU_Bot/2.0; +http://go.mail.ru/help/robots)" "saveaslave.com"
65.36.241.48 - - [02/May/2015:17:29:10 -0700] "HEAD / HTTP/1.1" 200 0 "-" "InternetSeer.com" "www.saveaslave.com"
65.36.241.48 - - [02/May/2015:17:42:37 -0700] "HEAD /?tpl=references&Itemid=3 HTTP/1.1" 200 0 "-" "InternetSeer.com" "www.saveaslave.com"
65.36.241.48 - - [02/May/2015:17:42:37 -0700] "HEAD /?tpl=references&Itemid=3 HTTP/1.1" 200 0 "-" "InternetSeer.com" "www.saveaslave.com"
199.21.99.219 - - [02/May/2015:17:43:54 -0700] "GET /seychelles.html HTTP/1.1" 200 5710 "-" "Mozilla/5.0 (compatible; YandexBot/3.0; +http://yandex.com/bots)" "saveaslave.com"
180.76.6.46 - - [02/May/2015:17:44:41 -0700] "GET /cambodia HTTP/1.1" 200 5666 "-" "Mozilla/5.0 (compatible; Baiduspider/2.0; +http://www.baidu.com/search/spider.html)" "www.saveaslave.com"
107.205.190.253 - - [02/May/2015:18:10:40 -0700] "GET /images/countrymap/solomon-islands.gif HTTP/1.1" 200 122217 "-" "Mozilla/5.0 (iPad; CPU OS 7_1_2 like Mac OS X) AppleWebKit/537.51.2 (KHTML, like Gecko) Version/7.0 Mobile/11D257 Safari/9537.53" "www.saveaslave.com"
65.36.241.48 - - [02/May/2015:18:29:20 -0700] "HEAD / HTTP/1.1" 200 0 "-" "InternetSeer.com" "www.saveaslave.com"
188.165.15.183 - - [02/May/2015:18:29:51 -0700] "GET /bangladesh.html HTTP/1.1" 200 5664 "-" "Mozilla/5.0 (compatible; AhrefsBot/5.0; +http://ahrefs.com/robot/)" "saveaslave.com"
24.188.189.21 - - [02/May/2015:18:39:41 -0700] "GET /images/countrymap/bosnia-herzegovina.jpg HTTP/1.1" 200 42063 "-" "Mozilla/5.0 (iPhone; CPU iPhone OS 8_1_3 like Mac OS X) AppleWebKit/600.1.4 (KHTML, like Gecko) GSA/5.2.43972 Mobile/12B466 Safari/600.1.4" "www.saveaslave.com"
199.21.99.219 - - [02/May/2015:18:45:27 -0700] "GET /australia.html HTTP/1.1" 200 5637 "-" "Mozilla/5.0 (compatible; YandexBot/3.0; +http://yandex.com/bots)" "saveaslave.com"
91.236.74.169 - - [02/May/2015:18:54:30 -0700] "GET / HTTP/1.1" 200 24277 "http://www.saveaslave.com/" "Mozilla/5.0 (Windows NT 6.1; WOW64) AppleWebKit/537.36 (KHTML, like Gecko) Chrome/38.0.2125.111 Safari/537.36" "www.saveaslave.com"
91.200.13.64 - - [02/May/2015:19:04:26 -0700] "GET / HTTP/1.1" 200 24277 "-" "Mozilla/5.0 (Windows NT 6.1) AppleWebKit/537.36 (KHTML, like Gecko) Chrome/41.0.2228.0 Safari/537.36" "www.saveaslave.com"
207.90.2.10 - - [02/May/2015:19:12:03 -0700] "GET / HTTP/1.1" 200 24277 "-" "=Mozilla/5.0 (Windows; U; Windows NT 6.1; en-US) AppleWebKit/534.16 (KHTML, like Gecko) Chrome/10.0.648.204 Safari/534.16" "saveaslave.com"
65.36.241.48 - - [02/May/2015:19:29:33 -0700] "HEAD / HTTP/1.1" 200 0 "-" "InternetSeer.com" "www.saveaslave.com"
104.235.180.182 - - [02/May/2015:19:34:35 -0700] "GET /images/countrymap/bosnia-herzegovina.jpg HTTP/1.1" 200 42063 "-" "Mozilla/5.0 (Linux; Android 4.4.4; XT1254 Build/SU2-12) AppleWebKit/537.36 (KHTML, like Gecko) Version/4.0 Chrome/33.0.0.0 Mobile Safari/537.36 GSA/4.5.13.19.arm" "www.saveaslave.com"
100.43.90.11 - - [02/May/2015:19:41:31 -0700] "GET /canada.html HTTP/1.1" 200 5648 "-" "Mozilla/5.0 (compatible; YandexBot/3.0; +http://yandex.com/bots)" "saveaslave.com"
100.43.90.11 - - [02/May/2015:19:42:01 -0700] "GET /oman.html HTTP/1.1" 200 5656 "-" "Mozilla/5.0 (compatible; YandexBot/3.0; +http://yandex.com/bots)" "saveaslave.com"
100.43.91.14 - - [02/May/2015:19:47:05 -0700] "GET /montenegro.html HTTP/1.1" 200 5711 "-" "Mozilla/5.0 (compatible; YandexBot/3.0; +http://yandex.com/bots)" "saveaslave.com"
65.36.241.48 - - [02/May/2015:20:22:08 -0700] "HEAD /?tpl=references&Itemid=3 HTTP/1.1" 200 0 "-" "InternetSeer.com" "www.saveaslave.com"
65.36.241.48 - - [02/May/2015:20:22:08 -0700] "HEAD /?tpl=references&Itemid=3 HTTP/1.1" 200 0 "-" "InternetSeer.com" "www.saveaslave.com"
207.46.13.126 - - [02/May/2015:20:33:57 -0700] "GET /robots.txt HTTP/1.1" 404 73 "-" "Mozilla/5.0 (compatible; bingbot/2.0; +http://www.bing.com/bingbot.htm)" "www.saveaslave.com"
100.43.91.14 - - [02/May/2015:20:48:38 -0700] "GET /wake-island.html HTTP/1.1" 200 5722 "-" "Mozilla/5.0 (compatible; YandexBot/3.0; +http://yandex.com/bots)" "saveaslave.com"
66.249.69.96 - - [02/May/2015:21:22:45 -0700] "GET /robots.txt HTTP/1.1" 404 89 "-" "Mozilla/5.0 (compatible; Googlebot/2.1; +http://www.google.com/bot.html)" "www.saveaslave.com"
66.249.69.104 - - [02/May/2015:21:23:10 -0700] "GET /images/countrymap/cote-d-ivoire-flag.gif HTTP/1.1" 200 359 "-" "Googlebot-Image/1.0" "www.saveaslave.com"
65.36.241.48 - - [02/May/2015:21:30:10 -0700] "HEAD / HTTP/1.1" 200 0 "-" "InternetSeer.com" "www.saveaslave.com"
186.37.108.45 - - [02/May/2015:21:33:37 -0700] "GET /images/countrymap/bosnia-herzegovina.jpg HTTP/1.1" 200 42063 "-" "Mozilla/5.0 (Linux; Android 4.4.2; D2306 Build/18.3.C.0.40) AppleWebKit/537.36 (KHTML, like Gecko) Version/4.0 Chrome/30.0.0.0 Mobile Safari/537.36 GSA/4.4.11.16.arm" "www.saveaslave.com"
100.43.91.14 - - [02/May/2015:21:50:12 -0700] "GET /new-caledonia.html HTTP/1.1" 200 5737 "-" "Mozilla/5.0 (compatible; YandexBot/3.0; +http://yandex.com/bots)" "saveaslave.com"
180.76.6.156 - - [02/May/2015:21:54:29 -0700] "GET /slovenia HTTP/1.1" 200 5692 "-" "Mozilla/5.0 (compatible; Baiduspider/2.0; +http://www.baidu.com/search/spider.html)" "www.saveaslave.com"
217.69.133.29 - - [02/May/2015:22:06:18 -0700] "GET /robots.txt HTTP/1.1" 404 89 "-" "Mozilla/5.0 (compatible; Linux x86_64; Mail.RU_Bot/2.0; +http://go.mail.ru/help/robots)" "www.saveaslave.com"
42.156.138.82 - - [02/May/2015:22:17:51 -0700] "GET / HTTP/1.1" 200 24277 "-" "YisouSpider" "www.saveaslave.com"
100.43.91.14 - - [02/May/2015:22:21:00 -0700] "GET /singapore.html HTTP/1.1" 200 5701 "-" "Mozilla/5.0 (compatible; YandexBot/3.0; +http://yandex.com/bots)" "saveaslave.com"
157.55.39.252 - - [02/May/2015:22:28:11 -0700] "GET /barbados HTTP/1.1" 200 5664 "-" "Mozilla/5.0 (compatible; bingbot/2.0; +http://www.bing.com/bingbot.htm)" "www.saveaslave.com"
157.55.39.252 - - [02/May/2015:22:28:11 -0700] "GET /angola HTTP/1.1" 200 5617 "-" "msnbot-media/1.1 (+http://search.msn.com/msnbot.htm)" "www.saveaslave.com"
157.55.39.252 - - [02/May/2015:22:28:11 -0700] "GET /mali.html HTTP/1.1" 200 5656 "-" "Mozilla/5.0 (compatible; bingbot/2.0; +http://www.bing.com/bingbot.htm)" "www.saveaslave.com"
157.55.39.252 - - [02/May/2015:22:28:11 -0700] "GET /antarctica HTTP/1.1" 404 89 "-" "Mozilla/5.0 (compatible; bingbot/2.0; +http://www.bing.com/bingbot.htm)" "www.saveaslave.com"
157.55.39.252 - - [02/May/2015:22:28:11 -0700] "GET /bahrain HTTP/1.1" 200 5639 "-" "Mozilla/5.0 (compatible; bingbot/2.0; +http://www.bing.com/bingbot.htm)" "www.saveaslave.com"
157.55.39.252 - - [02/May/2015:22:28:11 -0700] "GET /benin.html HTTP/1.1" 200 2489 "-" "Mozilla/5.0 (compatible; bingbot/2.0; +http://www.bing.com/bingbot.htm)" "www.saveaslave.com"
65.36.241.48 - - [02/May/2015:22:30:34 -0700] "HEAD / HTTP/1.1" 200 0 "-" "InternetSeer.com" "www.saveaslave.com"
157.55.39.51 - - [02/May/2015:22:39:24 -0700] "GET /bahamas HTTP/1.1" 200 5619 "-" "Mozilla/5.0 (compatible; bingbot/2.0; +http://www.bing.com/bingbot.htm)" "www.saveaslave.com"
157.55.39.51 - - [02/May/2015:22:39:24 -0700] "GET /argentina HTTP/1.1" 200 5636 "-" "Mozilla/5.0 (compatible; bingbot/2.0; +http://www.bing.com/bingbot.htm)" "www.saveaslave.com"
157.55.39.51 - - [02/May/2015:22:39:24 -0700] "GET /belarus HTTP/1.1" 200 5670 "-" "Mozilla/5.0 (compatible; bingbot/2.0; +http://www.bing.com/bingbot.htm)" "www.saveaslave.com"
157.55.39.51 - - [02/May/2015:22:39:24 -0700] "GET /american_samoa.html HTTP/1.1" 404 89 "-" "Mozilla/5.0 (compatible; bingbot/2.0; +http://www.bing.com/bingbot.htm)" "www.saveaslave.com"
54.243.48.119 - - [02/May/2015:22:42:00 -0700] "GET /nepal.html HTTP/1.1" 200 5852 "-" "Mozilla/5.0 (Windows; U; Windows NT 5.1; en-US; rv:1.9.2.8) Gecko/20100722 Firefox/3.6.8" "www.saveaslave.com"
