66.249.69.112 - - [04/Apr/2015:07:13:50 -0700] "GET /images/countrymap/monaco.gif HTTP/1.1" 200 8167 "-" "Googlebot-Image/1.0" "www.saveaslave.com"
72.168.98.117 - - [04/Apr/2015:07:20:41 -0700] "GET /images/sas_button.gif HTTP/1.1" 200 2628 "http://saveaslave.com/" "Mozilla/5.0 (iPad; CPU OS 8_2 like Mac OS X) AppleWebKit/600.1.4 (KHTML, like Gecko) Version/8.0 Mobile/12D508 Safari/600.1.4" "saveaslave.com"
72.168.98.117 - - [04/Apr/2015:07:20:41 -0700] "GET /jquery-1.3.2.min.js HTTP/1.1" 200 57254 "http://saveaslave.com/" "Mozilla/5.0 (iPad; CPU OS 8_2 like Mac OS X) AppleWebKit/600.1.4 (KHTML, like Gecko) Version/8.0 Mobile/12D508 Safari/600.1.4" "saveaslave.com"
72.168.98.117 - - [04/Apr/2015:07:20:41 -0700] "GET /css/style.css HTTP/1.1" 200 1400 "http://saveaslave.com/" "Mozilla/5.0 (iPad; CPU OS 8_2 like Mac OS X) AppleWebKit/600.1.4 (KHTML, like Gecko) Version/8.0 Mobile/12D508 Safari/600.1.4" "saveaslave.com"
72.168.98.117 - - [04/Apr/2015:07:20:41 -0700] "GET /jquery.marquee.js HTTP/1.1" 200 6560 "http://saveaslave.com/" "Mozilla/5.0 (iPad; CPU OS 8_2 like Mac OS X) AppleWebKit/600.1.4 (KHTML, like Gecko) Version/8.0 Mobile/12D508 Safari/600.1.4" "saveaslave.com"
72.168.98.117 - - [04/Apr/2015:07:20:42 -0700] "GET /images/slaves.jpg HTTP/1.1" 200 64009 "http://saveaslave.com/" "Mozilla/5.0 (iPad; CPU OS 8_2 like Mac OS X) AppleWebKit/600.1.4 (KHTML, like Gecko) Version/8.0 Mobile/12D508 Safari/600.1.4" "saveaslave.com"
72.168.98.117 - - [04/Apr/2015:07:21:46 -0700] "GET /zimbabwe.html HTTP/1.1" 200 5480 "http://saveaslave.com/" "Mozilla/5.0 (iPad; CPU OS 8_2 like Mac OS X) AppleWebKit/600.1.4 (KHTML, like Gecko) Version/8.0 Mobile/12D508 Safari/600.1.4" "saveaslave.com"
72.168.98.117 - - [04/Apr/2015:07:21:46 -0700] "GET /css/style.css HTTP/1.1" 200 1400 "http://saveaslave.com/zimbabwe.html" "Mozilla/5.0 (iPad; CPU OS 8_2 like Mac OS X) AppleWebKit/600.1.4 (KHTML, like Gecko) Version/8.0 Mobile/12D508 Safari/600.1.4" "saveaslave.com"
72.168.98.117 - - [04/Apr/2015:07:21:46 -0700] "GET /images/givebtn.png HTTP/1.1" 200 26179 "http://saveaslave.com/zimbabwe.html" "Mozilla/5.0 (iPad; CPU OS 8_2 like Mac OS X) AppleWebKit/600.1.4 (KHTML, like Gecko) Version/8.0 Mobile/12D508 Safari/600.1.4" "saveaslave.com"
72.168.98.117 - - [04/Apr/2015:07:21:46 -0700] "GET /images/countrymap/zimbabwe-flag.jpg HTTP/1.1" 200 2177 "http://saveaslave.com/zimbabwe.html" "Mozilla/5.0 (iPad; CPU OS 8_2 like Mac OS X) AppleWebKit/600.1.4 (KHTML, like Gecko) Version/8.0 Mobile/12D508 Safari/600.1.4" "saveaslave.com"
72.168.98.117 - - [04/Apr/2015:07:21:46 -0700] "GET /images/header.png HTTP/1.1" 200 84658 "http://saveaslave.com/zimbabwe.html" "Mozilla/5.0 (iPad; CPU OS 8_2 like Mac OS X) AppleWebKit/600.1.4 (KHTML, like Gecko) Version/8.0 Mobile/12D508 Safari/600.1.4" "saveaslave.com"
72.168.98.117 - - [04/Apr/2015:07:21:57 -0700] "GET /zimbabwe.html HTTP/1.1" 200 5480 "http://saveaslave.com/" "Mozilla/5.0 (iPad; CPU OS 8_2 like Mac OS X) AppleWebKit/600.1.4 (KHTML, like Gecko) Version/8.0 Mobile/12D508 Safari/600.1.4" "saveaslave.com"
72.168.98.117 - - [04/Apr/2015:07:21:59 -0700] "GET /images/givebtn.png HTTP/1.1" 200 26179 "http://saveaslave.com/zimbabwe.html" "Mozilla/5.0 (iPad; CPU OS 8_2 like Mac OS X) AppleWebKit/600.1.4 (KHTML, like Gecko) Version/8.0 Mobile/12D508 Safari/600.1.4" "saveaslave.com"
72.168.98.117 - - [04/Apr/2015:07:21:59 -0700] "GET /images/countrymap/zimbabwe-flag.jpg HTTP/1.1" 200 2177 "http://saveaslave.com/zimbabwe.html" "Mozilla/5.0 (iPad; CPU OS 8_2 like Mac OS X) AppleWebKit/600.1.4 (KHTML, like Gecko) Version/8.0 Mobile/12D508 Safari/600.1.4" "saveaslave.com"
72.168.98.117 - - [04/Apr/2015:07:22:38 -0700] "GET /timor-leste.html HTTP/1.1" 200 5723 "http://saveaslave.com/" "Mozilla/5.0 (iPad; CPU OS 8_2 like Mac OS X) AppleWebKit/600.1.4 (KHTML, like Gecko) Version/8.0 Mobile/12D508 Safari/600.1.4" "saveaslave.com"
72.168.98.117 - - [04/Apr/2015:07:22:38 -0700] "GET /images/countrymap/timor-leste.gif HTTP/1.1" 200 15162 "http://saveaslave.com/timor-leste.html" "Mozilla/5.0 (iPad; CPU OS 8_2 like Mac OS X) AppleWebKit/600.1.4 (KHTML, like Gecko) Version/8.0 Mobile/12D508 Safari/600.1.4" "saveaslave.com"
72.168.98.117 - - [04/Apr/2015:07:22:38 -0700] "GET /images/countrymap/timor-leste-flag.gif HTTP/1.1" 200 770 "http://saveaslave.com/timor-leste.html" "Mozilla/5.0 (iPad; CPU OS 8_2 like Mac OS X) AppleWebKit/600.1.4 (KHTML, like Gecko) Version/8.0 Mobile/12D508 Safari/600.1.4" "saveaslave.com"
72.168.98.117 - - [04/Apr/2015:07:23:17 -0700] "GET /turkmenistan.html HTTP/1.1" 200 5731 "http://saveaslave.com/" "Mozilla/5.0 (iPad; CPU OS 8_2 like Mac OS X) AppleWebKit/600.1.4 (KHTML, like Gecko) Version/8.0 Mobile/12D508 Safari/600.1.4" "saveaslave.com"
72.168.98.117 - - [04/Apr/2015:07:23:17 -0700] "GET /images/countrymap/turkmenistan.jpg HTTP/1.1" 200 19101 "http://saveaslave.com/turkmenistan.html" "Mozilla/5.0 (iPad; CPU OS 8_2 like Mac OS X) AppleWebKit/600.1.4 (KHTML, like Gecko) Version/8.0 Mobile/12D508 Safari/600.1.4" "saveaslave.com"
72.168.98.117 - - [04/Apr/2015:07:23:17 -0700] "GET /images/countrymap/turkmenistan-flag.jpg HTTP/1.1" 200 2440 "http://saveaslave.com/turkmenistan.html" "Mozilla/5.0 (iPad; CPU OS 8_2 like Mac OS X) AppleWebKit/600.1.4 (KHTML, like Gecko) Version/8.0 Mobile/12D508 Safari/600.1.4" "saveaslave.com"
72.168.98.117 - - [04/Apr/2015:07:24:03 -0700] "GET /ukraine.html HTTP/1.1" 200 5471 "http://saveaslave.com/" "Mozilla/5.0 (iPad; CPU OS 8_2 like Mac OS X) AppleWebKit/600.1.4 (KHTML, like Gecko) Version/8.0 Mobile/12D508 Safari/600.1.4" "saveaslave.com"
72.168.98.117 - - [04/Apr/2015:07:24:03 -0700] "GET /images/countrymap/ukraine.jpg HTTP/1.1" 200 35935 "http://saveaslave.com/ukraine.html" "Mozilla/5.0 (iPad; CPU OS 8_2 like Mac OS X) AppleWebKit/600.1.4 (KHTML, like Gecko) Version/8.0 Mobile/12D508 Safari/600.1.4" "saveaslave.com"
72.168.98.117 - - [04/Apr/2015:07:25:12 -0700] "GET /western-sahara.html HTTP/1.1" 200 5534 "http://saveaslave.com/" "Mozilla/5.0 (iPad; CPU OS 8_2 like Mac OS X) AppleWebKit/600.1.4 (KHTML, like Gecko) Version/8.0 Mobile/12D508 Safari/600.1.4" "saveaslave.com"
72.168.98.117 - - [04/Apr/2015:07:25:12 -0700] "GET /images/countrymap/western-sahara.png HTTP/1.1" 200 80749 "http://saveaslave.com/western-sahara.html" "Mozilla/5.0 (iPad; CPU OS 8_2 like Mac OS X) AppleWebKit/600.1.4 (KHTML, like Gecko) Version/8.0 Mobile/12D508 Safari/600.1.4" "saveaslave.com"
72.168.98.117 - - [04/Apr/2015:07:26:46 -0700] "GET /vanuatu.html HTTP/1.1" 200 5471 "http://saveaslave.com/" "Mozilla/5.0 (iPad; CPU OS 8_2 like Mac OS X) AppleWebKit/600.1.4 (KHTML, like Gecko) Version/8.0 Mobile/12D508 Safari/600.1.4" "saveaslave.com"
72.168.98.117 - - [04/Apr/2015:07:26:46 -0700] "GET /images/countrymap/vanuatu.gif HTTP/1.1" 200 24561 "http://saveaslave.com/vanuatu.html" "Mozilla/5.0 (iPad; CPU OS 8_2 like Mac OS X) AppleWebKit/600.1.4 (KHTML, like Gecko) Version/8.0 Mobile/12D508 Safari/600.1.4" "saveaslave.com"
23.23.242.178 - - [04/Apr/2015:07:45:14 -0700] "GET / HTTP/1.1" 200 24277 "-" "Mozilla/5.0 (Windows; U; Windows NT 5.1; en-US; rv:1.9.2.8) Gecko/20100722 Firefox/3.6.8" "saveaslave.com"
65.55.218.53 - - [04/Apr/2015:07:47:42 -0700] "GET /css/style.css HTTP/1.1" 200 1400 "http://www.saveaslave.com/solomon-islands.html" "Mozilla/5.0 (compatible; MSIE 9.0; Windows NT 6.0; Trident/5.0;  Trident/5.0)" "www.saveaslave.com"
207.46.13.41 - - [04/Apr/2015:07:51:04 -0700] "GET /montserrat HTTP/1.1" 404 89 "-" "msnbot-media/1.1 (+http://search.msn.com/msnbot.htm)" "www.saveaslave.com"
217.69.133.219 - - [04/Apr/2015:07:53:03 -0700] "GET /kazakhstan.html HTTP/1.1" 200 5711 "-" "Mozilla/5.0 (compatible; Linux x86_64; Mail.RU_Bot/2.0; +http://go.mail.ru/help/robots)" "www.saveaslave.com"
65.36.241.48 - - [04/Apr/2015:07:58:04 -0700] "HEAD / HTTP/1.1" 200 0 "-" "InternetSeer.com" "www.saveaslave.com"
23.23.242.178 - - [04/Apr/2015:08:13:57 -0700] "GET /tanzania.html HTTP/1.1" 200 5695 "-" "Mozilla/5.0 (Windows; U; Windows NT 5.1; en-US; rv:1.9.2.8) Gecko/20100722 Firefox/3.6.8" "saveaslave.com"
54.243.48.119 - - [04/Apr/2015:08:20:12 -0700] "GET /cambodia HTTP/1.1" 200 5666 "-" "Mozilla/5.0 (Windows; U; Windows NT 5.1; en-US; rv:1.9.2.8) Gecko/20100722 Firefox/3.6.8" "www.saveaslave.com"
23.23.242.178 - - [04/Apr/2015:08:46:30 -0700] "GET / HTTP/1.1" 200 24277 "-" "Mozilla/5.0 (Windows; U; Windows NT 5.1; en-US; rv:1.9.2.8) Gecko/20100722 Firefox/3.6.8" "saveaslave.com"
188.165.15.97 - - [04/Apr/2015:08:58:16 -0700] "GET /djibouti.html HTTP/1.1" 200 5666 "-" "Mozilla/5.0 (compatible; AhrefsBot/5.0; +http://ahrefs.com/robot/)" "saveaslave.com"
130.211.130.141 - - [04/Apr/2015:09:13:59 -0700] "GET / HTTP/1.1" 200 24277 "-" "NerdyBot" "saveaslave.com"
207.46.13.41 - - [04/Apr/2015:09:23:45 -0700] "GET /turkey HTTP/1.1" 200 5677 "-" "Mozilla/5.0 (compatible; bingbot/2.0; +http://www.bing.com/bingbot.htm)" "www.saveaslave.com"
54.243.48.119 - - [04/Apr/2015:09:25:30 -0700] "GET /nauru.html HTTP/1.1" 200 5446 "-" "Mozilla/5.0 (Windows; U; Windows NT 5.1; en-US; rv:1.9.2.8) Gecko/20100722 Firefox/3.6.8" "www.saveaslave.com"
100.43.91.9 - - [04/Apr/2015:09:27:46 -0700] "GET /robots.txt HTTP/1.1" 404 89 "-" "Mozilla/5.0 (compatible; YandexBot/3.0; +http://yandex.com/bots)" "saveaslave.com"
54.243.48.119 - - [04/Apr/2015:09:29:44 -0700] "GET /philippines.html HTTP/1.1" 200 5500 "-" "Mozilla/5.0 (Windows; U; Windows NT 5.1; en-US; rv:1.9.2.8) Gecko/20100722 Firefox/3.6.8" "saveaslave.com"
72.168.98.119 - - [04/Apr/2015:09:43:24 -0700] "GET /jquery.marquee.js HTTP/1.1" 200 6560 "http://www.saveaslave.com/" "Mozilla/5.0 (Windows NT 6.1; WOW64; Trident/7.0; rv:11.0) like Gecko" "www.saveaslave.com"
72.168.98.119 - - [04/Apr/2015:09:43:25 -0700] "GET /images/slaves.jpg HTTP/1.1" 200 64009 "http://www.saveaslave.com/" "Mozilla/5.0 (Windows NT 6.1; WOW64; Trident/7.0; rv:11.0) like Gecko" "www.saveaslave.com"
72.168.98.119 - - [04/Apr/2015:09:43:25 -0700] "GET /images/sas_button.gif HTTP/1.1" 200 2628 "http://www.saveaslave.com/" "Mozilla/5.0 (Windows NT 6.1; WOW64; Trident/7.0; rv:11.0) like Gecko" "www.saveaslave.com"
207.46.13.25 - - [04/Apr/2015:09:44:05 -0700] "GET /paypalbutton.html HTTP/1.1" 200 2962 "-" "Mozilla/5.0 (compatible; bingbot/2.0; +http://www.bing.com/bingbot.htm)" "saveaslave.com"
188.165.15.97 - - [04/Apr/2015:09:55:52 -0700] "GET /nicaragua.html HTTP/1.1" 200 5482 "-" "Mozilla/5.0 (compatible; AhrefsBot/5.0; +http://ahrefs.com/robot/)" "saveaslave.com"
54.243.48.119 - - [04/Apr/2015:09:58:32 -0700] "GET /senegal.html HTTP/1.1" 200 5464 "-" "Mozilla/5.0 (Windows; U; Windows NT 5.1; en-US; rv:1.9.2.8) Gecko/20100722 Firefox/3.6.8" "www.saveaslave.com"
188.165.15.97 - - [04/Apr/2015:10:05:30 -0700] "GET /dominican-republic.html HTTP/1.1" 200 5756 "-" "Mozilla/5.0 (compatible; AhrefsBot/5.0; +http://ahrefs.com/robot/)" "saveaslave.com"
65.36.241.48 - - [04/Apr/2015:10:12:54 -0700] "HEAD /?tpl=references&Itemid=3 HTTP/1.1" 200 0 "-" "InternetSeer.com" "www.saveaslave.com"
65.36.241.48 - - [04/Apr/2015:10:12:54 -0700] "HEAD /?tpl=references&Itemid=3 HTTP/1.1" 200 0 "-" "InternetSeer.com" "www.saveaslave.com"
188.165.15.97 - - [04/Apr/2015:10:19:19 -0700] "GET /greenland.html HTTP/1.1" 200 5702 "-" "Mozilla/5.0 (compatible; AhrefsBot/5.0; +http://ahrefs.com/robot/)" "www.saveaslave.com"
188.165.15.97 - - [04/Apr/2015:10:39:40 -0700] "GET /paypalbutton.html HTTP/1.1" 200 2962 "-" "Mozilla/5.0 (compatible; AhrefsBot/5.0; +http://ahrefs.com/robot/)" "www.saveaslave.com"
54.243.48.119 - - [04/Apr/2015:10:45:31 -0700] "GET /new-zealand.html HTTP/1.1" 200 5500 "-" "Mozilla/5.0 (Windows; U; Windows NT 5.1; en-US; rv:1.9.2.8) Gecko/20100722 Firefox/3.6.8" "saveaslave.com"
188.165.15.97 - - [04/Apr/2015:10:53:31 -0700] "GET /countries/switzerland.html HTTP/1.1" 404 89 "-" "Mozilla/5.0 (compatible; AhrefsBot/5.0; +http://ahrefs.com/robot/)" "www.saveaslave.com"
66.249.69.112 - - [04/Apr/2015:11:13:48 -0700] "GET /robots.txt HTTP/1.1" 404 89 "-" "Mozilla/5.0 (compatible; Googlebot/2.1; +http://www.google.com/bot.html)" "www.saveaslave.com"
66.249.69.104 - - [04/Apr/2015:11:13:48 -0700] "GET /images/countrymap/bulgaria-flag.jpg HTTP/1.1" 200 1736 "-" "Googlebot-Image/1.0" "www.saveaslave.com"
66.249.69.112 - - [04/Apr/2015:11:13:48 -0700] "GET /images/countrymap/bulgaria.jpg HTTP/1.1" 200 42838 "-" "Googlebot-Image/1.0" "www.saveaslave.com"
188.165.15.97 - - [04/Apr/2015:11:16:40 -0700] "GET /mongolia.html HTTP/1.1" 200 5692 "-" "Mozilla/5.0 (compatible; AhrefsBot/5.0; +http://ahrefs.com/robot/)" "www.saveaslave.com"
123.125.71.41 - - [04/Apr/2015:11:25:19 -0700] "GET / HTTP/1.1" 200 24277 "-" "Mozilla/5.0 (compatible; Baiduspider/2.0; +http://www.baidu.com/search/spider.html)" "www.saveaslave.com"
188.165.15.97 - - [04/Apr/2015:11:29:52 -0700] "GET /norway.html HTTP/1.1" 200 5455 "-" "Mozilla/5.0 (compatible; AhrefsBot/5.0; +http://ahrefs.com/robot/)" "saveaslave.com"
220.181.108.161 - - [04/Apr/2015:11:46:51 -0700] "GET /images/Greenland_flag.gif HTTP/1.1" 404 89 "-" "Baiduspider-image+(+http://www.baidu.com/search/spider.htm)\\nReferer: http://image.baidu.com/i?ct=503316480&z=0&tn=baiduimagedetail" "www.saveaslave.com"
188.165.15.97 - - [04/Apr/2015:11:55:16 -0700] "GET /dominica.html HTTP/1.1" 200 5666 "-" "Mozilla/5.0 (compatible; AhrefsBot/5.0; +http://ahrefs.com/robot/)" "www.saveaslave.com"
190.188.169.197 - - [04/Apr/2015:11:58:13 -0700] "GET /images/countrymap/bosnia-herzegovina.jpg HTTP/1.1" 200 42063 "-" "Mozilla/5.0 (Linux; U; Android 4.3; en-us; GT-I9300 Build/JSS15J) AppleWebKit/534.30 (KHTML, like Gecko) Version/4.0 Mobile Safari/534.30 GSA/4.3.10.88581490.arm" "www.saveaslave.com"
180.76.6.148 - - [04/Apr/2015:12:05:25 -0700] "GET /portugal HTTP/1.1" 200 5473 "-" "Mozilla/5.0 (compatible; Baiduspider/2.0; +http://www.baidu.com/search/spider.html)" "www.saveaslave.com"
207.46.13.43 - - [04/Apr/2015:12:12:28 -0700] "GET /lithuania.html HTTP/1.1" 200 5701 "-" "Mozilla/5.0 (compatible; bingbot/2.0; +http://www.bing.com/bingbot.htm)" "saveaslave.com"
52.5.122.48 - - [04/Apr/2015:12:17:33 -0700] "GET / HTTP/1.1" 200 24277 "-" "Mozilla/5.0 (Windows; U; Windows NT 5.1; en-US; rv:1.7.8) Gecko/20050511 Firefox/1.0.4" "www.saveaslave.com"
52.5.122.48 - - [04/Apr/2015:12:17:33 -0700] "GET / HTTP/1.1" 200 24277 "-" "Mozilla/5.0 (Windows; U; Windows NT 5.1; en-US; rv:1.7.8) Gecko/20050511 Firefox/1.0.4" "www.saveaslave.com"
52.5.122.48 - - [04/Apr/2015:12:17:33 -0700] "GET / HTTP/1.1" 200 24277 "-" "Mozilla/5.0 (Windows; U; Windows NT 5.1; en-US; rv:1.7.8) Gecko/20050511 Firefox/1.0.4" "www.saveaslave.com"
52.5.122.48 - - [04/Apr/2015:12:17:34 -0700] "GET / HTTP/1.1" 200 24277 "-" "Mozilla/5.0 (Windows; U; Windows NT 5.1; en-US; rv:1.7.8) Gecko/20050511 Firefox/1.0.4" "www.saveaslave.com"
52.5.122.48 - - [04/Apr/2015:12:17:34 -0700] "GET / HTTP/1.1" 200 24277 "-" "Mozilla/5.0 (Windows; U; Windows NT 5.1; en-US; rv:1.7.8) Gecko/20050511 Firefox/1.0.4" "www.saveaslave.com"
52.5.122.48 - - [04/Apr/2015:12:17:34 -0700] "GET / HTTP/1.1" 200 24277 "-" "Mozilla/5.0 (Windows; U; Windows NT 5.1; en-US; rv:1.7.8) Gecko/20050511 Firefox/1.0.4" "www.saveaslave.com"
52.5.122.48 - - [04/Apr/2015:12:17:34 -0700] "GET / HTTP/1.1" 200 24277 "-" "Mozilla/5.0 (Windows; U; Windows NT 5.1; en-US; rv:1.7.8) Gecko/20050511 Firefox/1.0.4" "www.saveaslave.com"
52.5.122.48 - - [04/Apr/2015:12:17:37 -0700] "GET / HTTP/1.1" 200 24277 "-" "Mozilla/5.0 (Windows; U; Windows NT 5.1; en-US; rv:1.7.8) Gecko/20050511 Firefox/1.0.4" "www.saveaslave.com"
180.76.5.65 - - [04/Apr/2015:12:20:24 -0700] "GET /countries/el-salvador.html HTTP/1.1" 404 89 "-" "Mozilla/5.0 (compatible; Baiduspider/2.0; +http://www.baidu.com/search/spider.html)" "www.saveaslave.com"
188.165.15.97 - - [04/Apr/2015:12:24:24 -0700] "GET / HTTP/1.1" 200 24277 "-" "Mozilla/5.0 (compatible; AhrefsBot/5.0; +http://ahrefs.com/robot/)" "saveaslave.com"
217.69.133.84 - - [04/Apr/2015:12:31:19 -0700] "GET /robots.txt HTTP/1.1" 404 89 "-" "Mozilla/5.0 (compatible; Linux x86_64; Mail.RU_Bot/2.0; +http://go.mail.ru/help/robots)" "www.saveaslave.com"
217.69.133.215 - - [04/Apr/2015:12:31:20 -0700] "GET /venezuela.html HTTP/1.1" 200 5489 "-" "Mozilla/5.0 (compatible; Linux x86_64; Mail.RU_Bot/2.0; +http://go.mail.ru/help/robots)" "www.saveaslave.com"
2.5.16.204 - - [04/Apr/2015:12:32:00 -0700] "GET /images/countrymap/bosnia-herzegovina.jpg HTTP/1.1" 200 42063 "https://www.google.co.uk/" "Mozilla/5.0 (Linux; Android 5.1; Nexus 6 Build/LMY47D) AppleWebKit/537.36 (KHTML, like Gecko) Version/4.0 Chrome/40.0.0.0 Mobile Safari/537.36 GSA/4.3.10.88581490.arm" "www.saveaslave.com"
188.165.15.97 - - [04/Apr/2015:12:35:32 -0700] "GET /british-virgin-islands.html HTTP/1.1" 200 5845 "-" "Mozilla/5.0 (compatible; AhrefsBot/5.0; +http://ahrefs.com/robot/)" "saveaslave.com"
188.165.15.97 - - [04/Apr/2015:12:49:20 -0700] "GET / HTTP/1.1" 200 24277 "-" "Mozilla/5.0 (compatible; AhrefsBot/5.0; +http://ahrefs.com/robot/)" "www.saveaslave.com"
180.76.5.58 - - [04/Apr/2015:12:50:24 -0700] "GET /micronesia HTTP/1.1" 200 5710 "-" "Mozilla/5.0 (compatible; Baiduspider/2.0; +http://www.baidu.com/search/spider.html)" "www.saveaslave.com"
70.160.130.248 - - [04/Apr/2015:12:55:44 -0700] "GET /images/countrymap/bosnia-herzegovina.jpg HTTP/1.1" 200 42063 "-" "Mozilla/5.0 (iPhone; CPU iPhone OS 8_2 like Mac OS X) AppleWebKit/600.1.4 (KHTML, like Gecko) GSA/5.2.43972 Mobile/12D508 Safari/600.1.4" "www.saveaslave.com"
65.36.241.48 - - [04/Apr/2015:12:58:04 -0700] "HEAD / HTTP/1.1" 200 0 "-" "InternetSeer.com" "www.saveaslave.com"
188.165.15.97 - - [04/Apr/2015:13:08:03 -0700] "GET /countries/oman.html HTTP/1.1" 404 89 "-" "Mozilla/5.0 (compatible; AhrefsBot/5.0; +http://ahrefs.com/robot/)" "www.saveaslave.com"
72.168.96.126 - - [04/Apr/2015:13:16:53 -0700] "GET / HTTP/1.1" 200 24277 "-" "Mozilla/5.0 (Windows NT 6.1; WOW64; Trident/7.0; rv:11.0) like Gecko" "www.saveaslave.com"
72.168.96.126 - - [04/Apr/2015:13:16:53 -0700] "GET / HTTP/1.1" 200 24277 "-" "Mozilla/5.0 (Windows NT 6.1; WOW64; Trident/7.0; rv:11.0) like Gecko" "www.saveaslave.com"
72.168.96.126 - - [04/Apr/2015:13:16:53 -0700] "GET /jquery-1.3.2.min.js HTTP/1.1" 200 57254 "http://www.saveaslave.com/" "Mozilla/5.0 (Windows NT 6.1; WOW64; Trident/7.0; rv:11.0) like Gecko" "www.saveaslave.com"
72.168.96.126 - - [04/Apr/2015:13:16:53 -0700] "GET /css/style.css HTTP/1.1" 200 1400 "http://www.saveaslave.com/" "Mozilla/5.0 (Windows NT 6.1; WOW64; Trident/7.0; rv:11.0) like Gecko" "www.saveaslave.com"
72.168.96.126 - - [04/Apr/2015:13:16:53 -0700] "GET /images/header.png HTTP/1.1" 200 84658 "http://www.saveaslave.com/" "Mozilla/5.0 (Windows NT 6.1; WOW64; Trident/7.0; rv:11.0) like Gecko" "www.saveaslave.com"
72.168.96.126 - - [04/Apr/2015:13:16:57 -0700] "GET /css/style.css HTTP/1.1" 200 1400 "http://www.saveaslave.com/" "Mozilla/5.0 (Windows NT 6.1; WOW64; Trident/7.0; rv:11.0) like Gecko" "www.saveaslave.com"
72.168.96.126 - - [04/Apr/2015:13:16:58 -0700] "GET /images/header.png HTTP/1.1" 200 84658 "http://www.saveaslave.com/" "Mozilla/5.0 (Windows NT 6.1; WOW64; Trident/7.0; rv:11.0) like Gecko" "www.saveaslave.com"
72.168.96.126 - - [04/Apr/2015:13:16:58 -0700] "GET /images/sas_button.gif HTTP/1.1" 200 2628 "http://www.saveaslave.com/" "Mozilla/5.0 (Windows NT 6.1; WOW64; Trident/7.0; rv:11.0) like Gecko" "www.saveaslave.com"
54.243.48.119 - - [04/Apr/2015:13:17:06 -0700] "GET /yemen.html HTTP/1.1" 200 5453 "-" "Mozilla/5.0 (Windows; U; Windows NT 5.1; en-US; rv:1.9.2.8) Gecko/20100722 Firefox/3.6.8" "saveaslave.com"
188.165.15.97 - - [04/Apr/2015:13:25:02 -0700] "GET /northern-mariana-islands.html HTTP/1.1" 200 5617 "-" "Mozilla/5.0 (compatible; AhrefsBot/5.0; +http://ahrefs.com/robot/)" "www.saveaslave.com"
180.76.6.145 - - [04/Apr/2015:13:28:47 -0700] "GET /countries/grenada.html HTTP/1.1" 404 89 "-" "Mozilla/5.0 (compatible; Baiduspider/2.0; +http://www.baidu.com/search/spider.html)" "www.saveaslave.com"
188.165.15.97 - - [04/Apr/2015:13:48:34 -0700] "GET /countries/qatar.html HTTP/1.1" 404 89 "-" "Mozilla/5.0 (compatible; AhrefsBot/5.0; +http://ahrefs.com/robot/)" "www.saveaslave.com"
61.135.190.102 - - [04/Apr/2015:13:50:48 -0700] "GET / HTTP/1.1" 200 24277 "http://www.baidu.com/s?wd=SaveAslave-InformationAboutHumanTrafficking" "Mozilla/5.0 (Windows NT 6.1; WOW64) AppleWebKit/537.36 (KHTML, like Gecko) Chrome/36.0.1985.143 Safari/537.36" "www.saveaslave.com"
61.135.190.105 - - [04/Apr/2015:13:50:48 -0700] "GET /jquery-1.3.2.min.js HTTP/1.1" 200 57254 "http://www.saveaslave.com/" "Mozilla/5.0 (Windows NT 6.1; WOW64) AppleWebKit/537.36 (KHTML, like Gecko) Chrome/36.0.1985.143 Safari/537.36" "www.saveaslave.com"
61.135.190.102 - - [04/Apr/2015:13:50:50 -0700] "GET /jquery.marquee.js HTTP/1.1" 200 6560 "http://www.saveaslave.com/" "Mozilla/5.0 (Windows NT 6.1; WOW64) AppleWebKit/537.36 (KHTML, like Gecko) Chrome/36.0.1985.143 Safari/537.36" "www.saveaslave.com"
50.74.241.238 - - [04/Apr/2015:13:59:19 -0700] "GET /images/countrymap/bosnia-herzegovina.jpg HTTP/1.1" 200 42063 "https://www.google.com/" "Mozilla/5.0 (iPhone; CPU iPhone OS 8_1_3 like Mac OS X) AppleWebKit/600.1.4 (KHTML, like Gecko) Version/8.0 Mobile/12B466 Safari/600.1.4" "www.saveaslave.com"
188.165.15.97 - - [04/Apr/2015:14:01:51 -0700] "GET /countries/cameroon.html HTTP/1.1" 200 5687 "-" "Mozilla/5.0 (compatible; AhrefsBot/5.0; +http://ahrefs.com/robot/)" "www.saveaslave.com"
207.46.13.41 - - [04/Apr/2015:14:06:08 -0700] "GET /dominica.html HTTP/1.1" 200 5666 "-" "Mozilla/5.0 (compatible; bingbot/2.0; +http://www.bing.com/bingbot.htm)" "saveaslave.com"
217.69.133.216 - - [04/Apr/2015:14:15:03 -0700] "GET /robots.txt HTTP/1.1" 404 89 "-" "Mozilla/5.0 (compatible; Linux x86_64; Mail.RU_Bot/2.0; +http://go.mail.ru/help/robots)" "saveaslave.com"
217.69.133.67 - - [04/Apr/2015:14:15:04 -0700] "GET /site/?page_id=6 HTTP/1.1" 404 89 "-" "Mozilla/5.0 (compatible; Linux x86_64; Mail.RU_Bot/2.0; +http://go.mail.ru/help/robots)" "saveaslave.com"
66.249.69.96 - - [04/Apr/2015:14:18:47 -0700] "GET /images/countrymap/italy.jpg HTTP/1.1" 200 26139 "-" "Googlebot-Image/1.0" "www.saveaslave.com"
54.243.48.119 - - [04/Apr/2015:14:32:53 -0700] "GET /wallis-and-futuna.html HTTP/1.1" 200 5541 "-" "Mozilla/5.0 (Windows; U; Windows NT 5.1; en-US; rv:1.9.2.8) Gecko/20100722 Firefox/3.6.8" "saveaslave.com"
207.46.13.43 - - [04/Apr/2015:14:52:37 -0700] "GET /qatar.html HTTP/1.1" 200 5446 "-" "Mozilla/5.0 (compatible; bingbot/2.0; +http://www.bing.com/bingbot.htm)" "saveaslave.com"
180.76.5.76 - - [04/Apr/2015:14:55:24 -0700] "GET /countries/dominican-republic.html HTTP/1.1" 404 89 "-" "Mozilla/5.0 (compatible; Baiduspider/2.0; +http://www.baidu.com/search/spider.html)" "www.saveaslave.com"
89.212.69.163 - - [04/Apr/2015:15:03:12 -0700] "GET /images/countrymap/bosnia-herzegovina.jpg HTTP/1.1" 200 42063 "-" "Mozilla/5.0 (Windows NT 6.1; rv:36.0) Gecko/20100101 Firefox/36.0" "www.saveaslave.com"
188.165.15.97 - - [04/Apr/2015:15:04:23 -0700] "GET /www.ituc-csi.org HTTP/1.1" 404 89 "-" "Mozilla/5.0 (compatible; AhrefsBot/5.0; +http://ahrefs.com/robot/)" "www.saveaslave.com"
65.36.241.48 - - [04/Apr/2015:15:08:31 -0700] "HEAD / HTTP/1.1" 200 0 "-" "InternetSeer.com" "www.saveaslave.com"
188.165.15.97 - - [04/Apr/2015:15:10:28 -0700] "GET /countries/panama.html HTTP/1.1" 404 89 "-" "Mozilla/5.0 (compatible; AhrefsBot/5.0; +http://ahrefs.com/robot/)" "www.saveaslave.com"
24.54.98.79 - - [04/Apr/2015:15:13:40 -0700] "GET /images/countrymap/northern-mariana-islands.gif HTTP/1.1" 200 6440 "https://www.google.com/" "Mozilla/5.0 (Windows NT 6.1; WOW64) AppleWebKit/537.36 (KHTML, like Gecko) Chrome/41.0.2272.101 Safari/537.36" "www.saveaslave.com"
66.249.69.104 - - [04/Apr/2015:15:16:45 -0700] "GET /images/countrymap/taiwan.gif HTTP/1.1" 200 18145 "-" "Googlebot-Image/1.0" "www.saveaslave.com"
76.109.131.93 - - [04/Apr/2015:15:27:26 -0700] "GET /images/countrymap/bosnia-herzegovina.jpg HTTP/1.1" 200 42063 "https://www.google.com/" "Mozilla/5.0 (Macintosh; Intel Mac OS X 10_7_4) AppleWebKit/537.36 (KHTML, like Gecko) Chrome/41.0.2272.118 Safari/537.36" "www.saveaslave.com"
188.165.15.97 - - [04/Apr/2015:15:36:24 -0700] "GET /countries/gambia.html HTTP/1.1" 404 89 "-" "Mozilla/5.0 (compatible; AhrefsBot/5.0; +http://ahrefs.com/robot/)" "www.saveaslave.com"
54.243.48.119 - - [04/Apr/2015:15:46:14 -0700] "GET / HTTP/1.1" 200 24277 "-" "Mozilla/5.0 (Windows; U; Windows NT 5.1; en-US; rv:1.9.2.8) Gecko/20100722 Firefox/3.6.8" "saveaslave.com"
23.23.242.178 - - [04/Apr/2015:15:48:41 -0700] "GET /taiwan.html HTTP/1.1" 200 5677 "-" "Mozilla/5.0 (Windows; U; Windows NT 5.1; en-US; rv:1.9.2.8) Gecko/20100722 Firefox/3.6.8" "saveaslave.com"
189.101.169.125 - - [04/Apr/2015:15:56:47 -0700] "GET / HTTP/1.1" 200 24277 "http://best-seo-solution.com/try.php?u=http://saveaslave.com" "Mozilla/5.0 (Windows NT 6.1; WOW64) AppleWebKit/537.36 (KHTML, like Gecko) Chrome/32.0.1700.107 Safari/537.36" "saveaslave.com"
189.101.169.125 - - [04/Apr/2015:15:56:49 -0700] "GET /images/slaves.jpg HTTP/1.1" 200 64009 "http://saveaslave.com/" "Mozilla/5.0 (Windows NT 6.1; WOW64) AppleWebKit/537.36 (KHTML, like Gecko) Chrome/32.0.1700.107 Safari/537.36" "saveaslave.com"
66.249.69.96 - - [04/Apr/2015:16:08:51 -0700] "GET /images/countrymap/finland.jpg HTTP/1.1" 200 98024 "-" "Googlebot-Image/1.0" "www.saveaslave.com"
180.76.6.43 - - [04/Apr/2015:16:20:47 -0700] "GET /countries/germany.html HTTP/1.1" 404 89 "-" "Mozilla/5.0 (compatible; Baiduspider/2.0; +http://www.baidu.com/search/spider.html)" "www.saveaslave.com"
188.165.15.97 - - [04/Apr/2015:16:29:31 -0700] "GET /burkina-faso.html HTTP/1.1" 200 5702 "-" "Mozilla/5.0 (compatible; AhrefsBot/5.0; +http://ahrefs.com/robot/)" "saveaslave.com"
65.36.241.48 - - [04/Apr/2015:16:30:28 -0700] "HEAD / HTTP/1.1" 200 0 "-" "InternetSeer.com" "www.saveaslave.com"
66.249.69.112 - - [04/Apr/2015:16:38:28 -0700] "GET /images/countrymap/united-kingdom.gif HTTP/1.1" 200 22502 "-" "Googlebot-Image/1.0" "www.saveaslave.com"
65.36.241.48 - - [04/Apr/2015:16:47:53 -0700] "HEAD /?tpl=references&Itemid=3 HTTP/1.1" 200 0 "-" "InternetSeer.com" "www.saveaslave.com"
180.76.6.232 - - [04/Apr/2015:16:55:21 -0700] "GET /images/countrymap/ HTTP/1.1" 200 66919 "-" "Mozilla/5.0 (compatible; Baiduspider/2.0; +http://www.baidu.com/search/spider.html)" "www.saveaslave.com"
188.165.15.97 - - [04/Apr/2015:16:58:14 -0700] "GET /countries/liberia.html HTTP/1.1" 404 89 "-" "Mozilla/5.0 (compatible; AhrefsBot/5.0; +http://ahrefs.com/robot/)" "www.saveaslave.com"
54.243.48.119 - - [04/Apr/2015:17:04:28 -0700] "GET /spain.html HTTP/1.1" 200 5665 "-" "Mozilla/5.0 (Windows; U; Windows NT 5.1; en-US; rv:1.9.2.8) Gecko/20100722 Firefox/3.6.8" "saveaslave.com"
66.249.69.112 - - [04/Apr/2015:17:09:42 -0700] "GET /images/countrymap/yemen.jpg HTTP/1.1" 200 35285 "-" "Googlebot-Image/1.0" "www.saveaslave.com"
180.76.5.81 - - [04/Apr/2015:17:25:20 -0700] "GET /countries/senegal.html HTTP/1.1" 404 89 "-" "Mozilla/5.0 (compatible; Baiduspider/2.0; +http://www.baidu.com/search/spider.html)" "www.saveaslave.com"
188.165.15.97 - - [04/Apr/2015:17:31:10 -0700] "GET /estonia.html HTTP/1.1" 200 5684 "-" "Mozilla/5.0 (compatible; AhrefsBot/5.0; +http://ahrefs.com/robot/)" "saveaslave.com"
72.168.98.115 - - [04/Apr/2015:17:52:03 -0700] "GET / HTTP/1.1" 200 24277 "-" "Mozilla/5.0 (Windows NT 6.1; WOW64; Trident/7.0; rv:11.0) like Gecko" "www.saveaslave.com"
72.168.98.115 - - [04/Apr/2015:17:52:04 -0700] "GET /css/style.css HTTP/1.1" 200 1400 "http://www.saveaslave.com/" "Mozilla/5.0 (Windows NT 6.1; WOW64; Trident/7.0; rv:11.0) like Gecko" "www.saveaslave.com"
72.168.98.115 - - [04/Apr/2015:17:52:04 -0700] "GET /jquery-1.3.2.min.js HTTP/1.1" 200 57254 "http://www.saveaslave.com/" "Mozilla/5.0 (Windows NT 6.1; WOW64; Trident/7.0; rv:11.0) like Gecko" "www.saveaslave.com"
72.168.98.115 - - [04/Apr/2015:17:52:04 -0700] "GET /images/slaves.jpg HTTP/1.1" 200 64009 "http://www.saveaslave.com/" "Mozilla/5.0 (Windows NT 6.1; WOW64; Trident/7.0; rv:11.0) like Gecko" "www.saveaslave.com"
72.168.98.115 - - [04/Apr/2015:17:52:04 -0700] "GET /images/sas_button.gif HTTP/1.1" 200 2628 "http://www.saveaslave.com/" "Mozilla/5.0 (Windows NT 6.1; WOW64; Trident/7.0; rv:11.0) like Gecko" "www.saveaslave.com"
198.27.81.205 - - [04/Apr/2015:18:12:00 -0700] "GET / HTTP/1.1" 200 24277 "-" "-" "www.saveaslave.com"
36.70.85.162 - - [04/Apr/2015:18:26:14 -0700] "GET /images/countrymap/south-sudan-flag.gif HTTP/1.1" 200 15053 "https://www.google.co.id/" "Mozilla/5.0 (Windows NT 6.1) AppleWebKit/537.36 (KHTML, like Gecko) Chrome/41.0.2272.118 Safari/537.36" "www.saveaslave.com"
76.124.68.105 - - [04/Apr/2015:18:37:06 -0700] "GET /images/countrymap/bosnia-herzegovina.jpg HTTP/1.1" 200 42063 "-" "Mozilla/5.0 (Macintosh; Intel Mac OS X 10_7_5) AppleWebKit/537.78.2 (KHTML, like Gecko) Version/6.1.6 Safari/537.78.2" "www.saveaslave.com"
217.69.133.219 - - [04/Apr/2015:18:37:30 -0700] "GET /robots.txt HTTP/1.1" 404 89 "-" "Mozilla/5.0 (compatible; Linux x86_64; Mail.RU_Bot/2.0; +http://go.mail.ru/help/robots)" "www.saveaslave.com"
217.69.133.84 - - [04/Apr/2015:18:37:31 -0700] "GET /mali.html HTTP/1.1" 200 5656 "-" "Mozilla/5.0 (compatible; Linux x86_64; Mail.RU_Bot/2.0; +http://go.mail.ru/help/robots)" "www.saveaslave.com"
157.55.39.245 - - [04/Apr/2015:18:47:29 -0700] "GET /robots.txt HTTP/1.1" 404 89 "-" "Mozilla/5.0 (compatible; bingbot/2.0; +http://www.bing.com/bingbot.htm)" "www.saveaslave.com"
74.192.89.65 - - [04/Apr/2015:18:51:42 -0700] "GET /css/style.css HTTP/1.1" 200 1400 "-" "Mozilla/5.0 (X11; Linux x86_64; rv:36.0) Gecko/20100101 Firefox/36.0" "saveaslave.com"
74.192.89.65 - - [04/Apr/2015:18:51:42 -0700] "GET /jquery.marquee.js HTTP/1.1" 200 6560 "-" "Mozilla/5.0 (X11; Linux x86_64; rv:36.0) Gecko/20100101 Firefox/36.0" "saveaslave.com"
74.192.89.65 - - [04/Apr/2015:18:51:42 -0700] "GET /images/slaves.jpg HTTP/1.1" 200 64009 "-" "Mozilla/5.0 (X11; Linux x86_64; rv:36.0) Gecko/20100101 Firefox/36.0" "saveaslave.com"
74.192.89.65 - - [04/Apr/2015:18:51:43 -0700] "GET /images/header.png HTTP/1.1" 200 84658 "-" "Mozilla/5.0 (X11; Linux x86_64; rv:36.0) Gecko/20100101 Firefox/36.0" "saveaslave.com"
76.127.128.209 - - [04/Apr/2015:19:00:45 -0700] "GET /images/countrymap/bosnia-herzegovina.jpg HTTP/1.1" 200 42063 "https://www.google.com/" "Mozilla/5.0 (iPhone; CPU iPhone OS 7_1_2 like Mac OS X) AppleWebKit/537.51.2 (KHTML, like Gecko) Version/7.0 Mobile/11D257 Safari/9537.53" "www.saveaslave.com"
136.243.24.27 - - [04/Apr/2015:19:01:37 -0700] "GET /burma.html HTTP/1.1" 200 5639 "-" "Mozilla/5.0 (compatible; MJ12bot/v1.4.5; http://www.majestic12.co.uk/bot.php?+)" "www.saveaslave.com"
136.243.24.27 - - [04/Apr/2015:19:01:56 -0700] "GET /iran.html HTTP/1.1" 200 5657 "-" "Mozilla/5.0 (compatible; MJ12bot/v1.4.5; http://www.majestic12.co.uk/bot.php?+)" "www.saveaslave.com"
136.243.24.27 - - [04/Apr/2015:19:02:12 -0700] "GET /italy.html HTTP/1.1" 200 5666 "-" "Mozilla/5.0 (compatible; MJ12bot/v1.4.5; http://www.majestic12.co.uk/bot.php?+)" "www.saveaslave.com"
136.243.24.27 - - [04/Apr/2015:19:02:21 -0700] "GET /jamaica.html HTTP/1.1" 200 5684 "-" "Mozilla/5.0 (compatible; MJ12bot/v1.4.5; http://www.majestic12.co.uk/bot.php?+)" "www.saveaslave.com"
136.243.24.27 - - [04/Apr/2015:19:02:27 -0700] "GET /kazakhstan.html HTTP/1.1" 200 5711 "-" "Mozilla/5.0 (compatible; MJ12bot/v1.4.5; http://www.majestic12.co.uk/bot.php?+)" "www.saveaslave.com"
136.243.24.27 - - [04/Apr/2015:19:02:38 -0700] "GET /micronesia.html HTTP/1.1" 200 5710 "-" "Mozilla/5.0 (compatible; MJ12bot/v1.4.5; http://www.majestic12.co.uk/bot.php?+)" "www.saveaslave.com"
180.76.5.168 - - [04/Apr/2015:19:06:03 -0700] "GET /countries/macau.html HTTP/1.1" 404 89 "-" "Mozilla/5.0 (compatible; Baiduspider/2.0; +http://www.baidu.com/search/spider.html)" "www.saveaslave.com"
65.36.241.48 - - [04/Apr/2015:19:22:19 -0700] "HEAD / HTTP/1.1" 200 0 "-" "InternetSeer.com" "www.saveaslave.com"
52.5.153.125 - - [04/Apr/2015:19:22:24 -0700] "GET / HTTP/1.1" 200 24277 "-" "Mozilla/5.0 (Windows; U; Windows NT 5.1; en-US; rv:1.7.8) Gecko/20050511 Firefox/1.0.4" "www.saveaslave.com"
52.5.153.125 - - [04/Apr/2015:19:22:25 -0700] "GET / HTTP/1.1" 200 24277 "-" "Mozilla/5.0 (Windows; U; Windows NT 5.1; en-US; rv:1.7.8) Gecko/20050511 Firefox/1.0.4" "www.saveaslave.com"
52.5.153.125 - - [04/Apr/2015:19:22:25 -0700] "GET / HTTP/1.1" 200 24277 "-" "Mozilla/5.0 (Windows; U; Windows NT 5.1; en-US; rv:1.7.8) Gecko/20050511 Firefox/1.0.4" "www.saveaslave.com"
52.5.153.125 - - [04/Apr/2015:19:22:25 -0700] "GET / HTTP/1.1" 200 24277 "-" "Mozilla/5.0 (Windows; U; Windows NT 5.1; en-US; rv:1.7.8) Gecko/20050511 Firefox/1.0.4" "www.saveaslave.com"
23.23.242.178 - - [04/Apr/2015:19:36:03 -0700] "GET /sweden.html HTTP/1.1" 200 5677 "-" "Mozilla/5.0 (Windows; U; Windows NT 5.1; en-US; rv:1.9.2.8) Gecko/20100722 Firefox/3.6.8" "saveaslave.com"
188.165.15.97 - - [04/Apr/2015:19:38:35 -0700] "GET /countries/resources.html HTTP/1.1" 404 89 "-" "Mozilla/5.0 (compatible; AhrefsBot/5.0; +http://ahrefs.com/robot/)" "www.saveaslave.com"
8.18.46.73 - - [04/Apr/2015:19:41:19 -0700] "GET /whoweare.html HTTP/1.1" 200 11993 "-" "HubPages V0.2.2 (http://hubpages.com/help/crawlingpolicy)" "saveaslave.com"
157.55.39.245 - - [04/Apr/2015:19:47:19 -0700] "GET /azkaban.html HTTP/1.1" 200 12664 "-" "Mozilla/5.0 (compatible; bingbot/2.0; +http://www.bing.com/bingbot.htm)" "www.saveaslave.com"
72.168.96.123 - - [04/Apr/2015:20:25:54 -0700] "GET /images/header.png HTTP/1.1" 200 84658 "http://www.saveaslave.com/" "Mozilla/5.0 (Windows NT 6.1; WOW64; Trident/7.0; rv:11.0) like Gecko" "www.saveaslave.com"
72.168.96.123 - - [04/Apr/2015:20:25:54 -0700] "GET /jquery.marquee.js HTTP/1.1" 200 6560 "http://www.saveaslave.com/" "Mozilla/5.0 (Windows NT 6.1; WOW64; Trident/7.0; rv:11.0) like Gecko" "www.saveaslave.com"
72.168.96.123 - - [04/Apr/2015:20:25:54 -0700] "GET /images/slaves.jpg HTTP/1.1" 200 64009 "http://www.saveaslave.com/" "Mozilla/5.0 (Windows NT 6.1; WOW64; Trident/7.0; rv:11.0) like Gecko" "www.saveaslave.com"
72.168.96.123 - - [04/Apr/2015:20:25:55 -0700] "GET /images/sas_button.gif HTTP/1.1" 200 2628 "http://www.saveaslave.com/" "Mozilla/5.0 (Windows NT 6.1; WOW64; Trident/7.0; rv:11.0) like Gecko" "www.saveaslave.com"
157.55.39.245 - - [04/Apr/2015:20:31:13 -0700] "GET /cameroon.html HTTP/1.1" 200 5666 "-" "Mozilla/5.0 (compatible; bingbot/2.0; +http://www.bing.com/bingbot.htm)" "saveaslave.com"
65.36.241.48 - - [04/Apr/2015:20:34:10 -0700] "HEAD / HTTP/1.1" 200 0 "-" "InternetSeer.com" "www.saveaslave.com"
188.165.15.97 - - [04/Apr/2015:20:34:37 -0700] "GET /jordan.html HTTP/1.1" 200 5675 "-" "Mozilla/5.0 (compatible; AhrefsBot/5.0; +http://ahrefs.com/robot/)" "www.saveaslave.com"
207.46.13.41 - - [04/Apr/2015:20:35:27 -0700] "GET /malta.html HTTP/1.1" 200 5665 "-" "Mozilla/5.0 (compatible; bingbot/2.0; +http://www.bing.com/bingbot.htm)" "saveaslave.com"
188.165.15.97 - - [04/Apr/2015:20:37:57 -0700] "GET /gabon.html HTTP/1.1" 200 5666 "-" "Mozilla/5.0 (compatible; AhrefsBot/5.0; +http://ahrefs.com/robot/)" "saveaslave.com"
188.165.15.97 - - [04/Apr/2015:20:46:17 -0700] "GET /countries/malta.html HTTP/1.1" 404 89 "-" "Mozilla/5.0 (compatible; AhrefsBot/5.0; +http://ahrefs.com/robot/)" "www.saveaslave.com"
157.55.39.245 - - [04/Apr/2015:20:49:09 -0700] "GET /switzerland HTTP/1.1" 200 5722 "-" "Mozilla/5.0 (compatible; bingbot/2.0; +http://www.bing.com/bingbot.htm)" "www.saveaslave.com"
207.46.13.43 - - [04/Apr/2015:20:49:10 -0700] "GET /palau.html HTTP/1.1" 200 5446 "-" "Mozilla/5.0 (compatible; bingbot/2.0; +http://www.bing.com/bingbot.htm)" "saveaslave.com"
54.243.48.119 - - [04/Apr/2015:20:51:50 -0700] "GET /turkey.html HTTP/1.1" 200 5677 "-" "Mozilla/5.0 (Windows; U; Windows NT 5.1; en-US; rv:1.9.2.8) Gecko/20100722 Firefox/3.6.8" "saveaslave.com"
188.165.15.97 - - [04/Apr/2015:20:52:10 -0700] "GET /malawi.html HTTP/1.1" 200 5674 "-" "Mozilla/5.0 (compatible; AhrefsBot/5.0; +http://ahrefs.com/robot/)" "saveaslave.com"
157.55.39.245 - - [04/Apr/2015:21:01:34 -0700] "GET /cyprus.html HTTP/1.1" 200 5651 "-" "Mozilla/5.0 (compatible; bingbot/2.0; +http://www.bing.com/bingbot.htm)" "saveaslave.com"
66.249.69.96 - - [04/Apr/2015:21:07:47 -0700] "GET /images/header.png HTTP/1.1" 200 84658 "-" "Googlebot-Image/1.0" "www.saveaslave.com"
188.165.15.97 - - [04/Apr/2015:21:17:10 -0700] "GET / HTTP/1.1" 200 24277 "-" "Mozilla/5.0 (compatible; AhrefsBot/5.0; +http://ahrefs.com/robot/)" "www.saveaslave.com"
54.80.101.68 - - [04/Apr/2015:21:33:53 -0700] "GET /robots.txt HTTP/1.1" 404 89 "-" "Mozilla/5.0 (compatible; linkdexbot/2.0; +http://www.linkdex.com/bots/)" "www.saveaslave.com"
54.80.101.68 - - [04/Apr/2015:21:33:53 -0700] "GET /azkaban2.html HTTP/1.1" 200 24999 "-" "Mozilla/5.0 (compatible; linkdexbot/2.0; +http://www.linkdex.com/bots/)" "www.saveaslave.com"
207.46.13.41 - - [04/Apr/2015:21:38:27 -0700] "GET /ethiopia.html HTTP/1.1" 200 5695 "-" "Mozilla/5.0 (compatible; bingbot/2.0; +http://www.bing.com/bingbot.htm)" "saveaslave.com"
65.36.241.48 - - [04/Apr/2015:21:40:18 -0700] "HEAD / HTTP/1.1" 200 0 "-" "InternetSeer.com" "www.saveaslave.com"
217.69.133.215 - - [04/Apr/2015:21:40:20 -0700] "GET /robots.txt HTTP/1.1" 404 89 "-" "Mozilla/5.0 (compatible; Linux x86_64; Mail.RU_Bot/2.0; +http://go.mail.ru/help/robots)" "www.saveaslave.com"
217.69.133.84 - - [04/Apr/2015:21:40:21 -0700] "GET /malaysia.html HTTP/1.1" 200 5692 "-" "Mozilla/5.0 (compatible; Linux x86_64; Mail.RU_Bot/2.0; +http://go.mail.ru/help/robots)" "www.saveaslave.com"
217.69.133.215 - - [04/Apr/2015:21:40:23 -0700] "GET /tonga.html HTTP/1.1" 200 5668 "-" "Mozilla/5.0 (compatible; Linux x86_64; Mail.RU_Bot/2.0; +http://go.mail.ru/help/robots)" "www.saveaslave.com"
54.158.49.26 - - [04/Apr/2015:21:48:14 -0700] "GET /robots.txt HTTP/1.1" 404 89 "-" "Mozilla/5.0 (compatible; linkdexbot/2.0; +http://www.linkdex.com/bots/)" "saveaslave.com"
54.158.49.26 - - [04/Apr/2015:21:48:14 -0700] "GET /?Itemid=1 HTTP/1.1" 200 24277 "-" "Mozilla/5.0 (compatible; linkdexbot/2.0; +http://www.linkdex.com/bots/)" "saveaslave.com"
180.76.5.196 - - [04/Apr/2015:21:51:17 -0700] "GET /sitemap.xml HTTP/1.1" 404 89 "-" "Mozilla/5.0 (compatible; Baiduspider/2.0; +http://www.baidu.com/search/spider.html)" "www.saveaslave.com"
54.158.49.26 - - [04/Apr/2015:21:56:31 -0700] "GET /drudge.html HTTP/1.1" 200 6233 "-" "Mozilla/5.0 (compatible; linkdexbot/2.0; +http://www.linkdex.com/bots/)" "saveaslave.com"
123.125.68.157 - - [04/Apr/2015:21:56:41 -0700] "GET /images/countrymap/tunisia.jpg HTTP/1.1" 200 47451 "-" "Mozilla/5.0 (Windows NT 5.1; rv:6.0.2) Gecko/20100101 Firefox/6.0.2" "www.saveaslave.com"
123.125.68.162 - - [04/Apr/2015:22:01:19 -0700] "GET /images/countrymap/tunisia-flag.jpg HTTP/1.1" 200 2034 "-" "Mozilla/5.0 (Windows NT 5.1; rv:6.0.2) Gecko/20100101 Firefox/6.0.2" "www.saveaslave.com"
23.23.242.178 - - [04/Apr/2015:22:07:38 -0700] "GET /switzerland.html HTTP/1.1" 200 5722 "-" "Mozilla/5.0 (Windows; U; Windows NT 5.1; en-US; rv:1.9.2.8) Gecko/20100722 Firefox/3.6.8" "saveaslave.com"
66.102.7.216 - - [04/Apr/2015:22:11:26 -0700] "GET /images/countrymap/bosnia-herzegovina.jpg HTTP/1.1" 200 42063 "-" "Mozilla/5.0 (Windows NT 5.1; rv:11.0) Gecko Firefox/11.0 (via ggpht.com GoogleImageProxy)" "www.saveaslave.com"
54.80.101.68 - - [04/Apr/2015:22:18:29 -0700] "GET /robots.txt HTTP/1.1" 404 89 "-" "Mozilla/5.0 (compatible; linkdexbot/2.0; +http://www.linkdex.com/bots/)" "saveaslave.com"
54.80.101.68 - - [04/Apr/2015:22:18:29 -0700] "GET / HTTP/1.1" 200 24277 "-" "Mozilla/5.0 (compatible; linkdexbot/2.0; +http://www.linkdex.com/bots/)" "saveaslave.com"
54.80.101.68 - - [04/Apr/2015:22:18:29 -0700] "GET /robots.txt HTTP/1.1" 404 89 "-" "Mozilla/5.0 (compatible; linkdexbot/2.0; +http://www.linkdex.com/bots/)" "www.saveaslave.com"
188.165.15.97 - - [04/Apr/2015:22:19:12 -0700] "GET /guinea-bissau.html HTTP/1.1" 200 5952 "-" "Mozilla/5.0 (compatible; AhrefsBot/5.0; +http://ahrefs.com/robot/)" "www.saveaslave.com"
203.133.170.169 - - [04/Apr/2015:22:21:46 -0700] "GET /robots.txt HTTP/1.1" 404 89 "-" "Mozilla/5.0 (compatible; MSIE or Firefox mutant; not on Windows server;) Daumoa/4.0" "saveaslave.com"
203.133.170.169 - - [04/Apr/2015:22:21:46 -0700] "GET /site/?p=52 HTTP/1.1" 404 89 "-" "Mozilla/5.0 (compatible; MSIE or Firefox mutant; not on Windows server;) Daumoa/4.0" "saveaslave.com"
54.80.101.68 - - [04/Apr/2015:22:29:09 -0700] "GET / HTTP/1.1" 200 24277 "-" "Mozilla/5.0 (compatible; linkdexbot/2.0; +http://www.linkdex.com/bots/)" "www.saveaslave.com"
188.165.15.97 - - [04/Apr/2015:22:33:44 -0700] "GET /nigeria.html HTTP/1.1" 200 5464 "-" "Mozilla/5.0 (compatible; AhrefsBot/5.0; +http://ahrefs.com/robot/)" "www.saveaslave.com"
54.80.101.68 - - [04/Apr/2015:22:38:35 -0700] "GET /index.html HTTP/1.1" 200 24655 "-" "Mozilla/5.0 (compatible; linkdexbot/2.0; +http://www.linkdex.com/bots/)" "saveaslave.com"
66.249.69.104 - - [04/Apr/2015:23:07:01 -0700] "GET /images/Malta_region.gif HTTP/1.1" 404 89 "-" "Googlebot-Image/1.0" "www.saveaslave.com"
66.249.69.112 - - [04/Apr/2015:23:07:06 -0700] "GET /images/Malta_flag.gif HTTP/1.1" 404 89 "-" "Googlebot-Image/1.0" "www.saveaslave.com"
188.165.15.97 - - [04/Apr/2015:23:09:51 -0700] "GET /colombia.html HTTP/1.1" 200 5676 "-" "Mozilla/5.0 (compatible; AhrefsBot/5.0; +http://ahrefs.com/robot/)" "saveaslave.com"
66.249.69.104 - - [04/Apr/2015:23:16:41 -0700] "GET /robots.txt HTTP/1.1" 404 89 "-" "Mozilla/5.0 (compatible; Googlebot/2.1; +http://www.google.com/bot.html)" "www.saveaslave.com"
180.76.5.27 - - [04/Apr/2015:23:19:26 -0700] "GET /afghanistan.html HTTP/1.1" 200 5683 "-" "Mozilla/5.0 (compatible; Baiduspider/2.0; +http://www.baidu.com/search/spider.html)" "www.saveaslave.com"
23.23.242.178 - - [04/Apr/2015:23:23:25 -0700] "GET /tunisia.html HTTP/1.1" 200 5686 "-" "Mozilla/5.0 (Windows; U; Windows NT 5.1; en-US; rv:1.9.2.8) Gecko/20100722 Firefox/3.6.8" "saveaslave.com"
188.165.15.97 - - [04/Apr/2015:23:25:46 -0700] "GET /countries/taiwan.html HTTP/1.1" 404 89 "-" "Mozilla/5.0 (compatible; AhrefsBot/5.0; +http://ahrefs.com/robot/)" "www.saveaslave.com"
54.92.172.208 - - [04/Apr/2015:23:26:12 -0700] "GET / HTTP/1.1" 200 24277 "-" "Mozilla/5.0 (compatible; linkdexbot/2.0; +http://www.linkdex.com/bots/)" "saveaslave.com"
123.125.71.85 - - [04/Apr/2015:23:37:23 -0700] "GET /images/header.png HTTP/1.1" 200 84658 "-" "Baiduspider-image+(+http://www.baidu.com/search/spider.htm)" "saveaslave.com"
65.36.241.48 - - [05/Apr/2015:00:01:52 -0700] "HEAD /?tpl=references&Itemid=3 HTTP/1.1" 200 0 "-" "InternetSeer.com" "www.saveaslave.com"
65.36.241.48 - - [05/Apr/2015:00:01:53 -0700] "HEAD /?tpl=references&Itemid=3 HTTP/1.1" 200 0 "-" "InternetSeer.com" "www.saveaslave.com"
180.76.5.193 - - [05/Apr/2015:00:22:22 -0700] "GET /countries/swaziland.html HTTP/1.1" 404 89 "-" "Mozilla/5.0 (compatible; Baiduspider/2.0; +http://www.baidu.com/search/spider.html)" "www.saveaslave.com"
207.46.13.41 - - [05/Apr/2015:00:33:18 -0700] "GET /cambodia.html HTTP/1.1" 200 5666 "-" "Mozilla/5.0 (compatible; bingbot/2.0; +http://www.bing.com/bingbot.htm)" "saveaslave.com"
23.23.242.178 - - [05/Apr/2015:00:39:12 -0700] "GET /oman.html HTTP/1.1" 200 5437 "-" "Mozilla/5.0 (Windows; U; Windows NT 5.1; en-US; rv:1.9.2.8) Gecko/20100722 Firefox/3.6.8" "saveaslave.com"
105.112.10.7 - - [05/Apr/2015:00:52:53 -0700] "GET /images/countrymap/solomon-islands.gif HTTP/1.1" 200 122217 "http://uk.search.yahoo.com/search?p=where+is+solomon+islands&fr=ipad&pcarrier=Airtel&pmcc=621&pmnc=20" "Mozilla/5.0 (iPad; CPU OS 7_1_1 like Mac OS X) AppleWebKit/537.51.2 (KHTML, like Gecko) Version/7.0 Mobile/11D201 Safari/9537.53" "www.saveaslave.com"
207.46.13.43 - - [05/Apr/2015:01:17:19 -0700] "GET /maldives.html HTTP/1.1" 200 5692 "-" "Mozilla/5.0 (compatible; bingbot/2.0; +http://www.bing.com/bingbot.htm)" "saveaslave.com"
207.46.13.41 - - [05/Apr/2015:01:30:37 -0700] "GET /georgia HTTP/1.1" 200 5684 "-" "Mozilla/5.0 (compatible; bingbot/2.0; +http://www.bing.com/bingbot.htm)" "www.saveaslave.com"
188.165.15.97 - - [05/Apr/2015:01:41:46 -0700] "GET /chad.html HTTP/1.1" 200 5641 "-" "Mozilla/5.0 (compatible; AhrefsBot/5.0; +http://ahrefs.com/robot/)" "www.saveaslave.com"
207.46.13.25 - - [05/Apr/2015:02:30:37 -0700] "GET /azerbaijan.html HTTP/1.1" 200 5617 "-" "Mozilla/5.0 (compatible; bingbot/2.0; +http://www.bing.com/bingbot.htm)" "saveaslave.com"
180.76.6.144 - - [05/Apr/2015:02:39:59 -0700] "GET /countries/turkey.html HTTP/1.1" 404 89 "-" "Mozilla/5.0 (compatible; Baiduspider/2.0; +http://www.baidu.com/search/spider.html)" "www.saveaslave.com"
86.177.182.110 - - [05/Apr/2015:02:43:30 -0700] "GET /images/countrymap/bosnia-herzegovina.jpg HTTP/1.1" 200 42063 "https://www.google.co.uk/" "Mozilla/5.0 (Windows NT 6.1; WOW64) AppleWebKit/537.36 (KHTML, like Gecko) Chrome/41.0.2272.118 Safari/537.36" "www.saveaslave.com"
54.243.48.119 - - [05/Apr/2015:02:49:38 -0700] "GET /chile.html HTTP/1.1" 200 5650 "-" "Mozilla/5.0 (Windows; U; Windows NT 5.1; en-US; rv:1.9.2.8) Gecko/20100722 Firefox/3.6.8" "www.saveaslave.com"
180.76.6.140 - - [05/Apr/2015:02:54:59 -0700] "GET /countries/india.html HTTP/1.1" 404 89 "-" "Mozilla/5.0 (compatible; Baiduspider/2.0; +http://www.baidu.com/search/spider.html)" "www.saveaslave.com"
207.46.13.41 - - [05/Apr/2015:03:14:05 -0700] "GET /mali.html HTTP/1.1" 200 5656 "-" "Mozilla/5.0 (compatible; bingbot/2.0; +http://www.bing.com/bingbot.htm)" "saveaslave.com"
65.36.241.48 - - [05/Apr/2015:03:32:35 -0700] "HEAD / HTTP/1.1" 200 0 "-" "InternetSeer.com" "www.saveaslave.com"
86.98.213.71 - - [05/Apr/2015:03:44:09 -0700] "GET /images/countrymap/bosnia-herzegovina.jpg HTTP/1.1" 200 42063 "https://www.google.ae/" "Mozilla/5.0 (Windows NT 6.1; Win64; x64) AppleWebKit/537.36 (KHTML, like Gecko) Chrome/41.0.2272.101 Safari/537.36" "www.saveaslave.com"
66.249.69.96 - - [05/Apr/2015:03:44:58 -0700] "GET /favicon.ico HTTP/1.1" 404 89 "-" "Googlebot-Image/1.0" "www.saveaslave.com"
207.46.13.41 - - [05/Apr/2015:04:04:56 -0700] "GET /libya.html HTTP/1.1" 200 5665 "-" "Mozilla/5.0 (compatible; bingbot/2.0; +http://www.bing.com/bingbot.htm)" "saveaslave.com"
54.243.48.119 - - [05/Apr/2015:04:26:34 -0700] "GET /sao-tome-principe.html HTTP/1.1" 200 5570 "-" "Mozilla/5.0 (Windows; U; Windows NT 5.1; en-US; rv:1.9.2.8) Gecko/20100722 Firefox/3.6.8" "saveaslave.com"
188.165.15.97 - - [05/Apr/2015:04:29:28 -0700] "GET /madagascar.html HTTP/1.1" 200 5710 "-" "Mozilla/5.0 (compatible; AhrefsBot/5.0; +http://ahrefs.com/robot/)" "www.saveaslave.com"
54.243.48.119 - - [05/Apr/2015:04:41:24 -0700] "GET /saint-martin.html HTTP/1.1" 200 5509 "-" "Mozilla/5.0 (Windows; U; Windows NT 5.1; en-US; rv:1.9.2.8) Gecko/20100722 Firefox/3.6.8" "www.saveaslave.com"
207.46.13.25 - - [05/Apr/2015:04:43:15 -0700] "GET /rwanda.html HTTP/1.1" 200 5455 "-" "Mozilla/5.0 (compatible; bingbot/2.0; +http://www.bing.com/bingbot.htm)" "saveaslave.com"
188.165.15.97 - - [05/Apr/2015:04:46:34 -0700] "GET /belgium.html HTTP/1.1" 200 5676 "-" "Mozilla/5.0 (compatible; AhrefsBot/5.0; +http://ahrefs.com/robot/)" "www.saveaslave.com"
123.30.175.161 - - [05/Apr/2015:04:53:17 -0700] "GET /robots.txt HTTP/1.1" 404 89 "-" "Mozilla/5.0 (compatible; coccoc/1.0; +http://help.coccoc.com/)" "www.saveaslave.com"
123.30.175.161 - - [05/Apr/2015:04:53:20 -0700] "GET /articles/moder... HTTP/1.1" 404 89 "-" "Mozilla/5.0 (compatible; coccoc/1.0; +http://help.coccoc.com/)" "www.saveaslave.com"
123.30.175.162 - - [05/Apr/2015:04:54:41 -0700] "GET /robots.txt HTTP/1.1" 404 89 "-" "Mozilla/5.0 (compatible; coccoc/1.0; +http://help.coccoc.com/)" "saveaslave.com"
123.30.175.165 - - [05/Apr/2015:04:54:47 -0700] "GET / HTTP/1.1" 200 24277 "-" "Mozilla/5.0 (compatible; coccoc/1.0; +http://help.coccoc.com/)" "saveaslave.com"
72.168.98.119 - - [05/Apr/2015:04:54:58 -0700] "GET /jquery-1.3.2.min.js HTTP/1.1" 200 57254 "http://www.saveaslave.com/" "Mozilla/5.0 (Windows NT 6.1; WOW64; Trident/7.0; rv:11.0) like Gecko" "www.saveaslave.com"
72.168.98.119 - - [05/Apr/2015:04:54:58 -0700] "GET /css/style.css HTTP/1.1" 200 1400 "http://www.saveaslave.com/" "Mozilla/5.0 (Windows NT 6.1; WOW64; Trident/7.0; rv:11.0) like Gecko" "www.saveaslave.com"
72.168.98.119 - - [05/Apr/2015:04:54:58 -0700] "GET /jquery.marquee.js HTTP/1.1" 200 6560 "http://www.saveaslave.com/" "Mozilla/5.0 (Windows NT 6.1; WOW64; Trident/7.0; rv:11.0) like Gecko" "www.saveaslave.com"
72.168.98.119 - - [05/Apr/2015:04:54:58 -0700] "GET /images/slaves.jpg HTTP/1.1" 200 64009 "http://www.saveaslave.com/" "Mozilla/5.0 (Windows NT 6.1; WOW64; Trident/7.0; rv:11.0) like Gecko" "www.saveaslave.com"
72.168.98.119 - - [05/Apr/2015:04:54:58 -0700] "GET /images/sas_button.gif HTTP/1.1" 200 2628 "http://www.saveaslave.com/" "Mozilla/5.0 (Windows NT 6.1; WOW64; Trident/7.0; rv:11.0) like Gecko" "www.saveaslave.com"
123.125.71.112 - - [05/Apr/2015:05:17:02 -0700] "GET /tanzania.html HTTP/1.1" 200 5695 "-" "Mozilla/5.0 (compatible; Baiduspider/2.0; +http://www.baidu.com/search/spider.html)" "www.saveaslave.com"
185.23.124.209 - - [05/Apr/2015:05:28:46 -0700] "GET /images/countrymap/bosnia-herzegovina.jpg HTTP/1.1" 200 42063 "https://www.google.com.sa/" "Mozilla/5.0 (Windows NT 6.1; WOW64) AppleWebKit/537.36 (KHTML, like Gecko) Chrome/41.0.2272.118 Safari/537.36" "www.saveaslave.com"
188.165.15.97 - - [05/Apr/2015:05:35:11 -0700] "GET /argentina.html HTTP/1.1" 200 5636 "-" "Mozilla/5.0 (compatible; AhrefsBot/5.0; +http://ahrefs.com/robot/)" "saveaslave.com"
207.46.13.43 - - [05/Apr/2015:05:48:53 -0700] "GET /jamaica.html HTTP/1.1" 200 5684 "-" "Mozilla/5.0 (compatible; bingbot/2.0; +http://www.bing.com/bingbot.htm)" "saveaslave.com"
123.125.71.83 - - [05/Apr/2015:05:50:22 -0700] "GET /russia.html HTTP/1.1" 200 5455 "-" "Mozilla/5.0 (compatible; Baiduspider/2.0; +http://www.baidu.com/search/spider.html)" "www.saveaslave.com"
