188.165.15.201 - - [04/Oct/2015:23:54:30 -0700] "GET /eritrea.html HTTP/1.1" 200 5684 "-" "Mozilla/5.0 (compatible; AhrefsBot/5.0; +http://ahrefs.com/robot/)" "www.saveaslave.com"
54.243.48.119 - - [05/Oct/2015:00:01:03 -0700] "GET /egypt.html HTTP/1.1" 200 5666 "-" "Mozilla/5.0 (Windows; U; Windows NT 5.1; en-US; rv:1.9.2.8) Gecko/20100722 Firefox/3.6.8" "saveaslave.com"
188.165.15.201 - - [05/Oct/2015:00:10:37 -0700] "GET /djibouti.html HTTP/1.1" 200 5666 "-" "Mozilla/5.0 (compatible; AhrefsBot/5.0; +http://ahrefs.com/robot/)" "www.saveaslave.com"
157.55.39.143 - - [05/Oct/2015:00:23:52 -0700] "GET /robots.txt HTTP/1.1" 404 89 "-" "Mozilla/5.0 (compatible; bingbot/2.0; +http://www.bing.com/bingbot.htm)" "saveaslave.com"
188.165.15.201 - - [05/Oct/2015:00:33:04 -0700] "GET /lithuania.html HTTP/1.1" 200 5701 "-" "Mozilla/5.0 (compatible; AhrefsBot/5.0; +http://ahrefs.com/robot/)" "saveaslave.com"
157.55.39.101 - - [05/Oct/2015:00:35:09 -0700] "GET /index.php HTTP/1.1" 200 46654 "-" "Mozilla/5.0 (compatible; bingbot/2.0; +http://www.bing.com/bingbot.htm)" "www.saveaslave.com"
157.55.39.101 - - [05/Oct/2015:00:35:10 -0700] "GET /el-salvador.html HTTP/1.1" 200 5720 "-" "Mozilla/5.0 (compatible; bingbot/2.0; +http://www.bing.com/bingbot.htm)" "www.saveaslave.com"
157.55.39.101 - - [05/Oct/2015:00:35:10 -0700] "GET /cambodia.html HTTP/1.1" 200 5666 "-" "Mozilla/5.0 (compatible; bingbot/2.0; +http://www.bing.com/bingbot.htm)" "www.saveaslave.com"
157.55.39.101 - - [05/Oct/2015:00:35:10 -0700] "GET /bolivia.html HTTP/1.1" 200 5606 "-" "Mozilla/5.0 (compatible; bingbot/2.0; +http://www.bing.com/bingbot.htm)" "www.saveaslave.com"
157.55.39.101 - - [05/Oct/2015:00:35:10 -0700] "GET /taiwan HTTP/1.1" 200 5677 "-" "Mozilla/5.0 (compatible; bingbot/2.0; +http://www.bing.com/bingbot.htm)" "www.saveaslave.com"
157.55.39.101 - - [05/Oct/2015:00:35:10 -0700] "GET /bhutan.html HTTP/1.1" 200 5651 "-" "Mozilla/5.0 (compatible; bingbot/2.0; +http://www.bing.com/bingbot.htm)" "www.saveaslave.com"
157.55.39.101 - - [05/Oct/2015:00:35:10 -0700] "GET /belize HTTP/1.1" 200 5643 "-" "Mozilla/5.0 (compatible; bingbot/2.0; +http://www.bing.com/bingbot.htm)" "www.saveaslave.com"
157.55.39.101 - - [05/Oct/2015:00:35:10 -0700] "GET /belgium.html HTTP/1.1" 200 5676 "-" "Mozilla/5.0 (compatible; bingbot/2.0; +http://www.bing.com/bingbot.htm)" "www.saveaslave.com"
157.55.39.101 - - [05/Oct/2015:00:35:11 -0700] "GET /addlink.php HTTP/1.1" 200 16511 "-" "Mozilla/5.0 (compatible; bingbot/2.0; +http://www.bing.com/bingbot.htm)" "www.saveaslave.com"
157.55.39.101 - - [05/Oct/2015:00:35:11 -0700] "GET /canada.html HTTP/1.1" 200 5648 "-" "Mozilla/5.0 (compatible; bingbot/2.0; +http://www.bing.com/bingbot.htm)" "www.saveaslave.com"
157.55.39.101 - - [05/Oct/2015:00:35:11 -0700] "GET /senegal HTTP/1.1" 200 5683 "-" "Mozilla/5.0 (compatible; bingbot/2.0; +http://www.bing.com/bingbot.htm)" "www.saveaslave.com"
157.55.39.101 - - [05/Oct/2015:00:35:11 -0700] "GET /slovenia HTTP/1.1" 200 5692 "-" "Mozilla/5.0 (compatible; bingbot/2.0; +http://www.bing.com/bingbot.htm)" "www.saveaslave.com"
207.46.13.160 - - [05/Oct/2015:00:36:28 -0700] "GET /robots.txt HTTP/1.1" 404 89 "-" "Mozilla/5.0 (compatible; bingbot/2.0; +http://www.bing.com/bingbot.htm)" "saveaslave.com"
188.165.15.201 - - [05/Oct/2015:00:48:48 -0700] "GET /brunei.html HTTP/1.1" 200 5649 "-" "Mozilla/5.0 (compatible; AhrefsBot/5.0; +http://ahrefs.com/robot/)" "saveaslave.com"
188.165.15.201 - - [05/Oct/2015:00:55:33 -0700] "GET /venezuela.html HTTP/1.1" 200 5704 "-" "Mozilla/5.0 (compatible; AhrefsBot/5.0; +http://ahrefs.com/robot/)" "www.saveaslave.com"
65.36.241.48 - - [05/Oct/2015:00:58:24 -0700] "HEAD / HTTP/1.1" 200 0 "-" "InternetSeer.com" "www.saveaslave.com"
180.76.15.156 - - [05/Oct/2015:01:04:04 -0700] "GET /countries/svalbard.html HTTP/1.1" 404 89 "-" "Mozilla/5.0 (compatible; Baiduspider/2.0; +http://www.baidu.com/search/spider.html)" "www.saveaslave.com"
66.249.75.41 - - [05/Oct/2015:01:07:52 -0700] "GET /images/countrymap/seychelles-flag.gif HTTP/1.1" 200 21508 "-" "Googlebot-Image/1.0" "www.saveaslave.com"
54.243.48.119 - - [05/Oct/2015:01:16:50 -0700] "GET /bahamas.html HTTP/1.1" 200 5619 "-" "Mozilla/5.0 (Windows; U; Windows NT 5.1; en-US; rv:1.9.2.8) Gecko/20100722 Firefox/3.6.8" "saveaslave.com"
157.55.39.113 - - [05/Oct/2015:01:23:29 -0700] "GET /brunei HTTP/1.1" 200 5649 "-" "Mozilla/5.0 (compatible; bingbot/2.0; +http://www.bing.com/bingbot.htm)" "www.saveaslave.com"
208.115.125.61 - - [05/Oct/2015:01:23:51 -0700] "GET /site/?p=34 HTTP/1.1" 404 89 "http://saveaslave.com/" "Mozilla/5.0 (Windows NT 5.1) AppleWebKit/537.36 (KHTML, like Gecko) Chrome/39.0.2171.95 Safari/537.36 OPR/26.0.1656.60" "saveaslave.com"
208.115.125.61 - - [05/Oct/2015:01:23:52 -0700] "GET / HTTP/1.1" 200 46654 "http://saveaslave.com" "Mozilla/5.0 (Windows NT 5.1) AppleWebKit/537.36 (KHTML, like Gecko) Chrome/39.0.2171.95 Safari/537.36 OPR/26.0.1656.60" "saveaslave.com"
208.115.125.61 - - [05/Oct/2015:01:23:53 -0700] "GET /democratic-republic-of-congo.html HTTP/1.1" 200 5844 "http://saveaslave.com" "Mozilla/5.0 (Windows NT 5.1) AppleWebKit/537.36 (KHTML, like Gecko) Chrome/39.0.2171.95 Safari/537.36 OPR/26.0.1656.60" "saveaslave.com"
180.76.15.140 - - [05/Oct/2015:01:25:55 -0700] "GET /rwanda HTTP/1.1" 200 5674 "-" "Mozilla/5.0 (compatible; Baiduspider/2.0; +http://www.baidu.com/search/spider.html)" "www.saveaslave.com"
65.36.241.48 - - [05/Oct/2015:01:36:18 -0700] "HEAD /?tpl=references&Itemid=3 HTTP/1.1" 200 0 "-" "InternetSeer.com" "www.saveaslave.com"
65.36.241.48 - - [05/Oct/2015:01:36:18 -0700] "HEAD /?tpl=references&Itemid=3 HTTP/1.1" 200 0 "-" "InternetSeer.com" "www.saveaslave.com"
66.249.69.125 - - [05/Oct/2015:01:59:11 -0700] "GET /robots.txt HTTP/1.1" 404 89 "-" "Mozilla/5.0 (compatible; Googlebot/2.1; +http://www.google.com/bot.html)" "saveaslave.com"
66.249.69.5 - - [05/Oct/2015:01:59:11 -0700] "GET /images/countrymap/mexico-flag.gif HTTP/1.1" 200 19050 "-" "Googlebot-Image/1.0" "saveaslave.com"
123.125.71.28 - - [05/Oct/2015:02:01:56 -0700] "GET /wake-island.html HTTP/1.1" 200 5722 "-" "Mozilla/5.0 (compatible; Baiduspider/2.0; +http://www.baidu.com/search/spider.html)" "www.saveaslave.com"
109.111.215.245 - - [05/Oct/2015:02:02:52 -0700] "GET /images/countrymap/solomon-islands.gif HTTP/1.1" 200 122217 "https://www.google.co.uk/" "Mozilla/5.0 (Windows NT 6.3; WOW64) AppleWebKit/537.36 (KHTML, like Gecko) Chrome/45.0.2454.101 Safari/537.36" "www.saveaslave.com"
157.55.39.101 - - [05/Oct/2015:02:04:39 -0700] "GET /robots.txt HTTP/1.1" 404 89 "-" "Mozilla/5.0 (compatible; bingbot/2.0; +http://www.bing.com/bingbot.htm)" "www.saveaslave.com"
94.206.188.224 - - [05/Oct/2015:02:09:53 -0700] "GET /images/countrymap/solomon-islands.gif HTTP/1.1" 200 122217 "-" "Mozilla/5.0 (iPhone; CPU iPhone OS 8_3 like Mac OS X) AppleWebKit/600.1.4 (KHTML, like Gecko) GSA/8.0.57838 Mobile/12F70 Safari/600.1.4" "www.saveaslave.com"
188.165.15.201 - - [05/Oct/2015:02:10:33 -0700] "GET /democratic-republic-of-congo.html HTTP/1.1" 200 5844 "-" "Mozilla/5.0 (compatible; AhrefsBot/5.0; +http://ahrefs.com/robot/)" "www.saveaslave.com"
188.165.15.201 - - [05/Oct/2015:02:12:45 -0700] "GET /azerbaijan.html HTTP/1.1" 200 5617 "-" "Mozilla/5.0 (compatible; AhrefsBot/5.0; +http://ahrefs.com/robot/)" "www.saveaslave.com"
188.165.15.201 - - [05/Oct/2015:02:26:20 -0700] "GET /saint-martin.html HTTP/1.1" 200 5728 "-" "Mozilla/5.0 (compatible; AhrefsBot/5.0; +http://ahrefs.com/robot/)" "www.saveaslave.com"
123.125.71.32 - - [05/Oct/2015:02:35:16 -0700] "GET /burundi.html HTTP/1.1" 200 5657 "-" "Mozilla/5.0 (compatible; Baiduspider/2.0; +http://www.baidu.com/search/spider.html)" "www.saveaslave.com"
65.36.241.48 - - [05/Oct/2015:02:35:31 -0700] "HEAD / HTTP/1.1" 200 0 "-" "InternetSeer.com" "www.saveaslave.com"
188.165.15.201 - - [05/Oct/2015:02:41:30 -0700] "GET /wake-island.html HTTP/1.1" 200 5722 "-" "Mozilla/5.0 (compatible; AhrefsBot/5.0; +http://ahrefs.com/robot/)" "saveaslave.com"
180.76.15.147 - - [05/Oct/2015:02:54:56 -0700] "GET /countries/gabon.html HTTP/1.1" 404 89 "-" "Mozilla/5.0 (compatible; Baiduspider/2.0; +http://www.baidu.com/search/spider.html)" "www.saveaslave.com"
112.210.72.121 - - [05/Oct/2015:02:55:19 -0700] "GET /images/countrymap/hong-kong-flag.gif HTTP/1.1" 200 12596 "https://www.google.com.ph/" "Mozilla/5.0 (Windows NT 6.1) AppleWebKit/537.36 (KHTML, like Gecko) Chrome/45.0.2454.101 Safari/537.36" "www.saveaslave.com"
95.97.72.157 - - [05/Oct/2015:03:14:02 -0700] "GET /images/countrymap/sao-tome-principe.gif HTTP/1.1" 200 11371 "https://www.google.nl/" "Mozilla/5.0 (Macintosh; Intel Mac OS X 10_6_8) AppleWebKit/537.36 (KHTML, like Gecko) Chrome/45.0.2454.101 Safari/537.36" "www.saveaslave.com"
180.76.15.33 - - [05/Oct/2015:03:25:01 -0700] "GET /countries/france.html HTTP/1.1" 404 89 "-" "Mozilla/5.0 (compatible; Baiduspider/2.0; +http://www.baidu.com/search/spider.html)" "www.saveaslave.com"
23.23.242.178 - - [05/Oct/2015:03:25:54 -0700] "GET /georgia.html HTTP/1.1" 200 5684 "-" "Mozilla/5.0 (Windows; U; Windows NT 5.1; en-US; rv:1.9.2.8) Gecko/20100722 Firefox/3.6.8" "www.saveaslave.com"
93.57.243.161 - - [05/Oct/2015:03:25:55 -0700] "GET /images/sas_button.gif HTTP/1.1" 200 2628 "http://dudamobile.saveaslave.com/?url=http%3A%2F%2Fwww.saveaslave.com%2Fgeorgia.html" "Mozilla/5.0 (iPhone; CPU iPhone OS 9_0_2 like Mac OS X) AppleWebKit/601.1.46 (KHTML, like Gecko) Version/9.0 Mobile/13A452 Safari/601.1" "www.saveaslave.com"
93.57.243.161 - - [05/Oct/2015:03:25:55 -0700] "GET /images/countrymap/georgia-flag.jpg HTTP/1.1" 200 3730 "http://dudamobile.saveaslave.com/?url=http%3A%2F%2Fwww.saveaslave.com%2Fgeorgia.html" "Mozilla/5.0 (iPhone; CPU iPhone OS 9_0_2 like Mac OS X) AppleWebKit/601.1.46 (KHTML, like Gecko) Version/9.0 Mobile/13A452 Safari/601.1" "www.saveaslave.com"
93.57.243.161 - - [05/Oct/2015:03:25:55 -0700] "GET /images/countrymap/georgia.gif HTTP/1.1" 200 24222 "http://dudamobile.saveaslave.com/?url=http%3A%2F%2Fwww.saveaslave.com%2Fgeorgia.html" "Mozilla/5.0 (iPhone; CPU iPhone OS 9_0_2 like Mac OS X) AppleWebKit/601.1.46 (KHTML, like Gecko) Version/9.0 Mobile/13A452 Safari/601.1" "www.saveaslave.com"
93.57.243.161 - - [05/Oct/2015:03:25:55 -0700] "GET /images/header.png HTTP/1.1" 200 104524 "http://dudamobile.saveaslave.com/?url=http%3A%2F%2Fwww.saveaslave.com%2Fgeorgia.html" "Mozilla/5.0 (iPhone; CPU iPhone OS 9_0_2 like Mac OS X) AppleWebKit/601.1.46 (KHTML, like Gecko) Version/9.0 Mobile/13A452 Safari/601.1" "www.saveaslave.com"
207.46.13.160 - - [05/Oct/2015:03:35:48 -0700] "GET /robots.txt HTTP/1.1" 404 89 "-" "Mozilla/5.0 (compatible; bingbot/2.0; +http://www.bing.com/bingbot.htm)" "saveaslave.com"
54.243.48.119 - - [05/Oct/2015:03:48:24 -0700] "GET /fiji.html HTTP/1.1" 200 5657 "-" "Mozilla/5.0 (Windows; U; Windows NT 5.1; en-US; rv:1.9.2.8) Gecko/20100722 Firefox/3.6.8" "saveaslave.com"
54.144.30.170 - - [05/Oct/2015:03:55:43 -0700] "GET / HTTP/1.1" 200 46654 "-" "Mozilla/5.0 (compatible; linkdexbot/2.0; +http://www.linkdex.com/bots/)" "saveaslave.com"
65.36.241.48 - - [05/Oct/2015:03:56:15 -0700] "HEAD / HTTP/1.1" 200 0 "-" "InternetSeer.com" "www.saveaslave.com"
180.76.15.31 - - [05/Oct/2015:03:59:51 -0700] "GET /vanuatu.html HTTP/1.1" 200 5686 "-" "Mozilla/5.0 (compatible; Baiduspider/2.0; +http://www.baidu.com/search/spider.html)" "www.saveaslave.com"
188.165.15.201 - - [05/Oct/2015:04:08:58 -0700] "GET /canada.html HTTP/1.1" 200 5648 "-" "Mozilla/5.0 (compatible; AhrefsBot/5.0; +http://ahrefs.com/robot/)" "www.saveaslave.com"
188.165.15.201 - - [05/Oct/2015:04:09:37 -0700] "GET /tunisia.html HTTP/1.1" 200 5686 "-" "Mozilla/5.0 (compatible; AhrefsBot/5.0; +http://ahrefs.com/robot/)" "saveaslave.com"
157.55.39.144 - - [05/Oct/2015:04:14:08 -0700] "GET /palmyra-atoll.html HTTP/1.1" 200 5737 "-" "Mozilla/5.0 (compatible; bingbot/2.0; +http://www.bing.com/bingbot.htm)" "saveaslave.com"
180.76.15.136 - - [05/Oct/2015:04:14:51 -0700] "GET /us-virgin-islands.html HTTP/1.1" 200 5799 "-" "Mozilla/5.0 (compatible; Baiduspider/2.0; +http://www.baidu.com/search/spider.html)" "www.saveaslave.com"
220.237.123.246 - - [05/Oct/2015:04:20:00 -0700] "GET /images/countrymap/seychelles.gif HTTP/1.1" 200 9768 "https://www.google.com.au/" "Mozilla/5.0 (Macintosh; Intel Mac OS X 10_11_0) AppleWebKit/537.36 (KHTML, like Gecko) Chrome/45.0.2454.101 Safari/537.36" "www.saveaslave.com"
81.149.60.75 - - [05/Oct/2015:04:26:16 -0700] "GET /images/countrymap/solomon-islands.gif HTTP/1.1" 200 122217 "https://www.google.co.uk/" "Mozilla/5.0 (Windows NT 5.1) AppleWebKit/537.36 (KHTML, like Gecko) Chrome/41.0.2272.118 Safari/537.36" "www.saveaslave.com"
204.236.70.137 - - [05/Oct/2015:04:48:40 -0700] "GET /images/countrymap/solomon-islands.gif HTTP/1.1" 200 122217 "https://www.google.com/" "Mozilla/5.0 (iPhone; CPU iPhone OS 9_0 like Mac OS X) AppleWebKit/601.1.46 (KHTML, like Gecko) Version/9.0 Mobile/13A344 Safari/601.1" "www.saveaslave.com"
207.46.13.160 - - [05/Oct/2015:04:56:44 -0700] "GET /robots.txt HTTP/1.1" 404 89 "-" "Mozilla/5.0 (compatible; bingbot/2.0; +http://www.bing.com/bingbot.htm)" "www.saveaslave.com"
66.249.69.125 - - [05/Oct/2015:05:02:01 -0700] "GET /sitemap.xml HTTP/1.1" 404 89 "-" "Mozilla/5.0 (compatible; Googlebot/2.1; +http://www.google.com/bot.html)" "saveaslave.com"
23.23.242.178 - - [05/Oct/2015:05:04:11 -0700] "GET /azkaban.html HTTP/1.1" 200 12664 "-" "Mozilla/5.0 (Windows; U; Windows NT 5.1; en-US; rv:1.9.2.8) Gecko/20100722 Firefox/3.6.8" "saveaslave.com"
207.46.13.160 - - [05/Oct/2015:05:05:54 -0700] "GET /robots.txt HTTP/1.1" 404 89 "-" "Mozilla/5.0 (compatible; bingbot/2.0; +http://www.bing.com/bingbot.htm)" "saveaslave.com"
66.249.69.73 - - [05/Oct/2015:05:08:24 -0700] "GET /robots.txt HTTP/1.1" 404 89 "-" "Mozilla/5.0 (compatible; Googlebot/2.1; +http://www.google.com/bot.html)" "www.saveaslave.com"
66.249.69.65 - - [05/Oct/2015:05:08:35 -0700] "GET /images/countrymap/romania.gif HTTP/1.1" 200 21949 "-" "Googlebot-Image/1.0" "www.saveaslave.com"
123.231.123.94 - - [05/Oct/2015:05:08:55 -0700] "GET /images/countrymap/solomon-islands.gif HTTP/1.1" 200 122217 "https://www.google.lk/" "Mozilla/5.0 (Windows NT 6.2; WOW64) AppleWebKit/537.36 (KHTML, like Gecko) Chrome/45.0.2454.101 Safari/537.36" "www.saveaslave.com"
65.36.241.48 - - [05/Oct/2015:05:17:31 -0700] "HEAD / HTTP/1.1" 200 0 "-" "InternetSeer.com" "www.saveaslave.com"
142.4.214.124 - - [05/Oct/2015:05:24:07 -0700] "GET /robots.txt HTTP/1.1" 404 89 "-" "Mozilla/5.0 (compatible; MJ12bot/v1.4.5; http://www.majestic12.co.uk/bot.php?+)" "saveaslave.com"
142.4.214.124 - - [05/Oct/2015:05:24:13 -0700] "GET /albania HTTP/1.1" 200 6139 "-" "Mozilla/5.0 (compatible; MJ12bot/v1.4.5; http://www.majestic12.co.uk/bot.php?+)" "saveaslave.com"
142.4.214.124 - - [05/Oct/2015:05:24:15 -0700] "GET /cameroon HTTP/1.1" 200 5666 "-" "Mozilla/5.0 (compatible; MJ12bot/v1.4.5; http://www.majestic12.co.uk/bot.php?+)" "saveaslave.com"
142.4.214.124 - - [05/Oct/2015:05:24:52 -0700] "GET /canada HTTP/1.1" 200 5648 "-" "Mozilla/5.0 (compatible; MJ12bot/v1.4.5; http://www.majestic12.co.uk/bot.php?+)" "saveaslave.com"
142.4.214.124 - - [05/Oct/2015:05:25:27 -0700] "GET /china HTTP/1.1" 200 5666 "-" "Mozilla/5.0 (compatible; MJ12bot/v1.4.5; http://www.majestic12.co.uk/bot.php?+)" "saveaslave.com"
142.4.214.124 - - [05/Oct/2015:05:25:32 -0700] "GET /colombia HTTP/1.1" 200 5676 "-" "Mozilla/5.0 (compatible; MJ12bot/v1.4.5; http://www.majestic12.co.uk/bot.php?+)" "saveaslave.com"
142.4.214.124 - - [05/Oct/2015:05:25:33 -0700] "GET /croatia HTTP/1.1" 200 5659 "-" "Mozilla/5.0 (compatible; MJ12bot/v1.4.5; http://www.majestic12.co.uk/bot.php?+)" "saveaslave.com"
142.4.214.124 - - [05/Oct/2015:05:25:36 -0700] "GET /cuba HTTP/1.1" 200 5628 "-" "Mozilla/5.0 (compatible; MJ12bot/v1.4.5; http://www.majestic12.co.uk/bot.php?+)" "saveaslave.com"
142.4.214.124 - - [05/Oct/2015:05:25:38 -0700] "GET /cyprus HTTP/1.1" 200 5651 "-" "Mozilla/5.0 (compatible; MJ12bot/v1.4.5; http://www.majestic12.co.uk/bot.php?+)" "saveaslave.com"
142.4.214.124 - - [05/Oct/2015:05:25:51 -0700] "GET /djibouti HTTP/1.1" 200 5666 "-" "Mozilla/5.0 (compatible; MJ12bot/v1.4.5; http://www.majestic12.co.uk/bot.php?+)" "saveaslave.com"
142.4.214.124 - - [05/Oct/2015:05:25:54 -0700] "GET /ethiopia HTTP/1.1" 200 5695 "-" "Mozilla/5.0 (compatible; MJ12bot/v1.4.5; http://www.majestic12.co.uk/bot.php?+)" "saveaslave.com"
142.4.214.124 - - [05/Oct/2015:05:26:01 -0700] "GET /fiji HTTP/1.1" 200 5657 "-" "Mozilla/5.0 (compatible; MJ12bot/v1.4.5; http://www.majestic12.co.uk/bot.php?+)" "saveaslave.com"
142.4.214.124 - - [05/Oct/2015:05:26:23 -0700] "GET /ghana HTTP/1.1" 200 5666 "-" "Mozilla/5.0 (compatible; MJ12bot/v1.4.5; http://www.majestic12.co.uk/bot.php?+)" "saveaslave.com"
142.4.214.124 - - [05/Oct/2015:05:26:31 -0700] "GET /greece HTTP/1.1" 200 5675 "-" "Mozilla/5.0 (compatible; MJ12bot/v1.4.5; http://www.majestic12.co.uk/bot.php?+)" "saveaslave.com"
142.4.214.124 - - [05/Oct/2015:05:26:46 -0700] "GET /greenland HTTP/1.1" 200 5702 "-" "Mozilla/5.0 (compatible; MJ12bot/v1.4.5; http://www.majestic12.co.uk/bot.php?+)" "saveaslave.com"
142.4.214.124 - - [05/Oct/2015:05:27:16 -0700] "GET /guam HTTP/1.1" 200 5657 "-" "Mozilla/5.0 (compatible; MJ12bot/v1.4.5; http://www.majestic12.co.uk/bot.php?+)" "saveaslave.com"
142.4.214.124 - - [05/Oct/2015:05:27:24 -0700] "GET /guinea HTTP/1.1" 200 5675 "-" "Mozilla/5.0 (compatible; MJ12bot/v1.4.5; http://www.majestic12.co.uk/bot.php?+)" "saveaslave.com"
142.4.214.124 - - [05/Oct/2015:05:27:28 -0700] "GET /honduras HTTP/1.1" 200 5693 "-" "Mozilla/5.0 (compatible; MJ12bot/v1.4.5; http://www.majestic12.co.uk/bot.php?+)" "saveaslave.com"
142.4.214.124 - - [05/Oct/2015:05:27:33 -0700] "GET /iceland HTTP/1.1" 200 5684 "-" "Mozilla/5.0 (compatible; MJ12bot/v1.4.5; http://www.majestic12.co.uk/bot.php?+)" "saveaslave.com"
142.4.214.124 - - [05/Oct/2015:05:27:47 -0700] "GET /india HTTP/1.1" 200 6040 "-" "Mozilla/5.0 (compatible; MJ12bot/v1.4.5; http://www.majestic12.co.uk/bot.php?+)" "saveaslave.com"
142.4.214.124 - - [05/Oct/2015:05:28:06 -0700] "GET /ireland HTTP/1.1" 200 5684 "-" "Mozilla/5.0 (compatible; MJ12bot/v1.4.5; http://www.majestic12.co.uk/bot.php?+)" "saveaslave.com"
142.4.214.124 - - [05/Oct/2015:05:28:16 -0700] "GET /italy HTTP/1.1" 200 5666 "-" "Mozilla/5.0 (compatible; MJ12bot/v1.4.5; http://www.majestic12.co.uk/bot.php?+)" "saveaslave.com"
142.4.214.124 - - [05/Oct/2015:05:28:30 -0700] "GET /japan HTTP/1.1" 200 5666 "-" "Mozilla/5.0 (compatible; MJ12bot/v1.4.5; http://www.majestic12.co.uk/bot.php?+)" "saveaslave.com"
142.4.214.124 - - [05/Oct/2015:05:28:37 -0700] "GET /jordan HTTP/1.1" 200 5675 "-" "Mozilla/5.0 (compatible; MJ12bot/v1.4.5; http://www.majestic12.co.uk/bot.php?+)" "saveaslave.com"
66.249.75.41 - - [05/Oct/2015:05:28:49 -0700] "GET /images/countrymap/papua-new-guinea-flag.gif HTTP/1.1" 200 4377 "-" "Googlebot-Image/1.0" "www.saveaslave.com"
142.4.214.124 - - [05/Oct/2015:05:28:49 -0700] "GET /kazakhstan HTTP/1.1" 200 5711 "-" "Mozilla/5.0 (compatible; MJ12bot/v1.4.5; http://www.majestic12.co.uk/bot.php?+)" "saveaslave.com"
66.249.75.57 - - [05/Oct/2015:05:29:11 -0700] "GET /images/countrymap/papua-new-guinea.gif HTTP/1.1" 200 29833 "-" "Googlebot-Image/1.0" "www.saveaslave.com"
142.4.214.124 - - [05/Oct/2015:05:29:32 -0700] "GET /libya HTTP/1.1" 200 5665 "-" "Mozilla/5.0 (compatible; MJ12bot/v1.4.5; http://www.majestic12.co.uk/bot.php?+)" "saveaslave.com"
142.4.214.124 - - [05/Oct/2015:05:29:42 -0700] "GET /lithuania HTTP/1.1" 200 5701 "-" "Mozilla/5.0 (compatible; MJ12bot/v1.4.5; http://www.majestic12.co.uk/bot.php?+)" "saveaslave.com"
142.4.214.124 - - [05/Oct/2015:05:30:01 -0700] "GET /macedonia HTTP/1.1" 200 5701 "-" "Mozilla/5.0 (compatible; MJ12bot/v1.4.5; http://www.majestic12.co.uk/bot.php?+)" "saveaslave.com"
180.76.15.32 - - [05/Oct/2015:05:30:23 -0700] "GET /countries/china.html HTTP/1.1" 404 89 "-" "Mozilla/5.0 (compatible; Baiduspider/2.0; +http://www.baidu.com/search/spider.html)" "www.saveaslave.com"
142.4.214.124 - - [05/Oct/2015:05:30:35 -0700] "GET /malaysia HTTP/1.1" 200 5692 "-" "Mozilla/5.0 (compatible; MJ12bot/v1.4.5; http://www.majestic12.co.uk/bot.php?+)" "saveaslave.com"
142.4.214.124 - - [05/Oct/2015:05:31:07 -0700] "GET /mexico HTTP/1.1" 200 6067 "-" "Mozilla/5.0 (compatible; MJ12bot/v1.4.5; http://www.majestic12.co.uk/bot.php?+)" "saveaslave.com"
142.4.214.124 - - [05/Oct/2015:05:31:09 -0700] "GET /micronesia HTTP/1.1" 200 5710 "-" "Mozilla/5.0 (compatible; MJ12bot/v1.4.5; http://www.majestic12.co.uk/bot.php?+)" "saveaslave.com"
142.4.214.124 - - [05/Oct/2015:05:31:30 -0700] "GET /moldova HTTP/1.1" 200 5683 "-" "Mozilla/5.0 (compatible; MJ12bot/v1.4.5; http://www.majestic12.co.uk/bot.php?+)" "saveaslave.com"
142.4.214.124 - - [05/Oct/2015:05:32:15 -0700] "GET /mozambique HTTP/1.1" 200 5710 "-" "Mozilla/5.0 (compatible; MJ12bot/v1.4.5; http://www.majestic12.co.uk/bot.php?+)" "saveaslave.com"
142.4.214.124 - - [05/Oct/2015:05:32:23 -0700] "GET /netherlands HTTP/1.1" 200 5719 "-" "Mozilla/5.0 (compatible; MJ12bot/v1.4.5; http://www.majestic12.co.uk/bot.php?+)" "saveaslave.com"
142.4.214.124 - - [05/Oct/2015:05:32:36 -0700] "GET /niue HTTP/1.1" 200 5656 "-" "Mozilla/5.0 (compatible; MJ12bot/v1.4.5; http://www.majestic12.co.uk/bot.php?+)" "saveaslave.com"
142.4.214.124 - - [05/Oct/2015:05:32:39 -0700] "GET /pakistan HTTP/1.1" 200 5856 "-" "Mozilla/5.0 (compatible; MJ12bot/v1.4.5; http://www.majestic12.co.uk/bot.php?+)" "saveaslave.com"
142.4.214.124 - - [05/Oct/2015:05:33:13 -0700] "GET /senegal HTTP/1.1" 200 5683 "-" "Mozilla/5.0 (compatible; MJ12bot/v1.4.5; http://www.majestic12.co.uk/bot.php?+)" "saveaslave.com"
142.4.214.124 - - [05/Oct/2015:05:33:37 -0700] "GET /serbia HTTP/1.1" 200 5674 "-" "Mozilla/5.0 (compatible; MJ12bot/v1.4.5; http://www.majestic12.co.uk/bot.php?+)" "saveaslave.com"
142.4.214.124 - - [05/Oct/2015:05:33:41 -0700] "GET /singapore HTTP/1.1" 200 5701 "-" "Mozilla/5.0 (compatible; MJ12bot/v1.4.5; http://www.majestic12.co.uk/bot.php?+)" "saveaslave.com"
66.249.88.22 - - [05/Oct/2015:05:41:57 -0700] "GET / HTTP/1.1" 200 46654 "-" "Google favicon" "saveaslave.com"
104.131.147.112 - - [05/Oct/2015:05:47:15 -0700] "GET / HTTP/1.1" 200 46654 "-" "Mozilla/5.0 (compatible; Gluten Free Crawler/1.0; +http://glutenfreepleasure.com/)" "www.saveaslave.com"
188.165.15.201 - - [05/Oct/2015:06:24:22 -0700] "GET /disclaimer.html HTTP/1.1" 200 4134 "-" "Mozilla/5.0 (compatible; AhrefsBot/5.0; +http://ahrefs.com/robot/)" "www.saveaslave.com"
188.165.15.201 - - [05/Oct/2015:06:30:06 -0700] "GET /togo.html HTTP/1.1" 200 5659 "-" "Mozilla/5.0 (compatible; AhrefsBot/5.0; +http://ahrefs.com/robot/)" "saveaslave.com"
103.242.189.171 - - [05/Oct/2015:06:36:53 -0700] "GET /images/countrymap/solomon-islands.gif HTTP/1.1" 200 122217 "https://www.google.co.in/" "Mozilla/5.0 (Windows NT 5.1) AppleWebKit/537.36 (KHTML, like Gecko) Chrome/45.0.2454.101 Safari/537.36" "www.saveaslave.com"
65.36.241.48 - - [05/Oct/2015:06:39:11 -0700] "HEAD / HTTP/1.1" 200 0 "-" "InternetSeer.com" "www.saveaslave.com"
188.165.15.201 - - [05/Oct/2015:06:44:39 -0700] "GET /vietnam.html HTTP/1.1" 200 5686 "-" "Mozilla/5.0 (compatible; AhrefsBot/5.0; +http://ahrefs.com/robot/)" "www.saveaslave.com"
68.180.228.181 - - [05/Oct/2015:06:47:50 -0700] "GET /robots.txt HTTP/1.1" 404 89 "-" "Mozilla/5.0 (compatible; Yahoo! Slurp; http://help.yahoo.com/help/us/ysearch/slurp)" "www.saveaslave.com"
188.165.15.201 - - [05/Oct/2015:06:48:04 -0700] "GET /lesotho.html HTTP/1.1" 200 5683 "-" "Mozilla/5.0 (compatible; AhrefsBot/5.0; +http://ahrefs.com/robot/)" "saveaslave.com"
104.236.119.218 - - [05/Oct/2015:07:19:16 -0700] "GET /robots.txt HTTP/1.1" 404 89 "-" "Mozilla/5.0 (Windows NT 6.1; WOW64; rv:28.0) Gecko/20100101 Firefox/28.0" "saveaslave.com"
104.236.119.218 - - [05/Oct/2015:07:19:17 -0700] "GET /democratic-republic-of-congo.html HTTP/1.1" 200 5844 "http://saveaslave.com" "Mozilla/5.0 (Windows NT 6.1; WOW64; rv:28.0) Gecko/20100101 Firefox/28.0" "saveaslave.com"
104.236.119.218 - - [05/Oct/2015:07:19:17 -0700] "GET /azerbaijan.html HTTP/1.1" 200 5617 "http://saveaslave.com" "Mozilla/5.0 (Macintosh; Intel Mac OS X 10_9_2) AppleWebKit/537.75.14 (KHTML, like Gecko) Version/7.0.3 Safari/537.75.14" "saveaslave.com"
104.236.119.218 - - [05/Oct/2015:07:19:17 -0700] "GET /azkaban2.html HTTP/1.1" 200 9017 "http://saveaslave.com" "Mozilla/5.0 (Windows NT 6.1; WOW64; rv:29.0) Gecko/20100101 Firefox/29.0" "saveaslave.com"
104.236.119.218 - - [05/Oct/2015:07:19:17 -0700] "GET /armenia.html HTTP/1.1" 200 5617 "http://saveaslave.com" "Mozilla/5.0 (Windows NT 6.1; WOW64; rv:28.0) Gecko/20100101 Firefox/28.0" "saveaslave.com"
104.236.119.218 - - [05/Oct/2015:07:19:17 -0700] "GET /andorra.html HTTP/1.1" 200 5625 "http://saveaslave.com" "Mozilla/5.0 (Windows NT 6.1; WOW64; rv:21.0) Gecko/20100101 Firefox/21.0" "saveaslave.com"
104.236.119.218 - - [05/Oct/2015:07:19:17 -0700] "GET /algeria.html HTTP/1.1" 200 5626 "http://saveaslave.com" "Mozilla/5.0 (compatible; MSIE 9.0; Windows NT 6.1; WOW64; Trident/5.0)" "saveaslave.com"
104.236.119.218 - - [05/Oct/2015:07:19:18 -0700] "GET /index.php HTTP/1.1" 200 46654 "http://saveaslave.com" "Mozilla/5.0 (Windows NT 6.1; rv:28.0) Gecko/20100101 Firefox/28.0" "saveaslave.com"
65.36.241.48 - - [05/Oct/2015:08:03:28 -0700] "HEAD / HTTP/1.1" 200 0 "-" "InternetSeer.com" "www.saveaslave.com"
188.165.15.201 - - [05/Oct/2015:09:17:35 -0700] "GET /albania.html HTTP/1.1" 200 6139 "-" "Mozilla/5.0 (compatible; AhrefsBot/5.0; +http://ahrefs.com/robot/)" "www.saveaslave.com"
65.36.241.48 - - [05/Oct/2015:09:32:45 -0700] "HEAD / HTTP/1.1" 200 0 "-" "InternetSeer.com" "www.saveaslave.com"
188.165.15.201 - - [05/Oct/2015:09:46:56 -0700] "GET /netherlands-antilles.html HTTP/1.1" 200 5800 "-" "Mozilla/5.0 (compatible; AhrefsBot/5.0; +http://ahrefs.com/robot/)" "saveaslave.com"
67.52.232.163 - - [05/Oct/2015:09:53:50 -0700] "GET /images/countrymap/solomon-islands.gif HTTP/1.1" 206 1 "https://www.google.com/" "Mozilla/5.0 (Windows NT 6.3; WOW64) AppleWebKit/537.36 (KHTML, like Gecko) Chrome/45.0.2454.101 Safari/537.36" "www.saveaslave.com"
86.83.150.123 - - [05/Oct/2015:10:08:11 -0700] "GET /favicon.ico HTTP/1.1" 404 89 "-" "Mozilla/5.0 (Windows NT 6.1; Trident/7.0; rv:11.0) like Gecko" "www.saveaslave.com"
178.128.89.240 - - [05/Oct/2015:10:30:47 -0700] "GET /addlink.php?page=index.html HTTP/1.1" 200 16475 "http://www.saveaslave.com/" "Mozilla/5.0 (Windows NT 10.0; WOW64) AppleWebKit/537.36 (KHTML, like Gecko) Chrome/45.0.2454.101 Safari/537.36" "www.saveaslave.com"
178.128.89.240 - - [05/Oct/2015:10:30:47 -0700] "GET /listlink.php?page=index.html HTTP/1.1" 200 10417 "http://www.saveaslave.com/" "Mozilla/5.0 (Windows NT 10.0; WOW64) AppleWebKit/537.36 (KHTML, like Gecko) Chrome/45.0.2454.101 Safari/537.36" "www.saveaslave.com"
178.128.89.240 - - [05/Oct/2015:10:38:39 -0700] "GET / HTTP/1.1" 200 46654 "http://testwebpageonline.com/Marina-Draft/country.php" "Mozilla/5.0 (Windows NT 10.0; WOW64) AppleWebKit/537.36 (KHTML, like Gecko) Chrome/45.0.2454.101 Safari/537.36" "www.saveaslave.com"
178.128.89.240 - - [05/Oct/2015:10:38:41 -0700] "GET /addlink.php?page=index.html HTTP/1.1" 200 16475 "http://www.saveaslave.com/" "Mozilla/5.0 (Windows NT 10.0; WOW64) AppleWebKit/537.36 (KHTML, like Gecko) Chrome/45.0.2454.101 Safari/537.36" "www.saveaslave.com"
178.128.89.240 - - [05/Oct/2015:10:38:42 -0700] "GET /favicon.ico HTTP/1.1" 404 89 "http://www.saveaslave.com/" "Mozilla/5.0 (Windows NT 10.0; WOW64) AppleWebKit/537.36 (KHTML, like Gecko) Chrome/45.0.2454.101 Safari/537.36" "www.saveaslave.com"
107.145.19.192 - - [05/Oct/2015:10:49:08 -0700] "GET /images/countrymap/solomon-islands.gif HTTP/1.1" 200 122217 "https://www.google.com/" "Mozilla/5.0 (iPhone; CPU iPhone OS 8_4 like Mac OS X) AppleWebKit/600.1.4 (KHTML, like Gecko) Version/8.0 Mobile/12H143 Safari/600.1.4" "www.saveaslave.com"
65.36.241.48 - - [05/Oct/2015:10:54:02 -0700] "HEAD / HTTP/1.1" 200 0 "-" "InternetSeer.com" "www.saveaslave.com"
178.128.89.240 - - [05/Oct/2015:11:01:24 -0700] "GET / HTTP/1.1" 200 46654 "http://testwebpageonline.com/managecountry.php?name=Haiti&lang=en" "Mozilla/5.0 (Windows NT 10.0; WOW64) AppleWebKit/537.36 (KHTML, like Gecko) Chrome/45.0.2454.101 Safari/537.36" "www.saveaslave.com"
178.128.89.240 - - [05/Oct/2015:11:01:24 -0700] "GET /css/style.css HTTP/1.1" 200 1400 "http://www.saveaslave.com/" "Mozilla/5.0 (Windows NT 10.0; WOW64) AppleWebKit/537.36 (KHTML, like Gecko) Chrome/45.0.2454.101 Safari/537.36" "www.saveaslave.com"
178.128.89.240 - - [05/Oct/2015:11:01:24 -0700] "GET /jquery-1.3.2.min.js HTTP/1.1" 200 57254 "http://www.saveaslave.com/" "Mozilla/5.0 (Windows NT 10.0; WOW64) AppleWebKit/537.36 (KHTML, like Gecko) Chrome/45.0.2454.101 Safari/537.36" "www.saveaslave.com"
178.128.89.240 - - [05/Oct/2015:11:01:24 -0700] "GET /images/header.png HTTP/1.1" 200 104524 "http://www.saveaslave.com/" "Mozilla/5.0 (Windows NT 10.0; WOW64) AppleWebKit/537.36 (KHTML, like Gecko) Chrome/45.0.2454.101 Safari/537.36" "www.saveaslave.com"
178.128.89.240 - - [05/Oct/2015:11:01:24 -0700] "GET /images/sas_button.gif HTTP/1.1" 200 2628 "http://www.saveaslave.com/" "Mozilla/5.0 (Windows NT 10.0; WOW64) AppleWebKit/537.36 (KHTML, like Gecko) Chrome/45.0.2454.101 Safari/537.36" "www.saveaslave.com"
178.128.89.240 - - [05/Oct/2015:11:01:24 -0700] "GET /images/slaves.jpg HTTP/1.1" 200 86777 "http://www.saveaslave.com/" "Mozilla/5.0 (Windows NT 10.0; WOW64) AppleWebKit/537.36 (KHTML, like Gecko) Chrome/45.0.2454.101 Safari/537.36" "www.saveaslave.com"
178.128.89.240 - - [05/Oct/2015:11:01:24 -0700] "GET /listlink.php?page=index.html HTTP/1.1" 200 10417 "http://www.saveaslave.com/" "Mozilla/5.0 (Windows NT 10.0; WOW64) AppleWebKit/537.36 (KHTML, like Gecko) Chrome/45.0.2454.101 Safari/537.36" "www.saveaslave.com"
178.128.89.240 - - [05/Oct/2015:11:01:26 -0700] "GET /addlink.php?page=index.html HTTP/1.1" 200 16475 "http://www.saveaslave.com/" "Mozilla/5.0 (Windows NT 10.0; WOW64) AppleWebKit/537.36 (KHTML, like Gecko) Chrome/45.0.2454.101 Safari/537.36" "www.saveaslave.com"
188.165.15.201 - - [05/Oct/2015:11:02:36 -0700] "GET /mongolia.html HTTP/1.1" 200 5692 "-" "Mozilla/5.0 (compatible; AhrefsBot/5.0; +http://ahrefs.com/robot/)" "www.saveaslave.com"
128.112.139.195 - - [05/Oct/2015:11:18:02 -0700] "GET /images/countrymap/burma.gif HTTP/1.1" 200 36285 "http://www.saveaslave.com/burma.html" "Mozilla/5.0 (Macintosh; Intel Mac OS X 10_9_2) AppleWebKit/537.36 (KHTML, like Gecko) Chrome/34.0.1847.131 Safari/537.36" "www.saveaslave.com"
54.243.48.119 - - [05/Oct/2015:11:23:06 -0700] "GET /democratic-republic-of-congo.html HTTP/1.1" 200 5844 "-" "Mozilla/5.0 (Windows; U; Windows NT 5.1; en-US; rv:1.9.2.8) Gecko/20100722 Firefox/3.6.8" "saveaslave.com"
178.128.89.240 - - [05/Oct/2015:11:36:06 -0700] "GET /country.php?name=Albania&lang=en HTTP/1.1" 200 16343 "http://www.saveaslave.com/" "Mozilla/5.0 (Windows NT 10.0; WOW64) AppleWebKit/537.36 (KHTML, like Gecko) Chrome/45.0.2454.101 Safari/537.36" "www.saveaslave.com"
178.128.89.240 - - [05/Oct/2015:11:36:07 -0700] "GET /images/countrymap/albania-flag.jpg HTTP/1.1" 200 2708 "http://www.saveaslave.com/country.php?name=Albania&lang=en" "Mozilla/5.0 (Windows NT 10.0; WOW64) AppleWebKit/537.36 (KHTML, like Gecko) Chrome/45.0.2454.101 Safari/537.36" "www.saveaslave.com"
46.118.117.53 - - [05/Oct/2015:11:46:53 -0700] "GET / HTTP/1.1" 200 46654 "http://life-host.ru/" "Mozilla/4.0 (compatible; MSIE 7.0b; Windows NT 6.0)" "www.saveaslave.com"
5.158.237.0 - - [05/Oct/2015:11:48:05 -0700] "GET /addlink.php HTTP/1.1" 200 16511 "http://saveaslave.com/addlink.php" "Mozilla/5.0 (Windows NT 6.3; WOW64; rv:36.0) Gecko/20100101 Firefox/36.0" "saveaslave.com"
138.51.251.141 - - [05/Oct/2015:11:57:49 -0700] "GET /images/countrymap/solomon-islands.gif HTTP/1.1" 200 122217 "https://www.google.ca/" "Mozilla/5.0 (iPhone; CPU iPhone OS 8_4_1 like Mac OS X) AppleWebKit/600.1.4 (KHTML, like Gecko) Version/8.0 Mobile/12H321 Safari/600.1.4" "www.saveaslave.com"
178.128.89.240 - - [05/Oct/2015:12:12:32 -0700] "GET /favicon.ico HTTP/1.1" 404 89 "http://www.saveaslave.com/managecountry.php" "Mozilla/5.0 (Windows NT 10.0; WOW64) AppleWebKit/537.36 (KHTML, like Gecko) Chrome/45.0.2454.101 Safari/537.36" "www.saveaslave.com"
178.128.89.240 - - [05/Oct/2015:12:13:21 -0700] "POST /managecountry.php HTTP/1.1" 200 19195 "http://www.saveaslave.com/managecountry.php" "Mozilla/5.0 (Windows NT 10.0; WOW64) AppleWebKit/537.36 (KHTML, like Gecko) Chrome/45.0.2454.101 Safari/537.36" "www.saveaslave.com"
178.128.89.240 - - [05/Oct/2015:12:13:38 -0700] "GET /managecountry.php?name=Haiti&lang=en HTTP/1.1" 200 26435 "http://www.saveaslave.com/managecountry.php" "Mozilla/5.0 (Windows NT 10.0; WOW64) AppleWebKit/537.36 (KHTML, like Gecko) Chrome/45.0.2454.101 Safari/537.36" "www.saveaslave.com"
178.128.89.240 - - [05/Oct/2015:12:13:38 -0700] "GET /images/shadow.gif HTTP/1.1" 404 89 "http://www.saveaslave.com/css/managecountry.css" "Mozilla/5.0 (Windows NT 10.0; WOW64) AppleWebKit/537.36 (KHTML, like Gecko) Chrome/45.0.2454.101 Safari/537.36" "www.saveaslave.com"
66.249.75.57 - - [05/Oct/2015:12:22:59 -0700] "GET /images/countrymap/eritrea.gif HTTP/1.1" 200 22947 "-" "Googlebot-Image/1.0" "www.saveaslave.com"
54.243.48.119 - - [05/Oct/2015:12:38:53 -0700] "GET /denmark.html HTTP/1.1" 200 5657 "-" "Mozilla/5.0 (Windows; U; Windows NT 5.1; en-US; rv:1.9.2.8) Gecko/20100722 Firefox/3.6.8" "saveaslave.com"
66.249.75.41 - - [05/Oct/2015:12:42:41 -0700] "GET /images/Congo_flag.gif HTTP/1.1" 404 89 "-" "Googlebot-Image/1.0" "www.saveaslave.com"
54.243.48.119 - - [05/Oct/2015:12:50:51 -0700] "GET /liberia.html HTTP/1.1" 200 5683 "-" "Mozilla/5.0 (Windows; U; Windows NT 5.1; en-US; rv:1.9.2.8) Gecko/20100722 Firefox/3.6.8" "saveaslave.com"
23.23.242.178 - - [05/Oct/2015:12:51:54 -0700] "GET /kenya.html HTTP/1.1" 200 5666 "-" "Mozilla/5.0 (Windows; U; Windows NT 5.1; en-US; rv:1.9.2.8) Gecko/20100722 Firefox/3.6.8" "saveaslave.com"
97.65.133.66 - - [05/Oct/2015:12:57:43 -0700] "GET /images/countrymap/solomon-islands.gif HTTP/1.1" 200 122217 "-" "Mozilla/5.0 (Windows NT 6.1; WOW64; Trident/7.0; rv:11.0) like Gecko" "www.saveaslave.com"
177.95.214.192 - - [05/Oct/2015:13:05:42 -0700] "GET /css/style.css HTTP/1.1" 200 1400 "http://saveaslave.com/" "Mozilla/5.0 (Windows NT 6.1; WOW64) AppleWebKit/537.36 (KHTML, like Gecko) Chrome/36.0.1985.143 Safari/537.36" "saveaslave.com"
177.95.214.192 - - [05/Oct/2015:13:05:42 -0700] "GET /images/sas_button.gif HTTP/1.1" 200 2628 "http://saveaslave.com/" "Mozilla/5.0 (Windows NT 6.1; WOW64) AppleWebKit/537.36 (KHTML, like Gecko) Chrome/36.0.1985.143 Safari/537.36" "saveaslave.com"
177.95.214.192 - - [05/Oct/2015:13:05:42 -0700] "GET /images/header.png HTTP/1.1" 200 104524 "http://saveaslave.com/" "Mozilla/5.0 (Windows NT 6.1; WOW64) AppleWebKit/537.36 (KHTML, like Gecko) Chrome/36.0.1985.143 Safari/537.36" "saveaslave.com"
177.95.214.192 - - [05/Oct/2015:13:05:43 -0700] "GET /images/sas_button.gif HTTP/1.1" 200 2628 "http://saveaslave.com/" "Mozilla/5.0 (Windows NT 6.1; WOW64) AppleWebKit/537.36 (KHTML, like Gecko) Chrome/36.0.1985.143 Safari/537.36" "saveaslave.com"
177.95.214.192 - - [05/Oct/2015:13:05:44 -0700] "GET /addlink.php?page=index.html HTTP/1.1" 200 16511 "http://saveaslave.com/" "Mozilla/5.0 (Windows NT 6.1; WOW64) AppleWebKit/537.36 (KHTML, like Gecko) Chrome/36.0.1985.143 Safari/537.36" "www.saveaslave.com"
177.95.214.192 - - [05/Oct/2015:13:05:45 -0700] "GET /listlink.php?page=index.html HTTP/1.1" 200 10417 "http://saveaslave.com/" "Mozilla/5.0 (Windows NT 6.1; WOW64) AppleWebKit/537.36 (KHTML, like Gecko) Chrome/36.0.1985.143 Safari/537.36" "www.saveaslave.com"
188.165.15.201 - - [05/Oct/2015:13:15:18 -0700] "GET /sweden.html HTTP/1.1" 200 5677 "-" "Mozilla/5.0 (compatible; AhrefsBot/5.0; +http://ahrefs.com/robot/)" "www.saveaslave.com"
157.55.39.98 - - [05/Oct/2015:13:17:00 -0700] "GET /cote-d-ivoire.html HTTP/1.1" 200 5714 "-" "Mozilla/5.0 (compatible; bingbot/2.0; +http://www.bing.com/bingbot.htm)" "saveaslave.com"
188.165.15.201 - - [05/Oct/2015:13:28:22 -0700] "GET /uzbekistan.html HTTP/1.1" 200 5713 "-" "Mozilla/5.0 (compatible; AhrefsBot/5.0; +http://ahrefs.com/robot/)" "www.saveaslave.com"
180.76.15.7 - - [05/Oct/2015:13:42:54 -0700] "GET /images/countrymap/ HTTP/1.1" 200 66769 "-" "Mozilla/5.0 (compatible; Baiduspider/2.0; +http://www.baidu.com/search/spider.html)" "www.saveaslave.com"
72.238.108.242 - - [05/Oct/2015:13:50:00 -0700] "GET /images/countrymap/solomon-islands.gif HTTP/1.1" 200 122217 "https://www.google.com/" "Mozilla/5.0 (Windows NT 10.0; WOW64) AppleWebKit/537.36 (KHTML, like Gecko) Chrome/45.0.2454.101 Safari/537.36" "www.saveaslave.com"
66.249.88.22 - - [05/Oct/2015:14:01:25 -0700] "GET /favicon.ico HTTP/1.1" 404 89 "-" "Google favicon" "saveaslave.com"
46.4.87.105 - - [05/Oct/2015:14:01:40 -0700] "GET /robots.txt HTTP/1.1" 404 89 "-" "Mozilla/5.0 (compatible; MJ12bot/v1.4.5; http://www.majestic12.co.uk/bot.php?+)" "www.saveaslave.com"
46.4.87.105 - - [05/Oct/2015:14:01:44 -0700] "GET / HTTP/1.1" 200 46654 "-" "Mozilla/5.0 (compatible; MJ12bot/v1.4.5; http://www.majestic12.co.uk/bot.php?+)" "www.saveaslave.com"
190.115.186.85 - - [05/Oct/2015:14:06:02 -0700] "GET /favicon.ico HTTP/1.1" 404 89 "http://www.saveaslave.com/" "Mozilla/5.0 (Windows NT 6.3; WOW64) AppleWebKit/537.36 (KHTML, like Gecko) Chrome/45.0.2454.101 Safari/537.36" "www.saveaslave.com"
190.115.186.85 - - [05/Oct/2015:14:06:02 -0700] "GET /country.php?name=Ha%C3%AFti&lang=fr HTTP/1.1" 200 6206 "http://www.saveaslave.com/" "Mozilla/5.0 (Windows NT 6.3; WOW64) AppleWebKit/537.36 (KHTML, like Gecko) Chrome/45.0.2454.101 Safari/537.36" "www.saveaslave.com"
190.115.186.85 - - [05/Oct/2015:14:06:02 -0700] "GET /images/countrymap/haiti-flag.gif HTTP/1.1" 200 9272 "http://www.saveaslave.com/country.php?name=Ha%C3%AFti&lang=fr" "Mozilla/5.0 (Windows NT 6.3; WOW64) AppleWebKit/537.36 (KHTML, like Gecko) Chrome/45.0.2454.101 Safari/537.36" "www.saveaslave.com"
190.115.186.85 - - [05/Oct/2015:14:06:03 -0700] "GET /listlink.php?page=ha%C3%AFti.html&lang=fr HTTP/1.1" 200 4507 "http://www.saveaslave.com/country.php?name=Ha%C3%AFti&lang=fr" "Mozilla/5.0 (Windows NT 6.3; WOW64) AppleWebKit/537.36 (KHTML, like Gecko) Chrome/45.0.2454.101 Safari/537.36" "www.saveaslave.com"
190.115.186.85 - - [05/Oct/2015:14:06:03 -0700] "GET /addlink.php?page=ha%C3%AFti.html&lang=fr HTTP/1.1" 200 16574 "http://www.saveaslave.com/country.php?name=Ha%C3%AFti&lang=fr" "Mozilla/5.0 (Windows NT 6.3; WOW64) AppleWebKit/537.36 (KHTML, like Gecko) Chrome/45.0.2454.101 Safari/537.36" "www.saveaslave.com"
123.125.71.92 - - [05/Oct/2015:14:09:18 -0700] "GET / HTTP/1.1" 200 46654 "-" "Mozilla/5.0 (compatible; Baiduspider/2.0; +http://www.baidu.com/search/spider.html)" "saveaslave.com"
123.125.71.26 - - [05/Oct/2015:14:09:21 -0700] "GET /jquery-1.3.2.min.js HTTP/1.1" 200 57254 "http://saveaslave.com/" "Mozilla/5.0 (compatible; Baiduspider/2.0; +http://www.baidu.com/search/spider.html)" "saveaslave.com"
123.125.71.117 - - [05/Oct/2015:14:09:23 -0700] "GET /jquery.marquee.js HTTP/1.1" 200 6560 "http://saveaslave.com/" "Mozilla/5.0 (compatible; Baiduspider/2.0; +http://www.baidu.com/search/spider.html)" "saveaslave.com"
23.23.242.178 - - [05/Oct/2015:14:09:33 -0700] "GET /barbados.html HTTP/1.1" 200 5664 "-" "Mozilla/5.0 (Windows; U; Windows NT 5.1; en-US; rv:1.9.2.8) Gecko/20100722 Firefox/3.6.8" "saveaslave.com"
69.248.66.224 - - [05/Oct/2015:14:13:27 -0700] "GET /images/countrymap/solomon-islands.gif HTTP/1.1" 200 122217 "https://www.google.com/" "Mozilla/5.0 (iPad; CPU OS 8_4_1 like Mac OS X) AppleWebKit/600.1.4 (KHTML, like Gecko) Version/8.0 Mobile/12H321 Safari/600.1.4" "www.saveaslave.com"
188.165.15.201 - - [05/Oct/2015:14:20:30 -0700] "GET /mexico.html HTTP/1.1" 200 6067 "-" "Mozilla/5.0 (compatible; AhrefsBot/5.0; +http://ahrefs.com/robot/)" "www.saveaslave.com"
157.55.39.98 - - [05/Oct/2015:14:39:10 -0700] "GET /solomon-islands.html HTTP/1.1" 200 5755 "-" "Mozilla/5.0 (compatible; bingbot/2.0; +http://www.bing.com/bingbot.htm)" "www.saveaslave.com"
173.163.70.14 - - [05/Oct/2015:14:58:56 -0700] "GET /images/countrymap/solomon-islands.gif HTTP/1.1" 200 122217 "https://www.google.com/" "Mozilla/5.0 (Macintosh; Intel Mac OS X 10_10_3) AppleWebKit/600.6.3 (KHTML, like Gecko) Version/8.0.6 Safari/600.6.3" "www.saveaslave.com"
188.165.15.201 - - [05/Oct/2015:15:06:37 -0700] "GET /grenada.html HTTP/1.1" 200 5684 "-" "Mozilla/5.0 (compatible; AhrefsBot/5.0; +http://ahrefs.com/robot/)" "www.saveaslave.com"
188.165.15.201 - - [05/Oct/2015:15:32:55 -0700] "GET /azkaban2.html HTTP/1.1" 200 9017 "-" "Mozilla/5.0 (compatible; AhrefsBot/5.0; +http://ahrefs.com/robot/)" "www.saveaslave.com"
183.60.244.49 - - [05/Oct/2015:15:45:38 -0700] "GET / HTTP/1.1" 200 46654 "-" "Mozilla/5.0 (Macintosh; Intel Mac OS X 10_9_4) AppleWebKit/537.36 (KHTML, like Gecko) Chrome/36.0.1985.125 Safari/537.36" "saveaslave.com"
183.60.244.49 - - [05/Oct/2015:15:45:40 -0700] "GET /cgi-mod/header_logo.cgi HTTP/1.1" 404 89 "-" "Mozilla/5.0 (Macintosh; Intel Mac OS X 10_9_4) AppleWebKit/537.36 (KHTML, like Gecko) Chrome/36.0.1985.125 Safari/537.36" "saveaslave.com"
183.60.244.49 - - [05/Oct/2015:15:45:41 -0700] "GET /favicon.ico HTTP/1.1" 404 89 "-" "Mozilla/5.0 (Macintosh; Intel Mac OS X 10_9_4) AppleWebKit/537.36 (KHTML, like Gecko) Chrome/36.0.1985.125 Safari/537.36" "saveaslave.com"
183.60.244.49 - - [05/Oct/2015:15:45:41 -0700] "GET /issmall HTTP/1.1" 404 89 "-" "Mozilla/5.0 (Macintosh; Intel Mac OS X 10_9_4) AppleWebKit/537.36 (KHTML, like Gecko) Chrome/36.0.1985.125 Safari/537.36" "saveaslave.com"
183.60.244.49 - - [05/Oct/2015:15:45:41 -0700] "GET /favicon.ico HTTP/1.1" 404 89 "-" "Mozilla/5.0 (Macintosh; Intel Mac OS X 10_9_4) AppleWebKit/537.36 (KHTML, like Gecko) Chrome/36.0.1985.125 Safari/537.36" "saveaslave.com"
183.60.244.49 - - [05/Oct/2015:15:45:42 -0700] "GET /web-console HTTP/1.1" 404 89 "-" "Mozilla/5.0 (Macintosh; Intel Mac OS X 10_9_4) AppleWebKit/537.36 (KHTML, like Gecko) Chrome/36.0.1985.125 Safari/537.36" "saveaslave.com"
183.60.244.49 - - [05/Oct/2015:15:45:42 -0700] "GET /admin-console HTTP/1.1" 404 89 "-" "Mozilla/5.0 (Macintosh; Intel Mac OS X 10_9_4) AppleWebKit/537.36 (KHTML, like Gecko) Chrome/36.0.1985.125 Safari/537.36" "saveaslave.com"
183.60.244.49 - - [05/Oct/2015:15:45:43 -0700] "GET /manager/status HTTP/1.1" 404 89 "-" "Mozilla/5.0 (Macintosh; Intel Mac OS X 10_9_4) AppleWebKit/537.36 (KHTML, like Gecko) Chrome/36.0.1985.125 Safari/537.36" "saveaslave.com"
183.60.244.49 - - [05/Oct/2015:15:45:43 -0700] "GET /manager/html HTTP/1.1" 404 89 "-" "Mozilla/5.0 (Macintosh; Intel Mac OS X 10_9_4) AppleWebKit/537.36 (KHTML, like Gecko) Chrome/36.0.1985.125 Safari/537.36" "saveaslave.com"
183.60.244.49 - - [05/Oct/2015:15:45:43 -0700] "GET /manager/status HTTP/1.1" 404 89 "-" "Mozilla/5.0 (Macintosh; Intel Mac OS X 10_9_4) AppleWebKit/537.36 (KHTML, like Gecko) Chrome/36.0.1985.125 Safari/537.36" "saveaslave.com"
183.60.244.49 - - [05/Oct/2015:15:45:44 -0700] "GET /?c=4e5e5d7364f443e28fbf0d3ae744a59a HTTP/1.1" 200 46654 "-" "Mozilla/5.0 (Macintosh; Intel Mac OS X 10_9_4) AppleWebKit/537.36 (KHTML, like Gecko) Chrome/36.0.1985.125 Safari/537.36" "saveaslave.com"
183.60.244.49 - - [05/Oct/2015:15:45:45 -0700] "GET /doku.php HTTP/1.1" 200 73 "-" "Mozilla/5.0 (Macintosh; Intel Mac OS X 10_9_4) AppleWebKit/537.36 (KHTML, like Gecko) Chrome/36.0.1985.125 Safari/537.36" "saveaslave.com"
183.60.244.49 - - [05/Oct/2015:15:45:46 -0700] "GET /shop/ HTTP/1.1" 404 89 "-" "Mozilla/5.0 (Macintosh; Intel Mac OS X 10_9_4) AppleWebKit/537.36 (KHTML, like Gecko) Chrome/36.0.1985.125 Safari/537.36" "saveaslave.com"
183.60.244.49 - - [05/Oct/2015:15:45:46 -0700] "GET /mall/ HTTP/1.1" 404 89 "-" "Mozilla/5.0 (Macintosh; Intel Mac OS X 10_9_4) AppleWebKit/537.36 (KHTML, like Gecko) Chrome/36.0.1985.125 Safari/537.36" "saveaslave.com"
183.60.244.49 - - [05/Oct/2015:15:45:46 -0700] "GET /eshop/ HTTP/1.1" 404 89 "-" "Mozilla/5.0 (Macintosh; Intel Mac OS X 10_9_4) AppleWebKit/537.36 (KHTML, like Gecko) Chrome/36.0.1985.125 Safari/537.36" "saveaslave.com"
183.60.244.49 - - [05/Oct/2015:15:45:47 -0700] "GET /shops/ HTTP/1.1" 404 89 "-" "Mozilla/5.0 (Macintosh; Intel Mac OS X 10_9_4) AppleWebKit/537.36 (KHTML, like Gecko) Chrome/36.0.1985.125 Safari/537.36" "saveaslave.com"
183.60.244.49 - - [05/Oct/2015:15:45:48 -0700] "GET /eshop/ HTTP/1.1" 404 89 "-" "Mozilla/5.0 (Macintosh; Intel Mac OS X 10_9_4) AppleWebKit/537.36 (KHTML, like Gecko) Chrome/36.0.1985.125 Safari/537.36" "saveaslave.com"
183.60.244.49 - - [05/Oct/2015:15:45:48 -0700] "GET /shops/ HTTP/1.1" 404 89 "-" "Mozilla/5.0 (Macintosh; Intel Mac OS X 10_9_4) AppleWebKit/537.36 (KHTML, like Gecko) Chrome/36.0.1985.125 Safari/537.36" "saveaslave.com"
183.60.244.49 - - [05/Oct/2015:15:45:48 -0700] "GET /shop/ HTTP/1.1" 404 89 "-" "Mozilla/5.0 (Macintosh; Intel Mac OS X 10_9_4) AppleWebKit/537.36 (KHTML, like Gecko) Chrome/36.0.1985.125 Safari/537.36" "saveaslave.com"
183.60.244.49 - - [05/Oct/2015:15:45:49 -0700] "GET /mall/ HTTP/1.1" 404 89 "-" "Mozilla/5.0 (Macintosh; Intel Mac OS X 10_9_4) AppleWebKit/537.36 (KHTML, like Gecko) Chrome/36.0.1985.125 Safari/537.36" "saveaslave.com"
183.60.244.49 - - [05/Oct/2015:15:45:49 -0700] "GET /shops/ HTTP/1.1" 404 89 "-" "Mozilla/5.0 (Macintosh; Intel Mac OS X 10_9_4) AppleWebKit/537.36 (KHTML, like Gecko) Chrome/36.0.1985.125 Safari/537.36" "saveaslave.com"
183.60.244.49 - - [05/Oct/2015:15:45:50 -0700] "GET /ecshop/ HTTP/1.1" 404 89 "-" "Mozilla/5.0 (Macintosh; Intel Mac OS X 10_9_4) AppleWebKit/537.36 (KHTML, like Gecko) Chrome/36.0.1985.125 Safari/537.36" "saveaslave.com"
183.60.244.49 - - [05/Oct/2015:15:45:50 -0700] "GET /skin/frontend/default/modern/css/styles.css HTTP/1.1" 404 89 "-" "Mozilla/5.0 (Macintosh; Intel Mac OS X 10_9_4) AppleWebKit/537.36 (KHTML, like Gecko) Chrome/36.0.1985.125 Safari/537.36" "saveaslave.com"
183.60.244.49 - - [05/Oct/2015:15:45:50 -0700] "GET /stylesheet.css HTTP/1.1" 404 89 "-" "Mozilla/5.0 (Macintosh; Intel Mac OS X 10_9_4) AppleWebKit/537.36 (KHTML, like Gecko) Chrome/36.0.1985.125 Safari/537.36" "saveaslave.com"
183.60.244.49 - - [05/Oct/2015:15:45:51 -0700] "GET /includes/general.js HTTP/1.1" 404 89 "-" "Mozilla/5.0 (Macintosh; Intel Mac OS X 10_9_4) AppleWebKit/537.36 (KHTML, like Gecko) Chrome/36.0.1985.125 Safari/537.36" "saveaslave.com"
183.60.244.49 - - [05/Oct/2015:15:45:51 -0700] "GET /docs/ HTTP/1.1" 404 89 "-" "Mozilla/5.0 (Macintosh; Intel Mac OS X 10_9_4) AppleWebKit/537.36 (KHTML, like Gecko) Chrome/36.0.1985.125 Safari/537.36" "saveaslave.com"
183.60.244.49 - - [05/Oct/2015:15:45:51 -0700] "GET /inc/Templates/rss.xslt HTTP/1.1" 404 89 "-" "Mozilla/5.0 (Macintosh; Intel Mac OS X 10_9_4) AppleWebKit/537.36 (KHTML, like Gecko) Chrome/36.0.1985.125 Safari/537.36" "saveaslave.com"
183.60.244.49 - - [05/Oct/2015:15:45:52 -0700] "GET /dvbbs/ HTTP/1.1" 404 89 "-" "Mozilla/5.0 (Macintosh; Intel Mac OS X 10_9_4) AppleWebKit/537.36 (KHTML, like Gecko) Chrome/36.0.1985.125 Safari/537.36" "saveaslave.com"
183.60.244.49 - - [05/Oct/2015:15:45:52 -0700] "GET /bbs/ HTTP/1.1" 404 89 "-" "Mozilla/5.0 (Macintosh; Intel Mac OS X 10_9_4) AppleWebKit/537.36 (KHTML, like Gecko) Chrome/36.0.1985.125 Safari/537.36" "saveaslave.com"
183.60.244.49 - - [05/Oct/2015:15:45:52 -0700] "GET /forum/ HTTP/1.1" 404 89 "-" "Mozilla/5.0 (Macintosh; Intel Mac OS X 10_9_4) AppleWebKit/537.36 (KHTML, like Gecko) Chrome/36.0.1985.125 Safari/537.36" "saveaslave.com"
183.60.244.49 - - [05/Oct/2015:15:45:53 -0700] "GET /archiver/ HTTP/1.1" 404 89 "-" "Mozilla/5.0 (Macintosh; Intel Mac OS X 10_9_4) AppleWebKit/537.36 (KHTML, like Gecko) Chrome/36.0.1985.125 Safari/537.36" "saveaslave.com"
183.60.244.49 - - [05/Oct/2015:15:45:53 -0700] "GET /discuz/ HTTP/1.1" 404 89 "-" "Mozilla/5.0 (Macintosh; Intel Mac OS X 10_9_4) AppleWebKit/537.36 (KHTML, like Gecko) Chrome/36.0.1985.125 Safari/537.36" "saveaslave.com"
183.60.244.49 - - [05/Oct/2015:15:45:53 -0700] "GET /bbs/ HTTP/1.1" 404 89 "-" "Mozilla/5.0 (Macintosh; Intel Mac OS X 10_9_4) AppleWebKit/537.36 (KHTML, like Gecko) Chrome/36.0.1985.125 Safari/537.36" "saveaslave.com"
183.60.244.49 - - [05/Oct/2015:15:45:54 -0700] "GET /forum/ HTTP/1.1" 404 89 "-" "Mozilla/5.0 (Macintosh; Intel Mac OS X 10_9_4) AppleWebKit/537.36 (KHTML, like Gecko) Chrome/36.0.1985.125 Safari/537.36" "saveaslave.com"
183.60.244.49 - - [05/Oct/2015:15:45:54 -0700] "GET /bbs/ HTTP/1.1" 404 89 "-" "Mozilla/5.0 (Macintosh; Intel Mac OS X 10_9_4) AppleWebKit/537.36 (KHTML, like Gecko) Chrome/36.0.1985.125 Safari/537.36" "saveaslave.com"
183.60.244.49 - - [05/Oct/2015:15:45:54 -0700] "GET /6kbbs/ HTTP/1.1" 404 89 "-" "Mozilla/5.0 (Macintosh; Intel Mac OS X 10_9_4) AppleWebKit/537.36 (KHTML, like Gecko) Chrome/36.0.1985.125 Safari/537.36" "saveaslave.com"
183.60.244.49 - - [05/Oct/2015:15:45:55 -0700] "GET /forum/ HTTP/1.1" 404 89 "-" "Mozilla/5.0 (Macintosh; Intel Mac OS X 10_9_4) AppleWebKit/537.36 (KHTML, like Gecko) Chrome/36.0.1985.125 Safari/537.36" "saveaslave.com"
183.60.244.49 - - [05/Oct/2015:15:45:55 -0700] "GET /archiver HTTP/1.1" 404 89 "-" "Mozilla/5.0 (Macintosh; Intel Mac OS X 10_9_4) AppleWebKit/537.36 (KHTML, like Gecko) Chrome/36.0.1985.125 Safari/537.36" "saveaslave.com"
183.60.244.49 - - [05/Oct/2015:15:45:55 -0700] "GET /archiver HTTP/1.1" 404 89 "-" "Mozilla/5.0 (Macintosh; Intel Mac OS X 10_9_4) AppleWebKit/537.36 (KHTML, like Gecko) Chrome/36.0.1985.125 Safari/537.36" "saveaslave.com"
183.60.244.49 - - [05/Oct/2015:15:45:56 -0700] "GET /archiver HTTP/1.1" 404 89 "-" "Mozilla/5.0 (Macintosh; Intel Mac OS X 10_9_4) AppleWebKit/537.36 (KHTML, like Gecko) Chrome/36.0.1985.125 Safari/537.36" "saveaslave.com"
