220.181.108.94 - - [06/Nov/2014:15:13:22 -0800] "GET /images/Tokelau_region.gif HTTP/1.1" 404 89 "http://image.baidu.com/i?ct=503316480&z=0&tn=baiduimagedetail" "Baiduspider-image+(+http://www.baidu.com/search/spider.htm)" "www.saveaslave.com"
134.249.49.191 - - [06/Nov/2014:15:14:20 -0800] "GET / HTTP/1.1" 200 23399 "http://pornovkoz.ru/" "Opera/8.00 (Windows NT 5.1; U; en)" "saveaslave.com"
134.249.49.191 - - [06/Nov/2014:15:14:20 -0800] "GET / HTTP/1.1" 200 23399 "http://pornovkoz.ru/" "Opera/8.00 (Windows NT 5.1; U; en)" "saveaslave.com"
72.168.96.126 - - [06/Nov/2014:15:32:29 -0800] "GET / HTTP/1.1" 200 23399 "-" "Mozilla/5.0 (Windows NT 6.1; WOW64; Trident/7.0; rv:11.0) like Gecko" "www.saveaslave.com"
72.168.96.126 - - [06/Nov/2014:15:32:30 -0800] "GET /css/style.css HTTP/1.1" 200 600 "http://www.saveaslave.com/" "Mozilla/5.0 (Windows NT 6.1; WOW64; Trident/7.0; rv:11.0) like Gecko" "www.saveaslave.com"
72.168.96.126 - - [06/Nov/2014:15:32:30 -0800] "GET /images/givebtn.png HTTP/1.1" 200 26179 "http://www.saveaslave.com/" "Mozilla/5.0 (Windows NT 6.1; WOW64; Trident/7.0; rv:11.0) like Gecko" "www.saveaslave.com"
72.168.96.126 - - [06/Nov/2014:15:32:30 -0800] "GET /images/header.png HTTP/1.1" 200 84658 "http://www.saveaslave.com/" "Mozilla/5.0 (Windows NT 6.1; WOW64; Trident/7.0; rv:11.0) like Gecko" "www.saveaslave.com"
72.168.96.126 - - [06/Nov/2014:15:32:30 -0800] "GET /images/slaves.jpg HTTP/1.1" 200 64009 "http://www.saveaslave.com/" "Mozilla/5.0 (Windows NT 6.1; WOW64; Trident/7.0; rv:11.0) like Gecko" "www.saveaslave.com"
207.46.13.105 - - [06/Nov/2014:15:35:41 -0800] "GET /robots.txt HTTP/1.1" 404 89 "-" "Mozilla/5.0 (compatible; bingbot/2.0; +http://www.bing.com/bingbot.htm)" "www.saveaslave.com"
66.249.69.90 - - [06/Nov/2014:15:37:01 -0800] "GET /libya.html HTTP/1.1" 404 89 "-" "Mozilla/5.0 (compatible; Googlebot/2.1; +http://www.google.com/bot.html)" "saveaslave.com"
207.46.13.105 - - [06/Nov/2014:15:38:12 -0800] "GET /images/Slovenia_region.gif HTTP/1.1" 404 89 "-" "Mozilla/5.0 (compatible; bingbot/2.0; +http://www.bing.com/bingbot.htm)" "www.saveaslave.com"
207.46.13.105 - - [06/Nov/2014:15:38:12 -0800] "GET /sitebuilder/images/Nav_Bar_Main-1-inactive-80053.png HTTP/1.1" 404 89 "-" "Mozilla/5.0 (compatible; bingbot/2.0; +http://www.bing.com/bingbot.htm)" "www.saveaslave.com"
157.55.39.84 - - [06/Nov/2014:15:43:58 -0800] "GET /kyrgyzstan HTTP/1.1" 404 89 "-" "Mozilla/5.0 (compatible; bingbot/2.0; +http://www.bing.com/bingbot.htm)" "www.saveaslave.com"
175.44.6.188 - - [06/Nov/2014:15:45:04 -0800] "POST /angola/trackback/ HTTP/1.1" 404 89 "http://www.saveaslave.com/angola" "Mozilla/4.0 (compatible; MSIE 6.0; Windows NT 5.1; SV1; Mozilla/4.0 (compatible; MSIE 6.0; Windows NT 5.1; SV1) ; .NET CLR 2.0.50727 ; .NET CLR 4.0.30319)" "www.saveaslave.com"
72.168.96.126 - - [06/Nov/2014:15:52:13 -0800] "GET / HTTP/1.1" 200 23399 "-" "Mozilla/5.0 (Windows NT 6.1; WOW64; Trident/7.0; rv:11.0) like Gecko" "www.saveaslave.com"
72.168.96.126 - - [06/Nov/2014:15:53:26 -0800] "GET /images/header.png HTTP/1.1" 200 65536 "http://www.saveaslave.com/" "Mozilla/5.0 (Windows NT 6.1; WOW64; Trident/7.0; rv:11.0) like Gecko" "www.saveaslave.com"
72.168.96.126 - - [06/Nov/2014:15:53:26 -0800] "GET /images/givebtn.png HTTP/1.1" 200 26179 "http://www.saveaslave.com/" "Mozilla/5.0 (Windows NT 6.1; WOW64; Trident/7.0; rv:11.0) like Gecko" "www.saveaslave.com"
72.168.96.126 - - [06/Nov/2014:15:53:27 -0800] "GET /images/slaves.jpg HTTP/1.1" 200 64009 "http://www.saveaslave.com/" "Mozilla/5.0 (Windows NT 6.1; WOW64; Trident/7.0; rv:11.0) like Gecko" "www.saveaslave.com"
199.8.24.24 - - [06/Nov/2014:15:54:09 -0800] "GET /images/header.png HTTP/1.1" 200 84658 "http://www.saveaslave.com/" "Mozilla/5.0 (Windows NT 6.3; WOW64) AppleWebKit/537.36 (KHTML, like Gecko) Chrome/38.0.2125.111 Safari/537.36" "www.saveaslave.com"
199.8.24.24 - - [06/Nov/2014:15:54:10 -0800] "GET /favicon.ico HTTP/1.1" 404 89 "-" "Mozilla/5.0 (Windows NT 6.3; WOW64) AppleWebKit/537.36 (KHTML, like Gecko) Chrome/38.0.2125.111 Safari/537.36" "www.saveaslave.com"
157.55.39.84 - - [06/Nov/2014:16:01:38 -0800] "GET /libya HTTP/1.1" 404 89 "-" "Mozilla/5.0 (compatible; bingbot/2.0; +http://www.bing.com/bingbot.htm)" "www.saveaslave.com"
72.168.98.116 - - [06/Nov/2014:16:06:20 -0800] "GET / HTTP/1.1" 200 23399 "-" "Mozilla/5.0 (Windows NT 6.1; WOW64; Trident/7.0; rv:11.0) like Gecko" "www.saveaslave.com"
72.168.98.116 - - [06/Nov/2014:16:52:12 -0800] "GET / HTTP/1.1" 200 23399 "-" "Mozilla/5.0 (Windows NT 6.1; WOW64; Trident/7.0; rv:11.0) like Gecko" "www.saveaslave.com"
72.168.98.116 - - [06/Nov/2014:16:52:12 -0800] "GET /images/givebtn.png HTTP/1.1" 200 26179 "http://www.saveaslave.com/" "Mozilla/5.0 (Windows NT 6.1; WOW64; Trident/7.0; rv:11.0) like Gecko" "www.saveaslave.com"
184.180.24.200 - - [06/Nov/2014:16:55:00 -0800] "GET / HTTP/1.1" 200 23399 "http://www.google.com/url?sa=t&rct=j&q=&esrc=s&source=web&cd=1&ved=0CB8QFjAA&url=http%3A%2F%2Fwww.saveaslave.com%2F&ei=XxhcVNzQFYKWoQTikoDwBg&usg=AFQjCNH8zkJVjhy95RAYyAjpBFVif_cMgQ&bvm=bv.79184187,d.cGU" "Mozilla/5.0 (Macintosh; Intel Mac OS X 10_10) AppleWebKit/600.1.25 (KHTML, like Gecko) Version/8.0 Safari/600.1.25" "www.saveaslave.com"
184.180.24.200 - - [06/Nov/2014:16:55:01 -0800] "GET /images/slaves.jpg HTTP/1.1" 200 64009 "http://www.saveaslave.com/" "Mozilla/5.0 (Macintosh; Intel Mac OS X 10_10) AppleWebKit/600.1.25 (KHTML, like Gecko) Version/8.0 Safari/600.1.25" "www.saveaslave.com"
184.180.24.200 - - [06/Nov/2014:16:55:02 -0800] "GET /favicon.ico HTTP/1.1" 404 89 "http://www.saveaslave.com/" "Mozilla/5.0 (Macintosh; Intel Mac OS X 10_10) AppleWebKit/600.1.25 (KHTML, like Gecko) Version/8.0 Safari/600.1.25" "www.saveaslave.com"
220.181.108.174 - - [06/Nov/2014:17:00:15 -0800] "GET /images/Turkmenistan_flag.gif HTTP/1.1" 404 89 "http://image.baidu.com/i?ct=503316480&z=0&tn=baiduimagedetail" "Baiduspider-image+(+http://www.baidu.com/search/spider.htm)" "www.saveaslave.com"
101.128.138.120 - - [06/Nov/2014:17:00:41 -0800] "GET /Adoption.html HTTP/1.1" 404 89 "-" "Mozilla/4.0 (compatible; MSIE 7.0; Windows NT 6.1; Trident/4.0; SLCC2; .NET CLR 2.0.50727; .NET CLR 3.5.30729; .NET CLR 3.0.30729; Media Center PC 6.0)" "www.saveaslave.com"
208.115.113.86 - - [06/Nov/2014:17:04:09 -0800] "GET /cambodia.html HTTP/1.1" 200 5414 "-" "Mozilla/5.0 (compatible; DotBot/1.1; http://www.opensiteexplorer.org/dotbot, help@moz.com)" "www.saveaslave.com"
208.115.113.86 - - [06/Nov/2014:17:04:10 -0800] "GET /haiti HTTP/1.1" 404 89 "-" "Mozilla/5.0 (compatible; DotBot/1.1; http://www.opensiteexplorer.org/dotbot, help@moz.com)" "www.saveaslave.com"
208.115.113.86 - - [06/Nov/2014:17:04:10 -0800] "GET /poland.html HTTP/1.1" 404 89 "-" "Mozilla/5.0 (compatible; DotBot/1.1; http://www.opensiteexplorer.org/dotbot, help@moz.com)" "saveaslave.com"
208.115.113.86 - - [06/Nov/2014:17:04:11 -0800] "GET /saotomeandprincipe.html HTTP/1.1" 404 89 "-" "Mozilla/5.0 (compatible; DotBot/1.1; http://www.opensiteexplorer.org/dotbot, help@moz.com)" "saveaslave.com"
208.115.113.86 - - [06/Nov/2014:17:04:11 -0800] "GET /venezuela HTTP/1.1" 200 5416 "-" "Mozilla/5.0 (compatible; DotBot/1.1; http://www.opensiteexplorer.org/dotbot, help@moz.com)" "saveaslave.com"
72.168.98.118 - - [06/Nov/2014:17:04:22 -0800] "GET /css/style.css HTTP/1.1" 200 600 "http://www.saveaslave.com/" "Mozilla/5.0 (Windows NT 6.1; WOW64; Trident/7.0; rv:11.0) like Gecko" "www.saveaslave.com"
72.168.98.118 - - [06/Nov/2014:17:04:23 -0800] "GET /images/header.png HTTP/1.1" 200 84658 "http://www.saveaslave.com/" "Mozilla/5.0 (Windows NT 6.1; WOW64; Trident/7.0; rv:11.0) like Gecko" "www.saveaslave.com"
72.168.98.118 - - [06/Nov/2014:17:04:23 -0800] "GET /images/givebtn.png HTTP/1.1" 200 26179 "http://www.saveaslave.com/" "Mozilla/5.0 (Windows NT 6.1; WOW64; Trident/7.0; rv:11.0) like Gecko" "www.saveaslave.com"
72.168.98.118 - - [06/Nov/2014:17:04:23 -0800] "GET /images/slaves.jpg HTTP/1.1" 200 64009 "http://www.saveaslave.com/" "Mozilla/5.0 (Windows NT 6.1; WOW64; Trident/7.0; rv:11.0) like Gecko" "www.saveaslave.com"
72.168.98.118 - - [06/Nov/2014:17:09:40 -0800] "GET /images/slaves.jpg HTTP/1.1" 200 64009 "http://www.saveaslave.com/" "Mozilla/5.0 (Windows NT 6.1; WOW64; Trident/7.0; rv:11.0) like Gecko" "www.saveaslave.com"
208.115.111.70 - - [06/Nov/2014:17:11:14 -0800] "GET /robots.txt HTTP/1.1" 404 89 "-" "Mozilla/5.0 (compatible; DotBot/1.1; http://www.opensiteexplorer.org/dotbot, help@moz.com)" "www.saveaslave.com"
208.115.111.70 - - [06/Nov/2014:17:11:14 -0800] "GET /robots.txt HTTP/1.1" 404 89 "-" "Mozilla/5.0 (compatible; DotBot/1.1; http://www.opensiteexplorer.org/dotbot, help@moz.com)" "saveaslave.com"
72.168.98.118 - - [06/Nov/2014:17:15:55 -0800] "GET / HTTP/1.1" 200 23399 "-" "Mozilla/5.0 (Windows NT 6.1; WOW64; Trident/7.0; rv:11.0) like Gecko" "www.saveaslave.com"
123.125.71.46 - - [06/Nov/2014:17:25:21 -0800] "GET /robots.txt HTTP/1.1" 404 89 "-" "Mozilla/5.0 (compatible; Baiduspider/2.0; +http://www.baidu.com/search/spider.html)" "saveaslave.com"
123.125.71.39 - - [06/Nov/2014:17:29:19 -0800] "GET /images/Tuvalu_region.gif HTTP/1.1" 404 89 "http://image.baidu.com/i?ct=503316480&z=0&tn=baiduimagedetail" "Baiduspider-image+(+http://www.baidu.com/search/spider.htm)" "www.saveaslave.com"
65.36.241.77 - - [06/Nov/2014:17:30:14 -0800] "HEAD / HTTP/1.1" 200 0 "-" "InternetSeer.com" "www.saveaslave.com"
72.168.98.117 - - [06/Nov/2014:17:35:43 -0800] "GET / HTTP/1.1" 200 23399 "-" "Mozilla/5.0 (Windows NT 6.1; WOW64; Trident/7.0; rv:11.0) like Gecko" "www.saveaslave.com"
72.168.98.117 - - [06/Nov/2014:17:41:17 -0800] "GET / HTTP/1.1" 200 23399 "-" "Mozilla/5.0 (Windows NT 6.1; WOW64; Trident/7.0; rv:11.0) like Gecko" "www.saveaslave.com"
157.55.39.84 - - [06/Nov/2014:17:46:27 -0800] "GET /niger HTTP/1.1" 404 89 "-" "Mozilla/5.0 (compatible; bingbot/2.0; +http://www.bing.com/bingbot.htm)" "www.saveaslave.com"
72.168.98.117 - - [06/Nov/2014:17:48:49 -0800] "GET /images/slaves.jpg HTTP/1.1" 200 64009 "http://www.saveaslave.com/" "Mozilla/5.0 (Windows NT 6.1; WOW64; Trident/7.0; rv:11.0) like Gecko" "www.saveaslave.com"
220.181.108.104 - - [06/Nov/2014:17:52:41 -0800] "GET /images/UK_map.gif HTTP/1.1" 404 89 "http://image.baidu.com/i?ct=503316480&z=0&tn=baiduimagedetail" "Baiduspider-image+(+http://www.baidu.com/search/spider.htm)" "www.saveaslave.com"
198.252.44.8 - - [06/Nov/2014:18:10:28 -0800] "GET / HTTP/1.0" 200 23399 "-" "=Mozilla/5.0 (Windows; U; Windows NT 6.1; en-US) AppleWebKit/534.16 (KHTML, like Gecko) Chrome/10.0.648.204 Safari/534.16" "saveaslave.com"
207.46.13.105 - - [06/Nov/2014:18:17:25 -0800] "GET /links/worldslavery.html HTTP/1.1" 404 89 "-" "Mozilla/5.0 (compatible; bingbot/2.0; +http://www.bing.com/bingbot.htm)" "saveaslave.com"
72.168.98.119 - - [06/Nov/2014:18:29:01 -0800] "GET /images/givebtn.png HTTP/1.1" 200 26179 "http://www.saveaslave.com/" "Mozilla/5.0 (Windows NT 6.1; WOW64; Trident/7.0; rv:11.0) like Gecko" "www.saveaslave.com"
72.168.98.119 - - [06/Nov/2014:18:29:01 -0800] "GET /images/header.png HTTP/1.1" 200 84658 "http://www.saveaslave.com/" "Mozilla/5.0 (Windows NT 6.1; WOW64; Trident/7.0; rv:11.0) like Gecko" "www.saveaslave.com"
72.168.98.119 - - [06/Nov/2014:18:29:01 -0800] "GET /images/slaves.jpg HTTP/1.1" 200 64009 "http://www.saveaslave.com/" "Mozilla/5.0 (Windows NT 6.1; WOW64; Trident/7.0; rv:11.0) like Gecko" "www.saveaslave.com"
199.15.233.184 - - [06/Nov/2014:18:31:41 -0800] "GET /site/?p=56 HTTP/1.1" 404 89 "http://saveaslave.com/site/?p=56" "Mozilla/5.0 (Windows NT 6.0) AppleWebKit/537.36 (KHTML, like Gecko) Chrome/36.0.1985.143 Safari/537.36" "saveaslave.com"
199.15.233.184 - - [06/Nov/2014:18:31:41 -0800] "GET / HTTP/1.0" 200 23399 "http://saveaslave.com/" "Mozilla/5.0 (Windows NT 6.0) AppleWebKit/537.36 (KHTML, like Gecko) Chrome/36.0.1985.143 Safari/537.36" "saveaslave.com"
65.36.241.77 - - [06/Nov/2014:18:33:38 -0800] "HEAD / HTTP/1.1" 200 0 "-" "InternetSeer.com" "www.saveaslave.com"
66.249.69.90 - - [06/Nov/2014:18:48:38 -0800] "GET /styles/style3.css HTTP/1.1" 404 89 "-" "Mozilla/5.0 (compatible; Googlebot/2.1; +http://www.google.com/bot.html)" "saveaslave.com"
208.115.113.86 - - [06/Nov/2014:18:50:33 -0800] "GET /robots.txt HTTP/1.1" 404 89 "-" "Mozilla/5.0 (compatible; DotBot/1.1; http://www.opensiteexplorer.org/dotbot, help@moz.com)" "www.saveaslave.com"
157.55.39.84 - - [06/Nov/2014:19:04:38 -0800] "GET /ireland HTTP/1.1" 404 89 "-" "Mozilla/5.0 (compatible; bingbot/2.0; +http://www.bing.com/bingbot.htm)" "www.saveaslave.com"
192.241.148.172 - - [06/Nov/2014:19:17:49 -0800] "GET / HTTP/1.1" 200 23399 "-" "Mozilla/5.0 (Windows NT 6.1; WOW64) AppleWebKit/537.36 (KHTML, like Gecko) Chrome/34.0.1847.131 Safari/537.36" "www.saveaslave.com"
178.255.215.77 - - [06/Nov/2014:19:23:11 -0800] "GET /robots.txt HTTP/1.1" 404 89 "-" "Mozilla/5.0 (compatible; Exabot/3.0; +http://www.exabot.com/go/robot)" "saveaslave.com"
66.249.69.90 - - [06/Nov/2014:19:33:03 -0800] "GET /robots.txt HTTP/1.1" 404 89 "-" "Mozilla/5.0 (compatible; Googlebot/2.1; +http://www.google.com/bot.html)" "saveaslave.com"
123.125.71.18 - - [06/Nov/2014:19:39:09 -0800] "GET /guatemala.html HTTP/1.1" 404 89 "-" "Mozilla/5.0 (compatible; Baiduspider/2.0; +http://www.baidu.com/search/spider.html)" "www.saveaslave.com"
65.36.241.77 - - [06/Nov/2014:19:40:18 -0800] "HEAD / HTTP/1.1" 200 0 "-" "InternetSeer.com" "www.saveaslave.com"
157.55.39.84 - - [06/Nov/2014:19:43:54 -0800] "GET /monaco HTTP/1.1" 404 89 "-" "Mozilla/5.0 (compatible; bingbot/2.0; +http://www.bing.com/bingbot.htm)" "www.saveaslave.com"
72.168.96.126 - - [06/Nov/2014:19:54:14 -0800] "GET / HTTP/1.1" 200 23399 "-" "Mozilla/5.0 (Windows NT 6.1; WOW64; Trident/7.0; rv:11.0) like Gecko" "www.saveaslave.com"
72.168.96.126 - - [06/Nov/2014:19:54:15 -0800] "GET /images/givebtn.png HTTP/1.1" 200 26179 "http://www.saveaslave.com/" "Mozilla/5.0 (Windows NT 6.1; WOW64; Trident/7.0; rv:11.0) like Gecko" "www.saveaslave.com"
72.168.96.126 - - [06/Nov/2014:19:54:15 -0800] "GET /images/header.png HTTP/1.1" 200 84658 "http://www.saveaslave.com/" "Mozilla/5.0 (Windows NT 6.1; WOW64; Trident/7.0; rv:11.0) like Gecko" "www.saveaslave.com"
72.168.96.126 - - [06/Nov/2014:19:54:27 -0800] "GET / HTTP/1.1" 200 23399 "-" "Mozilla/5.0 (Windows NT 6.1; WOW64; Trident/7.0; rv:11.0) like Gecko" "www.saveaslave.com"
72.168.96.126 - - [06/Nov/2014:19:54:27 -0800] "GET /images/slaves.jpg HTTP/1.1" 200 64009 "http://www.saveaslave.com/" "Mozilla/5.0 (Windows NT 6.1; WOW64; Trident/7.0; rv:11.0) like Gecko" "www.saveaslave.com"
72.168.96.126 - - [06/Nov/2014:19:54:34 -0800] "GET /images/slaves.jpg HTTP/1.1" 200 64009 "http://www.saveaslave.com/" "Mozilla/5.0 (Windows NT 6.1; WOW64; Trident/7.0; rv:11.0) like Gecko" "www.saveaslave.com"
123.125.71.29 - - [06/Nov/2014:20:02:50 -0800] "GET /images/Zambia_flag.gif HTTP/1.1" 404 89 "http://image.baidu.com/i?ct=503316480&z=0&tn=baiduimagedetail" "Baiduspider-image+(+http://www.baidu.com/search/spider.htm)" "www.saveaslave.com"
220.181.108.159 - - [06/Nov/2014:20:28:43 -0800] "GET /images/Zambia_map.gif HTTP/1.1" 404 89 "http://image.baidu.com/i?ct=503316480&z=0&tn=baiduimagedetail" "Baiduspider-image+(+http://www.baidu.com/search/spider.htm)" "www.saveaslave.com"
146.50.79.106 - - [06/Nov/2014:20:36:20 -0800] "GET /robots.txt HTTP/1.1" 404 89 "-" "Java/1.6.0_07" "www.saveaslave.com"
146.50.79.106 - - [06/Nov/2014:20:36:21 -0800] "GET / HTTP/1.1" 200 23399 "-" "Java/1.6.0_07" "www.saveaslave.com"
157.55.39.84 - - [06/Nov/2014:20:37:48 -0800] "GET /peru HTTP/1.1" 404 89 "-" "Mozilla/5.0 (compatible; bingbot/2.0; +http://www.bing.com/bingbot.htm)" "www.saveaslave.com"
199.15.233.176 - - [06/Nov/2014:20:40:31 -0800] "GET /site/?p=56 HTTP/1.1" 404 89 "http://saveaslave.com/site/?p=56" "Mozilla/5.0 (Windows NT 6.1; WOW64) AppleWebKit/537.36 (KHTML, like Gecko) Chrome/36.0.1985.143 Safari/537.36 OPR/23.0.1522.77 (Edition Campaign 37)" "saveaslave.com"
65.36.241.77 - - [06/Nov/2014:20:43:23 -0800] "HEAD / HTTP/1.1" 200 0 "-" "InternetSeer.com" "www.saveaslave.com"
157.55.39.240 - - [06/Nov/2014:20:44:30 -0800] "GET /tajikistan HTTP/1.1" 404 89 "-" "Mozilla/5.0 (compatible; bingbot/2.0; +http://www.bing.com/bingbot.htm)" "www.saveaslave.com"
157.55.39.240 - - [06/Nov/2014:20:44:30 -0800] "GET /macedonia HTTP/1.1" 404 89 "-" "Mozilla/5.0 (compatible; bingbot/2.0; +http://www.bing.com/bingbot.htm)" "www.saveaslave.com"
157.55.39.240 - - [06/Nov/2014:20:44:30 -0800] "GET /uruguay HTTP/1.1" 200 5398 "-" "Mozilla/5.0 (compatible; bingbot/2.0; +http://www.bing.com/bingbot.htm)" "www.saveaslave.com"
208.115.111.70 - - [06/Nov/2014:20:57:52 -0800] "GET /robots.txt HTTP/1.1" 404 89 "-" "Mozilla/5.0 (compatible; DotBot/1.1; http://www.opensiteexplorer.org/dotbot, help@moz.com)" "www.saveaslave.com"
183.60.215.7 - - [06/Nov/2014:21:01:29 -0800] "GET /sitemap.xml HTTP/1.1" 404 89 "-" "Mozilla/5.0 (Windows NT 6.1; rv:16.0) Gecko/20100101 Firefox/16.0" "saveaslave.com"
5.9.36.119 - - [06/Nov/2014:21:04:44 -0800] "GET / HTTP/1.1" 200 23399 "-" "Mozilla/5.0 (compatible; SISTRIX Crawler; http://crawler.sistrix.net/)" "saveaslave.com"
5.9.36.119 - - [06/Nov/2014:21:04:45 -0800] "GET /china.html HTTP/1.1" 200 5411 "-" "Mozilla/5.0 (compatible; SISTRIX Crawler; http://crawler.sistrix.net/)" "saveaslave.com"
5.9.36.119 - - [06/Nov/2014:21:04:48 -0800] "GET /republic-of-congo.html HTTP/1.1" 200 5503 "-" "Mozilla/5.0 (compatible; SISTRIX Crawler; http://crawler.sistrix.net/)" "saveaslave.com"
5.9.36.119 - - [06/Nov/2014:21:04:54 -0800] "GET /argentina.html HTTP/1.1" 200 5404 "-" "Mozilla/5.0 (compatible; SISTRIX Crawler; http://crawler.sistrix.net/)" "saveaslave.com"
5.9.36.119 - - [06/Nov/2014:21:04:56 -0800] "GET /chad.html HTTP/1.1" 200 5386 "-" "Mozilla/5.0 (compatible; SISTRIX Crawler; http://crawler.sistrix.net/)" "saveaslave.com"
5.9.36.119 - - [06/Nov/2014:21:05:08 -0800] "GET /canada.html HTTP/1.1" 200 5396 "-" "Mozilla/5.0 (compatible; SISTRIX Crawler; http://crawler.sistrix.net/)" "saveaslave.com"
5.9.36.119 - - [06/Nov/2014:21:05:32 -0800] "GET /brazil.html HTTP/1.1" 200 5396 "-" "Mozilla/5.0 (compatible; SISTRIX Crawler; http://crawler.sistrix.net/)" "saveaslave.com"
5.9.36.119 - - [06/Nov/2014:21:05:33 -0800] "GET /cape-verde.html HTTP/1.1" 200 5432 "-" "Mozilla/5.0 (compatible; SISTRIX Crawler; http://crawler.sistrix.net/)" "saveaslave.com"
5.9.36.119 - - [06/Nov/2014:21:05:34 -0800] "GET /azerbaijan.html HTTP/1.1" 200 5411 "-" "Mozilla/5.0 (compatible; SISTRIX Crawler; http://crawler.sistrix.net/)" "saveaslave.com"
5.9.36.119 - - [06/Nov/2014:21:05:58 -0800] "GET /timor-leste.html HTTP/1.1" 200 5444 "-" "Mozilla/5.0 (compatible; SISTRIX Crawler; http://crawler.sistrix.net/)" "saveaslave.com"
5.9.36.119 - - [06/Nov/2014:21:05:59 -0800] "GET /benin.html HTTP/1.1" 200 5387 "-" "Mozilla/5.0 (compatible; SISTRIX Crawler; http://crawler.sistrix.net/)" "saveaslave.com"
5.9.36.119 - - [06/Nov/2014:21:06:13 -0800] "GET /denmark.html HTTP/1.1" 200 5405 "-" "Mozilla/5.0 (compatible; SISTRIX Crawler; http://crawler.sistrix.net/)" "saveaslave.com"
5.9.36.119 - - [06/Nov/2014:21:06:16 -0800] "GET /burma.html HTTP/1.1" 200 5387 "-" "Mozilla/5.0 (compatible; SISTRIX Crawler; http://crawler.sistrix.net/)" "saveaslave.com"
5.9.36.119 - - [06/Nov/2014:21:06:17 -0800] "GET /aruba.html HTTP/1.1" 200 14643 "-" "Mozilla/5.0 (compatible; SISTRIX Crawler; http://crawler.sistrix.net/)" "saveaslave.com"
5.9.36.119 - - [06/Nov/2014:21:06:19 -0800] "GET /czech-republic.html HTTP/1.1" 200 5468 "-" "Mozilla/5.0 (compatible; SISTRIX Crawler; http://crawler.sistrix.net/)" "saveaslave.com"
208.115.113.86 - - [06/Nov/2014:21:06:33 -0800] "GET /bosnia HTTP/1.1" 404 89 "-" "Mozilla/5.0 (compatible; DotBot/1.1; http://www.opensiteexplorer.org/dotbot, help@moz.com)" "saveaslave.com"
208.115.113.86 - - [06/Nov/2014:21:06:33 -0800] "GET /georgia HTTP/1.1" 404 89 "-" "Mozilla/5.0 (compatible; DotBot/1.1; http://www.opensiteexplorer.org/dotbot, help@moz.com)" "saveaslave.com"
208.115.113.86 - - [06/Nov/2014:21:06:33 -0800] "GET /macau.html HTTP/1.1" 404 89 "-" "Mozilla/5.0 (compatible; DotBot/1.1; http://www.opensiteexplorer.org/dotbot, help@moz.com)" "saveaslave.com"
208.115.113.86 - - [06/Nov/2014:21:06:33 -0800] "GET /northernmarianaislands.html HTTP/1.1" 404 89 "-" "Mozilla/5.0 (compatible; DotBot/1.1; http://www.opensiteexplorer.org/dotbot, help@moz.com)" "saveaslave.com"
208.115.113.86 - - [06/Nov/2014:21:06:33 -0800] "GET /southsudan HTTP/1.1" 404 89 "-" "Mozilla/5.0 (compatible; DotBot/1.1; http://www.opensiteexplorer.org/dotbot, help@moz.com)" "saveaslave.com"
208.115.113.86 - - [06/Nov/2014:21:06:33 -0800] "GET /antarctica.html HTTP/1.1" 404 89 "-" "Mozilla/5.0 (compatible; DotBot/1.1; http://www.opensiteexplorer.org/dotbot, help@moz.com)" "www.saveaslave.com"
208.115.113.86 - - [06/Nov/2014:21:06:34 -0800] "GET /montenegro HTTP/1.1" 404 89 "-" "Mozilla/5.0 (compatible; DotBot/1.1; http://www.opensiteexplorer.org/dotbot, help@moz.com)" "www.saveaslave.com"
5.9.36.119 - - [06/Nov/2014:21:06:42 -0800] "GET /angola.html HTTP/1.1" 200 5377 "-" "Mozilla/5.0 (compatible; SISTRIX Crawler; http://crawler.sistrix.net/)" "saveaslave.com"
5.9.36.119 - - [06/Nov/2014:21:06:44 -0800] "GET /cyprus.html HTTP/1.1" 200 5396 "-" "Mozilla/5.0 (compatible; SISTRIX Crawler; http://crawler.sistrix.net/)" "saveaslave.com"
5.9.36.119 - - [06/Nov/2014:21:07:07 -0800] "GET /brunei.html HTTP/1.1" 200 5396 "-" "Mozilla/5.0 (compatible; SISTRIX Crawler; http://crawler.sistrix.net/)" "saveaslave.com"
5.9.36.119 - - [06/Nov/2014:21:07:08 -0800] "GET /croatia.html HTTP/1.1" 200 5405 "-" "Mozilla/5.0 (compatible; SISTRIX Crawler; http://crawler.sistrix.net/)" "saveaslave.com"
5.9.36.119 - - [06/Nov/2014:21:07:22 -0800] "GET /andorra.html HTTP/1.1" 200 5386 "-" "Mozilla/5.0 (compatible; SISTRIX Crawler; http://crawler.sistrix.net/)" "saveaslave.com"
5.9.36.119 - - [06/Nov/2014:21:07:35 -0800] "GET /bangladesh.html HTTP/1.1" 200 5432 "-" "Mozilla/5.0 (compatible; SISTRIX Crawler; http://crawler.sistrix.net/)" "saveaslave.com"
5.9.36.119 - - [06/Nov/2014:21:07:36 -0800] "GET /burundi.html HTTP/1.1" 200 5405 "-" "Mozilla/5.0 (compatible; SISTRIX Crawler; http://crawler.sistrix.net/)" "saveaslave.com"
5.9.36.119 - - [06/Nov/2014:21:07:53 -0800] "GET /algeria.html HTTP/1.1" 200 5386 "-" "Mozilla/5.0 (compatible; SISTRIX Crawler; http://crawler.sistrix.net/)" "saveaslave.com"
5.9.36.119 - - [06/Nov/2014:21:08:19 -0800] "GET /dominica.html HTTP/1.1" 200 5414 "-" "Mozilla/5.0 (compatible; SISTRIX Crawler; http://crawler.sistrix.net/)" "saveaslave.com"
5.9.36.119 - - [06/Nov/2014:21:08:20 -0800] "GET /barbados.html HTTP/1.1" 200 5414 "-" "Mozilla/5.0 (compatible; SISTRIX Crawler; http://crawler.sistrix.net/)" "saveaslave.com"
5.9.36.119 - - [06/Nov/2014:21:08:48 -0800] "GET /www.unicef.org HTTP/1.1" 404 89 "-" "Mozilla/5.0 (compatible; SISTRIX Crawler; http://crawler.sistrix.net/)" "saveaslave.com"
207.46.13.105 - - [06/Nov/2014:21:12:40 -0800] "GET /montenegro HTTP/1.1" 404 89 "-" "Mozilla/5.0 (compatible; bingbot/2.0; +http://www.bing.com/bingbot.htm)" "www.saveaslave.com"
65.36.241.77 - - [06/Nov/2014:21:46:17 -0800] "HEAD / HTTP/1.1" 200 0 "-" "InternetSeer.com" "www.saveaslave.com"
199.21.99.206 - - [06/Nov/2014:21:49:56 -0800] "GET /robots.txt HTTP/1.1" 404 89 "-" "Mozilla/5.0 (compatible; YandexBot/3.0; +http://yandex.com/bots)" "saveaslave.com"
118.136.171.39 - - [06/Nov/2014:22:19:18 -0800] "GET / HTTP/1.1" 200 23399 "http://buttons-for-website.com" "Mozilla/5.0 (Windows NT 6.1; WOW64) AppleWebKit/537.36 (KHTML, like Gecko) Chrome/36.0.1985.143 Safari/537.36" "saveaslave.com"
118.136.171.39 - - [06/Nov/2014:22:19:19 -0800] "GET /css/style.css HTTP/1.1" 200 600 "http://saveaslave.com/" "Mozilla/5.0 (Windows NT 6.1; WOW64) AppleWebKit/537.36 (KHTML, like Gecko) Chrome/36.0.1985.143 Safari/537.36" "saveaslave.com"
118.136.171.39 - - [06/Nov/2014:22:19:19 -0800] "GET /images/header.png HTTP/1.1" 200 84658 "http://saveaslave.com/" "Mozilla/5.0 (Windows NT 6.1; WOW64) AppleWebKit/537.36 (KHTML, like Gecko) Chrome/36.0.1985.143 Safari/537.36" "saveaslave.com"
118.136.171.39 - - [06/Nov/2014:22:19:19 -0800] "GET /images/givebtn.png HTTP/1.1" 200 26179 "http://saveaslave.com/" "Mozilla/5.0 (Windows NT 6.1; WOW64) AppleWebKit/537.36 (KHTML, like Gecko) Chrome/36.0.1985.143 Safari/537.36" "saveaslave.com"
118.136.171.39 - - [06/Nov/2014:22:19:19 -0800] "GET /images/slaves.jpg HTTP/1.1" 200 64009 "http://saveaslave.com/" "Mozilla/5.0 (Windows NT 6.1; WOW64) AppleWebKit/537.36 (KHTML, like Gecko) Chrome/36.0.1985.143 Safari/537.36" "saveaslave.com"
180.76.5.23 - - [06/Nov/2014:22:31:26 -0800] "GET /northern_mariana.html HTTP/1.1" 404 89 "-" "Mozilla/5.0 (compatible; Baiduspider/2.0; +http://www.baidu.com/search/spider.html)" "www.saveaslave.com"
157.55.39.84 - - [06/Nov/2014:22:38:10 -0800] "GET /Magazines.html HTTP/1.1" 404 89 "-" "Mozilla/5.0 (compatible; bingbot/2.0; +http://www.bing.com/bingbot.htm)" "saveaslave.com"
199.21.99.206 - - [06/Nov/2014:22:40:01 -0800] "GET /images/Haiti_map.gif HTTP/1.1" 404 89 "-" "Mozilla/5.0 (compatible; YandexBot/3.0; +http://yandex.com/bots)" "saveaslave.com"
180.76.6.66 - - [06/Nov/2014:23:01:25 -0800] "GET /turkmenistan.html HTTP/1.1" 200 5443 "-" "Mozilla/5.0 (compatible; Baiduspider/2.0; +http://www.baidu.com/search/spider.html)" "www.saveaslave.com"
23.23.242.178 - - [06/Nov/2014:23:09:50 -0800] "GET /czech-republic.html HTTP/1.1" 200 5468 "-" "Mozilla/5.0 (Windows; U; Windows NT 5.1; en-US; rv:1.9.2.8) Gecko/20100722 Firefox/3.6.8" "saveaslave.com"
157.55.39.240 - - [06/Nov/2014:23:25:00 -0800] "GET /denmark HTTP/1.1" 200 5405 "-" "Mozilla/5.0 (compatible; bingbot/2.0; +http://www.bing.com/bingbot.htm)" "www.saveaslave.com"
157.55.39.84 - - [06/Nov/2014:23:28:29 -0800] "GET /chile HTTP/1.1" 200 5395 "-" "Mozilla/5.0 (compatible; bingbot/2.0; +http://www.bing.com/bingbot.htm)" "www.saveaslave.com"
193.150.120.14 - - [06/Nov/2014:23:35:56 -0800] "GET / HTTP/1.1" 200 23399 "http://gungamesz.com/" "Mozilla/4.79 [en] (Windows NT 5.0; U)" "saveaslave.com"
193.150.120.14 - - [06/Nov/2014:23:35:56 -0800] "GET / HTTP/1.1" 200 23399 "http://gungamesz.com/" "Mozilla/4.79 [en] (Windows NT 5.0; U)" "saveaslave.com"
193.150.120.14 - - [06/Nov/2014:23:35:57 -0800] "GET / HTTP/1.1" 200 23399 "http://gungamesz.com/" "Mozilla/4.79 [en] (Windows NT 5.0; U)" "saveaslave.com"
66.249.69.90 - - [06/Nov/2014:23:36:58 -0800] "GET /images/Saint_Pierre_flag.gif HTTP/1.1" 404 89 "-" "Googlebot-Image/1.0" "saveaslave.com"
157.55.39.84 - - [06/Nov/2014:23:41:10 -0800] "GET /malawi HTTP/1.1" 404 89 "-" "Mozilla/5.0 (compatible; bingbot/2.0; +http://www.bing.com/bingbot.htm)" "www.saveaslave.com"
61.135.189.175 - - [07/Nov/2014:00:07:19 -0800] "GET / HTTP/1.1" 200 23399 "-" "Sogou web spider/4.0(+http://www.sogou.com/docs/help/webmasters.htm#07)" "www.saveaslave.com"
65.36.241.77 - - [07/Nov/2014:00:10:20 -0800] "HEAD / HTTP/1.1" 200 0 "-" "InternetSeer.com" "www.saveaslave.com"
123.125.71.53 - - [07/Nov/2014:00:16:50 -0800] "GET / HTTP/1.1" 304 - "-" "Mozilla/5.0 (compatible; Baiduspider/2.0; +http://www.baidu.com/search/spider.html)" "www.saveaslave.com"
207.46.13.105 - - [07/Nov/2014:00:20:11 -0800] "GET /uk HTTP/1.1" 404 89 "-" "Mozilla/5.0 (compatible; bingbot/2.0; +http://www.bing.com/bingbot.htm)" "www.saveaslave.com"
84.240.9.6 - - [07/Nov/2014:00:22:16 -0800] "GET / HTTP/1.1" 200 23399 "http://saveaslave.com/" "Mozilla/5.0 (Windows NT 5.1) AppleWebKit/537.36 (KHTML, like Gecko) Chrome/33.0.1750.117 Safari/537.36" "saveaslave.com"
157.55.39.240 - - [07/Nov/2014:00:35:33 -0800] "GET /robots.txt HTTP/1.1" 404 89 "-" "Mozilla/5.0 (compatible; bingbot/2.0; +http://www.bing.com/bingbot.htm)" "www.saveaslave.com"
157.55.39.84 - - [07/Nov/2014:00:37:37 -0800] "GET /antigua HTTP/1.1" 404 89 "-" "Mozilla/5.0 (compatible; bingbot/2.0; +http://www.bing.com/bingbot.htm)" "www.saveaslave.com"
157.55.39.240 - - [07/Nov/2014:00:44:45 -0800] "GET /zambia HTTP/1.1" 200 5373 "-" "Mozilla/5.0 (compatible; bingbot/2.0; +http://www.bing.com/bingbot.htm)" "www.saveaslave.com"
88.255.188.38 - - [07/Nov/2014:00:48:15 -0800] "GET /images/Serbia_map.gif HTTP/1.1" 404 89 "-" "Mozilla/5.0 (Macintosh; Intel Mac OS X 10_9_5) AppleWebKit/600.1.17 (KHTML, like Gecko) Version/7.1 Safari/537.85.10" "www.saveaslave.com"
88.255.188.38 - - [07/Nov/2014:00:48:27 -0800] "GET /images/Serbia_map.gif HTTP/1.1" 404 89 "-" "Mozilla/5.0 (Macintosh; Intel Mac OS X 10_9_5) AppleWebKit/600.1.17 (KHTML, like Gecko) Version/7.1 Safari/537.85.10" "www.saveaslave.com"
157.55.39.50 - - [07/Nov/2014:00:53:47 -0800] "GET /robots.txt HTTP/1.1" 404 89 "-" "Mozilla/5.0 (compatible; bingbot/2.0; +http://www.bing.com/bingbot.htm)" "www.saveaslave.com"
157.55.39.240 - - [07/Nov/2014:00:56:13 -0800] "GET /turkmenistan HTTP/1.1" 200 5427 "-" "Mozilla/5.0 (compatible; bingbot/2.0; +http://www.bing.com/bingbot.htm)" "www.saveaslave.com"
65.36.241.77 - - [07/Nov/2014:01:15:55 -0800] "HEAD / HTTP/1.1" 200 0 "-" "InternetSeer.com" "www.saveaslave.com"
157.55.39.240 - - [07/Nov/2014:01:23:09 -0800] "GET /tunisia HTTP/1.1" 404 89 "-" "Mozilla/5.0 (compatible; bingbot/2.0; +http://www.bing.com/bingbot.htm)" "www.saveaslave.com"
208.115.113.86 - - [07/Nov/2014:01:25:51 -0800] "GET /australia HTTP/1.1" 200 5404 "-" "Mozilla/5.0 (compatible; DotBot/1.1; http://www.opensiteexplorer.org/dotbot, help@moz.com)" "saveaslave.com"
208.115.113.86 - - [07/Nov/2014:01:25:55 -0800] "GET /congodemocraticrepublic HTTP/1.1" 404 89 "-" "Mozilla/5.0 (compatible; DotBot/1.1; http://www.opensiteexplorer.org/dotbot, help@moz.com)" "saveaslave.com"
208.115.113.86 - - [07/Nov/2014:01:26:04 -0800] "GET /dominicanrepublic HTTP/1.1" 404 89 "-" "Mozilla/5.0 (compatible; DotBot/1.1; http://www.opensiteexplorer.org/dotbot, help@moz.com)" "saveaslave.com"
208.115.113.86 - - [07/Nov/2014:01:26:05 -0800] "GET /mexico HTTP/1.1" 404 89 "-" "Mozilla/5.0 (compatible; DotBot/1.1; http://www.opensiteexplorer.org/dotbot, help@moz.com)" "saveaslave.com"
208.115.113.86 - - [07/Nov/2014:01:26:05 -0800] "GET /svalbard HTTP/1.1" 404 89 "-" "Mozilla/5.0 (compatible; DotBot/1.1; http://www.opensiteexplorer.org/dotbot, help@moz.com)" "saveaslave.com"
208.115.113.86 - - [07/Nov/2014:01:26:05 -0800] "GET /ecuador HTTP/1.1" 404 89 "-" "Mozilla/5.0 (compatible; DotBot/1.1; http://www.opensiteexplorer.org/dotbot, help@moz.com)" "www.saveaslave.com"
77.75.73.36 - - [07/Nov/2014:02:18:01 -0800] "GET /Links.html HTTP/1.1" 404 89 "-" "Mozilla/5.0 (compatible; SeznamBot/3.2; +http://fulltext.sblog.cz/)" "saveaslave.com"
65.36.241.79 - - [07/Nov/2014:02:18:41 -0800] "HEAD / HTTP/1.1" 200 0 "-" "InternetSeer.com" "www.saveaslave.com"
62.212.73.211 - - [07/Nov/2014:02:19:03 -0800] "GET /robots.txt HTTP/1.0" 404 73 "-" "Mozilla/5.0 (compatible; MJ12bot/v1.4.5; http://www.majestic12.co.uk/bot.php?+)" "www.saveaslave.com"
62.212.73.211 - - [07/Nov/2014:02:19:04 -0800] "GET / HTTP/1.0" 200 23399 "-" "Mozilla/5.0 (compatible; MJ12bot/v1.4.5; http://www.majestic12.co.uk/bot.php?+)" "www.saveaslave.com"
123.125.71.100 - - [07/Nov/2014:02:22:52 -0800] "GET /images/Mongolia_flag.gif HTTP/1.1" 404 89 "-" "Baiduspider-image+(+http://www.baidu.com/search/spider.htm)\\nReferer: http://image.baidu.com/i?ct=503316480&z=0&tn=baiduimagedetail" "www.saveaslave.com"
178.63.49.82 - - [07/Nov/2014:02:45:36 -0800] "GET /robots.txt HTTP/1.0" 404 73 "-" "Mozilla/5.0 (compatible; MJ12bot/v1.4.5; http://www.majestic12.co.uk/bot.php?+)" "www.saveaslave.com"
46.118.159.178 - - [07/Nov/2014:02:52:05 -0800] "GET / HTTP/1.1" 200 23399 "http://www.a-parusa.ru/" "Mozilla/4.0 (compatible; MSIE 6.0; Windows NT 5.1; SV1; FunWebProducts)" "saveaslave.com"
46.118.159.178 - - [07/Nov/2014:02:52:06 -0800] "GET / HTTP/1.1" 200 23399 "http://www.a-parusa.ru/" "Mozilla/4.0 (compatible; MSIE 6.0; Windows NT 5.1; SV1; FunWebProducts)" "saveaslave.com"
80.69.208.53 - - [07/Nov/2014:02:55:19 -0800] "GET /images/Malta_map.gif HTTP/1.0" 404 73 "https://www.google.com/" "Mozilla/5.0 (Windows NT 6.1; WOW64) AppleWebKit/537.36 (KHTML, like Gecko) Chrome/38.0.2125.111 Safari/537.36" "www.saveaslave.com"
157.55.39.240 - - [07/Nov/2014:02:57:10 -0800] "GET /canada HTTP/1.1" 200 5396 "-" "Mozilla/5.0 (compatible; bingbot/2.0; +http://www.bing.com/bingbot.htm)" "www.saveaslave.com"
65.36.241.79 - - [07/Nov/2014:03:22:53 -0800] "HEAD / HTTP/1.1" 200 0 "-" "InternetSeer.com" "www.saveaslave.com"
65.36.241.77 - - [07/Nov/2014:03:28:02 -0800] "HEAD / HTTP/1.1" 200 0 "-" "InternetSeer.com" "www.saveaslave.com"
100.43.90.11 - - [07/Nov/2014:03:39:02 -0800] "GET /robots.txt HTTP/1.1" 404 89 "-" "Mozilla/5.0 (compatible; YandexBot/3.0; +http://yandex.com/bots)" "saveaslave.com"
68.180.228.59 - - [07/Nov/2014:04:04:20 -0800] "GET /articles/womeninsudan.html HTTP/1.1" 404 89 "-" "Mozilla/5.0 (compatible; Yahoo! Slurp; http://help.yahoo.com/help/us/ysearch/slurp)" "www.saveaslave.com"
65.36.241.77 - - [07/Nov/2014:04:37:59 -0800] "HEAD / HTTP/1.1" 200 0 "-" "InternetSeer.com" "www.saveaslave.com"
157.55.39.50 - - [07/Nov/2014:05:11:54 -0800] "GET /robots.txt HTTP/1.1" 404 89 "-" "Mozilla/5.0 (compatible; bingbot/2.0; +http://www.bing.com/bingbot.htm)" "www.saveaslave.com"
208.115.113.86 - - [07/Nov/2014:05:27:09 -0800] "GET /aruba HTTP/1.1" 200 14643 "-" "Mozilla/5.0 (compatible; DotBot/1.1; http://www.opensiteexplorer.org/dotbot, help@moz.com)" "www.saveaslave.com"
208.115.113.86 - - [07/Nov/2014:05:27:19 -0800] "GET /liechtenstein.html HTTP/1.1" 404 89 "-" "Mozilla/5.0 (compatible; DotBot/1.1; http://www.opensiteexplorer.org/dotbot, help@moz.com)" "saveaslave.com"
178.255.215.77 - - [07/Nov/2014:05:37:17 -0800] "GET /algeria HTTP/1.1" 200 5386 "-" "Mozilla/5.0 (compatible; Exabot/3.0; +http://www.exabot.com/go/robot)" "saveaslave.com"
65.36.241.77 - - [07/Nov/2014:05:39:50 -0800] "HEAD / HTTP/1.1" 200 0 "-" "InternetSeer.com" "www.saveaslave.com"
65.36.241.79 - - [07/Nov/2014:05:41:12 -0800] "HEAD / HTTP/1.1" 200 0 "-" "InternetSeer.com" "www.saveaslave.com"
37.144.85.143 - - [07/Nov/2014:05:44:04 -0800] "GET /css/style.css HTTP/1.0" 200 600 "http://saveaslave.com/" "Mozilla/4.0 (compatible; MSIE 8.0; Windows NT 5.1; Trident/4.0)" "saveaslave.com"
37.139.52.23 - - [07/Nov/2014:05:59:00 -0800] "GET / HTTP/1.1" 200 23399 "http://globetrotting-culture.ru/" "Opera/7.60 (Windows NT 5.2; U)  [en] (IBM EVV/3.0/EAK01AG9/LE)" "www.saveaslave.com"
37.139.52.23 - - [07/Nov/2014:05:59:01 -0800] "GET / HTTP/1.1" 200 23399 "http://globetrotting-culture.ru/" "Opera/7.60 (Windows NT 5.2; U)  [en] (IBM EVV/3.0/EAK01AG9/LE)" "www.saveaslave.com"
37.139.52.23 - - [07/Nov/2014:06:01:43 -0800] "GET / HTTP/1.1" 200 23399 "http://sanatorrii.ru/" "Mozilla/4.0 (compatible; MSIE 6.0; Windows NT 5.1; SV1; .NET CLR 1.0.3705; .NET CLR 1.1.4322; .NET CLR 2.0.40607)" "www.saveaslave.com"
37.139.52.23 - - [07/Nov/2014:06:01:44 -0800] "GET / HTTP/1.1" 200 23399 "http://sanatorrii.ru/" "Mozilla/4.0 (compatible; MSIE 6.0; Windows NT 5.1; SV1; .NET CLR 1.0.3705; .NET CLR 1.1.4322; .NET CLR 2.0.40607)" "www.saveaslave.com"
89.66.55.18 - - [07/Nov/2014:06:12:53 -0800] "GET /site/?p=2 HTTP/1.0" 404 73 "http://saveaslave.com/site/?p=2" "Mozilla/5.0 (Windows NT 5.1) AppleWebKit/537.36 (KHTML, like Gecko) Chrome/36.0.1985.143 Safari/537.36" "saveaslave.com"
89.66.55.18 - - [07/Nov/2014:06:12:54 -0800] "GET / HTTP/1.1" 200 23399 "http://saveaslave.com/" "Mozilla/5.0 (Windows NT 5.1) AppleWebKit/537.36 (KHTML, like Gecko) Chrome/36.0.1985.143 Safari/537.36" "saveaslave.com"
193.150.120.14 - - [07/Nov/2014:06:15:25 -0800] "GET / HTTP/1.1" 200 23399 "http://remont-ustanovka-tehniki.ru/" "Mozilla/4.0 (compatible; MSIE 6.0; Windows NT 5.1; SV1; Media Center PC" "saveaslave.com"
208.115.113.86 - - [07/Nov/2014:06:54:21 -0800] "GET /robots.txt HTTP/1.1" 404 89 "-" "Mozilla/5.0 (compatible; DotBot/1.1; http://www.opensiteexplorer.org/dotbot, help@moz.com)" "saveaslave.com"
208.115.113.86 - - [07/Nov/2014:06:54:21 -0800] "GET /robots.txt HTTP/1.1" 404 89 "-" "Mozilla/5.0 (compatible; DotBot/1.1; http://www.opensiteexplorer.org/dotbot, help@moz.com)" "www.saveaslave.com"
62.210.38.184 - - [07/Nov/2014:07:03:44 -0800] "GET /site/?p=2 HTTP/1.1" 404 89 "-" "Mozilla/4.0 (compatible; MSIE 6.0; Windows NT 5.1)" "saveaslave.com"
82.193.99.33 - - [07/Nov/2014:07:14:17 -0800] "GET / HTTP/1.1" 200 23399 "http://modabutik.ru/" "Mozilla/4.0 (compatible; MSIE 5.0; Windows NT; DigExt)" "saveaslave.com"
157.55.39.84 - - [07/Nov/2014:07:19:01 -0800] "GET /robots.txt HTTP/1.1" 404 89 "-" "Mozilla/5.0 (compatible; bingbot/2.0; +http://www.bing.com/bingbot.htm)" "www.saveaslave.com"
157.55.39.84 - - [07/Nov/2014:07:20:00 -0800] "GET /comoros HTTP/1.1" 200 5413 "-" "Mozilla/5.0 (compatible; bingbot/2.0; +http://www.bing.com/bingbot.htm)" "www.saveaslave.com"
134.249.49.191 - - [07/Nov/2014:07:35:18 -0800] "GET / HTTP/1.1" 200 23399 "http://fightinggames5.com/" "Mozilla/4.0 (compatible; MSIE 6.0; Windows 98; Win 9x 4.90; Creative)" "saveaslave.com"
134.249.49.191 - - [07/Nov/2014:07:35:18 -0800] "GET / HTTP/1.1" 200 23399 "http://fightinggames5.com/" "Mozilla/4.0 (compatible; MSIE 6.0; Windows 98; Win 9x 4.90; Creative)" "saveaslave.com"
134.249.49.191 - - [07/Nov/2014:07:35:19 -0800] "GET / HTTP/1.1" 200 23399 "http://fightinggames5.com/" "Mozilla/4.0 (compatible; MSIE 6.0; Windows 98; Win 9x 4.90; Creative)" "saveaslave.com"
199.21.99.206 - - [07/Nov/2014:07:38:36 -0800] "GET /images/Canada_map.gif HTTP/1.1" 404 89 "-" "Mozilla/5.0 (compatible; YandexBot/3.0; +http://yandex.com/bots)" "saveaslave.com"
65.36.241.79 - - [07/Nov/2014:07:43:20 -0800] "HEAD / HTTP/1.1" 200 0 "-" "InternetSeer.com" "www.saveaslave.com"
65.36.241.77 - - [07/Nov/2014:07:44:28 -0800] "HEAD / HTTP/1.1" 200 0 "-" "InternetSeer.com" "www.saveaslave.com"
66.249.69.199 - - [07/Nov/2014:08:00:54 -0800] "GET /images/countrymap/dominica.jpg HTTP/1.1" 200 13820 "-" "Googlebot-Image/1.0" "www.saveaslave.com"
207.46.13.105 - - [07/Nov/2014:08:00:58 -0800] "GET /robots.txt HTTP/1.1" 404 89 "-" "Mozilla/5.0 (compatible; bingbot/2.0; +http://www.bing.com/bingbot.htm)" "www.saveaslave.com"
179.197.177.135 - - [07/Nov/2014:08:01:45 -0800] "GET /css/style.css HTTP/1.1" 200 600 "http://saveaslave.com/" "Mozilla/5.0 (Windows NT 6.1; WOW64) AppleWebKit/537.36 (KHTML, like Gecko) Chrome/36.0.1985.143 Safari/537.36" "saveaslave.com"
207.46.13.105 - - [07/Nov/2014:08:15:47 -0800] "GET /mongolia HTTP/1.1" 404 89 "-" "Mozilla/5.0 (compatible; bingbot/2.0; +http://www.bing.com/bingbot.htm)" "www.saveaslave.com"
68.180.228.59 - - [07/Nov/2014:08:22:40 -0800] "GET /slovakia.html HTTP/1.1" 404 89 "-" "Mozilla/5.0 (compatible; Yahoo! Slurp; http://help.yahoo.com/help/us/ysearch/slurp)" "www.saveaslave.com"
220.181.108.91 - - [07/Nov/2014:08:23:37 -0800] "GET /images/Venezuela_flag.gif HTTP/1.1" 404 89 "http://image.baidu.com/i?ct=503316480&z=0&tn=baiduimagedetail" "Baiduspider-image+(+http://www.baidu.com/search/spider.htm)" "www.saveaslave.com"
100.43.90.11 - - [07/Nov/2014:08:25:23 -0800] "GET /images/as_flag.gif HTTP/1.1" 404 89 "-" "Mozilla/5.0 (compatible; YandexBot/3.0; +http://yandex.com/bots)" "saveaslave.com"
130.211.141.114 - - [07/Nov/2014:08:33:57 -0800] "GET / HTTP/1.0" 200 23399 "-" "NerdyBot" "saveaslave.com"
157.55.39.240 - - [07/Nov/2014:08:34:20 -0800] "GET / HTTP/1.1" 200 23399 "-" "Mozilla/5.0 (compatible; bingbot/2.0; +http://www.bing.com/bingbot.htm)" "saveaslave.com"
188.165.251.18 - - [07/Nov/2014:08:38:54 -0800] "GET /site/?p=2 HTTP/1.1" 404 89 "-" "Mozilla/4.0 (compatible; MSIE 6.0; Windows NT 5.1; SV1; Mozilla/4.0 (compatible; MSIE 6.0; Windows NT 5.1; SV1) ; .NET CLR 1.0.3705)" "saveaslave.com"
207.46.13.105 - - [07/Nov/2014:08:55:16 -0800] "GET /cuba HTTP/1.1" 200 5373 "-" "Mozilla/5.0 (compatible; bingbot/2.0; +http://www.bing.com/bingbot.htm)" "www.saveaslave.com"
220.181.108.162 - - [07/Nov/2014:08:55:54 -0800] "GET /images/Tuvalu_map.gif HTTP/1.1" 404 89 "http://image.baidu.com/i?ct=503316480&z=0&tn=baiduimagedetail" "Baiduspider-image+(+http://www.baidu.com/search/spider.htm)" "www.saveaslave.com"
188.165.251.18 - - [07/Nov/2014:09:13:26 -0800] "GET /site/?p=2 HTTP/1.1" 404 89 "-" "Mozilla/4.0 (compatible; MSIE 6.0; Windows NT 5.1; SV1)" "saveaslave.com"
77.75.73.36 - - [07/Nov/2014:09:20:21 -0800] "GET /robots.txt HTTP/1.1" 404 89 "-" "Mozilla/5.0 (compatible; SeznamBot/3.2; +http://fulltext.sblog.cz/)" "saveaslave.com"
77.75.73.36 - - [07/Nov/2014:09:20:22 -0800] "GET /saudiarabia.html HTTP/1.1" 404 89 "-" "Mozilla/5.0 (compatible; SeznamBot/3.2; +http://fulltext.sblog.cz/)" "saveaslave.com"
123.125.71.71 - - [07/Nov/2014:09:22:25 -0800] "GET /images/Thailand_flag.gif HTTP/1.1" 404 89 "http://image.baidu.com/i?ct=503316480&z=0&tn=baiduimagedetail" "Baiduspider-image+(+http://www.baidu.com/search/spider.htm)" "www.saveaslave.com"
208.115.113.86 - - [07/Nov/2014:09:27:59 -0800] "GET /turkey HTTP/1.1" 200 5373 "-" "Mozilla/5.0 (compatible; DotBot/1.1; http://www.opensiteexplorer.org/dotbot, help@moz.com)" "www.saveaslave.com"
208.115.113.86 - - [07/Nov/2014:09:28:00 -0800] "GET /bahrain.html HTTP/1.1" 200 5404 "-" "Mozilla/5.0 (compatible; DotBot/1.1; http://www.opensiteexplorer.org/dotbot, help@moz.com)" "saveaslave.com"
208.115.113.86 - - [07/Nov/2014:09:28:00 -0800] "GET /georgia.html HTTP/1.1" 404 89 "-" "Mozilla/5.0 (compatible; DotBot/1.1; http://www.opensiteexplorer.org/dotbot, help@moz.com)" "saveaslave.com"
208.115.113.86 - - [07/Nov/2014:09:28:00 -0800] "GET /photo_gallery/default.html HTTP/1.1" 404 89 "-" "Mozilla/5.0 (compatible; DotBot/1.1; http://www.opensiteexplorer.org/dotbot, help@moz.com)" "saveaslave.com"
85.232.196.142 - - [07/Nov/2014:09:46:31 -0800] "GET /images/Malta_map.gif HTTP/1.1" 404 89 "https://www.google.com.mt/" "Mozilla/5.0 (Windows NT 6.3; WOW64) AppleWebKit/537.36 (KHTML, like Gecko) Chrome/38.0.2125.111 Safari/537.36" "www.saveaslave.com"
66.249.69.215 - - [07/Nov/2014:10:03:49 -0800] "GET /images/Paraguay_map.gif HTTP/1.1" 404 89 "-" "Googlebot-Image/1.0" "www.saveaslave.com"
178.137.94.81 - - [07/Nov/2014:10:09:46 -0800] "GET / HTTP/1.1" 200 23399 "http://serialsway.ucoz.ru/" "Mozilla/4.0 (compatible; MSIE 6.0; Windows NT 5.1; SV1; FunWebProducts)" "saveaslave.com"
178.137.94.81 - - [07/Nov/2014:10:09:46 -0800] "GET / HTTP/1.1" 200 23399 "http://serialsway.ucoz.ru/" "Mozilla/4.0 (compatible; MSIE 6.0; Windows NT 5.1; SV1; FunWebProducts)" "saveaslave.com"
68.180.228.59 - - [07/Nov/2014:10:10:24 -0800] "GET /saotomeandprincipe.html HTTP/1.1" 404 89 "-" "Mozilla/5.0 (compatible; Yahoo! Slurp; http://help.yahoo.com/help/us/ysearch/slurp)" "www.saveaslave.com"
123.125.71.111 - - [07/Nov/2014:10:14:03 -0800] "GET /images/Russian_flag.gif HTTP/1.1" 404 89 "http://image.baidu.com/i?ct=503316480&z=0&tn=baiduimagedetail" "Baiduspider-image+(+http://www.baidu.com/search/spider.htm)" "www.saveaslave.com"
157.55.39.240 - - [07/Nov/2014:10:36:27 -0800] "GET /luxembourg HTTP/1.1" 404 89 "-" "Mozilla/5.0 (compatible; bingbot/2.0; +http://www.bing.com/bingbot.htm)" "www.saveaslave.com"
188.165.15.212 - - [07/Nov/2014:10:45:36 -0800] "GET /bosnia-herzegovina.html HTTP/1.1" 200 5532 "-" "Mozilla/5.0 (compatible; AhrefsBot/5.0; +http://ahrefs.com/robot/)" "www.saveaslave.com"
208.115.111.70 - - [07/Nov/2014:10:46:14 -0800] "GET /burma.html HTTP/1.1" 200 5387 "-" "Mozilla/5.0 (compatible; DotBot/1.1; http://www.opensiteexplorer.org/dotbot, help@moz.com)" "www.saveaslave.com"
208.115.111.70 - - [07/Nov/2014:10:46:14 -0800] "GET /honduras HTTP/1.1" 404 89 "-" "Mozilla/5.0 (compatible; DotBot/1.1; http://www.opensiteexplorer.org/dotbot, help@moz.com)" "www.saveaslave.com"
208.115.111.70 - - [07/Nov/2014:10:46:15 -0800] "GET /sweden.html HTTP/1.1" 404 89 "-" "Mozilla/5.0 (compatible; DotBot/1.1; http://www.opensiteexplorer.org/dotbot, help@moz.com)" "www.saveaslave.com"
157.55.39.240 - - [07/Nov/2014:10:55:48 -0800] "GET /Adoption.html HTTP/1.1" 404 89 "-" "Mozilla/5.0 (compatible; bingbot/2.0; +http://www.bing.com/bingbot.htm)" "www.saveaslave.com"
201.34.66.219 - - [07/Nov/2014:11:05:24 -0800] "GET / HTTP/1.1" 200 23399 "http://semalt.semalt.com/crawler.php?u=http://saveaslave.com" "Mozilla/5.0 (Windows NT 6.1; WOW64) AppleWebKit/537.36 (KHTML, like Gecko) Chrome/36.0.1985.143 Safari/537.36" "saveaslave.com"
201.34.66.219 - - [07/Nov/2014:11:05:29 -0800] "GET /css/style.css HTTP/1.1" 200 600 "http://saveaslave.com/" "Mozilla/5.0 (Windows NT 6.1; WOW64) AppleWebKit/537.36 (KHTML, like Gecko) Chrome/36.0.1985.143 Safari/537.36" "saveaslave.com"
201.34.66.219 - - [07/Nov/2014:11:05:33 -0800] "GET /images/slaves.jpg HTTP/1.1" 200 64009 "http://saveaslave.com/" "Mozilla/5.0 (Windows NT 6.1; WOW64) AppleWebKit/537.36 (KHTML, like Gecko) Chrome/36.0.1985.143 Safari/537.36" "saveaslave.com"
134.249.49.191 - - [07/Nov/2014:11:06:17 -0800] "GET / HTTP/1.1" 200 23399 "http://allkarpaty.com/" "Mozilla/4.0 (compatible; MSIE 6.0; Windows NT 5.1; SV1; .NET CLR 1.1.4322; XMPP Tiscali Communicator v.10.0.2; .NET CLR 2.0.50727)" "saveaslave.com"
134.249.49.191 - - [07/Nov/2014:11:06:18 -0800] "GET / HTTP/1.1" 200 23399 "http://allkarpaty.com/" "Mozilla/4.0 (compatible; MSIE 6.0; Windows NT 5.1; SV1; .NET CLR 1.1.4322; XMPP Tiscali Communicator v.10.0.2; .NET CLR 2.0.50727)" "saveaslave.com"
134.249.49.191 - - [07/Nov/2014:11:06:18 -0800] "GET / HTTP/1.1" 200 23399 "http://allkarpaty.com/" "Mozilla/4.0 (compatible; MSIE 6.0; Windows NT 5.1; SV1; .NET CLR 1.1.4322; XMPP Tiscali Communicator v.10.0.2; .NET CLR 2.0.50727)" "saveaslave.com"
123.125.71.101 - - [07/Nov/2014:11:09:37 -0800] "GET /robots.txt HTTP/1.1" 404 89 "-" "Mozilla/5.0 (compatible; Baiduspider/2.0; +http://www.baidu.com/search/spider.html)" "saveaslave.com"
220.181.108.162 - - [07/Nov/2014:11:12:27 -0800] "GET / HTTP/1.1" 200 23399 "-" "Mozilla/5.0 (compatible; Baiduspider/2.0; +http://www.baidu.com/search/spider.html)" "saveaslave.com"
123.125.71.60 - - [07/Nov/2014:11:46:38 -0800] "GET /tonga.html HTTP/1.1" 404 89 "-" "Mozilla/5.0 (compatible; Baiduspider/2.0; +http://www.baidu.com/search/spider.html)" "www.saveaslave.com"
180.76.5.78 - - [07/Nov/2014:11:47:16 -0800] "GET /macoa.html HTTP/1.1" 404 89 "-" "Mozilla/5.0 (compatible; Baiduspider/2.0; +http://www.baidu.com/search/spider.html)" "www.saveaslave.com"
123.125.71.55 - - [07/Nov/2014:12:31:33 -0800] "GET /images/Netherlands_region.gif HTTP/1.1" 404 89 "http://image.baidu.com/i?ct=503316480&z=0&tn=baiduimagedetail" "Baiduspider-image+(+http://www.baidu.com/search/spider.htm)" "www.saveaslave.com"
66.249.69.103 - - [07/Nov/2014:12:38:29 -0800] "GET /niue.html HTTP/1.1" 404 89 "-" "Mozilla/5.0 (compatible; Googlebot/2.1; +http://www.google.com/bot.html)" "www.saveaslave.com"
157.55.39.240 - - [07/Nov/2014:12:40:14 -0800] "GET / HTTP/1.1" 200 23399 "-" "Mozilla/5.0 (compatible; bingbot/2.0; +http://www.bing.com/bingbot.htm)" "www.saveaslave.com"
208.115.113.86 - - [07/Nov/2014:13:12:14 -0800] "GET /panama HTTP/1.1" 404 89 "-" "Mozilla/5.0 (compatible; DotBot/1.1; http://www.opensiteexplorer.org/dotbot, help@moz.com)" "saveaslave.com"
208.115.113.86 - - [07/Nov/2014:13:12:44 -0800] "GET /iran.html HTTP/1.1" 404 89 "-" "Mozilla/5.0 (compatible; DotBot/1.1; http://www.opensiteexplorer.org/dotbot, help@moz.com)" "www.saveaslave.com"
208.115.113.86 - - [07/Nov/2014:13:12:44 -0800] "GET /qatar.html HTTP/1.1" 404 89 "-" "Mozilla/5.0 (compatible; DotBot/1.1; http://www.opensiteexplorer.org/dotbot, help@moz.com)" "www.saveaslave.com"
107.77.76.21 - - [07/Nov/2014:13:12:56 -0800] "GET /images/slaves.jpg HTTP/1.1" 200 64009 "http://dudamobile.saveaslave.com/" "Mozilla/5.0 (iPhone; CPU iPhone OS 7_1_2 like Mac OS X) AppleWebKit/537.51.2 (KHTML, like Gecko) Mobile/11D257 Twitter for iPhone" "saveaslave.com"
123.125.71.30 - - [07/Nov/2014:13:13:01 -0800] "GET /images/Morocco_region.gif HTTP/1.1" 404 89 "http://image.baidu.com/i?ct=503316480&z=0&tn=baiduimagedetail" "Baiduspider-image+(+http://www.baidu.com/search/spider.htm)" "www.saveaslave.com"
208.115.111.70 - - [07/Nov/2014:13:26:24 -0800] "GET / HTTP/1.1" 200 23399 "-" "Mozilla/5.0 (compatible; DotBot/1.1; http://www.opensiteexplorer.org/dotbot, help@moz.com)" "www.saveaslave.com"
220.181.108.83 - - [07/Nov/2014:13:56:29 -0800] "GET /images/Moldova_region.gif HTTP/1.1" 404 89 "http://image.baidu.com/i?ct=503316480&z=0&tn=baiduimagedetail" "Baiduspider-image+(+http://www.baidu.com/search/spider.htm)" "www.saveaslave.com"
72.37.249.108 - - [07/Nov/2014:14:18:07 -0800] "GET /images/countrymap/dominica.jpg HTTP/1.1" 200 13820 "http://dudamobile.saveaslave.com/" "Mozilla/5.0 (iPhone; CPU iPhone OS 8_1 like Mac OS X) AppleWebKit/600.1.4 (KHTML, like Gecko) Version/8.0 Mobile/12B411 Safari/600.1.4" "saveaslave.com"
72.37.249.108 - - [07/Nov/2014:14:18:09 -0800] "GET /images/givebtn.png HTTP/1.1" 200 26179 "http://dudamobile.saveaslave.com/" "Mozilla/5.0 (iPhone; CPU iPhone OS 8_1 like Mac OS X) AppleWebKit/600.1.4 (KHTML, like Gecko) Version/8.0 Mobile/12B411 Safari/600.1.4" "saveaslave.com"
87.113.138.185 - - [07/Nov/2014:14:24:12 -0800] "GET / HTTP/1.1" 200 23399 "http://t.co/MoR8lnFwqJ" "Mozilla/5.0 (Macintosh; Intel Mac OS X 10.8; rv:32.0) Gecko/20100101 Firefox/32.0" "saveaslave.com"
87.113.138.185 - - [07/Nov/2014:14:24:12 -0800] "GET /css/style.css HTTP/1.1" 200 600 "http://saveaslave.com/" "Mozilla/5.0 (Macintosh; Intel Mac OS X 10.8; rv:32.0) Gecko/20100101 Firefox/32.0" "saveaslave.com"
87.113.138.185 - - [07/Nov/2014:14:24:12 -0800] "GET /images/givebtn.png HTTP/1.1" 200 26179 "http://saveaslave.com/" "Mozilla/5.0 (Macintosh; Intel Mac OS X 10.8; rv:32.0) Gecko/20100101 Firefox/32.0" "saveaslave.com"
87.113.138.185 - - [07/Nov/2014:14:24:12 -0800] "GET /images/header.png HTTP/1.1" 200 84658 "http://saveaslave.com/" "Mozilla/5.0 (Macintosh; Intel Mac OS X 10.8; rv:32.0) Gecko/20100101 Firefox/32.0" "saveaslave.com"
