108.198.40.21 - - [06/Jul/2015:03:05:25 -0700] "GET /favicon.ico HTTP/1.1" 404 89 "http://www.saveaslave.com/burma.html" "Mozilla/5.0 (Macintosh; Intel Mac OS X 10_10_4) AppleWebKit/600.7.12 (KHTML, like Gecko) Version/8.0.7 Safari/600.7.12" "www.saveaslave.com"
85.227.55.18 - - [06/Jul/2015:03:06:27 -0700] "GET /malaysia.html HTTP/1.1" 200 5692 "-" "Mozilla/5.0 (Windows; U; Windows NT 5.1; en-US)" "www.saveaslave.com"
85.227.55.18 - - [06/Jul/2015:03:07:18 -0700] "GET /western-sahara.html HTTP/1.1" 200 5749 "-" "Mozilla/5.0 (Windows; U; Windows NT 5.1; en-US)" "www.saveaslave.com"
65.36.241.48 - - [06/Jul/2015:03:11:22 -0700] "HEAD / HTTP/1.1" 200 0 "-" "InternetSeer.com" "www.saveaslave.com"
66.249.73.183 - - [06/Jul/2015:03:21:41 -0700] "GET /robots.txt HTTP/1.1" 404 89 "-" "Mozilla/5.0 (compatible; Googlebot/2.1; +http://www.google.com/bot.html)" "www.saveaslave.com"
85.227.55.18 - - [06/Jul/2015:03:28:28 -0700] "GET /morocco.html HTTP/1.1" 200 5686 "-" "Mozilla/5.0 (Windows; U; Windows NT 5.1; en-US)" "www.saveaslave.com"
85.227.55.18 - - [06/Jul/2015:03:28:41 -0700] "GET /luxembourg.html HTTP/1.1" 200 5711 "-" "Mozilla/5.0 (Windows; U; Windows NT 5.1; en-US)" "www.saveaslave.com"
207.46.13.86 - - [06/Jul/2015:03:39:44 -0700] "GET /robots.txt HTTP/1.1" 404 89 "-" "Mozilla/5.0 (compatible; bingbot/2.0; +http://www.bing.com/bingbot.htm)" "www.saveaslave.com"
54.243.48.119 - - [06/Jul/2015:03:41:22 -0700] "GET / HTTP/1.1" 200 23412 "-" "Mozilla/5.0 (Windows; U; Windows NT 5.1; en-US; rv:1.9.2.8) Gecko/20100722 Firefox/3.6.8" "saveaslave.com"
182.118.22.204 - - [06/Jul/2015:03:41:55 -0700] "GET /robots.txt HTTP/1.1" 404 89 "http://www.saveaslave.com/robots.txt" "Mozilla/5.0 (compatible; MSIE 9.0; Windows NT 6.1; Trident/5.0); 360Spider(compatible; HaosouSpider; http://www.haosou.com/help/help_3_2.html)" "www.saveaslave.com"
88.106.56.112 - - [06/Jul/2015:03:42:34 -0700] "GET /solomon-islands.html HTTP/1.1" 200 5755 "https://www.google.co.uk/" "Mozilla/5.0 (Windows NT 6.3; WOW64) AppleWebKit/537.36 (KHTML, like Gecko) Chrome/43.0.2357.130 Safari/537.36" "www.saveaslave.com"
88.106.56.112 - - [06/Jul/2015:03:42:35 -0700] "GET /css/style.css HTTP/1.1" 200 1400 "http://www.saveaslave.com/solomon-islands.html" "Mozilla/5.0 (Windows NT 6.3; WOW64) AppleWebKit/537.36 (KHTML, like Gecko) Chrome/43.0.2357.130 Safari/537.36" "www.saveaslave.com"
88.106.56.112 - - [06/Jul/2015:03:42:35 -0700] "GET /images/header.png HTTP/1.1" 200 104524 "http://www.saveaslave.com/solomon-islands.html" "Mozilla/5.0 (Windows NT 6.3; WOW64) AppleWebKit/537.36 (KHTML, like Gecko) Chrome/43.0.2357.130 Safari/537.36" "www.saveaslave.com"
88.106.56.112 - - [06/Jul/2015:03:42:35 -0700] "GET /images/sas_button.gif HTTP/1.1" 200 2628 "http://www.saveaslave.com/solomon-islands.html" "Mozilla/5.0 (Windows NT 6.3; WOW64) AppleWebKit/537.36 (KHTML, like Gecko) Chrome/43.0.2357.130 Safari/537.36" "www.saveaslave.com"
88.106.56.112 - - [06/Jul/2015:03:42:35 -0700] "GET /images/countrymap/solomon-islands-flag.gif HTTP/1.1" 200 28751 "http://www.saveaslave.com/solomon-islands.html" "Mozilla/5.0 (Windows NT 6.3; WOW64) AppleWebKit/537.36 (KHTML, like Gecko) Chrome/43.0.2357.130 Safari/537.36" "www.saveaslave.com"
88.106.56.112 - - [06/Jul/2015:03:42:36 -0700] "GET /favicon.ico HTTP/1.1" 404 89 "http://www.saveaslave.com/solomon-islands.html" "Mozilla/5.0 (Windows NT 6.3; WOW64) AppleWebKit/537.36 (KHTML, like Gecko) Chrome/43.0.2357.130 Safari/537.36" "www.saveaslave.com"
62.24.181.134 - - [06/Jul/2015:03:43:07 -0700] "GET /solomon-islands.html HTTP/1.1" 200 5755 "http://www.saveaslave.com/solomon-islands.html" "Mozilla/4.0 (compatible; MSIE 8.0; Windows NT 5.1; Trident/4.0; .NET CLR 2.0.50727; .NET CLR 3.0.04506.648; .NET CLR 3.5.21022; .NET CLR 3.0.4506.2152; .NET CLR 3.5.30729; InfoPath.2)" "www.saveaslave.com"
180.76.15.148 - - [06/Jul/2015:03:44:10 -0700] "GET /countries/finland.html HTTP/1.1" 404 89 "-" "Mozilla/5.0 (compatible; Baiduspider/2.0; +http://www.baidu.com/search/spider.html)" "www.saveaslave.com"
85.227.55.18 - - [06/Jul/2015:03:54:06 -0700] "GET /niue.html HTTP/1.1" 200 5656 "-" "Mozilla/5.0 (Windows; U; Windows NT 5.1; en-US)" "www.saveaslave.com"
151.80.31.118 - - [06/Jul/2015:03:56:46 -0700] "GET /somalia.html HTTP/1.1" 200 5683 "-" "Mozilla/5.0 (compatible; AhrefsBot/5.0; +http://ahrefs.com/robot/)" "www.saveaslave.com"
123.125.71.116 - - [06/Jul/2015:03:57:53 -0700] "GET /united-states.html HTTP/1.1" 200 6008 "-" "Mozilla/5.0 (compatible; Baiduspider/2.0; +http://www.baidu.com/search/spider.html)" "www.saveaslave.com"
180.76.15.151 - - [06/Jul/2015:03:59:10 -0700] "GET /countries/united-states.html HTTP/1.1" 404 89 "-" "Mozilla/5.0 (compatible; Baiduspider/2.0; +http://www.baidu.com/search/spider.html)" "www.saveaslave.com"
82.82.64.37 - - [06/Jul/2015:04:04:14 -0700] "GET /jquery-1.3.2.min.js HTTP/1.1" 200 57254 "http://saveaslave.com/" "Mozilla/5.0 (Windows NT 6.1; WOW64; rv:39.0) Gecko/20100101 Firefox/39.0" "saveaslave.com"
82.82.64.37 - - [06/Jul/2015:04:04:14 -0700] "GET /jquery.marquee.js HTTP/1.1" 200 6560 "http://saveaslave.com/" "Mozilla/5.0 (Windows NT 6.1; WOW64; rv:39.0) Gecko/20100101 Firefox/39.0" "saveaslave.com"
82.82.64.37 - - [06/Jul/2015:04:04:15 -0700] "GET /images/sas_button.gif HTTP/1.1" 200 2628 "http://saveaslave.com/" "Mozilla/5.0 (Windows NT 6.1; WOW64; rv:39.0) Gecko/20100101 Firefox/39.0" "saveaslave.com"
82.82.64.37 - - [06/Jul/2015:04:04:17 -0700] "GET /favicon.ico HTTP/1.1" 404 89 "-" "Mozilla/5.0 (Windows NT 6.1; WOW64; rv:39.0) Gecko/20100101 Firefox/39.0" "saveaslave.com"
82.82.64.37 - - [06/Jul/2015:04:04:17 -0700] "GET /favicon.ico HTTP/1.1" 404 89 "-" "Mozilla/5.0 (Windows NT 6.1; WOW64; rv:39.0) Gecko/20100101 Firefox/39.0" "saveaslave.com"
192.195.95.80 - - [06/Jul/2015:04:16:14 -0700] "GET /images/countrymap/bosnia-herzegovina.jpg HTTP/1.1" 200 42063 "-" "Mozilla/5.0 (Windows NT 6.1; WOW64; Trident/7.0; rv:11.0) like Gecko" "www.saveaslave.com"
5.152.19.244 - - [06/Jul/2015:04:17:10 -0700] "GET /images/countrymap/bosnia-herzegovina.jpg HTTP/1.1" 200 42063 "https://www.google.ge/" "Mozilla/5.0 (Windows NT 6.1; WOW64) AppleWebKit/537.36 (KHTML, like Gecko) Chrome/43.0.2357.130 Safari/537.36" "www.saveaslave.com"
111.206.36.144 - - [06/Jul/2015:04:20:46 -0700] "GET /images/countrymap/united-states-flag.gif HTTP/1.1" 200 26972 "-" "Mozilla/5.0 (Windows NT 5.1; rv:6.0.2) Gecko/20100101 Firefox/6.0.2" "www.saveaslave.com"
23.23.242.178 - - [06/Jul/2015:04:21:02 -0700] "GET /uruguay.html HTTP/1.1" 200 5686 "-" "Mozilla/5.0 (Windows; U; Windows NT 5.1; en-US; rv:1.9.2.8) Gecko/20100722 Firefox/3.6.8" "www.saveaslave.com"
151.80.31.118 - - [06/Jul/2015:04:37:26 -0700] "GET /cotw.html HTTP/1.1" 200 19078 "-" "Mozilla/5.0 (compatible; AhrefsBot/5.0; +http://ahrefs.com/robot/)" "saveaslave.com"
65.36.241.48 - - [06/Jul/2015:04:48:31 -0700] "HEAD / HTTP/1.1" 200 0 "-" "InternetSeer.com" "www.saveaslave.com"
207.46.13.86 - - [06/Jul/2015:04:57:52 -0700] "GET /images/countrymap/germany.gif HTTP/1.1" 200 20610 "-" "Mozilla/5.0 (compatible; bingbot/2.0; +http://www.bing.com/bingbot.htm)" "saveaslave.com"
151.80.31.118 - - [06/Jul/2015:04:59:12 -0700] "GET /holy-see.html HTTP/1.1" 200 5693 "-" "Mozilla/5.0 (compatible; AhrefsBot/5.0; +http://ahrefs.com/robot/)" "saveaslave.com"
82.82.64.37 - - [06/Jul/2015:05:10:18 -0700] "GET / HTTP/1.1" 200 23412 "-" "Mozilla/5.0 (Windows NT 6.1; WOW64; rv:39.0) Gecko/20100101 Firefox/39.0" "saveaslave.com"
212.76.241.75 - - [06/Jul/2015:05:20:20 -0700] "GET /images/countrymap/bosnia-herzegovina.jpg HTTP/1.1" 200 42063 "https://www.google.com.ph/" "Mozilla/5.0 (Macintosh; Intel Mac OS X 10_10) AppleWebKit/600.2.5 (KHTML, like Gecko) Version/8.0.2 Safari/600.2.5" "www.saveaslave.com"
180.76.15.161 - - [06/Jul/2015:05:26:23 -0700] "GET /jamaica.html HTTP/1.1" 200 5684 "-" "Mozilla/5.0 (compatible; Baiduspider/2.0; +http://www.baidu.com/search/spider.html)" "www.saveaslave.com"
157.55.39.186 - - [06/Jul/2015:05:26:55 -0700] "GET /robots.txt HTTP/1.1" 404 89 "-" "Mozilla/5.0 (compatible; bingbot/2.0; +http://www.bing.com/bingbot.htm)" "www.saveaslave.com"
151.80.31.118 - - [06/Jul/2015:05:28:02 -0700] "GET /western-sahara.html HTTP/1.1" 200 5749 "-" "Mozilla/5.0 (compatible; AhrefsBot/5.0; +http://ahrefs.com/robot/)" "www.saveaslave.com"
66.249.65.193 - - [06/Jul/2015:05:35:04 -0700] "GET /robots.txt HTTP/1.1" 404 89 "-" "Mozilla/5.0 (compatible; Googlebot/2.1; +http://www.google.com/bot.html)" "saveaslave.com"
157.55.39.187 - - [06/Jul/2015:05:35:30 -0700] "GET /images/countrymap/tokelau-flag.jpg HTTP/1.1" 404 89 "-" "Mozilla/5.0 (compatible; bingbot/2.0; +http://www.bing.com/bingbot.htm)" "www.saveaslave.com"
23.23.242.178 - - [06/Jul/2015:05:36:49 -0700] "GET /maldives.html HTTP/1.1" 200 5692 "-" "Mozilla/5.0 (Windows; U; Windows NT 5.1; en-US; rv:1.9.2.8) Gecko/20100722 Firefox/3.6.8" "www.saveaslave.com"
180.76.15.153 - - [06/Jul/2015:05:41:23 -0700] "GET /countries/sri-lanka.html HTTP/1.1" 404 89 "-" "Mozilla/5.0 (compatible; Baiduspider/2.0; +http://www.baidu.com/search/spider.html)" "www.saveaslave.com"
180.76.15.146 - - [06/Jul/2015:05:56:23 -0700] "GET /countries/india.html HTTP/1.1" 404 89 "-" "Mozilla/5.0 (compatible; Baiduspider/2.0; +http://www.baidu.com/search/spider.html)" "www.saveaslave.com"
207.46.13.78 - - [06/Jul/2015:05:58:14 -0700] "GET /robots.txt HTTP/1.1" 404 89 "-" "Mozilla/5.0 (compatible; bingbot/2.0; +http://www.bing.com/bingbot.htm)" "saveaslave.com"
207.46.13.78 - - [06/Jul/2015:05:58:32 -0700] "GET /images/countrymap/somalia.gif HTTP/1.1" 200 19842 "-" "Mozilla/5.0 (compatible; bingbot/2.0; +http://www.bing.com/bingbot.htm)" "saveaslave.com"
54.157.221.162 - - [06/Jul/2015:06:04:46 -0700] "GET /robots.txt HTTP/1.1" 404 89 "-" "Mozilla/5.0 (Windows NT 6.3; rv:36.0) Gecko/20100101 Firefox/36.0" "saveaslave.com"
54.157.221.162 - - [06/Jul/2015:06:04:47 -0700] "GET / HTTP/1.1" 200 23412 "-" "Mozilla/5.0 (Windows NT 6.3; rv:36.0) Gecko/20100101 Firefox/36.0" "saveaslave.com"
65.36.241.48 - - [06/Jul/2015:06:17:48 -0700] "HEAD / HTTP/1.1" 200 0 "-" "InternetSeer.com" "www.saveaslave.com"
207.46.13.78 - - [06/Jul/2015:06:17:58 -0700] "GET /robots.txt HTTP/1.1" 404 89 "-" "Mozilla/5.0 (compatible; bingbot/2.0; +http://www.bing.com/bingbot.htm)" "www.saveaslave.com"
207.46.13.78 - - [06/Jul/2015:06:20:19 -0700] "GET /images/countrymap/oman.gif HTTP/1.1" 200 16971 "-" "Mozilla/5.0 (compatible; bingbot/2.0; +http://www.bing.com/bingbot.htm)" "www.saveaslave.com"
180.76.15.160 - - [06/Jul/2015:06:26:23 -0700] "GET /argentina.html HTTP/1.1" 200 5636 "-" "Mozilla/5.0 (compatible; Baiduspider/2.0; +http://www.baidu.com/search/spider.html)" "www.saveaslave.com"
87.113.179.86 - - [06/Jul/2015:06:37:14 -0700] "GET /images/countrymap/solomon-islands.gif HTTP/1.1" 200 122217 "https://www.google.co.uk/" "Mozilla/5.0 (iPad; CPU OS 8_3 like Mac OS X) AppleWebKit/600.1.4 (KHTML, like Gecko) Version/8.0 Mobile/12F69 Safari/600.1.4" "www.saveaslave.com"
157.55.39.186 - - [06/Jul/2015:06:39:04 -0700] "GET /robots.txt HTTP/1.1" 404 89 "-" "Mozilla/5.0 (compatible; bingbot/2.0; +http://www.bing.com/bingbot.htm)" "saveaslave.com"
180.76.15.140 - - [06/Jul/2015:06:41:23 -0700] "GET /countries/turkmenistan.html HTTP/1.1" 404 89 "-" "Mozilla/5.0 (compatible; Baiduspider/2.0; +http://www.baidu.com/search/spider.html)" "www.saveaslave.com"
157.55.39.186 - - [06/Jul/2015:06:46:07 -0700] "GET /images/countrymap/benin.jpg HTTP/1.1" 200 52411 "-" "Mozilla/5.0 (compatible; bingbot/2.0; +http://www.bing.com/bingbot.htm)" "saveaslave.com"
207.46.13.78 - - [06/Jul/2015:06:48:39 -0700] "GET /images/countrymap/kiribati.gif HTTP/1.1" 200 30156 "-" "Mozilla/5.0 (compatible; bingbot/2.0; +http://www.bing.com/bingbot.htm)" "saveaslave.com"
23.23.242.178 - - [06/Jul/2015:06:52:37 -0700] "GET /iceland.html HTTP/1.1" 200 5684 "-" "Mozilla/5.0 (Windows; U; Windows NT 5.1; en-US; rv:1.9.2.8) Gecko/20100722 Firefox/3.6.8" "www.saveaslave.com"
207.46.13.78 - - [06/Jul/2015:07:18:29 -0700] "GET /robots.txt HTTP/1.1" 404 89 "-" "Mozilla/5.0 (compatible; bingbot/2.0; +http://www.bing.com/bingbot.htm)" "www.saveaslave.com"
72.168.96.125 - - [06/Jul/2015:07:25:19 -0700] "GET /css/style.css HTTP/1.1" 200 1400 "http://www.saveaslave.com/" "Mozilla/5.0 (Windows NT 6.1; WOW64; Trident/7.0; rv:11.0) like Gecko" "www.saveaslave.com"
72.168.96.125 - - [06/Jul/2015:07:25:19 -0700] "GET /jquery-1.3.2.min.js HTTP/1.1" 200 57254 "http://www.saveaslave.com/" "Mozilla/5.0 (Windows NT 6.1; WOW64; Trident/7.0; rv:11.0) like Gecko" "www.saveaslave.com"
72.168.96.125 - - [06/Jul/2015:07:25:19 -0700] "GET /images/header.png HTTP/1.1" 200 104524 "http://www.saveaslave.com/" "Mozilla/5.0 (Windows NT 6.1; WOW64; Trident/7.0; rv:11.0) like Gecko" "www.saveaslave.com"
72.168.96.125 - - [06/Jul/2015:07:25:19 -0700] "GET /jquery.marquee.js HTTP/1.1" 200 6560 "http://www.saveaslave.com/" "Mozilla/5.0 (Windows NT 6.1; WOW64; Trident/7.0; rv:11.0) like Gecko" "www.saveaslave.com"
72.168.96.125 - - [06/Jul/2015:07:25:19 -0700] "GET /images/slaves.jpg HTTP/1.1" 200 86777 "http://www.saveaslave.com/" "Mozilla/5.0 (Windows NT 6.1; WOW64; Trident/7.0; rv:11.0) like Gecko" "www.saveaslave.com"
72.168.96.125 - - [06/Jul/2015:07:25:20 -0700] "GET /addlink.php HTTP/1.1" 200 15984 "http://www.saveaslave.com/" "Mozilla/5.0 (Windows NT 6.1; WOW64; Trident/7.0; rv:11.0) like Gecko" "www.saveaslave.com"
72.168.96.125 - - [06/Jul/2015:07:25:41 -0700] "GET / HTTP/1.1" 200 23412 "-" "Mozilla/5.0 (Windows NT 6.1; WOW64; Trident/7.0; rv:11.0) like Gecko" "www.saveaslave.com"
72.168.96.125 - - [06/Jul/2015:07:25:41 -0700] "GET /images/sas_button.gif HTTP/1.1" 200 2628 "http://www.saveaslave.com/" "Mozilla/5.0 (Windows NT 6.1; WOW64; Trident/7.0; rv:11.0) like Gecko" "www.saveaslave.com"
72.168.96.125 - - [06/Jul/2015:07:25:41 -0700] "GET /images/slaves.jpg HTTP/1.1" 200 86777 "http://www.saveaslave.com/" "Mozilla/5.0 (Windows NT 6.1; WOW64; Trident/7.0; rv:11.0) like Gecko" "www.saveaslave.com"
72.168.96.125 - - [06/Jul/2015:07:25:53 -0700] "GET / HTTP/1.1" 200 23412 "-" "Mozilla/5.0 (Windows NT 6.1; WOW64; Trident/7.0; rv:11.0) like Gecko" "www.saveaslave.com"
72.168.96.125 - - [06/Jul/2015:07:25:54 -0700] "GET /addlink.php HTTP/1.1" 200 15984 "http://www.saveaslave.com/" "Mozilla/5.0 (Windows NT 6.1; WOW64; Trident/7.0; rv:11.0) like Gecko" "www.saveaslave.com"
72.168.96.125 - - [06/Jul/2015:07:25:54 -0700] "GET /images/slaves.jpg HTTP/1.1" 200 86777 "http://www.saveaslave.com/" "Mozilla/5.0 (Windows NT 6.1; WOW64; Trident/7.0; rv:11.0) like Gecko" "www.saveaslave.com"
72.168.96.125 - - [06/Jul/2015:07:25:55 -0700] "GET /css/style.css HTTP/1.1" 200 1400 "http://www.saveaslave.com/" "Mozilla/5.0 (Windows NT 6.1; WOW64; Trident/7.0; rv:11.0) like Gecko" "www.saveaslave.com"
72.168.96.125 - - [06/Jul/2015:07:25:55 -0700] "GET /jquery-1.3.2.min.js HTTP/1.1" 200 57254 "http://www.saveaslave.com/" "Mozilla/5.0 (Windows NT 6.1; WOW64; Trident/7.0; rv:11.0) like Gecko" "www.saveaslave.com"
72.168.96.125 - - [06/Jul/2015:07:25:55 -0700] "GET /jquery.marquee.js HTTP/1.1" 200 6560 "http://www.saveaslave.com/" "Mozilla/5.0 (Windows NT 6.1; WOW64; Trident/7.0; rv:11.0) like Gecko" "www.saveaslave.com"
207.46.13.78 - - [06/Jul/2015:07:29:53 -0700] "GET /images/countrymap/cyprus.gif HTTP/1.1" 200 19096 "-" "Mozilla/5.0 (compatible; bingbot/2.0; +http://www.bing.com/bingbot.htm)" "www.saveaslave.com"
74.101.188.213 - - [06/Jul/2015:07:35:19 -0700] "GET /images/countrymap/solomon-islands.gif HTTP/1.1" 200 122217 "https://www.google.com/" "Mozilla/5.0 (Macintosh; Intel Mac OS X 10_10_2) AppleWebKit/600.4.10 (KHTML, like Gecko) Version/8.0.4 Safari/600.4.10" "www.saveaslave.com"
207.46.13.86 - - [06/Jul/2015:07:37:02 -0700] "GET /robots.txt HTTP/1.1" 404 89 "-" "Mozilla/5.0 (compatible; bingbot/2.0; +http://www.bing.com/bingbot.htm)" "www.saveaslave.com"
64.233.173.234 - - [06/Jul/2015:07:37:18 -0700] "GET /images/countrymap/bosnia-herzegovina.jpg HTTP/1.1" 200 42063 "-" "Mozilla/5.0 (Windows NT 5.1; rv:11.0) Gecko Firefox/11.0 (via ggpht.com GoogleImageProxy)" "www.saveaslave.com"
65.36.241.48 - - [06/Jul/2015:07:42:37 -0700] "HEAD / HTTP/1.1" 200 0 "-" "InternetSeer.com" "www.saveaslave.com"
200.213.185.25 - - [06/Jul/2015:07:44:20 -0700] "GET /images/countrymap/bosnia-herzegovina.jpg HTTP/1.1" 200 42063 "https://www.google.com.br/" "Mozilla/5.0 (Windows NT 6.1; WOW64) AppleWebKit/537.36 (KHTML, like Gecko) Chrome/43.0.2357.130 Safari/537.36" "www.saveaslave.com"
72.168.96.125 - - [06/Jul/2015:07:46:33 -0700] "GET / HTTP/1.1" 200 23412 "-" "Mozilla/5.0 (Windows NT 6.1; WOW64; Trident/7.0; rv:11.0) like Gecko" "www.saveaslave.com"
72.168.96.125 - - [06/Jul/2015:07:46:33 -0700] "GET /css/style.css HTTP/1.1" 200 1400 "http://www.saveaslave.com/" "Mozilla/5.0 (Windows NT 6.1; WOW64; Trident/7.0; rv:11.0) like Gecko" "www.saveaslave.com"
72.168.96.125 - - [06/Jul/2015:07:46:33 -0700] "GET /jquery-1.3.2.min.js HTTP/1.1" 200 57254 "http://www.saveaslave.com/" "Mozilla/5.0 (Windows NT 6.1; WOW64; Trident/7.0; rv:11.0) like Gecko" "www.saveaslave.com"
72.168.96.125 - - [06/Jul/2015:07:46:33 -0700] "GET /jquery.marquee.js HTTP/1.1" 200 6560 "http://www.saveaslave.com/" "Mozilla/5.0 (Windows NT 6.1; WOW64; Trident/7.0; rv:11.0) like Gecko" "www.saveaslave.com"
72.168.96.125 - - [06/Jul/2015:07:46:33 -0700] "GET /images/slaves.jpg HTTP/1.1" 200 86777 "http://www.saveaslave.com/" "Mozilla/5.0 (Windows NT 6.1; WOW64; Trident/7.0; rv:11.0) like Gecko" "www.saveaslave.com"
72.168.96.125 - - [06/Jul/2015:07:46:33 -0700] "GET /images/sas_button.gif HTTP/1.1" 200 2628 "http://www.saveaslave.com/" "Mozilla/5.0 (Windows NT 6.1; WOW64; Trident/7.0; rv:11.0) like Gecko" "www.saveaslave.com"
72.168.96.125 - - [06/Jul/2015:07:46:35 -0700] "GET /addlink.php HTTP/1.1" 200 15984 "http://www.saveaslave.com/" "Mozilla/5.0 (Windows NT 6.1; WOW64; Trident/7.0; rv:11.0) like Gecko" "www.saveaslave.com"
72.168.96.125 - - [06/Jul/2015:08:00:41 -0700] "GET / HTTP/1.1" 200 23412 "-" "Mozilla/5.0 (Windows NT 6.1; WOW64; Trident/7.0; rv:11.0) like Gecko" "www.saveaslave.com"
72.168.96.125 - - [06/Jul/2015:08:00:41 -0700] "GET /css/style.css HTTP/1.1" 200 1400 "http://www.saveaslave.com/" "Mozilla/5.0 (Windows NT 6.1; WOW64; Trident/7.0; rv:11.0) like Gecko" "www.saveaslave.com"
72.168.96.125 - - [06/Jul/2015:08:00:41 -0700] "GET /jquery-1.3.2.min.js HTTP/1.1" 200 57254 "http://www.saveaslave.com/" "Mozilla/5.0 (Windows NT 6.1; WOW64; Trident/7.0; rv:11.0) like Gecko" "www.saveaslave.com"
72.168.96.125 - - [06/Jul/2015:08:00:41 -0700] "GET /images/header.png HTTP/1.1" 200 104524 "http://www.saveaslave.com/" "Mozilla/5.0 (Windows NT 6.1; WOW64; Trident/7.0; rv:11.0) like Gecko" "www.saveaslave.com"
72.168.96.125 - - [06/Jul/2015:08:00:41 -0700] "GET /jquery.marquee.js HTTP/1.1" 200 6560 "http://www.saveaslave.com/" "Mozilla/5.0 (Windows NT 6.1; WOW64; Trident/7.0; rv:11.0) like Gecko" "www.saveaslave.com"
72.168.96.125 - - [06/Jul/2015:08:00:41 -0700] "GET /images/slaves.jpg HTTP/1.1" 200 86777 "http://www.saveaslave.com/" "Mozilla/5.0 (Windows NT 6.1; WOW64; Trident/7.0; rv:11.0) like Gecko" "www.saveaslave.com"
72.168.96.125 - - [06/Jul/2015:08:00:42 -0700] "GET /addlink.php HTTP/1.1" 200 15984 "http://www.saveaslave.com/" "Mozilla/5.0 (Windows NT 6.1; WOW64; Trident/7.0; rv:11.0) like Gecko" "www.saveaslave.com"
86.98.81.223 - - [06/Jul/2015:09:04:52 -0700] "GET /images/countrymap/bosnia-herzegovina.jpg HTTP/1.1" 200 42063 "https://www.google.ae/" "Mozilla/5.0 (Windows NT 6.1; WOW64) AppleWebKit/537.36 (KHTML, like Gecko) Chrome/43.0.2357.130 Safari/537.36" "www.saveaslave.com"
91.236.74.96 - - [06/Jul/2015:09:05:26 -0700] "GET /site/?page_id=28 HTTP/1.1" 404 89 "http://saveaslave.com/site/?page_id=28" "Mozilla/5.0 (Windows NT 6.1; rv:37.0) Gecko/20100101 Firefox/37.0" "saveaslave.com"
65.36.241.48 - - [06/Jul/2015:09:06:19 -0700] "HEAD / HTTP/1.1" 200 0 "-" "InternetSeer.com" "www.saveaslave.com"
130.211.120.38 - - [06/Jul/2015:09:14:09 -0700] "GET / HTTP/1.1" 200 23412 "-" "NerdyBot" "saveaslave.com"
23.23.242.178 - - [06/Jul/2015:09:24:10 -0700] "GET /brazil.html HTTP/1.1" 200 5651 "-" "Mozilla/5.0 (Windows; U; Windows NT 5.1; en-US; rv:1.9.2.8) Gecko/20100722 Firefox/3.6.8" "www.saveaslave.com"
72.168.98.118 - - [06/Jul/2015:09:24:45 -0700] "GET /css/style.css HTTP/1.1" 200 1400 "http://www.saveaslave.com/" "Mozilla/5.0 (Windows NT 6.1; WOW64; Trident/7.0; rv:11.0) like Gecko" "www.saveaslave.com"
72.168.98.118 - - [06/Jul/2015:09:24:45 -0700] "GET /jquery-1.3.2.min.js HTTP/1.1" 200 57254 "http://www.saveaslave.com/" "Mozilla/5.0 (Windows NT 6.1; WOW64; Trident/7.0; rv:11.0) like Gecko" "www.saveaslave.com"
72.168.98.118 - - [06/Jul/2015:09:24:45 -0700] "GET /images/header.png HTTP/1.1" 200 104524 "http://www.saveaslave.com/" "Mozilla/5.0 (Windows NT 6.1; WOW64; Trident/7.0; rv:11.0) like Gecko" "www.saveaslave.com"
72.168.98.118 - - [06/Jul/2015:09:24:45 -0700] "GET /jquery.marquee.js HTTP/1.1" 200 6560 "http://www.saveaslave.com/" "Mozilla/5.0 (Windows NT 6.1; WOW64; Trident/7.0; rv:11.0) like Gecko" "www.saveaslave.com"
72.168.98.118 - - [06/Jul/2015:09:24:46 -0700] "GET /addlink.php HTTP/1.1" 200 15984 "http://www.saveaslave.com/" "Mozilla/5.0 (Windows NT 6.1; WOW64; Trident/7.0; rv:11.0) like Gecko" "www.saveaslave.com"
201.41.118.218 - - [06/Jul/2015:09:47:31 -0700] "GET /css/style.css HTTP/1.1" 200 1400 "http://saveaslave.com/" "Mozilla/5.0 (Windows NT 6.1; WOW64) AppleWebKit/537.36 (KHTML, like Gecko) Chrome/35.0.1916.153 Safari/537.36" "saveaslave.com"
201.41.118.218 - - [06/Jul/2015:09:47:31 -0700] "GET /jquery-1.3.2.min.js HTTP/1.1" 200 57254 "http://saveaslave.com/" "Mozilla/5.0 (Windows NT 6.1; WOW64) AppleWebKit/537.36 (KHTML, like Gecko) Chrome/35.0.1916.153 Safari/537.36" "saveaslave.com"
201.41.118.218 - - [06/Jul/2015:09:47:31 -0700] "GET /jquery.marquee.js HTTP/1.1" 200 6560 "http://saveaslave.com/" "Mozilla/5.0 (Windows NT 6.1; WOW64) AppleWebKit/537.36 (KHTML, like Gecko) Chrome/35.0.1916.153 Safari/537.36" "saveaslave.com"
201.41.118.218 - - [06/Jul/2015:09:47:31 -0700] "GET /images/sas_button.gif HTTP/1.1" 200 2628 "http://saveaslave.com/" "Mozilla/5.0 (Windows NT 6.1; WOW64) AppleWebKit/537.36 (KHTML, like Gecko) Chrome/35.0.1916.153 Safari/537.36" "saveaslave.com"
201.41.118.218 - - [06/Jul/2015:09:47:31 -0700] "GET /images/header.png HTTP/1.1" 200 104524 "http://saveaslave.com/" "Mozilla/5.0 (Windows NT 6.1; WOW64) AppleWebKit/537.36 (KHTML, like Gecko) Chrome/35.0.1916.153 Safari/537.36" "saveaslave.com"
201.41.118.218 - - [06/Jul/2015:09:47:31 -0700] "GET /images/slaves.jpg HTTP/1.1" 200 86777 "http://saveaslave.com/" "Mozilla/5.0 (Windows NT 6.1; WOW64) AppleWebKit/537.36 (KHTML, like Gecko) Chrome/35.0.1916.153 Safari/537.36" "saveaslave.com"
201.41.118.218 - - [06/Jul/2015:09:47:32 -0700] "GET /images/sas_button.gif HTTP/1.1" 200 2628 "http://saveaslave.com/" "Mozilla/5.0 (Windows NT 6.1; WOW64) AppleWebKit/537.36 (KHTML, like Gecko) Chrome/35.0.1916.153 Safari/537.36" "saveaslave.com"
207.46.13.85 - - [06/Jul/2015:09:48:01 -0700] "GET /robots.txt HTTP/1.1" 404 89 "-" "Mozilla/5.0 (compatible; bingbot/2.0; +http://www.bing.com/bingbot.htm)" "saveaslave.com"
207.46.13.85 - - [06/Jul/2015:09:50:00 -0700] "GET /australia.html HTTP/1.1" 200 5637 "-" "Mozilla/5.0 (compatible; bingbot/2.0; +http://www.bing.com/bingbot.htm)" "saveaslave.com"
180.76.15.162 - - [06/Jul/2015:10:03:53 -0700] "GET /countries/montenegro.html HTTP/1.1" 404 89 "-" "Mozilla/5.0 (compatible; Baiduspider/2.0; +http://www.baidu.com/search/spider.html)" "www.saveaslave.com"
72.168.98.116 - - [06/Jul/2015:10:15:21 -0700] "GET /css/style.css HTTP/1.1" 200 1400 "http://www.saveaslave.com/" "Mozilla/5.0 (Windows NT 6.1; WOW64; Trident/7.0; rv:11.0) like Gecko" "www.saveaslave.com"
64.121.228.95 - - [06/Jul/2015:10:32:28 -0700] "GET /images/countrymap/bosnia-herzegovina.jpg HTTP/1.1" 200 42063 "-" "Mozilla/5.0 (iPhone; CPU iPhone OS 8_4 like Mac OS X) AppleWebKit/600.1.4 (KHTML, like Gecko) GSA/6.0.51363 Mobile/12H143 Safari/600.1.4" "www.saveaslave.com"
23.23.242.178 - - [06/Jul/2015:10:39:57 -0700] "GET /tajikistan.html HTTP/1.1" 200 5713 "-" "Mozilla/5.0 (Windows; U; Windows NT 5.1; en-US; rv:1.9.2.8) Gecko/20100722 Firefox/3.6.8" "www.saveaslave.com"
207.46.13.78 - - [06/Jul/2015:10:56:24 -0700] "GET /robots.txt HTTP/1.1" 404 89 "-" "Mozilla/5.0 (compatible; bingbot/2.0; +http://www.bing.com/bingbot.htm)" "saveaslave.com"
72.168.96.126 - - [06/Jul/2015:11:16:03 -0700] "GET /addlink.php HTTP/1.1" 200 15984 "http://www.saveaslave.com/" "Mozilla/5.0 (Windows NT 6.1; WOW64; Trident/7.0; rv:11.0) like Gecko" "www.saveaslave.com"
72.168.96.126 - - [06/Jul/2015:11:16:03 -0700] "GET /addlink.php HTTP/1.1" 200 15984 "http://www.saveaslave.com/" "Mozilla/5.0 (Windows NT 6.1; WOW64; Trident/7.0; rv:11.0) like Gecko" "www.saveaslave.com"
72.168.96.126 - - [06/Jul/2015:11:16:19 -0700] "GET / HTTP/1.1" 200 23412 "-" "Mozilla/5.0 (Windows NT 6.1; WOW64; Trident/7.0; rv:11.0) like Gecko" "www.saveaslave.com"
72.168.96.126 - - [06/Jul/2015:11:16:20 -0700] "GET /css/style.css HTTP/1.1" 200 1400 "http://www.saveaslave.com/" "Mozilla/5.0 (Windows NT 6.1; WOW64; Trident/7.0; rv:11.0) like Gecko" "www.saveaslave.com"
72.168.96.126 - - [06/Jul/2015:11:16:20 -0700] "GET /jquery.marquee.js HTTP/1.1" 200 6560 "http://www.saveaslave.com/" "Mozilla/5.0 (Windows NT 6.1; WOW64; Trident/7.0; rv:11.0) like Gecko" "www.saveaslave.com"
72.168.96.126 - - [06/Jul/2015:11:16:20 -0700] "GET /images/slaves.jpg HTTP/1.1" 200 86777 "http://www.saveaslave.com/" "Mozilla/5.0 (Windows NT 6.1; WOW64; Trident/7.0; rv:11.0) like Gecko" "www.saveaslave.com"
72.168.96.126 - - [06/Jul/2015:11:16:20 -0700] "GET /jquery-1.3.2.min.js HTTP/1.1" 200 57254 "http://www.saveaslave.com/" "Mozilla/5.0 (Windows NT 6.1; WOW64; Trident/7.0; rv:11.0) like Gecko" "www.saveaslave.com"
72.168.96.126 - - [06/Jul/2015:11:16:22 -0700] "GET /addlink.php HTTP/1.1" 200 15984 "http://www.saveaslave.com/" "Mozilla/5.0 (Windows NT 6.1; WOW64; Trident/7.0; rv:11.0) like Gecko" "www.saveaslave.com"
207.46.13.86 - - [06/Jul/2015:11:21:07 -0700] "GET /luxembourg HTTP/1.1" 200 5711 "-" "Mozilla/5.0 (compatible; bingbot/2.0; +http://www.bing.com/bingbot.htm)" "saveaslave.com"
66.249.73.183 - - [06/Jul/2015:11:25:25 -0700] "GET /images/countrymap/west-bank-flag.png HTTP/1.1" 200 1329 "-" "Googlebot-Image/1.0" "www.saveaslave.com"
66.249.73.191 - - [06/Jul/2015:11:25:52 -0700] "GET /images/countrymap/dominica-flag.gif HTTP/1.1" 200 1947 "-" "Googlebot-Image/1.0" "www.saveaslave.com"
66.249.73.191 - - [06/Jul/2015:11:37:54 -0700] "GET /images/countrymap/curacao-flag.png HTTP/1.1" 200 1121 "-" "Googlebot-Image/1.0" "www.saveaslave.com"
180.76.15.155 - - [06/Jul/2015:11:38:21 -0700] "GET /countries/singapore.html HTTP/1.1" 404 89 "-" "Mozilla/5.0 (compatible; Baiduspider/2.0; +http://www.baidu.com/search/spider.html)" "www.saveaslave.com"
65.36.241.48 - - [06/Jul/2015:11:47:32 -0700] "HEAD / HTTP/1.1" 200 0 "-" "InternetSeer.com" "www.saveaslave.com"
180.76.15.137 - - [06/Jul/2015:11:53:22 -0700] "GET /countries/iceland.html HTTP/1.1" 404 89 "-" "Mozilla/5.0 (compatible; Baiduspider/2.0; +http://www.baidu.com/search/spider.html)" "www.saveaslave.com"
73.19.29.154 - - [06/Jul/2015:11:55:37 -0700] "GET /images/countrymap/solomon-islands.gif HTTP/1.1" 200 122217 "https://www.google.com/" "Mozilla/5.0 (iPhone; CPU iPhone OS 8_4 like Mac OS X) AppleWebKit/600.1.4 (KHTML, like Gecko) Version/8.0 Mobile/12H143 Safari/600.1.4" "www.saveaslave.com"
54.243.48.119 - - [06/Jul/2015:11:55:44 -0700] "GET /mexico.html HTTP/1.1" 200 6067 "-" "Mozilla/5.0 (Windows; U; Windows NT 5.1; en-US; rv:1.9.2.8) Gecko/20100722 Firefox/3.6.8" "www.saveaslave.com"
207.46.13.78 - - [06/Jul/2015:11:56:38 -0700] "GET /australia HTTP/1.1" 200 5637 "-" "Mozilla/5.0 (compatible; bingbot/2.0; +http://www.bing.com/bingbot.htm)" "www.saveaslave.com"
201.141.153.63 - - [06/Jul/2015:11:57:45 -0700] "GET /images/countrymap/solomon-islands.gif HTTP/1.1" 200 122217 "https://www.google.com.mx/" "Mozilla/5.0 (iPad; CPU OS 8_3 like Mac OS X) AppleWebKit/600.1.4 (KHTML, like Gecko) Version/8.0 Mobile/12F69 Safari/600.1.4" "www.saveaslave.com"
66.249.73.175 - - [06/Jul/2015:12:04:40 -0700] "GET /images/countrymap/demoratic-republic-of-congo-flag.gif HTTP/1.1" 200 2263 "-" "Googlebot-Image/1.0" "www.saveaslave.com"
66.249.73.191 - - [06/Jul/2015:12:04:56 -0700] "GET /images/countrymap/sweden.jpg HTTP/1.1" 200 65113 "-" "Googlebot-Image/1.0" "www.saveaslave.com"
66.249.73.175 - - [06/Jul/2015:12:04:57 -0700] "GET /images/countrymap/british-virgin-islands.png HTTP/1.1" 200 18083 "-" "Googlebot-Image/1.0" "www.saveaslave.com"
66.249.73.191 - - [06/Jul/2015:12:04:57 -0700] "GET /images/countrymap/republic-of-congo.gif HTTP/1.1" 200 16974 "-" "Googlebot-Image/1.0" "www.saveaslave.com"
66.249.73.175 - - [06/Jul/2015:12:07:57 -0700] "GET /images/countrymap/uae.gif HTTP/1.1" 200 22226 "-" "Googlebot-Image/1.0" "www.saveaslave.com"
66.249.73.183 - - [06/Jul/2015:12:07:58 -0700] "GET /images/countrymap/turks-caicos-islands-flag.gif HTTP/1.1" 200 12273 "-" "Googlebot-Image/1.0" "www.saveaslave.com"
66.249.81.133 - - [06/Jul/2015:12:10:39 -0700] "GET /favicon.ico HTTP/1.1" 404 89 "-" "Mozilla/5.0 (Windows NT 6.1; rv:6.0) Gecko/20110814 Firefox/6.0 Google favicon" "saveaslave.com"
66.249.73.183 - - [06/Jul/2015:12:11:43 -0700] "GET /images/countrymap/us-virgin-islands.png HTTP/1.1" 200 16919 "-" "Googlebot-Image/1.0" "www.saveaslave.com"
5.248.255.192 - - [06/Jul/2015:12:14:00 -0700] "GET / HTTP/1.1" 200 23412 "http://raskrasok.net/" "Mozilla/4.0 (compatible; MSIE 4.01; Digital AlphaServer 1000A 4/233; Windows NT; Powered By 64-Bit Alpha Processor)" "saveaslave.com"
5.248.255.192 - - [06/Jul/2015:12:14:01 -0700] "GET / HTTP/1.1" 200 23412 "http://raskrasok.net/" "Mozilla/4.0 (compatible; MSIE 4.01; Digital AlphaServer 1000A 4/233; Windows NT; Powered By 64-Bit Alpha Processor)" "saveaslave.com"
121.54.44.91 - - [06/Jul/2015:12:34:25 -0700] "GET /images/countrymap/solomon-islands.gif HTTP/1.1" 200 122217 "-" "Mozilla/5.0 (iPad; CPU OS 7_1_2 like Mac OS X) AppleWebKit/537.51.2 (KHTML, like Gecko) GSA/6.0.51363 Mobile/11D257 Safari/9537.53" "www.saveaslave.com"
74.139.114.86 - - [06/Jul/2015:12:41:54 -0700] "GET /images/countrymap/bosnia-herzegovina.jpg HTTP/1.1" 200 42063 "https://www.google.com/" "Mozilla/5.0 (Windows NT 6.3; WOW64) AppleWebKit/537.36 (KHTML, like Gecko) Chrome/43.0.2357.130 Safari/537.36" "www.saveaslave.com"
180.76.15.155 - - [06/Jul/2015:12:42:07 -0700] "GET /countries/palau.html HTTP/1.1" 404 89 "-" "Mozilla/5.0 (compatible; Baiduspider/2.0; +http://www.baidu.com/search/spider.html)" "www.saveaslave.com"
201.55.31.131 - - [06/Jul/2015:12:56:45 -0700] "GET /images/countrymap/bosnia-herzegovina.jpg HTTP/1.1" 200 42063 "https://www.google.com.br/" "Mozilla/5.0 (Windows NT 6.1; WOW64) AppleWebKit/537.36 (KHTML, like Gecko) Chrome/43.0.2357.130 Safari/537.36" "www.saveaslave.com"
66.249.73.183 - - [06/Jul/2015:12:59:18 -0700] "GET /favicon.ico HTTP/1.1" 404 89 "-" "Googlebot-Image/1.0" "www.saveaslave.com"
65.36.241.48 - - [06/Jul/2015:13:04:12 -0700] "HEAD / HTTP/1.1" 200 0 "-" "InternetSeer.com" "www.saveaslave.com"
66.249.73.183 - - [06/Jul/2015:13:09:44 -0700] "GET /images/countrymap/slovenia.gif HTTP/1.1" 200 13091 "-" "Googlebot-Image/1.0" "www.saveaslave.com"
66.249.73.183 - - [06/Jul/2015:13:09:44 -0700] "GET /images/countrymap/slovenia-flag.gif HTTP/1.1" 200 14829 "-" "Googlebot-Image/1.0" "www.saveaslave.com"
72.168.96.123 - - [06/Jul/2015:13:12:04 -0700] "GET /addlink.php HTTP/1.1" 200 15984 "http://www.saveaslave.com/" "Mozilla/5.0 (Windows NT 6.1; WOW64; Trident/7.0; rv:11.0) like Gecko" "www.saveaslave.com"
72.168.96.123 - - [06/Jul/2015:13:12:04 -0700] "GET /addlink.php HTTP/1.1" 200 15984 "http://www.saveaslave.com/" "Mozilla/5.0 (Windows NT 6.1; WOW64; Trident/7.0; rv:11.0) like Gecko" "www.saveaslave.com"
180.76.15.154 - - [06/Jul/2015:13:15:23 -0700] "GET /monaco HTTP/1.1" 200 5674 "-" "Mozilla/5.0 (compatible; Baiduspider/2.0; +http://www.baidu.com/search/spider.html)" "www.saveaslave.com"
94.142.238.187 - - [06/Jul/2015:13:16:55 -0700] "GET /images/countrymap/solomon-islands.gif HTTP/1.1" 200 122217 "https://www.google.cz/" "Mozilla/5.0 (Windows NT 6.1; WOW64) AppleWebKit/537.36 (KHTML, like Gecko) Chrome/43.0.2357.130 Safari/537.36" "www.saveaslave.com"
72.168.96.123 - - [06/Jul/2015:13:18:37 -0700] "GET / HTTP/1.1" 200 23412 "-" "Mozilla/5.0 (Windows NT 6.1; WOW64; Trident/7.0; rv:11.0) like Gecko" "www.saveaslave.com"
72.168.96.123 - - [06/Jul/2015:13:18:39 -0700] "GET /css/style.css HTTP/1.1" 200 1400 "http://www.saveaslave.com/" "Mozilla/5.0 (Windows NT 6.1; WOW64; Trident/7.0; rv:11.0) like Gecko" "www.saveaslave.com"
72.168.96.123 - - [06/Jul/2015:13:18:39 -0700] "GET /jquery-1.3.2.min.js HTTP/1.1" 200 57254 "http://www.saveaslave.com/" "Mozilla/5.0 (Windows NT 6.1; WOW64; Trident/7.0; rv:11.0) like Gecko" "www.saveaslave.com"
72.168.96.123 - - [06/Jul/2015:13:18:39 -0700] "GET /images/slaves.jpg HTTP/1.1" 200 86777 "http://www.saveaslave.com/" "Mozilla/5.0 (Windows NT 6.1; WOW64; Trident/7.0; rv:11.0) like Gecko" "www.saveaslave.com"
72.168.96.123 - - [06/Jul/2015:13:18:39 -0700] "GET /jquery.marquee.js HTTP/1.1" 200 6560 "http://www.saveaslave.com/" "Mozilla/5.0 (Windows NT 6.1; WOW64; Trident/7.0; rv:11.0) like Gecko" "www.saveaslave.com"
72.168.96.123 - - [06/Jul/2015:13:18:39 -0700] "GET /images/header.png HTTP/1.1" 200 104524 "http://www.saveaslave.com/" "Mozilla/5.0 (Windows NT 6.1; WOW64; Trident/7.0; rv:11.0) like Gecko" "www.saveaslave.com"
72.168.96.123 - - [06/Jul/2015:13:18:41 -0700] "GET /addlink.php HTTP/1.1" 200 15984 "http://www.saveaslave.com/" "Mozilla/5.0 (Windows NT 6.1; WOW64; Trident/7.0; rv:11.0) like Gecko" "www.saveaslave.com"
66.249.73.191 - - [06/Jul/2015:13:21:41 -0700] "GET /images/countrymap/south-sudan.gif HTTP/1.1" 200 27422 "-" "Googlebot-Image/1.0" "www.saveaslave.com"
85.227.55.18 - - [06/Jul/2015:13:27:33 -0700] "GET /robots.txt HTTP/1.1" 404 89 "-" "Mozilla/5.0 (Windows; U; Windows NT 5.1; en-US)" "www.saveaslave.com"
85.227.55.18 - - [06/Jul/2015:13:27:33 -0700] "GET / HTTP/1.1" 200 23412 "-" "Mozilla/5.0 (Windows; U; Windows NT 5.1; en-US)" "www.saveaslave.com"
180.76.15.147 - - [06/Jul/2015:13:30:23 -0700] "GET /algeria.html HTTP/1.1" 200 5626 "-" "Mozilla/5.0 (compatible; Baiduspider/2.0; +http://www.baidu.com/search/spider.html)" "www.saveaslave.com"
207.46.13.86 - - [06/Jul/2015:13:39:03 -0700] "GET /robots.txt HTTP/1.1" 404 89 "-" "Mozilla/5.0 (compatible; bingbot/2.0; +http://www.bing.com/bingbot.htm)" "www.saveaslave.com"
177.47.143.91 - - [06/Jul/2015:13:40:10 -0700] "GET / HTTP/1.1" 200 23412 "http://success-seo.com/try.php?u=http://saveaslave.com" "Mozilla/5.0 (Windows NT 6.1; WOW64) AppleWebKit/537.36 (KHTML, like Gecko) Chrome/36.0.1985.143 Safari/537.36" "saveaslave.com"
177.47.143.91 - - [06/Jul/2015:13:40:10 -0700] "GET /css/style.css HTTP/1.1" 200 1400 "http://saveaslave.com/" "Mozilla/5.0 (Windows NT 6.1; WOW64) AppleWebKit/537.36 (KHTML, like Gecko) Chrome/36.0.1985.143 Safari/537.36" "saveaslave.com"
177.47.143.91 - - [06/Jul/2015:13:40:11 -0700] "GET /jquery-1.3.2.min.js HTTP/1.1" 200 57254 "http://saveaslave.com/" "Mozilla/5.0 (Windows NT 6.1; WOW64) AppleWebKit/537.36 (KHTML, like Gecko) Chrome/36.0.1985.143 Safari/537.36" "saveaslave.com"
177.47.143.91 - - [06/Jul/2015:13:40:11 -0700] "GET /images/sas_button.gif HTTP/1.1" 200 2628 "http://saveaslave.com/" "Mozilla/5.0 (Windows NT 6.1; WOW64) AppleWebKit/537.36 (KHTML, like Gecko) Chrome/36.0.1985.143 Safari/537.36" "saveaslave.com"
177.47.143.91 - - [06/Jul/2015:13:40:12 -0700] "GET /images/slaves.jpg HTTP/1.1" 200 86777 "http://saveaslave.com/" "Mozilla/5.0 (Windows NT 6.1; WOW64) AppleWebKit/537.36 (KHTML, like Gecko) Chrome/36.0.1985.143 Safari/537.36" "saveaslave.com"
177.47.143.91 - - [06/Jul/2015:13:40:12 -0700] "GET /jquery.marquee.js HTTP/1.1" 200 6560 "http://saveaslave.com/" "Mozilla/5.0 (Windows NT 6.1; WOW64) AppleWebKit/537.36 (KHTML, like Gecko) Chrome/36.0.1985.143 Safari/537.36" "saveaslave.com"
177.47.143.91 - - [06/Jul/2015:13:40:13 -0700] "GET /images/sas_button.gif HTTP/1.1" 200 2628 "http://saveaslave.com/" "Mozilla/5.0 (Windows NT 6.1; WOW64) AppleWebKit/537.36 (KHTML, like Gecko) Chrome/36.0.1985.143 Safari/537.36" "saveaslave.com"
177.47.143.91 - - [06/Jul/2015:13:40:14 -0700] "GET /addlink.php HTTP/1.1" 200 16020 "http://saveaslave.com/" "Mozilla/5.0 (Windows NT 6.1; WOW64) AppleWebKit/537.36 (KHTML, like Gecko) Chrome/36.0.1985.143 Safari/537.36" "www.saveaslave.com"
180.76.15.134 - - [06/Jul/2015:13:45:23 -0700] "GET /countries/sudan.html HTTP/1.1" 404 89 "-" "Mozilla/5.0 (compatible; Baiduspider/2.0; +http://www.baidu.com/search/spider.html)" "www.saveaslave.com"
66.87.145.217 - - [06/Jul/2015:13:55:25 -0700] "GET /images/countrymap/wallis-futuna-flag.gif HTTP/1.1" 200 19646 "-" "Mozilla/5.0 (Linux; Android 4.4.2; HTC0P3P7 Build/KOT49H) AppleWebKit/537.36 (KHTML, like Gecko) Version/4.0 Chrome/30.0.0.0 Mobile Safari/537.36 GSA/4.6.10.19.arm" "www.saveaslave.com"
85.227.55.18 - - [06/Jul/2015:14:17:18 -0700] "GET /syria.html HTTP/1.1" 200 5668 "-" "Mozilla/5.0 (Windows; U; Windows NT 5.1; en-US)" "www.saveaslave.com"
157.55.39.187 - - [06/Jul/2015:14:17:24 -0700] "GET /robots.txt HTTP/1.1" 404 89 "-" "Mozilla/5.0 (compatible; bingbot/2.0; +http://www.bing.com/bingbot.htm)" "www.saveaslave.com"
85.227.55.18 - - [06/Jul/2015:14:21:22 -0700] "GET /mexico.html HTTP/1.1" 200 6067 "-" "Mozilla/5.0 (Windows; U; Windows NT 5.1; en-US)" "www.saveaslave.com"
65.36.241.48 - - [06/Jul/2015:14:24:34 -0700] "HEAD / HTTP/1.1" 200 0 "-" "InternetSeer.com" "www.saveaslave.com"
54.243.48.119 - - [06/Jul/2015:14:27:18 -0700] "GET /venezuela.html HTTP/1.1" 200 5704 "-" "Mozilla/5.0 (Windows; U; Windows NT 5.1; en-US; rv:1.9.2.8) Gecko/20100722 Firefox/3.6.8" "www.saveaslave.com"
157.55.39.187 - - [06/Jul/2015:14:32:28 -0700] "GET /images/countrymap/guyana.gif HTTP/1.1" 200 17817 "-" "Mozilla/5.0 (compatible; bingbot/2.0; +http://www.bing.com/bingbot.htm)" "www.saveaslave.com"
207.46.13.86 - - [06/Jul/2015:14:33:29 -0700] "GET /philippines.html HTTP/1.1" 200 5719 "-" "Mozilla/5.0 (compatible; bingbot/2.0; +http://www.bing.com/bingbot.htm)" "saveaslave.com"
162.156.170.10 - - [06/Jul/2015:14:37:04 -0700] "GET /images/countrymap/solomon-islands.gif HTTP/1.1" 200 122217 "https://www.google.ca/" "Mozilla/5.0 (Windows NT 6.1; WOW64) AppleWebKit/537.36 (KHTML, like Gecko) Chrome/43.0.2357.130 Safari/537.36" "www.saveaslave.com"
66.249.73.175 - - [06/Jul/2015:14:37:56 -0700] "GET /images/countrymap/china.jpg HTTP/1.1" 200 65959 "-" "Googlebot-Image/1.0" "www.saveaslave.com"
66.249.73.175 - - [06/Jul/2015:14:38:01 -0700] "GET /images/countrymap/central-african-republic-flag.jpg HTTP/1.1" 200 773 "-" "Googlebot-Image/1.0" "www.saveaslave.com"
92.251.100.174 - - [06/Jul/2015:14:39:34 -0700] "GET /images/countrymap/solomon-islands.gif HTTP/1.1" 200 122217 "-" "Mozilla/5.0 (Linux; U; Android 4.3; en-gb; GT-I9300 Build/JSS15J) AppleWebKit/534.30 (KHTML, like Gecko) Version/4.0 Mobile Safari/534.30 GSA/4.7.13.16.arm" "www.saveaslave.com"
85.227.55.18 - - [06/Jul/2015:14:41:49 -0700] "GET /chad.html HTTP/1.1" 200 5641 "-" "Mozilla/5.0 (Windows; U; Windows NT 5.1; en-US)" "www.saveaslave.com"
180.76.15.161 - - [06/Jul/2015:14:44:04 -0700] "GET /iran.html HTTP/1.1" 200 5657 "-" "Mozilla/5.0 (compatible; Baiduspider/2.0; +http://www.baidu.com/search/spider.html)" "www.saveaslave.com"
207.46.13.78 - - [06/Jul/2015:14:51:02 -0700] "GET /images/countrymap/guyana.gif HTTP/1.1" 200 17817 "-" "Mozilla/5.0 (compatible; bingbot/2.0; +http://www.bing.com/bingbot.htm)" "www.saveaslave.com"
66.249.88.129 - - [06/Jul/2015:14:54:50 -0700] "GET /images/countrymap/bosnia-herzegovina.jpg HTTP/1.1" 200 42063 "-" "Mozilla/5.0 (Windows NT 5.1; rv:11.0) Gecko Firefox/11.0 (via ggpht.com GoogleImageProxy)" "www.saveaslave.com"
85.227.55.18 - - [06/Jul/2015:14:57:36 -0700] "GET /tunisia.html HTTP/1.1" 200 5686 "-" "Mozilla/5.0 (Windows; U; Windows NT 5.1; en-US)" "www.saveaslave.com"
85.227.55.18 - - [06/Jul/2015:15:00:05 -0700] "GET /palau.html HTTP/1.1" 200 5665 "-" "Mozilla/5.0 (Windows; U; Windows NT 5.1; en-US)" "www.saveaslave.com"
68.49.44.161 - - [06/Jul/2015:15:05:18 -0700] "GET /images/countrymap/bosnia-herzegovina.jpg HTTP/1.1" 200 42063 "-" "Mozilla/5.0 (Windows NT 6.1; WOW64; rv:38.0) Gecko/20100101 Firefox/38.0" "www.saveaslave.com"
85.227.55.18 - - [06/Jul/2015:15:06:11 -0700] "GET /kuwait.html HTTP/1.1" 200 5676 "-" "Mozilla/5.0 (Windows; U; Windows NT 5.1; en-US)" "www.saveaslave.com"
66.249.73.183 - - [06/Jul/2015:15:06:12 -0700] "GET /images/countrymap/botswana-flag.gif HTTP/1.1" 200 1208 "-" "Googlebot-Image/1.0" "www.saveaslave.com"
66.249.73.175 - - [06/Jul/2015:15:06:13 -0700] "GET /images/countrymap/dominican-republic-flag.gif HTTP/1.1" 200 1862 "-" "Googlebot-Image/1.0" "www.saveaslave.com"
66.249.73.183 - - [06/Jul/2015:15:06:13 -0700] "GET /images/countrymap/argentina-flag.gif HTTP/1.1" 200 1518 "-" "Googlebot-Image/1.0" "www.saveaslave.com"
207.46.13.86 - - [06/Jul/2015:15:09:54 -0700] "GET /gibraltar.html HTTP/1.1" 404 89 "-" "Mozilla/5.0 (compatible; bingbot/2.0; +http://www.bing.com/bingbot.htm)" "www.saveaslave.com"
107.77.76.119 - - [06/Jul/2015:15:13:08 -0700] "GET /images/countrymap/solomon-islands.gif HTTP/1.1" 200 122217 "https://www.google.com/" "Mozilla/5.0 (iPhone; CPU iPhone OS 8_1_2 like Mac OS X) AppleWebKit/600.1.4 (KHTML, like Gecko) CriOS/43.0.2357.61 Mobile/12B440 Safari/600.1.4" "www.saveaslave.com"
85.227.55.18 - - [06/Jul/2015:15:17:22 -0700] "GET /afghanistan.html HTTP/1.1" 200 5683 "-" "Mozilla/5.0 (Windows; U; Windows NT 5.1; en-US)" "www.saveaslave.com"
207.46.13.86 - - [06/Jul/2015:15:23:00 -0700] "GET /robots.txt HTTP/1.1" 404 89 "-" "Mozilla/5.0 (compatible; bingbot/2.0; +http://www.bing.com/bingbot.htm)" "www.saveaslave.com"
85.227.55.18 - - [06/Jul/2015:15:38:40 -0700] "GET /montenegro.html HTTP/1.1" 200 5711 "-" "Mozilla/5.0 (Windows; U; Windows NT 5.1; en-US)" "www.saveaslave.com"
54.243.48.119 - - [06/Jul/2015:15:43:05 -0700] "GET /bahamas.html HTTP/1.1" 200 5619 "-" "Mozilla/5.0 (Windows; U; Windows NT 5.1; en-US; rv:1.9.2.8) Gecko/20100722 Firefox/3.6.8" "www.saveaslave.com"
65.36.241.48 - - [06/Jul/2015:15:45:53 -0700] "HEAD / HTTP/1.1" 200 0 "-" "InternetSeer.com" "www.saveaslave.com"
207.46.13.86 - - [06/Jul/2015:15:51:30 -0700] "GET /botswana HTTP/1.1" 200 5669 "-" "Mozilla/5.0 (compatible; bingbot/2.0; +http://www.bing.com/bingbot.htm)" "saveaslave.com"
91.200.12.116 - - [06/Jul/2015:15:56:26 -0700] "GET / HTTP/1.1" 200 23412 "http://www.saveaslave.com/" "Mozilla/5.0 (Windows NT 6.1) AppleWebKit/537.36 (KHTML, like Gecko) Chrome/41.0.2272.101 Safari/537.36" "www.saveaslave.com"
91.200.12.116 - - [06/Jul/2015:15:56:26 -0700] "GET / HTTP/1.1" 200 23412 "http://www.saveaslave.com/" "Mozilla/5.0 (Windows NT 6.3; WOW64; rv:36.0) Gecko/20100101 Firefox/36.0" "www.saveaslave.com"
207.46.13.78 - - [06/Jul/2015:16:05:13 -0700] "GET /images/countrymap/guyana.gif HTTP/1.1" 304 - "-" "Mozilla/5.0 (compatible; bingbot/2.0; +http://www.bing.com/bingbot.htm)" "www.saveaslave.com"
66.249.73.191 - - [06/Jul/2015:16:05:53 -0700] "GET /robots.txt HTTP/1.1" 404 89 "-" "Mozilla/5.0 (compatible; Googlebot/2.1; +http://www.google.com/bot.html)" "www.saveaslave.com"
91.200.12.116 - - [06/Jul/2015:16:09:03 -0700] "GET / HTTP/1.1" 200 23412 "http://www.saveaslave.com/" "Mozilla/5.0 (Windows NT 6.1) AppleWebKit/537.36 (KHTML, like Gecko) Chrome/41.0.2272.101 Safari/537.36" "www.saveaslave.com"
66.249.73.191 - - [06/Jul/2015:16:28:44 -0700] "GET /images/countrymap/costa-rica.jpg HTTP/1.1" 200 17433 "-" "Googlebot-Image/1.0" "www.saveaslave.com"
85.227.55.18 - - [06/Jul/2015:16:29:45 -0700] "GET /mauritius.html HTTP/1.1" 200 5701 "-" "Mozilla/5.0 (Windows; U; Windows NT 5.1; en-US)" "www.saveaslave.com"
85.227.55.18 - - [06/Jul/2015:16:31:13 -0700] "GET /serbia.html HTTP/1.1" 200 5674 "-" "Mozilla/5.0 (Windows; U; Windows NT 5.1; en-US)" "www.saveaslave.com"
85.227.55.18 - - [06/Jul/2015:16:32:54 -0700] "GET /nauru.html HTTP/1.1" 200 5665 "-" "Mozilla/5.0 (Windows; U; Windows NT 5.1; en-US)" "www.saveaslave.com"
85.227.55.18 - - [06/Jul/2015:16:51:29 -0700] "GET /china.html HTTP/1.1" 200 5666 "-" "Mozilla/5.0 (Windows; U; Windows NT 5.1; en-US)" "www.saveaslave.com"
66.249.65.193 - - [06/Jul/2015:16:55:45 -0700] "GET /sitemap.xml HTTP/1.1" 404 89 "-" "Mozilla/5.0 (compatible; Googlebot/2.1; +http://www.google.com/bot.html)" "saveaslave.com"
23.23.242.178 - - [06/Jul/2015:16:58:52 -0700] "GET /sierra-leone.html HTTP/1.1" 200 5728 "-" "Mozilla/5.0 (Windows; U; Windows NT 5.1; en-US; rv:1.9.2.8) Gecko/20100722 Firefox/3.6.8" "www.saveaslave.com"
65.36.241.48 - - [06/Jul/2015:16:59:46 -0700] "HEAD / HTTP/1.1" 200 0 "-" "InternetSeer.com" "www.saveaslave.com"
207.46.13.85 - - [06/Jul/2015:17:07:22 -0700] "GET /images/countrymap/guyana.gif HTTP/1.1" 304 - "-" "Mozilla/5.0 (compatible; bingbot/2.0; +http://www.bing.com/bingbot.htm)" "www.saveaslave.com"
85.227.55.18 - - [06/Jul/2015:17:09:38 -0700] "GET /panama.html HTTP/1.1" 200 5674 "-" "Mozilla/5.0 (Windows; U; Windows NT 5.1; en-US)" "www.saveaslave.com"
85.227.55.18 - - [06/Jul/2015:17:10:44 -0700] "GET /lesotho.html HTTP/1.1" 200 5683 "-" "Mozilla/5.0 (Windows; U; Windows NT 5.1; en-US)" "www.saveaslave.com"
68.180.228.59 - - [06/Jul/2015:17:17:29 -0700] "GET /robots.txt HTTP/1.1" 404 89 "-" "Mozilla/5.0 (compatible; Yahoo! Slurp; http://help.yahoo.com/help/us/ysearch/slurp)" "www.saveaslave.com"
66.102.7.223 - - [06/Jul/2015:17:23:49 -0700] "GET /images/countrymap/solomon-islands.gif HTTP/1.1" 200 122217 "-" "Mozilla/5.0 (Windows NT 5.1; rv:11.0) Gecko Firefox/11.0 (via ggpht.com GoogleImageProxy)" "www.saveaslave.com"
85.227.55.18 - - [06/Jul/2015:17:28:29 -0700] "GET /british-virgin-islands.html HTTP/1.1" 200 5845 "-" "Mozilla/5.0 (Windows; U; Windows NT 5.1; en-US)" "www.saveaslave.com"
85.227.55.18 - - [06/Jul/2015:17:29:09 -0700] "GET /comoros.html HTTP/1.1" 200 5668 "-" "Mozilla/5.0 (Windows; U; Windows NT 5.1; en-US)" "www.saveaslave.com"
85.227.55.18 - - [06/Jul/2015:17:32:51 -0700] "GET /gabon.html HTTP/1.1" 200 5666 "-" "Mozilla/5.0 (Windows; U; Windows NT 5.1; en-US)" "www.saveaslave.com"
85.227.55.18 - - [06/Jul/2015:17:33:41 -0700] "GET /central-african-republic.html HTTP/1.1" 200 5821 "-" "Mozilla/5.0 (Windows; U; Windows NT 5.1; en-US)" "www.saveaslave.com"
85.227.55.18 - - [06/Jul/2015:17:33:48 -0700] "GET /zimbabwe.html HTTP/1.1" 200 5695 "-" "Mozilla/5.0 (Windows; U; Windows NT 5.1; en-US)" "www.saveaslave.com"
202.88.237.81 - - [06/Jul/2015:17:46:48 -0700] "GET /images/countrymap/solomon-islands.gif HTTP/1.1" 200 122217 "-" "Mozilla/5.0 (Windows NT 6.1; rv:38.0) Gecko/20100101 Firefox/38.0" "www.saveaslave.com"
202.88.237.81 - - [06/Jul/2015:17:46:52 -0700] "GET /solomon-islands.html HTTP/1.1" 200 5755 "http://www.google.co.in/url?sa=i&rct=j&q=&esrc=s&source=images&cd=&ved=0CAcQjRw&url=http%3A%2F%2Fwww.saveaslave.com%2Fsolomon-islands.html&ei=dyGbVcG7NcbmuQSH_6LADg&bvm=bv.96952980,d.c2E&psig=AFQjCNEIDg7HLDcmmmahFJZhyxMI3VhjVA&ust=1436316399540321" "Mozilla/5.0 (Windows NT 6.1; rv:38.0) Gecko/20100101 Firefox/38.0" "www.saveaslave.com"
202.88.237.81 - - [06/Jul/2015:17:46:52 -0700] "GET /css/style.css HTTP/1.1" 200 1400 "http://www.saveaslave.com/solomon-islands.html" "Mozilla/5.0 (Windows NT 6.1; rv:38.0) Gecko/20100101 Firefox/38.0" "www.saveaslave.com"
202.88.237.81 - - [06/Jul/2015:17:46:52 -0700] "GET /images/header.png HTTP/1.1" 200 104524 "http://www.saveaslave.com/solomon-islands.html" "Mozilla/5.0 (Windows NT 6.1; rv:38.0) Gecko/20100101 Firefox/38.0" "www.saveaslave.com"
202.88.237.81 - - [06/Jul/2015:17:46:53 -0700] "GET /images/countrymap/solomon-islands-flag.gif HTTP/1.1" 200 28751 "http://www.saveaslave.com/solomon-islands.html" "Mozilla/5.0 (Windows NT 6.1; rv:38.0) Gecko/20100101 Firefox/38.0" "www.saveaslave.com"
202.88.237.81 - - [06/Jul/2015:17:46:55 -0700] "GET /favicon.ico HTTP/1.1" 404 89 "-" "Mozilla/5.0 (Windows NT 6.1; rv:38.0) Gecko/20100101 Firefox/38.0" "www.saveaslave.com"
189.238.207.16 - - [06/Jul/2015:17:47:56 -0700] "GET / HTTP/1.1" 200 23412 "http://buttons-for-website.com" "Mozilla/5.0 (Windows NT 6.1; WOW64) AppleWebKit/537.36 (KHTML, like Gecko) Chrome/36.0.1985.143 Safari/537.36" "saveaslave.com"
189.238.207.16 - - [06/Jul/2015:17:47:57 -0700] "GET /css/style.css HTTP/1.1" 200 1400 "http://saveaslave.com/" "Mozilla/5.0 (Windows NT 6.1; WOW64) AppleWebKit/537.36 (KHTML, like Gecko) Chrome/36.0.1985.143 Safari/537.36" "saveaslave.com"
189.238.207.16 - - [06/Jul/2015:17:47:58 -0700] "GET /images/slaves.jpg HTTP/1.1" 200 86777 "http://saveaslave.com/" "Mozilla/5.0 (Windows NT 6.1; WOW64) AppleWebKit/537.36 (KHTML, like Gecko) Chrome/36.0.1985.143 Safari/537.36" "saveaslave.com"
189.238.207.16 - - [06/Jul/2015:17:48:12 -0700] "GET /jquery-1.3.2.min.js HTTP/1.1" 200 57254 "http://saveaslave.com/" "Mozilla/5.0 (Windows NT 6.1; WOW64) AppleWebKit/537.36 (KHTML, like Gecko) Chrome/36.0.1985.143 Safari/537.36" "saveaslave.com"
66.249.73.191 - - [06/Jul/2015:17:53:26 -0700] "GET /images/countrymap/zimbabwe-flag.jpg HTTP/1.1" 200 2177 "-" "Googlebot-Image/1.0" "www.saveaslave.com"
85.227.55.18 - - [06/Jul/2015:17:54:12 -0700] "GET /czech-republic.html HTTP/1.1" 200 5720 "-" "Mozilla/5.0 (Windows; U; Windows NT 5.1; en-US)" "www.saveaslave.com"
66.249.73.183 - - [06/Jul/2015:17:54:15 -0700] "GET /images/countrymap/zambia-flag.jpg HTTP/1.1" 200 1350 "-" "Googlebot-Image/1.0" "www.saveaslave.com"
66.249.73.191 - - [06/Jul/2015:17:54:51 -0700] "GET /images/countrymap/wake-island-flag.png HTTP/1.1" 200 6118 "-" "Googlebot-Image/1.0" "www.saveaslave.com"
