62.212.77.81 - - [06/Dec/2014:01:25:22 -0800] "GET /comoros.html HTTP/1.1" 200 5413 "-" "Mozilla/5.0 (compatible; Lipperhey SEO Service; http://www.lipperhey.com/)" "www.saveaslave.com"
62.212.77.81 - - [06/Dec/2014:01:25:24 -0800] "GET /marshall-islands.html HTTP/1.1" 200 5545 "-" "Mozilla/5.0 (compatible; Lipperhey SEO Service; http://www.lipperhey.com/)" "www.saveaslave.com"
62.212.77.81 - - [06/Dec/2014:01:25:25 -0800] "GET /bahamas.html HTTP/1.1" 200 5387 "-" "Mozilla/5.0 (compatible; Lipperhey SEO Service; http://www.lipperhey.com/)" "www.saveaslave.com"
62.212.77.81 - - [06/Dec/2014:01:25:26 -0800] "GET /belarus.html HTTP/1.1" 200 5417 "-" "Mozilla/5.0 (compatible; Lipperhey SEO Service; http://www.lipperhey.com/)" "www.saveaslave.com"
62.212.77.81 - - [06/Dec/2014:01:25:27 -0800] "GET /west-bank.html HTTP/1.1" 200 5489 "-" "Mozilla/5.0 (compatible; Lipperhey SEO Service; http://www.lipperhey.com/)" "www.saveaslave.com"
62.212.77.81 - - [06/Dec/2014:01:25:27 -0800] "GET /bhutan.html HTTP/1.1" 200 5396 "-" "Mozilla/5.0 (compatible; Lipperhey SEO Service; http://www.lipperhey.com/)" "www.saveaslave.com"
62.212.77.81 - - [06/Dec/2014:01:25:28 -0800] "GET /bangladesh.html HTTP/1.1" 200 5432 "-" "Mozilla/5.0 (compatible; Lipperhey SEO Service; http://www.lipperhey.com/)" "www.saveaslave.com"
62.212.77.81 - - [06/Dec/2014:01:25:29 -0800] "GET /sierra-leone.html HTTP/1.1" 200 5509 "-" "Mozilla/5.0 (compatible; Lipperhey SEO Service; http://www.lipperhey.com/)" "www.saveaslave.com"
68.180.228.114 - - [06/Dec/2014:01:47:43 -0800] "GET /robots.txt HTTP/1.1" 404 89 "-" "Mozilla/5.0 (compatible; Yahoo! Slurp; http://help.yahoo.com/help/us/ysearch/slurp)" "saveaslave.com"
162.210.196.130 - - [06/Dec/2014:01:50:47 -0800] "GET /robots.txt HTTP/1.1" 404 89 "-" "Mozilla/5.0 (compatible; MJ12bot/v1.4.5; http://www.majestic12.co.uk/bot.php?+)" "saveaslave.com"
162.210.196.130 - - [06/Dec/2014:01:50:49 -0800] "GET / HTTP/1.1" 200 29577 "-" "Mozilla/5.0 (compatible; MJ12bot/v1.4.5; http://www.majestic12.co.uk/bot.php?+)" "saveaslave.com"
65.36.241.77 - - [06/Dec/2014:02:18:02 -0800] "HEAD / HTTP/1.1" 200 0 "-" "InternetSeer.com" "www.saveaslave.com"
157.55.39.32 - - [06/Dec/2014:03:00:20 -0800] "GET /kiribati HTTP/1.1" 200 5473 "-" "Mozilla/5.0 (compatible; bingbot/2.0; +http://www.bing.com/bingbot.htm)" "www.saveaslave.com"
72.168.96.123 - - [06/Dec/2014:03:26:48 -0800] "GET / HTTP/1.1" 200 29577 "-" "Mozilla/5.0 (Windows NT 6.1; WOW64; Trident/7.0; yie11; rv:11.0) like Gecko" "www.saveaslave.com"
72.168.96.123 - - [06/Dec/2014:03:26:51 -0800] "GET /jquery.marquee.js HTTP/1.1" 200 6560 "http://www.saveaslave.com/" "Mozilla/5.0 (Windows NT 6.1; WOW64; Trident/7.0; yie11; rv:11.0) like Gecko" "www.saveaslave.com"
72.168.96.123 - - [06/Dec/2014:03:26:51 -0800] "GET /css/style.css HTTP/1.1" 200 660 "http://www.saveaslave.com/" "Mozilla/5.0 (Windows NT 6.1; WOW64; Trident/7.0; yie11; rv:11.0) like Gecko" "www.saveaslave.com"
72.168.96.123 - - [06/Dec/2014:03:26:51 -0800] "GET /jquery-1.3.2.min.js HTTP/1.1" 200 57254 "http://www.saveaslave.com/" "Mozilla/5.0 (Windows NT 6.1; WOW64; Trident/7.0; yie11; rv:11.0) like Gecko" "www.saveaslave.com"
72.168.96.123 - - [06/Dec/2014:03:26:52 -0800] "GET /images/givebtn.png HTTP/1.1" 200 26179 "http://www.saveaslave.com/" "Mozilla/5.0 (Windows NT 6.1; WOW64; Trident/7.0; yie11; rv:11.0) like Gecko" "www.saveaslave.com"
72.168.96.123 - - [06/Dec/2014:03:26:52 -0800] "GET /images/header.png HTTP/1.1" 200 84658 "http://www.saveaslave.com/" "Mozilla/5.0 (Windows NT 6.1; WOW64; Trident/7.0; yie11; rv:11.0) like Gecko" "www.saveaslave.com"
72.168.96.123 - - [06/Dec/2014:03:27:03 -0800] "GET /images/slaves.jpg HTTP/1.1" 200 64009 "http://www.saveaslave.com/" "Mozilla/5.0 (Windows NT 6.1; WOW64; Trident/7.0; yie11; rv:11.0) like Gecko" "www.saveaslave.com"
65.36.241.77 - - [06/Dec/2014:04:31:29 -0800] "HEAD / HTTP/1.1" 200 0 "-" "InternetSeer.com" "www.saveaslave.com"
66.249.75.106 - - [06/Dec/2014:04:46:28 -0800] "GET /images/Uruguay_region.gif HTTP/1.1" 404 89 "-" "Googlebot-Image/1.0" "saveaslave.com"
66.249.75.138 - - [06/Dec/2014:04:55:10 -0800] "GET /images/Uruguay_flag.gif HTTP/1.1" 404 89 "-" "Googlebot-Image/1.0" "saveaslave.com"
104.156.240.145 - - [06/Dec/2014:05:00:48 -0800] "GET /site/?p=2 HTTP/1.1" 404 89 "http://saveaslave.com/site/?p=2" "Mozilla/5.0 (Windows NT 6.3; WOW64) AppleWebKit/537.36 (KHTML, like Gecko) Chrome/36.0.1985.143 Safari/537.36 OPR/23.0.1522.77" "saveaslave.com"
66.249.69.183 - - [06/Dec/2014:05:01:43 -0800] "GET /images/countrymap/denmark-flag.jpg HTTP/1.1" 200 2789 "-" "Googlebot-Image/1.0" "www.saveaslave.com"
144.76.137.226 - - [06/Dec/2014:05:06:52 -0800] "GET /robots.txt HTTP/1.1" 404 89 "-" "Mozilla/5.0 (compatible; MJ12bot/v1.4.5; http://www.majestic12.co.uk/bot.php?+)" "www.saveaslave.com"
144.76.137.226 - - [06/Dec/2014:05:07:04 -0800] "GET /holy-see.html HTTP/1.0" 200 5473 "-" "Mozilla/5.0 (compatible; MJ12bot/v1.4.5; http://www.majestic12.co.uk/bot.php?+)" "www.saveaslave.com"
144.76.137.226 - - [06/Dec/2014:05:07:11 -0800] "GET /hong-kong.html HTTP/1.1" 200 5482 "-" "Mozilla/5.0 (compatible; MJ12bot/v1.4.5; http://www.majestic12.co.uk/bot.php?+)" "www.saveaslave.com"
178.137.94.34 - - [06/Dec/2014:05:12:18 -0800] "GET / HTTP/1.1" 200 29577 "http://www.kbaptupa.ru/" "Opera/8.00 (Windows NT 5.1; U; en)" "www.saveaslave.com"
109.92.50.225 - - [06/Dec/2014:05:31:18 -0800] "GET / HTTP/1.1" 200 29577 "http://semalt.semalt.com/crawler.php?u=http://saveaslave.com" "Mozilla/5.0 (Windows NT 6.1; WOW64) AppleWebKit/537.36 (KHTML, like Gecko) Chrome/36.0.1985.143 Safari/537.36" "saveaslave.com"
109.92.50.225 - - [06/Dec/2014:05:31:18 -0800] "GET /jquery-1.3.2.min.js HTTP/1.1" 200 57254 "http://saveaslave.com/" "Mozilla/5.0 (Windows NT 6.1; WOW64) AppleWebKit/537.36 (KHTML, like Gecko) Chrome/36.0.1985.143 Safari/537.36" "saveaslave.com"
109.92.50.225 - - [06/Dec/2014:05:31:18 -0800] "GET /css/style.css HTTP/1.1" 200 660 "http://saveaslave.com/" "Mozilla/5.0 (Windows NT 6.1; WOW64) AppleWebKit/537.36 (KHTML, like Gecko) Chrome/36.0.1985.143 Safari/537.36" "saveaslave.com"
109.92.50.225 - - [06/Dec/2014:05:31:18 -0800] "GET /images/header.png HTTP/1.1" 200 84658 "http://saveaslave.com/" "Mozilla/5.0 (Windows NT 6.1; WOW64) AppleWebKit/537.36 (KHTML, like Gecko) Chrome/36.0.1985.143 Safari/537.36" "saveaslave.com"
109.92.50.225 - - [06/Dec/2014:05:31:18 -0800] "GET /images/givebtn.png HTTP/1.1" 200 26179 "http://saveaslave.com/" "Mozilla/5.0 (Windows NT 6.1; WOW64) AppleWebKit/537.36 (KHTML, like Gecko) Chrome/36.0.1985.143 Safari/537.36" "saveaslave.com"
109.92.50.225 - - [06/Dec/2014:05:31:18 -0800] "GET /images/slaves.jpg HTTP/1.1" 200 64009 "http://saveaslave.com/" "Mozilla/5.0 (Windows NT 6.1; WOW64) AppleWebKit/537.36 (KHTML, like Gecko) Chrome/36.0.1985.143 Safari/537.36" "saveaslave.com"
65.36.241.77 - - [06/Dec/2014:05:35:34 -0800] "HEAD / HTTP/1.1" 200 0 "-" "InternetSeer.com" "www.saveaslave.com"
178.63.49.82 - - [06/Dec/2014:06:19:26 -0800] "GET /articles/moder%E2%80%A6 HTTP/1.0" 404 73 "-" "Mozilla/5.0 (compatible; MJ12bot/v1.4.5; http://www.majestic12.co.uk/bot.php?+)" "www.saveaslave.com"
65.36.241.77 - - [06/Dec/2014:06:38:54 -0800] "HEAD / HTTP/1.1" 200 0 "-" "InternetSeer.com" "www.saveaslave.com"
72.168.98.117 - - [06/Dec/2014:06:48:57 -0800] "GET /jquery-1.3.2.min.js HTTP/1.1" 200 57254 "http://www.saveaslave.com/" "Mozilla/5.0 (Windows NT 6.1; WOW64; Trident/7.0; yie11; rv:11.0) like Gecko" "www.saveaslave.com"
72.168.98.117 - - [06/Dec/2014:06:48:57 -0800] "GET /images/slaves.jpg HTTP/1.1" 200 64009 "http://www.saveaslave.com/" "Mozilla/5.0 (Windows NT 6.1; WOW64; Trident/7.0; yie11; rv:11.0) like Gecko" "www.saveaslave.com"
72.168.98.117 - - [06/Dec/2014:06:49:08 -0800] "GET /images/givebtn.png HTTP/1.1" 200 26179 "http://www.saveaslave.com/" "Mozilla/5.0 (Windows NT 6.1; WOW64; Trident/7.0; yie11; rv:11.0) like Gecko" "www.saveaslave.com"
207.46.13.74 - - [06/Dec/2014:07:03:10 -0800] "GET /robots.txt HTTP/1.1" 404 89 "-" "Mozilla/5.0 (compatible; bingbot/2.0; +http://www.bing.com/bingbot.htm)" "saveaslave.com"
91.207.8.46 - - [06/Dec/2014:07:06:27 -0800] "GET / HTTP/1.1" 200 29577 "http://master-remont-tehniki.ru/" "Mozilla/4.0 (compatible; MSIE 6.0; AOL 9.0; Windows NT 5.1)" "www.saveaslave.com"
157.55.39.99 - - [06/Dec/2014:07:11:59 -0800] "GET /gibraltar HTTP/1.1" 404 89 "-" "Mozilla/5.0 (compatible; bingbot/2.0; +http://www.bing.com/bingbot.htm)" "www.saveaslave.com"
46.28.68.155 - - [06/Dec/2014:07:42:58 -0800] "GET / HTTP/1.1" 200 29577 "-" "-" "saveaslave.com"
46.28.68.155 - - [06/Dec/2014:07:42:59 -0800] "GET /xmlrpc.php HTTP/1.1" 200 73 "-" "-" "saveaslave.com"
46.28.68.155 - - [06/Dec/2014:07:42:59 -0800] "GET /wp-login.php HTTP/1.1" 200 73 "-" "-" "saveaslave.com"
123.125.71.12 - - [06/Dec/2014:08:19:44 -0800] "GET /sitebuilder/images/Nav_Bar_Main-16-inactive-23532.png HTTP/1.1" 404 89 "http://image.baidu.com/i?ct=503316480&z=0&tn=baiduimagedetail" "Baiduspider-image+(+http://www.baidu.com/search/spider.htm)" "saveaslave.com"
86.99.210.84 - - [06/Dec/2014:09:33:36 -0800] "GET /css/style.css HTTP/1.1" 200 660 "http://www.saveaslave.com/" "Mozilla/5.0 (Windows NT 6.1; WOW64) AppleWebKit/537.36 (KHTML, like Gecko) Chrome/35.0.1916.114 Safari/537.36" "www.saveaslave.com"
86.99.210.84 - - [06/Dec/2014:09:33:37 -0800] "GET /images/givebtn.png HTTP/1.1" 200 26179 "http://www.saveaslave.com/" "Mozilla/5.0 (Windows NT 6.1; WOW64) AppleWebKit/537.36 (KHTML, like Gecko) Chrome/35.0.1916.114 Safari/537.36" "www.saveaslave.com"
86.99.210.84 - - [06/Dec/2014:09:33:37 -0800] "GET /images/slaves.jpg HTTP/1.1" 200 64009 "http://www.saveaslave.com/" "Mozilla/5.0 (Windows NT 6.1; WOW64) AppleWebKit/537.36 (KHTML, like Gecko) Chrome/35.0.1916.114 Safari/537.36" "www.saveaslave.com"
86.99.210.84 - - [06/Dec/2014:09:34:23 -0800] "GET /favicon.ico HTTP/1.1" 404 89 "-" "Mozilla/5.0 (Windows NT 6.1; WOW64) AppleWebKit/537.36 (KHTML, like Gecko) Chrome/35.0.1916.114 Safari/537.36" "www.saveaslave.com"
72.168.98.115 - - [06/Dec/2014:09:35:38 -0800] "GET / HTTP/1.1" 200 29577 "http://r.search.yahoo.com/_ylt=A0SO8z9WPoNU_f4AO0HBGOd_;_ylu=X3oDMTByaDNhc2JxBHNlYwNzcgRwb3MDMQRjb2xvA2dxMQR2dGlkAw--/RV=2/RE=1417916118/RO=10/RU=http%3a%2f%2fsaveaslave.com%2f/RK=0/RS=Y1oL4BDWfWmO8RD6NBUUpyU6roA-" "Mozilla/5.0 (iPad; CPU OS 8_1_1 like Mac OS X) AppleWebKit/600.1.4 (KHTML, like Gecko) Version/8.0 Mobile/12B435 Safari/600.1.4" "saveaslave.com"
72.168.98.115 - - [06/Dec/2014:09:35:38 -0800] "GET /jquery-1.3.2.min.js HTTP/1.1" 200 57254 "http://saveaslave.com/" "Mozilla/5.0 (iPad; CPU OS 8_1_1 like Mac OS X) AppleWebKit/600.1.4 (KHTML, like Gecko) Version/8.0 Mobile/12B435 Safari/600.1.4" "saveaslave.com"
72.168.98.115 - - [06/Dec/2014:09:35:38 -0800] "GET /jquery.marquee.js HTTP/1.1" 200 6560 "http://saveaslave.com/" "Mozilla/5.0 (iPad; CPU OS 8_1_1 like Mac OS X) AppleWebKit/600.1.4 (KHTML, like Gecko) Version/8.0 Mobile/12B435 Safari/600.1.4" "saveaslave.com"
72.168.98.115 - - [06/Dec/2014:09:35:38 -0800] "GET /images/slaves.jpg HTTP/1.1" 200 64009 "http://saveaslave.com/" "Mozilla/5.0 (iPad; CPU OS 8_1_1 like Mac OS X) AppleWebKit/600.1.4 (KHTML, like Gecko) Version/8.0 Mobile/12B435 Safari/600.1.4" "saveaslave.com"
72.168.98.115 - - [06/Dec/2014:09:35:49 -0800] "GET /images/header.png HTTP/1.1" 200 84658 "http://saveaslave.com/" "Mozilla/5.0 (iPad; CPU OS 8_1_1 like Mac OS X) AppleWebKit/600.1.4 (KHTML, like Gecko) Version/8.0 Mobile/12B435 Safari/600.1.4" "saveaslave.com"
65.36.241.77 - - [06/Dec/2014:09:47:48 -0800] "HEAD / HTTP/1.1" 200 0 "-" "InternetSeer.com" "www.saveaslave.com"
65.36.241.77 - - [06/Dec/2014:10:49:27 -0800] "HEAD / HTTP/1.1" 200 0 "-" "InternetSeer.com" "www.saveaslave.com"
61.135.189.175 - - [06/Dec/2014:11:00:44 -0800] "GET /robots.txt HTTP/1.1" 404 89 "-" "Sogou web spider/4.0(+http://www.sogou.com/docs/help/webmasters.htm#07)" "saveaslave.com"
61.135.189.175 - - [06/Dec/2014:11:01:45 -0800] "GET /site/xmlrpc.php?rsd HTTP/1.1" 404 89 "-" "Sogou web spider/4.0(+http://www.sogou.com/docs/help/webmasters.htm#07)" "saveaslave.com"
208.115.113.86 - - [06/Dec/2014:11:09:26 -0800] "GET /antigua-and-barbuda.html HTTP/1.1" 200 5462 "-" "Mozilla/5.0 (compatible; DotBot/1.1; http://www.opensiteexplorer.org/dotbot, help@moz.com)" "saveaslave.com"
188.165.15.60 - - [06/Dec/2014:11:17:07 -0800] "GET /united-states.html HTTP/1.1" 200 5525 "-" "Mozilla/5.0 (compatible; AhrefsBot/5.0; +http://ahrefs.com/robot/)" "www.saveaslave.com"
201.89.243.250 - - [06/Dec/2014:11:24:46 -0800] "GET / HTTP/1.1" 200 29577 "http://semalt.semalt.com/crawler.php?u=http://saveaslave.com" "Mozilla/5.0 (Windows NT 6.1; WOW64) AppleWebKit/537.36 (KHTML, like Gecko) Chrome/32.0.1700.107 Safari/537.36" "saveaslave.com"
201.89.243.250 - - [06/Dec/2014:11:24:46 -0800] "GET /jquery.marquee.js HTTP/1.1" 200 6560 "http://saveaslave.com/" "Mozilla/5.0 (Windows NT 6.1; WOW64) AppleWebKit/537.36 (KHTML, like Gecko) Chrome/32.0.1700.107 Safari/537.36" "saveaslave.com"
201.89.243.250 - - [06/Dec/2014:11:24:59 -0800] "GET /jquery-1.3.2.min.js HTTP/1.1" 200 57254 "http://saveaslave.com/" "Mozilla/5.0 (Windows NT 6.1; WOW64) AppleWebKit/537.36 (KHTML, like Gecko) Chrome/32.0.1700.107 Safari/537.36" "saveaslave.com"
201.89.243.250 - - [06/Dec/2014:11:25:00 -0800] "GET /images/slaves.jpg HTTP/1.1" 200 64009 "http://saveaslave.com/" "Mozilla/5.0 (Windows NT 6.1; WOW64) AppleWebKit/537.36 (KHTML, like Gecko) Chrome/32.0.1700.107 Safari/537.36" "saveaslave.com"
157.55.39.32 - - [06/Dec/2014:11:31:57 -0800] "GET /robots.txt HTTP/1.1" 404 89 "-" "Mozilla/5.0 (compatible; bingbot/2.0; +http://www.bing.com/bingbot.htm)" "www.saveaslave.com"
188.165.15.181 - - [06/Dec/2014:11:40:13 -0800] "GET /san-marino.html HTTP/1.1" 200 5491 "-" "Mozilla/5.0 (compatible; AhrefsBot/5.0; +http://ahrefs.com/robot/)" "www.saveaslave.com"
65.36.241.77 - - [06/Dec/2014:11:52:17 -0800] "HEAD / HTTP/1.1" 200 0 "-" "InternetSeer.com" "www.saveaslave.com"
65.36.241.76 - - [06/Dec/2014:13:01:11 -0800] "GET / HTTP/1.1" 200 29577 "-" "InternetSeer.com" "www.saveaslave.com"
65.36.241.77 - - [06/Dec/2014:14:03:49 -0800] "HEAD / HTTP/1.1" 200 0 "-" "InternetSeer.com" "www.saveaslave.com"
208.115.111.70 - - [06/Dec/2014:14:10:07 -0800] "GET /robots.txt HTTP/1.1" 404 89 "-" "Mozilla/5.0 (compatible; DotBot/1.1; http://www.opensiteexplorer.org/dotbot, help@moz.com)" "www.saveaslave.com"
178.137.165.25 - - [06/Dec/2014:14:24:08 -0800] "GET / HTTP/1.1" 200 29577 "http://bet-prognoz.com/" "Opera/8.00 (Windows NT 5.1; U; en)" "www.saveaslave.com"
178.137.165.25 - - [06/Dec/2014:14:24:08 -0800] "GET / HTTP/1.1" 200 29577 "http://st-arenda.com/" "Opera/8.00 (Windows NT 5.1; U; en)" "www.saveaslave.com"
46.119.119.184 - - [06/Dec/2014:14:24:08 -0800] "GET / HTTP/1.1" 200 29577 "http://komputernaya-pomosh-moscow.ru/" "Opera/7.54 (Windows NT 5.1; U)  [pl]" "www.saveaslave.com"
46.119.119.184 - - [06/Dec/2014:14:24:08 -0800] "GET / HTTP/1.1" 200 29577 "http://minecraft-rus.org/" "Opera/7.54 (Windows NT 5.1; U)  [pl]" "www.saveaslave.com"
178.137.165.25 - - [06/Dec/2014:14:24:08 -0800] "GET / HTTP/1.1" 200 29577 "http://bet-prognoz.com/" "Opera/8.00 (Windows NT 5.1; U; en)" "www.saveaslave.com"
46.119.119.184 - - [06/Dec/2014:14:24:08 -0800] "GET / HTTP/1.1" 200 29577 "http://komputernaya-pomosh-moscow.ru/" "Opera/7.54 (Windows NT 5.1; U)  [pl]" "www.saveaslave.com"
46.119.119.184 - - [06/Dec/2014:14:24:09 -0800] "GET / HTTP/1.1" 200 29577 "http://fabrikaperevodov.ru/" "Opera/7.54 (Windows NT 5.1; U)  [pl]" "www.saveaslave.com"
178.137.165.25 - - [06/Dec/2014:14:24:09 -0800] "GET / HTTP/1.1" 200 29577 "http://st-arenda.com/" "Opera/8.00 (Windows NT 5.1; U; en)" "www.saveaslave.com"
178.137.165.25 - - [06/Dec/2014:14:24:09 -0800] "GET / HTTP/1.1" 200 29577 "http://bet-prognoz.com/" "Opera/8.00 (Windows NT 5.1; U; en)" "www.saveaslave.com"
46.119.119.184 - - [06/Dec/2014:14:24:09 -0800] "GET / HTTP/1.1" 200 29577 "http://minecraft-rus.org/" "Opera/7.54 (Windows NT 5.1; U)  [pl]" "www.saveaslave.com"
178.137.165.25 - - [06/Dec/2014:14:24:10 -0800] "GET / HTTP/1.1" 200 29577 "http://game-score.ru/rating/" "Opera/8.00 (Windows NT 5.1; U; en)" "www.saveaslave.com"
178.137.94.34 - - [06/Dec/2014:14:30:09 -0800] "GET / HTTP/1.1" 200 29577 "http://vse-v-internet.net/" "Mozilla/4.0 (compatible; MSIE 6.0; Windows NT 5.1)" "www.saveaslave.com"
178.137.94.34 - - [06/Dec/2014:14:30:09 -0800] "GET / HTTP/1.1" 200 29577 "http://retsepty.biz/" "Mozilla/5.0 (Windows NT 5.1; U; en) Opera 8.01" "www.saveaslave.com"
178.137.94.34 - - [06/Dec/2014:14:30:09 -0800] "GET / HTTP/1.1" 200 29577 "http://conexmin.ru/" "Mozilla/4.0 (compatible; MSIE 6.0; Windows NT 5.1)" "www.saveaslave.com"
178.137.94.34 - - [06/Dec/2014:14:30:10 -0800] "GET / HTTP/1.1" 200 29577 "http://ridder.asia/" "Mozilla/4.0 (compatible; MSIE 6.0; Windows NT 5.1)" "www.saveaslave.com"
178.137.94.34 - - [06/Dec/2014:14:30:10 -0800] "GET / HTTP/1.1" 200 29577 "http://conexmin.ru/" "Mozilla/4.0 (compatible; MSIE 6.0; Windows NT 5.1)" "www.saveaslave.com"
178.137.94.34 - - [06/Dec/2014:14:30:14 -0800] "GET / HTTP/1.1" 200 29577 "http://ridder.asia/" "Mozilla/4.0 (compatible; MSIE 6.0; Windows NT 5.1)" "www.saveaslave.com"
93.190.140.145 - - [06/Dec/2014:14:44:05 -0800] "GET / HTTP/1.1" 200 29577 "-" "Mozilla/5.0 (Windows NT 5.1; en-US; rv:1.9.1.3) Gecko/20100101 Firefox/8.0" "www.saveaslave.com"
93.190.140.145 - - [06/Dec/2014:14:44:07 -0800] "GET /andorra.html HTTP/1.1" 200 5386 "-" "Mozilla/5.0 (Windows NT 5.1; en-US; rv:1.9.1.3) Gecko/20100101 Firefox/8.0" "www.saveaslave.com"
93.190.140.145 - - [06/Dec/2014:14:44:07 -0800] "GET /republic-of-congo.html HTTP/1.1" 200 5503 "-" "Mozilla/5.0 (Windows NT 5.1; en-US; rv:1.9.1.3) Gecko/20100101 Firefox/8.0" "www.saveaslave.com"
93.190.140.145 - - [06/Dec/2014:14:44:10 -0800] "GET /albania.html HTTP/1.1" 200 5845 "-" "Mozilla/5.0 (Windows NT 5.1; en-US; rv:1.9.1.3) Gecko/20100101 Firefox/8.0" "www.saveaslave.com"
93.190.140.145 - - [06/Dec/2014:14:44:13 -0800] "GET /armenia.html HTTP/1.1" 200 5385 "-" "Mozilla/5.0 (Windows NT 5.1; en-US; rv:1.9.1.3) Gecko/20100101 Firefox/8.0" "www.saveaslave.com"
93.190.140.145 - - [06/Dec/2014:14:44:15 -0800] "GET /curacao.html HTTP/1.1" 200 5423 "-" "Mozilla/5.0 (Windows NT 5.1; en-US; rv:1.9.1.3) Gecko/20100101 Firefox/8.0" "www.saveaslave.com"
93.190.140.145 - - [06/Dec/2014:14:44:16 -0800] "GET /sudan.html HTTP/1.1" 200 5452 "-" "Mozilla/5.0 (Windows NT 5.1; en-US; rv:1.9.1.3) Gecko/20100101 Firefox/8.0" "www.saveaslave.com"
65.36.241.77 - - [06/Dec/2014:15:08:34 -0800] "HEAD / HTTP/1.1" 200 0 "-" "InternetSeer.com" "www.saveaslave.com"
23.23.242.178 - - [06/Dec/2014:15:49:12 -0800] "GET /tonga.html HTTP/1.1" 200 5453 "-" "Mozilla/5.0 (Windows; U; Windows NT 5.1; en-US; rv:1.9.2.8) Gecko/20100722 Firefox/3.6.8" "saveaslave.com"
72.168.98.117 - - [06/Dec/2014:16:08:43 -0800] "GET /jquery.marquee.js HTTP/1.1" 200 6560 "http://www.saveaslave.com/" "Mozilla/5.0 (Windows NT 6.1; WOW64; Trident/7.0; yie11; rv:11.0) like Gecko" "www.saveaslave.com"
72.168.98.117 - - [06/Dec/2014:16:08:43 -0800] "GET /jquery-1.3.2.min.js HTTP/1.1" 200 57254 "http://www.saveaslave.com/" "Mozilla/5.0 (Windows NT 6.1; WOW64; Trident/7.0; yie11; rv:11.0) like Gecko" "www.saveaslave.com"
72.168.98.117 - - [06/Dec/2014:16:08:43 -0800] "GET /images/slaves.jpg HTTP/1.1" 200 64009 "http://www.saveaslave.com/" "Mozilla/5.0 (Windows NT 6.1; WOW64; Trident/7.0; yie11; rv:11.0) like Gecko" "www.saveaslave.com"
178.137.128.163 - - [06/Dec/2014:16:15:27 -0800] "GET /index.html HTTP/1.1" 200 29955 "http://pronekut.com/news.php?readmore=61" "Mozilla/4.0 (compatible; MSIE 5.0; Windows 3.1)" "www.saveaslave.com"
69.64.41.236 - - [06/Dec/2014:16:22:01 -0800] "GET /robots.txt HTTP/1.0" 404 73 "-" "Mozilla/5.0 (compatible; MJ12bot/v1.4.5; http://www.majestic12.co.uk/bot.php?+)" "saveaslave.com"
123.125.71.97 - - [06/Dec/2014:16:44:30 -0800] "GET /democratic-republic-of-congo.html HTTP/1.1" 200 5592 "-" "Mozilla/5.0 (compatible; Baiduspider/2.0; +http://www.baidu.com/search/spider.html)" "saveaslave.com"
72.168.98.120 - - [06/Dec/2014:16:49:48 -0800] "GET /css/style.css HTTP/1.1" 200 660 "http://www.saveaslave.com/" "Mozilla/5.0 (Windows NT 6.1; WOW64; Trident/7.0; yie11; rv:11.0) like Gecko" "www.saveaslave.com"
72.168.98.120 - - [06/Dec/2014:16:49:48 -0800] "GET /images/givebtn.png HTTP/1.1" 200 26179 "http://www.saveaslave.com/" "Mozilla/5.0 (Windows NT 6.1; WOW64; Trident/7.0; yie11; rv:11.0) like Gecko" "www.saveaslave.com"
72.168.98.120 - - [06/Dec/2014:16:49:48 -0800] "GET /jquery.marquee.js HTTP/1.1" 200 6560 "http://www.saveaslave.com/" "Mozilla/5.0 (Windows NT 6.1; WOW64; Trident/7.0; yie11; rv:11.0) like Gecko" "www.saveaslave.com"
72.168.98.120 - - [06/Dec/2014:16:49:48 -0800] "GET /images/header.png HTTP/1.1" 200 65536 "http://www.saveaslave.com/" "Mozilla/5.0 (Windows NT 6.1; WOW64; Trident/7.0; yie11; rv:11.0) like Gecko" "www.saveaslave.com"
72.168.98.120 - - [06/Dec/2014:16:49:48 -0800] "GET /jquery-1.3.2.min.js HTTP/1.1" 200 57254 "http://www.saveaslave.com/" "Mozilla/5.0 (Windows NT 6.1; WOW64; Trident/7.0; yie11; rv:11.0) like Gecko" "www.saveaslave.com"
72.168.98.120 - - [06/Dec/2014:16:49:48 -0800] "GET /images/slaves.jpg HTTP/1.1" 200 64009 "http://www.saveaslave.com/" "Mozilla/5.0 (Windows NT 6.1; WOW64; Trident/7.0; yie11; rv:11.0) like Gecko" "www.saveaslave.com"
72.168.98.120 - - [06/Dec/2014:16:49:49 -0800] "GET / HTTP/1.1" 200 29577 "-" "Mozilla/5.0 (Windows NT 6.1; WOW64; Trident/7.0; yie11; rv:11.0) like Gecko" "www.saveaslave.com"
72.168.98.120 - - [06/Dec/2014:16:49:50 -0800] "GET /css/style.css HTTP/1.1" 200 660 "http://www.saveaslave.com/" "Mozilla/5.0 (Windows NT 6.1; WOW64; Trident/7.0; yie11; rv:11.0) like Gecko" "www.saveaslave.com"
72.168.98.120 - - [06/Dec/2014:16:49:50 -0800] "GET /jquery.marquee.js HTTP/1.1" 200 6560 "http://www.saveaslave.com/" "Mozilla/5.0 (Windows NT 6.1; WOW64; Trident/7.0; yie11; rv:11.0) like Gecko" "www.saveaslave.com"
65.36.241.77 - - [06/Dec/2014:17:14:30 -0800] "HEAD / HTTP/1.1" 200 0 "-" "InternetSeer.com" "www.saveaslave.com"
46.229.167.149 - - [06/Dec/2014:17:31:42 -0800] "GET / HTTP/1.1" 200 29577 "-" "Mozilla/5.0 (Windows NT 6.1; Win64; x64; rv:5.0) Gecko/20100101 Firefox/5.0" "www.saveaslave.com"
189.232.121.213 - - [06/Dec/2014:17:55:22 -0800] "GET /jquery-1.3.2.min.js HTTP/1.1" 200 57254 "http://saveaslave.com/" "Mozilla/5.0 (Windows NT 6.1; WOW64) AppleWebKit/537.36 (KHTML, like Gecko) Chrome/35.0.1916.153 Safari/537.36" "saveaslave.com"
189.232.121.213 - - [06/Dec/2014:17:55:23 -0800] "GET /images/givebtn.png HTTP/1.1" 200 26179 "http://saveaslave.com/" "Mozilla/5.0 (Windows NT 6.1; WOW64) AppleWebKit/537.36 (KHTML, like Gecko) Chrome/35.0.1916.153 Safari/537.36" "saveaslave.com"
72.168.96.125 - - [06/Dec/2014:18:08:16 -0800] "GET /jquery.marquee.js HTTP/1.1" 200 6560 "http://www.saveaslave.com/" "Mozilla/5.0 (Windows NT 6.1; WOW64; Trident/7.0; yie11; rv:11.0) like Gecko" "www.saveaslave.com"
72.168.96.125 - - [06/Dec/2014:18:08:16 -0800] "GET /images/givebtn.png HTTP/1.1" 200 26179 "http://www.saveaslave.com/" "Mozilla/5.0 (Windows NT 6.1; WOW64; Trident/7.0; yie11; rv:11.0) like Gecko" "www.saveaslave.com"
176.9.127.181 - - [06/Dec/2014:18:18:52 -0800] "GET /Andorra.html HTTP/1.1" 404 89 "-" "Mozilla/4.0 (compatible; MSIE 6.0; Windows 98; Win 9x4.90)" "www.saveaslave.com"
199.21.99.206 - - [06/Dec/2014:18:28:40 -0800] "GET /robots.txt HTTP/1.1" 404 89 "-" "Mozilla/5.0 (compatible; YandexBot/3.0; +http://yandex.com/bots)" "saveaslave.com"
66.249.69.183 - - [06/Dec/2014:19:26:58 -0800] "GET /images/countrymap/south-korea.gif HTTP/1.1" 200 48657 "-" "Googlebot-Image/1.0" "www.saveaslave.com"
188.165.15.181 - - [06/Dec/2014:19:34:31 -0800] "GET /australia.html HTTP/1.1" 200 5404 "-" "Mozilla/5.0 (compatible; AhrefsBot/5.0; +http://ahrefs.com/robot/)" "www.saveaslave.com"
65.36.241.79 - - [06/Dec/2014:19:34:33 -0800] "HEAD /?tpl=references&Itemid=3 HTTP/1.1" 200 0 "-" "InternetSeer.com" "www.saveaslave.com"
207.46.13.82 - - [06/Dec/2014:19:42:54 -0800] "GET /mali HTTP/1.1" 200 5437 "-" "Mozilla/5.0 (compatible; bingbot/2.0; +http://www.bing.com/bingbot.htm)" "saveaslave.com"
192.99.38.84 - - [06/Dec/2014:19:44:38 -0800] "GET / HTTP/1.1" 200 29577 "http://saveaslave.com" "Mozilla/4.0 (compatible; MSIE 6.0; Windows NT 5.1; SV1; MRA 5.8 (build 4157); .NET CLR 2.0.50727; AskTbPTV/5.11.3.15590)" "saveaslave.com"
192.99.38.84 - - [06/Dec/2014:19:44:38 -0800] "GET /democratic-republic-of-congo.html HTTP/1.1" 200 5592 "http://saveaslave.com" "Mozilla/4.0 (compatible; MSIE 6.0; Windows NT 5.1; SV1; MRA 5.8 (build 4157); .NET CLR 2.0.50727; AskTbPTV/5.11.3.15590)" "saveaslave.com"
66.249.69.183 - - [06/Dec/2014:19:52:19 -0800] "GET /images/countrymap/denmark.jpg HTTP/1.1" 200 23246 "-" "Googlebot-Image/1.0" "www.saveaslave.com"
66.249.69.215 - - [06/Dec/2014:19:54:15 -0800] "GET /images/China_region.gif HTTP/1.1" 404 89 "-" "Googlebot-Image/1.0" "www.saveaslave.com"
78.137.18.161 - - [06/Dec/2014:20:01:23 -0800] "HEAD / HTTP/1.1" 200 0 "http://www.saveaslave.com/" "Mozilla/4.0 (compatible; MSIE 6.0; Windows NT 5.1; SV1)" "www.saveaslave.com"
66.249.69.215 - - [06/Dec/2014:20:01:47 -0800] "GET /images/countrymap/south-korea-flag.gif HTTP/1.1" 200 6369 "-" "Googlebot-Image/1.0" "www.saveaslave.com"
91.207.8.46 - - [06/Dec/2014:20:14:16 -0800] "GET / HTTP/1.1" 200 29577 "http://liderpak.ru/" "Mozilla/1.22 (compatible; MSIE 2.0; Windows 95)" "www.saveaslave.com"
66.249.75.138 - - [06/Dec/2014:20:21:54 -0800] "GET /images/Uruguay_flag.gif HTTP/1.1" 404 89 "-" "Googlebot-Image/1.0" "saveaslave.com"
65.36.241.77 - - [06/Dec/2014:20:25:43 -0800] "HEAD / HTTP/1.1" 200 0 "-" "InternetSeer.com" "www.saveaslave.com"
201.88.27.51 - - [06/Dec/2014:20:43:27 -0800] "GET / HTTP/1.1" 200 29577 "http://semalt.semalt.com/crawler.php?u=http://saveaslave.com" "Mozilla/5.0 (Windows NT 6.1; WOW64) AppleWebKit/537.36 (KHTML, like Gecko) Chrome/35.0.1916.153 Safari/537.36" "saveaslave.com"
201.88.27.51 - - [06/Dec/2014:20:43:28 -0800] "GET /jquery.marquee.js HTTP/1.1" 200 6560 "http://saveaslave.com/" "Mozilla/5.0 (Windows NT 6.1; WOW64) AppleWebKit/537.36 (KHTML, like Gecko) Chrome/35.0.1916.153 Safari/537.36" "saveaslave.com"
201.88.27.51 - - [06/Dec/2014:20:43:28 -0800] "GET /jquery-1.3.2.min.js HTTP/1.1" 200 57254 "http://saveaslave.com/" "Mozilla/5.0 (Windows NT 6.1; WOW64) AppleWebKit/537.36 (KHTML, like Gecko) Chrome/35.0.1916.153 Safari/537.36" "saveaslave.com"
201.88.27.51 - - [06/Dec/2014:20:43:29 -0800] "GET /images/givebtn.png HTTP/1.1" 200 26179 "http://saveaslave.com/" "Mozilla/5.0 (Windows NT 6.1; WOW64) AppleWebKit/537.36 (KHTML, like Gecko) Chrome/35.0.1916.153 Safari/537.36" "saveaslave.com"
201.88.27.51 - - [06/Dec/2014:20:43:29 -0800] "GET /images/header.png HTTP/1.1" 200 84658 "http://saveaslave.com/" "Mozilla/5.0 (Windows NT 6.1; WOW64) AppleWebKit/537.36 (KHTML, like Gecko) Chrome/35.0.1916.153 Safari/537.36" "saveaslave.com"
201.88.27.51 - - [06/Dec/2014:20:43:29 -0800] "GET /images/slaves.jpg HTTP/1.1" 200 64009 "http://saveaslave.com/" "Mozilla/5.0 (Windows NT 6.1; WOW64) AppleWebKit/537.36 (KHTML, like Gecko) Chrome/35.0.1916.153 Safari/537.36" "saveaslave.com"
66.249.69.199 - - [06/Dec/2014:20:52:02 -0800] "GET /images/Palau_region.gif HTTP/1.1" 404 89 "-" "Googlebot-Image/1.0" "www.saveaslave.com"
200.89.154.130 - - [06/Dec/2014:20:52:46 -0800] "GET / HTTP/1.1" 200 29577 "http://semalt.semalt.com/crawler.php?u=http://saveaslave.com" "Mozilla/5.0 (Windows NT 6.1; WOW64) AppleWebKit/537.36 (KHTML, like Gecko) Chrome/36.0.1985.143 Safari/537.36" "saveaslave.com"
200.89.154.130 - - [06/Dec/2014:20:52:47 -0800] "GET /css/style.css HTTP/1.1" 200 660 "http://saveaslave.com/" "Mozilla/5.0 (Windows NT 6.1; WOW64) AppleWebKit/537.36 (KHTML, like Gecko) Chrome/36.0.1985.143 Safari/537.36" "saveaslave.com"
200.89.154.130 - - [06/Dec/2014:20:52:48 -0800] "GET /images/slaves.jpg HTTP/1.1" 200 64009 "http://saveaslave.com/" "Mozilla/5.0 (Windows NT 6.1; WOW64) AppleWebKit/537.36 (KHTML, like Gecko) Chrome/36.0.1985.143 Safari/537.36" "saveaslave.com"
123.125.71.90 - - [06/Dec/2014:20:57:03 -0800] "GET /marshall-islands.html HTTP/1.1" 200 5545 "-" "Mozilla/5.0 (compatible; Baiduspider/2.0; +http://www.baidu.com/search/spider.html)" "saveaslave.com"
222.77.83.231 - - [06/Dec/2014:21:08:53 -0800] "GET /site/?p=56 HTTP/1.1" 404 89 "-" "Mozilla/4.0 (compatible; MSIE 6.0; Windows NT 5.1)" "saveaslave.com"
222.77.83.231 - - [06/Dec/2014:21:08:54 -0800] "GET /site/?p=2 HTTP/1.1" 404 89 "-" "Mozilla/4.0 (compatible; MSIE 6.0; Windows NT 5.1; SV1; Mozilla/4.0 (compatible; MSIE 6.0; Windows NT 5.1; SV1) ; .NET CLR 2.0.50727 ; .NET CLR 4.0.30319)" "saveaslave.com"
222.77.83.231 - - [06/Dec/2014:21:09:00 -0800] "GET /site/?p=34 HTTP/1.1" 404 89 "-" "Mozilla/4.0 (compatible; MSIE 6.0; Windows NT 5.1; SV1; Mozilla/4.0 (compatible; MSIE 6.0; Windows NT 5.1; SV1) ; .NET CLR 2.0.50727 ; .NET CLR 4.0.30319)" "saveaslave.com"
123.125.71.13 - - [06/Dec/2014:21:23:13 -0800] "GET /suriname.html HTTP/1.1" 200 5480 "-" "Mozilla/5.0 (compatible; Baiduspider/2.0; +http://www.baidu.com/search/spider.html)" "saveaslave.com"
65.36.241.77 - - [06/Dec/2014:21:29:30 -0800] "HEAD / HTTP/1.1" 200 0 "-" "InternetSeer.com" "www.saveaslave.com"
220.181.108.155 - - [06/Dec/2014:22:22:44 -0800] "GET /nicaragua.html HTTP/1.1" 200 5482 "-" "Mozilla/5.0 (compatible; Baiduspider/2.0; +http://www.baidu.com/search/spider.html)" "saveaslave.com"
207.46.13.82 - - [06/Dec/2014:22:42:00 -0800] "GET /images/countrymap/sri-lanka.gif HTTP/1.1" 200 16468 "-" "Mozilla/5.0 (compatible; bingbot/2.0; +http://www.bing.com/bingbot.htm)" "saveaslave.com"
68.180.228.59 - - [06/Dec/2014:22:46:25 -0800] "GET /robots.txt HTTP/1.1" 404 89 "-" "Mozilla/5.0 (compatible; Yahoo! Slurp; http://help.yahoo.com/help/us/ysearch/slurp)" "www.saveaslave.com"
157.55.39.32 - - [06/Dec/2014:22:52:26 -0800] "GET /images/Gibraltar_map.gif HTTP/1.1" 404 89 "-" "Mozilla/5.0 (compatible; bingbot/2.0; +http://www.bing.com/bingbot.htm)" "www.saveaslave.com"
207.46.13.74 - - [06/Dec/2014:22:54:54 -0800] "GET /images/countrymap/republic-of-congo-flag.gif HTTP/1.1" 200 1488 "-" "Mozilla/5.0 (compatible; bingbot/2.0; +http://www.bing.com/bingbot.htm)" "saveaslave.com"
207.46.13.74 - - [06/Dec/2014:23:15:59 -0800] "GET /images/countrymap/netherlands-antilles-flag.gif HTTP/1.1" 200 569 "-" "Mozilla/5.0 (compatible; bingbot/2.0; +http://www.bing.com/bingbot.htm)" "saveaslave.com"
157.55.39.32 - - [06/Dec/2014:23:17:18 -0800] "GET /images/Brunei_map.gif HTTP/1.1" 404 89 "-" "Mozilla/5.0 (compatible; bingbot/2.0; +http://www.bing.com/bingbot.htm)" "saveaslave.com"
109.120.157.179 - - [06/Dec/2014:23:41:23 -0800] "GET / HTTP/1.1" 200 29577 "http://www.artparquet.ru/" "Mozilla/5.0 (compatible; Add Catalog/2.1;)" "www.saveaslave.com"
109.120.157.179 - - [06/Dec/2014:23:41:24 -0800] "GET / HTTP/1.1" 200 29577 "http://www.artparquet.ru/" "Mozilla/5.0 (compatible; Add Catalog/2.1;)" "www.saveaslave.com"
207.46.13.74 - - [06/Dec/2014:23:53:50 -0800] "GET /images/Slovenia_flag.gif HTTP/1.1" 404 89 "-" "Mozilla/5.0 (compatible; bingbot/2.0; +http://www.bing.com/bingbot.htm)" "www.saveaslave.com"
66.249.75.106 - - [06/Dec/2014:23:55:37 -0800] "GET /images/Turkey_flag.gif HTTP/1.1" 404 89 "-" "Googlebot-Image/1.0" "saveaslave.com"
207.46.13.74 - - [07/Dec/2014:00:18:27 -0800] "GET /images/countrymap/curacao-flag.png HTTP/1.1" 200 1121 "-" "Mozilla/5.0 (compatible; bingbot/2.0; +http://www.bing.com/bingbot.htm)" "saveaslave.com"
207.46.13.74 - - [07/Dec/2014:00:26:52 -0800] "GET /svalbard HTTP/1.1" 200 5480 "-" "Mozilla/5.0 (compatible; bingbot/2.0; +http://www.bing.com/bingbot.htm)" "www.saveaslave.com"
188.165.15.129 - - [07/Dec/2014:00:37:48 -0800] "GET /index.html HTTP/1.1" 200 29955 "-" "Mozilla/5.0 (compatible; AhrefsBot/5.0; +http://ahrefs.com/robot/)" "www.saveaslave.com"
134.249.76.28 - - [07/Dec/2014:00:38:11 -0800] "GET / HTTP/1.1" 200 29577 "http://www.detsky.ru/detsad-mebel/" "Mozilla/4.0 (compatible; MSIE 6.0; Windows NT 5.1; SV1; Crazy Browser 2.0.0 Beta 1; .NET CLR 1.0.3705; .NET CLR 1.1.4322)" "www.saveaslave.com"
134.249.76.28 - - [07/Dec/2014:00:38:11 -0800] "GET / HTTP/1.1" 200 29577 "http://www.detsky.ru/detsad-mebel/" "Mozilla/4.0 (compatible; MSIE 6.0; Windows NT 5.1; SV1; Crazy Browser 2.0.0 Beta 1; .NET CLR 1.0.3705; .NET CLR 1.1.4322)" "www.saveaslave.com"
134.249.76.28 - - [07/Dec/2014:00:38:12 -0800] "GET / HTTP/1.1" 200 29577 "http://www.detsky.ru/detsad-mebel/" "Mozilla/4.0 (compatible; MSIE 6.0; Windows NT 5.1; SV1; Crazy Browser 2.0.0 Beta 1; .NET CLR 1.0.3705; .NET CLR 1.1.4322)" "www.saveaslave.com"
65.36.241.77 - - [07/Dec/2014:00:39:43 -0800] "HEAD / HTTP/1.1" 200 0 "-" "InternetSeer.com" "www.saveaslave.com"
81.159.52.76 - - [07/Dec/2014:00:39:47 -0800] "GET /robots.txt HTTP/1.1" 404 89 "-" "Mozilla/5.0 (compatible; MJ12bot/v1.4.5; http://www.majestic12.co.uk/bot.php?+)" "saveaslave.com"
81.159.52.76 - - [07/Dec/2014:00:39:50 -0800] "GET /albania HTTP/1.0" 200 5845 "-" "Mozilla/5.0 (compatible; MJ12bot/v1.4.5; http://www.majestic12.co.uk/bot.php?+)" "saveaslave.com"
81.159.52.76 - - [07/Dec/2014:00:39:51 -0800] "GET /anguilla HTTP/1.1" 404 89 "-" "Mozilla/5.0 (compatible; MJ12bot/v1.4.5; http://www.majestic12.co.uk/bot.php?+)" "saveaslave.com"
81.159.52.76 - - [07/Dec/2014:00:40:37 -0800] "GET /antarctica HTTP/1.1" 404 89 "-" "Mozilla/5.0 (compatible; MJ12bot/v1.4.5; http://www.majestic12.co.uk/bot.php?+)" "saveaslave.com"
81.159.52.76 - - [07/Dec/2014:00:41:22 -0800] "GET /antigua HTTP/1.1" 404 89 "-" "Mozilla/5.0 (compatible; MJ12bot/v1.4.5; http://www.majestic12.co.uk/bot.php?+)" "saveaslave.com"
81.159.52.76 - - [07/Dec/2014:00:41:23 -0800] "GET /argentina HTTP/1.1" 200 5404 "-" "Mozilla/5.0 (compatible; MJ12bot/v1.4.5; http://www.majestic12.co.uk/bot.php?+)" "saveaslave.com"
81.159.52.76 - - [07/Dec/2014:00:41:26 -0800] "GET /aruba HTTP/1.1" 200 14643 "-" "Mozilla/5.0 (compatible; MJ12bot/v1.4.5; http://www.majestic12.co.uk/bot.php?+)" "saveaslave.com"
81.159.52.76 - - [07/Dec/2014:00:41:30 -0800] "GET /austria HTTP/1.1" 200 5382 "-" "Mozilla/5.0 (compatible; MJ12bot/v1.4.5; http://www.majestic12.co.uk/bot.php?+)" "saveaslave.com"
81.159.52.76 - - [07/Dec/2014:00:41:33 -0800] "GET /bahamas HTTP/1.1" 200 5387 "-" "Mozilla/5.0 (compatible; MJ12bot/v1.4.5; http://www.majestic12.co.uk/bot.php?+)" "saveaslave.com"
81.159.52.76 - - [07/Dec/2014:00:41:34 -0800] "GET /bahrain HTTP/1.1" 200 5404 "-" "Mozilla/5.0 (compatible; MJ12bot/v1.4.5; http://www.majestic12.co.uk/bot.php?+)" "saveaslave.com"
81.159.52.76 - - [07/Dec/2014:00:41:39 -0800] "GET /belarus HTTP/1.0" 200 5417 "-" "Mozilla/5.0 (compatible; MJ12bot/v1.4.5; http://www.majestic12.co.uk/bot.php?+)" "saveaslave.com"
81.159.52.76 - - [07/Dec/2014:00:41:40 -0800] "GET /belgium HTTP/1.1" 200 5423 "-" "Mozilla/5.0 (compatible; MJ12bot/v1.4.5; http://www.majestic12.co.uk/bot.php?+)" "saveaslave.com"
81.159.52.76 - - [07/Dec/2014:00:41:42 -0800] "GET /bermuda HTTP/1.1" 404 89 "-" "Mozilla/5.0 (compatible; MJ12bot/v1.4.5; http://www.majestic12.co.uk/bot.php?+)" "saveaslave.com"
81.159.52.76 - - [07/Dec/2014:00:41:45 -0800] "GET /botswana HTTP/1.0" 200 5414 "-" "Mozilla/5.0 (compatible; MJ12bot/v1.4.5; http://www.majestic12.co.uk/bot.php?+)" "saveaslave.com"
81.159.52.76 - - [07/Dec/2014:00:41:48 -0800] "GET /bulgaria HTTP/1.1" 200 5414 "-" "Mozilla/5.0 (compatible; MJ12bot/v1.4.5; http://www.majestic12.co.uk/bot.php?+)" "saveaslave.com"
81.159.52.76 - - [07/Dec/2014:00:41:50 -0800] "GET /burundi HTTP/1.1" 200 5405 "-" "Mozilla/5.0 (compatible; MJ12bot/v1.4.5; http://www.majestic12.co.uk/bot.php?+)" "saveaslave.com"
157.55.39.32 - - [07/Dec/2014:00:49:22 -0800] "GET /nauru HTTP/1.1" 200 5446 "-" "Mozilla/5.0 (compatible; bingbot/2.0; +http://www.bing.com/bingbot.htm)" "www.saveaslave.com"
162.210.196.130 - - [07/Dec/2014:00:49:59 -0800] "GET /robots.txt HTTP/1.1" 404 89 "-" "Mozilla/5.0 (compatible; MJ12bot/v1.4.5; http://www.majestic12.co.uk/bot.php?+)" "www.saveaslave.com"
162.210.196.130 - - [07/Dec/2014:00:50:01 -0800] "GET / HTTP/1.1" 200 29577 "-" "Mozilla/5.0 (compatible; MJ12bot/v1.4.5; http://www.majestic12.co.uk/bot.php?+)" "www.saveaslave.com"
220.181.108.180 - - [07/Dec/2014:00:54:20 -0800] "GET /zimbabwe.html HTTP/1.1" 200 5480 "-" "Mozilla/5.0 (compatible; Baiduspider/2.0; +http://www.baidu.com/search/spider.html)" "saveaslave.com"
193.43.252.252 - - [07/Dec/2014:00:54:45 -0800] "GET / HTTP/1.1" 200 29577 "http://t2downloads.xyz" "Mozilla/5.1 (compatible; XYZBot/1.1.5; +http://t2downloads.xyz)" "saveaslave.com"
193.43.252.252 - - [07/Dec/2014:00:54:54 -0800] "GET / HTTP/1.1" 200 29577 "http://t2downloads.xyz" "Mozilla/5.1 (compatible; XYZBot/1.1.5; +http://t2downloads.xyz)" "saveaslave.com"
193.43.252.252 - - [07/Dec/2014:00:54:54 -0800] "GET / HTTP/1.1" 200 29577 "http://t2downloads.xyz" "Mozilla/5.1 (compatible; XYZBot/1.1.5; +http://t2downloads.xyz)" "saveaslave.com"
193.43.252.252 - - [07/Dec/2014:00:54:54 -0800] "GET / HTTP/1.1" 200 29577 "http://t2downloads.xyz" "Mozilla/5.1 (compatible; XYZBot/1.1.5; +http://t2downloads.xyz)" "saveaslave.com"
65.36.241.77 - - [07/Dec/2014:01:44:44 -0800] "HEAD / HTTP/1.1" 200 0 "-" "InternetSeer.com" "www.saveaslave.com"
84.196.210.205 - - [07/Dec/2014:01:49:28 -0800] "GET /apple-touch-icon-precomposed.png HTTP/1.1" 404 89 "-" "com.apple.WebKit.WebContent/10600.1.25 CFNetwork/720.0.9 Darwin/14.0.0 (x86_64)" "www.saveaslave.com"
84.196.210.205 - - [07/Dec/2014:01:49:28 -0800] "GET /apple-touch-icon.png HTTP/1.1" 404 89 "-" "com.apple.WebKit.WebContent/10600.1.25 CFNetwork/720.0.9 Darwin/14.0.0 (x86_64)" "www.saveaslave.com"
68.180.228.114 - - [07/Dec/2014:02:41:00 -0800] "GET /robots.txt HTTP/1.1" 404 89 "-" "Mozilla/5.0 (compatible; Yahoo! Slurp; http://help.yahoo.com/help/us/ysearch/slurp)" "saveaslave.com"
222.77.83.231 - - [07/Dec/2014:03:02:33 -0800] "GET /site/?p=34 HTTP/1.1" 404 89 "-" "Mozilla/4.0 (compatible; MSIE 6.0; Windows NT 5.1; SV1)" "saveaslave.com"
222.77.83.231 - - [07/Dec/2014:03:02:33 -0800] "GET /site/?p=2 HTTP/1.1" 404 89 "-" "Mozilla/4.0 (compatible; MSIE 6.0; Windows NT 5.1; SV1; Mozilla/4.0 (compatible; MSIE 6.0; Windows NT 5.1; SV1) ; .NET CLR 1.0.3705)" "saveaslave.com"
220.181.108.99 - - [07/Dec/2014:03:11:22 -0800] "GET /british-virgin-islands.html HTTP/1.1" 200 5629 "-" "Mozilla/5.0 (compatible; Baiduspider/2.0; +http://www.baidu.com/search/spider.html)" "saveaslave.com"
115.64.178.77 - - [07/Dec/2014:03:12:17 -0800] "GET /images/Svalbard_map.gif HTTP/1.1" 404 89 "-" "Mozilla/5.0 (Macintosh; Intel Mac OS X 10_9_3) AppleWebKit/537.76.4 (KHTML, like Gecko) Version/7.0.4 Safari/537.76.4" "saveaslave.com"
66.249.69.215 - - [07/Dec/2014:03:38:42 -0800] "GET /images/countrymap/kosovo.gif HTTP/1.1" 200 18191 "-" "Googlebot-Image/1.0" "www.saveaslave.com"
188.165.15.94 - - [07/Dec/2014:03:43:56 -0800] "GET /norway.html HTTP/1.1" 200 5455 "-" "Mozilla/5.0 (compatible; AhrefsBot/5.0; +http://ahrefs.com/robot/)" "www.saveaslave.com"
66.249.69.215 - - [07/Dec/2014:03:50:15 -0800] "GET /images/China_region.gif HTTP/1.1" 404 89 "-" "Googlebot-Image/1.0" "www.saveaslave.com"
65.36.241.77 - - [07/Dec/2014:03:50:22 -0800] "HEAD / HTTP/1.1" 200 0 "-" "InternetSeer.com" "www.saveaslave.com"
54.243.48.119 - - [07/Dec/2014:04:03:27 -0800] "GET /kosovo.html HTTP/1.1" 200 5455 "-" "Mozilla/5.0 (Windows; U; Windows NT 5.1; en-US; rv:1.9.2.8) Gecko/20100722 Firefox/3.6.8" "saveaslave.com"
157.55.39.32 - - [07/Dec/2014:04:15:33 -0800] "GET /kiribati HTTP/1.1" 200 5473 "-" "Mozilla/5.0 (compatible; bingbot/2.0; +http://www.bing.com/bingbot.htm)" "www.saveaslave.com"
157.55.39.32 - - [07/Dec/2014:04:24:26 -0800] "GET / HTTP/1.1" 200 29577 "-" "Mozilla/5.0 (compatible; bingbot/2.0; +http://www.bing.com/bingbot.htm)" "saveaslave.com"
199.58.86.209 - - [07/Dec/2014:04:27:38 -0800] "GET /robots.txt HTTP/1.1" 404 89 "-" "Mozilla/5.0 (compatible; MJ12bot/v1.4.5; http://www.majestic12.co.uk/bot.php?+)" "saveaslave.com"
199.58.86.209 - - [07/Dec/2014:04:27:40 -0800] "GET /belize HTTP/1.1" 200 5390 "-" "Mozilla/5.0 (compatible; MJ12bot/v1.4.5; http://www.majestic12.co.uk/bot.php?+)" "saveaslave.com"
66.249.69.183 - - [07/Dec/2014:04:29:47 -0800] "GET /images/Palau_map.gif HTTP/1.1" 404 89 "-" "Googlebot-Image/1.0" "www.saveaslave.com"
123.125.71.16 - - [07/Dec/2014:04:38:46 -0800] "GET /antigua-and-barbuda.html HTTP/1.1" 200 5462 "-" "Mozilla/5.0 (compatible; Baiduspider/2.0; +http://www.baidu.com/search/spider.html)" "saveaslave.com"
65.36.241.77 - - [07/Dec/2014:04:54:13 -0800] "HEAD / HTTP/1.1" 200 0 "-" "InternetSeer.com" "www.saveaslave.com"
123.125.71.20 - - [07/Dec/2014:05:03:20 -0800] "GET /tonga.html HTTP/1.1" 200 5453 "-" "Mozilla/5.0 (compatible; Baiduspider/2.0; +http://www.baidu.com/search/spider.html)" "saveaslave.com"
188.165.15.191 - - [07/Dec/2014:05:09:49 -0800] "GET /west-bank.html HTTP/1.1" 200 5489 "-" "Mozilla/5.0 (compatible; AhrefsBot/5.0; +http://ahrefs.com/robot/)" "www.saveaslave.com"
177.103.109.225 - - [07/Dec/2014:05:11:50 -0800] "GET /css/style.css HTTP/1.1" 200 660 "http://saveaslave.com/" "Mozilla/5.0 (Windows NT 6.1; WOW64) AppleWebKit/537.36 (KHTML, like Gecko) Chrome/32.0.1700.107 Safari/537.36" "saveaslave.com"
177.103.109.225 - - [07/Dec/2014:05:11:51 -0800] "GET /jquery-1.3.2.min.js HTTP/1.1" 200 57254 "http://saveaslave.com/" "Mozilla/5.0 (Windows NT 6.1; WOW64) AppleWebKit/537.36 (KHTML, like Gecko) Chrome/32.0.1700.107 Safari/537.36" "saveaslave.com"
177.103.109.225 - - [07/Dec/2014:05:11:51 -0800] "GET /jquery.marquee.js HTTP/1.1" 200 6560 "http://saveaslave.com/" "Mozilla/5.0 (Windows NT 6.1; WOW64) AppleWebKit/537.36 (KHTML, like Gecko) Chrome/32.0.1700.107 Safari/537.36" "saveaslave.com"
177.103.109.225 - - [07/Dec/2014:05:11:51 -0800] "GET /images/givebtn.png HTTP/1.1" 200 26179 "http://saveaslave.com/" "Mozilla/5.0 (Windows NT 6.1; WOW64) AppleWebKit/537.36 (KHTML, like Gecko) Chrome/32.0.1700.107 Safari/537.36" "saveaslave.com"
177.103.109.225 - - [07/Dec/2014:05:11:52 -0800] "GET /images/slaves.jpg HTTP/1.1" 200 64009 "http://saveaslave.com/" "Mozilla/5.0 (Windows NT 6.1; WOW64) AppleWebKit/537.36 (KHTML, like Gecko) Chrome/32.0.1700.107 Safari/537.36" "saveaslave.com"
177.103.109.225 - - [07/Dec/2014:05:11:56 -0800] "GET /images/slaves.jpg HTTP/1.1" 200 64009 "http://saveaslave.com/" "Mozilla/5.0 (Windows NT 6.1; WOW64) AppleWebKit/537.36 (KHTML, like Gecko) Chrome/32.0.1700.107 Safari/537.36" "saveaslave.com"
177.103.109.225 - - [07/Dec/2014:05:12:08 -0800] "GET /images/header.png HTTP/1.1" 200 84658 "http://saveaslave.com/" "Mozilla/5.0 (Windows NT 6.1; WOW64) AppleWebKit/537.36 (KHTML, like Gecko) Chrome/32.0.1700.107 Safari/537.36" "saveaslave.com"
66.249.69.215 - - [07/Dec/2014:05:27:06 -0800] "GET /images/Tunisia_map.gif HTTP/1.1" 404 89 "-" "Googlebot-Image/1.0" "www.saveaslave.com"
195.242.218.133 - - [07/Dec/2014:05:35:10 -0800] "GET / HTTP/1.1" 200 29577 "http://amaviq.wordpress.com/" "Mozilla/4.0 (compatible; MSIE 5.0; Windows 3.1)" "www.saveaslave.com"
195.242.218.133 - - [07/Dec/2014:05:35:12 -0800] "GET / HTTP/1.1" 200 29577 "http://amaviq.wordpress.com/" "Mozilla/4.0 (compatible; MSIE 5.0; Windows 3.1)" "www.saveaslave.com"
66.249.75.106 - - [07/Dec/2014:05:54:55 -0800] "GET /images/Turkey_map.gif HTTP/1.1" 404 89 "-" "Googlebot-Image/1.0" "saveaslave.com"
123.125.71.110 - - [07/Dec/2014:05:58:15 -0800] "GET /central-african-republic.html HTTP/1.1" 200 5566 "-" "Mozilla/5.0 (compatible; Baiduspider/2.0; +http://www.baidu.com/search/spider.html)" "saveaslave.com"
65.36.241.77 - - [07/Dec/2014:06:55:03 -0800] "HEAD / HTTP/1.1" 200 0 "-" "InternetSeer.com" "www.saveaslave.com"
220.181.108.86 - - [07/Dec/2014:07:22:13 -0800] "GET /syria.html HTTP/1.1" 200 5453 "-" "Mozilla/5.0 (compatible; Baiduspider/2.0; +http://www.baidu.com/search/spider.html)" "saveaslave.com"
149.78.107.253 - - [07/Dec/2014:07:37:06 -0800] "GET /images/header.png HTTP/1.1" 200 84658 "http://saveaslave.com/" "Mozilla/5.0 (Windows NT 6.3; WOW64) AppleWebKit/537.36 (KHTML, like Gecko) Chrome/39.0.2171.71 Safari/537.36" "saveaslave.com"
149.78.107.253 - - [07/Dec/2014:07:37:06 -0800] "GET /images/givebtn.png HTTP/1.1" 200 26179 "http://saveaslave.com/" "Mozilla/5.0 (Windows NT 6.3; WOW64) AppleWebKit/537.36 (KHTML, like Gecko) Chrome/39.0.2171.71 Safari/537.36" "saveaslave.com"
149.78.107.253 - - [07/Dec/2014:07:37:06 -0800] "GET /images/slaves.jpg HTTP/1.1" 200 64009 "http://saveaslave.com/" "Mozilla/5.0 (Windows NT 6.3; WOW64) AppleWebKit/537.36 (KHTML, like Gecko) Chrome/39.0.2171.71 Safari/537.36" "saveaslave.com"
149.78.107.253 - - [07/Dec/2014:07:37:10 -0800] "GET /favicon.ico HTTP/1.1" 404 89 "-" "Mozilla/5.0 (Windows NT 6.3; WOW64) AppleWebKit/537.36 (KHTML, like Gecko) Chrome/39.0.2171.71 Safari/537.36" "saveaslave.com"
113.88.24.16 - - [07/Dec/2014:07:38:19 -0800] "GET / HTTP/1.1" 200 29577 "-" "Mozilla/4.0 (compatible; MSIE8.0; Windows NT 6.0) .NET CLR 2.0.50727)" "saveaslave.com"
113.88.24.16 - - [07/Dec/2014:07:38:33 -0800] "GET /republic-of-congo.html HTTP/1.1" 200 5503 "-" "Mozilla/4.0 (compatible; MSIE8.0; Windows NT 6.0) .NET CLR 2.0.50727)" "saveaslave.com"
113.88.24.16 - - [07/Dec/2014:07:38:35 -0800] "GET /andorra.html HTTP/1.1" 200 5386 "-" "Mozilla/4.0 (compatible; MSIE8.0; Windows NT 6.0) .NET CLR 2.0.50727)" "saveaslave.com"
113.88.24.16 - - [07/Dec/2014:07:38:35 -0800] "GET /antigua-and-barbuda.html HTTP/1.1" 200 5462 "-" "Mozilla/4.0 (compatible; MSIE8.0; Windows NT 6.0) .NET CLR 2.0.50727)" "saveaslave.com"
113.88.24.16 - - [07/Dec/2014:07:38:35 -0800] "GET /argentina.html HTTP/1.1" 200 5404 "-" "Mozilla/4.0 (compatible; MSIE8.0; Windows NT 6.0) .NET CLR 2.0.50727)" "saveaslave.com"
113.88.24.16 - - [07/Dec/2014:07:38:36 -0800] "GET /austria.html HTTP/1.1" 200 5382 "-" "Mozilla/4.0 (compatible; MSIE8.0; Windows NT 6.0) .NET CLR 2.0.50727)" "saveaslave.com"
113.88.24.16 - - [07/Dec/2014:07:38:36 -0800] "GET /bahamas.html HTTP/1.1" 200 5387 "-" "Mozilla/4.0 (compatible; MSIE8.0; Windows NT 6.0) .NET CLR 2.0.50727)" "saveaslave.com"
65.36.241.77 - - [07/Dec/2014:07:56:23 -0800] "HEAD / HTTP/1.1" 200 0 "-" "InternetSeer.com" "www.saveaslave.com"
222.77.83.231 - - [07/Dec/2014:08:43:29 -0800] "GET /site/?p=34 HTTP/1.1" 404 89 "-" "Mozilla/4.0 (compatible; MSIE 6.0; Windows NT 5.1; SV1; Mozilla/4.0 (compatible; MSIE 6.0; Windows NT 5.1; SV1) )" "saveaslave.com"
65.36.241.77 - - [07/Dec/2014:08:59:25 -0800] "HEAD / HTTP/1.1" 200 0 "-" "InternetSeer.com" "www.saveaslave.com"
220.181.108.119 - - [07/Dec/2014:09:06:48 -0800] "GET /taiwan.html HTTP/1.1" 200 5462 "-" "Mozilla/5.0 (compatible; Baiduspider/2.0; +http://www.baidu.com/search/spider.html)" "saveaslave.com"
66.249.75.138 - - [07/Dec/2014:09:06:59 -0800] "GET /robots.txt HTTP/1.1" 404 89 "-" "Mozilla/5.0 (compatible; Googlebot/2.1; +http://www.google.com/bot.html)" "saveaslave.com"
187.126.48.18 - - [07/Dec/2014:09:13:40 -0800] "GET / HTTP/1.1" 200 29577 "http://semalt.semalt.com/crawler.php?u=http://saveaslave.com" "Mozilla/5.0 (Windows NT 6.1; WOW64) AppleWebKit/537.36 (KHTML, like Gecko) Chrome/35.0.1916.153 Safari/537.36" "saveaslave.com"
187.126.48.18 - - [07/Dec/2014:09:13:42 -0800] "GET /jquery-1.3.2.min.js HTTP/1.1" 200 57254 "http://saveaslave.com/" "Mozilla/5.0 (Windows NT 6.1; WOW64) AppleWebKit/537.36 (KHTML, like Gecko) Chrome/35.0.1916.153 Safari/537.36" "saveaslave.com"
187.126.48.18 - - [07/Dec/2014:09:13:42 -0800] "GET /jquery.marquee.js HTTP/1.1" 200 6560 "http://saveaslave.com/" "Mozilla/5.0 (Windows NT 6.1; WOW64) AppleWebKit/537.36 (KHTML, like Gecko) Chrome/35.0.1916.153 Safari/537.36" "saveaslave.com"
77.75.77.32 - - [07/Dec/2014:09:38:28 -0800] "GET /northkorea.html HTTP/1.1" 404 89 "-" "Mozilla/5.0 (compatible; SeznamBot/3.2; +http://fulltext.sblog.cz/)" "saveaslave.com"
65.36.241.77 - - [07/Dec/2014:10:02:33 -0800] "HEAD / HTTP/1.1" 200 0 "-" "InternetSeer.com" "www.saveaslave.com"
130.211.172.95 - - [07/Dec/2014:10:05:07 -0800] "GET / HTTP/1.1" 200 29577 "-" "NerdyBot" "saveaslave.com"
220.181.108.113 - - [07/Dec/2014:11:07:42 -0800] "GET /turkmenistan.html HTTP/1.1" 200 5516 "-" "Mozilla/5.0 (compatible; Baiduspider/2.0; +http://www.baidu.com/search/spider.html)" "saveaslave.com"
222.77.83.231 - - [07/Dec/2014:11:32:02 -0800] "GET /site/?page_id=28 HTTP/1.1" 404 89 "-" "Mozilla/4.0 (compatible; MSIE 6.0; Windows NT 5.1; SV1)" "saveaslave.com"
222.77.83.231 - - [07/Dec/2014:11:32:03 -0800] "GET /site/?p=2 HTTP/1.1" 404 89 "-" "Mozilla/4.0 (compatible; MSIE 6.0; Windows NT 5.1; SV1; Mozilla/4.0 (compatible; MSIE 6.0; Windows NT 5.1; SV1) )" "saveaslave.com"
66.249.69.199 - - [07/Dec/2014:11:49:49 -0800] "GET /images/countrymap/madagascar-flag.gif HTTP/1.1" 200 4957 "-" "Googlebot-Image/1.0" "www.saveaslave.com"
207.46.13.82 - - [07/Dec/2014:11:54:36 -0800] "GET /togo HTTP/1.1" 200 5444 "-" "Mozilla/5.0 (compatible; bingbot/2.0; +http://www.bing.com/bingbot.htm)" "www.saveaslave.com"
54.243.48.119 - - [07/Dec/2014:11:55:51 -0800] "GET / HTTP/1.1" 200 29577 "-" "Mozilla/5.0 (Windows; U; Windows NT 5.1; en-US; rv:1.9.2.8) Gecko/20100722 Firefox/3.6.8" "saveaslave.com"
166.137.139.30 - - [07/Dec/2014:11:55:52 -0800] "GET /images/slaves.jpg HTTP/1.1" 200 64009 "http://dudamobile.saveaslave.com/" "Mozilla/5.0 (iPhone; CPU iPhone OS 8_1_1 like Mac OS X) AppleWebKit/600.1.4 (KHTML, like Gecko) Version/8.0 Mobile/12B436 Safari/600.1.4" "saveaslave.com"
65.36.241.77 - - [07/Dec/2014:12:05:36 -0800] "HEAD / HTTP/1.1" 200 0 "-" "InternetSeer.com" "www.saveaslave.com"
220.181.108.106 - - [07/Dec/2014:12:20:17 -0800] "GET /burkina-faso.html HTTP/1.1" 200 5450 "-" "Mozilla/5.0 (compatible; Baiduspider/2.0; +http://www.baidu.com/search/spider.html)" "saveaslave.com"
