106.241.30.25 - - [04/Jul/2017:02:31:25 -0700] "GET / HTTP/1.1" 200 88280 "-" "-" "www.saveaslave.com"
54.204.193.39 - - [04/Jul/2017:02:36:57 -0700] "GET / HTTP/1.1" 200 88280 "-" "Mozilla/5.0 (Windows; U; Windows NT 5.1; en-US; rv:1.9.2.8) Gecko/20100722 Firefox/3.6.8" "saveaslave.com"
84.201.133.12 - - [04/Jul/2017:02:40:44 -0700] "GET /images/top-1.jpg HTTP/1.1" 200 77341 "-" "Mozilla/5.0 (compatible; YandexImages/3.0; +http://yandex.com/bots)" "saveaslave.com"
216.244.66.198 - - [04/Jul/2017:03:00:55 -0700] "GET /article.php?id=117 HTTP/1.1" 200 48101 "-" "Mozilla/5.0 (compatible; DotBot/1.1; http://www.opensiteexplorer.org/dotbot, help@moz.com)" "saveaslave.com"[1]
144.76.100.150 - - [04/Jul/2017:03:12:46 -0700] "GET / HTTP/1.1" 200 88244 "Online Virus Scanner: http://tools.geek-tools.org" "Online Virus Scanner: http://tools.geek-tools.org" "www.saveaslave.com"[1]
65.36.241.48 - - [04/Jul/2017:03:14:53 -0700] "HEAD / HTTP/1.1" 200 0 "-" "InternetSeer.com" "www.saveaslave.com"
62.210.75.104 - - [04/Jul/2017:03:57:25 -0700] "GET / HTTP/1.1" 200 88280 "-" "Mozilla/5.0 (Macintosh; Intel Mac OS X 10_12_4) AppleWebKit/537.36 (KHTML, like Gecko) Chrome/57.0.2987.133 Safari/537.36" "saveaslave.com"
62.210.75.104 - - [04/Jul/2017:03:57:25 -0700] "GET /gfeedfetcher.js HTTP/1.1" 200 9018 "http://saveaslave.com/" "Mozilla/5.0 (Macintosh; Intel Mac OS X 10_12_4) AppleWebKit/537.36 (KHTML, like Gecko) Chrome/57.0.2987.133 Safari/537.36" "saveaslave.com"
62.210.75.104 - - [04/Jul/2017:03:57:25 -0700] "GET /gajaxscroller.js HTTP/1.1" 200 9774 "http://saveaslave.com/" "Mozilla/5.0 (Macintosh; Intel Mac OS X 10_12_4) AppleWebKit/537.36 (KHTML, like Gecko) Chrome/57.0.2987.133 Safari/537.36" "saveaslave.com"[0]
62.210.75.104 - - [04/Jul/2017:03:57:26 -0700] "GET /assets/js/ie-emulation-modes-warning.js HTTP/1.1" 200 2130 "http://saveaslave.com/" "Mozilla/5.0 (Macintosh; Intel Mac OS X 10_12_4) AppleWebKit/537.36 (KHTML, like Gecko) Chrome/57.0.2987.133 Safari/537.36" "saveaslave.com"
62.210.75.104 - - [04/Jul/2017:03:57:26 -0700] "GET /assets/js/ie10-viewport-bug-workaround.js HTTP/1.1" 200 641 "http://saveaslave.com/" "Mozilla/5.0 (Macintosh; Intel Mac OS X 10_12_4) AppleWebKit/537.36 (KHTML, like Gecko) Chrome/57.0.2987.133 Safari/537.36" "saveaslave.com"
108.59.8.70 - - [04/Jul/2017:04:01:50 -0700] "GET /robots.txt HTTP/1.1" 200 48 "-" "Mozilla/5.0 (compatible; MJ12bot/v1.4.8; http://mj12bot.com/)" "saveaslave.com"
108.59.8.70 - - [04/Jul/2017:04:01:54 -0700] "GET / HTTP/1.1" 200 88280 "-" "Mozilla/5.0 (compatible; MJ12bot/v1.4.8; http://mj12bot.com/)" "saveaslave.com"[1]
108.59.8.70 - - [04/Jul/2017:04:01:59 -0700] "GET /robots.txt HTTP/1.1" 200 48 "-" "Mozilla/5.0 (compatible; MJ12bot/v1.4.8; http://mj12bot.com/)" "www.saveaslave.com"
108.59.8.70 - - [04/Jul/2017:04:02:01 -0700] "GET / HTTP/1.1" 200 88280 "-" "Mozilla/5.0 (compatible; MJ12bot/v1.4.8; http://mj12bot.com/)" "www.saveaslave.com"
178.137.4.41 - - [04/Jul/2017:04:10:07 -0700] "GET / HTTP/1.1" 200 88244 "https://www.facebook.com/businesses.center/" "Mozilla/4.0 (compatible; MSIE 5.5; Windows NT 5.0; .NET CLR 1.1.4322)" "www.saveaslave.com"
178.137.4.41 - - [04/Jul/2017:04:10:07 -0700] "GET / HTTP/1.1" 200 88244 "https://www.facebook.com/businesses.center/" "Mozilla/4.0 (compatible; MSIE 5.5; Windows NT 5.0; .NET CLR 1.1.4322)" "www.saveaslave.com"
178.137.4.41 - - [04/Jul/2017:04:10:08 -0700] "GET / HTTP/1.1" 200 88244 "https://www.facebook.com/businesses.center/" "Mozilla/4.0 (compatible; MSIE 5.5; Windows NT 5.0; .NET CLR 1.1.4322)" "www.saveaslave.com"[1]
216.244.66.198 - - [04/Jul/2017:04:19:22 -0700] "GET /robots.txt HTTP/1.1" 200 48 "-" "Mozilla/5.0 (compatible; DotBot/1.1; http://www.opensiteexplorer.org/dotbot, help@moz.com)" "www.saveaslave.com"
216.244.66.198 - - [04/Jul/2017:04:19:22 -0700] "GET /robots.txt HTTP/1.1" 200 48 "-" "Mozilla/5.0 (compatible; DotBot/1.1; http://www.opensiteexplorer.org/dotbot, help@moz.com)" "saveaslave.com"
178.255.87.242 - - [04/Jul/2017:04:24:06 -0700] "HEAD /robots.txt HTTP/1.1" 200 0 "-" "COMODO SSL Checker" "saveaslave.com"
65.36.241.48 - - [04/Jul/2017:04:26:40 -0700] "HEAD / HTTP/1.1" 200 0 "-" "InternetSeer.com" "www.saveaslave.com"
91.223.81.143 - - [04/Jul/2017:04:55:52 -0700] "GET / HTTP/1.1" 200 88244 "https://www.google.pl/" "Mozilla/5.0 (Windows NT 10.0; WOW64; rv:54.0) Gecko/20100101 Firefox/54.0" "www.saveaslave.com"
91.223.81.143 - - [04/Jul/2017:04:55:52 -0700] "GET /ico/favicon-16x16.png HTTP/1.1" 200 1129 "-" "Mozilla/5.0 (Windows NT 10.0; WOW64; rv:54.0) Gecko/20100101 Firefox/54.0" "www.saveaslave.com"
91.223.81.143 - - [04/Jul/2017:04:55:52 -0700] "GET / HTTP/1.1" 200 88244 "https://www.google.pl/" "Mozilla/5.0 (Windows NT 10.0; WOW64; rv:54.0) Gecko/20100101 Firefox/54.0" "www.saveaslave.com"
91.223.81.143 - - [04/Jul/2017:04:55:53 -0700] "GET /gajaxscroller.js HTTP/1.1" 200 9774 "http://www.saveaslave.com/" "Mozilla/5.0 (Windows NT 10.0; WOW64; rv:54.0) Gecko/20100101 Firefox/54.0" "www.saveaslave.com"
91.223.81.143 - - [04/Jul/2017:04:55:53 -0700] "GET /assets/js/ie10-viewport-bug-workaround.js HTTP/1.1" 200 641 "http://www.saveaslave.com/" "Mozilla/5.0 (Windows NT 10.0; WOW64; rv:54.0) Gecko/20100101 Firefox/54.0" "www.saveaslave.com"
91.223.81.143 - - [04/Jul/2017:04:55:53 -0700] "GET /js/bootstrap.min.js HTTP/1.1" 200 37055 "http://www.saveaslave.com/" "Mozilla/5.0 (Windows NT 10.0; WOW64; rv:54.0) Gecko/20100101 Firefox/54.0" "www.saveaslave.com"
91.223.81.143 - - [04/Jul/2017:04:55:55 -0700] "GET /images/social1.png HTTP/1.1" 200 2012 "http://www.saveaslave.com/" "Mozilla/5.0 (Windows NT 10.0; WOW64; rv:54.0) Gecko/20100101 Firefox/54.0" "www.saveaslave.com"
91.223.81.143 - - [04/Jul/2017:04:55:55 -0700] "GET /images/cover1.jpg HTTP/1.1" 200 253658 "http://www.saveaslave.com/" "Mozilla/5.0 (Windows NT 10.0; WOW64; rv:54.0) Gecko/20100101 Firefox/54.0" "www.saveaslave.com"
91.223.81.143 - - [04/Jul/2017:04:55:55 -0700] "GET /images/select-arrow.png HTTP/1.1" 200 1118 "http://www.saveaslave.com/css/style.css" "Mozilla/5.0 (Windows NT 10.0; WOW64; rv:54.0) Gecko/20100101 Firefox/54.0" "www.saveaslave.com"
91.223.81.143 - - [04/Jul/2017:04:55:55 -0700] "GET /images/social3.png HTTP/1.1" 200 4343 "http://www.saveaslave.com/" "Mozilla/5.0 (Windows NT 10.0; WOW64; rv:54.0) Gecko/20100101 Firefox/54.0" "www.saveaslave.com"
46.229.164.99 - - [04/Jul/2017:05:07:38 -0700] "GET /robots.txt HTTP/1.1" 200 48 "-" "Mozilla/5.0 (compatible; SemrushBot/1.2~bl; +http://www.semrush.com/bot.html)" "www.saveaslave.com"
216.244.66.198 - - [04/Jul/2017:05:24:50 -0700] "GET /article.php?id=3 HTTP/1.1" 200 51798 "-" "Mozilla/5.0 (compatible; DotBot/1.1; http://www.opensiteexplorer.org/dotbot, help@moz.com)" "www.saveaslave.com"
216.244.66.198 - - [04/Jul/2017:05:26:14 -0700] "GET /article.php?id=113 HTTP/1.1" 200 44815 "-" "Mozilla/5.0 (compatible; DotBot/1.1; http://www.opensiteexplorer.org/dotbot, help@moz.com)" "saveaslave.com"
46.118.124.89 - - [04/Jul/2017:05:33:55 -0700] "GET / HTTP/1.1" 200 88244 "http://fr-bearings.ru/" "Mozilla/4.76 [en] (Windows NT 5.0; U)" "www.saveaslave.com"[1]
46.118.124.89 - - [04/Jul/2017:05:33:56 -0700] "GET / HTTP/1.1" 200 88244 "http://fr-bearings.ru/" "Mozilla/4.76 [en] (Windows NT 5.0; U)" "www.saveaslave.com"
65.36.241.48 - - [04/Jul/2017:05:38:48 -0700] "HEAD / HTTP/1.1" 200 0 "-" "InternetSeer.com" "www.saveaslave.com"
40.77.167.149 - - [04/Jul/2017:05:42:34 -0700] "GET /article.php?id=112 HTTP/1.1" 200 46853 "-" "Mozilla/5.0 (compatible; bingbot/2.0; +http://www.bing.com/bingbot.htm)" "saveaslave.com"[1]
178.199.93.200 - - [04/Jul/2017:05:59:29 -0700] "GET /country.php?name=Cape%2520Verde&lang=en' HTTP/1.1" 200 788 "-" "Mozilla/5.0 (Windows NT 10.0; WOW64; rv:52.0) Gecko/20100101 Firefox/52.0" "www.saveaslave.com"[1]
164.132.161.11 - - [04/Jul/2017:06:09:57 -0700] "GET / HTTP/1.1" 200 88280 "-" "Mozilla/5.0 (compatible; AhrefsBot/5.2; +http://ahrefs.com/robot/)" "www.saveaslave.com"[2]
207.46.13.128 - - [04/Jul/2017:06:17:23 -0700] "GET /article.php?id=45 HTTP/1.1" 200 46800 "-" "Mozilla/5.0 (compatible; bingbot/2.0; +http://www.bing.com/bingbot.htm)" "saveaslave.com"
51.255.65.25 - - [04/Jul/2017:06:24:55 -0700] "GET /slovakia.html HTTP/1.1" 404 89 "-" "Mozilla/5.0 (compatible; AhrefsBot/5.2; +http://ahrefs.com/robot/)" "saveaslave.com"
199.59.150.180 - - [04/Jul/2017:06:28:55 -0700] "GET /robots.txt HTTP/1.1" 200 48 "-" "Twitterbot/1.0" "saveaslave.com"
65.36.241.48 - - [04/Jul/2017:06:50:35 -0700] "HEAD / HTTP/1.1" 200 0 "-" "InternetSeer.com" "www.saveaslave.com"
128.119.246.130 - - [04/Jul/2017:06:50:45 -0700] "GET / HTTP/1.1" 200 88280 "-" "python-requests/2.17.3" "saveaslave.com"
106.241.30.25 - - [04/Jul/2017:06:56:19 -0700] "GET / HTTP/1.1" 200 88280 "-" "-" "www.saveaslave.com"
216.244.66.250 - - [04/Jul/2017:07:21:45 -0700] "GET /robots.txt HTTP/1.1" 200 48 "-" "Mozilla/5.0 (compatible; DotBot/1.1; http://www.opensiteexplorer.org/dotbot, help@moz.com)" "saveaslave.com"
217.64.42.213 - - [04/Jul/2017:07:21:54 -0700] "GET / HTTP/1.1" 200 88244 "https://kuzov-parts.com.ua/" "Mozilla/5.0 (Windows NT 6.1; Win64; x64) AppleWebKit/537.36 (KHTML, like Gecko) Chrome/58.0.3029.110 Safari/537.36" "saveaslave.com"
46.118.117.158 - - [04/Jul/2017:07:49:36 -0700] "GET / HTTP/1.1" 200 88244 "https://ohmyrings.com/" "Mozilla/4.0 (compatible; MSIE 5.5; Windows 95; BCD2000)" "www.saveaslave.com"
46.118.117.158 - - [04/Jul/2017:07:49:38 -0700] "GET / HTTP/1.1" 200 88244 "https://ohmyrings.com/" "Mozilla/4.0 (compatible; MSIE 5.5; Windows 95; BCD2000)" "www.saveaslave.com"[1]
216.244.66.250 - - [04/Jul/2017:08:26:04 -0700] "GET /article.php?id=32 HTTP/1.1" 200 51970 "-" "Mozilla/5.0 (compatible; DotBot/1.1; http://www.opensiteexplorer.org/dotbot, help@moz.com)" "saveaslave.com"[2]
46.118.124.89 - - [04/Jul/2017:08:37:37 -0700] "GET / HTTP/1.1" 200 88244 "http://video-chat.love/" "Mozilla/4.0 (compatible; MSIE 5.5; Windows NT 5.0; .NET CLR 1.1.4322)" "www.saveaslave.com"
46.118.124.89 - - [04/Jul/2017:08:37:40 -0700] "GET / HTTP/1.1" 200 88244 "http://video-chat.love/" "Mozilla/4.0 (compatible; MSIE 5.5; Windows NT 5.0; .NET CLR 1.1.4322)" "www.saveaslave.com"
106.241.30.25 - - [04/Jul/2017:08:48:17 -0700] "GET / HTTP/1.1" 200 88280 "-" "-" "www.saveaslave.com"
99.253.175.229 - - [04/Jul/2017:08:51:35 -0700] "GET /images/article/suspects.jpg HTTP/1.1" 200 58796 "https://www.google.ca/" "Mozilla/5.0 (Windows NT 6.1; Win64; x64) AppleWebKit/537.36 (KHTML, like Gecko) Chrome/59.0.3071.115 Safari/537.36" "www.saveaslave.com"
49.146.37.26 - - [04/Jul/2017:08:53:54 -0700] "GET /images/article5.jpg HTTP/1.1" 200 14497 "https://www.google.com.ph/" "Mozilla/5.0 (Windows NT 6.1; Win64; x64) AppleWebKit/537.36 (KHTML, like Gecko) Chrome/59.0.3071.86 Safari/537.36 OPR/46.0.2597.32" "www.saveaslave.com"
51.255.65.48 - - [04/Jul/2017:09:27:23 -0700] "GET /sierra-leone.html HTTP/1.1" 404 89 "-" "Mozilla/5.0 (compatible; AhrefsBot/5.2; +http://ahrefs.com/robot/)" "www.saveaslave.com"
54.243.48.119 - - [04/Jul/2017:09:30:33 -0700] "GET /World_Time_Clock.html HTTP/1.1" 404 89 "-" "Mozilla/5.0 (Windows; U; Windows NT 5.1; en-US; rv:1.9.2.8) Gecko/20100722 Firefox/3.6.8" "saveaslave.com"
54.204.193.39 - - [04/Jul/2017:09:30:46 -0700] "GET /Immergration.html HTTP/1.1" 404 89 "-" "Mozilla/5.0 (Windows; U; Windows NT 5.1; en-US; rv:1.9.2.8) Gecko/20100722 Firefox/3.6.8" "saveaslave.com"
54.243.48.119 - - [04/Jul/2017:09:31:00 -0700] "GET /Flight_Information.html HTTP/1.1" 404 89 "-" "Mozilla/5.0 (Windows; U; Windows NT 5.1; en-US; rv:1.9.2.8) Gecko/20100722 Firefox/3.6.8" "saveaslave.com"
54.204.193.39 - - [04/Jul/2017:09:31:15 -0700] "GET /Employment.html HTTP/1.1" 404 89 "-" "Mozilla/5.0 (Windows; U; Windows NT 5.1; en-US; rv:1.9.2.8) Gecko/20100722 Firefox/3.6.8" "saveaslave.com"
54.243.48.119 - - [04/Jul/2017:09:32:08 -0700] "GET /Non_Goverment_organizations.html HTTP/1.1" 404 89 "-" "Mozilla/5.0 (Windows; U; Windows NT 5.1; en-US; rv:1.9.2.8) Gecko/20100722 Firefox/3.6.8" "saveaslave.com"
54.243.48.119 - - [04/Jul/2017:09:32:37 -0700] "GET /Real_Estate.html HTTP/1.1" 404 89 "-" "Mozilla/5.0 (Windows; U; Windows NT 5.1; en-US; rv:1.9.2.8) Gecko/20100722 Firefox/3.6.8" "saveaslave.com"
54.204.193.39 - - [04/Jul/2017:09:33:07 -0700] "GET /Radio_Stations.html HTTP/1.1" 404 89 "-" "Mozilla/5.0 (Windows; U; Windows NT 5.1; en-US; rv:1.9.2.8) Gecko/20100722 Firefox/3.6.8" "saveaslave.com"
54.204.193.39 - - [04/Jul/2017:09:33:37 -0700] "GET /Penpals.html HTTP/1.1" 404 89 "-" "Mozilla/5.0 (Windows; U; Windows NT 5.1; en-US; rv:1.9.2.8) Gecko/20100722 Firefox/3.6.8" "saveaslave.com"
54.243.48.119 - - [04/Jul/2017:09:34:08 -0700] "GET /Adoption.html HTTP/1.1" 404 89 "-" "Mozilla/5.0 (Windows; U; Windows NT 5.1; en-US; rv:1.9.2.8) Gecko/20100722 Firefox/3.6.8" "saveaslave.com"
54.243.48.119 - - [04/Jul/2017:09:34:39 -0700] "GET /Maps.html HTTP/1.1" 404 89 "-" "Mozilla/5.0 (Windows; U; Windows NT 5.1; en-US; rv:1.9.2.8) Gecko/20100722 Firefox/3.6.8" "saveaslave.com"
54.204.193.39 - - [04/Jul/2017:09:35:17 -0700] "GET / HTTP/1.1" 200 88280 "-" "Mozilla/5.0 (Windows; U; Windows NT 5.1; en-US; rv:1.9.2.8) Gecko/20100722 Firefox/3.6.8" "saveaslave.com"
216.244.66.198 - - [04/Jul/2017:09:50:55 -0700] "GET /robots.txt HTTP/1.1" 200 48 "-" "Mozilla/5.0 (compatible; DotBot/1.1; http://www.opensiteexplorer.org/dotbot, help@moz.com)" "www.saveaslave.com"
106.241.30.25 - - [04/Jul/2017:10:02:41 -0700] "GET / HTTP/1.1" 200 88280 "-" "-" "www.saveaslave.com"
106.120.173.111 - - [04/Jul/2017:10:22:38 -0700] "GET /site/?cat=154 HTTP/1.1" 404 89 "-" "Sogou web spider/4.0(+http://www.sogou.com/docs/help/webmasters.htm#07)" "saveaslave.com"
84.201.133.6 - - [04/Jul/2017:10:23:12 -0700] "GET /robots.txt HTTP/1.1" 200 48 "-" "Mozilla/5.0 (compatible; YandexBot/3.0; +http://yandex.com/bots)" "saveaslave.com"
106.120.173.111 - - [04/Jul/2017:10:23:12 -0700] "GET /site/?cat=98 HTTP/1.1" 404 89 "-" "Sogou web spider/4.0(+http://www.sogou.com/docs/help/webmasters.htm#07)" "saveaslave.com"
51.255.65.64 - - [04/Jul/2017:10:34:04 -0700] "GET /www.ayuda.com HTTP/1.1" 404 89 "-" "Mozilla/5.0 (compatible; AhrefsBot/5.2; +http://ahrefs.com/robot/)" "saveaslave.com"
217.182.132.152 - - [04/Jul/2017:10:46:34 -0700] "GET /brunei.html HTTP/1.1" 404 89 "-" "Mozilla/5.0 (compatible; AhrefsBot/5.2; +http://ahrefs.com/robot/)" "www.saveaslave.com"
216.244.66.198 - - [04/Jul/2017:11:05:04 -0700] "GET /disclaimer.php HTTP/1.1" 200 48762 "-" "Mozilla/5.0 (compatible; DotBot/1.1; http://www.opensiteexplorer.org/dotbot, help@moz.com)" "www.saveaslave.com"
141.8.143.157 - - [04/Jul/2017:11:23:51 -0700] "GET /images/article/Flag_Tajikistan.gif HTTP/1.1" 200 5436 "-" "Mozilla/5.0 (compatible; YandexImages/3.0; +http://yandex.com/bots)" "saveaslave.com"
65.36.241.48 - - [04/Jul/2017:11:26:58 -0700] "HEAD / HTTP/1.1" 200 0 "-" "InternetSeer.com" "www.saveaslave.com"
217.182.132.52 - - [04/Jul/2017:11:50:22 -0700] "GET /azerbaijan.html HTTP/1.1" 404 89 "-" "Mozilla/5.0 (compatible; AhrefsBot/5.2; +http://ahrefs.com/robot/)" "www.saveaslave.com"
77.88.47.16 - - [04/Jul/2017:12:17:33 -0700] "GET /images/article/56817c9496381.jpeg HTTP/1.1" 200 11230 "-" "Mozilla/5.0 (compatible; YandexImages/3.0; +http://yandex.com/bots)" "saveaslave.com"
178.69.48.197 - - [04/Jul/2017:12:22:00 -0700] "GET /images/article/kateryna_ardanyan.jpg HTTP/1.1" 200 45587 "-" "Mozilla/5.0 (Windows NT 10.0; Win64; x64) AppleWebKit/537.36 (KHTML, like Gecko) Chrome/58.0.3029.110 Safari/537.36" "saveaslave.com"
171.25.193.78 - - [04/Jul/2017:12:23:25 -0700] "GET /wp-login.php HTTP/1.1" 200 73 "-" "Mozilla/5.0 (Windows; U; Windows NT 6.1; en-US; rv:1.9.2.28)" "saveaslave.com"[0]
46.118.117.158 - - [04/Jul/2017:12:34:42 -0700] "GET / HTTP/1.1" 200 88244 "https://bpro1.top/" "Mozilla/4.0 (compatible; MSIE 5.5; Windows NT 5.0; .NET CLR 1.1.4322)" "www.saveaslave.com"
46.118.117.158 - - [04/Jul/2017:12:34:43 -0700] "GET / HTTP/1.1" 200 88244 "https://bpro1.top/" "Mozilla/4.0 (compatible; MSIE 5.5; Windows NT 5.0; .NET CLR 1.1.4322)" "www.saveaslave.com"
45.63.117.129 - - [04/Jul/2017:12:48:25 -0700] "GET /country.php?name=Belgium'A=0&lang=en HTTP/1.1" 200 788 "http://www.saveaslave.com/country.php?name=Belgium'A=0&lang=en" "Mozilla/5.0 (Windows; U; Windows NT 5.1; pt-PT; rv:1.9.1.2) Gecko/20090729 Firefox/3.5.2 (.NET CLR 3.5.30729)" "www.saveaslave.com"[1]
45.63.117.129 - - [04/Jul/2017:12:48:26 -0700] "GET /country.php?name=Belgium&lang=en'A=0 HTTP/1.1" 200 52325 "http://www.saveaslave.com/country.php?name=Belgium&lang=en'A=0" "Mozilla/5.0 (Windows; U; Windows NT 5.1; pt-PT; rv:1.9.1.2) Gecko/20090729 Firefox/3.5.2 (.NET CLR 3.5.30729)" "www.saveaslave.com"
207.241.229.236 - - [04/Jul/2017:12:49:10 -0700] "GET /robots.txt HTTP/1.1" 200 48 "-" "Mozilla/5.0 (compatible; archive.org_bot +http://www.archive.org/details/archive.org_bot)" "www.saveaslave.com"
123.30.175.211 - - [04/Jul/2017:12:50:01 -0700] "GET /robots.txt HTTP/1.1" 200 48 "-" "Mozilla/5.0 (compatible; coccocbot-web/1.0; +http://help.coccoc.com/searchengine)" "saveaslave.com"
123.30.175.211 - - [04/Jul/2017:12:50:10 -0700] "GET /addarticle.php HTTP/1.1" 200 13761 "-" "Mozilla/5.0 (compatible; coccocbot-web/1.0; +http://help.coccoc.com/searchengine)" "saveaslave.com"[1]
42.236.10.84 - - [04/Jul/2017:12:56:10 -0700] "GET / HTTP/1.1" 200 88280 "http://saveaslave.com/" "Mozilla/5.0 (Windows NT 6.1; WOW64) AppleWebKit/537.36 (KHTML, like Gecko) Chrome/50.0.2661.102 Safari/537.36; 360Spider" "saveaslave.com"
123.30.175.210 - - [04/Jul/2017:12:56:48 -0700] "GET /robots.txt HTTP/1.1" 200 48 "-" "Mozilla/5.0 (compatible; coccocbot-web/1.0; +http://help.coccoc.com/searchengine)" "www.saveaslave.com"
123.30.175.209 - - [04/Jul/2017:12:56:57 -0700] "GET /addarticle.php HTTP/1.1" 200 13761 "-" "Mozilla/5.0 (compatible; coccocbot-web/1.0; +http://help.coccoc.com/searchengine)" "www.saveaslave.com"[1]
216.244.66.250 - - [04/Jul/2017:12:59:04 -0700] "GET /robots.txt HTTP/1.1" 200 48 "-" "Mozilla/5.0 (compatible; DotBot/1.1; http://www.opensiteexplorer.org/dotbot, help@moz.com)" "www.saveaslave.com"
216.244.66.250 - - [04/Jul/2017:12:59:04 -0700] "GET /robots.txt HTTP/1.1" 200 48 "-" "Mozilla/5.0 (compatible; DotBot/1.1; http://www.opensiteexplorer.org/dotbot, help@moz.com)" "saveaslave.com"
216.244.66.198 - - [04/Jul/2017:13:06:11 -0700] "GET /disclaimer.php HTTP/1.1" 200 48762 "-" "Mozilla/5.0 (compatible; DotBot/1.1; http://www.opensiteexplorer.org/dotbot, help@moz.com)" "www.saveaslave.com"
138.197.104.16 - - [04/Jul/2017:13:51:02 -0700] "GET / HTTP/1.1" 200 88244 "http://www.saveaslave.com" "Mozilla/5.0 (Windows NT 6.1; rv:28.0) Gecko/20100101 Firefox/28.0" "www.saveaslave.com"
138.197.104.16 - - [04/Jul/2017:13:51:18 -0700] "GET /robots.txt HTTP/1.1" 200 48 "-" "Mozilla/5.0 (compatible; MSIE 9.0; Windows NT 6.1; WOW64; Trident/5.0)" "www.saveaslave.com"
138.197.104.16 - - [04/Jul/2017:13:51:26 -0700] "GET /https:/www.tripadvisor.com/tourism-g54470-travelers_rest_south_carolina-vacations.html HTTP/1.1" 404 89 "http://www.saveaslave.com" "Mozilla/5.0 (Windows NT 6.1; WOW64; rv:28.0) Gecko/20100101 Firefox/28.0" "www.saveaslave.com"
138.197.104.16 - - [04/Jul/2017:13:51:26 -0700] "GET /our-supporters.php HTTP/1.1" 200 56273 "http://www.saveaslave.com" "Mozilla/5.0 (compatible; MSIE 9.0; Windows NT 6.1; WOW64; Trident/5.0)" "www.saveaslave.com"
138.197.104.16 - - [04/Jul/2017:13:51:26 -0700] "GET /contact-us.php HTTP/1.1" 200 30765 "http://www.saveaslave.com" "Mozilla/5.0 (Macintosh; Intel Mac OS X 10.9; rv:29.0) Gecko/20100101 Firefox/29.0" "www.saveaslave.com"
138.197.104.16 - - [04/Jul/2017:13:51:26 -0700] "GET /article.php?id=117 HTTP/1.1" 200 48065 "http://www.saveaslave.com" "Mozilla/5.0 (Windows NT 6.1; rv:28.0) Gecko/20100101 Firefox/28.0" "www.saveaslave.com"
138.197.104.16 - - [04/Jul/2017:13:51:26 -0700] "GET /article.php?id=114 HTTP/1.1" 200 44774 "http://www.saveaslave.com" "Mozilla/5.0 (Windows NT 6.1; rv:28.0) Gecko/20100101 Firefox/28.0" "www.saveaslave.com"
138.197.104.16 - - [04/Jul/2017:13:51:26 -0700] "GET /help.php HTTP/1.1" 200 53148 "http://www.saveaslave.com" "Mozilla/5.0 (compatible; MSIE 10.0; Windows NT 6.1; WOW64; Trident/6.0)" "www.saveaslave.com"
138.197.104.16 - - [04/Jul/2017:13:51:26 -0700] "GET /our-news.php HTTP/1.1" 200 44740 "http://www.saveaslave.com" "Mozilla/5.0 (Windows NT 6.1; WOW64) AppleWebKit/537.36 (KHTML, like Gecko) Chrome/34.0.1847.137 Safari/537.36" "www.saveaslave.com"[0]
138.197.104.16 - - [04/Jul/2017:13:51:26 -0700] "GET /in-russian.php?lang=ru HTTP/1.1" 200 92449 "http://saveaslave.com" "Mozilla/5.0 (Windows NT 6.1; WOW64) AppleWebKit/537.36 (KHTML, like Gecko) Chrome/34.0.1847.137 Safari/537.36" "saveaslave.com"
138.197.104.16 - - [04/Jul/2017:13:51:27 -0700] "GET /who-we-are.php HTTP/1.1" 200 51669 "http://www.saveaslave.com" "Mozilla/5.0 (Windows NT 6.1; WOW64; rv:21.0) Gecko/20100101 Firefox/21.0" "www.saveaslave.com"
138.197.104.16 - - [04/Jul/2017:13:51:27 -0700] "GET /article.php?id=116 HTTP/1.1" 200 44219 "http://www.saveaslave.com" "Mozilla/5.0 (Windows NT 6.1; WOW64; rv:29.0) Gecko/20100101 Firefox/29.0" "www.saveaslave.com"
138.197.104.16 - - [04/Jul/2017:13:51:27 -0700] "GET /article.php?id=86 HTTP/1.1" 200 44834 "http://www.saveaslave.com" "Mozilla/5.0 (Macintosh; Intel Mac OS X 10_9_2) AppleWebKit/537.75.14 (KHTML, like Gecko) Version/7.0.3 Safari/537.75.14" "www.saveaslave.com"
138.197.104.16 - - [04/Jul/2017:13:51:27 -0700] "GET /index.php HTTP/1.1" 200 88244 "http://www.saveaslave.com" "Mozilla/5.0 (compatible; MSIE 9.0; Windows NT 6.1; WOW64; Trident/5.0)" "www.saveaslave.com"[1]
138.197.104.16 - - [04/Jul/2017:13:54:19 -0700] "GET /css/bootstrap.min.css HTTP/1.1" 200 123578 "-" "Mozilla/5.0 (compatible; MSIE 9.0; Windows NT 6.1; WOW64; Trident/5.0)" "www.saveaslave.com"
138.197.104.16 - - [04/Jul/2017:13:54:19 -0700] "GET /css/style.css HTTP/1.1" 200 7938 "-" "Mozilla/5.0 (Windows NT 6.1; rv:28.0) Gecko/20100101 Firefox/28.0" "www.saveaslave.com"
138.197.104.16 - - [04/Jul/2017:13:54:19 -0700] "GET /css/elements.css HTTP/1.1" 200 17857 "-" "Mozilla/5.0 (Windows NT 6.1; WOW64; rv:29.0) Gecko/20100101 Firefox/29.0" "www.saveaslave.com"
138.197.104.16 - - [04/Jul/2017:13:54:20 -0700] "GET /css/style-pages.css HTTP/1.1" 200 9894 "-" "Mozilla/5.0 (Windows NT 6.3; WOW64) AppleWebKit/537.36 (KHTML, like Gecko) Chrome/34.0.1847.131 Safari/537.36" "www.saveaslave.com"
138.197.104.16 - - [04/Jul/2017:13:54:20 -0700] "GET /gfeedfetcher.js HTTP/1.1" 200 9018 "-" "Mozilla/5.0 (Windows NT 6.1; WOW64) AppleWebKit/537.36 (KHTML, like Gecko) Chrome/34.0.1847.137 Safari/537.36" "www.saveaslave.com"
138.197.104.16 - - [04/Jul/2017:13:54:20 -0700] "GET /gajaxscroller.js HTTP/1.1" 200 9774 "-" "Mozilla/5.0 (Windows NT 6.1; WOW64) AppleWebKit/537.36 (KHTML, like Gecko) Chrome/34.0.1847.137 Safari/537.36" "www.saveaslave.com"
216.244.66.226 - - [04/Jul/2017:14:03:58 -0700] "GET /robots.txt HTTP/1.1" 200 48 "-" "Mozilla/5.0 (compatible; DotBot/1.1; http://www.opensiteexplorer.org/dotbot, help@moz.com)" "www.saveaslave.com"[0]
216.244.66.250 - - [04/Jul/2017:14:07:16 -0700] "GET /article.php?id=116 HTTP/1.1" 200 44255 "-" "Mozilla/5.0 (compatible; DotBot/1.1; http://www.opensiteexplorer.org/dotbot, help@moz.com)" "www.saveaslave.com"
91.200.12.92 - - [04/Jul/2017:14:08:41 -0700] "GET /wp-login.php HTTP/1.1" 200 73 "-" "Mozilla/5.0 (compatible; MSIE 9.0; Windows NT 6.1; Trident/5.0)" "saveaslave.com"
91.200.12.92 - - [04/Jul/2017:14:08:41 -0700] "GET //wp-login.php HTTP/1.1" 200 73 "-" "Mozilla/5.0 (compatible; MSIE 9.0; Windows NT 6.1; Trident/5.0)" "saveaslave.com"[0]
40.77.167.149 - - [04/Jul/2017:14:09:52 -0700] "GET /article.php?id=61 HTTP/1.1" 200 57251 "-" "Mozilla/5.0 (compatible; bingbot/2.0; +http://www.bing.com/bingbot.htm)" "saveaslave.com"
51.255.71.132 - - [04/Jul/2017:14:13:57 -0700] "GET /armenia.html HTTP/1.1" 404 89 "-" "Mozilla/5.0 (compatible; AhrefsBot/5.2; +http://ahrefs.com/robot/)" "saveaslave.com"
216.244.66.250 - - [04/Jul/2017:15:07:29 -0700] "GET /uae.html HTTP/1.1" 404 89 "-" "Mozilla/5.0 (compatible; DotBot/1.1; http://www.opensiteexplorer.org/dotbot, help@moz.com)" "saveaslave.com"
216.244.66.250 - - [04/Jul/2017:15:07:30 -0700] "GET /saintvincent HTTP/1.1" 404 89 "-" "Mozilla/5.0 (compatible; DotBot/1.1; http://www.opensiteexplorer.org/dotbot, help@moz.com)" "saveaslave.com"
216.244.66.250 - - [04/Jul/2017:15:07:31 -0700] "GET /guineabissau HTTP/1.1" 404 89 "-" "Mozilla/5.0 (compatible; DotBot/1.1; http://www.opensiteexplorer.org/dotbot, help@moz.com)" "saveaslave.com"
216.244.66.250 - - [04/Jul/2017:15:07:31 -0700] "GET /bangladesh HTTP/1.1" 404 89 "-" "Mozilla/5.0 (compatible; DotBot/1.1; http://www.opensiteexplorer.org/dotbot, help@moz.com)" "saveaslave.com"[0]
216.244.66.198 - - [04/Jul/2017:15:08:51 -0700] "GET /disclaimer.php HTTP/1.1" 200 48762 "-" "Mozilla/5.0 (compatible; DotBot/1.1; http://www.opensiteexplorer.org/dotbot, help@moz.com)" "www.saveaslave.com"
179.7.168.207 - - [04/Jul/2017:15:53:29 -0700] "GET /images/article/ddccfaac_s.jpg HTTP/1.1" 200 12086 "https://www.google.com.pe/" "Mozilla/5.0 (Windows NT 10.0; Win64; x64) AppleWebKit/537.36 (KHTML, like Gecko) Chrome/59.0.3071.115 Safari/537.36" "saveaslave.com"
164.132.161.48 - - [04/Jul/2017:15:54:33 -0700] "GET /who-we-arer.php HTTP/1.1" 200 73386 "-" "Mozilla/5.0 (compatible; AhrefsBot/5.2; +http://ahrefs.com/robot/)" "saveaslave.com"
92.63.108.86 - - [04/Jul/2017:16:01:18 -0700] "GET /far.php?pass=qazwsx159357 HTTP/1.1" 200 73 "-" "Mozilla/5.0 (Windows NT 6.1; WOW64) AppleWebKit/537.36 (KHTML, like Gecko) Chrome/56.0.2924.87 Safari/537.36" "saveaslave.com"
92.63.108.86 - - [04/Jul/2017:16:01:18 -0700] "GET /far.php?pass=12345 HTTP/1.1" 200 73 "-" "Mozilla/5.0 (Windows NT 6.1; WOW64) AppleWebKit/537.36 (KHTML, like Gecko) Chrome/56.0.2924.87 Safari/537.36" "saveaslave.com"
92.63.108.86 - - [04/Jul/2017:16:01:18 -0700] "GET /far.php?pass=password HTTP/1.1" 200 73 "-" "Mozilla/5.0 (Windows NT 6.1; WOW64) AppleWebKit/537.36 (KHTML, like Gecko) Chrome/56.0.2924.87 Safari/537.36" "saveaslave.com"[0]
164.132.161.81 - - [04/Jul/2017:16:51:23 -0700] "GET /cotw.html HTTP/1.1" 404 89 "-" "Mozilla/5.0 (compatible; AhrefsBot/5.2; +http://ahrefs.com/robot/)" "saveaslave.com"
65.36.241.48 - - [04/Jul/2017:16:51:28 -0700] "HEAD / HTTP/1.1" 200 0 "-" "InternetSeer.com" "www.saveaslave.com"
65.36.241.48 - - [04/Jul/2017:18:01:31 -0700] "HEAD / HTTP/1.1" 200 0 "-" "InternetSeer.com" "www.saveaslave.com"
164.132.161.2 - - [04/Jul/2017:18:51:37 -0700] "GET /timor-leste.html HTTP/1.1" 404 89 "-" "Mozilla/5.0 (compatible; AhrefsBot/5.2; +http://ahrefs.com/robot/)" "saveaslave.com"
52.86.123.237 - - [04/Jul/2017:18:52:56 -0700] "GET / HTTP/1.1" 200 88280 "-" "Mozilla/5.0 (Macintosh; Intel Mac OS X 10_12_5) AppleWebKit/537.36 (KHTML, like Gecko) Chrome/58.0.3029.110 Safari/537.36" "saveaslave.com"[2]
216.244.66.250 - - [04/Jul/2017:18:54:21 -0700] "GET /robots.txt HTTP/1.1" 200 48 "-" "Mozilla/5.0 (compatible; DotBot/1.1; http://www.opensiteexplorer.org/dotbot, help@moz.com)" "saveaslave.com"
100.43.81.145 - - [04/Jul/2017:19:04:02 -0700] "GET /images/article/logo_church.jpg HTTP/1.1" 200 13167 "-" "Mozilla/5.0 (compatible; YandexImages/3.0; +http://yandex.com/bots)" "saveaslave.com"
65.36.241.48 - - [04/Jul/2017:19:11:12 -0700] "HEAD / HTTP/1.1" 200 0 "-" "InternetSeer.com" "www.saveaslave.com"
66.249.69.219 - - [04/Jul/2017:19:21:15 -0700] "GET /images/cover1.jpg HTTP/1.1" 200 253658 "-" "Googlebot-Image/1.0" "www.saveaslave.com"
66.249.69.219 - - [04/Jul/2017:19:43:39 -0700] "GET /images/tripit_icon_thumb_flat.png HTTP/1.1" 200 5795 "-" "Googlebot-Image/1.0" "www.saveaslave.com"
216.244.66.250 - - [04/Jul/2017:20:04:51 -0700] "GET /article.php?id=45 HTTP/1.1" 200 46800 "-" "Mozilla/5.0 (compatible; DotBot/1.1; http://www.opensiteexplorer.org/dotbot, help@moz.com)" "saveaslave.com"[2]
173.252.91.104 - - [04/Jul/2017:20:18:28 -0700] "GET /images/cover1.jpg HTTP/1.1" 200 253658 "-" "facebookexternalhit/1.1 (+http://www.facebook.com/externalhit_uatext.php)" "www.saveaslave.com"
173.252.90.119 - - [04/Jul/2017:20:20:41 -0700] "GET /images/cover1.jpg HTTP/1.1" 200 253658 "-" "facebookexternalhit/1.1 (+http://www.facebook.com/externalhit_uatext.php)" "www.saveaslave.com"
199.21.99.217 - - [04/Jul/2017:20:43:16 -0700] "GET /images/article/2239.jpg HTTP/1.1" 200 89745 "-" "Mozilla/5.0 (compatible; YandexImages/3.0; +http://yandex.com/bots)" "saveaslave.com"
51.255.65.83 - - [04/Jul/2017:20:58:34 -0700] "GET /somalia.html HTTP/1.1" 404 89 "-" "Mozilla/5.0 (compatible; AhrefsBot/5.2; +http://ahrefs.com/robot/)" "saveaslave.com"
108.49.220.243 - - [04/Jul/2017:21:01:07 -0700] "GET / HTTP/1.1" 200 88280 "-" "Mozilla/5.0 (iPad; CPU OS 10_3_2 like Mac OS X) AppleWebKit/603.2.4 (KHTML, like Gecko) Version/10.0 Mobile/14F89 Safari/602.1" "saveaslave.com"
108.49.220.243 - - [04/Jul/2017:21:01:07 -0700] "GET /css/elements.css HTTP/1.1" 200 17857 "http://saveaslave.com/" "Mozilla/5.0 (iPad; CPU OS 10_3_2 like Mac OS X) AppleWebKit/603.2.4 (KHTML, like Gecko) Version/10.0 Mobile/14F89 Safari/602.1" "saveaslave.com"
108.49.220.243 - - [04/Jul/2017:21:01:07 -0700] "GET /css/style-pages.css HTTP/1.1" 200 9894 "http://saveaslave.com/" "Mozilla/5.0 (iPad; CPU OS 10_3_2 like Mac OS X) AppleWebKit/603.2.4 (KHTML, like Gecko) Version/10.0 Mobile/14F89 Safari/602.1" "saveaslave.com"
108.49.220.243 - - [04/Jul/2017:21:01:07 -0700] "GET /css/bootstrap.min.css HTTP/1.1" 200 123578 "http://saveaslave.com/" "Mozilla/5.0 (iPad; CPU OS 10_3_2 like Mac OS X) AppleWebKit/603.2.4 (KHTML, like Gecko) Version/10.0 Mobile/14F89 Safari/602.1" "saveaslave.com"
108.49.220.243 - - [04/Jul/2017:21:01:07 -0700] "GET /gfeedfetcher.js HTTP/1.1" 200 9018 "http://saveaslave.com/" "Mozilla/5.0 (iPad; CPU OS 10_3_2 like Mac OS X) AppleWebKit/603.2.4 (KHTML, like Gecko) Version/10.0 Mobile/14F89 Safari/602.1" "saveaslave.com"
108.49.220.243 - - [04/Jul/2017:21:01:07 -0700] "GET /assets/js/ie10-viewport-bug-workaround.js HTTP/1.1" 200 641 "http://saveaslave.com/" "Mozilla/5.0 (iPad; CPU OS 10_3_2 like Mac OS X) AppleWebKit/603.2.4 (KHTML, like Gecko) Version/10.0 Mobile/14F89 Safari/602.1" "saveaslave.com"
108.49.220.243 - - [04/Jul/2017:21:01:07 -0700] "GET /images/logo2.png HTTP/1.1" 200 18525 "http://saveaslave.com/" "Mozilla/5.0 (iPad; CPU OS 10_3_2 like Mac OS X) AppleWebKit/603.2.4 (KHTML, like Gecko) Version/10.0 Mobile/14F89 Safari/602.1" "saveaslave.com"
108.49.220.243 - - [04/Jul/2017:21:01:07 -0700] "GET /images/article/end_it.jpg HTTP/1.1" 200 33676 "http://saveaslave.com/" "Mozilla/5.0 (iPad; CPU OS 10_3_2 like Mac OS X) AppleWebKit/603.2.4 (KHTML, like Gecko) Version/10.0 Mobile/14F89 Safari/602.1" "saveaslave.com"
108.49.220.243 - - [04/Jul/2017:21:01:07 -0700] "GET /images/cover1.jpg HTTP/1.1" 200 253658 "http://saveaslave.com/" "Mozilla/5.0 (iPad; CPU OS 10_3_2 like Mac OS X) AppleWebKit/603.2.4 (KHTML, like Gecko) Version/10.0 Mobile/14F89 Safari/602.1" "saveaslave.com"
108.49.220.243 - - [04/Jul/2017:21:01:07 -0700] "GET /images/tripit_icon_thumb_flat.png HTTP/1.1" 200 5795 "http://saveaslave.com/" "Mozilla/5.0 (iPad; CPU OS 10_3_2 like Mac OS X) AppleWebKit/603.2.4 (KHTML, like Gecko) Version/10.0 Mobile/14F89 Safari/602.1" "saveaslave.com"
108.49.220.243 - - [04/Jul/2017:21:01:07 -0700] "GET /images/select-arrow.png HTTP/1.1" 200 1118 "http://saveaslave.com/" "Mozilla/5.0 (iPad; CPU OS 10_3_2 like Mac OS X) AppleWebKit/603.2.4 (KHTML, like Gecko) Version/10.0 Mobile/14F89 Safari/602.1" "saveaslave.com"
108.49.220.243 - - [04/Jul/2017:21:01:07 -0700] "GET /addarticle.php HTTP/1.1" 200 13761 "http://saveaslave.com/" "Mozilla/5.0 (iPad; CPU OS 10_3_2 like Mac OS X) AppleWebKit/603.2.4 (KHTML, like Gecko) Version/10.0 Mobile/14F89 Safari/602.1" "saveaslave.com"
108.49.220.243 - - [04/Jul/2017:21:01:08 -0700] "GET /indicator.gif HTTP/1.1" 200 878 "http://saveaslave.com/" "Mozilla/5.0 (iPad; CPU OS 10_3_2 like Mac OS X) AppleWebKit/603.2.4 (KHTML, like Gecko) Version/10.0 Mobile/14F89 Safari/602.1" "saveaslave.com"[0]
108.49.220.243 - - [04/Jul/2017:21:01:08 -0700] "GET /css/down-arrow.png HTTP/1.1" 404 89 "http://saveaslave.com/" "Mozilla/5.0 (iPad; CPU OS 10_3_2 like Mac OS X) AppleWebKit/603.2.4 (KHTML, like Gecko) Version/10.0 Mobile/14F89 Safari/602.1" "saveaslave.com"
108.49.220.243 - - [04/Jul/2017:21:03:18 -0700] "GET /images/article/article3.jpg HTTP/1.1" 200 18354 "http://saveaslave.com/country.php?name=United%20States&lang=en" "Mozilla/5.0 (iPad; CPU OS 10_3_2 like Mac OS X) AppleWebKit/603.2.4 (KHTML, like Gecko) Version/10.0 Mobile/14F89 Safari/602.1" "saveaslave.com"
108.49.220.243 - - [04/Jul/2017:21:03:18 -0700] "GET /images/article/article5a.jpg HTTP/1.1" 200 52731 "http://saveaslave.com/country.php?name=United%20States&lang=en" "Mozilla/5.0 (iPad; CPU OS 10_3_2 like Mac OS X) AppleWebKit/603.2.4 (KHTML, like Gecko) Version/10.0 Mobile/14F89 Safari/602.1" "saveaslave.com"
108.49.220.243 - - [04/Jul/2017:21:03:18 -0700] "GET /images/top-1.jpg HTTP/1.1" 200 77341 "http://saveaslave.com/country.php?name=United%20States&lang=en" "Mozilla/5.0 (iPad; CPU OS 10_3_2 like Mac OS X) AppleWebKit/603.2.4 (KHTML, like Gecko) Version/10.0 Mobile/14F89 Safari/602.1" "saveaslave.com"
108.49.220.243 - - [04/Jul/2017:21:03:18 -0700] "GET /addarticle.php HTTP/1.1" 200 13725 "http://saveaslave.com/country.php?name=United%20States&lang=en" "Mozilla/5.0 (iPad; CPU OS 10_3_2 like Mac OS X) AppleWebKit/603.2.4 (KHTML, like Gecko) Version/10.0 Mobile/14F89 Safari/602.1" "saveaslave.com"
108.49.220.243 - - [04/Jul/2017:21:03:18 -0700] "GET /css/down-arrow.png HTTP/1.1" 404 89 "http://saveaslave.com/country.php?name=United%20States&lang=en" "Mozilla/5.0 (iPad; CPU OS 10_3_2 like Mac OS X) AppleWebKit/603.2.4 (KHTML, like Gecko) Version/10.0 Mobile/14F89 Safari/602.1" "saveaslave.com"
137.74.207.120 - - [04/Jul/2017:22:12:25 -0700] "GET /nigeria.html HTTP/1.1" 404 89 "-" "Mozilla/5.0 (compatible; AhrefsBot/5.2; +http://ahrefs.com/robot/)" "www.saveaslave.com"
65.36.241.48 - - [04/Jul/2017:23:18:57 -0700] "HEAD / HTTP/1.1" 200 0 "-" "InternetSeer.com" "www.saveaslave.com"
40.77.167.7 - - [04/Jul/2017:23:21:21 -0700] "GET /article.php?id=12 HTTP/1.1" 200 50481 "-" "Mozilla/5.0 (compatible; bingbot/2.0; +http://www.bing.com/bingbot.htm)" "saveaslave.com"
162.210.196.98 - - [04/Jul/2017:23:44:59 -0700] "GET /robots.txt HTTP/1.1" 200 48 "-" "Mozilla/5.0 (compatible; MJ12bot/v1.4.8; http://mj12bot.com/)" "saveaslave.com"
162.210.196.98 - - [04/Jul/2017:23:45:02 -0700] "GET / HTTP/1.1" 200 88280 "-" "Mozilla/5.0 (compatible; MJ12bot/v1.4.8; http://mj12bot.com/)" "saveaslave.com"
162.210.196.98 - - [04/Jul/2017:23:45:03 -0700] "GET /robots.txt HTTP/1.1" 200 48 "-" "Mozilla/5.0 (compatible; MJ12bot/v1.4.8; http://mj12bot.com/)" "www.saveaslave.com"
162.210.196.98 - - [04/Jul/2017:23:45:06 -0700] "GET / HTTP/1.1" 200 88280 "-" "Mozilla/5.0 (compatible; MJ12bot/v1.4.8; http://mj12bot.com/)" "www.saveaslave.com"
65.36.241.48 - - [05/Jul/2017:00:39:09 -0700] "HEAD / HTTP/1.1" 200 0 "-" "InternetSeer.com" "www.saveaslave.com"
172.242.72.198 - - [05/Jul/2017:00:54:23 -0700] "GET / HTTP/1.1" 200 88280 "-" "Mozilla/5.0 (Windows NT 10.0; WOW64; Trident/7.0; SMJB; rv:11.0) like Gecko" "www.saveaslave.com"[1]
172.242.72.198 - - [05/Jul/2017:00:54:23 -0700] "GET / HTTP/1.1" 200 88280 "-" "Mozilla/5.0 (Windows NT 10.0; WOW64; Trident/7.0; SMJB; rv:11.0) like Gecko" "www.saveaslave.com"[1]
172.242.72.198 - - [05/Jul/2017:00:54:23 -0700] "GET /ico/android-icon-192x192.png HTTP/1.1" 200 10097 "http://www.saveaslave.com/" "Mozilla/5.0 (Windows NT 10.0; WOW64; Trident/7.0; SMJB; rv:11.0) like Gecko" "www.saveaslave.com"
172.242.72.198 - - [05/Jul/2017:00:54:23 -0700] "GET /favicon.ico HTTP/1.1" 404 89 "http://www.saveaslave.com/" "Mozilla/5.0 (Windows NT 10.0; WOW64; Trident/7.0; SMJB; rv:11.0) like Gecko" "www.saveaslave.com"
172.242.72.198 - - [05/Jul/2017:00:54:23 -0700] "GET /gfeedfetcher.js HTTP/1.1" 200 9018 "http://www.saveaslave.com/" "Mozilla/5.0 (Windows NT 10.0; WOW64; Trident/7.0; SMJB; rv:11.0) like Gecko" "www.saveaslave.com"
172.242.72.198 - - [05/Jul/2017:00:54:23 -0700] "GET /gajaxscroller.js HTTP/1.1" 200 9774 "http://www.saveaslave.com/" "Mozilla/5.0 (Windows NT 10.0; WOW64; Trident/7.0; SMJB; rv:11.0) like Gecko" "www.saveaslave.com"
172.242.72.198 - - [05/Jul/2017:00:54:23 -0700] "GET /ico/favicon-16x16.png HTTP/1.1" 200 1129 "http://www.saveaslave.com/" "Mozilla/5.0 (Windows NT 10.0; WOW64; Trident/7.0; SMJB; rv:11.0) like Gecko" "www.saveaslave.com"
172.242.72.198 - - [05/Jul/2017:00:54:23 -0700] "GET /images/article/end_it.jpg HTTP/1.1" 200 33676 "http://www.saveaslave.com/" "Mozilla/5.0 (Windows NT 10.0; WOW64; Trident/7.0; SMJB; rv:11.0) like Gecko" "www.saveaslave.com"
172.242.72.198 - - [05/Jul/2017:00:54:23 -0700] "GET /ico/favicon-96x96.png HTTP/1.1" 200 4476 "http://www.saveaslave.com/" "Mozilla/5.0 (Windows NT 10.0; WOW64; Trident/7.0; SMJB; rv:11.0) like Gecko" "www.saveaslave.com"[0]
172.242.72.198 - - [05/Jul/2017:00:54:23 -0700] "GET /ico/favicon-32x32.png HTTP/1.1" 200 1892 "http://www.saveaslave.com/" "Mozilla/5.0 (Windows NT 10.0; WOW64; Trident/7.0; SMJB; rv:11.0) like Gecko" "www.saveaslave.com"
172.242.72.198 - - [05/Jul/2017:00:54:23 -0700] "GET /images/social1.png HTTP/1.1" 200 2012 "http://www.saveaslave.com/" "Mozilla/5.0 (Windows NT 10.0; WOW64; Trident/7.0; SMJB; rv:11.0) like Gecko" "www.saveaslave.com"
172.242.72.198 - - [05/Jul/2017:00:54:23 -0700] "GET /css/style.css HTTP/1.1" 200 7938 "http://www.saveaslave.com/" "Mozilla/5.0 (Windows NT 10.0; WOW64; Trident/7.0; SMJB; rv:11.0) like Gecko" "www.saveaslave.com"
172.242.72.198 - - [05/Jul/2017:00:54:23 -0700] "GET /css/elements.css HTTP/1.1" 200 17857 "http://www.saveaslave.com/" "Mozilla/5.0 (Windows NT 10.0; WOW64; Trident/7.0; SMJB; rv:11.0) like Gecko" "www.saveaslave.com"
172.242.72.198 - - [05/Jul/2017:00:54:23 -0700] "GET /https:/www.jscache.com/wejs?wtype=socialButtonIcon&uniq=198&locationId=54470&color=green&size=sm&lang=en_US&display_version=2 HTTP/1.1" 404 89 "http://www.saveaslave.com/" "Mozilla/5.0 (Windows NT 10.0; WOW64; Trident/7.0; SMJB; rv:11.0) like Gecko" "www.saveaslave.com"
172.242.72.198 - - [05/Jul/2017:00:54:23 -0700] "GET /css/style-pages.css HTTP/1.1" 200 9894 "http://www.saveaslave.com/" "Mozilla/5.0 (Windows NT 10.0; WOW64; Trident/7.0; SMJB; rv:11.0) like Gecko" "www.saveaslave.com"
172.242.72.198 - - [05/Jul/2017:00:54:23 -0700] "GET /assets/js/ie10-viewport-bug-workaround.js HTTP/1.1" 200 641 "http://www.saveaslave.com/" "Mozilla/5.0 (Windows NT 10.0; WOW64; Trident/7.0; SMJB; rv:11.0) like Gecko" "www.saveaslave.com"
172.242.72.198 - - [05/Jul/2017:00:54:23 -0700] "GET /images/tripit_icon_thumb_flat.png HTTP/1.1" 200 5795 "http://www.saveaslave.com/" "Mozilla/5.0 (Windows NT 10.0; WOW64; Trident/7.0; SMJB; rv:11.0) like Gecko" "www.saveaslave.com"
172.242.72.198 - - [05/Jul/2017:00:54:23 -0700] "GET /images/social3.png HTTP/1.1" 200 4343 "http://www.saveaslave.com/" "Mozilla/5.0 (Windows NT 10.0; WOW64; Trident/7.0; SMJB; rv:11.0) like Gecko" "www.saveaslave.com"
172.242.72.198 - - [05/Jul/2017:00:54:23 -0700] "GET /assets/js/ie-emulation-modes-warning.js HTTP/1.1" 200 2130 "http://www.saveaslave.com/" "Mozilla/5.0 (Windows NT 10.0; WOW64; Trident/7.0; SMJB; rv:11.0) like Gecko" "www.saveaslave.com"
172.242.72.198 - - [05/Jul/2017:00:54:23 -0700] "GET /https:/www.tripadvisor.com/img/cdsi/img2/branding/socialWidget/20x20_green-21690-2.png HTTP/1.1" 404 89 "http://www.saveaslave.com/" "Mozilla/5.0 (Windows NT 10.0; WOW64; Trident/7.0; SMJB; rv:11.0) like Gecko" "www.saveaslave.com"
172.242.72.198 - - [05/Jul/2017:00:54:23 -0700] "GET /css/bootstrap.min.css HTTP/1.1" 200 123578 "http://www.saveaslave.com/" "Mozilla/5.0 (Windows NT 10.0; WOW64; Trident/7.0; SMJB; rv:11.0) like Gecko" "www.saveaslave.com"
172.242.72.198 - - [05/Jul/2017:00:54:23 -0700] "GET /images/logo2.png HTTP/1.1" 200 18525 "http://www.saveaslave.com/" "Mozilla/5.0 (Windows NT 10.0; WOW64; Trident/7.0; SMJB; rv:11.0) like Gecko" "www.saveaslave.com"
172.242.72.198 - - [05/Jul/2017:00:54:23 -0700] "GET /js/bootstrap.min.js HTTP/1.1" 200 37055 "http://www.saveaslave.com/" "Mozilla/5.0 (Windows NT 10.0; WOW64; Trident/7.0; SMJB; rv:11.0) like Gecko" "www.saveaslave.com"
172.242.72.198 - - [05/Jul/2017:00:54:23 -0700] "GET /images/top.jpg HTTP/1.1" 200 50519 "http://www.saveaslave.com/" "Mozilla/5.0 (Windows NT 10.0; WOW64; Trident/7.0; SMJB; rv:11.0) like Gecko" "www.saveaslave.com"
172.242.72.198 - - [05/Jul/2017:00:54:23 -0700] "GET /images/social2.png HTTP/1.1" 200 1752 "http://www.saveaslave.com/" "Mozilla/5.0 (Windows NT 10.0; WOW64; Trident/7.0; SMJB; rv:11.0) like Gecko" "www.saveaslave.com"
172.242.72.198 - - [05/Jul/2017:00:54:24 -0700] "GET /addarticle.php HTTP/1.1" 200 13725 "http://www.saveaslave.com/" "Mozilla/5.0 (Windows NT 10.0; WOW64; Trident/7.0; SMJB; rv:11.0) like Gecko" "www.saveaslave.com"
172.242.72.198 - - [05/Jul/2017:00:54:40 -0700] "GET /css/down-arrow.png HTTP/1.1" 404 89 "http://www.saveaslave.com/" "Mozilla/5.0 (Windows NT 10.0; WOW64; Trident/7.0; SMJB; rv:11.0) like Gecko" "www.saveaslave.com"
172.242.72.198 - - [05/Jul/2017:00:54:41 -0700] "GET /css/down-arrow.png HTTP/1.1" 404 89 "http://www.saveaslave.com/" "Mozilla/5.0 (Windows NT 10.0; WOW64; Trident/7.0; SMJB; rv:11.0) like Gecko" "www.saveaslave.com"
164.132.161.91 - - [05/Jul/2017:01:11:10 -0700] "GET /www.ciw-online.org HTTP/1.1" 404 89 "-" "Mozilla/5.0 (compatible; AhrefsBot/5.2; +http://ahrefs.com/robot/)" "www.saveaslave.com"
157.55.39.50 - - [05/Jul/2017:01:15:24 -0700] "GET /robots.txt HTTP/1.1" 200 48 "-" "Mozilla/5.0 (compatible; bingbot/2.0; +http://www.bing.com/bingbot.htm)" "www.saveaslave.com"
207.46.13.128 - - [05/Jul/2017:01:15:45 -0700] "GET /article.php?id=113 HTTP/1.1" 200 44815 "-" "Mozilla/5.0 (compatible; bingbot/2.0; +http://www.bing.com/bingbot.htm)" "www.saveaslave.com"[2]
216.244.66.198 - - [05/Jul/2017:01:30:55 -0700] "GET /www.crla.org HTTP/1.1" 404 89 "-" "Mozilla/5.0 (compatible; DotBot/1.1; http://www.opensiteexplorer.org/dotbot, help@moz.com)" "www.saveaslave.com"
185.78.112.196 - - [05/Jul/2017:01:44:53 -0700] "GET / HTTP/1.1" 200 88280 "-" "Mozilla/5.0 (Windows NT 10.0; Win64; x64) AppleWebKit/537.36 (KHTML, like Gecko) Chrome/51.0.2704.79 Safari/537.36 Edge/14.14393" "saveaslave.com"
185.78.112.196 - - [05/Jul/2017:01:44:55 -0700] "GET /assets/js/ie-emulation-modes-warning.js HTTP/1.1" 200 2130 "http://saveaslave.com/" "Mozilla/5.0 (Windows NT 10.0; Win64; x64) AppleWebKit/537.36 (KHTML, like Gecko) Chrome/51.0.2704.79 Safari/537.36 Edge/14.14393" "saveaslave.com"
185.78.112.196 - - [05/Jul/2017:01:44:55 -0700] "GET /css/style.css HTTP/1.1" 200 7938 "http://saveaslave.com/" "Mozilla/5.0 (Windows NT 10.0; Win64; x64) AppleWebKit/537.36 (KHTML, like Gecko) Chrome/51.0.2704.79 Safari/537.36 Edge/14.14393" "saveaslave.com"
185.78.112.196 - - [05/Jul/2017:01:44:55 -0700] "GET /css/elements.css HTTP/1.1" 200 17857 "http://saveaslave.com/" "Mozilla/5.0 (Windows NT 10.0; Win64; x64) AppleWebKit/537.36 (KHTML, like Gecko) Chrome/51.0.2704.79 Safari/537.36 Edge/14.14393" "saveaslave.com"
185.78.112.196 - - [05/Jul/2017:01:44:55 -0700] "GET /css/bootstrap.min.css HTTP/1.1" 200 123578 "http://saveaslave.com/" "Mozilla/5.0 (Windows NT 10.0; Win64; x64) AppleWebKit/537.36 (KHTML, like Gecko) Chrome/51.0.2704.79 Safari/537.36 Edge/14.14393" "saveaslave.com"
185.78.112.196 - - [05/Jul/2017:01:44:55 -0700] "GET /gfeedfetcher.js HTTP/1.1" 200 9018 "http://saveaslave.com/" "Mozilla/5.0 (Windows NT 10.0; Win64; x64) AppleWebKit/537.36 (KHTML, like Gecko) Chrome/51.0.2704.79 Safari/537.36 Edge/14.14393" "saveaslave.com"
185.78.112.196 - - [05/Jul/2017:01:44:56 -0700] "GET /gajaxscroller.js HTTP/1.1" 200 9774 "http://saveaslave.com/" "Mozilla/5.0 (Windows NT 10.0; Win64; x64) AppleWebKit/537.36 (KHTML, like Gecko) Chrome/51.0.2704.79 Safari/537.36 Edge/14.14393" "saveaslave.com"
185.78.112.196 - - [05/Jul/2017:01:44:56 -0700] "GET /css/style-pages.css HTTP/1.1" 200 9894 "http://saveaslave.com/" "Mozilla/5.0 (Windows NT 10.0; Win64; x64) AppleWebKit/537.36 (KHTML, like Gecko) Chrome/51.0.2704.79 Safari/537.36 Edge/14.14393" "saveaslave.com"
185.78.112.196 - - [05/Jul/2017:01:44:57 -0700] "GET /js/bootstrap.min.js HTTP/1.1" 200 37055 "http://saveaslave.com/" "Mozilla/5.0 (Windows NT 10.0; Win64; x64) AppleWebKit/537.36 (KHTML, like Gecko) Chrome/51.0.2704.79 Safari/537.36 Edge/14.14393" "saveaslave.com"
185.78.112.196 - - [05/Jul/2017:01:44:57 -0700] "GET /assets/js/ie10-viewport-bug-workaround.js HTTP/1.1" 200 641 "http://saveaslave.com/" "Mozilla/5.0 (Windows NT 10.0; Win64; x64) AppleWebKit/537.36 (KHTML, like Gecko) Chrome/51.0.2704.79 Safari/537.36 Edge/14.14393" "saveaslave.com"
185.78.112.196 - - [05/Jul/2017:01:45:01 -0700] "GET /images/logo2.png HTTP/1.1" 200 18525 "http://saveaslave.com/" "Mozilla/5.0 (Windows NT 10.0; Win64; x64) AppleWebKit/537.36 (KHTML, like Gecko) Chrome/51.0.2704.79 Safari/537.36 Edge/14.14393" "saveaslave.com"
185.78.112.196 - - [05/Jul/2017:01:45:01 -0700] "GET /images/cover1.jpg HTTP/1.1" 200 253658 "http://saveaslave.com/" "Mozilla/5.0 (Windows NT 10.0; Win64; x64) AppleWebKit/537.36 (KHTML, like Gecko) Chrome/51.0.2704.79 Safari/537.36 Edge/14.14393" "saveaslave.com"
185.78.112.196 - - [05/Jul/2017:01:45:02 -0700] "GET /addarticle.php HTTP/1.1" 200 13761 "http://saveaslave.com/" "Mozilla/5.0 (Windows NT 10.0; Win64; x64) AppleWebKit/537.36 (KHTML, like Gecko) Chrome/51.0.2704.79 Safari/537.36 Edge/14.14393" "saveaslave.com"
185.78.112.196 - - [05/Jul/2017:01:45:02 -0700] "GET /images/top.jpg HTTP/1.1" 200 50519 "http://saveaslave.com/" "Mozilla/5.0 (Windows NT 10.0; Win64; x64) AppleWebKit/537.36 (KHTML, like Gecko) Chrome/51.0.2704.79 Safari/537.36 Edge/14.14393" "saveaslave.com"
185.78.112.196 - - [05/Jul/2017:01:45:03 -0700] "GET /images/select-arrow.png HTTP/1.1" 200 1118 "http://saveaslave.com/" "Mozilla/5.0 (Windows NT 10.0; Win64; x64) AppleWebKit/537.36 (KHTML, like Gecko) Chrome/51.0.2704.79 Safari/537.36 Edge/14.14393" "saveaslave.com"
185.78.112.196 - - [05/Jul/2017:01:45:03 -0700] "GET /images/article/end_it.jpg HTTP/1.1" 200 33676 "http://saveaslave.com/" "Mozilla/5.0 (Windows NT 10.0; Win64; x64) AppleWebKit/537.36 (KHTML, like Gecko) Chrome/51.0.2704.79 Safari/537.36 Edge/14.14393" "saveaslave.com"[0]
185.78.112.196 - - [05/Jul/2017:01:45:03 -0700] "GET /images/social1.png HTTP/1.1" 200 2012 "http://saveaslave.com/" "Mozilla/5.0 (Windows NT 10.0; Win64; x64) AppleWebKit/537.36 (KHTML, like Gecko) Chrome/51.0.2704.79 Safari/537.36 Edge/14.14393" "saveaslave.com"
185.78.112.196 - - [05/Jul/2017:01:45:04 -0700] "GET /images/social2.png HTTP/1.1" 200 1752 "http://saveaslave.com/" "Mozilla/5.0 (Windows NT 10.0; Win64; x64) AppleWebKit/537.36 (KHTML, like Gecko) Chrome/51.0.2704.79 Safari/537.36 Edge/14.14393" "saveaslave.com"
185.78.112.196 - - [05/Jul/2017:01:45:04 -0700] "GET /images/social3.png HTTP/1.1" 200 4343 "http://saveaslave.com/" "Mozilla/5.0 (Windows NT 10.0; Win64; x64) AppleWebKit/537.36 (KHTML, like Gecko) Chrome/51.0.2704.79 Safari/537.36 Edge/14.14393" "saveaslave.com"
185.78.112.196 - - [05/Jul/2017:01:45:04 -0700] "GET /images/tripit_icon_thumb_flat.png HTTP/1.1" 200 5795 "http://saveaslave.com/" "Mozilla/5.0 (Windows NT 10.0; Win64; x64) AppleWebKit/537.36 (KHTML, like Gecko) Chrome/51.0.2704.79 Safari/537.36 Edge/14.14393" "saveaslave.com"
185.78.112.196 - - [05/Jul/2017:01:45:08 -0700] "GET /indicator.gif HTTP/1.1" 200 878 "http://saveaslave.com/" "Mozilla/5.0 (Windows NT 10.0; Win64; x64) AppleWebKit/537.36 (KHTML, like Gecko) Chrome/51.0.2704.79 Safari/537.36 Edge/14.14393" "saveaslave.com"
185.78.112.196 - - [05/Jul/2017:01:45:08 -0700] "GET /css/down-arrow.png HTTP/1.1" 404 89 "http://saveaslave.com/" "Mozilla/5.0 (Windows NT 10.0; Win64; x64) AppleWebKit/537.36 (KHTML, like Gecko) Chrome/51.0.2704.79 Safari/537.36 Edge/14.14393" "saveaslave.com"
65.36.241.48 - - [05/Jul/2017:01:57:07 -0700] "HEAD / HTTP/1.1" 200 0 "-" "InternetSeer.com" "www.saveaslave.com"
46.118.124.89 - - [05/Jul/2017:01:58:21 -0700] "GET / HTTP/1.1" 200 88244 "http://remontvsamare.su/" "Mozilla/4.0 (compatible; MSIE 5.5; Windows NT 5.0; T312461)" "www.saveaslave.com"
46.118.124.89 - - [05/Jul/2017:01:58:22 -0700] "GET / HTTP/1.1" 200 88244 "http://remontvsamare.su/" "Mozilla/4.0 (compatible; MSIE 5.5; Windows NT 5.0; T312461)" "www.saveaslave.com"
46.118.124.89 - - [05/Jul/2017:01:58:23 -0700] "GET / HTTP/1.1" 200 88244 "http://remontvsamare.su/" "Mozilla/4.0 (compatible; MSIE 5.5; Windows NT 5.0; T312461)" "www.saveaslave.com"
91.223.81.143 - - [05/Jul/2017:02:15:19 -0700] "GET /addarticle.php HTTP/1.1" 200 13725 "http://www.saveaslave.com/" "Mozilla/5.0 (Windows NT 10.0; WOW64; rv:54.0) Gecko/20100101 Firefox/54.0" "www.saveaslave.com"
91.223.81.143 - - [05/Jul/2017:02:15:19 -0700] "GET /css/down-arrow.png HTTP/1.1" 404 89 "http://www.saveaslave.com/css/elements.css" "Mozilla/5.0 (Windows NT 10.0; WOW64; rv:54.0) Gecko/20100101 Firefox/54.0" "www.saveaslave.com"
170.130.37.92 - - [05/Jul/2017:02:27:52 -0700] "GET /addarticle.php HTTP/1.1" 200 13761 "http://saveaslave.com/" "Mozilla/5.0 (X11; Linux x86_64) AppleWebKit/537.36 (KHTML, like Gecko) Chrome/39.0.2171.99 Safari/537.36" "saveaslave.com"[1]
170.130.37.92 - - [05/Jul/2017:02:27:55 -0700] "POST /addarticle.php HTTP/1.1" 200 627 "http://saveaslave.com/addarticle.php" "Mozilla/5.0 (X11; Linux x86_64) AppleWebKit/537.36 (KHTML, like Gecko) Chrome/39.0.2171.99 Safari/537.36" "saveaslave.com"
66.249.69.219 - - [05/Jul/2017:02:42:45 -0700] "GET /indicator.gif HTTP/1.1" 200 878 "-" "Googlebot-Image/1.0" "www.saveaslave.com"
66.249.69.221 - - [05/Jul/2017:02:43:21 -0700] "GET /images/logo2.png HTTP/1.1" 200 18525 "-" "Googlebot-Image/1.0" "www.saveaslave.com"[0]
