81.163.131.4 - - [03/Mar/2016:21:10:15 -0800] "GET /images/top.jpg HTTP/1.1" 200 50519 "http://www.saveaslave.com/" "Mozilla/5.0 (Windows NT 6.1; WOW64) AppleWebKit/537.36 (KHTML, like Gecko) Chrome/48.0.2564.116 Safari/537.36" "www.saveaslave.com"
81.163.131.4 - - [03/Mar/2016:21:10:15 -0800] "GET /images/social1.png HTTP/1.1" 200 2012 "http://www.saveaslave.com/" "Mozilla/5.0 (Windows NT 6.1; WOW64) AppleWebKit/537.36 (KHTML, like Gecko) Chrome/48.0.2564.116 Safari/537.36" "www.saveaslave.com"
81.163.131.4 - - [03/Mar/2016:21:10:16 -0800] "GET /images/social2.png HTTP/1.1" 200 1752 "http://www.saveaslave.com/" "Mozilla/5.0 (Windows NT 6.1; WOW64) AppleWebKit/537.36 (KHTML, like Gecko) Chrome/48.0.2564.116 Safari/537.36" "www.saveaslave.com"
81.163.131.4 - - [03/Mar/2016:21:10:16 -0800] "GET /images/social3.png HTTP/1.1" 200 4343 "http://www.saveaslave.com/" "Mozilla/5.0 (Windows NT 6.1; WOW64) AppleWebKit/537.36 (KHTML, like Gecko) Chrome/48.0.2564.116 Safari/537.36" "www.saveaslave.com"
81.163.131.4 - - [03/Mar/2016:21:10:19 -0800] "GET /ico/favicon-16x16.png HTTP/1.1" 200 1129 "http://www.saveaslave.com/" "Mozilla/5.0 (Windows NT 6.1; WOW64) AppleWebKit/537.36 (KHTML, like Gecko) Chrome/48.0.2564.116 Safari/537.36" "www.saveaslave.com"
91.200.12.97 - - [03/Mar/2016:21:25:37 -0800] "POST / HTTP/1.1" 200 87047 "http://saveaslave.com/" "Mozilla/5.0 (Windows NT 6.3; WOW64) AppleWebKit/537.36 (KHTML, like Gecko) Chrome/45.0.2454.99 Safari/537.36" "saveaslave.com"
66.220.158.113 - - [03/Mar/2016:21:54:37 -0800] "GET /images/cover1.jpg HTTP/1.1" 200 253658 "-" "facebookexternalhit/1.1 (+http://www.facebook.com/externalhit_uatext.php)" "www.saveaslave.com"
208.115.113.94 - - [03/Mar/2016:21:57:03 -0800] "GET /robots.txt HTTP/1.1" 200 48 "-" "Mozilla/5.0 (compatible; DotBot/1.1; http://www.opensiteexplorer.org/dotbot, help@moz.com)" "saveaslave.com"
208.115.113.86 - - [03/Mar/2016:21:59:54 -0800] "GET /contact-us.php HTTP/1.1" 200 30437 "-" "Mozilla/5.0 (compatible; DotBot/1.1; http://www.opensiteexplorer.org/dotbot, help@moz.com)" "saveaslave.com"
65.36.241.48 - - [03/Mar/2016:22:05:31 -0800] "HEAD / HTTP/1.1" 200 0 "-" "InternetSeer.com" "www.saveaslave.com"
91.200.12.7 - - [03/Mar/2016:22:37:38 -0800] "POST / HTTP/1.1" 200 100333 "http://saveaslave.com/" "Mozilla/5.0 (Windows NT 6.1; rv:43.0) Gecko/20100101 Firefox/43.0" "saveaslave.com"
91.200.12.7 - - [03/Mar/2016:22:38:09 -0800] "GET / HTTP/1.1" 200 100441 "-" "Mozilla/5.0 (Windows NT 6.1; rv:21.0) Gecko/20100101 Firefox/21.0" "saveaslave.com"
208.115.113.86 - - [03/Mar/2016:22:42:08 -0800] "GET /robots.txt HTTP/1.1" 200 48 "-" "Mozilla/5.0 (compatible; DotBot/1.1; http://www.opensiteexplorer.org/dotbot, help@moz.com)" "www.saveaslave.com"
207.46.13.69 - - [03/Mar/2016:22:45:38 -0800] "GET /in-russian.php?lang=ru HTTP/1.1" 200 124627 "-" "Mozilla/5.0 (compatible; bingbot/2.0; +http://www.bing.com/bingbot.htm)" "saveaslave.com"
204.4.143.116 - - [03/Mar/2016:22:47:17 -0800] "GET /assets/js/ie-emulation-modes-warning.js HTTP/1.1" 200 2130 "http://www.saveaslave.com/" "Mozilla/5.0 (Windows NT 6.1; WOW64) AppleWebKit/537.36 (KHTML, like Gecko) Chrome/48.0.2564.116 Safari/537.36" "www.saveaslave.com"
204.4.143.116 - - [03/Mar/2016:22:47:17 -0800] "GET /css/bootstrap.min.css HTTP/1.1" 200 123578 "http://www.saveaslave.com/" "Mozilla/5.0 (Windows NT 6.1; WOW64) AppleWebKit/537.36 (KHTML, like Gecko) Chrome/48.0.2564.116 Safari/537.36" "www.saveaslave.com"
204.4.143.116 - - [03/Mar/2016:22:47:17 -0800] "GET /js/bootstrap.min.js HTTP/1.1" 200 37055 "http://www.saveaslave.com/" "Mozilla/5.0 (Windows NT 6.1; WOW64) AppleWebKit/537.36 (KHTML, like Gecko) Chrome/48.0.2564.116 Safari/537.36" "www.saveaslave.com"
204.4.143.116 - - [03/Mar/2016:22:47:17 -0800] "GET /assets/js/ie10-viewport-bug-workaround.js HTTP/1.1" 200 641 "http://www.saveaslave.com/" "Mozilla/5.0 (Windows NT 6.1; WOW64) AppleWebKit/537.36 (KHTML, like Gecko) Chrome/48.0.2564.116 Safari/537.36" "www.saveaslave.com"
91.200.12.7 - - [03/Mar/2016:22:57:18 -0800] "POST / HTTP/1.1" 200 100334 "http://saveaslave.com/" "Mozilla/5.0 (Windows NT 6.1; WOW64) AppleWebKit/537.36 (KHTML, like Gecko) Chrome/48.0.2564.82 Safari/537.36 OPR/35.0.2066.37" "saveaslave.com"
91.200.12.7 - - [03/Mar/2016:22:58:04 -0800] "GET / HTTP/1.1" 200 100441 "-" "Mozilla/5.0 (Windows NT 6.1; rv:21.0) Gecko/20100101 Firefox/21.0" "saveaslave.com"
157.55.39.238 - - [03/Mar/2016:23:03:44 -0800] "GET /macedonia.html HTTP/1.1" 404 89 "-" "Mozilla/5.0 (compatible; bingbot/2.0; +http://www.bing.com/bingbot.htm)" "saveaslave.com"
46.4.32.75 - - [03/Mar/2016:23:33:22 -0800] "GET /robots.txt HTTP/1.1" 200 48 "-" "Mozilla/5.0 (compatible; MJ12bot/v1.4.5; http://www.majestic12.co.uk/bot.php?+)" "www.saveaslave.com"
46.4.32.75 - - [03/Mar/2016:23:33:28 -0800] "GET /article.php?id=6 HTTP/1.1" 200 60206 "-" "Mozilla/5.0 (compatible; MJ12bot/v1.4.5; http://www.majestic12.co.uk/bot.php?+)" "www.saveaslave.com"
46.4.32.75 - - [03/Mar/2016:23:33:33 -0800] "GET /who-we-are.php HTTP/1.1" 200 50372 "-" "Mozilla/5.0 (compatible; MJ12bot/v1.4.5; http://www.majestic12.co.uk/bot.php?+)" "www.saveaslave.com"
208.115.113.94 - - [03/Mar/2016:23:34:23 -0800] "GET /index.php HTTP/1.1" 200 100441 "-" "Mozilla/5.0 (compatible; DotBot/1.1; http://www.opensiteexplorer.org/dotbot, help@moz.com)" "saveaslave.com"
208.115.113.86 - - [03/Mar/2016:23:51:01 -0800] "GET /www.hijcenter.org HTTP/1.1" 404 89 "-" "Mozilla/5.0 (compatible; DotBot/1.1; http://www.opensiteexplorer.org/dotbot, help@moz.com)" "www.saveaslave.com"
46.119.122.177 - - [03/Mar/2016:23:51:49 -0800] "GET / HTTP/1.1" 200 100369 "http://sivs.ru/" "Mozilla/4.0 (compatible; MSIE 5.0; Windows NT; DigExt)" "saveaslave.com"
208.115.113.94 - - [03/Mar/2016:23:56:37 -0800] "GET /robots.txt HTTP/1.1" 200 48 "-" "Mozilla/5.0 (compatible; DotBot/1.1; http://www.opensiteexplorer.org/dotbot, help@moz.com)" "saveaslave.com"
180.76.15.8 - - [04/Mar/2016:00:37:05 -0800] "GET /addlink.php?page=bahrain.html HTTP/1.1" 200 12521 "-" "Mozilla/5.0 (compatible; Baiduspider/2.0; +http://www.baidu.com/search/spider.html)" "www.saveaslave.com"
85.248.227.163 - - [04/Mar/2016:00:43:15 -0800] "GET / HTTP/1.1" 200 100369 "http://burger-imperia.com/" "Mozilla/5.0 (X11; Linux x86_64) AppleWebKit/537.36 (KHTML, like Gecko) Chrome/37.0.2062.120 Safari/537.36" "saveaslave.com"
208.115.113.86 - - [04/Mar/2016:00:45:55 -0800] "GET /robots.txt HTTP/1.1" 200 48 "-" "Mozilla/5.0 (compatible; DotBot/1.1; http://www.opensiteexplorer.org/dotbot, help@moz.com)" "www.saveaslave.com"
65.36.241.48 - - [04/Mar/2016:00:51:15 -0800] "HEAD / HTTP/1.1" 200 0 "-" "InternetSeer.com" "www.saveaslave.com"
85.93.91.84 - - [04/Mar/2016:01:20:04 -0800] "GET /robots.txt HTTP/1.1" 200 48 "-" "Mozilla/5.0 (compatible; DeuSu/5.0.2; +https://deusu.de/robot.html)" "www.saveaslave.com"
59.173.135.95 - - [04/Mar/2016:01:34:50 -0800] "POST /plus/mytag_js.php?aid=8080 HTTP/1.1" 404 89 "-" "-" "www.saveaslave.com"
59.173.135.95 - - [04/Mar/2016:01:34:50 -0800] "POST /plus/mytag_js.php?aid=9090 HTTP/1.1" 404 89 "-" "-" "www.saveaslave.com"
59.173.135.95 - - [04/Mar/2016:01:34:51 -0800] "POST /include/code/mp.php HTTP/1.1" 404 89 "-" "-" "www.saveaslave.com"
59.173.135.95 - - [04/Mar/2016:01:34:52 -0800] "POST /plus/360.php HTTP/1.1" 404 89 "-" "-" "www.saveaslave.com"
59.173.135.95 - - [04/Mar/2016:01:34:53 -0800] "POST /dxyylc/1ndex.php HTTP/1.1" 404 89 "-" "-" "www.saveaslave.com"
59.173.135.95 - - [04/Mar/2016:01:34:54 -0800] "POST /plus/e7xue.php HTTP/1.1" 404 89 "-" "-" "www.saveaslave.com"
59.173.135.95 - - [04/Mar/2016:01:34:54 -0800] "POST /plus/mybak.php HTTP/1.1" 404 89 "-" "-" "www.saveaslave.com"
59.173.135.95 - - [04/Mar/2016:01:34:55 -0800] "POST /plus/90sec.php HTTP/1.1" 404 89 "-" "-" "www.saveaslave.com"
59.173.135.95 - - [04/Mar/2016:01:34:56 -0800] "POST /plus/long.php HTTP/1.1" 404 89 "-" "-" "www.saveaslave.com"
59.173.135.95 - - [04/Mar/2016:01:34:58 -0800] "POST /utility/convert/data/config.inc.php HTTP/1.1" 404 89 "-" "-" "www.saveaslave.com"
59.173.135.95 - - [04/Mar/2016:01:34:58 -0800] "POST /utility/convert/data/rom2823.php HTTP/1.1" 404 89 "-" "-" "www.saveaslave.com"
59.173.135.95 - - [04/Mar/2016:01:34:59 -0800] "POST /utility/convert/include/rom2823.php HTTP/1.1" 404 89 "-" "-" "www.saveaslave.com"
59.173.135.95 - - [04/Mar/2016:01:34:59 -0800] "POST /utility/convert/include/phpmp.php HTTP/1.1" 404 89 "-" "-" "www.saveaslave.com"
59.173.135.95 - - [04/Mar/2016:01:34:59 -0800] "POST /utility/convert/data/config.inc.php HTTP/1.1" 404 89 "-" "-" "www.saveaslave.com"
59.173.135.95 - - [04/Mar/2016:01:35:00 -0800] "POST /config/AspCms_Config.asp HTTP/1.1" 404 89 "-" "-" "www.saveaslave.com"
59.173.135.95 - - [04/Mar/2016:01:35:00 -0800] "POST /config/AspCms_Conn.asp HTTP/1.1" 404 89 "-" "-" "www.saveaslave.com"
59.173.135.95 - - [04/Mar/2016:01:35:01 -0800] "POST /wp-admin/js/edit.php HTTP/1.1" 404 89 "-" "-" "www.saveaslave.com"
59.173.135.95 - - [04/Mar/2016:01:35:01 -0800] "POST /wp-admin/newfile.php HTTP/1.1" 404 89 "-" "-" "www.saveaslave.com"
59.173.135.95 - - [04/Mar/2016:01:35:01 -0800] "POST /wp-content/themes/inline/edit.php HTTP/1.1" 404 89 "-" "-" "www.saveaslave.com"
59.173.135.95 - - [04/Mar/2016:01:35:02 -0800] "POST /wp-includes/css/log.php HTTP/1.1" 404 89 "-" "-" "www.saveaslave.com"
59.173.135.95 - - [04/Mar/2016:01:35:02 -0800] "POST /wp-includes/theme-compat/qiaogua.php HTTP/1.1" 404 89 "-" "-" "www.saveaslave.com"
59.173.135.95 - - [04/Mar/2016:01:35:02 -0800] "POST /wp-content/themes/light/log.php HTTP/1.1" 404 89 "-" "-" "www.saveaslave.com"
59.173.135.95 - - [04/Mar/2016:01:35:02 -0800] "POST /wp-includes/images/wlwlog.php HTTP/1.1" 404 89 "-" "-" "www.saveaslave.com"
59.173.135.95 - - [04/Mar/2016:01:35:03 -0800] "POST /phpcms/plugin/tangshi.PHp HTTP/1.1" 404 89 "-" "-" "www.saveaslave.com"
59.173.135.95 - - [04/Mar/2016:01:35:03 -0800] "POST /phpsso_server/phpcms/modules/admin/top.php HTTP/1.1" 404 89 "-" "-" "www.saveaslave.com"
59.173.135.95 - - [04/Mar/2016:01:35:04 -0800] "POST /phpsso_server/phpcms/modules/admin/map.php HTTP/1.1" 404 89 "-" "-" "www.saveaslave.com"
59.173.135.95 - - [04/Mar/2016:01:35:04 -0800] "POST /phpsso_server/phpcms/libs/functions/global.top.php HTTP/1.1" 404 89 "-" "-" "www.saveaslave.com"
59.173.135.95 - - [04/Mar/2016:01:35:04 -0800] "POST /lrrpv51331.asp;.jpg HTTP/1.1" 404 89 "-" "-" "www.saveaslave.com"
59.173.135.95 - - [04/Mar/2016:01:35:05 -0800] "POST /zzz.asp;.jpg HTTP/1.1" 404 89 "-" "-" "www.saveaslave.com"
59.173.135.95 - - [04/Mar/2016:01:35:05 -0800] "POST /l0s4r.asp;.jpg HTTP/1.1" 404 89 "-" "-" "www.saveaslave.com"
59.173.135.95 - - [04/Mar/2016:01:35:05 -0800] "POST /Ac2.asp;.jpg HTTP/1.1" 404 89 "-" "-" "www.saveaslave.com"
59.173.135.95 - - [04/Mar/2016:01:35:06 -0800] "POST /zixi.asp;.jpg HTTP/1.1" 404 89 "-" "-" "www.saveaslave.com"
59.173.135.95 - - [04/Mar/2016:01:35:07 -0800] "POST /xk_com.asp;.jpg HTTP/1.1" 404 89 "-" "-" "www.saveaslave.com"
59.173.135.95 - - [04/Mar/2016:01:35:07 -0800] "POST /dxyylc/md5.asp HTTP/1.1" 404 89 "-" "-" "www.saveaslave.com"
59.173.135.95 - - [04/Mar/2016:01:35:08 -0800] "POST /Somnus/Somnus.asp HTTP/1.1" 404 89 "-" "-" "www.saveaslave.com"
59.173.135.95 - - [04/Mar/2016:01:35:08 -0800] "POST /sitemap/templates/met/SqlIn.asp HTTP/1.1" 404 89 "-" "-" "www.saveaslave.com"
59.173.135.95 - - [04/Mar/2016:01:35:09 -0800] "POST /php168/1ist.php HTTP/1.1" 404 89 "-" "-" "www.saveaslave.com"
59.173.135.95 - - [04/Mar/2016:01:35:10 -0800] "POST /book/story_dod_hjkdsafon.php HTTP/1.1" 404 89 "-" "-" "www.saveaslave.com"
123.125.71.28 - - [04/Mar/2016:01:38:04 -0800] "GET /robots.txt HTTP/1.1" 200 48 "-" "Mozilla/5.0 (compatible; Baiduspider/2.0; +http://www.baidu.com/search/spider.html)" "saveaslave.com"
77.75.76.166 - - [04/Mar/2016:02:04:01 -0800] "GET /robots.txt HTTP/1.1" 200 48 "-" "Mozilla/5.0 (compatible; SeznamBot/3.2; +http://fulltext.sblog.cz/)" "saveaslave.com"
77.75.76.166 - - [04/Mar/2016:02:04:03 -0800] "GET /site/?p=52 HTTP/1.1" 404 89 "-" "Mozilla/5.0 (compatible; SeznamBot/3.2; +http://fulltext.sblog.cz/)" "saveaslave.com"
157.55.39.238 - - [04/Mar/2016:02:11:07 -0800] "GET /robots.txt HTTP/1.1" 200 48 "-" "Mozilla/5.0 (compatible; bingbot/2.0; +http://www.bing.com/bingbot.htm)" "saveaslave.com"
95.91.77.11 - - [04/Mar/2016:02:14:08 -0800] "GET /robots.txt HTTP/1.1" 200 48 "-" "Mozilla/5.0 (compatible; MJ12bot/v1.4.5; http://www.majestic12.co.uk/bot.php?+)" "www.saveaslave.com"
95.91.77.11 - - [04/Mar/2016:02:14:21 -0800] "GET /article.php?id=25 HTTP/1.1" 200 776 "-" "Mozilla/5.0 (compatible; MJ12bot/v1.4.5; http://www.majestic12.co.uk/bot.php?+)" "www.saveaslave.com"
157.55.39.238 - - [04/Mar/2016:02:14:32 -0800] "GET /rwanda.html HTTP/1.1" 404 89 "-" "Mozilla/5.0 (compatible; bingbot/2.0; +http://www.bing.com/bingbot.htm)" "saveaslave.com"
180.76.15.154 - - [04/Mar/2016:02:17:57 -0800] "GET /css/elements.css HTTP/1.1" 200 17857 "-" "Mozilla/5.0 (compatible; Baiduspider/2.0; +http://www.baidu.com/search/spider.html)" "www.saveaslave.com"
65.36.241.48 - - [04/Mar/2016:02:22:04 -0800] "HEAD / HTTP/1.1" 200 0 "-" "InternetSeer.com" "www.saveaslave.com"
46.119.122.177 - - [04/Mar/2016:02:27:25 -0800] "GET / HTTP/1.1" 200 100369 "http://gazobetondom.com.ua/" "Mozilla/5.0 (Windows NT 5.1; U; en) Opera 8.01" "saveaslave.com"
46.119.122.177 - - [04/Mar/2016:02:27:25 -0800] "GET / HTTP/1.1" 200 100369 "http://gazobetondom.com.ua/" "Mozilla/5.0 (Windows NT 5.1; U; en) Opera 8.01" "saveaslave.com"
173.252.90.241 - - [04/Mar/2016:02:33:34 -0800] "GET /images/slaves.jpg HTTP/1.1" 404 89 "-" "facebookexternalhit/1.1 (+http://www.facebook.com/externalhit_uatext.php)" "www.saveaslave.com"
31.148.255.17 - - [04/Mar/2016:02:42:08 -0800] "GET /images/top.jpg HTTP/1.1" 200 50519 "https://www.google.com.ua/" "Mozilla/5.0 (Windows NT 6.1; WOW64) AppleWebKit/537.36 (KHTML, like Gecko) Chrome/48.0.2564.116 Safari/537.36" "saveaslave.com"
117.218.34.169 - - [04/Mar/2016:02:58:05 -0800] "GET / HTTP/1.1" 200 100441 "http://saveaslave.com/" "Mozilla/5.0 (Windows NT 6.1; rv:35.0) Gecko/20100101 Firefox/35.0" "saveaslave.com"
208.115.113.94 - - [04/Mar/2016:03:54:14 -0800] "GET /robots.txt HTTP/1.1" 200 48 "-" "Mozilla/5.0 (compatible; DotBot/1.1; http://www.opensiteexplorer.org/dotbot, help@moz.com)" "www.saveaslave.com"
66.249.69.97 - - [04/Mar/2016:04:20:00 -0800] "GET /samoa.html HTTP/1.1" 404 89 "-" "Mozilla/5.0 (compatible; Googlebot/2.1; +http://www.google.com/bot.html)" "www.saveaslave.com"
91.200.12.136 - - [04/Mar/2016:04:26:54 -0800] "GET /disclaimer.php HTTP/1.1" 200 47508 "http://www.saveaslave.com/disclaimer.php" "Mozilla/5.0 (Windows NT 6.3; WOW64; rv:44.0) Gecko/20100101 Firefox/44.0" "www.saveaslave.com"
91.200.12.106 - - [04/Mar/2016:04:28:37 -0800] "GET /disclaimer.php HTTP/1.1" 200 47508 "http://www.saveaslave.com/disclaimer.php" "Mozilla/5.0 (Windows NT 6.1; rv:43.0) Gecko/20100101 Firefox/43.0" "www.saveaslave.com"
91.200.12.7 - - [04/Mar/2016:04:29:44 -0800] "GET /disclaimer.php HTTP/1.1" 200 47508 "http://www.saveaslave.com/disclaimer.php" "Mozilla/5.0 (Windows NT 6.3; WOW64; rv:43.0) Gecko/20100101 Firefox/43.0" "www.saveaslave.com"
91.200.12.136 - - [04/Mar/2016:04:42:35 -0800] "GET /disclaimer.php HTTP/1.1" 200 47508 "http://www.saveaslave.com/disclaimer.php" "Mozilla/5.0 (Windows NT 6.3; WOW64) AppleWebKit/537.36 (KHTML, like Gecko) Chrome/47.0.2526.111 Safari/537.36" "www.saveaslave.com"
40.77.167.17 - - [04/Mar/2016:04:46:09 -0800] "GET /luxembourg.html HTTP/1.1" 404 89 "-" "Mozilla/5.0 (compatible; bingbot/2.0; +http://www.bing.com/bingbot.htm)" "saveaslave.com"
208.115.113.94 - - [04/Mar/2016:04:49:42 -0800] "GET /www.ririki.org/mx HTTP/1.1" 404 89 "-" "Mozilla/5.0 (compatible; DotBot/1.1; http://www.opensiteexplorer.org/dotbot, help@moz.com)" "www.saveaslave.com"
208.115.113.94 - - [04/Mar/2016:04:57:47 -0800] "GET /article.php?id=3 HTTP/1.1" 200 63553 "-" "Mozilla/5.0 (compatible; DotBot/1.1; http://www.opensiteexplorer.org/dotbot, help@moz.com)" "saveaslave.com"
77.75.76.170 - - [04/Mar/2016:06:00:34 -0800] "GET /photos/top.jpg HTTP/1.1" 404 89 "-" "Mozilla/5.0 (compatible; SeznamBot/3.2; +http://fulltext.sblog.cz/)" "saveaslave.com"
5.9.17.118 - - [04/Mar/2016:07:03:02 -0800] "GET /site/?p=56 HTTP/1.1" 404 89 "-" "Mozilla/5.0 (compatible; MSIE 10.0; Windows NT 6.1; Trident/6.0)" "saveaslave.com"
66.249.69.96 - - [04/Mar/2016:07:18:02 -0800] "GET /mauritania HTTP/1.1" 404 89 "-" "Mozilla/5.0 (iPhone; CPU iPhone OS 8_3 like Mac OS X) AppleWebKit/600.1.4 (KHTML, like Gecko) Version/8.0 Mobile/12F70 Safari/600.1.4 (compatible; Googlebot/2.1; +http://www.google.com/bot.html)" "www.saveaslave.com"
66.249.93.133 - - [04/Mar/2016:07:28:07 -0800] "GET /css/bootstrap.min.css HTTP/1.1" 200 123578 "http://www.saveaslave.com/" "Mozilla/5.0 (Linux; Android 5.0; LG-D855 Build/LRX21R.A1445947622) AppleWebKit/537.36 (KHTML, like Gecko) Chrome/48.0.2564.95 Mobile Safari/537.36" "www.saveaslave.com"
66.249.93.169 - - [04/Mar/2016:07:28:07 -0800] "GET /images/top.jpg HTTP/1.1" 200 50519 "http://www.saveaslave.com/" "Mozilla/5.0 (Linux; Android 5.0; LG-D855 Build/LRX21R.A1445947622) AppleWebKit/537.36 (KHTML, like Gecko) Chrome/48.0.2564.95 Mobile Safari/537.36" "www.saveaslave.com"
66.249.93.136 - - [04/Mar/2016:07:28:07 -0800] "GET /css/style-pages.css HTTP/1.1" 200 9894 "http://www.saveaslave.com/" "Mozilla/5.0 (Linux; Android 5.0; LG-D855 Build/LRX21R.A1445947622) AppleWebKit/537.36 (KHTML, like Gecko) Chrome/48.0.2564.95 Mobile Safari/537.36" "www.saveaslave.com"
66.249.93.169 - - [04/Mar/2016:07:28:07 -0800] "GET /assets/js/ie10-viewport-bug-workaround.js HTTP/1.1" 200 641 "http://www.saveaslave.com/" "Mozilla/5.0 (Linux; Android 5.0; LG-D855 Build/LRX21R.A1445947622) AppleWebKit/537.36 (KHTML, like Gecko) Chrome/48.0.2564.95 Mobile Safari/537.36" "www.saveaslave.com"
66.249.93.166 - - [04/Mar/2016:07:28:08 -0800] "GET /images/article/s1_dety_beg_d9954.jpg HTTP/1.1" 200 16968 "http://www.saveaslave.com/" "Mozilla/5.0 (Linux; Android 5.0; LG-D855 Build/LRX21R.A1445947622) AppleWebKit/537.36 (KHTML, like Gecko) Chrome/48.0.2564.95 Mobile Safari/537.36" "www.saveaslave.com"
66.249.93.136 - - [04/Mar/2016:07:28:14 -0800] "GET /indicator.gif HTTP/1.1" 200 878 "http://www.saveaslave.com/" "Mozilla/5.0 (Linux; Android 5.0; LG-D855 Build/LRX21R.A1445947622) AppleWebKit/537.36 (KHTML, like Gecko) Chrome/48.0.2564.95 Mobile Safari/537.36" "www.saveaslave.com"
207.46.13.69 - - [04/Mar/2016:07:40:00 -0800] "GET /sitemap.xml HTTP/1.1" 200 296 "-" "Mozilla/5.0 (compatible; bingbot/2.0; +http://www.bing.com/bingbot.htm)" "saveaslave.com"
208.115.113.86 - - [04/Mar/2016:08:00:02 -0800] "GET /article.php?id=46 HTTP/1.1" 200 61941 "-" "Mozilla/5.0 (compatible; DotBot/1.1; http://www.opensiteexplorer.org/dotbot, help@moz.com)" "www.saveaslave.com"
144.76.29.162 - - [04/Mar/2016:08:05:50 -0800] "GET /article.php?id=86 HTTP/1.1" 200 56625 "-" "Mozilla/5.0 (compatible; MJ12bot/v1.4.5; http://www.majestic12.co.uk/bot.php?+)" "www.saveaslave.com"
188.166.20.40 - - [04/Mar/2016:08:15:41 -0800] "GET /robots.txt HTTP/1.1" 200 48 "-" "SafeDNSBot (https://www.safedns.com/searchbot)" "www.saveaslave.com"
40.77.167.17 - - [04/Mar/2016:09:08:55 -0800] "GET /assets/js/ie10-viewport-bug-workaround.js HTTP/1.1" 200 641 "-" "Mozilla/5.0 (compatible; bingbot/2.0; +http://www.bing.com/bingbot.htm)" "saveaslave.com"
40.77.167.17 - - [04/Mar/2016:09:08:55 -0800] "GET /css/bootstrap.min.css HTTP/1.1" 200 123578 "-" "Mozilla/5.0 (compatible; bingbot/2.0; +http://www.bing.com/bingbot.htm)" "saveaslave.com"
40.77.167.17 - - [04/Mar/2016:09:08:55 -0800] "GET /gajaxscroller.js HTTP/1.1" 200 9774 "-" "Mozilla/5.0 (compatible; bingbot/2.0; +http://www.bing.com/bingbot.htm)" "saveaslave.com"
157.55.39.238 - - [04/Mar/2016:09:12:29 -0800] "GET /robots.txt HTTP/1.1" 200 48 "-" "Mozilla/5.0 (compatible; bingbot/2.0; +http://www.bing.com/bingbot.htm)" "saveaslave.com"
157.55.39.238 - - [04/Mar/2016:09:13:13 -0800] "GET /assets/js/ie-emulation-modes-warning.js HTTP/1.1" 200 2130 "-" "Mozilla/5.0 (compatible; bingbot/2.0; +http://www.bing.com/bingbot.htm)" "saveaslave.com"
62.210.75.243 - - [04/Mar/2016:09:37:14 -0800] "GET / HTTP/1.1" 200 100441 "-" "Mozilla/5.0 (X11; Linux x86_64) AppleWebKit/537.36 (KHTML, like Gecko) Chrome/28.0.1500.71 Safari/537.36" "www.saveaslave.com"
62.210.75.243 - - [04/Mar/2016:09:37:14 -0800] "GET /gfeedfetcher.js HTTP/1.1" 200 9018 "http://www.saveaslave.com/" "Mozilla/5.0 (X11; Linux x86_64) AppleWebKit/537.36 (KHTML, like Gecko) Chrome/28.0.1500.71 Safari/537.36" "www.saveaslave.com"
62.210.75.243 - - [04/Mar/2016:09:37:14 -0800] "GET /assets/js/ie-emulation-modes-warning.js HTTP/1.1" 200 2130 "http://www.saveaslave.com/" "Mozilla/5.0 (X11; Linux x86_64) AppleWebKit/537.36 (KHTML, like Gecko) Chrome/28.0.1500.71 Safari/537.36" "www.saveaslave.com"
62.210.75.243 - - [04/Mar/2016:09:37:14 -0800] "GET /gajaxscroller.js HTTP/1.1" 200 9774 "http://www.saveaslave.com/" "Mozilla/5.0 (X11; Linux x86_64) AppleWebKit/537.36 (KHTML, like Gecko) Chrome/28.0.1500.71 Safari/537.36" "www.saveaslave.com"
62.210.75.243 - - [04/Mar/2016:09:37:15 -0800] "GET /assets/js/ie10-viewport-bug-workaround.js HTTP/1.1" 200 641 "http://www.saveaslave.com/" "Mozilla/5.0 (X11; Linux x86_64) AppleWebKit/537.36 (KHTML, like Gecko) Chrome/28.0.1500.71 Safari/537.36" "www.saveaslave.com"
77.75.76.171 - - [04/Mar/2016:09:47:33 -0800] "GET /robots.txt HTTP/1.1" 200 48 "-" "Mozilla/5.0 (compatible; SeznamBot/3.2; +http://fulltext.sblog.cz/)" "saveaslave.com"
77.75.76.171 - - [04/Mar/2016:09:47:35 -0800] "GET /images/countrymap/netherlands-flag.gif HTTP/1.1" 404 89 "-" "Mozilla/5.0 (compatible; SeznamBot/3.2; +http://fulltext.sblog.cz/)" "saveaslave.com"
65.36.241.48 - - [04/Mar/2016:10:21:39 -0800] "HEAD / HTTP/1.1" 200 0 "-" "InternetSeer.com" "www.saveaslave.com"
208.115.113.86 - - [04/Mar/2016:10:39:34 -0800] "GET /robots.txt HTTP/1.1" 200 48 "-" "Mozilla/5.0 (compatible; DotBot/1.1; http://www.opensiteexplorer.org/dotbot, help@moz.com)" "www.saveaslave.com"
77.75.78.162 - - [04/Mar/2016:10:41:21 -0800] "GET /robots.txt HTTP/1.1" 200 48 "-" "Mozilla/5.0 (compatible; SeznamBot/3.2; +http://fulltext.sblog.cz/)" "saveaslave.com"
77.75.78.162 - - [04/Mar/2016:10:41:23 -0800] "GET /sitemap.xml HTTP/1.1" 200 296 "-" "Mozilla/5.0 (compatible; SeznamBot/3.2; +http://fulltext.sblog.cz/)" "saveaslave.com"
208.115.113.94 - - [04/Mar/2016:10:50:23 -0800] "GET /www.americangateways.org HTTP/1.1" 404 89 "-" "Mozilla/5.0 (compatible; DotBot/1.1; http://www.opensiteexplorer.org/dotbot, help@moz.com)" "www.saveaslave.com"
77.75.78.167 - - [04/Mar/2016:11:30:27 -0800] "GET /images/countrymap/sweden-flag.jpg HTTP/1.1" 404 89 "-" "Mozilla/5.0 (compatible; SeznamBot/3.2; +http://fulltext.sblog.cz/)" "saveaslave.com"
180.76.15.153 - - [04/Mar/2016:11:50:04 -0800] "GET /images/article/?M=D HTTP/1.1" 200 5105 "-" "Mozilla/5.0 (compatible; Baiduspider/2.0; +http://www.baidu.com/search/spider.html)" "www.saveaslave.com"
45.55.134.6 - - [04/Mar/2016:11:54:30 -0800] "GET /gfeedfetcher.js HTTP/1.1" 200 9018 "http://saveaslave.com/" "Mozilla/5.0 (Macintosh; Intel Mac OS X 10_9_2) AppleWebKit/537.75.14 (KHTML, like Gecko) Version/7.0.3 Safari/537.75.14" "saveaslave.com"
45.55.134.6 - - [04/Mar/2016:11:54:30 -0800] "GET /gajaxscroller.js HTTP/1.1" 200 9774 "http://saveaslave.com/" "Mozilla/5.0 (Macintosh; Intel Mac OS X 10_9_2) AppleWebKit/537.75.14 (KHTML, like Gecko) Version/7.0.3 Safari/537.75.14" "saveaslave.com"
45.55.134.6 - - [04/Mar/2016:11:54:31 -0800] "GET /assets/js/ie10-viewport-bug-workaround.js HTTP/1.1" 200 641 "http://saveaslave.com/" "Mozilla/5.0 (Macintosh; Intel Mac OS X 10_9_2) AppleWebKit/537.75.14 (KHTML, like Gecko) Version/7.0.3 Safari/537.75.14" "saveaslave.com"
208.115.113.86 - - [04/Mar/2016:12:00:42 -0800] "GET /article.php?id=29 HTTP/1.1" 200 776 "-" "Mozilla/5.0 (compatible; DotBot/1.1; http://www.opensiteexplorer.org/dotbot, help@moz.com)" "www.saveaslave.com"
51.255.65.29 - - [04/Mar/2016:12:32:13 -0800] "GET /oman.html HTTP/1.1" 404 89 "-" "Mozilla/5.0 (compatible; AhrefsBot/5.0; +http://ahrefs.com/robot/)" "saveaslave.com"
208.115.113.86 - - [04/Mar/2016:12:52:36 -0800] "GET /robots.txt HTTP/1.1" 200 48 "-" "Mozilla/5.0 (compatible; DotBot/1.1; http://www.opensiteexplorer.org/dotbot, help@moz.com)" "www.saveaslave.com"
77.75.76.167 - - [04/Mar/2016:13:38:46 -0800] "GET /robots.txt HTTP/1.1" 200 48 "-" "Mozilla/5.0 (compatible; SeznamBot/3.2; +http://fulltext.sblog.cz/)" "saveaslave.com"
77.75.76.167 - - [04/Mar/2016:13:38:47 -0800] "GET /photos/article2.jpg HTTP/1.1" 404 89 "-" "Mozilla/5.0 (compatible; SeznamBot/3.2; +http://fulltext.sblog.cz/)" "saveaslave.com"
208.115.113.94 - - [04/Mar/2016:13:52:18 -0800] "GET /robots.txt HTTP/1.1" 200 48 "-" "Mozilla/5.0 (compatible; DotBot/1.1; http://www.opensiteexplorer.org/dotbot, help@moz.com)" "www.saveaslave.com"
208.115.113.86 - - [04/Mar/2016:13:58:43 -0800] "GET /contact-us.php HTTP/1.1" 200 30437 "-" "Mozilla/5.0 (compatible; DotBot/1.1; http://www.opensiteexplorer.org/dotbot, help@moz.com)" "www.saveaslave.com"
188.166.22.39 - - [04/Mar/2016:14:25:05 -0800] "GET /robots.txt HTTP/1.1" 200 48 "-" "SafeDNSBot (https://www.safedns.com/searchbot)" "www.saveaslave.com"
141.8.143.166 - - [04/Mar/2016:15:17:36 -0800] "GET /ico/favicon-32x32.png HTTP/1.1" 200 1892 "-" "Mozilla/5.0 (compatible; YandexBot/3.0; +http://yandex.com/bots)" "www.saveaslave.com"
51.255.65.39 - - [04/Mar/2016:15:26:35 -0800] "GET /our-supportersr.php HTTP/1.1" 200 73 "-" "Mozilla/5.0 (compatible; AhrefsBot/5.0; +http://ahrefs.com/robot/)" "saveaslave.com"
85.93.91.84 - - [04/Mar/2016:15:35:51 -0800] "GET /robots.txt HTTP/1.1" 200 48 "-" "Mozilla/5.0 (compatible; DeuSu/5.0.2; +https://deusu.de/robot.html)" "www.saveaslave.com"
85.93.91.84 - - [04/Mar/2016:15:35:52 -0800] "GET /www.crla.org HTTP/1.1" 404 89 "-" "Mozilla/5.0 (compatible; DeuSu/5.0.2; +https://deusu.de/robot.html)" "www.saveaslave.com"
208.115.113.86 - - [04/Mar/2016:15:57:22 -0800] "GET /article.php?id=25 HTTP/1.1" 200 776 "-" "Mozilla/5.0 (compatible; DotBot/1.1; http://www.opensiteexplorer.org/dotbot, help@moz.com)" "www.saveaslave.com"
65.36.241.48 - - [04/Mar/2016:16:08:53 -0800] "HEAD / HTTP/1.1" 200 0 "-" "InternetSeer.com" "www.saveaslave.com"
77.75.77.62 - - [04/Mar/2016:16:32:53 -0800] "GET /robots.txt HTTP/1.1" 200 48 "-" "Mozilla/5.0 (compatible; SeznamBot/3.2; +http://fulltext.sblog.cz/)" "saveaslave.com"
23.236.239.106 - - [04/Mar/2016:17:06:40 -0800] "GET / HTTP/1.1" 200 100441 "http://saveaslave.com/" "Mozilla/5.0 (Windows NT 6.1; rv:35.0) Gecko/20100101 Firefox/35.0" "saveaslave.com"
209.129.165.18 - - [04/Mar/2016:17:14:34 -0800] "GET / HTTP/1.1" 200 100369 "https://t.co/E8R4kksux4" "Mozilla/5.0 (Windows NT 6.1; WOW64; rv:44.0) Gecko/20100101 Firefox/44.0" "saveaslave.com"
209.129.165.18 - - [04/Mar/2016:17:14:34 -0800] "GET /favicon.ico HTTP/1.1" 404 89 "-" "Mozilla/5.0 (Windows NT 6.1; WOW64; rv:44.0) Gecko/20100101 Firefox/44.0" "saveaslave.com"
209.129.165.18 - - [04/Mar/2016:17:14:34 -0800] "GET /ico/android-icon-192x192.png HTTP/1.1" 200 10097 "-" "Mozilla/5.0 (Windows NT 6.1; WOW64; rv:44.0) Gecko/20100101 Firefox/44.0" "saveaslave.com"
209.129.165.18 - - [04/Mar/2016:17:14:36 -0800] "GET /css/style.css HTTP/1.1" 200 7938 "http://saveaslave.com/" "Mozilla/5.0 (Windows NT 6.1; WOW64; rv:44.0) Gecko/20100101 Firefox/44.0" "saveaslave.com"
209.129.165.18 - - [04/Mar/2016:17:14:36 -0800] "GET /css/style-pages.css HTTP/1.1" 200 9894 "http://saveaslave.com/" "Mozilla/5.0 (Windows NT 6.1; WOW64; rv:44.0) Gecko/20100101 Firefox/44.0" "saveaslave.com"
209.129.165.18 - - [04/Mar/2016:17:14:36 -0800] "GET /images/top.jpg HTTP/1.1" 200 50519 "http://saveaslave.com/" "Mozilla/5.0 (Windows NT 6.1; WOW64; rv:44.0) Gecko/20100101 Firefox/44.0" "saveaslave.com"
209.129.165.18 - - [04/Mar/2016:17:14:36 -0800] "GET /images/article/2239.jpg HTTP/1.1" 200 89745 "http://saveaslave.com/" "Mozilla/5.0 (Windows NT 6.1; WOW64; rv:44.0) Gecko/20100101 Firefox/44.0" "saveaslave.com"
209.129.165.18 - - [04/Mar/2016:17:14:36 -0800] "GET /images/social3.png HTTP/1.1" 200 4343 "http://saveaslave.com/" "Mozilla/5.0 (Windows NT 6.1; WOW64; rv:44.0) Gecko/20100101 Firefox/44.0" "saveaslave.com"
209.129.165.18 - - [04/Mar/2016:17:14:36 -0800] "GET /images/select-arrow.png HTTP/1.1" 200 1118 "http://saveaslave.com/css/style-pages.css" "Mozilla/5.0 (Windows NT 6.1; WOW64; rv:44.0) Gecko/20100101 Firefox/44.0" "saveaslave.com"
209.129.165.18 - - [04/Mar/2016:17:14:37 -0800] "GET /indicator.gif HTTP/1.1" 200 878 "http://saveaslave.com/" "Mozilla/5.0 (Windows NT 6.1; WOW64; rv:44.0) Gecko/20100101 Firefox/44.0" "saveaslave.com"
209.129.165.18 - - [04/Mar/2016:17:14:56 -0800] "GET /images/article5.jpg HTTP/1.1" 200 14497 "http://saveaslave.com/who-we-are.php" "Mozilla/5.0 (Windows NT 6.1; WOW64; rv:44.0) Gecko/20100101 Firefox/44.0" "saveaslave.com"
209.129.165.18 - - [04/Mar/2016:17:14:56 -0800] "GET /images/top-1.jpg HTTP/1.1" 200 77341 "http://saveaslave.com/who-we-are.php" "Mozilla/5.0 (Windows NT 6.1; WOW64; rv:44.0) Gecko/20100101 Firefox/44.0" "saveaslave.com"
66.249.69.65 - - [04/Mar/2016:17:26:31 -0800] "GET /news4.php HTTP/1.1" 200 73 "-" "Mozilla/5.0 (iPhone; CPU iPhone OS 8_3 like Mac OS X) AppleWebKit/600.1.4 (KHTML, like Gecko) Version/8.0 Mobile/12F70 Safari/600.1.4 (compatible; Googlebot/2.1; +http://www.google.com/bot.html)" "www.saveaslave.com"
180.76.15.148 - - [04/Mar/2016:17:42:44 -0800] "GET /article.php?id=2 HTTP/1.1" 200 61024 "-" "Mozilla/5.0 (compatible; Baiduspider/2.0; +http://www.baidu.com/search/spider.html)" "www.saveaslave.com"
65.36.241.48 - - [04/Mar/2016:17:46:05 -0800] "HEAD / HTTP/1.1" 200 0 "-" "InternetSeer.com" "www.saveaslave.com"
61.135.190.102 - - [04/Mar/2016:17:49:26 -0800] "GET /gfeedfetcher.js HTTP/1.1" 200 9018 "http://saveaslave.com/" "Mozilla/5.0 (iPhone; CPU iPhone OS 5_0 like Mac OS X) AppleWebKit/534.46 (KHTML, like Gecko) Version/5.1 Mobile/9A334 Safari/7534.48.3" "saveaslave.com"
61.135.190.102 - - [04/Mar/2016:17:49:28 -0800] "GET /gajaxscroller.js HTTP/1.1" 200 9774 "http://saveaslave.com/" "Mozilla/5.0 (iPhone; CPU iPhone OS 5_0 like Mac OS X) AppleWebKit/534.46 (KHTML, like Gecko) Version/5.1 Mobile/9A334 Safari/7534.48.3" "saveaslave.com"
208.115.113.86 - - [04/Mar/2016:17:50:59 -0800] "GET /www.liderescampesinas.org HTTP/1.1" 404 89 "-" "Mozilla/5.0 (compatible; DotBot/1.1; http://www.opensiteexplorer.org/dotbot, help@moz.com)" "www.saveaslave.com"
61.135.190.105 - - [04/Mar/2016:17:56:15 -0800] "GET /gfeedfetcher.js HTTP/1.1" 200 9018 "http://saveaslave.com/" "Mozilla/5.0 (Windows NT 6.1; WOW64) AppleWebKit/537.36 (KHTML, like Gecko) Chrome/36.0.1985.143 Safari/537.36" "saveaslave.com"
61.135.190.105 - - [04/Mar/2016:17:56:15 -0800] "GET /gajaxscroller.js HTTP/1.1" 200 9774 "http://saveaslave.com/" "Mozilla/5.0 (Windows NT 6.1; WOW64) AppleWebKit/537.36 (KHTML, like Gecko) Chrome/36.0.1985.143 Safari/537.36" "saveaslave.com"
208.115.113.86 - - [04/Mar/2016:18:00:12 -0800] "GET /in-russian.php HTTP/1.1" 200 122791 "-" "Mozilla/5.0 (compatible; DotBot/1.1; http://www.opensiteexplorer.org/dotbot, help@moz.com)" "saveaslave.com"
54.162.119.229 - - [04/Mar/2016:18:25:52 -0800] "GET /index.php HTTP/1.1" 200 100441 "-" "Mozilla/5.0 (compatible; linkdexbot/2.0; +http://www.linkdex.com/bots/)" "www.saveaslave.com"
207.46.13.69 - - [04/Mar/2016:18:28:29 -0800] "GET /photos/top.jpg HTTP/1.1" 404 89 "-" "Mozilla/5.0 (compatible; bingbot/2.0; +http://www.bing.com/bingbot.htm)" "saveaslave.com"
5.149.254.109 - - [04/Mar/2016:18:33:52 -0800] "GET /wordpress/ HTTP/1.1" 404 89 "-" "Mozilla/5.0 (X11; Linux x86_64) AppleWebKit/537.36 (KHTML, like Gecko) Chrome/48.0.2563.97 Safari/527.26" "saveaslave.com"
77.75.76.168 - - [04/Mar/2016:18:44:10 -0800] "GET /images/countrymap/mali.gif HTTP/1.1" 404 89 "-" "Mozilla/5.0 (compatible; SeznamBot/3.2; +http://fulltext.sblog.cz/)" "saveaslave.com"
40.77.167.17 - - [04/Mar/2016:18:45:15 -0800] "GET /images/social1.png HTTP/1.1" 200 2012 "-" "Mozilla/5.0 (compatible; bingbot/2.0; +http://www.bing.com/bingbot.htm)" "saveaslave.com"
65.36.241.48 - - [04/Mar/2016:19:07:16 -0800] "HEAD / HTTP/1.1" 200 0 "-" "InternetSeer.com" "www.saveaslave.com"
208.115.113.86 - - [04/Mar/2016:19:37:37 -0800] "GET /article.php?id=21 HTTP/1.1" 200 62010 "-" "Mozilla/5.0 (compatible; DotBot/1.1; http://www.opensiteexplorer.org/dotbot, help@moz.com)" "www.saveaslave.com"
69.30.198.186 - - [04/Mar/2016:19:51:55 -0800] "GET /robots.txt HTTP/1.1" 200 48 "-" "Mozilla/5.0 (compatible; MJ12bot/v1.4.5; http://www.majestic12.co.uk/bot.php?+)" "saveaslave.com"
77.75.77.119 - - [04/Mar/2016:20:14:48 -0800] "GET /images/countrymap/senegal.gif HTTP/1.1" 404 89 "-" "Mozilla/5.0 (compatible; SeznamBot/3.2; +http://fulltext.sblog.cz/)" "saveaslave.com"
65.36.241.48 - - [04/Mar/2016:20:37:42 -0800] "HEAD / HTTP/1.1" 200 0 "-" "InternetSeer.com" "www.saveaslave.com"
203.133.168.75 - - [04/Mar/2016:21:07:28 -0800] "GET / HTTP/1.1" 200 100441 "-" "Mozilla/5.0 (compatible; MSIE or Firefox mutant;) Daum 4.1" "saveaslave.com"
54.198.211.233 - - [04/Mar/2016:21:19:11 -0800] "GET /index.php HTTP/1.1" 200 100441 "-" "Mozilla/5.0 (compatible; linkdexbot/2.0; +http://www.linkdex.com/bots/)" "saveaslave.com"
77.75.76.170 - - [04/Mar/2016:21:19:14 -0800] "GET /robots.txt HTTP/1.1" 200 48 "-" "Mozilla/5.0 (compatible; SeznamBot/3.2; +http://fulltext.sblog.cz/)" "saveaslave.com"
77.75.76.170 - - [04/Mar/2016:21:19:15 -0800] "GET /images/countrymap/gambia-flag.jpg HTTP/1.1" 404 89 "-" "Mozilla/5.0 (compatible; SeznamBot/3.2; +http://fulltext.sblog.cz/)" "saveaslave.com"
77.75.78.166 - - [04/Mar/2016:22:15:08 -0800] "GET /images/countrymap/brunei.gif HTTP/1.1" 404 89 "-" "Mozilla/5.0 (compatible; SeznamBot/3.2; +http://fulltext.sblog.cz/)" "saveaslave.com"
123.125.71.90 - - [04/Mar/2016:22:39:57 -0800] "GET /css/elements.css HTTP/1.1" 200 17857 "http://www.saveaslave.com/" "Mozilla/5.0 (iPhone; CPU iPhone OS 8_0 like Mac OS X) AppleWebKit/600.1.3 (KHTML, like Gecko) Version/8.0 Mobile/12A4345d Safari/600.1.4" "www.saveaslave.com"
123.125.71.90 - - [04/Mar/2016:22:39:57 -0800] "GET /css/style.css HTTP/1.1" 304 - "http://www.saveaslave.com/" "Mozilla/5.0 (iPhone; CPU iPhone OS 8_0 like Mac OS X) AppleWebKit/600.1.3 (KHTML, like Gecko) Version/8.0 Mobile/12A4345d Safari/600.1.4" "www.saveaslave.com"
123.125.71.74 - - [04/Mar/2016:22:40:03 -0800] "GET /gfeedfetcher.js HTTP/1.1" 200 9018 "http://www.saveaslave.com/" "Mozilla/5.0 (iPhone; CPU iPhone OS 8_0 like Mac OS X) AppleWebKit/600.1.3 (KHTML, like Gecko) Version/8.0 Mobile/12A4345d Safari/600.1.4" "www.saveaslave.com"
123.125.71.92 - - [04/Mar/2016:22:40:08 -0800] "GET /css/bootstrap.min.css HTTP/1.1" 200 123578 "http://www.saveaslave.com/" "Mozilla/5.0 (iPhone; CPU iPhone OS 8_0 like Mac OS X) AppleWebKit/600.1.3 (KHTML, like Gecko) Version/8.0 Mobile/12A4345d Safari/600.1.4" "www.saveaslave.com"
123.125.71.89 - - [04/Mar/2016:22:40:08 -0800] "GET /css/style-pages.css HTTP/1.1" 200 9894 "http://www.saveaslave.com/" "Mozilla/5.0 (iPhone; CPU iPhone OS 8_0 like Mac OS X) AppleWebKit/600.1.3 (KHTML, like Gecko) Version/8.0 Mobile/12A4345d Safari/600.1.4" "www.saveaslave.com"
123.125.71.109 - - [04/Mar/2016:22:40:10 -0800] "GET /css/style-pages.css HTTP/1.1" 200 9894 "http://www.saveaslave.com/" "Mozilla/5.0 (iPhone; CPU iPhone OS 8_0 like Mac OS X) AppleWebKit/600.1.3 (KHTML, like Gecko) Version/8.0 Mobile/12A4345d Safari/600.1.4" "www.saveaslave.com"
123.125.71.110 - - [04/Mar/2016:22:40:19 -0800] "GET /js/bootstrap.min.js HTTP/1.1" 200 37055 "http://www.saveaslave.com/" "Mozilla/5.0 (iPhone; CPU iPhone OS 8_0 like Mac OS X) AppleWebKit/600.1.3 (KHTML, like Gecko) Version/8.0 Mobile/12A4345d Safari/600.1.4" "www.saveaslave.com"
37.59.236.97 - - [04/Mar/2016:22:53:25 -0800] "GET /ico/apple-icon-114x114.png HTTP/1.1" 200 5667 "-" "Mozilla/5.0 (Windows NT 6.1; WOW64) AppleWebKit/537.36 (KHTML, like Gecko) Chrome/43.0.2357.65 Safari/537.36" "www.saveaslave.com"
37.59.236.97 - - [04/Mar/2016:22:53:26 -0800] "GET /who-we-are.php HTTP/1.1" 200 50372 "-" "Mozilla/5.0 (Macintosh; Intel Mac OS X 10.10; rv:37.0) Gecko/20100101 Firefox/37.0" "www.saveaslave.com"
37.59.236.97 - - [04/Mar/2016:22:53:26 -0800] "GET /in-russian.php?lang=ru HTTP/1.1" 200 124627 "-" "Mozilla/5.0 (Macintosh; Intel Mac OS X 10_10_3) AppleWebKit/600.6.3 (KHTML, like Gecko) Version/8.0.6 Safari/600.6.3" "saveaslave.com"
37.59.236.97 - - [04/Mar/2016:22:53:27 -0800] "GET /coalition-members-cast.php HTTP/1.1" 200 47141 "-" "Mozilla/5.0 (X11; Ubuntu; Linux x86_64; rv:38.0) Gecko/20100101 Firefox/38.0" "www.saveaslave.com"
37.59.236.97 - - [04/Mar/2016:22:53:27 -0800] "GET /news2.php HTTP/1.1" 200 73 "-" "Mozilla/5.0 (Windows NT 6.1; WOW64; rv:38.0) Gecko/20100101 Firefox/38.0" "www.saveaslave.com"
37.59.236.97 - - [04/Mar/2016:22:53:27 -0800] "GET /news1.php HTTP/1.1" 200 73 "-" "Mozilla/5.0 (Macintosh; Intel Mac OS X 10.10; rv:38.0) Gecko/20100101 Firefox/38.0" "www.saveaslave.com"
37.59.236.97 - - [04/Mar/2016:22:53:27 -0800] "GET /news5.php HTTP/1.1" 200 73 "-" "Mozilla/5.0 (Macintosh; Intel Mac OS X 10_10_3) AppleWebKit/537.36 (KHTML, like Gecko) Chrome/42.0.2311.152 Safari/537.36" "www.saveaslave.com"
37.59.236.97 - - [04/Mar/2016:22:53:27 -0800] "GET /news4.php HTTP/1.1" 200 73 "-" "Mozilla/5.0 (Windows NT 6.1; WOW64; rv:37.0) Gecko/20100101 Firefox/37.0" "www.saveaslave.com"
37.59.236.97 - - [04/Mar/2016:22:53:27 -0800] "GET /news6.php HTTP/1.1" 200 73 "-" "Mozilla/5.0 (Macintosh; Intel Mac OS X 10_10_2) AppleWebKit/537.36 (KHTML, like Gecko) Chrome/42.0.2311.135 Safari/537.36" "www.saveaslave.com"
37.59.236.97 - - [04/Mar/2016:22:53:27 -0800] "GET /article.php?id=86 HTTP/1.1" 200 56625 "-" "Mozilla/5.0 (Windows NT 6.1; WOW64; Trident/7.0; rv:11.0) like Gecko" "www.saveaslave.com"
37.59.236.97 - - [04/Mar/2016:22:53:27 -0800] "GET /article.php?id=32 HTTP/1.1" 200 63725 "-" "Mozilla/5.0 (Windows NT 6.3; WOW64; rv:38.0) Gecko/20100101 Firefox/38.0" "www.saveaslave.com"
37.59.236.97 - - [04/Mar/2016:22:53:27 -0800] "GET /article.php?id=21 HTTP/1.1" 200 62010 "-" "Mozilla/5.0 (iPad; CPU OS 8_3 like Mac OS X) AppleWebKit/600.1.4 (KHTML, like Gecko) Version/8.0 Mobile/12F69 Safari/600.1.4" "www.saveaslave.com"
37.59.236.97 - - [04/Mar/2016:22:53:27 -0800] "GET /article.php?id=46 HTTP/1.1" 200 61941 "-" "Mozilla/5.0 (Windows NT 6.1; WOW64) AppleWebKit/537.36 (KHTML, like Gecko) Chrome/43.0.2357.65 Safari/537.36" "www.saveaslave.com"
37.59.236.97 - - [04/Mar/2016:22:53:27 -0800] "GET /article.php?id=22 HTTP/1.1" 200 59273 "-" "Mozilla/5.0 (Windows NT 6.3; WOW64; rv:38.0) Gecko/20100101 Firefox/38.0" "www.saveaslave.com"
37.59.236.97 - - [04/Mar/2016:22:53:33 -0800] "GET /index.php HTTP/1.1" 200 100441 "-" "Mozilla/5.0 (Windows NT 6.1; WOW64) AppleWebKit/537.36 (KHTML, like Gecko) Chrome/43.0.2357.65 Safari/537.36" "www.saveaslave.com"
77.75.76.170 - - [04/Mar/2016:23:15:43 -0800] "GET /images/countrymap/yemen-flag.jpg HTTP/1.1" 404 89 "-" "Mozilla/5.0 (compatible; SeznamBot/3.2; +http://fulltext.sblog.cz/)" "saveaslave.com"
61.135.190.223 - - [04/Mar/2016:23:17:38 -0800] "GET / HTTP/1.1" 200 100369 "http://m.baidu.com/s?wd=PageTitle" "Mozilla/5.0 (iPhone; CPU iPhone OS 5_0 like Mac OS X) AppleWebKit/534.46 (KHTML, like Gecko) Version/5.1 Mobile/9A334 Safari/7534.48.3" "www.saveaslave.com"
61.135.190.221 - - [04/Mar/2016:23:17:39 -0800] "GET /assets/js/ie-emulation-modes-warning.js HTTP/1.1" 200 2130 "http://www.saveaslave.com/" "Mozilla/5.0 (iPhone; CPU iPhone OS 5_0 like Mac OS X) AppleWebKit/534.46 (KHTML, like Gecko) Version/5.1 Mobile/9A334 Safari/7534.48.3" "www.saveaslave.com"
61.135.190.221 - - [04/Mar/2016:23:24:30 -0800] "GET /assets/js/ie-emulation-modes-warning.js HTTP/1.1" 200 2130 "http://www.saveaslave.com/" "Mozilla/5.0 (Windows NT 6.1; WOW64) AppleWebKit/537.36 (KHTML, like Gecko) Chrome/36.0.1985.143 Safari/537.36" "www.saveaslave.com"
61.135.190.104 - - [04/Mar/2016:23:24:37 -0800] "GET /gajaxscroller.js HTTP/1.1" 200 9774 "http://www.saveaslave.com/" "Mozilla/5.0 (Windows NT 6.1; WOW64) AppleWebKit/537.36 (KHTML, like Gecko) Chrome/36.0.1985.143 Safari/537.36" "www.saveaslave.com"
65.36.241.48 - - [04/Mar/2016:23:58:33 -0800] "HEAD / HTTP/1.1" 200 0 "-" "InternetSeer.com" "www.saveaslave.com"
77.75.76.170 - - [05/Mar/2016:00:18:11 -0800] "GET /robots.txt HTTP/1.1" 200 48 "-" "Mozilla/5.0 (compatible; SeznamBot/3.2; +http://fulltext.sblog.cz/)" "saveaslave.com"
77.75.76.170 - - [05/Mar/2016:00:18:13 -0800] "GET /images/countrymap/mali-flag.gif HTTP/1.1" 404 89 "-" "Mozilla/5.0 (compatible; SeznamBot/3.2; +http://fulltext.sblog.cz/)" "saveaslave.com"
77.75.79.119 - - [05/Mar/2016:01:08:40 -0800] "GET /robots.txt HTTP/1.1" 200 48 "-" "Mozilla/5.0 (compatible; SeznamBot/3.2; +http://fulltext.sblog.cz/)" "saveaslave.com"
104.131.147.112 - - [05/Mar/2016:01:10:27 -0800] "GET / HTTP/1.1" 200 100441 "-" "Mozilla/5.0 (compatible; Gluten Free Crawler/1.0; +http://glutenfreepleasure.com/)" "www.saveaslave.com"
65.36.241.48 - - [05/Mar/2016:01:26:56 -0800] "HEAD / HTTP/1.1" 200 0 "-" "InternetSeer.com" "www.saveaslave.com"
46.119.122.177 - - [05/Mar/2016:01:33:32 -0800] "GET / HTTP/1.1" 200 100369 "http://binomo.kz/" "Mozilla/4.0 (compatible; MSIE 5.5; Windows NT 5.0)" "saveaslave.com"
46.119.122.177 - - [05/Mar/2016:01:33:33 -0800] "GET / HTTP/1.1" 200 100369 "http://binomo.kz/" "Mozilla/4.0 (compatible; MSIE 5.5; Windows NT 5.0)" "saveaslave.com"
104.131.93.133 - - [05/Mar/2016:01:47:48 -0800] "GET /robots.txt HTTP/1.1" 200 48 "-" "Mozilla/5.0 (compatible; spbot/5.0; +http://OpenLinkProfiler.org/bot )" "saveaslave.com"
104.131.93.133 - - [05/Mar/2016:01:47:54 -0800] "GET / HTTP/1.1" 200 100441 "-" "Mozilla/5.0 (compatible; spbot/5.0; +http://OpenLinkProfiler.org/bot )" "www.saveaslave.com"
104.131.93.133 - - [05/Mar/2016:01:47:59 -0800] "GET /our-news.php HTTP/1.1" 200 83497 "http://www.saveaslave.com/" "Mozilla/5.0 (compatible; spbot/5.0; +http://OpenLinkProfiler.org/bot )" "www.saveaslave.com"
104.131.93.133 - - [05/Mar/2016:01:48:03 -0800] "GET /contact-us.php HTTP/1.1" 200 30437 "http://www.saveaslave.com/" "Mozilla/5.0 (compatible; spbot/5.0; +http://OpenLinkProfiler.org/bot )" "www.saveaslave.com"
104.131.93.133 - - [05/Mar/2016:01:48:08 -0800] "GET /who-we-are.php HTTP/1.1" 200 50336 "http://www.saveaslave.com/" "Mozilla/5.0 (compatible; spbot/5.0; +http://OpenLinkProfiler.org/bot )" "www.saveaslave.com"
104.131.93.133 - - [05/Mar/2016:01:48:13 -0800] "GET /disclaimer.php HTTP/1.1" 200 47445 "http://www.saveaslave.com/" "Mozilla/5.0 (compatible; spbot/5.0; +http://OpenLinkProfiler.org/bot )" "www.saveaslave.com"
104.131.93.133 - - [05/Mar/2016:01:48:23 -0800] "GET /article.php?id=4 HTTP/1.1" 200 63438 "http://www.saveaslave.com/our-news.php" "Mozilla/5.0 (compatible; spbot/5.0; +http://OpenLinkProfiler.org/bot )" "www.saveaslave.com"
104.131.93.133 - - [05/Mar/2016:01:48:28 -0800] "GET /article.php?id=1 HTTP/1.1" 200 57476 "http://www.saveaslave.com/our-news.php" "Mozilla/5.0 (compatible; spbot/5.0; +http://OpenLinkProfiler.org/bot )" "www.saveaslave.com"
104.131.93.133 - - [05/Mar/2016:01:48:38 -0800] "GET /article.php?id=2 HTTP/1.1" 200 60952 "http://www.saveaslave.com/our-news.php" "Mozilla/5.0 (compatible; spbot/5.0; +http://OpenLinkProfiler.org/bot )" "www.saveaslave.com"
104.131.93.133 - - [05/Mar/2016:01:48:43 -0800] "GET /article.php?id=3 HTTP/1.1" 200 63481 "http://www.saveaslave.com/our-news.php" "Mozilla/5.0 (compatible; spbot/5.0; +http://OpenLinkProfiler.org/bot )" "www.saveaslave.com"
104.131.93.133 - - [05/Mar/2016:01:48:48 -0800] "GET /article.php?id=5 HTTP/1.1" 200 59159 "http://www.saveaslave.com/our-news.php" "Mozilla/5.0 (compatible; spbot/5.0; +http://OpenLinkProfiler.org/bot )" "www.saveaslave.com"
104.131.93.133 - - [05/Mar/2016:01:48:53 -0800] "GET /article.php?id=94 HTTP/1.1" 200 56132 "http://www.saveaslave.com/our-news.php" "Mozilla/5.0 (compatible; spbot/5.0; +http://OpenLinkProfiler.org/bot )" "www.saveaslave.com"
104.131.93.133 - - [05/Mar/2016:01:48:58 -0800] "GET /article.php?id=96 HTTP/1.1" 200 56153 "http://www.saveaslave.com/our-news.php" "Mozilla/5.0 (compatible; spbot/5.0; +http://OpenLinkProfiler.org/bot )" "www.saveaslave.com"
104.131.93.133 - - [05/Mar/2016:01:49:03 -0800] "GET /article.php?id=13 HTTP/1.1" 200 73108 "http://www.saveaslave.com/our-news.php" "Mozilla/5.0 (compatible; spbot/5.0; +http://OpenLinkProfiler.org/bot )" "www.saveaslave.com"
104.131.93.133 - - [05/Mar/2016:01:49:09 -0800] "GET /article.php?id=93 HTTP/1.1" 200 56143 "http://www.saveaslave.com/our-news.php" "Mozilla/5.0 (compatible; spbot/5.0; +http://OpenLinkProfiler.org/bot )" "www.saveaslave.com"
104.131.93.133 - - [05/Mar/2016:01:49:13 -0800] "GET /article.php?id=86 HTTP/1.1" 200 56553 "http://www.saveaslave.com/" "Mozilla/5.0 (compatible; spbot/5.0; +http://OpenLinkProfiler.org/bot )" "www.saveaslave.com"
104.131.93.133 - - [05/Mar/2016:01:49:18 -0800] "GET /article.php?id=97 HTTP/1.1" 200 56127 "http://www.saveaslave.com/our-news.php" "Mozilla/5.0 (compatible; spbot/5.0; +http://OpenLinkProfiler.org/bot )" "www.saveaslave.com"
104.131.93.133 - - [05/Mar/2016:01:49:23 -0800] "GET /article.php?id=91 HTTP/1.1" 200 69708 "http://www.saveaslave.com/our-news.php" "Mozilla/5.0 (compatible; spbot/5.0; +http://OpenLinkProfiler.org/bot )" "www.saveaslave.com"
104.131.93.133 - - [05/Mar/2016:01:49:39 -0800] "GET /article.php?id=15 HTTP/1.1" 200 68777 "http://www.saveaslave.com/our-news.php" "Mozilla/5.0 (compatible; spbot/5.0; +http://OpenLinkProfiler.org/bot )" "www.saveaslave.com"
104.131.93.133 - - [05/Mar/2016:01:49:48 -0800] "GET /article.php?id=32 HTTP/1.1" 200 63653 "http://www.saveaslave.com/" "Mozilla/5.0 (compatible; spbot/5.0; +http://OpenLinkProfiler.org/bot )" "www.saveaslave.com"
104.131.93.133 - - [05/Mar/2016:01:49:53 -0800] "GET /article.php?id=92 HTTP/1.1" 200 56071 "http://www.saveaslave.com/our-news.php" "Mozilla/5.0 (compatible; spbot/5.0; +http://OpenLinkProfiler.org/bot )" "www.saveaslave.com"
104.131.93.133 - - [05/Mar/2016:01:50:08 -0800] "GET /article.php?id=89 HTTP/1.1" 200 60053 "http://www.saveaslave.com/our-news.php" "Mozilla/5.0 (compatible; spbot/5.0; +http://OpenLinkProfiler.org/bot )" "www.saveaslave.com"
104.131.93.133 - - [05/Mar/2016:01:50:13 -0800] "GET /article.php?id=95 HTTP/1.1" 200 56156 "http://www.saveaslave.com/our-news.php" "Mozilla/5.0 (compatible; spbot/5.0; +http://OpenLinkProfiler.org/bot )" "www.saveaslave.com"
104.131.93.133 - - [05/Mar/2016:01:50:23 -0800] "GET /article.php?id=100 HTTP/1.1" 200 56137 "http://www.saveaslave.com/our-news.php" "Mozilla/5.0 (compatible; spbot/5.0; +http://OpenLinkProfiler.org/bot )" "www.saveaslave.com"
104.131.93.133 - - [05/Mar/2016:01:50:33 -0800] "GET / HTTP/1.1" 200 100369 "http://saveaslave.com/in-russian.php?lang=ru" "Mozilla/5.0 (compatible; spbot/5.0; +http://OpenLinkProfiler.org/bot )" "saveaslave.com"
104.131.93.133 - - [05/Mar/2016:01:50:44 -0800] "GET /our-news.php HTTP/1.1" 200 83569 "http://saveaslave.com/" "Mozilla/5.0 (compatible; spbot/5.0; +http://OpenLinkProfiler.org/bot )" "saveaslave.com"
104.131.93.133 - - [05/Mar/2016:01:50:58 -0800] "GET /contact-us.php HTTP/1.1" 200 30437 "http://saveaslave.com/" "Mozilla/5.0 (compatible; spbot/5.0; +http://OpenLinkProfiler.org/bot )" "saveaslave.com"
104.131.93.133 - - [05/Mar/2016:01:51:03 -0800] "GET /disclaimer.php HTTP/1.1" 200 47445 "http://saveaslave.com/in-russian.php?lang=ru" "Mozilla/5.0 (compatible; spbot/5.0; +http://OpenLinkProfiler.org/bot )" "saveaslave.com"
104.131.93.133 - - [05/Mar/2016:01:51:08 -0800] "GET /who-we-arer.php HTTP/1.1" 200 89251 "http://saveaslave.com/in-russian.php?lang=ru" "Mozilla/5.0 (compatible; spbot/5.0; +http://OpenLinkProfiler.org/bot )" "saveaslave.com"
104.131.93.133 - - [05/Mar/2016:01:51:13 -0800] "GET /contact-usr.php HTTP/1.1" 200 36974 "http://saveaslave.com/in-russian.php?lang=ru" "Mozilla/5.0 (compatible; spbot/5.0; +http://OpenLinkProfiler.org/bot )" "saveaslave.com"
104.131.93.133 - - [05/Mar/2016:01:51:28 -0800] "GET /article.php?id=7 HTTP/1.1" 200 61761 "http://saveaslave.com/our-news.php" "Mozilla/5.0 (compatible; spbot/5.0; +http://OpenLinkProfiler.org/bot )" "saveaslave.com"
104.131.93.133 - - [05/Mar/2016:01:51:42 -0800] "GET /article.php?id=2 HTTP/1.1" 200 60952 "http://saveaslave.com/our-news.php" "Mozilla/5.0 (compatible; spbot/5.0; +http://OpenLinkProfiler.org/bot )" "saveaslave.com"
104.131.93.133 - - [05/Mar/2016:01:51:58 -0800] "GET /article.php?id=6 HTTP/1.1" 200 60134 "http://saveaslave.com/our-news.php" "Mozilla/5.0 (compatible; spbot/5.0; +http://OpenLinkProfiler.org/bot )" "saveaslave.com"
104.131.93.133 - - [05/Mar/2016:01:52:03 -0800] "GET /article.php?id=66 HTTP/1.1" 200 65397 "http://saveaslave.com/in-russian.php?lang=ru" "Mozilla/5.0 (compatible; spbot/5.0; +http://OpenLinkProfiler.org/bot )" "saveaslave.com"
104.131.93.133 - - [05/Mar/2016:01:52:13 -0800] "GET /article.php?id=22 HTTP/1.1" 200 59273 "http://saveaslave.com/" "Mozilla/5.0 (compatible; spbot/5.0; +http://OpenLinkProfiler.org/bot )" "saveaslave.com"
104.131.93.133 - - [05/Mar/2016:01:52:18 -0800] "GET /article.php?id=99 HTTP/1.1" 200 56150 "http://saveaslave.com/our-news.php" "Mozilla/5.0 (compatible; spbot/5.0; +http://OpenLinkProfiler.org/bot )" "saveaslave.com"
104.131.93.133 - - [05/Mar/2016:01:52:23 -0800] "GET /article.php?id=94 HTTP/1.1" 200 56132 "http://saveaslave.com/our-news.php" "Mozilla/5.0 (compatible; spbot/5.0; +http://OpenLinkProfiler.org/bot )" "saveaslave.com"
104.131.93.133 - - [05/Mar/2016:01:52:29 -0800] "GET /article.php?id=95 HTTP/1.1" 200 56156 "http://saveaslave.com/our-news.php" "Mozilla/5.0 (compatible; spbot/5.0; +http://OpenLinkProfiler.org/bot )" "saveaslave.com"
