180.76.15.30 - - [31/Oct/2015:05:26:22 -0700] "GET /countries/taiwan.html HTTP/1.1" 404 89 "-" "Mozilla/5.0 (compatible; Baiduspider/2.0; +http://www.baidu.com/search/spider.html)" "www.saveaslave.com"
208.115.113.86 - - [31/Oct/2015:05:29:57 -0700] "GET /robots.txt HTTP/1.1" 200 48 "-" "Mozilla/5.0 (compatible; DotBot/1.1; http://www.opensiteexplorer.org/dotbot, help@moz.com)" "www.saveaslave.com"
208.115.113.86 - - [31/Oct/2015:05:29:57 -0700] "GET /robots.txt HTTP/1.1" 200 48 "-" "Mozilla/5.0 (compatible; DotBot/1.1; http://www.opensiteexplorer.org/dotbot, help@moz.com)" "saveaslave.com"
207.46.13.117 - - [31/Oct/2015:06:22:24 -0700] "GET /gibraltar HTTP/1.1" 404 89 "-" "msnbot-media/1.1 (+http://search.msn.com/msnbot.htm)" "www.saveaslave.com"
68.180.228.181 - - [31/Oct/2015:06:27:31 -0700] "GET /djibouti.html HTTP/1.1" 404 89 "-" "Mozilla/5.0 (compatible; Yahoo! Slurp; http://help.yahoo.com/help/us/ysearch/slurp)" "www.saveaslave.com"
207.46.13.78 - - [31/Oct/2015:06:31:48 -0700] "GET /Advertisements.html HTTP/1.1" 404 89 "-" "msnbot-media/1.1 (+http://search.msn.com/msnbot.htm)" "www.saveaslave.com"
208.115.113.94 - - [31/Oct/2015:06:39:18 -0700] "GET /robots.txt HTTP/1.1" 200 48 "-" "Mozilla/5.0 (compatible; DotBot/1.1; http://www.opensiteexplorer.org/dotbot, help@moz.com)" "www.saveaslave.com"
207.46.13.78 - - [31/Oct/2015:06:58:17 -0700] "GET /senegal HTTP/1.1" 404 89 "-" "Mozilla/5.0 (compatible; bingbot/2.0; +http://www.bing.com/bingbot.htm)" "www.saveaslave.com"
66.249.69.73 - - [31/Oct/2015:07:03:11 -0700] "GET /images/countrymap/cambodia-flag.gif HTTP/1.1" 404 89 "-" "Googlebot-Image/1.0" "www.saveaslave.com"
66.249.69.73 - - [31/Oct/2015:07:03:11 -0700] "GET /images/countrymap/cambodia.gif HTTP/1.1" 404 89 "-" "Googlebot-Image/1.0" "www.saveaslave.com"
94.153.10.149 - - [31/Oct/2015:07:03:14 -0700] "GET /robots.txt HTTP/1.1" 200 48 "-" "Mozilla/5.0 (Windows NT 6.3; WOW64; rv:39.0) Gecko/20100101 Firefox/39.0" "www.saveaslave.com"
94.153.10.149 - - [31/Oct/2015:07:03:16 -0700] "GET / HTTP/1.1" 200 52159 "-" "Mozilla/5.0 (Windows NT 6.3; WOW64; rv:39.0) Gecko/20100101 Firefox/39.0" "www.saveaslave.com"
94.153.10.149 - - [31/Oct/2015:07:03:16 -0700] "GET /xmlrpc.php?rsd HTTP/1.1" 200 73 "-" "Mozilla/5.0 (Windows NT 6.3; WOW64; rv:39.0) Gecko/20100101 Firefox/39.0" "www.saveaslave.com"
94.153.10.149 - - [31/Oct/2015:07:03:17 -0700] "GET /blog/robots.txt HTTP/1.1" 404 89 "-" "Mozilla/5.0 (Windows NT 6.3; WOW64; rv:39.0) Gecko/20100101 Firefox/39.0" "www.saveaslave.com"
94.153.10.149 - - [31/Oct/2015:07:03:17 -0700] "GET /blog/ HTTP/1.1" 404 89 "-" "Mozilla/5.0 (Windows NT 6.3; WOW64; rv:39.0) Gecko/20100101 Firefox/39.0" "www.saveaslave.com"
94.153.10.149 - - [31/Oct/2015:07:03:17 -0700] "GET /wordpress/ HTTP/1.1" 404 89 "-" "Mozilla/5.0 (Windows NT 6.3; WOW64; rv:39.0) Gecko/20100101 Firefox/39.0" "www.saveaslave.com"
94.153.10.149 - - [31/Oct/2015:07:03:17 -0700] "GET /wp/ HTTP/1.1" 404 89 "-" "Mozilla/5.0 (Windows NT 6.3; WOW64; rv:39.0) Gecko/20100101 Firefox/39.0" "www.saveaslave.com"
208.115.113.86 - - [31/Oct/2015:07:03:58 -0700] "GET /peru.html HTTP/1.1" 404 89 "-" "Mozilla/5.0 (compatible; DotBot/1.1; http://www.opensiteexplorer.org/dotbot, help@moz.com)" "saveaslave.com"
208.115.113.86 - - [31/Oct/2015:07:05:45 -0700] "GET /austria.html HTTP/1.1" 404 89 "-" "Mozilla/5.0 (compatible; DotBot/1.1; http://www.opensiteexplorer.org/dotbot, help@moz.com)" "www.saveaslave.com"
65.36.241.48 - - [31/Oct/2015:07:07:05 -0700] "HEAD / HTTP/1.1" 200 0 "-" "InternetSeer.com" "www.saveaslave.com"
188.165.15.204 - - [31/Oct/2015:07:15:55 -0700] "GET /laos.html HTTP/1.1" 404 89 "-" "Mozilla/5.0 (compatible; AhrefsBot/5.0; +http://ahrefs.com/robot/)" "www.saveaslave.com"
207.46.13.117 - - [31/Oct/2015:07:23:37 -0700] "GET /tajikistan.html HTTP/1.1" 404 89 "-" "msnbot-media/1.1 (+http://search.msn.com/msnbot.htm)" "www.saveaslave.com"
157.55.39.35 - - [31/Oct/2015:07:28:43 -0700] "GET /images/countrymap/iceland-flag.gif HTTP/1.1" 404 89 "-" "Mozilla/5.0 (compatible; bingbot/2.0; +http://www.bing.com/bingbot.htm)" "saveaslave.com"
180.76.15.22 - - [31/Oct/2015:07:29:18 -0700] "GET /bahamas.html HTTP/1.1" 404 89 "-" "Mozilla/5.0 (compatible; Baiduspider/2.0; +http://www.baidu.com/search/spider.html)" "www.saveaslave.com"
37.44.109.109 - - [31/Oct/2015:07:56:00 -0700] "GET / HTTP/1.1" 200 52159 "-" "Mozilla/5.0 (Windows NT 6.3; WOW64; rv:41.0) Gecko/20100101 Firefox/41.0" "saveaslave.com"
37.44.109.109 - - [31/Oct/2015:07:56:00 -0700] "GET /favicon.ico HTTP/1.1" 404 89 "-" "Mozilla/5.0 (Windows NT 6.3; WOW64; rv:41.0) Gecko/20100101 Firefox/41.0" "saveaslave.com"
37.44.109.109 - - [31/Oct/2015:07:56:00 -0700] "GET /favicon.ico HTTP/1.1" 404 89 "-" "Mozilla/5.0 (Windows NT 6.3; WOW64; rv:41.0) Gecko/20100101 Firefox/41.0" "saveaslave.com"
37.44.109.109 - - [31/Oct/2015:07:56:00 -0700] "GET /ico/android-icon-192x192.png HTTP/1.1" 200 10097 "-" "Mozilla/5.0 (Windows NT 6.3; WOW64; rv:41.0) Gecko/20100101 Firefox/41.0" "saveaslave.com"
37.44.109.109 - - [31/Oct/2015:07:56:00 -0700] "GET /ico/favicon-16x16.png HTTP/1.1" 200 1129 "-" "Mozilla/5.0 (Windows NT 6.3; WOW64; rv:41.0) Gecko/20100101 Firefox/41.0" "saveaslave.com"
37.44.109.109 - - [31/Oct/2015:07:56:00 -0700] "GET /ico/favicon-96x96.png HTTP/1.1" 200 4476 "-" "Mozilla/5.0 (Windows NT 6.3; WOW64; rv:41.0) Gecko/20100101 Firefox/41.0" "saveaslave.com"
37.44.109.109 - - [31/Oct/2015:07:56:00 -0700] "GET /ico/favicon-32x32.png HTTP/1.1" 200 1892 "-" "Mozilla/5.0 (Windows NT 6.3; WOW64; rv:41.0) Gecko/20100101 Firefox/41.0" "saveaslave.com"
37.44.109.109 - - [31/Oct/2015:07:56:01 -0700] "GET / HTTP/1.1" 200 52159 "-" "Mozilla/5.0 (Windows NT 6.3; WOW64; rv:41.0) Gecko/20100101 Firefox/41.0" "saveaslave.com"
37.44.109.109 - - [31/Oct/2015:07:56:02 -0700] "GET /css/elements.css HTTP/1.1" 200 17857 "http://saveaslave.com/" "Mozilla/5.0 (Windows NT 6.3; WOW64; rv:41.0) Gecko/20100101 Firefox/41.0" "saveaslave.com"
37.44.109.109 - - [31/Oct/2015:07:56:02 -0700] "GET /css/style.css HTTP/1.1" 200 7739 "http://saveaslave.com/" "Mozilla/5.0 (Windows NT 6.3; WOW64; rv:41.0) Gecko/20100101 Firefox/41.0" "saveaslave.com"
37.44.109.109 - - [31/Oct/2015:07:56:02 -0700] "GET /assets/js/ie-emulation-modes-warning.js HTTP/1.1" 200 2130 "http://saveaslave.com/" "Mozilla/5.0 (Windows NT 6.3; WOW64; rv:41.0) Gecko/20100101 Firefox/41.0" "saveaslave.com"
37.44.109.109 - - [31/Oct/2015:07:56:02 -0700] "GET /css/bootstrap.min.css HTTP/1.1" 200 123578 "http://saveaslave.com/" "Mozilla/5.0 (Windows NT 6.3; WOW64; rv:41.0) Gecko/20100101 Firefox/41.0" "saveaslave.com"
37.44.109.109 - - [31/Oct/2015:07:56:02 -0700] "GET /css/style-pages.css HTTP/1.1" 200 9167 "http://saveaslave.com/" "Mozilla/5.0 (Windows NT 6.3; WOW64; rv:41.0) Gecko/20100101 Firefox/41.0" "saveaslave.com"
37.44.109.109 - - [31/Oct/2015:07:56:02 -0700] "GET /js/bootstrap.min.js HTTP/1.1" 200 37055 "http://saveaslave.com/" "Mozilla/5.0 (Windows NT 6.3; WOW64; rv:41.0) Gecko/20100101 Firefox/41.0" "saveaslave.com"
37.44.109.109 - - [31/Oct/2015:07:56:04 -0700] "GET /photos/article1.jpg HTTP/1.1" 200 11640 "http://saveaslave.com/" "Mozilla/5.0 (Windows NT 6.3; WOW64; rv:41.0) Gecko/20100101 Firefox/41.0" "saveaslave.com"
37.44.109.109 - - [31/Oct/2015:07:56:04 -0700] "GET /photos/article7.jpg HTTP/1.1" 200 15527 "http://saveaslave.com/" "Mozilla/5.0 (Windows NT 6.3; WOW64; rv:41.0) Gecko/20100101 Firefox/41.0" "saveaslave.com"
37.44.109.109 - - [31/Oct/2015:07:56:04 -0700] "GET /images/logo2.png HTTP/1.1" 200 18525 "http://saveaslave.com/" "Mozilla/5.0 (Windows NT 6.3; WOW64; rv:41.0) Gecko/20100101 Firefox/41.0" "saveaslave.com"
37.44.109.109 - - [31/Oct/2015:07:56:04 -0700] "GET /photos/article2.jpg HTTP/1.1" 200 15209 "http://saveaslave.com/" "Mozilla/5.0 (Windows NT 6.3; WOW64; rv:41.0) Gecko/20100101 Firefox/41.0" "saveaslave.com"
37.44.109.109 - - [31/Oct/2015:07:56:04 -0700] "GET /photos/top.jpg HTTP/1.1" 200 50519 "http://saveaslave.com/" "Mozilla/5.0 (Windows NT 6.3; WOW64; rv:41.0) Gecko/20100101 Firefox/41.0" "saveaslave.com"
37.44.109.109 - - [31/Oct/2015:07:56:04 -0700] "GET /images/cover1.jpg HTTP/1.1" 200 253658 "http://saveaslave.com/" "Mozilla/5.0 (Windows NT 6.3; WOW64; rv:41.0) Gecko/20100101 Firefox/41.0" "saveaslave.com"
37.44.109.109 - - [31/Oct/2015:07:56:05 -0700] "GET /photos/article3a.jpg HTTP/1.1" 200 12445 "http://saveaslave.com/" "Mozilla/5.0 (Windows NT 6.3; WOW64; rv:41.0) Gecko/20100101 Firefox/41.0" "saveaslave.com"
37.44.109.109 - - [31/Oct/2015:07:56:05 -0700] "GET /photos/article5.jpg HTTP/1.1" 200 14497 "http://saveaslave.com/" "Mozilla/5.0 (Windows NT 6.3; WOW64; rv:41.0) Gecko/20100101 Firefox/41.0" "saveaslave.com"
37.44.109.109 - - [31/Oct/2015:07:56:05 -0700] "GET /photos/article4.png HTTP/1.1" 200 42622 "http://saveaslave.com/" "Mozilla/5.0 (Windows NT 6.3; WOW64; rv:41.0) Gecko/20100101 Firefox/41.0" "saveaslave.com"
37.44.109.109 - - [31/Oct/2015:07:56:05 -0700] "GET /images/social1.png HTTP/1.1" 200 2012 "http://saveaslave.com/" "Mozilla/5.0 (Windows NT 6.3; WOW64; rv:41.0) Gecko/20100101 Firefox/41.0" "saveaslave.com"
37.44.109.109 - - [31/Oct/2015:07:56:05 -0700] "GET /images/social2.png HTTP/1.1" 200 1752 "http://saveaslave.com/" "Mozilla/5.0 (Windows NT 6.3; WOW64; rv:41.0) Gecko/20100101 Firefox/41.0" "saveaslave.com"
37.44.109.109 - - [31/Oct/2015:07:56:05 -0700] "GET /images/social3.png HTTP/1.1" 200 4343 "http://saveaslave.com/" "Mozilla/5.0 (Windows NT 6.3; WOW64; rv:41.0) Gecko/20100101 Firefox/41.0" "saveaslave.com"
37.44.109.109 - - [31/Oct/2015:07:56:05 -0700] "GET /images/select-arrow.png HTTP/1.1" 200 1118 "http://saveaslave.com/css/style.css" "Mozilla/5.0 (Windows NT 6.3; WOW64; rv:41.0) Gecko/20100101 Firefox/41.0" "saveaslave.com"
37.44.109.109 - - [31/Oct/2015:07:56:06 -0700] "GET /images/gift_button.png HTTP/1.1" 200 27500 "http://saveaslave.com/" "Mozilla/5.0 (Windows NT 6.3; WOW64; rv:41.0) Gecko/20100101 Firefox/41.0" "saveaslave.com"
37.44.109.109 - - [31/Oct/2015:07:56:06 -0700] "GET /indicator.gif HTTP/1.1" 200 878 "http://saveaslave.com/" "Mozilla/5.0 (Windows NT 6.3; WOW64; rv:41.0) Gecko/20100101 Firefox/41.0" "saveaslave.com"
37.44.109.109 - - [31/Oct/2015:07:56:06 -0700] "GET /css/down-arrow.png HTTP/1.1" 404 89 "http://saveaslave.com/css/elements.css" "Mozilla/5.0 (Windows NT 6.3; WOW64; rv:41.0) Gecko/20100101 Firefox/41.0" "saveaslave.com"
68.180.228.181 - - [31/Oct/2015:08:03:53 -0700] "GET /us-virgin-islands.html HTTP/1.1" 404 89 "-" "Mozilla/5.0 (compatible; Yahoo! Slurp; http://help.yahoo.com/help/us/ysearch/slurp)" "www.saveaslave.com"
107.23.49.117 - - [31/Oct/2015:08:45:11 -0700] "GET / HTTP/1.1" 200 52123 "http://www.saveaslave.com/" "Mozilla/5.0 (compatible; DuckDuckGo-Favicons-Bot/1.0; +http://duckduckgo.com)" "www.saveaslave.com"
107.23.49.117 - - [31/Oct/2015:08:45:11 -0700] "GET /ico/android-icon-192x192.png HTTP/1.1" 200 10097 "http://www.saveaslave.com/ico/android-icon-192x192.png" "Mozilla/5.0 (compatible; DuckDuckGo-Favicons-Bot/1.0; +http://duckduckgo.com)" "www.saveaslave.com"
68.180.228.181 - - [31/Oct/2015:08:56:38 -0700] "GET /sudan.html HTTP/1.1" 404 89 "-" "Mozilla/5.0 (compatible; Yahoo! Slurp; http://help.yahoo.com/help/us/ysearch/slurp)" "www.saveaslave.com"
180.76.15.17 - - [31/Oct/2015:09:07:11 -0700] "GET /country.php?name=Guyana&lang=en HTTP/1.1" 200 48469 "-" "Mozilla/5.0 (compatible; Baiduspider/2.0; +http://www.baidu.com/search/spider.html)" "www.saveaslave.com"
208.115.113.94 - - [31/Oct/2015:09:11:04 -0700] "GET /norfolkisland HTTP/1.1" 404 89 "-" "Mozilla/5.0 (compatible; DotBot/1.1; http://www.opensiteexplorer.org/dotbot, help@moz.com)" "www.saveaslave.com"
208.115.113.94 - - [31/Oct/2015:09:11:05 -0700] "GET /martinique HTTP/1.1" 404 89 "-" "Mozilla/5.0 (compatible; DotBot/1.1; http://www.opensiteexplorer.org/dotbot, help@moz.com)" "www.saveaslave.com"
208.115.113.94 - - [31/Oct/2015:09:11:05 -0700] "GET /contact/default.html HTTP/1.1" 404 89 "-" "Mozilla/5.0 (compatible; DotBot/1.1; http://www.opensiteexplorer.org/dotbot, help@moz.com)" "www.saveaslave.com"
208.115.113.94 - - [31/Oct/2015:09:11:12 -0700] "GET /bhutan HTTP/1.1" 404 89 "-" "Mozilla/5.0 (compatible; DotBot/1.1; http://www.opensiteexplorer.org/dotbot, help@moz.com)" "saveaslave.com"
157.55.39.20 - - [31/Oct/2015:09:11:49 -0700] "GET /djibouti HTTP/1.1" 404 89 "-" "msnbot-media/1.1 (+http://search.msn.com/msnbot.htm)" "www.saveaslave.com"
188.165.15.204 - - [31/Oct/2015:09:19:11 -0700] "GET /index.php HTTP/1.1" 200 52159 "-" "Mozilla/5.0 (compatible; AhrefsBot/5.0; +http://ahrefs.com/robot/)" "saveaslave.com"
66.249.69.89 - - [31/Oct/2015:09:23:28 -0700] "GET /images/countrymap/french-polynesia-flag.gif HTTP/1.1" 404 89 "-" "Googlebot-Image/1.0" "www.saveaslave.com"
208.115.113.86 - - [31/Oct/2015:09:30:14 -0700] "GET /robots.txt HTTP/1.1" 200 48 "-" "Mozilla/5.0 (compatible; DotBot/1.1; http://www.opensiteexplorer.org/dotbot, help@moz.com)" "saveaslave.com"
141.8.143.158 - - [31/Oct/2015:09:33:33 -0700] "GET /robots.txt HTTP/1.1" 200 48 "-" "Mozilla/5.0 (compatible; YandexBot/3.0; +http://yandex.com/bots)" "saveaslave.com"
123.125.71.115 - - [31/Oct/2015:09:47:13 -0700] "GET /azerbaijan.html HTTP/1.1" 404 89 "-" "Mozilla/5.0 (compatible; Baiduspider/2.0; +http://www.baidu.com/search/spider.html)" "www.saveaslave.com"
66.249.75.251 - - [31/Oct/2015:09:53:48 -0700] "GET /images/countrymap/barbados-flag.gif HTTP/1.1" 404 89 "-" "Googlebot-Image/1.0" "saveaslave.com"
217.73.208.148 - - [31/Oct/2015:09:59:22 -0700] "GET /robots.txt HTTP/1.1" 200 48 "-" "tbot-nutch/Nutch-1.10" "www.saveaslave.com"
217.73.208.148 - - [31/Oct/2015:09:59:22 -0700] "GET /articles/modernslavery.html HTTP/1.1" 404 89 "-" "tbot-nutch/Nutch-1.10" "www.saveaslave.com"
70.197.71.203 - - [31/Oct/2015:10:10:51 -0700] "GET /images/countrymap/solomon-islands.gif HTTP/1.1" 404 89 "https://www.google.com/" "Mozilla/5.0 (Linux; Android 5.0; SM-G900V Build/LRX21T) AppleWebKit/537.36 (KHTML, like Gecko) Version/4.0 Chrome/37.0.0.0 Mobile Safari/537.36 GSA/4.9.22.19.arm" "www.saveaslave.com"
157.55.39.20 - - [31/Oct/2015:10:11:10 -0700] "GET /robots.txt HTTP/1.1" 200 48 "-" "Mozilla/5.0 (compatible; bingbot/2.0; +http://www.bing.com/bingbot.htm)" "www.saveaslave.com"
207.90.2.10 - - [31/Oct/2015:10:25:53 -0700] "GET / HTTP/1.1" 200 52159 "-" "=Mozilla/5.0 (Windows; U; Windows NT 6.1; en-US) AppleWebKit/534.16 (KHTML, like Gecko) Chrome/10.0.648.204 Safari/534.16" "saveaslave.com"
45.42.91.42 - - [31/Oct/2015:10:35:58 -0700] "GET /wp-login.php HTTP/1.1" 200 73 "http://saveaslave.com/wp-login.php" "Mozilla/4.0 (compatible; MSIE 9.0; Windows NT 6.1; 125LA; .NET CLR 2.0.50727; .NET CLR 3.0.04506.648; .NET CLR 3.5.21022)" "saveaslave.com"
45.42.91.42 - - [31/Oct/2015:10:35:58 -0700] "GET /wp-login.php HTTP/1.1" 200 73 "http://saveaslave.com/wp-login.php" "Mozilla/4.0 (compatible; MSIE 9.0; Windows NT 6.1; 125LA; .NET CLR 2.0.50727; .NET CLR 3.0.04506.648; .NET CLR 3.5.21022)" "saveaslave.com"
208.115.113.94 - - [31/Oct/2015:10:39:54 -0700] "GET /robots.txt HTTP/1.1" 200 48 "-" "Mozilla/5.0 (compatible; DotBot/1.1; http://www.opensiteexplorer.org/dotbot, help@moz.com)" "www.saveaslave.com"
180.76.15.10 - - [31/Oct/2015:10:50:19 -0700] "GET /listlink.php?page=cyprus.html HTTP/1.1" 200 1736 "-" "Mozilla/5.0 (compatible; Baiduspider/2.0; +http://www.baidu.com/search/spider.html)" "www.saveaslave.com"
72.168.98.120 - - [31/Oct/2015:10:57:07 -0700] "GET / HTTP/1.1" 200 52159 "-" "Mozilla/5.0 (Windows NT 6.1; WOW64; Trident/7.0; rv:11.0) like Gecko" "www.saveaslave.com"
72.168.98.120 - - [31/Oct/2015:10:57:09 -0700] "GET /gajaxscroller.js HTTP/1.1" 200 9774 "http://www.saveaslave.com/" "Mozilla/5.0 (Windows NT 6.1; WOW64; Trident/7.0; rv:11.0) like Gecko" "www.saveaslave.com"
72.168.98.120 - - [31/Oct/2015:10:57:09 -0700] "GET /gfeedfetcher.js HTTP/1.1" 200 9018 "http://www.saveaslave.com/" "Mozilla/5.0 (Windows NT 6.1; WOW64; Trident/7.0; rv:11.0) like Gecko" "www.saveaslave.com"
72.168.98.120 - - [31/Oct/2015:10:57:09 -0700] "GET /css/style.css HTTP/1.1" 200 7739 "http://www.saveaslave.com/" "Mozilla/5.0 (Windows NT 6.1; WOW64; Trident/7.0; rv:11.0) like Gecko" "www.saveaslave.com"
72.168.98.120 - - [31/Oct/2015:10:57:09 -0700] "GET /css/elements.css HTTP/1.1" 200 17857 "http://www.saveaslave.com/" "Mozilla/5.0 (Windows NT 6.1; WOW64; Trident/7.0; rv:11.0) like Gecko" "www.saveaslave.com"
72.168.98.120 - - [31/Oct/2015:10:57:09 -0700] "GET /css/bootstrap.min.css HTTP/1.1" 200 123578 "http://www.saveaslave.com/" "Mozilla/5.0 (Windows NT 6.1; WOW64; Trident/7.0; rv:11.0) like Gecko" "www.saveaslave.com"
72.168.98.120 - - [31/Oct/2015:10:57:09 -0700] "GET /assets/js/ie-emulation-modes-warning.js HTTP/1.1" 200 2130 "http://www.saveaslave.com/" "Mozilla/5.0 (Windows NT 6.1; WOW64; Trident/7.0; rv:11.0) like Gecko" "www.saveaslave.com"
72.168.98.120 - - [31/Oct/2015:10:57:10 -0700] "GET /images/logo2.png HTTP/1.1" 200 18525 "http://www.saveaslave.com/" "Mozilla/5.0 (Windows NT 6.1; WOW64; Trident/7.0; rv:11.0) like Gecko" "www.saveaslave.com"
72.168.98.120 - - [31/Oct/2015:10:57:10 -0700] "GET /images/cover1.jpg HTTP/1.1" 200 253658 "http://www.saveaslave.com/" "Mozilla/5.0 (Windows NT 6.1; WOW64; Trident/7.0; rv:11.0) like Gecko" "www.saveaslave.com"
72.168.98.120 - - [31/Oct/2015:10:57:10 -0700] "GET /css/style-pages.css HTTP/1.1" 200 9167 "http://www.saveaslave.com/" "Mozilla/5.0 (Windows NT 6.1; WOW64; Trident/7.0; rv:11.0) like Gecko" "www.saveaslave.com"
72.168.98.120 - - [31/Oct/2015:10:57:10 -0700] "GET /photos/top.jpg HTTP/1.1" 200 50519 "http://www.saveaslave.com/" "Mozilla/5.0 (Windows NT 6.1; WOW64; Trident/7.0; rv:11.0) like Gecko" "www.saveaslave.com"
72.168.98.120 - - [31/Oct/2015:10:57:10 -0700] "GET /js/bootstrap.min.js HTTP/1.1" 200 37055 "http://www.saveaslave.com/" "Mozilla/5.0 (Windows NT 6.1; WOW64; Trident/7.0; rv:11.0) like Gecko" "www.saveaslave.com"
72.168.98.120 - - [31/Oct/2015:10:57:10 -0700] "GET /assets/js/ie10-viewport-bug-workaround.js HTTP/1.1" 200 641 "http://www.saveaslave.com/" "Mozilla/5.0 (Windows NT 6.1; WOW64; Trident/7.0; rv:11.0) like Gecko" "www.saveaslave.com"
72.168.98.120 - - [31/Oct/2015:10:57:11 -0700] "GET /photos/article2.jpg HTTP/1.1" 200 15209 "http://www.saveaslave.com/" "Mozilla/5.0 (Windows NT 6.1; WOW64; Trident/7.0; rv:11.0) like Gecko" "www.saveaslave.com"
72.168.98.120 - - [31/Oct/2015:10:57:11 -0700] "GET /photos/article3a.jpg HTTP/1.1" 200 12445 "http://www.saveaslave.com/" "Mozilla/5.0 (Windows NT 6.1; WOW64; Trident/7.0; rv:11.0) like Gecko" "www.saveaslave.com"
72.168.98.120 - - [31/Oct/2015:10:57:11 -0700] "GET /photos/article1.jpg HTTP/1.1" 200 11640 "http://www.saveaslave.com/" "Mozilla/5.0 (Windows NT 6.1; WOW64; Trident/7.0; rv:11.0) like Gecko" "www.saveaslave.com"
72.168.98.120 - - [31/Oct/2015:10:57:11 -0700] "GET /photos/article7.jpg HTTP/1.1" 200 15527 "http://www.saveaslave.com/" "Mozilla/5.0 (Windows NT 6.1; WOW64; Trident/7.0; rv:11.0) like Gecko" "www.saveaslave.com"
72.168.98.120 - - [31/Oct/2015:10:57:11 -0700] "GET /photos/article4.png HTTP/1.1" 200 42622 "http://www.saveaslave.com/" "Mozilla/5.0 (Windows NT 6.1; WOW64; Trident/7.0; rv:11.0) like Gecko" "www.saveaslave.com"
72.168.98.120 - - [31/Oct/2015:10:57:11 -0700] "GET /photos/article5.jpg HTTP/1.1" 200 14497 "http://www.saveaslave.com/" "Mozilla/5.0 (Windows NT 6.1; WOW64; Trident/7.0; rv:11.0) like Gecko" "www.saveaslave.com"
72.168.98.120 - - [31/Oct/2015:10:57:11 -0700] "GET /images/social1.png HTTP/1.1" 200 2012 "http://www.saveaslave.com/" "Mozilla/5.0 (Windows NT 6.1; WOW64; Trident/7.0; rv:11.0) like Gecko" "www.saveaslave.com"
72.168.98.120 - - [31/Oct/2015:10:57:12 -0700] "GET /images/social2.png HTTP/1.1" 200 1752 "http://www.saveaslave.com/" "Mozilla/5.0 (Windows NT 6.1; WOW64; Trident/7.0; rv:11.0) like Gecko" "www.saveaslave.com"
72.168.98.120 - - [31/Oct/2015:10:57:12 -0700] "GET /images/gift_button.png HTTP/1.1" 200 27500 "http://www.saveaslave.com/" "Mozilla/5.0 (Windows NT 6.1; WOW64; Trident/7.0; rv:11.0) like Gecko" "www.saveaslave.com"
72.168.98.120 - - [31/Oct/2015:10:57:12 -0700] "GET /images/social3.png HTTP/1.1" 200 4343 "http://www.saveaslave.com/" "Mozilla/5.0 (Windows NT 6.1; WOW64; Trident/7.0; rv:11.0) like Gecko" "www.saveaslave.com"
72.168.98.120 - - [31/Oct/2015:10:57:25 -0700] "GET /ico/android-icon-192x192.png HTTP/1.1" 200 10097 "-" "Mozilla/5.0 (Windows NT 6.1; WOW64; Trident/7.0; rv:11.0) like Gecko" "www.saveaslave.com"
208.115.113.86 - - [31/Oct/2015:11:06:37 -0700] "GET /mauritius.html HTTP/1.1" 404 89 "-" "Mozilla/5.0 (compatible; DotBot/1.1; http://www.opensiteexplorer.org/dotbot, help@moz.com)" "saveaslave.com"
69.30.215.122 - - [31/Oct/2015:11:08:36 -0700] "GET /robots.txt HTTP/1.1" 200 48 "-" "Mozilla/5.0 (compatible; MJ12bot/v1.4.5; http://www.majestic12.co.uk/bot.php?+)" "saveaslave.com"
69.30.215.122 - - [31/Oct/2015:11:08:39 -0700] "GET /cyprus HTTP/1.1" 404 89 "-" "Mozilla/5.0 (compatible; MJ12bot/v1.4.5; http://www.majestic12.co.uk/bot.php?+)" "saveaslave.com"
66.249.69.89 - - [31/Oct/2015:11:26:33 -0700] "GET /images/countrymap/tajikistan-flag.jpg HTTP/1.1" 404 89 "-" "Googlebot-Image/1.0" "www.saveaslave.com"
66.249.69.105 - - [31/Oct/2015:11:26:34 -0700] "GET /images/countrymap/tajikistan.jpg HTTP/1.1" 404 89 "-" "Googlebot-Image/1.0" "www.saveaslave.com"
82.208.100.46 - - [31/Oct/2015:11:37:26 -0700] "GET /license.php HTTP/1.1" 200 73 "-" "Mozilla/4.0 (compatible; Synapse)" "saveaslave.com"
180.76.15.10 - - [31/Oct/2015:11:39:37 -0700] "GET /country.php?name=Malta&lang=en HTTP/1.1" 200 48419 "-" "Mozilla/5.0 (compatible; Baiduspider/2.0; +http://www.baidu.com/search/spider.html)" "www.saveaslave.com"
123.125.71.28 - - [31/Oct/2015:11:39:38 -0700] "GET /togo.html HTTP/1.1" 404 89 "-" "Mozilla/5.0 (compatible; Baiduspider/2.0; +http://www.baidu.com/search/spider.html)" "www.saveaslave.com"
208.115.113.86 - - [31/Oct/2015:11:39:56 -0700] "GET /latvia HTTP/1.1" 404 89 "-" "Mozilla/5.0 (compatible; DotBot/1.1; http://www.opensiteexplorer.org/dotbot, help@moz.com)" "saveaslave.com"
66.249.69.81 - - [31/Oct/2015:11:52:11 -0700] "GET /images/countrymap/poland-flag.jpg HTTP/1.1" 404 89 "-" "Googlebot-Image/1.0" "www.saveaslave.com"
207.46.13.78 - - [31/Oct/2015:11:53:40 -0700] "GET /slovenia HTTP/1.1" 404 89 "-" "msnbot-media/1.1 (+http://search.msn.com/msnbot.htm)" "www.saveaslave.com"
207.46.13.78 - - [31/Oct/2015:11:53:40 -0700] "GET /liberia HTTP/1.1" 404 89 "-" "msnbot-media/1.1 (+http://search.msn.com/msnbot.htm)" "www.saveaslave.com"
68.180.228.181 - - [31/Oct/2015:11:55:46 -0700] "GET /malawi.html HTTP/1.1" 404 89 "-" "Mozilla/5.0 (compatible; Yahoo! Slurp; http://help.yahoo.com/help/us/ysearch/slurp)" "www.saveaslave.com"
54.243.48.119 - - [31/Oct/2015:12:00:00 -0700] "GET / HTTP/1.1" 200 52159 "-" "Mozilla/5.0 (Windows; U; Windows NT 5.1; en-US; rv:1.9.2.8) Gecko/20100722 Firefox/3.6.8" "saveaslave.com"
23.23.242.178 - - [31/Oct/2015:12:00:02 -0700] "GET / HTTP/1.1" 200 52159 "-" "Mozilla/5.0 (Windows; U; Windows NT 5.1; en-US; rv:1.9.2.8) Gecko/20100722 Firefox/3.6.8" "saveaslave.com"
166.137.126.90 - - [31/Oct/2015:12:00:04 -0700] "GET /photos/article2.jpg HTTP/1.1" 200 15209 "http://dudamobile.saveaslave.com/" "Mozilla/5.0 (iPhone; CPU iPhone OS 9_0_2 like Mac OS X) AppleWebKit/601.1.46 (KHTML, like Gecko) Version/9.0 Mobile/13A452 Safari/601.1" "saveaslave.com"
166.137.126.90 - - [31/Oct/2015:12:00:04 -0700] "GET /images/cover1.jpg HTTP/1.1" 200 253658 "http://dudamobile.saveaslave.com/" "Mozilla/5.0 (iPhone; CPU iPhone OS 9_0_2 like Mac OS X) AppleWebKit/601.1.46 (KHTML, like Gecko) Version/9.0 Mobile/13A452 Safari/601.1" "saveaslave.com"
166.137.126.90 - - [31/Oct/2015:12:00:04 -0700] "GET /images/logo2.png HTTP/1.1" 200 18525 "http://dudamobile.saveaslave.com/" "Mozilla/5.0 (iPhone; CPU iPhone OS 9_0_2 like Mac OS X) AppleWebKit/601.1.46 (KHTML, like Gecko) Version/9.0 Mobile/13A452 Safari/601.1" "saveaslave.com"
166.137.126.90 - - [31/Oct/2015:12:00:04 -0700] "GET /photos/article7.jpg HTTP/1.1" 200 15527 "http://dudamobile.saveaslave.com/" "Mozilla/5.0 (iPhone; CPU iPhone OS 9_0_2 like Mac OS X) AppleWebKit/601.1.46 (KHTML, like Gecko) Version/9.0 Mobile/13A452 Safari/601.1" "saveaslave.com"
166.137.126.90 - - [31/Oct/2015:12:00:04 -0700] "GET /photos/article1.jpg HTTP/1.1" 200 11640 "http://dudamobile.saveaslave.com/" "Mozilla/5.0 (iPhone; CPU iPhone OS 9_0_2 like Mac OS X) AppleWebKit/601.1.46 (KHTML, like Gecko) Version/9.0 Mobile/13A452 Safari/601.1" "saveaslave.com"
166.137.126.90 - - [31/Oct/2015:12:00:04 -0700] "GET /photos/top.jpg HTTP/1.1" 200 50519 "http://dudamobile.saveaslave.com/" "Mozilla/5.0 (iPhone; CPU iPhone OS 9_0_2 like Mac OS X) AppleWebKit/601.1.46 (KHTML, like Gecko) Version/9.0 Mobile/13A452 Safari/601.1" "saveaslave.com"
166.137.126.90 - - [31/Oct/2015:12:00:05 -0700] "GET /photos/article3a.jpg HTTP/1.1" 200 12445 "http://dudamobile.saveaslave.com/" "Mozilla/5.0 (iPhone; CPU iPhone OS 9_0_2 like Mac OS X) AppleWebKit/601.1.46 (KHTML, like Gecko) Version/9.0 Mobile/13A452 Safari/601.1" "saveaslave.com"
166.137.126.90 - - [31/Oct/2015:12:00:05 -0700] "GET /photos/article4.png HTTP/1.1" 200 42622 "http://dudamobile.saveaslave.com/" "Mozilla/5.0 (iPhone; CPU iPhone OS 9_0_2 like Mac OS X) AppleWebKit/601.1.46 (KHTML, like Gecko) Version/9.0 Mobile/13A452 Safari/601.1" "saveaslave.com"
166.137.126.90 - - [31/Oct/2015:12:00:05 -0700] "GET /images/social2.png HTTP/1.1" 200 1752 "http://dudamobile.saveaslave.com/" "Mozilla/5.0 (iPhone; CPU iPhone OS 9_0_2 like Mac OS X) AppleWebKit/601.1.46 (KHTML, like Gecko) Version/9.0 Mobile/13A452 Safari/601.1" "saveaslave.com"
166.137.126.90 - - [31/Oct/2015:12:00:05 -0700] "GET /photos/article5.jpg HTTP/1.1" 200 14497 "http://dudamobile.saveaslave.com/" "Mozilla/5.0 (iPhone; CPU iPhone OS 9_0_2 like Mac OS X) AppleWebKit/601.1.46 (KHTML, like Gecko) Version/9.0 Mobile/13A452 Safari/601.1" "saveaslave.com"
166.137.126.90 - - [31/Oct/2015:12:00:05 -0700] "GET /images/social1.png HTTP/1.1" 200 2012 "http://dudamobile.saveaslave.com/" "Mozilla/5.0 (iPhone; CPU iPhone OS 9_0_2 like Mac OS X) AppleWebKit/601.1.46 (KHTML, like Gecko) Version/9.0 Mobile/13A452 Safari/601.1" "saveaslave.com"
166.137.126.90 - - [31/Oct/2015:12:00:05 -0700] "GET /images/social3.png HTTP/1.1" 200 4343 "http://dudamobile.saveaslave.com/" "Mozilla/5.0 (iPhone; CPU iPhone OS 9_0_2 like Mac OS X) AppleWebKit/601.1.46 (KHTML, like Gecko) Version/9.0 Mobile/13A452 Safari/601.1" "saveaslave.com"
166.137.126.90 - - [31/Oct/2015:12:00:05 -0700] "GET /images/gift_button.png HTTP/1.1" 200 27500 "http://dudamobile.saveaslave.com/" "Mozilla/5.0 (iPhone; CPU iPhone OS 9_0_2 like Mac OS X) AppleWebKit/601.1.46 (KHTML, like Gecko) Version/9.0 Mobile/13A452 Safari/601.1" "saveaslave.com"
208.115.113.94 - - [31/Oct/2015:12:05:57 -0700] "GET /cuba.html HTTP/1.1" 404 89 "-" "Mozilla/5.0 (compatible; DotBot/1.1; http://www.opensiteexplorer.org/dotbot, help@moz.com)" "saveaslave.com"
208.115.113.94 - - [31/Oct/2015:12:05:57 -0700] "GET /norfolk-island.html HTTP/1.1" 404 89 "-" "Mozilla/5.0 (compatible; DotBot/1.1; http://www.opensiteexplorer.org/dotbot, help@moz.com)" "saveaslave.com"
166.137.136.18 - - [31/Oct/2015:12:16:17 -0700] "GET /images/logo2.png HTTP/1.1" 200 18525 "http://dudamobile.saveaslave.com/" "Mozilla/5.0 (iPhone; CPU iPhone OS 9_1 like Mac OS X) AppleWebKit/601.1.46 (KHTML, like Gecko) Version/9.0 Mobile/13B143 Safari/601.1" "saveaslave.com"
166.137.136.18 - - [31/Oct/2015:12:16:17 -0700] "GET /photos/article2.jpg HTTP/1.1" 200 15209 "http://dudamobile.saveaslave.com/" "Mozilla/5.0 (iPhone; CPU iPhone OS 9_1 like Mac OS X) AppleWebKit/601.1.46 (KHTML, like Gecko) Version/9.0 Mobile/13B143 Safari/601.1" "saveaslave.com"
166.137.136.18 - - [31/Oct/2015:12:16:17 -0700] "GET /photos/article1.jpg HTTP/1.1" 200 11640 "http://dudamobile.saveaslave.com/" "Mozilla/5.0 (iPhone; CPU iPhone OS 9_1 like Mac OS X) AppleWebKit/601.1.46 (KHTML, like Gecko) Version/9.0 Mobile/13B143 Safari/601.1" "saveaslave.com"
166.137.136.18 - - [31/Oct/2015:12:16:17 -0700] "GET /photos/top.jpg HTTP/1.1" 200 50519 "http://dudamobile.saveaslave.com/" "Mozilla/5.0 (iPhone; CPU iPhone OS 9_1 like Mac OS X) AppleWebKit/601.1.46 (KHTML, like Gecko) Version/9.0 Mobile/13B143 Safari/601.1" "saveaslave.com"
166.137.136.18 - - [31/Oct/2015:12:16:17 -0700] "GET /photos/article7.jpg HTTP/1.1" 200 15527 "http://dudamobile.saveaslave.com/" "Mozilla/5.0 (iPhone; CPU iPhone OS 9_1 like Mac OS X) AppleWebKit/601.1.46 (KHTML, like Gecko) Version/9.0 Mobile/13B143 Safari/601.1" "saveaslave.com"
166.137.136.18 - - [31/Oct/2015:12:16:17 -0700] "GET /images/cover1.jpg HTTP/1.1" 200 253658 "http://dudamobile.saveaslave.com/" "Mozilla/5.0 (iPhone; CPU iPhone OS 9_1 like Mac OS X) AppleWebKit/601.1.46 (KHTML, like Gecko) Version/9.0 Mobile/13B143 Safari/601.1" "saveaslave.com"
166.137.136.18 - - [31/Oct/2015:12:16:17 -0700] "GET /photos/article3a.jpg HTTP/1.1" 200 12445 "http://dudamobile.saveaslave.com/" "Mozilla/5.0 (iPhone; CPU iPhone OS 9_1 like Mac OS X) AppleWebKit/601.1.46 (KHTML, like Gecko) Version/9.0 Mobile/13B143 Safari/601.1" "saveaslave.com"
166.137.136.18 - - [31/Oct/2015:12:16:17 -0700] "GET /photos/article4.png HTTP/1.1" 200 42622 "http://dudamobile.saveaslave.com/" "Mozilla/5.0 (iPhone; CPU iPhone OS 9_1 like Mac OS X) AppleWebKit/601.1.46 (KHTML, like Gecko) Version/9.0 Mobile/13B143 Safari/601.1" "saveaslave.com"
166.137.136.18 - - [31/Oct/2015:12:16:17 -0700] "GET /images/social2.png HTTP/1.1" 200 1752 "http://dudamobile.saveaslave.com/" "Mozilla/5.0 (iPhone; CPU iPhone OS 9_1 like Mac OS X) AppleWebKit/601.1.46 (KHTML, like Gecko) Version/9.0 Mobile/13B143 Safari/601.1" "saveaslave.com"
166.137.136.18 - - [31/Oct/2015:12:16:17 -0700] "GET /images/gift_button.png HTTP/1.1" 200 27500 "http://dudamobile.saveaslave.com/" "Mozilla/5.0 (iPhone; CPU iPhone OS 9_1 like Mac OS X) AppleWebKit/601.1.46 (KHTML, like Gecko) Version/9.0 Mobile/13B143 Safari/601.1" "saveaslave.com"
66.249.81.195 - - [31/Oct/2015:12:16:25 -0700] "GET / HTTP/1.1" 200 52159 "-" "Google favicon" "saveaslave.com"
66.249.81.198 - - [31/Oct/2015:12:16:26 -0700] "GET /favicon.ico HTTP/1.1" 404 89 "-" "Google favicon" "saveaslave.com"
157.55.39.20 - - [31/Oct/2015:12:18:30 -0700] "GET /djibouti HTTP/1.1" 404 89 "-" "msnbot-media/1.1 (+http://search.msn.com/msnbot.htm)" "www.saveaslave.com"
157.55.39.20 - - [31/Oct/2015:12:18:30 -0700] "GET /honduras HTTP/1.1" 404 89 "-" "msnbot-media/1.1 (+http://search.msn.com/msnbot.htm)" "www.saveaslave.com"
157.55.39.20 - - [31/Oct/2015:12:18:30 -0700] "GET /guadeloupe HTTP/1.1" 404 89 "-" "msnbot-media/1.1 (+http://search.msn.com/msnbot.htm)" "www.saveaslave.com"
157.55.39.20 - - [31/Oct/2015:12:18:44 -0700] "GET /Blogs.html HTTP/1.1" 404 89 "-" "msnbot-media/1.1 (+http://search.msn.com/msnbot.htm)" "www.saveaslave.com"
54.243.48.119 - - [31/Oct/2015:12:23:26 -0700] "GET /our-supporters.php HTTP/1.1" 200 56312 "-" "Mozilla/5.0 (Windows; U; Windows NT 5.1; en-US; rv:1.9.2.8) Gecko/20100722 Firefox/3.6.8" "saveaslave.com"
166.137.136.18 - - [31/Oct/2015:12:23:28 -0700] "GET /images/supporters/END.png HTTP/1.1" 200 42129 "http://dudamobile.saveaslave.com/site/d8914753b82ebeec534c1242636cd459/default?url=http%3A%2F%2Fsaveaslave.com%2Four-supporters.php" "Mozilla/5.0 (iPhone; CPU iPhone OS 9_1 like Mac OS X) AppleWebKit/601.1.46 (KHTML, like Gecko) Version/9.0 Mobile/13B143 Safari/601.1" "saveaslave.com"
166.137.136.18 - - [31/Oct/2015:12:23:28 -0700] "GET /images/supporters/hulogo.png HTTP/1.1" 200 8497 "http://dudamobile.saveaslave.com/site/d8914753b82ebeec534c1242636cd459/default?url=http%3A%2F%2Fsaveaslave.com%2Four-supporters.php" "Mozilla/5.0 (iPhone; CPU iPhone OS 9_1 like Mac OS X) AppleWebKit/601.1.46 (KHTML, like Gecko) Version/9.0 Mobile/13B143 Safari/601.1" "saveaslave.com"
166.137.136.18 - - [31/Oct/2015:12:23:28 -0700] "GET /images/supporters/anti-slavery.gif HTTP/1.1" 200 4774 "http://dudamobile.saveaslave.com/site/d8914753b82ebeec534c1242636cd459/default?url=http%3A%2F%2Fsaveaslave.com%2Four-supporters.php" "Mozilla/5.0 (iPhone; CPU iPhone OS 9_1 like Mac OS X) AppleWebKit/601.1.46 (KHTML, like Gecko) Version/9.0 Mobile/13B143 Safari/601.1" "saveaslave.com"
166.137.136.18 - - [31/Oct/2015:12:23:28 -0700] "GET /images/supporters/Free-the-Slaves.png HTTP/1.1" 200 9388 "http://dudamobile.saveaslave.com/site/d8914753b82ebeec534c1242636cd459/default?url=http%3A%2F%2Fsaveaslave.com%2Four-supporters.php" "Mozilla/5.0 (iPhone; CPU iPhone OS 9_1 like Mac OS X) AppleWebKit/601.1.46 (KHTML, like Gecko) Version/9.0 Mobile/13B143 Safari/601.1" "saveaslave.com"
166.137.136.18 - - [31/Oct/2015:12:23:28 -0700] "GET /images/supporters/rescue.png HTTP/1.1" 200 9148 "http://dudamobile.saveaslave.com/site/d8914753b82ebeec534c1242636cd459/default?url=http%3A%2F%2Fsaveaslave.com%2Four-supporters.php" "Mozilla/5.0 (iPhone; CPU iPhone OS 9_1 like Mac OS X) AppleWebKit/601.1.46 (KHTML, like Gecko) Version/9.0 Mobile/13B143 Safari/601.1" "saveaslave.com"
166.137.136.18 - - [31/Oct/2015:12:23:28 -0700] "GET /images/supporters/logo_atest.png HTTP/1.1" 200 12676 "http://dudamobile.saveaslave.com/site/d8914753b82ebeec534c1242636cd459/default?url=http%3A%2F%2Fsaveaslave.com%2Four-supporters.php" "Mozilla/5.0 (iPhone; CPU iPhone OS 9_1 like Mac OS X) AppleWebKit/601.1.46 (KHTML, like Gecko) Version/9.0 Mobile/13B143 Safari/601.1" "saveaslave.com"
166.137.136.18 - - [31/Oct/2015:12:23:28 -0700] "GET /images/supporters/wif_logo.jpg HTTP/1.1" 200 13227 "http://dudamobile.saveaslave.com/site/d8914753b82ebeec534c1242636cd459/default?url=http%3A%2F%2Fsaveaslave.com%2Four-supporters.php" "Mozilla/5.0 (iPhone; CPU iPhone OS 9_1 like Mac OS X) AppleWebKit/601.1.46 (KHTML, like Gecko) Version/9.0 Mobile/13B143 Safari/601.1" "saveaslave.com"
166.137.136.18 - - [31/Oct/2015:12:23:28 -0700] "GET /images/supporters/a21-logo.png HTTP/1.1" 200 6163 "http://dudamobile.saveaslave.com/site/d8914753b82ebeec534c1242636cd459/default?url=http%3A%2F%2Fsaveaslave.com%2Four-supporters.php" "Mozilla/5.0 (iPhone; CPU iPhone OS 9_1 like Mac OS X) AppleWebKit/601.1.46 (KHTML, like Gecko) Version/9.0 Mobile/13B143 Safari/601.1" "saveaslave.com"
166.137.136.18 - - [31/Oct/2015:12:23:28 -0700] "GET /images/supporters/world-vision.jpg HTTP/1.1" 200 3302 "http://dudamobile.saveaslave.com/site/d8914753b82ebeec534c1242636cd459/default?url=http%3A%2F%2Fsaveaslave.com%2Four-supporters.php" "Mozilla/5.0 (iPhone; CPU iPhone OS 9_1 like Mac OS X) AppleWebKit/601.1.46 (KHTML, like Gecko) Version/9.0 Mobile/13B143 Safari/601.1" "saveaslave.com"
166.137.136.18 - - [31/Oct/2015:12:23:28 -0700] "GET /images/supporters/cocoa.png HTTP/1.1" 200 19753 "http://dudamobile.saveaslave.com/site/d8914753b82ebeec534c1242636cd459/default?url=http%3A%2F%2Fsaveaslave.com%2Four-supporters.php" "Mozilla/5.0 (iPhone; CPU iPhone OS 9_1 like Mac OS X) AppleWebKit/601.1.46 (KHTML, like Gecko) Version/9.0 Mobile/13B143 Safari/601.1" "saveaslave.com"
166.137.136.18 - - [31/Oct/2015:12:23:28 -0700] "GET /images/supporters/sharehope.png HTTP/1.1" 200 6261 "http://dudamobile.saveaslave.com/site/d8914753b82ebeec534c1242636cd459/default?url=http%3A%2F%2Fsaveaslave.com%2Four-supporters.php" "Mozilla/5.0 (iPhone; CPU iPhone OS 9_1 like Mac OS X) AppleWebKit/601.1.46 (KHTML, like Gecko) Version/9.0 Mobile/13B143 Safari/601.1" "saveaslave.com"
166.137.136.18 - - [31/Oct/2015:12:23:28 -0700] "GET /images/supporters/fpo-logo.gif HTTP/1.1" 200 3097 "http://dudamobile.saveaslave.com/site/d8914753b82ebeec534c1242636cd459/default?url=http%3A%2F%2Fsaveaslave.com%2Four-supporters.php" "Mozilla/5.0 (iPhone; CPU iPhone OS 9_1 like Mac OS X) AppleWebKit/601.1.46 (KHTML, like Gecko) Version/9.0 Mobile/13B143 Safari/601.1" "saveaslave.com"
166.137.136.18 - - [31/Oct/2015:12:23:28 -0700] "GET /images/supporters/children-on-the%20edge.png HTTP/1.1" 200 9509 "http://dudamobile.saveaslave.com/site/d8914753b82ebeec534c1242636cd459/default?url=http%3A%2F%2Fsaveaslave.com%2Four-supporters.php" "Mozilla/5.0 (iPhone; CPU iPhone OS 9_1 like Mac OS X) AppleWebKit/601.1.46 (KHTML, like Gecko) Version/9.0 Mobile/13B143 Safari/601.1" "saveaslave.com"
166.137.136.18 - - [31/Oct/2015:12:23:28 -0700] "GET /images/supporters/rescue-foundation.jpg HTTP/1.1" 200 3083 "http://dudamobile.saveaslave.com/site/d8914753b82ebeec534c1242636cd459/default?url=http%3A%2F%2Fsaveaslave.com%2Four-supporters.php" "Mozilla/5.0 (iPhone; CPU iPhone OS 9_1 like Mac OS X) AppleWebKit/601.1.46 (KHTML, like Gecko) Version/9.0 Mobile/13B143 Safari/601.1" "saveaslave.com"
166.137.136.18 - - [31/Oct/2015:12:23:28 -0700] "GET /images/supporters/child-wise.jpg HTTP/1.1" 200 5250 "http://dudamobile.saveaslave.com/site/d8914753b82ebeec534c1242636cd459/default?url=http%3A%2F%2Fsaveaslave.com%2Four-supporters.php" "Mozilla/5.0 (iPhone; CPU iPhone OS 9_1 like Mac OS X) AppleWebKit/601.1.46 (KHTML, like Gecko) Version/9.0 Mobile/13B143 Safari/601.1" "saveaslave.com"
166.137.136.18 - - [31/Oct/2015:12:23:28 -0700] "GET /images/supporters/logo_header.jpg HTTP/1.1" 200 10679 "http://dudamobile.saveaslave.com/site/d8914753b82ebeec534c1242636cd459/default?url=http%3A%2F%2Fsaveaslave.com%2Four-supporters.php" "Mozilla/5.0 (iPhone; CPU iPhone OS 9_1 like Mac OS X) AppleWebKit/601.1.46 (KHTML, like Gecko) Version/9.0 Mobile/13B143 Safari/601.1" "saveaslave.com"
166.137.136.18 - - [31/Oct/2015:12:23:28 -0700] "GET /images/supporters/made-free.png HTTP/1.1" 200 5762 "http://dudamobile.saveaslave.com/site/d8914753b82ebeec534c1242636cd459/default?url=http%3A%2F%2Fsaveaslave.com%2Four-supporters.php" "Mozilla/5.0 (iPhone; CPU iPhone OS 9_1 like Mac OS X) AppleWebKit/601.1.46 (KHTML, like Gecko) Version/9.0 Mobile/13B143 Safari/601.1" "saveaslave.com"
166.137.136.18 - - [31/Oct/2015:12:23:28 -0700] "GET /images/supporters/Asset-Logo.jpg HTTP/1.1" 200 36053 "http://dudamobile.saveaslave.com/site/d8914753b82ebeec534c1242636cd459/default?url=http%3A%2F%2Fsaveaslave.com%2Four-supporters.php" "Mozilla/5.0 (iPhone; CPU iPhone OS 9_1 like Mac OS X) AppleWebKit/601.1.46 (KHTML, like Gecko) Version/9.0 Mobile/13B143 Safari/601.1" "saveaslave.com"
166.137.136.18 - - [31/Oct/2015:12:23:28 -0700] "GET /images/supporters/love-logo.png HTTP/1.1" 200 6021 "http://dudamobile.saveaslave.com/site/d8914753b82ebeec534c1242636cd459/default?url=http%3A%2F%2Fsaveaslave.com%2Four-supporters.php" "Mozilla/5.0 (iPhone; CPU iPhone OS 9_1 like Mac OS X) AppleWebKit/601.1.46 (KHTML, like Gecko) Version/9.0 Mobile/13B143 Safari/601.1" "saveaslave.com"
166.137.136.18 - - [31/Oct/2015:12:23:29 -0700] "GET /images/supporters/Solidarity_Center.png HTTP/1.1" 200 9296 "http://dudamobile.saveaslave.com/site/d8914753b82ebeec534c1242636cd459/default?url=http%3A%2F%2Fsaveaslave.com%2Four-supporters.php" "Mozilla/5.0 (iPhone; CPU iPhone OS 9_1 like Mac OS X) AppleWebKit/601.1.46 (KHTML, like Gecko) Version/9.0 Mobile/13B143 Safari/601.1" "saveaslave.com"
166.137.136.18 - - [31/Oct/2015:12:23:29 -0700] "GET /images/supporters/logo_endslaverynow.png HTTP/1.1" 200 27566 "http://dudamobile.saveaslave.com/site/d8914753b82ebeec534c1242636cd459/default?url=http%3A%2F%2Fsaveaslave.com%2Four-supporters.php" "Mozilla/5.0 (iPhone; CPU iPhone OS 9_1 like Mac OS X) AppleWebKit/601.1.46 (KHTML, like Gecko) Version/9.0 Mobile/13B143 Safari/601.1" "saveaslave.com"
166.137.136.18 - - [31/Oct/2015:12:23:29 -0700] "GET /images/supporters/ApneAap_logo.png HTTP/1.1" 200 8305 "http://dudamobile.saveaslave.com/site/d8914753b82ebeec534c1242636cd459/default?url=http%3A%2F%2Fsaveaslave.com%2Four-supporters.php" "Mozilla/5.0 (iPhone; CPU iPhone OS 9_1 like Mac OS X) AppleWebKit/601.1.46 (KHTML, like Gecko) Version/9.0 Mobile/13B143 Safari/601.1" "saveaslave.com"
166.137.136.18 - - [31/Oct/2015:12:23:29 -0700] "GET /images/supporters/safe-horizon.png HTTP/1.1" 200 16608 "http://dudamobile.saveaslave.com/site/d8914753b82ebeec534c1242636cd459/default?url=http%3A%2F%2Fsaveaslave.com%2Four-supporters.php" "Mozilla/5.0 (iPhone; CPU iPhone OS 9_1 like Mac OS X) AppleWebKit/601.1.46 (KHTML, like Gecko) Version/9.0 Mobile/13B143 Safari/601.1" "saveaslave.com"
166.137.136.18 - - [31/Oct/2015:12:23:29 -0700] "GET /images/supporters/maitilogo.png HTTP/1.1" 200 12792 "http://dudamobile.saveaslave.com/site/d8914753b82ebeec534c1242636cd459/default?url=http%3A%2F%2Fsaveaslave.com%2Four-supporters.php" "Mozilla/5.0 (iPhone; CPU iPhone OS 9_1 like Mac OS X) AppleWebKit/601.1.46 (KHTML, like Gecko) Version/9.0 Mobile/13B143 Safari/601.1" "saveaslave.com"
166.137.136.18 - - [31/Oct/2015:12:23:29 -0700] "GET /images/supporters/pacific.jpg HTTP/1.1" 200 8249 "http://dudamobile.saveaslave.com/site/d8914753b82ebeec534c1242636cd459/default?url=http%3A%2F%2Fsaveaslave.com%2Four-supporters.php" "Mozilla/5.0 (iPhone; CPU iPhone OS 9_1 like Mac OS X) AppleWebKit/601.1.46 (KHTML, like Gecko) Version/9.0 Mobile/13B143 Safari/601.1" "saveaslave.com"
166.137.136.18 - - [31/Oct/2015:12:23:29 -0700] "GET /images/supporters/walk-free.jpg HTTP/1.1" 200 4277 "http://dudamobile.saveaslave.com/site/d8914753b82ebeec534c1242636cd459/default?url=http%3A%2F%2Fsaveaslave.com%2Four-supporters.php" "Mozilla/5.0 (iPhone; CPU iPhone OS 9_1 like Mac OS X) AppleWebKit/601.1.46 (KHTML, like Gecko) Version/9.0 Mobile/13B143 Safari/601.1" "saveaslave.com"
166.137.136.18 - - [31/Oct/2015:12:23:29 -0700] "GET /images/supporters/IJM.jpg HTTP/1.1" 200 6203 "http://dudamobile.saveaslave.com/site/d8914753b82ebeec534c1242636cd459/default?url=http%3A%2F%2Fsaveaslave.com%2Four-supporters.php" "Mozilla/5.0 (iPhone; CPU iPhone OS 9_1 like Mac OS X) AppleWebKit/601.1.46 (KHTML, like Gecko) Version/9.0 Mobile/13B143 Safari/601.1" "saveaslave.com"
166.137.136.18 - - [31/Oct/2015:12:23:29 -0700] "GET /images/supporters/gems.jpg HTTP/1.1" 200 5045 "http://dudamobile.saveaslave.com/site/d8914753b82ebeec534c1242636cd459/default?url=http%3A%2F%2Fsaveaslave.com%2Four-supporters.php" "Mozilla/5.0 (iPhone; CPU iPhone OS 9_1 like Mac OS X) AppleWebKit/601.1.46 (KHTML, like Gecko) Version/9.0 Mobile/13B143 Safari/601.1" "saveaslave.com"
166.137.136.18 - - [31/Oct/2015:12:23:29 -0700] "GET /images/supporters/trucker.jpg HTTP/1.1" 200 6096 "http://dudamobile.saveaslave.com/site/d8914753b82ebeec534c1242636cd459/default?url=http%3A%2F%2Fsaveaslave.com%2Four-supporters.php" "Mozilla/5.0 (iPhone; CPU iPhone OS 9_1 like Mac OS X) AppleWebKit/601.1.46 (KHTML, like Gecko) Version/9.0 Mobile/13B143 Safari/601.1" "saveaslave.com"
166.137.136.18 - - [31/Oct/2015:12:23:29 -0700] "GET /images/supporters/goodweave.jpg HTTP/1.1" 200 5217 "http://dudamobile.saveaslave.com/site/d8914753b82ebeec534c1242636cd459/default?url=http%3A%2F%2Fsaveaslave.com%2Four-supporters.php" "Mozilla/5.0 (iPhone; CPU iPhone OS 9_1 like Mac OS X) AppleWebKit/601.1.46 (KHTML, like Gecko) Version/9.0 Mobile/13B143 Safari/601.1" "saveaslave.com"
157.55.39.128 - - [31/Oct/2015:12:31:49 -0700] "GET /robots.txt HTTP/1.1" 200 48 "-" "Mozilla/5.0 (compatible; bingbot/2.0; +http://www.bing.com/bingbot.htm)" "www.saveaslave.com"
157.55.39.128 - - [31/Oct/2015:12:32:46 -0700] "GET /wake_island HTTP/1.1" 404 89 "-" "msnbot-media/1.1 (+http://search.msn.com/msnbot.htm)" "www.saveaslave.com"
188.165.15.204 - - [31/Oct/2015:12:33:08 -0700] "GET /papua-new-guinea.html HTTP/1.1" 404 89 "-" "Mozilla/5.0 (compatible; AhrefsBot/5.0; +http://ahrefs.com/robot/)" "www.saveaslave.com"
180.76.15.27 - - [31/Oct/2015:12:33:23 -0700] "GET / HTTP/1.1" 200 52159 "-" "Mozilla/5.0 (compatible; Baiduspider/2.0; +http://www.baidu.com/search/spider.html)" "www.saveaslave.com"
180.76.15.11 - - [31/Oct/2015:13:03:23 -0700] "GET /addlink.php?page=japan.html&lang=en HTTP/1.1" 200 15121 "-" "Mozilla/5.0 (compatible; Baiduspider/2.0; +http://www.baidu.com/search/spider.html)" "www.saveaslave.com"
157.55.39.128 - - [31/Oct/2015:13:05:52 -0700] "GET /robots.txt HTTP/1.1" 200 48 "-" "Mozilla/5.0 (compatible; bingbot/2.0; +http://www.bing.com/bingbot.htm)" "www.saveaslave.com"
157.55.39.128 - - [31/Oct/2015:13:09:58 -0700] "GET /news.html HTTP/1.1" 404 89 "-" "msnbot-media/1.1 (+http://search.msn.com/msnbot.htm)" "www.saveaslave.com"
66.249.75.128 - - [31/Oct/2015:13:13:20 -0700] "GET /saint-barthelemy.html HTTP/1.1" 404 89 "-" "Mozilla/5.0 (compatible; Googlebot/2.1; +http://www.google.com/bot.html)" "saveaslave.com"
210.211.107.150 - - [31/Oct/2015:13:14:36 -0700] "GET /robots.txt HTTP/1.1" 200 48 "-" "Wada.vn Vietnamese Search" "saveaslave.com"
66.249.69.82 - - [31/Oct/2015:13:15:47 -0700] "GET /images/countrymap/mauritania.gif HTTP/1.1" 404 89 "-" "Googlebot-Image/1.0" "www.saveaslave.com"
66.249.69.82 - - [31/Oct/2015:13:15:47 -0700] "GET /images/countrymap/mauritania-flag.gif HTTP/1.1" 404 89 "-" "Googlebot-Image/1.0" "www.saveaslave.com"
54.243.48.119 - - [31/Oct/2015:13:25:36 -0700] "GET /saint-barthelemy.html HTTP/1.1" 404 89 "-" "Mozilla/5.0 (Windows; U; Windows NT 5.1; en-US; rv:1.9.2.8) Gecko/20100722 Firefox/3.6.8" "saveaslave.com"
208.115.113.86 - - [31/Oct/2015:13:29:31 -0700] "GET /robots.txt HTTP/1.1" 200 48 "-" "Mozilla/5.0 (compatible; DotBot/1.1; http://www.opensiteexplorer.org/dotbot, help@moz.com)" "www.saveaslave.com"
208.115.113.86 - - [31/Oct/2015:13:29:31 -0700] "GET /robots.txt HTTP/1.1" 200 48 "-" "Mozilla/5.0 (compatible; DotBot/1.1; http://www.opensiteexplorer.org/dotbot, help@moz.com)" "saveaslave.com"
157.55.39.128 - - [31/Oct/2015:13:41:08 -0700] "GET /antarctica HTTP/1.1" 404 89 "-" "msnbot-media/1.1 (+http://search.msn.com/msnbot.htm)" "www.saveaslave.com"
157.55.39.128 - - [31/Oct/2015:13:46:03 -0700] "GET /robots.txt HTTP/1.1" 200 48 "-" "Mozilla/5.0 (compatible; bingbot/2.0; +http://www.bing.com/bingbot.htm)" "www.saveaslave.com"
157.55.39.128 - - [31/Oct/2015:13:46:19 -0700] "GET /micronesia HTTP/1.1" 404 89 "-" "msnbot-media/1.1 (+http://search.msn.com/msnbot.htm)" "www.saveaslave.com"
157.55.39.128 - - [31/Oct/2015:13:53:25 -0700] "GET /saintlucia HTTP/1.1" 404 89 "-" "msnbot-media/1.1 (+http://search.msn.com/msnbot.htm)" "www.saveaslave.com"
54.243.48.119 - - [31/Oct/2015:14:03:26 -0700] "GET /country.php HTTP/1.1" 200 854 "-" "Mozilla/5.0 (Windows; U; Windows NT 5.1; en-US; rv:1.9.2.8) Gecko/20100722 Firefox/3.6.8" "saveaslave.com"
157.55.39.166 - - [31/Oct/2015:14:09:29 -0700] "GET /robots.txt HTTP/1.1" 200 48 "-" "Mozilla/5.0 (compatible; bingbot/2.0; +http://www.bing.com/bingbot.htm)" "saveaslave.com"
180.76.15.143 - - [31/Oct/2015:14:12:50 -0700] "GET /ghana.html HTTP/1.1" 404 89 "-" "Mozilla/5.0 (compatible; Baiduspider/2.0; +http://www.baidu.com/search/spider.html)" "www.saveaslave.com"
220.181.108.96 - - [31/Oct/2015:14:39:38 -0700] "GET /sierra-leone.html HTTP/1.1" 404 89 "-" "Mozilla/5.0 (compatible; Baiduspider/2.0; +http://www.baidu.com/search/spider.html)" "www.saveaslave.com"
208.115.113.94 - - [31/Oct/2015:14:46:23 -0700] "GET /robots.txt HTTP/1.1" 200 48 "-" "Mozilla/5.0 (compatible; DotBot/1.1; http://www.opensiteexplorer.org/dotbot, help@moz.com)" "saveaslave.com"
23.23.242.178 - - [31/Oct/2015:14:58:44 -0700] "GET /disclaimer.php HTTP/1.1" 200 49666 "-" "Mozilla/5.0 (Windows; U; Windows NT 5.1; en-US; rv:1.9.2.8) Gecko/20100722 Firefox/3.6.8" "saveaslave.com"
157.55.39.206 - - [31/Oct/2015:15:03:05 -0700] "GET /paypalbutton.html HTTP/1.1" 404 89 "-" "msnbot-media/1.1 (+http://search.msn.com/msnbot.htm)" "www.saveaslave.com"
157.55.39.206 - - [31/Oct/2015:15:03:20 -0700] "GET /cameroon HTTP/1.1" 404 89 "-" "Mozilla/5.0 (compatible; bingbot/2.0; +http://www.bing.com/bingbot.htm)" "www.saveaslave.com"
208.115.113.86 - - [31/Oct/2015:15:04:27 -0700] "GET /bahamas.html HTTP/1.1" 404 89 "-" "Mozilla/5.0 (compatible; DotBot/1.1; http://www.opensiteexplorer.org/dotbot, help@moz.com)" "saveaslave.com"
157.55.39.128 - - [31/Oct/2015:15:05:38 -0700] "GET /robots.txt HTTP/1.1" 200 48 "-" "Mozilla/5.0 (compatible; bingbot/2.0; +http://www.bing.com/bingbot.htm)" "www.saveaslave.com"
66.249.69.65 - - [31/Oct/2015:15:05:41 -0700] "GET /images/countrymap/mali-flag.gif HTTP/1.1" 404 89 "-" "Googlebot-Image/1.0" "www.saveaslave.com"
208.115.113.86 - - [31/Oct/2015:15:06:36 -0700] "GET /resources.html HTTP/1.1" 404 89 "-" "Mozilla/5.0 (compatible; DotBot/1.1; http://www.opensiteexplorer.org/dotbot, help@moz.com)" "www.saveaslave.com"
208.115.113.86 - - [31/Oct/2015:15:06:36 -0700] "GET /swaziland.html HTTP/1.1" 404 89 "-" "Mozilla/5.0 (compatible; DotBot/1.1; http://www.opensiteexplorer.org/dotbot, help@moz.com)" "www.saveaslave.com"
65.36.241.48 - - [31/Oct/2015:15:13:59 -0700] "HEAD /?tpl=references&Itemid=3 HTTP/1.1" 200 0 "-" "InternetSeer.com" "www.saveaslave.com"
66.249.69.73 - - [31/Oct/2015:15:19:25 -0700] "GET /images/countrymap/cote-d-ivoire.jpg HTTP/1.1" 404 89 "-" "Googlebot-Image/1.0" "www.saveaslave.com"
210.211.107.150 - - [31/Oct/2015:15:20:17 -0700] "GET /robots.txt HTTP/1.1" 200 48 "-" "Wada.vn Vietnamese Search" "www.saveaslave.com"
199.59.148.211 - - [31/Oct/2015:15:25:36 -0700] "GET /robots.txt HTTP/1.1" 200 48 "-" "Twitterbot/1.0" "www.saveaslave.com"
199.59.148.210 - - [31/Oct/2015:15:25:36 -0700] "GET /robots.txt HTTP/1.1" 200 48 "-" "Twitterbot/1.0" "www.saveaslave.com"
199.59.148.210 - - [31/Oct/2015:15:25:37 -0700] "GET / HTTP/1.1" 200 52159 "-" "Twitterbot/1.0" "www.saveaslave.com"
199.59.148.211 - - [31/Oct/2015:15:25:37 -0700] "GET / HTTP/1.1" 200 52159 "-" "Twitterbot/1.0" "www.saveaslave.com"
74.112.131.246 - - [31/Oct/2015:15:25:37 -0700] "GET / HTTP/1.1" 200 52159 "-" "Mozilla/5.0 ()" "www.saveaslave.com"
54.151.42.39 - - [31/Oct/2015:15:25:38 -0700] "HEAD / HTTP/1.1" 200 0 "-" "Google-HTTP-Java-Client/1.17.0-rc (gzip)" "www.saveaslave.com"
54.151.42.39 - - [31/Oct/2015:15:25:38 -0700] "HEAD / HTTP/1.1" 200 0 "-" "Google-HTTP-Java-Client/1.17.0-rc (gzip)" "www.saveaslave.com"
