163.172.66.12 - - [05/Sep/2016:19:28:26 -0700] "GET /our-supporters.php HTTP/1.1" 200 55486 "-" "Mozilla/5.0 (compatible; AhrefsBot/5.1; +http://ahrefs.com/robot/)" "www.saveaslave.com"[1]
54.82.218.217 - - [05/Sep/2016:19:41:20 -0700] "GET / HTTP/1.1" 200 90093 "-" "Mozilla/5.0 (compatible; linkdexbot/2.0; +http://www.linkdex.com/bots/)" "saveaslave.com"
123.30.175.210 - - [05/Sep/2016:19:50:38 -0700] "GET /addarticle.php HTTP/1.1" 200 13761 "-" "Mozilla/5.0 (compatible; coccoc/1.0; +http://help.coccoc.com/searchengine)" "saveaslave.com"
5.164.224.80 - - [05/Sep/2016:19:54:42 -0700] "GET /addlink.php HTTP/1.1" 200 12896 "http://www.saveaslave.com/addlink.php" "Mozilla/5.0 (Windows NT 10.0; WOW64) AppleWebKit/537.36 (KHTML, like Gecko) Chrome/48.0.2564.116 Safari/537.36" "www.saveaslave.com"[0]
207.46.13.69 - - [05/Sep/2016:20:06:52 -0700] "GET /somalia.html HTTP/1.1" 404 89 "-" "Mozilla/5.0 (compatible; bingbot/2.0; +http://www.bing.com/bingbot.htm)" "www.saveaslave.com"
216.244.66.240 - - [05/Sep/2016:20:18:00 -0700] "GET /www.mmp.org HTTP/1.1" 404 89 "-" "Mozilla/5.0 (compatible; DotBot/1.1; http://www.opensiteexplorer.org/dotbot, help@moz.com)" "www.saveaslave.com"
46.119.127.129 - - [05/Sep/2016:20:36:34 -0700] "GET /robots.txt HTTP/1.1" 200 48 "-" "Mozilla/5.0 (Windows NT 10.0; WOW64) AppleWebKit/537.36 (KHTML, like Gecko) Chrome/49.0.2623.75 Safari/537.36 OPR/36.0.2130.32" "saveaslave.com"
46.119.127.129 - - [05/Sep/2016:20:36:37 -0700] "GET /blog/robots.txt HTTP/1.1" 404 89 "-" "Mozilla/5.0 (Windows NT 10.0; WOW64) AppleWebKit/537.36 (KHTML, like Gecko) Chrome/49.0.2623.75 Safari/537.36 OPR/36.0.2130.32" "saveaslave.com"
46.119.127.129 - - [05/Sep/2016:20:36:37 -0700] "GET /wordpress/ HTTP/1.1" 404 89 "-" "Mozilla/5.0 (Windows NT 10.0; WOW64) AppleWebKit/537.36 (KHTML, like Gecko) Chrome/49.0.2623.75 Safari/537.36 OPR/36.0.2130.32" "saveaslave.com"[0]
65.36.241.48 - - [05/Sep/2016:21:00:15 -0700] "HEAD / HTTP/1.1" 200 0 "-" "InternetSeer.com" "www.saveaslave.com"
54.82.218.217 - - [05/Sep/2016:21:04:41 -0700] "GET /in-russian.php?lang=ru HTTP/1.1" 200 93400 "-" "Mozilla/5.0 (compatible; linkdexbot/2.0; +http://www.linkdex.com/bots/)" "saveaslave.com"
216.244.66.230 - - [05/Sep/2016:21:09:47 -0700] "GET /robots.txt HTTP/1.1" 200 48 "-" "Mozilla/5.0 (compatible; DotBot/1.1; http://www.opensiteexplorer.org/dotbot, help@moz.com)" "saveaslave.com"
163.172.66.91 - - [05/Sep/2016:21:52:16 -0700] "GET /webring.html HTTP/1.1" 404 89 "-" "Mozilla/5.0 (compatible; AhrefsBot/5.1; +http://ahrefs.com/robot/)" "www.saveaslave.com"
69.197.163.195 - - [05/Sep/2016:21:53:40 -0700] "GET /robots.txt HTTP/1.1" 200 48 "-" "Mozilla/5.0 (compatible; MJ12bot/v1.4.5; http://www.majestic12.co.uk/bot.php?+)" "saveaslave.com"
217.69.136.206 - - [05/Sep/2016:21:59:57 -0700] "GET /robots.txt HTTP/1.1" 200 48 "-" "Mozilla/5.0 (compatible; Linux x86_64; Mail.RU_Bot/2.0; +http://go.mail.ru/help/robots)" "saveaslave.com"
5.255.250.62 - - [05/Sep/2016:22:38:44 -0700] "GET /robots.txt HTTP/1.1" 200 48 "-" "Mozilla/5.0 (compatible; YandexBot/3.0; +http://yandex.com/bots)" "saveaslave.com"
141.8.143.194 - - [05/Sep/2016:22:38:48 -0700] "GET /images/article/logo_church.jpg HTTP/1.1" 200 13167 "-" "Mozilla/5.0 (compatible; YandexImages/3.0; +http://yandex.com/bots)" "saveaslave.com"
65.36.241.48 - - [05/Sep/2016:22:40:01 -0700] "HEAD / HTTP/1.1" 200 0 "-" "InternetSeer.com" "www.saveaslave.com"
164.132.161.65 - - [05/Sep/2016:22:48:31 -0700] "GET /who-we-are.php HTTP/1.1" 200 50871 "-" "Mozilla/5.0 (compatible; AhrefsBot/5.1; +http://ahrefs.com/robot/)" "www.saveaslave.com"
46.119.115.59 - - [05/Sep/2016:23:02:37 -0700] "GET / HTTP/1.1" 200 90057 "http://iqbazar.ru/" "Mozilla/4.0 (compatible; MSIE 5.01; Windows 95; MSIECrawler)" "www.saveaslave.com"
46.119.115.59 - - [05/Sep/2016:23:02:38 -0700] "GET / HTTP/1.1" 200 90057 "http://iqbazar.ru/" "Mozilla/4.0 (compatible; MSIE 5.01; Windows 95; MSIECrawler)" "www.saveaslave.com"
216.244.66.240 - - [05/Sep/2016:23:06:03 -0700] "GET /robots.txt HTTP/1.1" 200 48 "-" "Mozilla/5.0 (compatible; DotBot/1.1; http://www.opensiteexplorer.org/dotbot, help@moz.com)" "www.saveaslave.com"
199.30.24.84 - - [05/Sep/2016:23:11:12 -0700] "GET /css/style.css HTTP/1.1" 200 7938 "http://saveaslave.com/" "Mozilla/5.0 (Windows NT 6.1; WOW64) AppleWebKit/534+ (KHTML, like Gecko) BingPreview/1.0b" "saveaslave.com"
199.30.24.84 - - [05/Sep/2016:23:11:12 -0700] "GET /css/elements.css HTTP/1.1" 200 17857 "http://saveaslave.com/" "Mozilla/5.0 (Windows NT 6.1; WOW64) AppleWebKit/534+ (KHTML, like Gecko) BingPreview/1.0b" "saveaslave.com"
199.30.24.84 - - [05/Sep/2016:23:11:14 -0700] "GET /images/logo2.png HTTP/1.1" 200 18525 "http://saveaslave.com/" "Mozilla/5.0 (Windows NT 6.1; WOW64) AppleWebKit/534+ (KHTML, like Gecko) BingPreview/1.0b" "saveaslave.com"
199.30.24.84 - - [05/Sep/2016:23:11:15 -0700] "GET /images/cover1.jpg HTTP/1.1" 200 253658 "http://saveaslave.com/" "Mozilla/5.0 (Windows NT 6.1; WOW64) AppleWebKit/534+ (KHTML, like Gecko) BingPreview/1.0b" "saveaslave.com"
199.30.24.84 - - [05/Sep/2016:23:11:15 -0700] "GET /images/article/end_it.jpg HTTP/1.1" 200 33676 "http://saveaslave.com/" "Mozilla/5.0 (Windows NT 6.1; WOW64) AppleWebKit/534+ (KHTML, like Gecko) BingPreview/1.0b" "saveaslave.com"
199.30.24.84 - - [05/Sep/2016:23:11:15 -0700] "GET /images/article/s1_dety_beg_d9954.jpg HTTP/1.1" 200 16968 "http://saveaslave.com/" "Mozilla/5.0 (Windows NT 6.1; WOW64) AppleWebKit/534+ (KHTML, like Gecko) BingPreview/1.0b" "saveaslave.com"
199.30.24.84 - - [05/Sep/2016:23:11:17 -0700] "GET /images/social1.png HTTP/1.1" 200 2012 "http://saveaslave.com/" "Mozilla/5.0 (Windows NT 6.1; WOW64) AppleWebKit/534+ (KHTML, like Gecko) BingPreview/1.0b" "saveaslave.com"
199.30.24.84 - - [05/Sep/2016:23:11:17 -0700] "GET /images/social2.png HTTP/1.1" 200 1752 "http://saveaslave.com/" "Mozilla/5.0 (Windows NT 6.1; WOW64) AppleWebKit/534+ (KHTML, like Gecko) BingPreview/1.0b" "saveaslave.com"
199.30.24.84 - - [05/Sep/2016:23:11:17 -0700] "GET /js/bootstrap.min.js HTTP/1.1" 200 37055 "http://saveaslave.com/" "Mozilla/5.0 (Windows NT 6.1; WOW64) AppleWebKit/534+ (KHTML, like Gecko) BingPreview/1.0b" "saveaslave.com"
199.30.24.84 - - [05/Sep/2016:23:11:17 -0700] "GET /images/social3.png HTTP/1.1" 200 4343 "http://saveaslave.com/" "Mozilla/5.0 (Windows NT 6.1; WOW64) AppleWebKit/534+ (KHTML, like Gecko) BingPreview/1.0b" "saveaslave.com"
199.30.24.84 - - [05/Sep/2016:23:11:18 -0700] "GET /images/select-arrow.png HTTP/1.1" 200 1118 "http://saveaslave.com/" "Mozilla/5.0 (Windows NT 6.1; WOW64) AppleWebKit/534+ (KHTML, like Gecko) BingPreview/1.0b" "saveaslave.com"
199.30.24.84 - - [05/Sep/2016:23:11:18 -0700] "GET /indicator.gif HTTP/1.1" 200 878 "http://saveaslave.com/" "Mozilla/5.0 (Windows NT 6.1; WOW64) AppleWebKit/534+ (KHTML, like Gecko) BingPreview/1.0b" "saveaslave.com"
180.76.15.26 - - [05/Sep/2016:23:48:48 -0700] "GET / HTTP/1.1" 200 90093 "-" "Mozilla/5.0 (compatible; Baiduspider/2.0; +http://www.baidu.com/search/spider.html)" "www.saveaslave.com"[1]
217.69.136.208 - - [06/Sep/2016:00:13:08 -0700] "GET /robots.txt HTTP/1.1" 200 48 "-" "Mozilla/5.0 (compatible; Linux x86_64; Mail.RU_Bot/2.0; +http://go.mail.ru/help/robots)" "www.saveaslave.com"
217.69.136.206 - - [06/Sep/2016:00:13:10 -0700] "GET /bahrain.html HTTP/1.1" 404 89 "-" "Mozilla/5.0 (compatible; Linux x86_64; Mail.RU_Bot/2.0; +http://go.mail.ru/help/robots)" "www.saveaslave.com"
144.76.71.83 - - [06/Sep/2016:00:14:03 -0700] "GET /el-salvador.html HTTP/1.1" 404 89 "-" "Mozilla/5.0 (Windows NT 6.1; rv:21.0) Gecko/20130328 Firefox/21.0" "www.saveaslave.com"[0]
163.172.65.56 - - [06/Sep/2016:00:31:08 -0700] "GET /benin.html HTTP/1.1" 404 89 "-" "Mozilla/5.0 (compatible; AhrefsBot/5.1; +http://ahrefs.com/robot/)" "saveaslave.com"
69.30.213.82 - - [06/Sep/2016:00:45:05 -0700] "GET /robots.txt HTTP/1.1" 200 48 "-" "Mozilla/5.0 (compatible; MJ12bot/v1.4.5; http://www.majestic12.co.uk/bot.php?+)" "saveaslave.com"
69.30.213.82 - - [06/Sep/2016:00:45:10 -0700] "GET /in-russian.php?lang=ru HTTP/1.1" 200 93400 "-" "Mozilla/5.0 (compatible; MJ12bot/v1.4.5; http://www.majestic12.co.uk/bot.php?+)" "saveaslave.com"
69.30.213.82 - - [06/Sep/2016:00:45:14 -0700] "GET /article.php?id=113 HTTP/1.1" 200 43952 "-" "Mozilla/5.0 (compatible; MJ12bot/v1.4.5; http://www.majestic12.co.uk/bot.php?+)" "www.saveaslave.com"
217.69.136.204 - - [06/Sep/2016:01:00:45 -0700] "GET /robots.txt HTTP/1.1" 200 48 "-" "Mozilla/5.0 (compatible; Linux x86_64; Mail.RU_Bot/2.0; +http://go.mail.ru/help/robots)" "saveaslave.com"
180.76.15.33 - - [06/Sep/2016:01:01:03 -0700] "GET /images/countrymap/?M=A HTTP/1.1" 200 108895 "-" "Mozilla/5.0 (compatible; Baiduspider/2.0; +http://www.baidu.com/search/spider.html)" "www.saveaslave.com"
216.244.66.230 - - [06/Sep/2016:01:01:21 -0700] "GET /robots.txt HTTP/1.1" 200 48 "-" "Mozilla/5.0 (compatible; DotBot/1.1; http://www.opensiteexplorer.org/dotbot, help@moz.com)" "saveaslave.com"
216.244.66.230 - - [06/Sep/2016:01:01:21 -0700] "GET /robots.txt HTTP/1.1" 200 48 "-" "Mozilla/5.0 (compatible; DotBot/1.1; http://www.opensiteexplorer.org/dotbot, help@moz.com)" "www.saveaslave.com"
216.244.66.230 - - [06/Sep/2016:01:02:33 -0700] "GET /robots.txt HTTP/1.1" 200 48 "-" "Mozilla/5.0 (compatible; DotBot/1.1; http://www.opensiteexplorer.org/dotbot, help@moz.com)" "saveaslave.com"
163.172.65.128 - - [06/Sep/2016:01:14:38 -0700] "GET /croatia.html HTTP/1.1" 404 89 "-" "Mozilla/5.0 (compatible; AhrefsBot/5.1; +http://ahrefs.com/robot/)" "saveaslave.com"[0]
180.76.15.159 - - [06/Sep/2016:01:28:37 -0700] "GET /country.php?name=Belize&lang=en HTTP/1.1" 200 52864 "-" "Mozilla/5.0 (compatible; Baiduspider/2.0; +http://www.baidu.com/search/spider.html)" "www.saveaslave.com"
91.121.86.136 - - [06/Sep/2016:01:47:11 -0700] "GET /robots.txt HTTP/1.1" 200 48 "-" "Mozilla/5.0 (compatible; MJ12bot/v1.4.5; http://www.majestic12.co.uk/bot.php?+)" "www.saveaslave.com"
91.121.86.136 - - [06/Sep/2016:01:47:16 -0700] "GET /managelink.php HTTP/1.1" 200 1294 "-" "Mozilla/5.0 (compatible; MJ12bot/v1.4.5; http://www.majestic12.co.uk/bot.php?+)" "www.saveaslave.com"
91.121.86.136 - - [06/Sep/2016:01:47:18 -0700] "GET /www.alexandriahouse.org HTTP/1.1" 404 89 "-" "Mozilla/5.0 (compatible; MJ12bot/v1.4.5; http://www.majestic12.co.uk/bot.php?+)" "www.saveaslave.com"
217.69.136.205 - - [06/Sep/2016:01:48:19 -0700] "GET /robots.txt HTTP/1.1" 200 48 "-" "Mozilla/5.0 (compatible; Linux x86_64; Mail.RU_Bot/2.0; +http://go.mail.ru/help/robots)" "www.saveaslave.com"
106.120.173.111 - - [06/Sep/2016:01:55:02 -0700] "GET /site/?feed=rss2&cat=215 HTTP/1.1" 404 89 "-" "Sogou web spider/4.0(+http://www.sogou.com/docs/help/webmasters.htm#07)" "saveaslave.com"[0]
65.36.241.48 - - [06/Sep/2016:02:01:35 -0700] "HEAD / HTTP/1.1" 200 0 "-" "InternetSeer.com" "www.saveaslave.com"
106.120.173.111 - - [06/Sep/2016:02:06:28 -0700] "GET /robots.txt HTTP/1.1" 200 48 "-" "Sogou web spider/4.0(+http://www.sogou.com/docs/help/webmasters.htm#07)" "saveaslave.com"[0]
157.55.39.139 - - [06/Sep/2016:02:15:55 -0700] "GET /lebanon.html HTTP/1.1" 404 89 "-" "msnbot-media/1.1 (+http://search.msn.com/msnbot.htm)" "www.saveaslave.com"
157.55.39.139 - - [06/Sep/2016:02:15:55 -0700] "GET /burundi.html HTTP/1.1" 404 89 "-" "Mozilla/5.0 (compatible; bingbot/2.0; +http://www.bing.com/bingbot.htm)" "www.saveaslave.com"
157.55.39.139 - - [06/Sep/2016:02:15:55 -0700] "GET /cape-verde.html HTTP/1.1" 404 89 "-" "msnbot-media/1.1 (+http://search.msn.com/msnbot.htm)" "www.saveaslave.com"
157.55.39.139 - - [06/Sep/2016:02:15:55 -0700] "GET /immigration.html HTTP/1.1" 404 89 "-" "msnbot-media/1.1 (+http://search.msn.com/msnbot.htm)" "www.saveaslave.com"
157.55.39.139 - - [06/Sep/2016:02:15:56 -0700] "GET /argentina.html HTTP/1.1" 404 89 "-" "msnbot-media/1.1 (+http://search.msn.com/msnbot.htm)" "www.saveaslave.com"
217.69.136.208 - - [06/Sep/2016:02:18:28 -0700] "GET /site/?cat=26 HTTP/1.1" 404 89 "-" "Mozilla/5.0 (compatible; Linux x86_64; Mail.RU_Bot/2.0; +http://go.mail.ru/help/robots)" "saveaslave.com"
69.30.221.242 - - [06/Sep/2016:02:57:40 -0700] "GET /robots.txt HTTP/1.1" 200 48 "-" "Mozilla/5.0 (compatible; MJ12bot/v1.4.5; http://www.majestic12.co.uk/bot.php?+)" "www.saveaslave.com"
69.30.221.242 - - [06/Sep/2016:02:57:45 -0700] "GET /?tpl=references&Itemid=3 HTTP/1.1" 200 90093 "-" "Mozilla/5.0 (compatible; MJ12bot/v1.4.5; http://www.majestic12.co.uk/bot.php?+)" "www.saveaslave.com"
216.244.66.240 - - [06/Sep/2016:03:03:59 -0700] "GET /robots.txt HTTP/1.1" 200 48 "-" "Mozilla/5.0 (compatible; DotBot/1.1; http://www.opensiteexplorer.org/dotbot, help@moz.com)" "www.saveaslave.com"
216.244.66.240 - - [06/Sep/2016:03:04:00 -0700] "GET /robots.txt HTTP/1.1" 200 48 "-" "Mozilla/5.0 (compatible; DotBot/1.1; http://www.opensiteexplorer.org/dotbot, help@moz.com)" "saveaslave.com"
216.244.66.240 - - [06/Sep/2016:03:08:50 -0700] "GET /robots.txt HTTP/1.1" 200 48 "-" "Mozilla/5.0 (compatible; DotBot/1.1; http://www.opensiteexplorer.org/dotbot, help@moz.com)" "saveaslave.com"
163.172.66.35 - - [06/Sep/2016:03:23:08 -0700] "GET /barbados.html HTTP/1.1" 404 89 "-" "Mozilla/5.0 (compatible; AhrefsBot/5.1; +http://ahrefs.com/robot/)" "saveaslave.com"
54.82.218.217 - - [06/Sep/2016:03:36:02 -0700] "GET /index.php HTTP/1.1" 200 90093 "-" "Mozilla/5.0 (compatible; linkdexbot/2.0; +http://www.linkdex.com/bots/)" "saveaslave.com"
65.36.241.48 - - [06/Sep/2016:03:40:44 -0700] "HEAD / HTTP/1.1" 200 0 "-" "InternetSeer.com" "www.saveaslave.com"
70.208.66.240 - - [06/Sep/2016:03:55:40 -0700] "GET / HTTP/1.1" 200 90057 "https://t.co/E8R4kksux4" "Mozilla/5.0 (iPhone; CPU iPhone OS 9_3_4 like Mac OS X) AppleWebKit/601.1.46 (KHTML, like Gecko) Mobile/13G35 Twitter for iPhone" "saveaslave.com"[2]
70.208.66.240 - - [06/Sep/2016:03:55:40 -0700] "GET /gajaxscroller.js HTTP/1.1" 304 - "http://saveaslave.com/" "Mozilla/5.0 (iPhone; CPU iPhone OS 9_3_4 like Mac OS X) AppleWebKit/601.1.46 (KHTML, like Gecko) Mobile/13G35 Twitter for iPhone" "saveaslave.com"
70.208.66.240 - - [06/Sep/2016:03:55:40 -0700] "GET /css/elements.css HTTP/1.1" 304 - "http://saveaslave.com/" "Mozilla/5.0 (iPhone; CPU iPhone OS 9_3_4 like Mac OS X) AppleWebKit/601.1.46 (KHTML, like Gecko) Mobile/13G35 Twitter for iPhone" "saveaslave.com"
70.208.66.240 - - [06/Sep/2016:03:55:40 -0700] "GET /images/article/suspects.jpg HTTP/1.1" 200 58796 "http://saveaslave.com/" "Mozilla/5.0 (iPhone; CPU iPhone OS 9_3_4 like Mac OS X) AppleWebKit/601.1.46 (KHTML, like Gecko) Mobile/13G35 Twitter for iPhone" "saveaslave.com"
70.208.66.240 - - [06/Sep/2016:03:55:40 -0700] "GET /images/article/end_it.jpg HTTP/1.1" 200 33676 "http://saveaslave.com/" "Mozilla/5.0 (iPhone; CPU iPhone OS 9_3_4 like Mac OS X) AppleWebKit/601.1.46 (KHTML, like Gecko) Mobile/13G35 Twitter for iPhone" "saveaslave.com"
70.208.66.240 - - [06/Sep/2016:03:55:40 -0700] "GET /gfeedfetcher.js HTTP/1.1" 200 9018 "http://saveaslave.com/" "Mozilla/5.0 (iPhone; CPU iPhone OS 9_3_4 like Mac OS X) AppleWebKit/601.1.46 (KHTML, like Gecko) Mobile/13G35 Twitter for iPhone" "saveaslave.com"
70.208.66.240 - - [06/Sep/2016:03:55:40 -0700] "GET /images/article/s1_dety_beg_d9954.jpg HTTP/1.1" 200 16968 "http://saveaslave.com/" "Mozilla/5.0 (iPhone; CPU iPhone OS 9_3_4 like Mac OS X) AppleWebKit/601.1.46 (KHTML, like Gecko) Mobile/13G35 Twitter for iPhone" "saveaslave.com"
70.208.66.240 - - [06/Sep/2016:03:55:40 -0700] "GET /images/social3.png HTTP/1.1" 200 4343 "http://saveaslave.com/" "Mozilla/5.0 (iPhone; CPU iPhone OS 9_3_4 like Mac OS X) AppleWebKit/601.1.46 (KHTML, like Gecko) Mobile/13G35 Twitter for iPhone" "saveaslave.com"
70.208.66.240 - - [06/Sep/2016:03:55:40 -0700] "GET /css/bootstrap.min.css HTTP/1.1" 200 123578 "http://saveaslave.com/" "Mozilla/5.0 (iPhone; CPU iPhone OS 9_3_4 like Mac OS X) AppleWebKit/601.1.46 (KHTML, like Gecko) Mobile/13G35 Twitter for iPhone" "saveaslave.com"
70.208.66.240 - - [06/Sep/2016:03:55:41 -0700] "GET /js/bootstrap.min.js HTTP/1.1" 200 37055 "http://saveaslave.com/" "Mozilla/5.0 (iPhone; CPU iPhone OS 9_3_4 like Mac OS X) AppleWebKit/601.1.46 (KHTML, like Gecko) Mobile/13G35 Twitter for iPhone" "saveaslave.com"
70.208.66.240 - - [06/Sep/2016:03:55:41 -0700] "GET /addarticle.php HTTP/1.1" 200 13761 "http://saveaslave.com/" "Mozilla/5.0 (iPhone; CPU iPhone OS 9_3_4 like Mac OS X) AppleWebKit/601.1.46 (KHTML, like Gecko) Mobile/13G35 Twitter for iPhone" "saveaslave.com"[0]
70.208.66.240 - - [06/Sep/2016:03:55:41 -0700] "GET /indicator.gif HTTP/1.1" 200 878 "http://saveaslave.com/" "Mozilla/5.0 (iPhone; CPU iPhone OS 9_3_4 like Mac OS X) AppleWebKit/601.1.46 (KHTML, like Gecko) Mobile/13G35 Twitter for iPhone" "saveaslave.com"
70.208.66.240 - - [06/Sep/2016:03:55:41 -0700] "GET /images/select-arrow.png HTTP/1.1" 200 1118 "http://saveaslave.com/" "Mozilla/5.0 (iPhone; CPU iPhone OS 9_3_4 like Mac OS X) AppleWebKit/601.1.46 (KHTML, like Gecko) Mobile/13G35 Twitter for iPhone" "saveaslave.com"
70.208.66.240 - - [06/Sep/2016:03:55:41 -0700] "GET /css/down-arrow.png HTTP/1.1" 404 89 "http://saveaslave.com/" "Mozilla/5.0 (iPhone; CPU iPhone OS 9_3_4 like Mac OS X) AppleWebKit/601.1.46 (KHTML, like Gecko) Mobile/13G35 Twitter for iPhone" "saveaslave.com"
217.69.136.207 - - [06/Sep/2016:03:59:40 -0700] "GET /robots.txt HTTP/1.1" 200 48 "-" "Mozilla/5.0 (compatible; Linux x86_64; Mail.RU_Bot/2.0; +http://go.mail.ru/help/robots)" "www.saveaslave.com"
216.244.66.240 - - [06/Sep/2016:04:13:43 -0700] "GET /article.php?id=61 HTTP/1.1" 200 56388 "-" "Mozilla/5.0 (compatible; DotBot/1.1; http://www.opensiteexplorer.org/dotbot, help@moz.com)" "saveaslave.com"
216.244.66.240 - - [06/Sep/2016:04:34:08 -0700] "GET /article.php?id=25 HTTP/1.1" 200 776 "-" "Mozilla/5.0 (compatible; DotBot/1.1; http://www.opensiteexplorer.org/dotbot, help@moz.com)" "www.saveaslave.com"
216.244.66.240 - - [06/Sep/2016:04:37:29 -0700] "GET /article.php?id=25 HTTP/1.1" 200 776 "-" "Mozilla/5.0 (compatible; DotBot/1.1; http://www.opensiteexplorer.org/dotbot, help@moz.com)" "www.saveaslave.com"
216.244.66.230 - - [06/Sep/2016:04:48:51 -0700] "GET /robots.txt HTTP/1.1" 200 48 "-" "Mozilla/5.0 (compatible; DotBot/1.1; http://www.opensiteexplorer.org/dotbot, help@moz.com)" "www.saveaslave.com"
216.244.66.230 - - [06/Sep/2016:04:50:02 -0700] "GET /robots.txt HTTP/1.1" 200 48 "-" "Mozilla/5.0 (compatible; DotBot/1.1; http://www.opensiteexplorer.org/dotbot, help@moz.com)" "www.saveaslave.com"
163.172.65.20 - - [06/Sep/2016:05:09:54 -0700] "GET /www.1736fcc.org HTTP/1.1" 404 89 "-" "Mozilla/5.0 (compatible; AhrefsBot/5.1; +http://ahrefs.com/robot/)" "saveaslave.com"
157.55.39.175 - - [06/Sep/2016:05:33:24 -0700] "GET /index.php HTTP/1.1" 200 90093 "-" "Mozilla/5.0 (compatible; bingbot/2.0; +http://www.bing.com/bingbot.htm)" "saveaslave.com"
157.55.39.175 - - [06/Sep/2016:05:33:24 -0700] "GET /coalition-members-cast.php HTTP/1.1" 200 47192 "-" "Mozilla/5.0 (compatible; bingbot/2.0; +http://www.bing.com/bingbot.htm)" "saveaslave.com"
62.138.2.243 - - [06/Sep/2016:05:35:02 -0700] "GET /robots.txt HTTP/1.1" 200 48 "-" "Mozilla/5.0 (compatible; MJ12bot/v1.4.5; http://www.majestic12.co.uk/bot.php?+)" "saveaslave.com"
207.46.13.112 - - [06/Sep/2016:05:52:01 -0700] "GET /help.php HTTP/1.1" 200 52882 "-" "Mozilla/5.0 (compatible; bingbot/2.0; +http://www.bing.com/bingbot.htm)" "saveaslave.com"
216.244.66.230 - - [06/Sep/2016:06:14:08 -0700] "GET /www.safehorizon.org HTTP/1.1" 404 89 "-" "Mozilla/5.0 (compatible; DotBot/1.1; http://www.opensiteexplorer.org/dotbot, help@moz.com)" "saveaslave.com"
217.69.136.205 - - [06/Sep/2016:06:15:40 -0700] "GET /robots.txt HTTP/1.1" 200 48 "-" "Mozilla/5.0 (compatible; Linux x86_64; Mail.RU_Bot/2.0; +http://go.mail.ru/help/robots)" "saveaslave.com"
216.244.66.230 - - [06/Sep/2016:06:16:37 -0700] "GET /our-news.php HTTP/1.1" 200 65082 "-" "Mozilla/5.0 (compatible; DotBot/1.1; http://www.opensiteexplorer.org/dotbot, help@moz.com)" "saveaslave.com"
216.244.66.240 - - [06/Sep/2016:06:49:14 -0700] "GET /robots.txt HTTP/1.1" 200 48 "-" "Mozilla/5.0 (compatible; DotBot/1.1; http://www.opensiteexplorer.org/dotbot, help@moz.com)" "saveaslave.com"
216.244.66.240 - - [06/Sep/2016:06:49:14 -0700] "GET /robots.txt HTTP/1.1" 200 48 "-" "Mozilla/5.0 (compatible; DotBot/1.1; http://www.opensiteexplorer.org/dotbot, help@moz.com)" "www.saveaslave.com"
163.172.65.118 - - [06/Sep/2016:07:40:56 -0700] "GET /china.html HTTP/1.1" 404 89 "-" "Mozilla/5.0 (compatible; AhrefsBot/5.1; +http://ahrefs.com/robot/)" "saveaslave.com"
217.69.136.205 - - [06/Sep/2016:07:46:26 -0700] "GET /sint-maarten.html HTTP/1.1" 404 89 "-" "Mozilla/5.0 (compatible; Linux x86_64; Mail.RU_Bot/2.0; +http://go.mail.ru/help/robots)" "www.saveaslave.com"[0]
194.187.170.121 - - [06/Sep/2016:07:56:18 -0700] "GET /contact-us.php HTTP/1.1" 200 30488 "-" "Mozilla/5.0 (compatible; Qwantify/2.2w; +https://www.qwant.com/)/*" "www.saveaslave.com"
5.255.250.20 - - [06/Sep/2016:07:57:50 -0700] "GET /images/cover1.jpg HTTP/1.1" 200 253658 "-" "Mozilla/5.0 (compatible; YandexImages/3.0; +http://yandex.com/bots)" "saveaslave.com"
66.249.69.67 - - [06/Sep/2016:08:14:09 -0700] "GET / HTTP/1.1" 200 90093 "-" "SAMSUNG-SGH-E250/1.0 Profile/MIDP-2.0 Configuration/CLDC-1.1 UP.Browser/6.2.3.3.c.1.101 (GUI) MMP/2.0 (compatible; Googlebot-Mobile/2.1; +http://www.google.com/bot.html)" "saveaslave.com"
216.244.66.240 - - [06/Sep/2016:08:15:35 -0700] "GET /www.tahirih.org HTTP/1.1" 404 89 "-" "Mozilla/5.0 (compatible; DotBot/1.1; http://www.opensiteexplorer.org/dotbot, help@moz.com)" "saveaslave.com"
216.244.66.240 - - [06/Sep/2016:08:15:49 -0700] "GET /article.php?id=65 HTTP/1.1" 200 50285 "-" "Mozilla/5.0 (compatible; DotBot/1.1; http://www.opensiteexplorer.org/dotbot, help@moz.com)" "saveaslave.com"
70.194.98.196 - - [06/Sep/2016:08:38:17 -0700] "HEAD / HTTP/1.1" 200 0 "-" "Microsoft Office Word 2014" "www.saveaslave.com"
70.194.98.196 - - [06/Sep/2016:08:38:22 -0700] "GET /assets/js/ie-emulation-modes-warning.js HTTP/1.1" 200 2130 "http://www.saveaslave.com/" "Mozilla/5.0 (Windows NT 10.0; WOW64) AppleWebKit/537.36 (KHTML, like Gecko) Chrome/52.0.2743.116 Safari/537.36" "www.saveaslave.com"
70.194.98.196 - - [06/Sep/2016:08:38:23 -0700] "GET /js/bootstrap.min.js HTTP/1.1" 200 37055 "http://www.saveaslave.com/" "Mozilla/5.0 (Windows NT 10.0; WOW64) AppleWebKit/537.36 (KHTML, like Gecko) Chrome/52.0.2743.116 Safari/537.36" "www.saveaslave.com"
70.194.98.196 - - [06/Sep/2016:08:38:23 -0700] "GET /images/cover1.jpg HTTP/1.1" 200 253658 "http://www.saveaslave.com/" "Mozilla/5.0 (Windows NT 10.0; WOW64) AppleWebKit/537.36 (KHTML, like Gecko) Chrome/52.0.2743.116 Safari/537.36" "www.saveaslave.com"
70.194.98.196 - - [06/Sep/2016:08:38:23 -0700] "GET /images/social2.png HTTP/1.1" 200 1752 "http://www.saveaslave.com/" "Mozilla/5.0 (Windows NT 10.0; WOW64) AppleWebKit/537.36 (KHTML, like Gecko) Chrome/52.0.2743.116 Safari/537.36" "www.saveaslave.com"
70.194.98.196 - - [06/Sep/2016:08:38:23 -0700] "GET /indicator.gif HTTP/1.1" 200 878 "http://www.saveaslave.com/" "Mozilla/5.0 (Windows NT 10.0; WOW64) AppleWebKit/537.36 (KHTML, like Gecko) Chrome/52.0.2743.116 Safari/537.36" "www.saveaslave.com"
216.244.66.230 - - [06/Sep/2016:08:50:33 -0700] "GET /robots.txt HTTP/1.1" 200 48 "-" "Mozilla/5.0 (compatible; DotBot/1.1; http://www.opensiteexplorer.org/dotbot, help@moz.com)" "www.saveaslave.com"
65.36.241.48 - - [06/Sep/2016:08:58:04 -0700] "HEAD / HTTP/1.1" 200 0 "-" "InternetSeer.com" "www.saveaslave.com"
163.172.66.16 - - [06/Sep/2016:09:49:57 -0700] "GET /syria.html HTTP/1.1" 404 89 "-" "Mozilla/5.0 (compatible; AhrefsBot/5.1; +http://ahrefs.com/robot/)" "www.saveaslave.com"
217.69.133.237 - - [06/Sep/2016:09:53:23 -0700] "GET /robots.txt HTTP/1.1" 200 48 "-" "Mozilla/5.0 (compatible; Linux x86_64; Mail.RU_Bot/2.0; +http://go.mail.ru/help/robots)" "www.saveaslave.com"
69.30.198.202 - - [06/Sep/2016:10:22:21 -0700] "GET /www.apctc.org HTTP/1.1" 404 89 "-" "Mozilla/5.0 (compatible; MJ12bot/v1.4.5; http://www.majestic12.co.uk/bot.php?+)" "www.saveaslave.com"
69.30.198.202 - - [06/Sep/2016:10:22:25 -0700] "GET /www.ayuda.com HTTP/1.1" 404 89 "-" "Mozilla/5.0 (compatible; MJ12bot/v1.4.5; http://www.majestic12.co.uk/bot.php?+)" "www.saveaslave.com"
69.30.198.202 - - [06/Sep/2016:10:22:27 -0700] "GET /www.boe.ca.gov HTTP/1.1" 404 89 "-" "Mozilla/5.0 (compatible; MJ12bot/v1.4.5; http://www.majestic12.co.uk/bot.php?+)" "www.saveaslave.com"
69.30.198.202 - - [06/Sep/2016:10:22:30 -0700] "GET /www.bpsos.org HTTP/1.1" 404 89 "-" "Mozilla/5.0 (compatible; MJ12bot/v1.4.5; http://www.majestic12.co.uk/bot.php?+)" "www.saveaslave.com"
69.30.198.202 - - [06/Sep/2016:10:22:33 -0700] "GET /www.breakthechaincampaign.org HTTP/1.1" 404 89 "-" "Mozilla/5.0 (compatible; MJ12bot/v1.4.5; http://www.majestic12.co.uk/bot.php?+)" "www.saveaslave.com"
69.30.198.202 - - [06/Sep/2016:10:22:37 -0700] "GET /www.calstatela.org HTTP/1.1" 404 89 "-" "Mozilla/5.0 (compatible; MJ12bot/v1.4.5; http://www.majestic12.co.uk/bot.php?+)" "www.saveaslave.com"
69.30.198.202 - - [06/Sep/2016:10:22:39 -0700] "GET /www.carecen-la.org HTTP/1.1" 404 89 "-" "Mozilla/5.0 (compatible; MJ12bot/v1.4.5; http://www.majestic12.co.uk/bot.php?+)" "www.saveaslave.com"
69.30.198.202 - - [06/Sep/2016:10:22:47 -0700] "GET /www.ccharities.org HTTP/1.1" 404 89 "-" "Mozilla/5.0 (compatible; MJ12bot/v1.4.5; http://www.majestic12.co.uk/bot.php?+)" "www.saveaslave.com"
69.30.198.202 - - [06/Sep/2016:10:22:53 -0700] "GET /www.ciw-online.org HTTP/1.1" 404 89 "-" "Mozilla/5.0 (compatible; MJ12bot/v1.4.5; http://www.majestic12.co.uk/bot.php?+)" "www.saveaslave.com"
69.30.198.202 - - [06/Sep/2016:10:22:59 -0700] "GET /www.council.lacity.org HTTP/1.1" 404 89 "-" "Mozilla/5.0 (compatible; MJ12bot/v1.4.5; http://www.majestic12.co.uk/bot.php?+)" "www.saveaslave.com"[0]
69.30.198.202 - - [06/Sep/2016:10:23:01 -0700] "GET /www.covdov.org HTTP/1.1" 404 89 "-" "Mozilla/5.0 (compatible; MJ12bot/v1.4.5; http://www.majestic12.co.uk/bot.php?+)" "www.saveaslave.com"
69.30.198.202 - - [06/Sep/2016:10:23:05 -0700] "GET /www.covenanthouse.org HTTP/1.1" 404 89 "-" "Mozilla/5.0 (compatible; MJ12bot/v1.4.5; http://www.majestic12.co.uk/bot.php?+)" "www.saveaslave.com"
69.30.198.202 - - [06/Sep/2016:10:23:08 -0700] "GET /www.cpaf.org HTTP/1.1" 404 89 "-" "Mozilla/5.0 (compatible; MJ12bot/v1.4.5; http://www.majestic12.co.uk/bot.php?+)" "www.saveaslave.com"
69.30.198.202 - - [06/Sep/2016:10:23:16 -0700] "GET /www.cspinc.org HTTP/1.1" 404 89 "-" "Mozilla/5.0 (compatible; MJ12bot/v1.4.5; http://www.majestic12.co.uk/bot.php?+)" "www.saveaslave.com"[0]
69.30.198.202 - - [06/Sep/2016:10:23:21 -0700] "GET /www.dhs.gov HTTP/1.1" 404 89 "-" "Mozilla/5.0 (compatible; MJ12bot/v1.4.5; http://www.majestic12.co.uk/bot.php?+)" "www.saveaslave.com"
69.30.198.202 - - [06/Sep/2016:10:23:26 -0700] "GET /www.door.org HTTP/1.1" 404 89 "-" "Mozilla/5.0 (compatible; MJ12bot/v1.4.5; http://www.majestic12.co.uk/bot.php?+)" "www.saveaslave.com"
69.30.198.202 - - [06/Sep/2016:10:23:36 -0700] "GET /www.eastwestplayers.org HTTP/1.1" 404 89 "-" "Mozilla/5.0 (compatible; MJ12bot/v1.4.5; http://www.majestic12.co.uk/bot.php?+)" "www.saveaslave.com"
69.30.198.202 - - [06/Sep/2016:10:23:53 -0700] "GET /www.immigrantjustice.org HTTP/1.1" 404 89 "-" "Mozilla/5.0 (compatible; MJ12bot/v1.4.5; http://www.majestic12.co.uk/bot.php?+)" "www.saveaslave.com"
69.30.198.202 - - [06/Sep/2016:10:24:05 -0700] "GET /www.kiwa.org HTTP/1.1" 404 89 "-" "Mozilla/5.0 (compatible; MJ12bot/v1.4.5; http://www.majestic12.co.uk/bot.php?+)" "www.saveaslave.com"
69.30.198.202 - - [06/Sep/2016:10:24:12 -0700] "GET /www.lafla.org HTTP/1.1" 404 89 "-" "Mozilla/5.0 (compatible; MJ12bot/v1.4.5; http://www.majestic12.co.uk/bot.php?+)" "www.saveaslave.com"
69.30.198.202 - - [06/Sep/2016:10:24:22 -0700] "GET /www.ltsc.org HTTP/1.1" 404 89 "-" "Mozilla/5.0 (compatible; MJ12bot/v1.4.5; http://www.majestic12.co.uk/bot.php?+)" "www.saveaslave.com"
69.30.198.202 - - [06/Sep/2016:10:24:26 -0700] "GET /www.mmp.org HTTP/1.1" 404 89 "-" "Mozilla/5.0 (compatible; MJ12bot/v1.4.5; http://www.majestic12.co.uk/bot.php?+)" "www.saveaslave.com"
69.30.198.202 - - [06/Sep/2016:10:24:31 -0700] "GET /www.museumoftolerance.com HTTP/1.1" 404 89 "-" "Mozilla/5.0 (compatible; MJ12bot/v1.4.5; http://www.majestic12.co.uk/bot.php?+)" "www.saveaslave.com"
69.30.198.202 - - [06/Sep/2016:10:24:40 -0700] "GET /robots.txt HTTP/1.1" 200 48 "-" "Mozilla/5.0 (compatible; MJ12bot/v1.4.5; http://www.majestic12.co.uk/bot.php?+)" "www.saveaslave.com"
69.30.198.202 - - [06/Sep/2016:10:24:42 -0700] "GET /www.opcc.net HTTP/1.1" 404 89 "-" "Mozilla/5.0 (compatible; MJ12bot/v1.4.5; http://www.majestic12.co.uk/bot.php?+)" "www.saveaslave.com"
69.30.198.202 - - [06/Sep/2016:10:25:05 -0700] "GET /www.rshm.org HTTP/1.1" 404 89 "-" "Mozilla/5.0 (compatible; MJ12bot/v1.4.5; http://www.majestic12.co.uk/bot.php?+)" "www.saveaslave.com"
69.30.198.202 - - [06/Sep/2016:10:25:09 -0700] "GET /www.sexworkersproject.org HTTP/1.1" 404 89 "-" "Mozilla/5.0 (compatible; MJ12bot/v1.4.5; http://www.majestic12.co.uk/bot.php?+)" "www.saveaslave.com"
69.30.198.202 - - [06/Sep/2016:10:25:11 -0700] "GET /www.sndca.org HTTP/1.1" 404 89 "-" "Mozilla/5.0 (compatible; MJ12bot/v1.4.5; http://www.majestic12.co.uk/bot.php?+)" "www.saveaslave.com"
69.30.198.202 - - [06/Sep/2016:10:25:16 -0700] "GET /www.tahirih.org HTTP/1.1" 404 89 "-" "Mozilla/5.0 (compatible; MJ12bot/v1.4.5; http://www.majestic12.co.uk/bot.php?+)" "www.saveaslave.com"
69.30.198.202 - - [06/Sep/2016:10:25:18 -0700] "GET /www.tapestri.org HTTP/1.1" 404 89 "-" "Mozilla/5.0 (compatible; MJ12bot/v1.4.5; http://www.majestic12.co.uk/bot.php?+)" "www.saveaslave.com"
69.30.198.202 - - [06/Sep/2016:10:25:21 -0700] "GET /www.thaicdc.org HTTP/1.1" 404 89 "-" "Mozilla/5.0 (compatible; MJ12bot/v1.4.5; http://www.majestic12.co.uk/bot.php?+)" "www.saveaslave.com"
69.30.198.202 - - [06/Sep/2016:10:25:22 -0700] "GET /www.theirc.org HTTP/1.1" 404 89 "-" "Mozilla/5.0 (compatible; MJ12bot/v1.4.5; http://www.majestic12.co.uk/bot.php?+)" "www.saveaslave.com"[0]
69.30.198.202 - - [06/Sep/2016:10:25:29 -0700] "GET /www.ucclb.org HTTP/1.1" 404 89 "-" "Mozilla/5.0 (compatible; MJ12bot/v1.4.5; http://www.majestic12.co.uk/bot.php?+)" "www.saveaslave.com"
69.30.198.202 - - [06/Sep/2016:10:25:33 -0700] "GET /www.usdoj.gov HTTP/1.1" 404 89 "-" "Mozilla/5.0 (compatible; MJ12bot/v1.4.5; http://www.majestic12.co.uk/bot.php?+)" "www.saveaslave.com"
69.30.198.202 - - [06/Sep/2016:10:25:36 -0700] "GET /www.usw.sarmy.org HTTP/1.1" 404 89 "-" "Mozilla/5.0 (compatible; MJ12bot/v1.4.5; http://www.majestic12.co.uk/bot.php?+)" "www.saveaslave.com"
70.63.147.83 - - [06/Sep/2016:10:34:07 -0700] "GET / HTTP/1.1" 200 90093 "-" "Mozilla/5.0 (Windows NT 10.0; WOW64; rv:48.0) Gecko/20100101 Firefox/48.0" "www.saveaslave.com"
70.63.147.83 - - [06/Sep/2016:10:34:08 -0700] "GET /images/article/s1_dety_beg_d9954.jpg HTTP/1.1" 200 16968 "http://www.saveaslave.com/" "Mozilla/5.0 (Windows NT 10.0; WOW64; rv:48.0) Gecko/20100101 Firefox/48.0" "www.saveaslave.com"
70.63.147.83 - - [06/Sep/2016:10:34:08 -0700] "GET /images/article/suspects.jpg HTTP/1.1" 200 58796 "http://www.saveaslave.com/" "Mozilla/5.0 (Windows NT 10.0; WOW64; rv:48.0) Gecko/20100101 Firefox/48.0" "www.saveaslave.com"
70.63.147.83 - - [06/Sep/2016:10:34:08 -0700] "GET /images/top.jpg HTTP/1.1" 200 50519 "http://www.saveaslave.com/" "Mozilla/5.0 (Windows NT 10.0; WOW64; rv:48.0) Gecko/20100101 Firefox/48.0" "www.saveaslave.com"
70.63.147.83 - - [06/Sep/2016:10:34:08 -0700] "GET /images/cover1.jpg HTTP/1.1" 200 253658 "http://www.saveaslave.com/" "Mozilla/5.0 (Windows NT 10.0; WOW64; rv:48.0) Gecko/20100101 Firefox/48.0" "www.saveaslave.com"
70.63.147.83 - - [06/Sep/2016:10:34:08 -0700] "GET /images/social1.png HTTP/1.1" 200 2012 "http://www.saveaslave.com/" "Mozilla/5.0 (Windows NT 10.0; WOW64; rv:48.0) Gecko/20100101 Firefox/48.0" "www.saveaslave.com"
70.63.147.83 - - [06/Sep/2016:10:34:09 -0700] "GET /indicator.gif HTTP/1.1" 200 878 "http://www.saveaslave.com/" "Mozilla/5.0 (Windows NT 10.0; WOW64; rv:48.0) Gecko/20100101 Firefox/48.0" "www.saveaslave.com"[0]
65.36.241.48 - - [06/Sep/2016:10:55:19 -0700] "HEAD / HTTP/1.1" 200 0 "-" "InternetSeer.com" "www.saveaslave.com"
95.79.169.26 - - [06/Sep/2016:10:57:34 -0700] "GET /addlink.php HTTP/1.1" 200 12896 "http://www.saveaslave.com/addlink.php" "Mozilla/5.0 (Windows NT 6.1; WOW64; rv:44.0) Gecko/20100101 Firefox/44.0" "www.saveaslave.com"[1]
216.244.66.240 - - [06/Sep/2016:11:02:59 -0700] "GET /robots.txt HTTP/1.1" 200 48 "-" "Mozilla/5.0 (compatible; DotBot/1.1; http://www.opensiteexplorer.org/dotbot, help@moz.com)" "saveaslave.com"
217.69.136.207 - - [06/Sep/2016:11:24:23 -0700] "GET /marshall-islands.html HTTP/1.1" 404 89 "-" "Mozilla/5.0 (compatible; Linux x86_64; Mail.RU_Bot/2.0; +http://go.mail.ru/help/robots)" "www.saveaslave.com"
206.205.30.99 - - [06/Sep/2016:11:31:04 -0700] "GET /css/elements.css HTTP/1.1" 200 17857 "http://saveaslave.com/" "Mozilla/5.0 (iPhone; CPU iPhone OS 9_3_5 like Mac OS X) AppleWebKit/601.1.46 (KHTML, like Gecko) Mobile/13G36 Twitter for iPhone" "saveaslave.com"
206.205.30.99 - - [06/Sep/2016:11:31:04 -0700] "GET /css/style.css HTTP/1.1" 200 7938 "http://saveaslave.com/" "Mozilla/5.0 (iPhone; CPU iPhone OS 9_3_5 like Mac OS X) AppleWebKit/601.1.46 (KHTML, like Gecko) Mobile/13G36 Twitter for iPhone" "saveaslave.com"
206.205.30.99 - - [06/Sep/2016:11:31:04 -0700] "GET /assets/js/ie-emulation-modes-warning.js HTTP/1.1" 200 2130 "http://saveaslave.com/" "Mozilla/5.0 (iPhone; CPU iPhone OS 9_3_5 like Mac OS X) AppleWebKit/601.1.46 (KHTML, like Gecko) Mobile/13G36 Twitter for iPhone" "saveaslave.com"
206.205.30.99 - - [06/Sep/2016:11:31:04 -0700] "GET /images/article/end_it.jpg HTTP/1.1" 200 33676 "http://saveaslave.com/" "Mozilla/5.0 (iPhone; CPU iPhone OS 9_3_5 like Mac OS X) AppleWebKit/601.1.46 (KHTML, like Gecko) Mobile/13G36 Twitter for iPhone" "saveaslave.com"
206.205.30.99 - - [06/Sep/2016:11:31:05 -0700] "GET /images/social2.png HTTP/1.1" 200 1752 "http://saveaslave.com/" "Mozilla/5.0 (iPhone; CPU iPhone OS 9_3_5 like Mac OS X) AppleWebKit/601.1.46 (KHTML, like Gecko) Mobile/13G36 Twitter for iPhone" "saveaslave.com"
206.205.30.99 - - [06/Sep/2016:11:31:05 -0700] "GET /images/social3.png HTTP/1.1" 200 4343 "http://saveaslave.com/" "Mozilla/5.0 (iPhone; CPU iPhone OS 9_3_5 like Mac OS X) AppleWebKit/601.1.46 (KHTML, like Gecko) Mobile/13G36 Twitter for iPhone" "saveaslave.com"[0]
85.93.91.84 - - [06/Sep/2016:11:58:51 -0700] "GET /article.php?id=7 HTTP/1.1" 200 49215 "-" "Mozilla/5.0 (compatible; DeuSu/5.0.2; +https://deusu.de/robot.html)" "www.saveaslave.com"
108.21.197.38 - - [06/Sep/2016:12:04:30 -0700] "GET /images/supporters/safe-horizon.png HTTP/1.1" 200 16608 "https://www.google.com/" "Mozilla/5.0 (Windows NT 6.1; WOW64) AppleWebKit/537.36 (KHTML, like Gecko) Chrome/52.0.2743.116 Safari/537.36" "www.saveaslave.com"
217.69.133.235 - - [06/Sep/2016:12:05:39 -0700] "GET /robots.txt HTTP/1.1" 200 48 "-" "Mozilla/5.0 (compatible; Linux x86_64; Mail.RU_Bot/2.0; +http://go.mail.ru/help/robots)" "www.saveaslave.com"
216.244.66.240 - - [06/Sep/2016:12:17:14 -0700] "GET /help-advanced.php HTTP/1.1" 200 53779 "-" "Mozilla/5.0 (compatible; DotBot/1.1; http://www.opensiteexplorer.org/dotbot, help@moz.com)" "saveaslave.com"
217.69.136.204 - - [06/Sep/2016:13:09:04 -0700] "GET /robots.txt HTTP/1.1" 200 48 "-" "Mozilla/5.0 (compatible; Linux x86_64; Mail.RU_Bot/2.0; +http://go.mail.ru/help/robots)" "www.saveaslave.com"
217.69.136.209 - - [06/Sep/2016:13:09:06 -0700] "GET /guinea.html HTTP/1.1" 404 89 "-" "Mozilla/5.0 (compatible; Linux x86_64; Mail.RU_Bot/2.0; +http://go.mail.ru/help/robots)" "www.saveaslave.com"
123.125.71.52 - - [06/Sep/2016:13:29:00 -0700] "GET /article.php?id=22 HTTP/1.1" 200 46655 "-" "Mozilla/5.0 (compatible; Baiduspider/2.0; +http://www.baidu.com/search/spider.html)" "www.saveaslave.com"[0]
45.79.111.169 - - [06/Sep/2016:14:21:55 -0700] "GET /robots.txt HTTP/1.1" 200 48 "http://uptime.com/saveaslave.com" "Mozilla/5.0 (compatible; Uptimebot/1.0; +http://www.uptime.com/uptimebot)" "saveaslave.com"
65.36.241.48 - - [06/Sep/2016:14:25:05 -0700] "HEAD / HTTP/1.1" 200 0 "-" "InternetSeer.com" "www.saveaslave.com"
69.197.177.50 - - [06/Sep/2016:14:26:14 -0700] "GET /?Itemid=1 HTTP/1.1" 200 90093 "-" "Mozilla/5.0 (compatible; MJ12bot/v1.4.5; http://www.majestic12.co.uk/bot.php?+)" "www.saveaslave.com"[2]
69.197.177.50 - - [06/Sep/2016:14:26:21 -0700] "GET /?tpl=about&Itemid=2 HTTP/1.1" 200 90093 "-" "Mozilla/5.0 (compatible; MJ12bot/v1.4.5; http://www.majestic12.co.uk/bot.php?+)" "www.saveaslave.com"[0]
69.197.177.50 - - [06/Sep/2016:14:26:23 -0700] "GET /?tpl=holidays&Itemid=7 HTTP/1.1" 200 90093 "-" "Mozilla/5.0 (compatible; MJ12bot/v1.4.5; http://www.majestic12.co.uk/bot.php?+)" "www.saveaslave.com"
217.69.136.203 - - [06/Sep/2016:14:40:07 -0700] "GET /robots.txt HTTP/1.1" 200 48 "-" "Mozilla/5.0 (compatible; Linux x86_64; Mail.RU_Bot/2.0; +http://go.mail.ru/help/robots)" "saveaslave.com"
217.69.136.204 - - [06/Sep/2016:14:40:08 -0700] "GET /czech-republic.html HTTP/1.1" 404 89 "-" "Mozilla/5.0 (compatible; Linux x86_64; Mail.RU_Bot/2.0; +http://go.mail.ru/help/robots)" "saveaslave.com"
162.200.28.61 - - [06/Sep/2016:14:57:43 -0700] "GET /css/elements.css HTTP/1.1" 200 17857 "http://saveaslave.com/" "Mozilla/5.0 (Windows NT 10.0; Win64; x64) AppleWebKit/537.36 (KHTML, like Gecko) Chrome/51.0.2704.79 Safari/537.36 Edge/14.14393" "saveaslave.com"
162.200.28.61 - - [06/Sep/2016:14:57:43 -0700] "GET /assets/js/ie10-viewport-bug-workaround.js HTTP/1.1" 200 641 "http://saveaslave.com/" "Mozilla/5.0 (Windows NT 10.0; Win64; x64) AppleWebKit/537.36 (KHTML, like Gecko) Chrome/51.0.2704.79 Safari/537.36 Edge/14.14393" "saveaslave.com"
162.200.28.61 - - [06/Sep/2016:14:57:44 -0700] "GET /images/cover1.jpg HTTP/1.1" 200 253658 "http://saveaslave.com/" "Mozilla/5.0 (Windows NT 10.0; Win64; x64) AppleWebKit/537.36 (KHTML, like Gecko) Chrome/51.0.2704.79 Safari/537.36 Edge/14.14393" "saveaslave.com"
162.200.28.61 - - [06/Sep/2016:14:57:44 -0700] "GET /images/top.jpg HTTP/1.1" 200 50519 "http://saveaslave.com/" "Mozilla/5.0 (Windows NT 10.0; Win64; x64) AppleWebKit/537.36 (KHTML, like Gecko) Chrome/51.0.2704.79 Safari/537.36 Edge/14.14393" "saveaslave.com"
162.200.28.61 - - [06/Sep/2016:14:57:48 -0700] "GET /ico/android-icon-192x192.png HTTP/1.1" 200 10097 "-" "Mozilla/5.0 (Windows NT 10.0; Win64; x64) AppleWebKit/537.36 (KHTML, like Gecko) Chrome/51.0.2704.79 Safari/537.36 Edge/14.14393" "saveaslave.com"
157.55.39.139 - - [06/Sep/2016:15:42:05 -0700] "GET /robots.txt HTTP/1.1" 200 48 "-" "Mozilla/5.0 (compatible; bingbot/2.0; +http://www.bing.com/bingbot.htm)" "saveaslave.com"
217.69.136.203 - - [06/Sep/2016:15:59:28 -0700] "GET /robots.txt HTTP/1.1" 200 48 "-" "Mozilla/5.0 (compatible; Linux x86_64; Mail.RU_Bot/2.0; +http://go.mail.ru/help/robots)" "saveaslave.com"
65.36.241.48 - - [06/Sep/2016:16:13:01 -0700] "HEAD / HTTP/1.1" 200 0 "-" "InternetSeer.com" "www.saveaslave.com"
220.181.108.141 - - [06/Sep/2016:18:19:47 -0700] "GET /in-russian.php?lang=ru HTTP/1.1" 200 93400 "-" "Mozilla/5.0 (compatible; Baiduspider/2.0; +http://www.baidu.com/search/spider.html)" "www.saveaslave.com"
216.244.66.230 - - [06/Sep/2016:18:21:38 -0700] "GET /www.covenanthouse.org HTTP/1.1" 404 89 "-" "Mozilla/5.0 (compatible; DotBot/1.1; http://www.opensiteexplorer.org/dotbot, help@moz.com)" "saveaslave.com"
216.244.66.230 - - [06/Sep/2016:18:24:44 -0700] "GET /article.php?id=15 HTTP/1.1" 200 56231 "-" "Mozilla/5.0 (compatible; DotBot/1.1; http://www.opensiteexplorer.org/dotbot, help@moz.com)" "saveaslave.com"[0]
5.9.62.130 - - [06/Sep/2016:18:25:38 -0700] "GET /robots.txt HTTP/1.1" 200 48 "-" "Mozilla/5.0 (compatible; MJ12bot/v1.4.5; http://www.majestic12.co.uk/bot.php?+)" "saveaslave.com"
5.9.62.130 - - [06/Sep/2016:18:25:43 -0700] "GET /article.php?id=1 HTTP/1.1" 200 44930 "-" "Mozilla/5.0 (compatible; MJ12bot/v1.4.5; http://www.majestic12.co.uk/bot.php?+)" "saveaslave.com"
182.118.21.209 - - [06/Sep/2016:18:46:32 -0700] "GET / HTTP/1.1" 200 90093 "http://saveaslave.com/" "Mozilla/5.0 (compatible; MSIE 9.0; Windows NT 6.1; Trident/5.0); 360Spider(compatible; HaosouSpider; http://www.haosou.com/help/help_3_2.html)" "saveaslave.com"
217.69.136.208 - - [06/Sep/2016:19:03:14 -0700] "GET /robots.txt HTTP/1.1" 200 48 "-" "Mozilla/5.0 (compatible; Linux x86_64; Mail.RU_Bot/2.0; +http://go.mail.ru/help/robots)" "www.saveaslave.com"[0]
136.243.152.18 - - [06/Sep/2016:19:06:16 -0700] "GET /article.php?id=13 HTTP/1.1" 200 60562 "-" "Mozilla/5.0 (compatible; MJ12bot/v1.4.5; http://www.majestic12.co.uk/bot.php?+)" "saveaslave.com"
136.243.152.18 - - [06/Sep/2016:19:06:18 -0700] "GET /article.php?id=21 HTTP/1.1" 200 49392 "-" "Mozilla/5.0 (compatible; MJ12bot/v1.4.5; http://www.majestic12.co.uk/bot.php?+)" "saveaslave.com"
136.243.152.18 - - [06/Sep/2016:19:06:21 -0700] "GET /article.php?id=5 HTTP/1.1" 200 46613 "-" "Mozilla/5.0 (compatible; MJ12bot/v1.4.5; http://www.majestic12.co.uk/bot.php?+)" "saveaslave.com"[1]
62.210.148.247 - - [06/Sep/2016:19:11:21 -0700] "GET /?tpl=saveaslave&Itemid=2 HTTP/1.1" 200 90093 "-" "Mozilla/5.0 (compatible; MJ12bot/v1.4.5; http://www.majestic12.co.uk/bot.php?+)" "www.saveaslave.com"[0]
62.210.148.247 - - [06/Sep/2016:19:11:25 -0700] "GET /addlink.php HTTP/1.1" 200 12896 "-" "Mozilla/5.0 (compatible; MJ12bot/v1.4.5; http://www.majestic12.co.uk/bot.php?+)" "www.saveaslave.com"
216.244.66.240 - - [06/Sep/2016:19:17:08 -0700] "GET /robots.txt HTTP/1.1" 200 48 "-" "Mozilla/5.0 (compatible; DotBot/1.1; http://www.opensiteexplorer.org/dotbot, help@moz.com)" "www.saveaslave.com"
216.244.66.240 - - [06/Sep/2016:19:17:08 -0700] "GET /robots.txt HTTP/1.1" 200 48 "-" "Mozilla/5.0 (compatible; DotBot/1.1; http://www.opensiteexplorer.org/dotbot, help@moz.com)" "www.saveaslave.com"
65.36.241.48 - - [06/Sep/2016:19:40:03 -0700] "HEAD / HTTP/1.1" 200 0 "-" "InternetSeer.com" "www.saveaslave.com"
176.9.127.69 - - [06/Sep/2016:19:45:56 -0700] "GET /ico/favicon-32x32.png HTTP/1.1" 200 1892 "http://www.saveaslave.com/" "Mozilla/5.0 (Windows NT 6.3; WOW64; rv:41.0) Gecko/20100101 Firefox/41.0" "www.saveaslave.com"
176.9.127.69 - - [06/Sep/2016:19:45:56 -0700] "GET /ico/favicon-16x16.png HTTP/1.1" 200 1129 "http://www.saveaslave.com/" "Mozilla/5.0 (Windows NT 6.3; WOW64; rv:41.0) Gecko/20100101 Firefox/41.0" "www.saveaslave.com"[0]
176.9.127.69 - - [06/Sep/2016:19:45:56 -0700] "GET /ico/apple-icon-114x114.png HTTP/1.1" 200 5667 "http://www.saveaslave.com/" "Mozilla/5.0 (Windows NT 6.3; WOW64; rv:41.0) Gecko/20100101 Firefox/41.0" "www.saveaslave.com"
176.9.127.69 - - [06/Sep/2016:19:45:57 -0700] "GET /ico/apple-icon-57x57.png HTTP/1.1" 200 2495 "http://www.saveaslave.com/" "Mozilla/5.0 (Windows NT 6.3; WOW64; rv:41.0) Gecko/20100101 Firefox/41.0" "www.saveaslave.com"
176.9.127.69 - - [06/Sep/2016:19:45:57 -0700] "GET /gfeedfetcher.js HTTP/1.1" 200 9018 "http://www.saveaslave.com/" "Mozilla/5.0 (Windows NT 6.3; WOW64; rv:41.0) Gecko/20100101 Firefox/41.0" "www.saveaslave.com"
176.9.127.69 - - [06/Sep/2016:19:45:57 -0700] "GET /assets/js/ie-emulation-modes-warning.js HTTP/1.1" 200 2130 "http://www.saveaslave.com/" "Mozilla/5.0 (Windows NT 6.3; WOW64; rv:41.0) Gecko/20100101 Firefox/41.0" "www.saveaslave.com"
176.9.127.69 - - [06/Sep/2016:19:45:58 -0700] "GET /ico/apple-icon-144x144.png HTTP/1.1" 200 7775 "http://www.saveaslave.com/" "Mozilla/5.0 (Windows NT 6.3; WOW64; rv:41.0) Gecko/20100101 Firefox/41.0" "www.saveaslave.com"
176.9.127.69 - - [06/Sep/2016:19:46:01 -0700] "GET /images/top.jpg HTTP/1.1" 200 50519 "http://www.saveaslave.com/" "Mozilla/5.0 (Windows NT 6.3; WOW64; rv:41.0) Gecko/20100101 Firefox/41.0" "www.saveaslave.com"
176.9.127.69 - - [06/Sep/2016:19:46:01 -0700] "GET /assets/js/ie10-viewport-bug-workaround.js HTTP/1.1" 200 641 "http://www.saveaslave.com/" "Mozilla/5.0 (Windows NT 6.3; WOW64; rv:41.0) Gecko/20100101 Firefox/41.0" "www.saveaslave.com"
176.9.127.69 - - [06/Sep/2016:19:46:03 -0700] "GET /css/bootstrap.min.css HTTP/1.1" 200 123578 "http://www.saveaslave.com/" "Mozilla/5.0 (Windows NT 6.3; WOW64; rv:41.0) Gecko/20100101 Firefox/41.0" "www.saveaslave.com"
176.9.127.69 - - [06/Sep/2016:19:46:06 -0700] "GET /css/style.css HTTP/1.1" 200 7938 "http://www.saveaslave.com/" "Mozilla/5.0 (Windows NT 6.3; WOW64; rv:41.0) Gecko/20100101 Firefox/41.0" "www.saveaslave.com"
176.9.127.69 - - [06/Sep/2016:19:46:06 -0700] "GET /images/logo2.png HTTP/1.1" 200 18525 "http://www.saveaslave.com/" "Mozilla/5.0 (Windows NT 6.3; WOW64; rv:41.0) Gecko/20100101 Firefox/41.0" "www.saveaslave.com"
176.9.127.69 - - [06/Sep/2016:19:46:07 -0700] "GET /ico/apple-icon-120x120.png HTTP/1.1" 200 6158 "http://www.saveaslave.com/" "Mozilla/5.0 (Windows NT 6.3; WOW64; rv:41.0) Gecko/20100101 Firefox/41.0" "www.saveaslave.com"
176.9.127.69 - - [06/Sep/2016:19:46:07 -0700] "GET /images/social1.png HTTP/1.1" 200 2012 "http://www.saveaslave.com/" "Mozilla/5.0 (Windows NT 6.3; WOW64; rv:41.0) Gecko/20100101 Firefox/41.0" "www.saveaslave.com"
176.9.127.69 - - [06/Sep/2016:19:46:08 -0700] "GET /images/social2.png HTTP/1.1" 200 1752 "http://www.saveaslave.com/" "Mozilla/5.0 (Windows NT 6.3; WOW64; rv:41.0) Gecko/20100101 Firefox/41.0" "www.saveaslave.com"[0]
176.9.127.69 - - [06/Sep/2016:19:46:08 -0700] "GET /css/style-pages.css HTTP/1.1" 200 9894 "http://www.saveaslave.com/" "Mozilla/5.0 (Windows NT 6.3; WOW64; rv:41.0) Gecko/20100101 Firefox/41.0" "www.saveaslave.com"
176.9.127.69 - - [06/Sep/2016:19:46:08 -0700] "GET /images/social3.png HTTP/1.1" 200 4343 "http://www.saveaslave.com/" "Mozilla/5.0 (Windows NT 6.3; WOW64; rv:41.0) Gecko/20100101 Firefox/41.0" "www.saveaslave.com"
61.135.190.102 - - [06/Sep/2016:20:17:18 -0700] "GET /gfeedfetcher.js HTTP/1.1" 200 9018 "http://saveaslave.com/" "Mozilla/5.0 (iPhone; CPU iPhone OS 5_0 like Mac OS X) AppleWebKit/534.46 (KHTML, like Gecko) Version/5.1 Mobile/9A334 Safari/7534.48.3" "saveaslave.com"
180.76.15.162 - - [06/Sep/2016:20:25:22 -0700] "GET /british_indian.html HTTP/1.1" 404 89 "-" "Mozilla/5.0 (compatible; Baiduspider/2.0; +http://www.baidu.com/search/spider.html)" "www.saveaslave.com"
61.135.190.221 - - [06/Sep/2016:20:25:29 -0700] "GET / HTTP/1.1" 200 90057 "http://www.baidu.com/s?wd=SaveAslave-InformationandEducationAboutModernDaySlavery" "Mozilla/5.0 (Windows NT 6.1; WOW64) AppleWebKit/537.36 (KHTML, like Gecko) Chrome/36.0.1985.143 Safari/537.36" "saveaslave.com"
61.135.190.220 - - [06/Sep/2016:20:25:30 -0700] "GET /assets/js/ie-emulation-modes-warning.js HTTP/1.1" 200 2130 "http://saveaslave.com/" "Mozilla/5.0 (Windows NT 6.1; WOW64) AppleWebKit/537.36 (KHTML, like Gecko) Chrome/36.0.1985.143 Safari/537.36" "saveaslave.com"[0]
61.135.190.221 - - [06/Sep/2016:20:25:36 -0700] "GET /gfeedfetcher.js HTTP/1.1" 200 9018 "http://saveaslave.com/" "Mozilla/5.0 (Windows NT 6.1; WOW64) AppleWebKit/537.36 (KHTML, like Gecko) Chrome/36.0.1985.143 Safari/537.36" "saveaslave.com"
216.244.66.240 - - [06/Sep/2016:20:31:54 -0700] "GET /www.publiccounsel.org HTTP/1.1" 404 89 "-" "Mozilla/5.0 (compatible; DotBot/1.1; http://www.opensiteexplorer.org/dotbot, help@moz.com)" "www.saveaslave.com"
24.55.4.121 - - [06/Sep/2016:20:35:10 -0700] "GET / HTTP/1.1" 200 90093 "-" "Mozilla/5.0 (Windows NT 6.1; WOW64) AppleWebKit/537.36 (KHTML, like Gecko) Chrome/52.0.2743.116 Safari/537.36" "www.saveaslave.com"
24.55.4.121 - - [06/Sep/2016:20:35:11 -0700] "GET /assets/js/ie-emulation-modes-warning.js HTTP/1.1" 200 2130 "http://www.saveaslave.com/" "Mozilla/5.0 (Windows NT 6.1; WOW64) AppleWebKit/537.36 (KHTML, like Gecko) Chrome/52.0.2743.116 Safari/537.36" "www.saveaslave.com"
24.55.4.121 - - [06/Sep/2016:20:35:11 -0700] "GET /images/cover1.jpg HTTP/1.1" 200 253658 "http://www.saveaslave.com/" "Mozilla/5.0 (Windows NT 6.1; WOW64) AppleWebKit/537.36 (KHTML, like Gecko) Chrome/52.0.2743.116 Safari/537.36" "www.saveaslave.com"
24.55.4.121 - - [06/Sep/2016:20:35:11 -0700] "GET /images/social1.png HTTP/1.1" 200 2012 "http://www.saveaslave.com/" "Mozilla/5.0 (Windows NT 6.1; WOW64) AppleWebKit/537.36 (KHTML, like Gecko) Chrome/52.0.2743.116 Safari/537.36" "www.saveaslave.com"
24.55.4.121 - - [06/Sep/2016:20:35:12 -0700] "GET /indicator.gif HTTP/1.1" 200 878 "http://www.saveaslave.com/" "Mozilla/5.0 (Windows NT 6.1; WOW64) AppleWebKit/537.36 (KHTML, like Gecko) Chrome/52.0.2743.116 Safari/537.36" "www.saveaslave.com"
24.55.4.121 - - [06/Sep/2016:20:35:14 -0700] "GET /ico/favicon-16x16.png HTTP/1.1" 200 1129 "http://www.saveaslave.com/" "Mozilla/5.0 (Windows NT 6.1; WOW64) AppleWebKit/537.36 (KHTML, like Gecko) Chrome/52.0.2743.116 Safari/537.36" "www.saveaslave.com"
24.55.4.121 - - [06/Sep/2016:20:35:14 -0700] "GET /ico/favicon-96x96.png HTTP/1.1" 200 4476 "http://www.saveaslave.com/" "Mozilla/5.0 (Windows NT 6.1; WOW64) AppleWebKit/537.36 (KHTML, like Gecko) Chrome/52.0.2743.116 Safari/537.36" "www.saveaslave.com"
24.55.4.121 - - [06/Sep/2016:20:35:14 -0700] "GET /ico/favicon-32x32.png HTTP/1.1" 200 1892 "http://www.saveaslave.com/" "Mozilla/5.0 (Windows NT 6.1; WOW64) AppleWebKit/537.36 (KHTML, like Gecko) Chrome/52.0.2743.116 Safari/537.36" "www.saveaslave.com"
24.55.4.121 - - [06/Sep/2016:20:35:44 -0700] "GET /images/article5.jpg HTTP/1.1" 200 14497 "http://www.saveaslave.com/who-we-are.php" "Mozilla/5.0 (Windows NT 6.1; WOW64) AppleWebKit/537.36 (KHTML, like Gecko) Chrome/52.0.2743.116 Safari/537.36" "www.saveaslave.com"
24.55.4.121 - - [06/Sep/2016:20:35:44 -0700] "GET /images/article6.jpg HTTP/1.1" 200 57746 "http://www.saveaslave.com/who-we-are.php" "Mozilla/5.0 (Windows NT 6.1; WOW64) AppleWebKit/537.36 (KHTML, like Gecko) Chrome/52.0.2743.116 Safari/537.36" "www.saveaslave.com"
