178.33.34.75 - - [06/Nov/2016:10:40:34 -0800] "POST /our-newsr.php HTTP/1.1" 200 61587 "-" "Mozilla/5.0 (Windows NT 6.1; Win64; x64; rv:25.0) Gecko/20100101 Firefox/25.0" "saveaslave.com"
65.36.241.48 - - [06/Nov/2016:10:55:35 -0800] "HEAD / HTTP/1.1" 200 0 "-" "InternetSeer.com" "www.saveaslave.com"
149.202.245.70 - - [06/Nov/2016:11:03:07 -0800] "GET /our-newsr.php HTTP/1.1" 200 78316 "-" "Mozilla/5.0 (Windows NT 6.2; WOW64) AppleWebKit/537.36 (KHTML, like Gecko) Chrome/30.0.1599.17 Safari/537.36" "saveaslave.com"
50.23.79.242 - - [06/Nov/2016:11:03:15 -0800] "GET /cgi-sys/realsignup.cgi HTTP/1.1" 404 89 "-" "() { :;};echo; /bin/bash -c \" echo 2014 | md5sum\"" "www.saveaslave.com"
42.156.254.75 - - [06/Nov/2016:11:17:55 -0800] "GET /css/bootstrap.min.css HTTP/1.1" 200 123578 "http://www.saveaslave.com/help.php" "YisouSpider" "www.saveaslave.com"[0]
151.80.31.105 - - [06/Nov/2016:11:19:26 -0800] "GET /robots.txt HTTP/1.1" 200 48 "-" "Mozilla/5.0 (compatible; AhrefsBot/5.1; +http://ahrefs.com/robot/)" "www.saveaslave.com"
216.244.66.240 - - [06/Nov/2016:11:29:38 -0800] "GET /article.php?id=23 HTTP/1.1" 200 776 "-" "Mozilla/5.0 (compatible; DotBot/1.1; http://www.opensiteexplorer.org/dotbot, help@moz.com)" "www.saveaslave.com"[3]
216.244.66.240 - - [06/Nov/2016:11:31:43 -0800] "GET /article.php?id=23 HTTP/1.1" 200 776 "-" "Mozilla/5.0 (compatible; DotBot/1.1; http://www.opensiteexplorer.org/dotbot, help@moz.com)" "www.saveaslave.com"[1]
42.156.254.76 - - [06/Nov/2016:11:38:07 -0800] "GET /css/elements.css HTTP/1.1" 200 17857 "http://www.saveaslave.com/help.php" "YisouSpider" "www.saveaslave.com"
163.172.65.61 - - [06/Nov/2016:11:46:11 -0800] "GET /article.php?id=13 HTTP/1.1" 200 60562 "-" "Mozilla/5.0 (compatible; AhrefsBot/5.1; +http://ahrefs.com/robot/)" "www.saveaslave.com"
178.32.44.63 - - [06/Nov/2016:12:22:58 -0800] "GET /our-newsr.php HTTP/1.1" 200 78316 "-" "Mozilla/5.0 (compatible; MSIE 10.0; Windows NT 6.1; WOW64; Trident/6.0)" "saveaslave.com"[2]
94.23.78.236 - - [06/Nov/2016:12:24:13 -0800] "POST /our-newsr.php HTTP/1.1" 200 61587 "-" "Mozilla/5.0 (X11; U; Linux i686; ru; rv:1.9.0.5) Gecko/2008121622 Ubuntu/8.10 (intrepid) Firefox/3.0.5" "saveaslave.com"
180.76.15.137 - - [06/Nov/2016:12:33:47 -0800] "GET / HTTP/1.1" 200 90552 "-" "Mozilla/5.0 (compatible; Baiduspider/2.0; +http://www.baidu.com/search/spider.html)" "saveaslave.com"[1]
24.67.8.8 - - [06/Nov/2016:12:44:25 -0800] "GET /article.php?id=22'A=0 HTTP/1.1" 200 46624 "http://www.saveaslave.com/article.php?id=22'A=0" "Mozilla/5.0 (Windows; U; Windows NT 5.1; pt-PT; rv:1.9.1.2) Gecko/20090729 Firefox/3.5.2 (.NET CLR 3.5.30729)" "www.saveaslave.com"
137.74.22.87 - - [06/Nov/2016:13:11:22 -0800] "POST /our-newsr.php HTTP/1.1" 200 61587 "-" "Mozilla/5.0 (Windows NT 6.2; Win64; x64) AppleWebKit/537.36 (KHTML, like Gecko) Chrome/32.0.1667.0 Safari/537.36" "saveaslave.com"[2]
151.80.221.42 - - [06/Nov/2016:13:22:01 -0800] "GET /our-newsr.php HTTP/1.1" 200 78316 "-" "Mozilla/5.0 (Windows NT 6.2; WOW64) AppleWebKit/537.36 (KHTML, like Gecko) Chrome/30.0.1599.17 Safari/537.36" "saveaslave.com"[1]
71.235.224.120 - - [06/Nov/2016:13:24:40 -0800] "GET /images/supporters/logo_endslaverynow.png HTTP/1.1" 200 27566 "https://www.google.com/" "Mozilla/5.0 (Macintosh; Intel Mac OS X 10_9_5) AppleWebKit/601.7.8 (KHTML, like Gecko) Version/9.1.3 Safari/537.86.7" "www.saveaslave.com"
137.74.59.177 - - [06/Nov/2016:13:24:48 -0800] "POST /our-newsr.php HTTP/1.1" 200 61587 "-" "Mozilla/5.0 (X11; U; Linux i686; ru; rv:1.9.0.5) Gecko/2008121622 Ubuntu/8.10 (intrepid) Firefox/3.0.5" "saveaslave.com"[2]
176.31.246.38 - - [06/Nov/2016:13:24:56 -0800] "GET /our-newsr.php HTTP/1.1" 200 78316 "-" "Mozilla/5.0 (compatible; MSIE 10.0; Windows NT 6.1; WOW64; Trident/6.0)" "saveaslave.com"
123.125.71.79 - - [06/Nov/2016:13:28:26 -0800] "GET /our-supporters.php HTTP/1.1" 200 55486 "-" "Mozilla/5.0 (compatible; Baiduspider/2.0; +http://www.baidu.com/search/spider.html)" "www.saveaslave.com"
51.254.146.70 - - [06/Nov/2016:13:29:34 -0800] "POST /our-newsr.php HTTP/1.1" 200 61587 "-" "Mozilla/5.0 (Windows NT 6.1; WOW64; rv:27.0) Gecko/20100101 Firefox/27.0" "saveaslave.com"
216.244.66.240 - - [06/Nov/2016:13:40:39 -0800] "GET /robots.txt HTTP/1.1" 200 48 "-" "Mozilla/5.0 (compatible; DotBot/1.1; http://www.opensiteexplorer.org/dotbot, help@moz.com)" "www.saveaslave.com"
216.244.66.240 - - [06/Nov/2016:13:40:39 -0800] "GET /robots.txt HTTP/1.1" 200 48 "-" "Mozilla/5.0 (compatible; DotBot/1.1; http://www.opensiteexplorer.org/dotbot, help@moz.com)" "www.saveaslave.com"
51.254.152.246 - - [06/Nov/2016:13:46:20 -0800] "POST /our-newsr.php HTTP/1.1" 200 61587 "-" "Mozilla/5.0 (compatible; MSIE 10.0; Windows NT 6.1; WOW64; Trident/6.0)" "saveaslave.com"
123.125.125.250 - - [06/Nov/2016:13:48:09 -0800] "GET / HTTP/1.1" 200 90552 "-" "Wget/1.12 (linux-gnu)" "www.saveaslave.com"[0]
137.74.22.87 - - [06/Nov/2016:13:55:50 -0800] "POST /our-newsr.php HTTP/1.1" 200 61587 "-" "Mozilla/5.0 (Windows NT 6.1; WOW64) AppleWebKit/537.36 (KHTML, like Gecko) Chrome/33.0.1750.117 Safari/537.36 OPR/20.0.1387.64" "saveaslave.com"
137.74.21.243 - - [06/Nov/2016:14:02:09 -0800] "GET /our-newsr.php HTTP/1.1" 200 78316 "-" "Mozilla/5.0 (Windows NT 6.1; WOW64; rv:27.0) Gecko/20100101 Firefox/27.0" "saveaslave.com"[1]
107.178.194.36 - - [06/Nov/2016:14:23:41 -0800] "GET / HTTP/1.1" 200 90552 "-" "AppEngine-Google; (+http://code.google.com/appengine; appid: s~snapchat-proxy)" "saveaslave.com"
65.36.241.48 - - [06/Nov/2016:14:43:22 -0800] "GET / HTTP/1.1" 200 90552 "-" "InternetSeer.com" "www.saveaslave.com"
137.74.58.124 - - [06/Nov/2016:15:04:49 -0800] "GET /our-newsr.php HTTP/1.1" 200 78316 "-" "Mozilla/5.0 (X11; U; Linux i686; ru; rv:1.9.0.5) Gecko/2008121622 Ubuntu/8.10 (intrepid) Firefox/3.0.5" "saveaslave.com"[1]
94.23.78.236 - - [06/Nov/2016:15:08:04 -0800] "GET /our-newsr.php HTTP/1.1" 200 78316 "-" "Mozilla/5.0 (Windows NT 6.2; WOW64) AppleWebKit/537.36 (KHTML, like Gecko) Chrome/30.0.1599.17 Safari/537.36" "saveaslave.com"
151.80.221.42 - - [06/Nov/2016:15:14:49 -0800] "POST /our-newsr.php HTTP/1.1" 200 61587 "-" "Mozilla/5.0 (Windows NT 6.1; Win64; x64; rv:25.0) Gecko/20100101 Firefox/25.0" "saveaslave.com"
137.74.58.124 - - [06/Nov/2016:15:16:26 -0800] "POST /our-newsr.php HTTP/1.1" 200 61587 "-" "Mozilla/5.0 (X11; U; Linux i686; ru; rv:1.9.0.5) Gecko/2008121622 Ubuntu/8.10 (intrepid) Firefox/3.0.5" "saveaslave.com"
216.244.66.240 - - [06/Nov/2016:15:21:04 -0800] "GET /article.php?id=4 HTTP/1.1" 200 50892 "-" "Mozilla/5.0 (compatible; DotBot/1.1; http://www.opensiteexplorer.org/dotbot, help@moz.com)" "saveaslave.com"
216.244.66.240 - - [06/Nov/2016:15:24:19 -0800] "GET /article.php?id=4 HTTP/1.1" 200 50892 "-" "Mozilla/5.0 (compatible; DotBot/1.1; http://www.opensiteexplorer.org/dotbot, help@moz.com)" "saveaslave.com"
51.254.71.251 - - [06/Nov/2016:15:26:28 -0800] "POST /our-newsr.php HTTP/1.1" 200 61587 "-" "Mozilla/5.0 (Windows NT 6.2; WOW64) AppleWebKit/537.36 (KHTML, like Gecko) Chrome/30.0.1599.17 Safari/537.36" "saveaslave.com"[3]
89.78.123.159 - - [06/Nov/2016:15:27:57 -0800] "GET /site/?p=2 HTTP/1.1" 404 89 "-" "Mozilla/5.0 (Windows NT 6.1) AppleWebKit/537.36 (KHTML, like Gecko) Chrome/41.0.2228.0 Safari/537.36" "saveaslave.com"[0]
137.74.59.177 - - [06/Nov/2016:15:33:19 -0800] "GET /our-newsr.php HTTP/1.1" 200 78316 "-" "Mozilla/5.0 (X11; U; Linux i686; ru; rv:1.9.0.5) Gecko/2008121622 Ubuntu/8.10 (intrepid) Firefox/3.0.5" "saveaslave.com"
216.244.66.240 - - [06/Nov/2016:15:37:28 -0800] "GET /article.php?id=104 HTTP/1.1" 200 776 "-" "Mozilla/5.0 (compatible; DotBot/1.1; http://www.opensiteexplorer.org/dotbot, help@moz.com)" "www.saveaslave.com"[1]
216.244.66.240 - - [06/Nov/2016:15:40:36 -0800] "GET /article.php?id=104 HTTP/1.1" 200 776 "-" "Mozilla/5.0 (compatible; DotBot/1.1; http://www.opensiteexplorer.org/dotbot, help@moz.com)" "www.saveaslave.com"
178.33.36.253 - - [06/Nov/2016:15:50:47 -0800] "POST /our-newsr.php HTTP/1.1" 200 61587 "-" "Mozilla/5.0 (Windows NT 6.1; Win64; x64; rv:25.0) Gecko/20100101 Firefox/25.0" "saveaslave.com"[3]
66.249.75.169 - - [06/Nov/2016:15:57:13 -0800] "GET /slovakia HTTP/1.1" 404 89 "-" "Mozilla/5.0 (Linux; Android 6.0.1; Nexus 5X Build/MMB29P) AppleWebKit/537.36 (KHTML, like Gecko) Chrome/41.0.2272.96 Mobile Safari/537.36 (compatible; Googlebot/2.1; +http://www.google.com/bot.html)" "www.saveaslave.com"
178.33.36.253 - - [06/Nov/2016:16:20:30 -0800] "GET /our-newsr.php HTTP/1.1" 200 78316 "-" "Mozilla/5.0 (Windows NT 6.2; WOW64) AppleWebKit/537.36 (KHTML, like Gecko) Chrome/30.0.1599.17 Safari/537.36" "saveaslave.com"
77.75.74.87 - - [06/Nov/2016:16:24:42 -0800] "GET / HTTP/1.1" 200 90552 "-" "Mozilla/5.0 (compatible; SeznamBot/3.2-test1-1; +http://napoveda.seznam.cz/en/seznambot-intro/)" "saveaslave.com"
51.254.79.109 - - [06/Nov/2016:16:45:11 -0800] "GET /our-newsr.php HTTP/1.1" 200 78316 "-" "Mozilla/5.0 (Windows NT 6.1; WOW64; rv:27.0) Gecko/20100101 Firefox/27.0" "saveaslave.com"
137.74.22.87 - - [06/Nov/2016:17:08:47 -0800] "POST /our-newsr.php HTTP/1.1" 200 61587 "-" "Mozilla/5.0 (Windows NT 6.1; Win64; x64; rv:25.0) Gecko/20100101 Firefox/25.0" "saveaslave.com"
199.16.157.182 - - [06/Nov/2016:17:09:00 -0800] "GET / HTTP/1.1" 200 90552 "-" "Twitterbot/1.0" "saveaslave.com"
85.93.91.84 - - [06/Nov/2016:17:11:58 -0800] "GET /robots.txt HTTP/1.1" 200 48 "-" "Mozilla/5.0 (compatible; DeuSu/5.0.2; +https://deusu.de/robot.html)" "www.saveaslave.com"
85.93.91.84 - - [06/Nov/2016:17:11:58 -0800] "GET /www.immigrantjustice.org HTTP/1.1" 404 89 "-" "Mozilla/5.0 (compatible; DeuSu/5.0.2; +https://deusu.de/robot.html)" "www.saveaslave.com"
65.36.241.48 - - [06/Nov/2016:17:23:14 -0800] "HEAD / HTTP/1.1" 200 0 "-" "InternetSeer.com" "www.saveaslave.com"
178.33.34.75 - - [06/Nov/2016:17:31:23 -0800] "GET /our-newsr.php HTTP/1.1" 200 78316 "-" "Mozilla/5.0 (X11; U; Linux i686; ru; rv:1.9.0.5) Gecko/2008121622 Ubuntu/8.10 (intrepid) Firefox/3.0.5" "saveaslave.com"
65.36.241.48 - - [06/Nov/2016:17:45:30 -0800] "HEAD /?tpl=references&Itemid=3 HTTP/1.1" 200 0 "-" "InternetSeer.com" "www.saveaslave.com"
137.74.22.87 - - [06/Nov/2016:17:48:08 -0800] "GET /our-newsr.php HTTP/1.1" 200 78316 "-" "Mozilla/5.0 (Windows NT 6.1; Win64; x64; rv:25.0) Gecko/20100101 Firefox/25.0" "saveaslave.com"
178.33.34.75 - - [06/Nov/2016:17:58:50 -0800] "POST /our-newsr.php HTTP/1.1" 200 61587 "-" "Mozilla/5.0 (Windows NT 6.1; WOW64; rv:27.0) Gecko/20100101 Firefox/27.0" "saveaslave.com"
137.74.22.87 - - [06/Nov/2016:18:09:05 -0800] "GET /our-newsr.php HTTP/1.1" 200 78316 "-" "Mozilla/5.0 (compatible; MSIE 10.0; Windows NT 6.1; Trident/6.0)" "saveaslave.com"
188.165.173.1 - - [06/Nov/2016:18:09:30 -0800] "POST /our-newsr.php HTTP/1.1" 200 61587 "-" "Mozilla/5.0 (Windows NT 6.1; Win64; x64; rv:25.0) Gecko/20100101 Firefox/25.0" "saveaslave.com"
137.74.22.87 - - [06/Nov/2016:18:38:15 -0800] "POST /our-newsr.php HTTP/1.1" 200 61587 "-" "Mozilla/5.0 (Windows NT 6.1; Win64; x64; rv:25.0) Gecko/20100101 Firefox/25.0" "saveaslave.com"
65.36.241.48 - - [06/Nov/2016:18:52:18 -0800] "HEAD / HTTP/1.1" 200 0 "-" "InternetSeer.com" "www.saveaslave.com"
178.33.36.253 - - [06/Nov/2016:18:57:21 -0800] "POST /our-newsr.php HTTP/1.1" 200 61587 "-" "Mozilla/5.0 (compatible; MSIE 10.0; Windows NT 6.1; Trident/5.0)" "saveaslave.com"
69.58.178.59 - - [06/Nov/2016:19:03:10 -0800] "GET /robots.txt HTTP/1.1" 200 48 "-" "Mozilla/5.0 (X11; Ubuntu; Linux i686; rv:14.0; ips-agent) Gecko/20100101 Firefox/14.0.1" "www.saveaslave.com"
69.58.178.59 - - [06/Nov/2016:19:03:12 -0800] "GET / HTTP/1.1" 200 90552 "-" "Mozilla/5.0 (X11; Ubuntu; Linux i686; rv:14.0; ips-agent) Gecko/20100101 Firefox/14.0.1" "www.saveaslave.com"
69.58.178.59 - - [06/Nov/2016:19:03:23 -0800] "GET / HTTP/1.1" 200 90552 "-" "BlackBerry9000/4.6.0.167 Profile/MIDP-2.0 Configuration/CLDC-1.1 VendorID/102 ips-agent" "www.saveaslave.com"[1]
69.58.178.59 - - [06/Nov/2016:19:03:25 -0800] "GET /who-we-are.php HTTP/1.1" 200 50871 "-" "Mozilla/5.0 (X11; Ubuntu; Linux i686; rv:14.0; ips-agent) Gecko/20100101 Firefox/14.0.1" "www.saveaslave.com"[0]
69.58.178.59 - - [06/Nov/2016:19:03:28 -0800] "GET /our-news.php HTTP/1.1" 200 65082 "-" "Mozilla/5.0 (X11; Ubuntu; Linux i686; rv:14.0; ips-agent) Gecko/20100101 Firefox/14.0.1" "www.saveaslave.com"
69.58.178.59 - - [06/Nov/2016:19:03:29 -0800] "GET /robots.txt HTTP/1.1" 200 48 "-" "Mozilla/5.0 (X11; Ubuntu; Linux i686; rv:14.0; ips-agent) Gecko/20100101 Firefox/14.0.1" "saveaslave.com"
69.58.178.59 - - [06/Nov/2016:19:03:30 -0800] "GET /in-russian.php?lang=ru HTTP/1.1" 200 93888 "-" "Mozilla/5.0 (X11; Ubuntu; Linux i686; rv:14.0; ips-agent) Gecko/20100101 Firefox/14.0.1" "saveaslave.com"
69.58.178.59 - - [06/Nov/2016:19:03:31 -0800] "GET /article.php?id=114 HTTP/1.1" 200 43947 "-" "Mozilla/5.0 (X11; Ubuntu; Linux i686; rv:14.0; ips-agent) Gecko/20100101 Firefox/14.0.1" "www.saveaslave.com"[0]
69.58.178.59 - - [06/Nov/2016:19:03:33 -0800] "GET /article.php?id=46 HTTP/1.1" 200 49323 "-" "Mozilla/5.0 (X11; Ubuntu; Linux i686; rv:14.0; ips-agent) Gecko/20100101 Firefox/14.0.1" "www.saveaslave.com"
69.58.178.59 - - [06/Nov/2016:19:03:34 -0800] "GET /article.php?id=32 HTTP/1.1" 200 51107 "-" "Mozilla/5.0 (X11; Ubuntu; Linux i686; rv:14.0; ips-agent) Gecko/20100101 Firefox/14.0.1" "www.saveaslave.com"
207.46.13.237 - - [06/Nov/2016:19:13:02 -0800] "GET /robots.txt HTTP/1.1" 200 48 "-" "Mozilla/5.0 (compatible; bingbot/2.0; +http://www.bing.com/bingbot.htm)" "www.saveaslave.com"
176.31.246.38 - - [06/Nov/2016:19:17:02 -0800] "POST /our-newsr.php HTTP/1.1" 200 61587 "-" "Mozilla/5.0 (compatible; MSIE 10.0; Windows NT 6.1; WOW64; Trident/6.0)" "saveaslave.com"
149.202.245.70 - - [06/Nov/2016:19:25:19 -0800] "GET /our-newsr.php HTTP/1.1" 200 78316 "-" "Mozilla/5.0 (Windows NT 6.1; Win64; x64; rv:25.0) Gecko/20100101 Firefox/25.0" "saveaslave.com"
51.254.79.109 - - [06/Nov/2016:19:28:11 -0800] "GET /our-newsr.php HTTP/1.1" 200 78316 "-" "Mozilla/5.0 (Windows NT 6.1; Win64; x64; rv:25.0) Gecko/20100101 Firefox/25.0" "saveaslave.com"
66.249.69.124 - - [06/Nov/2016:19:28:46 -0800] "GET /kenya HTTP/1.1" 404 89 "-" "Mozilla/5.0 (Linux; Android 6.0.1; Nexus 5X Build/MMB29P) AppleWebKit/537.36 (KHTML, like Gecko) Chrome/41.0.2272.96 Mobile Safari/537.36 (compatible; Googlebot/2.1; +http://www.google.com/bot.html)" "saveaslave.com"
163.172.66.107 - - [06/Nov/2016:19:41:52 -0800] "GET /www.ciw-online.org HTTP/1.1" 404 89 "-" "Mozilla/5.0 (compatible; AhrefsBot/5.1; +http://ahrefs.com/robot/)" "www.saveaslave.com"
62.210.75.243 - - [06/Nov/2016:19:57:32 -0800] "GET / HTTP/1.1" 200 90552 "-" "Mozilla/5.0 (X11; Linux x86_64) AppleWebKit/537.36 (KHTML, like Gecko) Chrome/28.0.1500.71 Safari/537.36" "www.saveaslave.com"
62.210.75.243 - - [06/Nov/2016:19:57:32 -0800] "GET /gfeedfetcher.js HTTP/1.1" 200 9018 "http://www.saveaslave.com/" "Mozilla/5.0 (X11; Linux x86_64) AppleWebKit/537.36 (KHTML, like Gecko) Chrome/28.0.1500.71 Safari/537.36" "www.saveaslave.com"
62.210.75.243 - - [06/Nov/2016:19:57:32 -0800] "GET /assets/js/ie-emulation-modes-warning.js HTTP/1.1" 200 2130 "http://www.saveaslave.com/" "Mozilla/5.0 (X11; Linux x86_64) AppleWebKit/537.36 (KHTML, like Gecko) Chrome/28.0.1500.71 Safari/537.36" "www.saveaslave.com"
62.210.75.243 - - [06/Nov/2016:19:57:32 -0800] "GET /gajaxscroller.js HTTP/1.1" 200 9774 "http://www.saveaslave.com/" "Mozilla/5.0 (X11; Linux x86_64) AppleWebKit/537.36 (KHTML, like Gecko) Chrome/28.0.1500.71 Safari/537.36" "www.saveaslave.com"
62.210.75.243 - - [06/Nov/2016:19:57:32 -0800] "GET /assets/js/ie10-viewport-bug-workaround.js HTTP/1.1" 200 641 "http://www.saveaslave.com/" "Mozilla/5.0 (X11; Linux x86_64) AppleWebKit/537.36 (KHTML, like Gecko) Chrome/28.0.1500.71 Safari/537.36" "www.saveaslave.com"
137.74.21.243 - - [06/Nov/2016:19:58:39 -0800] "POST /our-newsr.php HTTP/1.1" 200 61587 "-" "Mozilla/5.0 (X11; U; Linux i686; ru; rv:1.9.0.5) Gecko/2008121622 Ubuntu/8.10 (intrepid) Firefox/3.0.5" "saveaslave.com"
137.74.58.124 - - [06/Nov/2016:20:00:13 -0800] "POST /our-newsr.php HTTP/1.1" 200 61587 "-" "Mozilla/5.0 (Windows NT 6.1; Win64; x64; rv:25.0) Gecko/20100101 Firefox/25.0" "saveaslave.com"[1]
137.74.21.243 - - [06/Nov/2016:20:05:08 -0800] "POST /our-newsr.php HTTP/1.1" 200 61587 "-" "Mozilla/5.0 (Windows NT 6.1; WOW64; rv:27.0) Gecko/20100101 Firefox/27.0" "saveaslave.com"
176.31.246.38 - - [06/Nov/2016:20:43:14 -0800] "GET /our-newsr.php HTTP/1.1" 200 78316 "-" "Mozilla/5.0 (Windows NT 6.2; Win64; x64) AppleWebKit/537.36 (KHTML, like Gecko) Chrome/32.0.1667.0 Safari/537.36" "saveaslave.com"[2]
137.74.59.177 - - [06/Nov/2016:20:50:38 -0800] "POST /our-newsr.php HTTP/1.1" 200 61587 "-" "Mozilla/5.0 (X11; U; Linux i686; ru; rv:1.9.0.5) Gecko/2008121622 Ubuntu/8.10 (intrepid) Firefox/3.0.5" "saveaslave.com"
151.80.31.104 - - [06/Nov/2016:20:54:47 -0800] "GET /robots.txt HTTP/1.1" 200 48 "-" "Mozilla/5.0 (compatible; AhrefsBot/5.1; +http://ahrefs.com/robot/)" "saveaslave.com"
51.254.146.70 - - [06/Nov/2016:20:56:00 -0800] "POST /our-newsr.php HTTP/1.1" 200 61587 "-" "Mozilla/5.0 (compatible; MSIE 10.0; Windows NT 6.1; Trident/6.0)" "saveaslave.com"
184.151.178.124 - - [06/Nov/2016:21:01:12 -0800] "GET / HTTP/1.1" 200 90516 "http://spankedcoeds2.com/blog/page/7/" "Mozilla/5.0 (Linux; Android 6.0.1; XT1563 Build/MPD24.107-52) AppleWebKit/537.36 (KHTML, like Gecko) Chrome/54.0.2840.68 Mobile Safari/537.36" "saveaslave.com"[2]
184.151.178.124 - - [06/Nov/2016:21:01:12 -0800] "GET /css/style.css HTTP/1.1" 200 7938 "http://saveaslave.com/" "Mozilla/5.0 (Linux; Android 6.0.1; XT1563 Build/MPD24.107-52) AppleWebKit/537.36 (KHTML, like Gecko) Chrome/54.0.2840.68 Mobile Safari/537.36" "saveaslave.com"
184.151.178.124 - - [06/Nov/2016:21:01:12 -0800] "GET /css/bootstrap.min.css HTTP/1.1" 200 123578 "http://saveaslave.com/" "Mozilla/5.0 (Linux; Android 6.0.1; XT1563 Build/MPD24.107-52) AppleWebKit/537.36 (KHTML, like Gecko) Chrome/54.0.2840.68 Mobile Safari/537.36" "saveaslave.com"
184.151.178.124 - - [06/Nov/2016:21:01:12 -0800] "GET /assets/js/ie-emulation-modes-warning.js HTTP/1.1" 200 2130 "http://saveaslave.com/" "Mozilla/5.0 (Linux; Android 6.0.1; XT1563 Build/MPD24.107-52) AppleWebKit/537.36 (KHTML, like Gecko) Chrome/54.0.2840.68 Mobile Safari/537.36" "saveaslave.com"
184.151.178.124 - - [06/Nov/2016:21:01:12 -0800] "GET /gfeedfetcher.js HTTP/1.1" 200 9018 "http://saveaslave.com/" "Mozilla/5.0 (Linux; Android 6.0.1; XT1563 Build/MPD24.107-52) AppleWebKit/537.36 (KHTML, like Gecko) Chrome/54.0.2840.68 Mobile Safari/537.36" "saveaslave.com"
184.151.178.124 - - [06/Nov/2016:21:01:13 -0800] "GET /gajaxscroller.js HTTP/1.1" 200 9774 "http://saveaslave.com/" "Mozilla/5.0 (Linux; Android 6.0.1; XT1563 Build/MPD24.107-52) AppleWebKit/537.36 (KHTML, like Gecko) Chrome/54.0.2840.68 Mobile Safari/537.36" "saveaslave.com"
51.254.146.70 - - [06/Nov/2016:21:02:48 -0800] "POST /our-newsr.php HTTP/1.1" 200 61587 "-" "Mozilla/5.0 (X11; U; Linux i686; ru; rv:1.9.0.5) Gecko/2008121622 Ubuntu/8.10 (intrepid) Firefox/3.0.5" "saveaslave.com"
188.165.173.1 - - [06/Nov/2016:21:06:23 -0800] "GET /our-newsr.php HTTP/1.1" 200 78316 "-" "Mozilla/5.0 (Windows NT 6.1; Win64; x64; rv:25.0) Gecko/20100101 Firefox/25.0" "saveaslave.com"[1]
149.202.245.70 - - [06/Nov/2016:21:07:49 -0800] "POST /our-newsr.php HTTP/1.1" 200 61587 "-" "Mozilla/5.0 (Windows NT 6.1; Win64; x64; rv:25.0) Gecko/20100101 Firefox/25.0" "saveaslave.com"[2]
100.43.85.15 - - [06/Nov/2016:21:13:49 -0800] "GET /images/article/traffick_diagram.png HTTP/1.1" 200 22048 "-" "Mozilla/5.0 (compatible; YandexImages/3.0; +http://yandex.com/bots)" "saveaslave.com"[0]
137.74.58.124 - - [06/Nov/2016:21:20:22 -0800] "POST /our-newsr.php HTTP/1.1" 200 61587 "-" "Mozilla/5.0 (compatible; MSIE 10.0; Windows NT 6.1; Trident/6.0)" "saveaslave.com"
149.202.245.70 - - [06/Nov/2016:21:22:19 -0800] "POST /our-newsr.php HTTP/1.1" 200 61587 "-" "Mozilla/5.0 (Windows NT 6.1; WOW64) AppleWebKit/537.36 (KHTML, like Gecko) Chrome/33.0.1750.117 Safari/537.36 OPR/20.0.1387.64" "saveaslave.com"
178.137.165.57 - - [06/Nov/2016:21:31:10 -0800] "GET / HTTP/1.1" 200 90516 "http://productarium.com/" "Mozilla/4.79 [en] (Windows NT 5.0; U)" "www.saveaslave.com"
178.137.165.57 - - [06/Nov/2016:21:31:10 -0800] "GET / HTTP/1.1" 200 90516 "http://xn--d1abj0abs9d.in.ua/" "Mozilla/4.79 [en] (Windows NT 5.0; U)" "www.saveaslave.com"[1]
178.137.165.57 - - [06/Nov/2016:21:31:11 -0800] "GET / HTTP/1.1" 200 90516 "http://productarium.com/" "Mozilla/4.79 [en] (Windows NT 5.0; U)" "www.saveaslave.com"
178.137.165.57 - - [06/Nov/2016:21:31:11 -0800] "GET / HTTP/1.1" 200 90516 "http://xn--d1abj0abs9d.in.ua/" "Mozilla/4.79 [en] (Windows NT 5.0; U)" "www.saveaslave.com"
178.137.165.57 - - [06/Nov/2016:21:31:11 -0800] "GET / HTTP/1.1" 200 90516 "http://xn--d1abj0abs9d.in.ua/" "Mozilla/4.79 [en] (Windows NT 5.0; U)" "www.saveaslave.com"[0]
66.249.75.165 - - [06/Nov/2016:21:36:02 -0800] "GET /brazil HTTP/1.1" 404 89 "-" "Mozilla/5.0 (Linux; Android 6.0.1; Nexus 5X Build/MMB29P) AppleWebKit/537.36 (KHTML, like Gecko) Chrome/41.0.2272.96 Mobile Safari/537.36 (compatible; Googlebot/2.1; +http://www.google.com/bot.html)" "www.saveaslave.com"
51.254.152.246 - - [06/Nov/2016:21:36:31 -0800] "POST /our-newsr.php HTTP/1.1" 200 61587 "-" "Mozilla/5.0 (Windows NT 6.1; WOW64) AppleWebKit/537.36 (KHTML, like Gecko) Chrome/33.0.1750.117 Safari/537.36 OPR/20.0.1387.64" "saveaslave.com"[2]
216.244.66.240 - - [06/Nov/2016:21:41:47 -0800] "GET /robots.txt HTTP/1.1" 200 48 "-" "Mozilla/5.0 (compatible; DotBot/1.1; http://www.opensiteexplorer.org/dotbot, help@moz.com)" "www.saveaslave.com"
216.244.66.240 - - [06/Nov/2016:21:41:47 -0800] "GET /robots.txt HTTP/1.1" 200 48 "-" "Mozilla/5.0 (compatible; DotBot/1.1; http://www.opensiteexplorer.org/dotbot, help@moz.com)" "www.saveaslave.com"
51.254.152.246 - - [06/Nov/2016:21:48:02 -0800] "GET /our-newsr.php HTTP/1.1" 200 78316 "-" "Mozilla/5.0 (Windows NT 6.1; Win64; x64; rv:25.0) Gecko/20100101 Firefox/25.0" "saveaslave.com"[2]
163.172.66.123 - - [06/Nov/2016:21:52:13 -0800] "GET /www.southasiannetwork.org HTTP/1.1" 404 89 "-" "Mozilla/5.0 (compatible; AhrefsBot/5.1; +http://ahrefs.com/robot/)" "saveaslave.com"
137.74.59.177 - - [06/Nov/2016:21:57:14 -0800] "POST /our-newsr.php HTTP/1.1" 200 61587 "-" "Mozilla/5.0 (Windows NT 6.1; WOW64) AppleWebKit/537.36 (KHTML, like Gecko) Chrome/33.0.1750.117 Safari/537.36 OPR/20.0.1387.64" "saveaslave.com"[2]
163.172.66.93 - - [06/Nov/2016:22:15:48 -0800] "GET /disclaimer.html HTTP/1.1" 404 89 "-" "Mozilla/5.0 (compatible; AhrefsBot/5.1; +http://ahrefs.com/robot/)" "www.saveaslave.com"
178.32.44.63 - - [06/Nov/2016:22:17:01 -0800] "GET /our-newsr.php HTTP/1.1" 200 78316 "-" "Mozilla/5.0 (X11; U; Linux i686; ru; rv:1.9.0.5) Gecko/2008121622 Ubuntu/8.10 (intrepid) Firefox/3.0.5" "saveaslave.com"
163.172.66.6 - - [06/Nov/2016:22:32:01 -0800] "GET /www.carecen-la.org HTTP/1.1" 404 89 "-" "Mozilla/5.0 (compatible; AhrefsBot/5.1; +http://ahrefs.com/robot/)" "www.saveaslave.com"
51.254.79.109 - - [06/Nov/2016:22:41:48 -0800] "POST /our-newsr.php HTTP/1.1" 200 61587 "-" "Mozilla/5.0 (compatible; MSIE 10.0; Windows NT 6.1; Trident/5.0)" "saveaslave.com"
203.190.194.11 - - [06/Nov/2016:22:49:03 -0800] "GET /css/bootstrap.min.css HTTP/1.1" 200 123578 "http://www.saveaslave.com/" "Mozilla/5.0 (Macintosh; Intel Mac OS X 10_10_1) AppleWebKit/537.36 (KHTML, like Gecko) Chrome/49.0.2623.87 Safari/537.36" "www.saveaslave.com"
203.190.194.11 - - [06/Nov/2016:22:49:04 -0800] "GET /assets/js/ie-emulation-modes-warning.js HTTP/1.1" 200 2130 "http://www.saveaslave.com/" "Mozilla/5.0 (Macintosh; Intel Mac OS X 10_10_1) AppleWebKit/537.36 (KHTML, like Gecko) Chrome/49.0.2623.87 Safari/537.36" "www.saveaslave.com"
203.190.194.11 - - [06/Nov/2016:22:49:06 -0800] "GET /images/article/end_it.jpg HTTP/1.1" 200 33676 "http://www.saveaslave.com/" "Mozilla/5.0 (Macintosh; Intel Mac OS X 10_10_1) AppleWebKit/537.36 (KHTML, like Gecko) Chrome/49.0.2623.87 Safari/537.36" "www.saveaslave.com"
203.190.194.11 - - [06/Nov/2016:22:49:06 -0800] "GET /images/select-arrow.png HTTP/1.1" 200 1118 "http://www.saveaslave.com/css/style.css" "Mozilla/5.0 (Macintosh; Intel Mac OS X 10_10_1) AppleWebKit/537.36 (KHTML, like Gecko) Chrome/49.0.2623.87 Safari/537.36" "www.saveaslave.com"[0]
203.190.194.11 - - [06/Nov/2016:22:49:06 -0800] "GET /images/social1.png HTTP/1.1" 200 2012 "http://www.saveaslave.com/" "Mozilla/5.0 (Macintosh; Intel Mac OS X 10_10_1) AppleWebKit/537.36 (KHTML, like Gecko) Chrome/49.0.2623.87 Safari/537.36" "www.saveaslave.com"
203.190.194.11 - - [06/Nov/2016:22:49:06 -0800] "GET /addarticle.php HTTP/1.1" 200 13725 "http://www.saveaslave.com/" "Mozilla/5.0 (Macintosh; Intel Mac OS X 10_10_1) AppleWebKit/537.36 (KHTML, like Gecko) Chrome/49.0.2623.87 Safari/537.36" "www.saveaslave.com"[0]
203.190.194.11 - - [06/Nov/2016:22:49:07 -0800] "GET /images/article/s1_dety_beg_d9954.jpg HTTP/1.1" 200 16968 "http://www.saveaslave.com/" "Mozilla/5.0 (Macintosh; Intel Mac OS X 10_10_1) AppleWebKit/537.36 (KHTML, like Gecko) Chrome/49.0.2623.87 Safari/537.36" "www.saveaslave.com"
203.190.194.11 - - [06/Nov/2016:22:49:07 -0800] "GET /images/article/suspects.jpg HTTP/1.1" 200 58796 "http://www.saveaslave.com/" "Mozilla/5.0 (Macintosh; Intel Mac OS X 10_10_1) AppleWebKit/537.36 (KHTML, like Gecko) Chrome/49.0.2623.87 Safari/537.36" "www.saveaslave.com"
203.190.194.11 - - [06/Nov/2016:22:49:07 -0800] "GET /css/down-arrow.png HTTP/1.1" 404 89 "http://www.saveaslave.com/css/elements.css" "Mozilla/5.0 (Macintosh; Intel Mac OS X 10_10_1) AppleWebKit/537.36 (KHTML, like Gecko) Chrome/49.0.2623.87 Safari/537.36" "www.saveaslave.com"
203.190.194.11 - - [06/Nov/2016:22:49:11 -0800] "GET /favicon.ico HTTP/1.1" 404 89 "http://www.saveaslave.com/" "Mozilla/5.0 (Macintosh; Intel Mac OS X 10_10_1) AppleWebKit/537.36 (KHTML, like Gecko) Chrome/49.0.2623.87 Safari/537.36" "www.saveaslave.com"
203.190.194.11 - - [06/Nov/2016:22:49:11 -0800] "GET /ico/favicon-16x16.png HTTP/1.1" 200 1129 "http://www.saveaslave.com/" "Mozilla/5.0 (Macintosh; Intel Mac OS X 10_10_1) AppleWebKit/537.36 (KHTML, like Gecko) Chrome/49.0.2623.87 Safari/537.36" "www.saveaslave.com"
203.190.194.11 - - [06/Nov/2016:22:49:12 -0800] "GET /ico/favicon-32x32.png HTTP/1.1" 200 1892 "http://www.saveaslave.com/" "Mozilla/5.0 (Macintosh; Intel Mac OS X 10_10_1) AppleWebKit/537.36 (KHTML, like Gecko) Chrome/49.0.2623.87 Safari/537.36" "www.saveaslave.com"
203.190.194.11 - - [06/Nov/2016:22:49:12 -0800] "GET /ico/android-icon-192x192.png HTTP/1.1" 200 10097 "http://www.saveaslave.com/" "Mozilla/5.0 (Macintosh; Intel Mac OS X 10_10_1) AppleWebKit/537.36 (KHTML, like Gecko) Chrome/49.0.2623.87 Safari/537.36" "www.saveaslave.com"
178.33.34.75 - - [06/Nov/2016:23:00:19 -0800] "GET /our-newsr.php HTTP/1.1" 200 78316 "-" "Mozilla/5.0 (compatible; MSIE 10.0; Windows NT 6.1; Trident/6.0)" "saveaslave.com"
65.36.241.48 - - [06/Nov/2016:23:02:12 -0800] "GET / HTTP/1.1" 200 90552 "-" "InternetSeer.com" "www.saveaslave.com"
144.76.173.238 - - [06/Nov/2016:23:02:53 -0800] "GET /article.php?id=32'\" HTTP/1.1" 200 51111 "-" "Mozilla/4.0 (compatible; MSIE 7.0; Windows NT 5.1; iebar)" "www.saveaslave.com"
144.76.173.238 - - [06/Nov/2016:23:02:54 -0800] "GET /article.php?id=32 HTTP/1.1" 200 51107 "-" "Mozilla/4.0 (compatible; MSIE 7.0; Windows NT 5.1; iebar; Sgrunt|V109|1746|S-1740532934|dialno; snprtz|dialno; .NET CLR 2.0.50727)" "www.saveaslave.com"[0]
144.76.173.238 - - [06/Nov/2016:23:02:55 -0800] "GET /article.php?id=322121121121212.1 HTTP/1.1" 200 776 "-" "Mozilla/4.0 (compatible; MSIE 7.0; Windows NT 5.1; dial" "www.saveaslave.com"
144.76.173.238 - - [06/Nov/2016:23:02:55 -0800] "GET /article.php?id=32%20and%201%3D1 HTTP/1.1" 200 51115 "-" "Mozilla/4.0 (compatible; MSIE 7.0; Windows NT 5.1; generic_01_01; InfoPath.1)" "www.saveaslave.com"[0]
144.76.173.238 - - [06/Nov/2016:23:02:56 -0800] "GET /article.php?id=32%20and%201%3E1 HTTP/1.1" 200 51115 "-" "Mozilla/4.0 (compatible; MSIE 7.0; Windows NT 5.1; iebar; acc=none; SV1; snprtz|S04087544802137; .NET CLR 1.1.4322)" "www.saveaslave.com"[0]
144.76.173.238 - - [06/Nov/2016:23:02:57 -0800] "GET /article.php?id=32%27%20and%20%27x%27%3D%27x HTTP/1.1" 200 51123 "-" "Mozilla/4.0 (compatible; MSIE 7.0; Windows NT 5.1; iebar; Sgrunt|V109|1746|S-1740532934|dialno; snprtz|dialno; .NET CLR 2.0.50727)" "www.saveaslave.com"
144.76.173.238 - - [06/Nov/2016:23:02:57 -0800] "GET /article.php?id=32%27%20and%20%27x%27%3D%27y HTTP/1.1" 200 51123 "-" "Mozilla/4.0 (compatible; MSIE 7.0; Windows NT 5.1; eMusic DLM/3; MSN Optimized;US; MSN Optimized;US)" "www.saveaslave.com"
144.76.173.238 - - [06/Nov/2016:23:02:58 -0800] "GET /article.php?id=32\"%20and%20\"x\"%3D\"x HTTP/1.1" 200 51123 "-" "Mozilla/4.0 (compatible; MSIE 7.0; Windows NT 5.1; dial; SV1; .NET CLR 1.0.3705)" "www.saveaslave.com"
144.76.173.238 - - [06/Nov/2016:23:03:11 -0800] "GET /article.php?id=32%22+and+%22x%22%3D%22y HTTP/1.1" 200 51123 "-" "Mozilla/4.0 (compatible; MSIE 7.0; Windows NT 5.1; iebar; Sgrunt|V109|1746|S-1740532934|dialno; snprtz|dialno; .NET CLR 2.0.50727)" "www.saveaslave.com"[0]
144.76.173.238 - - [06/Nov/2016:23:03:11 -0800] "GET /article.php?id=32+AND+1=1 HTTP/1.1" 200 51115 "-" "Mozilla/4.0 (compatible; MSIE 7.0; Windows NT 5.1; iebar; yplus 5.6.02b)" "www.saveaslave.com"[0]
144.76.173.238 - - [06/Nov/2016:23:03:12 -0800] "GET /article.php?id=32 HTTP/1.1" 200 51107 "-" "Opera/9.27" "www.saveaslave.com"
144.76.173.238 - - [06/Nov/2016:23:03:12 -0800] "GET /article.php?id=32%20AnD%20SLeeP%283%29 HTTP/1.1" 200 51120 "-" "Opera/9.27" "www.saveaslave.com"
144.76.173.238 - - [06/Nov/2016:23:03:12 -0800] "GET /article.php?id=32%26%26SlEEp%283%29 HTTP/1.1" 200 51117 "-" "Opera/9.27" "www.saveaslave.com"
178.137.165.59 - - [06/Nov/2016:23:14:40 -0800] "GET / HTTP/1.1" 200 90516 "http://www.4istoshop.com/dlja-detej/podguzniki/" "Mozilla/4.0 (compatible; MSIE 5.5; Windows NT 5.0; T312461)" "www.saveaslave.com"
188.165.173.1 - - [06/Nov/2016:23:18:18 -0800] "POST /our-newsr.php HTTP/1.1" 200 61587 "-" "Mozilla/5.0 (X11; U; Linux i686; ru; rv:1.9.0.5) Gecko/2008121622 Ubuntu/8.10 (intrepid) Firefox/3.0.5" "saveaslave.com"[2]
149.202.245.70 - - [06/Nov/2016:23:34:19 -0800] "GET /our-newsr.php HTTP/1.1" 200 78316 "-" "Mozilla/5.0 (Windows NT 6.2; WOW64) AppleWebKit/537.36 (KHTML, like Gecko) Chrome/30.0.1599.17 Safari/537.36" "saveaslave.com"[1]
51.254.71.251 - - [06/Nov/2016:23:35:23 -0800] "GET /our-newsr.php HTTP/1.1" 200 78316 "-" "Mozilla/5.0 (Windows NT 6.2; WOW64) AppleWebKit/537.36 (KHTML, like Gecko) Chrome/30.0.1599.17 Safari/537.36" "saveaslave.com"[1]
216.244.66.240 - - [06/Nov/2016:23:36:12 -0800] "GET /article.php?id=100 HTTP/1.1" 200 776 "-" "Mozilla/5.0 (compatible; DotBot/1.1; http://www.opensiteexplorer.org/dotbot, help@moz.com)" "www.saveaslave.com"[0]
51.254.71.251 - - [06/Nov/2016:23:40:12 -0800] "POST /our-newsr.php HTTP/1.1" 200 61587 "-" "Mozilla/5.0 (X11; U; Linux i686; ru; rv:1.9.0.5) Gecko/2008121622 Ubuntu/8.10 (intrepid) Firefox/3.0.5" "saveaslave.com"[2]
149.202.121.43 - - [06/Nov/2016:23:47:15 -0800] "POST /our-newsr.php HTTP/1.1" 200 61587 "-" "Mozilla/5.0 (Windows NT 6.1; WOW64; rv:27.0) Gecko/20100101 Firefox/27.0" "saveaslave.com"[2]
178.32.44.63 - - [07/Nov/2016:00:02:59 -0800] "POST /our-newsr.php HTTP/1.1" 200 61587 "-" "Mozilla/5.0 (Windows NT 6.1; WOW64) AppleWebKit/537.36 (KHTML, like Gecko) Chrome/33.0.1750.117 Safari/537.36 OPR/20.0.1387.64" "saveaslave.com"
148.251.234.184 - - [07/Nov/2016:00:09:52 -0800] "GET /site/?p=52 HTTP/1.1" 404 89 "-" "Mozilla/5.0 (Windows; U; Windows NT 5.1; en-US; rv:1.8.1.6) Gecko/20070725 Firefox/2.0.0.6 - James BOT - WebCrawler http://cognitiveseo.com/bot.html" "saveaslave.com"
178.32.44.63 - - [07/Nov/2016:00:34:01 -0800] "GET /our-newsr.php HTTP/1.1" 200 78316 "-" "Mozilla/5.0 (Windows NT 6.1; WOW64; rv:27.0) Gecko/20100101 Firefox/27.0" "saveaslave.com"
178.32.44.63 - - [07/Nov/2016:01:00:58 -0800] "GET /our-newsr.php HTTP/1.1" 200 78316 "-" "Mozilla/5.0 (Windows NT 6.2; Win64; x64) AppleWebKit/537.36 (KHTML, like Gecko) Chrome/32.0.1667.0 Safari/537.36" "saveaslave.com"
65.36.241.48 - - [07/Nov/2016:01:09:57 -0800] "HEAD / HTTP/1.1" 200 0 "-" "InternetSeer.com" "www.saveaslave.com"
149.202.121.43 - - [07/Nov/2016:01:13:29 -0800] "POST /our-newsr.php HTTP/1.1" 200 61587 "-" "Mozilla/5.0 (Windows NT 6.1; WOW64) AppleWebKit/537.36 (KHTML, like Gecko) Chrome/33.0.1750.117 Safari/537.36 OPR/20.0.1387.64" "saveaslave.com"[1]
51.254.79.109 - - [07/Nov/2016:01:31:13 -0800] "GET /our-newsr.php HTTP/1.1" 200 78316 "-" "Mozilla/5.0 (Windows NT 6.1; Win64; x64; rv:25.0) Gecko/20100101 Firefox/25.0" "saveaslave.com"
149.202.245.70 - - [07/Nov/2016:01:42:11 -0800] "POST /our-newsr.php HTTP/1.1" 200 61587 "-" "Mozilla/5.0 (Windows NT 6.2; Win64; x64) AppleWebKit/537.36 (KHTML, like Gecko) Chrome/32.0.1667.0 Safari/537.36" "saveaslave.com"
149.202.121.43 - - [07/Nov/2016:01:42:30 -0800] "POST /our-newsr.php HTTP/1.1" 200 61587 "-" "Mozilla/5.0 (Windows NT 6.1; Win64; x64; rv:25.0) Gecko/20100101 Firefox/25.0" "saveaslave.com"
79.177.53.165 - - [07/Nov/2016:01:42:42 -0800] "GET /in-russian.php HTTP/1.1" 200 91849 "-" "Mozilla/5.0 (Windows NT 10.0; WOW64) AppleWebKit/537.36 (KHTML, like Gecko) Chrome/54.0.2840.71 Safari/537.36" "saveaslave.com"
79.177.53.165 - - [07/Nov/2016:01:42:43 -0800] "GET /css/style.css HTTP/1.1" 200 7938 "http://saveaslave.com/in-russian.php" "Mozilla/5.0 (Windows NT 10.0; WOW64) AppleWebKit/537.36 (KHTML, like Gecko) Chrome/54.0.2840.71 Safari/537.36" "saveaslave.com"[0]
79.177.53.165 - - [07/Nov/2016:01:42:43 -0800] "GET /css/elements.css HTTP/1.1" 200 17857 "http://saveaslave.com/in-russian.php" "Mozilla/5.0 (Windows NT 10.0; WOW64) AppleWebKit/537.36 (KHTML, like Gecko) Chrome/54.0.2840.71 Safari/537.36" "saveaslave.com"
79.177.53.165 - - [07/Nov/2016:01:42:43 -0800] "GET /assets/js/ie-emulation-modes-warning.js HTTP/1.1" 200 2130 "http://saveaslave.com/in-russian.php" "Mozilla/5.0 (Windows NT 10.0; WOW64) AppleWebKit/537.36 (KHTML, like Gecko) Chrome/54.0.2840.71 Safari/537.36" "saveaslave.com"
79.177.53.165 - - [07/Nov/2016:01:42:43 -0800] "GET /gfeedfetcher.js HTTP/1.1" 200 9018 "http://saveaslave.com/in-russian.php" "Mozilla/5.0 (Windows NT 10.0; WOW64) AppleWebKit/537.36 (KHTML, like Gecko) Chrome/54.0.2840.71 Safari/537.36" "saveaslave.com"
79.177.53.165 - - [07/Nov/2016:01:42:43 -0800] "GET /css/bootstrap.min.css HTTP/1.1" 200 123578 "http://saveaslave.com/in-russian.php" "Mozilla/5.0 (Windows NT 10.0; WOW64) AppleWebKit/537.36 (KHTML, like Gecko) Chrome/54.0.2840.71 Safari/537.36" "saveaslave.com"
79.177.53.165 - - [07/Nov/2016:01:42:43 -0800] "GET /gajaxscroller.js HTTP/1.1" 200 9774 "http://saveaslave.com/in-russian.php" "Mozilla/5.0 (Windows NT 10.0; WOW64) AppleWebKit/537.36 (KHTML, like Gecko) Chrome/54.0.2840.71 Safari/537.36" "saveaslave.com"
79.177.53.165 - - [07/Nov/2016:01:42:43 -0800] "GET /images/logo2.png HTTP/1.1" 200 18525 "http://saveaslave.com/in-russian.php" "Mozilla/5.0 (Windows NT 10.0; WOW64) AppleWebKit/537.36 (KHTML, like Gecko) Chrome/54.0.2840.71 Safari/537.36" "saveaslave.com"
79.177.53.165 - - [07/Nov/2016:01:42:43 -0800] "GET /images/cover1.jpg HTTP/1.1" 200 253658 "http://saveaslave.com/in-russian.php" "Mozilla/5.0 (Windows NT 10.0; WOW64) AppleWebKit/537.36 (KHTML, like Gecko) Chrome/54.0.2840.71 Safari/537.36" "saveaslave.com"
79.177.53.165 - - [07/Nov/2016:01:42:43 -0800] "GET /images/top.jpg HTTP/1.1" 200 50519 "http://saveaslave.com/in-russian.php" "Mozilla/5.0 (Windows NT 10.0; WOW64) AppleWebKit/537.36 (KHTML, like Gecko) Chrome/54.0.2840.71 Safari/537.36" "saveaslave.com"
79.177.53.165 - - [07/Nov/2016:01:42:43 -0800] "GET /images/article/1057439576.jpg HTTP/1.1" 200 28222 "http://saveaslave.com/in-russian.php" "Mozilla/5.0 (Windows NT 10.0; WOW64) AppleWebKit/537.36 (KHTML, like Gecko) Chrome/54.0.2840.71 Safari/537.36" "saveaslave.com"
79.177.53.165 - - [07/Nov/2016:01:42:44 -0800] "GET /images/article/1402379001_o-torgovle-lyudmi-21.jpg HTTP/1.1" 200 33957 "http://saveaslave.com/in-russian.php" "Mozilla/5.0 (Windows NT 10.0; WOW64) AppleWebKit/537.36 (KHTML, like Gecko) Chrome/54.0.2840.71 Safari/537.36" "saveaslave.com"[0]
79.177.53.165 - - [07/Nov/2016:01:42:44 -0800] "GET /images/article/kateryna_ardanyan.jpg HTTP/1.1" 200 45587 "http://saveaslave.com/in-russian.php" "Mozilla/5.0 (Windows NT 10.0; WOW64) AppleWebKit/537.36 (KHTML, like Gecko) Chrome/54.0.2840.71 Safari/537.36" "saveaslave.com"
79.177.53.165 - - [07/Nov/2016:01:42:44 -0800] "GET /images/article/56817c9496381.jpeg HTTP/1.1" 200 11230 "http://saveaslave.com/in-russian.php" "Mozilla/5.0 (Windows NT 10.0; WOW64) AppleWebKit/537.36 (KHTML, like Gecko) Chrome/54.0.2840.71 Safari/537.36" "saveaslave.com"
79.177.53.165 - - [07/Nov/2016:01:42:44 -0800] "GET /images/article/pyatka_default.jpg HTTP/1.1" 200 204394 "http://saveaslave.com/in-russian.php" "Mozilla/5.0 (Windows NT 10.0; WOW64) AppleWebKit/537.36 (KHTML, like Gecko) Chrome/54.0.2840.71 Safari/537.36" "saveaslave.com"
79.177.53.165 - - [07/Nov/2016:01:42:44 -0800] "GET /images/social1.png HTTP/1.1" 200 2012 "http://saveaslave.com/in-russian.php" "Mozilla/5.0 (Windows NT 10.0; WOW64) AppleWebKit/537.36 (KHTML, like Gecko) Chrome/54.0.2840.71 Safari/537.36" "saveaslave.com"
79.177.53.165 - - [07/Nov/2016:01:42:45 -0800] "GET /images/social3.png HTTP/1.1" 200 4343 "http://saveaslave.com/in-russian.php" "Mozilla/5.0 (Windows NT 10.0; WOW64) AppleWebKit/537.36 (KHTML, like Gecko) Chrome/54.0.2840.71 Safari/537.36" "saveaslave.com"
79.177.53.165 - - [07/Nov/2016:01:42:45 -0800] "GET /images/select-arrow.png HTTP/1.1" 200 1118 "http://saveaslave.com/css/style.css" "Mozilla/5.0 (Windows NT 10.0; WOW64) AppleWebKit/537.36 (KHTML, like Gecko) Chrome/54.0.2840.71 Safari/537.36" "saveaslave.com"
79.177.53.165 - - [07/Nov/2016:01:42:45 -0800] "GET /indicator.gif HTTP/1.1" 200 878 "http://saveaslave.com/in-russian.php" "Mozilla/5.0 (Windows NT 10.0; WOW64) AppleWebKit/537.36 (KHTML, like Gecko) Chrome/54.0.2840.71 Safari/537.36" "saveaslave.com"
197.231.221.211 - - [07/Nov/2016:01:53:47 -0800] "GET / HTTP/1.1" 200 90552 "-" "Mozilla/5.0 (Windows NT 10.0; WOW64) AppleWebKit/537.36 (KHTML, like Gecko) Chrome/52.0.2743.116 Safari/537.36" "www.saveaslave.com"[1]
66.87.116.19 - - [07/Nov/2016:02:06:01 -0800] "GET /images/article/suspects.jpg HTTP/1.1" 200 58796 "https://www.google.com/" "Mozilla/5.0 (iPhone; CPU iPhone OS 10_0_2 like Mac OS X) AppleWebKit/602.1.50 (KHTML, like Gecko) Version/10.0 Mobile/14A456 Safari/602.1" "www.saveaslave.com"[0]
188.165.196.25 - - [07/Nov/2016:02:09:39 -0800] "GET /robots.txt HTTP/1.1" 200 48 "-" "" "www.saveaslave.com"
188.165.196.25 - - [07/Nov/2016:02:09:41 -0800] "GET / HTTP/1.1" 200 90552 "-" "Mozilla/5.0 (X11; Linux i686) AppleWebKit/534.30 (KHTML, like Gecko) Ubuntu/11.04 Chromium/12.0.742.112 Chrome/12.0.742.112 Safari/534.30" "www.saveaslave.com"[2]
188.165.196.25 - - [07/Nov/2016:02:09:44 -0800] "GET /who-we-are.php HTTP/1.1" 200 50871 "-" "Mozilla/5.0 (X11; Linux i686) AppleWebKit/534.30 (KHTML, like Gecko) Ubuntu/11.04 Chromium/12.0.742.112 Chrome/12.0.742.112 Safari/534.30" "www.saveaslave.com"[0]
188.165.196.25 - - [07/Nov/2016:02:09:46 -0800] "GET /our-supporters.php HTTP/1.1" 200 55486 "-" "Mozilla/5.0 (X11; Linux i686) AppleWebKit/534.30 (KHTML, like Gecko) Ubuntu/11.04 Chromium/12.0.742.112 Chrome/12.0.742.112 Safari/534.30" "www.saveaslave.com"
188.165.196.25 - - [07/Nov/2016:02:09:50 -0800] "GET /our-news.php HTTP/1.1" 200 65082 "-" "Mozilla/5.0 (X11; Linux i686) AppleWebKit/534.30 (KHTML, like Gecko) Ubuntu/11.04 Chromium/12.0.742.112 Chrome/12.0.742.112 Safari/534.30" "www.saveaslave.com"
188.165.196.25 - - [07/Nov/2016:02:09:52 -0800] "GET /contact-us.php HTTP/1.1" 200 30488 "-" "Mozilla/5.0 (X11; Linux i686) AppleWebKit/534.30 (KHTML, like Gecko) Ubuntu/11.04 Chromium/12.0.742.112 Chrome/12.0.742.112 Safari/534.30" "www.saveaslave.com"
188.165.196.25 - - [07/Nov/2016:02:09:54 -0800] "GET /coalition-members-cast.php HTTP/1.1" 200 47192 "-" "Mozilla/5.0 (X11; Linux i686) AppleWebKit/534.30 (KHTML, like Gecko) Ubuntu/11.04 Chromium/12.0.742.112 Chrome/12.0.742.112 Safari/534.30" "www.saveaslave.com"
188.165.196.25 - - [07/Nov/2016:02:09:56 -0800] "GET /news7.php HTTP/1.1" 200 73 "-" "Mozilla/5.0 (X11; Linux i686) AppleWebKit/534.30 (KHTML, like Gecko) Ubuntu/11.04 Chromium/12.0.742.112 Chrome/12.0.742.112 Safari/534.30" "www.saveaslave.com"
188.165.196.25 - - [07/Nov/2016:02:09:57 -0800] "GET /news1.php HTTP/1.1" 200 73 "-" "Mozilla/5.0 (X11; Linux i686) AppleWebKit/534.30 (KHTML, like Gecko) Ubuntu/11.04 Chromium/12.0.742.112 Chrome/12.0.742.112 Safari/534.30" "www.saveaslave.com"
188.165.196.25 - - [07/Nov/2016:02:09:57 -0800] "GET /news2.php HTTP/1.1" 200 73 "-" "Mozilla/5.0 (X11; Linux i686) AppleWebKit/534.30 (KHTML, like Gecko) Ubuntu/11.04 Chromium/12.0.742.112 Chrome/12.0.742.112 Safari/534.30" "www.saveaslave.com"[0]
188.165.196.25 - - [07/Nov/2016:02:09:57 -0800] "GET /news3.php HTTP/1.1" 200 73 "-" "Mozilla/5.0 (X11; Linux i686) AppleWebKit/534.30 (KHTML, like Gecko) Ubuntu/11.04 Chromium/12.0.742.112 Chrome/12.0.742.112 Safari/534.30" "www.saveaslave.com"
188.165.196.25 - - [07/Nov/2016:02:09:57 -0800] "GET /news4.php HTTP/1.1" 200 73 "-" "Mozilla/5.0 (X11; Linux i686) AppleWebKit/534.30 (KHTML, like Gecko) Ubuntu/11.04 Chromium/12.0.742.112 Chrome/12.0.742.112 Safari/534.30" "www.saveaslave.com"
188.165.196.25 - - [07/Nov/2016:02:09:57 -0800] "GET /news5.php HTTP/1.1" 200 73 "-" "Mozilla/5.0 (X11; Linux i686) AppleWebKit/534.30 (KHTML, like Gecko) Ubuntu/11.04 Chromium/12.0.742.112 Chrome/12.0.742.112 Safari/534.30" "www.saveaslave.com"[0]
188.165.196.25 - - [07/Nov/2016:02:09:57 -0800] "GET /news6.php HTTP/1.1" 200 73 "-" "Mozilla/5.0 (X11; Linux i686) AppleWebKit/534.30 (KHTML, like Gecko) Ubuntu/11.04 Chromium/12.0.742.112 Chrome/12.0.742.112 Safari/534.30" "www.saveaslave.com"
188.165.196.25 - - [07/Nov/2016:02:09:57 -0800] "GET /article.php?id=114 HTTP/1.1" 200 43947 "-" "Mozilla/5.0 (X11; Linux i686) AppleWebKit/534.30 (KHTML, like Gecko) Ubuntu/11.04 Chromium/12.0.742.112 Chrome/12.0.742.112 Safari/534.30" "www.saveaslave.com"
188.165.196.25 - - [07/Nov/2016:02:10:00 -0800] "GET /article.php?id=86 HTTP/1.1" 200 44007 "-" "Mozilla/5.0 (X11; Linux i686) AppleWebKit/534.30 (KHTML, like Gecko) Ubuntu/11.04 Chromium/12.0.742.112 Chrome/12.0.742.112 Safari/534.30" "www.saveaslave.com"
188.165.196.25 - - [07/Nov/2016:02:10:02 -0800] "GET /article.php?id=46 HTTP/1.1" 200 49323 "-" "Mozilla/5.0 (X11; Linux i686) AppleWebKit/534.30 (KHTML, like Gecko) Ubuntu/11.04 Chromium/12.0.742.112 Chrome/12.0.742.112 Safari/534.30" "www.saveaslave.com"[0]
188.165.196.25 - - [07/Nov/2016:02:10:04 -0800] "GET /article.php?id=32 HTTP/1.1" 200 51107 "-" "Mozilla/5.0 (X11; Linux i686) AppleWebKit/534.30 (KHTML, like Gecko) Ubuntu/11.04 Chromium/12.0.742.112 Chrome/12.0.742.112 Safari/534.30" "www.saveaslave.com"
188.165.196.25 - - [07/Nov/2016:02:10:06 -0800] "GET /article.php?id=22 HTTP/1.1" 200 46655 "-" "Mozilla/5.0 (X11; Linux i686) AppleWebKit/534.30 (KHTML, like Gecko) Ubuntu/11.04 Chromium/12.0.742.112 Chrome/12.0.742.112 Safari/534.30" "www.saveaslave.com"
188.165.196.25 - - [07/Nov/2016:02:10:09 -0800] "GET /index.php HTTP/1.1" 200 90552 "-" "Mozilla/5.0 (X11; Linux i686) AppleWebKit/534.30 (KHTML, like Gecko) Ubuntu/11.04 Chromium/12.0.742.112 Chrome/12.0.742.112 Safari/534.30" "www.saveaslave.com"
188.165.196.25 - - [07/Nov/2016:02:10:11 -0800] "GET /disclaimer.php HTTP/1.1" 200 47980 "-" "Mozilla/5.0 (X11; Linux i686) AppleWebKit/534.30 (KHTML, like Gecko) Ubuntu/11.04 Chromium/12.0.742.112 Chrome/12.0.742.112 Safari/534.30" "www.saveaslave.com"
188.165.196.25 - - [07/Nov/2016:02:10:14 -0800] "GET /help.php HTTP/1.1" 200 52882 "-" "Mozilla/5.0 (X11; Linux i686) AppleWebKit/534.30 (KHTML, like Gecko) Ubuntu/11.04 Chromium/12.0.742.112 Chrome/12.0.742.112 Safari/534.30" "www.saveaslave.com"
188.165.196.25 - - [07/Nov/2016:02:10:16 -0800] "GET /article.php?id=113 HTTP/1.1" 200 43952 "-" "Mozilla/5.0 (X11; Linux i686) AppleWebKit/534.30 (KHTML, like Gecko) Ubuntu/11.04 Chromium/12.0.742.112 Chrome/12.0.742.112 Safari/534.30" "www.saveaslave.com"
188.165.196.25 - - [07/Nov/2016:02:10:19 -0800] "GET /article.php?id=111 HTTP/1.1" 200 46218 "-" "Mozilla/5.0 (X11; Linux i686) AppleWebKit/534.30 (KHTML, like Gecko) Ubuntu/11.04 Chromium/12.0.742.112 Chrome/12.0.742.112 Safari/534.30" "www.saveaslave.com"
188.165.196.25 - - [07/Nov/2016:02:10:21 -0800] "GET /article.php?id=21 HTTP/1.1" 200 49392 "-" "Mozilla/5.0 (X11; Linux i686) AppleWebKit/534.30 (KHTML, like Gecko) Ubuntu/11.04 Chromium/12.0.742.112 Chrome/12.0.742.112 Safari/534.30" "www.saveaslave.com"
188.165.196.25 - - [07/Nov/2016:02:10:23 -0800] "GET /article.php?id=15 HTTP/1.1" 200 56231 "-" "Mozilla/5.0 (X11; Linux i686) AppleWebKit/534.30 (KHTML, like Gecko) Ubuntu/11.04 Chromium/12.0.742.112 Chrome/12.0.742.112 Safari/534.30" "www.saveaslave.com"[0]
188.165.196.25 - - [07/Nov/2016:02:10:26 -0800] "GET /article.php?id=13 HTTP/1.1" 200 60562 "-" "Mozilla/5.0 (X11; Linux i686) AppleWebKit/534.30 (KHTML, like Gecko) Ubuntu/11.04 Chromium/12.0.742.112 Chrome/12.0.742.112 Safari/534.30" "www.saveaslave.com"[0]
188.165.196.25 - - [07/Nov/2016:02:10:28 -0800] "GET /article.php?id=7 HTTP/1.1" 200 49215 "-" "Mozilla/5.0 (X11; Linux i686) AppleWebKit/534.30 (KHTML, like Gecko) Ubuntu/11.04 Chromium/12.0.742.112 Chrome/12.0.742.112 Safari/534.30" "www.saveaslave.com"
188.165.196.25 - - [07/Nov/2016:02:10:30 -0800] "GET /article.php?id=6 HTTP/1.1" 200 47588 "-" "Mozilla/5.0 (X11; Linux i686) AppleWebKit/534.30 (KHTML, like Gecko) Ubuntu/11.04 Chromium/12.0.742.112 Chrome/12.0.742.112 Safari/534.30" "www.saveaslave.com"[0]
188.165.196.25 - - [07/Nov/2016:02:10:33 -0800] "GET /article.php?id=5 HTTP/1.1" 200 46613 "-" "Mozilla/5.0 (X11; Linux i686) AppleWebKit/534.30 (KHTML, like Gecko) Ubuntu/11.04 Chromium/12.0.742.112 Chrome/12.0.742.112 Safari/534.30" "www.saveaslave.com"
188.165.196.25 - - [07/Nov/2016:02:10:35 -0800] "GET /article.php?id=4 HTTP/1.1" 200 50892 "-" "Mozilla/5.0 (X11; Linux i686) AppleWebKit/534.30 (KHTML, like Gecko) Ubuntu/11.04 Chromium/12.0.742.112 Chrome/12.0.742.112 Safari/534.30" "www.saveaslave.com"
188.165.196.25 - - [07/Nov/2016:02:10:37 -0800] "GET /article.php?id=3 HTTP/1.1" 200 50935 "-" "Mozilla/5.0 (X11; Linux i686) AppleWebKit/534.30 (KHTML, like Gecko) Ubuntu/11.04 Chromium/12.0.742.112 Chrome/12.0.742.112 Safari/534.30" "www.saveaslave.com"
188.165.196.25 - - [07/Nov/2016:02:10:39 -0800] "GET /article.php?id=2 HTTP/1.1" 200 48406 "-" "Mozilla/5.0 (X11; Linux i686) AppleWebKit/534.30 (KHTML, like Gecko) Ubuntu/11.04 Chromium/12.0.742.112 Chrome/12.0.742.112 Safari/534.30" "www.saveaslave.com"[0]
188.165.196.25 - - [07/Nov/2016:02:10:42 -0800] "GET /article.php?id=1 HTTP/1.1" 200 44930 "-" "Mozilla/5.0 (X11; Linux i686) AppleWebKit/534.30 (KHTML, like Gecko) Ubuntu/11.04 Chromium/12.0.742.112 Chrome/12.0.742.112 Safari/534.30" "www.saveaslave.com"
188.165.196.25 - - [07/Nov/2016:02:10:44 -0800] "GET /www.freedomnetworkusa.org HTTP/1.1" 404 89 "-" "Mozilla/5.0 (X11; Linux i686) AppleWebKit/534.30 (KHTML, like Gecko) Ubuntu/11.04 Chromium/12.0.742.112 Chrome/12.0.742.112 Safari/534.30" "www.saveaslave.com"
188.165.196.25 - - [07/Nov/2016:02:10:44 -0800] "GET /www.americangateways.org HTTP/1.1" 404 89 "-" "Mozilla/5.0 (X11; Linux i686) AppleWebKit/534.30 (KHTML, like Gecko) Ubuntu/11.04 Chromium/12.0.742.112 Chrome/12.0.742.112 Safari/534.30" "www.saveaslave.com"
188.165.196.25 - - [07/Nov/2016:02:10:44 -0800] "GET /www.traffickingaz.org HTTP/1.1" 404 89 "-" "Mozilla/5.0 (X11; Linux i686) AppleWebKit/534.30 (KHTML, like Gecko) Ubuntu/11.04 Chromium/12.0.742.112 Chrome/12.0.742.112 Safari/534.30" "www.saveaslave.com"
188.165.196.25 - - [07/Nov/2016:02:10:44 -0800] "GET /www.apilegaloutreach.org HTTP/1.1" 404 89 "-" "Mozilla/5.0 (X11; Linux i686) AppleWebKit/534.30 (KHTML, like Gecko) Ubuntu/11.04 Chromium/12.0.742.112 Chrome/12.0.742.112 Safari/534.30" "www.saveaslave.com"
188.165.196.25 - - [07/Nov/2016:02:10:44 -0800] "GET /www.ayuda.com HTTP/1.1" 404 89 "-" "Mozilla/5.0 (X11; Linux i686) AppleWebKit/534.30 (KHTML, like Gecko) Ubuntu/11.04 Chromium/12.0.742.112 Chrome/12.0.742.112 Safari/534.30" "www.saveaslave.com"
188.165.196.25 - - [07/Nov/2016:02:10:45 -0800] "GET /www.bpsos.org HTTP/1.1" 404 89 "-" "Mozilla/5.0 (X11; Linux i686) AppleWebKit/534.30 (KHTML, like Gecko) Ubuntu/11.04 Chromium/12.0.742.112 Chrome/12.0.742.112 Safari/534.30" "www.saveaslave.com"
188.165.196.25 - - [07/Nov/2016:02:10:45 -0800] "GET /www.btcc.ips-dc.org HTTP/1.1" 404 89 "-" "Mozilla/5.0 (X11; Linux i686) AppleWebKit/534.30 (KHTML, like Gecko) Ubuntu/11.04 Chromium/12.0.742.112 Chrome/12.0.742.112 Safari/534.30" "www.saveaslave.com"
188.165.196.25 - - [07/Nov/2016:02:10:45 -0800] "GET /www.cliniclegal.org HTTP/1.1" 404 89 "-" "Mozilla/5.0 (X11; Linux i686) AppleWebKit/534.30 (KHTML, like Gecko) Ubuntu/11.04 Chromium/12.0.742.112 Chrome/12.0.742.112 Safari/534.30" "www.saveaslave.com"
188.165.196.25 - - [07/Nov/2016:02:10:45 -0800] "GET /www.ciw-online.org HTTP/1.1" 404 89 "-" "Mozilla/5.0 (X11; Linux i686) AppleWebKit/534.30 (KHTML, like Gecko) Ubuntu/11.04 Chromium/12.0.742.112 Chrome/12.0.742.112 Safari/534.30" "www.saveaslave.com"
188.165.196.25 - - [07/Nov/2016:02:10:45 -0800] "GET /www.fairfund.org HTTP/1.1" 404 89 "-" "Mozilla/5.0 (X11; Linux i686) AppleWebKit/534.30 (KHTML, like Gecko) Ubuntu/11.04 Chromium/12.0.742.112 Chrome/12.0.742.112 Safari/534.30" "www.saveaslave.com"
188.165.196.25 - - [07/Nov/2016:02:10:45 -0800] "GET /www.hijcenter.org HTTP/1.1" 404 89 "-" "Mozilla/5.0 (X11; Linux i686) AppleWebKit/534.30 (KHTML, like Gecko) Ubuntu/11.04 Chromium/12.0.742.112 Chrome/12.0.742.112 Safari/534.30" "www.saveaslave.com"
