190.115.183.247 - - [01/Sep/2016:17:55:18 -0700] "GET /phpmyadmin/themes/pmahomme/img/b_edit.png HTTP/1.1" 200 444 "http://saveaslave.com/phpmyadmin/sql.php?db=saveaslave&token=1f1fe12d365c94869f610e6a29bbdeeb&goto=db_structure.php&table=countries&pos=0" "Mozilla/5.0 (Windows NT 10.0; WOW64) AppleWebKit/537.36 (KHTML, like Gecko) Chrome/52.0.2743.116 Safari/537.36" "saveaslave.com"
190.115.183.247 - - [01/Sep/2016:17:55:18 -0700] "GET /phpmyadmin/themes/pmahomme/img/b_chart.png HTTP/1.1" 200 541 "http://saveaslave.com/phpmyadmin/sql.php?db=saveaslave&token=1f1fe12d365c94869f610e6a29bbdeeb&goto=db_structure.php&table=countries&pos=0" "Mozilla/5.0 (Windows NT 10.0; WOW64) AppleWebKit/537.36 (KHTML, like Gecko) Chrome/52.0.2743.116 Safari/537.36" "saveaslave.com"
190.115.183.247 - - [01/Sep/2016:17:55:19 -0700] "GET /phpmyadmin/themes/pmahomme/img/b_inline_edit.png HTTP/1.1" 200 618 "http://saveaslave.com/phpmyadmin/sql.php?db=saveaslave&token=1f1fe12d365c94869f610e6a29bbdeeb&goto=db_structure.php&table=countries&pos=0" "Mozilla/5.0 (Windows NT 10.0; WOW64) AppleWebKit/537.36 (KHTML, like Gecko) Chrome/52.0.2743.116 Safari/537.36" "saveaslave.com"
190.115.183.247 - - [01/Sep/2016:17:55:26 -0700] "POST /phpmyadmin/sql.php HTTP/1.1" 200 142385 "http://saveaslave.com/phpmyadmin/sql.php?db=saveaslave&token=1f1fe12d365c94869f610e6a29bbdeeb&goto=db_structure.php&table=countries&pos=0" "Mozilla/5.0 (Windows NT 10.0; WOW64) AppleWebKit/537.36 (KHTML, like Gecko) Chrome/52.0.2743.116 Safari/537.36" "saveaslave.com"[1]
190.115.183.247 - - [01/Sep/2016:17:55:31 -0700] "POST /phpmyadmin/sql.php HTTP/1.1" 200 69118 "http://saveaslave.com/phpmyadmin/sql.php?db=saveaslave&token=1f1fe12d365c94869f610e6a29bbdeeb&goto=db_structure.php&table=countries&pos=0" "Mozilla/5.0 (Windows NT 10.0; WOW64) AppleWebKit/537.36 (KHTML, like Gecko) Chrome/52.0.2743.116 Safari/537.36" "saveaslave.com"
190.115.183.247 - - [01/Sep/2016:17:56:02 -0700] "POST /phpmyadmin/tbl_replace.php HTTP/1.1" 200 7865 "http://saveaslave.com/phpmyadmin/tbl_change.php?db=saveaslave&table=countries&where_clause=%60countries%60.%60id%60+%3D+312&clause_is_unique=1&sql_query=SELECT+%2A+FROM+%60countries%60&goto=sql.php&default_action=update&token=1f1fe12d365c94869f610e6a29bbdeeb" "Mozilla/5.0 (Windows NT 10.0; WOW64) AppleWebKit/537.36 (KHTML, like Gecko) Chrome/52.0.2743.116 Safari/537.36" "saveaslave.com"[8]
190.115.183.247 - - [01/Sep/2016:17:56:10 -0700] "GET /phpmyadmin/themes/pmahomme/img/tab_hover_bg.png HTTP/1.1" 200 1278 "http://saveaslave.com/phpmyadmin/phpmyadmin.css.php?server=1&token=1f1fe12d365c94869f610e6a29bbdeeb&js_frame=right&nocache=5809956425" "Mozilla/5.0 (Windows NT 10.0; WOW64) AppleWebKit/537.36 (KHTML, like Gecko) Chrome/52.0.2743.116 Safari/537.36" "saveaslave.com"
190.115.183.247 - - [01/Sep/2016:17:56:11 -0700] "GET / HTTP/1.1" 200 90057 "http://www.saveaslave.com/country.php?name=Brasil&lang=en" "Mozilla/5.0 (Windows NT 10.0; WOW64) AppleWebKit/537.36 (KHTML, like Gecko) Chrome/52.0.2743.116 Safari/537.36" "www.saveaslave.com"[1]
190.115.183.247 - - [01/Sep/2016:17:56:11 -0700] "GET /css/style.css HTTP/1.1" 200 7938 "http://www.saveaslave.com/" "Mozilla/5.0 (Windows NT 10.0; WOW64) AppleWebKit/537.36 (KHTML, like Gecko) Chrome/52.0.2743.116 Safari/537.36" "www.saveaslave.com"[0]
190.115.183.247 - - [01/Sep/2016:17:56:12 -0700] "GET /addarticle.php HTTP/1.1" 200 13725 "http://www.saveaslave.com/" "Mozilla/5.0 (Windows NT 10.0; WOW64) AppleWebKit/537.36 (KHTML, like Gecko) Chrome/52.0.2743.116 Safari/537.36" "www.saveaslave.com"[0]
190.115.183.247 - - [01/Sep/2016:17:56:14 -0700] "GET /indicator.gif HTTP/1.1" 200 878 "http://www.saveaslave.com/" "Mozilla/5.0 (Windows NT 10.0; WOW64) AppleWebKit/537.36 (KHTML, like Gecko) Chrome/52.0.2743.116 Safari/537.36" "www.saveaslave.com"
190.115.183.247 - - [01/Sep/2016:17:57:35 -0700] "GET /country.php?name=Brazil&lang=en HTTP/1.1" 200 55259 "http://www.saveaslave.com/" "Mozilla/5.0 (Windows NT 10.0; WOW64) AppleWebKit/537.36 (KHTML, like Gecko) Chrome/52.0.2743.116 Safari/537.36" "www.saveaslave.com"[1]
190.115.183.247 - - [01/Sep/2016:17:57:38 -0700] "GET /css/down-arrow.png HTTP/1.1" 404 89 "http://www.saveaslave.com/css/elements.css" "Mozilla/5.0 (Windows NT 10.0; WOW64) AppleWebKit/537.36 (KHTML, like Gecko) Chrome/52.0.2743.116 Safari/537.36" "www.saveaslave.com"
190.115.183.247 - - [01/Sep/2016:17:57:39 -0700] "GET /addarticle.php HTTP/1.1" 200 13725 "http://www.saveaslave.com/" "Mozilla/5.0 (Windows NT 10.0; WOW64) AppleWebKit/537.36 (KHTML, like Gecko) Chrome/52.0.2743.116 Safari/537.36" "www.saveaslave.com"
190.115.183.247 - - [01/Sep/2016:17:57:40 -0700] "GET /css/down-arrow.png HTTP/1.1" 404 89 "http://www.saveaslave.com/css/elements.css" "Mozilla/5.0 (Windows NT 10.0; WOW64) AppleWebKit/537.36 (KHTML, like Gecko) Chrome/52.0.2743.116 Safari/537.36" "www.saveaslave.com"
190.115.183.247 - - [01/Sep/2016:17:57:47 -0700] "GET /country.php?name=Brasil&lang=pt HTTP/1.1" 200 55164 "http://www.saveaslave.com/" "Mozilla/5.0 (Windows NT 10.0; WOW64) AppleWebKit/537.36 (KHTML, like Gecko) Chrome/52.0.2743.116 Safari/537.36" "www.saveaslave.com"
190.115.183.247 - - [01/Sep/2016:17:57:48 -0700] "GET /addarticle.php HTTP/1.1" 200 13725 "http://www.saveaslave.com/country.php?name=Brasil&lang=pt" "Mozilla/5.0 (Windows NT 10.0; WOW64) AppleWebKit/537.36 (KHTML, like Gecko) Chrome/52.0.2743.116 Safari/537.36" "www.saveaslave.com"[0]
190.115.183.247 - - [01/Sep/2016:17:57:49 -0700] "GET /css/down-arrow.png HTTP/1.1" 404 89 "http://www.saveaslave.com/css/elements.css" "Mozilla/5.0 (Windows NT 10.0; WOW64) AppleWebKit/537.36 (KHTML, like Gecko) Chrome/52.0.2743.116 Safari/537.36" "www.saveaslave.com"
190.115.183.247 - - [01/Sep/2016:17:59:58 -0700] "GET /addarticle.php HTTP/1.1" 200 13725 "http://www.saveaslave.com/" "Mozilla/5.0 (Windows NT 10.0; WOW64) AppleWebKit/537.36 (KHTML, like Gecko) Chrome/52.0.2743.116 Safari/537.36" "www.saveaslave.com"
190.115.183.247 - - [01/Sep/2016:17:59:59 -0700] "GET /css/down-arrow.png HTTP/1.1" 404 89 "http://www.saveaslave.com/css/elements.css" "Mozilla/5.0 (Windows NT 10.0; WOW64) AppleWebKit/537.36 (KHTML, like Gecko) Chrome/52.0.2743.116 Safari/537.36" "www.saveaslave.com"
190.115.183.247 - - [01/Sep/2016:18:00:09 -0700] "GET /css/down-arrow.png HTTP/1.1" 404 89 "http://www.saveaslave.com/css/elements.css" "Mozilla/5.0 (Windows NT 10.0; WOW64) AppleWebKit/537.36 (KHTML, like Gecko) Chrome/52.0.2743.116 Safari/537.36" "www.saveaslave.com"
190.115.183.247 - - [01/Sep/2016:18:00:26 -0700] "GET /addarticle.php HTTP/1.1" 200 13725 "http://www.saveaslave.com/" "Mozilla/5.0 (Windows NT 10.0; WOW64) AppleWebKit/537.36 (KHTML, like Gecko) Chrome/52.0.2743.116 Safari/537.36" "www.saveaslave.com"[0]
190.115.183.247 - - [01/Sep/2016:18:00:27 -0700] "GET /css/down-arrow.png HTTP/1.1" 404 89 "http://www.saveaslave.com/css/elements.css" "Mozilla/5.0 (Windows NT 10.0; WOW64) AppleWebKit/537.36 (KHTML, like Gecko) Chrome/52.0.2743.116 Safari/537.36" "www.saveaslave.com"
190.115.183.247 - - [01/Sep/2016:18:00:35 -0700] "GET /addarticle.php HTTP/1.1" 200 13725 "http://www.saveaslave.com/country.php?name=Brasil&lang=pt" "Mozilla/5.0 (Windows NT 10.0; WOW64) AppleWebKit/537.36 (KHTML, like Gecko) Chrome/52.0.2743.116 Safari/537.36" "www.saveaslave.com"
190.115.183.247 - - [01/Sep/2016:18:00:37 -0700] "GET / HTTP/1.1" 200 90057 "http://www.saveaslave.com/country.php?name=Brasil&lang=pt" "Mozilla/5.0 (Windows NT 10.0; WOW64) AppleWebKit/537.36 (KHTML, like Gecko) Chrome/52.0.2743.116 Safari/537.36" "www.saveaslave.com"[0]
190.115.183.247 - - [01/Sep/2016:18:00:39 -0700] "GET /addarticle.php HTTP/1.1" 200 13725 "http://www.saveaslave.com/" "Mozilla/5.0 (Windows NT 10.0; WOW64) AppleWebKit/537.36 (KHTML, like Gecko) Chrome/52.0.2743.116 Safari/537.36" "www.saveaslave.com"
190.115.183.247 - - [01/Sep/2016:18:00:53 -0700] "GET /country.php?name=Brazil&lang=en HTTP/1.1" 200 55259 "http://www.saveaslave.com/" "Mozilla/5.0 (Windows NT 10.0; WOW64) AppleWebKit/537.36 (KHTML, like Gecko) Chrome/52.0.2743.116 Safari/537.36" "www.saveaslave.com"
190.115.183.247 - - [01/Sep/2016:18:00:54 -0700] "GET /addarticle.php HTTP/1.1" 200 13725 "http://www.saveaslave.com/country.php?name=Brazil&lang=en" "Mozilla/5.0 (Windows NT 10.0; WOW64) AppleWebKit/537.36 (KHTML, like Gecko) Chrome/52.0.2743.116 Safari/537.36" "www.saveaslave.com"
190.115.183.247 - - [01/Sep/2016:18:00:54 -0700] "GET /css/down-arrow.png HTTP/1.1" 404 89 "http://www.saveaslave.com/css/elements.css" "Mozilla/5.0 (Windows NT 10.0; WOW64) AppleWebKit/537.36 (KHTML, like Gecko) Chrome/52.0.2743.116 Safari/537.36" "www.saveaslave.com"
190.115.183.247 - - [01/Sep/2016:18:00:59 -0700] "GET /css/down-arrow.png HTTP/1.1" 404 89 "http://www.saveaslave.com/css/elements.css" "Mozilla/5.0 (Windows NT 10.0; WOW64) AppleWebKit/537.36 (KHTML, like Gecko) Chrome/52.0.2743.116 Safari/537.36" "www.saveaslave.com"
190.115.183.247 - - [01/Sep/2016:18:01:09 -0700] "GET /country.php?name=Brazil&lang=ru HTTP/1.1" 200 62281 "http://www.saveaslave.com/" "Mozilla/5.0 (Windows NT 10.0; WOW64) AppleWebKit/537.36 (KHTML, like Gecko) Chrome/52.0.2743.116 Safari/537.36" "www.saveaslave.com"[0]
190.115.183.247 - - [01/Sep/2016:18:01:10 -0700] "GET /images/article/1057439576.jpg HTTP/1.1" 200 28222 "http://www.saveaslave.com/country.php?name=Brazil&lang=ru" "Mozilla/5.0 (Windows NT 10.0; WOW64) AppleWebKit/537.36 (KHTML, like Gecko) Chrome/52.0.2743.116 Safari/537.36" "www.saveaslave.com"
190.115.183.247 - - [01/Sep/2016:18:01:10 -0700] "GET /addarticle.php HTTP/1.1" 200 13725 "http://www.saveaslave.com/country.php?name=Brazil&lang=ru" "Mozilla/5.0 (Windows NT 10.0; WOW64) AppleWebKit/537.36 (KHTML, like Gecko) Chrome/52.0.2743.116 Safari/537.36" "www.saveaslave.com"
190.115.183.247 - - [01/Sep/2016:18:01:10 -0700] "GET /images/article/kateryna_ardanyan.jpg HTTP/1.1" 200 45587 "http://www.saveaslave.com/country.php?name=Brazil&lang=ru" "Mozilla/5.0 (Windows NT 10.0; WOW64) AppleWebKit/537.36 (KHTML, like Gecko) Chrome/52.0.2743.116 Safari/537.36" "www.saveaslave.com"[0]
190.115.183.247 - - [01/Sep/2016:18:01:10 -0700] "GET /images/article/1402379001_o-torgovle-lyudmi-21.jpg HTTP/1.1" 200 33957 "http://www.saveaslave.com/country.php?name=Brazil&lang=ru" "Mozilla/5.0 (Windows NT 10.0; WOW64) AppleWebKit/537.36 (KHTML, like Gecko) Chrome/52.0.2743.116 Safari/537.36" "www.saveaslave.com"
190.115.183.247 - - [01/Sep/2016:18:01:10 -0700] "GET /images/article/56817c9496381.jpeg HTTP/1.1" 200 11230 "http://www.saveaslave.com/country.php?name=Brazil&lang=ru" "Mozilla/5.0 (Windows NT 10.0; WOW64) AppleWebKit/537.36 (KHTML, like Gecko) Chrome/52.0.2743.116 Safari/537.36" "www.saveaslave.com"[0]
190.115.183.247 - - [01/Sep/2016:18:01:11 -0700] "GET /css/down-arrow.png HTTP/1.1" 404 89 "http://www.saveaslave.com/css/elements.css" "Mozilla/5.0 (Windows NT 10.0; WOW64) AppleWebKit/537.36 (KHTML, like Gecko) Chrome/52.0.2743.116 Safari/537.36" "www.saveaslave.com"
190.115.183.247 - - [01/Sep/2016:18:01:48 -0700] "GET /phpmyadmin/tbl_select.php?db=saveaslave&table=countries&token=1f1fe12d365c94869f610e6a29bbdeeb HTTP/1.1" 200 4791 "http://saveaslave.com/phpmyadmin/tbl_select.php?db=saveaslave&table=countries&token=1f1fe12d365c94869f610e6a29bbdeeb" "Mozilla/5.0 (Windows NT 10.0; WOW64) AppleWebKit/537.36 (KHTML, like Gecko) Chrome/52.0.2743.116 Safari/537.36" "saveaslave.com"
190.115.183.247 - - [01/Sep/2016:18:01:56 -0700] "POST /phpmyadmin/tbl_select.php HTTP/1.1" 200 37738 "http://saveaslave.com/phpmyadmin/tbl_select.php?db=saveaslave&table=countries&token=1f1fe12d365c94869f610e6a29bbdeeb" "Mozilla/5.0 (Windows NT 10.0; WOW64) AppleWebKit/537.36 (KHTML, like Gecko) Chrome/52.0.2743.116 Safari/537.36" "saveaslave.com"[0]
190.115.183.247 - - [01/Sep/2016:18:03:04 -0700] "GET /css/down-arrow.png HTTP/1.1" 404 89 "http://www.saveaslave.com/css/elements.css" "Mozilla/5.0 (Windows NT 10.0; WOW64) AppleWebKit/537.36 (KHTML, like Gecko) Chrome/52.0.2743.116 Safari/537.36" "www.saveaslave.com"
190.115.183.247 - - [01/Sep/2016:18:03:15 -0700] "GET /addarticle.php HTTP/1.1" 200 13725 "http://www.saveaslave.com/country.php?name=Brazil&lang=en" "Mozilla/5.0 (Windows NT 10.0; WOW64) AppleWebKit/537.36 (KHTML, like Gecko) Chrome/52.0.2743.116 Safari/537.36" "www.saveaslave.com"
190.115.183.247 - - [01/Sep/2016:18:03:15 -0700] "GET /css/down-arrow.png HTTP/1.1" 404 89 "http://www.saveaslave.com/css/elements.css" "Mozilla/5.0 (Windows NT 10.0; WOW64) AppleWebKit/537.36 (KHTML, like Gecko) Chrome/52.0.2743.116 Safari/537.36" "www.saveaslave.com"
190.115.183.247 - - [01/Sep/2016:18:03:50 -0700] "POST /phpmyadmin/tbl_replace.php HTTP/1.1" 200 6211 "http://saveaslave.com/phpmyadmin/tbl_change.php?db=saveaslave&table=countries&where_clause=%60countries%60.%60id%60+%3D+311&clause_is_unique=1&sql_query=SELECT+%2A++FROM+%60countries%60+WHERE+%60name%60+LIKE+%27Brazil%27&goto=sql.php&default_action=update&token=1f1fe12d365c94869f610e6a29bbdeeb" "Mozilla/5.0 (Windows NT 10.0; WOW64) AppleWebKit/537.36 (KHTML, like Gecko) Chrome/52.0.2743.116 Safari/537.36" "saveaslave.com"[1]
190.115.183.247 - - [01/Sep/2016:18:03:54 -0700] "GET /country.php?name=Brazil&lang=en HTTP/1.1" 200 55259 "http://www.saveaslave.com/" "Mozilla/5.0 (Windows NT 10.0; WOW64) AppleWebKit/537.36 (KHTML, like Gecko) Chrome/52.0.2743.116 Safari/537.36" "www.saveaslave.com"
190.115.183.247 - - [01/Sep/2016:18:03:54 -0700] "GET /css/bootstrap.min.css HTTP/1.1" 200 65536 "http://www.saveaslave.com/country.php?name=Brazil&lang=en" "Mozilla/5.0 (Windows NT 10.0; WOW64) AppleWebKit/537.36 (KHTML, like Gecko) Chrome/52.0.2743.116 Safari/537.36" "www.saveaslave.com"
190.115.183.247 - - [01/Sep/2016:18:03:54 -0700] "GET /css/elements.css HTTP/1.1" 200 17857 "http://www.saveaslave.com/country.php?name=Brazil&lang=en" "Mozilla/5.0 (Windows NT 10.0; WOW64) AppleWebKit/537.36 (KHTML, like Gecko) Chrome/52.0.2743.116 Safari/537.36" "www.saveaslave.com"
190.115.183.247 - - [01/Sep/2016:18:03:54 -0700] "GET /assets/js/ie-emulation-modes-warning.js HTTP/1.1" 200 2130 "http://www.saveaslave.com/country.php?name=Brazil&lang=en" "Mozilla/5.0 (Windows NT 10.0; WOW64) AppleWebKit/537.36 (KHTML, like Gecko) Chrome/52.0.2743.116 Safari/537.36" "www.saveaslave.com"
190.115.183.247 - - [01/Sep/2016:18:03:54 -0700] "GET /gfeedfetcher.js HTTP/1.1" 200 9018 "http://www.saveaslave.com/country.php?name=Brazil&lang=en" "Mozilla/5.0 (Windows NT 10.0; WOW64) AppleWebKit/537.36 (KHTML, like Gecko) Chrome/52.0.2743.116 Safari/537.36" "www.saveaslave.com"
190.115.183.247 - - [01/Sep/2016:18:03:54 -0700] "GET /images/social2.png HTTP/1.1" 200 1752 "http://www.saveaslave.com/country.php?name=Brazil&lang=en" "Mozilla/5.0 (Windows NT 10.0; WOW64) AppleWebKit/537.36 (KHTML, like Gecko) Chrome/52.0.2743.116 Safari/537.36" "www.saveaslave.com"
190.115.183.247 - - [01/Sep/2016:18:03:54 -0700] "GET /images/social3.png HTTP/1.1" 200 4343 "http://www.saveaslave.com/country.php?name=Brazil&lang=en" "Mozilla/5.0 (Windows NT 10.0; WOW64) AppleWebKit/537.36 (KHTML, like Gecko) Chrome/52.0.2743.116 Safari/537.36" "www.saveaslave.com"
190.115.183.247 - - [01/Sep/2016:18:03:54 -0700] "GET /images/top-1.jpg HTTP/1.1" 200 77341 "http://www.saveaslave.com/country.php?name=Brazil&lang=en" "Mozilla/5.0 (Windows NT 10.0; WOW64) AppleWebKit/537.36 (KHTML, like Gecko) Chrome/52.0.2743.116 Safari/537.36" "www.saveaslave.com"
190.115.183.247 - - [01/Sep/2016:18:03:56 -0700] "GET /images/article/12801356_1164611646882393_4031395141683071941_n.jpg HTTP/1.1" 200 106665 "http://www.saveaslave.com/country.php?name=Brazil&lang=en" "Mozilla/5.0 (Windows NT 10.0; WOW64) AppleWebKit/537.36 (KHTML, like Gecko) Chrome/52.0.2743.116 Safari/537.36" "www.saveaslave.com"
190.115.183.247 - - [01/Sep/2016:18:03:56 -0700] "GET /images/article/restavek.jpg HTTP/1.1" 200 5410 "http://www.saveaslave.com/country.php?name=Brazil&lang=en" "Mozilla/5.0 (Windows NT 10.0; WOW64) AppleWebKit/537.36 (KHTML, like Gecko) Chrome/52.0.2743.116 Safari/537.36" "www.saveaslave.com"
190.115.183.247 - - [01/Sep/2016:18:03:56 -0700] "GET /images/article/end_it.jpg HTTP/1.1" 200 33676 "http://www.saveaslave.com/country.php?name=Brazil&lang=en" "Mozilla/5.0 (Windows NT 10.0; WOW64) AppleWebKit/537.36 (KHTML, like Gecko) Chrome/52.0.2743.116 Safari/537.36" "www.saveaslave.com"
190.115.183.247 - - [01/Sep/2016:18:03:56 -0700] "GET /images/article/s1_dety_beg_d9954.jpg HTTP/1.1" 200 16968 "http://www.saveaslave.com/country.php?name=Brazil&lang=en" "Mozilla/5.0 (Windows NT 10.0; WOW64) AppleWebKit/537.36 (KHTML, like Gecko) Chrome/52.0.2743.116 Safari/537.36" "www.saveaslave.com"
190.115.183.247 - - [01/Sep/2016:18:03:56 -0700] "GET /images/select-arrow.png HTTP/1.1" 200 1118 "http://www.saveaslave.com/country.php?name=Brazil&lang=en" "Mozilla/5.0 (Windows NT 10.0; WOW64) AppleWebKit/537.36 (KHTML, like Gecko) Chrome/52.0.2743.116 Safari/537.36" "www.saveaslave.com"
190.115.183.247 - - [01/Sep/2016:18:03:56 -0700] "GET /css/down-arrow.png HTTP/1.1" 404 89 "http://www.saveaslave.com/css/elements.css" "Mozilla/5.0 (Windows NT 10.0; WOW64) AppleWebKit/537.36 (KHTML, like Gecko) Chrome/52.0.2743.116 Safari/537.36" "www.saveaslave.com"
190.115.183.247 - - [01/Sep/2016:18:03:57 -0700] "GET /addarticle.php HTTP/1.1" 200 13725 "http://www.saveaslave.com/country.php?name=Brazil&lang=en" "Mozilla/5.0 (Windows NT 10.0; WOW64) AppleWebKit/537.36 (KHTML, like Gecko) Chrome/52.0.2743.116 Safari/537.36" "www.saveaslave.com"
190.115.183.247 - - [01/Sep/2016:18:03:57 -0700] "GET /css/bootstrap.min.css HTTP/1.1" 200 65536 "http://www.saveaslave.com/addarticle.php" "Mozilla/5.0 (Windows NT 10.0; WOW64) AppleWebKit/537.36 (KHTML, like Gecko) Chrome/52.0.2743.116 Safari/537.36" "www.saveaslave.com"[0]
190.115.183.247 - - [01/Sep/2016:18:03:57 -0700] "GET /css/elements.css HTTP/1.1" 200 17857 "http://www.saveaslave.com/addarticle.php" "Mozilla/5.0 (Windows NT 10.0; WOW64) AppleWebKit/537.36 (KHTML, like Gecko) Chrome/52.0.2743.116 Safari/537.36" "www.saveaslave.com"
190.115.183.247 - - [01/Sep/2016:18:04:00 -0700] "GET /ico/favicon-16x16.png HTTP/1.1" 200 1129 "http://www.saveaslave.com/country.php?name=Brazil&lang=en" "Mozilla/5.0 (Windows NT 10.0; WOW64) AppleWebKit/537.36 (KHTML, like Gecko) Chrome/52.0.2743.116 Safari/537.36" "www.saveaslave.com"
190.115.183.247 - - [01/Sep/2016:18:04:18 -0700] "GET /phpmyadmin/tbl_change.php?db=saveaslave&table=countries&where_clause=%60countries%60.%60id%60+%3D+310&clause_is_unique=1&sql_query=SELECT+%2A++FROM+%60countries%60+WHERE+%60name%60+LIKE+%27Brazil%27&goto=sql.php&default_action=update&token=1f1fe12d365c94869f610e6a29bbdeeb HTTP/1.1" 200 9395 "http://saveaslave.com/phpmyadmin/tbl_replace.php" "Mozilla/5.0 (Windows NT 10.0; WOW64) AppleWebKit/537.36 (KHTML, like Gecko) Chrome/52.0.2743.116 Safari/537.36" "saveaslave.com"[1]
190.115.183.247 - - [01/Sep/2016:18:04:59 -0700] "POST /phpmyadmin/tbl_replace.php HTTP/1.1" 200 6178 "http://saveaslave.com/phpmyadmin/tbl_change.php?db=saveaslave&table=countries&where_clause=%60countries%60.%60id%60+%3D+310&clause_is_unique=1&sql_query=SELECT+%2A++FROM+%60countries%60+WHERE+%60name%60+LIKE+%27Brazil%27&goto=sql.php&default_action=update&token=1f1fe12d365c94869f610e6a29bbdeeb" "Mozilla/5.0 (Windows NT 10.0; WOW64) AppleWebKit/537.36 (KHTML, like Gecko) Chrome/52.0.2743.116 Safari/537.36" "saveaslave.com"[3]
190.115.183.247 - - [01/Sep/2016:18:05:02 -0700] "GET /country.php?name=Brazil&lang=en HTTP/1.1" 200 55259 "-" "Mozilla/5.0 (Windows NT 10.0; WOW64) AppleWebKit/537.36 (KHTML, like Gecko) Chrome/52.0.2743.116 Safari/537.36" "www.saveaslave.com"
190.115.183.247 - - [01/Sep/2016:18:05:03 -0700] "GET /addarticle.php HTTP/1.1" 200 13725 "http://www.saveaslave.com/country.php?name=Brazil&lang=en" "Mozilla/5.0 (Windows NT 10.0; WOW64) AppleWebKit/537.36 (KHTML, like Gecko) Chrome/52.0.2743.116 Safari/537.36" "www.saveaslave.com"
190.115.183.247 - - [01/Sep/2016:18:07:34 -0700] "GET /phpmyadmin/index.php?token=1f1fe12d365c94869f610e6a29bbdeeb&old_usr=martindiamond289 HTTP/1.1" 200 7506 "http://saveaslave.com/phpmyadmin/navigation.php?token=1f1fe12d365c94869f610e6a29bbdeeb&db=saveaslave" "Mozilla/5.0 (Windows NT 10.0; WOW64) AppleWebKit/537.36 (KHTML, like Gecko) Chrome/52.0.2743.116 Safari/537.36" "saveaslave.com"
65.36.241.48 - - [01/Sep/2016:18:09:20 -0700] "HEAD / HTTP/1.1" 200 0 "-" "InternetSeer.com" "www.saveaslave.com"
123.125.71.111 - - [01/Sep/2016:18:17:01 -0700] "GET /sitebuilder/images/Nav_Bar_Main-20-inactive-97402.png HTTP/1.1" 404 89 "http://image.baidu.com/i?ct=503316480&z=0&tn=baiduimagedetail" "Baiduspider-image+(+http://www.baidu.com/search/spider.htm)" "saveaslave.com"
141.164.182.26 - - [01/Sep/2016:18:22:33 -0700] "GET /images/top.jpg HTTP/1.1" 200 50519 "https://www.google.com/" "Mozilla/5.0 (Macintosh; Intel Mac OS X 10_10_5) AppleWebKit/601.6.17 (KHTML, like Gecko) Version/9.1.1 Safari/601.6.17" "www.saveaslave.com"
104.156.230.231 - - [01/Sep/2016:18:49:36 -0700] "HEAD /ico/apple-icon-152x152.png HTTP/1.1" 200 0 "-" "Mozilla/5.0 (Windows NT 6.1; WOW64) AppleWebKit/537.36 (KHTML, like Gecko) Chrome/40.0.2214.115 Safari/537.36" "saveaslave.com"
216.244.66.230 - - [01/Sep/2016:19:11:31 -0700] "GET /robots.txt HTTP/1.1" 200 48 "-" "Mozilla/5.0 (compatible; DotBot/1.1; http://www.opensiteexplorer.org/dotbot, help@moz.com)" "saveaslave.com"
216.244.66.230 - - [01/Sep/2016:19:11:31 -0700] "GET /robots.txt HTTP/1.1" 200 48 "-" "Mozilla/5.0 (compatible; DotBot/1.1; http://www.opensiteexplorer.org/dotbot, help@moz.com)" "www.saveaslave.com"
85.93.91.84 - - [01/Sep/2016:19:24:37 -0700] "GET /robots.txt HTTP/1.1" 200 48 "-" "Mozilla/5.0 (compatible; DeuSu/5.0.2; +https://deusu.de/robot.html)" "www.saveaslave.com"
216.244.66.240 - - [01/Sep/2016:19:26:06 -0700] "GET /robots.txt HTTP/1.1" 200 48 "-" "Mozilla/5.0 (compatible; DotBot/1.1; http://www.opensiteexplorer.org/dotbot, help@moz.com)" "saveaslave.com"
216.244.66.230 - - [01/Sep/2016:19:32:41 -0700] "GET /www.ririki.org/mx HTTP/1.1" 404 89 "-" "Mozilla/5.0 (compatible; DotBot/1.1; http://www.opensiteexplorer.org/dotbot, help@moz.com)" "www.saveaslave.com"
216.244.66.230 - - [01/Sep/2016:19:34:27 -0700] "GET /article.php?id=3 HTTP/1.1" 200 50935 "-" "Mozilla/5.0 (compatible; DotBot/1.1; http://www.opensiteexplorer.org/dotbot, help@moz.com)" "saveaslave.com"[1]
216.244.66.240 - - [01/Sep/2016:20:18:45 -0700] "GET /www.clinicaromero.com HTTP/1.1" 404 89 "-" "Mozilla/5.0 (compatible; DotBot/1.1; http://www.opensiteexplorer.org/dotbot, help@moz.com)" "saveaslave.com"
216.244.66.240 - - [01/Sep/2016:20:18:45 -0700] "GET /www.clinicaromero.com HTTP/1.1" 404 89 "-" "Mozilla/5.0 (compatible; DotBot/1.1; http://www.opensiteexplorer.org/dotbot, help@moz.com)" "saveaslave.com"
216.244.66.240 - - [01/Sep/2016:20:21:13 -0700] "GET /www.eastwestplayers.org HTTP/1.1" 404 89 "-" "Mozilla/5.0 (compatible; DotBot/1.1; http://www.opensiteexplorer.org/dotbot, help@moz.com)" "www.saveaslave.com"
120.27.35.11 - - [01/Sep/2016:20:51:06 -0700] "GET /xmlrpc.php HTTP/1.1" 200 73 "-" "-" "saveaslave.com"
120.27.35.11 - - [01/Sep/2016:20:51:06 -0700] "HEAD /wp-login.php HTTP/1.1" 404 0 "-" "-" "saveaslave.com"[0]
216.244.66.230 - - [01/Sep/2016:21:34:46 -0700] "GET /robots.txt HTTP/1.1" 200 48 "-" "Mozilla/5.0 (compatible; DotBot/1.1; http://www.opensiteexplorer.org/dotbot, help@moz.com)" "www.saveaslave.com"[0]
216.244.66.230 - - [01/Sep/2016:21:34:46 -0700] "GET /robots.txt HTTP/1.1" 200 48 "-" "Mozilla/5.0 (compatible; DotBot/1.1; http://www.opensiteexplorer.org/dotbot, help@moz.com)" "saveaslave.com"
216.244.66.230 - - [01/Sep/2016:21:39:04 -0700] "GET /robots.txt HTTP/1.1" 200 48 "-" "Mozilla/5.0 (compatible; DotBot/1.1; http://www.opensiteexplorer.org/dotbot, help@moz.com)" "saveaslave.com"
65.36.241.48 - - [01/Sep/2016:21:39:29 -0700] "HEAD / HTTP/1.1" 200 0 "-" "InternetSeer.com" "www.saveaslave.com"
40.77.167.32 - - [01/Sep/2016:21:56:24 -0700] "GET /Adoption.html HTTP/1.1" 404 89 "-" "Mozilla/5.0 (compatible; bingbot/2.0; +http://www.bing.com/bingbot.htm)" "saveaslave.com"[0]
216.244.66.230 - - [01/Sep/2016:22:06:11 -0700] "GET /site/?p=60 HTTP/1.1" 404 89 "-" "Mozilla/5.0 (compatible; DotBot/1.1; http://www.opensiteexplorer.org/dotbot, help@moz.com)" "saveaslave.com"[0]
216.244.66.230 - - [01/Sep/2016:22:14:14 -0700] "GET /www.ririki.org/mx HTTP/1.1" 404 89 "-" "Mozilla/5.0 (compatible; DotBot/1.1; http://www.opensiteexplorer.org/dotbot, help@moz.com)" "www.saveaslave.com"
85.93.91.84 - - [01/Sep/2016:22:14:33 -0700] "GET /robots.txt HTTP/1.1" 200 48 "-" "Mozilla/5.0 (compatible; DeuSu/5.0.2; +https://deusu.de/robot.html)" "saveaslave.com"
85.93.91.84 - - [01/Sep/2016:22:14:34 -0700] "GET /contact-us.php HTTP/1.1" 200 30488 "-" "Mozilla/5.0 (compatible; DeuSu/5.0.2; +https://deusu.de/robot.html)" "saveaslave.com"
216.244.66.230 - - [01/Sep/2016:22:16:41 -0700] "GET /article.php?id=3 HTTP/1.1" 200 50935 "-" "Mozilla/5.0 (compatible; DotBot/1.1; http://www.opensiteexplorer.org/dotbot, help@moz.com)" "saveaslave.com"[2]
162.245.83.3 - - [01/Sep/2016:22:17:04 -0700] "GET / HTTP/1.1" 200 90057 "http://www.google.com" "Mozilla/5.0 (Windows NT 6.1; Win64; x64; rv:25.0) Gecko/20100101 Firefox/25.0" "saveaslave.com"
216.244.66.230 - - [01/Sep/2016:22:18:10 -0700] "GET /www.ayuda.com HTTP/1.1" 404 89 "-" "Mozilla/5.0 (compatible; DotBot/1.1; http://www.opensiteexplorer.org/dotbot, help@moz.com)" "saveaslave.com"
216.244.66.230 - - [01/Sep/2016:22:18:11 -0700] "GET /www.longbeach.gov HTTP/1.1" 404 89 "-" "Mozilla/5.0 (compatible; DotBot/1.1; http://www.opensiteexplorer.org/dotbot, help@moz.com)" "saveaslave.com"
69.30.234.2 - - [01/Sep/2016:23:07:16 -0700] "GET /italy HTTP/1.1" 404 89 "-" "Mozilla/5.0 (compatible; MJ12bot/v1.4.5; http://www.majestic12.co.uk/bot.php?+)" "saveaslave.com"
109.130.217.46 - - [01/Sep/2016:23:25:49 -0700] "GET /?tpl=hospitals&Itemid=11&countrycode=us HTTP/1.1" 200 90093 "-" "Mozilla/5.0 (compatible; MJ12bot/v1.4.5; http://www.majestic12.co.uk/bot.php?+)" "www.saveaslave.com"
216.244.66.240 - - [01/Sep/2016:23:43:15 -0700] "GET /robots.txt HTTP/1.1" 200 48 "-" "Mozilla/5.0 (compatible; DotBot/1.1; http://www.opensiteexplorer.org/dotbot, help@moz.com)" "www.saveaslave.com"
216.244.66.240 - - [01/Sep/2016:23:43:15 -0700] "GET /robots.txt HTTP/1.1" 200 48 "-" "Mozilla/5.0 (compatible; DotBot/1.1; http://www.opensiteexplorer.org/dotbot, help@moz.com)" "saveaslave.com"
65.36.241.48 - - [01/Sep/2016:23:43:17 -0700] "HEAD / HTTP/1.1" 200 0 "-" "InternetSeer.com" "www.saveaslave.com"
178.137.163.253 - - [02/Sep/2016:00:09:29 -0700] "GET / HTTP/1.1" 200 90057 "http://vremya.eu/stati/zdorove-i-medicina/kosmetologicheskii-centr-yeterija-odessa.html" "Mozilla/4.0 (compatible; MSIE 5.01; Windows 95; MSIECrawler)" "www.saveaslave.com"
178.137.163.253 - - [02/Sep/2016:00:09:29 -0700] "GET / HTTP/1.1" 200 90057 "http://vremya.eu/stati/zdorove-i-medicina/kosmetologicheskii-centr-yeterija-odessa.html" "Mozilla/4.0 (compatible; MSIE 5.01; Windows 95; MSIECrawler)" "www.saveaslave.com"[0]
148.251.138.39 - - [02/Sep/2016:00:15:07 -0700] "GET /robots.txt HTTP/1.1" 200 48 "-" "Mozilla/5.0 (compatible; BLEXBot/1.0; +http://webmeup-crawler.com/)" "saveaslave.com"
148.251.138.39 - - [02/Sep/2016:00:15:08 -0700] "GET /robots.txt HTTP/1.1" 200 48 "-" "Mozilla/5.0 (compatible; BLEXBot/1.0; +http://webmeup-crawler.com/)" "www.saveaslave.com"
148.251.138.39 - - [02/Sep/2016:00:15:26 -0700] "GET /article.php?id=114 HTTP/1.1" 200 43947 "-" "Mozilla/5.0 (compatible; BLEXBot/1.0; +http://webmeup-crawler.com/)" "saveaslave.com"[1]
148.251.138.39 - - [02/Sep/2016:00:16:13 -0700] "GET /in-russian.php?lang=ru HTTP/1.1" 200 93400 "-" "Mozilla/5.0 (compatible; BLEXBot/1.0; +http://webmeup-crawler.com/)" "saveaslave.com"
148.251.138.39 - - [02/Sep/2016:00:16:29 -0700] "GET /our-supporters.php HTTP/1.1" 200 55486 "-" "Mozilla/5.0 (compatible; BLEXBot/1.0; +http://webmeup-crawler.com/)" "saveaslave.com"
148.251.138.39 - - [02/Sep/2016:00:16:43 -0700] "GET /article.php?id=114 HTTP/1.1" 200 43947 "-" "Mozilla/5.0 (compatible; BLEXBot/1.0; +http://webmeup-crawler.com/)" "www.saveaslave.com"
148.251.138.39 - - [02/Sep/2016:00:16:56 -0700] "GET /article.php?id=46 HTTP/1.1" 200 49323 "-" "Mozilla/5.0 (compatible; BLEXBot/1.0; +http://webmeup-crawler.com/)" "www.saveaslave.com"
148.251.138.39 - - [02/Sep/2016:00:17:00 -0700] "GET /article.php?id=86 HTTP/1.1" 200 44007 "-" "Mozilla/5.0 (compatible; BLEXBot/1.0; +http://webmeup-crawler.com/)" "www.saveaslave.com"
148.251.138.39 - - [02/Sep/2016:00:17:04 -0700] "GET /contact-us.php HTTP/1.1" 200 30488 "-" "Mozilla/5.0 (compatible; BLEXBot/1.0; +http://webmeup-crawler.com/)" "www.saveaslave.com"
148.251.138.39 - - [02/Sep/2016:00:17:13 -0700] "GET /disclaimer.php HTTP/1.1" 200 47980 "-" "Mozilla/5.0 (compatible; BLEXBot/1.0; +http://webmeup-crawler.com/)" "www.saveaslave.com"[0]
148.251.138.39 - - [02/Sep/2016:00:17:22 -0700] "GET /index.php HTTP/1.1" 200 90093 "-" "Mozilla/5.0 (compatible; BLEXBot/1.0; +http://webmeup-crawler.com/)" "www.saveaslave.com"[0]
148.251.138.39 - - [02/Sep/2016:00:17:37 -0700] "GET /our-supporters.php HTTP/1.1" 200 55486 "-" "Mozilla/5.0 (compatible; BLEXBot/1.0; +http://webmeup-crawler.com/)" "www.saveaslave.com"
114.75.212.232 - - [02/Sep/2016:00:33:39 -0700] "GET /images/article6.jpg HTTP/1.1" 200 57746 "https://www.google.com.au/" "Mozilla/5.0 (Windows NT 6.1; WOW64) AppleWebKit/537.36 (KHTML, like Gecko) Chrome/52.0.2743.116 Safari/537.36" "www.saveaslave.com"
40.77.167.32 - - [02/Sep/2016:00:42:57 -0700] "GET /benin.html HTTP/1.1" 404 89 "-" "Mozilla/5.0 (compatible; bingbot/2.0; +http://www.bing.com/bingbot.htm)" "saveaslave.com"
40.77.167.32 - - [02/Sep/2016:00:42:58 -0700] "GET /in-russian HTTP/1.1" 200 91390 "-" "Mozilla/5.0 (compatible; bingbot/2.0; +http://www.bing.com/bingbot.htm)" "saveaslave.com"[1]
65.36.241.48 - - [02/Sep/2016:01:26:56 -0700] "HEAD / HTTP/1.1" 200 0 "-" "InternetSeer.com" "www.saveaslave.com"
216.244.66.230 - - [02/Sep/2016:01:28:27 -0700] "GET /robots.txt HTTP/1.1" 200 48 "-" "Mozilla/5.0 (compatible; DotBot/1.1; http://www.opensiteexplorer.org/dotbot, help@moz.com)" "saveaslave.com"
66.249.75.58 - - [02/Sep/2016:01:39:49 -0700] "GET /togo HTTP/1.1" 404 89 "-" "Mozilla/5.0 (Linux; Android 6.0.1; Nexus 5X Build/MMB29P) AppleWebKit/537.36 (KHTML, like Gecko) Chrome/41.0.2272.96 Mobile Safari/537.36 (compatible; Googlebot/2.1; +http://www.google.com/bot.html)" "www.saveaslave.com"[0]
100.43.81.153 - - [02/Sep/2016:01:58:37 -0700] "GET /robots.txt HTTP/1.1" 200 48 "-" "Mozilla/5.0 (compatible; YandexBot/3.0; +http://yandex.com/bots)" "saveaslave.com"
141.8.143.182 - - [02/Sep/2016:01:58:41 -0700] "GET /ico/favicon-16x16.png HTTP/1.1" 200 1129 "-" "Mozilla/5.0 (compatible; YandexBot/3.0; +http://yandex.com/bots)" "saveaslave.com"
216.244.66.230 - - [02/Sep/2016:02:11:13 -0700] "GET /article.php?id=17 HTTP/1.1" 200 45248 "-" "Mozilla/5.0 (compatible; DotBot/1.1; http://www.opensiteexplorer.org/dotbot, help@moz.com)" "saveaslave.com"
65.36.241.48 - - [02/Sep/2016:03:12:47 -0700] "HEAD / HTTP/1.1" 200 0 "-" "InternetSeer.com" "www.saveaslave.com"
5.9.123.116 - - [02/Sep/2016:03:20:40 -0700] "GET /robots.txt HTTP/1.1" 200 48 "-" "Mozilla/5.0 (compatible; MJ12bot/v1.4.5; http://www.majestic12.co.uk/bot.php?+)" "www.saveaslave.com"
220.181.108.123 - - [02/Sep/2016:03:30:48 -0700] "GET / HTTP/1.1" 200 65536 "-" "Mozilla/5.0 (compatible; Baiduspider/2.0; +http://www.baidu.com/search/spider.html)" "saveaslave.com"[2]
54.235.164.217 - - [02/Sep/2016:03:57:38 -0700] "GET /algeria.html HTTP/1.1" 404 89 "-" "Mozilla/5.0 (Macintosh; Intel Mac OS X 10_10_1) AppleWebKit/537.36 (KHTML, like Gecko) Chrome/39.0.2171.95 Safari/537.36" "saveaslave.com"
54.235.164.217 - - [02/Sep/2016:03:57:38 -0700] "GET /argentina.html HTTP/1.1" 404 89 "-" "Mozilla/5.0 (Macintosh; Intel Mac OS X 10_10_1) AppleWebKit/537.36 (KHTML, like Gecko) Chrome/39.0.2171.95 Safari/537.36" "saveaslave.com"
54.235.164.217 - - [02/Sep/2016:03:57:38 -0700] "GET /aruba.html HTTP/1.1" 404 89 "-" "Mozilla/5.0 (Macintosh; Intel Mac OS X 10_10_1) AppleWebKit/537.36 (KHTML, like Gecko) Chrome/39.0.2171.95 Safari/537.36" "saveaslave.com"
54.235.164.217 - - [02/Sep/2016:03:57:38 -0700] "GET /armenia.html HTTP/1.1" 404 89 "-" "Mozilla/5.0 (Macintosh; Intel Mac OS X 10_10_1) AppleWebKit/537.36 (KHTML, like Gecko) Chrome/39.0.2171.95 Safari/537.36" "saveaslave.com"
54.235.164.217 - - [02/Sep/2016:03:57:38 -0700] "GET /azkaban2.html HTTP/1.1" 404 89 "-" "Mozilla/5.0 (Macintosh; Intel Mac OS X 10_10_1) AppleWebKit/537.36 (KHTML, like Gecko) Chrome/39.0.2171.95 Safari/537.36" "saveaslave.com"
54.235.164.217 - - [02/Sep/2016:03:57:57 -0700] "GET /albania.html HTTP/1.1" 404 89 "-" "Mozilla/5.0 (Macintosh; Intel Mac OS X 10_10_1) AppleWebKit/537.36 (KHTML, like Gecko) Chrome/39.0.2171.95 Safari/537.36" "www.saveaslave.com"
54.235.164.217 - - [02/Sep/2016:03:57:57 -0700] "GET /albania.html HTTP/1.1" 404 89 "-" "Mozilla/5.0 (Macintosh; Intel Mac OS X 10_10_1) AppleWebKit/537.36 (KHTML, like Gecko) Chrome/39.0.2171.95 Safari/537.36" "saveaslave.com"
54.235.164.217 - - [02/Sep/2016:03:58:05 -0700] "GET /austria.html HTTP/1.1" 404 89 "-" "Mozilla/5.0 (Macintosh; Intel Mac OS X 10_10_1) AppleWebKit/537.36 (KHTML, like Gecko) Chrome/39.0.2171.95 Safari/537.36" "www.saveaslave.com"
216.244.66.240 - - [02/Sep/2016:04:14:34 -0700] "GET /www.immigrantjustice.org HTTP/1.1" 404 89 "-" "Mozilla/5.0 (compatible; DotBot/1.1; http://www.opensiteexplorer.org/dotbot, help@moz.com)" "www.saveaslave.com"
216.244.66.240 - - [02/Sep/2016:04:15:28 -0700] "GET /www.immigrantjustice.org HTTP/1.1" 404 89 "-" "Mozilla/5.0 (compatible; DotBot/1.1; http://www.opensiteexplorer.org/dotbot, help@moz.com)" "www.saveaslave.com"
216.244.66.240 - - [02/Sep/2016:04:15:35 -0700] "GET /article.php?id=63 HTTP/1.1" 200 45551 "-" "Mozilla/5.0 (compatible; DotBot/1.1; http://www.opensiteexplorer.org/dotbot, help@moz.com)" "saveaslave.com"
85.25.210.234 - - [02/Sep/2016:04:16:38 -0700] "GET /robots.txt HTTP/1.1" 200 48 "-" "Mozilla/5.0 (compatible; seoscanners.net/1; +spider@seoscanners.net)" "saveaslave.com"
85.25.210.234 - - [02/Sep/2016:04:16:38 -0700] "GET /images/article/2239.jpg HTTP/1.1" 200 89745 "-" "Mozilla/5.0 (compatible; seoscanners.net/1; +spider@seoscanners.net)" "saveaslave.com"
157.55.39.30 - - [02/Sep/2016:04:25:42 -0700] "GET /images/supporters/logo_header.jpg HTTP/1.1" 200 10679 "-" "Mozilla/5.0 (compatible; bingbot/2.0; +http://www.bing.com/bingbot.htm)" "saveaslave.com"
157.55.39.30 - - [02/Sep/2016:04:25:54 -0700] "GET /?itemid=1 HTTP/1.1" 200 90093 "-" "Mozilla/5.0 (compatible; bingbot/2.0; +http://www.bing.com/bingbot.htm)" "saveaslave.com"
157.55.39.30 - - [02/Sep/2016:04:26:14 -0700] "GET /index.php HTTP/1.1" 200 90093 "-" "Mozilla/5.0 (compatible; bingbot/2.0; +http://www.bing.com/bingbot.htm)" "saveaslave.com"
157.55.39.30 - - [02/Sep/2016:04:26:33 -0700] "GET /?Itemid=1 HTTP/1.1" 200 90093 "-" "Mozilla/5.0 (compatible; bingbot/2.0; +http://www.bing.com/bingbot.htm)" "saveaslave.com"[1]
157.55.39.30 - - [02/Sep/2016:04:26:42 -0700] "GET /senegal HTTP/1.1" 404 89 "-" "Mozilla/5.0 (compatible; bingbot/2.0; +http://www.bing.com/bingbot.htm)" "saveaslave.com"[0]
157.55.39.30 - - [02/Sep/2016:04:27:04 -0700] "GET /contact-usr.php HTTP/1.1" 200 19817 "-" "Mozilla/5.0 (compatible; bingbot/2.0; +http://www.bing.com/bingbot.htm)" "saveaslave.com"
157.55.39.30 - - [02/Sep/2016:04:27:14 -0700] "GET /who-we-arer.php HTTP/1.1" 200 72578 "-" "Mozilla/5.0 (compatible; bingbot/2.0; +http://www.bing.com/bingbot.htm)" "saveaslave.com"[1]
110.179.217.184 - - [02/Sep/2016:04:48:24 -0700] "GET / HTTP/1.1" 200 90093 "-" "Mozilla/4.0 (compatible; MSIE8.0; Windows NT 6.0) .NET CLR 2.0.50727)" "saveaslave.com"[1]
65.36.241.48 - - [02/Sep/2016:04:56:14 -0700] "HEAD / HTTP/1.1" 200 0 "-" "InternetSeer.com" "www.saveaslave.com"
216.244.66.230 - - [02/Sep/2016:05:00:48 -0700] "GET /robots.txt HTTP/1.1" 200 48 "-" "Mozilla/5.0 (compatible; DotBot/1.1; http://www.opensiteexplorer.org/dotbot, help@moz.com)" "saveaslave.com"
46.118.157.136 - - [02/Sep/2016:05:05:47 -0700] "GET / HTTP/1.1" 200 90057 "https://takeitdumps.com/" "Mozilla/4.0 (compatible; MSIE 7.0b; Windows NT 6.0)" "www.saveaslave.com"[1]
51.255.36.86 - - [02/Sep/2016:05:47:07 -0700] "GET /robots.txt HTTP/1.1" 200 48 "-" "Mozilla/5.0 (compatible; MJ12bot/v1.4.5; http://www.majestic12.co.uk/bot.php?+)" "saveaslave.com"
110.179.217.184 - - [02/Sep/2016:05:50:02 -0700] "GET / HTTP/1.1" 200 90093 "-" "Mozilla/4.0 (compatible; MSIE8.0; Windows NT 6.0) .NET CLR 2.0.50727)" "saveaslave.com"
216.244.66.230 - - [02/Sep/2016:06:08:47 -0700] "GET /article.php?id=17 HTTP/1.1" 200 45248 "-" "Mozilla/5.0 (compatible; DotBot/1.1; http://www.opensiteexplorer.org/dotbot, help@moz.com)" "saveaslave.com"
216.244.66.230 - - [02/Sep/2016:06:09:04 -0700] "GET /www.legalmomentum.org HTTP/1.1" 404 89 "-" "Mozilla/5.0 (compatible; DotBot/1.1; http://www.opensiteexplorer.org/dotbot, help@moz.com)" "www.saveaslave.com"
151.80.97.149 - - [02/Sep/2016:06:15:14 -0700] "GET / HTTP/1.1" 200 90093 "-" "-" "saveaslave.com"
163.172.34.17 - - [02/Sep/2016:06:15:21 -0700] "GET /robots.txt HTTP/1.1" 200 48 "-" "-" "saveaslave.com"
163.172.34.17 - - [02/Sep/2016:06:15:21 -0700] "GET /sitemap.xml HTTP/1.1" 200 296 "-" "-" "saveaslave.com"
163.172.34.17 - - [02/Sep/2016:06:15:22 -0700] "GET / HTTP/1.1" 200 90093 "-" "-" "saveaslave.com"
69.250.217.179 - - [02/Sep/2016:06:41:35 -0700] "GET / HTTP/1.1" 200 90057 "https://www.google.com/" "Mozilla/5.0 (Windows NT 10.0; WOW64; rv:48.0) Gecko/20100101 Firefox/48.0" "www.saveaslave.com"
69.250.217.179 - - [02/Sep/2016:06:41:35 -0700] "GET /ico/favicon-16x16.png HTTP/1.1" 200 1129 "-" "Mozilla/5.0 (Windows NT 10.0; WOW64; rv:48.0) Gecko/20100101 Firefox/48.0" "www.saveaslave.com"
69.250.217.179 - - [02/Sep/2016:06:41:35 -0700] "GET / HTTP/1.1" 200 90057 "https://www.google.com/" "Mozilla/5.0 (Windows NT 10.0; WOW64; rv:48.0) Gecko/20100101 Firefox/48.0" "www.saveaslave.com"
69.250.217.179 - - [02/Sep/2016:06:41:35 -0700] "GET /css/bootstrap.min.css HTTP/1.1" 200 123578 "http://www.saveaslave.com/" "Mozilla/5.0 (Windows NT 10.0; WOW64; rv:48.0) Gecko/20100101 Firefox/48.0" "www.saveaslave.com"
69.250.217.179 - - [02/Sep/2016:06:41:35 -0700] "GET /css/style.css HTTP/1.1" 200 7938 "http://www.saveaslave.com/" "Mozilla/5.0 (Windows NT 10.0; WOW64; rv:48.0) Gecko/20100101 Firefox/48.0" "www.saveaslave.com"
69.250.217.179 - - [02/Sep/2016:06:41:35 -0700] "GET /gfeedfetcher.js HTTP/1.1" 200 9018 "http://www.saveaslave.com/" "Mozilla/5.0 (Windows NT 10.0; WOW64; rv:48.0) Gecko/20100101 Firefox/48.0" "www.saveaslave.com"
69.250.217.179 - - [02/Sep/2016:06:41:35 -0700] "GET /css/elements.css HTTP/1.1" 200 17857 "http://www.saveaslave.com/" "Mozilla/5.0 (Windows NT 10.0; WOW64; rv:48.0) Gecko/20100101 Firefox/48.0" "www.saveaslave.com"
69.250.217.179 - - [02/Sep/2016:06:41:35 -0700] "GET /assets/js/ie-emulation-modes-warning.js HTTP/1.1" 200 2130 "http://www.saveaslave.com/" "Mozilla/5.0 (Windows NT 10.0; WOW64; rv:48.0) Gecko/20100101 Firefox/48.0" "www.saveaslave.com"[0]
69.250.217.179 - - [02/Sep/2016:06:41:35 -0700] "GET /gajaxscroller.js HTTP/1.1" 200 9774 "http://www.saveaslave.com/" "Mozilla/5.0 (Windows NT 10.0; WOW64; rv:48.0) Gecko/20100101 Firefox/48.0" "www.saveaslave.com"
69.250.217.179 - - [02/Sep/2016:06:41:36 -0700] "GET /assets/js/ie10-viewport-bug-workaround.js HTTP/1.1" 200 641 "http://www.saveaslave.com/" "Mozilla/5.0 (Windows NT 10.0; WOW64; rv:48.0) Gecko/20100101 Firefox/48.0" "www.saveaslave.com"
69.250.217.179 - - [02/Sep/2016:06:41:36 -0700] "GET /favicon.ico HTTP/1.1" 404 89 "-" "Mozilla/5.0 (Windows NT 10.0; WOW64; rv:48.0) Gecko/20100101 Firefox/48.0" "www.saveaslave.com"
69.250.217.179 - - [02/Sep/2016:06:41:36 -0700] "GET /js/bootstrap.min.js HTTP/1.1" 200 37055 "http://www.saveaslave.com/" "Mozilla/5.0 (Windows NT 10.0; WOW64; rv:48.0) Gecko/20100101 Firefox/48.0" "www.saveaslave.com"
69.250.217.179 - - [02/Sep/2016:06:41:36 -0700] "GET /images/article/s1_dety_beg_d9954.jpg HTTP/1.1" 200 16968 "http://www.saveaslave.com/" "Mozilla/5.0 (Windows NT 10.0; WOW64; rv:48.0) Gecko/20100101 Firefox/48.0" "www.saveaslave.com"
69.250.217.179 - - [02/Sep/2016:06:41:36 -0700] "GET /images/article/end_it.jpg HTTP/1.1" 200 33676 "http://www.saveaslave.com/" "Mozilla/5.0 (Windows NT 10.0; WOW64; rv:48.0) Gecko/20100101 Firefox/48.0" "www.saveaslave.com"
69.250.217.179 - - [02/Sep/2016:06:41:36 -0700] "GET /images/social1.png HTTP/1.1" 200 2012 "http://www.saveaslave.com/" "Mozilla/5.0 (Windows NT 10.0; WOW64; rv:48.0) Gecko/20100101 Firefox/48.0" "www.saveaslave.com"
69.250.217.179 - - [02/Sep/2016:06:41:36 -0700] "GET /images/logo2.png HTTP/1.1" 200 18525 "http://www.saveaslave.com/" "Mozilla/5.0 (Windows NT 10.0; WOW64; rv:48.0) Gecko/20100101 Firefox/48.0" "www.saveaslave.com"
69.250.217.179 - - [02/Sep/2016:06:41:36 -0700] "GET /images/top.jpg HTTP/1.1" 200 50519 "http://www.saveaslave.com/" "Mozilla/5.0 (Windows NT 10.0; WOW64; rv:48.0) Gecko/20100101 Firefox/48.0" "www.saveaslave.com"
69.250.217.179 - - [02/Sep/2016:06:41:36 -0700] "GET /images/cover1.jpg HTTP/1.1" 200 253658 "http://www.saveaslave.com/" "Mozilla/5.0 (Windows NT 10.0; WOW64; rv:48.0) Gecko/20100101 Firefox/48.0" "www.saveaslave.com"
69.250.217.179 - - [02/Sep/2016:06:41:36 -0700] "GET /images/social2.png HTTP/1.1" 200 1752 "http://www.saveaslave.com/" "Mozilla/5.0 (Windows NT 10.0; WOW64; rv:48.0) Gecko/20100101 Firefox/48.0" "www.saveaslave.com"
69.250.217.179 - - [02/Sep/2016:06:41:36 -0700] "GET /images/social3.png HTTP/1.1" 200 4343 "http://www.saveaslave.com/" "Mozilla/5.0 (Windows NT 10.0; WOW64; rv:48.0) Gecko/20100101 Firefox/48.0" "www.saveaslave.com"
69.250.217.179 - - [02/Sep/2016:06:41:36 -0700] "GET /indicator.gif HTTP/1.1" 200 878 "http://www.saveaslave.com/" "Mozilla/5.0 (Windows NT 10.0; WOW64; rv:48.0) Gecko/20100101 Firefox/48.0" "www.saveaslave.com"
69.250.217.179 - - [02/Sep/2016:06:41:36 -0700] "GET /images/select-arrow.png HTTP/1.1" 200 1118 "http://www.saveaslave.com/css/style.css" "Mozilla/5.0 (Windows NT 10.0; WOW64; rv:48.0) Gecko/20100101 Firefox/48.0" "www.saveaslave.com"
69.250.217.179 - - [02/Sep/2016:06:41:36 -0700] "GET /css/down-arrow.png HTTP/1.1" 404 89 "http://www.saveaslave.com/css/elements.css" "Mozilla/5.0 (Windows NT 10.0; WOW64; rv:48.0) Gecko/20100101 Firefox/48.0" "www.saveaslave.com"
69.250.217.179 - - [02/Sep/2016:06:41:37 -0700] "GET /addarticle.php HTTP/1.1" 200 13725 "http://www.saveaslave.com/" "Mozilla/5.0 (Windows NT 10.0; WOW64; rv:48.0) Gecko/20100101 Firefox/48.0" "www.saveaslave.com"[1]
84.213.178.51 - - [02/Sep/2016:06:46:35 -0700] "GET /robots.txt HTTP/1.1" 200 48 "-" "Mozilla/5.0 (compatible; MJ12bot/v1.4.5; http://www.majestic12.co.uk/bot.php?+)" "saveaslave.com"
84.213.178.51 - - [02/Sep/2016:06:46:40 -0700] "GET /our-news.php HTTP/1.1" 200 65082 "-" "Mozilla/5.0 (compatible; MJ12bot/v1.4.5; http://www.majestic12.co.uk/bot.php?+)" "saveaslave.com"[1]
216.244.66.240 - - [02/Sep/2016:06:47:31 -0700] "GET /robots.txt HTTP/1.1" 200 48 "-" "Mozilla/5.0 (compatible; DotBot/1.1; http://www.opensiteexplorer.org/dotbot, help@moz.com)" "saveaslave.com"
216.244.66.240 - - [02/Sep/2016:06:47:31 -0700] "GET /robots.txt HTTP/1.1" 200 48 "-" "Mozilla/5.0 (compatible; DotBot/1.1; http://www.opensiteexplorer.org/dotbot, help@moz.com)" "www.saveaslave.com"
202.112.25.66 - - [02/Sep/2016:06:54:50 -0700] "GET /gfeedfetcher.js HTTP/1.1" 200 9018 "http://www.saveaslave.com/" "Mozilla/5.0 (iPad; CPU OS 9_3_2 like Mac OS X) AppleWebKit/534.46 (KHTML, like Gecko) BaiduHD/4.6.1.6 Mobile/10A406 Safari/8536.25" "www.saveaslave.com"
202.112.25.66 - - [02/Sep/2016:06:54:52 -0700] "GET /js/bootstrap.min.js HTTP/1.1" 200 37055 "http://www.saveaslave.com/" "Mozilla/5.0 (iPad; CPU OS 9_3_2 like Mac OS X) AppleWebKit/534.46 (KHTML, like Gecko) BaiduHD/4.6.1.6 Mobile/10A406 Safari/8536.25" "www.saveaslave.com"
202.112.25.66 - - [02/Sep/2016:06:56:06 -0700] "GET /addarticle.php HTTP/1.1" 200 13725 "http://www.saveaslave.com/" "Mozilla/5.0 (iPad; CPU OS 9_3_2 like Mac OS X) AppleWebKit/534.46 (KHTML, like Gecko) BaiduHD/4.6.1.6 Mobile/10A406 Safari/8536.25" "www.saveaslave.com"
123.125.67.221 - - [02/Sep/2016:07:01:07 -0700] "GET /robots.txt HTTP/1.1" 200 48 "-" "Mozilla/5.0 (Windows NT 10.0; WOW64) AppleWebKit/537.36 (KHTML, like Gecko) Chrome/45.0.2454.93 Safari/537.36" "www.saveaslave.com"
123.125.71.50 - - [02/Sep/2016:07:01:38 -0700] "GET / HTTP/1.1" 200 90093 "-" "Mozilla/5.0 (compatible; Baiduspider/2.0; +http://www.baidu.com/search/spider.html)" "www.saveaslave.com"[1]
216.244.66.240 - - [02/Sep/2016:08:11:59 -0700] "GET /article.php?id=20 HTTP/1.1" 200 50220 "-" "Mozilla/5.0 (compatible; DotBot/1.1; http://www.opensiteexplorer.org/dotbot, help@moz.com)" "saveaslave.com"
216.244.66.240 - - [02/Sep/2016:08:14:04 -0700] "GET /article.php?id=20 HTTP/1.1" 200 50220 "-" "Mozilla/5.0 (compatible; DotBot/1.1; http://www.opensiteexplorer.org/dotbot, help@moz.com)" "saveaslave.com"
216.244.66.240 - - [02/Sep/2016:08:15:15 -0700] "GET /managevolunteer.php HTTP/1.1" 200 1294 "-" "Mozilla/5.0 (compatible; DotBot/1.1; http://www.opensiteexplorer.org/dotbot, help@moz.com)" "www.saveaslave.com"
216.244.66.240 - - [02/Sep/2016:08:44:56 -0700] "GET /article.php?id=93 HTTP/1.1" 200 776 "-" "Mozilla/5.0 (compatible; DotBot/1.1; http://www.opensiteexplorer.org/dotbot, help@moz.com)" "www.saveaslave.com"
65.36.241.48 - - [02/Sep/2016:09:15:19 -0700] "HEAD / HTTP/1.1" 200 0 "-" "InternetSeer.com" "www.saveaslave.com"
157.55.39.30 - - [02/Sep/2016:09:17:37 -0700] "GET /robots.txt HTTP/1.1" 200 48 "-" "Mozilla/5.0 (compatible; bingbot/2.0; +http://www.bing.com/bingbot.htm)" "www.saveaslave.com"
69.30.213.202 - - [02/Sep/2016:09:46:58 -0700] "GET /robots.txt HTTP/1.1" 200 48 "-" "Mozilla/5.0 (compatible; MJ12bot/v1.4.5; http://www.majestic12.co.uk/bot.php?+)" "saveaslave.com"
69.30.213.202 - - [02/Sep/2016:09:47:00 -0700] "GET /article.php?id=112 HTTP/1.1" 200 45990 "-" "Mozilla/5.0 (compatible; MJ12bot/v1.4.5; http://www.majestic12.co.uk/bot.php?+)" "saveaslave.com"
69.30.213.202 - - [02/Sep/2016:09:47:04 -0700] "GET /article.php?id=113 HTTP/1.1" 200 43952 "-" "Mozilla/5.0 (compatible; MJ12bot/v1.4.5; http://www.majestic12.co.uk/bot.php?+)" "saveaslave.com"
216.244.66.230 - - [02/Sep/2016:10:14:20 -0700] "GET /article.php?id=7 HTTP/1.1" 200 49215 "-" "Mozilla/5.0 (compatible; DotBot/1.1; http://www.opensiteexplorer.org/dotbot, help@moz.com)" "saveaslave.com"[1]
46.118.238.134 - - [02/Sep/2016:10:15:53 -0700] "GET / HTTP/1.1" 200 90057 "http://laudit.ru/" "Mozilla/4.0 (compatible; MSIE 5.5; Windows 95; BCD2000)" "www.saveaslave.com"[1]
46.118.238.134 - - [02/Sep/2016:10:15:54 -0700] "GET / HTTP/1.1" 200 90057 "http://laudit.ru/" "Mozilla/4.0 (compatible; MSIE 5.5; Windows 95; BCD2000)" "www.saveaslave.com"
46.118.238.134 - - [02/Sep/2016:10:15:55 -0700] "GET / HTTP/1.1" 200 90057 "http://laudit.ru/" "Mozilla/4.0 (compatible; MSIE 5.5; Windows 95; BCD2000)" "www.saveaslave.com"
216.244.66.230 - - [02/Sep/2016:10:28:56 -0700] "GET /article.php?id=107 HTTP/1.1" 200 776 "-" "Mozilla/5.0 (compatible; DotBot/1.1; http://www.opensiteexplorer.org/dotbot, help@moz.com)" "www.saveaslave.com"
216.244.66.230 - - [02/Sep/2016:10:34:43 -0700] "GET /article.php?id=107 HTTP/1.1" 200 776 "-" "Mozilla/5.0 (compatible; DotBot/1.1; http://www.opensiteexplorer.org/dotbot, help@moz.com)" "www.saveaslave.com"[1]
46.118.157.136 - - [02/Sep/2016:11:00:10 -0700] "GET / HTTP/1.1" 200 90057 "http://i-service.kz/" "Mozilla/3.0 (x86 [en] Windows NT 5.1; Sun)" "www.saveaslave.com"
216.244.66.240 - - [02/Sep/2016:11:04:53 -0700] "GET /robots.txt HTTP/1.1" 200 48 "-" "Mozilla/5.0 (compatible; DotBot/1.1; http://www.opensiteexplorer.org/dotbot, help@moz.com)" "www.saveaslave.com"
216.244.66.240 - - [02/Sep/2016:11:08:46 -0700] "GET /robots.txt HTTP/1.1" 200 48 "-" "Mozilla/5.0 (compatible; DotBot/1.1; http://www.opensiteexplorer.org/dotbot, help@moz.com)" "saveaslave.com"
189.29.124.20 - - [02/Sep/2016:11:16:57 -0700] "GET / HTTP/1.1" 200 90093 "http://1-99seo.com/try.php?u=http://saveaslave.com" "Mozilla/5.0 (Windows NT 6.1; WOW64) AppleWebKit/537.36 (KHTML, like Gecko) Chrome/47.0.2526.111 Safari/537.36" "saveaslave.com"
189.29.124.20 - - [02/Sep/2016:11:16:58 -0700] "GET /gfeedfetcher.js HTTP/1.1" 200 9018 "http://saveaslave.com/" "Mozilla/5.0 (Windows NT 6.1; WOW64) AppleWebKit/537.36 (KHTML, like Gecko) Chrome/47.0.2526.111 Safari/537.36" "saveaslave.com"
189.29.124.20 - - [02/Sep/2016:11:16:58 -0700] "GET /css/style.css HTTP/1.1" 200 7938 "http://saveaslave.com/" "Mozilla/5.0 (Windows NT 6.1; WOW64) AppleWebKit/537.36 (KHTML, like Gecko) Chrome/47.0.2526.111 Safari/537.36" "saveaslave.com"
189.29.124.20 - - [02/Sep/2016:11:16:58 -0700] "GET /gajaxscroller.js HTTP/1.1" 200 9774 "http://saveaslave.com/" "Mozilla/5.0 (Windows NT 6.1; WOW64) AppleWebKit/537.36 (KHTML, like Gecko) Chrome/47.0.2526.111 Safari/537.36" "saveaslave.com"
189.29.124.20 - - [02/Sep/2016:11:16:58 -0700] "GET /css/elements.css HTTP/1.1" 200 17857 "http://saveaslave.com/" "Mozilla/5.0 (Windows NT 6.1; WOW64) AppleWebKit/537.36 (KHTML, like Gecko) Chrome/47.0.2526.111 Safari/537.36" "saveaslave.com"
189.29.124.20 - - [02/Sep/2016:11:16:58 -0700] "GET /css/bootstrap.min.css HTTP/1.1" 200 123578 "http://saveaslave.com/" "Mozilla/5.0 (Windows NT 6.1; WOW64) AppleWebKit/537.36 (KHTML, like Gecko) Chrome/47.0.2526.111 Safari/537.36" "saveaslave.com"
189.29.124.20 - - [02/Sep/2016:11:16:58 -0700] "GET /assets/js/ie-emulation-modes-warning.js HTTP/1.1" 200 2130 "http://saveaslave.com/" "Mozilla/5.0 (Windows NT 6.1; WOW64) AppleWebKit/537.36 (KHTML, like Gecko) Chrome/47.0.2526.111 Safari/537.36" "saveaslave.com"
