46.161.9.35 - - [09/Jul/2016:07:32:18 -0700] "GET / HTTP/1.1" 200 89069 "-" "Mozilla/5.0 (Windows NT 6.1; rv:34.0) Gecko/20100101 Firefox/34.0" "www.saveaslave.com"[1]
46.161.9.35 - - [09/Jul/2016:07:34:18 -0700] "GET /wp-content/force-download.php?file=../wp-config.php HTTP/1.1" 404 89 "-" "Mozilla/5.0 (Windows NT 6.1; rv:34.0) Gecko/20100101 Firefox/34.0" "www.saveaslave.com"[0]
46.161.9.35 - - [09/Jul/2016:07:35:32 -0700] "GET /wp-content/plugins/dukapress/lib/dp_image.php?src=../../../../wp-config.php HTTP/1.1" 404 89 "-" "Mozilla/5.0 (Windows NT 6.1; rv:34.0) Gecko/20100101 Firefox/34.0" "www.saveaslave.com"
46.161.9.35 - - [09/Jul/2016:07:35:40 -0700] "GET /wp-content/plugins/filedownload/download.php/?path=../../../wp-config.php HTTP/1.1" 404 89 "-" "Mozilla/5.0 (Windows NT 6.1; rv:34.0) Gecko/20100101 Firefox/34.0" "www.saveaslave.com"
46.161.9.35 - - [09/Jul/2016:07:35:48 -0700] "GET /wp-content/plugins/google-mp3-audio-player/direct_download.php?file=../../../wp-config.php HTTP/1.1" 404 89 "-" "Mozilla/5.0 (Windows NT 6.1; rv:34.0) Gecko/20100101 Firefox/34.0" "www.saveaslave.com"
46.161.9.35 - - [09/Jul/2016:07:35:55 -0700] "GET /wp-content/plugins/pica-photo-gallery/picadownload.php?imgname=../../../wp-config.php HTTP/1.1" 404 89 "-" "Mozilla/5.0 (Windows NT 6.1; rv:34.0) Gecko/20100101 Firefox/34.0" "www.saveaslave.com"
46.161.9.35 - - [09/Jul/2016:07:36:02 -0700] "GET /wp-content/plugins/plugin-newsletter/preview.php?data=../../../../wp-config.php HTTP/1.1" 404 89 "-" "Mozilla/5.0 (Windows NT 6.1; rv:34.0) Gecko/20100101 Firefox/34.0" "www.saveaslave.com"
46.161.9.35 - - [09/Jul/2016:07:36:15 -0700] "GET /wp-content/plugins/tinymce-thumbnail-gallery/php/download-image.php?href=../../../../wp-config.php HTTP/1.1" 404 89 "-" "Mozilla/5.0 (Windows NT 6.1; rv:34.0) Gecko/20100101 Firefox/34.0" "www.saveaslave.com"
46.161.9.35 - - [09/Jul/2016:07:36:58 -0700] "GET /wp-content/themes/FR0_theme/down.php?path=../../../wp-config.php HTTP/1.1" 404 89 "-" "Mozilla/5.0 (Windows NT 6.1; rv:34.0) Gecko/20100101 Firefox/34.0" "www.saveaslave.com"[0]
46.161.9.35 - - [09/Jul/2016:07:37:05 -0700] "GET /wp-content/themes/MichaelCanthony/download.php?file=../../../wp-config.php HTTP/1.1" 404 89 "-" "Mozilla/5.0 (Windows NT 6.1; rv:34.0) Gecko/20100101 Firefox/34.0" "www.saveaslave.com"
46.161.9.35 - - [09/Jul/2016:07:37:19 -0700] "GET /wp-content/themes/Newspapertimes_1/download.php?filename=../../../wp-config.php HTTP/1.1" 404 89 "-" "Mozilla/5.0 (Windows NT 6.1; rv:34.0) Gecko/20100101 Firefox/34.0" "www.saveaslave.com"
46.161.9.35 - - [09/Jul/2016:07:37:19 -0700] "GET /wp-admin/admin-ajax.php?action=revslider_show_image&img=../wp-config.php HTTP/1.0" 404 73 "-" "Mozilla/5.0 (Windows NT 6.1; rv:34.0) Gecko/20100101 Firefox/34.0" "www.saveaslave.com"
46.161.9.35 - - [09/Jul/2016:07:37:25 -0700] "GET /wp-content/themes/SMWF/inc/download.php?file=../../../../wp-config.php HTTP/1.1" 404 89 "-" "Mozilla/5.0 (Windows NT 6.1; rv:34.0) Gecko/20100101 Firefox/34.0" "www.saveaslave.com"[0]
46.161.9.35 - - [09/Jul/2016:07:37:33 -0700] "GET /wp-content/themes/TheLoft/download.php?file=../../../wp-config.php HTTP/1.1" 404 89 "-" "Mozilla/5.0 (Windows NT 6.1; rv:34.0) Gecko/20100101 Firefox/34.0" "www.saveaslave.com"
46.161.9.35 - - [09/Jul/2016:07:38:01 -0700] "GET /wp-content/themes/churchope/lib/downloadlink.php?file=../../../../wp-config.php HTTP/1.1" 404 89 "-" "Mozilla/5.0 (Windows NT 6.1; rv:34.0) Gecko/20100101 Firefox/34.0" "www.saveaslave.com"[0]
46.161.9.35 - - [09/Jul/2016:07:38:08 -0700] "GET /wp-content/themes/corporate_works/downloader.php?file_download=../../../wp-config.php HTTP/1.1" 404 89 "-" "Mozilla/5.0 (Windows NT 6.1; rv:34.0) Gecko/20100101 Firefox/34.0" "www.saveaslave.com"
46.161.9.35 - - [09/Jul/2016:07:38:21 -0700] "GET /wp-content/themes/felis/download.php?file=../../../wp-config.php HTTP/1.1" 404 89 "-" "Mozilla/5.0 (Windows NT 6.1; rv:34.0) Gecko/20100101 Firefox/34.0" "www.saveaslave.com"
46.161.9.35 - - [09/Jul/2016:07:38:28 -0700] "GET /wp-content/themes/jarida/download.php?uri=../../../wp-config.php HTTP/1.1" 404 89 "-" "Mozilla/5.0 (Windows NT 6.1; rv:34.0) Gecko/20100101 Firefox/34.0" "www.saveaslave.com"
46.161.9.35 - - [09/Jul/2016:07:38:34 -0700] "GET /wp-content/themes/linenity/functions/download.php?imgurl=../../../../wp-config.php HTTP/1.1" 404 89 "-" "Mozilla/5.0 (Windows NT 6.1; rv:34.0) Gecko/20100101 Firefox/34.0" "www.saveaslave.com"
46.161.9.35 - - [09/Jul/2016:07:39:01 -0700] "GET /wp-content/themes/parallelus-salutation/framework/utilities/download/getfile.php?file=../../../../../../wp-config.php HTTP/1.1" 404 89 "-" "Mozilla/5.0 (Windows NT 6.1; rv:34.0) Gecko/20100101 Firefox/34.0" "www.saveaslave.com"
46.161.9.35 - - [09/Jul/2016:07:39:09 -0700] "GET /wp-content/themes/tess/download.php?file=../../../wp-config.php HTTP/1.1" 404 89 "-" "Mozilla/5.0 (Windows NT 6.1; rv:34.0) Gecko/20100101 Firefox/34.0" "www.saveaslave.com"[0]
46.161.9.35 - - [09/Jul/2016:07:39:24 -0700] "GET /wp-content/themes/urbancity/lib/scripts/download.php?file=../../../../../wp-config.php HTTP/1.1" 404 89 "-" "Mozilla/5.0 (Windows NT 6.1; rv:34.0) Gecko/20100101 Firefox/34.0" "www.saveaslave.com"[0]
46.161.9.35 - - [09/Jul/2016:07:39:31 -0700] "GET /wp-content/themes/yakimabait/download.php?file=../../../wp-config.php HTTP/1.1" 404 89 "-" "Mozilla/5.0 (Windows NT 6.1; rv:34.0) Gecko/20100101 Firefox/34.0" "www.saveaslave.com"[0]
46.161.9.35 - - [09/Jul/2016:07:39:37 -0700] "GET /wp-content/themes/ypo-theme/download.php?download=../../../wp-config.php HTTP/1.1" 404 89 "-" "Mozilla/5.0 (Windows NT 6.1; rv:34.0) Gecko/20100101 Firefox/34.0" "www.saveaslave.com"
46.161.9.35 - - [09/Jul/2016:07:39:43 -0700] "POST /wp-content/themes/infocus/lib/scripts/dl-skin.php HTTP/1.1" 404 89 "-" "Mozilla/5.0 (Windows NT 6.1; rv:34.0) Gecko/20100101 Firefox/34.0" "www.saveaslave.com"
46.161.9.35 - - [09/Jul/2016:07:39:49 -0700] "POST /wp-content/themes/infocus2/lib/scripts/dl-skin.php HTTP/1.1" 404 89 "-" "Mozilla/5.0 (Windows NT 6.1; rv:34.0) Gecko/20100101 Firefox/34.0" "www.saveaslave.com"
46.161.9.35 - - [09/Jul/2016:07:40:02 -0700] "POST /wp-content/themes/persuasion/lib/scripts/dl-skin.php HTTP/1.1" 404 89 "-" "Mozilla/5.0 (Windows NT 6.1; rv:34.0) Gecko/20100101 Firefox/34.0" "www.saveaslave.com"
46.161.9.35 - - [09/Jul/2016:07:40:16 -0700] "POST /wp-content/themes/modular/lib/scripts/dl-skin.php HTTP/1.1" 404 89 "-" "Mozilla/5.0 (Windows NT 6.1; rv:34.0) Gecko/20100101 Firefox/34.0" "www.saveaslave.com"[0]
46.161.9.35 - - [09/Jul/2016:07:40:32 -0700] "POST /wp-content/themes/elegance/lib/scripts/dl-skin.php HTTP/1.1" 404 89 "-" "Mozilla/5.0 (Windows NT 6.1; rv:34.0) Gecko/20100101 Firefox/34.0" "www.saveaslave.com"
46.161.9.35 - - [09/Jul/2016:07:40:51 -0700] "POST /wp-content/themes/method/lib/scripts/dl-skin.php HTTP/1.1" 404 89 "-" "Mozilla/5.0 (Windows NT 6.1; rv:34.0) Gecko/20100101 Firefox/34.0" "www.saveaslave.com"[0]
46.161.9.35 - - [09/Jul/2016:07:41:22 -0700] "POST /wp-content/themes/dejavu/lib/scripts/dl-skin.php HTTP/1.1" 404 89 "-" "Mozilla/5.0 (Windows NT 6.1; rv:34.0) Gecko/20100101 Firefox/34.0" "www.saveaslave.com"
5.186.67.17 - - [09/Jul/2016:07:44:54 -0700] "GET /images/article/2239.jpg HTTP/1.1" 200 89745 "https://www.google.dk/" "Mozilla/5.0 (Windows NT 6.1; WOW64) AppleWebKit/537.36 (KHTML, like Gecko) Chrome/51.0.2704.103 Safari/537.36" "www.saveaslave.com"
162.210.196.97 - - [09/Jul/2016:08:11:24 -0700] "GET /robots.txt HTTP/1.1" 200 48 "-" "Mozilla/5.0 (compatible; MJ12bot/v1.4.5; http://www.majestic12.co.uk/bot.php?+)" "www.saveaslave.com"
65.36.241.48 - - [09/Jul/2016:08:30:30 -0700] "HEAD /?tpl=references&Itemid=3 HTTP/1.1" 200 0 "-" "InternetSeer.com" "www.saveaslave.com"[1]
46.105.119.209 - - [09/Jul/2016:08:40:33 -0700] "GET / HTTP/1.1" 200 89069 "-" "Mozilla/5.0 (Windows NT 6.1; WOW64) AppleWebKit/537.36 (KHTML, like Gecko) Chrome/43.0.2357.65 Safari/537.36" "saveaslave.com"
217.69.136.206 - - [09/Jul/2016:09:07:45 -0700] "GET /india.html HTTP/1.1" 404 89 "-" "Mozilla/5.0 (compatible; Linux x86_64; Mail.RU_Bot/2.0; +http://go.mail.ru/help/robots)" "www.saveaslave.com"
54.211.242.79 - - [09/Jul/2016:09:11:25 -0700] "GET / HTTP/1.1" 200 89069 "-" "-" "saveaslave.com"
193.33.187.75 - - [09/Jul/2016:09:17:07 -0700] "GET /gfeedfetcher.js HTTP/1.1" 200 9018 "http://saveaslave.com/" "Mozilla/5.0 (Macintosh; Intel Mac OS X 10.11; rv:47.0) Gecko/20100101 Firefox/47.0" "saveaslave.com"
193.33.187.75 - - [09/Jul/2016:09:17:08 -0700] "GET /assets/js/ie-emulation-modes-warning.js HTTP/1.1" 200 2130 "http://saveaslave.com/" "Mozilla/5.0 (Macintosh; Intel Mac OS X 10.11; rv:47.0) Gecko/20100101 Firefox/47.0" "saveaslave.com"
193.33.187.75 - - [09/Jul/2016:09:17:08 -0700] "GET /gajaxscroller.js HTTP/1.1" 200 9774 "http://saveaslave.com/" "Mozilla/5.0 (Macintosh; Intel Mac OS X 10.11; rv:47.0) Gecko/20100101 Firefox/47.0" "saveaslave.com"
193.33.187.75 - - [09/Jul/2016:09:17:09 -0700] "GET /css/style-pages.css HTTP/1.1" 200 9894 "http://saveaslave.com/" "Mozilla/5.0 (Macintosh; Intel Mac OS X 10.11; rv:47.0) Gecko/20100101 Firefox/47.0" "saveaslave.com"
193.33.187.75 - - [09/Jul/2016:09:17:09 -0700] "GET /images/article/end_it.jpg HTTP/1.1" 200 33676 "http://saveaslave.com/" "Mozilla/5.0 (Macintosh; Intel Mac OS X 10.11; rv:47.0) Gecko/20100101 Firefox/47.0" "saveaslave.com"
193.33.187.75 - - [09/Jul/2016:09:17:09 -0700] "GET /images/logo2.png HTTP/1.1" 200 18525 "http://saveaslave.com/" "Mozilla/5.0 (Macintosh; Intel Mac OS X 10.11; rv:47.0) Gecko/20100101 Firefox/47.0" "saveaslave.com"
193.33.187.75 - - [09/Jul/2016:09:17:09 -0700] "GET /images/top.jpg HTTP/1.1" 200 50519 "http://saveaslave.com/" "Mozilla/5.0 (Macintosh; Intel Mac OS X 10.11; rv:47.0) Gecko/20100101 Firefox/47.0" "saveaslave.com"
193.33.187.75 - - [09/Jul/2016:09:17:09 -0700] "GET /images/cover1.jpg HTTP/1.1" 200 253658 "http://saveaslave.com/" "Mozilla/5.0 (Macintosh; Intel Mac OS X 10.11; rv:47.0) Gecko/20100101 Firefox/47.0" "saveaslave.com"
193.33.187.75 - - [09/Jul/2016:09:17:09 -0700] "GET /images/article/s1_dety_beg_d9954.jpg HTTP/1.1" 200 16968 "http://saveaslave.com/" "Mozilla/5.0 (Macintosh; Intel Mac OS X 10.11; rv:47.0) Gecko/20100101 Firefox/47.0" "saveaslave.com"
193.33.187.75 - - [09/Jul/2016:09:17:10 -0700] "GET /images/article/suspects.jpg HTTP/1.1" 200 58796 "http://saveaslave.com/" "Mozilla/5.0 (Macintosh; Intel Mac OS X 10.11; rv:47.0) Gecko/20100101 Firefox/47.0" "saveaslave.com"
193.33.187.75 - - [09/Jul/2016:09:17:10 -0700] "GET /images/social1.png HTTP/1.1" 200 2012 "http://saveaslave.com/" "Mozilla/5.0 (Macintosh; Intel Mac OS X 10.11; rv:47.0) Gecko/20100101 Firefox/47.0" "saveaslave.com"
193.33.187.75 - - [09/Jul/2016:09:17:10 -0700] "GET /images/social3.png HTTP/1.1" 200 4343 "http://saveaslave.com/" "Mozilla/5.0 (Macintosh; Intel Mac OS X 10.11; rv:47.0) Gecko/20100101 Firefox/47.0" "saveaslave.com"
193.33.187.75 - - [09/Jul/2016:09:17:11 -0700] "GET /images/select-arrow.png HTTP/1.1" 200 1118 "http://saveaslave.com/css/style.css" "Mozilla/5.0 (Macintosh; Intel Mac OS X 10.11; rv:47.0) Gecko/20100101 Firefox/47.0" "saveaslave.com"
193.33.187.75 - - [09/Jul/2016:09:17:11 -0700] "GET /indicator.gif HTTP/1.1" 200 878 "http://saveaslave.com/" "Mozilla/5.0 (Macintosh; Intel Mac OS X 10.11; rv:47.0) Gecko/20100101 Firefox/47.0" "saveaslave.com"
193.33.187.75 - - [09/Jul/2016:09:17:11 -0700] "GET /addarticle.php HTTP/1.1" 200 13718 "http://saveaslave.com/" "Mozilla/5.0 (Macintosh; Intel Mac OS X 10.11; rv:47.0) Gecko/20100101 Firefox/47.0" "saveaslave.com"
193.33.187.75 - - [09/Jul/2016:09:17:11 -0700] "GET /css/down-arrow.png HTTP/1.1" 404 89 "http://saveaslave.com/css/elements.css" "Mozilla/5.0 (Macintosh; Intel Mac OS X 10.11; rv:47.0) Gecko/20100101 Firefox/47.0" "saveaslave.com"
123.125.71.115 - - [09/Jul/2016:09:22:58 -0700] "GET / HTTP/1.1" 200 89069 "-" "Mozilla/5.0 (compatible; Baiduspider/2.0; +http://www.baidu.com/search/spider.html)" "saveaslave.com"[1]
141.8.143.176 - - [09/Jul/2016:10:26:06 -0700] "GET /images/article/pyatka_default.jpg HTTP/1.1" 200 204394 "-" "Mozilla/5.0 (compatible; YandexImages/3.0; +http://yandex.com/bots)" "saveaslave.com"
141.8.143.194 - - [09/Jul/2016:10:27:55 -0700] "GET /images/article/pyatka_default.jpg HTTP/1.0" 200 65536 "-" "Mozilla/5.0 (compatible; YandexImages/3.0; +http://yandex.com/bots)" "saveaslave.com"
164.132.161.29 - - [09/Jul/2016:11:07:19 -0700] "GET /www.thesabanfreeclinic.org HTTP/1.1" 404 89 "-" "Mozilla/5.0 (compatible; AhrefsBot/5.1; +http://ahrefs.com/robot/)" "www.saveaslave.com"
100.43.81.153 - - [09/Jul/2016:11:19:45 -0700] "GET /our-news.php HTTP/1.1" 200 65066 "-" "Mozilla/5.0 (compatible; YandexBot/3.0; +http://yandex.com/bots)" "saveaslave.com"[2]
5.39.64.88 - - [09/Jul/2016:11:51:26 -0700] "GET / HTTP/1.1" 200 89069 "-" "Mozilla/5.0 (Windows NT 6.1; WOW64) AppleWebKit/537.36 (KHTML, like Gecko) Chrome/43.0.2357.65 Safari/537.36" "saveaslave.com"
54.243.48.119 - - [09/Jul/2016:11:52:43 -0700] "GET / HTTP/1.1" 200 89069 "-" "Mozilla/5.0 (Windows; U; Windows NT 5.1; en-US; rv:1.9.2.8) Gecko/20100722 Firefox/3.6.8" "saveaslave.com"
217.69.136.203 - - [09/Jul/2016:11:52:45 -0700] "GET /robots.txt HTTP/1.1" 200 48 "-" "Mozilla/5.0 (compatible; Linux x86_64; Mail.RU_Bot/2.0; +http://go.mail.ru/help/robots)" "saveaslave.com"
54.211.242.79 - - [09/Jul/2016:11:58:06 -0700] "GET / HTTP/1.1" 200 89069 "-" "-" "saveaslave.com"
54.211.242.79 - - [09/Jul/2016:12:06:40 -0700] "GET / HTTP/1.1" 200 89069 "-" "-" "saveaslave.com"
65.36.241.48 - - [09/Jul/2016:12:08:28 -0700] "HEAD / HTTP/1.0" 200 - "-" "InternetSeer.com" "www.saveaslave.com"
65.36.241.48 - - [09/Jul/2016:12:26:10 -0700] "GET / HTTP/1.1" 200 89069 "-" "InternetSeer.com" "www.saveaslave.com"
188.51.79.27 - - [09/Jul/2016:12:30:05 -0700] "GET /images/supporters/END.png HTTP/1.1" 200 42129 "https://www.google.com.sa/" "Mozilla/5.0 (Windows NT 6.1; WOW64) AppleWebKit/537.36 (KHTML, like Gecko) Chrome/51.0.2704.103 Safari/537.36" "www.saveaslave.com"[0]
164.132.161.88 - - [09/Jul/2016:12:45:05 -0700] "GET /article.php?id=23 HTTP/1.1" 200 776 "-" "Mozilla/5.0 (compatible; AhrefsBot/5.1; +http://ahrefs.com/robot/)" "www.saveaslave.com"[1]
176.59.106.97 - - [09/Jul/2016:13:06:16 -0700] "GET /images/article/end_it.jpg HTTP/1.1" 200 33676 "-" "Mozilla/5.0 (Linux; Android 4.4.2; FS451 Build/KOT49H) AppleWebKit/537.36 (KHTML, like Gecko) Version/4.0 Chrome/30.0.0.0 Mobile Safari/537.36 GSA/3.6.14.1337016.arm" "www.saveaslave.com"
176.59.106.97 - - [09/Jul/2016:13:06:18 -0700] "GET /images/article/suspects.jpg HTTP/1.1" 200 58796 "-" "Mozilla/5.0 (Linux; Android 4.4.2; FS451 Build/KOT49H) AppleWebKit/537.36 (KHTML, like Gecko) Version/4.0 Chrome/30.0.0.0 Mobile Safari/537.36 GSA/3.6.14.1337016.arm" "www.saveaslave.com"
54.211.242.79 - - [09/Jul/2016:13:08:06 -0700] "GET / HTTP/1.1" 200 89069 "-" "-" "saveaslave.com"
66.249.66.137 - - [09/Jul/2016:13:11:53 -0700] "GET /heard_island HTTP/1.1" 404 89 "-" "Mozilla/5.0 (Linux; Android 6.0.1; Nexus 5X Build/MMB29P) AppleWebKit/537.36 (KHTML, like Gecko) Chrome/41.0.2272.96 Mobile Safari/537.36 (compatible; Googlebot/2.1; +http://www.google.com/bot.html)" "www.saveaslave.com"[0]
77.75.76.163 - - [09/Jul/2016:13:14:36 -0700] "GET /article.php?id=2 HTTP/1.1" 200 48390 "-" "Mozilla/5.0 (compatible; SeznamBot/3.2; +http://napoveda.seznam.cz/en/seznambot-intro/)" "saveaslave.com"
54.211.242.79 - - [09/Jul/2016:13:27:45 -0700] "GET / HTTP/1.1" 200 89069 "-" "-" "saveaslave.com"[2]
164.132.161.10 - - [09/Jul/2016:13:35:01 -0700] "GET /www.cscla.org HTTP/1.1" 404 89 "-" "Mozilla/5.0 (compatible; AhrefsBot/5.1; +http://ahrefs.com/robot/)" "saveaslave.com"
208.115.113.86 - - [09/Jul/2016:13:43:12 -0700] "GET /robots.txt HTTP/1.1" 200 48 "-" "Mozilla/5.0 (compatible; DotBot/1.1; http://www.opensiteexplorer.org/dotbot, help@moz.com)" "saveaslave.com"
208.115.113.86 - - [09/Jul/2016:13:43:12 -0700] "GET /robots.txt HTTP/1.1" 200 48 "-" "Mozilla/5.0 (compatible; DotBot/1.1; http://www.opensiteexplorer.org/dotbot, help@moz.com)" "www.saveaslave.com"[0]
61.135.189.101 - - [09/Jul/2016:13:57:07 -0700] "GET /robots.txt HTTP/1.1" 200 48 "-" "Sogou web spider/4.0(+http://www.sogou.com/docs/help/webmasters.htm#07)" "saveaslave.com"
61.135.189.101 - - [09/Jul/2016:13:57:17 -0700] "GET /site/?cat=139 HTTP/1.1" 404 89 "-" "Sogou web spider/4.0(+http://www.sogou.com/docs/help/webmasters.htm#07)" "saveaslave.com"[0]
61.135.189.101 - - [09/Jul/2016:13:57:38 -0700] "GET /site/?cat=186 HTTP/1.1" 404 89 "-" "Sogou web spider/4.0(+http://www.sogou.com/docs/help/webmasters.htm#07)" "saveaslave.com"[0]
46.161.9.35 - - [09/Jul/2016:13:57:46 -0700] "GET /wp-admin/admin-ajax.php?action=getfile&/../../wp-config.php HTTP/1.1" 404 89 "-" "Mozilla/5.0 (Windows NT 6.1; rv:34.0) Gecko/20100101 Firefox/34.0" "www.saveaslave.com"
46.161.9.35 - - [09/Jul/2016:13:58:37 -0700] "GET /wp-content/plugins/ajax-store-locator-wordpress_0/sl_file_download.php?download_file=../../../wp-config.php HTTP/1.1" 404 89 "-" "Mozilla/5.0 (Windows NT 6.1; rv:34.0) Gecko/20100101 Firefox/34.0" "www.saveaslave.com"[0]
46.161.9.35 - - [09/Jul/2016:13:58:44 -0700] "GET /wp-content/plugins/db-backup/download.php?file=../../../wp-config.php HTTP/1.1" 404 89 "-" "Mozilla/5.0 (Windows NT 6.1; rv:34.0) Gecko/20100101 Firefox/34.0" "www.saveaslave.com"
46.161.9.35 - - [09/Jul/2016:13:58:52 -0700] "GET /wp-content/plugins/dukapress/lib/dp_image.php?src=../../../../wp-config.php HTTP/1.1" 404 89 "-" "Mozilla/5.0 (Windows NT 6.1; rv:34.0) Gecko/20100101 Firefox/34.0" "www.saveaslave.com"
46.161.9.35 - - [09/Jul/2016:13:58:58 -0700] "GET /wp-content/plugins/filedownload/download.php/?path=../../../wp-config.php HTTP/1.1" 404 89 "-" "Mozilla/5.0 (Windows NT 6.1; rv:34.0) Gecko/20100101 Firefox/34.0" "www.saveaslave.com"
46.161.9.35 - - [09/Jul/2016:13:59:40 -0700] "GET /wp-content/plugins/pica-photo-gallery/picadownload.php?imgname=../../../wp-config.php HTTP/1.1" 404 89 "-" "Mozilla/5.0 (Windows NT 6.1; rv:34.0) Gecko/20100101 Firefox/34.0" "www.saveaslave.com"
46.161.9.35 - - [09/Jul/2016:13:59:48 -0700] "GET /wp-content/plugins/plugin-newsletter/preview.php?data=../../../../wp-config.php HTTP/1.1" 404 89 "-" "Mozilla/5.0 (Windows NT 6.1; rv:34.0) Gecko/20100101 Firefox/34.0" "www.saveaslave.com"
46.161.9.35 - - [09/Jul/2016:14:00:03 -0700] "GET /wp-content/plugins/tinymce-thumbnail-gallery/php/download-image.php?href=../../../../wp-config.php HTTP/1.1" 404 89 "-" "Mozilla/5.0 (Windows NT 6.1; rv:34.0) Gecko/20100101 Firefox/34.0" "www.saveaslave.com"
46.161.9.35 - - [09/Jul/2016:14:00:09 -0700] "GET /wp-content/plugins/wp-filemanager/incl/libfile.php?&path=../../&filename=wp-config.php&action=download HTTP/1.1" 404 89 "-" "Mozilla/5.0 (Windows NT 6.1; rv:34.0) Gecko/20100101 Firefox/34.0" "www.saveaslave.com"[0]
46.161.9.35 - - [09/Jul/2016:14:00:30 -0700] "GET /wp-content/themes/NativeChurch/download/download.php?file=../../../../wp-config.php HTTP/1.1" 404 89 "-" "Mozilla/5.0 (Windows NT 6.1; rv:34.0) Gecko/20100101 Firefox/34.0" "www.saveaslave.com"
46.161.9.35 - - [09/Jul/2016:14:00:36 -0700] "GET /wp-content/themes/Newspapertimes_1/download.php?filename=../../../wp-config.php HTTP/1.1" 404 89 "-" "Mozilla/5.0 (Windows NT 6.1; rv:34.0) Gecko/20100101 Firefox/34.0" "www.saveaslave.com"
46.161.9.35 - - [09/Jul/2016:14:00:49 -0700] "GET /wp-content/themes/TheLoft/download.php?file=../../../wp-config.php HTTP/1.1" 404 89 "-" "Mozilla/5.0 (Windows NT 6.1; rv:34.0) Gecko/20100101 Firefox/34.0" "www.saveaslave.com"
46.161.9.35 - - [09/Jul/2016:14:00:55 -0700] "GET /wp-content/themes/acento/includes/view-pdf.php?download=1&file=../../../../wp-config.php HTTP/1.1" 404 89 "-" "Mozilla/5.0 (Windows NT 6.1; rv:34.0) Gecko/20100101 Firefox/34.0" "www.saveaslave.com"
46.161.9.35 - - [09/Jul/2016:14:01:02 -0700] "GET /wp-content/themes/antioch/lib/scripts/download.php?file=../../../../../wp-config.php HTTP/1.1" 404 89 "-" "Mozilla/5.0 (Windows NT 6.1; rv:34.0) Gecko/20100101 Firefox/34.0" "www.saveaslave.com"[0]
46.161.9.35 - - [09/Jul/2016:14:01:09 -0700] "GET /wp-content/themes/authentic/includes/download.php?file=../../../../wp-config.php HTTP/1.1" 404 89 "-" "Mozilla/5.0 (Windows NT 6.1; rv:34.0) Gecko/20100101 Firefox/34.0" "www.saveaslave.com"
46.161.9.35 - - [09/Jul/2016:14:01:15 -0700] "GET /wp-content/themes/churchope/lib/downloadlink.php?file=../../../../wp-config.php HTTP/1.1" 404 89 "-" "Mozilla/5.0 (Windows NT 6.1; rv:34.0) Gecko/20100101 Firefox/34.0" "www.saveaslave.com"
46.161.9.35 - - [09/Jul/2016:14:01:22 -0700] "GET /wp-content/themes/corporate_works/downloader.php?file_download=../../../wp-config.php HTTP/1.1" 404 89 "-" "Mozilla/5.0 (Windows NT 6.1; rv:34.0) Gecko/20100101 Firefox/34.0" "www.saveaslave.com"[0]
46.161.9.35 - - [09/Jul/2016:14:02:03 -0700] "GET /wp-content/themes/felis/download.php?file=../../../wp-config.php HTTP/1.1" 404 89 "-" "Mozilla/5.0 (Windows NT 6.1; rv:34.0) Gecko/20100101 Firefox/34.0" "www.saveaslave.com"
46.161.9.35 - - [09/Jul/2016:14:02:04 -0700] "GET /wp-content/plugins/google-mp3-audio-player/direct_download.php?file=../../../wp-config.php HTTP/1.0" 404 73 "-" "Mozilla/5.0 (Windows NT 6.1; rv:34.0) Gecko/20100101 Firefox/34.0" "www.saveaslave.com"
46.161.9.35 - - [09/Jul/2016:14:02:09 -0700] "GET /wp-content/themes/jarida/download.php?uri=../../../wp-config.php HTTP/1.1" 404 89 "-" "Mozilla/5.0 (Windows NT 6.1; rv:34.0) Gecko/20100101 Firefox/34.0" "www.saveaslave.com"
46.161.9.35 - - [09/Jul/2016:14:02:23 -0700] "GET /wp-content/themes/lote27/download.php?download=../../../wp-config.php HTTP/1.1" 404 89 "-" "Mozilla/5.0 (Windows NT 6.1; rv:34.0) Gecko/20100101 Firefox/34.0" "www.saveaslave.com"
46.161.9.35 - - [09/Jul/2016:14:02:30 -0700] "GET /wp-content/themes/markant/download.php?file=../../../wp-config.php HTTP/1.1" 404 89 "-" "Mozilla/5.0 (Windows NT 6.1; rv:34.0) Gecko/20100101 Firefox/34.0" "www.saveaslave.com"
46.161.9.35 - - [09/Jul/2016:14:02:43 -0700] "GET /wp-content/themes/parallelus-salutation/framework/utilities/download/getfile.php?file=../../../../../../wp-config.php HTTP/1.1" 404 89 "-" "Mozilla/5.0 (Windows NT 6.1; rv:34.0) Gecko/20100101 Firefox/34.0" "www.saveaslave.com"[0]
46.161.9.35 - - [09/Jul/2016:14:03:25 -0700] "GET /wp-content/themes/trinity/lib/scripts/download.php?file=../../../../../wp-config.php HTTP/1.1" 404 89 "-" "Mozilla/5.0 (Windows NT 6.1; rv:34.0) Gecko/20100101 Firefox/34.0" "www.saveaslave.com"
46.161.9.35 - - [09/Jul/2016:14:03:31 -0700] "GET /wp-content/themes/urbancity/lib/scripts/download.php?file=../../../../../wp-config.php HTTP/1.1" 404 89 "-" "Mozilla/5.0 (Windows NT 6.1; rv:34.0) Gecko/20100101 Firefox/34.0" "www.saveaslave.com"[0]
46.161.9.35 - - [09/Jul/2016:14:03:45 -0700] "GET /wp-content/themes/ypo-theme/download.php?download=../../../wp-config.php HTTP/1.1" 404 89 "-" "Mozilla/5.0 (Windows NT 6.1; rv:34.0) Gecko/20100101 Firefox/34.0" "www.saveaslave.com"[0]
46.161.9.35 - - [09/Jul/2016:14:04:08 -0700] "POST /wp-content/themes/echelon/lib/scripts/dl-skin.php HTTP/1.1" 404 89 "-" "Mozilla/5.0 (Windows NT 6.1; rv:34.0) Gecko/20100101 Firefox/34.0" "www.saveaslave.com"[0]
46.161.9.35 - - [09/Jul/2016:14:04:15 -0700] "POST /wp-content/themes/persuasion/lib/scripts/dl-skin.php HTTP/1.1" 404 89 "-" "Mozilla/5.0 (Windows NT 6.1; rv:34.0) Gecko/20100101 Firefox/34.0" "www.saveaslave.com"[0]
46.161.9.35 - - [09/Jul/2016:14:04:29 -0700] "POST /wp-content/themes/modular/lib/scripts/dl-skin.php HTTP/1.1" 404 89 "-" "Mozilla/5.0 (Windows NT 6.1; rv:34.0) Gecko/20100101 Firefox/34.0" "www.saveaslave.com"[0]
46.161.9.35 - - [09/Jul/2016:14:04:36 -0700] "POST /wp-content/themes/fusion/lib/scripts/dl-skin.php HTTP/1.1" 404 89 "-" "Mozilla/5.0 (Windows NT 6.1; rv:34.0) Gecko/20100101 Firefox/34.0" "www.saveaslave.com"
46.161.9.35 - - [09/Jul/2016:14:04:43 -0700] "POST /wp-content/themes/elegance/lib/scripts/dl-skin.php HTTP/1.1" 404 89 "-" "Mozilla/5.0 (Windows NT 6.1; rv:34.0) Gecko/20100101 Firefox/34.0" "www.saveaslave.com"
46.161.9.35 - - [09/Jul/2016:14:04:50 -0700] "POST /wp-content/themes/method/lib/scripts/dl-skin.php HTTP/1.1" 404 89 "-" "Mozilla/5.0 (Windows NT 6.1; rv:34.0) Gecko/20100101 Firefox/34.0" "www.saveaslave.com"
46.161.9.35 - - [09/Jul/2016:14:04:57 -0700] "POST /wp-content/themes/myriad/lib/scripts/dl-skin.php HTTP/1.1" 404 89 "-" "Mozilla/5.0 (Windows NT 6.1; rv:34.0) Gecko/20100101 Firefox/34.0" "www.saveaslave.com"
46.161.9.35 - - [09/Jul/2016:14:05:03 -0700] "POST /wp-content/themes/dejavu/lib/scripts/dl-skin.php HTTP/1.1" 404 89 "-" "Mozilla/5.0 (Windows NT 6.1; rv:34.0) Gecko/20100101 Firefox/34.0" "www.saveaslave.com"
46.161.9.35 - - [09/Jul/2016:14:05:09 -0700] "POST /wp-content/themes/construct/lib/scripts/dl-skin.php HTTP/1.1" 404 89 "-" "Mozilla/5.0 (Windows NT 6.1; rv:34.0) Gecko/20100101 Firefox/34.0" "www.saveaslave.com"[0]
46.161.9.35 - - [09/Jul/2016:14:06:09 -0700] "GET /wp-content/themes/tess/download.php?file=../../../wp-config.php HTTP/1.0" 404 73 "-" "Mozilla/5.0 (Windows NT 6.1; rv:34.0) Gecko/20100101 Firefox/34.0" "www.saveaslave.com"
66.220.146.23 - - [09/Jul/2016:14:09:56 -0700] "GET /images/cover1.jpg HTTP/1.1" 200 253658 "-" "facebookexternalhit/1.1 (+http://www.facebook.com/externalhit_uatext.php)" "www.saveaslave.com"
111.13.102.137 - - [09/Jul/2016:14:10:24 -0700] "GET /robots.txt HTTP/1.1" 200 48 "-" "Mozilla/5.0 (compatible; Baiduspider/2.0; +http://www.baidu.com/search/spider.html)" "saveaslave.com"
65.36.241.48 - - [09/Jul/2016:14:22:40 -0700] "GET / HTTP/1.1" 200 89069 "-" "InternetSeer.com" "www.saveaslave.com"
208.115.113.86 - - [09/Jul/2016:14:56:02 -0700] "GET /article.php?id=95 HTTP/1.1" 200 776 "-" "Mozilla/5.0 (compatible; DotBot/1.1; http://www.opensiteexplorer.org/dotbot, help@moz.com)" "www.saveaslave.com"[1]
208.115.113.86 - - [09/Jul/2016:14:56:02 -0700] "GET /article.php?id=26 HTTP/1.1" 200 776 "-" "Mozilla/5.0 (compatible; DotBot/1.1; http://www.opensiteexplorer.org/dotbot, help@moz.com)" "saveaslave.com"[0]
217.69.136.204 - - [09/Jul/2016:15:00:54 -0700] "GET /robots.txt HTTP/1.1" 200 48 "-" "Mozilla/5.0 (compatible; Linux x86_64; Mail.RU_Bot/2.0; +http://go.mail.ru/help/robots)" "www.saveaslave.com"
66.249.66.137 - - [09/Jul/2016:15:03:59 -0700] "GET /comoros HTTP/1.1" 404 89 "-" "Mozilla/5.0 (Linux; Android 6.0.1; Nexus 5X Build/MMB29P) AppleWebKit/537.36 (KHTML, like Gecko) Chrome/41.0.2272.96 Mobile Safari/537.36 (compatible; Googlebot/2.1; +http://www.google.com/bot.html)" "www.saveaslave.com"
65.36.241.48 - - [09/Jul/2016:15:47:52 -0700] "HEAD / HTTP/1.1" 200 0 "-" "InternetSeer.com" "www.saveaslave.com"
207.46.13.89 - - [09/Jul/2016:15:55:31 -0700] "GET /sitemap.xml HTTP/1.1" 200 296 "-" "Mozilla/5.0 (compatible; bingbot/2.0; +http://www.bing.com/bingbot.htm)" "saveaslave.com"[0]
54.211.242.79 - - [09/Jul/2016:16:14:42 -0700] "GET / HTTP/1.1" 200 89069 "-" "-" "saveaslave.com"
66.249.66.137 - - [09/Jul/2016:16:36:21 -0700] "GET /brunei HTTP/1.1" 404 89 "-" "Mozilla/5.0 (Linux; Android 6.0.1; Nexus 5X Build/MMB29P) AppleWebKit/537.36 (KHTML, like Gecko) Chrome/41.0.2272.96 Mobile Safari/537.36 (compatible; Googlebot/2.1; +http://www.google.com/bot.html)" "www.saveaslave.com"
54.211.242.79 - - [09/Jul/2016:16:38:26 -0700] "GET / HTTP/1.1" 200 89069 "-" "-" "saveaslave.com"[2]
141.8.143.176 - - [09/Jul/2016:16:56:39 -0700] "GET /images/article/traffick_diagram.png HTTP/1.1" 200 22048 "-" "Mozilla/5.0 (compatible; YandexImages/3.0; +http://yandex.com/bots)" "saveaslave.com"
195.154.57.227 - - [09/Jul/2016:17:08:46 -0700] "GET /addarticle.php HTTP/1.1" 200 13718 "-" "Mozilla/5.0 (Windows NT 6.1) AppleWebKit/537.36 (KHTML, like Gecko) Chrome/41.0.2228.0 Safari/537.36" "saveaslave.com"[1]
39.54.29.216 - - [09/Jul/2016:17:08:51 -0700] "GET /images/article/s1_dety_beg_d9954.jpg HTTP/1.1" 200 16968 "http://www.saveaslave.com/" "Mozilla/5.0 (Mobile; Windows Phone 8.1; Android 4.0; ARM; Trident/7.0; Touch; rv:11.0; IEMobile/11.0; NOKIA; Lumia 625) like iPhone OS 7_0_3 Mac OS X AppleWebKit/537 (KHTML, like Gecko) Mobile Safari/537" "www.saveaslave.com"
39.54.29.216 - - [09/Jul/2016:17:08:56 -0700] "GET /indicator.gif HTTP/1.1" 200 878 "http://www.saveaslave.com/" "Mozilla/5.0 (Mobile; Windows Phone 8.1; Android 4.0; ARM; Trident/7.0; Touch; rv:11.0; IEMobile/11.0; NOKIA; Lumia 625) like iPhone OS 7_0_3 Mac OS X AppleWebKit/537 (KHTML, like Gecko) Mobile Safari/537" "www.saveaslave.com"
39.54.29.216 - - [09/Jul/2016:17:08:56 -0700] "GET /images/social3.png HTTP/1.1" 200 4343 "http://www.saveaslave.com/" "Mozilla/5.0 (Mobile; Windows Phone 8.1; Android 4.0; ARM; Trident/7.0; Touch; rv:11.0; IEMobile/11.0; NOKIA; Lumia 625) like iPhone OS 7_0_3 Mac OS X AppleWebKit/537 (KHTML, like Gecko) Mobile Safari/537" "www.saveaslave.com"
39.54.29.216 - - [09/Jul/2016:17:08:57 -0700] "GET /images/social1.png HTTP/1.1" 200 2012 "http://www.saveaslave.com/" "Mozilla/5.0 (Mobile; Windows Phone 8.1; Android 4.0; ARM; Trident/7.0; Touch; rv:11.0; IEMobile/11.0; NOKIA; Lumia 625) like iPhone OS 7_0_3 Mac OS X AppleWebKit/537 (KHTML, like Gecko) Mobile Safari/537" "www.saveaslave.com"
39.54.29.216 - - [09/Jul/2016:17:08:57 -0700] "GET /addarticle.php HTTP/1.1" 200 13682 "http://www.saveaslave.com/" "Mozilla/5.0 (Mobile; Windows Phone 8.1; Android 4.0; ARM; Trident/7.0; Touch; rv:11.0; IEMobile/11.0; NOKIA; Lumia 625) like iPhone OS 7_0_3 Mac OS X AppleWebKit/537 (KHTML, like Gecko) Mobile Safari/537" "www.saveaslave.com"
39.54.29.216 - - [09/Jul/2016:17:08:58 -0700] "GET /css/down-arrow.png HTTP/1.1" 404 89 "http://www.saveaslave.com/" "Mozilla/5.0 (Mobile; Windows Phone 8.1; Android 4.0; ARM; Trident/7.0; Touch; rv:11.0; IEMobile/11.0; NOKIA; Lumia 625) like iPhone OS 7_0_3 Mac OS X AppleWebKit/537 (KHTML, like Gecko) Mobile Safari/537" "www.saveaslave.com"
217.69.136.204 - - [09/Jul/2016:18:15:16 -0700] "GET /article.php?id=113 HTTP/1.1" 200 43936 "-" "Mozilla/5.0 (compatible; Linux x86_64; Mail.RU_Bot/2.0; +http://go.mail.ru/help/robots)" "www.saveaslave.com"[2]
77.75.76.163 - - [09/Jul/2016:18:31:08 -0700] "GET /robots.txt HTTP/1.1" 200 48 "-" "Mozilla/5.0 (compatible; SeznamBot/3.2; +http://napoveda.seznam.cz/en/seznambot-intro/)" "saveaslave.com"
178.255.215.78 - - [09/Jul/2016:18:39:13 -0700] "GET /robots.txt HTTP/1.1" 200 48 "-" "Mozilla/5.0 (compatible; Exabot/3.0; +http://www.exabot.com/go/robot)" "www.saveaslave.com"
178.255.215.78 - - [09/Jul/2016:18:39:14 -0700] "GET /index.html HTTP/1.1" 404 89 "-" "Mozilla/5.0 (compatible; Exabot/3.0; +http://www.exabot.com/go/robot)" "www.saveaslave.com"
195.154.57.227 - - [09/Jul/2016:18:44:13 -0700] "GET /addarticle.php HTTP/1.1" 200 13718 "-" "Mozilla/5.0 (Windows NT 6.1) AppleWebKit/537.36 (KHTML, like Gecko) Chrome/41.0.2228.0 Safari/537.36" "saveaslave.com"
208.115.113.86 - - [09/Jul/2016:19:00:21 -0700] "GET /article.php?id=22 HTTP/1.1" 200 46639 "-" "Mozilla/5.0 (compatible; DotBot/1.1; http://www.opensiteexplorer.org/dotbot, help@moz.com)" "saveaslave.com"
69.30.221.250 - - [09/Jul/2016:19:10:41 -0700] "GET /robots.txt HTTP/1.1" 200 48 "-" "Mozilla/5.0 (compatible; MJ12bot/v1.4.5; http://www.majestic12.co.uk/bot.php?+)" "saveaslave.com"
178.137.89.208 - - [09/Jul/2016:19:12:17 -0700] "GET / HTTP/1.1" 200 89033 "http://gps495.ru/" "Mozilla/4.0 (compatible; MSIE 7.0b; Windows NT 6.0 ; .NET CLR 2.0.50215; SL Commerce Client v1.0; Tablet PC 2.0" "www.saveaslave.com"
178.137.89.208 - - [09/Jul/2016:19:12:18 -0700] "GET / HTTP/1.1" 200 89033 "http://gps495.ru/" "Mozilla/4.0 (compatible; MSIE 7.0b; Windows NT 6.0 ; .NET CLR 2.0.50215; SL Commerce Client v1.0; Tablet PC 2.0" "www.saveaslave.com"
54.211.242.79 - - [09/Jul/2016:19:19:49 -0700] "GET / HTTP/1.1" 200 89069 "-" "-" "saveaslave.com"[2]
54.211.242.79 - - [09/Jul/2016:19:28:37 -0700] "GET / HTTP/1.1" 200 89069 "-" "-" "saveaslave.com"
144.76.8.132 - - [09/Jul/2016:19:31:38 -0700] "GET /robots.txt HTTP/1.1" 200 48 "-" "Mozilla/5.0 (compatible; MJ12bot/v1.4.5; http://www.majestic12.co.uk/bot.php?+)" "saveaslave.com"
144.76.8.132 - - [09/Jul/2016:19:31:41 -0700] "GET /robots.txt HTTP/1.1" 200 48 "-" "Mozilla/5.0 (compatible; MJ12bot/v1.4.5; http://www.majestic12.co.uk/bot.php?+)" "www.saveaslave.com"
208.115.113.86 - - [09/Jul/2016:19:34:43 -0700] "GET /robots.txt HTTP/1.1" 200 48 "-" "Mozilla/5.0 (compatible; DotBot/1.1; http://www.opensiteexplorer.org/dotbot, help@moz.com)" "www.saveaslave.com"
217.69.136.206 - - [09/Jul/2016:19:42:06 -0700] "GET /robots.txt HTTP/1.1" 200 48 "-" "Mozilla/5.0 (compatible; Linux x86_64; Mail.RU_Bot/2.0; +http://go.mail.ru/help/robots)" "www.saveaslave.com"
217.69.136.206 - - [09/Jul/2016:19:42:07 -0700] "GET /philippines.html HTTP/1.1" 404 89 "-" "Mozilla/5.0 (compatible; Linux x86_64; Mail.RU_Bot/2.0; +http://go.mail.ru/help/robots)" "www.saveaslave.com"
217.69.136.203 - - [09/Jul/2016:19:42:08 -0700] "GET /russia.html HTTP/1.1" 404 89 "-" "Mozilla/5.0 (compatible; Linux x86_64; Mail.RU_Bot/2.0; +http://go.mail.ru/help/robots)" "www.saveaslave.com"
54.211.242.79 - - [09/Jul/2016:20:07:14 -0700] "GET / HTTP/1.1" 200 89069 "-" "-" "saveaslave.com"
207.46.13.89 - - [09/Jul/2016:20:27:42 -0700] "GET /robots.txt HTTP/1.1" 200 48 "-" "Mozilla/5.0 (compatible; bingbot/2.0; +http://www.bing.com/bingbot.htm)" "www.saveaslave.com"
54.82.201.43 - - [09/Jul/2016:20:47:49 -0700] "GET / HTTP/1.1" 200 89069 "-" "Mozilla/5.0 (compatible; linkdexbot/2.0; +http://www.linkdex.com/bots/)" "saveaslave.com"[2]
172.7.202.62 - - [09/Jul/2016:20:57:05 -0700] "GET /images/top.jpg HTTP/1.0" 200 50519 "-" "Mozilla/5.0 (Linux; Android 4.4.2; SAMSUNG-SGH-I527 Build/KOT49H) AppleWebKit/537.36 (KHTML, like Gecko) Version/4.0 Chrome/30.0.0.0 Mobile Safari/537.36 GSA/6.0.23.16.arm" "www.saveaslave.com"
217.69.136.206 - - [09/Jul/2016:21:04:43 -0700] "GET /robots.txt HTTP/1.1" 200 48 "-" "Mozilla/5.0 (compatible; Linux x86_64; Mail.RU_Bot/2.0; +http://go.mail.ru/help/robots)" "saveaslave.com"
217.69.136.207 - - [09/Jul/2016:21:04:45 -0700] "GET /article.php?id=112 HTTP/1.1" 200 45974 "-" "Mozilla/5.0 (compatible; Linux x86_64; Mail.RU_Bot/2.0; +http://go.mail.ru/help/robots)" "saveaslave.com"[1]
65.36.241.48 - - [09/Jul/2016:21:24:19 -0700] "HEAD /?tpl=references&Itemid=3 HTTP/1.1" 200 0 "-" "InternetSeer.com" "www.saveaslave.com"[1]
217.69.136.209 - - [09/Jul/2016:21:24:25 -0700] "GET /article.php?id=64 HTTP/1.1" 200 47065 "-" "Mozilla/5.0 (compatible; Linux x86_64; Mail.RU_Bot/2.0; +http://go.mail.ru/help/robots)" "saveaslave.com"
109.149.176.213 - - [09/Jul/2016:21:56:09 -0700] "GET /italy HTTP/1.1" 404 89 "-" "Mozilla/5.0 (compatible; MJ12bot/v1.4.5; http://www.majestic12.co.uk/bot.php?+)" "saveaslave.com"[0]
109.149.176.213 - - [09/Jul/2016:21:56:11 -0700] "GET /libya HTTP/1.1" 404 89 "-" "Mozilla/5.0 (compatible; MJ12bot/v1.4.5; http://www.majestic12.co.uk/bot.php?+)" "saveaslave.com"
109.149.176.213 - - [09/Jul/2016:21:56:12 -0700] "GET /lithuania HTTP/1.1" 404 89 "-" "Mozilla/5.0 (compatible; MJ12bot/v1.4.5; http://www.majestic12.co.uk/bot.php?+)" "saveaslave.com"
65.36.241.48 - - [09/Jul/2016:22:06:44 -0700] "GET / HTTP/1.1" 200 89069 "-" "InternetSeer.com" "www.saveaslave.com"
69.30.213.82 - - [09/Jul/2016:22:07:56 -0700] "GET /robots.txt HTTP/1.1" 200 48 "-" "Mozilla/5.0 (compatible; MJ12bot/v1.4.5; http://www.majestic12.co.uk/bot.php?+)" "saveaslave.com"
69.30.213.82 - - [09/Jul/2016:22:08:51 -0700] "GET /?tpl=hospitals&Itemid=11&countrycode=us HTTP/1.1" 200 89069 "-" "Mozilla/5.0 (compatible; MJ12bot/v1.4.5; http://www.majestic12.co.uk/bot.php?+)" "www.saveaslave.com"
54.82.201.43 - - [09/Jul/2016:22:09:47 -0700] "GET /article.php?id=21 HTTP/1.1" 200 49376 "-" "Mozilla/5.0 (compatible; linkdexbot/2.0; +http://www.linkdex.com/bots/)" "www.saveaslave.com"
46.119.112.23 - - [09/Jul/2016:22:24:07 -0700] "GET / HTTP/1.1" 200 89069 "-" "Mozilla/5.0 (Windows NT 10.0; WOW64) AppleWebKit/537.36 (KHTML, like Gecko) Chrome/49.0.2623.75 Safari/537.36 OPR/36.0.2130.32" "www.saveaslave.com"
46.119.112.23 - - [09/Jul/2016:22:24:12 -0700] "GET /xmlrpc.php?rsd HTTP/1.1" 200 73 "-" "Mozilla/5.0 (Windows NT 10.0; WOW64) AppleWebKit/537.36 (KHTML, like Gecko) Chrome/49.0.2623.75 Safari/537.36 OPR/36.0.2130.32" "www.saveaslave.com"
46.119.112.23 - - [09/Jul/2016:22:24:12 -0700] "GET /blog/robots.txt HTTP/1.1" 404 89 "-" "Mozilla/5.0 (Windows NT 10.0; WOW64) AppleWebKit/537.36 (KHTML, like Gecko) Chrome/49.0.2623.75 Safari/537.36 OPR/36.0.2130.32" "www.saveaslave.com"
46.119.112.23 - - [09/Jul/2016:22:24:12 -0700] "GET /blog/ HTTP/1.1" 404 89 "-" "Mozilla/5.0 (Windows NT 10.0; WOW64) AppleWebKit/537.36 (KHTML, like Gecko) Chrome/49.0.2623.75 Safari/537.36 OPR/36.0.2130.32" "www.saveaslave.com"[0]
46.119.112.23 - - [09/Jul/2016:22:24:13 -0700] "GET /wp/ HTTP/1.1" 404 89 "-" "Mozilla/5.0 (Windows NT 10.0; WOW64) AppleWebKit/537.36 (KHTML, like Gecko) Chrome/49.0.2623.75 Safari/537.36 OPR/36.0.2130.32" "www.saveaslave.com"
141.8.143.194 - - [09/Jul/2016:22:28:46 -0700] "GET /images/article/restavek.jpg HTTP/1.1" 200 5410 "-" "Mozilla/5.0 (compatible; YandexImages/3.0; +http://yandex.com/bots)" "saveaslave.com"
217.37.118.73 - - [09/Jul/2016:22:35:01 -0700] "GET / HTTP/1.1" 200 89033 "http://www.christianvolunteering.org/org/saveaslave.jsp" "Mozilla/5.0 (Windows NT 6.1; WOW64; rv:47.0) Gecko/20100101 Firefox/47.0" "www.saveaslave.com"
217.37.118.73 - - [09/Jul/2016:22:35:03 -0700] "GET /css/style.css HTTP/1.1" 200 7938 "http://www.saveaslave.com/" "Mozilla/5.0 (Windows NT 6.1; WOW64; rv:47.0) Gecko/20100101 Firefox/47.0" "www.saveaslave.com"
217.37.118.73 - - [09/Jul/2016:22:35:03 -0700] "GET /css/bootstrap.min.css HTTP/1.1" 200 123578 "http://www.saveaslave.com/" "Mozilla/5.0 (Windows NT 6.1; WOW64; rv:47.0) Gecko/20100101 Firefox/47.0" "www.saveaslave.com"
217.37.118.73 - - [09/Jul/2016:22:35:03 -0700] "GET /assets/js/ie-emulation-modes-warning.js HTTP/1.1" 200 2130 "http://www.saveaslave.com/" "Mozilla/5.0 (Windows NT 6.1; WOW64; rv:47.0) Gecko/20100101 Firefox/47.0" "www.saveaslave.com"
217.37.118.73 - - [09/Jul/2016:22:35:03 -0700] "GET /gajaxscroller.js HTTP/1.1" 200 9774 "http://www.saveaslave.com/" "Mozilla/5.0 (Windows NT 6.1; WOW64; rv:47.0) Gecko/20100101 Firefox/47.0" "www.saveaslave.com"
217.37.118.73 - - [09/Jul/2016:22:35:03 -0700] "GET /gfeedfetcher.js HTTP/1.1" 200 9018 "http://www.saveaslave.com/" "Mozilla/5.0 (Windows NT 6.1; WOW64; rv:47.0) Gecko/20100101 Firefox/47.0" "www.saveaslave.com"
217.37.118.73 - - [09/Jul/2016:22:35:03 -0700] "GET /js/bootstrap.min.js HTTP/1.1" 200 37055 "http://www.saveaslave.com/" "Mozilla/5.0 (Windows NT 6.1; WOW64; rv:47.0) Gecko/20100101 Firefox/47.0" "www.saveaslave.com"
217.37.118.73 - - [09/Jul/2016:22:35:04 -0700] "GET /images/social2.png HTTP/1.1" 200 1752 "http://www.saveaslave.com/" "Mozilla/5.0 (Windows NT 6.1; WOW64; rv:47.0) Gecko/20100101 Firefox/47.0" "www.saveaslave.com"
217.37.118.73 - - [09/Jul/2016:22:35:04 -0700] "GET /images/social1.png HTTP/1.1" 200 2012 "http://www.saveaslave.com/" "Mozilla/5.0 (Windows NT 6.1; WOW64; rv:47.0) Gecko/20100101 Firefox/47.0" "www.saveaslave.com"
217.37.118.73 - - [09/Jul/2016:22:35:04 -0700] "GET /images/social3.png HTTP/1.1" 200 4343 "http://www.saveaslave.com/" "Mozilla/5.0 (Windows NT 6.1; WOW64; rv:47.0) Gecko/20100101 Firefox/47.0" "www.saveaslave.com"
217.37.118.73 - - [09/Jul/2016:22:35:04 -0700] "GET /images/select-arrow.png HTTP/1.1" 200 1118 "http://www.saveaslave.com/css/style.css" "Mozilla/5.0 (Windows NT 6.1; WOW64; rv:47.0) Gecko/20100101 Firefox/47.0" "www.saveaslave.com"
217.37.118.73 - - [09/Jul/2016:22:35:04 -0700] "GET /addarticle.php HTTP/1.1" 200 13682 "http://www.saveaslave.com/" "Mozilla/5.0 (Windows NT 6.1; WOW64; rv:47.0) Gecko/20100101 Firefox/47.0" "www.saveaslave.com"
217.37.118.73 - - [09/Jul/2016:22:35:04 -0700] "GET /indicator.gif HTTP/1.1" 200 878 "http://www.saveaslave.com/" "Mozilla/5.0 (Windows NT 6.1; WOW64; rv:47.0) Gecko/20100101 Firefox/47.0" "www.saveaslave.com"
217.37.118.73 - - [09/Jul/2016:22:35:04 -0700] "GET /css/down-arrow.png HTTP/1.1" 404 89 "http://www.saveaslave.com/css/elements.css" "Mozilla/5.0 (Windows NT 6.1; WOW64; rv:47.0) Gecko/20100101 Firefox/47.0" "www.saveaslave.com"[0]
217.37.118.73 - - [09/Jul/2016:22:46:24 -0700] "GET /ico/favicon-96x96.png HTTP/1.1" 200 4476 "-" "Mozilla/5.0 (Windows NT 6.1; WOW64; rv:47.0) Gecko/20100101 Firefox/47.0" "www.saveaslave.com"
164.132.161.14 - - [09/Jul/2016:22:56:34 -0700] "GET /www.chirla.org HTTP/1.1" 404 89 "-" "Mozilla/5.0 (compatible; AhrefsBot/5.1; +http://ahrefs.com/robot/)" "www.saveaslave.com"
46.185.13.226 - - [09/Jul/2016:23:01:28 -0700] "GET / HTTP/1.1" 200 89033 "http://xn-----7kceclhb4abre1b4a0ccl2fxch1a.xn--p1ai/" "Opera/8.01 (Windows NT 5.1)" "www.saveaslave.com"
46.185.13.226 - - [09/Jul/2016:23:01:29 -0700] "GET / HTTP/1.1" 200 89033 "http://xn-----7kceclhb4abre1b4a0ccl2fxch1a.xn--p1ai/" "Opera/8.01 (Windows NT 5.1)" "www.saveaslave.com"
46.185.13.226 - - [09/Jul/2016:23:01:30 -0700] "GET / HTTP/1.1" 200 89033 "http://xn-----7kceclhb4abre1b4a0ccl2fxch1a.xn--p1ai/" "Opera/8.01 (Windows NT 5.1)" "www.saveaslave.com"[0]
172.219.175.108 - - [09/Jul/2016:23:04:20 -0700] "GET /images/article/suspects.jpg HTTP/1.1" 200 58796 "http://www.google.ca/blank.html" "Mozilla/5.0 (Linux; U; Android 3.2; en-us; GT-P7510 Build/HTJ85B) AppleWebKit/534.13 (KHTML, like Gecko) Version/4.0 Safari/534.13" "www.saveaslave.com"
65.36.241.48 - - [09/Jul/2016:23:31:33 -0700] "HEAD / HTTP/1.1" 200 0 "-" "InternetSeer.com" "www.saveaslave.com"
104.236.47.25 - - [09/Jul/2016:23:36:11 -0700] "GET / HTTP/1.1" 200 89069 "-" "Mozilla/5.0 (Windows NT 6.1; WOW64; rv:21.0) Gecko/20100101 Firefox/21.0" "saveaslave.com"[0]
104.236.47.25 - - [09/Jul/2016:23:36:12 -0700] "GET /robots.txt HTTP/1.1" 200 48 "-" "Mozilla/5.0 (compatible; MSIE 9.0; Windows NT 6.1; WOW64; Trident/5.0)" "saveaslave.com"
104.236.47.25 - - [09/Jul/2016:23:36:13 -0700] "GET /article.php?id=46 HTTP/1.1" 200 49307 "http://saveaslave.com" "Mozilla/5.0 (Windows NT 6.1; WOW64; rv:28.0) Gecko/20100101 Firefox/28.0" "saveaslave.com"[1]
104.236.47.25 - - [09/Jul/2016:23:36:13 -0700] "GET /disclaimer.php HTTP/1.1" 200 47937 "http://saveaslave.com" "Mozilla/5.0 (compatible; MSIE 9.0; Windows NT 6.1; WOW64; Trident/5.0)" "saveaslave.com"
220.181.108.90 - - [10/Jul/2016:00:10:16 -0700] "GET / HTTP/1.1" 200 89069 "-" "Mozilla/5.0 (compatible; Baiduspider/2.0; +http://www.baidu.com/search/spider.html)" "saveaslave.com"
92.238.226.245 - - [10/Jul/2016:00:25:59 -0700] "GET /?tpl=jobs&Itemid=4 HTTP/1.1" 200 89069 "-" "Mozilla/5.0 (compatible; MJ12bot/v1.4.5; http://www.majestic12.co.uk/bot.php?+)" "saveaslave.com"
92.238.226.245 - - [10/Jul/2016:00:26:44 -0700] "GET /?tpl=references&Itemid=3 HTTP/1.1" 200 89069 "-" "Mozilla/5.0 (compatible; MJ12bot/v1.4.5; http://www.majestic12.co.uk/bot.php?+)" "saveaslave.com"
69.30.198.178 - - [10/Jul/2016:00:29:59 -0700] "GET /article.php?id=6 HTTP/1.1" 200 47572 "-" "Mozilla/5.0 (compatible; MJ12bot/v1.4.5; http://www.majestic12.co.uk/bot.php?+)" "www.saveaslave.com"
69.30.198.178 - - [10/Jul/2016:00:30:05 -0700] "GET /managevolunteer.php HTTP/1.1" 200 1294 "-" "Mozilla/5.0 (compatible; MJ12bot/v1.4.5; http://www.majestic12.co.uk/bot.php?+)" "www.saveaslave.com"
92.238.226.245 - - [10/Jul/2016:00:30:12 -0700] "GET /?tpl=references&Itemid=3 HTTP/1.0" 200 65536 "-" "Mozilla/5.0 (compatible; MJ12bot/v1.4.5; http://www.majestic12.co.uk/bot.php?+)" "saveaslave.com"
217.69.136.204 - - [10/Jul/2016:02:00:37 -0700] "GET /robots.txt HTTP/1.1" 200 48 "-" "Mozilla/5.0 (compatible; Linux x86_64; Mail.RU_Bot/2.0; +http://go.mail.ru/help/robots)" "www.saveaslave.com"
217.69.136.209 - - [10/Jul/2016:02:00:39 -0700] "GET /article.php?id=3 HTTP/1.1" 200 50919 "-" "Mozilla/5.0 (compatible; Linux x86_64; Mail.RU_Bot/2.0; +http://go.mail.ru/help/robots)" "www.saveaslave.com"[1]
62.210.143.245 - - [10/Jul/2016:02:04:28 -0700] "GET /robots.txt HTTP/1.1" 200 48 "-" "Mozilla/5.0 (compatible; MJ12bot/v1.4.5; http://www.majestic12.co.uk/bot.php?+)" "saveaslave.com"
62.210.143.245 - - [10/Jul/2016:02:04:30 -0700] "GET /article.php?id=13 HTTP/1.1" 200 60546 "-" "Mozilla/5.0 (compatible; MJ12bot/v1.4.5; http://www.majestic12.co.uk/bot.php?+)" "saveaslave.com"
62.210.143.245 - - [10/Jul/2016:02:04:32 -0700] "GET /article.php?id=21 HTTP/1.1" 200 49376 "-" "Mozilla/5.0 (compatible; MJ12bot/v1.4.5; http://www.majestic12.co.uk/bot.php?+)" "saveaslave.com"[0]
100.43.90.11 - - [10/Jul/2016:02:33:48 -0700] "GET /images/article/pyatka_default.jpg HTTP/1.1" 200 204394 "-" "Mozilla/5.0 (compatible; YandexImages/3.0; +http://yandex.com/bots)" "saveaslave.com"
65.36.241.48 - - [10/Jul/2016:02:33:51 -0700] "HEAD / HTTP/1.1" 200 0 "-" "InternetSeer.com" "www.saveaslave.com"
183.57.153.92 - - [10/Jul/2016:02:53:34 -0700] "GET /assets/js/ie10-viewport-bug-workaround.js HTTP/1.1" 200 641 "http://www.saveaslave.com/assets/js/ie10-viewport-bug-workaround.js" "Mozilla/5.0 (compatible; MSIE 9.0; Windows NT 6.1; Trident/5.0)" "www.saveaslave.com"
54.211.242.79 - - [10/Jul/2016:03:00:49 -0700] "GET / HTTP/1.1" 200 89069 "-" "-" "saveaslave.com"
54.211.242.79 - - [10/Jul/2016:03:08:25 -0700] "GET / HTTP/1.1" 200 89069 "-" "-" "saveaslave.com"[2]
217.186.53.7 - - [10/Jul/2016:03:13:59 -0700] "GET / HTTP/1.1" 200 89033 "https://t.co/E8R4kksux4" "Mozilla/5.0 (iPhone; CPU iPhone OS 9_3_2 like Mac OS X) AppleWebKit/601.1.46 (KHTML, like Gecko) Mobile/13F69 Twitter for iPhone" "saveaslave.com"
217.186.53.7 - - [10/Jul/2016:03:14:00 -0700] "GET /gfeedfetcher.js HTTP/1.1" 200 9018 "http://saveaslave.com/" "Mozilla/5.0 (iPhone; CPU iPhone OS 9_3_2 like Mac OS X) AppleWebKit/601.1.46 (KHTML, like Gecko) Mobile/13F69 Twitter for iPhone" "saveaslave.com"
217.186.53.7 - - [10/Jul/2016:03:14:00 -0700] "GET /css/style.css HTTP/1.1" 200 7938 "http://saveaslave.com/" "Mozilla/5.0 (iPhone; CPU iPhone OS 9_3_2 like Mac OS X) AppleWebKit/601.1.46 (KHTML, like Gecko) Mobile/13F69 Twitter for iPhone" "saveaslave.com"
217.186.53.7 - - [10/Jul/2016:03:14:00 -0700] "GET /css/bootstrap.min.css HTTP/1.1" 200 123578 "http://saveaslave.com/" "Mozilla/5.0 (iPhone; CPU iPhone OS 9_3_2 like Mac OS X) AppleWebKit/601.1.46 (KHTML, like Gecko) Mobile/13F69 Twitter for iPhone" "saveaslave.com"
217.186.53.7 - - [10/Jul/2016:03:14:00 -0700] "GET /assets/js/ie-emulation-modes-warning.js HTTP/1.1" 200 2130 "http://saveaslave.com/" "Mozilla/5.0 (iPhone; CPU iPhone OS 9_3_2 like Mac OS X) AppleWebKit/601.1.46 (KHTML, like Gecko) Mobile/13F69 Twitter for iPhone" "saveaslave.com"
217.186.53.7 - - [10/Jul/2016:03:14:00 -0700] "GET /images/article/end_it.jpg HTTP/1.1" 200 33676 "http://saveaslave.com/" "Mozilla/5.0 (iPhone; CPU iPhone OS 9_3_2 like Mac OS X) AppleWebKit/601.1.46 (KHTML, like Gecko) Mobile/13F69 Twitter for iPhone" "saveaslave.com"
217.186.53.7 - - [10/Jul/2016:03:14:00 -0700] "GET /images/article/s1_dety_beg_d9954.jpg HTTP/1.1" 200 16968 "http://saveaslave.com/" "Mozilla/5.0 (iPhone; CPU iPhone OS 9_3_2 like Mac OS X) AppleWebKit/601.1.46 (KHTML, like Gecko) Mobile/13F69 Twitter for iPhone" "saveaslave.com"
217.186.53.7 - - [10/Jul/2016:03:14:00 -0700] "GET /images/article/suspects.jpg HTTP/1.1" 200 58796 "http://saveaslave.com/" "Mozilla/5.0 (iPhone; CPU iPhone OS 9_3_2 like Mac OS X) AppleWebKit/601.1.46 (KHTML, like Gecko) Mobile/13F69 Twitter for iPhone" "saveaslave.com"
217.186.53.7 - - [10/Jul/2016:03:14:00 -0700] "GET /css/style-pages.css HTTP/1.1" 200 9894 "http://saveaslave.com/" "Mozilla/5.0 (iPhone; CPU iPhone OS 9_3_2 like Mac OS X) AppleWebKit/601.1.46 (KHTML, like Gecko) Mobile/13F69 Twitter for iPhone" "saveaslave.com"
217.186.53.7 - - [10/Jul/2016:03:14:00 -0700] "GET /images/social1.png HTTP/1.1" 200 2012 "http://saveaslave.com/" "Mozilla/5.0 (iPhone; CPU iPhone OS 9_3_2 like Mac OS X) AppleWebKit/601.1.46 (KHTML, like Gecko) Mobile/13F69 Twitter for iPhone" "saveaslave.com"
217.186.53.7 - - [10/Jul/2016:03:14:00 -0700] "GET /css/elements.css HTTP/1.1" 200 17857 "http://saveaslave.com/" "Mozilla/5.0 (iPhone; CPU iPhone OS 9_3_2 like Mac OS X) AppleWebKit/601.1.46 (KHTML, like Gecko) Mobile/13F69 Twitter for iPhone" "saveaslave.com"
217.186.53.7 - - [10/Jul/2016:03:14:00 -0700] "GET /images/social2.png HTTP/1.1" 200 1752 "http://saveaslave.com/" "Mozilla/5.0 (iPhone; CPU iPhone OS 9_3_2 like Mac OS X) AppleWebKit/601.1.46 (KHTML, like Gecko) Mobile/13F69 Twitter for iPhone" "saveaslave.com"
217.186.53.7 - - [10/Jul/2016:03:14:00 -0700] "GET /images/social3.png HTTP/1.1" 200 4343 "http://saveaslave.com/" "Mozilla/5.0 (iPhone; CPU iPhone OS 9_3_2 like Mac OS X) AppleWebKit/601.1.46 (KHTML, like Gecko) Mobile/13F69 Twitter for iPhone" "saveaslave.com"
217.186.53.7 - - [10/Jul/2016:03:14:00 -0700] "GET /js/bootstrap.min.js HTTP/1.1" 200 37055 "http://saveaslave.com/" "Mozilla/5.0 (iPhone; CPU iPhone OS 9_3_2 like Mac OS X) AppleWebKit/601.1.46 (KHTML, like Gecko) Mobile/13F69 Twitter for iPhone" "saveaslave.com"
217.186.53.7 - - [10/Jul/2016:03:14:00 -0700] "GET /assets/js/ie10-viewport-bug-workaround.js HTTP/1.1" 200 641 "http://saveaslave.com/" "Mozilla/5.0 (iPhone; CPU iPhone OS 9_3_2 like Mac OS X) AppleWebKit/601.1.46 (KHTML, like Gecko) Mobile/13F69 Twitter for iPhone" "saveaslave.com"
217.186.53.7 - - [10/Jul/2016:03:14:01 -0700] "GET /images/select-arrow.png HTTP/1.1" 200 1118 "http://saveaslave.com/" "Mozilla/5.0 (iPhone; CPU iPhone OS 9_3_2 like Mac OS X) AppleWebKit/601.1.46 (KHTML, like Gecko) Mobile/13F69 Twitter for iPhone" "saveaslave.com"
217.186.53.7 - - [10/Jul/2016:03:14:01 -0700] "GET /css/down-arrow.png HTTP/1.1" 404 89 "http://saveaslave.com/" "Mozilla/5.0 (iPhone; CPU iPhone OS 9_3_2 like Mac OS X) AppleWebKit/601.1.46 (KHTML, like Gecko) Mobile/13F69 Twitter for iPhone" "saveaslave.com"
