65.36.241.48 - - [30/Dec/2015:16:04:17 -0800] "HEAD / HTTP/1.1" 200 0 "-" "InternetSeer.com" "www.saveaslave.com"
71.75.234.184 - - [30/Dec/2015:16:57:25 -0800] "GET /images/countrymap/solomon-islands.gif HTTP/1.1" 404 89 "https://www.bing.com/" "Mozilla/5.0 (iPad; CPU OS 9_2 like Mac OS X) AppleWebKit/601.1.46 (KHTML, like Gecko) Version/9.0 Mobile/13C75 Safari/601.1" "www.saveaslave.com"
52.90.138.12 - - [30/Dec/2015:17:03:12 -0800] "GET / HTTP/1.1" 200 51147 "-" "Java/1.7.0_45" "www.saveaslave.com"
69.30.213.18 - - [30/Dec/2015:17:31:38 -0800] "GET /robots.txt HTTP/1.1" 200 48 "-" "Mozilla/5.0 (compatible; MJ12bot/v1.4.5; http://www.majestic12.co.uk/bot.php?+)" "saveaslave.com"
69.30.213.18 - - [30/Dec/2015:17:31:42 -0800] "GET /brunei HTTP/1.1" 404 89 "-" "Mozilla/5.0 (compatible; MJ12bot/v1.4.5; http://www.majestic12.co.uk/bot.php?+)" "saveaslave.com"
69.30.213.18 - - [30/Dec/2015:17:31:43 -0800] "GET /robots.txt HTTP/1.1" 200 48 "-" "Mozilla/5.0 (compatible; MJ12bot/v1.4.5; http://www.majestic12.co.uk/bot.php?+)" "www.saveaslave.com"
69.30.213.18 - - [30/Dec/2015:17:31:46 -0800] "GET /?tpl=references&Itemid=3 HTTP/1.1" 200 51147 "-" "Mozilla/5.0 (compatible; MJ12bot/v1.4.5; http://www.majestic12.co.uk/bot.php?+)" "www.saveaslave.com"
188.165.15.44 - - [30/Dec/2015:17:34:29 -0800] "GET /www.gladinc.org HTTP/1.1" 404 89 "-" "Mozilla/5.0 (compatible; AhrefsBot/5.0; +http://ahrefs.com/robot/)" "saveaslave.com"
40.77.167.95 - - [30/Dec/2015:17:43:48 -0800] "GET /robots.txt HTTP/1.1" 200 48 "-" "Mozilla/5.0 (compatible; bingbot/2.0; +http://www.bing.com/bingbot.htm)" "saveaslave.com"
40.77.167.95 - - [30/Dec/2015:17:45:28 -0800] "GET /images/countrymap/bosnia-herzegovina.jpg HTTP/1.1" 404 89 "-" "Mozilla/5.0 (compatible; bingbot/2.0; +http://www.bing.com/bingbot.htm)" "saveaslave.com"
188.165.15.44 - - [30/Dec/2015:17:46:46 -0800] "GET /peru.html HTTP/1.1" 404 89 "-" "Mozilla/5.0 (compatible; AhrefsBot/5.0; +http://ahrefs.com/robot/)" "www.saveaslave.com"
40.77.167.95 - - [30/Dec/2015:17:47:56 -0800] "GET /robots.txt HTTP/1.1" 200 48 "-" "Mozilla/5.0 (compatible; bingbot/2.0; +http://www.bing.com/bingbot.htm)" "www.saveaslave.com"
65.36.241.48 - - [30/Dec/2015:17:48:46 -0800] "HEAD / HTTP/1.1" 200 0 "-" "InternetSeer.com" "www.saveaslave.com"
157.55.39.222 - - [30/Dec/2015:17:53:19 -0800] "GET /images/countrymap/tanzania.jpg HTTP/1.1" 404 89 "-" "Mozilla/5.0 (compatible; bingbot/2.0; +http://www.bing.com/bingbot.htm)" "www.saveaslave.com"
40.77.167.95 - - [30/Dec/2015:17:53:55 -0800] "GET /images/countrymap/tonga.gif HTTP/1.1" 404 89 "-" "Mozilla/5.0 (compatible; bingbot/2.0; +http://www.bing.com/bingbot.htm)" "www.saveaslave.com"
40.77.167.25 - - [30/Dec/2015:18:02:09 -0800] "GET /robots.txt HTTP/1.1" 200 48 "-" "Mozilla/5.0 (compatible; bingbot/2.0; +http://www.bing.com/bingbot.htm)" "saveaslave.com"
52.90.212.138 - - [30/Dec/2015:18:03:15 -0800] "GET / HTTP/1.1" 200 51147 "-" "Java/1.7.0_45" "www.saveaslave.com"
136.243.48.84 - - [30/Dec/2015:18:37:28 -0800] "GET /cote-d-ivoire.html HTTP/1.1" 404 89 "-" "Mozilla/5.0 (X11; Linux x86_64) AppleWebKit/537.36 (KHTML, like Gecko) Chrome/37.0.2062.120 Safari/537.36" "saveaslave.com"
157.55.39.126 - - [30/Dec/2015:18:43:42 -0800] "GET /robots.txt HTTP/1.1" 200 48 "-" "Mozilla/5.0 (compatible; bingbot/2.0; +http://www.bing.com/bingbot.htm)" "saveaslave.com"
54.85.113.224 - - [30/Dec/2015:19:03:50 -0800] "GET / HTTP/1.1" 200 51147 "-" "Java/1.7.0_45" "www.saveaslave.com"
157.55.39.126 - - [30/Dec/2015:19:05:55 -0800] "GET /photos/article3a.jpg HTTP/1.1" 200 12445 "-" "Mozilla/5.0 (compatible; bingbot/2.0; +http://www.bing.com/bingbot.htm)" "saveaslave.com"
65.36.241.48 - - [30/Dec/2015:19:10:54 -0800] "HEAD / HTTP/1.1" 200 0 "-" "InternetSeer.com" "www.saveaslave.com"
40.77.167.95 - - [30/Dec/2015:19:43:31 -0800] "GET /images/countrymap/iran.gif HTTP/1.1" 404 89 "-" "Mozilla/5.0 (compatible; bingbot/2.0; +http://www.bing.com/bingbot.htm)" "saveaslave.com"
136.243.48.84 - - [30/Dec/2015:19:54:57 -0800] "GET /monaco.html HTTP/1.1" 404 89 "-" "Mozilla/5.0 (X11; Linux x86_64) AppleWebKit/537.36 (KHTML, like Gecko) Chrome/37.0.2062.120 Safari/537.36" "saveaslave.com"
40.77.167.95 - - [30/Dec/2015:20:01:54 -0800] "GET /images/countrymap/mauritania-flag.gif HTTP/1.1" 404 89 "-" "Mozilla/5.0 (compatible; bingbot/2.0; +http://www.bing.com/bingbot.htm)" "saveaslave.com"
40.77.167.95 - - [30/Dec/2015:20:01:54 -0800] "GET /images/countrymap/azerbaijan.jpg HTTP/1.1" 404 89 "-" "Mozilla/5.0 (compatible; bingbot/2.0; +http://www.bing.com/bingbot.htm)" "saveaslave.com"
188.165.15.44 - - [30/Dec/2015:20:09:50 -0800] "GET /wallis-and-futuna.html HTTP/1.1" 404 89 "-" "Mozilla/5.0 (compatible; AhrefsBot/5.0; +http://ahrefs.com/robot/)" "saveaslave.com"
40.77.167.25 - - [30/Dec/2015:20:26:01 -0800] "GET /robots.txt HTTP/1.1" 200 48 "-" "Mozilla/5.0 (compatible; bingbot/2.0; +http://www.bing.com/bingbot.htm)" "saveaslave.com"
40.77.167.25 - - [30/Dec/2015:20:27:10 -0800] "GET /belize.html HTTP/1.1" 404 89 "-" "Mozilla/5.0 (compatible; bingbot/2.0; +http://www.bing.com/bingbot.htm)" "saveaslave.com"
157.55.39.190 - - [30/Dec/2015:20:46:34 -0800] "GET /estonia.html HTTP/1.1" 404 89 "-" "Mozilla/5.0 (compatible; bingbot/2.0; +http://www.bing.com/bingbot.htm)" "saveaslave.com"
180.76.15.134 - - [30/Dec/2015:21:01:44 -0800] "GET /country.php?name=Djibouti&lang=en HTTP/1.1" 200 46822 "-" "Mozilla/5.0 (compatible; Baiduspider/2.0; +http://www.baidu.com/search/spider.html)" "www.saveaslave.com"
52.90.212.138 - - [30/Dec/2015:21:04:06 -0800] "GET / HTTP/1.1" 200 51147 "-" "Java/1.7.0_45" "www.saveaslave.com"
40.77.167.95 - - [30/Dec/2015:21:17:58 -0800] "GET /images/countrymap/djibouti.jpg HTTP/1.1" 404 89 "-" "Mozilla/5.0 (compatible; bingbot/2.0; +http://www.bing.com/bingbot.htm)" "saveaslave.com"
180.76.15.28 - - [30/Dec/2015:21:35:12 -0800] "GET /belarus HTTP/1.1" 404 89 "-" "Mozilla/5.0 (compatible; Baiduspider/2.0; +http://www.baidu.com/search/spider.html)" "www.saveaslave.com"
188.165.15.44 - - [30/Dec/2015:21:41:05 -0800] "GET /www.sndca.org HTTP/1.1" 404 89 "-" "Mozilla/5.0 (compatible; AhrefsBot/5.0; +http://ahrefs.com/robot/)" "saveaslave.com"
40.77.167.25 - - [30/Dec/2015:21:46:41 -0800] "GET /robots.txt HTTP/1.1" 200 48 "-" "Mozilla/5.0 (compatible; bingbot/2.0; +http://www.bing.com/bingbot.htm)" "www.saveaslave.com"
40.77.167.25 - - [30/Dec/2015:21:46:47 -0800] "GET /articles/moder... HTTP/1.1" 404 89 "-" "Mozilla/5.0 (compatible; bingbot/2.0; +http://www.bing.com/bingbot.htm)" "www.saveaslave.com"
98.136.235.19 - - [30/Dec/2015:21:51:35 -0800] "GET /images/countrymap/solomon-islands.gif HTTP/1.1" 404 89 "https://search.yahoo.com/search;_ylt=A0SO8zoScINW2J4AWknBGOd_;_ylc=X1MDMjE0NTg1MTU4NQRfcgMyBGZyA3lmcC1ocnRhYi05MDEEZ3ByaWQDY1BpblZ1dE5SWVNkS0oyYnFKRHFtQQRuX3JzbHQDMARuX3N1Z2cDNARvcmlnaW4Dc2VhcmNoLnlhaG9vLmNvbQRwb3MDMARwcXN0cgMEcHFzdHJsAwRxc3RybAMxOQRxdWVyeQN0aGUgc29sb21vbiBpc2xhbmRzBHRfc3RtcAMxNDUxNTQxMDI3?p=the+solomon+islands&fr2=sb-top-&fr=yfp-hrtab-901&fp=1" "YahooCacheSystem; YahooWebServiceClient" "www.saveaslave.com"
40.77.167.95 - - [30/Dec/2015:21:55:49 -0800] "GET /mauritania HTTP/1.1" 404 89 "-" "Mozilla/5.0 (compatible; bingbot/2.0; +http://www.bing.com/bingbot.htm)" "saveaslave.com"
52.90.212.138 - - [30/Dec/2015:22:03:14 -0800] "GET / HTTP/1.1" 200 51147 "-" "Java/1.7.0_45" "www.saveaslave.com"
136.243.48.86 - - [30/Dec/2015:22:03:48 -0800] "GET /australia.html HTTP/1.1" 404 89 "-" "Mozilla/5.0 (X11; Linux x86_64) AppleWebKit/537.36 (KHTML, like Gecko) Chrome/37.0.2062.120 Safari/537.36" "saveaslave.com"
157.55.39.126 - - [30/Dec/2015:22:07:31 -0800] "GET /robots.txt HTTP/1.1" 200 48 "-" "Mozilla/5.0 (compatible; bingbot/2.0; +http://www.bing.com/bingbot.htm)" "www.saveaslave.com"
178.137.89.157 - - [30/Dec/2015:22:10:37 -0800] "GET / HTTP/1.1" 200 51111 "http://lirunet.ru/" "Mozilla/3.0 (x86 [en] Windows NT 5.1; Sun)" "www.saveaslave.com"
178.137.89.157 - - [30/Dec/2015:22:10:38 -0800] "GET / HTTP/1.1" 200 51111 "http://lirunet.ru/" "Mozilla/3.0 (x86 [en] Windows NT 5.1; Sun)" "www.saveaslave.com"
178.137.89.157 - - [30/Dec/2015:22:10:39 -0800] "GET / HTTP/1.1" 200 51111 "http://brothers-smaller.ru/" "Mozilla/3.0 (x86 [en] Windows NT 5.1; Sun)" "www.saveaslave.com"
178.137.89.157 - - [30/Dec/2015:22:10:40 -0800] "GET / HTTP/1.1" 200 51111 "http://brothers-smaller.ru/" "Mozilla/3.0 (x86 [en] Windows NT 5.1; Sun)" "www.saveaslave.com"
157.55.39.126 - - [30/Dec/2015:22:10:53 -0800] "GET /british-virgin-islands.html HTTP/1.1" 404 89 "-" "msnbot-media/1.1 (+http://search.msn.com/msnbot.htm)" "www.saveaslave.com"
80.255.192.237 - - [30/Dec/2015:22:22:40 -0800] "GET /wp-admin/admin-ajax.php?action=revslider_show_image&img=../wp-config.php HTTP/1.1" 404 89 "-" "Mozilla/5.0 (Macintosh; U; Intel Mac OS X 10.6; fr; rv:1.9.2.8) Gecko/20100722 Firefox/3.6.8" "saveaslave.com"
50.184.240.206 - - [30/Dec/2015:22:22:42 -0800] "GET /images/countrymap/solomon-islands.gif HTTP/1.1" 404 89 "https://www.google.com/" "Mozilla/5.0 (iPhone; CPU iPhone OS 8_4_1 like Mac OS X) AppleWebKit/600.1.4 (KHTML, like Gecko) Version/8.0 Mobile/12H321 Safari/600.1.4" "www.saveaslave.com"
74.71.180.152 - - [30/Dec/2015:22:28:08 -0800] "GET /images/countrymap/solomon-islands.gif HTTP/1.1" 404 89 "https://www.bing.com/" "Mozilla/5.0 (Windows NT 10.0) AppleWebKit/537.36 (KHTML, like Gecko) Chrome/46.0.2486.0 Safari/537.36 Edge/13.10586" "www.saveaslave.com"
96.231.132.75 - - [30/Dec/2015:22:34:41 -0800] "GET /robots.txt HTTP/1.1" 200 48 "-" "Mozilla/4.0 (compatible; T-H-U-N-D-E-R-S-T-O-N-E)" "www.saveaslave.com"
96.231.132.75 - - [30/Dec/2015:22:34:41 -0800] "GET /News%20Alert.html HTTP/1.1" 404 89 "-" "Mozilla/4.0 (compatible; T-H-U-N-D-E-R-S-T-O-N-E)" "www.saveaslave.com"
188.165.15.44 - - [30/Dec/2015:22:57:54 -0800] "GET /sint-maarten.html HTTP/1.1" 404 89 "-" "Mozilla/5.0 (compatible; AhrefsBot/5.0; +http://ahrefs.com/robot/)" "saveaslave.com"
52.90.169.70 - - [30/Dec/2015:23:03:01 -0800] "GET / HTTP/1.1" 200 51147 "-" "Java/1.7.0_45" "www.saveaslave.com"
188.165.15.44 - - [30/Dec/2015:23:08:13 -0800] "GET /paypalbutton.html HTTP/1.1" 404 89 "-" "Mozilla/5.0 (compatible; AhrefsBot/5.0; +http://ahrefs.com/robot/)" "www.saveaslave.com"
93.115.95.206 - - [30/Dec/2015:23:19:19 -0800] "GET / HTTP/1.1" 200 51111 "http://burger-imperia.com/" "Mozilla/5.0 (X11; Linux x86_64) AppleWebKit/537.36 (KHTML, like Gecko) Chrome/37.0.2062.120 Safari/537.36" "saveaslave.com"
136.243.48.84 - - [30/Dec/2015:23:52:15 -0800] "GET /pakistan.html HTTP/1.1" 404 89 "-" "Mozilla/5.0 (X11; Linux x86_64) AppleWebKit/537.36 (KHTML, like Gecko) Chrome/37.0.2062.120 Safari/537.36" "saveaslave.com"
52.90.225.89 - - [31/Dec/2015:00:02:44 -0800] "GET / HTTP/1.1" 200 51147 "-" "Java/1.7.0_45" "www.saveaslave.com"
188.165.15.44 - - [31/Dec/2015:00:38:59 -0800] "GET /index.html HTTP/1.1" 404 89 "-" "Mozilla/5.0 (compatible; AhrefsBot/5.0; +http://ahrefs.com/robot/)" "saveaslave.com"
136.243.48.85 - - [31/Dec/2015:00:44:38 -0800] "GET /croatia.html HTTP/1.1" 404 89 "-" "Mozilla/5.0 (X11; Linux x86_64) AppleWebKit/537.36 (KHTML, like Gecko) Chrome/37.0.2062.120 Safari/537.36" "saveaslave.com"
65.36.241.48 - - [31/Dec/2015:00:57:54 -0800] "HEAD / HTTP/1.1" 200 0 "-" "InternetSeer.com" "www.saveaslave.com"
52.90.138.12 - - [31/Dec/2015:01:03:37 -0800] "GET / HTTP/1.1" 200 51147 "-" "Java/1.7.0_45" "www.saveaslave.com"
136.243.48.82 - - [31/Dec/2015:01:28:39 -0800] "GET /japan.html HTTP/1.1" 404 89 "-" "Mozilla/5.0 (X11; Linux x86_64) AppleWebKit/537.36 (KHTML, like Gecko) Chrome/37.0.2062.120 Safari/537.36" "saveaslave.com"
94.154.238.78 - - [31/Dec/2015:01:30:01 -0800] "GET /robots.txt HTTP/1.1" 200 48 "-" "Mozilla/5.0 (compatible; MJ12bot/v1.4.5; http://www.majestic12.co.uk/bot.php?+)" "saveaslave.com"
94.154.238.78 - - [31/Dec/2015:01:30:06 -0800] "GET /contact-usr.php HTTP/1.1" 200 34304 "-" "Mozilla/5.0 (compatible; MJ12bot/v1.4.5; http://www.majestic12.co.uk/bot.php?+)" "saveaslave.com"
94.154.238.78 - - [31/Dec/2015:01:30:12 -0800] "GET /news10r.php HTTP/1.1" 200 50393 "-" "Mozilla/5.0 (compatible; MJ12bot/v1.4.5; http://www.majestic12.co.uk/bot.php?+)" "saveaslave.com"
94.154.238.78 - - [31/Dec/2015:01:30:14 -0800] "GET /news1r.php HTTP/1.1" 200 51670 "-" "Mozilla/5.0 (compatible; MJ12bot/v1.4.5; http://www.majestic12.co.uk/bot.php?+)" "saveaslave.com"
94.154.238.78 - - [31/Dec/2015:01:30:19 -0800] "GET /news9r.php HTTP/1.1" 200 95260 "-" "Mozilla/5.0 (compatible; MJ12bot/v1.4.5; http://www.majestic12.co.uk/bot.php?+)" "saveaslave.com"
94.154.238.78 - - [31/Dec/2015:01:30:21 -0800] "GET /our-supportersr.php HTTP/1.1" 200 73 "-" "Mozilla/5.0 (compatible; MJ12bot/v1.4.5; http://www.majestic12.co.uk/bot.php?+)" "saveaslave.com"
94.154.238.78 - - [31/Dec/2015:01:30:23 -0800] "GET /who-we-arer.php HTTP/1.1" 200 86676 "-" "Mozilla/5.0 (compatible; MJ12bot/v1.4.5; http://www.majestic12.co.uk/bot.php?+)" "saveaslave.com"
94.154.238.78 - - [31/Dec/2015:01:30:32 -0800] "GET /www.apctc.org HTTP/1.1" 404 89 "-" "Mozilla/5.0 (compatible; MJ12bot/v1.4.5; http://www.majestic12.co.uk/bot.php?+)" "saveaslave.com"
94.154.238.78 - - [31/Dec/2015:01:30:33 -0800] "GET /www.apilegaloutreach.org HTTP/1.1" 404 89 "-" "Mozilla/5.0 (compatible; MJ12bot/v1.4.5; http://www.majestic12.co.uk/bot.php?+)" "saveaslave.com"
94.154.238.78 - - [31/Dec/2015:01:30:35 -0800] "GET /www.ayuda.com HTTP/1.1" 404 89 "-" "Mozilla/5.0 (compatible; MJ12bot/v1.4.5; http://www.majestic12.co.uk/bot.php?+)" "saveaslave.com"
94.154.238.78 - - [31/Dec/2015:01:30:37 -0800] "GET /www.boe.ca.gov HTTP/1.1" 404 89 "-" "Mozilla/5.0 (compatible; MJ12bot/v1.4.5; http://www.majestic12.co.uk/bot.php?+)" "saveaslave.com"
94.154.238.78 - - [31/Dec/2015:01:30:38 -0800] "GET /www.bpsos.org HTTP/1.1" 404 89 "-" "Mozilla/5.0 (compatible; MJ12bot/v1.4.5; http://www.majestic12.co.uk/bot.php?+)" "saveaslave.com"
94.154.238.78 - - [31/Dec/2015:01:30:40 -0800] "GET /www.breakthechaincampaign.org HTTP/1.1" 404 89 "-" "Mozilla/5.0 (compatible; MJ12bot/v1.4.5; http://www.majestic12.co.uk/bot.php?+)" "saveaslave.com"
94.154.238.78 - - [31/Dec/2015:01:30:41 -0800] "GET /www.btcc.ips-dc.org HTTP/1.1" 404 89 "-" "Mozilla/5.0 (compatible; MJ12bot/v1.4.5; http://www.majestic12.co.uk/bot.php?+)" "saveaslave.com"
94.154.238.78 - - [31/Dec/2015:01:30:45 -0800] "GET /www.carecen-la.org HTTP/1.1" 404 89 "-" "Mozilla/5.0 (compatible; MJ12bot/v1.4.5; http://www.majestic12.co.uk/bot.php?+)" "saveaslave.com"
94.154.238.78 - - [31/Dec/2015:01:30:46 -0800] "GET /www.casa-alianzamexico.org HTTP/1.1" 404 89 "-" "Mozilla/5.0 (compatible; MJ12bot/v1.4.5; http://www.majestic12.co.uk/bot.php?+)" "saveaslave.com"
94.154.238.78 - - [31/Dec/2015:01:30:51 -0800] "GET /www.chirla.org HTTP/1.1" 404 89 "-" "Mozilla/5.0 (compatible; MJ12bot/v1.4.5; http://www.majestic12.co.uk/bot.php?+)" "saveaslave.com"
94.154.238.78 - - [31/Dec/2015:01:30:52 -0800] "GET /www.citybarjusticecenter.org HTTP/1.1" 404 89 "-" "Mozilla/5.0 (compatible; MJ12bot/v1.4.5; http://www.majestic12.co.uk/bot.php?+)" "saveaslave.com"
94.154.238.78 - - [31/Dec/2015:01:30:54 -0800] "GET /www.ciw-online.org HTTP/1.1" 404 89 "-" "Mozilla/5.0 (compatible; MJ12bot/v1.4.5; http://www.majestic12.co.uk/bot.php?+)" "saveaslave.com"
94.154.238.78 - - [31/Dec/2015:01:30:59 -0800] "GET /www.cliniclegal.org HTTP/1.1" 404 89 "-" "Mozilla/5.0 (compatible; MJ12bot/v1.4.5; http://www.majestic12.co.uk/bot.php?+)" "saveaslave.com"
94.154.238.78 - - [31/Dec/2015:01:31:04 -0800] "GET /www.covenanthouse.org HTTP/1.1" 404 89 "-" "Mozilla/5.0 (compatible; MJ12bot/v1.4.5; http://www.majestic12.co.uk/bot.php?+)" "saveaslave.com"
94.154.238.78 - - [31/Dec/2015:01:31:09 -0800] "GET /www.cscla.org HTTP/1.1" 404 89 "-" "Mozilla/5.0 (compatible; MJ12bot/v1.4.5; http://www.majestic12.co.uk/bot.php?+)" "saveaslave.com"
94.154.238.78 - - [31/Dec/2015:01:31:15 -0800] "GET /www.css.co.la.ca.us HTTP/1.1" 404 89 "-" "Mozilla/5.0 (compatible; MJ12bot/v1.4.5; http://www.majestic12.co.uk/bot.php?+)" "saveaslave.com"
94.154.238.78 - - [31/Dec/2015:01:31:17 -0800] "GET /www.dhs.gov HTTP/1.1" 404 89 "-" "Mozilla/5.0 (compatible; MJ12bot/v1.4.5; http://www.majestic12.co.uk/bot.php?+)" "saveaslave.com"
94.154.238.78 - - [31/Dec/2015:01:31:20 -0800] "GET /www.door.org HTTP/1.1" 404 89 "-" "Mozilla/5.0 (compatible; MJ12bot/v1.4.5; http://www.majestic12.co.uk/bot.php?+)" "saveaslave.com"
94.154.238.78 - - [31/Dec/2015:01:31:22 -0800] "GET /www.dss.ca.gov HTTP/1.1" 404 89 "-" "Mozilla/5.0 (compatible; MJ12bot/v1.4.5; http://www.majestic12.co.uk/bot.php?+)" "saveaslave.com"
94.154.238.78 - - [31/Dec/2015:01:31:29 -0800] "GET /www.fasgi.org HTTP/1.1" 404 89 "-" "Mozilla/5.0 (compatible; MJ12bot/v1.4.5; http://www.majestic12.co.uk/bot.php?+)" "saveaslave.com"
94.154.238.78 - - [31/Dec/2015:01:31:31 -0800] "GET /www.freedomnetworkusa.org HTTP/1.1" 404 89 "-" "Mozilla/5.0 (compatible; MJ12bot/v1.4.5; http://www.majestic12.co.uk/bot.php?+)" "saveaslave.com"
94.154.238.78 - - [31/Dec/2015:01:31:37 -0800] "GET /www.hijcenter.org HTTP/1.1" 404 89 "-" "Mozilla/5.0 (compatible; MJ12bot/v1.4.5; http://www.majestic12.co.uk/bot.php?+)" "saveaslave.com"
94.154.238.78 - - [31/Dec/2015:01:31:40 -0800] "GET /www.igc.org HTTP/1.1" 404 89 "-" "Mozilla/5.0 (compatible; MJ12bot/v1.4.5; http://www.majestic12.co.uk/bot.php?+)" "saveaslave.com"
94.154.238.78 - - [31/Dec/2015:01:31:44 -0800] "GET /www.immigrantjustice.org HTTP/1.1" 404 89 "-" "Mozilla/5.0 (compatible; MJ12bot/v1.4.5; http://www.majestic12.co.uk/bot.php?+)" "saveaslave.com"
94.154.238.78 - - [31/Dec/2015:01:31:46 -0800] "GET /www.iofa.org HTTP/1.1" 404 89 "-" "Mozilla/5.0 (compatible; MJ12bot/v1.4.5; http://www.majestic12.co.uk/bot.php?+)" "saveaslave.com"
94.154.238.78 - - [31/Dec/2015:01:31:50 -0800] "GET /www.jvsla.org HTTP/1.1" 404 89 "-" "Mozilla/5.0 (compatible; MJ12bot/v1.4.5; http://www.majestic12.co.uk/bot.php?+)" "saveaslave.com"
94.154.238.78 - - [31/Dec/2015:01:31:57 -0800] "GET /www.lafla.org HTTP/1.1" 404 89 "-" "Mozilla/5.0 (compatible; MJ12bot/v1.4.5; http://www.majestic12.co.uk/bot.php?+)" "saveaslave.com"
94.154.238.78 - - [31/Dec/2015:01:31:59 -0800] "GET /www.layn.org HTTP/1.1" 404 89 "-" "Mozilla/5.0 (compatible; MJ12bot/v1.4.5; http://www.majestic12.co.uk/bot.php?+)" "saveaslave.com"
94.154.238.78 - - [31/Dec/2015:01:32:01 -0800] "GET /www.legalmomentum.org HTTP/1.1" 404 89 "-" "Mozilla/5.0 (compatible; MJ12bot/v1.4.5; http://www.majestic12.co.uk/bot.php?+)" "saveaslave.com"
94.154.238.78 - - [31/Dec/2015:01:32:08 -0800] "GET /www.longbeach.gov HTTP/1.1" 404 89 "-" "Mozilla/5.0 (compatible; MJ12bot/v1.4.5; http://www.majestic12.co.uk/bot.php?+)" "saveaslave.com"
94.154.238.78 - - [31/Dec/2015:01:32:10 -0800] "GET /www.ltsc.org HTTP/1.1" 404 89 "-" "Mozilla/5.0 (compatible; MJ12bot/v1.4.5; http://www.majestic12.co.uk/bot.php?+)" "saveaslave.com"
94.154.238.78 - - [31/Dec/2015:01:32:30 -0800] "GET /www.ncjla.org HTTP/1.1" 404 89 "-" "Mozilla/5.0 (compatible; MJ12bot/v1.4.5; http://www.majestic12.co.uk/bot.php?+)" "saveaslave.com"
94.154.238.78 - - [31/Dec/2015:01:32:33 -0800] "GET /www.opcc.net HTTP/1.1" 404 89 "-" "Mozilla/5.0 (compatible; MJ12bot/v1.4.5; http://www.majestic12.co.uk/bot.php?+)" "saveaslave.com"
94.154.238.78 - - [31/Dec/2015:01:32:36 -0800] "GET /www.palsforhealth.org HTTP/1.1" 404 89 "-" "Mozilla/5.0 (compatible; MJ12bot/v1.4.5; http://www.majestic12.co.uk/bot.php?+)" "saveaslave.com"
94.154.238.78 - - [31/Dec/2015:01:32:41 -0800] "GET /www.ptvla.org HTTP/1.1" 404 89 "-" "Mozilla/5.0 (compatible; MJ12bot/v1.4.5; http://www.majestic12.co.uk/bot.php?+)" "saveaslave.com"
94.154.238.78 - - [31/Dec/2015:01:32:45 -0800] "GET /www.publiccounsel.org HTTP/1.1" 404 89 "-" "Mozilla/5.0 (compatible; MJ12bot/v1.4.5; http://www.majestic12.co.uk/bot.php?+)" "saveaslave.com"
94.154.238.78 - - [31/Dec/2015:01:32:48 -0800] "GET /www.pwcsc.org HTTP/1.1" 404 89 "-" "Mozilla/5.0 (compatible; MJ12bot/v1.4.5; http://www.majestic12.co.uk/bot.php?+)" "saveaslave.com"
94.154.238.78 - - [31/Dec/2015:01:32:51 -0800] "GET /www.ririki.org/mx HTTP/1.1" 404 89 "-" "Mozilla/5.0 (compatible; MJ12bot/v1.4.5; http://www.majestic12.co.uk/bot.php?+)" "saveaslave.com"
94.154.238.78 - - [31/Dec/2015:01:33:10 -0800] "GET /www.rshm.org HTTP/1.1" 404 89 "-" "Mozilla/5.0 (compatible; MJ12bot/v1.4.5; http://www.majestic12.co.uk/bot.php?+)" "saveaslave.com"
94.154.238.78 - - [31/Dec/2015:01:33:13 -0800] "GET /www.safehorizon.org HTTP/1.1" 404 89 "-" "Mozilla/5.0 (compatible; MJ12bot/v1.4.5; http://www.majestic12.co.uk/bot.php?+)" "saveaslave.com"
94.154.238.78 - - [31/Dec/2015:01:33:16 -0800] "GET /www.sexworkersproject.org HTTP/1.1" 404 89 "-" "Mozilla/5.0 (compatible; MJ12bot/v1.4.5; http://www.majestic12.co.uk/bot.php?+)" "saveaslave.com"
94.154.238.78 - - [31/Dec/2015:01:33:22 -0800] "GET /www.sndca.org HTTP/1.1" 404 89 "-" "Mozilla/5.0 (compatible; MJ12bot/v1.4.5; http://www.majestic12.co.uk/bot.php?+)" "saveaslave.com"
94.154.238.78 - - [31/Dec/2015:01:33:27 -0800] "GET /www.tahirih.org HTTP/1.1" 404 89 "-" "Mozilla/5.0 (compatible; MJ12bot/v1.4.5; http://www.majestic12.co.uk/bot.php?+)" "saveaslave.com"
94.154.238.78 - - [31/Dec/2015:01:33:32 -0800] "GET /www.tapestri.org HTTP/1.1" 404 89 "-" "Mozilla/5.0 (compatible; MJ12bot/v1.4.5; http://www.majestic12.co.uk/bot.php?+)" "saveaslave.com"
94.154.238.78 - - [31/Dec/2015:01:33:34 -0800] "GET /www.thaicdc.org HTTP/1.1" 404 89 "-" "Mozilla/5.0 (compatible; MJ12bot/v1.4.5; http://www.majestic12.co.uk/bot.php?+)" "saveaslave.com"
94.154.238.78 - - [31/Dec/2015:01:33:36 -0800] "GET /www.theirc.org HTTP/1.1" 404 89 "-" "Mozilla/5.0 (compatible; MJ12bot/v1.4.5; http://www.majestic12.co.uk/bot.php?+)" "saveaslave.com"
94.154.238.78 - - [31/Dec/2015:01:33:38 -0800] "GET /www.thesabanfreeclinic.org HTTP/1.1" 404 89 "-" "Mozilla/5.0 (compatible; MJ12bot/v1.4.5; http://www.majestic12.co.uk/bot.php?+)" "saveaslave.com"
94.154.238.78 - - [31/Dec/2015:01:33:45 -0800] "GET /www.usdoj.gov HTTP/1.1" 404 89 "-" "Mozilla/5.0 (compatible; MJ12bot/v1.4.5; http://www.majestic12.co.uk/bot.php?+)" "saveaslave.com"
94.154.238.78 - - [31/Dec/2015:01:33:51 -0800] "GET /index.php HTTP/1.1" 200 51147 "-" "Mozilla/5.0 (compatible; MJ12bot/v1.4.5; http://www.majestic12.co.uk/bot.php?+)" "www.saveaslave.com"
61.135.189.101 - - [31/Dec/2015:01:41:49 -0800] "GET /robots.txt HTTP/1.1" 200 48 "-" "Sogou web spider/4.0(+http://www.sogou.com/docs/help/webmasters.htm#07)" "saveaslave.com"
111.13.102.135 - - [31/Dec/2015:01:47:11 -0800] "GET /robots.txt HTTP/1.1" 200 48 "-" "Mozilla/5.0 (Windows NT 5.1; rv:6.0.2) Gecko/20100101 Firefox/6.0.2" "www.saveaslave.com"
188.165.15.44 - - [31/Dec/2015:01:57:03 -0800] "GET /spain.html HTTP/1.1" 404 89 "-" "Mozilla/5.0 (compatible; AhrefsBot/5.0; +http://ahrefs.com/robot/)" "saveaslave.com"
52.90.212.138 - - [31/Dec/2015:02:03:37 -0800] "GET / HTTP/1.1" 200 51147 "-" "Java/1.7.0_45" "www.saveaslave.com"
65.36.241.48 - - [31/Dec/2015:02:11:44 -0800] "HEAD /?tpl=references&Itemid=3 HTTP/1.1" 200 0 "-" "InternetSeer.com" "www.saveaslave.com"
68.180.228.222 - - [31/Dec/2015:02:16:13 -0800] "GET /niger.html HTTP/1.1" 404 89 "-" "Mozilla/5.0 (compatible; Yahoo! Slurp; http://help.yahoo.com/help/us/ysearch/slurp)" "saveaslave.com"
101.226.51.227 - - [31/Dec/2015:02:28:46 -0800] "GET / HTTP/1.1" 200 51147 "-" "Mozilla/5.0 (Linux; U; Android 4.4.2; zh-cn; GT-I9500 Build/KOT49H) AppleWebKit/537.36 (KHTML, like Gecko)Version/4.0 MQQBrowser/5.0 QQ-URL-Manager Mobile Safari/537.36" "saveaslave.com"
101.226.51.227 - - [31/Dec/2015:02:42:27 -0800] "GET /gfeedfetcher.js HTTP/1.1" 200 9018 "http://saveaslave.com/gfeedfetcher.js" "Mozilla/5.0 (Linux; U; Android 4.4.2; zh-cn; GT-I9500 Build/KOT49H) AppleWebKit/537.36 (KHTML, like Gecko)Version/4.0 MQQBrowser/5.0 QQ-URL-Manager Mobile Safari/537.36" "saveaslave.com"
101.226.51.227 - - [31/Dec/2015:02:42:27 -0800] "GET /assets/js/ie8-responsive-file-warning.js HTTP/1.1" 200 599 "http://saveaslave.com/assets/js/ie8-responsive-file-warning.js" "Mozilla/5.0 (Linux; U; Android 4.4.2; zh-cn; GT-I9500 Build/KOT49H) AppleWebKit/537.36 (KHTML, like Gecko)Version/4.0 MQQBrowser/5.0 QQ-URL-Manager Mobile Safari/537.36" "saveaslave.com"
101.226.51.227 - - [31/Dec/2015:02:42:27 -0800] "GET /assets/js/ie10-viewport-bug-workaround.js HTTP/1.1" 200 641 "http://saveaslave.com/assets/js/ie10-viewport-bug-workaround.js" "Mozilla/5.0 (Linux; U; Android 4.4.2; zh-cn; GT-I9500 Build/KOT49H) AppleWebKit/537.36 (KHTML, like Gecko)Version/4.0 MQQBrowser/5.0 QQ-URL-Manager Mobile Safari/537.36" "saveaslave.com"
40.77.167.25 - - [31/Dec/2015:02:43:22 -0800] "GET /robots.txt HTTP/1.1" 200 48 "-" "Mozilla/5.0 (compatible; bingbot/2.0; +http://www.bing.com/bingbot.htm)" "saveaslave.com"
208.115.113.86 - - [31/Dec/2015:02:43:34 -0800] "GET /robots.txt HTTP/1.1" 200 48 "-" "Mozilla/5.0 (compatible; DotBot/1.1; http://www.opensiteexplorer.org/dotbot, help@moz.com)" "www.saveaslave.com"
65.36.241.48 - - [31/Dec/2015:02:44:37 -0800] "HEAD / HTTP/1.1" 200 0 "-" "InternetSeer.com" "www.saveaslave.com"
107.21.1.8 - - [31/Dec/2015:03:04:01 -0800] "GET / HTTP/1.1" 200 51147 "http://saveaslave.com/" "Mozilla/5.0 (compatible; DuckDuckGo-Favicons-Bot/1.0; +http://duckduckgo.com)" "saveaslave.com"
107.21.1.8 - - [31/Dec/2015:03:04:01 -0800] "GET /ico/android-icon-192x192.png HTTP/1.1" 200 10097 "http://saveaslave.com/ico/android-icon-192x192.png" "Mozilla/5.0 (compatible; DuckDuckGo-Favicons-Bot/1.0; +http://duckduckgo.com)" "saveaslave.com"
136.243.48.86 - - [31/Dec/2015:03:08:28 -0800] "GET /djibouti.html HTTP/1.1" 404 89 "-" "Mozilla/5.0 (X11; Linux x86_64) AppleWebKit/537.36 (KHTML, like Gecko) Chrome/37.0.2062.120 Safari/537.36" "saveaslave.com"
180.76.15.162 - - [31/Dec/2015:03:16:56 -0800] "GET /country.php?name=Japan&lang=en HTTP/1.1" 200 50191 "-" "Mozilla/5.0 (compatible; Baiduspider/2.0; +http://www.baidu.com/search/spider.html)" "www.saveaslave.com"
188.165.15.44 - - [31/Dec/2015:03:21:22 -0800] "GET /new-caledonia.html HTTP/1.1" 404 89 "-" "Mozilla/5.0 (compatible; AhrefsBot/5.0; +http://ahrefs.com/robot/)" "www.saveaslave.com"
5.196.66.162 - - [31/Dec/2015:03:26:30 -0800] "GET / HTTP/1.1" 200 51111 "http://burger-imperia.com/" "Mozilla/5.0 (X11; Linux x86_64) AppleWebKit/537.36 (KHTML, like Gecko) Chrome/37.0.2062.120 Safari/537.36" "saveaslave.com"
136.243.48.86 - - [31/Dec/2015:03:30:02 -0800] "GET /netherlands-antilles.html HTTP/1.1" 404 89 "-" "Mozilla/5.0 (X11; Linux x86_64) AppleWebKit/537.36 (KHTML, like Gecko) Chrome/37.0.2062.120 Safari/537.36" "saveaslave.com"
188.165.15.44 - - [31/Dec/2015:03:38:39 -0800] "GET /www.nightlightinternational.org HTTP/1.1" 404 89 "-" "Mozilla/5.0 (compatible; AhrefsBot/5.0; +http://ahrefs.com/robot/)" "www.saveaslave.com"
40.77.167.95 - - [31/Dec/2015:03:52:05 -0800] "GET /robots.txt HTTP/1.1" 200 48 "-" "Mozilla/5.0 (compatible; bingbot/2.0; +http://www.bing.com/bingbot.htm)" "www.saveaslave.com"
40.77.167.95 - - [31/Dec/2015:03:52:11 -0800] "GET /democratic-republic-of-congo.html HTTP/1.1" 404 89 "-" "msnbot-media/1.1 (+http://search.msn.com/msnbot.htm)" "www.saveaslave.com"
208.115.113.86 - - [31/Dec/2015:03:58:45 -0800] "GET /news4.php HTTP/1.1" 200 49758 "-" "Mozilla/5.0 (compatible; DotBot/1.1; http://www.opensiteexplorer.org/dotbot, help@moz.com)" "www.saveaslave.com"
195.154.188.9 - - [31/Dec/2015:03:59:51 -0800] "GET / HTTP/1.1" 200 51147 "-" "-" "saveaslave.com"
195.154.188.9 - - [31/Dec/2015:03:59:52 -0800] "GET /xmlrpc.php HTTP/1.1" 200 73 "-" "-" "saveaslave.com"
195.154.188.9 - - [31/Dec/2015:03:59:52 -0800] "HEAD /wp-login.php HTTP/1.1" 404 0 "-" "-" "saveaslave.com"
188.165.15.44 - - [31/Dec/2015:04:46:41 -0800] "GET /www.igc.org HTTP/1.1" 404 89 "-" "Mozilla/5.0 (compatible; AhrefsBot/5.0; +http://ahrefs.com/robot/)" "saveaslave.com"
136.243.48.84 - - [31/Dec/2015:04:54:53 -0800] "GET /south-sudan.html HTTP/1.1" 404 89 "-" "Mozilla/5.0 (X11; Linux x86_64) AppleWebKit/537.36 (KHTML, like Gecko) Chrome/37.0.2062.120 Safari/537.36" "saveaslave.com"
180.76.15.162 - - [31/Dec/2015:04:56:30 -0800] "GET /country.php?name=Cote%20d%20Ivoire&lang=en HTTP/1.1" 200 45723 "-" "Mozilla/5.0 (compatible; Baiduspider/2.0; +http://www.baidu.com/search/spider.html)" "www.saveaslave.com"
52.90.212.138 - - [31/Dec/2015:05:02:55 -0800] "GET / HTTP/1.1" 200 51147 "-" "Java/1.7.0_45" "www.saveaslave.com"
136.243.48.83 - - [31/Dec/2015:05:27:21 -0800] "GET /el-salvador.html HTTP/1.1" 404 89 "-" "Mozilla/5.0 (X11; Linux x86_64) AppleWebKit/537.36 (KHTML, like Gecko) Chrome/37.0.2062.120 Safari/537.36" "saveaslave.com"
65.36.241.48 - - [31/Dec/2015:05:43:19 -0800] "HEAD / HTTP/1.1" 200 0 "-" "InternetSeer.com" "www.saveaslave.com"
188.165.15.44 - - [31/Dec/2015:05:47:35 -0800] "GET /www.cpaf.org HTTP/1.1" 404 89 "-" "Mozilla/5.0 (compatible; AhrefsBot/5.0; +http://ahrefs.com/robot/)" "www.saveaslave.com"
40.77.167.25 - - [31/Dec/2015:05:59:13 -0800] "GET /east-timor.html HTTP/1.1" 404 89 "-" "Mozilla/5.0 (compatible; bingbot/2.0; +http://www.bing.com/bingbot.htm)" "saveaslave.com"
52.90.169.70 - - [31/Dec/2015:06:04:15 -0800] "GET / HTTP/1.1" 200 51147 "-" "Java/1.7.0_45" "www.saveaslave.com"
178.137.160.2 - - [31/Dec/2015:06:30:12 -0800] "GET / HTTP/1.1" 200 51111 "http://prometeimd.com/" "Mozilla/4.0 (compatible; MSIE 5.0; Windows 2000) Opera 6.0 [en]" "www.saveaslave.com"
178.137.160.2 - - [31/Dec/2015:06:30:13 -0800] "GET / HTTP/1.1" 200 51111 "http://prometeimd.com/" "Mozilla/4.0 (compatible; MSIE 5.0; Windows 2000) Opera 6.0 [en]" "www.saveaslave.com"
188.165.15.44 - - [31/Dec/2015:06:30:14 -0800] "GET /somalia.html HTTP/1.1" 404 89 "-" "Mozilla/5.0 (compatible; AhrefsBot/5.0; +http://ahrefs.com/robot/)" "saveaslave.com"
178.137.160.2 - - [31/Dec/2015:06:30:32 -0800] "GET / HTTP/1.1" 200 51111 "http://shtaketniki.ru/" "Mozilla/4.0 (compatible; MSIE 5.0; Windows 2000) Opera 6.0 [en]" "www.saveaslave.com"
68.180.228.222 - - [31/Dec/2015:06:33:14 -0800] "GET /austria.html HTTP/1.1" 404 89 "-" "Mozilla/5.0 (compatible; Yahoo! Slurp; http://help.yahoo.com/help/us/ysearch/slurp)" "saveaslave.com"
40.77.167.95 - - [31/Dec/2015:06:59:26 -0800] "GET /robots.txt HTTP/1.1" 200 48 "-" "Mozilla/5.0 (compatible; bingbot/2.0; +http://www.bing.com/bingbot.htm)" "www.saveaslave.com"
40.77.167.95 - - [31/Dec/2015:06:59:46 -0800] "GET /bulgaria.html HTTP/1.1" 404 89 "-" "Mozilla/5.0 (compatible; bingbot/2.0; +http://www.bing.com/bingbot.htm)" "www.saveaslave.com"
52.90.212.138 - - [31/Dec/2015:07:03:21 -0800] "GET / HTTP/1.1" 200 51147 "-" "Java/1.7.0_45" "www.saveaslave.com"
136.243.48.85 - - [31/Dec/2015:07:08:15 -0800] "GET /ukraine.html HTTP/1.1" 404 89 "-" "Mozilla/5.0 (X11; Linux x86_64) AppleWebKit/537.36 (KHTML, like Gecko) Chrome/37.0.2062.120 Safari/537.36" "saveaslave.com"
188.165.15.44 - - [31/Dec/2015:07:18:54 -0800] "GET /www.ituc-csi.org HTTP/1.1" 404 89 "-" "Mozilla/5.0 (compatible; AhrefsBot/5.0; +http://ahrefs.com/robot/)" "www.saveaslave.com"
69.248.220.137 - - [31/Dec/2015:07:18:59 -0800] "GET /images/countrymap/solomon-islands.gif HTTP/1.1" 404 89 "-" "Mozilla/5.0 (Macintosh; Intel Mac OS X 10_7_5) AppleWebKit/537.78.2 (KHTML, like Gecko) Version/6.1.6 Safari/537.78.2" "www.saveaslave.com"
40.77.167.25 - - [31/Dec/2015:07:22:58 -0800] "GET /robots.txt HTTP/1.1" 200 48 "-" "Mozilla/5.0 (compatible; bingbot/2.0; +http://www.bing.com/bingbot.htm)" "saveaslave.com"
40.77.167.25 - - [31/Dec/2015:07:25:28 -0800] "GET /_vti_pvt/service.pwd HTTP/1.1" 404 89 "-" "Mozilla/5.0 (compatible; bingbot/2.0; +http://www.bing.com/bingbot.htm)" "saveaslave.com"
65.36.241.48 - - [31/Dec/2015:07:32:28 -0800] "HEAD / HTTP/1.1" 200 0 "-" "InternetSeer.com" "www.saveaslave.com"
188.165.15.44 - - [31/Dec/2015:07:47:57 -0800] "GET /angola.html HTTP/1.1" 404 89 "-" "Mozilla/5.0 (compatible; AhrefsBot/5.0; +http://ahrefs.com/robot/)" "saveaslave.com"
157.55.39.126 - - [31/Dec/2015:07:59:57 -0800] "GET /robots.txt HTTP/1.1" 200 48 "-" "Mozilla/5.0 (compatible; bingbot/2.0; +http://www.bing.com/bingbot.htm)" "www.saveaslave.com"
157.55.39.126 - - [31/Dec/2015:08:00:10 -0800] "GET /Disclaimer_and_Copyright.html HTTP/1.1" 404 89 "-" "msnbot-media/1.1 (+http://search.msn.com/msnbot.htm)" "www.saveaslave.com"
52.90.225.89 - - [31/Dec/2015:08:04:48 -0800] "GET / HTTP/1.1" 200 51147 "-" "Java/1.7.0_45" "www.saveaslave.com"
101.226.166.215 - - [31/Dec/2015:08:24:18 -0800] "GET /robots.txt HTTP/1.1" 200 48 "http://saveaslave.com/robots.txt" "Mozilla/5.0 (Windows NT 6.1) AppleWebKit/537.1 (KHTML, like Gecko) Chrome/21.0.1180.89 Safari/537.1; 360Spider(compatible; HaosouSpider; http://www.haosou.com/help/help_3_2.html)" "saveaslave.com"
52.91.112.162 - - [31/Dec/2015:09:04:45 -0800] "GET / HTTP/1.1" 200 51147 "-" "Java/1.7.0_45" "www.saveaslave.com"
180.76.15.162 - - [31/Dec/2015:09:11:11 -0800] "GET /country.php?name=Ghana&lang=en HTTP/1.1" 200 46562 "-" "Mozilla/5.0 (compatible; Baiduspider/2.0; +http://www.baidu.com/search/spider.html)" "www.saveaslave.com"
65.36.241.48 - - [31/Dec/2015:09:29:11 -0800] "HEAD / HTTP/1.1" 200 0 "-" "InternetSeer.com" "www.saveaslave.com"
64.237.20.198 - - [31/Dec/2015:09:37:50 -0800] "GET /photos/article5a.jpg HTTP/1.1" 200 52731 "https://www.google.com/" "Mozilla/5.0 (Macintosh; Intel Mac OS X 10_11_2) AppleWebKit/601.3.9 (KHTML, like Gecko) Version/9.0.2 Safari/601.3.9" "www.saveaslave.com"
68.180.228.222 - - [31/Dec/2015:09:39:52 -0800] "GET /paypalbutton.html HTTP/1.1" 404 89 "-" "Mozilla/5.0 (compatible; Yahoo! Slurp; http://help.yahoo.com/help/us/ysearch/slurp)" "saveaslave.com"
54.85.113.224 - - [31/Dec/2015:10:03:21 -0800] "GET / HTTP/1.1" 200 51147 "-" "Java/1.7.0_45" "www.saveaslave.com"
207.46.13.110 - - [31/Dec/2015:10:21:09 -0800] "GET /robots.txt HTTP/1.1" 200 48 "-" "Mozilla/5.0 (compatible; bingbot/2.0; +http://www.bing.com/bingbot.htm)" "www.saveaslave.com"
54.243.48.119 - - [31/Dec/2015:10:21:13 -0800] "GET /under_construction.html HTTP/1.1" 404 89 "-" "Mozilla/5.0 (Windows; U; Windows NT 5.1; en-US; rv:1.9.2.8) Gecko/20100722 Firefox/3.6.8" "saveaslave.com"
207.46.13.110 - - [31/Dec/2015:10:21:54 -0800] "GET /indexb.html HTTP/1.1" 404 89 "-" "msnbot-media/1.1 (+http://search.msn.com/msnbot.htm)" "www.saveaslave.com"
77.75.79.17 - - [31/Dec/2015:10:30:24 -0800] "GET /disclaimer.php HTTP/1.1" 200 47192 "-" "Mozilla/5.0 (compatible; SeznamBot/3.2; +http://fulltext.sblog.cz/)" "saveaslave.com"
151.80.31.153 - - [31/Dec/2015:10:31:49 -0800] "GET /republic-of-congo.html HTTP/1.1" 404 89 "-" "Mozilla/5.0 (compatible; AhrefsBot/5.0; +http://ahrefs.com/robot/)" "www.saveaslave.com"
68.180.228.222 - - [31/Dec/2015:10:52:26 -0800] "GET /latvia.html HTTP/1.1" 404 89 "-" "Mozilla/5.0 (compatible; Yahoo! Slurp; http://help.yahoo.com/help/us/ysearch/slurp)" "saveaslave.com"
96.245.6.158 - - [31/Dec/2015:10:56:20 -0800] "GET /photos/article7.jpg HTTP/1.1" 200 15527 "https://www.google.com/" "Mozilla/5.0 (iPhone; CPU iPhone OS 9_2 like Mac OS X) AppleWebKit/601.1.46 (KHTML, like Gecko) Version/9.0 Mobile/13C75 Safari/601.1" "www.saveaslave.com"
52.90.212.138 - - [31/Dec/2015:11:03:14 -0800] "GET / HTTP/1.1" 200 51147 "-" "Java/1.7.0_45" "www.saveaslave.com"
65.36.241.48 - - [31/Dec/2015:11:07:56 -0800] "HEAD / HTTP/1.1" 200 0 "-" "InternetSeer.com" "www.saveaslave.com"
180.76.15.146 - - [31/Dec/2015:11:09:06 -0800] "GET /trinidad-tobago.html HTTP/1.1" 404 89 "-" "Mozilla/5.0 (compatible; Baiduspider/2.0; +http://www.baidu.com/search/spider.html)" "www.saveaslave.com"
86.174.122.89 - - [31/Dec/2015:11:14:52 -0800] "GET / HTTP/1.1" 200 51147 "-" "Mozilla/5.0 (Windows NT 6.3; WOW64) AppleWebKit/537.36 (KHTML, like Gecko) Chrome/40.0.2150.0 Iron/40.0.2150.0 Safari/537.36" "www.saveaslave.com"
86.174.122.89 - - [31/Dec/2015:11:14:52 -0800] "GET /css/bootstrap.min.css HTTP/1.1" 200 123578 "-" "Mozilla/5.0 (Windows NT 6.3; WOW64) AppleWebKit/537.36 (KHTML, like Gecko) Chrome/40.0.2150.0 Iron/40.0.2150.0 Safari/537.36" "www.saveaslave.com"
86.174.122.89 - - [31/Dec/2015:11:14:52 -0800] "GET /gfeedfetcher.js HTTP/1.1" 200 9018 "-" "Mozilla/5.0 (Windows NT 6.3; WOW64) AppleWebKit/537.36 (KHTML, like Gecko) Chrome/40.0.2150.0 Iron/40.0.2150.0 Safari/537.36" "www.saveaslave.com"
86.174.122.89 - - [31/Dec/2015:11:14:52 -0800] "GET /gajaxscroller.js HTTP/1.1" 200 9774 "-" "Mozilla/5.0 (Windows NT 6.3; WOW64) AppleWebKit/537.36 (KHTML, like Gecko) Chrome/40.0.2150.0 Iron/40.0.2150.0 Safari/537.36" "www.saveaslave.com"
86.174.122.89 - - [31/Dec/2015:11:14:53 -0800] "GET /images/cover1.jpg HTTP/1.1" 200 253658 "-" "Mozilla/5.0 (Windows NT 6.3; WOW64) AppleWebKit/537.36 (KHTML, like Gecko) Chrome/40.0.2150.0 Iron/40.0.2150.0 Safari/537.36" "www.saveaslave.com"
86.174.122.89 - - [31/Dec/2015:11:14:53 -0800] "GET /photos/top.jpg HTTP/1.1" 200 50519 "-" "Mozilla/5.0 (Windows NT 6.3; WOW64) AppleWebKit/537.36 (KHTML, like Gecko) Chrome/40.0.2150.0 Iron/40.0.2150.0 Safari/537.36" "www.saveaslave.com"
86.174.122.89 - - [31/Dec/2015:11:14:53 -0800] "GET /photos/article7.jpg HTTP/1.1" 200 15527 "-" "Mozilla/5.0 (Windows NT 6.3; WOW64) AppleWebKit/537.36 (KHTML, like Gecko) Chrome/40.0.2150.0 Iron/40.0.2150.0 Safari/537.36" "www.saveaslave.com"
86.174.122.89 - - [31/Dec/2015:11:14:53 -0800] "GET /photos/Cast-Logo-Print.png HTTP/1.1" 200 21398 "-" "Mozilla/5.0 (Windows NT 6.3; WOW64) AppleWebKit/537.36 (KHTML, like Gecko) Chrome/40.0.2150.0 Iron/40.0.2150.0 Safari/537.36" "www.saveaslave.com"
86.174.122.89 - - [31/Dec/2015:11:14:54 -0800] "GET /photos/article3a.jpg HTTP/1.1" 200 12445 "http://www.google.com/SpyMaster/General/Working/For/NAS" "Mozilla/5.0 (Windows NT 6.3; WOW64) AppleWebKit/537.36 (KHTML, like Gecko) Chrome/40.0.2150.0 Iron/40.0.2150.0 Safari/537.36" "www.saveaslave.com"
86.174.122.89 - - [31/Dec/2015:11:14:54 -0800] "GET /photos/article2.jpg HTTP/1.1" 200 15209 "-" "Mozilla/5.0 (Windows NT 6.3; WOW64) AppleWebKit/537.36 (KHTML, like Gecko) Chrome/40.0.2150.0 Iron/40.0.2150.0 Safari/537.36" "www.saveaslave.com"
86.174.122.89 - - [31/Dec/2015:11:14:54 -0800] "GET /photos/article5.jpg HTTP/1.1" 200 14497 "-" "Mozilla/5.0 (Windows NT 6.3; WOW64) AppleWebKit/537.36 (KHTML, like Gecko) Chrome/40.0.2150.0 Iron/40.0.2150.0 Safari/537.36" "www.saveaslave.com"
86.174.122.89 - - [31/Dec/2015:11:14:54 -0800] "GET /images/social3.png HTTP/1.1" 200 4343 "http://www.google.com/SpyMaster/General/Working/For/NAS" "Mozilla/5.0 (Windows NT 6.3; WOW64) AppleWebKit/537.36 (KHTML, like Gecko) Chrome/40.0.2150.0 Iron/40.0.2150.0 Safari/537.36" "www.saveaslave.com"
86.174.122.89 - - [31/Dec/2015:11:14:54 -0800] "GET /images/social2.png HTTP/1.1" 200 1752 "-" "Mozilla/5.0 (Windows NT 6.3; WOW64) AppleWebKit/537.36 (KHTML, like Gecko) Chrome/40.0.2150.0 Iron/40.0.2150.0 Safari/537.36" "www.saveaslave.com"
86.174.122.89 - - [31/Dec/2015:11:14:54 -0800] "GET /assets/js/ie10-viewport-bug-workaround.js HTTP/1.1" 200 641 "http://www.google.com/SpyMaster/General/Working/For/NAS" "Mozilla/5.0 (Windows NT 6.3; WOW64) AppleWebKit/537.36 (KHTML, like Gecko) Chrome/40.0.2150.0 Iron/40.0.2150.0 Safari/537.36" "www.saveaslave.com"
86.174.122.89 - - [31/Dec/2015:11:14:54 -0800] "GET /css/style-pages.css HTTP/1.1" 200 9369 "-" "Mozilla/5.0 (Windows NT 6.3; WOW64) AppleWebKit/537.36 (KHTML, like Gecko) Chrome/40.0.2150.0 Iron/40.0.2150.0 Safari/537.36" "www.saveaslave.com"
86.174.122.89 - - [31/Dec/2015:11:14:54 -0800] "GET /photos/article8a.jpg HTTP/1.1" 200 11299 "-" "Mozilla/5.0 (Windows NT 6.3; WOW64) AppleWebKit/537.36 (KHTML, like Gecko) Chrome/40.0.2150.0 Iron/40.0.2150.0 Safari/537.36" "www.saveaslave.com"
86.174.122.89 - - [31/Dec/2015:11:14:54 -0800] "GET /js/bootstrap.min.js HTTP/1.1" 200 37055 "-" "Mozilla/5.0 (Windows NT 6.3; WOW64) AppleWebKit/537.36 (KHTML, like Gecko) Chrome/40.0.2150.0 Iron/40.0.2150.0 Safari/537.36" "www.saveaslave.com"
86.174.122.89 - - [31/Dec/2015:11:14:54 -0800] "GET /photos/article1.jpg HTTP/1.1" 200 11640 "-" "Mozilla/5.0 (Windows NT 6.3; WOW64) AppleWebKit/537.36 (KHTML, like Gecko) Chrome/40.0.2150.0 Iron/40.0.2150.0 Safari/537.36" "www.saveaslave.com"
86.174.122.89 - - [31/Dec/2015:11:14:55 -0800] "GET /images/social1.png HTTP/1.1" 200 2012 "-" "Mozilla/5.0 (Windows NT 6.3; WOW64) AppleWebKit/537.36 (KHTML, like Gecko) Chrome/40.0.2150.0 Iron/40.0.2150.0 Safari/537.36" "www.saveaslave.com"
86.174.122.89 - - [31/Dec/2015:11:14:55 -0800] "GET /photos/article4.png HTTP/1.1" 200 42622 "-" "Mozilla/5.0 (Windows NT 6.3; WOW64) AppleWebKit/537.36 (KHTML, like Gecko) Chrome/40.0.2150.0 Iron/40.0.2150.0 Safari/537.36" "www.saveaslave.com"
86.174.122.89 - - [31/Dec/2015:11:14:56 -0800] "GET /images/logo2.png HTTP/1.1" 200 18525 "-" "Mozilla/5.0 (Windows NT 6.3; WOW64) AppleWebKit/537.36 (KHTML, like Gecko) Chrome/40.0.2150.0 Iron/40.0.2150.0 Safari/537.36" "www.saveaslave.com"
86.174.122.89 - - [31/Dec/2015:11:14:56 -0800] "GET /images/gift_button.png HTTP/1.1" 200 27500 "-" "Mozilla/5.0 (Windows NT 6.3; WOW64) AppleWebKit/537.36 (KHTML, like Gecko) Chrome/40.0.2150.0 Iron/40.0.2150.0 Safari/537.36" "www.saveaslave.com"
136.243.48.86 - - [31/Dec/2015:11:30:52 -0800] "GET /french-polynesia.html HTTP/1.1" 404 89 "-" "Mozilla/5.0 (X11; Linux x86_64) AppleWebKit/537.36 (KHTML, like Gecko) Chrome/37.0.2062.120 Safari/537.36" "saveaslave.com"
201.145.165.23 - - [31/Dec/2015:11:35:44 -0800] "GET / HTTP/1.1" 200 51111 "http://buttons-for-website.com" "Mozilla/5.0 (Windows NT 6.1; WOW64) AppleWebKit/537.36 (KHTML, like Gecko) Chrome/36.0.1985.143 Safari/537.36" "saveaslave.com"
201.145.165.23 - - [31/Dec/2015:11:35:49 -0800] "GET /css/bootstrap.min.css HTTP/1.1" 200 123578 "http://saveaslave.com/" "Mozilla/5.0 (Windows NT 6.1; WOW64) AppleWebKit/537.36 (KHTML, like Gecko) Chrome/36.0.1985.143 Safari/537.36" "saveaslave.com"
201.145.165.23 - - [31/Dec/2015:11:35:49 -0800] "GET /gfeedfetcher.js HTTP/1.1" 200 9018 "http://saveaslave.com/" "Mozilla/5.0 (Windows NT 6.1; WOW64) AppleWebKit/537.36 (KHTML, like Gecko) Chrome/36.0.1985.143 Safari/537.36" "saveaslave.com"
201.145.165.23 - - [31/Dec/2015:11:35:49 -0800] "GET /assets/js/ie-emulation-modes-warning.js HTTP/1.1" 200 2130 "http://saveaslave.com/" "Mozilla/5.0 (Windows NT 6.1; WOW64) AppleWebKit/537.36 (KHTML, like Gecko) Chrome/36.0.1985.143 Safari/537.36" "saveaslave.com"
201.145.165.23 - - [31/Dec/2015:11:35:49 -0800] "GET /css/style.css HTTP/1.1" 200 7938 "http://saveaslave.com/" "Mozilla/5.0 (Windows NT 6.1; WOW64) AppleWebKit/537.36 (KHTML, like Gecko) Chrome/36.0.1985.143 Safari/537.36" "saveaslave.com"
201.145.165.23 - - [31/Dec/2015:11:35:49 -0800] "GET /css/elements.css HTTP/1.1" 200 17857 "http://saveaslave.com/" "Mozilla/5.0 (Windows NT 6.1; WOW64) AppleWebKit/537.36 (KHTML, like Gecko) Chrome/36.0.1985.143 Safari/537.36" "saveaslave.com"
201.145.165.23 - - [31/Dec/2015:11:35:49 -0800] "GET /gajaxscroller.js HTTP/1.1" 200 9774 "http://saveaslave.com/" "Mozilla/5.0 (Windows NT 6.1; WOW64) AppleWebKit/537.36 (KHTML, like Gecko) Chrome/36.0.1985.143 Safari/537.36" "saveaslave.com"
201.145.165.23 - - [31/Dec/2015:11:35:50 -0800] "GET /css/style-pages.css HTTP/1.1" 200 9369 "http://saveaslave.com/" "Mozilla/5.0 (Windows NT 6.1; WOW64) AppleWebKit/537.36 (KHTML, like Gecko) Chrome/36.0.1985.143 Safari/537.36" "saveaslave.com"
201.145.165.23 - - [31/Dec/2015:11:35:50 -0800] "GET /js/bootstrap.min.js HTTP/1.1" 200 37055 "http://saveaslave.com/" "Mozilla/5.0 (Windows NT 6.1; WOW64) AppleWebKit/537.36 (KHTML, like Gecko) Chrome/36.0.1985.143 Safari/537.36" "saveaslave.com"
201.145.165.23 - - [31/Dec/2015:11:35:55 -0800] "GET /photos/article7.jpg HTTP/1.1" 200 15527 "http://saveaslave.com/" "Mozilla/5.0 (Windows NT 6.1; WOW64) AppleWebKit/537.36 (KHTML, like Gecko) Chrome/36.0.1985.143 Safari/537.36" "saveaslave.com"
201.145.165.23 - - [31/Dec/2015:11:35:55 -0800] "GET /images/logo2.png HTTP/1.1" 200 18525 "http://saveaslave.com/" "Mozilla/5.0 (Windows NT 6.1; WOW64) AppleWebKit/537.36 (KHTML, like Gecko) Chrome/36.0.1985.143 Safari/537.36" "saveaslave.com"
201.145.165.23 - - [31/Dec/2015:11:35:55 -0800] "GET /photos/top.jpg HTTP/1.1" 200 50519 "http://saveaslave.com/" "Mozilla/5.0 (Windows NT 6.1; WOW64) AppleWebKit/537.36 (KHTML, like Gecko) Chrome/36.0.1985.143 Safari/537.36" "saveaslave.com"
201.145.165.23 - - [31/Dec/2015:11:35:55 -0800] "GET /photos/article8a.jpg HTTP/1.1" 200 11299 "http://saveaslave.com/" "Mozilla/5.0 (Windows NT 6.1; WOW64) AppleWebKit/537.36 (KHTML, like Gecko) Chrome/36.0.1985.143 Safari/537.36" "saveaslave.com"
201.145.165.23 - - [31/Dec/2015:11:35:55 -0800] "GET /images/cover1.jpg HTTP/1.1" 200 253658 "http://saveaslave.com/" "Mozilla/5.0 (Windows NT 6.1; WOW64) AppleWebKit/537.36 (KHTML, like Gecko) Chrome/36.0.1985.143 Safari/537.36" "saveaslave.com"
201.145.165.23 - - [31/Dec/2015:11:35:55 -0800] "GET /photos/Cast-Logo-Print.png HTTP/1.1" 200 21398 "http://saveaslave.com/" "Mozilla/5.0 (Windows NT 6.1; WOW64) AppleWebKit/537.36 (KHTML, like Gecko) Chrome/36.0.1985.143 Safari/537.36" "saveaslave.com"
201.145.165.23 - - [31/Dec/2015:11:35:55 -0800] "GET /photos/article1.jpg HTTP/1.1" 200 11640 "http://saveaslave.com/" "Mozilla/5.0 (Windows NT 6.1; WOW64) AppleWebKit/537.36 (KHTML, like Gecko) Chrome/36.0.1985.143 Safari/537.36" "saveaslave.com"
201.145.165.23 - - [31/Dec/2015:11:35:55 -0800] "GET /photos/article3a.jpg HTTP/1.1" 200 12445 "http://saveaslave.com/" "Mozilla/5.0 (Windows NT 6.1; WOW64) AppleWebKit/537.36 (KHTML, like Gecko) Chrome/36.0.1985.143 Safari/537.36" "saveaslave.com"
201.145.165.23 - - [31/Dec/2015:11:35:55 -0800] "GET /photos/article2.jpg HTTP/1.1" 200 15209 "http://saveaslave.com/" "Mozilla/5.0 (Windows NT 6.1; WOW64) AppleWebKit/537.36 (KHTML, like Gecko) Chrome/36.0.1985.143 Safari/537.36" "saveaslave.com"
201.145.165.23 - - [31/Dec/2015:11:35:55 -0800] "GET /photos/article4.png HTTP/1.1" 200 42622 "http://saveaslave.com/" "Mozilla/5.0 (Windows NT 6.1; WOW64) AppleWebKit/537.36 (KHTML, like Gecko) Chrome/36.0.1985.143 Safari/537.36" "saveaslave.com"
201.145.165.23 - - [31/Dec/2015:11:35:56 -0800] "GET /photos/article5.jpg HTTP/1.1" 200 14497 "http://saveaslave.com/" "Mozilla/5.0 (Windows NT 6.1; WOW64) AppleWebKit/537.36 (KHTML, like Gecko) Chrome/36.0.1985.143 Safari/537.36" "saveaslave.com"
201.145.165.23 - - [31/Dec/2015:11:35:56 -0800] "GET /images/social1.png HTTP/1.1" 200 2012 "http://saveaslave.com/" "Mozilla/5.0 (Windows NT 6.1; WOW64) AppleWebKit/537.36 (KHTML, like Gecko) Chrome/36.0.1985.143 Safari/537.36" "saveaslave.com"
201.145.165.23 - - [31/Dec/2015:11:35:56 -0800] "GET /images/social2.png HTTP/1.1" 200 1752 "http://saveaslave.com/" "Mozilla/5.0 (Windows NT 6.1; WOW64) AppleWebKit/537.36 (KHTML, like Gecko) Chrome/36.0.1985.143 Safari/537.36" "saveaslave.com"
201.145.165.23 - - [31/Dec/2015:11:35:56 -0800] "GET /images/social3.png HTTP/1.1" 200 4343 "http://saveaslave.com/" "Mozilla/5.0 (Windows NT 6.1; WOW64) AppleWebKit/537.36 (KHTML, like Gecko) Chrome/36.0.1985.143 Safari/537.36" "saveaslave.com"
201.145.165.23 - - [31/Dec/2015:11:35:56 -0800] "GET /images/gift_button.png HTTP/1.1" 200 27500 "http://saveaslave.com/" "Mozilla/5.0 (Windows NT 6.1; WOW64) AppleWebKit/537.36 (KHTML, like Gecko) Chrome/36.0.1985.143 Safari/537.36" "saveaslave.com"
201.145.165.23 - - [31/Dec/2015:11:35:56 -0800] "GET /images/select-arrow.png HTTP/1.1" 200 1118 "http://saveaslave.com/" "Mozilla/5.0 (Windows NT 6.1; WOW64) AppleWebKit/537.36 (KHTML, like Gecko) Chrome/36.0.1985.143 Safari/537.36" "saveaslave.com"
201.145.165.23 - - [31/Dec/2015:11:35:56 -0800] "GET /indicator.gif HTTP/1.1" 200 878 "http://saveaslave.com/" "Mozilla/5.0 (Windows NT 6.1; WOW64) AppleWebKit/537.36 (KHTML, like Gecko) Chrome/36.0.1985.143 Safari/537.36" "saveaslave.com"
151.80.31.154 - - [31/Dec/2015:11:54:54 -0800] "GET /dominica.html HTTP/1.1" 404 89 "-" "Mozilla/5.0 (compatible; AhrefsBot/5.0; +http://ahrefs.com/robot/)" "www.saveaslave.com"
54.85.113.224 - - [31/Dec/2015:12:03:08 -0800] "GET / HTTP/1.1" 200 51147 "-" "Java/1.7.0_45" "www.saveaslave.com"
99.249.129.144 - - [31/Dec/2015:12:04:35 -0800] "GET /images/countrymap/solomon-islands.gif HTTP/1.1" 404 89 "http://www.bing.com/images/search?q=map+of+solomon+islands&view=detailv2&&id=BE0FE0839537054F610A6102EE2BD8DCF2F9D7F5&selectedIndex=1&ccid=IbBO2dtE&simid=608031584559432245&thid=OIP.M21b04ed9db444eeb9bcfb70926c77492H0&mode=overlay" "Mozilla/5.0 (Macintosh; Intel Mac OS X 10_10_1) AppleWebKit/600.1.25 (KHTML, like Gecko) Version/8.0 Safari/600.1.25" "www.saveaslave.com"
66.249.75.128 - - [31/Dec/2015:12:06:41 -0800] "GET /united-arab-emirates.html HTTP/1.1" 404 89 "-" "Mozilla/5.0 (compatible; Googlebot/2.1; +http://www.google.com/bot.html)" "saveaslave.com"
66.249.75.128 - - [31/Dec/2015:12:08:54 -0800] "GET /united-arab-emirates.html HTTP/1.1" 404 89 "-" "Mozilla/5.0 (compatible; Googlebot/2.1; +http://www.google.com/bot.html)" "saveaslave.com"
180.76.15.161 - - [31/Dec/2015:12:16:05 -0800] "GET /articles/modernslavery.html HTTP/1.1" 404 89 "-" "Mozilla/5.0 (compatible; Baiduspider/2.0; +http://www.baidu.com/search/spider.html)" "www.saveaslave.com"
65.36.241.48 - - [31/Dec/2015:12:29:08 -0800] "HEAD / HTTP/1.1" 200 0 "-" "InternetSeer.com" "www.saveaslave.com"
23.23.242.178 - - [31/Dec/2015:12:34:36 -0800] "GET /united-arab-emirates.html HTTP/1.1" 404 89 "-" "Mozilla/5.0 (Windows; U; Windows NT 5.1; en-US; rv:1.9.2.8) Gecko/20100722 Firefox/3.6.8" "saveaslave.com"
77.75.77.119 - - [31/Dec/2015:12:36:27 -0800] "GET /robots.txt HTTP/1.1" 200 48 "-" "Mozilla/5.0 (compatible; SeznamBot/3.2; +http://fulltext.sblog.cz/)" "saveaslave.com"
77.75.77.119 - - [31/Dec/2015:12:36:29 -0800] "GET /mauritania HTTP/1.1" 404 89 "-" "Mozilla/5.0 (compatible; SeznamBot/3.2; +http://fulltext.sblog.cz/)" "saveaslave.com"
66.249.75.128 - - [31/Dec/2015:12:39:40 -0800] "GET /%5C%5C%5C%22mailto:saveaslave@aol.com?Subject=Contact%20from%20saveaslave.us%5C%5C%5C%22 HTTP/1.1" 404 89 "-" "Mozilla/5.0 (compatible; Googlebot/2.1; +http://www.google.com/bot.html)" "saveaslave.com"
