162.212.13.12 - - [02/Aug/2016:10:20:37 -0700] "GET /images/social3.png HTTP/1.1" 200 4343 "http://saveaslave.com/country.php?name=Dominica&lang=en" "Mozilla/5.0 (Linux; Android 4.1.2; LG-E415g Build/JZO54K) AppleWebKit/537.36 (KHTML, like Gecko) Silk/50.2.1 like Chrome/50.0.2661.89 Mobile Safari/537.36" "saveaslave.com"
162.212.13.12 - - [02/Aug/2016:10:20:44 -0700] "GET /addarticle.php HTTP/1.1" 200 13682 "http://saveaslave.com/country.php?name=Dominica&lang=en" "Mozilla/5.0 (Linux; Android 4.1.2; LG-E415g Build/JZO54K) AppleWebKit/537.36 (KHTML, like Gecko) Silk/50.2.1 like Chrome/50.0.2661.89 Mobile Safari/537.36" "saveaslave.com"[1]
162.212.13.12 - - [02/Aug/2016:10:23:26 -0700] "GET /ico/apple-icon-180x180.png HTTP/1.1" 200 10378 "http://saveaslave.com/article.php?id=114" "Mozilla/5.0 (Linux; Android 4.1.2; LG-E415g Build/JZO54K) AppleWebKit/537.36 (KHTML, like Gecko) Silk/50.2.1 like Chrome/50.0.2661.89 Mobile Safari/537.36" "saveaslave.com"
162.212.13.12 - - [02/Aug/2016:10:24:24 -0700] "GET /ico/android-icon-192x192.png HTTP/1.1" 200 10097 "http://saveaslave.com/article.php?id=114" "Mozilla/5.0 (Linux; Android 4.1.2; LG-E415g Build/JZO54K) AppleWebKit/537.36 (KHTML, like Gecko) Silk/50.2.1 like Chrome/50.0.2661.89 Mobile Safari/537.36" "saveaslave.com"
151.80.31.181 - - [02/Aug/2016:10:24:42 -0700] "GET /www.eastwestplayers.org HTTP/1.1" 404 89 "-" "Mozilla/5.0 (compatible; AhrefsBot/5.1; +http://ahrefs.com/robot/)" "www.saveaslave.com"
46.119.127.129 - - [02/Aug/2016:10:27:57 -0700] "GET /blog/robots.txt HTTP/1.1" 404 89 "-" "Mozilla/5.0 (Windows NT 10.0; WOW64) AppleWebKit/537.36 (KHTML, like Gecko) Chrome/49.0.2623.75 Safari/537.36 OPR/36.0.2130.32" "www.saveaslave.com"
46.119.127.129 - - [02/Aug/2016:10:27:57 -0700] "GET /blog/ HTTP/1.1" 404 89 "-" "Mozilla/5.0 (Windows NT 10.0; WOW64) AppleWebKit/537.36 (KHTML, like Gecko) Chrome/49.0.2623.75 Safari/537.36 OPR/36.0.2130.32" "www.saveaslave.com"
67.216.241.152 - - [02/Aug/2016:10:28:14 -0700] "GET / HTTP/1.1" 200 89977 "-" "Mozilla/5.0 (Windows NT 10.0; WOW64; rv:47.0) Gecko/20100101 Firefox/47.0" "saveaslave.com"
67.216.241.152 - - [02/Aug/2016:10:28:14 -0700] "GET /favicon.ico HTTP/1.1" 404 89 "-" "Mozilla/5.0 (Windows NT 10.0; WOW64; rv:47.0) Gecko/20100101 Firefox/47.0" "saveaslave.com"[0]
67.216.241.152 - - [02/Aug/2016:10:28:14 -0700] "GET /ico/android-icon-192x192.png HTTP/1.1" 200 10097 "-" "Mozilla/5.0 (Windows NT 10.0; WOW64; rv:47.0) Gecko/20100101 Firefox/47.0" "saveaslave.com"
67.216.241.152 - - [02/Aug/2016:10:28:14 -0700] "GET /ico/favicon-32x32.png HTTP/1.1" 200 1892 "-" "Mozilla/5.0 (Windows NT 10.0; WOW64; rv:47.0) Gecko/20100101 Firefox/47.0" "saveaslave.com"
67.216.241.152 - - [02/Aug/2016:10:28:14 -0700] "GET /ico/favicon-96x96.png HTTP/1.1" 200 4476 "-" "Mozilla/5.0 (Windows NT 10.0; WOW64; rv:47.0) Gecko/20100101 Firefox/47.0" "saveaslave.com"
67.216.241.152 - - [02/Aug/2016:10:28:14 -0700] "GET /ico/favicon-16x16.png HTTP/1.1" 200 1129 "-" "Mozilla/5.0 (Windows NT 10.0; WOW64; rv:47.0) Gecko/20100101 Firefox/47.0" "saveaslave.com"
67.216.241.152 - - [02/Aug/2016:10:28:14 -0700] "GET / HTTP/1.1" 200 89977 "-" "Mozilla/5.0 (Windows NT 10.0; WOW64; rv:47.0) Gecko/20100101 Firefox/47.0" "saveaslave.com"
67.216.241.152 - - [02/Aug/2016:10:28:14 -0700] "GET /favicon.ico HTTP/1.1" 404 89 "-" "Mozilla/5.0 (Windows NT 10.0; WOW64; rv:47.0) Gecko/20100101 Firefox/47.0" "saveaslave.com"
67.216.241.152 - - [02/Aug/2016:10:28:15 -0700] "GET /gajaxscroller.js HTTP/1.1" 200 9774 "http://saveaslave.com/" "Mozilla/5.0 (Windows NT 10.0; WOW64; rv:47.0) Gecko/20100101 Firefox/47.0" "saveaslave.com"
67.216.241.152 - - [02/Aug/2016:10:28:15 -0700] "GET /favicon.ico HTTP/1.1" 404 89 "-" "Mozilla/5.0 (Windows NT 10.0; WOW64; rv:47.0) Gecko/20100101 Firefox/47.0" "saveaslave.com"
67.216.241.152 - - [02/Aug/2016:10:28:15 -0700] "GET /css/style-pages.css HTTP/1.1" 200 9894 "http://saveaslave.com/" "Mozilla/5.0 (Windows NT 10.0; WOW64; rv:47.0) Gecko/20100101 Firefox/47.0" "saveaslave.com"[0]
67.216.241.152 - - [02/Aug/2016:10:28:15 -0700] "GET /js/bootstrap.min.js HTTP/1.1" 200 37055 "http://saveaslave.com/" "Mozilla/5.0 (Windows NT 10.0; WOW64; rv:47.0) Gecko/20100101 Firefox/47.0" "saveaslave.com"
67.216.241.152 - - [02/Aug/2016:10:28:15 -0700] "GET /assets/js/ie10-viewport-bug-workaround.js HTTP/1.1" 200 641 "http://saveaslave.com/" "Mozilla/5.0 (Windows NT 10.0; WOW64; rv:47.0) Gecko/20100101 Firefox/47.0" "saveaslave.com"
67.216.241.152 - - [02/Aug/2016:10:28:15 -0700] "GET /favicon.ico HTTP/1.1" 404 89 "-" "Mozilla/5.0 (Windows NT 10.0; WOW64; rv:47.0) Gecko/20100101 Firefox/47.0" "saveaslave.com"
67.216.241.152 - - [02/Aug/2016:10:28:15 -0700] "GET /images/logo2.png HTTP/1.1" 200 18525 "http://saveaslave.com/" "Mozilla/5.0 (Windows NT 10.0; WOW64; rv:47.0) Gecko/20100101 Firefox/47.0" "saveaslave.com"
67.216.241.152 - - [02/Aug/2016:10:28:15 -0700] "GET /images/article/suspects.jpg HTTP/1.1" 200 58796 "http://saveaslave.com/" "Mozilla/5.0 (Windows NT 10.0; WOW64; rv:47.0) Gecko/20100101 Firefox/47.0" "saveaslave.com"
67.216.241.152 - - [02/Aug/2016:10:28:15 -0700] "GET /images/top.jpg HTTP/1.1" 200 50519 "http://saveaslave.com/" "Mozilla/5.0 (Windows NT 10.0; WOW64; rv:47.0) Gecko/20100101 Firefox/47.0" "saveaslave.com"
67.216.241.152 - - [02/Aug/2016:10:28:15 -0700] "GET /images/cover1.jpg HTTP/1.1" 200 253658 "http://saveaslave.com/" "Mozilla/5.0 (Windows NT 10.0; WOW64; rv:47.0) Gecko/20100101 Firefox/47.0" "saveaslave.com"
67.216.241.152 - - [02/Aug/2016:10:28:15 -0700] "GET /images/select-arrow.png HTTP/1.1" 200 1118 "http://saveaslave.com/css/style.css" "Mozilla/5.0 (Windows NT 10.0; WOW64; rv:47.0) Gecko/20100101 Firefox/47.0" "saveaslave.com"
67.216.241.152 - - [02/Aug/2016:10:28:19 -0700] "GET /favicon.ico HTTP/1.1" 404 89 "-" "Mozilla/5.0 (Windows NT 10.0; WOW64; rv:47.0) Gecko/20100101 Firefox/47.0" "saveaslave.com"
67.216.241.152 - - [02/Aug/2016:10:28:50 -0700] "GET /css/down-arrow.png HTTP/1.1" 404 89 "http://saveaslave.com/css/elements.css" "Mozilla/5.0 (Windows NT 10.0; WOW64; rv:47.0) Gecko/20100101 Firefox/47.0" "saveaslave.com"
67.216.241.152 - - [02/Aug/2016:10:28:51 -0700] "GET /who-we-are.php HTTP/1.1" 200 50828 "http://saveaslave.com/" "Mozilla/5.0 (Windows NT 10.0; WOW64; rv:47.0) Gecko/20100101 Firefox/47.0" "saveaslave.com"[1]
67.216.241.152 - - [02/Aug/2016:10:28:53 -0700] "GET /images/article6.jpg HTTP/1.1" 200 57746 "http://saveaslave.com/who-we-are.php" "Mozilla/5.0 (Windows NT 10.0; WOW64; rv:47.0) Gecko/20100101 Firefox/47.0" "saveaslave.com"
208.115.113.86 - - [02/Aug/2016:10:33:27 -0700] "GET /Coulture.html HTTP/1.1" 404 89 "-" "Mozilla/5.0 (compatible; DotBot/1.1; http://www.opensiteexplorer.org/dotbot, help@moz.com)" "saveaslave.com"
208.115.113.86 - - [02/Aug/2016:10:33:27 -0700] "GET /PayPal.html HTTP/1.1" 404 89 "-" "Mozilla/5.0 (compatible; DotBot/1.1; http://www.opensiteexplorer.org/dotbot, help@moz.com)" "www.saveaslave.com"
208.115.113.86 - - [02/Aug/2016:10:33:27 -0700] "GET /congodemocraticrepublic HTTP/1.1" 404 89 "-" "Mozilla/5.0 (compatible; DotBot/1.1; http://www.opensiteexplorer.org/dotbot, help@moz.com)" "www.saveaslave.com"
182.118.21.207 - - [02/Aug/2016:10:38:01 -0700] "GET / HTTP/1.1" 200 89977 "http://saveaslave.com/" "Mozilla/5.0 (compatible; MSIE 9.0; Windows NT 6.1; Trident/5.0); 360Spider(compatible; HaosouSpider; http://www.haosou.com/help/help_3_2.html)" "saveaslave.com"
65.36.241.48 - - [02/Aug/2016:11:11:20 -0700] "HEAD / HTTP/1.1" 200 0 "-" "InternetSeer.com" "www.saveaslave.com"
208.115.113.86 - - [02/Aug/2016:11:52:21 -0700] "GET /robots.txt HTTP/1.1" 200 48 "-" "Mozilla/5.0 (compatible; DotBot/1.1; http://www.opensiteexplorer.org/dotbot, help@moz.com)" "www.saveaslave.com"
65.36.241.48 - - [02/Aug/2016:12:31:14 -0700] "HEAD / HTTP/1.1" 200 0 "-" "InternetSeer.com" "www.saveaslave.com"
5.248.196.10 - - [02/Aug/2016:12:50:23 -0700] "GET / HTTP/1.1" 200 89941 "http://www.zahvat.ru/" "Mozilla/1.22 (compatible; MSIE 2.0d; Windows NT)" "saveaslave.com"
5.248.196.10 - - [02/Aug/2016:12:50:24 -0700] "GET / HTTP/1.1" 200 89941 "http://www.zahvat.ru/" "Mozilla/1.22 (compatible; MSIE 2.0d; Windows NT)" "saveaslave.com"
5.248.196.10 - - [02/Aug/2016:12:50:26 -0700] "GET / HTTP/1.1" 200 89941 "http://www.zahvat.ru/" "Mozilla/1.22 (compatible; MSIE 2.0d; Windows NT)" "saveaslave.com"
208.115.113.86 - - [02/Aug/2016:12:57:09 -0700] "GET /article.php?id=100 HTTP/1.1" 200 776 "-" "Mozilla/5.0 (compatible; DotBot/1.1; http://www.opensiteexplorer.org/dotbot, help@moz.com)" "www.saveaslave.com"
220.181.108.152 - - [02/Aug/2016:13:26:46 -0700] "GET / HTTP/1.1" 200 89977 "-" "Mozilla/5.0 (compatible; Baiduspider/2.0; +http://www.baidu.com/search/spider.html)" "saveaslave.com"
220.181.108.115 - - [02/Aug/2016:13:26:56 -0700] "GET /css/style.css HTTP/1.1" 200 7938 "http://saveaslave.com/" "Mozilla/5.0 (Windows NT 5.1; rv:6.0.2) Gecko/20100101 Firefox/6.0.2" "saveaslave.com"
220.181.108.163 - - [02/Aug/2016:13:26:56 -0700] "GET /css/bootstrap.min.css HTTP/1.1" 200 123578 "http://saveaslave.com/" "Mozilla/5.0 (Windows NT 5.1; rv:6.0.2) Gecko/20100101 Firefox/6.0.2" "saveaslave.com"
220.181.108.103 - - [02/Aug/2016:13:26:56 -0700] "GET /assets/js/ie-emulation-modes-warning.js HTTP/1.1" 200 2130 "http://saveaslave.com/" "Mozilla/5.0 (Windows NT 5.1; rv:6.0.2) Gecko/20100101 Firefox/6.0.2" "saveaslave.com"
220.181.108.104 - - [02/Aug/2016:13:26:57 -0700] "GET /css/elements.css HTTP/1.1" 200 17857 "http://saveaslave.com/" "Mozilla/5.0 (Windows NT 5.1; rv:6.0.2) Gecko/20100101 Firefox/6.0.2" "saveaslave.com"
220.181.108.108 - - [02/Aug/2016:13:27:05 -0700] "GET /gajaxscroller.js HTTP/1.1" 200 9774 "http://saveaslave.com/" "Mozilla/5.0 (Windows NT 5.1; rv:6.0.2) Gecko/20100101 Firefox/6.0.2" "saveaslave.com"
220.181.108.83 - - [02/Aug/2016:13:27:08 -0700] "GET /css/elements.css HTTP/1.1" 200 17857 "http://saveaslave.com/" "Mozilla/5.0 (Windows NT 5.1; rv:6.0.2) Gecko/20100101 Firefox/6.0.2" "saveaslave.com"
220.181.108.117 - - [02/Aug/2016:13:27:08 -0700] "GET /css/bootstrap.min.css HTTP/1.1" 200 123578 "http://saveaslave.com/" "Mozilla/5.0 (Windows NT 5.1; rv:6.0.2) Gecko/20100101 Firefox/6.0.2" "saveaslave.com"
220.181.108.174 - - [02/Aug/2016:13:27:10 -0700] "GET /css/style-pages.css HTTP/1.1" 200 9894 "http://saveaslave.com/" "Mozilla/5.0 (Windows NT 5.1; rv:6.0.2) Gecko/20100101 Firefox/6.0.2" "saveaslave.com"
123.125.71.72 - - [02/Aug/2016:13:33:08 -0700] "GET /robots.txt HTTP/1.1" 200 48 "-" "Mozilla/5.0 (compatible; Baiduspider/2.0; +http://www.baidu.com/search/spider.html)" "www.saveaslave.com"
54.243.48.119 - - [02/Aug/2016:13:34:57 -0700] "GET /liechtenstein.html HTTP/1.1" 404 89 "-" "Mozilla/5.0 (Windows; U; Windows NT 5.1; en-US; rv:1.9.2.8) Gecko/20100722 Firefox/3.6.8" "saveaslave.com"
176.31.230.9 - - [02/Aug/2016:13:41:11 -0700] "GET / HTTP/1.1" 200 89977 "-" "Mozilla/5.0 (Windows NT 6.1; WOW64; rv:47.0) Gecko/20100101 Firefox/47.0" "saveaslave.com"
54.211.242.79 - - [02/Aug/2016:13:43:52 -0700] "GET / HTTP/1.1" 200 89977 "-" "-" "saveaslave.com"
180.97.62.245 - - [02/Aug/2016:13:46:29 -0700] "GET / HTTP/1.1" 200 89941 "http://www.saveaslave.com/" "Mozilla/5.0 (compatible; MSIE 9.0; Windows NT 6.1; Trident/5.0)" "www.saveaslave.com"[1]
208.115.113.94 - - [02/Aug/2016:13:48:49 -0700] "GET /article.php?id=9 HTTP/1.1" 200 100388 "-" "Mozilla/5.0 (compatible; DotBot/1.1; http://www.opensiteexplorer.org/dotbot, help@moz.com)" "saveaslave.com"
208.115.113.94 - - [02/Aug/2016:13:53:05 -0700] "GET /article.php?id=86 HTTP/1.1" 200 43964 "-" "Mozilla/5.0 (compatible; DotBot/1.1; http://www.opensiteexplorer.org/dotbot, help@moz.com)" "saveaslave.com"[1]
208.115.113.94 - - [02/Aug/2016:13:53:08 -0700] "GET /article.php?id=15 HTTP/1.1" 200 56188 "-" "Mozilla/5.0 (compatible; DotBot/1.1; http://www.opensiteexplorer.org/dotbot, help@moz.com)" "saveaslave.com"[1]
52.91.105.2 - - [02/Aug/2016:14:28:28 -0700] "GET / HTTP/1.1" 200 89977 "-" "-" "saveaslave.com"[1]
208.115.113.86 - - [02/Aug/2016:14:58:08 -0700] "GET /robots.txt HTTP/1.1" 200 48 "-" "Mozilla/5.0 (compatible; DotBot/1.1; http://www.opensiteexplorer.org/dotbot, help@moz.com)" "saveaslave.com"
208.115.113.86 - - [02/Aug/2016:14:58:08 -0700] "GET /robots.txt HTTP/1.1" 200 48 "-" "Mozilla/5.0 (compatible; DotBot/1.1; http://www.opensiteexplorer.org/dotbot, help@moz.com)" "www.saveaslave.com"
65.36.241.48 - - [02/Aug/2016:15:07:12 -0700] "HEAD / HTTP/1.1" 200 0 "-" "InternetSeer.com" "www.saveaslave.com"
207.46.13.72 - - [02/Aug/2016:15:36:13 -0700] "GET /azkaban.html HTTP/1.1" 404 89 "-" "Mozilla/5.0 (compatible; bingbot/2.0; +http://www.bing.com/bingbot.htm)" "www.saveaslave.com"
159.203.61.153 - - [02/Aug/2016:16:21:00 -0700] "HEAD / HTTP/1.1" 200 0 "-" "curl/7.38.0" "saveaslave.com"
65.36.241.48 - - [02/Aug/2016:16:26:12 -0700] "HEAD / HTTP/1.1" 200 0 "-" "InternetSeer.com" "www.saveaslave.com"
104.140.133.144 - - [02/Aug/2016:16:45:25 -0700] "GET / HTTP/1.1" 200 89977 "-" "-" "saveaslave.com"
208.115.111.70 - - [02/Aug/2016:16:47:57 -0700] "GET /robots.txt HTTP/1.1" 200 48 "-" "Mozilla/5.0 (compatible; DotBot/1.1; http://www.opensiteexplorer.org/dotbot, help@moz.com)" "saveaslave.com"
108.62.156.88 - - [02/Aug/2016:16:54:12 -0700] "GET /our-news.php HTTP/1.1" 200 65039 "http://saveaslave.com" "Mozilla/5.0 (X11; U; Linux x86_64; en-US; rv:1.9.0.14) Gecko/2009090217 Ubuntu/9.04 (jaunty) Firefox/3.0.13" "saveaslave.com"
108.62.156.244 - - [02/Aug/2016:16:54:13 -0700] "GET /our-supporters.php HTTP/1.1" 200 55443 "http://saveaslave.com" "Mozilla/5.0 (Windows; U; Windows NT 6.0; en-GB; rv:1.9.1b3) Gecko/20090305 Firefox/3.1b3 (.NET CLR 3.5.30729)" "saveaslave.com"
66.102.6.159 - - [02/Aug/2016:17:14:09 -0700] "GET / HTTP/1.1" 200 89941 "http://www.google.com/search" "Mozilla/5.0 (X11; Linux x86_64) AppleWebKit/537.36 (KHTML, like Gecko; Google Web Preview) Chrome/27.0.1453 Safari/537.36" "www.saveaslave.com"[1]
66.102.6.159 - - [02/Aug/2016:17:14:10 -0700] "GET /assets/js/ie-emulation-modes-warning.js HTTP/1.1" 200 2130 "http://www.saveaslave.com/" "Mozilla/5.0 (X11; Linux x86_64) AppleWebKit/537.36 (KHTML, like Gecko; Google Web Preview) Chrome/27.0.1453 Safari/537.36" "www.saveaslave.com"
66.102.6.163 - - [02/Aug/2016:17:14:10 -0700] "GET /css/elements.css HTTP/1.1" 200 17857 "http://www.saveaslave.com/" "Mozilla/5.0 (X11; Linux x86_64) AppleWebKit/537.36 (KHTML, like Gecko; Google Web Preview) Chrome/27.0.1453 Safari/537.36" "www.saveaslave.com"[0]
66.102.6.163 - - [02/Aug/2016:17:14:10 -0700] "GET /css/style-pages.css HTTP/1.1" 200 9894 "http://www.saveaslave.com/" "Mozilla/5.0 (X11; Linux x86_64) AppleWebKit/537.36 (KHTML, like Gecko; Google Web Preview) Chrome/27.0.1453 Safari/537.36" "www.saveaslave.com"
66.102.6.163 - - [02/Aug/2016:17:14:10 -0700] "GET /css/style.css HTTP/1.1" 200 7938 "http://www.saveaslave.com/" "Mozilla/5.0 (X11; Linux x86_64) AppleWebKit/537.36 (KHTML, like Gecko; Google Web Preview) Chrome/27.0.1453 Safari/537.36" "www.saveaslave.com"
66.102.6.159 - - [02/Aug/2016:17:14:10 -0700] "GET /gfeedfetcher.js HTTP/1.1" 200 9018 "http://www.saveaslave.com/" "Mozilla/5.0 (X11; Linux x86_64) AppleWebKit/537.36 (KHTML, like Gecko; Google Web Preview) Chrome/27.0.1453 Safari/537.36" "www.saveaslave.com"
66.102.6.155 - - [02/Aug/2016:17:14:10 -0700] "GET /gajaxscroller.js HTTP/1.1" 200 9774 "http://www.saveaslave.com/" "Mozilla/5.0 (X11; Linux x86_64) AppleWebKit/537.36 (KHTML, like Gecko; Google Web Preview) Chrome/27.0.1453 Safari/537.36" "www.saveaslave.com"
66.102.6.163 - - [02/Aug/2016:17:14:10 -0700] "GET /js/bootstrap.min.js HTTP/1.1" 200 37055 "http://www.saveaslave.com/" "Mozilla/5.0 (X11; Linux x86_64) AppleWebKit/537.36 (KHTML, like Gecko; Google Web Preview) Chrome/27.0.1453 Safari/537.36" "www.saveaslave.com"
66.102.6.163 - - [02/Aug/2016:17:14:10 -0700] "GET /assets/js/ie10-viewport-bug-workaround.js HTTP/1.1" 200 641 "http://www.saveaslave.com/" "Mozilla/5.0 (X11; Linux x86_64) AppleWebKit/537.36 (KHTML, like Gecko; Google Web Preview) Chrome/27.0.1453 Safari/537.36" "www.saveaslave.com"
66.102.6.155 - - [02/Aug/2016:17:14:10 -0700] "GET /css/bootstrap.min.css HTTP/1.1" 200 123578 "http://www.saveaslave.com/" "Mozilla/5.0 (X11; Linux x86_64) AppleWebKit/537.36 (KHTML, like Gecko; Google Web Preview) Chrome/27.0.1453 Safari/537.36" "www.saveaslave.com"[0]
66.102.6.159 - - [02/Aug/2016:17:14:10 -0700] "GET /indicator.gif HTTP/1.1" 200 878 "http://www.saveaslave.com/" "Mozilla/5.0 (X11; Linux x86_64) AppleWebKit/537.36 (KHTML, like Gecko; Google Web Preview) Chrome/27.0.1453 Safari/537.36" "www.saveaslave.com"
66.102.6.155 - - [02/Aug/2016:17:14:10 -0700] "GET /images/social3.png HTTP/1.1" 200 4343 "http://www.saveaslave.com/" "Mozilla/5.0 (X11; Linux x86_64) AppleWebKit/537.36 (KHTML, like Gecko; Google Web Preview) Chrome/27.0.1453 Safari/537.36" "www.saveaslave.com"
66.102.6.155 - - [02/Aug/2016:17:14:10 -0700] "GET /images/cover1.jpg HTTP/1.1" 200 253658 "http://www.saveaslave.com/" "Mozilla/5.0 (X11; Linux x86_64) AppleWebKit/537.36 (KHTML, like Gecko; Google Web Preview) Chrome/27.0.1453 Safari/537.36" "www.saveaslave.com"
66.102.6.155 - - [02/Aug/2016:17:14:10 -0700] "GET /addarticle.php HTTP/1.1" 200 13682 "http://www.saveaslave.com/" "Mozilla/5.0 (X11; Linux x86_64) AppleWebKit/537.36 (KHTML, like Gecko; Google Web Preview) Chrome/27.0.1453 Safari/537.36" "www.saveaslave.com"
40.77.167.53 - - [02/Aug/2016:18:06:29 -0700] "GET /macoa HTTP/1.1" 404 89 "-" "Mozilla/5.0 (compatible; bingbot/2.0; +http://www.bing.com/bingbot.htm)" "www.saveaslave.com"
46.229.166.195 - - [02/Aug/2016:18:07:55 -0700] "GET /gfeedfetcher.js HTTP/1.1" 200 9018 "http://www.saveaslave.com/" "Mozilla/5.0 (Windows NT 6.3; Win64; x64) AppleWebKit/537.36 (KHTML, like Gecko) Chrome/37.0.2049.0 Safari/537.36" "www.saveaslave.com"[0]
46.229.166.195 - - [02/Aug/2016:18:07:55 -0700] "GET /css/bootstrap.min.css HTTP/1.1" 200 123578 "http://www.saveaslave.com/" "Mozilla/5.0 (Windows NT 6.3; Win64; x64) AppleWebKit/537.36 (KHTML, like Gecko) Chrome/37.0.2049.0 Safari/537.36" "www.saveaslave.com"
46.229.166.195 - - [02/Aug/2016:18:07:56 -0700] "GET /css/style-pages.css HTTP/1.1" 200 9894 "http://www.saveaslave.com/" "Mozilla/5.0 (Windows NT 6.3; Win64; x64) AppleWebKit/537.36 (KHTML, like Gecko) Chrome/37.0.2049.0 Safari/537.36" "www.saveaslave.com"
46.229.166.195 - - [02/Aug/2016:18:07:56 -0700] "GET /images/select-arrow.png HTTP/1.1" 200 1118 "http://www.saveaslave.com/" "Mozilla/5.0 (Windows NT 6.3; Win64; x64) AppleWebKit/537.36 (KHTML, like Gecko) Chrome/37.0.2049.0 Safari/537.36" "www.saveaslave.com"
46.229.166.195 - - [02/Aug/2016:18:07:56 -0700] "GET /images/top.jpg HTTP/1.1" 200 50519 "http://www.saveaslave.com/" "Mozilla/5.0 (Windows NT 6.3; Win64; x64) AppleWebKit/537.36 (KHTML, like Gecko) Chrome/37.0.2049.0 Safari/537.36" "www.saveaslave.com"
46.229.166.195 - - [02/Aug/2016:18:07:56 -0700] "GET /images/article/s1_dety_beg_d9954.jpg HTTP/1.1" 200 16968 "http://www.saveaslave.com/" "Mozilla/5.0 (Windows NT 6.3; Win64; x64) AppleWebKit/537.36 (KHTML, like Gecko) Chrome/37.0.2049.0 Safari/537.36" "www.saveaslave.com"
159.203.61.153 - - [02/Aug/2016:18:10:50 -0700] "HEAD / HTTP/1.1" 200 0 "-" "curl/7.38.0" "saveaslave.com"
106.120.173.111 - - [02/Aug/2016:18:23:00 -0700] "GET /robots.txt HTTP/1.1" 200 48 "-" "Sogou web spider/4.0(+http://www.sogou.com/docs/help/webmasters.htm#07)" "saveaslave.com"
106.120.173.111 - - [02/Aug/2016:18:24:42 -0700] "GET /robots.txt HTTP/1.1" 200 48 "-" "Sogou web spider/4.0(+http://www.sogou.com/docs/help/webmasters.htm#07)" "www.saveaslave.com"
65.36.241.48 - - [02/Aug/2016:18:31:30 -0700] "HEAD /?tpl=references&Itemid=3 HTTP/1.1" 200 0 "-" "InternetSeer.com" "www.saveaslave.com"
208.115.111.70 - - [02/Aug/2016:18:36:10 -0700] "GET /article.php?id=9 HTTP/1.1" 200 100388 "-" "Mozilla/5.0 (compatible; DotBot/1.1; http://www.opensiteexplorer.org/dotbot, help@moz.com)" "saveaslave.com"[1]
208.115.111.70 - - [02/Aug/2016:18:37:56 -0700] "GET /article.php?id=86 HTTP/1.1" 200 43964 "-" "Mozilla/5.0 (compatible; DotBot/1.1; http://www.opensiteexplorer.org/dotbot, help@moz.com)" "saveaslave.com"[0]
157.55.39.234 - - [02/Aug/2016:18:52:19 -0700] "GET /robots.txt HTTP/1.1" 200 48 "-" "Mozilla/5.0 (compatible; bingbot/2.0; +http://www.bing.com/bingbot.htm)" "saveaslave.com"
65.55.210.215 - - [02/Aug/2016:18:57:50 -0700] "GET /gfeedfetcher.js HTTP/1.1" 200 9018 "http://saveaslave.com/" "Mozilla/5.0 (Windows NT 6.1; WOW64) AppleWebKit/534+ (KHTML, like Gecko) BingPreview/1.0b" "saveaslave.com"[0]
65.55.210.215 - - [02/Aug/2016:18:57:51 -0700] "GET /css/style-pages.css HTTP/1.1" 200 9894 "http://saveaslave.com/" "Mozilla/5.0 (Windows NT 6.1; WOW64) AppleWebKit/534+ (KHTML, like Gecko) BingPreview/1.0b" "saveaslave.com"
65.55.210.215 - - [02/Aug/2016:18:57:51 -0700] "GET /addarticle.php HTTP/1.1" 200 13718 "http://saveaslave.com/" "Mozilla/5.0 (Windows NT 6.1; WOW64) AppleWebKit/534+ (KHTML, like Gecko) BingPreview/1.0b" "saveaslave.com"[0]
65.55.210.215 - - [02/Aug/2016:18:57:52 -0700] "GET /images/logo2.png HTTP/1.1" 200 18525 "http://saveaslave.com/" "Mozilla/5.0 (Windows NT 6.1; WOW64) AppleWebKit/534+ (KHTML, like Gecko) BingPreview/1.0b" "saveaslave.com"
65.55.210.215 - - [02/Aug/2016:18:57:52 -0700] "GET /images/cover1.jpg HTTP/1.1" 200 253658 "http://saveaslave.com/" "Mozilla/5.0 (Windows NT 6.1; WOW64) AppleWebKit/534+ (KHTML, like Gecko) BingPreview/1.0b" "saveaslave.com"
65.55.210.215 - - [02/Aug/2016:18:57:52 -0700] "GET /images/top.jpg HTTP/1.1" 200 50519 "http://saveaslave.com/" "Mozilla/5.0 (Windows NT 6.1; WOW64) AppleWebKit/534+ (KHTML, like Gecko) BingPreview/1.0b" "saveaslave.com"
65.55.210.215 - - [02/Aug/2016:18:57:52 -0700] "GET /images/article/end_it.jpg HTTP/1.1" 200 33676 "http://saveaslave.com/" "Mozilla/5.0 (Windows NT 6.1; WOW64) AppleWebKit/534+ (KHTML, like Gecko) BingPreview/1.0b" "saveaslave.com"
65.55.210.215 - - [02/Aug/2016:18:57:53 -0700] "GET /images/article/s1_dety_beg_d9954.jpg HTTP/1.1" 200 16968 "http://saveaslave.com/" "Mozilla/5.0 (Windows NT 6.1; WOW64) AppleWebKit/534+ (KHTML, like Gecko) BingPreview/1.0b" "saveaslave.com"
65.55.210.215 - - [02/Aug/2016:18:57:54 -0700] "GET /images/article/suspects.jpg HTTP/1.1" 200 58796 "http://saveaslave.com/" "Mozilla/5.0 (Windows NT 6.1; WOW64) AppleWebKit/534+ (KHTML, like Gecko) BingPreview/1.0b" "saveaslave.com"
65.55.210.215 - - [02/Aug/2016:18:57:54 -0700] "GET /js/bootstrap.min.js HTTP/1.1" 200 37055 "http://saveaslave.com/" "Mozilla/5.0 (Windows NT 6.1; WOW64) AppleWebKit/534+ (KHTML, like Gecko) BingPreview/1.0b" "saveaslave.com"
65.55.210.215 - - [02/Aug/2016:18:57:54 -0700] "GET /images/social1.png HTTP/1.1" 200 2012 "http://saveaslave.com/" "Mozilla/5.0 (Windows NT 6.1; WOW64) AppleWebKit/534+ (KHTML, like Gecko) BingPreview/1.0b" "saveaslave.com"
65.55.210.215 - - [02/Aug/2016:18:57:54 -0700] "GET /assets/js/ie10-viewport-bug-workaround.js HTTP/1.1" 200 641 "http://saveaslave.com/" "Mozilla/5.0 (Windows NT 6.1; WOW64) AppleWebKit/534+ (KHTML, like Gecko) BingPreview/1.0b" "saveaslave.com"
65.55.210.215 - - [02/Aug/2016:18:57:54 -0700] "GET /images/social2.png HTTP/1.1" 200 1752 "http://saveaslave.com/" "Mozilla/5.0 (Windows NT 6.1; WOW64) AppleWebKit/534+ (KHTML, like Gecko) BingPreview/1.0b" "saveaslave.com"
65.55.210.215 - - [02/Aug/2016:18:57:54 -0700] "GET /images/social3.png HTTP/1.1" 200 4343 "http://saveaslave.com/" "Mozilla/5.0 (Windows NT 6.1; WOW64) AppleWebKit/534+ (KHTML, like Gecko) BingPreview/1.0b" "saveaslave.com"
65.55.210.215 - - [02/Aug/2016:18:57:55 -0700] "GET /indicator.gif HTTP/1.1" 200 878 "http://saveaslave.com/" "Mozilla/5.0 (Windows NT 6.1; WOW64) AppleWebKit/534+ (KHTML, like Gecko) BingPreview/1.0b" "saveaslave.com"
65.55.210.215 - - [02/Aug/2016:18:57:55 -0700] "GET /images/select-arrow.png HTTP/1.1" 200 1118 "http://saveaslave.com/" "Mozilla/5.0 (Windows NT 6.1; WOW64) AppleWebKit/534+ (KHTML, like Gecko) BingPreview/1.0b" "saveaslave.com"
65.55.210.215 - - [02/Aug/2016:18:57:55 -0700] "GET /css/down-arrow.png HTTP/1.1" 404 89 "http://saveaslave.com/" "Mozilla/5.0 (Windows NT 6.1; WOW64) AppleWebKit/534+ (KHTML, like Gecko) BingPreview/1.0b" "saveaslave.com"
208.115.113.86 - - [02/Aug/2016:19:00:18 -0700] "GET /robots.txt HTTP/1.1" 200 48 "-" "Mozilla/5.0 (compatible; DotBot/1.1; http://www.opensiteexplorer.org/dotbot, help@moz.com)" "saveaslave.com"
66.249.65.137 - - [02/Aug/2016:19:27:15 -0700] "GET /moldova HTTP/1.1" 404 89 "-" "Mozilla/5.0 (Linux; Android 6.0.1; Nexus 5X Build/MMB29P) AppleWebKit/537.36 (KHTML, like Gecko) Chrome/41.0.2272.96 Mobile Safari/537.36 (compatible; Googlebot/2.1; +http://www.google.com/bot.html)" "www.saveaslave.com"
208.115.113.86 - - [02/Aug/2016:19:57:32 -0700] "GET /kenya.html HTTP/1.1" 404 89 "-" "Mozilla/5.0 (compatible; DotBot/1.1; http://www.opensiteexplorer.org/dotbot, help@moz.com)" "saveaslave.com"
52.40.209.17 - - [02/Aug/2016:20:14:15 -0700] "GET /administrator/ HTTP/1.1" 404 89 "-" "Mozilla/5.0 (Windows NT 6.1; rv:31.0) Gecko/20100101 Firefox/31.0" "saveaslave.com"
208.115.113.86 - - [02/Aug/2016:21:10:13 -0700] "GET /article.php?id=8 HTTP/1.1" 200 54744 "-" "Mozilla/5.0 (compatible; DotBot/1.1; http://www.opensiteexplorer.org/dotbot, help@moz.com)" "saveaslave.com"[1]
208.115.111.70 - - [02/Aug/2016:21:23:34 -0700] "GET /robots.txt HTTP/1.1" 200 48 "-" "Mozilla/5.0 (compatible; DotBot/1.1; http://www.opensiteexplorer.org/dotbot, help@moz.com)" "saveaslave.com"[0]
159.203.61.153 - - [02/Aug/2016:21:25:39 -0700] "HEAD / HTTP/1.1" 200 0 "-" "curl/7.38.0" "saveaslave.com"
208.115.113.86 - - [02/Aug/2016:21:40:23 -0700] "GET /robots.txt HTTP/1.1" 200 48 "-" "Mozilla/5.0 (compatible; DotBot/1.1; http://www.opensiteexplorer.org/dotbot, help@moz.com)" "www.saveaslave.com"
65.36.241.48 - - [02/Aug/2016:21:50:18 -0700] "HEAD / HTTP/1.1" 200 0 "-" "InternetSeer.com" "www.saveaslave.com"
40.77.167.53 - - [02/Aug/2016:22:12:58 -0700] "GET /articles/slavetrafficking.html HTTP/1.1" 404 89 "-" "Mozilla/5.0 (iPhone; CPU iPhone OS 7_0 like Mac OS X) AppleWebKit/537.51.1 (KHTML, like Gecko) Version/7.0 Mobile/11A465 Safari/9537.53 (compatible; bingbot/2.0; +http://www.bing.com/bingbot.htm)" "www.saveaslave.com"
54.211.242.79 - - [02/Aug/2016:22:23:38 -0700] "GET / HTTP/1.1" 200 89977 "-" "-" "saveaslave.com"[2]
180.76.15.15 - - [02/Aug/2016:23:44:35 -0700] "GET /help.php HTTP/1.1" 200 52766 "-" "Mozilla/5.0 (compatible; Baiduspider/2.0; +http://www.baidu.com/search/spider.html)" "www.saveaslave.com"
208.115.113.86 - - [02/Aug/2016:23:46:48 -0700] "GET /robots.txt HTTP/1.1" 200 48 "-" "Mozilla/5.0 (compatible; DotBot/1.1; http://www.opensiteexplorer.org/dotbot, help@moz.com)" "www.saveaslave.com"
159.203.61.153 - - [02/Aug/2016:23:58:06 -0700] "HEAD / HTTP/1.1" 200 0 "-" "curl/7.38.0" "saveaslave.com"[0]
85.14.244.98 - - [03/Aug/2016:00:04:46 -0700] "GET /www.1736fcc.org HTTP/1.1" 404 89 "-" "Mozilla/5.0 (compatible; MJ12bot/v1.4.5; http://www.majestic12.co.uk/bot.php?+)" "www.saveaslave.com"
65.36.241.48 - - [03/Aug/2016:00:36:25 -0700] "HEAD / HTTP/1.1" 200 0 "-" "InternetSeer.com" "www.saveaslave.com"
208.115.113.86 - - [03/Aug/2016:00:49:16 -0700] "GET /jamaica.html HTTP/1.1" 404 89 "-" "Mozilla/5.0 (compatible; DotBot/1.1; http://www.opensiteexplorer.org/dotbot, help@moz.com)" "saveaslave.com"
208.115.113.86 - - [03/Aug/2016:00:49:16 -0700] "GET /azkaban.html HTTP/1.1" 404 89 "-" "Mozilla/5.0 (compatible; DotBot/1.1; http://www.opensiteexplorer.org/dotbot, help@moz.com)" "saveaslave.com"
208.115.113.86 - - [03/Aug/2016:00:49:16 -0700] "GET /azkaban2.html HTTP/1.1" 404 89 "-" "Mozilla/5.0 (compatible; DotBot/1.1; http://www.opensiteexplorer.org/dotbot, help@moz.com)" "saveaslave.com"
180.76.15.24 - - [03/Aug/2016:00:51:07 -0700] "GET /images/countrymap/?S=A HTTP/1.1" 200 108242 "-" "Mozilla/5.0 (compatible; Baiduspider/2.0; +http://www.baidu.com/search/spider.html)" "www.saveaslave.com"[1]
208.115.113.86 - - [03/Aug/2016:00:55:04 -0700] "GET /turks-caicos-islands.html HTTP/1.1" 404 89 "-" "Mozilla/5.0 (compatible; DotBot/1.1; http://www.opensiteexplorer.org/dotbot, help@moz.com)" "www.saveaslave.com"
208.115.113.86 - - [03/Aug/2016:00:55:05 -0700] "GET /kuwait.html HTTP/1.1" 404 89 "-" "Mozilla/5.0 (compatible; DotBot/1.1; http://www.opensiteexplorer.org/dotbot, help@moz.com)" "www.saveaslave.com"
208.115.113.86 - - [03/Aug/2016:00:55:05 -0700] "GET /holy-see.html HTTP/1.1" 404 89 "-" "Mozilla/5.0 (compatible; DotBot/1.1; http://www.opensiteexplorer.org/dotbot, help@moz.com)" "www.saveaslave.com"
208.115.111.70 - - [03/Aug/2016:01:02:35 -0700] "GET /robots.txt HTTP/1.1" 200 48 "-" "Mozilla/5.0 (compatible; DotBot/1.1; http://www.opensiteexplorer.org/dotbot, help@moz.com)" "saveaslave.com"
69.63.188.203 - - [03/Aug/2016:01:41:56 -0700] "GET /images/cover1.jpg HTTP/1.1" 200 253658 "-" "facebookexternalhit/1.1 (+http://www.facebook.com/externalhit_uatext.php)" "saveaslave.com"[0]
180.76.15.26 - - [03/Aug/2016:01:58:06 -0700] "GET /article.php?id=7 HTTP/1.1" 200 49172 "-" "Mozilla/5.0 (compatible; Baiduspider/2.0; +http://www.baidu.com/search/spider.html)" "www.saveaslave.com"
65.36.241.48 - - [03/Aug/2016:02:20:28 -0700] "HEAD / HTTP/1.1" 200 0 "-" "InternetSeer.com" "www.saveaslave.com"
180.76.15.145 - - [03/Aug/2016:02:31:36 -0700] "GET /our-news.php HTTP/1.1" 200 65039 "-" "Mozilla/5.0 (compatible; Baiduspider/2.0; +http://www.baidu.com/search/spider.html)" "www.saveaslave.com"
209.29.221.147 - - [03/Aug/2016:03:00:02 -0700] "GET /plugins/authentication/joomla/joomla.xml HTTP/1.1" 404 89 "http://www.example.com/" "Mozilla/5.0 (Windows NT 6.1; WOW64) AppleWebKit/537.36 (KHTML, like Gecko) Chrome/42.0.2311.90 Safari/537.36" "saveaslave.com"
209.29.221.147 - - [03/Aug/2016:03:00:10 -0700] "GET /wp-includes/wlwmanifest.xml HTTP/1.1" 404 89 "http://www.example.com/" "Mozilla/5.0 (Windows NT 6.1; WOW64) AppleWebKit/537.36 (KHTML, like Gecko) Chrome/42.0.2311.90 Safari/537.36" "saveaslave.com"
77.81.165.32 - - [03/Aug/2016:03:21:17 -0700] "POST /wp-comments-post.php HTTP/1.1" 404 89 "-" "Mozilla/5.0 (Windows NT 6.0; rv:16.0) Gecko/20130722 Firefox/16.0" "saveaslave.com"[0]
77.81.165.32 - - [03/Aug/2016:03:21:18 -0700] "POST /xmlrpc.php HTTP/1.1" 404 89 "-" "Mozilla/5.0 (Windows NT 6.0; rv:16.0) Gecko/20130722 Firefox/16.0" "saveaslave.com"
77.81.165.32 - - [03/Aug/2016:03:21:18 -0700] "POST /wp-login.php HTTP/1.1" 404 89 "-" "Mozilla/5.0 (Windows NT 6.0; rv:16.0) Gecko/20130722 Firefox/16.0" "saveaslave.com"
77.81.165.32 - - [03/Aug/2016:03:21:20 -0700] "POST /wp-cache.php HTTP/1.1" 404 89 "-" "Mozilla/5.0 (Windows NT 6.0; rv:16.0) Gecko/20130722 Firefox/16.0" "saveaslave.com"
77.81.165.32 - - [03/Aug/2016:03:21:23 -0700] "POST /wp-conff.php HTTP/1.1" 404 89 "-" "Mozilla/5.0 (Windows NT 6.0; rv:16.0) Gecko/20130722 Firefox/16.0" "saveaslave.com"
77.81.165.32 - - [03/Aug/2016:03:21:25 -0700] "POST /wp-signup.php HTTP/1.1" 404 89 "-" "Mozilla/5.0 (Windows NT 6.0; rv:16.0) Gecko/20130722 Firefox/16.0" "saveaslave.com"[0]
77.81.165.32 - - [03/Aug/2016:03:21:26 -0700] "POST /BirdsRio.php HTTP/1.1" 404 89 "-" "Mozilla/5.0 (Windows NT 6.0; rv:16.0) Gecko/20130722 Firefox/16.0" "saveaslave.com"
77.81.165.32 - - [03/Aug/2016:03:21:26 -0700] "POST /wp-blog-header.php HTTP/1.1" 404 89 "-" "Mozilla/5.0 (Windows NT 6.0; rv:16.0) Gecko/20130722 Firefox/16.0" "saveaslave.com"[0]
77.81.165.32 - - [03/Aug/2016:03:21:27 -0700] "POST /wp-content/login.php?login=cmd HTTP/1.1" 404 89 "-" "Mozilla/5.0 (Windows NT 6.0; rv:16.0) Gecko/20130722 Firefox/16.0" "saveaslave.com"[0]
77.81.165.32 - - [03/Aug/2016:03:21:27 -0700] "POST /wp-load.php HTTP/1.1" 404 89 "-" "Mozilla/5.0 (Windows NT 6.0; rv:16.0) Gecko/20130722 Firefox/16.0" "saveaslave.com"[0]
77.81.165.32 - - [03/Aug/2016:03:21:30 -0700] "POST /tmp.php HTTP/1.1" 404 89 "-" "Mozilla/5.0 (Windows NT 6.0; rv:16.0) Gecko/20130722 Firefox/16.0" "saveaslave.com"
84.105.25.10 - - [03/Aug/2016:03:33:46 -0700] "GET /images/supporters/logo_atest.png HTTP/1.1" 200 12676 "https://www.google.nl/" "Mozilla/5.0 (Macintosh; Intel Mac OS X 10_11_4) AppleWebKit/537.36 (KHTML, like Gecko) Chrome/51.0.2704.103 Safari/537.36" "www.saveaslave.com"
208.115.113.86 - - [03/Aug/2016:03:49:33 -0700] "GET /help.php HTTP/1.1" 200 52766 "-" "Mozilla/5.0 (compatible; DotBot/1.1; http://www.opensiteexplorer.org/dotbot, help@moz.com)" "saveaslave.com"[1]
65.36.241.48 - - [03/Aug/2016:03:55:11 -0700] "HEAD / HTTP/1.1" 200 0 "-" "InternetSeer.com" "www.saveaslave.com"
157.55.39.133 - - [03/Aug/2016:04:10:58 -0700] "GET /togo HTTP/1.1" 404 89 "-" "Mozilla/5.0 (compatible; bingbot/2.0; +http://www.bing.com/bingbot.htm)" "www.saveaslave.com"[0]
65.36.241.48 - - [03/Aug/2016:05:28:44 -0700] "HEAD / HTTP/1.1" 200 0 "-" "InternetSeer.com" "www.saveaslave.com"
208.115.113.86 - - [03/Aug/2016:05:37:16 -0700] "GET /robots.txt HTTP/1.1" 200 48 "-" "Mozilla/5.0 (compatible; DotBot/1.1; http://www.opensiteexplorer.org/dotbot, help@moz.com)" "www.saveaslave.com"
85.25.210.234 - - [03/Aug/2016:06:03:52 -0700] "GET /robots.txt HTTP/1.1" 200 48 "-" "Mozilla/5.0 (compatible; seoscanners.net/1; +spider@seoscanners.net)" "saveaslave.com"
85.25.210.234 - - [03/Aug/2016:06:03:53 -0700] "GET /images/article/1402379001_o-torgovle-lyudmi-21.jpg HTTP/1.1" 200 33957 "-" "Mozilla/5.0 (compatible; seoscanners.net/1; +spider@seoscanners.net)" "saveaslave.com"
66.249.65.145 - - [03/Aug/2016:06:13:46 -0700] "GET /hong_kong.html HTTP/1.1" 404 89 "-" "Mozilla/5.0 (compatible; Googlebot/2.1; +http://www.google.com/bot.html)" "www.saveaslave.com"
54.211.242.79 - - [03/Aug/2016:06:22:34 -0700] "GET / HTTP/1.1" 200 89977 "-" "-" "saveaslave.com"
208.115.111.70 - - [03/Aug/2016:06:24:31 -0700] "GET / HTTP/1.1" 200 89977 "-" "Mozilla/5.0 (compatible; DotBot/1.1; http://www.opensiteexplorer.org/dotbot, help@moz.com)" "saveaslave.com"
54.243.48.119 - - [03/Aug/2016:06:28:50 -0700] "GET /who-we-are.php HTTP/1.1" 200 50828 "-" "Mozilla/5.0 (Windows; U; Windows NT 5.1; en-US; rv:1.9.2.8) Gecko/20100722 Firefox/3.6.8" "www.saveaslave.com"
208.115.111.70 - - [03/Aug/2016:06:30:58 -0700] "GET /article.php?id=19 HTTP/1.1" 200 48687 "-" "Mozilla/5.0 (compatible; DotBot/1.1; http://www.opensiteexplorer.org/dotbot, help@moz.com)" "saveaslave.com"
141.8.143.229 - - [03/Aug/2016:06:34:22 -0700] "GET /robots.txt HTTP/1.1" 200 48 "-" "Mozilla/5.0 (compatible; YandexBot/3.0; +http://yandex.com/bots)" "saveaslave.com"
100.43.91.22 - - [03/Aug/2016:06:34:27 -0700] "GET /ico/favicon-96x96.png HTTP/1.1" 200 4476 "-" "Mozilla/5.0 (compatible; YandexBot/3.0; +http://yandex.com/bots)" "saveaslave.com"
208.115.113.86 - - [03/Aug/2016:06:49:20 -0700] "GET /kosovo.html HTTP/1.1" 404 89 "-" "Mozilla/5.0 (compatible; DotBot/1.1; http://www.opensiteexplorer.org/dotbot, help@moz.com)" "saveaslave.com"
65.36.241.48 - - [03/Aug/2016:06:53:41 -0700] "HEAD / HTTP/1.1" 200 0 "-" "InternetSeer.com" "www.saveaslave.com"
168.167.241.7 - - [03/Aug/2016:06:53:43 -0700] "GET /images/article5.jpg HTTP/1.1" 200 14497 "https://www.google.co.bw" "Mozilla/5.0 (Windows NT 6.1; rv:46.0) Gecko/20100101 Firefox/46.0" "www.saveaslave.com"
107.77.100.29 - - [03/Aug/2016:07:12:09 -0700] "GET /article.php?id=32 HTTP/1.1" 200 51028 "https://www.google.com/" "Mozilla/5.0 (iPhone; CPU iPhone OS 9_3_2 like Mac OS X) AppleWebKit/601.1.46 (KHTML, like Gecko) Version/9.0 Mobile/13F69 Safari/601.1" "www.saveaslave.com"[2]
107.77.100.29 - - [03/Aug/2016:07:12:09 -0700] "GET /css/bootstrap.min.css HTTP/1.1" 304 - "http://www.saveaslave.com/article.php?id=32" "Mozilla/5.0 (iPhone; CPU iPhone OS 9_3_2 like Mac OS X) AppleWebKit/601.1.46 (KHTML, like Gecko) Version/9.0 Mobile/13F69 Safari/601.1" "www.saveaslave.com"[0]
107.77.100.29 - - [03/Aug/2016:07:12:09 -0700] "GET /css/elements.css HTTP/1.1" 200 17857 "http://www.saveaslave.com/article.php?id=32" "Mozilla/5.0 (iPhone; CPU iPhone OS 9_3_2 like Mac OS X) AppleWebKit/601.1.46 (KHTML, like Gecko) Version/9.0 Mobile/13F69 Safari/601.1" "www.saveaslave.com"
107.77.100.29 - - [03/Aug/2016:07:12:09 -0700] "GET /css/style-pages.css HTTP/1.1" 200 9894 "http://www.saveaslave.com/article.php?id=32" "Mozilla/5.0 (iPhone; CPU iPhone OS 9_3_2 like Mac OS X) AppleWebKit/601.1.46 (KHTML, like Gecko) Version/9.0 Mobile/13F69 Safari/601.1" "www.saveaslave.com"
107.77.100.29 - - [03/Aug/2016:07:12:09 -0700] "GET /assets/js/ie-emulation-modes-warning.js HTTP/1.1" 200 2130 "http://www.saveaslave.com/article.php?id=32" "Mozilla/5.0 (iPhone; CPU iPhone OS 9_3_2 like Mac OS X) AppleWebKit/601.1.46 (KHTML, like Gecko) Version/9.0 Mobile/13F69 Safari/601.1" "www.saveaslave.com"
107.77.100.29 - - [03/Aug/2016:07:12:09 -0700] "GET /gfeedfetcher.js HTTP/1.1" 200 9018 "http://www.saveaslave.com/article.php?id=32" "Mozilla/5.0 (iPhone; CPU iPhone OS 9_3_2 like Mac OS X) AppleWebKit/601.1.46 (KHTML, like Gecko) Version/9.0 Mobile/13F69 Safari/601.1" "www.saveaslave.com"[0]
107.77.100.29 - - [03/Aug/2016:07:12:09 -0700] "GET /gajaxscroller.js HTTP/1.1" 200 9774 "http://www.saveaslave.com/article.php?id=32" "Mozilla/5.0 (iPhone; CPU iPhone OS 9_3_2 like Mac OS X) AppleWebKit/601.1.46 (KHTML, like Gecko) Version/9.0 Mobile/13F69 Safari/601.1" "www.saveaslave.com"
107.77.100.29 - - [03/Aug/2016:07:12:09 -0700] "GET /images/logo2.png HTTP/1.1" 200 18525 "http://www.saveaslave.com/article.php?id=32" "Mozilla/5.0 (iPhone; CPU iPhone OS 9_3_2 like Mac OS X) AppleWebKit/601.1.46 (KHTML, like Gecko) Version/9.0 Mobile/13F69 Safari/601.1" "www.saveaslave.com"
107.77.100.29 - - [03/Aug/2016:07:12:09 -0700] "GET /images/social1.png HTTP/1.1" 200 2012 "http://www.saveaslave.com/article.php?id=32" "Mozilla/5.0 (iPhone; CPU iPhone OS 9_3_2 like Mac OS X) AppleWebKit/601.1.46 (KHTML, like Gecko) Version/9.0 Mobile/13F69 Safari/601.1" "www.saveaslave.com"
107.77.100.29 - - [03/Aug/2016:07:12:09 -0700] "GET /assets/js/ie10-viewport-bug-workaround.js HTTP/1.1" 200 641 "http://www.saveaslave.com/article.php?id=32" "Mozilla/5.0 (iPhone; CPU iPhone OS 9_3_2 like Mac OS X) AppleWebKit/601.1.46 (KHTML, like Gecko) Version/9.0 Mobile/13F69 Safari/601.1" "www.saveaslave.com"
107.77.100.29 - - [03/Aug/2016:07:12:09 -0700] "GET /images/social2.png HTTP/1.1" 200 1752 "http://www.saveaslave.com/article.php?id=32" "Mozilla/5.0 (iPhone; CPU iPhone OS 9_3_2 like Mac OS X) AppleWebKit/601.1.46 (KHTML, like Gecko) Version/9.0 Mobile/13F69 Safari/601.1" "www.saveaslave.com"
107.77.100.29 - - [03/Aug/2016:07:12:09 -0700] "GET /images/social3.png HTTP/1.1" 200 4343 "http://www.saveaslave.com/article.php?id=32" "Mozilla/5.0 (iPhone; CPU iPhone OS 9_3_2 like Mac OS X) AppleWebKit/601.1.46 (KHTML, like Gecko) Version/9.0 Mobile/13F69 Safari/601.1" "www.saveaslave.com"
107.77.100.29 - - [03/Aug/2016:07:12:09 -0700] "GET /js/bootstrap.min.js HTTP/1.1" 200 37055 "http://www.saveaslave.com/article.php?id=32" "Mozilla/5.0 (iPhone; CPU iPhone OS 9_3_2 like Mac OS X) AppleWebKit/601.1.46 (KHTML, like Gecko) Version/9.0 Mobile/13F69 Safari/601.1" "www.saveaslave.com"
107.77.100.29 - - [03/Aug/2016:07:12:10 -0700] "GET /images/select-arrow.png HTTP/1.1" 200 1118 "http://www.saveaslave.com/article.php?id=32" "Mozilla/5.0 (iPhone; CPU iPhone OS 9_3_2 like Mac OS X) AppleWebKit/601.1.46 (KHTML, like Gecko) Version/9.0 Mobile/13F69 Safari/601.1" "www.saveaslave.com"
107.77.100.29 - - [03/Aug/2016:07:12:11 -0700] "GET /indicator.gif HTTP/1.1" 200 878 "http://www.saveaslave.com/article.php?id=32" "Mozilla/5.0 (iPhone; CPU iPhone OS 9_3_2 like Mac OS X) AppleWebKit/601.1.46 (KHTML, like Gecko) Version/9.0 Mobile/13F69 Safari/601.1" "www.saveaslave.com"
107.77.100.29 - - [03/Aug/2016:07:12:12 -0700] "GET /addarticle.php HTTP/1.1" 200 13682 "http://www.saveaslave.com/article.php?id=32" "Mozilla/5.0 (iPhone; CPU iPhone OS 9_3_2 like Mac OS X) AppleWebKit/601.1.46 (KHTML, like Gecko) Version/9.0 Mobile/13F69 Safari/601.1" "www.saveaslave.com"
178.255.87.242 - - [03/Aug/2016:07:26:25 -0700] "HEAD /robots.txt HTTP/1.1" 200 0 "-" "COMODO SSL Checker" "saveaslave.com"
46.119.118.165 - - [03/Aug/2016:07:56:56 -0700] "GET / HTTP/1.1" 200 89941 "http://ryazan.xrus.org/" "Mozilla/3.0 (compatible; WebCapture 2.0; Auto; Windows)" "saveaslave.com"
46.119.118.165 - - [03/Aug/2016:07:56:56 -0700] "GET / HTTP/1.1" 200 89941 "http://ryazan.xrus.org/" "Mozilla/3.0 (compatible; WebCapture 2.0; Auto; Windows)" "saveaslave.com"
46.119.118.165 - - [03/Aug/2016:07:56:56 -0700] "GET / HTTP/1.1" 200 89941 "http://ryazan.xrus.org/" "Mozilla/3.0 (compatible; WebCapture 2.0; Auto; Windows)" "saveaslave.com"
50.87.144.188 - - [03/Aug/2016:07:59:05 -0700] "POST /wp-checking.php HTTP/1.1" 404 89 "-" "Mozilla/5.0 (Windows NT 6.0; rv:16.0) Gecko/20130722 Firefox/16.0" "saveaslave.com"
50.87.144.188 - - [03/Aug/2016:07:59:06 -0700] "POST /stats.php HTTP/1.1" 404 89 "-" "Mozilla/5.0 (Windows NT 6.0; rv:16.0) Gecko/20130722 Firefox/16.0" "saveaslave.com"
50.87.144.188 - - [03/Aug/2016:07:59:06 -0700] "POST /wp-comments-post.php HTTP/1.1" 404 89 "-" "Mozilla/5.0 (Windows NT 6.0; rv:16.0) Gecko/20130722 Firefox/16.0" "saveaslave.com"[0]
50.87.144.188 - - [03/Aug/2016:07:59:28 -0700] "POST /wp-content/error-log.php HTTP/1.1" 404 89 "-" "Mozilla/5.0 (Windows NT 6.0; rv:16.0) Gecko/20130722 Firefox/16.0" "saveaslave.com"
50.87.144.188 - - [03/Aug/2016:07:59:28 -0700] "POST /wp-activate.php HTTP/1.1" 404 89 "-" "Mozilla/5.0 (Windows NT 6.0; rv:16.0) Gecko/20130722 Firefox/16.0" "saveaslave.com"[0]
50.87.144.188 - - [03/Aug/2016:07:59:28 -0700] "POST /wp-cache.php HTTP/1.1" 404 89 "-" "Mozilla/5.0 (Windows NT 6.0; rv:16.0) Gecko/20130722 Firefox/16.0" "saveaslave.com"
50.87.144.188 - - [03/Aug/2016:07:59:28 -0700] "POST /wp-admin/error-log.php HTTP/1.1" 404 89 "-" "Mozilla/5.0 (Windows NT 6.0; rv:16.0) Gecko/20130722 Firefox/16.0" "saveaslave.com"
50.87.144.188 - - [03/Aug/2016:07:59:30 -0700] "POST /wp-content/themes/THEME/functions.php?liu=qt&fukq=t&RNv=f HTTP/1.1" 404 89 "-" "Mozilla/5.0 (Windows NT 6.0; rv:16.0) Gecko/20130722 Firefox/16.0" "saveaslave.com"[0]
50.87.144.188 - - [03/Aug/2016:07:59:30 -0700] "POST /mko.php HTTP/1.1" 404 89 "-" "Mozilla/5.0 (Windows NT 6.0; rv:16.0) Gecko/20130722 Firefox/16.0" "saveaslave.com"[0]
50.87.144.188 - - [03/Aug/2016:07:59:30 -0700] "POST /wp-content/b374k-2.8.php HTTP/1.1" 404 89 "-" "Mozilla/5.0 (Windows NT 6.0; rv:16.0) Gecko/20130722 Firefox/16.0" "saveaslave.com"
50.87.144.188 - - [03/Aug/2016:07:59:30 -0700] "POST /wp-conff.php HTTP/1.1" 404 89 "-" "Mozilla/5.0 (Windows NT 6.0; rv:16.0) Gecko/20130722 Firefox/16.0" "saveaslave.com"
50.87.144.188 - - [03/Aug/2016:07:59:32 -0700] "POST /wp-includes/error-log.php HTTP/1.1" 404 89 "-" "Mozilla/5.0 (Windows NT 6.0; rv:16.0) Gecko/20130722 Firefox/16.0" "saveaslave.com"
50.87.144.188 - - [03/Aug/2016:07:59:32 -0700] "POST /wp-mail.php HTTP/1.1" 404 89 "-" "Mozilla/5.0 (Windows NT 6.0; rv:16.0) Gecko/20130722 Firefox/16.0" "saveaslave.com"
50.87.144.188 - - [03/Aug/2016:07:59:32 -0700] "POST /wp-signup.php HTTP/1.1" 404 89 "-" "Mozilla/5.0 (Windows NT 6.0; rv:16.0) Gecko/20130722 Firefox/16.0" "saveaslave.com"
50.87.144.188 - - [03/Aug/2016:07:59:32 -0700] "POST /images/error-log.php HTTP/1.1" 404 89 "-" "Mozilla/5.0 (Windows NT 6.0; rv:16.0) Gecko/20130722 Firefox/16.0" "saveaslave.com"
50.87.144.188 - - [03/Aug/2016:07:59:33 -0700] "POST /BirdsRio.php HTTP/1.1" 404 89 "-" "Mozilla/5.0 (Windows NT 6.0; rv:16.0) Gecko/20130722 Firefox/16.0" "saveaslave.com"
50.87.144.188 - - [03/Aug/2016:07:59:34 -0700] "POST /wp-blog-header.php HTTP/1.1" 404 89 "-" "Mozilla/5.0 (Windows NT 6.0; rv:16.0) Gecko/20130722 Firefox/16.0" "saveaslave.com"[0]
50.87.144.188 - - [03/Aug/2016:07:59:34 -0700] "POST /wp-content/login.php?login=cmd HTTP/1.1" 404 89 "-" "Mozilla/5.0 (Windows NT 6.0; rv:16.0) Gecko/20130722 Firefox/16.0" "saveaslave.com"[0]
50.87.144.188 - - [03/Aug/2016:07:59:34 -0700] "POST /wp-load.php HTTP/1.1" 404 89 "-" "Mozilla/5.0 (Windows NT 6.0; rv:16.0) Gecko/20130722 Firefox/16.0" "saveaslave.com"
50.87.144.188 - - [03/Aug/2016:07:59:35 -0700] "POST /wp-includes/login.php?login=cmd HTTP/1.1" 404 89 "-" "Mozilla/5.0 (Windows NT 6.0; rv:16.0) Gecko/20130722 Firefox/16.0" "saveaslave.com"[0]
50.87.144.188 - - [03/Aug/2016:07:59:35 -0700] "POST /septii.php HTTP/1.1" 404 89 "-" "Mozilla/5.0 (Windows NT 6.0; rv:16.0) Gecko/20130722 Firefox/16.0" "saveaslave.com"[0]
50.87.144.188 - - [03/Aug/2016:07:59:35 -0700] "POST /wp-content/_hash.php HTTP/1.1" 404 89 "-" "Mozilla/5.0 (Windows NT 6.0; rv:16.0) Gecko/20130722 Firefox/16.0" "saveaslave.com"[0]
50.87.144.188 - - [03/Aug/2016:07:59:35 -0700] "POST /wp-content/plugins/BirdsRio.php HTTP/1.1" 404 89 "-" "Mozilla/5.0 (Windows NT 6.0; rv:16.0) Gecko/20130722 Firefox/16.0" "saveaslave.com"[0]
50.87.144.188 - - [03/Aug/2016:07:59:35 -0700] "POST /error-log.php HTTP/1.1" 404 89 "-" "Mozilla/5.0 (Windows NT 6.0; rv:16.0) Gecko/20130722 Firefox/16.0" "saveaslave.com"
50.87.144.188 - - [03/Aug/2016:07:59:35 -0700] "POST /tmp.php HTTP/1.1" 404 89 "-" "Mozilla/5.0 (Windows NT 6.0; rv:16.0) Gecko/20130722 Firefox/16.0" "saveaslave.com"
50.87.144.188 - - [03/Aug/2016:07:59:36 -0700] "POST /upgrade-network.php HTTP/1.1" 404 89 "-" "Mozilla/5.0 (Windows NT 6.0; rv:16.0) Gecko/20130722 Firefox/16.0" "saveaslave.com"[0]
50.87.144.188 - - [03/Aug/2016:07:59:36 -0700] "POST /xmlrpc-activate.php HTTP/1.1" 404 89 "-" "Mozilla/5.0 (Windows NT 6.0; rv:16.0) Gecko/20130722 Firefox/16.0" "saveaslave.com"
100.43.81.153 - - [03/Aug/2016:08:20:53 -0700] "GET / HTTP/1.1" 200 89977 "-" "Mozilla/5.0 (compatible; YandexBot/3.0; +http://yandex.com/bots)" "www.saveaslave.com"
54.213.213.41 - - [03/Aug/2016:09:16:20 -0700] "GET / HTTP/1.1" 200 89977 "-" "Apache-HttpClient/4.5.1 (Java/1.8.0_91)" "saveaslave.com"
208.115.111.70 - - [03/Aug/2016:09:23:49 -0700] "GET /robots.txt HTTP/1.1" 200 48 "-" "Mozilla/5.0 (compatible; DotBot/1.1; http://www.opensiteexplorer.org/dotbot, help@moz.com)" "www.saveaslave.com"
54.191.233.84 - - [03/Aug/2016:09:23:58 -0700] "GET / HTTP/1.1" 200 89977 "-" "Apache-HttpClient/4.5.1 (Java/1.8.0_91)" "saveaslave.com"
207.46.13.72 - - [03/Aug/2016:09:51:07 -0700] "GET /robots.txt HTTP/1.1" 200 48 "-" "Mozilla/5.0 (compatible; bingbot/2.0; +http://www.bing.com/bingbot.htm)" "saveaslave.com"
207.46.13.72 - - [03/Aug/2016:10:02:24 -0700] "GET /contact-usr.php HTTP/1.1" 200 19817 "-" "Mozilla/5.0 (compatible; bingbot/2.0; +http://www.bing.com/bingbot.htm)" "saveaslave.com"[1]
198.240.100.218 - - [03/Aug/2016:10:04:36 -0700] "GET /addarticle.php HTTP/1.1" 200 13718 "-" "=Mozilla/5.0 (Windows; U; Windows NT 6.1; en-US) AppleWebKit/534.16 (KHTML, like Gecko) Chrome/10.0.648.204 Safari/534.16" "saveaslave.com"[0]
46.119.112.23 - - [03/Aug/2016:10:05:19 -0700] "GET /robots.txt HTTP/1.1" 200 48 "-" "Mozilla/5.0 (Windows NT 10.0; WOW64) AppleWebKit/537.36 (KHTML, like Gecko) Chrome/49.0.2623.75 Safari/537.36 OPR/36.0.2130.32" "www.saveaslave.com"
46.119.112.23 - - [03/Aug/2016:10:05:20 -0700] "GET / HTTP/1.1" 200 89977 "-" "Mozilla/5.0 (Windows NT 10.0; WOW64) AppleWebKit/537.36 (KHTML, like Gecko) Chrome/49.0.2623.75 Safari/537.36 OPR/36.0.2130.32" "www.saveaslave.com"
46.119.112.23 - - [03/Aug/2016:10:05:21 -0700] "GET /xmlrpc.php?rsd HTTP/1.1" 200 73 "-" "Mozilla/5.0 (Windows NT 10.0; WOW64) AppleWebKit/537.36 (KHTML, like Gecko) Chrome/49.0.2623.75 Safari/537.36 OPR/36.0.2130.32" "www.saveaslave.com"
46.119.112.23 - - [03/Aug/2016:10:05:21 -0700] "GET /blog/ HTTP/1.1" 404 89 "-" "Mozilla/5.0 (Windows NT 10.0; WOW64) AppleWebKit/537.36 (KHTML, like Gecko) Chrome/49.0.2623.75 Safari/537.36 OPR/36.0.2130.32" "www.saveaslave.com"[0]
46.119.112.23 - - [03/Aug/2016:10:05:21 -0700] "GET /wordpress/ HTTP/1.1" 404 89 "-" "Mozilla/5.0 (Windows NT 10.0; WOW64) AppleWebKit/537.36 (KHTML, like Gecko) Chrome/49.0.2623.75 Safari/537.36 OPR/36.0.2130.32" "www.saveaslave.com"
46.119.112.23 - - [03/Aug/2016:10:05:21 -0700] "GET /wp/ HTTP/1.1" 404 89 "-" "Mozilla/5.0 (Windows NT 10.0; WOW64) AppleWebKit/537.36 (KHTML, like Gecko) Chrome/49.0.2623.75 Safari/537.36 OPR/36.0.2130.32" "www.saveaslave.com"[0]
180.76.15.144 - - [03/Aug/2016:10:10:10 -0700] "GET / HTTP/1.1" 200 89977 "-" "Mozilla/5.0 (compatible; Baiduspider/2.0; +http://www.baidu.com/search/spider.html)" "saveaslave.com"
176.31.229.211 - - [03/Aug/2016:10:28:46 -0700] "GET / HTTP/1.1" 200 89977 "-" "Mozilla/5.0 (Windows NT 6.1; WOW64; rv:47.0) Gecko/20100101 Firefox/47.0" "saveaslave.com"
162.210.196.130 - - [03/Aug/2016:10:30:20 -0700] "GET /robots.txt HTTP/1.1" 200 48 "-" "Mozilla/5.0 (compatible; MJ12bot/v1.4.5; http://www.majestic12.co.uk/bot.php?+)" "saveaslave.com"
5.9.85.4 - - [03/Aug/2016:10:41:33 -0700] "GET /articles/slavetrafficking.html HTTP/1.1" 404 89 "-" "Mozilla/5.0 (compatible; MJ12bot/v1.4.5; http://www.majestic12.co.uk/bot.php?+)" "www.saveaslave.com"
180.76.15.161 - - [03/Aug/2016:11:15:14 -0700] "GET /images/countrymap/?S=A HTTP/1.1" 200 108242 "-" "Mozilla/5.0 (compatible; Baiduspider/2.0; +http://www.baidu.com/search/spider.html)" "www.saveaslave.com"
85.25.210.234 - - [03/Aug/2016:11:22:58 -0700] "GET /robots.txt HTTP/1.1" 200 48 "-" "Mozilla/5.0 (compatible; seoscanners.net/1; +spider@seoscanners.net)" "saveaslave.com"
162.210.196.129 - - [03/Aug/2016:11:34:45 -0700] "GET /robots.txt HTTP/1.1" 200 48 "-" "Mozilla/5.0 (compatible; MJ12bot/v1.4.5; http://www.majestic12.co.uk/bot.php?+)" "saveaslave.com"
162.210.196.129 - - [03/Aug/2016:11:34:47 -0700] "GET / HTTP/1.1" 200 89977 "-" "Mozilla/5.0 (compatible; MJ12bot/v1.4.5; http://www.majestic12.co.uk/bot.php?+)" "saveaslave.com"
208.115.113.86 - - [03/Aug/2016:11:53:24 -0700] "GET /seychelles.html HTTP/1.1" 404 89 "-" "Mozilla/5.0 (compatible; DotBot/1.1; http://www.opensiteexplorer.org/dotbot, help@moz.com)" "www.saveaslave.com"
141.8.143.176 - - [03/Aug/2016:12:13:08 -0700] "GET /ico/apple-icon-144x144.png HTTP/1.1" 200 7775 "-" "Mozilla/5.0 (compatible; YandexBot/3.0; +http://yandex.com/bots)" "www.saveaslave.com"
