138.197.73.85 - - [05/Jun/2017:02:51:14 -0700] "GET /who-we-are.php HTTP/1.1" 200 51669 "http://www.saveaslave.com" "Mozilla/5.0 (Windows NT 6.3; WOW64) AppleWebKit/537.36 (KHTML, like Gecko) Chrome/34.0.1847.131 Safari/537.36" "www.saveaslave.com"
138.197.73.85 - - [05/Jun/2017:02:51:14 -0700] "GET /disclaimer.php HTTP/1.1" 200 48726 "http://www.saveaslave.com" "Mozilla/5.0 (Windows NT 6.1; WOW64; rv:28.0) Gecko/20100101 Firefox/28.0" "www.saveaslave.com"
138.197.73.85 - - [05/Jun/2017:02:51:14 -0700] "GET /article.php?id=117 HTTP/1.1" 200 48065 "http://www.saveaslave.com" "Mozilla/5.0 (compatible; MSIE 10.0; Windows NT 6.1; WOW64; Trident/6.0)" "www.saveaslave.com"
138.197.73.85 - - [05/Jun/2017:02:51:14 -0700] "GET /article.php?id=86 HTTP/1.1" 200 44834 "http://www.saveaslave.com" "Mozilla/5.0 (Windows NT 6.1; WOW64) AppleWebKit/537.36 (KHTML, like Gecko) Chrome/34.0.1847.137 Safari/537.36" "www.saveaslave.com"
138.197.73.85 - - [05/Jun/2017:02:51:14 -0700] "GET /index.php HTTP/1.1" 200 88244 "http://www.saveaslave.com" "Mozilla/5.0 (Windows NT 6.1; rv:28.0) Gecko/20100101 Firefox/28.0" "www.saveaslave.com"[1]
138.197.73.85 - - [05/Jun/2017:02:51:14 -0700] "GET /article.php?id=114 HTTP/1.1" 200 44774 "http://www.saveaslave.com" "Mozilla/5.0 (Macintosh; Intel Mac OS X 10_9_3) AppleWebKit/537.36 (KHTML, like Gecko) Chrome/35.0.1916.114 Safari/537.36" "www.saveaslave.com"
138.197.73.85 - - [05/Jun/2017:02:51:14 -0700] "GET /our-news.php HTTP/1.1" 200 68977 "http://www.saveaslave.com" "Mozilla/5.0 (compatible; MSIE 9.0; Windows NT 6.1; WOW64; Trident/5.0)" "www.saveaslave.com"[1]
138.197.73.85 - - [05/Jun/2017:02:51:14 -0700] "GET /contact-us.php HTTP/1.1" 200 30765 "http://www.saveaslave.com" "Mozilla/5.0 (Macintosh; Intel Mac OS X 10_9_2) AppleWebKit/537.75.14 (KHTML, like Gecko) Version/7.0.3 Safari/537.75.14" "www.saveaslave.com"[1]
138.197.73.85 - - [05/Jun/2017:02:51:14 -0700] "GET /in-russian.php?lang=ru HTTP/1.1" 200 92449 "http://saveaslave.com" "Mozilla/5.0 (Windows NT 6.1; WOW64) AppleWebKit/537.36 (KHTML, like Gecko) Chrome/34.0.1847.137 Safari/537.36" "saveaslave.com"[1]
46.165.197.142 - - [05/Jun/2017:03:13:39 -0700] "GET /robots.txt HTTP/1.1" 200 48 "-" "Mozilla/5.0 (compatible; MJ12bot/v1.4.8; http://mj12bot.com/)" "saveaslave.com"
46.165.197.142 - - [05/Jun/2017:03:13:49 -0700] "GET / HTTP/1.1" 200 88280 "-" "Mozilla/5.0 (compatible; MJ12bot/v1.4.8; http://mj12bot.com/)" "saveaslave.com"[1]
46.165.197.142 - - [05/Jun/2017:03:13:50 -0700] "GET /robots.txt HTTP/1.1" 200 48 "-" "Mozilla/5.0 (compatible; MJ12bot/v1.4.8; http://mj12bot.com/)" "www.saveaslave.com"
46.165.197.142 - - [05/Jun/2017:03:13:52 -0700] "GET / HTTP/1.1" 200 88280 "-" "Mozilla/5.0 (compatible; MJ12bot/v1.4.8; http://mj12bot.com/)" "www.saveaslave.com"[0]
65.36.241.48 - - [05/Jun/2017:03:22:07 -0700] "HEAD / HTTP/1.1" 200 0 "-" "InternetSeer.com" "www.saveaslave.com"
185.188.182.230 - - [05/Jun/2017:03:32:38 -0700] "GET / HTTP/1.1" 200 88280 "-" "Mozilla/5.0 (X11; Ubuntu; Linux i686 on x86_64; rv:51.0) Gecko/20100101 Firefox/51.0" "saveaslave.com"[1]
206.41.183.47 - - [05/Jun/2017:03:41:29 -0700] "GET / HTTP/1.1" 200 88280 "-" "=Mozilla/5.0 (Windows; U; Windows NT 6.1; en-US) AppleWebKit/534.16 (KHTML, like Gecko) Chrome/10.0.648.204 Safari/534.16" "saveaslave.com"
157.55.39.152 - - [05/Jun/2017:04:04:52 -0700] "GET /article.php?id=117 HTTP/1.1" 200 48101 "-" "Mozilla/5.0 (compatible; bingbot/2.0; +http://www.bing.com/bingbot.htm)" "saveaslave.com"[1]
141.8.143.156 - - [05/Jun/2017:04:16:36 -0700] "GET /robots.txt HTTP/1.1" 200 48 "-" "Mozilla/5.0 (compatible; YandexBot/3.0; +http://yandex.com/bots)" "saveaslave.com"[0]
84.201.133.58 - - [05/Jun/2017:04:16:45 -0700] "GET /images/article/article7b.jpg HTTP/1.1" 200 42617 "-" "Mozilla/5.0 (compatible; YandexImages/3.0; +http://yandex.com/bots)" "saveaslave.com"
65.36.241.48 - - [05/Jun/2017:04:28:35 -0700] "HEAD / HTTP/1.1" 200 0 "-" "InternetSeer.com" "www.saveaslave.com"
217.182.132.56 - - [05/Jun/2017:04:29:14 -0700] "GET /www.southasiannetwork.org HTTP/1.1" 404 89 "-" "Mozilla/5.0 (compatible; AhrefsBot/5.2; +http://ahrefs.com/robot/)" "saveaslave.com"
141.8.143.240 - - [05/Jun/2017:04:47:36 -0700] "GET /ico/apple-icon-76x76.png HTTP/1.1" 200 3414 "-" "Mozilla/5.0 (compatible; YandexBot/3.0; +http://yandex.com/bots)" "saveaslave.com"
141.8.143.240 - - [05/Jun/2017:04:57:19 -0700] "GET /images/help/help_login.jpg HTTP/1.1" 200 18241 "-" "Mozilla/5.0 (compatible; YandexImages/3.0; +http://yandex.com/bots)" "saveaslave.com"
193.144.37.32 - - [05/Jun/2017:05:15:58 -0700] "GET /images/supporters/logo_endslaverynow.png HTTP/1.1" 200 27566 "https://www.google.es/" "Mozilla/5.0 (X11; Linux x86_64) AppleWebKit/537.36 (KHTML, like Gecko) Chrome/58.0.3029.81 Safari/537.36" "www.saveaslave.com"
5.150.97.211 - - [05/Jun/2017:05:21:10 -0700] "GET /images/top.jpg HTTP/1.1" 200 50519 "-" "Mozilla/5.0 (Windows NT 6.1; Trident/7.0; rv:11.0) like Gecko" "www.saveaslave.com"
65.36.241.48 - - [05/Jun/2017:05:54:27 -0700] "HEAD / HTTP/1.1" 200 0 "-" "InternetSeer.com" "www.saveaslave.com"
217.182.132.23 - - [05/Jun/2017:06:34:58 -0700] "GET /article.php?id=5 HTTP/1.1" 200 47476 "-" "Mozilla/5.0 (compatible; AhrefsBot/5.2; +http://ahrefs.com/robot/)" "saveaslave.com"
84.201.133.29 - - [05/Jun/2017:06:40:44 -0700] "GET /images/article/article4a.png HTTP/1.1" 200 155219 "-" "Mozilla/5.0 (compatible; YandexImages/3.0; +http://yandex.com/bots)" "saveaslave.com"
164.132.161.61 - - [05/Jun/2017:06:43:41 -0700] "GET /article.php?id=6 HTTP/1.1" 200 48451 "-" "Mozilla/5.0 (compatible; AhrefsBot/5.2; +http://ahrefs.com/robot/)" "www.saveaslave.com"[1]
51.255.65.51 - - [05/Jun/2017:06:48:13 -0700] "GET /western-sahara.html HTTP/1.1" 404 89 "-" "Mozilla/5.0 (compatible; AhrefsBot/5.2; +http://ahrefs.com/robot/)" "saveaslave.com"
83.57.78.13 - - [05/Jun/2017:06:54:11 -0700] "GET /images/supporters/logo_endslaverynow.png HTTP/1.1" 200 27566 "https://www.google.es/" "Mozilla/5.0 (Windows NT 10.0; Win64; x64) AppleWebKit/537.36 (KHTML, like Gecko) Chrome/53.0.2785.89 Safari/537.36" "www.saveaslave.com"
65.36.241.48 - - [05/Jun/2017:07:04:38 -0700] "HEAD / HTTP/1.1" 200 0 "-" "InternetSeer.com" "www.saveaslave.com"
172.242.72.198 - - [05/Jun/2017:07:15:56 -0700] "GET / HTTP/1.1" 200 88280 "-" "Mozilla/5.0 (Windows NT 10.0; WOW64; Trident/7.0; SMJB; rv:11.0) like Gecko" "www.saveaslave.com"
172.242.72.198 - - [05/Jun/2017:07:15:56 -0700] "GET /favicon.ico HTTP/1.1" 404 89 "http://www.saveaslave.com/" "Mozilla/5.0 (Windows NT 10.0; WOW64; Trident/7.0; SMJB; rv:11.0) like Gecko" "www.saveaslave.com"
172.242.72.198 - - [05/Jun/2017:07:15:57 -0700] "GET /gfeedfetcher.js HTTP/1.1" 200 9018 "http://www.saveaslave.com/" "Mozilla/5.0 (Windows NT 10.0; WOW64; Trident/7.0; SMJB; rv:11.0) like Gecko" "www.saveaslave.com"
172.242.72.198 - - [05/Jun/2017:07:15:57 -0700] "GET /gajaxscroller.js HTTP/1.1" 200 9774 "http://www.saveaslave.com/" "Mozilla/5.0 (Windows NT 10.0; WOW64; Trident/7.0; SMJB; rv:11.0) like Gecko" "www.saveaslave.com"
172.242.72.198 - - [05/Jun/2017:07:15:57 -0700] "GET /ico/android-icon-192x192.png HTTP/1.1" 200 10097 "http://www.saveaslave.com/" "Mozilla/5.0 (Windows NT 10.0; WOW64; Trident/7.0; SMJB; rv:11.0) like Gecko" "www.saveaslave.com"
172.242.72.198 - - [05/Jun/2017:07:15:57 -0700] "GET /css/elements.css HTTP/1.1" 200 17857 "http://www.saveaslave.com/" "Mozilla/5.0 (Windows NT 10.0; WOW64; Trident/7.0; SMJB; rv:11.0) like Gecko" "www.saveaslave.com"
172.242.72.198 - - [05/Jun/2017:07:15:57 -0700] "GET /css/bootstrap.min.css HTTP/1.1" 200 123578 "http://www.saveaslave.com/" "Mozilla/5.0 (Windows NT 10.0; WOW64; Trident/7.0; SMJB; rv:11.0) like Gecko" "www.saveaslave.com"
172.242.72.198 - - [05/Jun/2017:07:15:57 -0700] "GET /assets/js/ie10-viewport-bug-workaround.js HTTP/1.1" 200 641 "http://www.saveaslave.com/" "Mozilla/5.0 (Windows NT 10.0; WOW64; Trident/7.0; SMJB; rv:11.0) like Gecko" "www.saveaslave.com"
172.242.72.198 - - [05/Jun/2017:07:15:57 -0700] "GET /css/style-pages.css HTTP/1.1" 200 9894 "http://www.saveaslave.com/" "Mozilla/5.0 (Windows NT 10.0; WOW64; Trident/7.0; SMJB; rv:11.0) like Gecko" "www.saveaslave.com"
172.242.72.198 - - [05/Jun/2017:07:15:57 -0700] "GET /https:/www.jscache.com/wejs?wtype=socialButtonIcon&uniq=198&locationId=54470&color=green&size=sm&lang=en_US&display_version=2 HTTP/1.1" 404 89 "http://www.saveaslave.com/" "Mozilla/5.0 (Windows NT 10.0; WOW64; Trident/7.0; SMJB; rv:11.0) like Gecko" "www.saveaslave.com"
172.242.72.198 - - [05/Jun/2017:07:15:57 -0700] "GET /js/bootstrap.min.js HTTP/1.1" 200 37055 "http://www.saveaslave.com/" "Mozilla/5.0 (Windows NT 10.0; WOW64; Trident/7.0; SMJB; rv:11.0) like Gecko" "www.saveaslave.com"
172.242.72.198 - - [05/Jun/2017:07:15:57 -0700] "GET /css/down-arrow.png HTTP/1.1" 404 89 "http://www.saveaslave.com/css/elements.css" "Mozilla/5.0 (Windows NT 10.0; WOW64; Trident/7.0; SMJB; rv:11.0) like Gecko" "www.saveaslave.com"
172.242.72.198 - - [05/Jun/2017:07:15:57 -0700] "GET /fonts/glyphicons-halflings-regular.woff2 HTTP/1.1" 200 18028 "http://www.saveaslave.com/css/bootstrap.min.css" "Mozilla/5.0 (Windows NT 10.0; WOW64; Trident/7.0; SMJB; rv:11.0) like Gecko" "www.saveaslave.com"
172.242.72.198 - - [05/Jun/2017:07:16:11 -0700] "GET /css/down-arrow.png HTTP/1.1" 404 89 "http://www.saveaslave.com/" "Mozilla/5.0 (Windows NT 10.0; WOW64; Trident/7.0; SMJB; rv:11.0) like Gecko" "www.saveaslave.com"
51.255.65.85 - - [05/Jun/2017:07:31:11 -0700] "GET /www.fairfund.org HTTP/1.1" 404 89 "-" "Mozilla/5.0 (compatible; AhrefsBot/5.2; +http://ahrefs.com/robot/)" "www.saveaslave.com"
216.244.66.250 - - [05/Jun/2017:07:48:21 -0700] "GET /robots.txt HTTP/1.1" 200 48 "-" "Mozilla/5.0 (compatible; DotBot/1.1; http://www.opensiteexplorer.org/dotbot, help@moz.com)" "saveaslave.com"
216.244.66.250 - - [05/Jun/2017:07:48:21 -0700] "GET /robots.txt HTTP/1.1" 200 48 "-" "Mozilla/5.0 (compatible; DotBot/1.1; http://www.opensiteexplorer.org/dotbot, help@moz.com)" "www.saveaslave.com"
54.243.143.219 - - [05/Jun/2017:07:56:41 -0700] "HEAD /?tpl=hospitals&Itemid=11&countrycode=us HTTP/1.1" 200 0 "-" "Mozilla/5.0 (Windows; U; Windows NT 5.1; en-US; rv:1.7.5) Gecko/20041107 Firefox/1.0" "www.saveaslave.com"
54.243.143.219 - - [05/Jun/2017:07:56:42 -0700] "GET /?tpl=hospitals&Itemid=11&countrycode=us HTTP/1.1" 200 88280 "-" "Mozilla/5.0 (Windows; U; Windows NT 5.1; en-US; rv:1.7.5) Gecko/20041107 Firefox/1.0" "www.saveaslave.com"
54.243.143.219 - - [05/Jun/2017:07:56:42 -0700] "GET /robots.txt HTTP/1.1" 200 48 "-" "Mozilla/5.0 (compatible; MSIE 9.0; Windows NT 6.1; WOW64; Trident/5.0)" "www.saveaslave.com"
65.36.241.48 - - [05/Jun/2017:08:10:51 -0700] "HEAD /?tpl=references&Itemid=3 HTTP/1.1" 200 0 "-" "InternetSeer.com" "www.saveaslave.com"
216.244.66.250 - - [05/Jun/2017:08:38:32 -0700] "GET /contact-us.php HTTP/1.1" 200 30765 "-" "Mozilla/5.0 (compatible; DotBot/1.1; http://www.opensiteexplorer.org/dotbot, help@moz.com)" "saveaslave.com"
216.244.66.250 - - [05/Jun/2017:08:39:05 -0700] "GET /managearticle.php HTTP/1.1" 200 1294 "-" "Mozilla/5.0 (compatible; DotBot/1.1; http://www.opensiteexplorer.org/dotbot, help@moz.com)" "www.saveaslave.com"
84.201.133.29 - - [05/Jun/2017:09:07:34 -0700] "GET /images/article/traffick_diagram.png HTTP/1.1" 200 22048 "-" "Mozilla/5.0 (compatible; YandexImages/3.0; +http://yandex.com/bots)" "saveaslave.com"[0]
66.249.69.67 - - [05/Jun/2017:09:12:09 -0700] "GET /italy HTTP/1.1" 404 89 "-" "Mozilla/5.0 (compatible; Googlebot/2.1; +http://www.google.com/bot.html)" "saveaslave.com"[0]
164.132.161.16 - - [05/Jun/2017:09:23:37 -0700] "GET /www.layn.org HTTP/1.1" 404 89 "-" "Mozilla/5.0 (compatible; AhrefsBot/5.2; +http://ahrefs.com/robot/)" "saveaslave.com"
37.14.48.5 - - [05/Jun/2017:09:26:37 -0700] "GET /images/supporters/logo_endslaverynow.png HTTP/1.1" 200 27566 "https://www.google.es/" "Mozilla/5.0 (Windows NT 10.0; Win64; x64) AppleWebKit/537.36 (KHTML, like Gecko) Chrome/58.0.3029.110 Safari/537.36" "www.saveaslave.com"[0]
216.244.66.198 - - [05/Jun/2017:10:13:45 -0700] "GET /robots.txt HTTP/1.1" 200 48 "-" "Mozilla/5.0 (compatible; DotBot/1.1; http://www.opensiteexplorer.org/dotbot, help@moz.com)" "saveaslave.com"
65.36.241.48 - - [05/Jun/2017:10:45:57 -0700] "HEAD / HTTP/1.1" 200 0 "-" "InternetSeer.com" "www.saveaslave.com"
164.132.161.77 - - [05/Jun/2017:10:54:41 -0700] "GET /www.casa-alianzamexico.org HTTP/1.1" 404 89 "-" "Mozilla/5.0 (compatible; AhrefsBot/5.2; +http://ahrefs.com/robot/)" "www.saveaslave.com"
34.207.107.82 - - [05/Jun/2017:11:00:01 -0700] "GET / HTTP/1.1" 200 88280 "-" "-" "saveaslave.com"
216.244.66.198 - - [05/Jun/2017:11:01:59 -0700] "GET /https:/www.tripadvisor.com/Tourism-g54470-Travelers_Rest_South_Carolina-Vacations.html HTTP/1.1" 404 89 "-" "Mozilla/5.0 (compatible; DotBot/1.1; http://www.opensiteexplorer.org/dotbot, help@moz.com)" "saveaslave.com"
186.17.188.50 - - [05/Jun/2017:11:45:33 -0700] "GET /images/article/ddccfaac_s.jpg HTTP/1.1" 200 12086 "https://www.google.com.py/" "Mozilla/5.0 (Windows NT 6.1; Win64; x64) AppleWebKit/537.36 (KHTML, like Gecko) Chrome/58.0.3029.110 Safari/537.36" "saveaslave.com"
190.78.132.191 - - [05/Jun/2017:11:55:54 -0700] "GET /wp-login.php HTTP/1.1" 200 73 "-" "Mozilla/5.0 (Windows NT 6.1; WOW64; rv:40.0) Gecko/20100101 Firefox/40.1" "www.saveaslave.com"
190.78.132.191 - - [05/Jun/2017:11:55:55 -0700] "GET / HTTP/1.1" 200 88280 "-" "Mozilla/5.0 (Windows NT 6.1; WOW64; rv:40.0) Gecko/20100101 Firefox/40.1" "www.saveaslave.com"
190.78.132.191 - - [05/Jun/2017:11:59:57 -0700] "GET /wp-login.php HTTP/1.1" 200 73 "-" "Mozilla/5.0 (Windows NT 6.1; WOW64; rv:40.0) Gecko/20100101 Firefox/40.1" "saveaslave.com"[0]
51.255.71.118 - - [05/Jun/2017:12:07:59 -0700] "GET /www.ucclb.org HTTP/1.1" 404 89 "-" "Mozilla/5.0 (compatible; AhrefsBot/5.2; +http://ahrefs.com/robot/)" "www.saveaslave.com"
51.255.71.133 - - [05/Jun/2017:12:26:23 -0700] "GET /benin.html HTTP/1.1" 404 89 "-" "Mozilla/5.0 (compatible; AhrefsBot/5.2; +http://ahrefs.com/robot/)" "www.saveaslave.com"
157.55.39.152 - - [05/Jun/2017:12:52:47 -0700] "GET /index.php HTTP/1.1" 200 88280 "-" "Mozilla/5.0 (compatible; bingbot/2.0; +http://www.bing.com/bingbot.htm)" "saveaslave.com"[2]
216.244.66.198 - - [05/Jun/2017:12:58:58 -0700] "GET /robots.txt HTTP/1.1" 200 48 "-" "Mozilla/5.0 (compatible; DotBot/1.1; http://www.opensiteexplorer.org/dotbot, help@moz.com)" "www.saveaslave.com"
5.255.250.59 - - [05/Jun/2017:13:17:56 -0700] "GET /www.lafla.org HTTP/1.1" 404 89 "-" "Mozilla/5.0 (compatible; YandexBot/3.0; +http://yandex.com/bots)" "saveaslave.com"
106.120.173.111 - - [05/Jun/2017:13:27:36 -0700] "GET /site/?cat=79 HTTP/1.1" 404 89 "-" "Sogou web spider/4.0(+http://www.sogou.com/docs/help/webmasters.htm#07)" "saveaslave.com"
106.120.173.111 - - [05/Jun/2017:13:28:08 -0700] "GET /site/?cat=196 HTTP/1.1" 404 89 "-" "Sogou web spider/4.0(+http://www.sogou.com/docs/help/webmasters.htm#07)" "saveaslave.com"
106.120.173.111 - - [05/Jun/2017:13:28:29 -0700] "GET /robots.txt HTTP/1.1" 200 48 "-" "Sogou web spider/4.0(+http://www.sogou.com/docs/help/webmasters.htm#07)" "saveaslave.com"
85.93.93.58 - - [05/Jun/2017:13:30:10 -0700] "GET /images/article/pic_d5e8c4a8150358a4bbc1e7bbec10f48d%20(1).jpg HTTP/1.1" 200 35080 "-" "-" "saveaslave.com"
164.132.161.95 - - [05/Jun/2017:13:35:58 -0700] "GET / HTTP/1.1" 200 88280 "-" "Mozilla/5.0 (compatible; AhrefsBot/5.2; +http://ahrefs.com/robot/)" "saveaslave.com"[2]
77.75.78.166 - - [05/Jun/2017:13:54:16 -0700] "GET /article.php?id=113 HTTP/1.1" 200 44815 "-" "Mozilla/5.0 (compatible; SeznamBot/3.2; +http://napoveda.seznam.cz/en/seznambot-intro/)" "saveaslave.com"
178.255.87.242 - - [05/Jun/2017:14:08:49 -0700] "HEAD /robots.txt HTTP/1.1" 200 0 "-" "COMODO SSL Checker" "saveaslave.com"
84.201.133.29 - - [05/Jun/2017:14:17:16 -0700] "GET /country.php?name=Estonia&lang=en HTTP/1.1" 200 54695 "-" "Mozilla/5.0 (compatible; YandexBot/3.0; +http://yandex.com/bots)" "saveaslave.com"[1]
51.255.65.35 - - [05/Jun/2017:14:25:53 -0700] "GET /article.php?id=118 HTTP/1.1" 200 50002 "-" "Mozilla/5.0 (compatible; AhrefsBot/5.2; +http://ahrefs.com/robot/)" "saveaslave.com"[1]
84.201.133.58 - - [05/Jun/2017:14:30:23 -0700] "GET /www.breakthechaincampaign.org HTTP/1.1" 404 89 "-" "Mozilla/5.0 (compatible; YandexBot/3.0; +http://yandex.com/bots)" "saveaslave.com"[0]
64.62.252.164 - - [05/Jun/2017:14:36:16 -0700] "GET /robots.txt HTTP/1.1" 200 48 "-" "BUbiNG (+http://law.di.unimi.it/BUbiNG.html)" "www.saveaslave.com"
108.41.128.212 - - [05/Jun/2017:14:45:35 -0700] "GET /images/supporters/logo_endslaverynow.png HTTP/1.1" 200 27566 "https://www.google.com/" "Mozilla/5.0 (Windows NT 10.0; Win64; x64) AppleWebKit/537.36 (KHTML, like Gecko) Chrome/58.0.3029.110 Safari/537.36" "www.saveaslave.com"
84.201.133.53 - - [05/Jun/2017:14:47:53 -0700] "GET /www.casadelafamilia.org HTTP/1.1" 404 89 "-" "Mozilla/5.0 (compatible; YandexBot/3.0; +http://yandex.com/bots)" "saveaslave.com"
164.132.162.157 - - [05/Jun/2017:14:54:04 -0700] "GET /article.php?id=117 HTTP/1.1" 200 48101 "-" "Mozilla/5.0 (compatible; AhrefsBot/5.2; +http://ahrefs.com/robot/)" "www.saveaslave.com"
65.36.241.48 - - [05/Jun/2017:15:23:23 -0700] "HEAD / HTTP/1.1" 200 0 "-" "InternetSeer.com" "www.saveaslave.com"
216.244.66.250 - - [05/Jun/2017:15:26:14 -0700] "GET /robots.txt HTTP/1.1" 200 48 "-" "Mozilla/5.0 (compatible; DotBot/1.1; http://www.opensiteexplorer.org/dotbot, help@moz.com)" "saveaslave.com"
84.201.133.53 - - [05/Jun/2017:15:27:16 -0700] "GET /robots.txt HTTP/1.1" 200 48 "-" "Mozilla/5.0 (compatible; YandexBot/3.0; +http://yandex.com/bots)" "saveaslave.com"
5.255.250.59 - - [05/Jun/2017:15:27:20 -0700] "GET /www.ciw-online.org HTTP/1.1" 404 89 "-" "Mozilla/5.0 (compatible; YandexBot/3.0; +http://yandex.com/bots)" "saveaslave.com"
141.8.143.240 - - [05/Jun/2017:15:28:35 -0700] "GET /articles/slavetrafficking3.html HTTP/1.1" 404 89 "-" "Mozilla/5.0 (compatible; YandexBot/3.0; +http://yandex.com/bots)" "saveaslave.com"
84.201.133.6 - - [05/Jun/2017:15:31:07 -0700] "GET /www.tahirih.org HTTP/1.1" 404 89 "-" "Mozilla/5.0 (compatible; YandexBot/3.0; +http://yandex.com/bots)" "saveaslave.com"
199.21.99.217 - - [05/Jun/2017:15:43:09 -0700] "GET / HTTP/1.1" 200 88280 "-" "Mozilla/5.0 (compatible; YandexBot/3.0; +http://yandex.com/bots)" "saveaslave.com"
85.93.91.84 - - [05/Jun/2017:15:45:50 -0700] "GET /help-advanced.php HTTP/1.1" 200 54622 "-" "Mozilla/5.0 (compatible; DeuSu/5.0.2; +https://deusu.de/robot.html)" "www.saveaslave.com"[1]
66.249.69.67 - - [05/Jun/2017:15:55:41 -0700] "GET /apple-app-site-association HTTP/1.1" 403 255 "-" "Mozilla/5.0 (compatible; Googlebot/2.1; +http://www.google.com/bot.html)" "saveaslave.com"[0]
77.88.47.4 - - [05/Jun/2017:15:58:34 -0700] "GET /www.citybarjusticecenter.org HTTP/1.1" 404 89 "-" "Mozilla/5.0 (compatible; YandexBot/3.0; +http://yandex.com/bots)" "saveaslave.com"
141.8.143.223 - - [05/Jun/2017:16:38:48 -0700] "GET /www.apalc.org HTTP/1.1" 404 89 "-" "Mozilla/5.0 (compatible; YandexBot/3.0; +http://yandex.com/bots)" "saveaslave.com"[1]
172.242.72.198 - - [05/Jun/2017:17:10:06 -0700] "GET / HTTP/1.1" 200 88280 "-" "Mozilla/5.0 (Windows NT 10.0; WOW64; Trident/7.0; SMJB; rv:11.0) like Gecko" "www.saveaslave.com"
172.242.72.198 - - [05/Jun/2017:17:10:06 -0700] "GET / HTTP/1.1" 200 88280 "-" "Mozilla/5.0 (Windows NT 10.0; WOW64; Trident/7.0; SMJB; rv:11.0) like Gecko" "www.saveaslave.com"
172.242.72.198 - - [05/Jun/2017:17:10:08 -0700] "GET /images/social3.png HTTP/1.1" 200 4343 "http://www.saveaslave.com/" "Mozilla/5.0 (Windows NT 10.0; WOW64; Trident/7.0; SMJB; rv:11.0) like Gecko" "www.saveaslave.com"
172.242.72.198 - - [05/Jun/2017:17:10:37 -0700] "GET /css/down-arrow.png HTTP/1.1" 404 89 "http://www.saveaslave.com/" "Mozilla/5.0 (Windows NT 10.0; WOW64; Trident/7.0; SMJB; rv:11.0) like Gecko" "www.saveaslave.com"
172.242.72.198 - - [05/Jun/2017:17:10:37 -0700] "GET /css/down-arrow.png HTTP/1.1" 404 89 "http://www.saveaslave.com/" "Mozilla/5.0 (Windows NT 10.0; WOW64; Trident/7.0; SMJB; rv:11.0) like Gecko" "www.saveaslave.com"
141.8.143.156 - - [05/Jun/2017:17:30:35 -0700] "GET /article.php?id=46 HTTP/1.1" 200 50186 "-" "Mozilla/5.0 (compatible; YandexBot/3.0; +http://yandex.com/bots)" "saveaslave.com"
216.244.66.198 - - [05/Jun/2017:17:33:12 -0700] "GET /robots.txt HTTP/1.1" 200 48 "-" "Mozilla/5.0 (compatible; DotBot/1.1; http://www.opensiteexplorer.org/dotbot, help@moz.com)" "www.saveaslave.com"
77.88.47.4 - - [05/Jun/2017:17:51:21 -0700] "GET /www.cpaf.org HTTP/1.1" 404 89 "-" "Mozilla/5.0 (compatible; YandexBot/3.0; +http://yandex.com/bots)" "saveaslave.com"
5.255.250.59 - - [05/Jun/2017:18:10:16 -0700] "GET /in-russian.php?lang=ru HTTP/1.1" 200 92449 "-" "Mozilla/5.0 (compatible; YandexBot/3.0; +http://yandex.com/bots)" "saveaslave.com"[1]
84.201.133.53 - - [05/Jun/2017:18:15:38 -0700] "GET /article.php?id=114 HTTP/1.1" 200 44810 "-" "Mozilla/5.0 (compatible; YandexBot/3.0; +http://yandex.com/bots)" "saveaslave.com"
40.77.167.117 - - [05/Jun/2017:18:22:15 -0700] "GET /article.php?id=114 HTTP/1.1" 200 44810 "-" "Mozilla/5.0 (compatible; bingbot/2.0; +http://www.bing.com/bingbot.htm)" "saveaslave.com"[0]
157.55.39.152 - - [05/Jun/2017:18:23:14 -0700] "GET /article.php?id=64 HTTP/1.1" 200 47944 "-" "Mozilla/5.0 (compatible; bingbot/2.0; +http://www.bing.com/bingbot.htm)" "saveaslave.com"[0]
157.55.39.152 - - [05/Jun/2017:18:24:50 -0700] "GET /who-we-arer.php HTTP/1.1" 200 73386 "-" "Mozilla/5.0 (compatible; bingbot/2.0; +http://www.bing.com/bingbot.htm)" "saveaslave.com"[0]
157.55.39.152 - - [05/Jun/2017:18:24:51 -0700] "GET /article.php?id=20 HTTP/1.1" 200 51083 "-" "Mozilla/5.0 (compatible; bingbot/2.0; +http://www.bing.com/bingbot.htm)" "saveaslave.com"[0]
84.201.133.10 - - [05/Jun/2017:18:32:16 -0700] "GET /images/article/128712997050803b%20(1).jpg HTTP/1.1" 200 24359 "-" "Mozilla/5.0 (compatible; YandexImages/3.0; +http://yandex.com/bots)" "saveaslave.com"
65.36.241.48 - - [05/Jun/2017:18:34:33 -0700] "HEAD / HTTP/1.1" 200 0 "-" "InternetSeer.com" "www.saveaslave.com"
84.201.133.58 - - [05/Jun/2017:18:44:55 -0700] "GET /robots.txt HTTP/1.1" 200 48 "-" "Mozilla/5.0 (compatible; YandexBot/3.0; +http://yandex.com/bots)" "www.saveaslave.com"
84.201.133.29 - - [05/Jun/2017:18:44:59 -0700] "GET /images/help/help_managearticle.jpg HTTP/1.1" 200 61697 "-" "Mozilla/5.0 (compatible; YandexImages/3.0; +http://yandex.com/bots)" "www.saveaslave.com"
163.172.4.153 - - [05/Jun/2017:19:00:09 -0700] "GET / HTTP/1.1" 200 88280 "http://saveaslave.com/" "Mozilla/5.0 (Windows NT 10.0; Win64; x64) AppleWebKit/537.36 (KHTML, like Gecko) Chrome/56.0.2924.87 Safari/537.36" "saveaslave.com"
216.244.66.250 - - [05/Jun/2017:19:10:12 -0700] "GET /article.php?id=32 HTTP/1.1" 200 51970 "-" "Mozilla/5.0 (compatible; DotBot/1.1; http://www.opensiteexplorer.org/dotbot, help@moz.com)" "www.saveaslave.com"
67.14.249.103 - - [05/Jun/2017:19:23:05 -0700] "GET /css/bootstrap.min.css HTTP/1.1" 200 123578 "http://www.saveaslave.com/country.php?name=Algeria&lang=en" "Mozilla/5.0 (iPhone; CPU iPhone OS 10_3_2 like Mac OS X) AppleWebKit/603.2.4 (KHTML, like Gecko) Version/10.0 Mobile/14F89 Safari/602.1" "www.saveaslave.com"
67.14.249.103 - - [05/Jun/2017:19:23:05 -0700] "GET /gfeedfetcher.js HTTP/1.1" 200 9018 "http://www.saveaslave.com/country.php?name=Algeria&lang=en" "Mozilla/5.0 (iPhone; CPU iPhone OS 10_3_2 like Mac OS X) AppleWebKit/603.2.4 (KHTML, like Gecko) Version/10.0 Mobile/14F89 Safari/602.1" "www.saveaslave.com"
67.14.249.103 - - [05/Jun/2017:19:23:06 -0700] "GET /images/logo2.png HTTP/1.1" 200 18525 "http://www.saveaslave.com/country.php?name=Algeria&lang=en" "Mozilla/5.0 (iPhone; CPU iPhone OS 10_3_2 like Mac OS X) AppleWebKit/603.2.4 (KHTML, like Gecko) Version/10.0 Mobile/14F89 Safari/602.1" "www.saveaslave.com"
67.14.249.103 - - [05/Jun/2017:19:23:06 -0700] "GET /assets/js/ie10-viewport-bug-workaround.js HTTP/1.1" 200 641 "http://www.saveaslave.com/country.php?name=Algeria&lang=en" "Mozilla/5.0 (iPhone; CPU iPhone OS 10_3_2 like Mac OS X) AppleWebKit/603.2.4 (KHTML, like Gecko) Version/10.0 Mobile/14F89 Safari/602.1" "www.saveaslave.com"
67.14.249.103 - - [05/Jun/2017:19:23:06 -0700] "GET /js/bootstrap.min.js HTTP/1.1" 200 37055 "http://www.saveaslave.com/country.php?name=Algeria&lang=en" "Mozilla/5.0 (iPhone; CPU iPhone OS 10_3_2 like Mac OS X) AppleWebKit/603.2.4 (KHTML, like Gecko) Version/10.0 Mobile/14F89 Safari/602.1" "www.saveaslave.com"
67.14.249.103 - - [05/Jun/2017:19:23:06 -0700] "GET /images/social2.png HTTP/1.1" 200 1752 "http://www.saveaslave.com/country.php?name=Algeria&lang=en" "Mozilla/5.0 (iPhone; CPU iPhone OS 10_3_2 like Mac OS X) AppleWebKit/603.2.4 (KHTML, like Gecko) Version/10.0 Mobile/14F89 Safari/602.1" "www.saveaslave.com"
67.14.249.103 - - [05/Jun/2017:19:23:08 -0700] "GET /css/down-arrow.png HTTP/1.1" 404 89 "http://www.saveaslave.com/country.php?name=Algeria&lang=en" "Mozilla/5.0 (iPhone; CPU iPhone OS 10_3_2 like Mac OS X) AppleWebKit/603.2.4 (KHTML, like Gecko) Version/10.0 Mobile/14F89 Safari/602.1" "www.saveaslave.com"[0]
107.21.12.158 - - [05/Jun/2017:19:27:53 -0700] "GET / HTTP/1.1" 200 88280 "-" "-" "saveaslave.com"
34.207.107.82 - - [05/Jun/2017:19:28:39 -0700] "GET / HTTP/1.1" 200 88280 "-" "-" "saveaslave.com"
94.23.83.80 - - [05/Jun/2017:19:40:46 -0700] "GET / HTTP/1.1" 200 88244 "https://google.com/" "Mozilla/5.0 (X11; Ubuntu; Linux x86_64; rv:26.0) Gecko/20100101 Firefox/26.0" "saveaslave.com"
180.76.15.139 - - [05/Jun/2017:19:45:46 -0700] "GET /article.php?id=15 HTTP/1.1" 200 57094 "-" "Mozilla/5.0 (compatible; Baiduspider/2.0; +http://www.baidu.com/search/spider.html)" "www.saveaslave.com"[1]
65.36.241.48 - - [05/Jun/2017:19:50:49 -0700] "HEAD / HTTP/1.1" 200 0 "-" "InternetSeer.com" "www.saveaslave.com"
190.188.173.213 - - [05/Jun/2017:20:06:59 -0700] "GET /images/supporters/logo_endslaverynow.png HTTP/1.1" 200 27566 "https://www.google.com.ar/" "Mozilla/5.0 (Macintosh; Intel Mac OS X 10_12_4) AppleWebKit/537.36 (KHTML, like Gecko) Chrome/58.0.3029.110 Safari/537.36" "www.saveaslave.com"
157.55.39.53 - - [05/Jun/2017:20:10:42 -0700] "GET /robots.txt HTTP/1.1" 200 48 "-" "Mozilla/5.0 (compatible; bingbot/2.0; +http://www.bing.com/bingbot.htm)" "www.saveaslave.com"
159.203.91.98 - - [05/Jun/2017:20:23:19 -0700] "GET / HTTP/1.1" 200 88280 "-" "Mozilla/5.0 (Windows NT 5.1) AppleWebKit/537.36 (KHTML, like Gecko) Chrome/36.0.1985.67 Safari/537.36" "saveaslave.com"
164.132.161.40 - - [05/Jun/2017:21:01:57 -0700] "GET /malawi.html HTTP/1.1" 404 89 "-" "Mozilla/5.0 (compatible; AhrefsBot/5.2; +http://ahrefs.com/robot/)" "www.saveaslave.com"[0]
65.36.241.48 - - [05/Jun/2017:22:21:52 -0700] "HEAD / HTTP/1.1" 200 0 "-" "InternetSeer.com" "www.saveaslave.com"
42.236.99.9 - - [05/Jun/2017:22:38:16 -0700] "GET / HTTP/1.1" 200 88280 "http://saveaslave.com/" "Mozilla/5.0(compatible;MSIE9.0;WindowsNT6.1;Trident/5.0)" "saveaslave.com"
216.244.66.250 - - [05/Jun/2017:22:59:56 -0700] "GET /robots.txt HTTP/1.1" 200 48 "-" "Mozilla/5.0 (compatible; DotBot/1.1; http://www.opensiteexplorer.org/dotbot, help@moz.com)" "www.saveaslave.com"
157.55.39.152 - - [05/Jun/2017:23:09:22 -0700] "GET /article.php?id=8 HTTP/1.1" 200 55650 "-" "Mozilla/5.0 (compatible; bingbot/2.0; +http://www.bing.com/bingbot.htm)" "saveaslave.com"
51.255.65.80 - - [05/Jun/2017:23:12:56 -0700] "GET /guinea.html HTTP/1.1" 404 89 "-" "Mozilla/5.0 (compatible; AhrefsBot/5.2; +http://ahrefs.com/robot/)" "www.saveaslave.com"[0]
65.36.241.48 - - [05/Jun/2017:23:45:31 -0700] "HEAD / HTTP/1.1" 200 0 "-" "InternetSeer.com" "www.saveaslave.com"
141.8.143.167 - - [05/Jun/2017:23:59:36 -0700] "GET /favicon.ico HTTP/1.1" 404 89 "-" "Mozilla/5.0 (compatible; YandexBot/3.0; +http://yandex.com/bots)" "www.saveaslave.com"
141.8.143.153 - - [05/Jun/2017:23:59:40 -0700] "GET /ico/favicon-96x96.png HTTP/1.1" 200 4476 "-" "Mozilla/5.0 (compatible; YandexBot/3.0; +http://yandex.com/bots)" "www.saveaslave.com"
218.30.103.139 - - [06/Jun/2017:00:06:48 -0700] "GET / HTTP/1.1" 200 88280 "-" "Sogou web spider/4.0(+http://www.sogou.com/docs/help/webmasters.htm#07)" "www.saveaslave.com"
141.8.143.240 - - [06/Jun/2017:00:09:35 -0700] "GET /images/supporters/trucker.jpg HTTP/1.1" 200 6096 "-" "Mozilla/5.0 (compatible; YandexImages/3.0; +http://yandex.com/bots)" "saveaslave.com"
77.88.47.4 - - [06/Jun/2017:00:12:23 -0700] "GET /www.nhmc.org HTTP/1.1" 404 89 "-" "Mozilla/5.0 (compatible; YandexBot/3.0; +http://yandex.com/bots)" "saveaslave.com"
84.201.133.29 - - [06/Jun/2017:00:12:30 -0700] "GET /www.iofa.org HTTP/1.1" 404 89 "-" "Mozilla/5.0 (compatible; YandexBot/3.0; +http://yandex.com/bots)" "saveaslave.com"[0]
84.201.133.10 - - [06/Jun/2017:00:12:36 -0700] "GET /www.fiacfla.org HTTP/1.1" 404 89 "-" "Mozilla/5.0 (compatible; YandexBot/3.0; +http://yandex.com/bots)" "saveaslave.com"
141.8.143.240 - - [06/Jun/2017:00:12:46 -0700] "GET /www.sexworkersproject.org HTTP/1.1" 404 89 "-" "Mozilla/5.0 (compatible; YandexBot/3.0; +http://yandex.com/bots)" "saveaslave.com"
84.201.133.58 - - [06/Jun/2017:00:12:50 -0700] "GET /www.ccharities.org HTTP/1.1" 404 89 "-" "Mozilla/5.0 (compatible; YandexBot/3.0; +http://yandex.com/bots)" "saveaslave.com"
5.255.250.1 - - [06/Jun/2017:00:12:56 -0700] "GET /www.urbanjustice.org HTTP/1.1" 404 89 "-" "Mozilla/5.0 (compatible; YandexBot/3.0; +http://yandex.com/bots)" "saveaslave.com"
5.9.79.151 - - [06/Jun/2017:00:37:22 -0700] "GET /robots.txt HTTP/1.1" 200 48 "-" "Mozilla/5.0 (compatible; MJ12bot/v1.4.7; http://mj12bot.com/)" "saveaslave.com"
5.9.79.151 - - [06/Jun/2017:00:37:26 -0700] "GET /addarticle.php HTTP/1.1" 200 13761 "-" "Mozilla/5.0 (compatible; MJ12bot/v1.4.7; http://mj12bot.com/)" "saveaslave.com"
5.9.79.151 - - [06/Jun/2017:00:37:28 -0700] "GET /article.php?id=114 HTTP/1.1" 200 44810 "-" "Mozilla/5.0 (compatible; MJ12bot/v1.4.7; http://mj12bot.com/)" "saveaslave.com"
5.9.79.151 - - [06/Jun/2017:00:37:33 -0700] "GET /article.php?id=32 HTTP/1.1" 200 51970 "-" "Mozilla/5.0 (compatible; MJ12bot/v1.4.7; http://mj12bot.com/)" "saveaslave.com"
5.9.79.151 - - [06/Jun/2017:00:37:38 -0700] "GET /our-news.php HTTP/1.1" 200 69013 "-" "Mozilla/5.0 (compatible; MJ12bot/v1.4.7; http://mj12bot.com/)" "saveaslave.com"
5.9.79.151 - - [06/Jun/2017:00:37:42 -0700] "GET /who-we-are.php HTTP/1.1" 200 51705 "-" "Mozilla/5.0 (compatible; MJ12bot/v1.4.7; http://mj12bot.com/)" "saveaslave.com"[0]
162.210.196.100 - - [06/Jun/2017:00:38:09 -0700] "GET /robots.txt HTTP/1.1" 200 48 "-" "Mozilla/5.0 (compatible; MJ12bot/v1.4.8; http://mj12bot.com/)" "saveaslave.com"
162.210.196.100 - - [06/Jun/2017:00:38:11 -0700] "GET / HTTP/1.1" 200 88280 "-" "Mozilla/5.0 (compatible; MJ12bot/v1.4.8; http://mj12bot.com/)" "saveaslave.com"
162.210.196.100 - - [06/Jun/2017:00:38:20 -0700] "GET / HTTP/1.1" 200 88280 "-" "Mozilla/5.0 (compatible; MJ12bot/v1.4.8; http://mj12bot.com/)" "www.saveaslave.com"
217.182.132.81 - - [06/Jun/2017:01:04:46 -0700] "GET /www.museumoftolerance.com HTTP/1.1" 404 89 "-" "Mozilla/5.0 (compatible; AhrefsBot/5.2; +http://ahrefs.com/robot/)" "www.saveaslave.com"
65.36.241.48 - - [06/Jun/2017:01:09:00 -0700] "HEAD / HTTP/1.1" 200 0 "-" "InternetSeer.com" "www.saveaslave.com"
85.93.91.84 - - [06/Jun/2017:01:20:38 -0700] "GET /www.sexworkersproject.org HTTP/1.1" 404 89 "-" "Mozilla/5.0 (compatible; DeuSu/5.0.2; +https://deusu.de/robot.html)" "www.saveaslave.com"
5.255.250.59 - - [06/Jun/2017:01:24:45 -0700] "GET /images/supporters/Asset-Logo.jpg HTTP/1.1" 200 36053 "-" "Mozilla/5.0 (compatible; YandexImages/3.0; +http://yandex.com/bots)" "saveaslave.com"
51.255.65.94 - - [06/Jun/2017:01:30:46 -0700] "GET /singapore.html HTTP/1.1" 404 89 "-" "Mozilla/5.0 (compatible; AhrefsBot/5.2; +http://ahrefs.com/robot/)" "saveaslave.com"[0]
43.252.230.100 - - [06/Jun/2017:01:30:49 -0700] "GET / HTTP/1.1" 200 88280 "-" "-" "saveaslave.com"
43.252.230.100 - - [06/Jun/2017:01:30:50 -0700] "HEAD /wp-login.php HTTP/1.1" 404 0 "-" "-" "saveaslave.com"
216.244.66.198 - - [06/Jun/2017:01:34:35 -0700] "GET /robots.txt HTTP/1.1" 200 48 "-" "Mozilla/5.0 (compatible; DotBot/1.1; http://www.opensiteexplorer.org/dotbot, help@moz.com)" "www.saveaslave.com"
104.131.147.112 - - [06/Jun/2017:01:46:10 -0700] "GET / HTTP/1.1" 200 88280 "-" "Mozilla/5.0 (compatible; Gluten Free Crawler/1.0; +http://glutenfreepleasure.com/)" "www.saveaslave.com"
216.244.66.250 - - [06/Jun/2017:01:51:53 -0700] "GET /robots.txt HTTP/1.1" 200 48 "-" "Mozilla/5.0 (compatible; DotBot/1.1; http://www.opensiteexplorer.org/dotbot, help@moz.com)" "saveaslave.com"
66.102.9.4 - - [06/Jun/2017:02:12:50 -0700] "GET /images/article/128712997050803b%20(1).jpg HTTP/1.1" 200 24359 "https://www.google.ru/" "Mozilla/5.0 (Linux; Android 6.0.1; LG-K100 Build/MXB48T) AppleWebKit/537.36 (KHTML, like Gecko) Chrome/58.0.3029.83 Mobile Safari/537.36" "saveaslave.com"
212.142.175.115 - - [06/Jun/2017:02:29:09 -0700] "GET /images/supporters/logo_endslaverynow.png HTTP/1.1" 200 27566 "https://www.google.es/" "Mozilla/5.0 (Windows NT 6.1; WOW64) AppleWebKit/537.36 (KHTML, like Gecko) Chrome/36.0.1985.125 Safari/537.36" "www.saveaslave.com"
216.244.66.250 - - [06/Jun/2017:02:40:29 -0700] "GET /who-we-arer.php HTTP/1.1" 200 73386 "-" "Mozilla/5.0 (compatible; DotBot/1.1; http://www.opensiteexplorer.org/dotbot, help@moz.com)" "saveaslave.com"
106.120.173.111 - - [06/Jun/2017:03:19:35 -0700] "GET / HTTP/1.1" 200 88280 "-" "Sogou web spider/4.0(+http://www.sogou.com/docs/help/webmasters.htm#07)" "saveaslave.com"
106.120.173.111 - - [06/Jun/2017:03:20:25 -0700] "GET /site/?cat=142 HTTP/1.1" 404 89 "-" "Sogou web spider/4.0(+http://www.sogou.com/docs/help/webmasters.htm#07)" "saveaslave.com"
137.74.207.109 - - [06/Jun/2017:03:45:18 -0700] "GET /trinidad-tobago.html HTTP/1.1" 404 89 "-" "Mozilla/5.0 (compatible; AhrefsBot/5.2; +http://ahrefs.com/robot/)" "saveaslave.com"
5.196.87.7 - - [06/Jun/2017:03:45:37 -0700] "GET /robots.txt HTTP/1.1" 200 48 "-" "Mozilla/5.0 (compatible; AhrefsBot/5.2; +http://ahrefs.com/robot/)" "saveaslave.com"
65.36.241.48 - - [06/Jun/2017:03:50:58 -0700] "HEAD / HTTP/1.1" 200 0 "-" "InternetSeer.com" "www.saveaslave.com"
51.255.65.82 - - [06/Jun/2017:04:02:35 -0700] "GET /article.php?id=1 HTTP/1.1" 200 45793 "-" "Mozilla/5.0 (compatible; AhrefsBot/5.2; +http://ahrefs.com/robot/)" "www.saveaslave.com"
51.255.65.90 - - [06/Jun/2017:04:20:55 -0700] "GET /lesotho.html HTTP/1.1" 404 89 "-" "Mozilla/5.0 (compatible; AhrefsBot/5.2; +http://ahrefs.com/robot/)" "saveaslave.com"
148.251.123.200 - - [06/Jun/2017:04:32:22 -0700] "GET /robots.txt HTTP/1.1" 200 48 "-" "Mozilla/5.0 (compatible; BLEXBot/1.0; +http://webmeup-crawler.com/)" "saveaslave.com"
148.251.123.200 - - [06/Jun/2017:04:32:23 -0700] "GET /robots.txt HTTP/1.1" 200 48 "-" "Mozilla/5.0 (compatible; BLEXBot/1.0; +http://webmeup-crawler.com/)" "www.saveaslave.com"
148.251.123.200 - - [06/Jun/2017:04:32:25 -0700] "GET / HTTP/1.1" 200 88280 "-" "Mozilla/5.0 (compatible; BLEXBot/1.0; +http://webmeup-crawler.com/)" "saveaslave.com"
148.251.123.200 - - [06/Jun/2017:04:32:37 -0700] "GET / HTTP/1.1" 200 88280 "-" "Mozilla/5.0 (compatible; BLEXBot/1.0; +http://webmeup-crawler.com/)" "www.saveaslave.com"[1]
148.251.123.200 - - [06/Jun/2017:04:32:46 -0700] "GET /article.php?id=114 HTTP/1.1" 200 44810 "-" "Mozilla/5.0 (compatible; BLEXBot/1.0; +http://webmeup-crawler.com/)" "www.saveaslave.com"[0]
148.251.123.200 - - [06/Jun/2017:04:32:56 -0700] "GET /article.php?id=116 HTTP/1.1" 200 44255 "-" "Mozilla/5.0 (compatible; BLEXBot/1.0; +http://webmeup-crawler.com/)" "www.saveaslave.com"
148.251.123.200 - - [06/Jun/2017:04:33:26 -0700] "GET /article.php?id=86 HTTP/1.1" 200 44870 "-" "Mozilla/5.0 (compatible; BLEXBot/1.0; +http://webmeup-crawler.com/)" "www.saveaslave.com"[1]
148.251.123.200 - - [06/Jun/2017:04:33:37 -0700] "GET /contact-us.php HTTP/1.1" 200 30765 "-" "Mozilla/5.0 (compatible; BLEXBot/1.0; +http://webmeup-crawler.com/)" "www.saveaslave.com"
148.251.123.200 - - [06/Jun/2017:04:33:47 -0700] "GET /disclaimer.php HTTP/1.1" 200 48762 "-" "Mozilla/5.0 (compatible; BLEXBot/1.0; +http://webmeup-crawler.com/)" "www.saveaslave.com"[1]
148.251.123.200 - - [06/Jun/2017:04:33:57 -0700] "GET /help.php HTTP/1.1" 200 53725 "-" "Mozilla/5.0 (compatible; BLEXBot/1.0; +http://webmeup-crawler.com/)" "www.saveaslave.com"
148.251.123.200 - - [06/Jun/2017:04:34:09 -0700] "GET /in-russian.php?lang=ru HTTP/1.1" 200 92449 "-" "Mozilla/5.0 (compatible; BLEXBot/1.0; +http://webmeup-crawler.com/)" "saveaslave.com"[0]
148.251.123.200 - - [06/Jun/2017:04:34:50 -0700] "GET /our-news.php HTTP/1.1" 200 69013 "-" "Mozilla/5.0 (compatible; BLEXBot/1.0; +http://webmeup-crawler.com/)" "www.saveaslave.com"
148.251.123.200 - - [06/Jun/2017:04:35:00 -0700] "GET /our-supporters.php HTTP/1.1" 200 56309 "-" "Mozilla/5.0 (compatible; BLEXBot/1.0; +http://webmeup-crawler.com/)" "www.saveaslave.com"
148.251.123.200 - - [06/Jun/2017:04:35:11 -0700] "GET /who-we-are.php HTTP/1.1" 200 51705 "-" "Mozilla/5.0 (compatible; BLEXBot/1.0; +http://webmeup-crawler.com/)" "www.saveaslave.com"[1]
148.251.123.200 - - [06/Jun/2017:04:35:30 -0700] "GET /article.php?id=111 HTTP/1.1" 200 47081 "-" "Mozilla/5.0 (compatible; BLEXBot/1.0; +http://webmeup-crawler.com/)" "www.saveaslave.com"
148.251.123.200 - - [06/Jun/2017:04:35:43 -0700] "GET /article.php?id=112 HTTP/1.1" 200 46853 "-" "Mozilla/5.0 (compatible; BLEXBot/1.0; +http://webmeup-crawler.com/)" "saveaslave.com"
148.251.123.200 - - [06/Jun/2017:04:35:54 -0700] "GET /article.php?id=113 HTTP/1.1" 200 44815 "-" "Mozilla/5.0 (compatible; BLEXBot/1.0; +http://webmeup-crawler.com/)" "www.saveaslave.com"[0]
148.251.123.200 - - [06/Jun/2017:04:36:04 -0700] "GET /article.php?id=114 HTTP/1.1" 200 44810 "-" "Mozilla/5.0 (compatible; BLEXBot/1.0; +http://webmeup-crawler.com/)" "saveaslave.com"[0]
148.251.123.200 - - [06/Jun/2017:04:36:16 -0700] "GET /article.php?id=116 HTTP/1.1" 200 44255 "-" "Mozilla/5.0 (compatible; BLEXBot/1.0; +http://webmeup-crawler.com/)" "saveaslave.com"
148.251.123.200 - - [06/Jun/2017:04:36:27 -0700] "GET /article.php?id=117 HTTP/1.1" 200 48101 "-" "Mozilla/5.0 (compatible; BLEXBot/1.0; +http://webmeup-crawler.com/)" "saveaslave.com"
148.251.123.200 - - [06/Jun/2017:04:37:06 -0700] "GET /article.php?id=118 HTTP/1.1" 200 50002 "-" "Mozilla/5.0 (compatible; BLEXBot/1.0; +http://webmeup-crawler.com/)" "saveaslave.com"[0]
148.251.123.200 - - [06/Jun/2017:04:37:15 -0700] "GET /article.php?id=13 HTTP/1.1" 200 61425 "-" "Mozilla/5.0 (compatible; BLEXBot/1.0; +http://webmeup-crawler.com/)" "www.saveaslave.com"[0]
148.251.123.200 - - [06/Jun/2017:04:37:25 -0700] "GET /article.php?id=15 HTTP/1.1" 200 57094 "-" "Mozilla/5.0 (compatible; BLEXBot/1.0; +http://webmeup-crawler.com/)" "www.saveaslave.com"
148.251.123.200 - - [06/Jun/2017:04:37:47 -0700] "GET /article.php?id=21 HTTP/1.1" 200 50255 "-" "Mozilla/5.0 (compatible; BLEXBot/1.0; +http://webmeup-crawler.com/)" "www.saveaslave.com"
148.251.123.200 - - [06/Jun/2017:04:37:59 -0700] "GET /article.php?id=22 HTTP/1.1" 200 47518 "-" "Mozilla/5.0 (compatible; BLEXBot/1.0; +http://webmeup-crawler.com/)" "www.saveaslave.com"
148.251.123.200 - - [06/Jun/2017:04:38:10 -0700] "GET /article.php?id=3 HTTP/1.1" 200 51798 "-" "Mozilla/5.0 (compatible; BLEXBot/1.0; +http://webmeup-crawler.com/)" "www.saveaslave.com"
148.251.123.200 - - [06/Jun/2017:04:38:20 -0700] "GET /article.php?id=32 HTTP/1.1" 200 51970 "-" "Mozilla/5.0 (compatible; BLEXBot/1.0; +http://webmeup-crawler.com/)" "www.saveaslave.com"
148.251.123.200 - - [06/Jun/2017:04:39:05 -0700] "GET /article.php?id=4 HTTP/1.1" 200 51755 "-" "Mozilla/5.0 (compatible; BLEXBot/1.0; +http://webmeup-crawler.com/)" "www.saveaslave.com"
148.251.123.200 - - [06/Jun/2017:04:39:18 -0700] "GET /article.php?id=46 HTTP/1.1" 200 50186 "-" "Mozilla/5.0 (compatible; BLEXBot/1.0; +http://webmeup-crawler.com/)" "www.saveaslave.com"
148.251.123.200 - - [06/Jun/2017:04:39:29 -0700] "GET /article.php?id=5 HTTP/1.1" 200 47476 "-" "Mozilla/5.0 (compatible; BLEXBot/1.0; +http://webmeup-crawler.com/)" "www.saveaslave.com"
148.251.123.200 - - [06/Jun/2017:04:41:01 -0700] "GET /article.php?id=64 HTTP/1.1" 200 47944 "-" "Mozilla/5.0 (compatible; BLEXBot/1.0; +http://webmeup-crawler.com/)" "saveaslave.com"[1]
148.251.123.200 - - [06/Jun/2017:04:41:10 -0700] "GET /article.php?id=65 HTTP/1.1" 200 51148 "-" "Mozilla/5.0 (compatible; BLEXBot/1.0; +http://webmeup-crawler.com/)" "saveaslave.com"
148.251.123.200 - - [06/Jun/2017:04:41:24 -0700] "GET /article.php?id=66 HTTP/1.1" 200 53714 "-" "Mozilla/5.0 (compatible; BLEXBot/1.0; +http://webmeup-crawler.com/)" "saveaslave.com"[0]
148.251.123.200 - - [06/Jun/2017:04:41:37 -0700] "GET /article.php?id=7 HTTP/1.1" 200 50078 "-" "Mozilla/5.0 (compatible; BLEXBot/1.0; +http://webmeup-crawler.com/)" "www.saveaslave.com"
148.251.123.200 - - [06/Jun/2017:04:42:34 -0700] "GET /robots.txt HTTP/1.1" 200 48 "-" "Mozilla/5.0 (compatible; BLEXBot/1.0; +http://webmeup-crawler.com/)" "saveaslave.com"
148.251.123.200 - - [06/Jun/2017:04:42:35 -0700] "GET /robots.txt HTTP/1.1" 200 48 "-" "Mozilla/5.0 (compatible; BLEXBot/1.0; +http://webmeup-crawler.com/)" "www.saveaslave.com"
148.251.123.200 - - [06/Jun/2017:04:42:37 -0700] "GET /article.php?id=86 HTTP/1.1" 200 44870 "-" "Mozilla/5.0 (compatible; BLEXBot/1.0; +http://webmeup-crawler.com/)" "saveaslave.com"[1]
148.251.123.200 - - [06/Jun/2017:04:42:58 -0700] "GET /contact-us.php HTTP/1.1" 200 30765 "-" "Mozilla/5.0 (compatible; BLEXBot/1.0; +http://webmeup-crawler.com/)" "saveaslave.com"
148.251.123.200 - - [06/Jun/2017:04:43:09 -0700] "GET /contact-usr.php HTTP/1.1" 200 20067 "-" "Mozilla/5.0 (compatible; BLEXBot/1.0; +http://webmeup-crawler.com/)" "saveaslave.com"[1]
148.251.123.200 - - [06/Jun/2017:04:43:20 -0700] "GET /disclaimer.php HTTP/1.1" 200 48762 "-" "Mozilla/5.0 (compatible; BLEXBot/1.0; +http://webmeup-crawler.com/)" "saveaslave.com"
148.251.123.200 - - [06/Jun/2017:04:43:31 -0700] "GET /help-advanced.php HTTP/1.1" 200 54622 "-" "Mozilla/5.0 (compatible; BLEXBot/1.0; +http://webmeup-crawler.com/)" "www.saveaslave.com"[0]
148.251.123.200 - - [06/Jun/2017:04:43:43 -0700] "GET /help.php HTTP/1.1" 200 53725 "-" "Mozilla/5.0 (compatible; BLEXBot/1.0; +http://webmeup-crawler.com/)" "saveaslave.com"
148.251.123.200 - - [06/Jun/2017:04:43:54 -0700] "GET /index.php HTTP/1.1" 200 88280 "-" "Mozilla/5.0 (compatible; BLEXBot/1.0; +http://webmeup-crawler.com/)" "saveaslave.com"[0]
148.251.123.200 - - [06/Jun/2017:04:44:05 -0700] "GET /our-news.php HTTP/1.1" 200 69013 "-" "Mozilla/5.0 (compatible; BLEXBot/1.0; +http://webmeup-crawler.com/)" "saveaslave.com"
148.251.123.200 - - [06/Jun/2017:04:44:19 -0700] "GET /our-newsr.php HTTP/1.1" 200 79139 "-" "Mozilla/5.0 (compatible; BLEXBot/1.0; +http://webmeup-crawler.com/)" "saveaslave.com"
84.201.133.12 - - [06/Jun/2017:04:44:46 -0700] "GET /robots.txt HTTP/1.1" 200 48 "-" "Mozilla/5.0 (compatible; YandexBot/3.0; +http://yandex.com/bots)" "www.saveaslave.com"
77.88.47.4 - - [06/Jun/2017:04:44:46 -0700] "GET /robots.txt HTTP/1.1" 200 48 "-" "Mozilla/5.0 (compatible; YandexBot/3.0; +http://yandex.com/bots)" "saveaslave.com"
84.201.133.58 - - [06/Jun/2017:04:44:51 -0700] "GET / HTTP/1.1" 200 88280 "-" "Mozilla/5.0 (compatible; YandexBot/3.0; +http://yandex.com/bots)" "www.saveaslave.com"
84.201.133.29 - - [06/Jun/2017:04:44:51 -0700] "GET / HTTP/1.1" 200 88280 "-" "Mozilla/5.0 (compatible; YandexBot/3.0; +http://yandex.com/bots)" "saveaslave.com"[0]
148.251.123.200 - - [06/Jun/2017:04:45:20 -0700] "GET /our-supporters.php HTTP/1.1" 200 56309 "-" "Mozilla/5.0 (compatible; BLEXBot/1.0; +http://webmeup-crawler.com/)" "saveaslave.com"
148.251.123.200 - - [06/Jun/2017:04:45:30 -0700] "GET /our-supportersr.php HTTP/1.1" 200 73 "-" "Mozilla/5.0 (compatible; BLEXBot/1.0; +http://webmeup-crawler.com/)" "saveaslave.com"
148.251.123.200 - - [06/Jun/2017:04:45:40 -0700] "GET /who-we-are.php HTTP/1.1" 200 51705 "-" "Mozilla/5.0 (compatible; BLEXBot/1.0; +http://webmeup-crawler.com/)" "saveaslave.com"[1]
148.251.123.200 - - [06/Jun/2017:04:47:01 -0700] "GET /who-we-arer.php HTTP/1.1" 200 73386 "-" "Mozilla/5.0 (compatible; BLEXBot/1.0; +http://webmeup-crawler.com/)" "saveaslave.com"[0]
148.251.123.200 - - [06/Jun/2017:04:47:13 -0700] "GET /article.php?id=1 HTTP/1.1" 200 45793 "-" "Mozilla/5.0 (compatible; BLEXBot/1.0; +http://webmeup-crawler.com/)" "saveaslave.com"
148.251.123.200 - - [06/Jun/2017:04:47:24 -0700] "GET /article.php?id=111 HTTP/1.1" 200 47081 "-" "Mozilla/5.0 (compatible; BLEXBot/1.0; +http://webmeup-crawler.com/)" "saveaslave.com"[0]
148.251.123.200 - - [06/Jun/2017:04:47:38 -0700] "GET /article.php?id=113 HTTP/1.1" 200 44815 "-" "Mozilla/5.0 (compatible; BLEXBot/1.0; +http://webmeup-crawler.com/)" "saveaslave.com"
148.251.123.200 - - [06/Jun/2017:04:47:50 -0700] "GET /article.php?id=13 HTTP/1.1" 200 61425 "-" "Mozilla/5.0 (compatible; BLEXBot/1.0; +http://webmeup-crawler.com/)" "saveaslave.com"
148.251.123.200 - - [06/Jun/2017:04:48:03 -0700] "GET /article.php?id=15 HTTP/1.1" 200 57094 "-" "Mozilla/5.0 (compatible; BLEXBot/1.0; +http://webmeup-crawler.com/)" "saveaslave.com"
148.251.123.200 - - [06/Jun/2017:04:48:17 -0700] "GET /article.php?id=2 HTTP/1.1" 200 49269 "-" "Mozilla/5.0 (compatible; BLEXBot/1.0; +http://webmeup-crawler.com/)" "saveaslave.com"[1]
148.251.123.200 - - [06/Jun/2017:04:48:30 -0700] "GET /article.php?id=21 HTTP/1.1" 200 50255 "-" "Mozilla/5.0 (compatible; BLEXBot/1.0; +http://webmeup-crawler.com/)" "saveaslave.com"
148.251.123.200 - - [06/Jun/2017:04:48:43 -0700] "GET /article.php?id=22 HTTP/1.1" 200 47518 "-" "Mozilla/5.0 (compatible; BLEXBot/1.0; +http://webmeup-crawler.com/)" "saveaslave.com"[0]
148.251.123.200 - - [06/Jun/2017:04:48:55 -0700] "GET /article.php?id=3 HTTP/1.1" 200 51798 "-" "Mozilla/5.0 (compatible; BLEXBot/1.0; +http://webmeup-crawler.com/)" "saveaslave.com"
148.251.123.200 - - [06/Jun/2017:04:49:07 -0700] "GET /article.php?id=32 HTTP/1.1" 200 51970 "-" "Mozilla/5.0 (compatible; BLEXBot/1.0; +http://webmeup-crawler.com/)" "saveaslave.com"[0]
148.251.123.200 - - [06/Jun/2017:04:49:20 -0700] "GET /article.php?id=4 HTTP/1.1" 200 51755 "-" "Mozilla/5.0 (compatible; BLEXBot/1.0; +http://webmeup-crawler.com/)" "saveaslave.com"[0]
216.244.66.250 - - [06/Jun/2017:04:49:20 -0700] "GET /robots.txt HTTP/1.1" 200 48 "-" "Mozilla/5.0 (compatible; DotBot/1.1; http://www.opensiteexplorer.org/dotbot, help@moz.com)" "www.saveaslave.com"
148.251.123.200 - - [06/Jun/2017:04:49:32 -0700] "GET /article.php?id=46 HTTP/1.1" 200 50186 "-" "Mozilla/5.0 (compatible; BLEXBot/1.0; +http://webmeup-crawler.com/)" "saveaslave.com"
148.251.123.200 - - [06/Jun/2017:04:49:47 -0700] "GET /article.php?id=5 HTTP/1.1" 200 47476 "-" "Mozilla/5.0 (compatible; BLEXBot/1.0; +http://webmeup-crawler.com/)" "saveaslave.com"[0]
148.251.123.200 - - [06/Jun/2017:04:49:59 -0700] "GET /article.php?id=6 HTTP/1.1" 200 48451 "-" "Mozilla/5.0 (compatible; BLEXBot/1.0; +http://webmeup-crawler.com/)" "saveaslave.com"
148.251.123.200 - - [06/Jun/2017:04:50:15 -0700] "GET /article.php?id=7 HTTP/1.1" 200 50078 "-" "Mozilla/5.0 (compatible; BLEXBot/1.0; +http://webmeup-crawler.com/)" "saveaslave.com"
148.251.123.200 - - [06/Jun/2017:04:50:26 -0700] "GET /help-advanced.php HTTP/1.1" 200 54622 "-" "Mozilla/5.0 (compatible; BLEXBot/1.0; +http://webmeup-crawler.com/)" "saveaslave.com"
85.93.91.84 - - [06/Jun/2017:04:56:50 -0700] "GET /robots.txt HTTP/1.1" 200 48 "-" "Mozilla/5.0 (compatible; DeuSu/5.0.2; +https://deusu.de/robot.html)" "saveaslave.com"
85.93.91.84 - - [06/Jun/2017:04:56:51 -0700] "GET /article.php?id=12 HTTP/1.1" 200 50481 "-" "Mozilla/5.0 (compatible; DeuSu/5.0.2; +https://deusu.de/robot.html)" "saveaslave.com"[1]
216.244.66.198 - - [06/Jun/2017:05:06:16 -0700] "GET /robots.txt HTTP/1.1" 200 48 "-" "Mozilla/5.0 (compatible; DotBot/1.1; http://www.opensiteexplorer.org/dotbot, help@moz.com)" "www.saveaslave.com"[0]
65.36.241.48 - - [06/Jun/2017:05:07:16 -0700] "HEAD / HTTP/1.1" 200 0 "-" "InternetSeer.com" "www.saveaslave.com"
98.102.204.198 - - [06/Jun/2017:05:34:51 -0700] "GET /article.php?id=9'\" HTTP/1.1" 200 101298 "-" "Mozilla/4.0 (compatible; MSIE 7.0; Windows NT 5.1; iebar; yplus 5.6.02b)" "saveaslave.com"
98.102.204.198 - - [06/Jun/2017:05:34:54 -0700] "GET /article.php?id=9 HTTP/1.1" 200 101294 "-" "Mozilla/4.0 (compatible; MSIE 7.0; Windows NT 5.1; iebar; acc=none; SV1; snprtz|S04087544802137; .NET CLR 1.1.4322)" "saveaslave.com"[0]
98.102.204.198 - - [06/Jun/2017:05:34:55 -0700] "GET /article.php?id=92121121121212.1 HTTP/1.1" 200 776 "-" "Mozilla/4.0 (compatible; MSIE 7.0; Windows NT 5.1; iebar; InfoPath.2; .NET CLR 1.1.4322; .NET CLR 2.0.50727; .NET CLR 3.0.04506.30)" "saveaslave.com"
98.102.204.198 - - [06/Jun/2017:05:34:55 -0700] "GET /article.php?id=9%20and%201%3D1 HTTP/1.1" 200 101302 "-" "Mozilla/4.0 (compatible; MSIE 7.0; Windows NT 5.1; dial; SV1; .NET CLR 1.0.3705)" "saveaslave.com"
98.102.204.198 - - [06/Jun/2017:05:34:56 -0700] "GET /article.php?id=9%20and%201%3E1 HTTP/1.1" 200 101302 "-" "Mozilla/4.0 (compatible; MSIE 7.0; Windows NT 5.1; dial" "saveaslave.com"
98.102.204.198 - - [06/Jun/2017:05:34:57 -0700] "GET /article.php?id=9%27%20and%20%27x%27%3D%27x HTTP/1.1" 200 101310 "-" "Mozilla/4.0 (compatible; MSIE 7.0; Windows NT 5.1; ds-66843412; Sgrunt|V109|1|S-66843412|dial; .NET CLR 1.1.4322)" "saveaslave.com"
98.102.204.198 - - [06/Jun/2017:05:34:57 -0700] "GET /article.php?id=9%27%20and%20%27x%27%3D%27y HTTP/1.1" 200 101310 "-" "Mozilla/4.0 (compatible; MSIE 7.0; Windows NT 5.1; elertz 2.4.179[128]; .NET CLR 1.1.4322; .NET CLR 2.0.50727; .NET CLR 3.0.04506.30; .NET CLR 3.0.04506.648)" "saveaslave.com"
98.102.204.198 - - [06/Jun/2017:05:34:57 -0700] "GET /article.php?id=9\"%20and%20\"x\"%3D\"x HTTP/1.1" 200 101310 "-" "Mozilla/4.0 (compatible; MSIE 7.0; Windows NT 5.1; iebar; acc=none; FunWebProducts; .NET CLR 1.1.4322)" "saveaslave.com"[0]
