71.127.222.91 - - [03/Nov/2016:22:06:03 -0700] "GET /article.php?id=15 HTTP/1.1" 200 56231 "-" "panscient.com" "www.saveaslave.com"[0]
71.127.222.91 - - [03/Nov/2016:22:06:05 -0700] "GET /article.php?id=8 HTTP/1.1" 200 54787 "-" "panscient.com" "saveaslave.com"
71.127.222.91 - - [03/Nov/2016:22:06:07 -0700] "GET /article.php?id=86 HTTP/1.1" 200 44007 "-" "panscient.com" "saveaslave.com"[0]
71.127.222.91 - - [03/Nov/2016:22:06:08 -0700] "GET /article.php?id=46 HTTP/1.1" 200 49323 "-" "panscient.com" "saveaslave.com"
71.127.222.91 - - [03/Nov/2016:22:06:11 -0700] "GET /article.php?id=13 HTTP/1.1" 200 60562 "-" "panscient.com" "saveaslave.com"
71.127.222.91 - - [03/Nov/2016:22:06:12 -0700] "GET /article.php?id=15 HTTP/1.1" 200 56231 "-" "panscient.com" "saveaslave.com"[0]
71.127.222.91 - - [03/Nov/2016:22:06:14 -0700] "GET /article.php?id=10 HTTP/1.1" 200 49493 "-" "panscient.com" "saveaslave.com"
71.127.222.91 - - [03/Nov/2016:22:06:16 -0700] "GET /article.php?id=12 HTTP/1.1" 200 49618 "-" "panscient.com" "saveaslave.com"[0]
71.127.222.91 - - [03/Nov/2016:22:06:17 -0700] "GET /article.php?id=11 HTTP/1.1" 200 67694 "-" "panscient.com" "saveaslave.com"
71.127.222.91 - - [03/Nov/2016:22:06:19 -0700] "GET /article.php?id=18 HTTP/1.1" 200 47153 "-" "panscient.com" "saveaslave.com"[0]
71.127.222.91 - - [03/Nov/2016:22:06:21 -0700] "GET /article.php?id=19 HTTP/1.1" 200 48730 "-" "panscient.com" "saveaslave.com"
71.127.222.91 - - [03/Nov/2016:22:06:23 -0700] "GET /js/jquery.easing.1.3.js HTTP/1.1" 200 8097 "-" "panscient.com" "www.saveaslave.com"
71.127.222.91 - - [03/Nov/2016:22:06:24 -0700] "GET /article.php?id=32 HTTP/1.1" 200 51107 "-" "panscient.com" "saveaslave.com"[0]
71.127.222.91 - - [03/Nov/2016:22:06:27 -0700] "GET /article.php?id=20 HTTP/1.1" 200 50220 "-" "panscient.com" "saveaslave.com"
71.127.222.91 - - [03/Nov/2016:22:06:28 -0700] "GET /article.php?id=114 HTTP/1.1" 200 43947 "-" "panscient.com" "saveaslave.com"
71.127.222.91 - - [03/Nov/2016:22:06:31 -0700] "GET /article.php?id=24 HTTP/1.1" 200 45901 "-" "panscient.com" "saveaslave.com"
71.127.222.91 - - [03/Nov/2016:22:06:32 -0700] "GET /article.php?id=21 HTTP/1.1" 200 49392 "-" "panscient.com" "saveaslave.com"
71.127.222.91 - - [03/Nov/2016:22:06:35 -0700] "GET /article.php?id=66 HTTP/1.1" 200 52851 "-" "panscient.com" "saveaslave.com"
71.127.222.91 - - [03/Nov/2016:22:06:37 -0700] "GET /article.php?id=63 HTTP/1.1" 200 45551 "-" "panscient.com" "saveaslave.com"
71.127.222.91 - - [03/Nov/2016:22:06:38 -0700] "GET /article.php?id=62 HTTP/1.1" 200 47708 "-" "panscient.com" "saveaslave.com"
71.127.222.91 - - [03/Nov/2016:22:06:39 -0700] "GET /article.php?id=61 HTTP/1.1" 200 56388 "-" "panscient.com" "saveaslave.com"
71.127.222.91 - - [03/Nov/2016:22:06:41 -0700] "GET /managelink.php HTTP/1.1" 200 1294 "-" "panscient.com" "www.saveaslave.com"
71.127.222.91 - - [03/Nov/2016:22:06:42 -0700] "GET /js/?S=A HTTP/1.1" 200 1685 "-" "panscient.com" "saveaslave.com"
71.127.222.91 - - [03/Nov/2016:22:06:43 -0700] "GET /js/?S=D HTTP/1.1" 200 1685 "-" "panscient.com" "saveaslave.com"
71.127.222.91 - - [03/Nov/2016:22:06:45 -0700] "GET /js/?S=D HTTP/1.1" 200 1685 "-" "panscient.com" "www.saveaslave.com"
71.127.222.91 - - [03/Nov/2016:22:06:47 -0700] "GET /who-we-are.php HTTP/1.1" 200 50871 "-" "panscient.com" "www.saveaslave.com"
151.80.221.42 - - [03/Nov/2016:22:16:38 -0700] "GET /our-newsr.php HTTP/1.1" 200 78316 "-" "Mozilla/5.0 (Windows NT 6.2; Win64; x64) AppleWebKit/537.36 (KHTML, like Gecko) Chrome/32.0.1667.0 Safari/537.36" "saveaslave.com"[1]
51.254.71.251 - - [03/Nov/2016:22:18:34 -0700] "POST /our-newsr.php HTTP/1.1" 200 61587 "-" "Mozilla/5.0 (compatible; MSIE 10.0; Windows NT 6.1; Trident/5.0)" "saveaslave.com"
176.31.246.38 - - [03/Nov/2016:22:19:35 -0700] "POST /our-newsr.php HTTP/1.1" 200 61587 "-" "Mozilla/5.0 (compatible; MSIE 10.0; Windows NT 6.1; WOW64; Trident/6.0)" "saveaslave.com"[1]
216.244.66.240 - - [03/Nov/2016:22:40:53 -0700] "GET /robots.txt HTTP/1.1" 200 48 "-" "Mozilla/5.0 (compatible; DotBot/1.1; http://www.opensiteexplorer.org/dotbot, help@moz.com)" "www.saveaslave.com"
216.244.66.240 - - [03/Nov/2016:22:41:39 -0700] "GET /robots.txt HTTP/1.1" 200 48 "-" "Mozilla/5.0 (compatible; DotBot/1.1; http://www.opensiteexplorer.org/dotbot, help@moz.com)" "www.saveaslave.com"[0]
65.36.241.48 - - [03/Nov/2016:22:46:19 -0700] "GET / HTTP/1.1" 200 90552 "-" "InternetSeer.com" "www.saveaslave.com"
178.33.36.253 - - [03/Nov/2016:22:57:09 -0700] "POST /our-newsr.php HTTP/1.1" 200 61587 "-" "Mozilla/5.0 (Windows NT 6.2; Win64; x64) AppleWebKit/537.36 (KHTML, like Gecko) Chrome/32.0.1667.0 Safari/537.36" "saveaslave.com"
51.254.146.70 - - [03/Nov/2016:23:04:09 -0700] "GET /our-newsr.php HTTP/1.1" 200 78316 "-" "Mozilla/5.0 (Windows NT 6.2; WOW64) AppleWebKit/537.36 (KHTML, like Gecko) Chrome/30.0.1599.17 Safari/537.36" "saveaslave.com"[2]
180.76.15.161 - - [03/Nov/2016:23:15:32 -0700] "GET /american_samoa.html HTTP/1.1" 404 89 "-" "Mozilla/5.0 (compatible; Baiduspider/2.0; +http://www.baidu.com/search/spider.html)" "www.saveaslave.com"
149.202.121.43 - - [03/Nov/2016:23:31:43 -0700] "POST /our-newsr.php HTTP/1.1" 200 61587 "-" "Mozilla/5.0 (Windows NT 6.1; WOW64; rv:27.0) Gecko/20100101 Firefox/27.0" "saveaslave.com"
137.74.58.124 - - [03/Nov/2016:23:49:14 -0700] "GET /our-newsr.php HTTP/1.1" 200 78316 "-" "Mozilla/5.0 (Windows NT 6.1; Win64; x64; rv:25.0) Gecko/20100101 Firefox/25.0" "saveaslave.com"[2]
94.23.78.236 - - [04/Nov/2016:00:01:52 -0700] "POST /our-newsr.php HTTP/1.1" 200 61587 "-" "Mozilla/5.0 (compatible; MSIE 10.0; Windows NT 6.1; WOW64; Trident/6.0)" "saveaslave.com"[3]
51.254.152.246 - - [04/Nov/2016:00:05:29 -0700] "POST /our-newsr.php HTTP/1.1" 200 61587 "-" "Mozilla/5.0 (Windows NT 6.2; WOW64) AppleWebKit/537.36 (KHTML, like Gecko) Chrome/30.0.1599.17 Safari/537.36" "saveaslave.com"
157.55.39.243 - - [04/Nov/2016:00:10:39 -0700] "GET /robots.txt HTTP/1.1" 200 48 "-" "Mozilla/5.0 (compatible; bingbot/2.0; +http://www.bing.com/bingbot.htm)" "saveaslave.com"
149.202.121.43 - - [04/Nov/2016:00:13:47 -0700] "POST /our-newsr.php HTTP/1.1" 200 61587 "-" "Mozilla/5.0 (compatible; MSIE 10.0; Windows NT 6.1; Trident/6.0)" "saveaslave.com"
65.36.241.48 - - [04/Nov/2016:00:34:03 -0700] "HEAD / HTTP/1.1" 200 0 "-" "InternetSeer.com" "www.saveaslave.com"
216.244.66.240 - - [04/Nov/2016:00:36:06 -0700] "GET /index.php HTTP/1.1" 200 90552 "-" "Mozilla/5.0 (compatible; DotBot/1.1; http://www.opensiteexplorer.org/dotbot, help@moz.com)" "www.saveaslave.com"
216.244.66.240 - - [04/Nov/2016:00:42:17 -0700] "GET /index.php HTTP/1.1" 200 90552 "-" "Mozilla/5.0 (compatible; DotBot/1.1; http://www.opensiteexplorer.org/dotbot, help@moz.com)" "www.saveaslave.com"
98.212.137.146 - - [04/Nov/2016:01:15:19 -0700] "GET /wp-login.php HTTP/1.1" 200 73 "-" "Mozilla/5.0 (Windows NT 6.1; WOW64; rv:40.0) Gecko/20100101 Firefox/40.1" "saveaslave.com"
98.212.137.146 - - [04/Nov/2016:01:15:26 -0700] "GET / HTTP/1.1" 200 90552 "-" "Mozilla/5.0 (Windows NT 6.1; WOW64; rv:40.0) Gecko/20100101 Firefox/40.1" "saveaslave.com"[7]
149.202.121.43 - - [04/Nov/2016:02:24:50 -0700] "GET /our-newsr.php HTTP/1.1" 200 78316 "-" "Mozilla/5.0 (Windows NT 6.2; Win64; x64) AppleWebKit/537.36 (KHTML, like Gecko) Chrome/32.0.1667.0 Safari/537.36" "saveaslave.com"
66.249.65.72 - - [04/Nov/2016:02:37:53 -0700] "GET /american_samoa.html HTTP/1.1" 404 89 "-" "Mozilla/5.0 (compatible; Googlebot/2.1; +http://www.google.com/bot.html)" "saveaslave.com"
137.74.59.177 - - [04/Nov/2016:02:43:11 -0700] "POST /our-newsr.php HTTP/1.1" 200 61587 "-" "Mozilla/5.0 (Windows NT 6.1; WOW64) AppleWebKit/537.36 (KHTML, like Gecko) Chrome/33.0.1750.117 Safari/537.36 OPR/20.0.1387.64" "saveaslave.com"
51.254.146.70 - - [04/Nov/2016:02:53:55 -0700] "POST /our-newsr.php HTTP/1.1" 200 61587 "-" "Mozilla/5.0 (Windows NT 6.2; WOW64) AppleWebKit/537.36 (KHTML, like Gecko) Chrome/30.0.1599.17 Safari/537.36" "saveaslave.com"[2]
178.255.215.78 - - [04/Nov/2016:02:55:50 -0700] "GET /robots.txt HTTP/1.1" 200 48 "-" "Mozilla/5.0 (compatible; Exabot/3.0; +http://www.exabot.com/go/robot)" "www.saveaslave.com"
178.255.215.78 - - [04/Nov/2016:02:55:51 -0700] "GET /tmp/?M=A HTTP/1.1" 403 255 "-" "Mozilla/5.0 (compatible; Exabot/3.0; +http://www.exabot.com/go/robot)" "www.saveaslave.com"[0]
137.74.59.177 - - [04/Nov/2016:03:00:58 -0700] "GET /our-newsr.php HTTP/1.1" 200 78316 "-" "Mozilla/5.0 (Windows NT 6.1; WOW64) AppleWebKit/537.36 (KHTML, like Gecko) Chrome/33.0.1750.117 Safari/537.36 OPR/20.0.1387.64" "saveaslave.com"
178.33.36.253 - - [04/Nov/2016:03:08:46 -0700] "GET /our-newsr.php HTTP/1.1" 200 78316 "-" "Mozilla/5.0 (Windows NT 6.1; WOW64; rv:27.0) Gecko/20100101 Firefox/27.0" "saveaslave.com"
51.254.71.251 - - [04/Nov/2016:03:16:09 -0700] "POST /our-newsr.php HTTP/1.1" 200 61587 "-" "Mozilla/5.0 (Windows NT 6.2; Win64; x64) AppleWebKit/537.36 (KHTML, like Gecko) Chrome/32.0.1667.0 Safari/537.36" "saveaslave.com"
178.33.36.253 - - [04/Nov/2016:03:16:58 -0700] "POST /our-newsr.php HTTP/1.1" 200 61587 "-" "Mozilla/5.0 (Windows NT 6.1; Win64; x64; rv:25.0) Gecko/20100101 Firefox/25.0" "saveaslave.com"
123.125.67.218 - - [04/Nov/2016:03:19:13 -0700] "GET / HTTP/1.1" 200 90552 "-" "Mozilla/5.0 (Windows NT 10.0; WOW64) AppleWebKit/537.36 (KHTML, like Gecko) Chrome/45.0.2454.93 Safari/537.36" "saveaslave.com"[1]
124.124.197.72 - - [04/Nov/2016:03:27:44 -0700] "GET /blog//wp-login.php HTTP/1.1" 404 89 "-" "Mozilla/5.0 (X11; U; Linux i686; pt-BR; rv:1.9.0.15) Gecko/2009102815 Ubuntu/9.04 (jaunty) Firefox/3.0.15" "www.saveaslave.com"
124.124.197.72 - - [04/Nov/2016:03:27:44 -0700] "GET /wordpress//wp-login.php HTTP/1.1" 404 89 "-" "Mozilla/5.0 (X11; U; Linux i686; pt-BR; rv:1.9.0.15) Gecko/2009102815 Ubuntu/9.04 (jaunty) Firefox/3.0.15" "www.saveaslave.com"[0]
124.124.197.72 - - [04/Nov/2016:03:27:44 -0700] "GET /wp//wp-login.php HTTP/1.1" 404 89 "-" "Mozilla/5.0 (X11; U; Linux i686; pt-BR; rv:1.9.0.15) Gecko/2009102815 Ubuntu/9.04 (jaunty) Firefox/3.0.15" "www.saveaslave.com"
178.33.34.75 - - [04/Nov/2016:03:32:06 -0700] "GET /our-newsr.php HTTP/1.1" 200 78316 "-" "Mozilla/5.0 (Windows NT 6.1; WOW64; rv:27.0) Gecko/20100101 Firefox/27.0" "saveaslave.com"
220.181.51.118 - - [04/Nov/2016:03:37:39 -0700] "GET /robots.txt HTTP/1.1" 200 48 "-" "Mozilla/5.0 (Windows NT 10.0; WOW64) AppleWebKit/537.36 (KHTML, like Gecko) Chrome/45.0.2454.93 Safari/537.36" "saveaslave.com"
123.125.71.13 - - [04/Nov/2016:03:38:39 -0700] "GET / HTTP/1.1" 200 90552 "-" "Mozilla/5.0 (compatible; Baiduspider/2.0; +http://www.baidu.com/search/spider.html)" "saveaslave.com"[1]
51.254.79.109 - - [04/Nov/2016:03:42:07 -0700] "POST /our-newsr.php HTTP/1.1" 200 61587 "-" "Mozilla/5.0 (Windows NT 6.2; Win64; x64) AppleWebKit/537.36 (KHTML, like Gecko) Chrome/32.0.1667.0 Safari/537.36" "saveaslave.com"
149.202.121.43 - - [04/Nov/2016:03:50:46 -0700] "GET /our-newsr.php HTTP/1.1" 200 78316 "-" "Mozilla/5.0 (Windows NT 6.1; WOW64) AppleWebKit/537.36 (KHTML, like Gecko) Chrome/33.0.1750.117 Safari/537.36 OPR/20.0.1387.64" "saveaslave.com"[2]
149.202.245.70 - - [04/Nov/2016:04:18:45 -0700] "GET /our-newsr.php HTTP/1.1" 200 78316 "-" "Mozilla/5.0 (compatible; MSIE 10.0; Windows NT 6.1; Trident/5.0)" "saveaslave.com"
51.254.152.246 - - [04/Nov/2016:04:19:51 -0700] "POST /our-newsr.php HTTP/1.1" 200 61587 "-" "Mozilla/5.0 (Windows NT 6.1; WOW64) AppleWebKit/537.36 (KHTML, like Gecko) Chrome/33.0.1750.117 Safari/537.36 OPR/20.0.1387.64" "saveaslave.com"[2]
220.181.108.109 - - [04/Nov/2016:04:37:19 -0700] "GET / HTTP/1.1" 200 90552 "-" "Mozilla/5.0 (compatible; Baiduspider/2.0; +http://www.baidu.com/search/spider.html)" "saveaslave.com"
51.254.152.246 - - [04/Nov/2016:04:37:47 -0700] "POST /our-newsr.php HTTP/1.1" 200 61587 "-" "Mozilla/5.0 (Windows NT 6.1; Win64; x64; rv:25.0) Gecko/20100101 Firefox/25.0" "saveaslave.com"
51.254.146.70 - - [04/Nov/2016:04:44:05 -0700] "GET /our-newsr.php HTTP/1.1" 200 78316 "-" "Mozilla/5.0 (compatible; MSIE 10.0; Windows NT 6.1; Trident/5.0)" "saveaslave.com"
134.249.53.114 - - [04/Nov/2016:05:05:01 -0700] "GET / HTTP/1.1" 200 90516 "http://komputers-best.ru/" "Mozilla/4.61 [en] (X11; U; ) - BrowseX (2.0.0 Windows)" "www.saveaslave.com"
178.137.165.59 - - [04/Nov/2016:05:07:17 -0700] "GET / HTTP/1.1" 200 90516 "http://heatpower.ru/" "Opera/9.0 (Windows NT 5.1; U; en)" "www.saveaslave.com"[1]
178.137.165.59 - - [04/Nov/2016:05:07:18 -0700] "GET / HTTP/1.1" 200 90516 "http://heatpower.ru/" "Opera/9.0 (Windows NT 5.1; U; en)" "www.saveaslave.com"[1]
178.137.165.59 - - [04/Nov/2016:05:07:19 -0700] "GET / HTTP/1.1" 200 90516 "http://heatpower.ru/" "Opera/9.0 (Windows NT 5.1; U; en)" "www.saveaslave.com"
94.23.78.236 - - [04/Nov/2016:05:10:12 -0700] "POST /our-newsr.php HTTP/1.1" 200 61587 "-" "Mozilla/5.0 (Windows NT 6.1; Win64; x64; rv:25.0) Gecko/20100101 Firefox/25.0" "saveaslave.com"
176.31.246.38 - - [04/Nov/2016:05:14:11 -0700] "GET /our-newsr.php HTTP/1.1" 200 78316 "-" "Mozilla/5.0 (compatible; MSIE 10.0; Windows NT 6.1; Trident/5.0)" "saveaslave.com"
180.76.15.144 - - [04/Nov/2016:05:26:24 -0700] "GET /index.php HTTP/1.1" 200 90552 "-" "Mozilla/5.0 (compatible; Baiduspider/2.0; +http://www.baidu.com/search/spider.html)" "www.saveaslave.com"[1]
123.126.113.250 - - [04/Nov/2016:05:30:42 -0700] "GET / HTTP/1.1" 200 90552 "-" "Wget/1.12 (linux-gnu)" "www.saveaslave.com"
51.254.79.109 - - [04/Nov/2016:05:31:38 -0700] "GET /our-newsr.php HTTP/1.1" 200 78316 "-" "Mozilla/5.0 (Windows NT 6.2; WOW64) AppleWebKit/537.36 (KHTML, like Gecko) Chrome/30.0.1599.17 Safari/537.36" "saveaslave.com"
137.74.59.177 - - [04/Nov/2016:05:41:58 -0700] "GET /our-newsr.php HTTP/1.1" 200 78316 "-" "Mozilla/5.0 (Windows NT 6.1; WOW64; rv:27.0) Gecko/20100101 Firefox/27.0" "saveaslave.com"[1]
51.254.79.109 - - [04/Nov/2016:05:47:56 -0700] "GET /our-newsr.php HTTP/1.1" 200 78316 "-" "Mozilla/5.0 (compatible; MSIE 10.0; Windows NT 6.1; WOW64; Trident/6.0)" "saveaslave.com"[1]
51.254.152.246 - - [04/Nov/2016:05:52:46 -0700] "GET /our-newsr.php HTTP/1.1" 200 78316 "-" "Mozilla/5.0 (Windows NT 6.1; Win64; x64; rv:25.0) Gecko/20100101 Firefox/25.0" "saveaslave.com"
178.32.44.63 - - [04/Nov/2016:05:55:26 -0700] "POST /our-newsr.php HTTP/1.1" 200 61587 "-" "Mozilla/5.0 (X11; U; Linux i686; ru; rv:1.9.0.5) Gecko/2008121622 Ubuntu/8.10 (intrepid) Firefox/3.0.5" "saveaslave.com"[2]
149.202.121.43 - - [04/Nov/2016:06:11:14 -0700] "POST /our-newsr.php HTTP/1.1" 200 61587 "-" "Mozilla/5.0 (Windows NT 6.1; WOW64; rv:27.0) Gecko/20100101 Firefox/27.0" "saveaslave.com"[2]
198.204.238.170 - - [04/Nov/2016:06:34:15 -0700] "GET /_core/utils/elfinder/elfinder.html HTTP/1.1" 404 89 "-" "-" "www.saveaslave.com"
198.204.238.170 - - [04/Nov/2016:06:34:15 -0700] "GET /packages/ahmadazimi/laravel-media-manager/elfinder.html HTTP/1.1" 404 89 "-" "-" "www.saveaslave.com"
198.204.238.170 - - [04/Nov/2016:06:34:15 -0700] "GET /modules/tadtools/ckeditor/elFinder/elfinder.html HTTP/1.1" 404 89 "-" "-" "www.saveaslave.com"
198.204.238.170 - - [04/Nov/2016:06:34:15 -0700] "GET /common/js/elfinder_2.0/elfinder.html HTTP/1.1" 404 89 "-" "-" "www.saveaslave.com"[0]
151.80.221.42 - - [04/Nov/2016:06:42:20 -0700] "POST /our-newsr.php HTTP/1.1" 200 61587 "-" "Mozilla/5.0 (compatible; MSIE 10.0; Windows NT 6.1; WOW64; Trident/6.0)" "saveaslave.com"
137.74.22.87 - - [04/Nov/2016:06:47:04 -0700] "GET /our-newsr.php HTTP/1.1" 200 78316 "-" "Mozilla/5.0 (X11; U; Linux i686; ru; rv:1.9.0.5) Gecko/2008121622 Ubuntu/8.10 (intrepid) Firefox/3.0.5" "saveaslave.com"[0]
51.254.152.246 - - [04/Nov/2016:06:56:23 -0700] "GET /our-newsr.php HTTP/1.1" 200 78316 "-" "Mozilla/5.0 (Windows NT 6.1; Win64; x64; rv:25.0) Gecko/20100101 Firefox/25.0" "saveaslave.com"
51.254.79.109 - - [04/Nov/2016:06:57:11 -0700] "POST /our-newsr.php HTTP/1.1" 200 61587 "-" "Mozilla/5.0 (compatible; MSIE 10.0; Windows NT 6.1; Trident/5.0)" "saveaslave.com"
149.202.245.70 - - [04/Nov/2016:07:07:59 -0700] "GET /our-newsr.php HTTP/1.1" 200 78316 "-" "Mozilla/5.0 (Windows NT 6.1; Win64; x64; rv:25.0) Gecko/20100101 Firefox/25.0" "saveaslave.com"
149.202.121.43 - - [04/Nov/2016:07:13:08 -0700] "GET /our-newsr.php HTTP/1.1" 200 78316 "-" "Mozilla/5.0 (compatible; MSIE 10.0; Windows NT 6.1; WOW64; Trident/6.0)" "saveaslave.com"[1]
151.80.221.42 - - [04/Nov/2016:07:16:41 -0700] "GET /our-newsr.php HTTP/1.1" 200 78316 "-" "Mozilla/5.0 (Windows NT 6.1; WOW64; rv:27.0) Gecko/20100101 Firefox/27.0" "saveaslave.com"[1]
51.254.71.251 - - [04/Nov/2016:07:32:45 -0700] "GET /our-newsr.php HTTP/1.1" 200 78316 "-" "Mozilla/5.0 (Windows NT 6.1; WOW64; rv:27.0) Gecko/20100101 Firefox/27.0" "saveaslave.com"[1]
137.74.59.177 - - [04/Nov/2016:07:38:35 -0700] "POST /our-newsr.php HTTP/1.1" 200 61587 "-" "Mozilla/5.0 (Windows NT 6.2; Win64; x64) AppleWebKit/537.36 (KHTML, like Gecko) Chrome/32.0.1667.0 Safari/537.36" "saveaslave.com"[2]
137.74.22.87 - - [04/Nov/2016:07:42:18 -0700] "GET /our-newsr.php HTTP/1.1" 200 78316 "-" "Mozilla/5.0 (compatible; MSIE 10.0; Windows NT 6.1; WOW64; Trident/6.0)" "saveaslave.com"[1]
151.80.221.42 - - [04/Nov/2016:07:47:01 -0700] "POST /our-newsr.php HTTP/1.1" 200 61587 "-" "Mozilla/5.0 (Windows NT 6.1; WOW64) AppleWebKit/537.36 (KHTML, like Gecko) Chrome/33.0.1750.117 Safari/537.36 OPR/20.0.1387.64" "saveaslave.com"
149.202.121.43 - - [04/Nov/2016:07:48:58 -0700] "GET /our-newsr.php HTTP/1.1" 200 78316 "-" "Mozilla/5.0 (X11; U; Linux i686; ru; rv:1.9.0.5) Gecko/2008121622 Ubuntu/8.10 (intrepid) Firefox/3.0.5" "saveaslave.com"[1]
178.33.36.253 - - [04/Nov/2016:07:53:54 -0700] "GET /our-newsr.php HTTP/1.1" 200 78316 "-" "Mozilla/5.0 (Windows NT 6.1; Win64; x64; rv:25.0) Gecko/20100101 Firefox/25.0" "saveaslave.com"
97.77.104.22 - - [04/Nov/2016:07:54:44 -0700] "GET /addlink.php HTTP/1.1" 200 12860 "http://www.yellowpages.com/brooklyn-ny/mip/sirota-vladislav-459406861" "Mozilla/5.0 (Windows NT 10.0; WOW64; rv:44.0) Gecko/20100101 Firefox/44.0" "saveaslave.com"
151.80.221.42 - - [04/Nov/2016:07:56:32 -0700] "GET /our-newsr.php HTTP/1.1" 200 78316 "-" "Mozilla/5.0 (compatible; MSIE 10.0; Windows NT 6.1; WOW64; Trident/6.0)" "saveaslave.com"
178.33.34.75 - - [04/Nov/2016:07:58:34 -0700] "POST /our-newsr.php HTTP/1.1" 200 61587 "-" "Mozilla/5.0 (Windows NT 6.2; WOW64) AppleWebKit/537.36 (KHTML, like Gecko) Chrome/30.0.1599.17 Safari/537.36" "saveaslave.com"[2]
151.80.31.105 - - [04/Nov/2016:08:03:05 -0700] "GET /robots.txt HTTP/1.1" 200 48 "-" "Mozilla/5.0 (compatible; AhrefsBot/5.1; +http://ahrefs.com/robot/)" "www.saveaslave.com"[0]
157.55.39.243 - - [04/Nov/2016:08:13:35 -0700] "GET /robots.txt HTTP/1.1" 200 48 "-" "Mozilla/5.0 (compatible; bingbot/2.0; +http://www.bing.com/bingbot.htm)" "saveaslave.com"
176.31.246.38 - - [04/Nov/2016:08:28:05 -0700] "POST /our-newsr.php HTTP/1.1" 200 61587 "-" "Mozilla/5.0 (compatible; MSIE 10.0; Windows NT 6.1; Trident/5.0)" "saveaslave.com"
149.202.121.43 - - [04/Nov/2016:08:37:56 -0700] "POST /our-newsr.php HTTP/1.1" 200 61587 "-" "Mozilla/5.0 (Windows NT 6.2; WOW64) AppleWebKit/537.36 (KHTML, like Gecko) Chrome/30.0.1599.17 Safari/537.36" "saveaslave.com"[2]
149.202.245.70 - - [04/Nov/2016:08:53:19 -0700] "POST /our-newsr.php HTTP/1.1" 200 61587 "-" "Mozilla/5.0 (Windows NT 6.1; Win64; x64; rv:25.0) Gecko/20100101 Firefox/25.0" "saveaslave.com"[2]
178.33.34.75 - - [04/Nov/2016:08:56:47 -0700] "POST /our-newsr.php HTTP/1.1" 200 61587 "-" "Mozilla/5.0 (Windows NT 6.1; WOW64; rv:27.0) Gecko/20100101 Firefox/27.0" "saveaslave.com"
137.74.22.87 - - [04/Nov/2016:09:09:06 -0700] "GET /our-newsr.php HTTP/1.1" 200 78316 "-" "Mozilla/5.0 (compatible; MSIE 10.0; Windows NT 6.1; Trident/5.0)" "saveaslave.com"[2]
66.249.65.72 - - [04/Nov/2016:09:11:26 -0700] "GET /apple-app-site-association HTTP/1.1" 403 255 "-" "Mozilla/5.0 (compatible; Googlebot/2.1; +http://www.google.com/bot.html)" "saveaslave.com"
141.8.143.194 - - [04/Nov/2016:09:23:44 -0700] "GET /robots.txt HTTP/1.1" 200 48 "-" "Mozilla/5.0 (compatible; YandexBot/3.0; +http://yandex.com/bots)" "saveaslave.com"
141.8.143.182 - - [04/Nov/2016:09:23:48 -0700] "GET /images/supporters/wif_logo.jpg HTTP/1.1" 200 13227 "-" "Mozilla/5.0 (compatible; YandexImages/3.0; +http://yandex.com/bots)" "saveaslave.com"
51.254.146.70 - - [04/Nov/2016:09:35:26 -0700] "POST /our-newsr.php HTTP/1.1" 200 61587 "-" "Mozilla/5.0 (compatible; MSIE 10.0; Windows NT 6.1; WOW64; Trident/6.0)" "saveaslave.com"
51.254.79.109 - - [04/Nov/2016:09:42:27 -0700] "POST /our-newsr.php HTTP/1.1" 200 61587 "-" "Mozilla/5.0 (Windows NT 6.1; WOW64; rv:27.0) Gecko/20100101 Firefox/27.0" "saveaslave.com"
149.202.245.70 - - [04/Nov/2016:09:45:53 -0700] "POST /our-newsr.php HTTP/1.1" 200 61587 "-" "Mozilla/5.0 (Windows NT 6.1; WOW64; rv:27.0) Gecko/20100101 Firefox/27.0" "saveaslave.com"
65.36.241.48 - - [04/Nov/2016:09:57:35 -0700] "HEAD /?tpl=references&Itemid=3 HTTP/1.1" 200 0 "-" "InternetSeer.com" "www.saveaslave.com"
81.174.167.183 - - [04/Nov/2016:09:59:30 -0700] "GET /css/bootstrap.min.css HTTP/1.1" 200 123578 "http://saveaslave.com/" "Mozilla/5.0 (Macintosh; Intel Mac OS X 10_12_1) AppleWebKit/537.36 (KHTML, like Gecko) Chrome/54.0.2840.71 Safari/537.36" "saveaslave.com"
81.174.167.183 - - [04/Nov/2016:09:59:30 -0700] "GET /gfeedfetcher.js HTTP/1.1" 200 9018 "http://saveaslave.com/" "Mozilla/5.0 (Macintosh; Intel Mac OS X 10_12_1) AppleWebKit/537.36 (KHTML, like Gecko) Chrome/54.0.2840.71 Safari/537.36" "saveaslave.com"
81.174.167.183 - - [04/Nov/2016:09:59:30 -0700] "GET /assets/js/ie-emulation-modes-warning.js HTTP/1.1" 200 2130 "http://saveaslave.com/" "Mozilla/5.0 (Macintosh; Intel Mac OS X 10_12_1) AppleWebKit/537.36 (KHTML, like Gecko) Chrome/54.0.2840.71 Safari/537.36" "saveaslave.com"
81.174.167.183 - - [04/Nov/2016:09:59:30 -0700] "GET /gajaxscroller.js HTTP/1.1" 200 9774 "http://saveaslave.com/" "Mozilla/5.0 (Macintosh; Intel Mac OS X 10_12_1) AppleWebKit/537.36 (KHTML, like Gecko) Chrome/54.0.2840.71 Safari/537.36" "saveaslave.com"[0]
81.174.167.183 - - [04/Nov/2016:09:59:30 -0700] "GET /css/style-pages.css HTTP/1.1" 200 9894 "http://saveaslave.com/" "Mozilla/5.0 (Macintosh; Intel Mac OS X 10_12_1) AppleWebKit/537.36 (KHTML, like Gecko) Chrome/54.0.2840.71 Safari/537.36" "saveaslave.com"
81.174.167.183 - - [04/Nov/2016:09:59:31 -0700] "GET /js/bootstrap.min.js HTTP/1.1" 200 37055 "http://saveaslave.com/" "Mozilla/5.0 (Macintosh; Intel Mac OS X 10_12_1) AppleWebKit/537.36 (KHTML, like Gecko) Chrome/54.0.2840.71 Safari/537.36" "saveaslave.com"
81.174.167.183 - - [04/Nov/2016:09:59:31 -0700] "GET /assets/js/ie10-viewport-bug-workaround.js HTTP/1.1" 200 641 "http://saveaslave.com/" "Mozilla/5.0 (Macintosh; Intel Mac OS X 10_12_1) AppleWebKit/537.36 (KHTML, like Gecko) Chrome/54.0.2840.71 Safari/537.36" "saveaslave.com"[0]
81.174.167.183 - - [04/Nov/2016:09:59:31 -0700] "GET /images/logo2.png HTTP/1.1" 200 18525 "http://saveaslave.com/" "Mozilla/5.0 (Macintosh; Intel Mac OS X 10_12_1) AppleWebKit/537.36 (KHTML, like Gecko) Chrome/54.0.2840.71 Safari/537.36" "saveaslave.com"
81.174.167.183 - - [04/Nov/2016:09:59:31 -0700] "GET /images/article/end_it.jpg HTTP/1.1" 200 33676 "http://saveaslave.com/" "Mozilla/5.0 (Macintosh; Intel Mac OS X 10_12_1) AppleWebKit/537.36 (KHTML, like Gecko) Chrome/54.0.2840.71 Safari/537.36" "saveaslave.com"
81.174.167.183 - - [04/Nov/2016:09:59:31 -0700] "GET /addarticle.php HTTP/1.1" 200 13761 "http://saveaslave.com/" "Mozilla/5.0 (Macintosh; Intel Mac OS X 10_12_1) AppleWebKit/537.36 (KHTML, like Gecko) Chrome/54.0.2840.71 Safari/537.36" "saveaslave.com"[0]
81.174.167.183 - - [04/Nov/2016:09:59:31 -0700] "GET /images/social3.png HTTP/1.1" 200 4343 "http://saveaslave.com/" "Mozilla/5.0 (Macintosh; Intel Mac OS X 10_12_1) AppleWebKit/537.36 (KHTML, like Gecko) Chrome/54.0.2840.71 Safari/537.36" "saveaslave.com"
81.174.167.183 - - [04/Nov/2016:09:59:31 -0700] "GET /images/social1.png HTTP/1.1" 200 2012 "http://saveaslave.com/" "Mozilla/5.0 (Macintosh; Intel Mac OS X 10_12_1) AppleWebKit/537.36 (KHTML, like Gecko) Chrome/54.0.2840.71 Safari/537.36" "saveaslave.com"
81.174.167.183 - - [04/Nov/2016:09:59:31 -0700] "GET /images/article/suspects.jpg HTTP/1.1" 200 58796 "http://saveaslave.com/" "Mozilla/5.0 (Macintosh; Intel Mac OS X 10_12_1) AppleWebKit/537.36 (KHTML, like Gecko) Chrome/54.0.2840.71 Safari/537.36" "saveaslave.com"
81.174.167.183 - - [04/Nov/2016:09:59:31 -0700] "GET /images/social2.png HTTP/1.1" 200 1752 "http://saveaslave.com/" "Mozilla/5.0 (Macintosh; Intel Mac OS X 10_12_1) AppleWebKit/537.36 (KHTML, like Gecko) Chrome/54.0.2840.71 Safari/537.36" "saveaslave.com"
81.174.167.183 - - [04/Nov/2016:09:59:32 -0700] "GET /css/down-arrow.png HTTP/1.1" 404 89 "http://saveaslave.com/css/elements.css" "Mozilla/5.0 (Macintosh; Intel Mac OS X 10_12_1) AppleWebKit/537.36 (KHTML, like Gecko) Chrome/54.0.2840.71 Safari/537.36" "saveaslave.com"
81.174.167.183 - - [04/Nov/2016:09:59:34 -0700] "GET /favicon.ico HTTP/1.1" 404 89 "http://saveaslave.com/" "Mozilla/5.0 (Macintosh; Intel Mac OS X 10_12_1) AppleWebKit/537.36 (KHTML, like Gecko) Chrome/54.0.2840.71 Safari/537.36" "saveaslave.com"
81.174.167.183 - - [04/Nov/2016:09:59:34 -0700] "GET /ico/favicon-16x16.png HTTP/1.1" 200 1129 "http://saveaslave.com/" "Mozilla/5.0 (Macintosh; Intel Mac OS X 10_12_1) AppleWebKit/537.36 (KHTML, like Gecko) Chrome/54.0.2840.71 Safari/537.36" "saveaslave.com"
81.174.167.183 - - [04/Nov/2016:09:59:34 -0700] "GET /ico/favicon-96x96.png HTTP/1.1" 200 4476 "http://saveaslave.com/" "Mozilla/5.0 (Macintosh; Intel Mac OS X 10_12_1) AppleWebKit/537.36 (KHTML, like Gecko) Chrome/54.0.2840.71 Safari/537.36" "saveaslave.com"
81.174.167.183 - - [04/Nov/2016:09:59:34 -0700] "GET /ico/favicon-32x32.png HTTP/1.1" 200 1892 "http://saveaslave.com/" "Mozilla/5.0 (Macintosh; Intel Mac OS X 10_12_1) AppleWebKit/537.36 (KHTML, like Gecko) Chrome/54.0.2840.71 Safari/537.36" "saveaslave.com"
81.174.167.183 - - [04/Nov/2016:09:59:34 -0700] "GET /ico/android-icon-192x192.png HTTP/1.1" 200 10097 "http://saveaslave.com/" "Mozilla/5.0 (Macintosh; Intel Mac OS X 10_12_1) AppleWebKit/537.36 (KHTML, like Gecko) Chrome/54.0.2840.71 Safari/537.36" "saveaslave.com"
137.74.59.177 - - [04/Nov/2016:10:15:23 -0700] "GET /our-newsr.php HTTP/1.1" 200 78316 "-" "Mozilla/5.0 (X11; U; Linux i686; ru; rv:1.9.0.5) Gecko/2008121622 Ubuntu/8.10 (intrepid) Firefox/3.0.5" "saveaslave.com"[1]
54.211.242.79 - - [04/Nov/2016:10:17:03 -0700] "GET / HTTP/1.1" 200 90552 "-" "-" "saveaslave.com"[0]
51.254.146.70 - - [04/Nov/2016:10:17:33 -0700] "GET /our-newsr.php HTTP/1.1" 200 78316 "-" "Mozilla/5.0 (Windows NT 6.1; Win64; x64; rv:25.0) Gecko/20100101 Firefox/25.0" "saveaslave.com"
51.254.71.251 - - [04/Nov/2016:10:19:27 -0700] "POST /our-newsr.php HTTP/1.1" 200 61587 "-" "Mozilla/5.0 (compatible; MSIE 10.0; Windows NT 6.1; Trident/5.0)" "saveaslave.com"
51.254.79.109 - - [04/Nov/2016:10:26:42 -0700] "POST /our-newsr.php HTTP/1.1" 200 61587 "-" "Mozilla/5.0 (compatible; MSIE 10.0; Windows NT 6.1; WOW64; Trident/6.0)" "saveaslave.com"
216.244.66.240 - - [04/Nov/2016:10:42:21 -0700] "GET /robots.txt HTTP/1.1" 200 48 "-" "Mozilla/5.0 (compatible; DotBot/1.1; http://www.opensiteexplorer.org/dotbot, help@moz.com)" "saveaslave.com"
216.244.66.240 - - [04/Nov/2016:10:42:21 -0700] "GET /robots.txt HTTP/1.1" 200 48 "-" "Mozilla/5.0 (compatible; DotBot/1.1; http://www.opensiteexplorer.org/dotbot, help@moz.com)" "www.saveaslave.com"
216.244.66.240 - - [04/Nov/2016:10:43:01 -0700] "GET /robots.txt HTTP/1.1" 200 48 "-" "Mozilla/5.0 (compatible; DotBot/1.1; http://www.opensiteexplorer.org/dotbot, help@moz.com)" "www.saveaslave.com"
216.244.66.240 - - [04/Nov/2016:10:43:01 -0700] "GET /robots.txt HTTP/1.1" 200 48 "-" "Mozilla/5.0 (compatible; DotBot/1.1; http://www.opensiteexplorer.org/dotbot, help@moz.com)" "saveaslave.com"
65.36.241.48 - - [04/Nov/2016:10:48:01 -0700] "HEAD / HTTP/1.1" 200 0 "-" "InternetSeer.com" "www.saveaslave.com"
149.202.245.70 - - [04/Nov/2016:10:55:41 -0700] "POST /our-newsr.php HTTP/1.1" 200 61587 "-" "Mozilla/5.0 (Windows NT 6.2; Win64; x64) AppleWebKit/537.36 (KHTML, like Gecko) Chrome/32.0.1667.0 Safari/537.36" "saveaslave.com"[2]
178.33.36.253 - - [04/Nov/2016:11:08:38 -0700] "POST /our-newsr.php HTTP/1.1" 200 61587 "-" "Mozilla/5.0 (Windows NT 6.1; WOW64) AppleWebKit/537.36 (KHTML, like Gecko) Chrome/33.0.1750.117 Safari/537.36 OPR/20.0.1387.64" "saveaslave.com"[3]
176.31.246.38 - - [04/Nov/2016:11:10:35 -0700] "POST /our-newsr.php HTTP/1.1" 200 61587 "-" "Mozilla/5.0 (compatible; MSIE 10.0; Windows NT 6.1; Trident/6.0)" "saveaslave.com"[2]
176.31.246.38 - - [04/Nov/2016:11:11:59 -0700] "GET /our-newsr.php HTTP/1.1" 200 78316 "-" "Mozilla/5.0 (Windows NT 6.1; WOW64; rv:27.0) Gecko/20100101 Firefox/27.0" "saveaslave.com"[1]
54.221.116.159 - - [04/Nov/2016:11:13:44 -0700] "GET / HTTP/1.1" 200 90552 "-" "-" "saveaslave.com"[1]
94.23.78.236 - - [04/Nov/2016:11:18:02 -0700] "GET /our-newsr.php HTTP/1.1" 200 78316 "-" "Mozilla/5.0 (compatible; MSIE 10.0; Windows NT 6.1; Trident/6.0)" "saveaslave.com"[1]
149.202.245.70 - - [04/Nov/2016:11:21:47 -0700] "GET /our-newsr.php HTTP/1.1" 200 78316 "-" "Mozilla/5.0 (Windows NT 6.1; Win64; x64; rv:25.0) Gecko/20100101 Firefox/25.0" "saveaslave.com"
151.80.221.42 - - [04/Nov/2016:11:26:09 -0700] "POST /our-newsr.php HTTP/1.1" 200 61587 "-" "Mozilla/5.0 (compatible; MSIE 10.0; Windows NT 6.1; Trident/5.0)" "saveaslave.com"[3]
178.33.36.253 - - [04/Nov/2016:11:35:06 -0700] "GET /our-newsr.php HTTP/1.1" 200 78316 "-" "Mozilla/5.0 (X11; U; Linux i686; ru; rv:1.9.0.5) Gecko/2008121622 Ubuntu/8.10 (intrepid) Firefox/3.0.5" "saveaslave.com"
51.254.152.246 - - [04/Nov/2016:11:39:06 -0700] "POST /our-newsr.php HTTP/1.1" 200 61587 "-" "Mozilla/5.0 (Windows NT 6.1; WOW64; rv:27.0) Gecko/20100101 Firefox/27.0" "saveaslave.com"
137.74.58.124 - - [04/Nov/2016:11:47:48 -0700] "GET /our-newsr.php HTTP/1.1" 200 78316 "-" "Mozilla/5.0 (Windows NT 6.1; Win64; x64; rv:25.0) Gecko/20100101 Firefox/25.0" "saveaslave.com"
151.80.31.104 - - [04/Nov/2016:11:48:18 -0700] "GET /robots.txt HTTP/1.1" 200 48 "-" "Mozilla/5.0 (compatible; AhrefsBot/5.1; +http://ahrefs.com/robot/)" "saveaslave.com"
163.172.66.47 - - [04/Nov/2016:11:48:18 -0700] "GET /micronesia.html HTTP/1.1" 404 89 "-" "Mozilla/5.0 (compatible; AhrefsBot/5.1; +http://ahrefs.com/robot/)" "saveaslave.com"
137.74.58.124 - - [04/Nov/2016:11:50:41 -0700] "POST /our-newsr.php HTTP/1.1" 200 61587 "-" "Mozilla/5.0 (compatible; MSIE 10.0; Windows NT 6.1; WOW64; Trident/6.0)" "saveaslave.com"
178.32.44.63 - - [04/Nov/2016:11:52:23 -0700] "GET /our-newsr.php HTTP/1.1" 200 78316 "-" "Mozilla/5.0 (compatible; MSIE 10.0; Windows NT 6.1; Trident/5.0)" "saveaslave.com"
220.181.108.157 - - [04/Nov/2016:12:12:40 -0700] "GET /addarticle.php HTTP/1.1" 200 13761 "-" "Mozilla/5.0 (compatible; Baiduspider/2.0; +http://www.baidu.com/search/spider.html)" "www.saveaslave.com"
216.244.66.240 - - [04/Nov/2016:12:24:16 -0700] "GET /article.php?id=18 HTTP/1.1" 200 47153 "-" "Mozilla/5.0 (compatible; DotBot/1.1; http://www.opensiteexplorer.org/dotbot, help@moz.com)" "saveaslave.com"[2]
149.202.121.43 - - [04/Nov/2016:12:28:17 -0700] "GET /our-newsr.php HTTP/1.1" 200 78316 "-" "Mozilla/5.0 (Windows NT 6.1; WOW64) AppleWebKit/537.36 (KHTML, like Gecko) Chrome/33.0.1750.117 Safari/537.36 OPR/20.0.1387.64" "saveaslave.com"
69.76.0.75 - - [04/Nov/2016:12:31:51 -0700] "GET /images/article/suspects.jpg HTTP/1.1" 200 58796 "https://www.google.com/" "Mozilla/5.0 (Windows NT 6.3; WOW64; rv:49.0) Gecko/20100101 Firefox/49.0" "www.saveaslave.com"
216.244.66.240 - - [04/Nov/2016:12:34:21 -0700] "GET /article.php?id=48 HTTP/1.1" 200 776 "-" "Mozilla/5.0 (compatible; DotBot/1.1; http://www.opensiteexplorer.org/dotbot, help@moz.com)" "www.saveaslave.com"
163.172.64.231 - - [04/Nov/2016:12:50:03 -0700] "GET /www.ucclb.org HTTP/1.1" 404 89 "-" "Mozilla/5.0 (compatible; AhrefsBot/5.1; +http://ahrefs.com/robot/)" "saveaslave.com"
54.84.196.120 - - [04/Nov/2016:12:57:38 -0700] "GET / HTTP/1.1" 200 90552 "-" "-" "saveaslave.com"
51.254.79.109 - - [04/Nov/2016:13:09:33 -0700] "GET /our-newsr.php HTTP/1.1" 200 78316 "-" "Mozilla/5.0 (Windows NT 6.1; WOW64; rv:27.0) Gecko/20100101 Firefox/27.0" "saveaslave.com"
137.74.21.243 - - [04/Nov/2016:13:13:13 -0700] "POST /our-newsr.php HTTP/1.1" 200 61587 "-" "Mozilla/5.0 (Windows NT 6.1; WOW64; rv:27.0) Gecko/20100101 Firefox/27.0" "saveaslave.com"
51.254.71.251 - - [04/Nov/2016:13:17:20 -0700] "POST /our-newsr.php HTTP/1.1" 200 61587 "-" "Mozilla/5.0 (Windows NT 6.1; WOW64) AppleWebKit/537.36 (KHTML, like Gecko) Chrome/33.0.1750.117 Safari/537.36 OPR/20.0.1387.64" "saveaslave.com"
137.74.59.177 - - [04/Nov/2016:13:20:01 -0700] "POST /our-newsr.php HTTP/1.1" 200 61587 "-" "Mozilla/5.0 (Windows NT 6.1; WOW64; rv:27.0) Gecko/20100101 Firefox/27.0" "saveaslave.com"
73.26.138.149 - - [04/Nov/2016:13:20:22 -0700] "GET / HTTP/1.1" 200 90552 "-" "Mozilla/5.0 (Macintosh; Intel Mac OS X 10.12; rv:49.0) Gecko/20100101 Firefox/49.0" "saveaslave.com"[1]
73.26.138.149 - - [04/Nov/2016:13:20:23 -0700] "GET / HTTP/1.1" 200 90552 "-" "Mozilla/5.0 (Macintosh; Intel Mac OS X 10.12; rv:49.0) Gecko/20100101 Firefox/49.0" "saveaslave.com"
73.26.138.149 - - [04/Nov/2016:13:20:23 -0700] "GET /css/elements.css HTTP/1.1" 200 17857 "http://saveaslave.com/" "Mozilla/5.0 (Macintosh; Intel Mac OS X 10.12; rv:49.0) Gecko/20100101 Firefox/49.0" "saveaslave.com"
73.26.138.149 - - [04/Nov/2016:13:20:23 -0700] "GET /assets/js/ie-emulation-modes-warning.js HTTP/1.1" 200 2130 "http://saveaslave.com/" "Mozilla/5.0 (Macintosh; Intel Mac OS X 10.12; rv:49.0) Gecko/20100101 Firefox/49.0" "saveaslave.com"
73.26.138.149 - - [04/Nov/2016:13:20:23 -0700] "GET /favicon.ico HTTP/1.1" 404 89 "-" "Mozilla/5.0 (Macintosh; Intel Mac OS X 10.12; rv:49.0) Gecko/20100101 Firefox/49.0" "saveaslave.com"
73.26.138.149 - - [04/Nov/2016:13:20:24 -0700] "GET /gajaxscroller.js HTTP/1.1" 200 9774 "http://saveaslave.com/" "Mozilla/5.0 (Macintosh; Intel Mac OS X 10.12; rv:49.0) Gecko/20100101 Firefox/49.0" "saveaslave.com"
73.26.138.149 - - [04/Nov/2016:13:20:24 -0700] "GET /css/style-pages.css HTTP/1.1" 200 9894 "http://saveaslave.com/" "Mozilla/5.0 (Macintosh; Intel Mac OS X 10.12; rv:49.0) Gecko/20100101 Firefox/49.0" "saveaslave.com"
73.26.138.149 - - [04/Nov/2016:13:20:41 -0700] "GET /images/top.jpg HTTP/1.1" 200 50519 "http://saveaslave.com/" "Mozilla/5.0 (Macintosh; Intel Mac OS X 10.12; rv:49.0) Gecko/20100101 Firefox/49.0" "saveaslave.com"
73.26.138.149 - - [04/Nov/2016:13:20:43 -0700] "GET /css/down-arrow.png HTTP/1.1" 404 89 "http://saveaslave.com/css/elements.css" "Mozilla/5.0 (Macintosh; Intel Mac OS X 10.12; rv:49.0) Gecko/20100101 Firefox/49.0" "saveaslave.com"
51.254.152.246 - - [04/Nov/2016:13:24:08 -0700] "POST /our-newsr.php HTTP/1.1" 200 61587 "-" "Mozilla/5.0 (compatible; MSIE 10.0; Windows NT 6.1; Trident/6.0)" "saveaslave.com"[2]
51.254.79.109 - - [04/Nov/2016:13:57:15 -0700] "GET /our-newsr.php HTTP/1.1" 200 78316 "-" "Mozilla/5.0 (compatible; MSIE 10.0; Windows NT 6.1; WOW64; Trident/6.0)" "saveaslave.com"[3]
188.165.173.1 - - [04/Nov/2016:14:03:13 -0700] "POST /our-newsr.php HTTP/1.1" 200 61587 "-" "Mozilla/5.0 (Windows NT 6.2; WOW64) AppleWebKit/537.36 (KHTML, like Gecko) Chrome/30.0.1599.17 Safari/537.36" "saveaslave.com"
66.249.64.195 - - [04/Nov/2016:14:18:47 -0700] "GET /british_indian.html HTTP/1.1" 404 89 "-" "Mozilla/5.0 (compatible; Googlebot/2.1; +http://www.google.com/bot.html)" "saveaslave.com"
180.76.15.153 - - [04/Nov/2016:14:30:06 -0700] "GET /news4.php HTTP/1.1" 200 73 "-" "Mozilla/5.0 (compatible; Baiduspider/2.0; +http://www.baidu.com/search/spider.html)" "www.saveaslave.com"[0]
149.202.245.70 - - [04/Nov/2016:14:34:59 -0700] "POST /our-newsr.php HTTP/1.1" 200 61587 "-" "Mozilla/5.0 (compatible; MSIE 10.0; Windows NT 6.1; WOW64; Trident/6.0)" "saveaslave.com"
137.74.58.124 - - [04/Nov/2016:14:50:41 -0700] "POST /our-newsr.php HTTP/1.1" 200 61587 "-" "Mozilla/5.0 (Windows NT 6.2; WOW64) AppleWebKit/537.36 (KHTML, like Gecko) Chrome/30.0.1599.17 Safari/537.36" "saveaslave.com"
51.254.71.251 - - [04/Nov/2016:14:50:47 -0700] "POST /our-newsr.php HTTP/1.1" 200 61587 "-" "Mozilla/5.0 (compatible; MSIE 10.0; Windows NT 6.1; WOW64; Trident/6.0)" "saveaslave.com"[1]
5.248.253.78 - - [04/Nov/2016:14:57:10 -0700] "GET / HTTP/1.1" 200 90516 "http://viberdownload10.com/viber-for-android/" "Mozilla/4.0 (compatible; MSIE 5.01; Windows 95; MSIECrawler)" "www.saveaslave.com"
5.248.253.78 - - [04/Nov/2016:14:57:10 -0700] "GET / HTTP/1.1" 200 90516 "http://viberdownload10.com/viber-for-android/" "Mozilla/4.0 (compatible; MSIE 5.01; Windows 95; MSIECrawler)" "www.saveaslave.com"
5.248.253.78 - - [04/Nov/2016:14:57:11 -0700] "GET / HTTP/1.1" 200 90516 "http://viberdownload10.com/viber-for-android/" "Mozilla/4.0 (compatible; MSIE 5.01; Windows 95; MSIECrawler)" "www.saveaslave.com"[1]
178.137.165.59 - - [04/Nov/2016:14:59:39 -0700] "GET / HTTP/1.1" 200 90516 "http://light.ifmo.ru/" "Opera/9.01 (Windows NT 5.1; U; en)" "www.saveaslave.com"
51.254.71.251 - - [04/Nov/2016:15:01:56 -0700] "GET /our-newsr.php HTTP/1.1" 200 78316 "-" "Mozilla/5.0 (Windows NT 6.1; WOW64; rv:27.0) Gecko/20100101 Firefox/27.0" "saveaslave.com"[0]
178.33.34.75 - - [04/Nov/2016:15:03:25 -0700] "POST /our-newsr.php HTTP/1.1" 200 61587 "-" "Mozilla/5.0 (Windows NT 6.1; WOW64; rv:27.0) Gecko/20100101 Firefox/27.0" "saveaslave.com"
180.76.15.160 - - [04/Nov/2016:15:03:35 -0700] "GET /country.php?name=Brunei&lang=en HTTP/1.1" 200 52928 "-" "Mozilla/5.0 (compatible; Baiduspider/2.0; +http://www.baidu.com/search/spider.html)" "www.saveaslave.com"
94.23.78.236 - - [04/Nov/2016:15:06:45 -0700] "POST /our-newsr.php HTTP/1.1" 200 61587 "-" "Mozilla/5.0 (compatible; MSIE 10.0; Windows NT 6.1; Trident/5.0)" "saveaslave.com"
172.56.7.111 - - [04/Nov/2016:15:19:07 -0700] "GET /images/article5.jpg HTTP/1.1" 200 14497 "https://www.google.com/" "Mozilla/5.0 (iPhone; CPU iPhone OS 10_0_2 like Mac OS X) AppleWebKit/602.1.50 (KHTML, like Gecko) Version/10.0 Mobile/14A456 Safari/602.1" "www.saveaslave.com"
65.36.241.48 - - [04/Nov/2016:15:20:30 -0700] "HEAD / HTTP/1.1" 200 0 "-" "InternetSeer.com" "www.saveaslave.com"
51.254.79.109 - - [04/Nov/2016:15:41:51 -0700] "POST /our-newsr.php HTTP/1.1" 200 61587 "-" "Mozilla/5.0 (compatible; MSIE 10.0; Windows NT 6.1; WOW64; Trident/6.0)" "saveaslave.com"[2]
137.74.21.243 - - [04/Nov/2016:16:14:27 -0700] "GET /our-newsr.php HTTP/1.1" 200 78316 "-" "Mozilla/5.0 (Windows NT 6.2; Win64; x64) AppleWebKit/537.36 (KHTML, like Gecko) Chrome/32.0.1667.0 Safari/537.36" "saveaslave.com"[2]
149.202.121.43 - - [04/Nov/2016:16:39:34 -0700] "GET /our-newsr.php HTTP/1.1" 200 78316 "-" "Mozilla/5.0 (compatible; MSIE 10.0; Windows NT 6.1; Trident/5.0)" "saveaslave.com"[2]
68.180.230.120 - - [04/Nov/2016:16:44:08 -0700] "GET /manifest.json HTTP/1.1" 404 89 "-" "Mozilla/5.0 (compatible; Yahoo! Slurp; http://help.yahoo.com/help/us/ysearch/slurp)" "www.saveaslave.com"
156.204.99.230 - - [04/Nov/2016:17:01:45 -0700] "GET / HTTP/1.1" 200 90552 "http://1-99seo.com/try.php?u=http://saveaslave.com" "Mozilla/5.0 (Windows NT 6.1; WOW64) AppleWebKit/537.36 (KHTML, like Gecko) Chrome/36.0.1985.143 Safari/537.36" "saveaslave.com"
156.204.99.230 - - [04/Nov/2016:17:01:53 -0700] "GET /gajaxscroller.js HTTP/1.1" 200 9774 "http://saveaslave.com/" "Mozilla/5.0 (Windows NT 6.1; WOW64) AppleWebKit/537.36 (KHTML, like Gecko) Chrome/36.0.1985.143 Safari/537.36" "saveaslave.com"[0]
137.74.21.243 - - [04/Nov/2016:17:01:59 -0700] "POST /our-newsr.php HTTP/1.1" 200 61587 "-" "Mozilla/5.0 (compatible; MSIE 10.0; Windows NT 6.1; Trident/5.0)" "saveaslave.com"
178.33.36.253 - - [04/Nov/2016:17:17:46 -0700] "GET /our-newsr.php HTTP/1.1" 200 78316 "-" "Mozilla/5.0 (compatible; MSIE 10.0; Windows NT 6.1; Trident/6.0)" "saveaslave.com"[1]
163.172.65.40 - - [04/Nov/2016:17:32:04 -0700] "GET /georgia.html HTTP/1.1" 404 89 "-" "Mozilla/5.0 (compatible; AhrefsBot/5.1; +http://ahrefs.com/robot/)" "www.saveaslave.com"
172.56.19.76 - - [04/Nov/2016:17:32:17 -0700] "GET /images/article/suspects.jpg HTTP/1.1" 200 58796 "https://www.google.com/" "Mozilla/5.0 (Linux; Android 6.0.1; Z981 Build/MMB29M) AppleWebKit/537.36 (KHTML, like Gecko) Chrome/53.0.2785.124 Mobile Safari/537.36" "www.saveaslave.com"
137.74.21.243 - - [04/Nov/2016:17:35:35 -0700] "GET /our-newsr.php HTTP/1.1" 200 78316 "-" "Mozilla/5.0 (Windows NT 6.1; WOW64; rv:27.0) Gecko/20100101 Firefox/27.0" "saveaslave.com"[2]
178.33.34.75 - - [04/Nov/2016:17:47:07 -0700] "POST /our-newsr.php HTTP/1.1" 200 61587 "-" "Mozilla/5.0 (X11; U; Linux i686; ru; rv:1.9.0.5) Gecko/2008121622 Ubuntu/8.10 (intrepid) Firefox/3.0.5" "saveaslave.com"
54.211.242.79 - - [04/Nov/2016:17:53:23 -0700] "GET / HTTP/1.1" 200 90552 "-" "-" "saveaslave.com"[1]
54.84.196.120 - - [04/Nov/2016:17:59:39 -0700] "GET / HTTP/1.1" 200 90552 "-" "-" "saveaslave.com"
137.74.59.177 - - [04/Nov/2016:18:04:22 -0700] "POST /our-newsr.php HTTP/1.1" 200 61587 "-" "Mozilla/5.0 (X11; U; Linux i686; ru; rv:1.9.0.5) Gecko/2008121622 Ubuntu/8.10 (intrepid) Firefox/3.0.5" "saveaslave.com"
137.74.21.243 - - [04/Nov/2016:18:17:59 -0700] "POST /our-newsr.php HTTP/1.1" 200 61587 "-" "Mozilla/5.0 (Windows NT 6.1; Win64; x64; rv:25.0) Gecko/20100101 Firefox/25.0" "saveaslave.com"
54.162.131.168 - - [04/Nov/2016:18:19:13 -0700] "GET / HTTP/1.1" 200 90552 "-" "-" "saveaslave.com"
178.33.34.75 - - [04/Nov/2016:18:25:15 -0700] "GET /our-newsr.php HTTP/1.1" 200 78316 "-" "Mozilla/5.0 (Windows NT 6.2; Win64; x64) AppleWebKit/537.36 (KHTML, like Gecko) Chrome/32.0.1667.0 Safari/537.36" "saveaslave.com"
188.165.173.1 - - [04/Nov/2016:18:27:15 -0700] "GET /our-newsr.php HTTP/1.1" 200 78316 "-" "Mozilla/5.0 (Windows NT 6.1; Win64; x64; rv:25.0) Gecko/20100101 Firefox/25.0" "saveaslave.com"
157.55.39.243 - - [04/Nov/2016:18:28:23 -0700] "GET /robots.txt HTTP/1.1" 200 48 "-" "Mozilla/5.0 (compatible; bingbot/2.0; +http://www.bing.com/bingbot.htm)" "www.saveaslave.com"
89.78.123.159 - - [04/Nov/2016:18:34:01 -0700] "GET /site/?p=2 HTTP/1.1" 404 89 "-" "Mozilla/5.0 (Windows NT 6.1) AppleWebKit/537.36 (KHTML, like Gecko) Chrome/41.0.2228.0 Safari/537.36" "saveaslave.com"
216.244.66.240 - - [04/Nov/2016:18:43:44 -0700] "GET /robots.txt HTTP/1.1" 200 48 "-" "Mozilla/5.0 (compatible; DotBot/1.1; http://www.opensiteexplorer.org/dotbot, help@moz.com)" "www.saveaslave.com"
216.244.66.240 - - [04/Nov/2016:18:43:44 -0700] "GET /robots.txt HTTP/1.1" 200 48 "-" "Mozilla/5.0 (compatible; DotBot/1.1; http://www.opensiteexplorer.org/dotbot, help@moz.com)" "www.saveaslave.com"
137.74.21.243 - - [04/Nov/2016:19:09:28 -0700] "GET /our-newsr.php HTTP/1.1" 200 78316 "-" "Mozilla/5.0 (Windows NT 6.1; WOW64) AppleWebKit/537.36 (KHTML, like Gecko) Chrome/33.0.1750.117 Safari/537.36 OPR/20.0.1387.64" "saveaslave.com"
149.202.121.43 - - [04/Nov/2016:19:17:28 -0700] "GET /our-newsr.php HTTP/1.1" 200 78316 "-" "Mozilla/5.0 (Windows NT 6.1; WOW64; rv:27.0) Gecko/20100101 Firefox/27.0" "saveaslave.com"
149.202.245.70 - - [04/Nov/2016:19:24:18 -0700] "GET /our-newsr.php HTTP/1.1" 200 78316 "-" "Mozilla/5.0 (Windows NT 6.2; WOW64) AppleWebKit/537.36 (KHTML, like Gecko) Chrome/30.0.1599.17 Safari/537.36" "saveaslave.com"[1]
149.202.245.70 - - [04/Nov/2016:19:32:17 -0700] "GET /our-newsr.php HTTP/1.1" 200 78316 "-" "Mozilla/5.0 (compatible; MSIE 10.0; Windows NT 6.1; Trident/5.0)" "saveaslave.com"
51.254.79.109 - - [04/Nov/2016:19:33:42 -0700] "POST /our-newsr.php HTTP/1.1" 200 61587 "-" "Mozilla/5.0 (Windows NT 6.1; WOW64) AppleWebKit/537.36 (KHTML, like Gecko) Chrome/33.0.1750.117 Safari/537.36 OPR/20.0.1387.64" "saveaslave.com"[2]
137.74.22.87 - - [04/Nov/2016:19:38:56 -0700] "GET /our-newsr.php HTTP/1.1" 200 78316 "-" "Mozilla/5.0 (Windows NT 6.1; WOW64) AppleWebKit/537.36 (KHTML, like Gecko) Chrome/33.0.1750.117 Safari/537.36 OPR/20.0.1387.64" "saveaslave.com"
180.76.15.152 - - [04/Nov/2016:19:52:22 -0700] "GET /images/cover.ai HTTP/1.1" 200 835584 "-" "Mozilla/5.0 (compatible; Baiduspider/2.0; +http://www.baidu.com/search/spider.html)" "www.saveaslave.com"
42.156.136.25 - - [04/Nov/2016:19:54:41 -0700] "GET /index.php HTTP/1.1" 200 90552 "-" "YisouSpider" "saveaslave.com"[2]
216.244.66.240 - - [04/Nov/2016:20:12:25 -0700] "GET /help.php HTTP/1.1" 200 52882 "-" "Mozilla/5.0 (compatible; DotBot/1.1; http://www.opensiteexplorer.org/dotbot, help@moz.com)" "www.saveaslave.com"[2]
65.36.241.48 - - [04/Nov/2016:20:22:50 -0700] "HEAD / HTTP/1.1" 200 0 "-" "InternetSeer.com" "www.saveaslave.com"
109.237.108.56 - - [04/Nov/2016:20:50:25 -0700] "GET /addlink.php HTTP/1.1" 200 12896 "http://saveaslave.com/addlink.php" "Mozilla/5.0 (Windows NT 6.1; WOW64) AppleWebKit/537.36 (KHTML, like Gecko) Chrome/47.0.2526.111 Safari/537.36 OPR/34.0.2036.50" "saveaslave.com"
137.74.59.177 - - [04/Nov/2016:20:53:43 -0700] "POST /our-newsr.php HTTP/1.1" 200 61587 "-" "Mozilla/5.0 (Windows NT 6.1; WOW64) AppleWebKit/537.36 (KHTML, like Gecko) Chrome/33.0.1750.117 Safari/537.36 OPR/20.0.1387.64" "saveaslave.com"
66.249.64.251 - - [04/Nov/2016:21:00:20 -0700] "GET /site/?p=60 HTTP/1.1" 404 89 "-" "Mozilla/5.0 (compatible; Googlebot/2.1; +http://www.google.com/bot.html)" "saveaslave.com"
94.23.78.236 - - [04/Nov/2016:21:03:14 -0700] "POST /our-newsr.php HTTP/1.1" 200 61587 "-" "Mozilla/5.0 (X11; U; Linux i686; ru; rv:1.9.0.5) Gecko/2008121622 Ubuntu/8.10 (intrepid) Firefox/3.0.5" "saveaslave.com"
149.202.245.70 - - [04/Nov/2016:21:08:45 -0700] "GET /our-newsr.php HTTP/1.1" 200 78316 "-" "Mozilla/5.0 (Windows NT 6.2; WOW64) AppleWebKit/537.36 (KHTML, like Gecko) Chrome/30.0.1599.17 Safari/537.36" "saveaslave.com"[1]
51.254.146.70 - - [04/Nov/2016:21:09:43 -0700] "POST /our-newsr.php HTTP/1.1" 200 61587 "-" "Mozilla/5.0 (X11; U; Linux i686; ru; rv:1.9.0.5) Gecko/2008121622 Ubuntu/8.10 (intrepid) Firefox/3.0.5" "saveaslave.com"[2]
163.172.65.194 - - [04/Nov/2016:21:13:05 -0700] "GET /gabon.html HTTP/1.1" 404 89 "-" "Mozilla/5.0 (compatible; AhrefsBot/5.1; +http://ahrefs.com/robot/)" "saveaslave.com"
51.254.79.109 - - [04/Nov/2016:21:25:21 -0700] "GET /our-newsr.php HTTP/1.1" 200 78316 "-" "Mozilla/5.0 (compatible; MSIE 10.0; Windows NT 6.1; Trident/5.0)" "saveaslave.com"
137.74.22.87 - - [04/Nov/2016:21:43:30 -0700] "POST /our-newsr.php HTTP/1.1" 200 61587 "-" "Mozilla/5.0 (Windows NT 6.2; Win64; x64) AppleWebKit/537.36 (KHTML, like Gecko) Chrome/32.0.1667.0 Safari/537.36" "saveaslave.com"[3]
178.32.44.63 - - [04/Nov/2016:21:49:25 -0700] "POST /our-newsr.php HTTP/1.1" 200 61587 "-" "Mozilla/5.0 (Windows NT 6.2; WOW64) AppleWebKit/537.36 (KHTML, like Gecko) Chrome/30.0.1599.17 Safari/537.36" "saveaslave.com"
137.74.22.87 - - [04/Nov/2016:21:50:42 -0700] "POST /our-newsr.php HTTP/1.1" 200 61587 "-" "Mozilla/5.0 (compatible; MSIE 10.0; Windows NT 6.1; WOW64; Trident/6.0)" "saveaslave.com"
137.74.21.243 - - [04/Nov/2016:22:00:44 -0700] "GET /our-newsr.php HTTP/1.1" 200 78316 "-" "Mozilla/5.0 (Windows NT 6.1; WOW64) AppleWebKit/537.36 (KHTML, like Gecko) Chrome/33.0.1750.117 Safari/537.36 OPR/20.0.1387.64" "saveaslave.com"[1]
178.32.44.63 - - [04/Nov/2016:22:01:16 -0700] "POST /our-newsr.php HTTP/1.1" 200 61587 "-" "Mozilla/5.0 (Windows NT 6.2; WOW64) AppleWebKit/537.36 (KHTML, like Gecko) Chrome/30.0.1599.17 Safari/537.36" "saveaslave.com"
120.18.106.175 - - [04/Nov/2016:22:06:08 -0700] "GET /images/article/2239.jpg HTTP/1.1" 200 89745 "-" "Mozilla/5.0 (Linux; Android 6.0.1; SM-G925I Build/MMB29K; wv) AppleWebKit/537.36 (KHTML, like Gecko) Version/4.0 Chrome/54.0.2840.68 Mobile Safari/537.36 GSA/6.7.21.21.arm64" "www.saveaslave.com"
178.255.215.78 - - [04/Nov/2016:22:17:35 -0700] "GET /robots.txt HTTP/1.1" 200 48 "-" "Mozilla/5.0 (compatible; Exabot/3.0; +http://www.exabot.com/go/robot)" "saveaslave.com"
178.255.215.78 - - [04/Nov/2016:22:17:37 -0700] "GET /who-we-arer.php HTTP/1.1" 200 72578 "-" "Mozilla/5.0 (compatible; Exabot/3.0; +http://www.exabot.com/go/robot)" "saveaslave.com"
51.254.146.70 - - [04/Nov/2016:22:30:05 -0700] "POST /our-newsr.php HTTP/1.1" 200 61587 "-" "Mozilla/5.0 (Windows NT 6.2; WOW64) AppleWebKit/537.36 (KHTML, like Gecko) Chrome/30.0.1599.17 Safari/537.36" "saveaslave.com"
149.202.245.70 - - [04/Nov/2016:22:35:27 -0700] "POST /our-newsr.php HTTP/1.1" 200 61587 "-" "Mozilla/5.0 (Windows NT 6.2; WOW64) AppleWebKit/537.36 (KHTML, like Gecko) Chrome/30.0.1599.17 Safari/537.36" "saveaslave.com"
208.94.227.143 - - [04/Nov/2016:22:35:57 -0700] "GET / HTTP/1.1" 200 90552 "-" "=Mozilla/5.0 (Windows; U; Windows NT 6.1; en-US) AppleWebKit/534.16 (KHTML, like Gecko) Chrome/10.0.648.204 Safari/534.16" "saveaslave.com"
137.74.21.243 - - [04/Nov/2016:22:43:21 -0700] "GET /our-newsr.php HTTP/1.1" 200 78316 "-" "Mozilla/5.0 (Windows NT 6.1; WOW64) AppleWebKit/537.36 (KHTML, like Gecko) Chrome/33.0.1750.117 Safari/537.36 OPR/20.0.1387.64" "saveaslave.com"
163.172.65.242 - - [04/Nov/2016:22:53:36 -0700] "GET /article.php?id=4 HTTP/1.1" 200 50892 "-" "Mozilla/5.0 (compatible; AhrefsBot/5.1; +http://ahrefs.com/robot/)" "www.saveaslave.com"[1]
65.36.241.48 - - [04/Nov/2016:22:58:32 -0700] "HEAD / HTTP/1.1" 200 0 "-" "InternetSeer.com" "www.saveaslave.com"
178.33.36.253 - - [04/Nov/2016:23:01:24 -0700] "POST /our-newsr.php HTTP/1.1" 200 61587 "-" "Mozilla/5.0 (Windows NT 6.1; WOW64; rv:27.0) Gecko/20100101 Firefox/27.0" "saveaslave.com"
10.205.131.60 - - [04/Nov/2016:23:14:28 -0700] "HEAD /index.htm HTTP/1.1" 404 0 "-" "AHC/2.0" "www.saveaslave.com"
51.254.146.70 - - [04/Nov/2016:23:26:35 -0700] "POST /our-newsr.php HTTP/1.1" 200 61587 "-" "Mozilla/5.0 (compatible; MSIE 10.0; Windows NT 6.1; Trident/5.0)" "saveaslave.com"[3]
176.31.246.38 - - [04/Nov/2016:23:48:47 -0700] "POST /our-newsr.php HTTP/1.1" 200 61587 "-" "Mozilla/5.0 (X11; U; Linux i686; ru; rv:1.9.0.5) Gecko/2008121622 Ubuntu/8.10 (intrepid) Firefox/3.0.5" "saveaslave.com"[3]
