92.59.145.236 - - [03/Feb/2016:07:29:36 -0800] "GET /images/supporters/safe-horizon.png HTTP/1.1" 200 16608 "http://saveaslave.com/our-supporters.php" "Mozilla/5.0 (Macintosh; Intel Mac OS X 10_10_5) AppleWebKit/601.4.4 (KHTML, like Gecko) Version/9.0.3 Safari/601.4.4" "saveaslave.com"
92.59.145.236 - - [03/Feb/2016:07:29:36 -0800] "GET /images/supporters/maitilogo.png HTTP/1.1" 200 12792 "http://saveaslave.com/our-supporters.php" "Mozilla/5.0 (Macintosh; Intel Mac OS X 10_10_5) AppleWebKit/601.4.4 (KHTML, like Gecko) Version/9.0.3 Safari/601.4.4" "saveaslave.com"
92.59.145.236 - - [03/Feb/2016:07:29:36 -0800] "GET /images/supporters/movements-logo-large.png HTTP/1.1" 200 3276 "http://saveaslave.com/our-supporters.php" "Mozilla/5.0 (Macintosh; Intel Mac OS X 10_10_5) AppleWebKit/601.4.4 (KHTML, like Gecko) Version/9.0.3 Safari/601.4.4" "saveaslave.com"
92.59.145.236 - - [03/Feb/2016:07:29:36 -0800] "GET /images/supporters/IJM.jpg HTTP/1.1" 200 6203 "http://saveaslave.com/our-supporters.php" "Mozilla/5.0 (Macintosh; Intel Mac OS X 10_10_5) AppleWebKit/601.4.4 (KHTML, like Gecko) Version/9.0.3 Safari/601.4.4" "saveaslave.com"
2.139.200.31 - - [03/Feb/2016:08:25:27 -0800] "GET /images/social2.png HTTP/1.1" 200 1752 "http://saveaslave.com/our-supporters.php" "Mozilla/5.0 (Macintosh; Intel Mac OS X 10_10_5) AppleWebKit/601.4.4 (KHTML, like Gecko) Version/9.0.3 Safari/601.4.4" "saveaslave.com"
2.139.200.31 - - [03/Feb/2016:08:25:27 -0800] "GET /assets/js/ie10-viewport-bug-workaround.js HTTP/1.1" 200 641 "http://saveaslave.com/our-supporters.php" "Mozilla/5.0 (Macintosh; Intel Mac OS X 10_10_5) AppleWebKit/601.4.4 (KHTML, like Gecko) Version/9.0.3 Safari/601.4.4" "saveaslave.com"
192.243.55.135 - - [03/Feb/2016:08:50:57 -0800] "GET /saint-lucia.html HTTP/1.1" 404 89 "-" "Mozilla/5.0 (compatible; SemrushBot/1~bl; +http://www.semrush.com/bot.html)" "www.saveaslave.com"
192.243.55.135 - - [03/Feb/2016:08:58:11 -0800] "GET /chad.html HTTP/1.1" 404 89 "-" "Mozilla/5.0 (compatible; SemrushBot/1~bl; +http://www.semrush.com/bot.html)" "www.saveaslave.com"
66.249.83.130 - - [03/Feb/2016:09:03:31 -0800] "GET /article.php?id=1 HTTP/1.1" 200 57548 "-" "Mozilla/5.0 (Windows NT 6.1; rv:6.0) Gecko/20110814 Firefox/6.0 Google Favicon" "saveaslave.com"
192.243.55.130 - - [03/Feb/2016:09:11:56 -0800] "GET /azerbaijan.html HTTP/1.1" 404 89 "-" "Mozilla/5.0 (compatible; SemrushBot/1~bl; +http://www.semrush.com/bot.html)" "www.saveaslave.com"
192.243.55.131 - - [03/Feb/2016:09:22:29 -0800] "GET /netherlands.html HTTP/1.1" 404 89 "-" "Mozilla/5.0 (compatible; SemrushBot/1~bl; +http://www.semrush.com/bot.html)" "www.saveaslave.com"
192.243.55.131 - - [03/Feb/2016:09:28:22 -0800] "GET /united-kingdom.html HTTP/1.1" 404 89 "-" "Mozilla/5.0 (compatible; SemrushBot/1~bl; +http://www.semrush.com/bot.html)" "www.saveaslave.com"
192.243.55.135 - - [03/Feb/2016:09:32:15 -0800] "GET /swaziland.html HTTP/1.1" 404 89 "-" "Mozilla/5.0 (compatible; SemrushBot/1~bl; +http://www.semrush.com/bot.html)" "www.saveaslave.com"
192.243.55.133 - - [03/Feb/2016:09:34:06 -0800] "GET /brazil.html HTTP/1.1" 404 89 "-" "Mozilla/5.0 (compatible; SemrushBot/1~bl; +http://www.semrush.com/bot.html)" "www.saveaslave.com"
107.22.220.238 - - [03/Feb/2016:09:39:31 -0800] "GET / HTTP/1.1" 200 83094 "-" "Mozilla/5.0 (compatible; LinkisBot/1.0; bot@linkis.com)" "www.saveaslave.com"
192.243.55.134 - - [03/Feb/2016:09:39:36 -0800] "GET /slovenia.html HTTP/1.1" 404 89 "-" "Mozilla/5.0 (compatible; SemrushBot/1~bl; +http://www.semrush.com/bot.html)" "www.saveaslave.com"
46.118.116.135 - - [03/Feb/2016:09:42:35 -0800] "GET / HTTP/1.1" 200 83022 "http://el-nation.com/" "Mozilla/4.0 (compatible; MSIE 5.0; Windows 95) Opera 6.01  [en]" "www.saveaslave.com"
46.118.116.135 - - [03/Feb/2016:09:42:36 -0800] "GET / HTTP/1.1" 200 83022 "http://el-nation.com/" "Mozilla/4.0 (compatible; MSIE 5.0; Windows 95) Opera 6.01  [en]" "www.saveaslave.com"
192.243.55.136 - - [03/Feb/2016:09:43:19 -0800] "GET /zambia.html HTTP/1.1" 404 89 "-" "Mozilla/5.0 (compatible; SemrushBot/1~bl; +http://www.semrush.com/bot.html)" "www.saveaslave.com"
192.243.55.131 - - [03/Feb/2016:09:44:57 -0800] "GET /suriname.html HTTP/1.1" 404 89 "-" "Mozilla/5.0 (compatible; SemrushBot/1~bl; +http://www.semrush.com/bot.html)" "www.saveaslave.com"
180.76.15.24 - - [03/Feb/2016:09:52:41 -0800] "GET /country.php?name=Macedonia&lang=en HTTP/1.1" 200 65213 "-" "Mozilla/5.0 (compatible; Baiduspider/2.0; +http://www.baidu.com/search/spider.html)" "www.saveaslave.com"
157.55.39.64 - - [03/Feb/2016:09:54:05 -0800] "GET /senegal.html HTTP/1.1" 404 89 "-" "msnbot-media/1.1 (+http://search.msn.com/msnbot.htm)" "www.saveaslave.com"
208.115.113.86 - - [03/Feb/2016:09:58:57 -0800] "GET /article.php?id=18 HTTP/1.1" 200 59771 "-" "Mozilla/5.0 (compatible; DotBot/1.1; http://www.opensiteexplorer.org/dotbot, help@moz.com)" "saveaslave.com"
157.55.39.128 - - [03/Feb/2016:09:59:33 -0800] "GET /in-russian.php HTTP/1.1" 200 104981 "-" "Mozilla/5.0 (compatible; bingbot/2.0; +http://www.bing.com/bingbot.htm)" "saveaslave.com"
208.115.113.94 - - [03/Feb/2016:10:08:45 -0800] "GET /disclaimer.html HTTP/1.1" 404 89 "-" "Mozilla/5.0 (compatible; DotBot/1.1; http://www.opensiteexplorer.org/dotbot, help@moz.com)" "saveaslave.com"
208.115.113.86 - - [03/Feb/2016:10:26:23 -0800] "GET /namibia HTTP/1.1" 404 89 "-" "Mozilla/5.0 (compatible; DotBot/1.1; http://www.opensiteexplorer.org/dotbot, help@moz.com)" "www.saveaslave.com"
208.115.113.86 - - [03/Feb/2016:10:26:24 -0800] "GET /malta HTTP/1.1" 404 89 "-" "Mozilla/5.0 (compatible; DotBot/1.1; http://www.opensiteexplorer.org/dotbot, help@moz.com)" "www.saveaslave.com"
208.115.113.86 - - [03/Feb/2016:10:26:24 -0800] "GET /guatemala HTTP/1.1" 404 89 "-" "Mozilla/5.0 (compatible; DotBot/1.1; http://www.opensiteexplorer.org/dotbot, help@moz.com)" "www.saveaslave.com"
208.115.113.86 - - [03/Feb/2016:10:26:24 -0800] "GET /pakistan HTTP/1.1" 404 89 "-" "Mozilla/5.0 (compatible; DotBot/1.1; http://www.opensiteexplorer.org/dotbot, help@moz.com)" "saveaslave.com"
51.255.65.39 - - [03/Feb/2016:10:29:38 -0800] "GET /palestinian-territories.html HTTP/1.1" 404 89 "-" "Mozilla/5.0 (compatible; AhrefsBot/5.0; +http://ahrefs.com/robot/)" "www.saveaslave.com"
208.115.113.86 - - [03/Feb/2016:10:36:15 -0800] "GET /robots.txt HTTP/1.1" 200 48 "-" "Mozilla/5.0 (compatible; DotBot/1.1; http://www.opensiteexplorer.org/dotbot, help@moz.com)" "www.saveaslave.com"
208.115.113.94 - - [03/Feb/2016:10:37:29 -0800] "GET /robots.txt HTTP/1.1" 200 48 "-" "Mozilla/5.0 (compatible; DotBot/1.1; http://www.opensiteexplorer.org/dotbot, help@moz.com)" "saveaslave.com"
208.115.113.94 - - [03/Feb/2016:10:37:29 -0800] "GET /robots.txt HTTP/1.1" 200 48 "-" "Mozilla/5.0 (compatible; DotBot/1.1; http://www.opensiteexplorer.org/dotbot, help@moz.com)" "www.saveaslave.com"
65.36.241.48 - - [03/Feb/2016:10:44:22 -0800] "HEAD / HTTP/1.1" 200 0 "-" "InternetSeer.com" "www.saveaslave.com"
162.17.5.193 - - [03/Feb/2016:10:55:17 -0800] "GET /images/article5.jpg HTTP/1.1" 200 14497 "https://www.google.com/" "Mozilla/5.0 (Windows NT 6.1) AppleWebKit/537.36 (KHTML, like Gecko) Chrome/48.0.2564.97 Safari/537.36" "www.saveaslave.com"
191.232.136.123 - - [03/Feb/2016:11:02:31 -0800] "GET /svalbard.html HTTP/1.1" 404 89 "-" "msnbot-media/1.1 (+http://search.msn.com/msnbot.htm)" "www.saveaslave.com"
178.63.13.15 - - [03/Feb/2016:11:06:49 -0800] "GET /robots.txt HTTP/1.1" 200 48 "-" "Mozilla/5.0 (compatible; MJ12bot/v1.4.5; http://www.majestic12.co.uk/bot.php?+)" "www.saveaslave.com"
178.63.13.15 - - [03/Feb/2016:11:06:52 -0800] "GET /?tpl=realestate&Itemid=5 HTTP/1.1" 200 83094 "-" "Mozilla/5.0 (compatible; MJ12bot/v1.4.5; http://www.majestic12.co.uk/bot.php?+)" "www.saveaslave.com"
178.63.13.15 - - [03/Feb/2016:11:06:55 -0800] "GET /addlink.php HTTP/1.1" 200 12462 "-" "Mozilla/5.0 (compatible; MJ12bot/v1.4.5; http://www.majestic12.co.uk/bot.php?+)" "www.saveaslave.com"
178.63.13.15 - - [03/Feb/2016:11:06:57 -0800] "GET /articles/modernslavery.html HTTP/1.1" 404 89 "-" "Mozilla/5.0 (compatible; MJ12bot/v1.4.5; http://www.majestic12.co.uk/bot.php?+)" "www.saveaslave.com"
178.63.13.15 - - [03/Feb/2016:11:07:00 -0800] "GET /articles/womeninsudan.html HTTP/1.1" 404 89 "-" "Mozilla/5.0 (compatible; MJ12bot/v1.4.5; http://www.majestic12.co.uk/bot.php?+)" "www.saveaslave.com"
178.63.13.15 - - [03/Feb/2016:11:07:02 -0800] "GET /coalition-members-cast-l HTTP/1.1" 404 89 "-" "Mozilla/5.0 (compatible; MJ12bot/v1.4.5; http://www.majestic12.co.uk/bot.php?+)" "www.saveaslave.com"
191.232.136.184 - - [03/Feb/2016:11:30:15 -0800] "GET /barbados HTTP/1.1" 404 89 "-" "msnbot-media/1.1 (+http://search.msn.com/msnbot.htm)" "www.saveaslave.com"
162.17.5.193 - - [03/Feb/2016:11:47:24 -0800] "GET /favicon.ico HTTP/1.1" 404 89 "http://www.saveaslave.com/images/article5.jpg" "Mozilla/5.0 (Windows NT 6.1) AppleWebKit/537.36 (KHTML, like Gecko) Chrome/48.0.2564.97 Safari/537.36" "www.saveaslave.com"
173.234.37.223 - - [03/Feb/2016:11:55:20 -0800] "GET /our-news.php HTTP/1.1" 200 72557 "http://saveaslave.com" "Mozilla/5.0 (Windows; U; Windows NT 5.1; en-US; rv:1.9.0.4) Gecko/2008102920 Firefox/3.0.4 ( .NET CLR 3.5.30729; .NET4.0C)" "saveaslave.com"
69.162.142.253 - - [03/Feb/2016:11:55:20 -0800] "GET / HTTP/1.1" 200 83094 "http://saveaslave.com" "Mozilla/5.0(Windows; U; Windows NT 7.0; rv:1.9.2) Gecko/20100101 Firefox/3.6" "saveaslave.com"
45.56.144.49 - - [03/Feb/2016:11:55:20 -0800] "GET /who-we-are.php HTTP/1.1" 200 50372 "-" "-" "saveaslave.com"
45.41.140.162 - - [03/Feb/2016:11:55:20 -0800] "GET / HTTP/1.1" 200 83094 "-" "-" "saveaslave.com"
157.55.39.241 - - [03/Feb/2016:11:55:35 -0800] "GET /Advertisements.html HTTP/1.1" 404 89 "-" "msnbot-media/1.1 (+http://search.msn.com/msnbot.htm)" "www.saveaslave.com"
208.115.113.86 - - [03/Feb/2016:11:57:45 -0800] "GET /article.php?id=7 HTTP/1.1" 200 61833 "-" "Mozilla/5.0 (compatible; DotBot/1.1; http://www.opensiteexplorer.org/dotbot, help@moz.com)" "www.saveaslave.com"
157.55.39.64 - - [03/Feb/2016:12:05:03 -0800] "GET /south-africa.html HTTP/1.1" 404 89 "-" "msnbot-media/1.1 (+http://search.msn.com/msnbot.htm)" "www.saveaslave.com"
208.115.113.94 - - [03/Feb/2016:12:24:19 -0800] "GET /sri-lanka.html HTTP/1.1" 404 89 "-" "Mozilla/5.0 (compatible; DotBot/1.1; http://www.opensiteexplorer.org/dotbot, help@moz.com)" "www.saveaslave.com"
208.115.113.94 - - [03/Feb/2016:12:24:19 -0800] "GET /macau.html HTTP/1.1" 404 89 "-" "Mozilla/5.0 (compatible; DotBot/1.1; http://www.opensiteexplorer.org/dotbot, help@moz.com)" "www.saveaslave.com"
51.255.65.70 - - [03/Feb/2016:12:28:11 -0800] "GET /www.apalc.org HTTP/1.1" 404 89 "-" "Mozilla/5.0 (compatible; AhrefsBot/5.0; +http://ahrefs.com/robot/)" "www.saveaslave.com"
157.55.39.64 - - [03/Feb/2016:12:37:54 -0800] "GET /western-sahara.html HTTP/1.1" 404 89 "-" "msnbot-media/1.1 (+http://search.msn.com/msnbot.htm)" "www.saveaslave.com"
191.232.136.45 - - [03/Feb/2016:12:39:54 -0800] "GET /north-korea.html HTTP/1.1" 404 89 "-" "Mozilla/5.0 (compatible; bingbot/2.0; +http://www.bing.com/bingbot.htm)" "saveaslave.com"
208.115.113.94 - - [03/Feb/2016:12:51:54 -0800] "GET /robots.txt HTTP/1.1" 200 48 "-" "Mozilla/5.0 (compatible; DotBot/1.1; http://www.opensiteexplorer.org/dotbot, help@moz.com)" "saveaslave.com"
208.115.113.94 - - [03/Feb/2016:12:51:54 -0800] "GET /robots.txt HTTP/1.1" 200 48 "-" "Mozilla/5.0 (compatible; DotBot/1.1; http://www.opensiteexplorer.org/dotbot, help@moz.com)" "www.saveaslave.com"
157.55.39.241 - - [03/Feb/2016:13:04:08 -0800] "GET /australia.html HTTP/1.1" 404 89 "-" "Mozilla/5.0 (compatible; bingbot/2.0; +http://www.bing.com/bingbot.htm)" "saveaslave.com"
191.232.136.45 - - [03/Feb/2016:13:10:29 -0800] "GET /antigua HTTP/1.1" 404 89 "-" "msnbot-media/1.1 (+http://search.msn.com/msnbot.htm)" "www.saveaslave.com"
157.55.39.241 - - [03/Feb/2016:13:11:21 -0800] "GET /mauritania.html HTTP/1.1" 404 89 "-" "Mozilla/5.0 (compatible; bingbot/2.0; +http://www.bing.com/bingbot.htm)" "saveaslave.com"
157.55.39.241 - - [03/Feb/2016:13:11:47 -0800] "GET /indonesia HTTP/1.1" 404 89 "-" "msnbot-media/1.1 (+http://search.msn.com/msnbot.htm)" "www.saveaslave.com"
157.55.39.241 - - [03/Feb/2016:13:11:47 -0800] "GET /botswana.html HTTP/1.1" 404 89 "-" "msnbot-media/1.1 (+http://search.msn.com/msnbot.htm)" "www.saveaslave.com"
157.55.39.241 - - [03/Feb/2016:13:11:47 -0800] "GET /spain.html HTTP/1.1" 404 89 "-" "msnbot-media/1.1 (+http://search.msn.com/msnbot.htm)" "www.saveaslave.com"
51.255.65.94 - - [03/Feb/2016:13:25:30 -0800] "GET /article.php?id=19 HTTP/1.1" 200 61348 "-" "Mozilla/5.0 (compatible; AhrefsBot/5.0; +http://ahrefs.com/robot/)" "saveaslave.com"
51.255.65.77 - - [03/Feb/2016:13:37:23 -0800] "GET /www.theirc.org HTTP/1.1" 404 89 "-" "Mozilla/5.0 (compatible; AhrefsBot/5.0; +http://ahrefs.com/robot/)" "www.saveaslave.com"
157.55.39.64 - - [03/Feb/2016:13:54:53 -0800] "GET /indonesia.html HTTP/1.1" 404 89 "-" "msnbot-media/1.1 (+http://search.msn.com/msnbot.htm)" "www.saveaslave.com"
192.243.55.135 - - [03/Feb/2016:14:12:18 -0800] "GET /poland.html HTTP/1.1" 404 89 "-" "Mozilla/5.0 (compatible; SemrushBot/1~bl; +http://www.semrush.com/bot.html)" "www.saveaslave.com"
192.243.55.130 - - [03/Feb/2016:14:15:03 -0800] "GET /samoa.html HTTP/1.1" 404 89 "-" "Mozilla/5.0 (compatible; SemrushBot/1~bl; +http://www.semrush.com/bot.html)" "www.saveaslave.com"
157.55.39.241 - - [03/Feb/2016:14:18:26 -0800] "GET /curacao.html HTTP/1.1" 404 89 "-" "msnbot-media/1.1 (+http://search.msn.com/msnbot.htm)" "www.saveaslave.com"
192.243.55.134 - - [03/Feb/2016:14:18:45 -0800] "GET /algeria.html HTTP/1.1" 404 89 "-" "Mozilla/5.0 (compatible; SemrushBot/1~bl; +http://www.semrush.com/bot.html)" "www.saveaslave.com"
192.243.55.137 - - [03/Feb/2016:14:23:36 -0800] "GET /russia.html HTTP/1.1" 404 89 "-" "Mozilla/5.0 (compatible; SemrushBot/1~bl; +http://www.semrush.com/bot.html)" "www.saveaslave.com"
208.115.113.86 - - [03/Feb/2016:14:27:25 -0800] "GET /newzealand HTTP/1.1" 404 89 "-" "Mozilla/5.0 (compatible; DotBot/1.1; http://www.opensiteexplorer.org/dotbot, help@moz.com)" "saveaslave.com"
208.115.113.86 - - [03/Feb/2016:14:27:26 -0800] "GET /malta HTTP/1.1" 404 89 "-" "Mozilla/5.0 (compatible; DotBot/1.1; http://www.opensiteexplorer.org/dotbot, help@moz.com)" "saveaslave.com"
208.115.113.86 - - [03/Feb/2016:14:27:26 -0800] "GET /honduras HTTP/1.1" 404 89 "-" "Mozilla/5.0 (compatible; DotBot/1.1; http://www.opensiteexplorer.org/dotbot, help@moz.com)" "saveaslave.com"
208.115.113.86 - - [03/Feb/2016:14:27:26 -0800] "GET /stpierre.html HTTP/1.1" 404 89 "-" "Mozilla/5.0 (compatible; DotBot/1.1; http://www.opensiteexplorer.org/dotbot, help@moz.com)" "www.saveaslave.com"
208.115.113.86 - - [03/Feb/2016:14:27:27 -0800] "GET /jordan HTTP/1.1" 404 89 "-" "Mozilla/5.0 (compatible; DotBot/1.1; http://www.opensiteexplorer.org/dotbot, help@moz.com)" "www.saveaslave.com"
208.115.113.86 - - [03/Feb/2016:14:27:27 -0800] "GET /cuba HTTP/1.1" 404 89 "-" "Mozilla/5.0 (compatible; DotBot/1.1; http://www.opensiteexplorer.org/dotbot, help@moz.com)" "www.saveaslave.com"
208.115.113.86 - - [03/Feb/2016:14:27:27 -0800] "GET /costarica.html HTTP/1.1" 404 89 "-" "Mozilla/5.0 (compatible; DotBot/1.1; http://www.opensiteexplorer.org/dotbot, help@moz.com)" "www.saveaslave.com"
192.243.55.131 - - [03/Feb/2016:14:31:16 -0800] "GET /lesotho.html HTTP/1.1" 404 89 "-" "Mozilla/5.0 (compatible; SemrushBot/1~bl; +http://www.semrush.com/bot.html)" "www.saveaslave.com"
192.243.55.134 - - [03/Feb/2016:14:32:53 -0800] "GET /costa-rica.html HTTP/1.1" 404 89 "-" "Mozilla/5.0 (compatible; SemrushBot/1~bl; +http://www.semrush.com/bot.html)" "www.saveaslave.com"
192.243.55.129 - - [03/Feb/2016:14:34:23 -0800] "GET /wallis-and-futuna.html HTTP/1.1" 404 89 "-" "Mozilla/5.0 (compatible; SemrushBot/1~bl; +http://www.semrush.com/bot.html)" "www.saveaslave.com"
192.243.55.135 - - [03/Feb/2016:14:38:45 -0800] "GET /articles/womeninsudan.html HTTP/1.1" 404 89 "-" "Mozilla/5.0 (compatible; SemrushBot/1~bl; +http://www.semrush.com/bot.html)" "www.saveaslave.com"
208.115.113.94 - - [03/Feb/2016:14:44:01 -0800] "GET /robots.txt HTTP/1.1" 200 48 "-" "Mozilla/5.0 (compatible; DotBot/1.1; http://www.opensiteexplorer.org/dotbot, help@moz.com)" "saveaslave.com"
192.243.55.138 - - [03/Feb/2016:14:44:33 -0800] "GET /navassa-island.html HTTP/1.1" 404 89 "-" "Mozilla/5.0 (compatible; SemrushBot/1~bl; +http://www.semrush.com/bot.html)" "www.saveaslave.com"
192.243.55.132 - - [03/Feb/2016:14:45:59 -0800] "GET /laos.html HTTP/1.1" 404 89 "-" "Mozilla/5.0 (compatible; SemrushBot/1~bl; +http://www.semrush.com/bot.html)" "www.saveaslave.com"
192.243.55.136 - - [03/Feb/2016:14:47:22 -0800] "GET /central-african-republic.html HTTP/1.1" 404 89 "-" "Mozilla/5.0 (compatible; SemrushBot/1~bl; +http://www.semrush.com/bot.html)" "www.saveaslave.com"
192.243.55.133 - - [03/Feb/2016:14:52:51 -0800] "GET /cyprus.html HTTP/1.1" 404 89 "-" "Mozilla/5.0 (compatible; SemrushBot/1~bl; +http://www.semrush.com/bot.html)" "www.saveaslave.com"
51.255.65.26 - - [03/Feb/2016:14:54:04 -0800] "GET /drudge.html HTTP/1.1" 404 89 "-" "Mozilla/5.0 (compatible; AhrefsBot/5.0; +http://ahrefs.com/robot/)" "saveaslave.com"
42.156.138.109 - - [03/Feb/2016:14:54:45 -0800] "GET /css/elements.css HTTP/1.1" 200 17857 "http://www.saveaslave.com/" "YisouSpider" "www.saveaslave.com"
192.243.55.133 - - [03/Feb/2016:14:55:30 -0800] "GET /switzerland.html HTTP/1.1" 404 89 "-" "Mozilla/5.0 (compatible; SemrushBot/1~bl; +http://www.semrush.com/bot.html)" "www.saveaslave.com"
157.55.39.64 - - [03/Feb/2016:14:59:19 -0800] "GET /ethiopia HTTP/1.1" 404 89 "-" "Mozilla/5.0 (compatible; bingbot/2.0; +http://www.bing.com/bingbot.htm)" "www.saveaslave.com"
192.243.55.129 - - [03/Feb/2016:15:00:52 -0800] "GET /barbados.html HTTP/1.1" 404 89 "-" "Mozilla/5.0 (compatible; SemrushBot/1~bl; +http://www.semrush.com/bot.html)" "www.saveaslave.com"
192.243.55.134 - - [03/Feb/2016:15:03:23 -0800] "GET /west-bank.html HTTP/1.1" 404 89 "-" "Mozilla/5.0 (compatible; SemrushBot/1~bl; +http://www.semrush.com/bot.html)" "www.saveaslave.com"
191.232.136.184 - - [03/Feb/2016:15:04:13 -0800] "GET /wake_island HTTP/1.1" 404 89 "-" "msnbot-media/1.1 (+http://search.msn.com/msnbot.htm)" "www.saveaslave.com"
192.243.55.137 - - [03/Feb/2016:15:04:43 -0800] "GET /montenegro.html HTTP/1.1" 404 89 "-" "Mozilla/5.0 (compatible; SemrushBot/1~bl; +http://www.semrush.com/bot.html)" "www.saveaslave.com"
192.243.55.137 - - [03/Feb/2016:15:06:14 -0800] "GET /us-virgin-islands.html HTTP/1.1" 404 89 "-" "Mozilla/5.0 (compatible; SemrushBot/1~bl; +http://www.semrush.com/bot.html)" "www.saveaslave.com"
192.243.55.137 - - [03/Feb/2016:15:07:16 -0800] "GET /china.html HTTP/1.1" 404 89 "-" "Mozilla/5.0 (compatible; SemrushBot/1~bl; +http://www.semrush.com/bot.html)" "www.saveaslave.com"
192.243.55.131 - - [03/Feb/2016:15:12:08 -0800] "GET /oman.html HTTP/1.1" 404 89 "-" "Mozilla/5.0 (compatible; SemrushBot/1~bl; +http://www.semrush.com/bot.html)" "www.saveaslave.com"
192.243.55.129 - - [03/Feb/2016:15:14:43 -0800] "GET /australia.html HTTP/1.1" 404 89 "-" "Mozilla/5.0 (compatible; SemrushBot/1~bl; +http://www.semrush.com/bot.html)" "www.saveaslave.com"
192.243.55.130 - - [03/Feb/2016:15:17:05 -0800] "GET /tuvalu.html HTTP/1.1" 404 89 "-" "Mozilla/5.0 (compatible; SemrushBot/1~bl; +http://www.semrush.com/bot.html)" "www.saveaslave.com"
157.55.39.64 - - [03/Feb/2016:15:17:14 -0800] "GET /reunion HTTP/1.1" 404 89 "-" "msnbot-media/1.1 (+http://search.msn.com/msnbot.htm)" "www.saveaslave.com"
192.243.55.133 - - [03/Feb/2016:15:18:15 -0800] "GET /mongolia.html HTTP/1.1" 404 89 "-" "Mozilla/5.0 (compatible; SemrushBot/1~bl; +http://www.semrush.com/bot.html)" "www.saveaslave.com"
192.243.55.135 - - [03/Feb/2016:15:19:25 -0800] "GET /comoros.html HTTP/1.1" 404 89 "-" "Mozilla/5.0 (compatible; SemrushBot/1~bl; +http://www.semrush.com/bot.html)" "www.saveaslave.com"
192.243.55.131 - - [03/Feb/2016:15:20:43 -0800] "GET /peru.html HTTP/1.1" 404 89 "-" "Mozilla/5.0 (compatible; SemrushBot/1~bl; +http://www.semrush.com/bot.html)" "www.saveaslave.com"
66.249.69.81 - - [03/Feb/2016:15:22:28 -0800] "GET /news5.php HTTP/1.1" 200 73 "-" "Mozilla/5.0 (compatible; Googlebot/2.1; +http://www.google.com/bot.html)" "www.saveaslave.com"
192.243.55.130 - - [03/Feb/2016:15:25:18 -0800] "GET /marshall-islands.html HTTP/1.1" 404 89 "-" "Mozilla/5.0 (compatible; SemrushBot/1~bl; +http://www.semrush.com/bot.html)" "www.saveaslave.com"
192.243.55.136 - - [03/Feb/2016:15:26:28 -0800] "GET /mexico.html HTTP/1.1" 404 89 "-" "Mozilla/5.0 (compatible; SemrushBot/1~bl; +http://www.semrush.com/bot.html)" "www.saveaslave.com"
192.243.55.137 - - [03/Feb/2016:15:27:41 -0800] "GET /syria.html HTTP/1.1" 404 89 "-" "Mozilla/5.0 (compatible; SemrushBot/1~bl; +http://www.semrush.com/bot.html)" "www.saveaslave.com"
192.243.55.131 - - [03/Feb/2016:15:31:02 -0800] "GET /nepal.html HTTP/1.1" 404 89 "-" "Mozilla/5.0 (compatible; SemrushBot/1~bl; +http://www.semrush.com/bot.html)" "www.saveaslave.com"
192.243.55.129 - - [03/Feb/2016:15:33:28 -0800] "GET /singapore.html HTTP/1.1" 404 89 "-" "Mozilla/5.0 (compatible; SemrushBot/1~bl; +http://www.semrush.com/bot.html)" "www.saveaslave.com"
192.243.55.138 - - [03/Feb/2016:15:35:49 -0800] "GET /wake-island.html HTTP/1.1" 404 89 "-" "Mozilla/5.0 (compatible; SemrushBot/1~bl; +http://www.semrush.com/bot.html)" "www.saveaslave.com"
157.55.39.145 - - [03/Feb/2016:15:36:00 -0800] "GET /togo.html HTTP/1.1" 404 89 "-" "msnbot-media/1.1 (+http://search.msn.com/msnbot.htm)" "www.saveaslave.com"
180.76.15.5 - - [03/Feb/2016:15:38:05 -0800] "GET /articles/womeninsudan.html HTTP/1.1" 404 89 "-" "Mozilla/5.0 (compatible; Baiduspider/2.0; +http://www.baidu.com/search/spider.html)" "www.saveaslave.com"
157.55.39.241 - - [03/Feb/2016:15:38:19 -0800] "GET /liberia HTTP/1.1" 404 89 "-" "msnbot-media/1.1 (+http://search.msn.com/msnbot.htm)" "www.saveaslave.com"
157.55.39.145 - - [03/Feb/2016:15:38:23 -0800] "GET /antigua-and-barbuda.html HTTP/1.1" 404 89 "-" "msnbot-media/1.1 (+http://search.msn.com/msnbot.htm)" "www.saveaslave.com"
157.55.39.145 - - [03/Feb/2016:15:38:23 -0800] "GET /robots.txt HTTP/1.1" 200 48 "-" "Mozilla/5.0 (compatible; bingbot/2.0; +http://www.bing.com/bingbot.htm)" "www.saveaslave.com"
157.55.39.145 - - [03/Feb/2016:15:38:23 -0800] "GET /robots.txt HTTP/1.1" 200 48 "-" "Mozilla/5.0 (compatible; bingbot/2.0; +http://www.bing.com/bingbot.htm)" "www.saveaslave.com"
157.55.39.145 - - [03/Feb/2016:15:38:24 -0800] "GET /assets/js/ie-emulation-modes-warning.js HTTP/1.1" 200 2130 "-" "Mozilla/5.0 (compatible; bingbot/2.0; +http://www.bing.com/bingbot.htm)" "www.saveaslave.com"
192.243.55.133 - - [03/Feb/2016:15:38:42 -0800] "GET /articles/modernslavery.html HTTP/1.1" 404 89 "-" "Mozilla/5.0 (compatible; SemrushBot/1~bl; +http://www.semrush.com/bot.html)" "www.saveaslave.com"
157.55.39.241 - - [03/Feb/2016:15:38:43 -0800] "GET /css/style.css HTTP/1.1" 200 7938 "-" "Mozilla/5.0 (compatible; bingbot/2.0; +http://www.bing.com/bingbot.htm)" "www.saveaslave.com"
192.243.55.137 - - [03/Feb/2016:15:43:36 -0800] "GET /cape-verde.html HTTP/1.1" 404 89 "-" "Mozilla/5.0 (compatible; SemrushBot/1~bl; +http://www.semrush.com/bot.html)" "www.saveaslave.com"
157.55.39.145 - - [03/Feb/2016:15:45:01 -0800] "GET /css/elements.css HTTP/1.1" 200 17857 "-" "Mozilla/5.0 (compatible; bingbot/2.0; +http://www.bing.com/bingbot.htm)" "www.saveaslave.com"
192.243.55.131 - - [03/Feb/2016:15:46:22 -0800] "GET /bahrain.html HTTP/1.1" 404 89 "-" "Mozilla/5.0 (compatible; SemrushBot/1~bl; +http://www.semrush.com/bot.html)" "www.saveaslave.com"
51.255.65.49 - - [03/Feb/2016:15:51:30 -0800] "GET /news10r.php HTTP/1.1" 200 73 "-" "Mozilla/5.0 (compatible; AhrefsBot/5.0; +http://ahrefs.com/robot/)" "saveaslave.com"
208.115.113.86 - - [03/Feb/2016:15:58:56 -0800] "GET /article.php?id=3 HTTP/1.1" 200 63553 "-" "Mozilla/5.0 (compatible; DotBot/1.1; http://www.opensiteexplorer.org/dotbot, help@moz.com)" "www.saveaslave.com"
180.76.15.20 - - [03/Feb/2016:16:45:06 -0800] "GET /addlink.php?page=bahrain.html HTTP/1.1" 200 12521 "-" "Mozilla/5.0 (compatible; Baiduspider/2.0; +http://www.baidu.com/search/spider.html)" "www.saveaslave.com"
157.55.39.70 - - [03/Feb/2016:17:25:35 -0800] "GET /niger.html HTTP/1.1" 404 89 "-" "msnbot-media/1.1 (+http://search.msn.com/msnbot.htm)" "www.saveaslave.com"
24.44.178.162 - - [03/Feb/2016:17:44:49 -0800] "GET /images/countrymap/solomon-islands.gif HTTP/1.1" 404 89 "https://www.google.com/" "Mozilla/5.0 (Macintosh; Intel Mac OS X 10_10_5) AppleWebKit/537.36 (KHTML, like Gecko) Chrome/47.0.2526.111 Safari/537.36" "www.saveaslave.com"
24.44.178.162 - - [03/Feb/2016:17:44:54 -0800] "GET /images/countrymap/solomon-islands.gif HTTP/1.1" 404 89 "https://www.google.com/" "Mozilla/5.0 (Macintosh; Intel Mac OS X 10_10_5) AppleWebKit/537.36 (KHTML, like Gecko) Chrome/47.0.2526.111 Safari/537.36" "www.saveaslave.com"
65.36.241.48 - - [03/Feb/2016:18:09:55 -0800] "HEAD / HTTP/1.1" 200 0 "-" "InternetSeer.com" "www.saveaslave.com"
208.115.113.94 - - [03/Feb/2016:18:36:46 -0800] "GET /robots.txt HTTP/1.1" 200 48 "-" "Mozilla/5.0 (compatible; DotBot/1.1; http://www.opensiteexplorer.org/dotbot, help@moz.com)" "saveaslave.com"
208.115.113.94 - - [03/Feb/2016:18:36:46 -0800] "GET /robots.txt HTTP/1.1" 200 48 "-" "Mozilla/5.0 (compatible; DotBot/1.1; http://www.opensiteexplorer.org/dotbot, help@moz.com)" "www.saveaslave.com"
191.232.136.17 - - [03/Feb/2016:18:51:42 -0800] "GET /burkina-faso.html HTTP/1.1" 404 89 "-" "msnbot-media/1.1 (+http://search.msn.com/msnbot.htm)" "www.saveaslave.com"
191.232.136.17 - - [03/Feb/2016:18:51:42 -0800] "GET /djibouti.html HTTP/1.1" 404 89 "-" "msnbot-media/1.1 (+http://search.msn.com/msnbot.htm)" "www.saveaslave.com"
191.232.136.17 - - [03/Feb/2016:18:51:42 -0800] "GET /malaysia HTTP/1.1" 404 89 "-" "msnbot-media/1.1 (+http://search.msn.com/msnbot.htm)" "www.saveaslave.com"
191.232.136.17 - - [03/Feb/2016:18:51:42 -0800] "GET /greenland HTTP/1.1" 404 89 "-" "msnbot-media/1.1 (+http://search.msn.com/msnbot.htm)" "www.saveaslave.com"
191.232.136.17 - - [03/Feb/2016:18:51:42 -0800] "GET /afghanistan.html HTTP/1.1" 404 89 "-" "msnbot-media/1.1 (+http://search.msn.com/msnbot.htm)" "www.saveaslave.com"
191.232.136.17 - - [03/Feb/2016:18:51:42 -0800] "GET /gibraltar.html HTTP/1.1" 404 89 "-" "msnbot-media/1.1 (+http://search.msn.com/msnbot.htm)" "www.saveaslave.com"
100.43.91.2 - - [03/Feb/2016:19:01:32 -0800] "GET /robots.txt HTTP/1.1" 200 48 "-" "Mozilla/5.0 (compatible; YandexBot/3.0; +http://yandex.com/bots)" "saveaslave.com"
191.232.136.150 - - [03/Feb/2016:19:28:45 -0800] "GET /uzbekistan.html HTTP/1.1" 404 89 "-" "msnbot-media/1.1 (+http://search.msn.com/msnbot.htm)" "www.saveaslave.com"
157.55.39.69 - - [03/Feb/2016:19:39:04 -0800] "GET /solomon-islands.html HTTP/1.1" 404 89 "-" "Mozilla/5.0 (compatible; bingbot/2.0; +http://www.bing.com/bingbot.htm)" "www.saveaslave.com"
157.55.39.69 - - [03/Feb/2016:19:39:04 -0800] "GET /argentina.html HTTP/1.1" 404 89 "-" "msnbot-media/1.1 (+http://search.msn.com/msnbot.htm)" "www.saveaslave.com"
51.255.65.61 - - [03/Feb/2016:19:41:47 -0800] "GET /kiribati.html HTTP/1.1" 404 89 "-" "Mozilla/5.0 (compatible; AhrefsBot/5.0; +http://ahrefs.com/robot/)" "saveaslave.com"
192.243.55.134 - - [03/Feb/2016:19:47:30 -0800] "GET /canada.html HTTP/1.1" 404 89 "-" "Mozilla/5.0 (compatible; SemrushBot/1~bl; +http://www.semrush.com/bot.html)" "www.saveaslave.com"
192.243.55.134 - - [03/Feb/2016:19:52:17 -0800] "GET /benin.html HTTP/1.1" 404 89 "-" "Mozilla/5.0 (compatible; SemrushBot/1~bl; +http://www.semrush.com/bot.html)" "www.saveaslave.com"
192.243.55.129 - - [03/Feb/2016:19:54:35 -0800] "GET /romania.html HTTP/1.1" 404 89 "-" "Mozilla/5.0 (compatible; SemrushBot/1~bl; +http://www.semrush.com/bot.html)" "www.saveaslave.com"
192.243.55.134 - - [03/Feb/2016:19:56:15 -0800] "GET /ukraine.html HTTP/1.1" 404 89 "-" "Mozilla/5.0 (compatible; SemrushBot/1~bl; +http://www.semrush.com/bot.html)" "www.saveaslave.com"
192.243.55.136 - - [03/Feb/2016:19:59:47 -0800] "GET /argentina.html HTTP/1.1" 404 89 "-" "Mozilla/5.0 (compatible; SemrushBot/1~bl; +http://www.semrush.com/bot.html)" "www.saveaslave.com"
192.243.55.138 - - [03/Feb/2016:20:01:19 -0800] "GET /nigeria.html HTTP/1.1" 404 89 "-" "Mozilla/5.0 (compatible; SemrushBot/1~bl; +http://www.semrush.com/bot.html)" "www.saveaslave.com"
192.243.55.135 - - [03/Feb/2016:20:02:37 -0800] "GET /sierra-leone.html HTTP/1.1" 404 89 "-" "Mozilla/5.0 (compatible; SemrushBot/1~bl; +http://www.semrush.com/bot.html)" "www.saveaslave.com"
192.243.55.136 - - [03/Feb/2016:20:04:51 -0800] "GET /sudan.html HTTP/1.1" 404 89 "-" "Mozilla/5.0 (compatible; SemrushBot/1~bl; +http://www.semrush.com/bot.html)" "www.saveaslave.com"
192.243.55.135 - - [03/Feb/2016:20:06:51 -0800] "GET /cuba.html HTTP/1.1" 404 89 "-" "Mozilla/5.0 (compatible; SemrushBot/1~bl; +http://www.semrush.com/bot.html)" "www.saveaslave.com"
191.232.136.17 - - [03/Feb/2016:20:10:50 -0800] "GET /images/countrymap/bosnia-herzegovina.jpg HTTP/1.1" 404 89 "-" "Mozilla/5.0 (compatible; bingbot/2.0; +http://www.bing.com/bingbot.htm)" "saveaslave.com"
191.232.136.17 - - [03/Feb/2016:20:10:50 -0800] "GET /photos/article4.png HTTP/1.1" 404 89 "-" "Mozilla/5.0 (compatible; bingbot/2.0; +http://www.bing.com/bingbot.htm)" "saveaslave.com"
192.243.55.134 - - [03/Feb/2016:20:14:56 -0800] "GET /portugal.html HTTP/1.1" 404 89 "-" "Mozilla/5.0 (compatible; SemrushBot/1~bl; +http://www.semrush.com/bot.html)" "www.saveaslave.com"
192.243.55.130 - - [03/Feb/2016:20:15:55 -0800] "GET /monaco.html HTTP/1.1" 404 89 "-" "Mozilla/5.0 (compatible; SemrushBot/1~bl; +http://www.semrush.com/bot.html)" "www.saveaslave.com"
192.243.55.132 - - [03/Feb/2016:20:16:58 -0800] "GET /panama.html HTTP/1.1" 404 89 "-" "Mozilla/5.0 (compatible; SemrushBot/1~bl; +http://www.semrush.com/bot.html)" "www.saveaslave.com"
192.243.55.132 - - [03/Feb/2016:20:17:54 -0800] "GET /cameroon.html HTTP/1.1" 404 89 "-" "Mozilla/5.0 (compatible; SemrushBot/1~bl; +http://www.semrush.com/bot.html)" "www.saveaslave.com"
192.243.55.137 - - [03/Feb/2016:20:18:51 -0800] "GET /djibouti.html HTTP/1.1" 404 89 "-" "Mozilla/5.0 (compatible; SemrushBot/1~bl; +http://www.semrush.com/bot.html)" "www.saveaslave.com"
192.243.55.130 - - [03/Feb/2016:20:20:53 -0800] "GET /maldives.html HTTP/1.1" 404 89 "-" "Mozilla/5.0 (compatible; SemrushBot/1~bl; +http://www.semrush.com/bot.html)" "www.saveaslave.com"
192.243.55.129 - - [03/Feb/2016:20:25:46 -0800] "GET /pakistan.html HTTP/1.1" 404 89 "-" "Mozilla/5.0 (compatible; SemrushBot/1~bl; +http://www.semrush.com/bot.html)" "www.saveaslave.com"
192.243.55.135 - - [03/Feb/2016:20:26:41 -0800] "GET /western-sahara.html HTTP/1.1" 404 89 "-" "Mozilla/5.0 (compatible; SemrushBot/1~bl; +http://www.semrush.com/bot.html)" "www.saveaslave.com"
192.243.55.135 - - [03/Feb/2016:20:27:31 -0800] "GET /brunei.html HTTP/1.1" 404 89 "-" "Mozilla/5.0 (compatible; SemrushBot/1~bl; +http://www.semrush.com/bot.html)" "www.saveaslave.com"
144.76.100.150 - - [03/Feb/2016:20:28:17 -0800] "GET / HTTP/1.1" 200 83094 "-" "-" "www.saveaslave.com"
144.76.100.150 - - [03/Feb/2016:20:28:17 -0800] "GET / HTTP/1.1" 200 83094 "-" "-" "www.saveaslave.com"
192.243.55.137 - - [03/Feb/2016:20:28:33 -0800] "GET /zimbabwe.html HTTP/1.1" 404 89 "-" "Mozilla/5.0 (compatible; SemrushBot/1~bl; +http://www.semrush.com/bot.html)" "www.saveaslave.com"
192.243.55.130 - - [03/Feb/2016:20:31:20 -0800] "GET /cambodia.html HTTP/1.1" 404 89 "-" "Mozilla/5.0 (compatible; SemrushBot/1~bl; +http://www.semrush.com/bot.html)" "www.saveaslave.com"
192.243.55.134 - - [03/Feb/2016:20:37:42 -0800] "GET /vietnam.html HTTP/1.1" 404 89 "-" "Mozilla/5.0 (compatible; SemrushBot/1~bl; +http://www.semrush.com/bot.html)" "www.saveaslave.com"
99.48.201.6 - - [03/Feb/2016:20:39:07 -0800] "GET /css/bootstrap.min.css HTTP/1.1" 200 123578 "http://www.saveaslave.com/" "Mozilla/5.0 (Windows NT 10.0; WOW64) AppleWebKit/537.36 (KHTML, like Gecko) Chrome/48.0.2564.97 Safari/537.36" "www.saveaslave.com"
99.48.201.6 - - [03/Feb/2016:20:39:08 -0800] "GET /gfeedfetcher.js HTTP/1.1" 200 9018 "http://www.saveaslave.com/" "Mozilla/5.0 (Windows NT 10.0; WOW64) AppleWebKit/537.36 (KHTML, like Gecko) Chrome/48.0.2564.97 Safari/537.36" "www.saveaslave.com"
99.48.201.6 - - [03/Feb/2016:20:39:08 -0800] "GET /css/style.css HTTP/1.1" 200 7938 "http://www.saveaslave.com/" "Mozilla/5.0 (Windows NT 10.0; WOW64) AppleWebKit/537.36 (KHTML, like Gecko) Chrome/48.0.2564.97 Safari/537.36" "www.saveaslave.com"
99.48.201.6 - - [03/Feb/2016:20:39:08 -0800] "GET /assets/js/ie-emulation-modes-warning.js HTTP/1.1" 200 2130 "http://www.saveaslave.com/" "Mozilla/5.0 (Windows NT 10.0; WOW64) AppleWebKit/537.36 (KHTML, like Gecko) Chrome/48.0.2564.97 Safari/537.36" "www.saveaslave.com"
99.48.201.6 - - [03/Feb/2016:20:39:09 -0800] "GET /js/bootstrap.min.js HTTP/1.1" 200 37055 "http://www.saveaslave.com/" "Mozilla/5.0 (Windows NT 10.0; WOW64) AppleWebKit/537.36 (KHTML, like Gecko) Chrome/48.0.2564.97 Safari/537.36" "www.saveaslave.com"
99.48.201.6 - - [03/Feb/2016:20:39:10 -0800] "GET /images/top.jpg HTTP/1.1" 200 50519 "http://www.saveaslave.com/" "Mozilla/5.0 (Windows NT 10.0; WOW64) AppleWebKit/537.36 (KHTML, like Gecko) Chrome/48.0.2564.97 Safari/537.36" "www.saveaslave.com"
99.48.201.6 - - [03/Feb/2016:20:39:10 -0800] "GET /images/article/suspects.jpg HTTP/1.1" 200 58796 "http://www.saveaslave.com/" "Mozilla/5.0 (Windows NT 10.0; WOW64) AppleWebKit/537.36 (KHTML, like Gecko) Chrome/48.0.2564.97 Safari/537.36" "www.saveaslave.com"
99.48.201.6 - - [03/Feb/2016:20:39:10 -0800] "GET /images/article/Cast-Logo-Print.png HTTP/1.1" 200 21398 "http://www.saveaslave.com/" "Mozilla/5.0 (Windows NT 10.0; WOW64) AppleWebKit/537.36 (KHTML, like Gecko) Chrome/48.0.2564.97 Safari/537.36" "www.saveaslave.com"
99.48.201.6 - - [03/Feb/2016:20:39:11 -0800] "GET /images/social2.png HTTP/1.1" 200 1752 "http://www.saveaslave.com/" "Mozilla/5.0 (Windows NT 10.0; WOW64) AppleWebKit/537.36 (KHTML, like Gecko) Chrome/48.0.2564.97 Safari/537.36" "www.saveaslave.com"
99.48.201.6 - - [03/Feb/2016:20:39:11 -0800] "GET /images/select-arrow.png HTTP/1.1" 200 1118 "http://www.saveaslave.com/css/style-pages.css" "Mozilla/5.0 (Windows NT 10.0; WOW64) AppleWebKit/537.36 (KHTML, like Gecko) Chrome/48.0.2564.97 Safari/537.36" "www.saveaslave.com"
99.48.201.6 - - [03/Feb/2016:20:39:13 -0800] "GET /css/down-arrow.png HTTP/1.1" 404 89 "http://www.saveaslave.com/css/elements.css" "Mozilla/5.0 (Windows NT 10.0; WOW64) AppleWebKit/537.36 (KHTML, like Gecko) Chrome/48.0.2564.97 Safari/537.36" "www.saveaslave.com"
192.243.55.135 - - [03/Feb/2016:20:39:32 -0800] "GET /san-marino.html HTTP/1.1" 404 89 "-" "Mozilla/5.0 (compatible; SemrushBot/1~bl; +http://www.semrush.com/bot.html)" "www.saveaslave.com"
208.115.113.86 - - [03/Feb/2016:20:39:40 -0800] "GET /robots.txt HTTP/1.1" 200 48 "-" "Mozilla/5.0 (compatible; DotBot/1.1; http://www.opensiteexplorer.org/dotbot, help@moz.com)" "www.saveaslave.com"
51.255.65.43 - - [03/Feb/2016:20:40:25 -0800] "GET /tuvalu.html HTTP/1.1" 404 89 "-" "Mozilla/5.0 (compatible; AhrefsBot/5.0; +http://ahrefs.com/robot/)" "saveaslave.com"
192.243.55.132 - - [03/Feb/2016:20:42:15 -0800] "GET /croatia.html HTTP/1.1" 404 89 "-" "Mozilla/5.0 (compatible; SemrushBot/1~bl; +http://www.semrush.com/bot.html)" "www.saveaslave.com"
192.243.55.135 - - [03/Feb/2016:20:43:04 -0800] "GET /belize.html HTTP/1.1" 404 89 "-" "Mozilla/5.0 (compatible; SemrushBot/1~bl; +http://www.semrush.com/bot.html)" "www.saveaslave.com"
192.243.55.137 - - [03/Feb/2016:20:45:53 -0800] "GET /south-africa.html HTTP/1.1" 404 89 "-" "Mozilla/5.0 (compatible; SemrushBot/1~bl; +http://www.semrush.com/bot.html)" "www.saveaslave.com"
192.243.55.137 - - [03/Feb/2016:20:46:41 -0800] "GET /czech-republic.html HTTP/1.1" 404 89 "-" "Mozilla/5.0 (compatible; SemrushBot/1~bl; +http://www.semrush.com/bot.html)" "www.saveaslave.com"
208.115.113.94 - - [03/Feb/2016:20:47:07 -0800] "GET /robots.txt HTTP/1.1" 200 48 "-" "Mozilla/5.0 (compatible; DotBot/1.1; http://www.opensiteexplorer.org/dotbot, help@moz.com)" "saveaslave.com"
208.115.113.94 - - [03/Feb/2016:20:47:07 -0800] "GET /robots.txt HTTP/1.1" 200 48 "-" "Mozilla/5.0 (compatible; DotBot/1.1; http://www.opensiteexplorer.org/dotbot, help@moz.com)" "www.saveaslave.com"
192.243.55.132 - - [03/Feb/2016:20:47:33 -0800] "GET /niue.html HTTP/1.1" 404 89 "-" "Mozilla/5.0 (compatible; SemrushBot/1~bl; +http://www.semrush.com/bot.html)" "www.saveaslave.com"
192.243.55.136 - - [03/Feb/2016:20:49:15 -0800] "GET /lithuania.html HTTP/1.1" 404 89 "-" "Mozilla/5.0 (compatible; SemrushBot/1~bl; +http://www.semrush.com/bot.html)" "www.saveaslave.com"
192.243.55.129 - - [03/Feb/2016:20:51:01 -0800] "GET /uruguay.html HTTP/1.1" 404 89 "-" "Mozilla/5.0 (compatible; SemrushBot/1~bl; +http://www.semrush.com/bot.html)" "www.saveaslave.com"
192.243.55.135 - - [03/Feb/2016:20:54:31 -0800] "GET /burkina-faso.html HTTP/1.1" 404 89 "-" "Mozilla/5.0 (compatible; SemrushBot/1~bl; +http://www.semrush.com/bot.html)" "www.saveaslave.com"
192.243.55.134 - - [03/Feb/2016:20:57:10 -0800] "GET /yemen.html HTTP/1.1" 404 89 "-" "Mozilla/5.0 (compatible; SemrushBot/1~bl; +http://www.semrush.com/bot.html)" "www.saveaslave.com"
157.55.39.70 - - [03/Feb/2016:20:57:19 -0800] "GET /bulgaria.html HTTP/1.1" 404 89 "-" "Mozilla/5.0 (compatible; bingbot/2.0; +http://www.bing.com/bingbot.htm)" "www.saveaslave.com"
192.243.55.138 - - [03/Feb/2016:20:58:44 -0800] "GET /antigua-and-barbuda.html HTTP/1.1" 404 89 "-" "Mozilla/5.0 (compatible; SemrushBot/1~bl; +http://www.semrush.com/bot.html)" "www.saveaslave.com"
192.243.55.138 - - [03/Feb/2016:21:00:25 -0800] "GET /bosnia-herzegovina.html HTTP/1.1" 404 89 "-" "Mozilla/5.0 (compatible; SemrushBot/1~bl; +http://www.semrush.com/bot.html)" "www.saveaslave.com"
192.243.55.129 - - [03/Feb/2016:21:01:13 -0800] "GET /democratic-republic-of-congo.html HTTP/1.1" 404 89 "-" "Mozilla/5.0 (compatible; SemrushBot/1~bl; +http://www.semrush.com/bot.html)" "www.saveaslave.com"
192.243.55.130 - - [03/Feb/2016:21:02:02 -0800] "GET /burma.html HTTP/1.1" 404 89 "-" "Mozilla/5.0 (compatible; SemrushBot/1~bl; +http://www.semrush.com/bot.html)" "www.saveaslave.com"
192.243.55.130 - - [03/Feb/2016:21:03:09 -0800] "GET /malawi.html HTTP/1.1" 404 89 "-" "Mozilla/5.0 (compatible; SemrushBot/1~bl; +http://www.semrush.com/bot.html)" "www.saveaslave.com"
192.243.55.129 - - [03/Feb/2016:21:03:41 -0800] "GET /saint-kitts-nevis.html HTTP/1.1" 404 89 "-" "Mozilla/5.0 (compatible; SemrushBot/1~bl; +http://www.semrush.com/bot.html)" "www.saveaslave.com"
192.243.55.133 - - [03/Feb/2016:21:04:29 -0800] "GET /finland.html HTTP/1.1" 404 89 "-" "Mozilla/5.0 (compatible; SemrushBot/1~bl; +http://www.semrush.com/bot.html)" "www.saveaslave.com"
192.243.55.129 - - [03/Feb/2016:21:05:21 -0800] "GET /namibia.html HTTP/1.1" 404 89 "-" "Mozilla/5.0 (compatible; SemrushBot/1~bl; +http://www.semrush.com/bot.html)" "www.saveaslave.com"
192.243.55.129 - - [03/Feb/2016:21:06:12 -0800] "GET /united-arab-emirates.html HTTP/1.1" 404 89 "-" "Mozilla/5.0 (compatible; SemrushBot/1~bl; +http://www.semrush.com/bot.html)" "www.saveaslave.com"
192.243.55.131 - - [03/Feb/2016:21:07:15 -0800] "GET /thailand.html HTTP/1.1" 404 89 "-" "Mozilla/5.0 (compatible; SemrushBot/1~bl; +http://www.semrush.com/bot.html)" "www.saveaslave.com"
157.55.39.68 - - [03/Feb/2016:21:12:47 -0800] "GET /finland.html HTTP/1.1" 404 89 "-" "msnbot-media/1.1 (+http://search.msn.com/msnbot.htm)" "www.saveaslave.com"
71.205.250.177 - - [03/Feb/2016:21:14:09 -0800] "GET /photos/article7.jpg HTTP/1.1" 404 89 "https://www.google.com/" "Mozilla/5.0 (iPad; CPU OS 9_2 like Mac OS X) AppleWebKit/601.1.46 (KHTML, like Gecko) Version/9.0 Mobile/13C75 Safari/601.1" "www.saveaslave.com"
71.205.250.177 - - [03/Feb/2016:21:16:04 -0800] "GET /images/article/article8a.jpg HTTP/1.1" 200 11299 "https://www.google.com/" "Mozilla/5.0 (iPad; CPU OS 9_2 like Mac OS X) AppleWebKit/601.1.46 (KHTML, like Gecko) Version/9.0 Mobile/13C75 Safari/601.1" "www.saveaslave.com"
113.166.239.255 - - [03/Feb/2016:21:21:07 -0800] "GET /administrator/index.php HTTP/1.1" 404 89 "-" "Chilkat/1.0.0 (+http://www.chilkatsoft.com/ChilkatHttpUA.asp)" "saveaslave.com"
99.48.201.6 - - [03/Feb/2016:21:21:15 -0800] "GET /who-we-are.php HTTP/1.1" 200 50336 "http://www.saveaslave.com/" "Mozilla/5.0 (Windows NT 10.0; WOW64) AppleWebKit/537.36 (KHTML, like Gecko) Chrome/48.0.2564.97 Safari/537.36" "www.saveaslave.com"
99.48.201.6 - - [03/Feb/2016:21:25:13 -0800] "GET /css/down-arrow.png HTTP/1.1" 404 89 "http://www.saveaslave.com/css/elements.css" "Mozilla/5.0 (Windows NT 10.0; WOW64) AppleWebKit/537.36 (KHTML, like Gecko) Chrome/48.0.2564.97 Safari/537.36" "www.saveaslave.com"
65.36.241.48 - - [03/Feb/2016:21:27:33 -0800] "HEAD / HTTP/1.1" 200 0 "-" "InternetSeer.com" "www.saveaslave.com"
212.129.21.62 - - [03/Feb/2016:21:30:09 -0800] "GET / HTTP/1.1" 200 83094 "-" "Mozilla/5.0 (Windows NT 6.1) AppleWebKit/537.36 (KHTML, like Gecko) Chrome/41.0.2228.0 Safari/537.36" "saveaslave.com"
99.48.201.6 - - [03/Feb/2016:21:31:15 -0800] "GET /contact-us.php HTTP/1.1" 200 30437 "http://www.saveaslave.com/who-we-are.php" "Mozilla/5.0 (Windows NT 10.0; WOW64) AppleWebKit/537.36 (KHTML, like Gecko) Chrome/48.0.2564.97 Safari/537.36" "www.saveaslave.com"
141.8.143.182 - - [03/Feb/2016:21:57:18 -0800] "GET /robots.txt HTTP/1.1" 200 48 "-" "Mozilla/5.0 (compatible; YandexBot/3.0; +http://yandex.com/bots)" "saveaslave.com"
157.55.39.70 - - [03/Feb/2016:22:01:42 -0800] "GET /kiribati HTTP/1.1" 404 89 "-" "msnbot-media/1.1 (+http://search.msn.com/msnbot.htm)" "www.saveaslave.com"
157.55.39.79 - - [03/Feb/2016:22:03:55 -0800] "GET /montenegro.html HTTP/1.1" 404 89 "-" "msnbot-media/1.1 (+http://search.msn.com/msnbot.htm)" "www.saveaslave.com"
208.115.113.94 - - [03/Feb/2016:22:04:46 -0800] "GET /ireland.html HTTP/1.1" 404 89 "-" "Mozilla/5.0 (compatible; DotBot/1.1; http://www.opensiteexplorer.org/dotbot, help@moz.com)" "saveaslave.com"
208.115.113.86 - - [03/Feb/2016:22:18:14 -0800] "GET /turkmenistan HTTP/1.1" 404 89 "-" "Mozilla/5.0 (compatible; DotBot/1.1; http://www.opensiteexplorer.org/dotbot, help@moz.com)" "www.saveaslave.com"
208.115.113.86 - - [03/Feb/2016:22:18:14 -0800] "GET /france HTTP/1.1" 404 89 "-" "Mozilla/5.0 (compatible; DotBot/1.1; http://www.opensiteexplorer.org/dotbot, help@moz.com)" "www.saveaslave.com"
96.231.132.75 - - [03/Feb/2016:22:25:46 -0800] "GET /robots.txt HTTP/1.1" 200 48 "-" "Mozilla/4.0 (compatible; T-H-U-N-D-E-R-S-T-O-N-E)" "www.saveaslave.com"
96.231.132.75 - - [03/Feb/2016:22:25:46 -0800] "GET /News%20Alert.html HTTP/1.1" 404 89 "-" "Mozilla/4.0 (compatible; T-H-U-N-D-E-R-S-T-O-N-E)" "www.saveaslave.com"
208.115.113.94 - - [03/Feb/2016:22:28:31 -0800] "GET /greenland.html HTTP/1.1" 404 89 "-" "Mozilla/5.0 (compatible; DotBot/1.1; http://www.opensiteexplorer.org/dotbot, help@moz.com)" "www.saveaslave.com"
208.115.113.86 - - [03/Feb/2016:22:36:32 -0800] "GET /robots.txt HTTP/1.1" 200 48 "-" "Mozilla/5.0 (compatible; DotBot/1.1; http://www.opensiteexplorer.org/dotbot, help@moz.com)" "www.saveaslave.com"
157.55.39.70 - - [03/Feb/2016:22:41:44 -0800] "GET /uruguay HTTP/1.1" 404 89 "-" "msnbot-media/1.1 (+http://search.msn.com/msnbot.htm)" "www.saveaslave.com"
208.115.113.94 - - [03/Feb/2016:22:44:48 -0800] "GET /robots.txt HTTP/1.1" 200 48 "-" "Mozilla/5.0 (compatible; DotBot/1.1; http://www.opensiteexplorer.org/dotbot, help@moz.com)" "www.saveaslave.com"
208.115.113.94 - - [03/Feb/2016:22:44:48 -0800] "GET /robots.txt HTTP/1.1" 200 48 "-" "Mozilla/5.0 (compatible; DotBot/1.1; http://www.opensiteexplorer.org/dotbot, help@moz.com)" "saveaslave.com"
212.129.21.62 - - [03/Feb/2016:23:01:06 -0800] "GET / HTTP/1.1" 200 83094 "-" "Mozilla/5.0 (Windows NT 6.1) AppleWebKit/537.36 (KHTML, like Gecko) Chrome/41.0.2228.0 Safari/537.36" "saveaslave.com"
23.20.46.153 - - [03/Feb/2016:23:01:35 -0800] "GET / HTTP/1.1" 200 83094 "-" "Mozilla/5.0 (compatible; linkdexbot/2.0; +http://www.linkdex.com/bots/)" "www.saveaslave.com"
162.210.196.97 - - [03/Feb/2016:23:14:08 -0800] "GET /robots.txt HTTP/1.1" 200 48 "-" "Mozilla/5.0 (compatible; MJ12bot/v1.4.5; http://www.majestic12.co.uk/bot.php?+)" "saveaslave.com"
92.59.145.236 - - [03/Feb/2016:23:14:23 -0800] "GET /our-supporters.php HTTP/1.1" 200 54987 "-" "Mozilla/5.0 (Macintosh; Intel Mac OS X 10_10_5) AppleWebKit/601.4.4 (KHTML, like Gecko) Version/9.0.3 Safari/601.4.4" "saveaslave.com"
92.59.145.236 - - [03/Feb/2016:23:14:24 -0800] "GET /assets/js/ie-emulation-modes-warning.js HTTP/1.1" 200 2130 "http://saveaslave.com/our-supporters.php" "Mozilla/5.0 (Macintosh; Intel Mac OS X 10_10_5) AppleWebKit/601.4.4 (KHTML, like Gecko) Version/9.0.3 Safari/601.4.4" "saveaslave.com"
92.59.145.236 - - [03/Feb/2016:23:14:25 -0800] "GET /css/down-arrow.png HTTP/1.1" 404 89 "http://saveaslave.com/our-supporters.php" "Mozilla/5.0 (Macintosh; Intel Mac OS X 10_10_5) AppleWebKit/601.4.4 (KHTML, like Gecko) Version/9.0.3 Safari/601.4.4" "saveaslave.com"
208.115.113.86 - - [03/Feb/2016:23:58:58 -0800] "GET /france.html HTTP/1.1" 404 89 "-" "Mozilla/5.0 (compatible; DotBot/1.1; http://www.opensiteexplorer.org/dotbot, help@moz.com)" "www.saveaslave.com"
208.115.113.86 - - [03/Feb/2016:23:58:58 -0800] "GET /malaysia.html HTTP/1.1" 404 89 "-" "Mozilla/5.0 (compatible; DotBot/1.1; http://www.opensiteexplorer.org/dotbot, help@moz.com)" "www.saveaslave.com"
157.55.39.68 - - [04/Feb/2016:00:10:31 -0800] "GET /robots.txt HTTP/1.1" 200 48 "-" "Mozilla/5.0 (compatible; bingbot/2.0; +http://www.bing.com/bingbot.htm)" "saveaslave.com"
141.8.143.182 - - [04/Feb/2016:00:11:42 -0800] "GET /images/supporters/wif_logo.jpg HTTP/1.1" 200 13227 "-" "Mozilla/5.0 (compatible; YandexImages/3.0; +http://yandex.com/bots)" "saveaslave.com"
54.167.224.216 - - [04/Feb/2016:00:24:15 -0800] "GET /in-russian.php?lang=ru HTTP/1.1" 200 106005 "-" "Mozilla/5.0 (compatible; linkdexbot/2.0; +http://www.linkdex.com/bots/)" "saveaslave.com"
208.115.113.86 - - [04/Feb/2016:00:24:16 -0800] "GET /argentina HTTP/1.1" 404 89 "-" "Mozilla/5.0 (compatible; DotBot/1.1; http://www.opensiteexplorer.org/dotbot, help@moz.com)" "www.saveaslave.com"
5.189.177.15 - - [04/Feb/2016:00:34:58 -0800] "GET / HTTP/1.1" 200 83094 "http://saveaslave.com/" "Mozilla/5.0 (Windows NT 6.1; rv:35.0) Gecko/20100101 Firefox/35.0" "saveaslave.com"
157.55.39.64 - - [04/Feb/2016:00:37:20 -0800] "GET /robots.txt HTTP/1.1" 200 48 "-" "Mozilla/5.0 (compatible; bingbot/2.0; +http://www.bing.com/bingbot.htm)" "saveaslave.com"
208.115.113.94 - - [04/Feb/2016:00:39:58 -0800] "GET /western-sahara.html HTTP/1.1" 404 89 "-" "Mozilla/5.0 (compatible; DotBot/1.1; http://www.opensiteexplorer.org/dotbot, help@moz.com)" "www.saveaslave.com"
191.232.136.34 - - [04/Feb/2016:00:56:11 -0800] "GET /kazakhstan HTTP/1.1" 404 89 "-" "Mozilla/5.0 (compatible; bingbot/2.0; +http://www.bing.com/bingbot.htm)" "www.saveaslave.com"
157.55.39.68 - - [04/Feb/2016:01:01:57 -0800] "GET /cameroon.html HTTP/1.1" 404 89 "-" "Mozilla/5.0 (compatible; bingbot/2.0; +http://www.bing.com/bingbot.htm)" "saveaslave.com"
51.255.65.88 - - [04/Feb/2016:01:05:59 -0800] "GET /uzbekistan.html HTTP/1.1" 404 89 "-" "Mozilla/5.0 (compatible; AhrefsBot/5.0; +http://ahrefs.com/robot/)" "saveaslave.com"
157.55.39.64 - - [04/Feb/2016:01:09:55 -0800] "GET /photos/article3a.jpg HTTP/1.1" 404 89 "-" "Mozilla/5.0 (compatible; bingbot/2.0; +http://www.bing.com/bingbot.htm)" "saveaslave.com"
51.255.65.41 - - [04/Feb/2016:01:21:23 -0800] "GET /our-news.php HTTP/1.1" 200 72557 "-" "Mozilla/5.0 (compatible; AhrefsBot/5.0; +http://ahrefs.com/robot/)" "saveaslave.com"
194.187.168.213 - - [04/Feb/2016:01:24:50 -0800] "GET /robots.txt HTTP/1.1" 200 48 "-" "Mozilla/5.0 (compatible; Qwantify/2.1w; +https://www.qwant.com/)/*" "saveaslave.com"
51.255.65.62 - - [04/Feb/2016:01:26:42 -0800] "GET /grenada.html HTTP/1.1" 404 89 "-" "Mozilla/5.0 (compatible; AhrefsBot/5.0; +http://ahrefs.com/robot/)" "www.saveaslave.com"
65.36.241.48 - - [04/Feb/2016:01:33:10 -0800] "HEAD / HTTP/1.1" 200 0 "-" "InternetSeer.com" "www.saveaslave.com"
212.129.21.62 - - [04/Feb/2016:01:35:03 -0800] "GET / HTTP/1.1" 200 83094 "-" "Mozilla/5.0 (Windows NT 6.1) AppleWebKit/537.36 (KHTML, like Gecko) Chrome/41.0.2228.0 Safari/537.36" "saveaslave.com"
51.255.65.29 - - [04/Feb/2016:01:40:35 -0800] "GET /www.fasgi.org HTTP/1.1" 404 89 "-" "Mozilla/5.0 (compatible; AhrefsBot/5.0; +http://ahrefs.com/robot/)" "saveaslave.com"
23.20.46.153 - - [04/Feb/2016:01:44:16 -0800] "GET /index.php HTTP/1.1" 200 83094 "-" "Mozilla/5.0 (compatible; linkdexbot/2.0; +http://www.linkdex.com/bots/)" "www.saveaslave.com"
62.210.75.243 - - [04/Feb/2016:01:46:18 -0800] "GET / HTTP/1.1" 200 83094 "-" "Mozilla/5.0 (X11; Linux x86_64) AppleWebKit/537.36 (KHTML, like Gecko) Chrome/28.0.1500.71 Safari/537.36" "www.saveaslave.com"
62.210.75.243 - - [04/Feb/2016:01:46:18 -0800] "GET /assets/js/ie-emulation-modes-warning.js HTTP/1.1" 200 2130 "http://www.saveaslave.com/" "Mozilla/5.0 (X11; Linux x86_64) AppleWebKit/537.36 (KHTML, like Gecko) Chrome/28.0.1500.71 Safari/537.36" "www.saveaslave.com"
62.210.75.243 - - [04/Feb/2016:01:46:18 -0800] "GET /gajaxscroller.js HTTP/1.1" 200 9774 "http://www.saveaslave.com/" "Mozilla/5.0 (X11; Linux x86_64) AppleWebKit/537.36 (KHTML, like Gecko) Chrome/28.0.1500.71 Safari/537.36" "www.saveaslave.com"
62.210.75.243 - - [04/Feb/2016:01:46:18 -0800] "GET /gfeedfetcher.js HTTP/1.1" 200 9018 "http://www.saveaslave.com/" "Mozilla/5.0 (X11; Linux x86_64) AppleWebKit/537.36 (KHTML, like Gecko) Chrome/28.0.1500.71 Safari/537.36" "www.saveaslave.com"
