218.92.147.79 - - [05/Nov/2016:12:43:12 -0700] "GET /public/js/fckeditor/fckeditor.js HTTP/1.1" 404 89 "http://www.saveaslave.com" "Mozilla/5.0 (Macintosh; Intel Mac OS X 10_10_5) AppleWebKit/537.36 (KHTML, like Gecko) Chrome/43.0.2357.134 Safari/537.36 QQBrowser/3.8.3858.400" "www.saveaslave.com"
218.92.147.79 - - [05/Nov/2016:12:43:25 -0700] "GET /webmanage/fckeditor/fckeditor.js HTTP/1.1" 404 89 "http://www.saveaslave.com" "Mozilla/5.0 (Macintosh; Intel Mac OS X 10_10_5) AppleWebKit/537.36 (KHTML, like Gecko) Chrome/43.0.2357.134 Safari/537.36 QQBrowser/3.8.3858.400" "www.saveaslave.com"
216.244.66.230 - - [05/Nov/2016:12:43:26 -0700] "GET /robots.txt HTTP/1.1" 200 48 "-" "Mozilla/5.0 (compatible; DotBot/1.1; http://www.opensiteexplorer.org/dotbot, help@moz.com)" "www.saveaslave.com"
216.244.66.230 - - [05/Nov/2016:12:43:26 -0700] "GET /robots.txt HTTP/1.1" 200 48 "-" "Mozilla/5.0 (compatible; DotBot/1.1; http://www.opensiteexplorer.org/dotbot, help@moz.com)" "www.saveaslave.com"
218.92.147.79 - - [05/Nov/2016:12:43:31 -0700] "GET /agents/fckeditor/fckeditor.js HTTP/1.1" 404 89 "http://www.saveaslave.com" "Mozilla/5.0 (Macintosh; Intel Mac OS X 10_10_5) AppleWebKit/537.36 (KHTML, like Gecko) Chrome/43.0.2357.134 Safari/537.36 QQBrowser/3.8.3858.400" "www.saveaslave.com"
218.92.147.79 - - [05/Nov/2016:12:43:46 -0700] "GET /webeditor/fckeditor.js HTTP/1.1" 404 89 "http://www.saveaslave.com" "Mozilla/5.0 (Macintosh; Intel Mac OS X 10_10_5) AppleWebKit/537.36 (KHTML, like Gecko) Chrome/43.0.2357.134 Safari/537.36 QQBrowser/3.8.3858.400" "www.saveaslave.com"
218.92.147.79 - - [05/Nov/2016:12:44:11 -0700] "GET /Public/Js/FCKMini/fckeditor.js HTTP/1.1" 404 89 "http://www.saveaslave.com" "Mozilla/5.0 (Macintosh; Intel Mac OS X 10_10_5) AppleWebKit/537.36 (KHTML, like Gecko) Chrome/43.0.2357.134 Safari/537.36 QQBrowser/3.8.3858.400" "www.saveaslave.com"
188.165.173.1 - - [05/Nov/2016:12:49:06 -0700] "POST /our-newsr.php HTTP/1.1" 200 61587 "-" "Mozilla/5.0 (compatible; MSIE 10.0; Windows NT 6.1; Trident/6.0)" "saveaslave.com"
5.255.250.28 - - [05/Nov/2016:13:20:29 -0700] "GET /manifest.json HTTP/1.1" 404 89 "-" "Mozilla/5.0 (compatible; YandexImages/3.0; +http://yandex.com/bots)" "saveaslave.com"
159.203.61.153 - - [05/Nov/2016:13:21:40 -0700] "HEAD / HTTP/1.1" 200 0 "-" "curl/7.38.0" "saveaslave.com"
51.254.152.246 - - [05/Nov/2016:14:13:15 -0700] "POST /our-newsr.php HTTP/1.1" 200 61587 "-" "Mozilla/5.0 (X11; U; Linux i686; ru; rv:1.9.0.5) Gecko/2008121622 Ubuntu/8.10 (intrepid) Firefox/3.0.5" "saveaslave.com"
159.203.61.153 - - [05/Nov/2016:14:18:09 -0700] "HEAD / HTTP/1.1" 200 0 "-" "curl/7.38.0" "saveaslave.com"
65.36.241.48 - - [05/Nov/2016:14:18:40 -0700] "HEAD / HTTP/1.1" 200 0 "-" "InternetSeer.com" "www.saveaslave.com"
216.244.66.230 - - [05/Nov/2016:14:19:51 -0700] "GET /article.php?id=32 HTTP/1.1" 200 51107 "-" "Mozilla/5.0 (compatible; DotBot/1.1; http://www.opensiteexplorer.org/dotbot, help@moz.com)" "www.saveaslave.com"
216.244.66.230 - - [05/Nov/2016:14:20:07 -0700] "GET /article.php?id=32 HTTP/1.1" 200 51107 "-" "Mozilla/5.0 (compatible; DotBot/1.1; http://www.opensiteexplorer.org/dotbot, help@moz.com)" "www.saveaslave.com"
188.165.173.1 - - [05/Nov/2016:14:21:08 -0700] "POST /our-newsr.php HTTP/1.1" 200 61587 "-" "Mozilla/5.0 (X11; U; Linux i686; ru; rv:1.9.0.5) Gecko/2008121622 Ubuntu/8.10 (intrepid) Firefox/3.0.5" "saveaslave.com"
163.172.66.142 - - [05/Nov/2016:14:24:26 -0700] "GET /honduras.html HTTP/1.1" 404 89 "-" "Mozilla/5.0 (compatible; AhrefsBot/5.1; +http://ahrefs.com/robot/)" "saveaslave.com"
207.46.13.33 - - [05/Nov/2016:14:26:15 -0700] "GET /?tpl=references&Itemid=3 HTTP/1.1" 200 90552 "-" "Mozilla/5.0 (compatible; bingbot/2.0; +http://www.bing.com/bingbot.htm)" "www.saveaslave.com"
207.46.13.33 - - [05/Nov/2016:14:26:16 -0700] "GET /?tpl=about&Itemid=2 HTTP/1.1" 200 90552 "-" "Mozilla/5.0 (compatible; bingbot/2.0; +http://www.bing.com/bingbot.htm)" "www.saveaslave.com"
207.46.13.33 - - [05/Nov/2016:14:26:16 -0700] "GET /who-we-are.php HTTP/1.1" 200 50871 "-" "Mozilla/5.0 (compatible; bingbot/2.0; +http://www.bing.com/bingbot.htm)" "www.saveaslave.com"
159.203.61.153 - - [05/Nov/2016:14:28:24 -0700] "HEAD / HTTP/1.1" 200 0 "-" "curl/7.38.0" "saveaslave.com"
178.32.44.63 - - [05/Nov/2016:14:35:50 -0700] "GET /our-newsr.php HTTP/1.1" 200 78316 "-" "Mozilla/5.0 (Windows NT 6.1; WOW64; rv:27.0) Gecko/20100101 Firefox/27.0" "saveaslave.com"[1]
46.229.164.100 - - [05/Nov/2016:14:48:49 -0700] "GET /robots.txt HTTP/1.1" 200 48 "-" "Mozilla/5.0 (compatible; SemrushBot/1.1~bl; +http://www.semrush.com/bot.html)" "saveaslave.com"
94.23.78.236 - - [05/Nov/2016:15:10:06 -0700] "GET /our-newsr.php HTTP/1.1" 200 78316 "-" "Mozilla/5.0 (Windows NT 6.1; WOW64) AppleWebKit/537.36 (KHTML, like Gecko) Chrome/33.0.1750.117 Safari/537.36 OPR/20.0.1387.64" "saveaslave.com"
178.33.34.75 - - [05/Nov/2016:15:21:45 -0700] "POST /our-newsr.php HTTP/1.1" 200 61587 "-" "Mozilla/5.0 (compatible; MSIE 10.0; Windows NT 6.1; WOW64; Trident/6.0)" "saveaslave.com"
188.165.173.1 - - [05/Nov/2016:15:31:51 -0700] "POST /our-newsr.php HTTP/1.1" 200 61587 "-" "Mozilla/5.0 (compatible; MSIE 10.0; Windows NT 6.1; Trident/6.0)" "saveaslave.com"
207.46.13.33 - - [05/Nov/2016:15:33:44 -0700] "GET /who-we-are.php HTTP/1.1" 200 50871 "-" "msnbot-media/1.1 (+http://search.msn.com/msnbot.htm)" "saveaslave.com"
207.46.13.33 - - [05/Nov/2016:15:33:45 -0700] "GET /who-we-are.php HTTP/1.1" 200 50871 "-" "msnbot-media/1.1 (+http://search.msn.com/msnbot.htm)" "saveaslave.com"[1]
176.31.246.38 - - [05/Nov/2016:15:50:47 -0700] "POST /our-newsr.php HTTP/1.1" 200 61587 "-" "Mozilla/5.0 (Windows NT 6.1; WOW64) AppleWebKit/537.36 (KHTML, like Gecko) Chrome/33.0.1750.117 Safari/537.36 OPR/20.0.1387.64" "saveaslave.com"[3]
51.254.146.70 - - [05/Nov/2016:15:52:38 -0700] "GET /our-newsr.php HTTP/1.1" 200 78316 "-" "Mozilla/5.0 (X11; U; Linux i686; ru; rv:1.9.0.5) Gecko/2008121622 Ubuntu/8.10 (intrepid) Firefox/3.0.5" "saveaslave.com"
46.118.124.241 - - [05/Nov/2016:16:04:48 -0700] "GET / HTTP/1.1" 200 90516 "http://lvov.mistr-x.org/" "Opera/9.00 (Windows NT 5.1; U; ru)" "www.saveaslave.com"
46.118.124.241 - - [05/Nov/2016:16:04:50 -0700] "GET / HTTP/1.1" 200 90516 "http://lvov.mistr-x.org/" "Opera/9.00 (Windows NT 5.1; U; ru)" "www.saveaslave.com"[1]
213.127.112.2 - - [05/Nov/2016:16:07:34 -0700] "GET /images/top.jpg HTTP/1.1" 200 50519 "https://www.google.nl/" "Mozilla/5.0 (Windows NT 10.0; Win64; x64) AppleWebKit/537.36 (KHTML, like Gecko) Chrome/51.0.2704.79 Safari/537.36 Edge/14.14393" "www.saveaslave.com"
178.33.36.253 - - [05/Nov/2016:16:21:32 -0700] "POST /our-newsr.php HTTP/1.1" 200 61587 "-" "Mozilla/5.0 (X11; U; Linux i686; ru; rv:1.9.0.5) Gecko/2008121622 Ubuntu/8.10 (intrepid) Firefox/3.0.5" "saveaslave.com"
137.74.21.243 - - [05/Nov/2016:16:32:23 -0700] "GET /our-newsr.php HTTP/1.1" 200 78316 "-" "Mozilla/5.0 (compatible; MSIE 10.0; Windows NT 6.1; Trident/6.0)" "saveaslave.com"
137.74.22.87 - - [05/Nov/2016:16:36:17 -0700] "GET /our-newsr.php HTTP/1.1" 200 78316 "-" "Mozilla/5.0 (compatible; MSIE 10.0; Windows NT 6.1; WOW64; Trident/6.0)" "saveaslave.com"
65.36.241.48 - - [05/Nov/2016:16:53:33 -0700] "HEAD / HTTP/1.1" 200 0 "-" "InternetSeer.com" "www.saveaslave.com"
137.74.21.243 - - [05/Nov/2016:17:09:21 -0700] "GET /our-newsr.php HTTP/1.1" 200 78316 "-" "Mozilla/5.0 (compatible; MSIE 10.0; Windows NT 6.1; Trident/5.0)" "saveaslave.com"
85.248.227.165 - - [05/Nov/2016:17:11:55 -0700] "GET / HTTP/1.1" 200 90552 "-" "Mozilla/5.0 (Windows NT 10.0; WOW64) AppleWebKit/537.36 (KHTML, like Gecko) Chrome/52.0.2743.116 Safari/537.36" "saveaslave.com"
137.74.21.243 - - [05/Nov/2016:17:20:45 -0700] "POST /our-newsr.php HTTP/1.1" 200 61587 "-" "Mozilla/5.0 (compatible; MSIE 10.0; Windows NT 6.1; WOW64; Trident/6.0)" "saveaslave.com"[2]
46.229.164.101 - - [05/Nov/2016:17:22:03 -0700] "GET /robots.txt HTTP/1.1" 200 48 "-" "Mozilla/5.0 (compatible; SemrushBot/1.1~bl; +http://www.semrush.com/bot.html)" "www.saveaslave.com"
51.254.79.109 - - [05/Nov/2016:17:22:30 -0700] "GET /our-newsr.php HTTP/1.1" 200 78316 "-" "Mozilla/5.0 (compatible; MSIE 10.0; Windows NT 6.1; WOW64; Trident/6.0)" "saveaslave.com"
180.76.15.137 - - [05/Nov/2016:17:31:37 -0700] "GET /country.php?name=Belize&lang=en HTTP/1.1" 200 52864 "-" "Mozilla/5.0 (compatible; Baiduspider/2.0; +http://www.baidu.com/search/spider.html)" "www.saveaslave.com"
137.74.59.177 - - [05/Nov/2016:17:45:00 -0700] "POST /our-newsr.php HTTP/1.1" 200 61587 "-" "Mozilla/5.0 (Windows NT 6.1; WOW64; rv:27.0) Gecko/20100101 Firefox/27.0" "saveaslave.com"
137.74.59.177 - - [05/Nov/2016:17:45:43 -0700] "POST /our-newsr.php HTTP/1.1" 200 61587 "-" "Mozilla/5.0 (Windows NT 6.2; WOW64) AppleWebKit/537.36 (KHTML, like Gecko) Chrome/30.0.1599.17 Safari/537.36" "saveaslave.com"[2]
137.74.21.243 - - [05/Nov/2016:17:59:57 -0700] "GET /our-newsr.php HTTP/1.1" 200 78316 "-" "Mozilla/5.0 (Windows NT 6.1; WOW64; rv:27.0) Gecko/20100101 Firefox/27.0" "saveaslave.com"
52.91.208.136 - - [05/Nov/2016:18:12:18 -0700] "GET / HTTP/1.1" 200 90552 "-" "-" "saveaslave.com"
137.74.58.124 - - [05/Nov/2016:18:14:41 -0700] "GET /our-newsr.php HTTP/1.1" 200 78316 "-" "Mozilla/5.0 (Windows NT 6.1; WOW64) AppleWebKit/537.36 (KHTML, like Gecko) Chrome/33.0.1750.117 Safari/537.36 OPR/20.0.1387.64" "saveaslave.com"[1]
172.245.14.221 - - [05/Nov/2016:18:14:49 -0700] "GET /country.php?name=Belize&lang=en HTTP/1.1" 200 52864 "http://saveaslave.com/" "Mozilla/5.0 (Windows NT 5.1) AppleWebKit/537.36 (KHTML, like Gecko) Chrome/39.0.2171.99 Safari/537.36" "saveaslave.com"
52.91.208.136 - - [05/Nov/2016:18:18:17 -0700] "GET / HTTP/1.1" 200 90552 "-" "-" "saveaslave.com"
137.74.21.243 - - [05/Nov/2016:18:23:20 -0700] "GET /our-newsr.php HTTP/1.1" 200 78316 "-" "Mozilla/5.0 (Windows NT 6.1; WOW64; rv:27.0) Gecko/20100101 Firefox/27.0" "saveaslave.com"[1]
51.254.79.109 - - [05/Nov/2016:18:25:20 -0700] "GET /our-newsr.php HTTP/1.1" 200 78316 "-" "Mozilla/5.0 (compatible; MSIE 10.0; Windows NT 6.1; Trident/6.0)" "saveaslave.com"
149.202.245.70 - - [05/Nov/2016:18:32:19 -0700] "GET /our-newsr.php HTTP/1.1" 200 78316 "-" "Mozilla/5.0 (Windows NT 6.1; WOW64) AppleWebKit/537.36 (KHTML, like Gecko) Chrome/33.0.1750.117 Safari/537.36 OPR/20.0.1387.64" "saveaslave.com"[1]
159.203.61.153 - - [05/Nov/2016:18:38:27 -0700] "HEAD / HTTP/1.1" 200 0 "-" "curl/7.38.0" "saveaslave.com"[0]
85.93.91.84 - - [05/Nov/2016:19:08:43 -0700] "GET /robots.txt HTTP/1.1" 200 48 "-" "Mozilla/5.0 (compatible; DeuSu/5.0.2; +https://deusu.de/robot.html)" "www.saveaslave.com"
159.203.61.153 - - [05/Nov/2016:19:22:11 -0700] "HEAD / HTTP/1.1" 200 0 "-" "curl/7.38.0" "saveaslave.com"[1]
137.74.59.177 - - [05/Nov/2016:19:34:33 -0700] "POST /our-newsr.php HTTP/1.1" 200 61587 "-" "Mozilla/5.0 (Windows NT 6.1; WOW64) AppleWebKit/537.36 (KHTML, like Gecko) Chrome/33.0.1750.117 Safari/537.36 OPR/20.0.1387.64" "saveaslave.com"
157.55.39.252 - - [05/Nov/2016:19:35:44 -0700] "GET /robots.txt HTTP/1.1" 200 48 "-" "Mozilla/5.0 (compatible; bingbot/2.0; +http://www.bing.com/bingbot.htm)" "saveaslave.com"
108.168.239.92 - - [05/Nov/2016:19:43:32 -0700] "GET /css/style.css HTTP/1.1" 200 7938 "http://saveaslave.com/" "Mozilla/5.0 (iPad; CPU OS 10_0_2 like Mac OS X) AppleWebKit/602.1.32 (KHTML, like Gecko) Mobile/14A456 Twitter for iPhone" "saveaslave.com"
108.168.239.92 - - [05/Nov/2016:19:43:32 -0700] "GET /css/bootstrap.min.css HTTP/1.1" 200 123578 "http://saveaslave.com/" "Mozilla/5.0 (iPad; CPU OS 10_0_2 like Mac OS X) AppleWebKit/602.1.32 (KHTML, like Gecko) Mobile/14A456 Twitter for iPhone" "saveaslave.com"
108.168.239.92 - - [05/Nov/2016:19:43:32 -0700] "GET /assets/js/ie-emulation-modes-warning.js HTTP/1.1" 200 2130 "http://saveaslave.com/" "Mozilla/5.0 (iPad; CPU OS 10_0_2 like Mac OS X) AppleWebKit/602.1.32 (KHTML, like Gecko) Mobile/14A456 Twitter for iPhone" "saveaslave.com"
108.168.239.92 - - [05/Nov/2016:19:43:32 -0700] "GET /gajaxscroller.js HTTP/1.1" 200 9774 "http://saveaslave.com/" "Mozilla/5.0 (iPad; CPU OS 10_0_2 like Mac OS X) AppleWebKit/602.1.32 (KHTML, like Gecko) Mobile/14A456 Twitter for iPhone" "saveaslave.com"
108.168.239.92 - - [05/Nov/2016:19:43:32 -0700] "GET /gfeedfetcher.js HTTP/1.1" 200 9018 "http://saveaslave.com/" "Mozilla/5.0 (iPad; CPU OS 10_0_2 like Mac OS X) AppleWebKit/602.1.32 (KHTML, like Gecko) Mobile/14A456 Twitter for iPhone" "saveaslave.com"[0]
108.168.239.92 - - [05/Nov/2016:19:43:33 -0700] "GET /js/bootstrap.min.js HTTP/1.1" 200 37055 "http://saveaslave.com/" "Mozilla/5.0 (iPad; CPU OS 10_0_2 like Mac OS X) AppleWebKit/602.1.32 (KHTML, like Gecko) Mobile/14A456 Twitter for iPhone" "saveaslave.com"
108.168.239.92 - - [05/Nov/2016:19:43:33 -0700] "GET /assets/js/ie10-viewport-bug-workaround.js HTTP/1.1" 200 641 "http://saveaslave.com/" "Mozilla/5.0 (iPad; CPU OS 10_0_2 like Mac OS X) AppleWebKit/602.1.32 (KHTML, like Gecko) Mobile/14A456 Twitter for iPhone" "saveaslave.com"
108.168.239.92 - - [05/Nov/2016:19:43:33 -0700] "GET /images/logo2.png HTTP/1.1" 200 18525 "http://saveaslave.com/" "Mozilla/5.0 (iPad; CPU OS 10_0_2 like Mac OS X) AppleWebKit/602.1.32 (KHTML, like Gecko) Mobile/14A456 Twitter for iPhone" "saveaslave.com"
108.168.239.92 - - [05/Nov/2016:19:43:33 -0700] "GET /images/cover1.jpg HTTP/1.1" 200 253658 "http://saveaslave.com/" "Mozilla/5.0 (iPad; CPU OS 10_0_2 like Mac OS X) AppleWebKit/602.1.32 (KHTML, like Gecko) Mobile/14A456 Twitter for iPhone" "saveaslave.com"
108.168.239.92 - - [05/Nov/2016:19:43:33 -0700] "GET /images/article/end_it.jpg HTTP/1.1" 200 33676 "http://saveaslave.com/" "Mozilla/5.0 (iPad; CPU OS 10_0_2 like Mac OS X) AppleWebKit/602.1.32 (KHTML, like Gecko) Mobile/14A456 Twitter for iPhone" "saveaslave.com"
108.168.239.92 - - [05/Nov/2016:19:43:33 -0700] "GET /images/article/s1_dety_beg_d9954.jpg HTTP/1.1" 200 16968 "http://saveaslave.com/" "Mozilla/5.0 (iPad; CPU OS 10_0_2 like Mac OS X) AppleWebKit/602.1.32 (KHTML, like Gecko) Mobile/14A456 Twitter for iPhone" "saveaslave.com"
108.168.239.92 - - [05/Nov/2016:19:43:33 -0700] "GET /images/article/suspects.jpg HTTP/1.1" 200 58796 "http://saveaslave.com/" "Mozilla/5.0 (iPad; CPU OS 10_0_2 like Mac OS X) AppleWebKit/602.1.32 (KHTML, like Gecko) Mobile/14A456 Twitter for iPhone" "saveaslave.com"
108.168.239.92 - - [05/Nov/2016:19:43:34 -0700] "GET /images/social1.png HTTP/1.1" 200 2012 "http://saveaslave.com/" "Mozilla/5.0 (iPad; CPU OS 10_0_2 like Mac OS X) AppleWebKit/602.1.32 (KHTML, like Gecko) Mobile/14A456 Twitter for iPhone" "saveaslave.com"
108.168.239.92 - - [05/Nov/2016:19:43:34 -0700] "GET /images/social2.png HTTP/1.1" 200 1752 "http://saveaslave.com/" "Mozilla/5.0 (iPad; CPU OS 10_0_2 like Mac OS X) AppleWebKit/602.1.32 (KHTML, like Gecko) Mobile/14A456 Twitter for iPhone" "saveaslave.com"
108.168.239.92 - - [05/Nov/2016:19:43:34 -0700] "GET /images/social3.png HTTP/1.1" 200 4343 "http://saveaslave.com/" "Mozilla/5.0 (iPad; CPU OS 10_0_2 like Mac OS X) AppleWebKit/602.1.32 (KHTML, like Gecko) Mobile/14A456 Twitter for iPhone" "saveaslave.com"
108.168.239.92 - - [05/Nov/2016:19:43:34 -0700] "GET /images/select-arrow.png HTTP/1.1" 200 1118 "http://saveaslave.com/" "Mozilla/5.0 (iPad; CPU OS 10_0_2 like Mac OS X) AppleWebKit/602.1.32 (KHTML, like Gecko) Mobile/14A456 Twitter for iPhone" "saveaslave.com"
108.168.239.92 - - [05/Nov/2016:19:43:45 -0700] "GET /css/style-pages.css HTTP/1.1" 200 9894 "http://saveaslave.com/" "Mozilla/5.0 (iPad; CPU OS 10_0_2 like Mac OS X) AppleWebKit/602.1.32 (KHTML, like Gecko) Mobile/14A456 Twitter for iPhone" "saveaslave.com"
108.168.239.92 - - [05/Nov/2016:19:43:45 -0700] "GET /css/down-arrow.png HTTP/1.1" 404 89 "http://saveaslave.com/" "Mozilla/5.0 (iPad; CPU OS 10_0_2 like Mac OS X) AppleWebKit/602.1.32 (KHTML, like Gecko) Mobile/14A456 Twitter for iPhone" "saveaslave.com"
108.168.239.92 - - [05/Nov/2016:19:43:45 -0700] "GET /images/top.jpg HTTP/1.1" 200 50519 "http://saveaslave.com/" "Mozilla/5.0 (iPad; CPU OS 10_0_2 like Mac OS X) AppleWebKit/602.1.32 (KHTML, like Gecko) Mobile/14A456 Twitter for iPhone" "saveaslave.com"
159.203.61.153 - - [05/Nov/2016:20:04:01 -0700] "HEAD / HTTP/1.1" 200 0 "-" "curl/7.38.0" "saveaslave.com"
188.165.173.1 - - [05/Nov/2016:20:05:28 -0700] "GET /our-newsr.php HTTP/1.1" 200 78316 "-" "Mozilla/5.0 (Windows NT 6.1; WOW64; rv:27.0) Gecko/20100101 Firefox/27.0" "saveaslave.com"
180.76.15.11 - - [05/Nov/2016:20:25:58 -0700] "GET /assets/js/ie-emulation-modes-warning.js HTTP/1.1" 200 2130 "-" "Mozilla/5.0 (compatible; Baiduspider/2.0; +http://www.baidu.com/search/spider.html)" "www.saveaslave.com"
195.154.181.168 - - [05/Nov/2016:20:27:29 -0700] "GET /license.php HTTP/1.1" 200 73 "http://saveaslave.com/license.php" "Mozilla/5.0 (Windows NT 6.1; WOW64) AppleWebKit/537.36 (KHTML, like Gecko) Chrome/42.0.2311.152 Safari/537.36" "saveaslave.com"
178.33.36.253 - - [05/Nov/2016:20:46:57 -0700] "POST /our-newsr.php HTTP/1.1" 200 61587 "-" "Mozilla/5.0 (X11; U; Linux i686; ru; rv:1.9.0.5) Gecko/2008121622 Ubuntu/8.10 (intrepid) Firefox/3.0.5" "saveaslave.com"[2]
85.93.91.84 - - [05/Nov/2016:20:55:17 -0700] "GET /disclaimer.php HTTP/1.1" 200 47980 "-" "Mozilla/5.0 (compatible; DeuSu/5.0.2; +https://deusu.de/robot.html)" "saveaslave.com"
180.76.15.11 - - [05/Nov/2016:20:59:29 -0700] "GET / HTTP/1.1" 200 90552 "-" "Mozilla/5.0 (compatible; Baiduspider/2.0; +http://www.baidu.com/search/spider.html)" "www.saveaslave.com"[2]
137.74.59.177 - - [05/Nov/2016:20:59:47 -0700] "POST /our-newsr.php HTTP/1.1" 200 61587 "-" "Mozilla/5.0 (X11; U; Linux i686; ru; rv:1.9.0.5) Gecko/2008121622 Ubuntu/8.10 (intrepid) Firefox/3.0.5" "saveaslave.com"
163.172.66.5 - - [05/Nov/2016:20:59:55 -0700] "GET /kosovo.html HTTP/1.1" 404 89 "-" "Mozilla/5.0 (compatible; AhrefsBot/5.1; +http://ahrefs.com/robot/)" "saveaslave.com"
51.254.152.246 - - [05/Nov/2016:21:09:33 -0700] "POST /our-newsr.php HTTP/1.1" 200 61587 "-" "Mozilla/5.0 (Windows NT 6.1; WOW64) AppleWebKit/537.36 (KHTML, like Gecko) Chrome/33.0.1750.117 Safari/537.36 OPR/20.0.1387.64" "saveaslave.com"[1]
137.74.59.177 - - [05/Nov/2016:21:12:35 -0700] "GET /our-newsr.php HTTP/1.1" 200 78316 "-" "Mozilla/5.0 (Windows NT 6.2; Win64; x64) AppleWebKit/537.36 (KHTML, like Gecko) Chrome/32.0.1667.0 Safari/537.36" "saveaslave.com"
163.172.66.53 - - [05/Nov/2016:21:14:59 -0700] "GET /article.php?id=18 HTTP/1.1" 200 47153 "-" "Mozilla/5.0 (compatible; AhrefsBot/5.1; +http://ahrefs.com/robot/)" "saveaslave.com"
85.93.91.84 - - [05/Nov/2016:21:20:28 -0700] "GET /www.ririki.org/mx HTTP/1.1" 404 89 "-" "Mozilla/5.0 (compatible; DeuSu/5.0.2; +https://deusu.de/robot.html)" "www.saveaslave.com"
151.80.221.42 - - [05/Nov/2016:21:20:33 -0700] "POST /our-newsr.php HTTP/1.1" 200 61587 "-" "Mozilla/5.0 (compatible; MSIE 10.0; Windows NT 6.1; Trident/5.0)" "saveaslave.com"
66.249.75.27 - - [05/Nov/2016:21:21:05 -0700] "GET /azerbaijan HTTP/1.1" 404 89 "-" "Mozilla/5.0 (Linux; Android 6.0.1; Nexus 5X Build/MMB29P) AppleWebKit/537.36 (KHTML, like Gecko) Chrome/41.0.2272.96 Mobile Safari/537.36 (compatible; Googlebot/2.1; +http://www.google.com/bot.html)" "www.saveaslave.com"[0]
159.203.61.153 - - [05/Nov/2016:21:26:13 -0700] "HEAD / HTTP/1.1" 200 0 "-" "curl/7.38.0" "saveaslave.com"[0]
65.36.241.48 - - [05/Nov/2016:21:37:11 -0700] "GET / HTTP/1.1" 200 90552 "-" "InternetSeer.com" "www.saveaslave.com"
176.31.246.38 - - [05/Nov/2016:21:45:31 -0700] "POST /our-newsr.php HTTP/1.1" 200 61587 "-" "Mozilla/5.0 (Windows NT 6.1; WOW64; rv:27.0) Gecko/20100101 Firefox/27.0" "saveaslave.com"
178.32.44.63 - - [05/Nov/2016:21:48:30 -0700] "GET /our-newsr.php HTTP/1.1" 200 78316 "-" "Mozilla/5.0 (compatible; MSIE 10.0; Windows NT 6.1; Trident/5.0)" "saveaslave.com"
222.165.53.231 - - [05/Nov/2016:22:11:59 -0700] "GET / HTTP/1.1" 200 90552 "http://1-99seo.com/try.php?u=http://saveaslave.com" "Mozilla/5.0 (Windows NT 6.1; WOW64) AppleWebKit/537.36 (KHTML, like Gecko) Chrome/36.0.1985.143 Safari/537.36" "saveaslave.com"
222.165.53.231 - - [05/Nov/2016:22:12:01 -0700] "GET /css/bootstrap.min.css HTTP/1.1" 200 123578 "http://saveaslave.com/" "Mozilla/5.0 (Windows NT 6.1; WOW64) AppleWebKit/537.36 (KHTML, like Gecko) Chrome/36.0.1985.143 Safari/537.36" "saveaslave.com"
222.165.53.231 - - [05/Nov/2016:22:12:01 -0700] "GET /css/style.css HTTP/1.1" 200 7938 "http://saveaslave.com/" "Mozilla/5.0 (Windows NT 6.1; WOW64) AppleWebKit/537.36 (KHTML, like Gecko) Chrome/36.0.1985.143 Safari/537.36" "saveaslave.com"
222.165.53.231 - - [05/Nov/2016:22:12:01 -0700] "GET /css/elements.css HTTP/1.1" 200 17857 "http://saveaslave.com/" "Mozilla/5.0 (Windows NT 6.1; WOW64) AppleWebKit/537.36 (KHTML, like Gecko) Chrome/36.0.1985.143 Safari/537.36" "saveaslave.com"
222.165.53.231 - - [05/Nov/2016:22:12:02 -0700] "GET /assets/js/ie-emulation-modes-warning.js HTTP/1.1" 200 2130 "http://saveaslave.com/" "Mozilla/5.0 (Windows NT 6.1; WOW64) AppleWebKit/537.36 (KHTML, like Gecko) Chrome/36.0.1985.143 Safari/537.36" "saveaslave.com"
222.165.53.231 - - [05/Nov/2016:22:12:03 -0700] "GET /gfeedfetcher.js HTTP/1.1" 200 9018 "http://saveaslave.com/" "Mozilla/5.0 (Windows NT 6.1; WOW64) AppleWebKit/537.36 (KHTML, like Gecko) Chrome/36.0.1985.143 Safari/537.36" "saveaslave.com"
222.165.53.231 - - [05/Nov/2016:22:12:03 -0700] "GET /gajaxscroller.js HTTP/1.1" 200 9774 "http://saveaslave.com/" "Mozilla/5.0 (Windows NT 6.1; WOW64) AppleWebKit/537.36 (KHTML, like Gecko) Chrome/36.0.1985.143 Safari/537.36" "saveaslave.com"
222.165.53.231 - - [05/Nov/2016:22:12:03 -0700] "GET /css/style-pages.css HTTP/1.1" 200 9894 "http://saveaslave.com/" "Mozilla/5.0 (Windows NT 6.1; WOW64) AppleWebKit/537.36 (KHTML, like Gecko) Chrome/36.0.1985.143 Safari/537.36" "saveaslave.com"
222.165.53.231 - - [05/Nov/2016:22:12:04 -0700] "GET /js/bootstrap.min.js HTTP/1.1" 200 37055 "http://saveaslave.com/" "Mozilla/5.0 (Windows NT 6.1; WOW64) AppleWebKit/537.36 (KHTML, like Gecko) Chrome/36.0.1985.143 Safari/537.36" "saveaslave.com"
222.165.53.231 - - [05/Nov/2016:22:12:04 -0700] "GET /assets/js/ie10-viewport-bug-workaround.js HTTP/1.1" 200 641 "http://saveaslave.com/" "Mozilla/5.0 (Windows NT 6.1; WOW64) AppleWebKit/537.36 (KHTML, like Gecko) Chrome/36.0.1985.143 Safari/537.36" "saveaslave.com"
222.165.53.231 - - [05/Nov/2016:22:12:07 -0700] "GET /images/article/s1_dety_beg_d9954.jpg HTTP/1.1" 200 16968 "http://saveaslave.com/" "Mozilla/5.0 (Windows NT 6.1; WOW64) AppleWebKit/537.36 (KHTML, like Gecko) Chrome/36.0.1985.143 Safari/537.36" "saveaslave.com"
222.165.53.231 - - [05/Nov/2016:22:12:09 -0700] "GET /images/article/suspects.jpg HTTP/1.1" 200 58796 "http://saveaslave.com/" "Mozilla/5.0 (Windows NT 6.1; WOW64) AppleWebKit/537.36 (KHTML, like Gecko) Chrome/36.0.1985.143 Safari/537.36" "saveaslave.com"
222.165.53.231 - - [05/Nov/2016:22:12:09 -0700] "GET /images/social1.png HTTP/1.1" 200 2012 "http://saveaslave.com/" "Mozilla/5.0 (Windows NT 6.1; WOW64) AppleWebKit/537.36 (KHTML, like Gecko) Chrome/36.0.1985.143 Safari/537.36" "saveaslave.com"
222.165.53.231 - - [05/Nov/2016:22:12:10 -0700] "GET /images/social2.png HTTP/1.1" 200 1752 "http://saveaslave.com/" "Mozilla/5.0 (Windows NT 6.1; WOW64) AppleWebKit/537.36 (KHTML, like Gecko) Chrome/36.0.1985.143 Safari/537.36" "saveaslave.com"
222.165.53.231 - - [05/Nov/2016:22:12:10 -0700] "GET /images/social3.png HTTP/1.1" 200 4343 "http://saveaslave.com/" "Mozilla/5.0 (Windows NT 6.1; WOW64) AppleWebKit/537.36 (KHTML, like Gecko) Chrome/36.0.1985.143 Safari/537.36" "saveaslave.com"
222.165.53.231 - - [05/Nov/2016:22:12:10 -0700] "GET /indicator.gif HTTP/1.1" 200 878 "http://saveaslave.com/" "Mozilla/5.0 (Windows NT 6.1; WOW64) AppleWebKit/537.36 (KHTML, like Gecko) Chrome/36.0.1985.143 Safari/537.36" "saveaslave.com"[0]
222.165.53.231 - - [05/Nov/2016:22:12:10 -0700] "GET /images/select-arrow.png HTTP/1.1" 200 1118 "http://saveaslave.com/" "Mozilla/5.0 (Windows NT 6.1; WOW64) AppleWebKit/537.36 (KHTML, like Gecko) Chrome/36.0.1985.143 Safari/537.36" "saveaslave.com"
222.165.53.231 - - [05/Nov/2016:22:12:10 -0700] "GET /css/down-arrow.png HTTP/1.1" 404 89 "http://saveaslave.com/" "Mozilla/5.0 (Windows NT 6.1; WOW64) AppleWebKit/537.36 (KHTML, like Gecko) Chrome/36.0.1985.143 Safari/537.36" "saveaslave.com"
222.165.53.231 - - [05/Nov/2016:22:12:10 -0700] "GET /addarticle.php HTTP/1.1" 200 13761 "http://saveaslave.com/" "Mozilla/5.0 (Windows NT 6.1; WOW64) AppleWebKit/537.36 (KHTML, like Gecko) Chrome/36.0.1985.143 Safari/537.36" "saveaslave.com"
178.32.44.63 - - [05/Nov/2016:22:30:09 -0700] "POST /our-newsr.php HTTP/1.1" 200 61587 "-" "Mozilla/5.0 (X11; U; Linux i686; ru; rv:1.9.0.5) Gecko/2008121622 Ubuntu/8.10 (intrepid) Firefox/3.0.5" "saveaslave.com"
159.203.61.153 - - [05/Nov/2016:22:34:14 -0700] "HEAD / HTTP/1.1" 200 0 "-" "curl/7.38.0" "saveaslave.com"
216.244.66.240 - - [05/Nov/2016:22:43:15 -0700] "GET /robots.txt HTTP/1.1" 200 48 "-" "Mozilla/5.0 (compatible; DotBot/1.1; http://www.opensiteexplorer.org/dotbot, help@moz.com)" "saveaslave.com"
216.244.66.240 - - [05/Nov/2016:22:43:15 -0700] "GET /robots.txt HTTP/1.1" 200 48 "-" "Mozilla/5.0 (compatible; DotBot/1.1; http://www.opensiteexplorer.org/dotbot, help@moz.com)" "saveaslave.com"
216.244.66.240 - - [05/Nov/2016:22:43:15 -0700] "GET /robots.txt HTTP/1.1" 200 48 "-" "Mozilla/5.0 (compatible; DotBot/1.1; http://www.opensiteexplorer.org/dotbot, help@moz.com)" "www.saveaslave.com"
216.244.66.240 - - [05/Nov/2016:22:43:15 -0700] "GET /robots.txt HTTP/1.1" 200 48 "-" "Mozilla/5.0 (compatible; DotBot/1.1; http://www.opensiteexplorer.org/dotbot, help@moz.com)" "www.saveaslave.com"
151.80.221.42 - - [05/Nov/2016:22:49:01 -0700] "POST /our-newsr.php HTTP/1.1" 200 61587 "-" "Mozilla/5.0 (Windows NT 6.1; WOW64) AppleWebKit/537.36 (KHTML, like Gecko) Chrome/33.0.1750.117 Safari/537.36 OPR/20.0.1387.64" "saveaslave.com"
149.202.121.43 - - [05/Nov/2016:22:56:52 -0700] "GET /our-newsr.php HTTP/1.1" 200 78316 "-" "Mozilla/5.0 (Windows NT 6.1; Win64; x64; rv:25.0) Gecko/20100101 Firefox/25.0" "saveaslave.com"[1]
151.80.221.42 - - [05/Nov/2016:23:01:28 -0700] "POST /our-newsr.php HTTP/1.1" 200 61587 "-" "Mozilla/5.0 (Windows NT 6.1; WOW64; rv:27.0) Gecko/20100101 Firefox/27.0" "saveaslave.com"
137.74.59.177 - - [05/Nov/2016:23:07:13 -0700] "GET /our-newsr.php HTTP/1.1" 200 78316 "-" "Mozilla/5.0 (Windows NT 6.2; WOW64) AppleWebKit/537.36 (KHTML, like Gecko) Chrome/30.0.1599.17 Safari/537.36" "saveaslave.com"[3]
137.74.21.243 - - [05/Nov/2016:23:17:14 -0700] "POST /our-newsr.php HTTP/1.1" 200 61587 "-" "Mozilla/5.0 (compatible; MSIE 10.0; Windows NT 6.1; Trident/6.0)" "saveaslave.com"
79.137.180.251 - - [05/Nov/2016:23:50:35 -0700] "GET /addlink.php HTTP/1.1" 200 12896 "http://saveaslave.com/addlink.php" "Mozilla/5.0 (Windows NT 10.0; WOW64) AppleWebKit/537.36 (KHTML, like Gecko) Chrome/47.0.2526.111 Safari/537.36" "saveaslave.com"
65.36.241.48 - - [05/Nov/2016:23:57:52 -0700] "HEAD / HTTP/1.1" 200 0 "-" "InternetSeer.com" "www.saveaslave.com"
216.244.66.240 - - [06/Nov/2016:00:19:57 -0700] "GET /article.php?id=24 HTTP/1.1" 200 45901 "-" "Mozilla/5.0 (compatible; DotBot/1.1; http://www.opensiteexplorer.org/dotbot, help@moz.com)" "saveaslave.com"[2]
216.244.66.240 - - [06/Nov/2016:00:24:20 -0700] "GET /article.php?id=24 HTTP/1.1" 200 45901 "-" "Mozilla/5.0 (compatible; DotBot/1.1; http://www.opensiteexplorer.org/dotbot, help@moz.com)" "saveaslave.com"[1]
178.33.34.75 - - [06/Nov/2016:00:27:45 -0700] "POST /our-newsr.php HTTP/1.1" 200 61587 "-" "Mozilla/5.0 (Windows NT 6.1; Win64; x64; rv:25.0) Gecko/20100101 Firefox/25.0" "saveaslave.com"
151.80.221.42 - - [06/Nov/2016:00:29:08 -0700] "POST /our-newsr.php HTTP/1.1" 200 61587 "-" "Mozilla/5.0 (Windows NT 6.1; WOW64) AppleWebKit/537.36 (KHTML, like Gecko) Chrome/33.0.1750.117 Safari/537.36 OPR/20.0.1387.64" "saveaslave.com"
180.76.15.18 - - [06/Nov/2016:00:29:09 -0700] "GET /country.php?name=Iraq&lang=en HTTP/1.1" 200 54611 "-" "Mozilla/5.0 (compatible; Baiduspider/2.0; +http://www.baidu.com/search/spider.html)" "www.saveaslave.com"
51.254.71.251 - - [06/Nov/2016:00:30:38 -0700] "POST /our-newsr.php HTTP/1.1" 200 61587 "-" "Mozilla/5.0 (Windows NT 6.2; Win64; x64) AppleWebKit/537.36 (KHTML, like Gecko) Chrome/32.0.1667.0 Safari/537.36" "saveaslave.com"[1]
216.244.66.240 - - [06/Nov/2016:00:36:27 -0700] "GET /article.php?id=97 HTTP/1.1" 200 776 "-" "Mozilla/5.0 (compatible; DotBot/1.1; http://www.opensiteexplorer.org/dotbot, help@moz.com)" "www.saveaslave.com"
137.74.58.124 - - [06/Nov/2016:00:39:40 -0700] "POST /our-newsr.php HTTP/1.1" 200 61587 "-" "Mozilla/5.0 (Windows NT 6.2; Win64; x64) AppleWebKit/537.36 (KHTML, like Gecko) Chrome/32.0.1667.0 Safari/537.36" "saveaslave.com"
178.33.34.75 - - [06/Nov/2016:00:40:11 -0700] "POST /our-newsr.php HTTP/1.1" 200 61587 "-" "Mozilla/5.0 (X11; U; Linux i686; ru; rv:1.9.0.5) Gecko/2008121622 Ubuntu/8.10 (intrepid) Firefox/3.0.5" "saveaslave.com"
216.244.66.240 - - [06/Nov/2016:00:41:52 -0700] "GET /article.php?id=97 HTTP/1.1" 200 776 "-" "Mozilla/5.0 (compatible; DotBot/1.1; http://www.opensiteexplorer.org/dotbot, help@moz.com)" "www.saveaslave.com"[0]
151.80.221.42 - - [06/Nov/2016:00:45:43 -0700] "GET /our-newsr.php HTTP/1.1" 200 78316 "-" "Mozilla/5.0 (Windows NT 6.1; WOW64) AppleWebKit/537.36 (KHTML, like Gecko) Chrome/33.0.1750.117 Safari/537.36 OPR/20.0.1387.64" "saveaslave.com"
163.172.66.45 - - [06/Nov/2016:00:53:57 -0700] "GET /www.ayuda.com HTTP/1.1" 404 89 "-" "Mozilla/5.0 (compatible; AhrefsBot/5.1; +http://ahrefs.com/robot/)" "saveaslave.com"
178.33.34.75 - - [06/Nov/2016:00:55:31 -0700] "GET /our-newsr.php HTTP/1.1" 200 78316 "-" "Mozilla/5.0 (Windows NT 6.2; Win64; x64) AppleWebKit/537.36 (KHTML, like Gecko) Chrome/32.0.1667.0 Safari/537.36" "saveaslave.com"
159.203.61.153 - - [06/Nov/2016:01:05:28 -0700] "HEAD / HTTP/1.1" 200 0 "-" "curl/7.38.0" "saveaslave.com"
176.31.246.38 - - [06/Nov/2016:01:12:52 -0700] "POST /our-newsr.php HTTP/1.1" 200 61587 "-" "Mozilla/5.0 (X11; U; Linux i686; ru; rv:1.9.0.5) Gecko/2008121622 Ubuntu/8.10 (intrepid) Firefox/3.0.5" "saveaslave.com"
178.255.215.78 - - [06/Nov/2016:01:18:43 -0700] "GET /robots.txt HTTP/1.1" 200 48 "-" "Mozilla/5.0 (compatible; Exabot/3.0; +http://www.exabot.com/go/robot)" "saveaslave.com"
178.255.215.78 - - [06/Nov/2016:01:18:44 -0700] "GET /our-supportersr.php HTTP/1.1" 200 73 "-" "Mozilla/5.0 (compatible; Exabot/3.0; +http://www.exabot.com/go/robot)" "saveaslave.com"[0]
178.255.215.78 - - [06/Nov/2016:01:18:47 -0700] "GET /our-newsr.php HTTP/1.1" 200 78316 "-" "Mozilla/5.0 (compatible; Exabot/3.0; +http://www.exabot.com/go/robot)" "saveaslave.com"[1]
65.36.241.48 - - [06/Nov/2016:01:38:56 -0700] "HEAD /?tpl=references&Itemid=3 HTTP/1.1" 200 0 "-" "InternetSeer.com" "www.saveaslave.com"[1]
149.202.121.43 - - [06/Nov/2016:01:41:49 -0700] "GET /our-newsr.php HTTP/1.1" 200 78316 "-" "Mozilla/5.0 (Windows NT 6.1; WOW64; rv:27.0) Gecko/20100101 Firefox/27.0" "saveaslave.com"
51.254.152.246 - - [06/Nov/2016:01:00:20 -0800] "POST /our-newsr.php HTTP/1.1" 200 61587 "-" "Mozilla/5.0 (Windows NT 6.1; WOW64) AppleWebKit/537.36 (KHTML, like Gecko) Chrome/33.0.1750.117 Safari/537.36 OPR/20.0.1387.64" "saveaslave.com"[2]
94.23.78.236 - - [06/Nov/2016:01:03:56 -0800] "GET /our-newsr.php HTTP/1.1" 200 78316 "-" "Mozilla/5.0 (Windows NT 6.1; Win64; x64; rv:25.0) Gecko/20100101 Firefox/25.0" "saveaslave.com"
85.93.91.84 - - [06/Nov/2016:01:14:01 -0800] "GET /www.americangateways.org HTTP/1.1" 404 89 "-" "Mozilla/5.0 (compatible; DeuSu/5.0.2; +https://deusu.de/robot.html)" "www.saveaslave.com"
149.202.245.70 - - [06/Nov/2016:01:31:23 -0800] "POST /our-newsr.php HTTP/1.1" 200 61587 "-" "Mozilla/5.0 (Windows NT 6.1; WOW64) AppleWebKit/537.36 (KHTML, like Gecko) Chrome/33.0.1750.117 Safari/537.36 OPR/20.0.1387.64" "saveaslave.com"
149.202.245.70 - - [06/Nov/2016:01:34:06 -0800] "GET /our-newsr.php HTTP/1.1" 200 78316 "-" "Mozilla/5.0 (Windows NT 6.1; WOW64; rv:27.0) Gecko/20100101 Firefox/27.0" "saveaslave.com"
216.244.66.240 - - [06/Nov/2016:01:41:13 -0800] "GET /robots.txt HTTP/1.1" 200 48 "-" "Mozilla/5.0 (compatible; DotBot/1.1; http://www.opensiteexplorer.org/dotbot, help@moz.com)" "saveaslave.com"
216.244.66.240 - - [06/Nov/2016:01:41:14 -0800] "GET /robots.txt HTTP/1.1" 200 48 "-" "Mozilla/5.0 (compatible; DotBot/1.1; http://www.opensiteexplorer.org/dotbot, help@moz.com)" "saveaslave.com"
137.74.21.243 - - [06/Nov/2016:01:42:34 -0800] "GET /our-newsr.php HTTP/1.1" 200 78316 "-" "Mozilla/5.0 (Windows NT 6.1; WOW64; rv:27.0) Gecko/20100101 Firefox/27.0" "saveaslave.com"[2]
159.203.61.153 - - [06/Nov/2016:01:42:53 -0800] "HEAD / HTTP/1.1" 200 0 "-" "curl/7.38.0" "saveaslave.com"
163.172.65.17 - - [06/Nov/2016:01:43:04 -0800] "GET /www.crla.org HTTP/1.1" 404 89 "-" "Mozilla/5.0 (compatible; AhrefsBot/5.1; +http://ahrefs.com/robot/)" "www.saveaslave.com"
159.203.61.153 - - [06/Nov/2016:01:48:12 -0800] "HEAD / HTTP/1.1" 200 0 "-" "curl/7.38.0" "saveaslave.com"
149.202.121.43 - - [06/Nov/2016:01:49:32 -0800] "POST /our-newsr.php HTTP/1.1" 200 61587 "-" "Mozilla/5.0 (Windows NT 6.1; Win64; x64; rv:25.0) Gecko/20100101 Firefox/25.0" "saveaslave.com"[2]
65.36.241.48 - - [06/Nov/2016:01:49:32 -0800] "GET / HTTP/1.1" 200 90552 "-" "InternetSeer.com" "www.saveaslave.com"
47.148.201.35 - - [06/Nov/2016:01:50:41 -0800] "GET /images/article/suspects.jpg HTTP/1.1" 200 58796 "-" "Mozilla/5.0 (Windows NT 6.1; WOW64; Trident/7.0; rv:11.0) like Gecko" "www.saveaslave.com"
159.203.61.153 - - [06/Nov/2016:01:59:00 -0800] "HEAD / HTTP/1.1" 200 0 "-" "curl/7.38.0" "saveaslave.com"[0]
180.76.15.23 - - [06/Nov/2016:02:00:40 -0800] "GET /manifest.json HTTP/1.1" 404 89 "-" "Mozilla/5.0 (compatible; Baiduspider/2.0; +http://www.baidu.com/search/spider.html)" "www.saveaslave.com"
51.254.146.70 - - [06/Nov/2016:02:02:04 -0800] "POST /our-newsr.php HTTP/1.1" 200 61587 "-" "Mozilla/5.0 (Windows NT 6.2; WOW64) AppleWebKit/537.36 (KHTML, like Gecko) Chrome/30.0.1599.17 Safari/537.36" "saveaslave.com"
157.55.39.252 - - [06/Nov/2016:02:32:51 -0800] "GET /disclaimer.php HTTP/1.1" 200 47980 "-" "Mozilla/5.0 (compatible; bingbot/2.0; +http://www.bing.com/bingbot.htm)" "saveaslave.com"[2]
157.55.39.252 - - [06/Nov/2016:02:32:52 -0800] "GET /article.php?id=86 HTTP/1.1" 200 44007 "-" "Mozilla/5.0 (compatible; bingbot/2.0; +http://www.bing.com/bingbot.htm)" "saveaslave.com"
157.55.39.252 - - [06/Nov/2016:02:32:52 -0800] "GET /article.php?id=66 HTTP/1.1" 200 52851 "-" "Mozilla/5.0 (compatible; bingbot/2.0; +http://www.bing.com/bingbot.htm)" "saveaslave.com"
157.55.39.252 - - [06/Nov/2016:02:32:53 -0800] "GET /in-russian.php?lang=ru HTTP/1.1" 200 93888 "-" "Mozilla/5.0 (compatible; bingbot/2.0; +http://www.bing.com/bingbot.htm)" "saveaslave.com"[0]
94.23.78.236 - - [06/Nov/2016:02:32:55 -0800] "GET /our-newsr.php HTTP/1.1" 200 85 "-" "Mozilla/5.0 (Windows NT 6.1; WOW64; rv:27.0) Gecko/20100101 Firefox/27.0" "saveaslave.com"[0]
137.74.58.124 - - [06/Nov/2016:02:33:59 -0800] "POST /our-newsr.php HTTP/1.1" 200 61587 "-" "Mozilla/5.0 (Windows NT 6.1; Win64; x64; rv:25.0) Gecko/20100101 Firefox/25.0" "saveaslave.com"[2]
94.23.78.236 - - [06/Nov/2016:02:37:47 -0800] "GET /our-newsr.php HTTP/1.1" 200 78316 "-" "Mozilla/5.0 (Windows NT 6.2; Win64; x64) AppleWebKit/537.36 (KHTML, like Gecko) Chrome/32.0.1667.0 Safari/537.36" "saveaslave.com"
157.55.39.221 - - [06/Nov/2016:02:40:32 -0800] "GET /robots.txt HTTP/1.1" 200 48 "-" "Mozilla/5.0 (compatible; bingbot/2.0; +http://www.bing.com/bingbot.htm)" "saveaslave.com"
51.254.79.109 - - [06/Nov/2016:02:42:48 -0800] "POST /our-newsr.php HTTP/1.1" 200 61587 "-" "Mozilla/5.0 (Windows NT 6.1; WOW64) AppleWebKit/537.36 (KHTML, like Gecko) Chrome/33.0.1750.117 Safari/537.36 OPR/20.0.1387.64" "saveaslave.com"[1]
137.74.21.243 - - [06/Nov/2016:02:43:18 -0800] "GET /our-newsr.php HTTP/1.1" 200 78316 "-" "Mozilla/5.0 (compatible; MSIE 10.0; Windows NT 6.1; Trident/5.0)" "saveaslave.com"[0]
137.74.21.243 - - [06/Nov/2016:02:48:52 -0800] "POST /our-newsr.php HTTP/1.1" 200 61587 "-" "Mozilla/5.0 (X11; U; Linux i686; ru; rv:1.9.0.5) Gecko/2008121622 Ubuntu/8.10 (intrepid) Firefox/3.0.5" "saveaslave.com"
51.254.146.70 - - [06/Nov/2016:03:08:12 -0800] "GET /our-newsr.php HTTP/1.1" 200 78316 "-" "Mozilla/5.0 (X11; U; Linux i686; ru; rv:1.9.0.5) Gecko/2008121622 Ubuntu/8.10 (intrepid) Firefox/3.0.5" "saveaslave.com"
216.244.66.240 - - [06/Nov/2016:03:09:03 -0800] "GET /article.php?id=63 HTTP/1.1" 200 45551 "-" "Mozilla/5.0 (compatible; DotBot/1.1; http://www.opensiteexplorer.org/dotbot, help@moz.com)" "saveaslave.com"
216.244.66.240 - - [06/Nov/2016:03:09:04 -0800] "GET /article.php?id=63 HTTP/1.1" 200 45551 "-" "Mozilla/5.0 (compatible; DotBot/1.1; http://www.opensiteexplorer.org/dotbot, help@moz.com)" "saveaslave.com"
109.68.236.39 - - [06/Nov/2016:03:17:49 -0800] "GET /images/article/kateryna_ardanyan.jpg HTTP/1.1" 200 45587 "http://images.google.com.tj/imgres?imgurl=http://saveaslave.com/images/article/kateryna_ardanyan.jpg&imgrefurl=http://saveaslave.com/our-newsr.php&h=630&w=1200&tbnid=GLcpO-eo_yooDM:&vet=1&q=%D0%A1%E2%82%AC%D0%A0%D1%95%D0%A0%D2%91%D0%A0%D1%91%D0%A0%C2%B1%D0%A0%C2%B5%D0%A0%D1%94&tbnh=79&tbnw=150&iact=rc&usg=__m9_NyxGPWVKT364DnnEOHr4pGBs=&ei=MBEfWKfRL4LJsQGso5LoBg&tbm=isch&client=ms-samsung&sa=X&ved=0ahUKEwinqbrggJTQAhWCZCwKHayRBG04eBCtAwgcMAA" "SAMSUNG-GT-C3011/1.0 Openwave/6.2.3 Profile/MIDP-2.0 Configuration/CLDC-1.1 UP.Browser/6.2.3.3.c.1.101 (GUI) MMP/2.0" "saveaslave.com"
51.254.152.246 - - [06/Nov/2016:03:25:11 -0800] "GET /our-newsr.php HTTP/1.1" 200 78316 "-" "Mozilla/5.0 (Windows NT 6.1; Win64; x64; rv:25.0) Gecko/20100101 Firefox/25.0" "saveaslave.com"[1]
180.76.15.158 - - [06/Nov/2016:03:29:43 -0800] "GET /images/?M=A HTTP/1.1" 200 5238 "-" "Mozilla/5.0 (compatible; Baiduspider/2.0; +http://www.baidu.com/search/spider.html)" "www.saveaslave.com"
149.202.121.43 - - [06/Nov/2016:03:29:47 -0800] "GET /our-newsr.php HTTP/1.1" 200 78316 "-" "Mozilla/5.0 (X11; U; Linux i686; ru; rv:1.9.0.5) Gecko/2008121622 Ubuntu/8.10 (intrepid) Firefox/3.0.5" "saveaslave.com"
149.202.245.70 - - [06/Nov/2016:03:46:15 -0800] "GET /our-newsr.php HTTP/1.1" 200 78316 "-" "Mozilla/5.0 (compatible; MSIE 10.0; Windows NT 6.1; WOW64; Trident/6.0)" "saveaslave.com"
188.165.173.1 - - [06/Nov/2016:03:51:25 -0800] "GET /our-newsr.php HTTP/1.1" 200 78316 "-" "Mozilla/5.0 (Windows NT 6.1; WOW64; rv:27.0) Gecko/20100101 Firefox/27.0" "saveaslave.com"
151.80.221.42 - - [06/Nov/2016:03:57:25 -0800] "POST /our-newsr.php HTTP/1.1" 200 61587 "-" "Mozilla/5.0 (compatible; MSIE 10.0; Windows NT 6.1; Trident/6.0)" "saveaslave.com"
159.203.61.153 - - [06/Nov/2016:04:02:05 -0800] "HEAD / HTTP/1.1" 200 0 "-" "curl/7.38.0" "saveaslave.com"
149.202.245.70 - - [06/Nov/2016:04:02:25 -0800] "POST /our-newsr.php HTTP/1.1" 200 61587 "-" "Mozilla/5.0 (X11; U; Linux i686; ru; rv:1.9.0.5) Gecko/2008121622 Ubuntu/8.10 (intrepid) Firefox/3.0.5" "saveaslave.com"
65.36.241.48 - - [06/Nov/2016:04:02:51 -0800] "HEAD / HTTP/1.1" 200 0 "-" "InternetSeer.com" "www.saveaslave.com"
178.33.34.75 - - [06/Nov/2016:04:11:51 -0800] "POST /our-newsr.php HTTP/1.1" 200 61587 "-" "Mozilla/5.0 (Windows NT 6.1; Win64; x64; rv:25.0) Gecko/20100101 Firefox/25.0" "saveaslave.com"[3]
163.172.66.183 - - [06/Nov/2016:04:42:42 -0800] "GET /www.fasgi.org HTTP/1.1" 404 89 "-" "Mozilla/5.0 (compatible; AhrefsBot/5.1; +http://ahrefs.com/robot/)" "saveaslave.com"
69.50.234.141 - - [06/Nov/2016:04:47:03 -0800] "GET / HTTP/1.1" 200 90552 "-" "Mozilla/5.0 (compatible; MixrankBot; crawler@mixrank.com)" "saveaslave.com"[1]
69.50.234.141 - - [06/Nov/2016:04:47:08 -0800] "GET /article.php?id=86 HTTP/1.1" 200 44007 "-" "Mozilla/5.0 (compatible; MixrankBot; crawler@mixrank.com)" "saveaslave.com"[0]
69.50.234.141 - - [06/Nov/2016:04:47:09 -0800] "GET /disclaimer.php HTTP/1.1" 200 47980 "-" "Mozilla/5.0 (compatible; MixrankBot; crawler@mixrank.com)" "saveaslave.com"
69.50.234.141 - - [06/Nov/2016:04:47:48 -0800] "GET /article.php?id=22 HTTP/1.1" 200 46655 "-" "Mozilla/5.0 (compatible; MixrankBot; crawler@mixrank.com)" "saveaslave.com"
69.50.234.141 - - [06/Nov/2016:04:48:03 -0800] "GET /article.php?id=46 HTTP/1.1" 200 49323 "-" "Mozilla/5.0 (compatible; MixrankBot; crawler@mixrank.com)" "saveaslave.com"
69.50.234.141 - - [06/Nov/2016:04:48:04 -0800] "GET /our-news.php HTTP/1.1" 200 65082 "-" "Mozilla/5.0 (compatible; MixrankBot; crawler@mixrank.com)" "saveaslave.com"
69.50.234.141 - - [06/Nov/2016:04:48:12 -0800] "GET / HTTP/1.1" 200 90552 "-" "Mozilla/5.0 (compatible; MixrankBot; crawler@mixrank.com)" "saveaslave.com"
69.50.234.141 - - [06/Nov/2016:04:48:13 -0800] "GET /in-russian.php?lang=ru HTTP/1.1" 200 93888 "-" "Mozilla/5.0 (compatible; MixrankBot; crawler@mixrank.com)" "saveaslave.com"[0]
137.74.22.87 - - [06/Nov/2016:05:02:33 -0800] "POST /our-newsr.php HTTP/1.1" 200 61587 "-" "Mozilla/5.0 (compatible; MSIE 10.0; Windows NT 6.1; Trident/5.0)" "saveaslave.com"
207.46.13.33 - - [06/Nov/2016:05:16:19 -0800] "GET /robots.txt HTTP/1.1" 200 48 "-" "Mozilla/5.0 (compatible; bingbot/2.0; +http://www.bing.com/bingbot.htm)" "www.saveaslave.com"
157.55.39.221 - - [06/Nov/2016:05:16:59 -0800] "GET /in-russian.php HTTP/1.1" 200 91849 "-" "Mozilla/5.0 (compatible; bingbot/2.0; +http://www.bing.com/bingbot.htm)" "saveaslave.com"
157.55.39.221 - - [06/Nov/2016:05:17:01 -0800] "GET /our-news.php HTTP/1.1" 200 65082 "-" "Mozilla/5.0 (compatible; bingbot/2.0; +http://www.bing.com/bingbot.htm)" "saveaslave.com"
157.55.39.221 - - [06/Nov/2016:05:17:02 -0800] "GET /belgium.html HTTP/1.1" 404 89 "-" "Mozilla/5.0 (compatible; bingbot/2.0; +http://www.bing.com/bingbot.htm)" "saveaslave.com"
157.55.39.221 - - [06/Nov/2016:05:17:02 -0800] "GET /belize.html HTTP/1.1" 404 89 "-" "Mozilla/5.0 (compatible; bingbot/2.0; +http://www.bing.com/bingbot.htm)" "saveaslave.com"
157.55.39.221 - - [06/Nov/2016:05:17:02 -0800] "GET /bhutan.html HTTP/1.1" 404 89 "-" "Mozilla/5.0 (compatible; bingbot/2.0; +http://www.bing.com/bingbot.htm)" "saveaslave.com"
149.202.121.43 - - [06/Nov/2016:05:18:09 -0800] "POST /our-newsr.php HTTP/1.1" 200 61587 "-" "Mozilla/5.0 (Windows NT 6.1; WOW64; rv:27.0) Gecko/20100101 Firefox/27.0" "saveaslave.com"
151.80.221.42 - - [06/Nov/2016:05:34:30 -0800] "POST /our-newsr.php HTTP/1.1" 200 61587 "-" "Mozilla/5.0 (Windows NT 6.2; WOW64) AppleWebKit/537.36 (KHTML, like Gecko) Chrome/30.0.1599.17 Safari/537.36" "saveaslave.com"
149.202.245.70 - - [06/Nov/2016:05:34:46 -0800] "POST /our-newsr.php HTTP/1.1" 200 61587 "-" "Mozilla/5.0 (Windows NT 6.1; Win64; x64; rv:25.0) Gecko/20100101 Firefox/25.0" "saveaslave.com"
216.244.66.240 - - [06/Nov/2016:05:40:28 -0800] "GET /robots.txt HTTP/1.1" 200 48 "-" "Mozilla/5.0 (compatible; DotBot/1.1; http://www.opensiteexplorer.org/dotbot, help@moz.com)" "saveaslave.com"
51.254.152.246 - - [06/Nov/2016:05:47:31 -0800] "POST /our-newsr.php HTTP/1.1" 200 61587 "-" "Mozilla/5.0 (Windows NT 6.2; Win64; x64) AppleWebKit/537.36 (KHTML, like Gecko) Chrome/32.0.1667.0 Safari/537.36" "saveaslave.com"
51.254.146.70 - - [06/Nov/2016:05:51:48 -0800] "POST /our-newsr.php HTTP/1.1" 200 61587 "-" "Mozilla/5.0 (X11; U; Linux i686; ru; rv:1.9.0.5) Gecko/2008121622 Ubuntu/8.10 (intrepid) Firefox/3.0.5" "saveaslave.com"
159.203.61.153 - - [06/Nov/2016:06:18:10 -0800] "HEAD / HTTP/1.1" 200 0 "-" "curl/7.38.0" "saveaslave.com"
65.36.241.48 - - [06/Nov/2016:06:24:20 -0800] "HEAD / HTTP/1.1" 200 0 "-" "InternetSeer.com" "www.saveaslave.com"
159.203.61.153 - - [06/Nov/2016:06:34:22 -0800] "HEAD / HTTP/1.1" 200 0 "-" "curl/7.38.0" "saveaslave.com"
159.203.61.153 - - [06/Nov/2016:07:17:19 -0800] "HEAD / HTTP/1.1" 200 0 "-" "curl/7.38.0" "saveaslave.com"
151.80.221.42 - - [06/Nov/2016:07:21:14 -0800] "POST /our-newsr.php HTTP/1.1" 200 61587 "-" "Mozilla/5.0 (compatible; MSIE 10.0; Windows NT 6.1; Trident/5.0)" "saveaslave.com"
216.244.66.240 - - [06/Nov/2016:07:26:56 -0800] "GET /article.php?id=93 HTTP/1.1" 200 776 "-" "Mozilla/5.0 (compatible; DotBot/1.1; http://www.opensiteexplorer.org/dotbot, help@moz.com)" "www.saveaslave.com"
220.181.108.168 - - [06/Nov/2016:07:57:07 -0800] "GET / HTTP/1.1" 200 90552 "-" "Mozilla/5.0 (compatible; Baiduspider/2.0; +http://www.baidu.com/search/spider.html)" "www.saveaslave.com"
204.79.180.101 - - [06/Nov/2016:08:04:33 -0800] "GET /gajaxscroller.js HTTP/1.1" 200 9774 "http://saveaslave.com/" "Mozilla/5.0 (compatible; MSIE 9.0; Windows NT 6.1; Trident/5.0;  Trident/5.0)" "saveaslave.com"
204.79.180.104 - - [06/Nov/2016:08:04:37 -0800] "GET /css/elements.css HTTP/1.1" 200 17857 "http://saveaslave.com/" "Mozilla/5.0 (compatible; MSIE 9.0; Windows NT 6.1; Trident/5.0;  Trident/5.0)" "saveaslave.com"[0]
180.76.15.150 - - [06/Nov/2016:08:15:18 -0800] "GET /images/help/?M=D HTTP/1.1" 200 2064 "-" "Mozilla/5.0 (compatible; Baiduspider/2.0; +http://www.baidu.com/search/spider.html)" "www.saveaslave.com"[0]
180.76.15.162 - - [06/Nov/2016:08:49:58 -0800] "GET /site/?p=56 HTTP/1.1" 404 89 "-" "Mozilla/5.0 (compatible; Baiduspider/2.0; +http://www.baidu.com/search/spider.html)" "www.saveaslave.com"
45.249.82.106 - - [06/Nov/2016:09:09:00 -0800] "GET /photos/article6.jpg HTTP/1.1" 404 89 "http://pigraos.com/sex-slave-bonded.html" "Mozilla/5.0 (Linux; Android 5.0; F103 Build/LRX21M) AppleWebKit/537.36 (KHTML, like Gecko) Chrome/51.0.2704.81 Mobile Safari/537.36" "www.saveaslave.com"
49.15.0.176 - - [06/Nov/2016:09:12:45 -0800] "GET / HTTP/1.1" 200 90516 "http://www.ohchr.org/EN/Issues/Slavery/UNVTFCFS/Pages/SlaveryList.aspx" "Mozilla/5.0 (Windows NT 6.1; Win64; x64) AppleWebKit/537.36 (KHTML, like Gecko) Chrome/54.0.2840.87 Safari/537.36" "www.saveaslave.com"
49.15.0.176 - - [06/Nov/2016:09:12:50 -0800] "GET /css/style.css HTTP/1.1" 200 7938 "http://www.saveaslave.com/" "Mozilla/5.0 (Windows NT 6.1; Win64; x64) AppleWebKit/537.36 (KHTML, like Gecko) Chrome/54.0.2840.87 Safari/537.36" "www.saveaslave.com"[0]
49.15.0.176 - - [06/Nov/2016:09:12:51 -0800] "GET /css/elements.css HTTP/1.1" 200 17857 "http://www.saveaslave.com/" "Mozilla/5.0 (Windows NT 6.1; Win64; x64) AppleWebKit/537.36 (KHTML, like Gecko) Chrome/54.0.2840.87 Safari/537.36" "www.saveaslave.com"
49.15.0.176 - - [06/Nov/2016:09:13:00 -0800] "GET /assets/js/ie-emulation-modes-warning.js HTTP/1.1" 200 2130 "http://www.saveaslave.com/" "Mozilla/5.0 (Windows NT 6.1; Win64; x64) AppleWebKit/537.36 (KHTML, like Gecko) Chrome/54.0.2840.87 Safari/537.36" "www.saveaslave.com"
178.33.36.253 - - [06/Nov/2016:09:18:13 -0800] "GET /our-newsr.php HTTP/1.1" 200 78316 "-" "Mozilla/5.0 (compatible; MSIE 10.0; Windows NT 6.1; Trident/6.0)" "saveaslave.com"
137.74.22.87 - - [06/Nov/2016:09:38:35 -0800] "GET /our-newsr.php HTTP/1.1" 200 78316 "-" "Mozilla/5.0 (X11; U; Linux i686; ru; rv:1.9.0.5) Gecko/2008121622 Ubuntu/8.10 (intrepid) Firefox/3.0.5" "saveaslave.com"
216.244.66.240 - - [06/Nov/2016:09:40:09 -0800] "GET /robots.txt HTTP/1.1" 200 48 "-" "Mozilla/5.0 (compatible; DotBot/1.1; http://www.opensiteexplorer.org/dotbot, help@moz.com)" "www.saveaslave.com"
216.244.66.240 - - [06/Nov/2016:09:40:09 -0800] "GET /robots.txt HTTP/1.1" 200 48 "-" "Mozilla/5.0 (compatible; DotBot/1.1; http://www.opensiteexplorer.org/dotbot, help@moz.com)" "www.saveaslave.com"
141.8.143.176 - - [06/Nov/2016:09:42:24 -0800] "GET /robots.txt HTTP/1.1" 200 48 "-" "Mozilla/5.0 (compatible; YandexBot/3.0; +http://yandex.com/bots)" "www.saveaslave.com"
141.8.143.194 - - [06/Nov/2016:09:42:24 -0800] "GET /robots.txt HTTP/1.1" 200 48 "-" "Mozilla/5.0 (compatible; YandexBot/3.0; +http://yandex.com/bots)" "saveaslave.com"
5.255.250.30 - - [06/Nov/2016:09:42:29 -0800] "GET / HTTP/1.1" 200 90552 "-" "Mozilla/5.0 (compatible; YandexBot/3.0; +http://yandex.com/bots)" "www.saveaslave.com"[1]
5.255.250.34 - - [06/Nov/2016:09:42:30 -0800] "GET / HTTP/1.1" 200 90552 "-" "Mozilla/5.0 (compatible; YandexBot/3.0; +http://yandex.com/bots)" "saveaslave.com"
220.181.108.107 - - [06/Nov/2016:09:42:31 -0800] "GET /robots.txt HTTP/1.1" 200 48 "-" "Mozilla/5.0 (compatible; Baiduspider/2.0; +http://www.baidu.com/search/spider.html)" "www.saveaslave.com"[0]
93.170.130.251 - - [06/Nov/2016:09:55:16 -0800] "GET /addlink.php HTTP/1.1" 200 12896 "http://saveaslave.com/addlink.php" "Mozilla/5.0 (Windows NT 6.1; WOW64; rv:44.0) Gecko/20100101 Firefox/44.0" "saveaslave.com"[1]
51.254.146.70 - - [06/Nov/2016:10:00:37 -0800] "GET /our-newsr.php HTTP/1.1" 200 78316 "-" "Mozilla/5.0 (Windows NT 6.1; WOW64; rv:27.0) Gecko/20100101 Firefox/27.0" "saveaslave.com"
178.33.36.253 - - [06/Nov/2016:10:00:50 -0800] "POST /our-newsr.php HTTP/1.1" 200 61587 "-" "Mozilla/5.0 (Windows NT 6.1; WOW64; rv:27.0) Gecko/20100101 Firefox/27.0" "saveaslave.com"[2]
93.115.95.207 - - [06/Nov/2016:10:07:46 -0800] "GET / HTTP/1.1" 200 90552 "-" "Mozilla/5.0 (Windows NT 10.0; WOW64) AppleWebKit/537.36 (KHTML, like Gecko) Chrome/52.0.2743.116 Safari/537.36" "www.saveaslave.com"[1]
151.80.221.42 - - [06/Nov/2016:10:07:54 -0800] "GET /our-newsr.php HTTP/1.1" 200 78316 "-" "Mozilla/5.0 (Windows NT 6.1; WOW64) AppleWebKit/537.36 (KHTML, like Gecko) Chrome/33.0.1750.117 Safari/537.36 OPR/20.0.1387.64" "saveaslave.com"
180.76.15.32 - - [06/Nov/2016:10:18:11 -0800] "GET /css/elements.css HTTP/1.1" 200 17857 "-" "Mozilla/5.0 (compatible; Baiduspider/2.0; +http://www.baidu.com/search/spider.html)" "www.saveaslave.com"
180.153.236.43 - - [06/Nov/2016:10:19:25 -0800] "GET / HTTP/1.1" 200 90516 "http://www.saveaslave.com/" "Mozilla/5.0 (compatible; MSIE 9.0; Windows NT 6.1; Trident/5.0); 360Spider" "www.saveaslave.com"
188.165.173.1 - - [06/Nov/2016:10:20:59 -0800] "GET /our-newsr.php HTTP/1.1" 200 78316 "-" "Mozilla/5.0 (Windows NT 6.2; WOW64) AppleWebKit/537.36 (KHTML, like Gecko) Chrome/30.0.1599.17 Safari/537.36" "saveaslave.com"
188.165.173.1 - - [06/Nov/2016:10:27:15 -0800] "GET /our-newsr.php HTTP/1.1" 200 78316 "-" "Mozilla/5.0 (X11; U; Linux i686; ru; rv:1.9.0.5) Gecko/2008121622 Ubuntu/8.10 (intrepid) Firefox/3.0.5" "saveaslave.com"[1]
