172.88.30.92 - - [22/Oct/2015:15:45:11 -0700] "GET /indicator.gif HTTP/1.1" 200 878 "http://www.saveaslave.com/" "Mozilla/5.0 (Windows NT 10.0; WOW64; rv:41.0) Gecko/20100101 Firefox/41.0" "www.saveaslave.com"
172.88.30.92 - - [22/Oct/2015:15:45:11 -0700] "GET /images/gift_button.png HTTP/1.1" 200 24324 "http://www.saveaslave.com/" "Mozilla/5.0 (Windows NT 10.0; WOW64; rv:41.0) Gecko/20100101 Firefox/41.0" "www.saveaslave.com"
172.88.30.92 - - [22/Oct/2015:15:45:29 -0700] "GET /our-news.php HTTP/1.1" 200 4903 "http://www.saveaslave.com/" "Mozilla/5.0 (Windows NT 10.0; WOW64; rv:41.0) Gecko/20100101 Firefox/41.0" "www.saveaslave.com"
186.188.152.224 - - [22/Oct/2015:15:46:25 -0700] "GET /images/countrymap/bosnia-herzegovina.jpg HTTP/1.1" 404 89 "-" "Dalvik/1.6.0 (Linux; U; Android 4.4.2; SM-T311 Build/KOT49H)" "www.saveaslave.com"
186.188.152.224 - - [22/Oct/2015:15:46:55 -0700] "GET /images/countrymap/bosnia-herzegovina.jpg HTTP/1.1" 404 89 "-" "Dalvik/1.6.0 (Linux; U; Android 4.4.2; SM-T311 Build/KOT49H)" "www.saveaslave.com"
172.88.30.92 - - [22/Oct/2015:15:46:55 -0700] "GET /our-supporters.php HTTP/1.1" 200 4906 "http://www.saveaslave.com/" "Mozilla/5.0 (Windows NT 10.0; WOW64; rv:41.0) Gecko/20100101 Firefox/41.0" "www.saveaslave.com"
172.88.30.92 - - [22/Oct/2015:15:46:57 -0700] "GET /our-supporters.php HTTP/1.1" 200 4906 "http://www.saveaslave.com/" "Mozilla/5.0 (Windows NT 10.0; WOW64; rv:41.0) Gecko/20100101 Firefox/41.0" "www.saveaslave.com"
186.188.152.224 - - [22/Oct/2015:15:46:57 -0700] "GET /images/countrymap/bosnia-herzegovina.jpg HTTP/1.1" 404 89 "-" "Dalvik/1.6.0 (Linux; U; Android 4.4.2; SM-T311 Build/KOT49H)" "www.saveaslave.com"
172.88.30.92 - - [22/Oct/2015:15:47:02 -0700] "GET /who-we-are.php HTTP/1.1" 200 4904 "http://www.saveaslave.com/our-supporters.php" "Mozilla/5.0 (Windows NT 10.0; WOW64; rv:41.0) Gecko/20100101 Firefox/41.0" "www.saveaslave.com"
172.88.30.92 - - [22/Oct/2015:15:47:15 -0700] "GET /css/down-arrow.png HTTP/1.1" 404 89 "http://www.saveaslave.com/css/elements.css" "Mozilla/5.0 (Windows NT 10.0; WOW64; rv:41.0) Gecko/20100101 Firefox/41.0" "www.saveaslave.com"
208.115.113.94 - - [22/Oct/2015:15:47:46 -0700] "GET /eritrea HTTP/1.1" 404 89 "-" "Mozilla/5.0 (compatible; DotBot/1.1; http://www.opensiteexplorer.org/dotbot, help@moz.com)" "saveaslave.com"
208.115.113.94 - - [22/Oct/2015:15:47:46 -0700] "GET /slovenia HTTP/1.1" 404 89 "-" "Mozilla/5.0 (compatible; DotBot/1.1; http://www.opensiteexplorer.org/dotbot, help@moz.com)" "saveaslave.com"
208.115.113.94 - - [22/Oct/2015:15:47:46 -0700] "GET /syria HTTP/1.1" 404 89 "-" "Mozilla/5.0 (compatible; DotBot/1.1; http://www.opensiteexplorer.org/dotbot, help@moz.com)" "saveaslave.com"
203.100.1.114 - - [22/Oct/2015:16:04:49 -0700] "GET /images/countrymap/solomon-islands.gif HTTP/1.1" 404 89 "https://www.google.com.au/" "Mozilla/5.0 (Windows NT 6.3; WOW64) AppleWebKit/537.36 (KHTML, like Gecko) Chrome/46.0.2490.71 Safari/537.36" "www.saveaslave.com"
65.36.241.48 - - [22/Oct/2015:16:08:02 -0700] "HEAD / HTTP/1.1" 200 0 "-" "InternetSeer.com" "www.saveaslave.com"
72.168.98.115 - - [22/Oct/2015:16:12:10 -0700] "GET /css/bootstrap.min.css HTTP/1.1" 200 65536 "http://www.saveaslave.com/" "Mozilla/5.0 (Windows NT 6.1; WOW64; Trident/7.0; rv:11.0) like Gecko" "www.saveaslave.com"
72.168.98.115 - - [22/Oct/2015:16:12:11 -0700] "GET /assets/js/ie10-viewport-bug-workaround.js HTTP/1.1" 200 641 "http://www.saveaslave.com/" "Mozilla/5.0 (Windows NT 6.1; WOW64; Trident/7.0; rv:11.0) like Gecko" "www.saveaslave.com"
130.102.158.12 - - [22/Oct/2015:16:19:00 -0700] "GET /images/countrymap/solomon-islands.gif HTTP/1.1" 404 89 "https://www.google.co.jp" "Mozilla/5.0 (Macintosh; Intel Mac OS X 10.10; rv:41.0) Gecko/20100101 Firefox/41.0" "www.saveaslave.com"
208.115.113.86 - - [22/Oct/2015:16:28:47 -0700] "GET /switzerland.html HTTP/1.1" 404 89 "-" "Mozilla/5.0 (compatible; DotBot/1.1; http://www.opensiteexplorer.org/dotbot, help@moz.com)" "www.saveaslave.com"
208.115.113.94 - - [22/Oct/2015:16:34:46 -0700] "GET /robots.txt HTTP/1.1" 200 48 "-" "Mozilla/5.0 (compatible; DotBot/1.1; http://www.opensiteexplorer.org/dotbot, help@moz.com)" "www.saveaslave.com"
208.115.113.94 - - [22/Oct/2015:16:34:46 -0700] "GET /robots.txt HTTP/1.1" 200 48 "-" "Mozilla/5.0 (compatible; DotBot/1.1; http://www.opensiteexplorer.org/dotbot, help@moz.com)" "saveaslave.com"
67.86.26.252 - - [22/Oct/2015:16:37:50 -0700] "GET /images/countrymap/solomon-islands.gif HTTP/1.1" 404 89 "https://www.google.com/" "Mozilla/5.0 (iPhone; CPU iPhone OS 9_0_2 like Mac OS X) AppleWebKit/601.1.46 (KHTML, like Gecko) Version/9.0 Mobile/13A452 Safari/601.1" "www.saveaslave.com"
70.193.149.79 - - [22/Oct/2015:16:44:55 -0700] "GET /images/countrymap/israel-flag.gif HTTP/1.1" 404 89 "-" "Mozilla/5.0 (Linux; Android 4.4.4; XT1080 Build/SU6-7.2) AppleWebKit/537.36 (KHTML, like Gecko) Version/4.0 Chrome/33.0.0.0 Mobile Safari/537.36 GSA/5.1.17.19.arm" "www.saveaslave.com"
198.27.66.185 - - [22/Oct/2015:16:45:05 -0700] "GET /andorra.html HTTP/1.1" 404 89 "-" "Mozilla/5.0 (compatible; MJ12bot/v1.4.5; http://www.majestic12.co.uk/bot.php?+)" "saveaslave.com"
66.249.69.65 - - [22/Oct/2015:16:45:20 -0700] "GET /israel.html HTTP/1.1" 404 89 "-" "Mozilla/5.0 (compatible; Googlebot/2.1; +http://www.google.com/bot.html)" "www.saveaslave.com"
66.249.69.81 - - [22/Oct/2015:16:46:09 -0700] "GET /vanuatu.html HTTP/1.1" 404 89 "-" "Mozilla/5.0 (compatible; Googlebot/2.1; +http://www.google.com/bot.html)" "www.saveaslave.com"
68.180.228.222 - - [22/Oct/2015:16:48:42 -0700] "GET /marshall-islands.html HTTP/1.1" 404 89 "-" "Mozilla/5.0 (compatible; Yahoo! Slurp; http://help.yahoo.com/help/us/ysearch/slurp)" "saveaslave.com"
84.110.146.227 - - [22/Oct/2015:16:51:28 -0700] "GET /gajaxscroller.js HTTP/1.1" 200 9774 "http://saveaslave.com/" "Mozilla/5.0 (Windows NT 6.1; WOW64) AppleWebKit/537.36 (KHTML, like Gecko) Chrome/36.0.1985.143 Safari/537.36" "saveaslave.com"
84.110.146.227 - - [22/Oct/2015:16:51:28 -0700] "GET /js/bootstrap.min.js HTTP/1.1" 200 37055 "http://saveaslave.com/" "Mozilla/5.0 (Windows NT 6.1; WOW64) AppleWebKit/537.36 (KHTML, like Gecko) Chrome/36.0.1985.143 Safari/537.36" "saveaslave.com"
84.110.146.227 - - [22/Oct/2015:16:51:29 -0700] "GET /images/logo2.png HTTP/1.1" 200 18525 "http://saveaslave.com/" "Mozilla/5.0 (Windows NT 6.1; WOW64) AppleWebKit/537.36 (KHTML, like Gecko) Chrome/36.0.1985.143 Safari/537.36" "saveaslave.com"
84.110.146.227 - - [22/Oct/2015:16:51:29 -0700] "GET /photos/top.jpg HTTP/1.1" 200 50519 "http://saveaslave.com/" "Mozilla/5.0 (Windows NT 6.1; WOW64) AppleWebKit/537.36 (KHTML, like Gecko) Chrome/36.0.1985.143 Safari/537.36" "saveaslave.com"
84.110.146.227 - - [22/Oct/2015:16:51:29 -0700] "GET /images/cover1.jpg HTTP/1.1" 200 253658 "http://saveaslave.com/" "Mozilla/5.0 (Windows NT 6.1; WOW64) AppleWebKit/537.36 (KHTML, like Gecko) Chrome/36.0.1985.143 Safari/537.36" "saveaslave.com"
217.69.133.28 - - [22/Oct/2015:17:04:44 -0700] "GET /robots.txt HTTP/1.1" 200 48 "-" "Mozilla/5.0 (compatible; Linux x86_64; Mail.RU_Bot/2.0; +http://go.mail.ru/help/robots)" "www.saveaslave.com"
66.249.69.74 - - [22/Oct/2015:17:25:09 -0700] "GET /images/countrymap/uzbekistan-flag.jpg HTTP/1.1" 404 89 "-" "Googlebot-Image/1.0" "www.saveaslave.com"
66.249.69.82 - - [22/Oct/2015:17:25:09 -0700] "GET /images/countrymap/uzbekistan.jpg HTTP/1.1" 404 89 "-" "Googlebot-Image/1.0" "www.saveaslave.com"
54.243.48.119 - - [22/Oct/2015:17:32:34 -0700] "GET /saint-kitts-nevis.html HTTP/1.1" 404 89 "-" "Mozilla/5.0 (Windows; U; Windows NT 5.1; en-US; rv:1.9.2.8) Gecko/20100722 Firefox/3.6.8" "www.saveaslave.com"
184.97.180.153 - - [22/Oct/2015:17:45:30 -0700] "GET /images/countrymap/solomon-islands.gif HTTP/1.1" 404 89 "https://www.google.com/" "Mozilla/5.0 (iPhone; CPU iPhone OS 9_0_2 like Mac OS X) AppleWebKit/601.1.46 (KHTML, like Gecko) Version/9.0 Mobile/13A452 Safari/601.1" "www.saveaslave.com"
68.180.228.222 - - [22/Oct/2015:17:46:16 -0700] "GET /ecuador.html HTTP/1.1" 404 89 "-" "Mozilla/5.0 (compatible; Yahoo! Slurp; http://help.yahoo.com/help/us/ysearch/slurp)" "saveaslave.com"
217.69.133.59 - - [22/Oct/2015:17:50:28 -0700] "GET /elsalvador.html HTTP/1.1" 404 89 "-" "Mozilla/5.0 (compatible; Linux x86_64; Mail.RU_Bot/2.0; +http://go.mail.ru/help/robots)" "www.saveaslave.com"
204.116.95.134 - - [22/Oct/2015:18:14:42 -0700] "GET /images/countrymap/solomon-islands.gif HTTP/1.1" 404 89 "-" "Mozilla/5.0 (Linux; Android 4.4.2; N9515 Build/KVT49L) AppleWebKit/537.36 (KHTML, like Gecko) Version/4.0 Chrome/30.0.0.0 Mobile Safari/537.36 GSA/3.4.16.1149292.arm" "www.saveaslave.com"
220.181.108.106 - - [22/Oct/2015:18:15:32 -0700] "GET /swaziland.html HTTP/1.1" 404 89 "-" "Mozilla/5.0 (compatible; Baiduspider/2.0; +http://www.baidu.com/search/spider.html)" "www.saveaslave.com"
187.200.216.28 - - [22/Oct/2015:18:21:13 -0700] "GET /images/countrymap/bosnia-herzegovina.jpg HTTP/1.1" 404 89 "-" "Mozilla/5.0 (Linux; Android 4.4.2; SM-T230NU Build/KOT49H) AppleWebKit/537.36 (KHTML, like Gecko) Version/4.0 Chrome/30.0.0.0 Safari/537.36 GSA/5.3.26.19.arm" "www.saveaslave.com"
151.80.31.136 - - [22/Oct/2015:18:22:31 -0700] "GET /dominican-republic.html HTTP/1.1" 404 89 "-" "Mozilla/5.0 (compatible; AhrefsBot/5.0; +http://ahrefs.com/robot/)" "www.saveaslave.com"
195.154.185.43 - - [22/Oct/2015:18:22:49 -0700] "GET /our-supporters.php HTTP/1.1" 200 4906 "http://saveaslave.com" "Mozilla/5.0 (Windows NT 6.1; Win64; x64) AppleWebKit/537.36 (KHTML, like Gecko) Chrome/39.0.2171.95 Safari/537.36" "saveaslave.com"
208.115.113.86 - - [22/Oct/2015:18:24:26 -0700] "GET /robots.txt HTTP/1.1" 200 48 "-" "Mozilla/5.0 (compatible; DotBot/1.1; http://www.opensiteexplorer.org/dotbot, help@moz.com)" "www.saveaslave.com"
68.180.228.181 - - [22/Oct/2015:18:26:42 -0700] "GET /zambia.html HTTP/1.1" 404 89 "-" "Mozilla/5.0 (compatible; Yahoo! Slurp; http://help.yahoo.com/help/us/ysearch/slurp)" "www.saveaslave.com"
203.133.171.92 - - [22/Oct/2015:18:43:58 -0700] "GET / HTTP/1.1" 200 31848 "-" "Mozilla/5.0 (compatible; MSIE or Firefox mutant; not on Windows server;) Daumoa 4.0" "www.saveaslave.com"
175.33.3.54 - - [22/Oct/2015:18:44:26 -0700] "GET /images/countrymap/solomon-islands.gif HTTP/1.1" 404 89 "https://www.google.com.au/" "Mozilla/5.0 (iPhone; CPU iPhone OS 9_0_2 like Mac OS X) AppleWebKit/601.1.46 (KHTML, like Gecko) Version/9.0 Mobile/13A452 Safari/601.1" "www.saveaslave.com"
68.180.228.181 - - [22/Oct/2015:18:46:28 -0700] "GET /burma.html HTTP/1.1" 404 89 "-" "Mozilla/5.0 (compatible; Yahoo! Slurp; http://help.yahoo.com/help/us/ysearch/slurp)" "www.saveaslave.com"
208.115.113.94 - - [22/Oct/2015:18:46:57 -0700] "GET /northernmarianaislands HTTP/1.1" 404 89 "-" "Mozilla/5.0 (compatible; DotBot/1.1; http://www.opensiteexplorer.org/dotbot, help@moz.com)" "www.saveaslave.com"
208.115.113.94 - - [22/Oct/2015:18:46:57 -0700] "GET /contact/saveaslave.net/calendar/default.html HTTP/1.1" 404 89 "-" "Mozilla/5.0 (compatible; DotBot/1.1; http://www.opensiteexplorer.org/dotbot, help@moz.com)" "saveaslave.com"
208.115.113.86 - - [22/Oct/2015:18:53:18 -0700] "GET /portugal HTTP/1.1" 404 89 "-" "Mozilla/5.0 (compatible; DotBot/1.1; http://www.opensiteexplorer.org/dotbot, help@moz.com)" "www.saveaslave.com"
201.55.101.6 - - [22/Oct/2015:19:04:15 -0700] "GET / HTTP/1.1" 200 31848 "http://rankings-analytics.com/try.php?u=http://saveaslave.com" "Mozilla/5.0 (Windows NT 6.1; WOW64) AppleWebKit/537.36 (KHTML, like Gecko) Chrome/32.0.1700.107 Safari/537.36" "saveaslave.com"
201.55.101.6 - - [22/Oct/2015:19:04:15 -0700] "GET /css/style.css HTTP/1.1" 200 7739 "http://saveaslave.com/" "Mozilla/5.0 (Windows NT 6.1; WOW64) AppleWebKit/537.36 (KHTML, like Gecko) Chrome/32.0.1700.107 Safari/537.36" "saveaslave.com"
201.55.101.6 - - [22/Oct/2015:19:04:15 -0700] "GET /gfeedfetcher.js HTTP/1.1" 200 9018 "http://saveaslave.com/" "Mozilla/5.0 (Windows NT 6.1; WOW64) AppleWebKit/537.36 (KHTML, like Gecko) Chrome/32.0.1700.107 Safari/537.36" "saveaslave.com"
201.55.101.6 - - [22/Oct/2015:19:04:15 -0700] "GET /assets/js/ie-emulation-modes-warning.js HTTP/1.1" 200 2130 "http://saveaslave.com/" "Mozilla/5.0 (Windows NT 6.1; WOW64) AppleWebKit/537.36 (KHTML, like Gecko) Chrome/32.0.1700.107 Safari/537.36" "saveaslave.com"
201.55.101.6 - - [22/Oct/2015:19:04:15 -0700] "GET /gajaxscroller.js HTTP/1.1" 200 9774 "http://saveaslave.com/" "Mozilla/5.0 (Windows NT 6.1; WOW64) AppleWebKit/537.36 (KHTML, like Gecko) Chrome/32.0.1700.107 Safari/537.36" "saveaslave.com"
201.55.101.6 - - [22/Oct/2015:19:04:17 -0700] "GET /css/style-pages.css HTTP/1.1" 200 9167 "http://saveaslave.com/" "Mozilla/5.0 (Windows NT 6.1; WOW64) AppleWebKit/537.36 (KHTML, like Gecko) Chrome/32.0.1700.107 Safari/537.36" "saveaslave.com"
201.55.101.6 - - [22/Oct/2015:19:04:32 -0700] "GET /images/logo2.png HTTP/1.1" 200 18525 "http://saveaslave.com/" "Mozilla/5.0 (Windows NT 6.1; WOW64) AppleWebKit/537.36 (KHTML, like Gecko) Chrome/32.0.1700.107 Safari/537.36" "saveaslave.com"
201.55.101.6 - - [22/Oct/2015:19:04:32 -0700] "GET /photos/top.jpg HTTP/1.1" 200 50519 "http://saveaslave.com/" "Mozilla/5.0 (Windows NT 6.1; WOW64) AppleWebKit/537.36 (KHTML, like Gecko) Chrome/32.0.1700.107 Safari/537.36" "saveaslave.com"
201.55.101.6 - - [22/Oct/2015:19:04:33 -0700] "GET /photos/article1.jpg HTTP/1.1" 200 11640 "http://saveaslave.com/" "Mozilla/5.0 (Windows NT 6.1; WOW64) AppleWebKit/537.36 (KHTML, like Gecko) Chrome/32.0.1700.107 Safari/537.36" "saveaslave.com"
201.55.101.6 - - [22/Oct/2015:19:04:33 -0700] "GET /photos/article2.jpg HTTP/1.1" 200 15209 "http://saveaslave.com/" "Mozilla/5.0 (Windows NT 6.1; WOW64) AppleWebKit/537.36 (KHTML, like Gecko) Chrome/32.0.1700.107 Safari/537.36" "saveaslave.com"
201.55.101.6 - - [22/Oct/2015:19:04:35 -0700] "GET /photos/article3a.jpg HTTP/1.1" 200 12445 "http://saveaslave.com/" "Mozilla/5.0 (Windows NT 6.1; WOW64) AppleWebKit/537.36 (KHTML, like Gecko) Chrome/32.0.1700.107 Safari/537.36" "saveaslave.com"
201.55.101.6 - - [22/Oct/2015:19:04:36 -0700] "GET /photos/article4.png HTTP/1.1" 200 42622 "http://saveaslave.com/" "Mozilla/5.0 (Windows NT 6.1; WOW64) AppleWebKit/537.36 (KHTML, like Gecko) Chrome/32.0.1700.107 Safari/537.36" "saveaslave.com"
201.55.101.6 - - [22/Oct/2015:19:04:37 -0700] "GET /photos/article5.jpg HTTP/1.1" 200 14497 "http://saveaslave.com/" "Mozilla/5.0 (Windows NT 6.1; WOW64) AppleWebKit/537.36 (KHTML, like Gecko) Chrome/32.0.1700.107 Safari/537.36" "saveaslave.com"
201.55.101.6 - - [22/Oct/2015:19:04:38 -0700] "GET /images/social1.png HTTP/1.1" 200 2012 "http://saveaslave.com/" "Mozilla/5.0 (Windows NT 6.1; WOW64) AppleWebKit/537.36 (KHTML, like Gecko) Chrome/32.0.1700.107 Safari/537.36" "saveaslave.com"
201.55.101.6 - - [22/Oct/2015:19:04:39 -0700] "GET /images/social3.png HTTP/1.1" 200 4343 "http://saveaslave.com/" "Mozilla/5.0 (Windows NT 6.1; WOW64) AppleWebKit/537.36 (KHTML, like Gecko) Chrome/32.0.1700.107 Safari/537.36" "saveaslave.com"
201.55.101.6 - - [22/Oct/2015:19:04:41 -0700] "GET /css/down-arrow.png HTTP/1.1" 404 89 "http://saveaslave.com/" "Mozilla/5.0 (Windows NT 6.1; WOW64) AppleWebKit/537.36 (KHTML, like Gecko) Chrome/32.0.1700.107 Safari/537.36" "saveaslave.com"
208.115.113.94 - - [22/Oct/2015:19:15:11 -0700] "GET /robots.txt HTTP/1.1" 200 48 "-" "Mozilla/5.0 (compatible; DotBot/1.1; http://www.opensiteexplorer.org/dotbot, help@moz.com)" "saveaslave.com"
119.17.43.142 - - [22/Oct/2015:19:33:54 -0700] "GET /images/countrymap/solomon-islands.gif HTTP/1.1" 404 89 "-" "Mozilla/5.0 (Windows NT 6.3; WOW64; Trident/7.0; rv:11.0) like Gecko" "www.saveaslave.com"
75.57.162.227 - - [22/Oct/2015:19:43:49 -0700] "GET /images/countrymap/solomon-islands.gif HTTP/1.1" 404 89 "https://www.google.com/" "Mozilla/5.0 (iPhone; CPU iPhone OS 8_2 like Mac OS X) AppleWebKit/600.1.4 (KHTML, like Gecko) Version/8.0 Mobile/12D508 Safari/600.1.4" "www.saveaslave.com"
208.115.113.86 - - [22/Oct/2015:19:49:27 -0700] "GET /denmark.html HTTP/1.1" 404 89 "-" "Mozilla/5.0 (compatible; DotBot/1.1; http://www.opensiteexplorer.org/dotbot, help@moz.com)" "www.saveaslave.com"
166.78.9.12 - - [22/Oct/2015:20:07:27 -0700] "GET / HTTP/1.1" 200 31848 "-" "Mozilla/5.0 (Windows NT 6.1; WOW64; rv:33.0) Gecko/20100101 Firefox/33.0" "www.saveaslave.com"
68.180.228.222 - - [22/Oct/2015:20:08:34 -0700] "GET /ireland.html HTTP/1.1" 404 89 "-" "Mozilla/5.0 (compatible; Yahoo! Slurp; http://help.yahoo.com/help/us/ysearch/slurp)" "saveaslave.com"
141.8.143.175 - - [22/Oct/2015:20:09:19 -0700] "GET /tajikistan.html HTTP/1.1" 404 89 "-" "Mozilla/5.0 (compatible; YandexBot/3.0; +http://yandex.com/bots)" "saveaslave.com"
65.36.241.48 - - [22/Oct/2015:20:12:03 -0700] "HEAD /?tpl=references&Itemid=3 HTTP/1.1" 200 0 "-" "InternetSeer.com" "www.saveaslave.com"
208.115.113.86 - - [22/Oct/2015:20:28:27 -0700] "GET /robots.txt HTTP/1.1" 200 48 "-" "Mozilla/5.0 (compatible; DotBot/1.1; http://www.opensiteexplorer.org/dotbot, help@moz.com)" "saveaslave.com"
208.115.113.86 - - [22/Oct/2015:20:28:27 -0700] "GET /robots.txt HTTP/1.1" 200 48 "-" "Mozilla/5.0 (compatible; DotBot/1.1; http://www.opensiteexplorer.org/dotbot, help@moz.com)" "www.saveaslave.com"
46.4.94.226 - - [22/Oct/2015:20:36:37 -0700] "GET /robots.txt HTTP/1.1" 200 48 "-" "Riddler (http://riddler.io/about)" "www.saveaslave.com"
208.115.113.86 - - [22/Oct/2015:20:41:08 -0700] "GET /portugal HTTP/1.1" 404 89 "-" "Mozilla/5.0 (compatible; DotBot/1.1; http://www.opensiteexplorer.org/dotbot, help@moz.com)" "saveaslave.com"
116.212.223.222 - - [22/Oct/2015:20:49:25 -0700] "GET /images/countrymap/solomon-islands.gif HTTP/1.1" 404 89 "https://www.google.com.au/" "Mozilla/5.0 (Macintosh; Intel Mac OS X 10_6_8) AppleWebKit/537.36 (KHTML, like Gecko) Chrome/42.0.2311.90 Safari/537.36" "www.saveaslave.com"
116.212.223.222 - - [22/Oct/2015:20:51:47 -0700] "GET /images/countrymap/solomon-islands.gif HTTP/1.1" 404 89 "https://www.google.com.au/" "Mozilla/5.0 (Macintosh; Intel Mac OS X 10_6_8) AppleWebKit/537.36 (KHTML, like Gecko) Chrome/42.0.2311.90 Safari/537.36" "www.saveaslave.com"
180.153.236.162 - - [22/Oct/2015:20:52:10 -0700] "GET / HTTP/1.1" 200 31812 "http://www.saveaslave.com/" "Mozilla/5.0 (compatible; MSIE 9.0; Windows NT 6.1; Trident/5.0); 360Spider(compatible; HaosouSpider; http://www.haosou.com/help/help_3_2.html)" "www.saveaslave.com"
62.210.247.93 - - [22/Oct/2015:20:52:17 -0700] "GET /robots.txt HTTP/1.1" 200 48 "-" "Riddler (http://riddler.io/about)" "www.saveaslave.com"
62.210.247.93 - - [22/Oct/2015:20:52:17 -0700] "GET /saint-barthelemy.html HTTP/1.1" 404 89 "-" "Riddler (http://riddler.io/about)" "www.saveaslave.com"
36.80.31.28 - - [22/Oct/2015:20:52:56 -0700] "GET /images/countrymap/bosnia-herzegovina.jpg HTTP/1.1" 404 89 "https://www.google.com" "Mozilla/5.0 (Windows NT 5.1; rv:41.0) Gecko/20100101 Firefox/41.0" "www.saveaslave.com"
46.4.94.226 - - [22/Oct/2015:20:59:54 -0700] "GET /robots.txt HTTP/1.1" 200 48 "-" "Riddler (http://riddler.io/about)" "www.saveaslave.com"
46.4.94.226 - - [22/Oct/2015:20:59:54 -0700] "GET /wake-island.html HTTP/1.1" 404 89 "-" "Riddler (http://riddler.io/about)" "www.saveaslave.com"
46.105.97.191 - - [22/Oct/2015:21:00:04 -0700] "GET /robots.txt HTTP/1.1" 200 48 "-" "Mozilla/5.0 (compatible; MJ12bot/v1.4.5; http://www.majestic12.co.uk/bot.php?+)" "www.saveaslave.com"
46.105.97.191 - - [22/Oct/2015:21:00:06 -0700] "GET /articles/slavetrafficking3.html HTTP/1.1" 404 89 "-" "Mozilla/5.0 (compatible; MJ12bot/v1.4.5; http://www.majestic12.co.uk/bot.php?+)" "www.saveaslave.com"
208.115.113.94 - - [22/Oct/2015:21:20:56 -0700] "GET /philippines HTTP/1.1" 404 89 "-" "Mozilla/5.0 (compatible; DotBot/1.1; http://www.opensiteexplorer.org/dotbot, help@moz.com)" "saveaslave.com"
208.115.113.94 - - [22/Oct/2015:21:20:56 -0700] "GET /stvincent.html HTTP/1.1" 404 89 "-" "Mozilla/5.0 (compatible; DotBot/1.1; http://www.opensiteexplorer.org/dotbot, help@moz.com)" "saveaslave.com"
100.33.106.102 - - [22/Oct/2015:21:42:52 -0700] "GET /jordan.html HTTP/1.1" 404 89 "https://www.google.com/" "Mozilla/5.0 (Macintosh; Intel Mac OS X 10_9_5) AppleWebKit/537.36 (KHTML, like Gecko) Chrome/46.0.2490.71 Safari/537.36" "www.saveaslave.com"
100.33.106.102 - - [22/Oct/2015:21:42:52 -0700] "GET /favicon.ico HTTP/1.1" 404 89 "http://www.saveaslave.com/jordan.html" "Mozilla/5.0 (Macintosh; Intel Mac OS X 10_9_5) AppleWebKit/537.36 (KHTML, like Gecko) Chrome/46.0.2490.71 Safari/537.36" "www.saveaslave.com"
100.33.106.102 - - [22/Oct/2015:21:44:00 -0700] "GET /jordan.html HTTP/1.1" 404 89 "https://www.google.com/" "Mozilla/5.0 (Macintosh; Intel Mac OS X 10_9_5) AppleWebKit/537.36 (KHTML, like Gecko) Chrome/46.0.2490.71 Safari/537.36" "www.saveaslave.com"
208.115.113.86 - - [22/Oct/2015:21:54:13 -0700] "GET /antigua-and-barbuda.html HTTP/1.1" 404 89 "-" "Mozilla/5.0 (compatible; DotBot/1.1; http://www.opensiteexplorer.org/dotbot, help@moz.com)" "saveaslave.com"
208.115.113.86 - - [22/Oct/2015:21:54:13 -0700] "GET /uruguay.html HTTP/1.1" 404 89 "-" "Mozilla/5.0 (compatible; DotBot/1.1; http://www.opensiteexplorer.org/dotbot, help@moz.com)" "saveaslave.com"
208.115.113.86 - - [22/Oct/2015:21:54:13 -0700] "GET /palau.html HTTP/1.1" 404 89 "-" "Mozilla/5.0 (compatible; DotBot/1.1; http://www.opensiteexplorer.org/dotbot, help@moz.com)" "saveaslave.com"
208.115.113.86 - - [22/Oct/2015:21:54:13 -0700] "GET /turkmenistan.html HTTP/1.1" 404 89 "-" "Mozilla/5.0 (compatible; DotBot/1.1; http://www.opensiteexplorer.org/dotbot, help@moz.com)" "saveaslave.com"
208.115.113.86 - - [22/Oct/2015:21:56:25 -0700] "GET /zimbabwe.html HTTP/1.1" 404 89 "-" "Mozilla/5.0 (compatible; DotBot/1.1; http://www.opensiteexplorer.org/dotbot, help@moz.com)" "www.saveaslave.com"
151.80.31.136 - - [22/Oct/2015:22:03:25 -0700] "GET /bolivia.html HTTP/1.1" 404 89 "-" "Mozilla/5.0 (compatible; AhrefsBot/5.0; +http://ahrefs.com/robot/)" "saveaslave.com"
180.76.15.18 - - [22/Oct/2015:22:06:43 -0700] "GET /listlink.php?page=angola.html&lang=en HTTP/1.1" 200 1626 "-" "Mozilla/5.0 (compatible; Baiduspider/2.0; +http://www.baidu.com/search/spider.html)" "www.saveaslave.com"
151.80.31.136 - - [22/Oct/2015:22:15:36 -0700] "GET /kosovo.html HTTP/1.1" 404 89 "-" "Mozilla/5.0 (compatible; AhrefsBot/5.0; +http://ahrefs.com/robot/)" "saveaslave.com"
208.115.113.94 - - [22/Oct/2015:22:17:07 -0700] "GET /robots.txt HTTP/1.1" 200 48 "-" "Mozilla/5.0 (compatible; DotBot/1.1; http://www.opensiteexplorer.org/dotbot, help@moz.com)" "www.saveaslave.com"
104.15.38.147 - - [22/Oct/2015:22:22:24 -0700] "GET /images/countrymap/solomon-islands.gif HTTP/1.1" 404 89 "-" "Mozilla/5.0 (Windows NT 6.3; WOW64; rv:41.0) Gecko/20100101 Firefox/41.0" "www.saveaslave.com"
2.50.8.165 - - [22/Oct/2015:22:23:00 -0700] "GET /images/countrymap/solomon-islands.gif HTTP/1.1" 404 89 "https://www.google.co.uk/" "Mozilla/5.0 (iPhone; CPU iPhone OS 9_0_2 like Mac OS X) AppleWebKit/601.1.46 (KHTML, like Gecko) Version/9.0 Mobile/13A452 Safari/601.1" "www.saveaslave.com"
66.249.69.97 - - [22/Oct/2015:22:33:27 -0700] "GET /images/countrymap/italy.jpg HTTP/1.1" 404 89 "-" "Googlebot-Image/1.0" "www.saveaslave.com"
66.249.69.97 - - [22/Oct/2015:22:33:27 -0700] "GET /images/countrymap/italy-flag.gif HTTP/1.1" 404 89 "-" "Googlebot-Image/1.0" "www.saveaslave.com"
99.137.14.21 - - [22/Oct/2015:22:38:01 -0700] "GET /images/countrymap/solomon-islands.gif HTTP/1.1" 404 89 "https://www.google.com/" "Mozilla/5.0 (Linux; Android 5.1; HTC Desire 626s Build/LMY47O; wv) AppleWebKit/537.36 (KHTML, like Gecko) Version/4.0 Chrome/45.0.2454.95 Mobile Safari/537.36 GSA/5.3.26.19.arm" "www.saveaslave.com"
178.149.34.106 - - [22/Oct/2015:22:44:17 -0700] "GET /images/countrymap/solomon-islands.gif HTTP/1.1" 404 89 "-" "Mozilla/5.0 (Linux; Android 4.4.2; GT-I9301I Build/KOT49H) AppleWebKit/537.36 (KHTML, like Gecko) Version/4.0 Chrome/30.0.0.0 Mobile Safari/537.36 GSA/5.4.28.19.arm" "www.saveaslave.com"
173.77.169.205 - - [22/Oct/2015:22:45:46 -0700] "GET /images/countrymap/solomon-islands.gif HTTP/1.1" 404 89 "https://www.google.com/" "Mozilla/5.0 (iPhone; CPU iPhone OS 9_0_2 like Mac OS X) AppleWebKit/601.1.46 (KHTML, like Gecko) Version/9.0 Mobile/13A452 Safari/601.1" "www.saveaslave.com"
217.69.133.28 - - [22/Oct/2015:22:47:37 -0700] "GET /robots.txt HTTP/1.1" 200 48 "-" "Mozilla/5.0 (compatible; Linux x86_64; Mail.RU_Bot/2.0; +http://go.mail.ru/help/robots)" "www.saveaslave.com"
217.69.133.28 - - [22/Oct/2015:22:47:38 -0700] "GET /capeverde.html HTTP/1.1" 404 89 "-" "Mozilla/5.0 (compatible; Linux x86_64; Mail.RU_Bot/2.0; +http://go.mail.ru/help/robots)" "www.saveaslave.com"
180.76.15.8 - - [22/Oct/2015:22:47:39 -0700] "GET /guinea-bissau.html HTTP/1.1" 404 89 "-" "Mozilla/5.0 (compatible; Baiduspider/2.0; +http://www.baidu.com/search/spider.html)" "www.saveaslave.com"
69.30.213.202 - - [22/Oct/2015:22:51:20 -0700] "GET /robots.txt HTTP/1.1" 200 48 "-" "Mozilla/5.0 (compatible; MJ12bot/v1.4.5; http://www.majestic12.co.uk/bot.php?+)" "saveaslave.com"
69.30.213.202 - - [22/Oct/2015:22:51:22 -0700] "GET /palestinian-territories.html HTTP/1.1" 404 89 "-" "Mozilla/5.0 (compatible; MJ12bot/v1.4.5; http://www.majestic12.co.uk/bot.php?+)" "saveaslave.com"
69.30.213.202 - - [22/Oct/2015:22:51:24 -0700] "GET /panama.html HTTP/1.1" 404 89 "-" "Mozilla/5.0 (compatible; MJ12bot/v1.4.5; http://www.majestic12.co.uk/bot.php?+)" "saveaslave.com"
208.115.113.94 - - [22/Oct/2015:22:52:40 -0700] "GET /robots.txt HTTP/1.1" 200 48 "-" "Mozilla/5.0 (compatible; DotBot/1.1; http://www.opensiteexplorer.org/dotbot, help@moz.com)" "saveaslave.com"
65.36.241.48 - - [22/Oct/2015:22:55:03 -0700] "HEAD / HTTP/1.1" 200 0 "-" "InternetSeer.com" "www.saveaslave.com"
208.115.113.86 - - [22/Oct/2015:23:12:01 -0700] "GET /robots.txt HTTP/1.1" 200 48 "-" "Mozilla/5.0 (compatible; DotBot/1.1; http://www.opensiteexplorer.org/dotbot, help@moz.com)" "saveaslave.com"
66.249.69.66 - - [22/Oct/2015:23:34:29 -0700] "GET /marshall-islands.html HTTP/1.1" 404 89 "-" "Mozilla/5.0 (compatible; Googlebot/2.1; +http://www.google.com/bot.html)" "www.saveaslave.com"
66.249.69.66 - - [22/Oct/2015:23:34:31 -0700] "GET /north-korea.html HTTP/1.1" 404 89 "-" "Mozilla/5.0 (compatible; Googlebot/2.1; +http://www.google.com/bot.html)" "www.saveaslave.com"
72.201.117.49 - - [22/Oct/2015:23:41:57 -0700] "GET /images/countrymap/solomon-islands.gif HTTP/1.1" 404 89 "https://www.google.com/" "Mozilla/5.0 (Macintosh; Intel Mac OS X 10_10_5) AppleWebKit/601.1.56 (KHTML, like Gecko) Version/9.0 Safari/601.1.56" "www.saveaslave.com"
66.249.69.105 - - [22/Oct/2015:23:48:52 -0700] "GET /images/countrymap/kuwait-flag.gif HTTP/1.1" 404 89 "-" "Googlebot-Image/1.0" "www.saveaslave.com"
217.69.133.31 - - [22/Oct/2015:23:50:57 -0700] "GET /robots.txt HTTP/1.1" 200 48 "-" "Mozilla/5.0 (compatible; Linux x86_64; Mail.RU_Bot/2.0; +http://go.mail.ru/help/robots)" "www.saveaslave.com"
123.125.71.36 - - [22/Oct/2015:23:56:33 -0700] "GET /indonesia.html HTTP/1.1" 404 89 "-" "Mozilla/5.0 (compatible; Baiduspider/2.0; +http://www.baidu.com/search/spider.html)" "www.saveaslave.com"
66.249.69.65 - - [22/Oct/2015:23:59:52 -0700] "GET /peru.html HTTP/1.1" 404 89 "-" "Mozilla/5.0 (compatible; Googlebot/2.1; +http://www.google.com/bot.html)" "www.saveaslave.com"
66.249.69.66 - - [23/Oct/2015:00:05:34 -0700] "GET /images/countrymap/saudi-arabia-flag.gif HTTP/1.1" 404 89 "-" "Googlebot-Image/1.0" "www.saveaslave.com"
217.69.133.30 - - [23/Oct/2015:00:06:01 -0700] "GET /democratic-republic-of-congo.html HTTP/1.1" 404 89 "-" "Mozilla/5.0 (compatible; Linux x86_64; Mail.RU_Bot/2.0; +http://go.mail.ru/help/robots)" "www.saveaslave.com"
66.249.69.89 - - [23/Oct/2015:00:22:38 -0700] "GET /images/countrymap/new-zealand.gif HTTP/1.1" 404 89 "-" "Googlebot-Image/1.0" "www.saveaslave.com"
66.249.69.89 - - [23/Oct/2015:00:23:49 -0700] "GET /images/countrymap/liberia-flag.gif HTTP/1.1" 404 89 "-" "Googlebot-Image/1.0" "www.saveaslave.com"
66.249.69.97 - - [23/Oct/2015:00:23:53 -0700] "GET /images/countrymap/liberia.gif HTTP/1.1" 404 89 "-" "Googlebot-Image/1.0" "www.saveaslave.com"
86.98.212.110 - - [23/Oct/2015:00:24:13 -0700] "GET /images/countrymap/solomon-islands.gif HTTP/1.1" 404 89 "https://www.google.ae/" "Mozilla/5.0 (Windows NT 6.1) AppleWebKit/537.36 (KHTML, like Gecko) Chrome/44.0.2403.107 Safari/537.36" "www.saveaslave.com"
208.115.113.86 - - [23/Oct/2015:00:25:17 -0700] "GET /china.html HTTP/1.1" 404 89 "-" "Mozilla/5.0 (compatible; DotBot/1.1; http://www.opensiteexplorer.org/dotbot, help@moz.com)" "www.saveaslave.com"
151.80.31.136 - - [23/Oct/2015:00:34:53 -0700] "GET /cambodia.html HTTP/1.1" 404 89 "-" "Mozilla/5.0 (compatible; AhrefsBot/5.0; +http://ahrefs.com/robot/)" "saveaslave.com"
66.249.69.66 - - [23/Oct/2015:00:44:06 -0700] "GET /images/countrymap/new-caledonia.gif HTTP/1.1" 404 89 "-" "Googlebot-Image/1.0" "www.saveaslave.com"
66.249.69.74 - - [23/Oct/2015:00:44:08 -0700] "GET /images/countrymap/saint-martin.gif HTTP/1.1" 404 89 "-" "Googlebot-Image/1.0" "www.saveaslave.com"
66.249.69.66 - - [23/Oct/2015:00:44:09 -0700] "GET /images/countrymap/northern-mariana-islands-flag.gif HTTP/1.1" 404 89 "-" "Googlebot-Image/1.0" "www.saveaslave.com"
66.249.69.74 - - [23/Oct/2015:00:44:12 -0700] "GET /images/countrymap/saint-martin-flag.gif HTTP/1.1" 404 89 "-" "Googlebot-Image/1.0" "www.saveaslave.com"
66.249.69.74 - - [23/Oct/2015:00:48:51 -0700] "GET /images/countrymap/rwanda-flag.gif HTTP/1.1" 404 89 "-" "Googlebot-Image/1.0" "www.saveaslave.com"
66.249.69.66 - - [23/Oct/2015:00:48:52 -0700] "GET /images/countrymap/saint-kitts-nevis.gif HTTP/1.1" 404 89 "-" "Googlebot-Image/1.0" "www.saveaslave.com"
66.249.69.82 - - [23/Oct/2015:00:48:52 -0700] "GET /images/countrymap/navassa-island.gif HTTP/1.1" 404 89 "-" "Googlebot-Image/1.0" "www.saveaslave.com"
66.249.69.82 - - [23/Oct/2015:00:48:52 -0700] "GET /images/countrymap/navassa-island-flag.gif HTTP/1.1" 404 89 "-" "Googlebot-Image/1.0" "www.saveaslave.com"
66.249.69.66 - - [23/Oct/2015:00:48:52 -0700] "GET /images/countrymap/saudi-arabia.gif HTTP/1.1" 404 89 "-" "Googlebot-Image/1.0" "www.saveaslave.com"
66.249.69.74 - - [23/Oct/2015:00:48:53 -0700] "GET /images/countrymap/saint-kitts-nevis-flag.gif HTTP/1.1" 404 89 "-" "Googlebot-Image/1.0" "www.saveaslave.com"
139.164.160.102 - - [23/Oct/2015:00:53:33 -0700] "GET /images/countrymap/solomon-islands.gif HTTP/1.1" 404 89 "https://www.google.no/" "Mozilla/5.0 (Windows NT 6.1; WOW64) AppleWebKit/537.36 (KHTML, like Gecko) Chrome/45.0.2454.93 Safari/537.36 OPR/32.0.1948.69" "www.saveaslave.com"
66.249.69.97 - - [23/Oct/2015:01:02:13 -0700] "GET /tuvalu.html HTTP/1.1" 404 89 "-" "Mozilla/5.0 (compatible; Googlebot/2.1; +http://www.google.com/bot.html)" "www.saveaslave.com"
66.249.69.105 - - [23/Oct/2015:01:04:52 -0700] "GET /aruba HTTP/1.1" 404 89 "-" "Mozilla/5.0 (compatible; Googlebot/2.1; +http://www.google.com/bot.html)" "www.saveaslave.com"
66.249.69.97 - - [23/Oct/2015:01:04:58 -0700] "GET /greece HTTP/1.1" 404 89 "-" "Mozilla/5.0 (compatible; Googlebot/2.1; +http://www.google.com/bot.html)" "www.saveaslave.com"
66.249.75.251 - - [23/Oct/2015:01:09:23 -0700] "GET /tanzania HTTP/1.1" 404 89 "-" "Mozilla/5.0 (compatible; Googlebot/2.1; +http://www.google.com/bot.html)" "saveaslave.com"
180.76.15.161 - - [23/Oct/2015:01:14:44 -0700] "GET /addlink.php?page=armenia.html&lang=en HTTP/1.1" 200 4864 "-" "Mozilla/5.0 (compatible; Baiduspider/2.0; +http://www.baidu.com/search/spider.html)" "www.saveaslave.com"
88.198.227.103 - - [23/Oct/2015:01:33:43 -0700] "GET / HTTP/1.1" 200 31848 "-" "Mozilla/5.0 (Windows NT 6.2) AppleWebKit/537.36 (KHTML, like Gecko) Chrome/31.0.1650.57 Safari/537.36" "saveaslave.com"
54.243.48.119 - - [23/Oct/2015:01:37:01 -0700] "GET / HTTP/1.1" 200 31848 "-" "Mozilla/5.0 (Windows; U; Windows NT 5.1; en-US; rv:1.9.2.8) Gecko/20100722 Firefox/3.6.8" "saveaslave.com"
208.115.113.86 - - [23/Oct/2015:01:40:00 -0700] "GET /tonga.html HTTP/1.1" 404 89 "-" "Mozilla/5.0 (compatible; DotBot/1.1; http://www.opensiteexplorer.org/dotbot, help@moz.com)" "saveaslave.com"
208.115.113.94 - - [23/Oct/2015:01:40:43 -0700] "GET /westbank HTTP/1.1" 404 89 "-" "Mozilla/5.0 (compatible; DotBot/1.1; http://www.opensiteexplorer.org/dotbot, help@moz.com)" "saveaslave.com"
208.115.113.86 - - [23/Oct/2015:01:41:32 -0700] "GET /lithuania.html HTTP/1.1" 404 89 "-" "Mozilla/5.0 (compatible; DotBot/1.1; http://www.opensiteexplorer.org/dotbot, help@moz.com)" "www.saveaslave.com"
88.198.227.103 - - [23/Oct/2015:01:42:09 -0700] "GET /news3.php HTTP/1.1" 200 4903 "-" "Mozilla/5.0 (compatible; MSIE 9.0; Windows NT 6.1; Trident/5.0; SLCC2; .NET CLR 2.0.50727; .NET CLR 3.5.30729; .NET CLR 3.0.30729; Media Center PC 6.0; CMDTDF; AskTbORJ/5.14.1.20007)" "saveaslave.com"
151.80.31.136 - - [23/Oct/2015:01:45:10 -0700] "GET /india.html HTTP/1.1" 404 89 "-" "Mozilla/5.0 (compatible; AhrefsBot/5.0; +http://ahrefs.com/robot/)" "www.saveaslave.com"
65.36.241.48 - - [23/Oct/2015:01:47:00 -0700] "HEAD / HTTP/1.1" 200 0 "-" "InternetSeer.com" "www.saveaslave.com"
208.115.113.94 - - [23/Oct/2015:01:47:18 -0700] "GET /robots.txt HTTP/1.1" 200 48 "-" "Mozilla/5.0 (compatible; DotBot/1.1; http://www.opensiteexplorer.org/dotbot, help@moz.com)" "www.saveaslave.com"
208.115.113.94 - - [23/Oct/2015:01:47:18 -0700] "GET /robots.txt HTTP/1.1" 200 48 "-" "Mozilla/5.0 (compatible; DotBot/1.1; http://www.opensiteexplorer.org/dotbot, help@moz.com)" "saveaslave.com"
217.12.24.130 - - [23/Oct/2015:01:48:02 -0700] "GET /images/countrymap/solomon-islands.gif HTTP/1.1" 404 89 "https://www.google.es/" "Mozilla/5.0 (Windows NT 5.1) AppleWebKit/537.36 (KHTML, like Gecko) Chrome/46.0.2490.71 Safari/537.36" "www.saveaslave.com"
140.116.183.106 - - [23/Oct/2015:01:51:55 -0700] "GET / HTTP/1.1" 200 31848 "-" "Mozilla/5.0 (Windows NT 6.1; WOW64) AppleWebKit/537.36 (KHTML, like Gecko) Chrome/46.0.2490.71 Safari/537.36" "saveaslave.com"
140.116.183.106 - - [23/Oct/2015:01:51:55 -0700] "GET /css/style-pages.css HTTP/1.1" 200 9167 "http://saveaslave.com/" "Mozilla/5.0 (Windows NT 6.1; WOW64) AppleWebKit/537.36 (KHTML, like Gecko) Chrome/46.0.2490.71 Safari/537.36" "saveaslave.com"
140.116.183.106 - - [23/Oct/2015:01:51:55 -0700] "GET /css/elements.css HTTP/1.1" 200 17857 "http://saveaslave.com/" "Mozilla/5.0 (Windows NT 6.1; WOW64) AppleWebKit/537.36 (KHTML, like Gecko) Chrome/46.0.2490.71 Safari/537.36" "saveaslave.com"
140.116.183.106 - - [23/Oct/2015:01:51:55 -0700] "GET /gfeedfetcher.js HTTP/1.1" 200 9018 "http://saveaslave.com/" "Mozilla/5.0 (Windows NT 6.1; WOW64) AppleWebKit/537.36 (KHTML, like Gecko) Chrome/46.0.2490.71 Safari/537.36" "saveaslave.com"
140.116.183.106 - - [23/Oct/2015:01:51:56 -0700] "GET /gajaxscroller.js HTTP/1.1" 200 9774 "http://saveaslave.com/" "Mozilla/5.0 (Windows NT 6.1; WOW64) AppleWebKit/537.36 (KHTML, like Gecko) Chrome/46.0.2490.71 Safari/537.36" "saveaslave.com"
140.116.183.106 - - [23/Oct/2015:01:51:56 -0700] "GET /js/bootstrap.min.js HTTP/1.1" 200 37055 "http://saveaslave.com/" "Mozilla/5.0 (Windows NT 6.1; WOW64) AppleWebKit/537.36 (KHTML, like Gecko) Chrome/46.0.2490.71 Safari/537.36" "saveaslave.com"
140.116.183.106 - - [23/Oct/2015:01:51:56 -0700] "GET /assets/js/ie10-viewport-bug-workaround.js HTTP/1.1" 200 641 "http://saveaslave.com/" "Mozilla/5.0 (Windows NT 6.1; WOW64) AppleWebKit/537.36 (KHTML, like Gecko) Chrome/46.0.2490.71 Safari/537.36" "saveaslave.com"
140.116.183.106 - - [23/Oct/2015:01:51:56 -0700] "GET /images/logo2.png HTTP/1.1" 200 18525 "http://saveaslave.com/" "Mozilla/5.0 (Windows NT 6.1; WOW64) AppleWebKit/537.36 (KHTML, like Gecko) Chrome/46.0.2490.71 Safari/537.36" "saveaslave.com"
140.116.183.106 - - [23/Oct/2015:01:51:56 -0700] "GET /images/cover1.jpg HTTP/1.1" 200 253658 "http://saveaslave.com/" "Mozilla/5.0 (Windows NT 6.1; WOW64) AppleWebKit/537.36 (KHTML, like Gecko) Chrome/46.0.2490.71 Safari/537.36" "saveaslave.com"
140.116.183.106 - - [23/Oct/2015:01:51:57 -0700] "GET /photos/article7.jpg HTTP/1.1" 200 15527 "http://saveaslave.com/" "Mozilla/5.0 (Windows NT 6.1; WOW64) AppleWebKit/537.36 (KHTML, like Gecko) Chrome/46.0.2490.71 Safari/537.36" "saveaslave.com"
140.116.183.106 - - [23/Oct/2015:01:51:57 -0700] "GET /photos/top.jpg HTTP/1.1" 200 50519 "http://saveaslave.com/" "Mozilla/5.0 (Windows NT 6.1; WOW64) AppleWebKit/537.36 (KHTML, like Gecko) Chrome/46.0.2490.71 Safari/537.36" "saveaslave.com"
140.116.183.106 - - [23/Oct/2015:01:51:57 -0700] "GET /photos/article2.jpg HTTP/1.1" 200 15209 "http://saveaslave.com/" "Mozilla/5.0 (Windows NT 6.1; WOW64) AppleWebKit/537.36 (KHTML, like Gecko) Chrome/46.0.2490.71 Safari/537.36" "saveaslave.com"
140.116.183.106 - - [23/Oct/2015:01:51:57 -0700] "GET /images/select-arrow.png HTTP/1.1" 200 1118 "http://saveaslave.com/css/style.css" "Mozilla/5.0 (Windows NT 6.1; WOW64) AppleWebKit/537.36 (KHTML, like Gecko) Chrome/46.0.2490.71 Safari/537.36" "saveaslave.com"
140.116.183.106 - - [23/Oct/2015:01:51:57 -0700] "GET /images/gift_button.png HTTP/1.1" 200 24324 "http://saveaslave.com/" "Mozilla/5.0 (Windows NT 6.1; WOW64) AppleWebKit/537.36 (KHTML, like Gecko) Chrome/46.0.2490.71 Safari/537.36" "saveaslave.com"
140.116.183.106 - - [23/Oct/2015:01:51:57 -0700] "GET /indicator.gif HTTP/1.1" 200 878 "http://saveaslave.com/" "Mozilla/5.0 (Windows NT 6.1; WOW64) AppleWebKit/537.36 (KHTML, like Gecko) Chrome/46.0.2490.71 Safari/537.36" "saveaslave.com"
140.116.183.106 - - [23/Oct/2015:01:51:57 -0700] "GET /photos/article3a.jpg HTTP/1.1" 200 12445 "http://saveaslave.com/" "Mozilla/5.0 (Windows NT 6.1; WOW64) AppleWebKit/537.36 (KHTML, like Gecko) Chrome/46.0.2490.71 Safari/537.36" "saveaslave.com"
140.116.183.106 - - [23/Oct/2015:01:51:57 -0700] "GET /photos/article5.jpg HTTP/1.1" 200 14497 "http://saveaslave.com/" "Mozilla/5.0 (Windows NT 6.1; WOW64) AppleWebKit/537.36 (KHTML, like Gecko) Chrome/46.0.2490.71 Safari/537.36" "saveaslave.com"
140.116.183.106 - - [23/Oct/2015:01:51:57 -0700] "GET /photos/article4.png HTTP/1.1" 200 42622 "http://saveaslave.com/" "Mozilla/5.0 (Windows NT 6.1; WOW64) AppleWebKit/537.36 (KHTML, like Gecko) Chrome/46.0.2490.71 Safari/537.36" "saveaslave.com"
140.116.183.106 - - [23/Oct/2015:01:51:57 -0700] "GET /css/down-arrow.png HTTP/1.1" 404 89 "http://saveaslave.com/css/elements.css" "Mozilla/5.0 (Windows NT 6.1; WOW64) AppleWebKit/537.36 (KHTML, like Gecko) Chrome/46.0.2490.71 Safari/537.36" "saveaslave.com"
140.116.183.106 - - [23/Oct/2015:01:51:59 -0700] "GET /favicon.ico HTTP/1.1" 404 89 "http://saveaslave.com/" "Mozilla/5.0 (Windows NT 6.1; WOW64) AppleWebKit/537.36 (KHTML, like Gecko) Chrome/46.0.2490.71 Safari/537.36" "saveaslave.com"
140.116.183.106 - - [23/Oct/2015:01:51:59 -0700] "GET /ico/favicon-16x16.png HTTP/1.1" 200 1129 "http://saveaslave.com/" "Mozilla/5.0 (Windows NT 6.1; WOW64) AppleWebKit/537.36 (KHTML, like Gecko) Chrome/46.0.2490.71 Safari/537.36" "saveaslave.com"
140.116.183.106 - - [23/Oct/2015:01:52:21 -0700] "GET /our-supporters.php HTTP/1.1" 200 4906 "http://saveaslave.com/" "Mozilla/5.0 (Windows NT 6.1; WOW64) AppleWebKit/537.36 (KHTML, like Gecko) Chrome/46.0.2490.71 Safari/537.36" "saveaslave.com"
140.116.183.106 - - [23/Oct/2015:01:52:31 -0700] "GET /who-we-are.php HTTP/1.1" 200 4904 "http://saveaslave.com/our-news.php" "Mozilla/5.0 (Windows NT 6.1; WOW64) AppleWebKit/537.36 (KHTML, like Gecko) Chrome/46.0.2490.71 Safari/537.36" "saveaslave.com"
140.116.183.106 - - [23/Oct/2015:01:52:33 -0700] "GET / HTTP/1.1" 200 31821 "http://saveaslave.com/who-we-are.php" "Mozilla/5.0 (Windows NT 6.1; WOW64) AppleWebKit/537.36 (KHTML, like Gecko) Chrome/46.0.2490.71 Safari/537.36" "saveaslave.com"
140.116.183.106 - - [23/Oct/2015:01:52:34 -0700] "GET /css/down-arrow.png HTTP/1.1" 404 89 "http://saveaslave.com/css/elements.css" "Mozilla/5.0 (Windows NT 6.1; WOW64) AppleWebKit/537.36 (KHTML, like Gecko) Chrome/46.0.2490.71 Safari/537.36" "saveaslave.com"
140.116.183.106 - - [23/Oct/2015:01:52:42 -0700] "GET /country.php?name=China&lang=en HTTP/1.1" 200 30031 "http://saveaslave.com/" "Mozilla/5.0 (Windows NT 6.1; WOW64) AppleWebKit/537.36 (KHTML, like Gecko) Chrome/46.0.2490.71 Safari/537.36" "saveaslave.com"
140.116.183.106 - - [23/Oct/2015:01:52:42 -0700] "GET /photos/top-1.jpg HTTP/1.1" 200 77341 "http://saveaslave.com/country.php?name=China&lang=en" "Mozilla/5.0 (Windows NT 6.1; WOW64) AppleWebKit/537.36 (KHTML, like Gecko) Chrome/46.0.2490.71 Safari/537.36" "saveaslave.com"
140.116.183.106 - - [23/Oct/2015:01:52:43 -0700] "GET /css/down-arrow.png HTTP/1.1" 404 89 "http://saveaslave.com/css/elements.css" "Mozilla/5.0 (Windows NT 6.1; WOW64) AppleWebKit/537.36 (KHTML, like Gecko) Chrome/46.0.2490.71 Safari/537.36" "saveaslave.com"
180.175.94.168 - - [23/Oct/2015:01:53:34 -0700] "GET /contact.aspx HTTP/1.1" 404 89 "-" "Mozilla/5.0 (Windows; U; Windows NT 6.1; en-us; rv:1.9.2.3) Gecko/20100401 YFF35 Firefox/3.6.3" "www.saveaslave.com"
180.175.94.168 - - [23/Oct/2015:01:53:34 -0700] "GET /contact.asp HTTP/1.1" 404 89 "-" "Mozilla/5.0 (Windows; U; Windows NT 6.1; en-us; rv:1.9.2.3) Gecko/20100401 YFF35 Firefox/3.6.3" "www.saveaslave.com"
180.175.94.168 - - [23/Oct/2015:01:53:34 -0700] "GET /contact.php HTTP/1.1" 200 73 "-" "Mozilla/5.0 (Windows; U; Windows NT 6.1; en-us; rv:1.9.2.3) Gecko/20100401 YFF35 Firefox/3.6.3" "www.saveaslave.com"
180.175.94.168 - - [23/Oct/2015:01:53:34 -0700] "GET /main.jsp HTTP/1.1" 404 89 "-" "Mozilla/5.0 (Windows; U; Windows NT 6.1; en-us; rv:1.9.2.3) Gecko/20100401 YFF35 Firefox/3.6.3" "www.saveaslave.com"
54.159.58.206 - - [23/Oct/2015:01:56:11 -0700] "GET /azkaban.html HTTP/1.1" 404 89 "-" "Mozilla/5.0 (compatible; linkdexbot/2.0; +http://www.linkdex.com/bots/)" "www.saveaslave.com"
54.159.58.206 - - [23/Oct/2015:01:56:11 -0700] "GET /robots.txt HTTP/1.1" 200 48 "-" "Mozilla/5.0 (compatible; linkdexbot/2.0; +http://www.linkdex.com/bots/)" "saveaslave.com"
180.76.15.153 - - [23/Oct/2015:02:06:43 -0700] "GET /countries/burma.html HTTP/1.1" 404 89 "-" "Mozilla/5.0 (compatible; Baiduspider/2.0; +http://www.baidu.com/search/spider.html)" "www.saveaslave.com"
151.80.31.136 - - [23/Oct/2015:02:12:11 -0700] "GET /iraq.html HTTP/1.1" 404 89 "-" "Mozilla/5.0 (compatible; AhrefsBot/5.0; +http://ahrefs.com/robot/)" "saveaslave.com"
54.243.48.119 - - [23/Oct/2015:02:24:32 -0700] "GET /solomon-islands.html HTTP/1.1" 404 89 "-" "Mozilla/5.0 (Windows; U; Windows NT 5.1; en-US; rv:1.9.2.8) Gecko/20100722 Firefox/3.6.8" "www.saveaslave.com"
208.115.113.86 - - [23/Oct/2015:02:30:28 -0700] "GET /robots.txt HTTP/1.1" 200 48 "-" "Mozilla/5.0 (compatible; DotBot/1.1; http://www.opensiteexplorer.org/dotbot, help@moz.com)" "www.saveaslave.com"
208.115.113.86 - - [23/Oct/2015:02:30:28 -0700] "GET /robots.txt HTTP/1.1" 200 48 "-" "Mozilla/5.0 (compatible; DotBot/1.1; http://www.opensiteexplorer.org/dotbot, help@moz.com)" "saveaslave.com"
66.249.75.128 - - [23/Oct/2015:02:30:53 -0700] "GET /gabon.html HTTP/1.1" 404 89 "-" "Mozilla/5.0 (compatible; Googlebot/2.1; +http://www.google.com/bot.html)" "saveaslave.com"
208.115.113.86 - - [23/Oct/2015:02:36:58 -0700] "GET /mozambique HTTP/1.1" 404 89 "-" "Mozilla/5.0 (compatible; DotBot/1.1; http://www.opensiteexplorer.org/dotbot, help@moz.com)" "www.saveaslave.com"
208.115.113.86 - - [23/Oct/2015:02:36:58 -0700] "GET /peru HTTP/1.1" 404 89 "-" "Mozilla/5.0 (compatible; DotBot/1.1; http://www.opensiteexplorer.org/dotbot, help@moz.com)" "www.saveaslave.com"
208.115.113.86 - - [23/Oct/2015:02:36:59 -0700] "GET /samoa HTTP/1.1" 404 89 "-" "Mozilla/5.0 (compatible; DotBot/1.1; http://www.opensiteexplorer.org/dotbot, help@moz.com)" "www.saveaslave.com"
109.252.77.161 - - [23/Oct/2015:02:49:01 -0700] "GET /images/Netherlands_flag.gif HTTP/1.1" 404 89 "-" "Mozilla/5.0 (iPad; CPU OS 8_1 like Mac OS X) AppleWebKit/600.1.4 (KHTML, like Gecko) Version/8.0 Mobile/12B410 Safari/600.1.4" "saveaslave.com"
151.80.31.136 - - [23/Oct/2015:02:50:43 -0700] "GET /cote-d-ivoire.html HTTP/1.1" 404 89 "-" "Mozilla/5.0 (compatible; AhrefsBot/5.0; +http://ahrefs.com/robot/)" "saveaslave.com"
89.169.88.177 - - [23/Oct/2015:02:50:48 -0700] "GET /images/Netherlands_flag.gif HTTP/1.1" 404 89 "-" "Mozilla/5.0 (Windows NT 6.1; WOW64; rv:41.0) Gecko/20100101 Firefox/41.0" "saveaslave.com"
180.76.15.140 - - [23/Oct/2015:03:31:33 -0700] "GET /countries/tanzania.html HTTP/1.1" 404 89 "-" "Mozilla/5.0 (compatible; Baiduspider/2.0; +http://www.baidu.com/search/spider.html)" "www.saveaslave.com"
65.36.241.48 - - [23/Oct/2015:03:34:55 -0700] "HEAD / HTTP/1.1" 200 0 "-" "InternetSeer.com" "www.saveaslave.com"
46.172.2.36 - - [23/Oct/2015:03:36:43 -0700] "GET /images/Netherlands_flag.gif HTTP/1.1" 404 89 "-" "Mozilla/5.0 (Windows NT 6.1; WOW64; rv:41.0) Gecko/20100101 Firefox/41.0" "saveaslave.com"
178.137.62.185 - - [23/Oct/2015:03:42:56 -0700] "GET / HTTP/1.1" 200 31812 "http://countravel.net/" "Mozilla/4.61 [en] (X11; U; ) - BrowseX (2.0.0 Windows)" "www.saveaslave.com"
178.137.62.185 - - [23/Oct/2015:03:42:57 -0700] "GET / HTTP/1.1" 200 31812 "http://countravel.net/" "Mozilla/4.61 [en] (X11; U; ) - BrowseX (2.0.0 Windows)" "www.saveaslave.com"
46.172.2.36 - - [23/Oct/2015:03:46:33 -0700] "GET /images/Netherlands_flag.gif HTTP/1.1" 404 89 "-" "Mozilla/5.0 (Windows NT 6.1; WOW64; rv:41.0) Gecko/20100101 Firefox/41.0" "saveaslave.com"
92.26.235.232 - - [23/Oct/2015:03:47:04 -0700] "GET /images/countrymap/solomon-islands.gif HTTP/1.1" 404 89 "https://www.google.co.uk/" "Mozilla/5.0 (iPad; CPU OS 9_1 like Mac OS X) AppleWebKit/601.1.46 (KHTML, like Gecko) Version/9.0 Mobile/13B143 Safari/601.1" "www.saveaslave.com"
208.115.113.94 - - [23/Oct/2015:03:52:20 -0700] "GET /sanmarino HTTP/1.1" 404 89 "-" "Mozilla/5.0 (compatible; DotBot/1.1; http://www.opensiteexplorer.org/dotbot, help@moz.com)" "www.saveaslave.com"
208.115.113.94 - - [23/Oct/2015:03:52:21 -0700] "GET /samoa HTTP/1.1" 404 89 "-" "Mozilla/5.0 (compatible; DotBot/1.1; http://www.opensiteexplorer.org/dotbot, help@moz.com)" "saveaslave.com"
208.115.113.86 - - [23/Oct/2015:03:54:46 -0700] "GET /azerbaijan.html HTTP/1.1" 404 89 "-" "Mozilla/5.0 (compatible; DotBot/1.1; http://www.opensiteexplorer.org/dotbot, help@moz.com)" "www.saveaslave.com"
208.115.113.94 - - [23/Oct/2015:03:55:25 -0700] "GET /robots.txt HTTP/1.1" 200 48 "-" "Mozilla/5.0 (compatible; DotBot/1.1; http://www.opensiteexplorer.org/dotbot, help@moz.com)" "saveaslave.com"
151.80.31.136 - - [23/Oct/2015:03:59:33 -0700] "GET /navassa-island.html HTTP/1.1" 404 89 "-" "Mozilla/5.0 (compatible; AhrefsBot/5.0; +http://ahrefs.com/robot/)" "www.saveaslave.com"
151.80.31.136 - - [23/Oct/2015:03:59:52 -0700] "GET /chad.html HTTP/1.1" 404 89 "-" "Mozilla/5.0 (compatible; AhrefsBot/5.0; +http://ahrefs.com/robot/)" "www.saveaslave.com"
118.138.105.112 - - [23/Oct/2015:04:15:54 -0700] "GET /images/countrymap/solomon-islands.gif HTTP/1.1" 404 89 "https://www.google.com.au/" "Mozilla/5.0 (Windows NT 6.3; WOW64) AppleWebKit/537.36 (KHTML, like Gecko) Chrome/46.0.2490.71 Safari/537.36" "www.saveaslave.com"
151.80.31.136 - - [23/Oct/2015:04:18:26 -0700] "GET /articles/slavetrafficking3.html HTTP/1.1" 404 89 "-" "Mozilla/5.0 (compatible; AhrefsBot/5.0; +http://ahrefs.com/robot/)" "www.saveaslave.com"
151.80.31.136 - - [23/Oct/2015:04:20:12 -0700] "GET /dominica.html HTTP/1.1" 404 89 "-" "Mozilla/5.0 (compatible; AhrefsBot/5.0; +http://ahrefs.com/robot/)" "saveaslave.com"
180.76.15.152 - - [23/Oct/2015:04:41:44 -0700] "GET /ecuador.html HTTP/1.1" 404 89 "-" "Mozilla/5.0 (compatible; Baiduspider/2.0; +http://www.baidu.com/search/spider.html)" "www.saveaslave.com"
85.192.72.121 - - [23/Oct/2015:04:57:55 -0700] "GET /images/countrymap/solomon-islands.gif HTTP/1.1" 404 89 "https://www.google.es/" "Mozilla/5.0 (Windows NT 6.3; WOW64) AppleWebKit/537.36 (KHTML, like Gecko) Chrome/46.0.2490.80 Safari/537.36" "www.saveaslave.com"
66.249.69.97 - - [23/Oct/2015:05:07:18 -0700] "GET /namibia.html HTTP/1.1" 404 89 "-" "Mozilla/5.0 (compatible; Googlebot/2.1; +http://www.google.com/bot.html)" "www.saveaslave.com"
151.80.31.136 - - [23/Oct/2015:05:10:33 -0700] "GET /cape-verde.html HTTP/1.1" 404 89 "-" "Mozilla/5.0 (compatible; AhrefsBot/5.0; +http://ahrefs.com/robot/)" "saveaslave.com"
208.115.113.94 - - [23/Oct/2015:05:13:27 -0700] "GET /bermuda.html HTTP/1.1" 404 89 "-" "Mozilla/5.0 (compatible; DotBot/1.1; http://www.opensiteexplorer.org/dotbot, help@moz.com)" "saveaslave.com"
208.115.113.94 - - [23/Oct/2015:05:13:27 -0700] "GET /suriname HTTP/1.1" 404 89 "-" "Mozilla/5.0 (compatible; DotBot/1.1; http://www.opensiteexplorer.org/dotbot, help@moz.com)" "saveaslave.com"
208.115.113.94 - - [23/Oct/2015:05:13:27 -0700] "GET /malawi HTTP/1.1" 404 89 "-" "Mozilla/5.0 (compatible; DotBot/1.1; http://www.opensiteexplorer.org/dotbot, help@moz.com)" "saveaslave.com"
66.249.69.66 - - [23/Oct/2015:05:23:04 -0700] "GET /images/countrymap/united-kingdom-flag.gif HTTP/1.1" 404 89 "-" "Googlebot-Image/1.0" "www.saveaslave.com"
66.249.69.66 - - [23/Oct/2015:05:23:12 -0700] "GET /images/countrymap/dominican-republic.jpg HTTP/1.1" 404 89 "-" "Googlebot-Image/1.0" "www.saveaslave.com"
65.36.241.48 - - [23/Oct/2015:05:39:48 -0700] "HEAD / HTTP/1.1" 200 0 "-" "InternetSeer.com" "www.saveaslave.com"
180.76.15.31 - - [23/Oct/2015:05:46:00 -0700] "GET /addlink.php?page=malawi.html&lang=en HTTP/1.1" 200 4864 "-" "Mozilla/5.0 (compatible; Baiduspider/2.0; +http://www.baidu.com/search/spider.html)" "www.saveaslave.com"
91.246.112.2 - - [23/Oct/2015:05:54:48 -0700] "GET /images/Netherlands_flag.gif HTTP/1.1" 404 89 "-" "Mozilla/5.0 (Windows NT 5.1) AppleWebKit/537.36 (KHTML, like Gecko) Maxthon/4.4.7.1000 Chrome/30.0.1599.101 Safari/537.36" "saveaslave.com"
66.249.69.89 - - [23/Oct/2015:05:55:21 -0700] "GET /images/countrymap/burma-flag.jpg HTTP/1.1" 404 89 "-" "Googlebot-Image/1.0" "www.saveaslave.com"
