216.244.66.230 - - [05/Jan/2017:22:59:06 -0800] "GET /article.php?id=105 HTTP/1.1" 200 776 "-" "Mozilla/5.0 (compatible; DotBot/1.1; http://www.opensiteexplorer.org/dotbot, help@moz.com)" "www.saveaslave.com"[0]
65.36.241.48 - - [05/Jan/2017:23:04:26 -0800] "HEAD / HTTP/1.1" 200 0 "-" "InternetSeer.com" "www.saveaslave.com"
54.162.131.168 - - [05/Jan/2017:23:11:28 -0800] "GET / HTTP/1.1" 200 91413 "-" "-" "saveaslave.com"
62.210.162.42 - - [05/Jan/2017:23:41:31 -0800] "GET / HTTP/1.1" 200 91413 "-" "Mozilla/5.0 (Windows NT 6.1) AppleWebKit/537.36 (KHTML, like Gecko) Chrome/41.0.2228.0 Safari/537.36" "saveaslave.com"[1]
95.70.128.86 - - [06/Jan/2017:00:03:52 -0800] "GET / HTTP/1.1" 200 91377 "http://www.ohchr.org/EN/Issues/Slavery/UNVTFCFS/Pages/SlaveryList.aspx" "Mozilla/5.0 (Windows NT 6.3; WOW64) AppleWebKit/537.36 (KHTML, like Gecko) Chrome/55.0.2883.87 Safari/537.36" "www.saveaslave.com"[1]
95.70.128.86 - - [06/Jan/2017:00:03:52 -0800] "GET /css/style.css HTTP/1.1" 200 7938 "http://www.saveaslave.com/" "Mozilla/5.0 (Windows NT 6.3; WOW64) AppleWebKit/537.36 (KHTML, like Gecko) Chrome/55.0.2883.87 Safari/537.36" "www.saveaslave.com"
95.70.128.86 - - [06/Jan/2017:00:03:52 -0800] "GET /gfeedfetcher.js HTTP/1.1" 200 9018 "http://www.saveaslave.com/" "Mozilla/5.0 (Windows NT 6.3; WOW64) AppleWebKit/537.36 (KHTML, like Gecko) Chrome/55.0.2883.87 Safari/537.36" "www.saveaslave.com"
95.70.128.86 - - [06/Jan/2017:00:03:53 -0800] "GET /gajaxscroller.js HTTP/1.1" 200 9774 "http://www.saveaslave.com/" "Mozilla/5.0 (Windows NT 6.3; WOW64) AppleWebKit/537.36 (KHTML, like Gecko) Chrome/55.0.2883.87 Safari/537.36" "www.saveaslave.com"
95.70.128.86 - - [06/Jan/2017:00:03:54 -0800] "GET /images/article/end_it.jpg HTTP/1.1" 200 33676 "http://www.saveaslave.com/" "Mozilla/5.0 (Windows NT 6.3; WOW64) AppleWebKit/537.36 (KHTML, like Gecko) Chrome/55.0.2883.87 Safari/537.36" "www.saveaslave.com"
95.70.128.86 - - [06/Jan/2017:00:03:54 -0800] "GET /images/select-arrow.png HTTP/1.1" 200 1118 "http://www.saveaslave.com/css/style.css" "Mozilla/5.0 (Windows NT 6.3; WOW64) AppleWebKit/537.36 (KHTML, like Gecko) Chrome/55.0.2883.87 Safari/537.36" "www.saveaslave.com"
95.70.128.86 - - [06/Jan/2017:00:03:55 -0800] "GET /indicator.gif HTTP/1.1" 200 878 "http://www.saveaslave.com/" "Mozilla/5.0 (Windows NT 6.3; WOW64) AppleWebKit/537.36 (KHTML, like Gecko) Chrome/55.0.2883.87 Safari/537.36" "www.saveaslave.com"
95.70.128.86 - - [06/Jan/2017:00:03:56 -0800] "GET /favicon.ico HTTP/1.1" 404 89 "http://www.saveaslave.com/" "Mozilla/5.0 (Windows NT 6.3; WOW64) AppleWebKit/537.36 (KHTML, like Gecko) Chrome/55.0.2883.87 Safari/537.36" "www.saveaslave.com"
95.70.128.86 - - [06/Jan/2017:00:03:57 -0800] "GET /ico/favicon-16x16.png HTTP/1.1" 200 1129 "http://www.saveaslave.com/contact-us.php" "Mozilla/5.0 (Windows NT 6.3; WOW64) AppleWebKit/537.36 (KHTML, like Gecko) Chrome/55.0.2883.87 Safari/537.36" "www.saveaslave.com"
95.70.128.86 - - [06/Jan/2017:00:03:58 -0800] "GET /ico/android-icon-192x192.png HTTP/1.1" 200 10097 "http://www.saveaslave.com/contact-us.php" "Mozilla/5.0 (Windows NT 6.3; WOW64) AppleWebKit/537.36 (KHTML, like Gecko) Chrome/55.0.2883.87 Safari/537.36" "www.saveaslave.com"
65.36.241.48 - - [06/Jan/2017:00:41:10 -0800] "HEAD / HTTP/1.1" 200 0 "-" "InternetSeer.com" "www.saveaslave.com"
77.88.47.104 - - [06/Jan/2017:00:44:12 -0800] "GET /robots.txt HTTP/1.1" 200 48 "-" "Mozilla/5.0 (compatible; YandexBot/3.0; +http://yandex.com/bots)" "saveaslave.com"
77.88.47.89 - - [06/Jan/2017:00:44:15 -0800] "GET /images/article/traffick_diagram.png HTTP/1.1" 200 22048 "-" "Mozilla/5.0 (compatible; YandexImages/3.0; +http://yandex.com/bots)" "saveaslave.com"
163.172.66.102 - - [06/Jan/2017:00:48:36 -0800] "GET /www.ciw-online.org HTTP/1.1" 404 89 "-" "Mozilla/5.0 (compatible; AhrefsBot/5.2; +http://ahrefs.com/robot/)" "saveaslave.com"
207.46.13.81 - - [06/Jan/2017:00:56:48 -0800] "GET /our-news.php HTTP/1.1" 200 65964 "-" "Mozilla/5.0 (compatible; bingbot/2.0; +http://www.bing.com/bingbot.htm)" "saveaslave.com"
207.46.13.81 - - [06/Jan/2017:00:57:09 -0800] "GET /our-newsr.php HTTP/1.1" 200 79158 "-" "Mozilla/5.0 (compatible; bingbot/2.0; +http://www.bing.com/bingbot.htm)" "saveaslave.com"
207.46.13.81 - - [06/Jan/2017:00:57:29 -0800] "GET /antigua-and-barbuda.html HTTP/1.1" 404 89 "-" "Mozilla/5.0 (compatible; bingbot/2.0; +http://www.bing.com/bingbot.htm)" "saveaslave.com"
45.127.53.174 - - [06/Jan/2017:01:06:12 -0800] "GET /wp-login.php HTTP/1.1" 200 73 "-" "Mozilla/5.0 (Windows NT 6.1; WOW64; rv:40.0) Gecko/20100101 Firefox/40.1" "saveaslave.com"
45.127.53.174 - - [06/Jan/2017:01:06:14 -0800] "GET / HTTP/1.1" 200 91413 "-" "Mozilla/5.0 (Windows NT 6.1; WOW64; rv:40.0) Gecko/20100101 Firefox/40.1" "saveaslave.com"[2]
208.43.225.84 - - [06/Jan/2017:01:14:06 -0800] "GET /robots.txt HTTP/1.1" 200 48 "-" "Mozilla/5.0 (compatible; SiteExplorer/1.1b; +http://siteexplorer.info/Backlink-Checker-Spider/)" "saveaslave.com"
208.43.225.84 - - [06/Jan/2017:01:14:10 -0800] "GET /our-news.php HTTP/1.1" 200 65964 "-" "Mozilla/5.0 (compatible; SiteExplorer/1.1b; +http://siteexplorer.info/Backlink-Checker-Spider/)" "saveaslave.com"[2]
208.43.225.84 - - [06/Jan/2017:01:14:14 -0800] "GET /index.php HTTP/1.1" 200 91413 "-" "Mozilla/5.0 (compatible; SiteExplorer/1.1b; +http://siteexplorer.info/Backlink-Checker-Spider/)" "saveaslave.com"
208.43.225.84 - - [06/Jan/2017:01:14:17 -0800] "GET /in-russian.php?lang=ru HTTP/1.1" 200 94712 "-" "Mozilla/5.0 (compatible; SiteExplorer/1.1b; +http://siteexplorer.info/Backlink-Checker-Spider/)" "saveaslave.com"
208.43.225.84 - - [06/Jan/2017:01:14:25 -0800] "GET /disclaimer.php HTTP/1.1" 200 48762 "-" "Mozilla/5.0 (compatible; SiteExplorer/1.1b; +http://siteexplorer.info/Backlink-Checker-Spider/)" "saveaslave.com"[0]
208.43.225.84 - - [06/Jan/2017:01:14:28 -0800] "GET /contact-us.php HTTP/1.1" 200 30765 "-" "Mozilla/5.0 (compatible; SiteExplorer/1.1b; +http://siteexplorer.info/Backlink-Checker-Spider/)" "saveaslave.com"
208.43.225.84 - - [06/Jan/2017:01:14:38 -0800] "GET /article.php?id=62 HTTP/1.1" 200 48590 "-" "Mozilla/5.0 (compatible; SiteExplorer/1.1b; +http://siteexplorer.info/Backlink-Checker-Spider/)" "saveaslave.com"[0]
52.23.152.191 - - [06/Jan/2017:01:14:39 -0800] "GET /robots.txt HTTP/1.1" 200 48 "-" "BoogleBot 2.0" "www.saveaslave.com"
208.43.225.84 - - [06/Jan/2017:01:14:41 -0800] "GET /article.php?id=61 HTTP/1.1" 200 57270 "-" "Mozilla/5.0 (compatible; SiteExplorer/1.1b; +http://siteexplorer.info/Backlink-Checker-Spider/)" "saveaslave.com"[0]
208.43.225.84 - - [06/Jan/2017:01:14:44 -0800] "GET /article.php?id=60 HTTP/1.1" 200 49954 "-" "Mozilla/5.0 (compatible; SiteExplorer/1.1b; +http://siteexplorer.info/Backlink-Checker-Spider/)" "saveaslave.com"[0]
208.43.225.84 - - [06/Jan/2017:01:14:47 -0800] "GET /article.php?id=45 HTTP/1.1" 200 46819 "-" "Mozilla/5.0 (compatible; SiteExplorer/1.1b; +http://siteexplorer.info/Backlink-Checker-Spider/)" "saveaslave.com"
208.43.225.84 - - [06/Jan/2017:01:14:52 -0800] "GET /article.php?id=24 HTTP/1.1" 200 46783 "-" "Mozilla/5.0 (compatible; SiteExplorer/1.1b; +http://siteexplorer.info/Backlink-Checker-Spider/)" "saveaslave.com"
208.43.225.84 - - [06/Jan/2017:01:14:56 -0800] "GET /article.php?id=20 HTTP/1.1" 200 51102 "-" "Mozilla/5.0 (compatible; SiteExplorer/1.1b; +http://siteexplorer.info/Backlink-Checker-Spider/)" "saveaslave.com"
208.43.225.84 - - [06/Jan/2017:01:14:59 -0800] "GET /article.php?id=19 HTTP/1.1" 200 49612 "-" "Mozilla/5.0 (compatible; SiteExplorer/1.1b; +http://siteexplorer.info/Backlink-Checker-Spider/)" "saveaslave.com"
208.43.225.84 - - [06/Jan/2017:01:15:02 -0800] "GET /article.php?id=18 HTTP/1.1" 200 48035 "-" "Mozilla/5.0 (compatible; SiteExplorer/1.1b; +http://siteexplorer.info/Backlink-Checker-Spider/)" "saveaslave.com"[0]
208.43.225.84 - - [06/Jan/2017:01:15:05 -0800] "GET /article.php?id=17 HTTP/1.1" 200 46130 "-" "Mozilla/5.0 (compatible; SiteExplorer/1.1b; +http://siteexplorer.info/Backlink-Checker-Spider/)" "saveaslave.com"[0]
208.43.225.84 - - [06/Jan/2017:01:15:14 -0800] "GET /article.php?id=10 HTTP/1.1" 200 50375 "-" "Mozilla/5.0 (compatible; SiteExplorer/1.1b; +http://siteexplorer.info/Backlink-Checker-Spider/)" "saveaslave.com"
216.244.66.230 - - [06/Jan/2017:01:15:53 -0800] "GET /robots.txt HTTP/1.1" 200 48 "-" "Mozilla/5.0 (compatible; DotBot/1.1; http://www.opensiteexplorer.org/dotbot, help@moz.com)" "www.saveaslave.com"
216.244.66.230 - - [06/Jan/2017:01:15:53 -0800] "GET /robots.txt HTTP/1.1" 200 48 "-" "Mozilla/5.0 (compatible; DotBot/1.1; http://www.opensiteexplorer.org/dotbot, help@moz.com)" "saveaslave.com"
183.136.142.189 - - [06/Jan/2017:01:27:32 -0800] "GET / HTTP/1.1" 200 91377 "http://www.saveaslave.com/" "Mozilla/5.0 (compatible; MSIE 9.0; Windows NT 6.1; Trident/5.0)" "www.saveaslave.com"
207.46.13.112 - - [06/Jan/2017:01:27:48 -0800] "GET /coalition-members-cast.php HTTP/1.1" 200 48016 "-" "Mozilla/5.0 (compatible; bingbot/2.0; +http://www.bing.com/bingbot.htm)" "saveaslave.com"
207.46.13.112 - - [06/Jan/2017:01:27:48 -0800] "GET /www.boe.ca.gov HTTP/1.1" 404 89 "-" "Mozilla/5.0 (compatible; bingbot/2.0; +http://www.bing.com/bingbot.htm)" "saveaslave.com"
207.46.13.112 - - [06/Jan/2017:01:27:49 -0800] "GET /?Itemid=1 HTTP/1.1" 200 91413 "-" "Mozilla/5.0 (compatible; bingbot/2.0; +http://www.bing.com/bingbot.htm)" "saveaslave.com"[1]
207.46.13.112 - - [06/Jan/2017:01:27:50 -0800] "GET /index.php HTTP/1.1" 200 91413 "-" "Mozilla/5.0 (compatible; bingbot/2.0; +http://www.bing.com/bingbot.htm)" "saveaslave.com"
207.46.13.112 - - [06/Jan/2017:01:27:51 -0800] "GET /who-we-arer.php HTTP/1.1" 200 73386 "-" "Mozilla/5.0 (compatible; bingbot/2.0; +http://www.bing.com/bingbot.htm)" "saveaslave.com"
207.46.13.112 - - [06/Jan/2017:01:27:51 -0800] "GET /article.php?id=64 HTTP/1.1" 200 47963 "-" "Mozilla/5.0 (compatible; bingbot/2.0; +http://www.bing.com/bingbot.htm)" "saveaslave.com"
207.46.13.112 - - [06/Jan/2017:01:27:51 -0800] "GET /bosnia-herzegovina.html HTTP/1.1" 404 89 "-" "Mozilla/5.0 (compatible; bingbot/2.0; +http://www.bing.com/bingbot.htm)" "saveaslave.com"
207.46.13.27 - - [06/Jan/2017:01:48:58 -0800] "GET /robots.txt HTTP/1.1" 200 48 "-" "Mozilla/5.0 (compatible; bingbot/2.0; +http://www.bing.com/bingbot.htm)" "saveaslave.com"
77.88.47.86 - - [06/Jan/2017:01:50:29 -0800] "GET /images/supporters/END.png HTTP/1.1" 200 42129 "-" "Mozilla/5.0 (compatible; YandexImages/3.0; +http://yandex.com/bots)" "saveaslave.com"
77.88.47.15 - - [06/Jan/2017:01:56:27 -0800] "GET /images/article/kateryna_ardanyan.jpg HTTP/1.1" 200 45587 "-" "Mozilla/5.0 (compatible; YandexImages/3.0; +http://yandex.com/bots)" "saveaslave.com"
65.36.241.48 - - [06/Jan/2017:02:07:31 -0800] "HEAD / HTTP/1.1" 200 0 "-" "InternetSeer.com" "www.saveaslave.com"
77.88.47.86 - - [06/Jan/2017:02:12:20 -0800] "GET /images/article/article1r.jpg HTTP/1.1" 200 14025 "-" "Mozilla/5.0 (compatible; YandexImages/3.0; +http://yandex.com/bots)" "saveaslave.com"
157.55.39.154 - - [06/Jan/2017:02:18:51 -0800] "GET /in-russian.php?lang=ru HTTP/1.1" 200 94712 "-" "Mozilla/5.0 (compatible; bingbot/2.0; +http://www.bing.com/bingbot.htm)" "saveaslave.com"[1]
216.244.66.230 - - [06/Jan/2017:02:41:21 -0800] "GET /www.clinicaromero.com HTTP/1.1" 404 89 "-" "Mozilla/5.0 (compatible; DotBot/1.1; http://www.opensiteexplorer.org/dotbot, help@moz.com)" "www.saveaslave.com"
180.76.15.9 - - [06/Jan/2017:02:41:28 -0800] "GET /css/bootstrap.min.css HTTP/1.1" 200 123578 "-" "Mozilla/5.0 (compatible; Baiduspider/2.0; +http://www.baidu.com/search/spider.html)" "www.saveaslave.com"
62.173.154.210 - - [06/Jan/2017:03:12:46 -0800] "GET /in-russian.php?lang=ru HTTP/1.1" 200 94676 "http://saveaslave.com/in-russian.php?lang=ru" "Mozilla/5.0 (Windows NT 10.0; WOW64; rv:44.0) Gecko/20100101 Firefox/44.0" "saveaslave.com"[1]
52.23.152.191 - - [06/Jan/2017:03:20:39 -0800] "GET /ico/apple-icon-60x60.png HTTP/1.1" 200 2590 "-" "BoogleBot 2.0" "www.saveaslave.com"
178.137.83.166 - - [06/Jan/2017:03:21:57 -0800] "GET /robots.txt HTTP/1.1" 200 48 "-" "Mozilla/5.0 (Windows NT 10.0; WOW64) AppleWebKit/537.36 (KHTML, like Gecko) Chrome/49.0.2623.75 Safari/537.36 OPR/36.0.2130.32" "saveaslave.com"
178.137.83.166 - - [06/Jan/2017:03:21:58 -0800] "GET / HTTP/1.1" 200 91413 "-" "Mozilla/5.0 (Windows NT 10.0; WOW64) AppleWebKit/537.36 (KHTML, like Gecko) Chrome/49.0.2623.75 Safari/537.36 OPR/36.0.2130.32" "saveaslave.com"[1]
178.137.83.166 - - [06/Jan/2017:03:22:00 -0800] "GET /blog/robots.txt HTTP/1.1" 404 89 "-" "Mozilla/5.0 (Windows NT 10.0; WOW64) AppleWebKit/537.36 (KHTML, like Gecko) Chrome/49.0.2623.75 Safari/537.36 OPR/36.0.2130.32" "saveaslave.com"
178.137.83.166 - - [06/Jan/2017:03:22:00 -0800] "GET /blog/ HTTP/1.1" 404 89 "-" "Mozilla/5.0 (Windows NT 10.0; WOW64) AppleWebKit/537.36 (KHTML, like Gecko) Chrome/49.0.2623.75 Safari/537.36 OPR/36.0.2130.32" "saveaslave.com"[0]
178.137.83.166 - - [06/Jan/2017:03:22:00 -0800] "GET /wordpress/ HTTP/1.1" 404 89 "-" "Mozilla/5.0 (Windows NT 10.0; WOW64) AppleWebKit/537.36 (KHTML, like Gecko) Chrome/49.0.2623.75 Safari/537.36 OPR/36.0.2130.32" "saveaslave.com"
178.137.83.166 - - [06/Jan/2017:03:22:00 -0800] "GET /wp/ HTTP/1.1" 404 89 "-" "Mozilla/5.0 (Windows NT 10.0; WOW64) AppleWebKit/537.36 (KHTML, like Gecko) Chrome/49.0.2623.75 Safari/537.36 OPR/36.0.2130.32" "saveaslave.com"
180.76.15.28 - - [06/Jan/2017:03:48:28 -0800] "GET /country.php?name=Cuba&lang=en HTTP/1.1" 200 53678 "-" "Mozilla/5.0 (compatible; Baiduspider/2.0; +http://www.baidu.com/search/spider.html)" "www.saveaslave.com"
216.244.66.240 - - [06/Jan/2017:03:56:56 -0800] "GET /robots.txt HTTP/1.1" 200 48 "-" "Mozilla/5.0 (compatible; DotBot/1.1; http://www.opensiteexplorer.org/dotbot, help@moz.com)" "www.saveaslave.com"
65.36.241.48 - - [06/Jan/2017:04:05:31 -0800] "HEAD / HTTP/1.1" 200 0 "-" "InternetSeer.com" "www.saveaslave.com"
163.172.65.63 - - [06/Jan/2017:04:08:48 -0800] "GET /holy-see.html HTTP/1.1" 404 89 "-" "Mozilla/5.0 (compatible; AhrefsBot/5.2; +http://ahrefs.com/robot/)" "saveaslave.com"
216.244.66.240 - - [06/Jan/2017:04:27:05 -0800] "GET /robots.txt HTTP/1.1" 200 48 "-" "Mozilla/5.0 (compatible; DotBot/1.1; http://www.opensiteexplorer.org/dotbot, help@moz.com)" "saveaslave.com"
216.244.66.240 - - [06/Jan/2017:04:27:05 -0800] "GET /robots.txt HTTP/1.1" 200 48 "-" "Mozilla/5.0 (compatible; DotBot/1.1; http://www.opensiteexplorer.org/dotbot, help@moz.com)" "www.saveaslave.com"
216.244.66.240 - - [06/Jan/2017:04:38:48 -0800] "GET /www.casa-alianzamexico.org HTTP/1.1" 404 89 "-" "Mozilla/5.0 (compatible; DotBot/1.1; http://www.opensiteexplorer.org/dotbot, help@moz.com)" "www.saveaslave.com"
216.244.66.240 - - [06/Jan/2017:04:38:49 -0800] "GET /managecountry.php HTTP/1.1" 200 1294 "-" "Mozilla/5.0 (compatible; DotBot/1.1; http://www.opensiteexplorer.org/dotbot, help@moz.com)" "www.saveaslave.com"
216.244.66.240 - - [06/Jan/2017:04:38:50 -0800] "GET /article.php?id=114 HTTP/1.1" 200 44829 "-" "Mozilla/5.0 (compatible; DotBot/1.1; http://www.opensiteexplorer.org/dotbot, help@moz.com)" "www.saveaslave.com"
178.63.101.134 - - [06/Jan/2017:04:41:30 -0800] "HEAD / HTTP/1.1" 200 0 "-" "Mozilla/5.0 (Windows NT 6.1) AppleWebKit/537.36 (KHTML, like Gecko) Chrome/41.0.2228.0 Safari/537.36Mozilla/5.0 (Macintosh; Intel Mac OS X 10.8; rv:24.0) Gecko/20100101 Firefox/24.0" "www.saveaslave.com"
178.63.101.134 - - [06/Jan/2017:04:41:31 -0800] "HEAD / HTTP/1.1" 200 0 "-" "Mozilla/5.0 (Windows NT 6.1) AppleWebKit/537.36 (KHTML, like Gecko) Chrome/41.0.2228.0 Safari/537.36Mozilla/5.0 (Macintosh; Intel Mac OS X 10.8; rv:24.0) Gecko/20100101 Firefox/24.0" "www.saveaslave.com"
178.63.101.134 - - [06/Jan/2017:04:41:31 -0800] "HEAD / HTTP/1.1" 200 0 "-" "Mozilla/5.0 (Windows NT 6.1) AppleWebKit/537.36 (KHTML, like Gecko) Chrome/41.0.2228.0 Safari/537.36Mozilla/5.0 (Macintosh; Intel Mac OS X 10.8; rv:24.0) Gecko/20100101 Firefox/24.0" "www.saveaslave.com"[1]
108.59.8.70 - - [06/Jan/2017:04:49:18 -0800] "GET /robots.txt HTTP/1.1" 200 48 "-" "Mozilla/5.0 (compatible; MJ12bot/v1.4.7; http://mj12bot.com/)" "saveaslave.com"
108.59.8.70 - - [06/Jan/2017:04:49:57 -0800] "GET /robots.txt HTTP/1.1" 200 48 "-" "Mozilla/5.0 (compatible; MJ12bot/v1.4.7; http://mj12bot.com/)" "www.saveaslave.com"
52.23.152.191 - - [06/Jan/2017:05:35:00 -0800] "GET /ico/apple-icon-72x72.png HTTP/1.1" 200 3219 "-" "BoogleBot 2.0" "www.saveaslave.com"
216.244.66.240 - - [06/Jan/2017:05:44:40 -0800] "GET /liechtenstein HTTP/1.1" 404 89 "-" "Mozilla/5.0 (compatible; DotBot/1.1; http://www.opensiteexplorer.org/dotbot, help@moz.com)" "www.saveaslave.com"
216.244.66.240 - - [06/Jan/2017:05:44:40 -0800] "GET /resources.html HTTP/1.1" 404 89 "-" "Mozilla/5.0 (compatible; DotBot/1.1; http://www.opensiteexplorer.org/dotbot, help@moz.com)" "www.saveaslave.com"[0]
216.244.66.240 - - [06/Jan/2017:05:44:41 -0800] "GET /swaziland.html HTTP/1.1" 404 89 "-" "Mozilla/5.0 (compatible; DotBot/1.1; http://www.opensiteexplorer.org/dotbot, help@moz.com)" "www.saveaslave.com"
216.244.66.240 - - [06/Jan/2017:05:44:41 -0800] "GET /article.php?id=95 HTTP/1.1" 200 776 "-" "Mozilla/5.0 (compatible; DotBot/1.1; http://www.opensiteexplorer.org/dotbot, help@moz.com)" "www.saveaslave.com"[1]
216.244.66.240 - - [06/Jan/2017:05:44:42 -0800] "GET /article.php?id=26 HTTP/1.1" 200 776 "-" "Mozilla/5.0 (compatible; DotBot/1.1; http://www.opensiteexplorer.org/dotbot, help@moz.com)" "saveaslave.com"
216.244.66.240 - - [06/Jan/2017:05:44:42 -0800] "GET /bahamas.html HTTP/1.1" 404 89 "-" "Mozilla/5.0 (compatible; DotBot/1.1; http://www.opensiteexplorer.org/dotbot, help@moz.com)" "saveaslave.com"
207.46.13.81 - - [06/Jan/2017:06:09:30 -0800] "GET /robots.txt HTTP/1.1" 200 48 "-" "Mozilla/5.0 (compatible; bingbot/2.0; +http://www.bing.com/bingbot.htm)" "www.saveaslave.com"[0]
65.36.241.48 - - [06/Jan/2017:06:13:46 -0800] "HEAD / HTTP/1.1" 200 0 "-" "InternetSeer.com" "www.saveaslave.com"
216.244.66.240 - - [06/Jan/2017:06:15:09 -0800] "GET /robots.txt HTTP/1.1" 200 48 "-" "Mozilla/5.0 (compatible; DotBot/1.1; http://www.opensiteexplorer.org/dotbot, help@moz.com)" "www.saveaslave.com"
157.55.39.154 - - [06/Jan/2017:06:16:11 -0800] "GET /wallis-and-futuna.html HTTP/1.1" 404 89 "-" "Mozilla/5.0 (compatible; bingbot/2.0; +http://www.bing.com/bingbot.htm)" "saveaslave.com"
157.55.39.154 - - [06/Jan/2017:06:16:14 -0800] "GET /?tpl=newspaper&itemid=6 HTTP/1.1" 200 91413 "-" "Mozilla/5.0 (compatible; bingbot/2.0; +http://www.bing.com/bingbot.htm)" "saveaslave.com"
163.172.66.6 - - [06/Jan/2017:06:44:21 -0800] "GET /www.sexworkersproject.org HTTP/1.1" 404 89 "-" "Mozilla/5.0 (compatible; AhrefsBot/5.2; +http://ahrefs.com/robot/)" "saveaslave.com"
106.120.173.111 - - [06/Jan/2017:06:58:28 -0800] "GET /help.php HTTP/1.1" 200 53703 "-" "Sogou web spider/4.0(+http://www.sogou.com/docs/help/webmasters.htm#07)" "www.saveaslave.com"[1]
216.244.66.230 - - [06/Jan/2017:07:16:42 -0800] "GET /robots.txt HTTP/1.1" 200 48 "-" "Mozilla/5.0 (compatible; DotBot/1.1; http://www.opensiteexplorer.org/dotbot, help@moz.com)" "www.saveaslave.com"
204.83.211.251 - - [06/Jan/2017:07:32:44 -0800] "GET /images/article/suspects.jpg HTTP/1.1" 200 58796 "https://www.google.ca/" "Mozilla/5.0 (Windows NT 10.0; Win64; x64) AppleWebKit/537.36 (KHTML, like Gecko) Chrome/55.0.2883.87 Safari/537.36" "www.saveaslave.com"
65.36.241.48 - - [06/Jan/2017:07:53:56 -0800] "HEAD / HTTP/1.1" 200 0 "-" "InternetSeer.com" "www.saveaslave.com"
216.244.66.240 - - [06/Jan/2017:07:59:20 -0800] "GET /article.php?id=89 HTTP/1.1" 200 776 "-" "Mozilla/5.0 (compatible; DotBot/1.1; http://www.opensiteexplorer.org/dotbot, help@moz.com)" "www.saveaslave.com"[1]
52.23.152.191 - - [06/Jan/2017:08:00:39 -0800] "GET /ico/apple-icon-76x76.png HTTP/1.1" 200 3414 "-" "BoogleBot 2.0" "www.saveaslave.com"
180.76.15.26 - - [06/Jan/2017:08:35:05 -0800] "GET /images/help/?M=D HTTP/1.1" 200 2064 "-" "Mozilla/5.0 (compatible; Baiduspider/2.0; +http://www.baidu.com/search/spider.html)" "www.saveaslave.com"
94.227.4.71 - - [06/Jan/2017:08:48:09 -0800] "GET /favicon.ico HTTP/1.1" 404 89 "-" "Safari/12602.2.14.0.7 CFNetwork/807.1.3 Darwin/16.1.0 (x86_64)" "www.saveaslave.com"
94.227.4.71 - - [06/Jan/2017:08:48:09 -0800] "GET /apple-touch-icon-precomposed.png HTTP/1.1" 404 89 "-" "Safari/12602.2.14.0.7 CFNetwork/807.1.3 Darwin/16.1.0 (x86_64)" "www.saveaslave.com"
94.227.4.71 - - [06/Jan/2017:08:48:09 -0800] "GET /favicon.ico HTTP/1.1" 404 89 "-" "Safari/12602.2.14.0.7 CFNetwork/807.1.3 Darwin/16.1.0 (x86_64)" "www.saveaslave.com"
94.227.4.71 - - [06/Jan/2017:08:48:09 -0800] "GET /samoa.html HTTP/1.1" 404 89 "-" "Mozilla/5.0 (iPhone; CPU iPhone OS 10_0 like Mac OS X) AppleWebKit/602.1.38 (KHTML, like Gecko) Version/10.0 Mobile/14A300 Safari/602.1" "www.saveaslave.com"
94.227.4.71 - - [06/Jan/2017:08:48:09 -0800] "GET /apple-touch-icon-precomposed.png HTTP/1.1" 404 89 "-" "Safari/12602.2.14.0.7 CFNetwork/807.1.3 Darwin/16.1.0 (x86_64)" "www.saveaslave.com"
95.70.128.86 - - [06/Jan/2017:08:57:54 -0800] "GET / HTTP/1.1" 200 91377 "http://www.ohchr.org/EN/Issues/Slavery/UNVTFCFS/Pages/SlaveryList.aspx" "Mozilla/5.0 (Windows NT 6.3; WOW64) AppleWebKit/537.36 (KHTML, like Gecko) Chrome/55.0.2883.87 Safari/537.36" "www.saveaslave.com"
95.70.128.86 - - [06/Jan/2017:08:57:54 -0800] "GET /css/style.css HTTP/1.1" 200 7938 "http://www.saveaslave.com/" "Mozilla/5.0 (Windows NT 6.3; WOW64) AppleWebKit/537.36 (KHTML, like Gecko) Chrome/55.0.2883.87 Safari/537.36" "www.saveaslave.com"
95.70.128.86 - - [06/Jan/2017:08:57:55 -0800] "GET /images/article/suspects.jpg HTTP/1.1" 200 58796 "http://www.saveaslave.com/" "Mozilla/5.0 (Windows NT 6.3; WOW64) AppleWebKit/537.36 (KHTML, like Gecko) Chrome/55.0.2883.87 Safari/537.36" "www.saveaslave.com"
95.70.128.86 - - [06/Jan/2017:08:57:55 -0800] "GET /images/article/s1_dety_beg_d9954.jpg HTTP/1.1" 200 16968 "http://www.saveaslave.com/" "Mozilla/5.0 (Windows NT 6.3; WOW64) AppleWebKit/537.36 (KHTML, like Gecko) Chrome/55.0.2883.87 Safari/537.36" "www.saveaslave.com"
95.70.128.86 - - [06/Jan/2017:08:57:55 -0800] "GET /images/top.jpg HTTP/1.1" 200 50519 "http://www.saveaslave.com/" "Mozilla/5.0 (Windows NT 6.3; WOW64) AppleWebKit/537.36 (KHTML, like Gecko) Chrome/55.0.2883.87 Safari/537.36" "www.saveaslave.com"[0]
95.70.128.86 - - [06/Jan/2017:09:01:39 -0800] "GET /images/top-1.jpg HTTP/1.1" 200 77341 "http://www.saveaslave.com/contact-us.php" "Mozilla/5.0 (Windows NT 6.3; WOW64) AppleWebKit/537.36 (KHTML, like Gecko) Chrome/55.0.2883.87 Safari/537.36" "www.saveaslave.com"
216.244.66.240 - - [06/Jan/2017:09:40:57 -0800] "GET /article.php?id=22 HTTP/1.1" 200 47537 "-" "Mozilla/5.0 (compatible; DotBot/1.1; http://www.opensiteexplorer.org/dotbot, help@moz.com)" "saveaslave.com"[1]
203.133.169.139 - - [06/Jan/2017:09:51:43 -0800] "GET / HTTP/1.1" 200 91413 "-" "Mozilla/5.0 (compatible; MSIE or Firefox mutant;) Daum 4.1" "www.saveaslave.com"[1]
65.36.241.48 - - [06/Jan/2017:09:51:48 -0800] "HEAD / HTTP/1.1" 200 0 "-" "InternetSeer.com" "www.saveaslave.com"
216.244.66.240 - - [06/Jan/2017:09:56:26 -0800] "GET /montenegro.html HTTP/1.1" 404 89 "-" "Mozilla/5.0 (compatible; DotBot/1.1; http://www.opensiteexplorer.org/dotbot, help@moz.com)" "saveaslave.com"
203.133.169.139 - - [06/Jan/2017:09:56:47 -0800] "GET /robots.txt HTTP/1.1" 200 48 "-" "Mozilla/5.0 (compatible; MSIE or Firefox mutant;) Daum 4.1" "saveaslave.com"
207.46.13.27 - - [06/Jan/2017:09:58:14 -0800] "GET /robots.txt HTTP/1.1" 200 48 "-" "Mozilla/5.0 (compatible; bingbot/2.0; +http://www.bing.com/bingbot.htm)" "saveaslave.com"
192.126.135.163 - - [06/Jan/2017:10:19:21 -0800] "GET / HTTP/1.1" 200 91413 "-" "Mozilla/5.0 (X11; Ubuntu; Linux x86_64; rv:26.0) Gecko/20100101 Firefox/26.0" "saveaslave.com"
52.23.152.191 - - [06/Jan/2017:10:26:24 -0800] "GET /ico/apple-icon-114x114.png HTTP/1.1" 200 5667 "-" "BoogleBot 2.0" "www.saveaslave.com"
204.152.155.145 - - [06/Jan/2017:10:35:37 -0800] "GET /images/supporters/safe-horizon.png HTTP/1.1" 200 16608 "-" "Mozilla/5.0 (Windows NT 6.1; WOW64; Trident/7.0; rv:11.0) like Gecko" "saveaslave.com"
65.36.241.48 - - [06/Jan/2017:10:35:52 -0800] "HEAD /?tpl=references&Itemid=3 HTTP/1.1" 200 0 "-" "InternetSeer.com" "www.saveaslave.com"
220.181.108.112 - - [06/Jan/2017:10:46:34 -0800] "GET / HTTP/1.1" 200 91413 "-" "Mozilla/5.0 (compatible; Baiduspider/2.0; +http://www.baidu.com/search/spider.html)" "saveaslave.com"
172.75.189.234 - - [06/Jan/2017:11:11:35 -0800] "GET /images/article/suspects.jpg HTTP/1.1" 200 58796 "https://www.google.com/" "Mozilla/5.0 (iPhone; CPU iPhone OS 10_2 like Mac OS X) AppleWebKit/602.3.12 (KHTML, like Gecko) Version/10.0 Mobile/14C92 Safari/602.1" "www.saveaslave.com"
216.244.66.230 - - [06/Jan/2017:11:16:40 -0800] "GET /robots.txt HTTP/1.1" 200 48 "-" "Mozilla/5.0 (compatible; DotBot/1.1; http://www.opensiteexplorer.org/dotbot, help@moz.com)" "www.saveaslave.com"
208.43.225.84 - - [06/Jan/2017:11:31:42 -0800] "GET /robots.txt HTTP/1.1" 200 48 "-" "Mozilla/5.0 (compatible; SiteExplorer/1.1b; +http://siteexplorer.info/Backlink-Checker-Spider/)" "saveaslave.com"
208.43.225.84 - - [06/Jan/2017:11:31:50 -0800] "GET /our-supportersr.php HTTP/1.1" 200 73 "-" "Mozilla/5.0 (compatible; SiteExplorer/1.1b; +http://siteexplorer.info/Backlink-Checker-Spider/)" "saveaslave.com"[0]
208.43.225.84 - - [06/Jan/2017:11:31:53 -0800] "GET /our-supporters.php HTTP/1.1" 200 56309 "-" "Mozilla/5.0 (compatible; SiteExplorer/1.1b; +http://siteexplorer.info/Backlink-Checker-Spider/)" "saveaslave.com"[0]
208.43.225.84 - - [06/Jan/2017:11:32:00 -0800] "GET /in-russian.php?lang=ru HTTP/1.1" 200 94712 "-" "Mozilla/5.0 (compatible; SiteExplorer/1.1b; +http://siteexplorer.info/Backlink-Checker-Spider/)" "saveaslave.com"
208.43.225.84 - - [06/Jan/2017:11:32:02 -0800] "GET /help-advanced.php HTTP/1.1" 200 54600 "-" "Mozilla/5.0 (compatible; SiteExplorer/1.1b; +http://siteexplorer.info/Backlink-Checker-Spider/)" "saveaslave.com"[0]
208.43.225.84 - - [06/Jan/2017:11:32:05 -0800] "GET /contact-usr.php HTTP/1.1" 200 20067 "-" "Mozilla/5.0 (compatible; SiteExplorer/1.1b; +http://siteexplorer.info/Backlink-Checker-Spider/)" "saveaslave.com"[0]
208.43.225.84 - - [06/Jan/2017:11:32:08 -0800] "GET /article.php?id=86 HTTP/1.1" 200 44889 "-" "Mozilla/5.0 (compatible; SiteExplorer/1.1b; +http://siteexplorer.info/Backlink-Checker-Spider/)" "saveaslave.com"[0]
208.43.225.84 - - [06/Jan/2017:11:32:16 -0800] "GET /article.php?id=65 HTTP/1.1" 200 51167 "-" "Mozilla/5.0 (compatible; SiteExplorer/1.1b; +http://siteexplorer.info/Backlink-Checker-Spider/)" "saveaslave.com"[0]
208.43.225.84 - - [06/Jan/2017:11:32:19 -0800] "GET /article.php?id=64 HTTP/1.1" 200 47963 "-" "Mozilla/5.0 (compatible; SiteExplorer/1.1b; +http://siteexplorer.info/Backlink-Checker-Spider/)" "saveaslave.com"
208.43.225.84 - - [06/Jan/2017:11:32:22 -0800] "GET /article.php?id=63 HTTP/1.1" 200 46433 "-" "Mozilla/5.0 (compatible; SiteExplorer/1.1b; +http://siteexplorer.info/Backlink-Checker-Spider/)" "saveaslave.com"[0]
208.43.225.84 - - [06/Jan/2017:11:32:25 -0800] "GET /article.php?id=6 HTTP/1.1" 200 48470 "-" "Mozilla/5.0 (compatible; SiteExplorer/1.1b; +http://siteexplorer.info/Backlink-Checker-Spider/)" "saveaslave.com"
208.43.225.84 - - [06/Jan/2017:11:32:28 -0800] "GET /article.php?id=5 HTTP/1.1" 200 47495 "-" "Mozilla/5.0 (compatible; SiteExplorer/1.1b; +http://siteexplorer.info/Backlink-Checker-Spider/)" "saveaslave.com"[0]
208.43.225.84 - - [06/Jan/2017:11:32:31 -0800] "GET /article.php?id=46 HTTP/1.1" 200 50205 "-" "Mozilla/5.0 (compatible; SiteExplorer/1.1b; +http://siteexplorer.info/Backlink-Checker-Spider/)" "saveaslave.com"[0]
208.43.225.84 - - [06/Jan/2017:11:32:37 -0800] "GET /article.php?id=32 HTTP/1.1" 200 51989 "-" "Mozilla/5.0 (compatible; SiteExplorer/1.1b; +http://siteexplorer.info/Backlink-Checker-Spider/)" "saveaslave.com"
208.43.225.84 - - [06/Jan/2017:11:32:42 -0800] "GET /article.php?id=22 HTTP/1.1" 200 47537 "-" "Mozilla/5.0 (compatible; SiteExplorer/1.1b; +http://siteexplorer.info/Backlink-Checker-Spider/)" "saveaslave.com"[0]
208.43.225.84 - - [06/Jan/2017:11:32:45 -0800] "GET /article.php?id=21 HTTP/1.1" 200 50274 "-" "Mozilla/5.0 (compatible; SiteExplorer/1.1b; +http://siteexplorer.info/Backlink-Checker-Spider/)" "saveaslave.com"[0]
208.43.225.84 - - [06/Jan/2017:11:32:48 -0800] "GET /article.php?id=2 HTTP/1.1" 200 49288 "-" "Mozilla/5.0 (compatible; SiteExplorer/1.1b; +http://siteexplorer.info/Backlink-Checker-Spider/)" "saveaslave.com"[0]
208.43.225.84 - - [06/Jan/2017:11:32:51 -0800] "GET /article.php?id=15 HTTP/1.1" 200 57113 "-" "Mozilla/5.0 (compatible; SiteExplorer/1.1b; +http://siteexplorer.info/Backlink-Checker-Spider/)" "saveaslave.com"[0]
208.43.225.84 - - [06/Jan/2017:11:32:57 -0800] "GET /article.php?id=113 HTTP/1.1" 200 44834 "-" "Mozilla/5.0 (compatible; SiteExplorer/1.1b; +http://siteexplorer.info/Backlink-Checker-Spider/)" "saveaslave.com"[0]
208.43.225.84 - - [06/Jan/2017:11:33:02 -0800] "GET /article.php?id=111 HTTP/1.1" 200 47100 "-" "Mozilla/5.0 (compatible; SiteExplorer/1.1b; +http://siteexplorer.info/Backlink-Checker-Spider/)" "saveaslave.com"
123.125.71.104 - - [06/Jan/2017:11:38:46 -0800] "GET /robots.txt HTTP/1.1" 200 48 "-" "Mozilla/5.0 (compatible; Baiduspider/2.0; +http://www.baidu.com/search/spider.html)" "www.saveaslave.com"
65.36.241.48 - - [06/Jan/2017:11:55:00 -0800] "HEAD / HTTP/1.1" 200 0 "-" "InternetSeer.com" "www.saveaslave.com"
163.172.65.188 - - [06/Jan/2017:12:05:00 -0800] "GET /benin.html HTTP/1.1" 404 89 "-" "Mozilla/5.0 (compatible; AhrefsBot/5.2; +http://ahrefs.com/robot/)" "www.saveaslave.com"
216.244.66.240 - - [06/Jan/2017:12:15:02 -0800] "GET /robots.txt HTTP/1.1" 200 48 "-" "Mozilla/5.0 (compatible; DotBot/1.1; http://www.opensiteexplorer.org/dotbot, help@moz.com)" "www.saveaslave.com"
216.244.66.230 - - [06/Jan/2017:12:57:47 -0800] "GET /www.theirc.org HTTP/1.1" 404 89 "-" "Mozilla/5.0 (compatible; DotBot/1.1; http://www.opensiteexplorer.org/dotbot, help@moz.com)" "www.saveaslave.com"
207.46.13.233 - - [06/Jan/2017:13:40:32 -0800] "GET /robots.txt HTTP/1.1" 200 48 "-" "Mozilla/5.0 (compatible; bingbot/2.0; +http://www.bing.com/bingbot.htm)" "www.saveaslave.com"
40.77.167.31 - - [06/Jan/2017:13:51:02 -0800] "GET /laos.html HTTP/1.1" 404 89 "-" "Mozilla/5.0 (compatible; bingbot/2.0; +http://www.bing.com/bingbot.htm)" "www.saveaslave.com"
216.244.66.240 - - [06/Jan/2017:14:00:46 -0800] "GET /our-supporters.php HTTP/1.1" 200 56309 "-" "Mozilla/5.0 (compatible; DotBot/1.1; http://www.opensiteexplorer.org/dotbot, help@moz.com)" "www.saveaslave.com"
216.244.66.240 - - [06/Jan/2017:14:01:23 -0800] "GET /lebanon HTTP/1.1" 404 89 "-" "Mozilla/5.0 (compatible; DotBot/1.1; http://www.opensiteexplorer.org/dotbot, help@moz.com)" "www.saveaslave.com"[0]
216.244.66.240 - - [06/Jan/2017:14:01:23 -0800] "GET /tokelau HTTP/1.1" 404 89 "-" "Mozilla/5.0 (compatible; DotBot/1.1; http://www.opensiteexplorer.org/dotbot, help@moz.com)" "www.saveaslave.com"
54.221.116.159 - - [06/Jan/2017:14:09:08 -0800] "GET / HTTP/1.1" 200 91413 "-" "-" "saveaslave.com"
180.76.15.155 - - [06/Jan/2017:14:20:04 -0800] "GET /country.php?name=Fiji&lang=en HTTP/1.1" 200 53905 "-" "Mozilla/5.0 (compatible; Baiduspider/2.0; +http://www.baidu.com/search/spider.html)" "www.saveaslave.com"
163.172.65.62 - - [06/Jan/2017:14:43:46 -0800] "GET /news5r.php HTTP/1.1" 200 73 "-" "Mozilla/5.0 (compatible; AhrefsBot/5.2; +http://ahrefs.com/robot/)" "saveaslave.com"[0]
178.255.215.78 - - [06/Jan/2017:14:45:56 -0800] "GET /article.php?id=114 HTTP/1.1" 200 44829 "-" "Mozilla/5.0 (compatible; Exabot/3.0; +http://www.exabot.com/go/robot)" "saveaslave.com"
185.91.167.80 - - [06/Jan/2017:14:49:29 -0800] "GET /css/style.css HTTP/1.1" 200 7938 "http://saveaslave.com/" "Mozilla/5.0 (Windows NT 10.0; Win64; x64) AppleWebKit/537.36 (KHTML, like Gecko) Chrome/55.0.2883.87 Safari/537.36" "saveaslave.com"[0]
185.91.167.80 - - [06/Jan/2017:14:49:29 -0800] "GET /css/style-pages.css HTTP/1.1" 200 9894 "http://saveaslave.com/" "Mozilla/5.0 (Windows NT 10.0; Win64; x64) AppleWebKit/537.36 (KHTML, like Gecko) Chrome/55.0.2883.87 Safari/537.36" "saveaslave.com"
65.36.241.48 - - [06/Jan/2017:15:00:17 -0800] "HEAD / HTTP/1.1" 200 0 "-" "InternetSeer.com" "www.saveaslave.com"
40.77.167.31 - - [06/Jan/2017:15:05:47 -0800] "GET / HTTP/1.1" 200 91413 "-" "Mozilla/5.0 (compatible; bingbot/2.0; +http://www.bing.com/bingbot.htm)" "saveaslave.com"
131.253.25.209 - - [06/Jan/2017:15:05:48 -0800] "GET /assets/js/ie-emulation-modes-warning.js HTTP/1.1" 200 2130 "http://saveaslave.com/" "Mozilla/5.0 (Windows NT 6.1; WOW64) AppleWebKit/534+ (KHTML, like Gecko) BingPreview/1.0b" "saveaslave.com"
131.253.25.209 - - [06/Jan/2017:15:05:48 -0800] "GET /css/elements.css HTTP/1.1" 200 17857 "http://saveaslave.com/" "Mozilla/5.0 (Windows NT 6.1; WOW64) AppleWebKit/534+ (KHTML, like Gecko) BingPreview/1.0b" "saveaslave.com"
131.253.25.209 - - [06/Jan/2017:15:05:48 -0800] "GET /gfeedfetcher.js HTTP/1.1" 200 9018 "http://saveaslave.com/" "Mozilla/5.0 (Windows NT 6.1; WOW64) AppleWebKit/534+ (KHTML, like Gecko) BingPreview/1.0b" "saveaslave.com"
131.253.25.209 - - [06/Jan/2017:15:05:49 -0800] "GET /gajaxscroller.js HTTP/1.1" 200 9774 "http://saveaslave.com/" "Mozilla/5.0 (Windows NT 6.1; WOW64) AppleWebKit/534+ (KHTML, like Gecko) BingPreview/1.0b" "saveaslave.com"
131.253.25.209 - - [06/Jan/2017:15:05:49 -0800] "GET /images/logo2.png HTTP/1.1" 200 18525 "http://saveaslave.com/" "Mozilla/5.0 (Windows NT 6.1; WOW64) AppleWebKit/534+ (KHTML, like Gecko) BingPreview/1.0b" "saveaslave.com"
131.253.25.209 - - [06/Jan/2017:15:05:49 -0800] "GET /images/top.jpg HTTP/1.1" 200 50519 "http://saveaslave.com/" "Mozilla/5.0 (Windows NT 6.1; WOW64) AppleWebKit/534+ (KHTML, like Gecko) BingPreview/1.0b" "saveaslave.com"
131.253.25.209 - - [06/Jan/2017:15:05:49 -0800] "GET /images/cover1.jpg HTTP/1.1" 200 253658 "http://saveaslave.com/" "Mozilla/5.0 (Windows NT 6.1; WOW64) AppleWebKit/534+ (KHTML, like Gecko) BingPreview/1.0b" "saveaslave.com"
131.253.25.209 - - [06/Jan/2017:15:05:50 -0800] "GET /images/article/end_it.jpg HTTP/1.1" 200 33676 "http://saveaslave.com/" "Mozilla/5.0 (Windows NT 6.1; WOW64) AppleWebKit/534+ (KHTML, like Gecko) BingPreview/1.0b" "saveaslave.com"
131.253.25.209 - - [06/Jan/2017:15:05:50 -0800] "GET /images/article/s1_dety_beg_d9954.jpg HTTP/1.1" 200 16968 "http://saveaslave.com/" "Mozilla/5.0 (Windows NT 6.1; WOW64) AppleWebKit/534+ (KHTML, like Gecko) BingPreview/1.0b" "saveaslave.com"
131.253.25.209 - - [06/Jan/2017:15:05:50 -0800] "GET /images/social1.png HTTP/1.1" 200 2012 "http://saveaslave.com/" "Mozilla/5.0 (Windows NT 6.1; WOW64) AppleWebKit/534+ (KHTML, like Gecko) BingPreview/1.0b" "saveaslave.com"
131.253.25.209 - - [06/Jan/2017:15:05:51 -0800] "GET /images/social2.png HTTP/1.1" 200 1752 "http://saveaslave.com/" "Mozilla/5.0 (Windows NT 6.1; WOW64) AppleWebKit/534+ (KHTML, like Gecko) BingPreview/1.0b" "saveaslave.com"[0]
131.253.25.209 - - [06/Jan/2017:15:05:51 -0800] "GET /images/social3.png HTTP/1.1" 200 4343 "http://saveaslave.com/" "Mozilla/5.0 (Windows NT 6.1; WOW64) AppleWebKit/534+ (KHTML, like Gecko) BingPreview/1.0b" "saveaslave.com"
131.253.25.209 - - [06/Jan/2017:15:05:51 -0800] "GET /images/tripit_icon_thumb_flat.png HTTP/1.1" 200 5795 "http://saveaslave.com/" "Mozilla/5.0 (Windows NT 6.1; WOW64) AppleWebKit/534+ (KHTML, like Gecko) BingPreview/1.0b" "saveaslave.com"
131.253.25.209 - - [06/Jan/2017:15:05:52 -0800] "GET /indicator.gif HTTP/1.1" 200 878 "http://saveaslave.com/" "Mozilla/5.0 (Windows NT 6.1; WOW64) AppleWebKit/534+ (KHTML, like Gecko) BingPreview/1.0b" "saveaslave.com"
131.253.25.209 - - [06/Jan/2017:15:05:53 -0800] "GET /js/bootstrap.min.js HTTP/1.1" 200 37055 "http://saveaslave.com/" "Mozilla/5.0 (Windows NT 6.1; WOW64) AppleWebKit/534+ (KHTML, like Gecko) BingPreview/1.0b" "saveaslave.com"
131.253.25.209 - - [06/Jan/2017:15:05:54 -0800] "GET /assets/js/ie10-viewport-bug-workaround.js HTTP/1.1" 200 641 "http://saveaslave.com/" "Mozilla/5.0 (Windows NT 6.1; WOW64) AppleWebKit/534+ (KHTML, like Gecko) BingPreview/1.0b" "saveaslave.com"
54.162.131.168 - - [06/Jan/2017:16:05:39 -0800] "GET / HTTP/1.1" 200 91413 "-" "-" "saveaslave.com"[1]
54.162.131.168 - - [06/Jan/2017:16:05:39 -0800] "GET / HTTP/1.1" 200 91413 "-" "-" "saveaslave.com"[0]
104.131.147.112 - - [06/Jan/2017:17:11:28 -0800] "GET / HTTP/1.1" 200 91413 "-" "Mozilla/5.0 (compatible; Gluten Free Crawler/1.0; +http://glutenfreepleasure.com/)" "www.saveaslave.com"
216.244.66.240 - - [06/Jan/2017:17:38:09 -0800] "GET /robots.txt HTTP/1.1" 200 48 "-" "Mozilla/5.0 (compatible; DotBot/1.1; http://www.opensiteexplorer.org/dotbot, help@moz.com)" "saveaslave.com"
216.244.66.240 - - [06/Jan/2017:17:38:09 -0800] "GET /robots.txt HTTP/1.1" 200 48 "-" "Mozilla/5.0 (compatible; DotBot/1.1; http://www.opensiteexplorer.org/dotbot, help@moz.com)" "www.saveaslave.com"
52.23.152.191 - - [06/Jan/2017:17:38:21 -0800] "GET /ico/apple-icon-144x144.png HTTP/1.1" 200 7775 "-" "BoogleBot 2.0" "www.saveaslave.com"
65.36.241.48 - - [06/Jan/2017:17:42:35 -0800] "HEAD / HTTP/1.1" 200 0 "-" "InternetSeer.com" "www.saveaslave.com"
216.244.66.240 - - [06/Jan/2017:18:08:29 -0800] "GET /article.php?id=6 HTTP/1.1" 200 48470 "-" "Mozilla/5.0 (compatible; DotBot/1.1; http://www.opensiteexplorer.org/dotbot, help@moz.com)" "saveaslave.com"[1]
216.244.66.240 - - [06/Jan/2017:18:15:06 -0800] "GET /article.php?id=99 HTTP/1.1" 200 776 "-" "Mozilla/5.0 (compatible; DotBot/1.1; http://www.opensiteexplorer.org/dotbot, help@moz.com)" "www.saveaslave.com"[1]
125.26.221.251 - - [06/Jan/2017:18:16:20 -0800] "GET / HTTP/1.1" 200 91377 "https://www.google.co.th/" "Mozilla/5.0 (Windows NT 10.0; Win64; x64) AppleWebKit/537.36 (KHTML, like Gecko) Chrome/55.0.2883.87 Safari/537.36" "www.saveaslave.com"
125.26.221.251 - - [06/Jan/2017:18:16:22 -0800] "GET /css/bootstrap.min.css HTTP/1.1" 200 123578 "http://www.saveaslave.com/" "Mozilla/5.0 (Windows NT 10.0; Win64; x64) AppleWebKit/537.36 (KHTML, like Gecko) Chrome/55.0.2883.87 Safari/537.36" "www.saveaslave.com"
125.26.221.251 - - [06/Jan/2017:18:16:25 -0800] "GET /css/style.css HTTP/1.1" 200 7938 "http://www.saveaslave.com/" "Mozilla/5.0 (Windows NT 10.0; Win64; x64) AppleWebKit/537.36 (KHTML, like Gecko) Chrome/55.0.2883.87 Safari/537.36" "www.saveaslave.com"
125.26.221.251 - - [06/Jan/2017:18:16:30 -0800] "GET /images/logo2.png HTTP/1.1" 200 18525 "http://www.saveaslave.com/" "Mozilla/5.0 (Windows NT 10.0; Win64; x64) AppleWebKit/537.36 (KHTML, like Gecko) Chrome/55.0.2883.87 Safari/537.36" "www.saveaslave.com"
125.26.221.251 - - [06/Jan/2017:18:16:30 -0800] "GET /images/top.jpg HTTP/1.1" 200 50519 "http://www.saveaslave.com/" "Mozilla/5.0 (Windows NT 10.0; Win64; x64) AppleWebKit/537.36 (KHTML, like Gecko) Chrome/55.0.2883.87 Safari/537.36" "www.saveaslave.com"
125.26.221.251 - - [06/Jan/2017:18:16:30 -0800] "GET /images/article/suspects.jpg HTTP/1.1" 200 58796 "http://www.saveaslave.com/" "Mozilla/5.0 (Windows NT 10.0; Win64; x64) AppleWebKit/537.36 (KHTML, like Gecko) Chrome/55.0.2883.87 Safari/537.36" "www.saveaslave.com"
125.26.221.251 - - [06/Jan/2017:18:16:32 -0800] "GET /images/tripit_icon_thumb_flat.png HTTP/1.1" 200 5795 "http://www.saveaslave.com/" "Mozilla/5.0 (Windows NT 10.0; Win64; x64) AppleWebKit/537.36 (KHTML, like Gecko) Chrome/55.0.2883.87 Safari/537.36" "www.saveaslave.com"
125.26.221.251 - - [06/Jan/2017:18:16:32 -0800] "GET /css/style-pages.css HTTP/1.1" 200 9894 "http://www.saveaslave.com/" "Mozilla/5.0 (Windows NT 10.0; Win64; x64) AppleWebKit/537.36 (KHTML, like Gecko) Chrome/55.0.2883.87 Safari/537.36" "www.saveaslave.com"
125.26.221.251 - - [06/Jan/2017:18:16:32 -0800] "GET /js/bootstrap.min.js HTTP/1.1" 200 37055 "http://www.saveaslave.com/" "Mozilla/5.0 (Windows NT 10.0; Win64; x64) AppleWebKit/537.36 (KHTML, like Gecko) Chrome/55.0.2883.87 Safari/537.36" "www.saveaslave.com"
125.26.221.251 - - [06/Jan/2017:18:16:32 -0800] "GET /assets/js/ie10-viewport-bug-workaround.js HTTP/1.1" 200 641 "http://www.saveaslave.com/" "Mozilla/5.0 (Windows NT 10.0; Win64; x64) AppleWebKit/537.36 (KHTML, like Gecko) Chrome/55.0.2883.87 Safari/537.36" "www.saveaslave.com"
125.26.221.251 - - [06/Jan/2017:18:16:33 -0800] "GET /images/select-arrow.png HTTP/1.1" 200 1118 "http://www.saveaslave.com/css/style.css" "Mozilla/5.0 (Windows NT 10.0; Win64; x64) AppleWebKit/537.36 (KHTML, like Gecko) Chrome/55.0.2883.87 Safari/537.36" "www.saveaslave.com"
125.26.221.251 - - [06/Jan/2017:18:16:33 -0800] "GET /addarticle.php HTTP/1.1" 200 13725 "http://www.saveaslave.com/" "Mozilla/5.0 (Windows NT 10.0; Win64; x64) AppleWebKit/537.36 (KHTML, like Gecko) Chrome/55.0.2883.87 Safari/537.36" "www.saveaslave.com"[1]
125.26.221.251 - - [06/Jan/2017:18:16:33 -0800] "GET /indicator.gif HTTP/1.1" 200 878 "http://www.saveaslave.com/" "Mozilla/5.0 (Windows NT 10.0; Win64; x64) AppleWebKit/537.36 (KHTML, like Gecko) Chrome/55.0.2883.87 Safari/537.36" "www.saveaslave.com"
125.26.221.251 - - [06/Jan/2017:18:16:34 -0800] "GET /css/down-arrow.png HTTP/1.1" 404 89 "http://www.saveaslave.com/css/elements.css" "Mozilla/5.0 (Windows NT 10.0; Win64; x64) AppleWebKit/537.36 (KHTML, like Gecko) Chrome/55.0.2883.87 Safari/537.36" "www.saveaslave.com"[0]
125.26.221.251 - - [06/Jan/2017:18:16:40 -0800] "GET /favicon.ico HTTP/1.1" 404 89 "http://www.saveaslave.com/" "Mozilla/5.0 (Windows NT 10.0; Win64; x64) AppleWebKit/537.36 (KHTML, like Gecko) Chrome/55.0.2883.87 Safari/537.36" "www.saveaslave.com"
125.26.221.251 - - [06/Jan/2017:18:16:41 -0800] "GET /ico/favicon-16x16.png HTTP/1.1" 200 1129 "http://www.saveaslave.com/" "Mozilla/5.0 (Windows NT 10.0; Win64; x64) AppleWebKit/537.36 (KHTML, like Gecko) Chrome/55.0.2883.87 Safari/537.36" "www.saveaslave.com"
125.26.221.251 - - [06/Jan/2017:18:16:41 -0800] "GET /ico/favicon-96x96.png HTTP/1.1" 200 4476 "http://www.saveaslave.com/" "Mozilla/5.0 (Windows NT 10.0; Win64; x64) AppleWebKit/537.36 (KHTML, like Gecko) Chrome/55.0.2883.87 Safari/537.36" "www.saveaslave.com"
125.26.221.251 - - [06/Jan/2017:18:16:42 -0800] "GET /ico/favicon-32x32.png HTTP/1.1" 200 1892 "http://www.saveaslave.com/" "Mozilla/5.0 (Windows NT 10.0; Win64; x64) AppleWebKit/537.36 (KHTML, like Gecko) Chrome/55.0.2883.87 Safari/537.36" "www.saveaslave.com"
65.36.241.48 - - [06/Jan/2017:19:10:23 -0800] "HEAD / HTTP/1.1" 200 0 "-" "InternetSeer.com" "www.saveaslave.com"
178.137.161.236 - - [06/Jan/2017:19:11:29 -0800] "GET / HTTP/1.1" 200 91377 "http://tradedeals.biz/" "Mozilla/5.0 (Windows NT 5.1; U; en) Opera 8.00" "saveaslave.com"
216.244.66.230 - - [06/Jan/2017:19:17:50 -0800] "GET /robots.txt HTTP/1.1" 200 48 "-" "Mozilla/5.0 (compatible; DotBot/1.1; http://www.opensiteexplorer.org/dotbot, help@moz.com)" "www.saveaslave.com"
106.120.173.111 - - [06/Jan/2017:19:18:14 -0800] "GET /who-we-are.php HTTP/1.1" 200 51705 "-" "Sogou web spider/4.0(+http://www.sogou.com/docs/help/webmasters.htm#07)" "www.saveaslave.com"
54.84.196.120 - - [06/Jan/2017:19:27:32 -0800] "GET / HTTP/1.1" 200 91413 "-" "-" "saveaslave.com"[2]
69.58.178.58 - - [06/Jan/2017:20:32:31 -0800] "GET /robots.txt HTTP/1.1" 200 48 "-" "Mozilla/5.0 (X11; Ubuntu; Linux i686; rv:14.0; ips-agent) Gecko/20100101 Firefox/14.0.1" "www.saveaslave.com"
69.58.178.58 - - [06/Jan/2017:20:32:34 -0800] "GET / HTTP/1.1" 200 91413 "-" "Mozilla/5.0 (X11; Ubuntu; Linux i686; rv:14.0; ips-agent) Gecko/20100101 Firefox/14.0.1" "www.saveaslave.com"
69.58.178.58 - - [06/Jan/2017:20:32:49 -0800] "GET / HTTP/1.1" 200 91413 "-" "BlackBerry9000/4.6.0.167 Profile/MIDP-2.0 Configuration/CLDC-1.1 VendorID/102 ips-agent" "www.saveaslave.com"
69.58.178.58 - - [06/Jan/2017:20:32:52 -0800] "GET /contact-us.php HTTP/1.1" 200 30765 "-" "Mozilla/5.0 (X11; Ubuntu; Linux i686; rv:14.0; ips-agent) Gecko/20100101 Firefox/14.0.1" "www.saveaslave.com"
69.58.178.58 - - [06/Jan/2017:20:32:55 -0800] "GET /who-we-are.php HTTP/1.1" 200 51705 "-" "Mozilla/5.0 (X11; Ubuntu; Linux i686; rv:14.0; ips-agent) Gecko/20100101 Firefox/14.0.1" "www.saveaslave.com"
69.58.178.58 - - [06/Jan/2017:20:32:57 -0800] "GET /our-supporters.php HTTP/1.1" 200 56309 "-" "Mozilla/5.0 (X11; Ubuntu; Linux i686; rv:14.0; ips-agent) Gecko/20100101 Firefox/14.0.1" "www.saveaslave.com"
69.58.178.58 - - [06/Jan/2017:20:32:59 -0800] "GET /our-news.php HTTP/1.1" 200 65964 "-" "Mozilla/5.0 (X11; Ubuntu; Linux i686; rv:14.0; ips-agent) Gecko/20100101 Firefox/14.0.1" "www.saveaslave.com"
69.58.178.58 - - [06/Jan/2017:20:32:59 -0800] "GET /robots.txt HTTP/1.1" 200 48 "-" "Mozilla/5.0 (X11; Ubuntu; Linux i686; rv:14.0; ips-agent) Gecko/20100101 Firefox/14.0.1" "saveaslave.com"
69.58.178.58 - - [06/Jan/2017:20:33:01 -0800] "GET /in-russian.php?lang=ru HTTP/1.1" 200 94712 "-" "Mozilla/5.0 (X11; Ubuntu; Linux i686; rv:14.0; ips-agent) Gecko/20100101 Firefox/14.0.1" "saveaslave.com"
69.58.178.58 - - [06/Jan/2017:20:33:03 -0800] "GET /article.php?id=86 HTTP/1.1" 200 44889 "-" "Mozilla/5.0 (X11; Ubuntu; Linux i686; rv:14.0; ips-agent) Gecko/20100101 Firefox/14.0.1" "www.saveaslave.com"
69.58.178.58 - - [06/Jan/2017:20:33:04 -0800] "GET /article.php?id=46 HTTP/1.1" 200 50205 "-" "Mozilla/5.0 (X11; Ubuntu; Linux i686; rv:14.0; ips-agent) Gecko/20100101 Firefox/14.0.1" "www.saveaslave.com"
69.58.178.58 - - [06/Jan/2017:20:33:06 -0800] "GET /article.php?id=32 HTTP/1.1" 200 51989 "-" "Mozilla/5.0 (X11; Ubuntu; Linux i686; rv:14.0; ips-agent) Gecko/20100101 Firefox/14.0.1" "www.saveaslave.com"[1]
69.58.178.58 - - [06/Jan/2017:20:33:07 -0800] "GET /article.php?id=22 HTTP/1.1" 200 47537 "-" "Mozilla/5.0 (X11; Ubuntu; Linux i686; rv:14.0; ips-agent) Gecko/20100101 Firefox/14.0.1" "www.saveaslave.com"
65.36.241.48 - - [06/Jan/2017:20:42:34 -0800] "HEAD / HTTP/1.1" 200 0 "-" "InternetSeer.com" "www.saveaslave.com"
216.244.66.230 - - [06/Jan/2017:20:57:28 -0800] "GET /article.php?id=111 HTTP/1.1" 200 47100 "-" "Mozilla/5.0 (compatible; DotBot/1.1; http://www.opensiteexplorer.org/dotbot, help@moz.com)" "www.saveaslave.com"
180.76.15.152 - - [06/Jan/2017:21:30:09 -0800] "GET /css/style-pages.css HTTP/1.1" 200 9894 "-" "Mozilla/5.0 (compatible; Baiduspider/2.0; +http://www.baidu.com/search/spider.html)" "www.saveaslave.com"
216.244.66.240 - - [06/Jan/2017:21:37:49 -0800] "GET /article.php?id=2 HTTP/1.1" 200 49288 "-" "Mozilla/5.0 (compatible; DotBot/1.1; http://www.opensiteexplorer.org/dotbot, help@moz.com)" "saveaslave.com"[1]
65.36.241.48 - - [06/Jan/2017:22:01:27 -0800] "HEAD / HTTP/1.1" 200 0 "-" "InternetSeer.com" "www.saveaslave.com"
216.244.66.240 - - [06/Jan/2017:22:13:08 -0800] "GET /robots.txt HTTP/1.1" 200 48 "-" "Mozilla/5.0 (compatible; DotBot/1.1; http://www.opensiteexplorer.org/dotbot, help@moz.com)" "saveaslave.com"
216.244.66.240 - - [06/Jan/2017:22:13:08 -0800] "GET /robots.txt HTTP/1.1" 200 48 "-" "Mozilla/5.0 (compatible; DotBot/1.1; http://www.opensiteexplorer.org/dotbot, help@moz.com)" "www.saveaslave.com"
162.194.133.226 - - [06/Jan/2017:22:42:40 -0800] "GET /images/article5.jpg HTTP/1.1" 200 14497 "https://www.google.com/" "Mozilla/5.0 (Linux; Android 6.0.1; LGLS775 Build/MMB29M) AppleWebKit/537.36 (KHTML, like Gecko) Chrome/55.0.2883.91 Mobile Safari/537.36" "www.saveaslave.com"
216.244.66.230 - - [06/Jan/2017:23:16:51 -0800] "GET /robots.txt HTTP/1.1" 200 48 "-" "Mozilla/5.0 (compatible; DotBot/1.1; http://www.opensiteexplorer.org/dotbot, help@moz.com)" "saveaslave.com"
65.36.241.48 - - [06/Jan/2017:23:17:47 -0800] "HEAD / HTTP/1.1" 200 0 "-" "InternetSeer.com" "www.saveaslave.com"
91.200.12.7 - - [06/Jan/2017:23:22:50 -0800] "GET /help.php HTTP/1.1" 200 53199 "http://www.saveaslave.com/help.php" "Mozilla/5.0 (Windows NT 6.1; rv:43.0) Gecko/20100101 Firefox/43.0" "www.saveaslave.com"
173.46.77.182 - - [06/Jan/2017:23:33:12 -0800] "GET /images/article/suspects.jpg HTTP/1.1" 200 58796 "https://www.google.com/" "Mozilla/5.0 (Linux; Android 5.1.1; LG-K120 Build/LMY47V; wv) AppleWebKit/537.36 (KHTML, like Gecko) Version/4.0 Chrome/50.0.2661.86 Mobile Safari/537.36 GSA/5.13.31.21.arm" "www.saveaslave.com"
216.244.66.240 - - [06/Jan/2017:23:38:25 -0800] "GET /article.php?id=113 HTTP/1.1" 200 44834 "-" "Mozilla/5.0 (compatible; DotBot/1.1; http://www.opensiteexplorer.org/dotbot, help@moz.com)" "saveaslave.com"
91.200.12.7 - - [06/Jan/2017:23:45:09 -0800] "GET /help.php HTTP/1.1" 200 53199 "http://www.saveaslave.com/help.php" "Mozilla/5.0 (Windows NT 6.3; WOW64; rv:43.0) Gecko/20100101 Firefox/43.0" "www.saveaslave.com"
199.58.86.206 - - [06/Jan/2017:23:54:57 -0800] "GET /robots.txt HTTP/1.1" 200 48 "-" "Mozilla/5.0 (compatible; MJ12bot/v1.4.7; http://mj12bot.com/)" "saveaslave.com"
199.58.86.206 - - [06/Jan/2017:23:55:02 -0800] "GET / HTTP/1.1" 200 91413 "-" "Mozilla/5.0 (compatible; MJ12bot/v1.4.7; http://mj12bot.com/)" "saveaslave.com"[3]
199.58.86.206 - - [06/Jan/2017:23:55:02 -0800] "GET /robots.txt HTTP/1.1" 200 48 "-" "Mozilla/5.0 (compatible; MJ12bot/v1.4.7; http://mj12bot.com/)" "www.saveaslave.com"
199.58.86.206 - - [06/Jan/2017:23:55:05 -0800] "GET / HTTP/1.1" 200 91413 "-" "Mozilla/5.0 (compatible; MJ12bot/v1.4.7; http://mj12bot.com/)" "www.saveaslave.com"
77.88.47.15 - - [07/Jan/2017:00:03:09 -0800] "GET /robots.txt HTTP/1.1" 200 48 "-" "Mozilla/5.0 (compatible; YandexBot/3.0; +http://yandex.com/bots)" "saveaslave.com"
124.171.162.17 - - [07/Jan/2017:00:07:54 -0800] "GET / HTTP/1.1" 200 91413 "-" "Mozilla/5.0 (Windows NT 10.0; Win64; x64) AppleWebKit/537.36 (KHTML, like Gecko) Chrome/55.0.2883.87 Safari/537.36" "saveaslave.com"
124.171.162.17 - - [07/Jan/2017:00:07:55 -0800] "GET /assets/js/ie-emulation-modes-warning.js HTTP/1.1" 200 2130 "http://saveaslave.com/" "Mozilla/5.0 (Windows NT 10.0; Win64; x64) AppleWebKit/537.36 (KHTML, like Gecko) Chrome/55.0.2883.87 Safari/537.36" "saveaslave.com"
