75.148.206.5 - - [01/Sep/2016:07:00:40 -0700] "GET /addarticle.php HTTP/1.1" 200 13682 "http://saveaslave.com/article.php?id=22" "Mozilla/5.0 (Windows NT 10.0; WOW64; rv:40.0) Gecko/20100101 Firefox/40.0" "saveaslave.com"
148.251.192.100 - - [01/Sep/2016:07:10:28 -0700] "HEAD / HTTP/1.1" 200 0 "-" "Mozilla/5.0 (Windows NT 6.1) AppleWebKit/537.36 (KHTML, like Gecko) Chrome/41.0.2228.0 Safari/537.36Mozilla/5.0 (Macintosh; Intel Mac OS X 10.8; rv:24.0) Gecko/20100101 Firefox/24.0" "www.saveaslave.com"
132.183.13.60 - - [01/Sep/2016:07:17:11 -0700] "GET /help-advanced.php HTTP/1.1" 200 53663 "-" "Mozilla/5.0 (Windows NT 6.1; rv:48.0) Gecko/20100101 Firefox/48.0" "saveaslave.com"
132.183.13.60 - - [01/Sep/2016:07:17:12 -0700] "GET /help-advanced.php HTTP/1.1" 200 53663 "-" "Mozilla/5.0 (Windows NT 6.1; rv:48.0) Gecko/20100101 Firefox/48.0" "saveaslave.com"
132.183.13.60 - - [01/Sep/2016:07:17:13 -0700] "GET /images/help/help_manage_volunteer_form.jpg HTTP/1.1" 200 45823 "http://saveaslave.com/help-advanced.php" "Mozilla/5.0 (Windows NT 6.1; rv:48.0) Gecko/20100101 Firefox/48.0" "www.saveaslave.com"
132.183.13.60 - - [01/Sep/2016:07:17:13 -0700] "GET /favicon.ico HTTP/1.1" 404 89 "-" "Mozilla/5.0 (Windows NT 6.1; rv:48.0) Gecko/20100101 Firefox/48.0" "saveaslave.com"
132.183.13.60 - - [01/Sep/2016:07:18:04 -0700] "GET /managelink.php HTTP/1.1" 200 1294 "http://saveaslave.com/help-advanced.php" "Mozilla/5.0 (Windows NT 6.1; rv:48.0) Gecko/20100101 Firefox/48.0" "www.saveaslave.com"
132.183.13.60 - - [01/Sep/2016:07:19:01 -0700] "GET /managecountry.php HTTP/1.1" 200 1356 "http://saveaslave.com/help-advanced.php" "Mozilla/5.0 (Windows NT 6.1; rv:48.0) Gecko/20100101 Firefox/48.0" "www.saveaslave.com"
132.183.13.60 - - [01/Sep/2016:07:19:11 -0700] "POST /managecountry.php HTTP/1.1" 200 47596 "http://www.saveaslave.com/managecountry.php" "Mozilla/5.0 (Windows NT 6.1; rv:48.0) Gecko/20100101 Firefox/48.0" "www.saveaslave.com"
132.183.13.60 - - [01/Sep/2016:07:19:11 -0700] "GET /css/managecountry.css HTTP/1.1" 404 89 "http://www.saveaslave.com/managecountry.php" "Mozilla/5.0 (Windows NT 6.1; rv:48.0) Gecko/20100101 Firefox/48.0" "www.saveaslave.com"
132.183.13.60 - - [01/Sep/2016:07:19:44 -0700] "GET /managecountry.php HTTP/1.1" 200 51895 "http://www.saveaslave.com/managecountry.php" "Mozilla/5.0 (Windows NT 6.1; rv:48.0) Gecko/20100101 Firefox/48.0" "www.saveaslave.com"
51.254.143.241 - - [01/Sep/2016:07:30:16 -0700] "GET /article.php?id=3 HTTP/1.1" 200 50892 "-" "Mozilla/5.0 (compatible; MJ12bot/v1.4.5; http://www.majestic12.co.uk/bot.php?+)" "saveaslave.com"[4]
66.249.75.50 - - [01/Sep/2016:07:30:29 -0700] "GET /images/countrymap/bosnia-herzegovina-flag.jpg HTTP/1.1" 404 89 "-" "Googlebot-Image/1.0" "www.saveaslave.com"
132.183.13.60 - - [01/Sep/2016:07:37:30 -0700] "GET /css/managecountry.css HTTP/1.1" 404 89 "http://www.saveaslave.com/managecountry.php" "Mozilla/5.0 (Windows NT 6.1; rv:48.0) Gecko/20100101 Firefox/48.0" "www.saveaslave.com"
132.183.13.60 - - [01/Sep/2016:07:37:37 -0700] "GET /country.php?name=Albania&lang=en HTTP/1.1" 200 55840 "http://www.saveaslave.com/managecountry.php" "Mozilla/5.0 (Windows NT 6.1; rv:48.0) Gecko/20100101 Firefox/48.0" "www.saveaslave.com"[0]
132.183.13.60 - - [01/Sep/2016:07:37:38 -0700] "GET /css/down-arrow.png HTTP/1.1" 404 89 "http://www.saveaslave.com/css/elements.css" "Mozilla/5.0 (Windows NT 6.1; rv:48.0) Gecko/20100101 Firefox/48.0" "www.saveaslave.com"
132.183.13.60 - - [01/Sep/2016:07:38:19 -0700] "GET /managecountry.php?name=Brazil&lang=en HTTP/1.1" 200 55041 "http://www.saveaslave.com/managecountry.php" "Mozilla/5.0 (Windows NT 6.1; rv:48.0) Gecko/20100101 Firefox/48.0" "www.saveaslave.com"
132.183.13.60 - - [01/Sep/2016:07:38:19 -0700] "GET /css/managecountry.css HTTP/1.1" 404 89 "http://www.saveaslave.com/managecountry.php?name=Brazil&lang=en" "Mozilla/5.0 (Windows NT 6.1; rv:48.0) Gecko/20100101 Firefox/48.0" "www.saveaslave.com"
132.183.13.60 - - [01/Sep/2016:07:39:14 -0700] "GET /country.php?name=Brazil&lang=en HTTP/1.1" 200 55171 "http://www.saveaslave.com/managecountry.php?name=Brazil&lang=en" "Mozilla/5.0 (Windows NT 6.1; rv:48.0) Gecko/20100101 Firefox/48.0" "www.saveaslave.com"[1]
132.183.13.60 - - [01/Sep/2016:07:39:14 -0700] "GET /css/down-arrow.png HTTP/1.1" 404 89 "http://www.saveaslave.com/css/elements.css" "Mozilla/5.0 (Windows NT 6.1; rv:48.0) Gecko/20100101 Firefox/48.0" "www.saveaslave.com"
132.183.13.60 - - [01/Sep/2016:07:39:15 -0700] "GET /addarticle.php HTTP/1.1" 200 13682 "http://www.saveaslave.com/country.php?name=Brazil&lang=en" "Mozilla/5.0 (Windows NT 6.1; rv:48.0) Gecko/20100101 Firefox/48.0" "www.saveaslave.com"
132.183.13.60 - - [01/Sep/2016:07:40:02 -0700] "POST /managecountry.php?name=Brazil&lang=en HTTP/1.1" 200 47739 "http://www.saveaslave.com/managecountry.php?name=Brazil&lang=en" "Mozilla/5.0 (Windows NT 6.1; rv:48.0) Gecko/20100101 Firefox/48.0" "www.saveaslave.com"[1]
132.183.13.60 - - [01/Sep/2016:07:40:02 -0700] "GET /css/managecountry.css HTTP/1.1" 404 89 "http://www.saveaslave.com/managecountry.php?name=Brazil&lang=en" "Mozilla/5.0 (Windows NT 6.1; rv:48.0) Gecko/20100101 Firefox/48.0" "www.saveaslave.com"
132.183.13.60 - - [01/Sep/2016:07:40:19 -0700] "GET /country.php?name=Brazil&lang=en HTTP/1.1" 200 55216 "http://www.saveaslave.com/managecountry.php?name=Brazil&lang=en" "Mozilla/5.0 (Windows NT 6.1; rv:48.0) Gecko/20100101 Firefox/48.0" "www.saveaslave.com"[0]
132.183.13.60 - - [01/Sep/2016:07:40:20 -0700] "GET /css/down-arrow.png HTTP/1.1" 404 89 "http://www.saveaslave.com/css/elements.css" "Mozilla/5.0 (Windows NT 6.1; rv:48.0) Gecko/20100101 Firefox/48.0" "www.saveaslave.com"
132.183.13.60 - - [01/Sep/2016:07:40:20 -0700] "GET /addarticle.php HTTP/1.1" 200 13682 "http://www.saveaslave.com/country.php?name=Brazil&lang=en" "Mozilla/5.0 (Windows NT 6.1; rv:48.0) Gecko/20100101 Firefox/48.0" "www.saveaslave.com"
132.183.13.60 - - [01/Sep/2016:07:40:36 -0700] "GET /css/managecountry.css HTTP/1.1" 404 89 "http://www.saveaslave.com/managecountry.php?name=Brazil&lang=ru" "Mozilla/5.0 (Windows NT 6.1; rv:48.0) Gecko/20100101 Firefox/48.0" "www.saveaslave.com"
132.183.13.60 - - [01/Sep/2016:07:41:01 -0700] "POST /managecountry.php?name=Brazil&lang=ru HTTP/1.1" 200 47739 "http://www.saveaslave.com/managecountry.php?name=Brazil&lang=ru" "Mozilla/5.0 (Windows NT 6.1; rv:48.0) Gecko/20100101 Firefox/48.0" "www.saveaslave.com"[1]
132.183.13.60 - - [01/Sep/2016:07:41:01 -0700] "GET /css/managecountry.css HTTP/1.1" 404 89 "http://www.saveaslave.com/managecountry.php?name=Brazil&lang=ru" "Mozilla/5.0 (Windows NT 6.1; rv:48.0) Gecko/20100101 Firefox/48.0" "www.saveaslave.com"
132.183.13.60 - - [01/Sep/2016:07:41:18 -0700] "GET /addarticle.php HTTP/1.1" 200 13682 "http://www.saveaslave.com/country.php?name=Brazil&lang=en" "Mozilla/5.0 (Windows NT 6.1; rv:48.0) Gecko/20100101 Firefox/48.0" "www.saveaslave.com"
132.183.13.60 - - [01/Sep/2016:07:41:37 -0700] "GET /images/article/1402379001_o-torgovle-lyudmi-21.jpg HTTP/1.1" 200 33957 "http://www.saveaslave.com/country.php?name=Brazil&lang=ru" "Mozilla/5.0 (Windows NT 6.1; rv:48.0) Gecko/20100101 Firefox/48.0" "www.saveaslave.com"
132.183.13.60 - - [01/Sep/2016:07:41:38 -0700] "GET /addarticle.php HTTP/1.1" 200 13682 "http://www.saveaslave.com/country.php?name=Brazil&lang=ru" "Mozilla/5.0 (Windows NT 6.1; rv:48.0) Gecko/20100101 Firefox/48.0" "www.saveaslave.com"
132.183.13.60 - - [01/Sep/2016:07:42:02 -0700] "GET /css/down-arrow.png HTTP/1.1" 404 89 "http://www.saveaslave.com/css/elements.css" "Mozilla/5.0 (Windows NT 6.1; rv:48.0) Gecko/20100101 Firefox/48.0" "www.saveaslave.com"
132.183.13.60 - - [01/Sep/2016:07:42:06 -0700] "GET /managecountry.php HTTP/1.1" 200 51895 "http://www.saveaslave.com/managecountry.php?name=Brazil&lang=ru" "Mozilla/5.0 (Windows NT 6.1; rv:48.0) Gecko/20100101 Firefox/48.0" "www.saveaslave.com"
132.183.13.60 - - [01/Sep/2016:07:42:06 -0700] "GET /css/managecountry.css HTTP/1.1" 404 89 "http://www.saveaslave.com/managecountry.php" "Mozilla/5.0 (Windows NT 6.1; rv:48.0) Gecko/20100101 Firefox/48.0" "www.saveaslave.com"
132.183.13.60 - - [01/Sep/2016:07:45:11 -0700] "POST /managecountry.php HTTP/1.1" 200 47891 "http://www.saveaslave.com/managecountry.php" "Mozilla/5.0 (Windows NT 6.1; rv:48.0) Gecko/20100101 Firefox/48.0" "www.saveaslave.com"
132.183.13.60 - - [01/Sep/2016:07:45:49 -0700] "GET /managecountry.php?name=Brasil&lang=en HTTP/1.1" 200 58208 "http://www.saveaslave.com/managecountry.php" "Mozilla/5.0 (Windows NT 6.1; rv:48.0) Gecko/20100101 Firefox/48.0" "www.saveaslave.com"
132.183.13.60 - - [01/Sep/2016:07:46:00 -0700] "GET /country.php?name=Brasil&lang=en HTTP/1.1" 200 55159 "http://www.saveaslave.com/managecountry.php" "Mozilla/5.0 (Windows NT 6.1; rv:48.0) Gecko/20100101 Firefox/48.0" "www.saveaslave.com"
132.183.13.60 - - [01/Sep/2016:07:46:01 -0700] "GET /addarticle.php HTTP/1.1" 200 13725 "http://www.saveaslave.com/country.php?name=Brasil&lang=en" "Mozilla/5.0 (Windows NT 6.1; rv:48.0) Gecko/20100101 Firefox/48.0" "www.saveaslave.com"[1]
132.183.13.60 - - [01/Sep/2016:07:46:09 -0700] "GET /managecountry.php?name=Brasil&lang=en HTTP/1.1" 200 58208 "http://www.saveaslave.com/managecountry.php" "Mozilla/5.0 (Windows NT 6.1; rv:48.0) Gecko/20100101 Firefox/48.0" "www.saveaslave.com"
132.183.13.60 - - [01/Sep/2016:07:46:10 -0700] "GET /css/managecountry.css HTTP/1.1" 404 89 "http://www.saveaslave.com/managecountry.php?name=Brasil&lang=en" "Mozilla/5.0 (Windows NT 6.1; rv:48.0) Gecko/20100101 Firefox/48.0" "www.saveaslave.com"
132.183.13.60 - - [01/Sep/2016:07:47:03 -0700] "GET /managecountry.php?name=Brasil&lang=en HTTP/1.1" 200 58208 "http://www.saveaslave.com/managecountry.php?name=Brasil&lang=en" "Mozilla/5.0 (Windows NT 6.1; rv:48.0) Gecko/20100101 Firefox/48.0" "www.saveaslave.com"[0]
132.183.13.60 - - [01/Sep/2016:07:47:03 -0700] "GET /css/managecountry.css HTTP/1.1" 404 89 "http://www.saveaslave.com/managecountry.php?name=Brasil&lang=en" "Mozilla/5.0 (Windows NT 6.1; rv:48.0) Gecko/20100101 Firefox/48.0" "www.saveaslave.com"
132.183.13.60 - - [01/Sep/2016:07:47:12 -0700] "GET /password_protect.php?logout=1 HTTP/1.1" 200 416 "http://www.saveaslave.com/managecountry.php?name=Brasil&lang=en" "Mozilla/5.0 (Windows NT 6.1; rv:48.0) Gecko/20100101 Firefox/48.0" "www.saveaslave.com"
132.183.13.60 - - [01/Sep/2016:07:48:02 -0700] "GET /css/down-arrow.png HTTP/1.1" 404 89 "http://www.saveaslave.com/css/elements.css" "Mozilla/5.0 (Windows NT 6.1; rv:48.0) Gecko/20100101 Firefox/48.0" "www.saveaslave.com"
132.183.13.60 - - [01/Sep/2016:07:48:08 -0700] "GET /managecountry.php HTTP/1.1" 200 1294 "http://www.saveaslave.com/managecountry.php?name=Brazil&lang=ru" "Mozilla/5.0 (Windows NT 6.1; rv:48.0) Gecko/20100101 Firefox/48.0" "www.saveaslave.com"
132.183.13.60 - - [01/Sep/2016:07:48:12 -0700] "GET /managecountry.php?name=Brazil&lang=ru HTTP/1.1" 200 1294 "http://www.saveaslave.com/managecountry.php?name=Brazil&lang=en" "Mozilla/5.0 (Windows NT 6.1; rv:48.0) Gecko/20100101 Firefox/48.0" "www.saveaslave.com"[1]
132.183.13.60 - - [01/Sep/2016:07:48:13 -0700] "GET /managecountry.php?name=Brazil&lang=en HTTP/1.1" 200 1294 "http://www.saveaslave.com/managecountry.php?name=Brazil&lang=en" "Mozilla/5.0 (Windows NT 6.1; rv:48.0) Gecko/20100101 Firefox/48.0" "www.saveaslave.com"[0]
132.183.13.60 - - [01/Sep/2016:07:48:41 -0700] "POST /managecountry.php HTTP/1.1" 200 47748 "http://www.saveaslave.com/managecountry.php" "Mozilla/5.0 (Windows NT 6.1; rv:48.0) Gecko/20100101 Firefox/48.0" "www.saveaslave.com"[2]
132.183.13.60 - - [01/Sep/2016:07:48:41 -0700] "GET /css/managecountry.css HTTP/1.1" 404 89 "http://www.saveaslave.com/managecountry.php" "Mozilla/5.0 (Windows NT 6.1; rv:48.0) Gecko/20100101 Firefox/48.0" "www.saveaslave.com"
123.125.71.46 - - [01/Sep/2016:08:05:42 -0700] "GET /sitebuilder/images/Nav_Bar_Main-4-inactive-61106.png HTTP/1.1" 404 89 "http://image.baidu.com/i?ct=503316480&z=0&tn=baiduimagedetail" "Baiduspider-image+(+http://www.baidu.com/search/spider.htm)" "www.saveaslave.com"
192.99.147.201 - - [01/Sep/2016:08:47:25 -0700] "GET /article.php?id=32 HTTP/1.1" 200 51107 "-" "Mozilla/5.0 (Windows NT 6.3; WOW64) AppleWebKit/537.36 (KHTML, like Gecko) Chrome/34.0.1847.137 Safari/537.36" "www.saveaslave.com"
216.244.66.230 - - [01/Sep/2016:09:19:27 -0700] "GET /robots.txt HTTP/1.1" 200 48 "-" "Mozilla/5.0 (compatible; DotBot/1.1; http://www.opensiteexplorer.org/dotbot, help@moz.com)" "saveaslave.com"
216.244.66.230 - - [01/Sep/2016:09:19:27 -0700] "GET /robots.txt HTTP/1.1" 200 48 "-" "Mozilla/5.0 (compatible; DotBot/1.1; http://www.opensiteexplorer.org/dotbot, help@moz.com)" "www.saveaslave.com"
216.244.66.230 - - [01/Sep/2016:09:21:41 -0700] "GET /robots.txt HTTP/1.1" 200 48 "-" "Mozilla/5.0 (compatible; DotBot/1.1; http://www.opensiteexplorer.org/dotbot, help@moz.com)" "www.saveaslave.com"
216.244.66.230 - - [01/Sep/2016:09:21:41 -0700] "GET /robots.txt HTTP/1.1" 200 48 "-" "Mozilla/5.0 (compatible; DotBot/1.1; http://www.opensiteexplorer.org/dotbot, help@moz.com)" "saveaslave.com"
199.58.86.209 - - [01/Sep/2016:09:46:37 -0700] "GET /robots.txt HTTP/1.1" 200 48 "-" "Mozilla/5.0 (compatible; MJ12bot/v1.4.5; http://www.majestic12.co.uk/bot.php?+)" "saveaslave.com"
216.244.66.230 - - [01/Sep/2016:10:14:44 -0700] "GET /www.ririki.org/mx HTTP/1.1" 404 89 "-" "Mozilla/5.0 (compatible; DotBot/1.1; http://www.opensiteexplorer.org/dotbot, help@moz.com)" "www.saveaslave.com"
216.244.66.230 - - [01/Sep/2016:10:17:03 -0700] "GET /article.php?id=3 HTTP/1.1" 200 50935 "-" "Mozilla/5.0 (compatible; DotBot/1.1; http://www.opensiteexplorer.org/dotbot, help@moz.com)" "saveaslave.com"[1]
65.36.241.48 - - [01/Sep/2016:10:25:00 -0700] "HEAD / HTTP/1.1" 200 0 "-" "InternetSeer.com" "www.saveaslave.com"
66.249.75.58 - - [01/Sep/2016:10:33:35 -0700] "GET /azerbaijan HTTP/1.1" 404 89 "-" "Mozilla/5.0 (Linux; Android 6.0.1; Nexus 5X Build/MMB29P) AppleWebKit/537.36 (KHTML, like Gecko) Chrome/41.0.2272.96 Mobile Safari/537.36 (compatible; Googlebot/2.1; +http://www.google.com/bot.html)" "www.saveaslave.com"[0]
180.76.15.14 - - [01/Sep/2016:10:52:03 -0700] "GET /robots.txt HTTP/1.1" 200 48 "-" "Mozilla/5.0 (Windows NT 5.1; rv:6.0.2) Gecko/20100101 Firefox/6.0.2" "saveaslave.com"
216.244.66.240 - - [01/Sep/2016:11:01:31 -0700] "GET /robots.txt HTTP/1.1" 200 48 "-" "Mozilla/5.0 (compatible; DotBot/1.1; http://www.opensiteexplorer.org/dotbot, help@moz.com)" "saveaslave.com"
77.75.250.47 - - [01/Sep/2016:11:27:42 -0700] "GET /wp-admin/ HTTP/1.1" 404 89 "-" "-" "saveaslave.com"
141.8.143.182 - - [01/Sep/2016:11:29:37 -0700] "GET /robots.txt HTTP/1.1" 200 48 "-" "Mozilla/5.0 (compatible; YandexBot/3.0; +http://yandex.com/bots)" "saveaslave.com"
5.255.250.70 - - [01/Sep/2016:11:31:42 -0700] "GET /ico/apple-icon-76x76.png HTTP/1.1" 200 3414 "-" "Mozilla/5.0 (compatible; YandexBot/3.0; +http://yandex.com/bots)" "saveaslave.com"
37.230.110.17 - - [01/Sep/2016:11:35:58 -0700] "GET /test/wp-admin/ HTTP/1.1" 404 89 "-" "-" "saveaslave.com"[0]
184.168.152.6 - - [01/Sep/2016:11:44:13 -0700] "GET /wordpress/wp-admin/ HTTP/1.1" 404 89 "-" "-" "saveaslave.com"[0]
54.245.43.24 - - [01/Sep/2016:12:22:51 -0700] "HEAD / HTTP/1.1" 200 0 "-" "Apache-HttpClient/4.5.1 (Java/1.8.0_91)" "saveaslave.com"
54.245.43.24 - - [01/Sep/2016:12:22:53 -0700] "GET / HTTP/1.1" 200 90093 "-" "Apache-HttpClient/4.5.1 (Java/1.8.0_91)" "saveaslave.com"
216.244.66.230 - - [01/Sep/2016:12:28:21 -0700] "GET /article.php?id=3 HTTP/1.1" 200 50935 "-" "Mozilla/5.0 (compatible; DotBot/1.1; http://www.opensiteexplorer.org/dotbot, help@moz.com)" "saveaslave.com"
173.192.34.95 - - [01/Sep/2016:12:40:22 -0700] "GET /robots.txt HTTP/1.1" 200 48 "-" "Aboundex/0.3 (http://www.aboundex.com/crawler/)" "www.saveaslave.com"
173.192.34.95 - - [01/Sep/2016:12:40:23 -0700] "GET / HTTP/1.1" 200 90093 "-" "Aboundex/0.3 (http://www.aboundex.com/crawler/)" "www.saveaslave.com"
173.192.34.95 - - [01/Sep/2016:12:40:24 -0700] "GET /wallis%20and%20futuna.html HTTP/1.1" 404 89 "-" "Aboundex/0.3 (http://www.aboundex.com/crawler/)" "www.saveaslave.com"
173.192.34.95 - - [01/Sep/2016:12:40:24 -0700] "GET /yemen.html HTTP/1.1" 404 89 "-" "Aboundex/0.3 (http://www.aboundex.com/crawler/)" "www.saveaslave.com"
173.192.34.95 - - [01/Sep/2016:12:40:24 -0700] "GET /zambia.html HTTP/1.1" 404 89 "-" "Aboundex/0.3 (http://www.aboundex.com/crawler/)" "www.saveaslave.com"
173.192.34.95 - - [01/Sep/2016:12:40:24 -0700] "GET /zimbabwe.html HTTP/1.1" 404 89 "-" "Aboundex/0.3 (http://www.aboundex.com/crawler/)" "www.saveaslave.com"
66.249.75.71 - - [01/Sep/2016:12:46:16 -0700] "GET /poland HTTP/1.1" 404 89 "-" "Mozilla/5.0 (Linux; Android 6.0.1; Nexus 5X Build/MMB29P) AppleWebKit/537.36 (KHTML, like Gecko) Chrome/41.0.2272.96 Mobile Safari/537.36 (compatible; Googlebot/2.1; +http://www.google.com/bot.html)" "www.saveaslave.com"[0]
216.244.66.240 - - [01/Sep/2016:13:15:14 -0700] "GET /www.door.org HTTP/1.1" 404 89 "-" "Mozilla/5.0 (compatible; DotBot/1.1; http://www.opensiteexplorer.org/dotbot, help@moz.com)" "saveaslave.com"
89.163.148.22 - - [01/Sep/2016:14:14:49 -0700] "GET /robots.txt HTTP/1.1" 200 48 "-" "Mozilla/5.0 (compatible; MJ12bot/v1.4.5; http://www.majestic12.co.uk/bot.php?+)" "www.saveaslave.com"
194.153.113.13 - - [01/Sep/2016:14:37:41 -0700] "GET /robots.txt HTTP/1.1" 200 48 "-" "Mozilla/5.0 (compatible; oBot/2.3.1; http://filterdb.iss.net/crawler/)" "saveaslave.com"
194.153.113.13 - - [01/Sep/2016:14:37:43 -0700] "GET / HTTP/1.1" 200 90093 "-" "Mozilla/5.0 (compatible; oBot/2.3.1; http://filterdb.iss.net/crawler/)" "saveaslave.com"[1]
194.153.113.13 - - [01/Sep/2016:14:37:49 -0700] "GET /robots.txt HTTP/1.1" 200 48 "-" "Mozilla/5.0 (compatible; oBot/2.3.1; http://filterdb.iss.net/crawler/)" "www.saveaslave.com"
194.153.113.13 - - [01/Sep/2016:14:37:50 -0700] "GET / HTTP/1.1" 200 90093 "-" "Mozilla/5.0 (compatible; oBot/2.3.1; http://filterdb.iss.net/crawler/)" "www.saveaslave.com"
65.36.241.48 - - [01/Sep/2016:15:09:35 -0700] "HEAD / HTTP/1.1" 200 0 "-" "InternetSeer.com" "www.saveaslave.com"
216.244.66.240 - - [01/Sep/2016:15:22:51 -0700] "GET /robots.txt HTTP/1.1" 200 48 "-" "Mozilla/5.0 (compatible; DotBot/1.1; http://www.opensiteexplorer.org/dotbot, help@moz.com)" "www.saveaslave.com"
216.244.66.240 - - [01/Sep/2016:15:22:51 -0700] "GET /robots.txt HTTP/1.1" 200 48 "-" "Mozilla/5.0 (compatible; DotBot/1.1; http://www.opensiteexplorer.org/dotbot, help@moz.com)" "saveaslave.com"
217.69.136.205 - - [01/Sep/2016:15:52:42 -0700] "GET /robots.txt HTTP/1.1" 200 48 "-" "Mozilla/5.0 (compatible; Linux x86_64; Mail.RU_Bot/2.0; +http://go.mail.ru/help/robots)" "www.saveaslave.com"
217.69.136.204 - - [01/Sep/2016:15:52:44 -0700] "GET /addarticle.php HTTP/1.1" 200 13761 "-" "Mozilla/5.0 (compatible; Linux x86_64; Mail.RU_Bot/2.0; +http://go.mail.ru/help/robots)" "www.saveaslave.com"
24.162.74.26 - - [01/Sep/2016:16:37:02 -0700] "GET /gajaxscroller.js HTTP/1.1" 200 9774 "http://saveaslave.com/" "Mozilla/5.0 (Macintosh; Intel Mac OS X 10_11_5) AppleWebKit/537.36 (KHTML, like Gecko) Chrome/52.0.2743.116 Safari/537.36" "saveaslave.com"
24.162.74.26 - - [01/Sep/2016:16:37:02 -0700] "GET /images/logo2.png HTTP/1.1" 200 18525 "http://saveaslave.com/" "Mozilla/5.0 (Macintosh; Intel Mac OS X 10_11_5) AppleWebKit/537.36 (KHTML, like Gecko) Chrome/52.0.2743.116 Safari/537.36" "saveaslave.com"
24.162.74.26 - - [01/Sep/2016:16:37:02 -0700] "GET /images/select-arrow.png HTTP/1.1" 200 1118 "http://saveaslave.com/css/style.css" "Mozilla/5.0 (Macintosh; Intel Mac OS X 10_11_5) AppleWebKit/537.36 (KHTML, like Gecko) Chrome/52.0.2743.116 Safari/537.36" "saveaslave.com"
24.162.74.26 - - [01/Sep/2016:16:37:03 -0700] "GET /images/social3.png HTTP/1.1" 200 4343 "http://saveaslave.com/" "Mozilla/5.0 (Macintosh; Intel Mac OS X 10_11_5) AppleWebKit/537.36 (KHTML, like Gecko) Chrome/52.0.2743.116 Safari/537.36" "saveaslave.com"
24.162.74.26 - - [01/Sep/2016:16:37:04 -0700] "GET /favicon.ico HTTP/1.1" 404 89 "http://saveaslave.com/" "Mozilla/5.0 (Macintosh; Intel Mac OS X 10_11_5) AppleWebKit/537.36 (KHTML, like Gecko) Chrome/52.0.2743.116 Safari/537.36" "saveaslave.com"
24.162.74.26 - - [01/Sep/2016:16:37:24 -0700] "GET /country.php?name=United%20States&lang=en HTTP/1.1" 200 53157 "http://saveaslave.com/" "Mozilla/5.0 (Macintosh; Intel Mac OS X 10_11_5) AppleWebKit/537.36 (KHTML, like Gecko) Chrome/52.0.2743.116 Safari/537.36" "saveaslave.com"[0]
24.162.74.26 - - [01/Sep/2016:16:37:25 -0700] "GET /images/article/article5a.jpg HTTP/1.1" 200 52731 "http://saveaslave.com/country.php?name=United%20States&lang=en" "Mozilla/5.0 (Macintosh; Intel Mac OS X 10_11_5) AppleWebKit/537.36 (KHTML, like Gecko) Chrome/52.0.2743.116 Safari/537.36" "saveaslave.com"[0]
24.162.74.26 - - [01/Sep/2016:16:37:25 -0700] "GET /images/article/article3.jpg HTTP/1.1" 200 18354 "http://saveaslave.com/country.php?name=United%20States&lang=en" "Mozilla/5.0 (Macintosh; Intel Mac OS X 10_11_5) AppleWebKit/537.36 (KHTML, like Gecko) Chrome/52.0.2743.116 Safari/537.36" "saveaslave.com"
24.162.74.26 - - [01/Sep/2016:16:37:25 -0700] "GET /images/top-1.jpg HTTP/1.1" 200 77341 "http://saveaslave.com/country.php?name=United%20States&lang=en" "Mozilla/5.0 (Macintosh; Intel Mac OS X 10_11_5) AppleWebKit/537.36 (KHTML, like Gecko) Chrome/52.0.2743.116 Safari/537.36" "saveaslave.com"
24.162.74.26 - - [01/Sep/2016:16:37:25 -0700] "GET /css/down-arrow.png HTTP/1.1" 404 89 "http://saveaslave.com/css/elements.css" "Mozilla/5.0 (Macintosh; Intel Mac OS X 10_11_5) AppleWebKit/537.36 (KHTML, like Gecko) Chrome/52.0.2743.116 Safari/537.36" "saveaslave.com"
65.36.241.48 - - [01/Sep/2016:16:39:28 -0700] "HEAD / HTTP/1.1" 200 0 "-" "InternetSeer.com" "www.saveaslave.com"
123.125.71.74 - - [01/Sep/2016:17:25:10 -0700] "GET / HTTP/1.1" 200 90093 "-" "Mozilla/5.0 (compatible; Baiduspider/2.0; +http://www.baidu.com/search/spider.html)" "saveaslave.com"[11]
173.208.157.186 - - [01/Sep/2016:17:50:59 -0700] "GET /robots.txt HTTP/1.1" 200 48 "-" "Mozilla/5.0 (compatible; MJ12bot/v1.4.5; http://www.majestic12.co.uk/bot.php?+)" "www.saveaslave.com"
173.208.157.186 - - [01/Sep/2016:17:51:02 -0700] "GET /article.php?id=3 HTTP/1.1" 200 50935 "-" "Mozilla/5.0 (compatible; MJ12bot/v1.4.5; http://www.majestic12.co.uk/bot.php?+)" "www.saveaslave.com"
173.208.157.186 - - [01/Sep/2016:17:51:17 -0700] "GET /www.ayuda.com HTTP/1.1" 404 89 "-" "Mozilla/5.0 (compatible; MJ12bot/v1.4.5; http://www.majestic12.co.uk/bot.php?+)" "www.saveaslave.com"
173.208.157.186 - - [01/Sep/2016:17:51:19 -0700] "GET /www.boe.ca.gov HTTP/1.1" 404 89 "-" "Mozilla/5.0 (compatible; MJ12bot/v1.4.5; http://www.majestic12.co.uk/bot.php?+)" "www.saveaslave.com"
173.208.157.186 - - [01/Sep/2016:17:51:21 -0700] "GET /www.bpsos.org HTTP/1.1" 404 89 "-" "Mozilla/5.0 (compatible; MJ12bot/v1.4.5; http://www.majestic12.co.uk/bot.php?+)" "www.saveaslave.com"
173.208.157.186 - - [01/Sep/2016:17:51:25 -0700] "GET /www.btcc.ips-dc.org HTTP/1.1" 404 89 "-" "Mozilla/5.0 (compatible; MJ12bot/v1.4.5; http://www.majestic12.co.uk/bot.php?+)" "www.saveaslave.com"
173.208.157.186 - - [01/Sep/2016:17:51:27 -0700] "GET /www.calstatela.org HTTP/1.1" 404 89 "-" "Mozilla/5.0 (compatible; MJ12bot/v1.4.5; http://www.majestic12.co.uk/bot.php?+)" "www.saveaslave.com"
173.208.157.186 - - [01/Sep/2016:17:51:29 -0700] "GET /www.carecen-la.org HTTP/1.1" 404 89 "-" "Mozilla/5.0 (compatible; MJ12bot/v1.4.5; http://www.majestic12.co.uk/bot.php?+)" "www.saveaslave.com"
173.208.157.186 - - [01/Sep/2016:17:51:35 -0700] "GET /www.ccharities.org HTTP/1.1" 404 89 "-" "Mozilla/5.0 (compatible; MJ12bot/v1.4.5; http://www.majestic12.co.uk/bot.php?+)" "www.saveaslave.com"
173.208.157.186 - - [01/Sep/2016:17:51:40 -0700] "GET /www.citybarjusticecenter.org HTTP/1.1" 404 89 "-" "Mozilla/5.0 (compatible; MJ12bot/v1.4.5; http://www.majestic12.co.uk/bot.php?+)" "www.saveaslave.com"
173.208.157.186 - - [01/Sep/2016:17:51:47 -0700] "GET /www.clinicaromero.com HTTP/1.1" 404 89 "-" "Mozilla/5.0 (compatible; MJ12bot/v1.4.5; http://www.majestic12.co.uk/bot.php?+)" "www.saveaslave.com"
190.115.183.247 - - [01/Sep/2016:17:51:48 -0700] "GET /images/article/end_it.jpg HTTP/1.1" 200 33676 "http://saveaslave.com/" "Mozilla/5.0 (Windows NT 10.0; WOW64) AppleWebKit/537.36 (KHTML, like Gecko) Chrome/52.0.2743.116 Safari/537.36" "saveaslave.com"
173.208.157.186 - - [01/Sep/2016:17:51:49 -0700] "GET /www.cliniclegal.org HTTP/1.1" 404 89 "-" "Mozilla/5.0 (compatible; MJ12bot/v1.4.5; http://www.majestic12.co.uk/bot.php?+)" "www.saveaslave.com"
190.115.183.247 - - [01/Sep/2016:17:51:49 -0700] "GET /images/article/s1_dety_beg_d9954.jpg HTTP/1.1" 200 16968 "http://saveaslave.com/" "Mozilla/5.0 (Windows NT 10.0; WOW64) AppleWebKit/537.36 (KHTML, like Gecko) Chrome/52.0.2743.116 Safari/537.36" "saveaslave.com"
190.115.183.247 - - [01/Sep/2016:17:51:50 -0700] "GET /images/article/suspects.jpg HTTP/1.1" 200 58796 "http://saveaslave.com/" "Mozilla/5.0 (Windows NT 10.0; WOW64) AppleWebKit/537.36 (KHTML, like Gecko) Chrome/52.0.2743.116 Safari/537.36" "saveaslave.com"
190.115.183.247 - - [01/Sep/2016:17:51:50 -0700] "GET /css/down-arrow.png HTTP/1.1" 404 89 "http://saveaslave.com/css/elements.css" "Mozilla/5.0 (Windows NT 10.0; WOW64) AppleWebKit/537.36 (KHTML, like Gecko) Chrome/52.0.2743.116 Safari/537.36" "saveaslave.com"[0]
173.208.157.186 - - [01/Sep/2016:17:51:51 -0700] "GET /www.council.lacity.org HTTP/1.1" 404 89 "-" "Mozilla/5.0 (compatible; MJ12bot/v1.4.5; http://www.majestic12.co.uk/bot.php?+)" "www.saveaslave.com"
173.208.157.186 - - [01/Sep/2016:17:51:53 -0700] "GET /www.covdov.org HTTP/1.1" 404 89 "-" "Mozilla/5.0 (compatible; MJ12bot/v1.4.5; http://www.majestic12.co.uk/bot.php?+)" "www.saveaslave.com"
173.208.157.186 - - [01/Sep/2016:17:51:55 -0700] "GET /www.covenanthouse.org HTTP/1.1" 404 89 "-" "Mozilla/5.0 (compatible; MJ12bot/v1.4.5; http://www.majestic12.co.uk/bot.php?+)" "www.saveaslave.com"
173.208.157.186 - - [01/Sep/2016:17:51:58 -0700] "GET /www.cpaf.org HTTP/1.1" 404 89 "-" "Mozilla/5.0 (compatible; MJ12bot/v1.4.5; http://www.majestic12.co.uk/bot.php?+)" "www.saveaslave.com"
190.115.183.247 - - [01/Sep/2016:17:52:02 -0700] "GET /images/help/help_report_button.jpg HTTP/1.1" 200 1363 "http://saveaslave.com/help.php" "Mozilla/5.0 (Windows NT 10.0; WOW64) AppleWebKit/537.36 (KHTML, like Gecko) Chrome/52.0.2743.116 Safari/537.36" "saveaslave.com"
190.115.183.247 - - [01/Sep/2016:17:52:02 -0700] "GET /images/help/help_captcha.jpg HTTP/1.1" 200 53496 "http://saveaslave.com/help.php" "Mozilla/5.0 (Windows NT 10.0; WOW64) AppleWebKit/537.36 (KHTML, like Gecko) Chrome/52.0.2743.116 Safari/537.36" "saveaslave.com"
173.208.157.186 - - [01/Sep/2016:17:52:04 -0700] "GET /www.cspinc.org HTTP/1.1" 404 89 "-" "Mozilla/5.0 (compatible; MJ12bot/v1.4.5; http://www.majestic12.co.uk/bot.php?+)" "www.saveaslave.com"
190.115.183.247 - - [01/Sep/2016:17:52:05 -0700] "GET /favicon.ico HTTP/1.1" 404 89 "http://saveaslave.com/help.php" "Mozilla/5.0 (Windows NT 10.0; WOW64) AppleWebKit/537.36 (KHTML, like Gecko) Chrome/52.0.2743.116 Safari/537.36" "saveaslave.com"
173.208.157.186 - - [01/Sep/2016:17:52:11 -0700] "GET /www.door.org HTTP/1.1" 404 89 "-" "Mozilla/5.0 (compatible; MJ12bot/v1.4.5; http://www.majestic12.co.uk/bot.php?+)" "www.saveaslave.com"
190.115.183.247 - - [01/Sep/2016:17:52:15 -0700] "GET /favicon.ico HTTP/1.1" 404 89 "http://www.saveaslave.com/managecountry.php" "Mozilla/5.0 (Windows NT 10.0; WOW64) AppleWebKit/537.36 (KHTML, like Gecko) Chrome/52.0.2743.116 Safari/537.36" "www.saveaslave.com"
173.208.157.186 - - [01/Sep/2016:17:52:16 -0700] "GET /www.eastwestplayers.org HTTP/1.1" 404 89 "-" "Mozilla/5.0 (compatible; MJ12bot/v1.4.5; http://www.majestic12.co.uk/bot.php?+)" "www.saveaslave.com"
173.208.157.186 - - [01/Sep/2016:17:52:20 -0700] "GET /www.fairfund.org HTTP/1.1" 404 89 "-" "Mozilla/5.0 (compatible; MJ12bot/v1.4.5; http://www.majestic12.co.uk/bot.php?+)" "www.saveaslave.com"
190.115.183.247 - - [01/Sep/2016:17:52:21 -0700] "GET /css/managecountry.css HTTP/1.1" 404 89 "http://www.saveaslave.com/managecountry.php" "Mozilla/5.0 (Windows NT 10.0; WOW64) AppleWebKit/537.36 (KHTML, like Gecko) Chrome/52.0.2743.116 Safari/537.36" "www.saveaslave.com"
173.208.157.186 - - [01/Sep/2016:17:52:22 -0700] "GET /www.fasgi.org HTTP/1.1" 404 89 "-" "Mozilla/5.0 (compatible; MJ12bot/v1.4.5; http://www.majestic12.co.uk/bot.php?+)" "www.saveaslave.com"
173.208.157.186 - - [01/Sep/2016:17:52:38 -0700] "GET /www.freedomnetworkusa.org HTTP/1.1" 404 89 "-" "Mozilla/5.0 (compatible; MJ12bot/v1.4.5; http://www.majestic12.co.uk/bot.php?+)" "www.saveaslave.com"
190.115.183.247 - - [01/Sep/2016:17:52:45 -0700] "GET /css/bootstrap.min.css HTTP/1.1" 200 123578 "http://www.saveaslave.com/country.php?name=Brasil&lang=en" "Mozilla/5.0 (Windows NT 10.0; WOW64) AppleWebKit/537.36 (KHTML, like Gecko) Chrome/52.0.2743.116 Safari/537.36" "www.saveaslave.com"
190.115.183.247 - - [01/Sep/2016:17:52:45 -0700] "GET /gfeedfetcher.js HTTP/1.1" 200 9018 "http://www.saveaslave.com/country.php?name=Brasil&lang=en" "Mozilla/5.0 (Windows NT 10.0; WOW64) AppleWebKit/537.36 (KHTML, like Gecko) Chrome/52.0.2743.116 Safari/537.36" "www.saveaslave.com"
190.115.183.247 - - [01/Sep/2016:17:52:46 -0700] "GET /gajaxscroller.js HTTP/1.1" 200 9774 "http://www.saveaslave.com/country.php?name=Brasil&lang=en" "Mozilla/5.0 (Windows NT 10.0; WOW64) AppleWebKit/537.36 (KHTML, like Gecko) Chrome/52.0.2743.116 Safari/537.36" "www.saveaslave.com"
173.208.157.186 - - [01/Sep/2016:17:52:46 -0700] "GET /www.iofa.org HTTP/1.1" 404 89 "-" "Mozilla/5.0 (compatible; MJ12bot/v1.4.5; http://www.majestic12.co.uk/bot.php?+)" "www.saveaslave.com"
190.115.183.247 - - [01/Sep/2016:17:52:46 -0700] "GET /js/bootstrap.min.js HTTP/1.1" 200 37055 "http://www.saveaslave.com/country.php?name=Brasil&lang=en" "Mozilla/5.0 (Windows NT 10.0; WOW64) AppleWebKit/537.36 (KHTML, like Gecko) Chrome/52.0.2743.116 Safari/537.36" "www.saveaslave.com"
190.115.183.247 - - [01/Sep/2016:17:52:46 -0700] "GET /assets/js/ie10-viewport-bug-workaround.js HTTP/1.1" 200 641 "http://www.saveaslave.com/country.php?name=Brasil&lang=en" "Mozilla/5.0 (Windows NT 10.0; WOW64) AppleWebKit/537.36 (KHTML, like Gecko) Chrome/52.0.2743.116 Safari/537.36" "www.saveaslave.com"
190.115.183.247 - - [01/Sep/2016:17:52:46 -0700] "GET /images/logo2.png HTTP/1.1" 200 18525 "http://www.saveaslave.com/country.php?name=Brasil&lang=en" "Mozilla/5.0 (Windows NT 10.0; WOW64) AppleWebKit/537.36 (KHTML, like Gecko) Chrome/52.0.2743.116 Safari/537.36" "www.saveaslave.com"
190.115.183.247 - - [01/Sep/2016:17:52:46 -0700] "GET /images/article/12801356_1164611646882393_4031395141683071941_n.jpg HTTP/1.1" 200 106665 "http://www.saveaslave.com/country.php?name=Brasil&lang=en" "Mozilla/5.0 (Windows NT 10.0; WOW64) AppleWebKit/537.36 (KHTML, like Gecko) Chrome/52.0.2743.116 Safari/537.36" "www.saveaslave.com"
190.115.183.247 - - [01/Sep/2016:17:52:46 -0700] "GET /images/article/restavek.jpg HTTP/1.1" 200 5410 "http://www.saveaslave.com/country.php?name=Brasil&lang=en" "Mozilla/5.0 (Windows NT 10.0; WOW64) AppleWebKit/537.36 (KHTML, like Gecko) Chrome/52.0.2743.116 Safari/537.36" "www.saveaslave.com"
190.115.183.247 - - [01/Sep/2016:17:52:47 -0700] "GET /images/article/end_it.jpg HTTP/1.1" 200 33676 "http://www.saveaslave.com/country.php?name=Brasil&lang=en" "Mozilla/5.0 (Windows NT 10.0; WOW64) AppleWebKit/537.36 (KHTML, like Gecko) Chrome/52.0.2743.116 Safari/537.36" "www.saveaslave.com"
190.115.183.247 - - [01/Sep/2016:17:52:47 -0700] "GET /addarticle.php HTTP/1.1" 200 13725 "http://www.saveaslave.com/country.php?name=Brasil&lang=en" "Mozilla/5.0 (Windows NT 10.0; WOW64) AppleWebKit/537.36 (KHTML, like Gecko) Chrome/52.0.2743.116 Safari/537.36" "www.saveaslave.com"
190.115.183.247 - - [01/Sep/2016:17:52:47 -0700] "GET /images/select-arrow.png HTTP/1.1" 200 1118 "http://www.saveaslave.com/css/style-pages.css" "Mozilla/5.0 (Windows NT 10.0; WOW64) AppleWebKit/537.36 (KHTML, like Gecko) Chrome/52.0.2743.116 Safari/537.36" "www.saveaslave.com"
190.115.183.247 - - [01/Sep/2016:17:52:48 -0700] "GET /images/social2.png HTTP/1.1" 200 1752 "http://www.saveaslave.com/country.php?name=Brasil&lang=en" "Mozilla/5.0 (Windows NT 10.0; WOW64) AppleWebKit/537.36 (KHTML, like Gecko) Chrome/52.0.2743.116 Safari/537.36" "www.saveaslave.com"
173.208.157.186 - - [01/Sep/2016:17:52:48 -0700] "GET /www.jvsla.org HTTP/1.1" 404 89 "-" "Mozilla/5.0 (compatible; MJ12bot/v1.4.5; http://www.majestic12.co.uk/bot.php?+)" "www.saveaslave.com"
190.115.183.247 - - [01/Sep/2016:17:52:48 -0700] "GET /images/top-1.jpg HTTP/1.1" 200 77341 "http://www.saveaslave.com/country.php?name=Brasil&lang=en" "Mozilla/5.0 (Windows NT 10.0; WOW64) AppleWebKit/537.36 (KHTML, like Gecko) Chrome/52.0.2743.116 Safari/537.36" "www.saveaslave.com"
190.115.183.247 - - [01/Sep/2016:17:52:49 -0700] "GET /images/social1.png HTTP/1.1" 200 2012 "http://www.saveaslave.com/country.php?name=Brasil&lang=en" "Mozilla/5.0 (Windows NT 10.0; WOW64) AppleWebKit/537.36 (KHTML, like Gecko) Chrome/52.0.2743.116 Safari/537.36" "www.saveaslave.com"
190.115.183.247 - - [01/Sep/2016:17:52:49 -0700] "GET /css/down-arrow.png HTTP/1.1" 404 89 "http://www.saveaslave.com/css/elements.css" "Mozilla/5.0 (Windows NT 10.0; WOW64) AppleWebKit/537.36 (KHTML, like Gecko) Chrome/52.0.2743.116 Safari/537.36" "www.saveaslave.com"
190.115.183.247 - - [01/Sep/2016:17:52:49 -0700] "GET /images/social3.png HTTP/1.1" 200 4343 "http://www.saveaslave.com/country.php?name=Brasil&lang=en" "Mozilla/5.0 (Windows NT 10.0; WOW64) AppleWebKit/537.36 (KHTML, like Gecko) Chrome/52.0.2743.116 Safari/537.36" "www.saveaslave.com"
190.115.183.247 - - [01/Sep/2016:17:52:49 -0700] "GET /images/article/s1_dety_beg_d9954.jpg HTTP/1.1" 200 16968 "http://www.saveaslave.com/country.php?name=Brasil&lang=en" "Mozilla/5.0 (Windows NT 10.0; WOW64) AppleWebKit/537.36 (KHTML, like Gecko) Chrome/52.0.2743.116 Safari/537.36" "www.saveaslave.com"
173.208.157.186 - - [01/Sep/2016:17:52:50 -0700] "GET /www.kiwa.org HTTP/1.1" 404 89 "-" "Mozilla/5.0 (compatible; MJ12bot/v1.4.5; http://www.majestic12.co.uk/bot.php?+)" "www.saveaslave.com"
173.208.157.186 - - [01/Sep/2016:17:52:52 -0700] "GET /www.lacity.org HTTP/1.1" 404 89 "-" "Mozilla/5.0 (compatible; MJ12bot/v1.4.5; http://www.majestic12.co.uk/bot.php?+)" "www.saveaslave.com"
173.208.157.186 - - [01/Sep/2016:17:52:54 -0700] "GET /www.lafla.org HTTP/1.1" 404 89 "-" "Mozilla/5.0 (compatible; MJ12bot/v1.4.5; http://www.majestic12.co.uk/bot.php?+)" "www.saveaslave.com"
190.115.183.247 - - [01/Sep/2016:17:52:55 -0700] "GET /ico/favicon-16x16.png HTTP/1.1" 200 1129 "http://www.saveaslave.com/country.php?name=Brasil&lang=en" "Mozilla/5.0 (Windows NT 10.0; WOW64) AppleWebKit/537.36 (KHTML, like Gecko) Chrome/52.0.2743.116 Safari/537.36" "www.saveaslave.com"
173.208.157.186 - - [01/Sep/2016:17:52:59 -0700] "GET /www.legalmomentum.org HTTP/1.1" 404 89 "-" "Mozilla/5.0 (compatible; MJ12bot/v1.4.5; http://www.majestic12.co.uk/bot.php?+)" "www.saveaslave.com"
173.208.157.186 - - [01/Sep/2016:17:53:01 -0700] "GET /www.liderescampesinas.org HTTP/1.1" 404 89 "-" "Mozilla/5.0 (compatible; MJ12bot/v1.4.5; http://www.majestic12.co.uk/bot.php?+)" "www.saveaslave.com"
173.208.157.186 - - [01/Sep/2016:17:53:07 -0700] "GET /www.ltsc.org HTTP/1.1" 404 89 "-" "Mozilla/5.0 (compatible; MJ12bot/v1.4.5; http://www.majestic12.co.uk/bot.php?+)" "www.saveaslave.com"
173.208.157.186 - - [01/Sep/2016:17:53:09 -0700] "GET /www.migrante.com.mx HTTP/1.1" 404 89 "-" "Mozilla/5.0 (compatible; MJ12bot/v1.4.5; http://www.majestic12.co.uk/bot.php?+)" "www.saveaslave.com"
173.208.157.186 - - [01/Sep/2016:17:53:11 -0700] "GET /www.mmp.org HTTP/1.1" 404 89 "-" "Mozilla/5.0 (compatible; MJ12bot/v1.4.5; http://www.majestic12.co.uk/bot.php?+)" "www.saveaslave.com"
173.208.157.186 - - [01/Sep/2016:17:53:13 -0700] "GET /www.mosaicservices.org HTTP/1.1" 404 89 "-" "Mozilla/5.0 (compatible; MJ12bot/v1.4.5; http://www.majestic12.co.uk/bot.php?+)" "www.saveaslave.com"
173.208.157.186 - - [01/Sep/2016:17:53:19 -0700] "GET /www.nhmc.org HTTP/1.1" 404 89 "-" "Mozilla/5.0 (compatible; MJ12bot/v1.4.5; http://www.majestic12.co.uk/bot.php?+)" "www.saveaslave.com"
173.208.157.186 - - [01/Sep/2016:17:53:30 -0700] "GET /www.ptvla.org HTTP/1.1" 404 89 "-" "Mozilla/5.0 (compatible; MJ12bot/v1.4.5; http://www.majestic12.co.uk/bot.php?+)" "www.saveaslave.com"
173.208.157.186 - - [01/Sep/2016:17:53:32 -0700] "GET /www.publiccounsel.org HTTP/1.1" 404 89 "-" "Mozilla/5.0 (compatible; MJ12bot/v1.4.5; http://www.majestic12.co.uk/bot.php?+)" "www.saveaslave.com"
173.208.157.186 - - [01/Sep/2016:17:53:34 -0700] "GET /www.pwcsc.org HTTP/1.1" 404 89 "-" "Mozilla/5.0 (compatible; MJ12bot/v1.4.5; http://www.majestic12.co.uk/bot.php?+)" "www.saveaslave.com"
173.208.157.186 - - [01/Sep/2016:17:53:39 -0700] "GET /www.rshm.org HTTP/1.1" 404 89 "-" "Mozilla/5.0 (compatible; MJ12bot/v1.4.5; http://www.majestic12.co.uk/bot.php?+)" "www.saveaslave.com"
173.208.157.186 - - [01/Sep/2016:17:53:41 -0700] "GET /www.safehorizon.org HTTP/1.1" 404 89 "-" "Mozilla/5.0 (compatible; MJ12bot/v1.4.5; http://www.majestic12.co.uk/bot.php?+)" "www.saveaslave.com"
173.208.157.186 - - [01/Sep/2016:17:53:43 -0700] "GET /www.sexworkersproject.org HTTP/1.1" 404 89 "-" "Mozilla/5.0 (compatible; MJ12bot/v1.4.5; http://www.majestic12.co.uk/bot.php?+)" "www.saveaslave.com"
173.208.157.186 - - [01/Sep/2016:17:53:45 -0700] "GET /www.sndca.org HTTP/1.1" 404 89 "-" "Mozilla/5.0 (compatible; MJ12bot/v1.4.5; http://www.majestic12.co.uk/bot.php?+)" "www.saveaslave.com"
173.208.157.186 - - [01/Sep/2016:17:53:47 -0700] "GET /www.southasiannetwork.org HTTP/1.1" 404 89 "-" "Mozilla/5.0 (compatible; MJ12bot/v1.4.5; http://www.majestic12.co.uk/bot.php?+)" "www.saveaslave.com"
173.208.157.186 - - [01/Sep/2016:17:53:53 -0700] "GET /www.tapestri.org HTTP/1.1" 404 89 "-" "Mozilla/5.0 (compatible; MJ12bot/v1.4.5; http://www.majestic12.co.uk/bot.php?+)" "www.saveaslave.com"
173.208.157.186 - - [01/Sep/2016:17:54:19 -0700] "GET /www.usdoj.gov HTTP/1.1" 404 89 "-" "Mozilla/5.0 (compatible; MJ12bot/v1.4.5; http://www.majestic12.co.uk/bot.php?+)" "www.saveaslave.com"
190.115.183.247 - - [01/Sep/2016:17:54:48 -0700] "GET /phpmyadmin/ HTTP/1.1" 200 7879 "-" "Mozilla/5.0 (Windows NT 10.0; WOW64) AppleWebKit/537.36 (KHTML, like Gecko) Chrome/52.0.2743.116 Safari/537.36" "saveaslave.com"
190.115.183.247 - - [01/Sep/2016:17:54:48 -0700] "GET /phpmyadmin/themes/pmahomme/jquery/jquery-ui-1.8.custom.css HTTP/1.1" 200 30846 "http://saveaslave.com/phpmyadmin/" "Mozilla/5.0 (Windows NT 10.0; WOW64) AppleWebKit/537.36 (KHTML, like Gecko) Chrome/52.0.2743.116 Safari/537.36" "saveaslave.com"
190.115.183.247 - - [01/Sep/2016:17:54:49 -0700] "GET /phpmyadmin/js/functions.js?ts=1445726111 HTTP/1.1" 200 31563 "http://saveaslave.com/phpmyadmin/" "Mozilla/5.0 (Windows NT 10.0; WOW64) AppleWebKit/537.36 (KHTML, like Gecko) Chrome/52.0.2743.116 Safari/537.36" "saveaslave.com"[0]
190.115.183.247 - - [01/Sep/2016:17:54:51 -0700] "GET /phpmyadmin/themes/pmahomme/img/input_bg.gif HTTP/1.1" 200 162 "http://saveaslave.com/phpmyadmin/phpmyadmin.css.php?server=1&lang=en&collation_connection=utf8_general_ci&token=1f1fe12d365c94869f610e6a29bbdeeb&js_frame=right&nocache=4337178726" "Mozilla/5.0 (Windows NT 10.0; WOW64) AppleWebKit/537.36 (KHTML, like Gecko) Chrome/52.0.2743.116 Safari/537.36" "saveaslave.com"
190.115.183.247 - - [01/Sep/2016:17:55:00 -0700] "GET /phpmyadmin/index.php?token=1f1fe12d365c94869f610e6a29bbdeeb HTTP/1.1" 200 3007 "http://saveaslave.com/phpmyadmin/" "Mozilla/5.0 (Windows NT 10.0; WOW64) AppleWebKit/537.36 (KHTML, like Gecko) Chrome/52.0.2743.116 Safari/537.36" "saveaslave.com"
190.115.183.247 - - [01/Sep/2016:17:55:00 -0700] "GET /phpmyadmin/main.php?token=1f1fe12d365c94869f610e6a29bbdeeb HTTP/1.1" 200 6463 "http://saveaslave.com/phpmyadmin/index.php?token=1f1fe12d365c94869f610e6a29bbdeeb" "Mozilla/5.0 (Windows NT 10.0; WOW64) AppleWebKit/537.36 (KHTML, like Gecko) Chrome/52.0.2743.116 Safari/537.36" "saveaslave.com"
190.115.183.247 - - [01/Sep/2016:17:55:01 -0700] "GET /phpmyadmin/js/jquery/jquery-ui-1.8.custom.js?ts=1445726111 HTTP/1.1" 200 190765 "http://saveaslave.com/phpmyadmin/main.php?token=1f1fe12d365c94869f610e6a29bbdeeb" "Mozilla/5.0 (Windows NT 10.0; WOW64) AppleWebKit/537.36 (KHTML, like Gecko) Chrome/52.0.2743.116 Safari/537.36" "saveaslave.com"
190.115.183.247 - - [01/Sep/2016:17:55:01 -0700] "GET /phpmyadmin/js/jquery/jquery.sprintf.js?ts=1445726111 HTTP/1.1" 200 987 "http://saveaslave.com/phpmyadmin/main.php?token=1f1fe12d365c94869f610e6a29bbdeeb" "Mozilla/5.0 (Windows NT 10.0; WOW64) AppleWebKit/537.36 (KHTML, like Gecko) Chrome/52.0.2743.116 Safari/537.36" "saveaslave.com"
190.115.183.247 - - [01/Sep/2016:17:55:01 -0700] "GET /phpmyadmin/js/config.js?ts=1445726111 HTTP/1.1" 200 9480 "http://saveaslave.com/phpmyadmin/main.php?token=1f1fe12d365c94869f610e6a29bbdeeb" "Mozilla/5.0 (Windows NT 10.0; WOW64) AppleWebKit/537.36 (KHTML, like Gecko) Chrome/52.0.2743.116 Safari/537.36" "saveaslave.com"
190.115.183.247 - - [01/Sep/2016:17:55:01 -0700] "GET /phpmyadmin/phpmyadmin.css.php?server=1&token=1f1fe12d365c94869f610e6a29bbdeeb&js_frame=right&nocache=5809956425 HTTP/1.1" 200 41672 "http://saveaslave.com/phpmyadmin/main.php?token=1f1fe12d365c94869f610e6a29bbdeeb" "Mozilla/5.0 (Windows NT 10.0; WOW64) AppleWebKit/537.36 (KHTML, like Gecko) Chrome/52.0.2743.116 Safari/537.36" "saveaslave.com"[0]
190.115.183.247 - - [01/Sep/2016:17:55:02 -0700] "GET /phpmyadmin/themes/pmahomme/img/s_host.png HTTP/1.1" 200 667 "http://saveaslave.com/phpmyadmin/main.php?token=1f1fe12d365c94869f610e6a29bbdeeb" "Mozilla/5.0 (Windows NT 10.0; WOW64) AppleWebKit/537.36 (KHTML, like Gecko) Chrome/52.0.2743.116 Safari/537.36" "saveaslave.com"
190.115.183.247 - - [01/Sep/2016:17:55:02 -0700] "GET /phpmyadmin/js/messages.php?lang=en&db=&token=1f1fe12d365c94869f610e6a29bbdeeb HTTP/1.1" 200 4935 "http://saveaslave.com/phpmyadmin/main.php?token=1f1fe12d365c94869f610e6a29bbdeeb" "Mozilla/5.0 (Windows NT 10.0; WOW64) AppleWebKit/537.36 (KHTML, like Gecko) Chrome/52.0.2743.116 Safari/537.36" "saveaslave.com"[1]
190.115.183.247 - - [01/Sep/2016:17:55:02 -0700] "GET /phpmyadmin/phpmyadmin.css.php?token=1f1fe12d365c94869f610e6a29bbdeeb&js_frame=left&nocache=5809956425 HTTP/1.1" 200 5861 "http://saveaslave.com/phpmyadmin/navigation.php?token=1f1fe12d365c94869f610e6a29bbdeeb" "Mozilla/5.0 (Windows NT 10.0; WOW64) AppleWebKit/537.36 (KHTML, like Gecko) Chrome/52.0.2743.116 Safari/537.36" "saveaslave.com"
190.115.183.247 - - [01/Sep/2016:17:55:02 -0700] "GET /phpmyadmin/js/jquery/jquery-1.4.4.js HTTP/1.1" 200 78268 "http://saveaslave.com/phpmyadmin/navigation.php?token=1f1fe12d365c94869f610e6a29bbdeeb" "Mozilla/5.0 (Windows NT 10.0; WOW64) AppleWebKit/537.36 (KHTML, like Gecko) Chrome/52.0.2743.116 Safari/537.36" "saveaslave.com"
190.115.183.247 - - [01/Sep/2016:17:55:02 -0700] "GET /phpmyadmin/js/navigation.js HTTP/1.1" 200 2521 "http://saveaslave.com/phpmyadmin/navigation.php?token=1f1fe12d365c94869f610e6a29bbdeeb" "Mozilla/5.0 (Windows NT 10.0; WOW64) AppleWebKit/537.36 (KHTML, like Gecko) Chrome/52.0.2743.116 Safari/537.36" "saveaslave.com"
190.115.183.247 - - [01/Sep/2016:17:55:02 -0700] "GET /phpmyadmin/js/functions.js HTTP/1.1" 200 31563 "http://saveaslave.com/phpmyadmin/navigation.php?token=1f1fe12d365c94869f610e6a29bbdeeb" "Mozilla/5.0 (Windows NT 10.0; WOW64) AppleWebKit/537.36 (KHTML, like Gecko) Chrome/52.0.2743.116 Safari/537.36" "saveaslave.com"
190.115.183.247 - - [01/Sep/2016:17:55:03 -0700] "GET /phpmyadmin/themes/pmahomme/img/s_db.png HTTP/1.1" 200 390 "http://saveaslave.com/phpmyadmin/main.php?token=1f1fe12d365c94869f610e6a29bbdeeb" "Mozilla/5.0 (Windows NT 10.0; WOW64) AppleWebKit/537.36 (KHTML, like Gecko) Chrome/52.0.2743.116 Safari/537.36" "saveaslave.com"
190.115.183.247 - - [01/Sep/2016:17:55:04 -0700] "GET /phpmyadmin/themes/pmahomme/img/s_asci.png HTTP/1.1" 200 209 "http://saveaslave.com/phpmyadmin/main.php?token=1f1fe12d365c94869f610e6a29bbdeeb" "Mozilla/5.0 (Windows NT 10.0; WOW64) AppleWebKit/537.36 (KHTML, like Gecko) Chrome/52.0.2743.116 Safari/537.36" "saveaslave.com"
190.115.183.247 - - [01/Sep/2016:17:55:05 -0700] "GET /phpmyadmin/themes/pmahomme/img/tab_bg.png HTTP/1.1" 200 160 "http://saveaslave.com/phpmyadmin/phpmyadmin.css.php?server=1&token=1f1fe12d365c94869f610e6a29bbdeeb&js_frame=right&nocache=5809956425" "Mozilla/5.0 (Windows NT 10.0; WOW64) AppleWebKit/537.36 (KHTML, like Gecko) Chrome/52.0.2743.116 Safari/537.36" "saveaslave.com"
190.115.183.247 - - [01/Sep/2016:17:55:05 -0700] "GET /phpmyadmin/themes/pmahomme/img/s_passwd.png HTTP/1.1" 200 435 "http://saveaslave.com/phpmyadmin/phpmyadmin.css.php?server=1&token=1f1fe12d365c94869f610e6a29bbdeeb&js_frame=right&nocache=5809956425" "Mozilla/5.0 (Windows NT 10.0; WOW64) AppleWebKit/537.36 (KHTML, like Gecko) Chrome/52.0.2743.116 Safari/537.36" "saveaslave.com"
190.115.183.247 - - [01/Sep/2016:17:55:05 -0700] "GET /phpmyadmin/themes/pmahomme/img/s_theme.png HTTP/1.1" 200 856 "http://saveaslave.com/phpmyadmin/phpmyadmin.css.php?server=1&token=1f1fe12d365c94869f610e6a29bbdeeb&js_frame=right&nocache=5809956425" "Mozilla/5.0 (Windows NT 10.0; WOW64) AppleWebKit/537.36 (KHTML, like Gecko) Chrome/52.0.2743.116 Safari/537.36" "saveaslave.com"
190.115.183.247 - - [01/Sep/2016:17:55:05 -0700] "GET /phpmyadmin/themes/pmahomme/img/s_lang.png HTTP/1.1" 200 743 "http://saveaslave.com/phpmyadmin/phpmyadmin.css.php?server=1&token=1f1fe12d365c94869f610e6a29bbdeeb&js_frame=right&nocache=5809956425" "Mozilla/5.0 (Windows NT 10.0; WOW64) AppleWebKit/537.36 (KHTML, like Gecko) Chrome/52.0.2743.116 Safari/537.36" "saveaslave.com"
190.115.183.247 - - [01/Sep/2016:17:55:06 -0700] "GET /phpmyadmin/themes/pmahomme/img/s_error.png HTTP/1.1" 200 701 "http://saveaslave.com/phpmyadmin/phpmyadmin.css.php?server=1&token=1f1fe12d365c94869f610e6a29bbdeeb&js_frame=right&nocache=5809956425" "Mozilla/5.0 (Windows NT 10.0; WOW64) AppleWebKit/537.36 (KHTML, like Gecko) Chrome/52.0.2743.116 Safari/537.36" "saveaslave.com"
190.115.183.247 - - [01/Sep/2016:17:55:07 -0700] "GET /phpmyadmin/themes/pmahomme/img/s_loggoff.png HTTP/1.1" 200 688 "http://saveaslave.com/phpmyadmin/navigation.php?token=1f1fe12d365c94869f610e6a29bbdeeb" "Mozilla/5.0 (Windows NT 10.0; WOW64) AppleWebKit/537.36 (KHTML, like Gecko) Chrome/52.0.2743.116 Safari/537.36" "saveaslave.com"
190.115.183.247 - - [01/Sep/2016:17:55:07 -0700] "GET /phpmyadmin/themes/pmahomme/img/b_selboard.png HTTP/1.1" 200 698 "http://saveaslave.com/phpmyadmin/navigation.php?token=1f1fe12d365c94869f610e6a29bbdeeb" "Mozilla/5.0 (Windows NT 10.0; WOW64) AppleWebKit/537.36 (KHTML, like Gecko) Chrome/52.0.2743.116 Safari/537.36" "saveaslave.com"
190.115.183.247 - - [01/Sep/2016:17:55:07 -0700] "GET /phpmyadmin/themes/pmahomme/img/b_docs.png HTTP/1.1" 200 786 "http://saveaslave.com/phpmyadmin/navigation.php?token=1f1fe12d365c94869f610e6a29bbdeeb" "Mozilla/5.0 (Windows NT 10.0; WOW64) AppleWebKit/537.36 (KHTML, like Gecko) Chrome/52.0.2743.116 Safari/537.36" "saveaslave.com"
190.115.183.247 - - [01/Sep/2016:17:55:08 -0700] "GET /phpmyadmin/themes/pmahomme/img/s_reload.png HTTP/1.1" 200 608 "http://saveaslave.com/phpmyadmin/navigation.php?token=1f1fe12d365c94869f610e6a29bbdeeb" "Mozilla/5.0 (Windows NT 10.0; WOW64) AppleWebKit/537.36 (KHTML, like Gecko) Chrome/52.0.2743.116 Safari/537.36" "saveaslave.com"
190.115.183.247 - - [01/Sep/2016:17:55:13 -0700] "GET /phpmyadmin/index.php?db=saveaslave&token=1f1fe12d365c94869f610e6a29bbdeeb HTTP/1.1" 200 3061 "http://saveaslave.com/phpmyadmin/navigation.php?token=1f1fe12d365c94869f610e6a29bbdeeb" "Mozilla/5.0 (Windows NT 10.0; WOW64) AppleWebKit/537.36 (KHTML, like Gecko) Chrome/52.0.2743.116 Safari/537.36" "saveaslave.com"[1]
190.115.183.247 - - [01/Sep/2016:17:55:14 -0700] "GET /phpmyadmin/themes/pmahomme/img/b_browse.png HTTP/1.1" 200 566 "http://saveaslave.com/phpmyadmin/db_structure.php?token=1f1fe12d365c94869f610e6a29bbdeeb&db=saveaslave" "Mozilla/5.0 (Windows NT 10.0; WOW64) AppleWebKit/537.36 (KHTML, like Gecko) Chrome/52.0.2743.116 Safari/537.36" "saveaslave.com"
190.115.183.247 - - [01/Sep/2016:17:55:15 -0700] "GET /phpmyadmin/themes/pmahomme/img/b_newtbl.png HTTP/1.1" 200 325 "http://saveaslave.com/phpmyadmin/db_structure.php?token=1f1fe12d365c94869f610e6a29bbdeeb&db=saveaslave" "Mozilla/5.0 (Windows NT 10.0; WOW64) AppleWebKit/537.36 (KHTML, like Gecko) Chrome/52.0.2743.116 Safari/537.36" "saveaslave.com"
190.115.183.247 - - [01/Sep/2016:17:55:16 -0700] "GET /phpmyadmin/themes/pmahomme/img/marked_bg.png HTTP/1.1" 200 977 "http://saveaslave.com/phpmyadmin/phpmyadmin.css.php?server=1&token=1f1fe12d365c94869f610e6a29bbdeeb&js_frame=right&nocache=5809956425" "Mozilla/5.0 (Windows NT 10.0; WOW64) AppleWebKit/537.36 (KHTML, like Gecko) Chrome/52.0.2743.116 Safari/537.36" "saveaslave.com"
190.115.183.247 - - [01/Sep/2016:17:55:18 -0700] "GET /phpmyadmin/themes/pmahomme/img/b_tblexport.png HTTP/1.1" 200 641 "http://saveaslave.com/phpmyadmin/sql.php?db=saveaslave&token=1f1fe12d365c94869f610e6a29bbdeeb&goto=db_structure.php&table=countries&pos=0" "Mozilla/5.0 (Windows NT 10.0; WOW64) AppleWebKit/537.36 (KHTML, like Gecko) Chrome/52.0.2743.116 Safari/537.36" "saveaslave.com"
190.115.183.247 - - [01/Sep/2016:17:55:18 -0700] "GET /phpmyadmin/themes/pmahomme/img/s_fulltext.png HTTP/1.1" 200 244 "http://saveaslave.com/phpmyadmin/sql.php?db=saveaslave&token=1f1fe12d365c94869f610e6a29bbdeeb&goto=db_structure.php&table=countries&pos=0" "Mozilla/5.0 (Windows NT 10.0; WOW64) AppleWebKit/537.36 (KHTML, like Gecko) Chrome/52.0.2743.116 Safari/537.36" "saveaslave.com"
