76.115.163.110 - - [08/Aug/2017:15:02:57 -0700] "GET /images/cover1.jpg HTTP/1.1" 200 253658 "http://saveaslave.com/" "Mozilla/5.0 (iPad; CPU OS 10_3_3 like Mac OS X) AppleWebKit/603.3.8 (KHTML, like Gecko) Version/10.0 Mobile/14G60 Safari/602.1" "saveaslave.com"
76.115.163.110 - - [08/Aug/2017:15:02:57 -0700] "GET /images/article/end_it.jpg HTTP/1.1" 200 33676 "http://saveaslave.com/" "Mozilla/5.0 (iPad; CPU OS 10_3_3 like Mac OS X) AppleWebKit/603.3.8 (KHTML, like Gecko) Version/10.0 Mobile/14G60 Safari/602.1" "saveaslave.com"
76.115.163.110 - - [08/Aug/2017:15:02:57 -0700] "GET /images/top.jpg HTTP/1.1" 200 50519 "http://saveaslave.com/" "Mozilla/5.0 (iPad; CPU OS 10_3_3 like Mac OS X) AppleWebKit/603.3.8 (KHTML, like Gecko) Version/10.0 Mobile/14G60 Safari/602.1" "saveaslave.com"
76.115.163.110 - - [08/Aug/2017:15:02:57 -0700] "GET /images/social1.png HTTP/1.1" 200 2012 "http://saveaslave.com/" "Mozilla/5.0 (iPad; CPU OS 10_3_3 like Mac OS X) AppleWebKit/603.3.8 (KHTML, like Gecko) Version/10.0 Mobile/14G60 Safari/602.1" "saveaslave.com"[0]
76.115.163.110 - - [08/Aug/2017:15:02:58 -0700] "GET /images/select-arrow.png HTTP/1.1" 200 1118 "http://saveaslave.com/" "Mozilla/5.0 (iPad; CPU OS 10_3_3 like Mac OS X) AppleWebKit/603.3.8 (KHTML, like Gecko) Version/10.0 Mobile/14G60 Safari/602.1" "saveaslave.com"
76.115.163.110 - - [08/Aug/2017:15:02:58 -0700] "GET /indicator.gif HTTP/1.1" 200 878 "http://saveaslave.com/" "Mozilla/5.0 (iPad; CPU OS 10_3_3 like Mac OS X) AppleWebKit/603.3.8 (KHTML, like Gecko) Version/10.0 Mobile/14G60 Safari/602.1" "saveaslave.com"
38.80.27.114 - - [08/Aug/2017:15:04:01 -0700] "GET / HTTP/1.1" 200 88280 "-" "Mozilla/5.0 (Windows NT 6.1; WOW64; rv:27.0) Gecko/20100101 Firefox/27.0" "saveaslave.com"[1]
76.115.163.110 - - [08/Aug/2017:15:12:32 -0700] "GET /assets/js/ie-emulation-modes-warning.js HTTP/1.1" 200 2130 "http://www.saveaslave.com/who-we-are.php" "Mozilla/5.0 (iPad; CPU OS 10_3_3 like Mac OS X) AppleWebKit/603.3.8 (KHTML, like Gecko) Version/10.0 Mobile/14G60 Safari/602.1" "www.saveaslave.com"[0]
76.115.163.110 - - [08/Aug/2017:15:12:32 -0700] "GET /css/style-pages.css HTTP/1.1" 200 9894 "http://www.saveaslave.com/who-we-are.php" "Mozilla/5.0 (iPad; CPU OS 10_3_3 like Mac OS X) AppleWebKit/603.3.8 (KHTML, like Gecko) Version/10.0 Mobile/14G60 Safari/602.1" "www.saveaslave.com"
76.115.163.110 - - [08/Aug/2017:15:12:32 -0700] "GET /css/elements.css HTTP/1.1" 200 17857 "http://www.saveaslave.com/who-we-are.php" "Mozilla/5.0 (iPad; CPU OS 10_3_3 like Mac OS X) AppleWebKit/603.3.8 (KHTML, like Gecko) Version/10.0 Mobile/14G60 Safari/602.1" "www.saveaslave.com"
76.115.163.110 - - [08/Aug/2017:15:12:33 -0700] "GET /js/bootstrap.min.js HTTP/1.1" 200 37055 "http://www.saveaslave.com/who-we-are.php" "Mozilla/5.0 (iPad; CPU OS 10_3_3 like Mac OS X) AppleWebKit/603.3.8 (KHTML, like Gecko) Version/10.0 Mobile/14G60 Safari/602.1" "www.saveaslave.com"
76.115.163.110 - - [08/Aug/2017:15:12:33 -0700] "GET /images/logo2.png HTTP/1.1" 200 18525 "http://www.saveaslave.com/who-we-are.php" "Mozilla/5.0 (iPad; CPU OS 10_3_3 like Mac OS X) AppleWebKit/603.3.8 (KHTML, like Gecko) Version/10.0 Mobile/14G60 Safari/602.1" "www.saveaslave.com"
76.115.163.110 - - [08/Aug/2017:15:12:33 -0700] "GET /images/article6.jpg HTTP/1.1" 200 57746 "http://www.saveaslave.com/who-we-are.php" "Mozilla/5.0 (iPad; CPU OS 10_3_3 like Mac OS X) AppleWebKit/603.3.8 (KHTML, like Gecko) Version/10.0 Mobile/14G60 Safari/602.1" "www.saveaslave.com"
76.115.163.110 - - [08/Aug/2017:15:12:34 -0700] "GET /images/select-arrow.png HTTP/1.1" 200 1118 "http://www.saveaslave.com/who-we-are.php" "Mozilla/5.0 (iPad; CPU OS 10_3_3 like Mac OS X) AppleWebKit/603.3.8 (KHTML, like Gecko) Version/10.0 Mobile/14G60 Safari/602.1" "www.saveaslave.com"
76.115.163.110 - - [08/Aug/2017:15:12:34 -0700] "GET /indicator.gif HTTP/1.1" 200 878 "http://www.saveaslave.com/who-we-are.php" "Mozilla/5.0 (iPad; CPU OS 10_3_3 like Mac OS X) AppleWebKit/603.3.8 (KHTML, like Gecko) Version/10.0 Mobile/14G60 Safari/602.1" "www.saveaslave.com"
76.115.163.110 - - [08/Aug/2017:15:12:51 -0700] "GET /css/down-arrow.png HTTP/1.1" 404 89 "http://www.saveaslave.com/who-we-are.php" "Mozilla/5.0 (iPad; CPU OS 10_3_3 like Mac OS X) AppleWebKit/603.3.8 (KHTML, like Gecko) Version/10.0 Mobile/14G60 Safari/602.1" "www.saveaslave.com"
216.244.66.198 - - [08/Aug/2017:15:31:08 -0700] "GET /robots.txt HTTP/1.1" 200 48 "-" "Mozilla/5.0 (compatible; DotBot/1.1; http://www.opensiteexplorer.org/dotbot, help@moz.com)" "www.saveaslave.com"
42.236.12.130 - - [08/Aug/2017:18:34:52 -0700] "GET / HTTP/1.1" 200 88280 "http://saveaslave.com/" "Mozilla/5.0 (Windows NT 6.1; WOW64) AppleWebKit/537.36 (KHTML, like Gecko) Chrome/50.0.2661.102 Safari/537.36; 360Spider" "saveaslave.com"
40.77.167.45 - - [08/Aug/2017:18:38:32 -0700] "GET /articles/slavetrafficking.html HTTP/1.1" 404 89 "-" "Mozilla/5.0 (iPhone; CPU iPhone OS 7_0 like Mac OS X) AppleWebKit/537.51.1 (KHTML, like Gecko) Version/7.0 Mobile/11A465 Safari/9537.53 (compatible; bingbot/2.0; +http://www.bing.com/bingbot.htm)" "www.saveaslave.com"
68.193.121.215 - - [08/Aug/2017:19:46:03 -0700] "GET /images/top.jpg HTTP/1.1" 200 50519 "https://www.google.com/" "Mozilla/5.0 (Windows NT 10.0; Win64; x64) AppleWebKit/537.36 (KHTML, like Gecko) Chrome/60.0.3112.90 Safari/537.36" "www.saveaslave.com"
199.30.24.89 - - [08/Aug/2017:20:38:58 -0700] "GET /css/bootstrap.min.css HTTP/1.1" 200 123578 "-" "Mozilla/5.0 (Windows NT 6.1; WOW64) AppleWebKit/534+ (KHTML, like Gecko) BingPreview/1.0b" "saveaslave.com"
199.30.24.89 - - [08/Aug/2017:20:38:59 -0700] "GET /css/style.css HTTP/1.1" 200 7938 "-" "Mozilla/5.0 (Windows NT 6.1; WOW64) AppleWebKit/534+ (KHTML, like Gecko) BingPreview/1.0b" "saveaslave.com"
65.55.210.31 - - [08/Aug/2017:20:39:08 -0700] "GET /images/article/end_it.jpg HTTP/1.1" 200 33676 "-" "Mozilla/5.0 (Windows NT 6.1; WOW64) AppleWebKit/534+ (KHTML, like Gecko) BingPreview/1.0b" "saveaslave.com"
199.30.24.68 - - [08/Aug/2017:20:39:10 -0700] "GET /images/social2.png HTTP/1.1" 200 1752 "-" "Mozilla/5.0 (Windows NT 6.1; WOW64) AppleWebKit/534+ (KHTML, like Gecko) BingPreview/1.0b" "saveaslave.com"
40.77.167.45 - - [08/Aug/2017:20:39:13 -0700] "GET /robots.txt HTTP/1.1" 200 48 "-" "Mozilla/5.0 (compatible; bingbot/2.0; +http://www.bing.com/bingbot.htm)" "saveaslave.com"
65.55.210.71 - - [08/Aug/2017:20:39:19 -0700] "GET /js/bootstrap.min.js HTTP/1.1" 200 37055 "-" "Mozilla/5.0 (Windows NT 6.1; WOW64) AppleWebKit/534+ (KHTML, like Gecko) BingPreview/1.0b" "saveaslave.com"
65.55.210.71 - - [08/Aug/2017:20:39:20 -0700] "GET /assets/js/ie10-viewport-bug-workaround.js HTTP/1.1" 200 641 "-" "Mozilla/5.0 (Windows NT 6.1; WOW64) AppleWebKit/534+ (KHTML, like Gecko) BingPreview/1.0b" "saveaslave.com"
65.36.241.48 - - [08/Aug/2017:20:40:30 -0700] "HEAD / HTTP/1.1" 200 0 "-" "InternetSeer.com" "www.saveaslave.com"
5.255.250.169 - - [08/Aug/2017:20:49:41 -0700] "GET /robots.txt HTTP/1.1" 200 48 "-" "Mozilla/5.0 (compatible; YandexBot/3.0; +http://yandex.com/bots)" "saveaslave.com"
216.244.66.226 - - [08/Aug/2017:20:53:33 -0700] "GET /robots.txt HTTP/1.1" 200 48 "-" "Mozilla/5.0 (compatible; DotBot/1.1; http://www.opensiteexplorer.org/dotbot, help@moz.com)" "www.saveaslave.com"
65.36.241.48 - - [08/Aug/2017:21:50:20 -0700] "HEAD / HTTP/1.1" 200 0 "-" "InternetSeer.com" "www.saveaslave.com"
217.118.79.43 - - [08/Aug/2017:21:56:55 -0700] "GET /images/article/kateryna_ardanyan.jpg HTTP/1.1" 200 45587 "http://images.google.ru/imgres?imgurl=http://saveaslave.com/images/article/kateryna_ardanyan.jpg&imgrefurl=http://saveaslave.com/our-newsr.php&h=630&w=1200&tbnid=GLcpO-eo_yooDM:&q=%D0%A0%D0%8E%D0%A0%C2%B5%D0%A0%D1%94%D0%A1%D0%83.%D0%A1%D0%82%D0%A1%D1%93%D0%A0%C2%B1%D0%A1%E2%80%A0%D0%A0%D1%95%D0%A0%D0%86%D0%A0%C2%B0&tbnh=79&tbnw=150&iact=rc&usg=__a9vIi4MDAr54-tKqd9HcZaxlx4A=&vet=1&ei=7JWKWaCvEOGV6ATGwbmoAQ&tbm=isch&sa=X&ved=0ahUKEwig1ZGxrsnVAhXhCpoKHcZgDhUQrQMIITAC" "SonyEricssonJ108i/R7EA Browser/NetFront/3.5 Profile/MIDP-2.1 Configuration/CLDC-1.1 JavaPlatform/JP-8.5.2" "saveaslave.com"
37.187.56.81 - - [08/Aug/2017:22:18:38 -0700] "GET /our-news.php HTTP/1.1" 200 44776 "-" "Mozilla/5.0 (X11; Ubuntu; Linux x86_64; rv:21.0) Gecko/20100101 Firefox/21.0" "saveaslave.com"
37.187.56.81 - - [08/Aug/2017:22:18:45 -0700] "GET /coalition-members-cast.php HTTP/1.1" 200 48016 "-" "Mozilla/5.0 (X11; Ubuntu; Linux x86_64; rv:21.0) Gecko/20100101 Firefox/21.0" "saveaslave.com"
37.187.56.81 - - [08/Aug/2017:22:18:48 -0700] "GET /news3.php HTTP/1.1" 200 73 "-" "Mozilla/5.0 (X11; Ubuntu; Linux x86_64; rv:21.0) Gecko/20100101 Firefox/21.0" "saveaslave.com"[0]
37.187.56.81 - - [08/Aug/2017:22:18:48 -0700] "GET /news4.php HTTP/1.1" 200 73 "-" "Mozilla/5.0 (X11; Ubuntu; Linux x86_64; rv:21.0) Gecko/20100101 Firefox/21.0" "saveaslave.com"
37.187.56.81 - - [08/Aug/2017:22:18:51 -0700] "GET /article.php?id=117 HTTP/1.1" 200 48101 "-" "Mozilla/5.0 (X11; Ubuntu; Linux x86_64; rv:21.0) Gecko/20100101 Firefox/21.0" "saveaslave.com"
37.187.56.81 - - [08/Aug/2017:22:19:08 -0700] "GET /help.php HTTP/1.1" 200 53725 "-" "Mozilla/5.0 (X11; Ubuntu; Linux x86_64; rv:21.0) Gecko/20100101 Firefox/21.0" "saveaslave.com"[0]
37.187.56.81 - - [08/Aug/2017:22:19:13 -0700] "GET /our-supportersr.php HTTP/1.1" 200 73 "-" "Mozilla/5.0 (X11; Ubuntu; Linux x86_64; rv:21.0) Gecko/20100101 Firefox/21.0" "saveaslave.com"[0]
37.187.56.81 - - [08/Aug/2017:22:19:19 -0700] "GET /news11r.php HTTP/1.1" 200 73 "-" "Mozilla/5.0 (X11; Ubuntu; Linux x86_64; rv:21.0) Gecko/20100101 Firefox/21.0" "saveaslave.com"
37.187.56.81 - - [08/Aug/2017:22:19:19 -0700] "GET /news10r.php HTTP/1.1" 200 73 "-" "Mozilla/5.0 (X11; Ubuntu; Linux x86_64; rv:21.0) Gecko/20100101 Firefox/21.0" "saveaslave.com"
37.187.56.81 - - [08/Aug/2017:22:19:20 -0700] "GET /article.php?id=112 HTTP/1.1" 200 46853 "-" "Mozilla/5.0 (X11; Ubuntu; Linux x86_64; rv:21.0) Gecko/20100101 Firefox/21.0" "saveaslave.com"
37.187.56.81 - - [08/Aug/2017:22:19:24 -0700] "GET /article.php?id=65 HTTP/1.1" 200 51148 "-" "Mozilla/5.0 (X11; Ubuntu; Linux x86_64; rv:21.0) Gecko/20100101 Firefox/21.0" "saveaslave.com"[0]
37.187.56.81 - - [08/Aug/2017:22:19:27 -0700] "GET /article.php?id=64 HTTP/1.1" 200 47944 "-" "Mozilla/5.0 (X11; Ubuntu; Linux x86_64; rv:21.0) Gecko/20100101 Firefox/21.0" "saveaslave.com"[0]
37.187.56.81 - - [08/Aug/2017:22:19:29 -0700] "GET /article.php?id=63 HTTP/1.1" 200 46414 "-" "Mozilla/5.0 (X11; Ubuntu; Linux x86_64; rv:21.0) Gecko/20100101 Firefox/21.0" "saveaslave.com"[0]
37.187.56.81 - - [08/Aug/2017:22:19:32 -0700] "GET /www.freedomnetworkusa.org HTTP/1.1" 404 89 "-" "Mozilla/5.0 (X11; Ubuntu; Linux x86_64; rv:21.0) Gecko/20100101 Firefox/21.0" "saveaslave.com"
37.187.56.81 - - [08/Aug/2017:22:19:32 -0700] "GET /www.ayuda.com HTTP/1.1" 404 89 "-" "Mozilla/5.0 (X11; Ubuntu; Linux x86_64; rv:21.0) Gecko/20100101 Firefox/21.0" "saveaslave.com"
37.187.56.81 - - [08/Aug/2017:22:19:33 -0700] "GET /www.fairfund.org HTTP/1.1" 404 89 "-" "Mozilla/5.0 (X11; Ubuntu; Linux x86_64; rv:21.0) Gecko/20100101 Firefox/21.0" "saveaslave.com"
37.187.56.81 - - [08/Aug/2017:22:19:33 -0700] "GET /www.iofa.org HTTP/1.1" 404 89 "-" "Mozilla/5.0 (X11; Ubuntu; Linux x86_64; rv:21.0) Gecko/20100101 Firefox/21.0" "saveaslave.com"
37.187.56.81 - - [08/Aug/2017:22:19:34 -0700] "GET /www.mosaicservices.org HTTP/1.1" 404 89 "-" "Mozilla/5.0 (X11; Ubuntu; Linux x86_64; rv:21.0) Gecko/20100101 Firefox/21.0" "saveaslave.com"
37.187.56.81 - - [08/Aug/2017:22:19:34 -0700] "GET /www.immigrantjustice.org HTTP/1.1" 404 89 "-" "Mozilla/5.0 (X11; Ubuntu; Linux x86_64; rv:21.0) Gecko/20100101 Firefox/21.0" "saveaslave.com"
37.187.56.81 - - [08/Aug/2017:22:19:34 -0700] "GET /www.urbanjustice.org HTTP/1.1" 404 89 "-" "Mozilla/5.0 (X11; Ubuntu; Linux x86_64; rv:21.0) Gecko/20100101 Firefox/21.0" "saveaslave.com"
37.187.56.81 - - [08/Aug/2017:22:19:35 -0700] "GET /www.sexworkersproject.org HTTP/1.1" 404 89 "-" "Mozilla/5.0 (X11; Ubuntu; Linux x86_64; rv:21.0) Gecko/20100101 Firefox/21.0" "saveaslave.com"
37.187.56.81 - - [08/Aug/2017:22:19:35 -0700] "GET /www.apalc.org HTTP/1.1" 404 89 "-" "Mozilla/5.0 (X11; Ubuntu; Linux x86_64; rv:21.0) Gecko/20100101 Firefox/21.0" "saveaslave.com"
37.187.56.81 - - [08/Aug/2017:22:19:36 -0700] "GET /www.casadelafamilia.org HTTP/1.1" 404 89 "-" "Mozilla/5.0 (X11; Ubuntu; Linux x86_64; rv:21.0) Gecko/20100101 Firefox/21.0" "saveaslave.com"
37.187.56.81 - - [08/Aug/2017:22:19:36 -0700] "GET /www.cpaf.org HTTP/1.1" 404 89 "-" "Mozilla/5.0 (X11; Ubuntu; Linux x86_64; rv:21.0) Gecko/20100101 Firefox/21.0" "saveaslave.com"
37.187.56.81 - - [08/Aug/2017:22:19:37 -0700] "GET /www.clinicaromero.com HTTP/1.1" 404 89 "-" "Mozilla/5.0 (X11; Ubuntu; Linux x86_64; rv:21.0) Gecko/20100101 Firefox/21.0" "saveaslave.com"
37.187.56.81 - - [08/Aug/2017:22:19:37 -0700] "GET /www.covenanthouse.org HTTP/1.1" 404 89 "-" "Mozilla/5.0 (X11; Ubuntu; Linux x86_64; rv:21.0) Gecko/20100101 Firefox/21.0" "saveaslave.com"
37.187.56.81 - - [08/Aug/2017:22:19:37 -0700] "GET /www.gladinc.org HTTP/1.1" 404 89 "-" "Mozilla/5.0 (X11; Ubuntu; Linux x86_64; rv:21.0) Gecko/20100101 Firefox/21.0" "saveaslave.com"
37.187.56.81 - - [08/Aug/2017:22:19:37 -0700] "GET /www.theirc.org HTTP/1.1" 404 89 "-" "Mozilla/5.0 (X11; Ubuntu; Linux x86_64; rv:21.0) Gecko/20100101 Firefox/21.0" "saveaslave.com"
37.187.56.81 - - [08/Aug/2017:22:19:38 -0700] "GET /www.jvsla.org HTTP/1.1" 404 89 "-" "Mozilla/5.0 (X11; Ubuntu; Linux x86_64; rv:21.0) Gecko/20100101 Firefox/21.0" "saveaslave.com"
37.187.56.81 - - [08/Aug/2017:22:19:38 -0700] "GET /www.longbeach.gov HTTP/1.1" 404 89 "-" "Mozilla/5.0 (X11; Ubuntu; Linux x86_64; rv:21.0) Gecko/20100101 Firefox/21.0" "saveaslave.com"
37.187.56.81 - - [08/Aug/2017:22:19:39 -0700] "GET /www.usw.sarmy.org HTTP/1.1" 404 89 "-" "Mozilla/5.0 (X11; Ubuntu; Linux x86_64; rv:21.0) Gecko/20100101 Firefox/21.0" "saveaslave.com"
37.187.56.81 - - [08/Aug/2017:22:19:40 -0700] "GET /www.sndca.org HTTP/1.1" 404 89 "-" "Mozilla/5.0 (X11; Ubuntu; Linux x86_64; rv:21.0) Gecko/20100101 Firefox/21.0" "saveaslave.com"
37.187.56.81 - - [08/Aug/2017:22:19:40 -0700] "GET /www.eastwestplayers.org HTTP/1.1" 404 89 "-" "Mozilla/5.0 (X11; Ubuntu; Linux x86_64; rv:21.0) Gecko/20100101 Firefox/21.0" "saveaslave.com"
37.187.56.81 - - [08/Aug/2017:22:19:41 -0700] "GET /www.paralosninos.org HTTP/1.1" 404 89 "-" "Mozilla/5.0 (X11; Ubuntu; Linux x86_64; rv:21.0) Gecko/20100101 Firefox/21.0" "saveaslave.com"
37.187.56.81 - - [08/Aug/2017:22:19:41 -0700] "GET /www.nhmc.org HTTP/1.1" 404 89 "-" "Mozilla/5.0 (X11; Ubuntu; Linux x86_64; rv:21.0) Gecko/20100101 Firefox/21.0" "saveaslave.com"
37.187.56.81 - - [08/Aug/2017:22:19:41 -0700] "GET /www.casa-alianzamexico.org HTTP/1.1" 404 89 "-" "Mozilla/5.0 (X11; Ubuntu; Linux x86_64; rv:21.0) Gecko/20100101 Firefox/21.0" "saveaslave.com"
37.187.56.81 - - [08/Aug/2017:22:19:57 -0700] "GET /article.php?id=20 HTTP/1.1" 200 51083 "-" "Mozilla/5.0 (X11; Ubuntu; Linux x86_64; rv:21.0) Gecko/20100101 Firefox/21.0" "saveaslave.com"[0]
37.187.56.81 - - [08/Aug/2017:22:20:13 -0700] "GET /article.php?id=9 HTTP/1.1" 200 101294 "-" "Mozilla/5.0 (X11; Ubuntu; Linux x86_64; rv:21.0) Gecko/20100101 Firefox/21.0" "saveaslave.com"
37.187.56.81 - - [08/Aug/2017:22:20:18 -0700] "GET /article.php?id=12 HTTP/1.1" 200 50481 "-" "Mozilla/5.0 (X11; Ubuntu; Linux x86_64; rv:21.0) Gecko/20100101 Firefox/21.0" "saveaslave.com"
216.244.66.250 - - [08/Aug/2017:22:22:20 -0700] "GET /robots.txt HTTP/1.1" 200 48 "-" "Mozilla/5.0 (compatible; DotBot/1.1; http://www.opensiteexplorer.org/dotbot, help@moz.com)" "www.saveaslave.com"
24.188.98.184 - - [08/Aug/2017:22:30:16 -0700] "GET /images/article/suspects.jpg HTTP/1.1" 200 58796 "-" "Mozilla/5.0 (Linux; Android 7.0; SM-G930T Build/NRD90M; wv) AppleWebKit/537.36 (KHTML, like Gecko) Version/4.0 Chrome/59.0.3071.125 Mobile Safari/537.36 GSA/7.7.18.21.arm64" "www.saveaslave.com"
216.244.66.198 - - [08/Aug/2017:22:35:14 -0700] "GET /robots.txt HTTP/1.1" 200 48 "-" "Mozilla/5.0 (compatible; DotBot/1.1; http://www.opensiteexplorer.org/dotbot, help@moz.com)" "saveaslave.com"
49.199.232.136 - - [08/Aug/2017:23:11:34 -0700] "GET /images/top.jpg HTTP/1.1" 200 50519 "http://www.saveaslave.com/" "Mozilla/5.0 (Linux; Android 6.0; XT1068 Build/MPB24.65-34-3) AppleWebKit/537.36 (KHTML, like Gecko) Chrome/59.0.3071.125 Mobile Safari/537.36" "www.saveaslave.com"
49.199.232.136 - - [08/Aug/2017:23:11:36 -0700] "GET /css/down-arrow.png HTTP/1.1" 404 89 "http://www.saveaslave.com/css/elements.css" "Mozilla/5.0 (Linux; Android 6.0; XT1068 Build/MPB24.65-34-3) AppleWebKit/537.36 (KHTML, like Gecko) Chrome/59.0.3071.125 Mobile Safari/537.36" "www.saveaslave.com"
49.199.232.136 - - [08/Aug/2017:23:12:41 -0700] "GET /css/down-arrow.png HTTP/1.1" 404 89 "http://www.saveaslave.com/css/elements.css" "Mozilla/5.0 (Linux; Android 6.0; XT1068 Build/MPB24.65-34-3) AppleWebKit/537.36 (KHTML, like Gecko) Chrome/59.0.3071.125 Mobile Safari/537.36" "www.saveaslave.com"
49.199.232.136 - - [08/Aug/2017:23:15:30 -0700] "GET /our-supporters.php HTTP/1.1" 200 56332 "http://www.saveaslave.com/our-news.php" "Mozilla/5.0 (Linux; Android 6.0; XT1068 Build/MPB24.65-34-3) AppleWebKit/537.36 (KHTML, like Gecko) Chrome/59.0.3071.125 Mobile Safari/537.36" "www.saveaslave.com"
49.199.232.136 - - [08/Aug/2017:23:15:32 -0700] "GET /images/supporters/fpo-logo.gif HTTP/1.1" 200 3097 "http://www.saveaslave.com/our-supporters.php" "Mozilla/5.0 (Linux; Android 6.0; XT1068 Build/MPB24.65-34-3) AppleWebKit/537.36 (KHTML, like Gecko) Chrome/59.0.3071.125 Mobile Safari/537.36" "www.saveaslave.com"
49.199.232.136 - - [08/Aug/2017:23:15:33 -0700] "GET /images/supporters/safe-horizon.png HTTP/1.1" 200 16608 "http://www.saveaslave.com/our-supporters.php" "Mozilla/5.0 (Linux; Android 6.0; XT1068 Build/MPB24.65-34-3) AppleWebKit/537.36 (KHTML, like Gecko) Chrome/59.0.3071.125 Mobile Safari/537.36" "www.saveaslave.com"
49.199.232.136 - - [08/Aug/2017:23:16:29 -0700] "GET / HTTP/1.1" 200 88244 "http://www.saveaslave.com/our-supporters.php" "Mozilla/5.0 (Linux; Android 6.0; XT1068 Build/MPB24.65-34-3) AppleWebKit/537.36 (KHTML, like Gecko) Chrome/59.0.3071.125 Mobile Safari/537.36" "www.saveaslave.com"
216.244.66.198 - - [09/Aug/2017:00:11:09 -0700] "GET /article.php?id=114 HTTP/1.1" 200 44810 "-" "Mozilla/5.0 (compatible; DotBot/1.1; http://www.opensiteexplorer.org/dotbot, help@moz.com)" "saveaslave.com"
155.93.132.10 - - [09/Aug/2017:00:32:30 -0700] "GET /images/cover1.jpg HTTP/1.1" 200 253658 "-" "Mozilla/4.0 (compatible; MSIE 7.0; Windows NT 5.1; Trident/4.0; GTB7.5; .NET CLR 2.0.50727; .NET CLR 3.0.4506.2152; .NET CLR 3.5.30729)" "www.saveaslave.com"
65.36.241.48 - - [09/Aug/2017:00:44:18 -0700] "HEAD / HTTP/1.1" 200 0 "-" "InternetSeer.com" "www.saveaslave.com"
108.59.8.80 - - [09/Aug/2017:00:54:42 -0700] "GET /robots.txt HTTP/1.1" 200 48 "-" "Mozilla/5.0 (compatible; MJ12bot/v1.4.7; http://mj12bot.com/)" "saveaslave.com"
108.59.8.80 - - [09/Aug/2017:00:55:04 -0700] "GET /robots.txt HTTP/1.1" 200 48 "-" "Mozilla/5.0 (compatible; MJ12bot/v1.4.7; http://mj12bot.com/)" "www.saveaslave.com"
216.244.66.198 - - [09/Aug/2017:01:17:34 -0700] "GET /robots.txt HTTP/1.1" 200 48 "-" "Mozilla/5.0 (compatible; DotBot/1.1; http://www.opensiteexplorer.org/dotbot, help@moz.com)" "www.saveaslave.com"
34.228.197.173 - - [09/Aug/2017:01:31:27 -0700] "GET /article.php?id=46 HTTP/1.1" 200 50186 "-" "Mozilla/5.0 (compatible; linkdexbot/2.0; +http://www.linkdex.com/bots/)" "www.saveaslave.com"
88.99.194.48 - - [09/Aug/2017:02:21:49 -0700] "GET /our-newsr.php HTTP/1.1" 200 79139 "-" "Mozilla/5.0 (X11; Linux i686; rv:53.0) Gecko/20100101 Firefox/53.0" "saveaslave.com"[1]
216.244.66.198 - - [09/Aug/2017:02:26:28 -0700] "GET /robots.txt HTTP/1.1" 200 48 "-" "Mozilla/5.0 (compatible; DotBot/1.1; http://www.opensiteexplorer.org/dotbot, help@moz.com)" "www.saveaslave.com"
180.76.15.150 - - [09/Aug/2017:02:51:05 -0700] "GET / HTTP/1.1" 200 88280 "-" "Mozilla/5.0 (compatible; Baiduspider/2.0; +http://www.baidu.com/search/spider.html)" "saveaslave.com"
40.117.194.92 - - [09/Aug/2017:03:08:14 -0700] "HEAD / HTTP/1.1" 200 0 "https://www.google.com/" "Mozilla/5.0 (compatible; epicbot; +http://www.epictions.com/epicbot)" "saveaslave.com"
23.96.101.49 - - [09/Aug/2017:03:14:30 -0700] "HEAD / HTTP/1.1" 200 0 "https://www.google.com/" "Mozilla/5.0 (compatible; epicbot; +http://www.epictions.com/epicbot)" "saveaslave.com"
216.244.66.198 - - [09/Aug/2017:04:05:27 -0700] "GET /articles/modernslavery.html HTTP/1.1" 404 89 "-" "Mozilla/5.0 (compatible; DotBot/1.1; http://www.opensiteexplorer.org/dotbot, help@moz.com)" "www.saveaslave.com"
54.82.189.176 - - [09/Aug/2017:04:17:26 -0700] "GET /index.php HTTP/1.1" 200 88280 "-" "Mozilla/5.0 (compatible; linkdexbot/2.0; +http://www.linkdex.com/bots/)" "saveaslave.com"
5.255.250.19 - - [09/Aug/2017:04:40:42 -0700] "GET /www.bpsos.org HTTP/1.1" 404 89 "-" "Mozilla/5.0 (compatible; YandexBot/3.0; +http://yandex.com/bots)" "saveaslave.com"
5.255.250.117 - - [09/Aug/2017:04:42:57 -0700] "GET /robots.txt HTTP/1.1" 200 48 "-" "Mozilla/5.0 (compatible; YandexBot/3.0; +http://yandex.com/bots)" "www.saveaslave.com"
52.205.114.199 - - [09/Aug/2017:04:54:03 -0700] "GET / HTTP/1.1" 200 88280 "-" "-" "saveaslave.com"
88.99.194.48 - - [09/Aug/2017:04:54:48 -0700] "GET /our-newsr.php HTTP/1.1" 200 79139 "-" "Mozilla/5.0 (X11; Linux i686; rv:53.0) Gecko/20100101 Firefox/53.0" "saveaslave.com"
23.96.101.49 - - [09/Aug/2017:05:09:17 -0700] "HEAD / HTTP/1.1" 200 0 "https://www.google.com/" "Mozilla/5.0 (compatible; epicbot; +http://www.epictions.com/epicbot)" "saveaslave.com"
65.36.241.48 - - [09/Aug/2017:05:19:54 -0700] "HEAD / HTTP/1.1" 200 0 "-" "InternetSeer.com" "www.saveaslave.com"
216.244.66.198 - - [09/Aug/2017:05:22:47 -0700] "GET /robots.txt HTTP/1.1" 200 48 "-" "Mozilla/5.0 (compatible; DotBot/1.1; http://www.opensiteexplorer.org/dotbot, help@moz.com)" "saveaslave.com"
216.244.66.198 - - [09/Aug/2017:05:22:47 -0700] "GET /robots.txt HTTP/1.1" 200 48 "-" "Mozilla/5.0 (compatible; DotBot/1.1; http://www.opensiteexplorer.org/dotbot, help@moz.com)" "www.saveaslave.com"
91.210.146.219 - - [09/Aug/2017:05:27:53 -0700] "GET / HTTP/1.1" 200 88280 "http://saveaslave.com" "Mozilla/5.0 (Windows NT 6.1; WOW64) AppleWebKit/537.36 (KHTML, like Gecko) Chrome/31.0.1650.57 Safari/537.36" "saveaslave.com"
91.210.146.219 - - [09/Aug/2017:05:28:10 -0700] "GET /blog/ HTTP/1.1" 404 89 "http://saveaslave.com/blog/" "Mozilla/5.0 (Windows NT 6.1; WOW64) AppleWebKit/537.36 (KHTML, like Gecko) Chrome/31.0.1650.57 Safari/537.36" "saveaslave.com"
163.172.101.182 - - [09/Aug/2017:06:02:46 -0700] "GET /our-newsr.php HTTP/1.1" 200 79139 "-" "Mozilla/4.51 [de] (Win95; I)" "saveaslave.com"
216.244.66.198 - - [09/Aug/2017:06:30:24 -0700] "GET /our-news.php HTTP/1.1" 200 44776 "-" "Mozilla/5.0 (compatible; DotBot/1.1; http://www.opensiteexplorer.org/dotbot, help@moz.com)" "www.saveaslave.com"
37.17.172.122 - - [09/Aug/2017:07:17:29 -0700] "GET /help.php HTTP/1.1" 200 53725 "-" "Mozilla/5.0 (X11; Linux x86_64; rv:54.0) Gecko/20100101 Firefox/54.0" "saveaslave.com"
37.17.172.122 - - [09/Aug/2017:07:18:48 -0700] "GET /manifest.json HTTP/1.1" 404 89 "-" "Mozilla/5.0 (X11; Linux x86_64; rv:54.0) Gecko/20100101 Firefox/54.0" "saveaslave.com"
37.17.172.122 - - [09/Aug/2017:07:19:58 -0700] "GET /contact-us.php HTTP/1.1" 200 30765 "-" "Mozilla/5.0 (X11; Linux x86_64; rv:54.0) Gecko/20100101 Firefox/54.0" "saveaslave.com"
37.17.172.122 - - [09/Aug/2017:07:22:20 -0700] "GET /article.php?id=118 HTTP/1.1" 200 50002 "-" "Mozilla/5.0 (X11; Linux x86_64; rv:54.0) Gecko/20100101 Firefox/54.0" "saveaslave.com"
37.17.172.122 - - [09/Aug/2017:07:22:45 -0700] "GET /article.php?id=114 HTTP/1.1" 200 44810 "-" "Mozilla/5.0 (X11; Linux x86_64; rv:54.0) Gecko/20100101 Firefox/54.0" "saveaslave.com"
37.17.172.122 - - [09/Aug/2017:07:23:11 -0700] "GET /article.php?id=117 HTTP/1.1" 200 48101 "-" "Mozilla/5.0 (X11; Linux x86_64; rv:54.0) Gecko/20100101 Firefox/54.0" "saveaslave.com"[1]
37.17.172.122 - - [09/Aug/2017:07:24:06 -0700] "GET /article.php?id=119 HTTP/1.1" 200 44295 "-" "Mozilla/5.0 (X11; Linux x86_64; rv:54.0) Gecko/20100101 Firefox/54.0" "saveaslave.com"
37.17.172.122 - - [09/Aug/2017:07:25:14 -0700] "GET /who-we-arer.php HTTP/1.1" 200 73386 "-" "Mozilla/5.0 (X11; Linux x86_64; rv:54.0) Gecko/20100101 Firefox/54.0" "saveaslave.com"[1]
37.17.172.122 - - [09/Aug/2017:07:26:29 -0700] "GET /article.php?id=65 HTTP/1.1" 200 51148 "-" "Mozilla/5.0 (X11; Linux x86_64; rv:54.0) Gecko/20100101 Firefox/54.0" "saveaslave.com"
37.17.172.122 - - [09/Aug/2017:07:27:43 -0700] "GET /article.php?id=62 HTTP/1.1" 200 48571 "-" "Mozilla/5.0 (X11; Linux x86_64; rv:54.0) Gecko/20100101 Firefox/54.0" "saveaslave.com"[0]
37.17.172.122 - - [09/Aug/2017:07:29:11 -0700] "GET /article.php?id=24 HTTP/1.1" 200 46764 "-" "Mozilla/5.0 (X11; Linux x86_64; rv:54.0) Gecko/20100101 Firefox/54.0" "saveaslave.com"
37.17.172.122 - - [09/Aug/2017:07:29:36 -0700] "GET /article.php?id=61 HTTP/1.1" 200 57251 "-" "Mozilla/5.0 (X11; Linux x86_64; rv:54.0) Gecko/20100101 Firefox/54.0" "saveaslave.com"[1]
37.17.172.122 - - [09/Aug/2017:07:31:01 -0700] "GET /article.php?id=18 HTTP/1.1" 200 48016 "-" "Mozilla/5.0 (X11; Linux x86_64; rv:54.0) Gecko/20100101 Firefox/54.0" "saveaslave.com"
37.17.172.122 - - [09/Aug/2017:07:31:52 -0700] "GET /article.php?id=10 HTTP/1.1" 200 50356 "-" "Mozilla/5.0 (X11; Linux x86_64; rv:54.0) Gecko/20100101 Firefox/54.0" "saveaslave.com"
174.129.72.4 - - [09/Aug/2017:07:45:33 -0700] "GET / HTTP/1.1" 200 88280 "-" "-" "saveaslave.com"
65.36.241.48 - - [09/Aug/2017:07:57:14 -0700] "HEAD / HTTP/1.1" 200 0 "-" "InternetSeer.com" "www.saveaslave.com"
216.244.66.250 - - [09/Aug/2017:08:03:18 -0700] "GET /robots.txt HTTP/1.1" 200 48 "-" "Mozilla/5.0 (compatible; DotBot/1.1; http://www.opensiteexplorer.org/dotbot, help@moz.com)" "www.saveaslave.com"
194.58.115.168 - - [09/Aug/2017:08:38:10 -0700] "GET / HTTP/1.1" 200 88280 "-" "Virusdie crawler/3.0" "saveaslave.com"[2]
194.58.115.168 - - [09/Aug/2017:08:38:25 -0700] "GET /contact-us.php HTTP/1.1" 200 30765 "http://saveaslave.com/contact-us.php" "Virusdie crawler/3.0" "saveaslave.com"
194.58.115.168 - - [09/Aug/2017:08:38:31 -0700] "GET /disclaimer.php HTTP/1.1" 200 48789 "http://saveaslave.com/disclaimer.php" "Virusdie crawler/3.0" "saveaslave.com"
34.228.197.173 - - [09/Aug/2017:08:40:43 -0700] "GET /article.php?id=46 HTTP/1.1" 200 50186 "-" "Mozilla/5.0 (compatible; linkdexbot/2.0; +http://www.linkdex.com/bots/)" "saveaslave.com"
5.255.250.3 - - [09/Aug/2017:08:53:51 -0700] "GET /robots.txt HTTP/1.1" 200 48 "-" "Mozilla/5.0 (compatible; YandexBot/3.0; +http://yandex.com/bots)" "saveaslave.com"
77.88.5.47 - - [09/Aug/2017:08:53:57 -0700] "GET /article.php?id=113 HTTP/1.1" 200 44815 "-" "Mozilla/5.0 (compatible; YandexBot/3.0; +http://yandex.com/bots)" "saveaslave.com"[2]
216.244.66.250 - - [09/Aug/2017:09:10:11 -0700] "GET /contact-us.php HTTP/1.1" 200 30765 "-" "Mozilla/5.0 (compatible; DotBot/1.1; http://www.opensiteexplorer.org/dotbot, help@moz.com)" "www.saveaslave.com"
216.244.66.198 - - [09/Aug/2017:09:17:12 -0700] "GET /article.php?id=118 HTTP/1.1" 200 50002 "-" "Mozilla/5.0 (compatible; DotBot/1.1; http://www.opensiteexplorer.org/dotbot, help@moz.com)" "saveaslave.com"
40.77.167.29 - - [09/Aug/2017:10:08:14 -0700] "GET /article.php?id=64 HTTP/1.1" 200 47944 "-" "Mozilla/5.0 (compatible; bingbot/2.0; +http://www.bing.com/bingbot.htm)" "saveaslave.com"
40.77.167.29 - - [09/Aug/2017:10:08:56 -0700] "GET /?itemid=1 HTTP/1.1" 200 88280 "-" "Mozilla/5.0 (compatible; bingbot/2.0; +http://www.bing.com/bingbot.htm)" "saveaslave.com"
207.46.13.141 - - [09/Aug/2017:10:13:39 -0700] "GET /our-newsr.php HTTP/1.1" 200 79139 "-" "Mozilla/5.0 (compatible; bingbot/2.0; +http://www.bing.com/bingbot.htm)" "saveaslave.com"
207.46.13.139 - - [09/Aug/2017:10:22:38 -0700] "GET /article.php?id=18 HTTP/1.1" 200 48016 "-" "Mozilla/5.0 (compatible; bingbot/2.0; +http://www.bing.com/bingbot.htm)" "saveaslave.com"[1]
216.244.66.250 - - [09/Aug/2017:11:05:43 -0700] "GET /robots.txt HTTP/1.1" 200 48 "-" "Mozilla/5.0 (compatible; DotBot/1.1; http://www.opensiteexplorer.org/dotbot, help@moz.com)" "saveaslave.com"
141.8.143.187 - - [09/Aug/2017:11:13:04 -0700] "GET /images/article/russian_police.jpg HTTP/1.1" 200 30950 "-" "Mozilla/5.0 (compatible; YandexImages/3.0; +http://yandex.com/bots)" "saveaslave.com"
216.244.66.250 - - [09/Aug/2017:12:29:11 -0700] "GET /robots.txt HTTP/1.1" 200 48 "-" "Mozilla/5.0 (compatible; DotBot/1.1; http://www.opensiteexplorer.org/dotbot, help@moz.com)" "saveaslave.com"[0]
216.244.66.250 - - [09/Aug/2017:12:31:34 -0700] "GET /help.php HTTP/1.1" 200 53725 "-" "Mozilla/5.0 (compatible; DotBot/1.1; http://www.opensiteexplorer.org/dotbot, help@moz.com)" "saveaslave.com"[1]
71.171.18.123 - - [09/Aug/2017:13:17:35 -0700] "GET /gfeedfetcher.js HTTP/1.1" 200 9018 "http://www.saveaslave.com/" "Mozilla/5.0 (Windows NT 10.0; Win64; x64) AppleWebKit/537.36 (KHTML, like Gecko) Chrome/60.0.3112.90 Safari/537.36" "www.saveaslave.com"
71.171.18.123 - - [09/Aug/2017:13:17:35 -0700] "GET /css/style.css HTTP/1.1" 200 7938 "http://www.saveaslave.com/" "Mozilla/5.0 (Windows NT 10.0; Win64; x64) AppleWebKit/537.36 (KHTML, like Gecko) Chrome/60.0.3112.90 Safari/537.36" "www.saveaslave.com"
71.171.18.123 - - [09/Aug/2017:13:17:35 -0700] "GET /gajaxscroller.js HTTP/1.1" 200 9774 "http://www.saveaslave.com/" "Mozilla/5.0 (Windows NT 10.0; Win64; x64) AppleWebKit/537.36 (KHTML, like Gecko) Chrome/60.0.3112.90 Safari/537.36" "www.saveaslave.com"[0]
71.171.18.123 - - [09/Aug/2017:13:17:36 -0700] "GET /images/cover1.jpg HTTP/1.1" 200 253658 "http://www.saveaslave.com/" "Mozilla/5.0 (Windows NT 10.0; Win64; x64) AppleWebKit/537.36 (KHTML, like Gecko) Chrome/60.0.3112.90 Safari/537.36" "www.saveaslave.com"[0]
71.171.18.123 - - [09/Aug/2017:13:17:36 -0700] "GET /images/social2.png HTTP/1.1" 200 1752 "http://www.saveaslave.com/" "Mozilla/5.0 (Windows NT 10.0; Win64; x64) AppleWebKit/537.36 (KHTML, like Gecko) Chrome/60.0.3112.90 Safari/537.36" "www.saveaslave.com"
71.171.18.123 - - [09/Aug/2017:13:17:36 -0700] "GET /images/social1.png HTTP/1.1" 200 2012 "http://www.saveaslave.com/" "Mozilla/5.0 (Windows NT 10.0; Win64; x64) AppleWebKit/537.36 (KHTML, like Gecko) Chrome/60.0.3112.90 Safari/537.36" "www.saveaslave.com"
71.171.18.123 - - [09/Aug/2017:13:17:39 -0700] "GET /ico/favicon-32x32.png HTTP/1.1" 200 1892 "http://www.saveaslave.com/" "Mozilla/5.0 (Windows NT 10.0; Win64; x64) AppleWebKit/537.36 (KHTML, like Gecko) Chrome/60.0.3112.90 Safari/537.36" "www.saveaslave.com"
71.171.18.123 - - [09/Aug/2017:13:17:39 -0700] "GET /favicon.ico HTTP/1.1" 404 89 "http://www.saveaslave.com/" "Mozilla/5.0 (Windows NT 10.0; Win64; x64) AppleWebKit/537.36 (KHTML, like Gecko) Chrome/60.0.3112.90 Safari/537.36" "www.saveaslave.com"
34.207.160.252 - - [09/Aug/2017:13:32:46 -0700] "GET / HTTP/1.1" 200 88280 "-" "-" "saveaslave.com"
174.129.72.4 - - [09/Aug/2017:13:36:40 -0700] "GET / HTTP/1.1" 200 88280 "-" "-" "saveaslave.com"
71.171.18.123 - - [09/Aug/2017:13:54:43 -0700] "GET /addarticle.php HTTP/1.1" 200 13725 "http://www.saveaslave.com/" "Mozilla/5.0 (Windows NT 10.0; Win64; x64) AppleWebKit/537.36 (KHTML, like Gecko) Chrome/60.0.3112.90 Safari/537.36" "www.saveaslave.com"
71.171.18.123 - - [09/Aug/2017:13:57:36 -0700] "GET /DrudgeReportCopy.html HTTP/1.1" 404 89 "-" "Mozilla/5.0 (Windows NT 10.0; Win64; x64) AppleWebKit/537.36 (KHTML, like Gecko) Chrome/60.0.3112.90 Safari/537.36" "www.saveaslave.com"[0]
66.249.75.217 - - [09/Aug/2017:13:57:54 -0700] "GET /DrudgeReportcopy.html HTTP/1.1" 200 24984 "-" "Mediapartners-Google" "www.saveaslave.com"[0]
71.171.18.123 - - [09/Aug/2017:13:59:00 -0700] "GET /addarticle.php HTTP/1.1" 200 13725 "http://www.saveaslave.com/" "Mozilla/5.0 (Windows NT 10.0; Win64; x64) AppleWebKit/537.36 (KHTML, like Gecko) Chrome/60.0.3112.90 Safari/537.36" "www.saveaslave.com"
71.171.18.123 - - [09/Aug/2017:13:59:01 -0700] "GET /css/down-arrow.png HTTP/1.1" 404 89 "http://www.saveaslave.com/css/elements.css" "Mozilla/5.0 (Windows NT 10.0; Win64; x64) AppleWebKit/537.36 (KHTML, like Gecko) Chrome/60.0.3112.90 Safari/537.36" "www.saveaslave.com"
34.207.160.252 - - [09/Aug/2017:14:06:46 -0700] "GET / HTTP/1.1" 200 88280 "-" "-" "saveaslave.com"[2]
52.205.114.199 - - [09/Aug/2017:14:11:07 -0700] "GET / HTTP/1.1" 200 88280 "-" "-" "saveaslave.com"
71.171.18.123 - - [09/Aug/2017:14:51:49 -0700] "GET /drudge_index.php HTTP/1.1" 200 1560 "-" "Mozilla/5.0 (Windows NT 10.0; Win64; x64) AppleWebKit/537.36 (KHTML, like Gecko) Chrome/60.0.3112.90 Safari/537.36" "www.saveaslave.com"[0]
95.163.107.74 - - [09/Aug/2017:14:54:07 -0700] "GET /our-newsr.php HTTP/1.1" 200 79139 "-" "Mozilla/5.0 (X11; Linux i686; rv:53.0) Gecko/20100101 Firefox/53.0" "saveaslave.com"
49.199.111.95 - - [09/Aug/2017:15:00:06 -0700] "GET / HTTP/1.1" 200 88244 "http://www.saveaslave.com/our-supporters.php" "Mozilla/5.0 (Linux; Android 6.0; XT1068 Build/MPB24.65-34-3) AppleWebKit/537.36 (KHTML, like Gecko) Chrome/59.0.3071.125 Mobile Safari/537.36" "www.saveaslave.com"[2]
49.199.111.95 - - [09/Aug/2017:15:04:51 -0700] "GET /css/down-arrow.png HTTP/1.1" 404 89 "http://www.saveaslave.com/css/elements.css" "Mozilla/5.0 (Linux; Android 6.0; XT1068 Build/MPB24.65-34-3) AppleWebKit/537.36 (KHTML, like Gecko) Chrome/59.0.3071.125 Mobile Safari/537.36" "www.saveaslave.com"
89.145.95.2 - - [09/Aug/2017:15:22:03 -0700] "GET /DrudgeReportcopy.html HTTP/1.1" 200 24984 "-" "Mozilla/5.0 (compatible; GrapeshotCrawler/2.0; +http://www.grapeshot.co.uk/crawler.php)" "www.saveaslave.com"
71.171.18.123 - - [09/Aug/2017:15:23:36 -0700] "GET /addarticle.php HTTP/1.1" 200 13725 "http://www.saveaslave.com/drudge_index.php" "Mozilla/5.0 (Windows NT 10.0; Win64; x64) AppleWebKit/537.36 (KHTML, like Gecko) Chrome/60.0.3112.90 Safari/537.36" "www.saveaslave.com"
71.171.18.123 - - [09/Aug/2017:15:25:11 -0700] "GET /drudge_index.php HTTP/1.1" 200 32665 "http://www.saveaslave.com/drudge_index.php" "Mozilla/5.0 (Windows NT 10.0; Win64; x64) AppleWebKit/537.36 (KHTML, like Gecko) Chrome/60.0.3112.90 Safari/537.36" "www.saveaslave.com"
71.171.18.123 - - [09/Aug/2017:15:25:15 -0700] "GET /images/trip_advisor.jpg HTTP/1.1" 404 89 "http://www.saveaslave.com/drudge_index.php" "Mozilla/5.0 (Windows NT 10.0; Win64; x64) AppleWebKit/537.36 (KHTML, like Gecko) Chrome/60.0.3112.90 Safari/537.36" "www.saveaslave.com"
106.120.173.114 - - [09/Aug/2017:15:31:35 -0700] "GET / HTTP/1.1" 200 88280 "-" "Sogou web spider/4.0(+http://www.sogou.com/docs/help/webmasters.htm#07)" "saveaslave.com"[1]
62.210.138.75 - - [09/Aug/2017:15:46:37 -0700] "GET / HTTP/1.1" 200 88280 "-" "Mozilla/5.0 (Macintosh; Intel Mac OS X 10_12_4) AppleWebKit/537.36 (KHTML, like Gecko) Chrome/57.0.2987.133 Safari/537.36" "saveaslave.com"
62.210.138.75 - - [09/Aug/2017:15:46:37 -0700] "GET /assets/js/ie-emulation-modes-warning.js HTTP/1.1" 200 2130 "http://saveaslave.com/" "Mozilla/5.0 (Macintosh; Intel Mac OS X 10_12_4) AppleWebKit/537.36 (KHTML, like Gecko) Chrome/57.0.2987.133 Safari/537.36" "saveaslave.com"
46.118.118.100 - - [09/Aug/2017:15:58:17 -0700] "GET / HTTP/1.1" 200 88244 "http://chatroulette.video/" "Mozilla/4.0 (compatible; MSIE 5.5; Windows NT 4.0)" "www.saveaslave.com"
46.118.118.100 - - [09/Aug/2017:15:58:17 -0700] "GET / HTTP/1.1" 200 88244 "http://chatroulette.online/" "Mozilla/4.0 (compatible; MSIE 5.5; Windows NT 5.0)" "www.saveaslave.com"
46.118.118.100 - - [09/Aug/2017:15:58:17 -0700] "GET / HTTP/1.1" 200 88244 "http://chatroulette.video/" "Mozilla/4.0 (compatible; MSIE 5.5; Windows NT 4.0)" "www.saveaslave.com"[0]
46.118.118.100 - - [09/Aug/2017:15:58:18 -0700] "GET / HTTP/1.1" 200 88244 "http://chatroulette.video/" "Mozilla/4.0 (compatible; MSIE 5.5; Windows NT 4.0)" "www.saveaslave.com"
216.244.66.250 - - [09/Aug/2017:17:04:31 -0700] "GET /robots.txt HTTP/1.1" 200 48 "-" "Mozilla/5.0 (compatible; DotBot/1.1; http://www.opensiteexplorer.org/dotbot, help@moz.com)" "www.saveaslave.com"
40.77.167.29 - - [09/Aug/2017:17:37:15 -0700] "GET /images/logo2.png HTTP/1.1" 200 18525 "-" "Mozilla/5.0 (compatible; bingbot/2.0; +http://www.bing.com/bingbot.htm)" "saveaslave.com"
172.242.112.228 - - [09/Aug/2017:17:57:54 -0700] "GET / HTTP/1.1" 200 5719 "-" "Mozilla/5.0 (Windows NT 10.0; WOW64; Trident/7.0; SMJB; rv:11.0) like Gecko" "www.saveaslave.com"
172.242.112.228 - - [09/Aug/2017:17:57:54 -0700] "GET /gajaxscroller.js HTTP/1.1" 200 9774 "http://www.saveaslave.com/" "Mozilla/5.0 (Windows NT 10.0; WOW64; Trident/7.0; SMJB; rv:11.0) like Gecko" "www.saveaslave.com"
172.242.112.228 - - [09/Aug/2017:17:57:54 -0700] "GET /css/elements.css HTTP/1.1" 200 17857 "http://www.saveaslave.com/" "Mozilla/5.0 (Windows NT 10.0; WOW64; Trident/7.0; SMJB; rv:11.0) like Gecko" "www.saveaslave.com"
172.242.112.228 - - [09/Aug/2017:17:57:54 -0700] "GET /ico/favicon-32x32.png HTTP/1.1" 200 1892 "http://www.saveaslave.com/" "Mozilla/5.0 (Windows NT 10.0; WOW64; Trident/7.0; SMJB; rv:11.0) like Gecko" "www.saveaslave.com"
172.242.112.228 - - [09/Aug/2017:17:58:36 -0700] "GET /images/social1.png HTTP/1.1" 200 2012 "http://www.saveaslave.com/" "Mozilla/5.0 (Windows NT 10.0; WOW64; Trident/7.0; SMJB; rv:11.0) like Gecko" "www.saveaslave.com"
172.242.112.228 - - [09/Aug/2017:17:58:36 -0700] "GET /https:/www.tripadvisor.com/img/cdsi/img2/branding/socialWidget/20x20_green-21690-2.png HTTP/1.1" 404 89 "http://www.saveaslave.com/" "Mozilla/5.0 (Windows NT 10.0; WOW64; Trident/7.0; SMJB; rv:11.0) like Gecko" "www.saveaslave.com"
172.242.112.228 - - [09/Aug/2017:17:58:36 -0700] "GET /assets/js/ie10-viewport-bug-workaround.js HTTP/1.1" 200 641 "http://www.saveaslave.com/" "Mozilla/5.0 (Windows NT 10.0; WOW64; Trident/7.0; SMJB; rv:11.0) like Gecko" "www.saveaslave.com"
172.242.112.228 - - [09/Aug/2017:17:58:37 -0700] "GET /images/select-arrow.png HTTP/1.1" 200 1118 "http://www.saveaslave.com/" "Mozilla/5.0 (Windows NT 10.0; WOW64; Trident/7.0; SMJB; rv:11.0) like Gecko" "www.saveaslave.com"
207.46.13.141 - - [09/Aug/2017:18:01:39 -0700] "GET /images/article/end_it.jpg HTTP/1.1" 200 33676 "-" "Mozilla/5.0 (compatible; bingbot/2.0; +http://www.bing.com/bingbot.htm)" "saveaslave.com"
71.171.18.123 - - [09/Aug/2017:18:15:36 -0700] "GET /drudge_index.php HTTP/1.1" 200 32692 "http://www.saveaslave.com/drudge_index.php" "Mozilla/5.0 (Windows NT 10.0; Win64; x64) AppleWebKit/537.36 (KHTML, like Gecko) Chrome/60.0.3112.90 Safari/537.36" "www.saveaslave.com"[1]
71.171.18.123 - - [09/Aug/2017:18:20:55 -0700] "GET /drudge_index.php HTTP/1.1" 200 32692 "http://www.saveaslave.com/drudge_index.php" "Mozilla/5.0 (Windows NT 10.0; Win64; x64) AppleWebKit/537.36 (KHTML, like Gecko) Chrome/60.0.3112.90 Safari/537.36" "www.saveaslave.com"
71.171.18.123 - - [09/Aug/2017:18:26:01 -0700] "GET /drudge_index.php HTTP/1.1" 200 32692 "http://www.saveaslave.com/drudge_index.php" "Mozilla/5.0 (Windows NT 10.0; Win64; x64) AppleWebKit/537.36 (KHTML, like Gecko) Chrome/60.0.3112.90 Safari/537.36" "www.saveaslave.com"
71.171.18.123 - - [09/Aug/2017:18:26:04 -0700] "GET /addarticle.php HTTP/1.1" 200 479 "http://www.saveaslave.com/drudge_index.php" "Mozilla/5.0 (Windows NT 10.0; Win64; x64) AppleWebKit/537.36 (KHTML, like Gecko) Chrome/60.0.3112.90 Safari/537.36" "www.saveaslave.com"
107.77.94.123 - - [09/Aug/2017:18:33:43 -0700] "GET /css/style.css HTTP/1.1" 200 7938 "http://saveaslave.com/" "Mozilla/5.0 (iPhone; CPU iPhone OS 10_3_2 like Mac OS X) AppleWebKit/603.2.4 (KHTML, like Gecko) Version/10.0 Mobile/14F89 Safari/602.1" "saveaslave.com"
107.77.94.123 - - [09/Aug/2017:18:33:43 -0700] "GET /css/elements.css HTTP/1.1" 200 17857 "http://saveaslave.com/" "Mozilla/5.0 (iPhone; CPU iPhone OS 10_3_2 like Mac OS X) AppleWebKit/603.2.4 (KHTML, like Gecko) Version/10.0 Mobile/14F89 Safari/602.1" "saveaslave.com"
107.77.94.123 - - [09/Aug/2017:18:33:43 -0700] "GET /images/logo2.png HTTP/1.1" 200 18525 "http://saveaslave.com/" "Mozilla/5.0 (iPhone; CPU iPhone OS 10_3_2 like Mac OS X) AppleWebKit/603.2.4 (KHTML, like Gecko) Version/10.0 Mobile/14F89 Safari/602.1" "saveaslave.com"
107.77.94.123 - - [09/Aug/2017:18:33:44 -0700] "GET /images/social1.png HTTP/1.1" 200 2012 "http://saveaslave.com/" "Mozilla/5.0 (iPhone; CPU iPhone OS 10_3_2 like Mac OS X) AppleWebKit/603.2.4 (KHTML, like Gecko) Version/10.0 Mobile/14F89 Safari/602.1" "saveaslave.com"
107.77.94.123 - - [09/Aug/2017:18:33:45 -0700] "GET /addarticle.php HTTP/1.1" 200 13761 "http://saveaslave.com/" "Mozilla/5.0 (iPhone; CPU iPhone OS 10_3_2 like Mac OS X) AppleWebKit/603.2.4 (KHTML, like Gecko) Version/10.0 Mobile/14F89 Safari/602.1" "saveaslave.com"
107.77.94.123 - - [09/Aug/2017:18:33:45 -0700] "GET /images/select-arrow.png HTTP/1.1" 200 1118 "http://saveaslave.com/" "Mozilla/5.0 (iPhone; CPU iPhone OS 10_3_2 like Mac OS X) AppleWebKit/603.2.4 (KHTML, like Gecko) Version/10.0 Mobile/14F89 Safari/602.1" "saveaslave.com"
107.77.94.123 - - [09/Aug/2017:18:33:45 -0700] "GET /css/down-arrow.png HTTP/1.1" 404 89 "http://saveaslave.com/" "Mozilla/5.0 (iPhone; CPU iPhone OS 10_3_2 like Mac OS X) AppleWebKit/603.2.4 (KHTML, like Gecko) Version/10.0 Mobile/14F89 Safari/602.1" "saveaslave.com"
172.242.112.228 - - [09/Aug/2017:18:45:11 -0700] "GET /css/bootstrap.min.css HTTP/1.1" 200 123578 "http://www.saveaslave.com/" "Mozilla/5.0 (Windows NT 10.0; WOW64; Trident/7.0; SMJB; rv:11.0) like Gecko" "www.saveaslave.com"
172.242.112.228 - - [09/Aug/2017:19:06:38 -0700] "GET /images/social1.png HTTP/1.1" 200 2012 "http://www.saveaslave.com/drudge_index.php" "Mozilla/5.0 (Windows NT 10.0; WOW64; Trident/7.0; SMJB; rv:11.0) like Gecko" "www.saveaslave.com"
172.242.112.228 - - [09/Aug/2017:19:11:48 -0700] "GET /css/bootstrap.min.css HTTP/1.1" 200 123578 "http://www.saveaslave.com/addarticle.php" "Mozilla/5.0 (Windows NT 10.0; WOW64; Trident/7.0; SMJB; rv:11.0) like Gecko" "www.saveaslave.com"
172.242.112.228 - - [09/Aug/2017:19:11:51 -0700] "GET /favicon.ico HTTP/1.1" 404 89 "-" "Mozilla/5.0 (Windows NT 10.0; Win64; x64; Trident/7.0; SMJB; rv:11.0) like Gecko" "www.saveaslave.com"
172.242.112.228 - - [09/Aug/2017:19:16:55 -0700] "GET /css/elements.css HTTP/1.1" 200 17857 "http://www.saveaslave.com/addarticle.php" "Mozilla/5.0 (Windows NT 10.0; WOW64; Trident/7.0; SMJB; rv:11.0) like Gecko" "www.saveaslave.com"
172.242.112.228 - - [09/Aug/2017:19:22:00 -0700] "GET /css/elements.css HTTP/1.1" 200 17857 "http://www.saveaslave.com/addarticle.php" "Mozilla/5.0 (Windows NT 10.0; WOW64; Trident/7.0; SMJB; rv:11.0) like Gecko" "www.saveaslave.com"
172.242.112.228 - - [09/Aug/2017:19:32:09 -0700] "GET /addarticle.php HTTP/1.1" 200 13725 "http://www.saveaslave.com/drudge_index.php" "Mozilla/5.0 (Windows NT 10.0; WOW64; Trident/7.0; SMJB; rv:11.0) like Gecko" "www.saveaslave.com"
172.242.112.228 - - [09/Aug/2017:19:37:15 -0700] "GET /drudge_index.php HTTP/1.1" 200 32692 "-" "Mozilla/5.0 (Windows NT 10.0; WOW64; Trident/7.0; SMJB; rv:11.0) like Gecko" "www.saveaslave.com"
172.242.112.228 - - [09/Aug/2017:19:37:16 -0700] "GET /images/social1.png HTTP/1.1" 200 2012 "http://www.saveaslave.com/drudge_index.php" "Mozilla/5.0 (Windows NT 10.0; WOW64; Trident/7.0; SMJB; rv:11.0) like Gecko" "www.saveaslave.com"
172.242.112.228 - - [09/Aug/2017:19:37:16 -0700] "GET /css/bootstrap.min.css HTTP/1.1" 200 65536 "http://www.saveaslave.com/addarticle.php" "Mozilla/5.0 (Windows NT 10.0; WOW64; Trident/7.0; SMJB; rv:11.0) like Gecko" "www.saveaslave.com"
172.242.112.228 - - [09/Aug/2017:19:42:23 -0700] "GET /css/bootstrap.min.css HTTP/1.1" 200 65536 "http://www.saveaslave.com/addarticle.php" "Mozilla/5.0 (Windows NT 10.0; WOW64; Trident/7.0; SMJB; rv:11.0) like Gecko" "www.saveaslave.com"
172.242.112.228 - - [09/Aug/2017:19:47:27 -0700] "GET /drudge_index.php HTTP/1.1" 200 32692 "-" "Mozilla/5.0 (Windows NT 10.0; WOW64; Trident/7.0; SMJB; rv:11.0) like Gecko" "www.saveaslave.com"
172.242.112.228 - - [09/Aug/2017:19:47:28 -0700] "GET /addarticle.php HTTP/1.1" 200 13725 "http://www.saveaslave.com/drudge_index.php" "Mozilla/5.0 (Windows NT 10.0; WOW64; Trident/7.0; SMJB; rv:11.0) like Gecko" "www.saveaslave.com"
162.210.196.98 - - [09/Aug/2017:19:51:01 -0700] "GET /robots.txt HTTP/1.1" 200 48 "-" "Mozilla/5.0 (compatible; MJ12bot/v1.4.8; http://mj12bot.com/)" "saveaslave.com"
162.210.196.98 - - [09/Aug/2017:19:51:09 -0700] "GET /?tpl=hospitals&Itemid=11&countrycode=us HTTP/1.1" 200 88280 "-" "Mozilla/5.0 (compatible; MJ12bot/v1.4.8; http://mj12bot.com/)" "www.saveaslave.com"
162.210.196.98 - - [09/Aug/2017:19:51:14 -0700] "GET /?tpl=universities&Itemid=11&countrycode=us HTTP/1.1" 200 88280 "-" "Mozilla/5.0 (compatible; MJ12bot/v1.4.8; http://mj12bot.com/)" "www.saveaslave.com"
172.242.112.228 - - [09/Aug/2017:19:52:35 -0700] "GET /addarticle.php HTTP/1.1" 200 13725 "http://www.saveaslave.com/drudge_index.php" "Mozilla/5.0 (Windows NT 10.0; WOW64; Trident/7.0; SMJB; rv:11.0) like Gecko" "www.saveaslave.com"
172.242.112.228 - - [09/Aug/2017:19:57:41 -0700] "GET /css/elements.css HTTP/1.1" 200 17857 "http://www.saveaslave.com/addarticle.php" "Mozilla/5.0 (Windows NT 10.0; WOW64; Trident/7.0; SMJB; rv:11.0) like Gecko" "www.saveaslave.com"
172.242.112.228 - - [09/Aug/2017:20:02:44 -0700] "GET /drudge_index.php HTTP/1.1" 200 32692 "-" "Mozilla/5.0 (Windows NT 10.0; WOW64; Trident/7.0; SMJB; rv:11.0) like Gecko" "www.saveaslave.com"[1]
216.244.66.250 - - [09/Aug/2017:20:04:31 -0700] "GET /robots.txt HTTP/1.1" 200 48 "-" "Mozilla/5.0 (compatible; DotBot/1.1; http://www.opensiteexplorer.org/dotbot, help@moz.com)" "www.saveaslave.com"
65.36.241.48 - - [09/Aug/2017:20:04:40 -0700] "HEAD / HTTP/1.1" 200 0 "-" "InternetSeer.com" "www.saveaslave.com"
172.242.112.228 - - [09/Aug/2017:20:07:49 -0700] "GET /drudge_index.php HTTP/1.1" 200 32692 "-" "Mozilla/5.0 (Windows NT 10.0; WOW64; Trident/7.0; SMJB; rv:11.0) like Gecko" "www.saveaslave.com"
172.242.112.228 - - [09/Aug/2017:20:18:00 -0700] "GET /addarticle.php HTTP/1.1" 200 13725 "http://www.saveaslave.com/drudge_index.php" "Mozilla/5.0 (Windows NT 10.0; WOW64; Trident/7.0; SMJB; rv:11.0) like Gecko" "www.saveaslave.com"
66.228.162.8 - - [09/Aug/2017:20:18:30 -0700] "GET /js/bootstrap.min.js HTTP/1.1" 200 37055 "http://saveaslave.com/" "Mozilla/5.0 (Windows NT 6.1; Win64; x64) AppleWebKit/537.36 (KHTML, like Gecko) Chrome/60.0.3112.90 Safari/537.36" "saveaslave.com"
66.228.162.8 - - [09/Aug/2017:20:18:40 -0700] "GET /favicon.ico HTTP/1.1" 404 89 "http://saveaslave.com/" "Mozilla/5.0 (Windows NT 6.1; Win64; x64) AppleWebKit/537.36 (KHTML, like Gecko) Chrome/60.0.3112.90 Safari/537.36" "saveaslave.com"
66.228.162.8 - - [09/Aug/2017:20:18:55 -0700] "GET /ico/favicon-96x96.png HTTP/1.1" 200 4476 "http://saveaslave.com/" "Mozilla/5.0 (Windows NT 6.1; Win64; x64) AppleWebKit/537.36 (KHTML, like Gecko) Chrome/60.0.3112.90 Safari/537.36" "saveaslave.com"
91.192.66.179 - - [09/Aug/2017:20:18:58 -0700] "GET /images/article/pic_d5e8c4a8150358a4bbc1e7bbec10f48d%2520(1).jpg HTTP/1.1" 404 89 "http://images.google.com/imgres?imgurl=http://saveaslave.com/images/article/pic_d5e8c4a8150358a4bbc1e7bbec10f48d%252520(1).jpg&imgrefurl=http://saveaslave.com/our-newsr.php&h=280&w=420&tbnid=qNi88jCNupWfMM:&q=%D0%A0%D2%91%D0%A0%D1%95%D0%A0%D1%98+%D0%A1%D0%83%D0%A0%C2%B5%D0%A0%D1%94%D0%A1%D0%83+%D0%A0%D1%99%D0%A0+%D0%A0%C2%A0%D0%A0%E2%80%9C%D0%A0+%D0%A0%E2%80%94%D0%A0+%D0%A0%D0%8E%D0%A0%D1%99&tbnh=83&tbnw=125&iact=rc&usg=__ndxd-_Ltucv49RiMQC83czSHikM=&vet=1&ei=RNCLWeipCYTLwAL827yACQ&tbm=isch&client=ms-samsung&sa=X&ved=0ahUKEwjo24-V2svVAhWEJVAKHfwtD5AQrQMIIDAC" "SAMSUNG-GT-C3011/1.0 Openwave/6.2.3 Profile/MIDP-2.0 Configuration/CLDC-1.1 UP.Browser/6.2.3.3.c.1.101 (GUI) MMP/2.0" "saveaslave.com"[0]
24.253.73.108 - - [09/Aug/2017:20:20:30 -0700] "GET /css/bootstrap.min.css HTTP/1.1" 200 123578 "http://www.saveaslave.com/" "Mozilla/5.0 (Windows NT 10.0; Win64; x64) AppleWebKit/537.36 (KHTML, like Gecko) Chrome/60.0.3112.90 Safari/537.36" "www.saveaslave.com"
24.253.73.108 - - [09/Aug/2017:20:20:30 -0700] "GET /css/style-pages.css HTTP/1.1" 200 9894 "http://www.saveaslave.com/" "Mozilla/5.0 (Windows NT 10.0; Win64; x64) AppleWebKit/537.36 (KHTML, like Gecko) Chrome/60.0.3112.90 Safari/537.36" "www.saveaslave.com"
24.253.73.108 - - [09/Aug/2017:20:20:31 -0700] "GET /assets/js/ie10-viewport-bug-workaround.js HTTP/1.1" 200 641 "http://www.saveaslave.com/" "Mozilla/5.0 (Windows NT 10.0; Win64; x64) AppleWebKit/537.36 (KHTML, like Gecko) Chrome/60.0.3112.90 Safari/537.36" "www.saveaslave.com"[0]
24.253.73.108 - - [09/Aug/2017:20:20:31 -0700] "GET /images/top.jpg HTTP/1.1" 200 50519 "http://www.saveaslave.com/" "Mozilla/5.0 (Windows NT 10.0; Win64; x64) AppleWebKit/537.36 (KHTML, like Gecko) Chrome/60.0.3112.90 Safari/537.36" "www.saveaslave.com"
24.253.73.108 - - [09/Aug/2017:20:21:04 -0700] "GET /images/article/pyatka_default.jpg HTTP/1.1" 200 204394 "http://www.saveaslave.com/country.php?name=%20Albania&lang=ru" "Mozilla/5.0 (Windows NT 10.0; Win64; x64) AppleWebKit/537.36 (KHTML, like Gecko) Chrome/60.0.3112.90 Safari/537.36" "www.saveaslave.com"
172.242.112.228 - - [09/Aug/2017:20:22:30 -0700] "GET /css/style.css HTTP/1.1" 200 7938 "http://www.saveaslave.com/" "Mozilla/5.0 (Windows NT 10.0; WOW64; Trident/7.0; SMJB; rv:11.0) like Gecko" "www.saveaslave.com"
172.242.112.228 - - [09/Aug/2017:20:23:04 -0700] "GET /drudge_index.php HTTP/1.1" 200 32692 "-" "Mozilla/5.0 (Windows NT 10.0; WOW64; Trident/7.0; SMJB; rv:11.0) like Gecko" "www.saveaslave.com"[0]
172.242.112.228 - - [09/Aug/2017:20:23:07 -0700] "GET /css/elements.css HTTP/1.1" 200 17857 "http://www.saveaslave.com/addarticle.php" "Mozilla/5.0 (Windows NT 10.0; WOW64; Trident/7.0; SMJB; rv:11.0) like Gecko" "www.saveaslave.com"
