194.187.170.144 - - [03/Jun/2017:11:55:19 -0700] "GET /article.php?id=6 HTTP/1.1" 200 48451 "-" "Mozilla/5.0 (compatible; Qwantify/2.4w; +https://www.qwant.com/)/2.4w" "www.saveaslave.com"
66.249.69.94 - - [03/Jun/2017:12:18:43 -0700] "GET /images/article/128712997050803b%20(1).jpg HTTP/1.1" 200 24359 "-" "Googlebot-Image/1.0" "saveaslave.com"
220.181.51.88 - - [03/Jun/2017:12:42:58 -0700] "GET /robots.txt HTTP/1.1" 200 48 "-" "Mozilla/5.0 (Windows NT 10.0; WOW64) AppleWebKit/537.36 (KHTML, like Gecko) Chrome/45.0.2454.93 Safari/537.36" "saveaslave.com"
216.244.66.250 - - [03/Jun/2017:12:48:26 -0700] "GET /robots.txt HTTP/1.1" 200 48 "-" "Mozilla/5.0 (compatible; DotBot/1.1; http://www.opensiteexplorer.org/dotbot, help@moz.com)" "saveaslave.com"
180.153.236.173 - - [03/Jun/2017:13:07:03 -0700] "GET / HTTP/1.1" 200 88280 "http://saveaslave.com/" "Mozilla/5.0(compatible;MSIE9.0;WindowsNT6.1;Trident/5.0)" "saveaslave.com"[1]
34.207.107.82 - - [03/Jun/2017:13:11:45 -0700] "GET / HTTP/1.1" 200 88280 "-" "-" "saveaslave.com"[1]
54.227.69.150 - - [03/Jun/2017:13:11:48 -0700] "GET / HTTP/1.1" 200 88280 "-" "Mozilla/5.0 (compatible; linkdexbot/2.0; +http://www.linkdex.com/bots/)" "www.saveaslave.com"
164.132.161.21 - - [03/Jun/2017:13:19:55 -0700] "GET /chile.html HTTP/1.1" 404 89 "-" "Mozilla/5.0 (compatible; AhrefsBot/5.2; +http://ahrefs.com/robot/)" "www.saveaslave.com"[0]
71.218.0.52 - - [03/Jun/2017:13:34:55 -0700] "GET / HTTP/1.1" 200 88244 "https://t.co/E8R4kksux4" "Mozilla/5.0 (iPad; CPU OS 10_3_2 like Mac OS X) AppleWebKit/602.3.12 (KHTML, like Gecko) Mobile/14F89 Twitter for iPhone" "saveaslave.com"
71.218.0.52 - - [03/Jun/2017:13:34:55 -0700] "GET /css/elements.css HTTP/1.1" 200 17857 "http://saveaslave.com/" "Mozilla/5.0 (iPad; CPU OS 10_3_2 like Mac OS X) AppleWebKit/602.3.12 (KHTML, like Gecko) Mobile/14F89 Twitter for iPhone" "saveaslave.com"
71.218.0.52 - - [03/Jun/2017:13:34:55 -0700] "GET /css/bootstrap.min.css HTTP/1.1" 200 123578 "http://saveaslave.com/" "Mozilla/5.0 (iPad; CPU OS 10_3_2 like Mac OS X) AppleWebKit/602.3.12 (KHTML, like Gecko) Mobile/14F89 Twitter for iPhone" "saveaslave.com"
71.218.0.52 - - [03/Jun/2017:13:34:55 -0700] "GET /css/style-pages.css HTTP/1.1" 200 9894 "http://saveaslave.com/" "Mozilla/5.0 (iPad; CPU OS 10_3_2 like Mac OS X) AppleWebKit/602.3.12 (KHTML, like Gecko) Mobile/14F89 Twitter for iPhone" "saveaslave.com"
71.218.0.52 - - [03/Jun/2017:13:34:55 -0700] "GET /assets/js/ie-emulation-modes-warning.js HTTP/1.1" 200 2130 "http://saveaslave.com/" "Mozilla/5.0 (iPad; CPU OS 10_3_2 like Mac OS X) AppleWebKit/602.3.12 (KHTML, like Gecko) Mobile/14F89 Twitter for iPhone" "saveaslave.com"
71.218.0.52 - - [03/Jun/2017:13:34:55 -0700] "GET /gfeedfetcher.js HTTP/1.1" 200 9018 "http://saveaslave.com/" "Mozilla/5.0 (iPad; CPU OS 10_3_2 like Mac OS X) AppleWebKit/602.3.12 (KHTML, like Gecko) Mobile/14F89 Twitter for iPhone" "saveaslave.com"
71.218.0.52 - - [03/Jun/2017:13:34:55 -0700] "GET /gajaxscroller.js HTTP/1.1" 200 9774 "http://saveaslave.com/" "Mozilla/5.0 (iPad; CPU OS 10_3_2 like Mac OS X) AppleWebKit/602.3.12 (KHTML, like Gecko) Mobile/14F89 Twitter for iPhone" "saveaslave.com"
71.218.0.52 - - [03/Jun/2017:13:34:55 -0700] "GET /assets/js/ie10-viewport-bug-workaround.js HTTP/1.1" 200 641 "http://saveaslave.com/" "Mozilla/5.0 (iPad; CPU OS 10_3_2 like Mac OS X) AppleWebKit/602.3.12 (KHTML, like Gecko) Mobile/14F89 Twitter for iPhone" "saveaslave.com"
71.218.0.52 - - [03/Jun/2017:13:34:55 -0700] "GET /js/bootstrap.min.js HTTP/1.1" 200 37055 "http://saveaslave.com/" "Mozilla/5.0 (iPad; CPU OS 10_3_2 like Mac OS X) AppleWebKit/602.3.12 (KHTML, like Gecko) Mobile/14F89 Twitter for iPhone" "saveaslave.com"
71.218.0.52 - - [03/Jun/2017:13:34:55 -0700] "GET /images/logo2.png HTTP/1.1" 200 18525 "http://saveaslave.com/" "Mozilla/5.0 (iPad; CPU OS 10_3_2 like Mac OS X) AppleWebKit/602.3.12 (KHTML, like Gecko) Mobile/14F89 Twitter for iPhone" "saveaslave.com"
71.218.0.52 - - [03/Jun/2017:13:34:55 -0700] "GET /images/top.jpg HTTP/1.1" 200 50519 "http://saveaslave.com/" "Mozilla/5.0 (iPad; CPU OS 10_3_2 like Mac OS X) AppleWebKit/602.3.12 (KHTML, like Gecko) Mobile/14F89 Twitter for iPhone" "saveaslave.com"
71.218.0.52 - - [03/Jun/2017:13:34:55 -0700] "GET /images/article/end_it.jpg HTTP/1.1" 200 33676 "http://saveaslave.com/" "Mozilla/5.0 (iPad; CPU OS 10_3_2 like Mac OS X) AppleWebKit/602.3.12 (KHTML, like Gecko) Mobile/14F89 Twitter for iPhone" "saveaslave.com"
71.218.0.52 - - [03/Jun/2017:13:34:55 -0700] "GET /images/cover1.jpg HTTP/1.1" 200 253658 "http://saveaslave.com/" "Mozilla/5.0 (iPad; CPU OS 10_3_2 like Mac OS X) AppleWebKit/602.3.12 (KHTML, like Gecko) Mobile/14F89 Twitter for iPhone" "saveaslave.com"[0]
71.218.0.52 - - [03/Jun/2017:13:34:55 -0700] "GET /images/social1.png HTTP/1.1" 200 2012 "http://saveaslave.com/" "Mozilla/5.0 (iPad; CPU OS 10_3_2 like Mac OS X) AppleWebKit/602.3.12 (KHTML, like Gecko) Mobile/14F89 Twitter for iPhone" "saveaslave.com"
71.218.0.52 - - [03/Jun/2017:13:34:55 -0700] "GET /images/social2.png HTTP/1.1" 200 1752 "http://saveaslave.com/" "Mozilla/5.0 (iPad; CPU OS 10_3_2 like Mac OS X) AppleWebKit/602.3.12 (KHTML, like Gecko) Mobile/14F89 Twitter for iPhone" "saveaslave.com"
71.218.0.52 - - [03/Jun/2017:13:34:55 -0700] "GET /images/social3.png HTTP/1.1" 200 4343 "http://saveaslave.com/" "Mozilla/5.0 (iPad; CPU OS 10_3_2 like Mac OS X) AppleWebKit/602.3.12 (KHTML, like Gecko) Mobile/14F89 Twitter for iPhone" "saveaslave.com"
71.218.0.52 - - [03/Jun/2017:13:34:55 -0700] "GET /images/tripit_icon_thumb_flat.png HTTP/1.1" 200 5795 "http://saveaslave.com/" "Mozilla/5.0 (iPad; CPU OS 10_3_2 like Mac OS X) AppleWebKit/602.3.12 (KHTML, like Gecko) Mobile/14F89 Twitter for iPhone" "saveaslave.com"
71.218.0.52 - - [03/Jun/2017:13:34:56 -0700] "GET /addarticle.php HTTP/1.1" 200 13761 "http://saveaslave.com/" "Mozilla/5.0 (iPad; CPU OS 10_3_2 like Mac OS X) AppleWebKit/602.3.12 (KHTML, like Gecko) Mobile/14F89 Twitter for iPhone" "saveaslave.com"
71.218.0.52 - - [03/Jun/2017:13:34:56 -0700] "GET /images/select-arrow.png HTTP/1.1" 200 1118 "http://saveaslave.com/" "Mozilla/5.0 (iPad; CPU OS 10_3_2 like Mac OS X) AppleWebKit/602.3.12 (KHTML, like Gecko) Mobile/14F89 Twitter for iPhone" "saveaslave.com"
71.218.0.52 - - [03/Jun/2017:13:34:56 -0700] "GET /indicator.gif HTTP/1.1" 200 878 "http://saveaslave.com/" "Mozilla/5.0 (iPad; CPU OS 10_3_2 like Mac OS X) AppleWebKit/602.3.12 (KHTML, like Gecko) Mobile/14F89 Twitter for iPhone" "saveaslave.com"
71.218.0.52 - - [03/Jun/2017:13:34:56 -0700] "GET /css/down-arrow.png HTTP/1.1" 404 89 "http://saveaslave.com/" "Mozilla/5.0 (iPad; CPU OS 10_3_2 like Mac OS X) AppleWebKit/602.3.12 (KHTML, like Gecko) Mobile/14F89 Twitter for iPhone" "saveaslave.com"
216.244.66.250 - - [03/Jun/2017:13:38:44 -0700] "GET /help.php HTTP/1.1" 200 53725 "-" "Mozilla/5.0 (compatible; DotBot/1.1; http://www.opensiteexplorer.org/dotbot, help@moz.com)" "saveaslave.com"
66.249.69.64 - - [03/Jun/2017:13:57:10 -0700] "GET /images/article/150px-Coat_of_Arms_of_Homiel,_Belarus.svg.png HTTP/1.1" 200 9719 "-" "Googlebot-Image/1.0" "saveaslave.com"
216.244.66.198 - - [03/Jun/2017:14:17:26 -0700] "GET /robots.txt HTTP/1.1" 200 48 "-" "Mozilla/5.0 (compatible; DotBot/1.1; http://www.opensiteexplorer.org/dotbot, help@moz.com)" "saveaslave.com"
180.76.15.152 - - [03/Jun/2017:14:25:05 -0700] "GET /country.php?name=Japan&lang=en HTTP/1.1" 200 56025 "-" "Mozilla/5.0 (compatible; Baiduspider/2.0; +http://www.baidu.com/search/spider.html)" "www.saveaslave.com"
66.249.69.64 - - [03/Jun/2017:14:31:06 -0700] "GET /images/article/ddccfaac_s.jpg HTTP/1.1" 200 12086 "-" "Googlebot-Image/1.0" "saveaslave.com"
216.244.66.198 - - [03/Jun/2017:14:45:22 -0700] "GET /robots.txt HTTP/1.1" 200 48 "-" "Mozilla/5.0 (compatible; DotBot/1.1; http://www.opensiteexplorer.org/dotbot, help@moz.com)" "www.saveaslave.com"
157.55.39.120 - - [03/Jun/2017:14:52:13 -0700] "GET /article.php?id=114 HTTP/1.1" 200 44810 "-" "Mozilla/5.0 (compatible; bingbot/2.0; +http://www.bing.com/bingbot.htm)" "saveaslave.com"
40.77.167.99 - - [03/Jun/2017:14:52:22 -0700] "GET /?tpl=newspaper&itemid=6&countrycode=us HTTP/1.1" 200 88280 "-" "Mozilla/5.0 (compatible; bingbot/2.0; +http://www.bing.com/bingbot.htm)" "saveaslave.com"
40.77.167.99 - - [03/Jun/2017:14:52:24 -0700] "GET /?tpl=newspaper&itemid=6 HTTP/1.1" 200 88280 "-" "Mozilla/5.0 (compatible; bingbot/2.0; +http://www.bing.com/bingbot.htm)" "saveaslave.com"[1]
157.55.39.120 - - [03/Jun/2017:14:52:27 -0700] "GET /our-newsr.php HTTP/1.1" 200 79139 "-" "Mozilla/5.0 (compatible; bingbot/2.0; +http://www.bing.com/bingbot.htm)" "saveaslave.com"[0]
157.55.39.120 - - [03/Jun/2017:14:52:30 -0700] "GET /article.php?id=7 HTTP/1.1" 200 50078 "-" "Mozilla/5.0 (compatible; bingbot/2.0; +http://www.bing.com/bingbot.htm)" "saveaslave.com"
207.46.13.122 - - [03/Jun/2017:14:52:38 -0700] "GET /?tpl=references&itemid=3 HTTP/1.1" 200 88280 "-" "Mozilla/5.0 (compatible; bingbot/2.0; +http://www.bing.com/bingbot.htm)" "saveaslave.com"[0]
207.46.13.122 - - [03/Jun/2017:14:52:39 -0700] "GET /?tpl=radiolist&Itemid=10&countrycode=us HTTP/1.1" 200 88280 "-" "Mozilla/5.0 (compatible; bingbot/2.0; +http://www.bing.com/bingbot.htm)" "saveaslave.com"[0]
207.46.13.122 - - [03/Jun/2017:14:52:39 -0700] "GET / HTTP/1.1" 200 88280 "-" "Mozilla/5.0 (compatible; bingbot/2.0; +http://www.bing.com/bingbot.htm)" "saveaslave.com"
207.46.13.122 - - [03/Jun/2017:14:52:39 -0700] "GET /article.php?id=9 HTTP/1.1" 200 101294 "-" "Mozilla/5.0 (compatible; bingbot/2.0; +http://www.bing.com/bingbot.htm)" "saveaslave.com"[0]
207.46.13.122 - - [03/Jun/2017:14:53:29 -0700] "GET /?tpl=about&itemid=2 HTTP/1.1" 200 88280 "-" "Mozilla/5.0 (compatible; bingbot/2.0; +http://www.bing.com/bingbot.htm)" "saveaslave.com"
216.244.66.198 - - [03/Jun/2017:14:59:27 -0700] "GET /disclaimer.php HTTP/1.1" 200 48762 "-" "Mozilla/5.0 (compatible; DotBot/1.1; http://www.opensiteexplorer.org/dotbot, help@moz.com)" "saveaslave.com"
217.182.132.15 - - [03/Jun/2017:15:03:22 -0700] "GET /sao-tome-principe.html HTTP/1.1" 404 89 "-" "Mozilla/5.0 (compatible; AhrefsBot/5.2; +http://ahrefs.com/robot/)" "saveaslave.com"
216.244.66.198 - - [03/Jun/2017:15:27:58 -0700] "GET /article.php?id=118 HTTP/1.1" 200 50002 "-" "Mozilla/5.0 (compatible; DotBot/1.1; http://www.opensiteexplorer.org/dotbot, help@moz.com)" "www.saveaslave.com"[2]
157.55.39.6 - - [03/Jun/2017:15:43:11 -0700] "GET /robots.txt HTTP/1.1" 200 48 "-" "Mozilla/5.0 (compatible; bingbot/2.0; +http://www.bing.com/bingbot.htm)" "www.saveaslave.com"
207.46.13.122 - - [03/Jun/2017:15:43:43 -0700] "GET /?tpl=about&Itemid=2 HTTP/1.1" 200 88280 "-" "Mozilla/5.0 (compatible; bingbot/2.0; +http://www.bing.com/bingbot.htm)" "www.saveaslave.com"
207.46.13.122 - - [03/Jun/2017:15:43:43 -0700] "GET /?tpl=hospitals&Itemid=11&countrycode=us HTTP/1.1" 200 88280 "-" "Mozilla/5.0 (compatible; bingbot/2.0; +http://www.bing.com/bingbot.htm)" "www.saveaslave.com"
207.46.13.122 - - [03/Jun/2017:15:43:44 -0700] "GET /?tpl=references&Itemid=3 HTTP/1.1" 200 88280 "-" "Mozilla/5.0 (compatible; bingbot/2.0; +http://www.bing.com/bingbot.htm)" "www.saveaslave.com"
207.46.13.122 - - [03/Jun/2017:15:43:44 -0700] "GET /who-we-are.php HTTP/1.1" 200 51705 "-" "Mozilla/5.0 (compatible; bingbot/2.0; +http://www.bing.com/bingbot.htm)" "www.saveaslave.com"
207.46.13.122 - - [03/Jun/2017:15:43:45 -0700] "GET /help.php HTTP/1.1" 200 53725 "-" "Mozilla/5.0 (compatible; bingbot/2.0; +http://www.bing.com/bingbot.htm)" "www.saveaslave.com"[0]
157.55.39.120 - - [03/Jun/2017:15:52:55 -0700] "GET /our-news.php HTTP/1.1" 200 69013 "-" "Mozilla/5.0 (compatible; bingbot/2.0; +http://www.bing.com/bingbot.htm)" "www.saveaslave.com"
157.55.39.152 - - [03/Jun/2017:15:54:50 -0700] "GET /article.php?id=64 HTTP/1.1" 200 47944 "-" "Mozilla/5.0 (compatible; bingbot/2.0; +http://www.bing.com/bingbot.htm)" "saveaslave.com"[1]
157.55.39.152 - - [03/Jun/2017:15:54:51 -0700] "GET /who-we-arer.php HTTP/1.1" 200 73386 "-" "Mozilla/5.0 (compatible; bingbot/2.0; +http://www.bing.com/bingbot.htm)" "saveaslave.com"
157.55.39.152 - - [03/Jun/2017:15:54:52 -0700] "GET /article.php?id=20 HTTP/1.1" 200 51083 "-" "Mozilla/5.0 (compatible; bingbot/2.0; +http://www.bing.com/bingbot.htm)" "saveaslave.com"
157.55.39.152 - - [03/Jun/2017:15:54:52 -0700] "GET /?itemid=1 HTTP/1.1" 200 88280 "-" "Mozilla/5.0 (compatible; bingbot/2.0; +http://www.bing.com/bingbot.htm)" "saveaslave.com"[0]
40.77.167.99 - - [03/Jun/2017:15:55:20 -0700] "GET /disclaimer.php HTTP/1.1" 200 48762 "-" "Mozilla/5.0 (compatible; bingbot/2.0; +http://www.bing.com/bingbot.htm)" "www.saveaslave.com"
84.201.133.53 - - [03/Jun/2017:16:50:53 -0700] "GET /ico/favicon-16x16.png HTTP/1.1" 200 1129 "-" "Mozilla/5.0 (compatible; YandexBot/3.0; +http://yandex.com/bots)" "saveaslave.com"
106.120.173.111 - - [03/Jun/2017:17:53:01 -0700] "GET /robots.txt HTTP/1.1" 200 48 "-" "Sogou web spider/4.0(+http://www.sogou.com/docs/help/webmasters.htm#07)" "saveaslave.com"
216.244.66.250 - - [03/Jun/2017:17:57:53 -0700] "GET /robots.txt HTTP/1.1" 200 48 "-" "Mozilla/5.0 (compatible; DotBot/1.1; http://www.opensiteexplorer.org/dotbot, help@moz.com)" "saveaslave.com"
216.244.66.198 - - [03/Jun/2017:18:09:16 -0700] "GET /article.php?id=114 HTTP/1.1" 200 44810 "-" "Mozilla/5.0 (compatible; DotBot/1.1; http://www.opensiteexplorer.org/dotbot, help@moz.com)" "www.saveaslave.com"
216.244.66.198 - - [03/Jun/2017:18:09:19 -0700] "GET /managecountry.php HTTP/1.1" 200 1294 "-" "Mozilla/5.0 (compatible; DotBot/1.1; http://www.opensiteexplorer.org/dotbot, help@moz.com)" "www.saveaslave.com"
217.182.132.86 - - [03/Jun/2017:18:27:28 -0700] "GET /www.nightlightinternational.org HTTP/1.1" 404 89 "-" "Mozilla/5.0 (compatible; AhrefsBot/5.2; +http://ahrefs.com/robot/)" "saveaslave.com"[0]
65.36.241.48 - - [03/Jun/2017:18:27:48 -0700] "HEAD / HTTP/1.1" 200 0 "-" "InternetSeer.com" "www.saveaslave.com"
157.55.39.152 - - [03/Jun/2017:18:47:53 -0700] "GET /index.php HTTP/1.1" 200 88280 "-" "Mozilla/5.0 (compatible; bingbot/2.0; +http://www.bing.com/bingbot.htm)" "www.saveaslave.com"[0]
144.76.78.30 - - [03/Jun/2017:18:51:05 -0700] "GET / HTTP/1.1" 200 88280 "-" "" "saveaslave.com"
144.76.78.30 - - [03/Jun/2017:18:51:06 -0700] "GET /blog/ HTTP/1.1" 404 89 "-" "" "saveaslave.com"
54.196.77.5 - - [03/Jun/2017:19:05:44 -0700] "GET /?Itemid=1 HTTP/1.1" 200 88280 "-" "Mozilla/5.0 (compatible; linkdexbot/2.0; +http://www.linkdex.com/bots/)" "www.saveaslave.com"
14.192.211.57 - - [03/Jun/2017:19:36:02 -0700] "GET /wp-login.php HTTP/1.1" 200 73 "-" "Mozilla/5.0 (Windows NT 6.1; WOW64; rv:40.0) Gecko/20100101 Firefox/40.1" "www.saveaslave.com"[0]
14.192.211.57 - - [03/Jun/2017:19:36:04 -0700] "GET / HTTP/1.1" 200 88280 "-" "Mozilla/5.0 (Windows NT 6.1; WOW64; rv:40.0) Gecko/20100101 Firefox/40.1" "www.saveaslave.com"
216.244.66.198 - - [03/Jun/2017:19:37:39 -0700] "GET /robots.txt HTTP/1.1" 200 48 "-" "Mozilla/5.0 (compatible; DotBot/1.1; http://www.opensiteexplorer.org/dotbot, help@moz.com)" "www.saveaslave.com"
107.21.12.158 - - [03/Jun/2017:19:48:51 -0700] "GET / HTTP/1.1" 200 88280 "-" "-" "saveaslave.com"[2]
54.196.77.5 - - [03/Jun/2017:19:52:29 -0700] "GET /in-russian.php HTTP/1.1" 200 90526 "-" "Mozilla/5.0 (compatible; linkdexbot/2.0; +http://www.linkdex.com/bots/)" "saveaslave.com"
178.137.88.27 - - [03/Jun/2017:19:57:35 -0700] "GET / HTTP/1.1" 200 88280 "-" "Mozilla/5.0 (Windows NT 10.0; WOW64) AppleWebKit/537.36 (KHTML, like Gecko) Chrome/49.0.2623.75 Safari/537.36 OPR/36.0.2130.32" "www.saveaslave.com"[1]
178.137.88.27 - - [03/Jun/2017:19:57:37 -0700] "GET /blog/robots.txt HTTP/1.1" 404 89 "-" "Mozilla/5.0 (Windows NT 10.0; WOW64) AppleWebKit/537.36 (KHTML, like Gecko) Chrome/49.0.2623.75 Safari/537.36 OPR/36.0.2130.32" "www.saveaslave.com"
178.137.88.27 - - [03/Jun/2017:19:57:38 -0700] "GET /blog/ HTTP/1.1" 404 89 "-" "Mozilla/5.0 (Windows NT 10.0; WOW64) AppleWebKit/537.36 (KHTML, like Gecko) Chrome/49.0.2623.75 Safari/537.36 OPR/36.0.2130.32" "www.saveaslave.com"
178.137.88.27 - - [03/Jun/2017:19:57:38 -0700] "GET /wordpress/ HTTP/1.1" 404 89 "-" "Mozilla/5.0 (Windows NT 10.0; WOW64) AppleWebKit/537.36 (KHTML, like Gecko) Chrome/49.0.2623.75 Safari/537.36 OPR/36.0.2130.32" "www.saveaslave.com"
178.137.88.27 - - [03/Jun/2017:19:57:38 -0700] "GET /wp/ HTTP/1.1" 404 89 "-" "Mozilla/5.0 (Windows NT 10.0; WOW64) AppleWebKit/537.36 (KHTML, like Gecko) Chrome/49.0.2623.75 Safari/537.36 OPR/36.0.2130.32" "www.saveaslave.com"
107.21.12.158 - - [03/Jun/2017:20:11:40 -0700] "GET / HTTP/1.1" 200 88280 "-" "-" "saveaslave.com"
199.15.233.147 - - [03/Jun/2017:20:11:51 -0700] "GET /wp-login.php HTTP/1.1" 200 73 "-" "Mozilla/5.0 (compatible; MSIE 9.0; Windows NT 6.1; Trident/5.0)" "saveaslave.com"[0]
216.244.66.198 - - [03/Jun/2017:20:29:14 -0700] "GET /article.php?id=117 HTTP/1.1" 200 48101 "-" "Mozilla/5.0 (compatible; DotBot/1.1; http://www.opensiteexplorer.org/dotbot, help@moz.com)" "www.saveaslave.com"
64.62.252.162 - - [03/Jun/2017:21:12:54 -0700] "GET /robots.txt HTTP/1.1" 200 48 "-" "BUbiNG (+http://law.di.unimi.it/BUbiNG.html)" "www.saveaslave.com"[0]
199.30.25.120 - - [03/Jun/2017:21:16:05 -0700] "GET / HTTP/1.1" 200 88280 "-" "Mozilla/5.0 (Windows NT 6.1; WOW64) AppleWebKit/534+ (KHTML, like Gecko) BingPreview/1.0b" "saveaslave.com"
199.30.25.120 - - [03/Jun/2017:21:16:06 -0700] "GET /css/elements.css HTTP/1.1" 200 17857 "http://saveaslave.com/" "Mozilla/5.0 (Windows NT 6.1; WOW64) AppleWebKit/534+ (KHTML, like Gecko) BingPreview/1.0b" "saveaslave.com"
199.30.25.120 - - [03/Jun/2017:21:16:06 -0700] "GET /css/bootstrap.min.css HTTP/1.1" 200 123578 "http://saveaslave.com/" "Mozilla/5.0 (Windows NT 6.1; WOW64) AppleWebKit/534+ (KHTML, like Gecko) BingPreview/1.0b" "saveaslave.com"
199.30.25.120 - - [03/Jun/2017:21:16:06 -0700] "GET /assets/js/ie-emulation-modes-warning.js HTTP/1.1" 200 2130 "http://saveaslave.com/" "Mozilla/5.0 (Windows NT 6.1; WOW64) AppleWebKit/534+ (KHTML, like Gecko) BingPreview/1.0b" "saveaslave.com"
199.30.25.120 - - [03/Jun/2017:21:16:06 -0700] "GET /gfeedfetcher.js HTTP/1.1" 200 9018 "http://saveaslave.com/" "Mozilla/5.0 (Windows NT 6.1; WOW64) AppleWebKit/534+ (KHTML, like Gecko) BingPreview/1.0b" "saveaslave.com"
199.30.25.120 - - [03/Jun/2017:21:16:06 -0700] "GET /gajaxscroller.js HTTP/1.1" 200 9774 "http://saveaslave.com/" "Mozilla/5.0 (Windows NT 6.1; WOW64) AppleWebKit/534+ (KHTML, like Gecko) BingPreview/1.0b" "saveaslave.com"
199.30.25.120 - - [03/Jun/2017:21:16:07 -0700] "GET /addarticle.php HTTP/1.1" 200 13761 "http://saveaslave.com/" "Mozilla/5.0 (Windows NT 6.1; WOW64) AppleWebKit/534+ (KHTML, like Gecko) BingPreview/1.0b" "saveaslave.com"
199.30.25.120 - - [03/Jun/2017:21:16:12 -0700] "GET /css/style-pages.css HTTP/1.1" 200 9894 "http://saveaslave.com/" "Mozilla/5.0 (Windows NT 6.1; WOW64) AppleWebKit/534+ (KHTML, like Gecko) BingPreview/1.0b" "saveaslave.com"
216.244.66.250 - - [03/Jun/2017:21:16:13 -0700] "GET /robots.txt HTTP/1.1" 200 48 "-" "Mozilla/5.0 (compatible; DotBot/1.1; http://www.opensiteexplorer.org/dotbot, help@moz.com)" "saveaslave.com"
199.30.25.120 - - [03/Jun/2017:21:16:13 -0700] "GET /js/bootstrap.min.js HTTP/1.1" 200 37055 "http://saveaslave.com/" "Mozilla/5.0 (Windows NT 6.1; WOW64) AppleWebKit/534+ (KHTML, like Gecko) BingPreview/1.0b" "saveaslave.com"
199.30.25.120 - - [03/Jun/2017:21:16:13 -0700] "GET /assets/js/ie10-viewport-bug-workaround.js HTTP/1.1" 200 641 "http://saveaslave.com/" "Mozilla/5.0 (Windows NT 6.1; WOW64) AppleWebKit/534+ (KHTML, like Gecko) BingPreview/1.0b" "saveaslave.com"
87.229.77.25 - - [03/Jun/2017:21:17:15 -0700] "GET //logs/unix.php?rhs HTTP/1.1" 403 255 "-" "Mozilla/5.0 (Windows; U; Windows NT 5.1; en-US; rv:1.9.2) Gecko/20100115 Firefox/3.6" "www.saveaslave.com"
87.229.77.25 - - [03/Jun/2017:21:17:19 -0700] "GET //unix.php?rhs HTTP/1.1" 200 73 "-" "Mozilla/5.0 (Windows; U; Windows NT 5.1; en-US; rv:1.9.2) Gecko/20100115 Firefox/3.6" "www.saveaslave.com"
87.229.77.25 - - [03/Jun/2017:21:17:22 -0700] "GET /unix.php.j?rhs HTTP/1.1" 200 73 "-" "Mozilla/5.0 (Windows; U; Windows NT 5.1; en-US; rv:1.9.2) Gecko/20100115 Firefox/3.6" "www.saveaslave.com"
87.229.77.25 - - [03/Jun/2017:21:17:29 -0700] "GET /images/jdownloads/screenshots/unix.php.j?rhs HTTP/1.1" 404 89 "-" "Mozilla/5.0 (Windows; U; Windows NT 5.1; en-US; rv:1.9.2) Gecko/20100115 Firefox/3.6" "www.saveaslave.com"
87.229.77.25 - - [03/Jun/2017:21:17:32 -0700] "GET //media/system/js/index.php HTTP/1.1" 404 89 "-" "Mozilla/5.0 (Windows; U; Windows NT 5.1; en-US; rv:1.9.2) Gecko/20100115 Firefox/3.6" "www.saveaslave.com"
87.229.77.25 - - [03/Jun/2017:21:17:47 -0700] "GET //cache/bogel.php HTTP/1.1" 404 89 "-" "Mozilla/5.0 (Windows; U; Windows NT 5.1; en-US; rv:1.9.2) Gecko/20100115 Firefox/3.6" "www.saveaslave.com"
87.229.77.25 - - [03/Jun/2017:21:17:50 -0700] "GET /images/jdownloads/screenshots/m.libs.up.php.j HTTP/1.1" 404 89 "-" "Mozilla/5.0 (Windows; U; Windows NT 5.1; en-US; rv:1.9.2) Gecko/20100115 Firefox/3.6" "www.saveaslave.com"[0]
87.229.77.25 - - [03/Jun/2017:21:17:57 -0700] "GET /images/jdownloads/screenshots/apache.php.j HTTP/1.1" 404 89 "-" "Mozilla/5.0 (Windows; U; Windows NT 5.1; en-US; rv:1.9.2) Gecko/20100115 Firefox/3.6" "www.saveaslave.com"
87.229.77.25 - - [03/Jun/2017:21:18:00 -0700] "GET /images/jdownloads/screenshots/gelo.php.j HTTP/1.1" 404 89 "-" "Mozilla/5.0 (Windows; U; Windows NT 5.1; en-US; rv:1.9.2) Gecko/20100115 Firefox/3.6" "www.saveaslave.com"
216.244.66.250 - - [03/Jun/2017:22:03:56 -0700] "GET /article.php?id=32 HTTP/1.1" 200 51970 "-" "Mozilla/5.0 (compatible; DotBot/1.1; http://www.opensiteexplorer.org/dotbot, help@moz.com)" "saveaslave.com"
107.21.12.158 - - [03/Jun/2017:22:33:29 -0700] "GET / HTTP/1.1" 200 88280 "-" "-" "saveaslave.com"[2]
54.87.148.147 - - [03/Jun/2017:22:35:38 -0700] "GET / HTTP/1.1" 200 88280 "-" "-" "saveaslave.com"
107.21.12.158 - - [03/Jun/2017:22:41:51 -0700] "GET / HTTP/1.1" 200 88280 "-" "-" "saveaslave.com"[2]
107.21.12.158 - - [03/Jun/2017:22:47:47 -0700] "GET / HTTP/1.1" 200 88280 "-" "-" "saveaslave.com"
54.210.76.160 - - [03/Jun/2017:23:17:11 -0700] "GET / HTTP/1.1" 200 88280 "-" "-" "saveaslave.com"
65.36.241.48 - - [03/Jun/2017:23:20:58 -0700] "HEAD / HTTP/1.1" 200 0 "-" "InternetSeer.com" "www.saveaslave.com"
188.165.131.17 - - [04/Jun/2017:00:10:16 -0700] "GET /article.php?id=117'\" HTTP/1.1" 200 48105 "-" "Mozilla/4.0 (compatible; MSIE 7.0; Windows NT 5.1; generic_01_01; YPC 3.2.0; .NET CLR 1.1.4322; yplus 5.3.04b)" "www.saveaslave.com"[2]
188.165.131.17 - - [04/Jun/2017:00:10:18 -0700] "GET /article.php?id=117%20and%201%3D1 HTTP/1.1" 200 48109 "-" "Mozilla/4.0 (compatible; MSIE 7.0; Windows NT 5.1; generic_01_01; InfoPath.1)" "www.saveaslave.com"
188.165.131.17 - - [04/Jun/2017:00:10:19 -0700] "GET /article.php?id=117%27%20and%20%27x%27%3D%27x HTTP/1.1" 200 48117 "-" "Mozilla/4.0 (compatible; MSIE 7.0; Windows NT 5.1; generic_01_01; InfoPath.1)" "www.saveaslave.com"
188.165.131.17 - - [04/Jun/2017:00:10:24 -0700] "GET /article.php?id=117%20AnD%20SLeeP%283%29 HTTP/1.1" 200 48114 "-" "Opera/9.27" "www.saveaslave.com"
188.165.131.17 - - [04/Jun/2017:00:10:27 -0700] "GET /article.php?id=117%27%20aND%20BeNChMaRK%282999999%2CMd5%28NoW%28%29%29%29%20AnD%20%271 HTTP/1.1" 200 48145 "-" "Opera/9.27" "www.saveaslave.com"[0]
188.165.131.17 - - [04/Jun/2017:00:10:28 -0700] "GET /article.php?id=11799999%22%20union%20select%20unhex(hex(version()))%20--%20%22x%22=%22x HTTP/1.1" 200 776 "-" "Mozilla/4.0 (compatible; MSIE 7.0; Windows NT 5.1; dial" "www.saveaslave.com"
188.165.131.17 - - [04/Jun/2017:00:10:29 -0700] "GET /article.php?id=117%27%20or%20(1,2)=(select*from(select%20name_const(CHAR(111,108,111,108,111,115,104,101,114),1),name_const(CHAR(111,108,111,108,111,115,104,101,114),1))a)%20--%20%27x%27=%27x HTTP/1.1" 200 48260 "-" "Mozilla/4.0 (compatible; MSIE 7.0; Windows NT 5.1; dial; E-nrgyPlus; .NET CLR 1.1.4322; InfoPath.1)" "www.saveaslave.com"
65.36.241.48 - - [04/Jun/2017:00:33:35 -0700] "HEAD / HTTP/1.1" 200 0 "-" "InternetSeer.com" "www.saveaslave.com"
216.244.66.198 - - [04/Jun/2017:00:50:15 -0700] "GET /robots.txt HTTP/1.1" 200 48 "-" "Mozilla/5.0 (compatible; DotBot/1.1; http://www.opensiteexplorer.org/dotbot, help@moz.com)" "saveaslave.com"
141.8.143.240 - - [04/Jun/2017:01:00:18 -0700] "GET /index.php HTTP/1.1" 200 88280 "-" "Mozilla/5.0 (compatible; YandexBot/3.0; +http://yandex.com/bots)" "saveaslave.com"[2]
5.255.250.1 - - [04/Jun/2017:01:00:48 -0700] "GET / HTTP/1.1" 200 88280 "-" "Mozilla/5.0 (compatible; YandexBot/3.0; +http://yandex.com/bots)" "saveaslave.com"
141.8.143.240 - - [04/Jun/2017:01:01:11 -0700] "GET /index.php HTTP/1.1" 200 88280 "-" "Mozilla/5.0 (compatible; YandexBot/3.0; +http://yandex.com/bots)" "saveaslave.com"
141.8.143.240 - - [04/Jun/2017:01:01:26 -0700] "GET / HTTP/1.1" 200 88280 "-" "Mozilla/5.0 (compatible; YandexBot/3.0; +http://yandex.com/bots)" "saveaslave.com"
216.244.66.198 - - [04/Jun/2017:01:34:49 -0700] "GET /article.php?id=114 HTTP/1.1" 200 44810 "-" "Mozilla/5.0 (compatible; DotBot/1.1; http://www.opensiteexplorer.org/dotbot, help@moz.com)" "saveaslave.com"[1]
41.200.8.112 - - [04/Jun/2017:01:39:02 -0700] "GET /wp-login.php HTTP/1.1" 200 73 "-" "Mozilla/5.0 (Windows NT 6.1; WOW64; rv:40.0) Gecko/20100101 Firefox/40.1" "www.saveaslave.com"[0]
41.200.8.112 - - [04/Jun/2017:01:39:03 -0700] "GET / HTTP/1.1" 200 88280 "-" "Mozilla/5.0 (Windows NT 6.1; WOW64; rv:40.0) Gecko/20100101 Firefox/40.1" "www.saveaslave.com"
41.200.8.112 - - [04/Jun/2017:01:39:27 -0700] "GET /wp-login.php HTTP/1.1" 200 73 "-" "Mozilla/5.0 (Windows NT 6.1; WOW64; rv:40.0) Gecko/20100101 Firefox/40.1" "saveaslave.com"[0]
41.200.8.112 - - [04/Jun/2017:01:39:27 -0700] "GET / HTTP/1.1" 200 88280 "-" "Mozilla/5.0 (Windows NT 6.1; WOW64; rv:40.0) Gecko/20100101 Firefox/40.1" "saveaslave.com"
45.32.129.1 - - [04/Jun/2017:01:41:18 -0700] "GET / HTTP/1.1" 200 88280 "http://saveaslave.com" "Mozilla/5.0 (Windows NT 6.1; WOW64) AppleWebKit/537.36 (KHTML, like Gecko) Chrome/40.0.2214.115 Safari/537.36" "saveaslave.com"
65.36.241.48 - - [04/Jun/2017:01:45:55 -0700] "HEAD / HTTP/1.1" 200 0 "-" "InternetSeer.com" "www.saveaslave.com"
164.132.161.52 - - [04/Jun/2017:02:08:42 -0700] "GET /www.paralosninos.org HTTP/1.1" 404 89 "-" "Mozilla/5.0 (compatible; AhrefsBot/5.2; +http://ahrefs.com/robot/)" "www.saveaslave.com"
195.154.57.220 - - [04/Jun/2017:02:10:33 -0700] "GET /addarticle.php HTTP/1.1" 200 13761 "-" "Mozilla/5.0 (Windows NT 6.1; rv:32.0) Gecko/20100101 Firefox/32.0" "saveaslave.com"
217.182.132.183 - - [04/Jun/2017:02:11:57 -0700] "GET /www.safehorizon.org HTTP/1.1" 404 89 "-" "Mozilla/5.0 (compatible; AhrefsBot/5.2; +http://ahrefs.com/robot/)" "saveaslave.com"
5.196.87.7 - - [04/Jun/2017:02:12:35 -0700] "GET /robots.txt HTTP/1.1" 200 48 "-" "Mozilla/5.0 (compatible; AhrefsBot/5.2; +http://ahrefs.com/robot/)" "saveaslave.com"
217.182.132.60 - - [04/Jun/2017:02:12:41 -0700] "GET /articles/womeninsudan.html HTTP/1.1" 404 89 "-" "Mozilla/5.0 (compatible; AhrefsBot/5.2; +http://ahrefs.com/robot/)" "www.saveaslave.com"
217.182.132.30 - - [04/Jun/2017:02:23:29 -0700] "GET /slovakia.html HTTP/1.1" 404 89 "-" "Mozilla/5.0 (compatible; AhrefsBot/5.2; +http://ahrefs.com/robot/)" "saveaslave.com"
51.255.71.114 - - [04/Jun/2017:02:33:27 -0700] "GET /west-bank.html HTTP/1.1" 404 89 "-" "Mozilla/5.0 (compatible; AhrefsBot/5.2; +http://ahrefs.com/robot/)" "saveaslave.com"
65.36.241.48 - - [04/Jun/2017:02:53:33 -0700] "HEAD / HTTP/1.1" 200 0 "-" "InternetSeer.com" "www.saveaslave.com"
37.188.136.119 - - [04/Jun/2017:02:54:46 -0700] "GET /gfeedfetcher.js HTTP/1.1" 200 9018 "https://www.google.cz/search?site=&source=hp&ei=y9gzWdytBoOssgHNta6ACw&q=slave.com&oq=slave.com&gs_l=mobile-gws-hp.12..0i30k1l3j0i8i30k1.2465.9233.0.11948.11.10.1.0.0.0.185.1407.0j9.9.0....0...1.1j4.64.mobile-gws-hp..1.10.1438.3..0j35i39k1j0i131k1j0i70k1j0i19k1j0i13i30i19k1.QmNgqq6sH10" "Mozilla/5.0 (Linux; Android 7.0; HUAWEI VNS-L21 Build/HUAWEIVNS-L21) AppleWebKit/537.36 (KHTML, like Gecko) Chrome/58.0.3029.83 Mobile Safari/537.36" "www.saveaslave.com"
37.188.136.119 - - [04/Jun/2017:02:54:46 -0700] "GET /css/style.css HTTP/1.1" 200 7938 "https://www.google.cz/search?site=&source=hp&ei=y9gzWdytBoOssgHNta6ACw&q=slave.com&oq=slave.com&gs_l=mobile-gws-hp.12..0i30k1l3j0i8i30k1.2465.9233.0.11948.11.10.1.0.0.0.185.1407.0j9.9.0....0...1.1j4.64.mobile-gws-hp..1.10.1438.3..0j35i39k1j0i131k1j0i70k1j0i19k1j0i13i30i19k1.QmNgqq6sH10" "Mozilla/5.0 (Linux; Android 7.0; HUAWEI VNS-L21 Build/HUAWEIVNS-L21) AppleWebKit/537.36 (KHTML, like Gecko) Chrome/58.0.3029.83 Mobile Safari/537.36" "www.saveaslave.com"[0]
37.188.136.119 - - [04/Jun/2017:02:54:46 -0700] "GET /css/bootstrap.min.css HTTP/1.1" 200 123578 "https://www.google.cz/search?site=&source=hp&ei=y9gzWdytBoOssgHNta6ACw&q=slave.com&oq=slave.com&gs_l=mobile-gws-hp.12..0i30k1l3j0i8i30k1.2465.9233.0.11948.11.10.1.0.0.0.185.1407.0j9.9.0....0...1.1j4.64.mobile-gws-hp..1.10.1438.3..0j35i39k1j0i131k1j0i70k1j0i19k1j0i13i30i19k1.QmNgqq6sH10" "Mozilla/5.0 (Linux; Android 7.0; HUAWEI VNS-L21 Build/HUAWEIVNS-L21) AppleWebKit/537.36 (KHTML, like Gecko) Chrome/58.0.3029.83 Mobile Safari/537.36" "www.saveaslave.com"
37.188.136.119 - - [04/Jun/2017:02:54:46 -0700] "GET /assets/js/ie-emulation-modes-warning.js HTTP/1.1" 200 2130 "https://www.google.cz/search?site=&source=hp&ei=y9gzWdytBoOssgHNta6ACw&q=slave.com&oq=slave.com&gs_l=mobile-gws-hp.12..0i30k1l3j0i8i30k1.2465.9233.0.11948.11.10.1.0.0.0.185.1407.0j9.9.0....0...1.1j4.64.mobile-gws-hp..1.10.1438.3..0j35i39k1j0i131k1j0i70k1j0i19k1j0i13i30i19k1.QmNgqq6sH10" "Mozilla/5.0 (Linux; Android 7.0; HUAWEI VNS-L21 Build/HUAWEIVNS-L21) AppleWebKit/537.36 (KHTML, like Gecko) Chrome/58.0.3029.83 Mobile Safari/537.36" "www.saveaslave.com"
37.188.136.119 - - [04/Jun/2017:02:54:46 -0700] "GET /css/elements.css HTTP/1.1" 200 17857 "https://www.google.cz/search?site=&source=hp&ei=y9gzWdytBoOssgHNta6ACw&q=slave.com&oq=slave.com&gs_l=mobile-gws-hp.12..0i30k1l3j0i8i30k1.2465.9233.0.11948.11.10.1.0.0.0.185.1407.0j9.9.0....0...1.1j4.64.mobile-gws-hp..1.10.1438.3..0j35i39k1j0i131k1j0i70k1j0i19k1j0i13i30i19k1.QmNgqq6sH10" "Mozilla/5.0 (Linux; Android 7.0; HUAWEI VNS-L21 Build/HUAWEIVNS-L21) AppleWebKit/537.36 (KHTML, like Gecko) Chrome/58.0.3029.83 Mobile Safari/537.36" "www.saveaslave.com"
37.188.136.119 - - [04/Jun/2017:02:54:46 -0700] "GET /gajaxscroller.js HTTP/1.1" 200 9774 "https://www.google.cz/search?site=&source=hp&ei=y9gzWdytBoOssgHNta6ACw&q=slave.com&oq=slave.com&gs_l=mobile-gws-hp.12..0i30k1l3j0i8i30k1.2465.9233.0.11948.11.10.1.0.0.0.185.1407.0j9.9.0....0...1.1j4.64.mobile-gws-hp..1.10.1438.3..0j35i39k1j0i131k1j0i70k1j0i19k1j0i13i30i19k1.QmNgqq6sH10" "Mozilla/5.0 (Linux; Android 7.0; HUAWEI VNS-L21 Build/HUAWEIVNS-L21) AppleWebKit/537.36 (KHTML, like Gecko) Chrome/58.0.3029.83 Mobile Safari/537.36" "www.saveaslave.com"
37.188.136.119 - - [04/Jun/2017:02:54:46 -0700] "GET /css/style-pages.css HTTP/1.1" 200 9894 "https://www.google.cz/search?site=&source=hp&ei=y9gzWdytBoOssgHNta6ACw&q=slave.com&oq=slave.com&gs_l=mobile-gws-hp.12..0i30k1l3j0i8i30k1.2465.9233.0.11948.11.10.1.0.0.0.185.1407.0j9.9.0....0...1.1j4.64.mobile-gws-hp..1.10.1438.3..0j35i39k1j0i131k1j0i70k1j0i19k1j0i13i30i19k1.QmNgqq6sH10" "Mozilla/5.0 (Linux; Android 7.0; HUAWEI VNS-L21 Build/HUAWEIVNS-L21) AppleWebKit/537.36 (KHTML, like Gecko) Chrome/58.0.3029.83 Mobile Safari/537.36" "www.saveaslave.com"
37.188.136.119 - - [04/Jun/2017:02:54:47 -0700] "GET / HTTP/1.1" 200 88244 "https://www.google.cz/" "Mozilla/5.0 (Linux; Android 7.0; HUAWEI VNS-L21 Build/HUAWEIVNS-L21) AppleWebKit/537.36 (KHTML, like Gecko) Chrome/58.0.3029.83 Mobile Safari/537.36" "www.saveaslave.com"
37.188.136.119 - - [04/Jun/2017:02:54:48 -0700] "GET /images/article/end_it.jpg HTTP/1.1" 200 33676 "http://www.saveaslave.com/" "Mozilla/5.0 (Linux; Android 7.0; HUAWEI VNS-L21 Build/HUAWEIVNS-L21) AppleWebKit/537.36 (KHTML, like Gecko) Chrome/58.0.3029.83 Mobile Safari/537.36" "www.saveaslave.com"
37.188.136.119 - - [04/Jun/2017:02:54:48 -0700] "GET /js/bootstrap.min.js HTTP/1.1" 200 37055 "http://www.saveaslave.com/" "Mozilla/5.0 (Linux; Android 7.0; HUAWEI VNS-L21 Build/HUAWEIVNS-L21) AppleWebKit/537.36 (KHTML, like Gecko) Chrome/58.0.3029.83 Mobile Safari/537.36" "www.saveaslave.com"
37.188.136.119 - - [04/Jun/2017:02:54:48 -0700] "GET /assets/js/ie10-viewport-bug-workaround.js HTTP/1.1" 200 641 "http://www.saveaslave.com/" "Mozilla/5.0 (Linux; Android 7.0; HUAWEI VNS-L21 Build/HUAWEIVNS-L21) AppleWebKit/537.36 (KHTML, like Gecko) Chrome/58.0.3029.83 Mobile Safari/537.36" "www.saveaslave.com"
37.188.136.119 - - [04/Jun/2017:02:54:48 -0700] "GET /images/top.jpg HTTP/1.1" 200 50519 "http://www.saveaslave.com/" "Mozilla/5.0 (Linux; Android 7.0; HUAWEI VNS-L21 Build/HUAWEIVNS-L21) AppleWebKit/537.36 (KHTML, like Gecko) Chrome/58.0.3029.83 Mobile Safari/537.36" "www.saveaslave.com"
37.188.136.119 - - [04/Jun/2017:02:54:48 -0700] "GET /images/logo2.png HTTP/1.1" 200 18525 "http://www.saveaslave.com/" "Mozilla/5.0 (Linux; Android 7.0; HUAWEI VNS-L21 Build/HUAWEIVNS-L21) AppleWebKit/537.36 (KHTML, like Gecko) Chrome/58.0.3029.83 Mobile Safari/537.36" "www.saveaslave.com"
37.188.136.119 - - [04/Jun/2017:02:54:48 -0700] "GET /images/cover1.jpg HTTP/1.1" 200 253658 "http://www.saveaslave.com/" "Mozilla/5.0 (Linux; Android 7.0; HUAWEI VNS-L21 Build/HUAWEIVNS-L21) AppleWebKit/537.36 (KHTML, like Gecko) Chrome/58.0.3029.83 Mobile Safari/537.36" "www.saveaslave.com"
37.188.136.119 - - [04/Jun/2017:02:54:48 -0700] "GET /images/social1.png HTTP/1.1" 200 2012 "http://www.saveaslave.com/" "Mozilla/5.0 (Linux; Android 7.0; HUAWEI VNS-L21 Build/HUAWEIVNS-L21) AppleWebKit/537.36 (KHTML, like Gecko) Chrome/58.0.3029.83 Mobile Safari/537.36" "www.saveaslave.com"
37.188.136.119 - - [04/Jun/2017:02:54:48 -0700] "GET /addarticle.php HTTP/1.1" 200 13725 "http://www.saveaslave.com/" "Mozilla/5.0 (Linux; Android 7.0; HUAWEI VNS-L21 Build/HUAWEIVNS-L21) AppleWebKit/537.36 (KHTML, like Gecko) Chrome/58.0.3029.83 Mobile Safari/537.36" "www.saveaslave.com"
37.188.136.119 - - [04/Jun/2017:02:54:48 -0700] "GET /images/social2.png HTTP/1.1" 200 1752 "http://www.saveaslave.com/" "Mozilla/5.0 (Linux; Android 7.0; HUAWEI VNS-L21 Build/HUAWEIVNS-L21) AppleWebKit/537.36 (KHTML, like Gecko) Chrome/58.0.3029.83 Mobile Safari/537.36" "www.saveaslave.com"
37.188.136.119 - - [04/Jun/2017:02:54:48 -0700] "GET /images/social3.png HTTP/1.1" 200 4343 "http://www.saveaslave.com/" "Mozilla/5.0 (Linux; Android 7.0; HUAWEI VNS-L21 Build/HUAWEIVNS-L21) AppleWebKit/537.36 (KHTML, like Gecko) Chrome/58.0.3029.83 Mobile Safari/537.36" "www.saveaslave.com"
37.188.136.119 - - [04/Jun/2017:02:54:48 -0700] "GET /images/tripit_icon_thumb_flat.png HTTP/1.1" 200 5795 "http://www.saveaslave.com/" "Mozilla/5.0 (Linux; Android 7.0; HUAWEI VNS-L21 Build/HUAWEIVNS-L21) AppleWebKit/537.36 (KHTML, like Gecko) Chrome/58.0.3029.83 Mobile Safari/537.36" "www.saveaslave.com"
37.188.136.119 - - [04/Jun/2017:02:54:49 -0700] "GET /indicator.gif HTTP/1.1" 200 878 "http://www.saveaslave.com/" "Mozilla/5.0 (Linux; Android 7.0; HUAWEI VNS-L21 Build/HUAWEIVNS-L21) AppleWebKit/537.36 (KHTML, like Gecko) Chrome/58.0.3029.83 Mobile Safari/537.36" "www.saveaslave.com"
37.188.136.119 - - [04/Jun/2017:02:54:49 -0700] "GET /images/select-arrow.png HTTP/1.1" 200 1118 "http://www.saveaslave.com/css/style-pages.css" "Mozilla/5.0 (Linux; Android 7.0; HUAWEI VNS-L21 Build/HUAWEIVNS-L21) AppleWebKit/537.36 (KHTML, like Gecko) Chrome/58.0.3029.83 Mobile Safari/537.36" "www.saveaslave.com"
37.188.136.119 - - [04/Jun/2017:02:54:49 -0700] "GET /css/down-arrow.png HTTP/1.1" 404 89 "http://www.saveaslave.com/css/elements.css" "Mozilla/5.0 (Linux; Android 7.0; HUAWEI VNS-L21 Build/HUAWEIVNS-L21) AppleWebKit/537.36 (KHTML, like Gecko) Chrome/58.0.3029.83 Mobile Safari/537.36" "www.saveaslave.com"
37.188.136.119 - - [04/Jun/2017:02:54:54 -0700] "GET /ico/android-icon-192x192.png HTTP/1.1" 200 10097 "http://www.saveaslave.com/" "Mozilla/5.0 (Linux; Android 7.0; HUAWEI VNS-L21 Build/HUAWEIVNS-L21) AppleWebKit/537.36 (KHTML, like Gecko) Chrome/58.0.3029.83 Mobile Safari/537.36" "www.saveaslave.com"
37.188.136.119 - - [04/Jun/2017:02:54:54 -0700] "GET /ico/apple-icon-180x180.png HTTP/1.1" 200 10378 "http://www.saveaslave.com/" "Mozilla/5.0 (Linux; Android 7.0; HUAWEI VNS-L21 Build/HUAWEIVNS-L21) AppleWebKit/537.36 (KHTML, like Gecko) Chrome/58.0.3029.83 Mobile Safari/537.36" "www.saveaslave.com"
216.244.66.250 - - [04/Jun/2017:02:57:35 -0700] "GET /robots.txt HTTP/1.1" 200 48 "-" "Mozilla/5.0 (compatible; DotBot/1.1; http://www.opensiteexplorer.org/dotbot, help@moz.com)" "www.saveaslave.com"
66.249.69.67 - - [04/Jun/2017:03:18:36 -0700] "GET /images/article/37408.jpg HTTP/1.1" 200 95369 "-" "Googlebot-Image/1.0" "saveaslave.com"
216.244.66.250 - - [04/Jun/2017:03:47:27 -0700] "GET /article.php?id=116 HTTP/1.1" 200 44255 "-" "Mozilla/5.0 (compatible; DotBot/1.1; http://www.opensiteexplorer.org/dotbot, help@moz.com)" "www.saveaslave.com"[2]
54.157.221.168 - - [04/Jun/2017:04:17:14 -0700] "GET / HTTP/1.1" 200 88280 "-" "Mozilla/5.0 (compatible; linkdexbot/2.0; +http://www.linkdex.com/bots/)" "saveaslave.com"
216.244.66.198 - - [04/Jun/2017:04:30:07 -0700] "GET /robots.txt HTTP/1.1" 200 48 "-" "Mozilla/5.0 (compatible; DotBot/1.1; http://www.opensiteexplorer.org/dotbot, help@moz.com)" "saveaslave.com"
62.212.73.211 - - [04/Jun/2017:04:37:55 -0700] "GET /robots.txt HTTP/1.1" 200 48 "-" "Mozilla/5.0 (compatible; MJ12bot/v1.4.8; http://mj12bot.com/)" "saveaslave.com"
62.212.73.211 - - [04/Jun/2017:04:37:58 -0700] "GET / HTTP/1.1" 200 88280 "-" "Mozilla/5.0 (compatible; MJ12bot/v1.4.8; http://mj12bot.com/)" "saveaslave.com"
62.212.73.211 - - [04/Jun/2017:04:37:59 -0700] "GET /robots.txt HTTP/1.1" 200 48 "-" "Mozilla/5.0 (compatible; MJ12bot/v1.4.8; http://mj12bot.com/)" "www.saveaslave.com"
62.212.73.211 - - [04/Jun/2017:04:38:05 -0700] "GET / HTTP/1.1" 200 88280 "-" "Mozilla/5.0 (compatible; MJ12bot/v1.4.8; http://mj12bot.com/)" "www.saveaslave.com"
65.36.241.48 - - [04/Jun/2017:05:08:52 -0700] "HEAD / HTTP/1.1" 200 0 "-" "InternetSeer.com" "www.saveaslave.com"
180.76.15.30 - - [04/Jun/2017:05:16:29 -0700] "GET /images/supporters/?D=D HTTP/1.1" 200 7702 "-" "Mozilla/5.0 (compatible; Baiduspider/2.0; +http://www.baidu.com/search/spider.html)" "www.saveaslave.com"[0]
107.21.12.158 - - [04/Jun/2017:05:24:52 -0700] "GET / HTTP/1.1" 200 88280 "-" "-" "saveaslave.com"
107.21.12.158 - - [04/Jun/2017:05:30:55 -0700] "GET / HTTP/1.1" 200 88280 "-" "-" "saveaslave.com"
216.244.66.198 - - [04/Jun/2017:05:37:24 -0700] "GET /article.php?id=117 HTTP/1.1" 200 48101 "-" "Mozilla/5.0 (compatible; DotBot/1.1; http://www.opensiteexplorer.org/dotbot, help@moz.com)" "saveaslave.com"[1]
141.8.143.240 - - [04/Jun/2017:05:52:08 -0700] "GET /robots.txt HTTP/1.1" 200 48 "-" "Mozilla/5.0 (compatible; YandexBot/3.0; +http://yandex.com/bots)" "www.saveaslave.com"
84.201.133.58 - - [04/Jun/2017:05:52:09 -0700] "GET / HTTP/1.1" 200 88280 "-" "Mozilla/5.0 (compatible; YandexBot/3.0; +http://yandex.com/bots)" "saveaslave.com"[1]
84.201.133.58 - - [04/Jun/2017:05:52:13 -0700] "GET / HTTP/1.1" 200 88280 "-" "Mozilla/5.0 (compatible; YandexBot/3.0; +http://yandex.com/bots)" "www.saveaslave.com"
217.182.132.175 - - [04/Jun/2017:06:09:16 -0700] "GET /www.jvsla.org HTTP/1.1" 404 89 "-" "Mozilla/5.0 (compatible; AhrefsBot/5.2; +http://ahrefs.com/robot/)" "www.saveaslave.com"
216.244.66.198 - - [04/Jun/2017:06:15:04 -0700] "GET /robots.txt HTTP/1.1" 200 48 "-" "Mozilla/5.0 (compatible; DotBot/1.1; http://www.opensiteexplorer.org/dotbot, help@moz.com)" "saveaslave.com"
216.244.66.198 - - [04/Jun/2017:06:15:04 -0700] "GET /robots.txt HTTP/1.1" 200 48 "-" "Mozilla/5.0 (compatible; DotBot/1.1; http://www.opensiteexplorer.org/dotbot, help@moz.com)" "www.saveaslave.com"
65.36.241.48 - - [04/Jun/2017:06:17:43 -0700] "HEAD / HTTP/1.1" 200 0 "-" "InternetSeer.com" "www.saveaslave.com"
164.132.161.62 - - [04/Jun/2017:06:30:40 -0700] "GET /south-korea.html HTTP/1.1" 404 89 "-" "Mozilla/5.0 (compatible; AhrefsBot/5.2; +http://ahrefs.com/robot/)" "www.saveaslave.com"
63.243.252.141 - - [04/Jun/2017:06:41:16 -0700] "GET /article.php?id=5 HTTP/1.1" 200 47476 "-" "Mozilla/5.0 (compatible; Baiduspider/2.0; +http://www.baidu.com/search/spider.html)" "www.saveaslave.com"
51.255.65.80 - - [04/Jun/2017:06:42:33 -0700] "GET /united-states.html HTTP/1.1" 404 89 "-" "Mozilla/5.0 (compatible; AhrefsBot/5.2; +http://ahrefs.com/robot/)" "www.saveaslave.com"
216.244.66.198 - - [04/Jun/2017:06:59:43 -0700] "GET /our-supportersr.php HTTP/1.1" 200 73 "-" "Mozilla/5.0 (compatible; DotBot/1.1; http://www.opensiteexplorer.org/dotbot, help@moz.com)" "saveaslave.com"
216.244.66.198 - - [04/Jun/2017:07:00:17 -0700] "GET /our-news.php HTTP/1.1" 200 69013 "-" "Mozilla/5.0 (compatible; DotBot/1.1; http://www.opensiteexplorer.org/dotbot, help@moz.com)" "www.saveaslave.com"
14.192.211.57 - - [04/Jun/2017:07:05:41 -0700] "GET /wp-login.php HTTP/1.1" 200 73 "-" "Mozilla/5.0 (Windows NT 6.1; WOW64; rv:40.0) Gecko/20100101 Firefox/40.1" "saveaslave.com"
14.192.211.57 - - [04/Jun/2017:07:05:42 -0700] "GET / HTTP/1.1" 200 88280 "-" "Mozilla/5.0 (Windows NT 6.1; WOW64; rv:40.0) Gecko/20100101 Firefox/40.1" "saveaslave.com"
77.75.76.162 - - [04/Jun/2017:07:31:58 -0700] "GET /robots.txt HTTP/1.1" 200 48 "-" "Mozilla/5.0 (compatible; SeznamBot/3.2; +http://napoveda.seznam.cz/en/seznambot-intro/)" "saveaslave.com"
77.75.76.162 - - [04/Jun/2017:07:32:00 -0700] "GET /contact-us.php HTTP/1.1" 200 30765 "-" "Mozilla/5.0 (compatible; SeznamBot/3.2; +http://napoveda.seznam.cz/en/seznambot-intro/)" "saveaslave.com"[1]
151.80.27.116 - - [04/Jun/2017:07:34:10 -0700] "GET /burkina-faso.html HTTP/1.1" 404 89 "-" "Mozilla/5.0 (compatible; AhrefsBot/5.2; +http://ahrefs.com/robot/)" "saveaslave.com"
217.182.132.240 - - [04/Jun/2017:07:34:40 -0700] "GET /article.php?id=7 HTTP/1.1" 200 50078 "-" "Mozilla/5.0 (compatible; AhrefsBot/5.2; +http://ahrefs.com/robot/)" "saveaslave.com"[1]
164.132.161.50 - - [04/Jun/2017:07:45:10 -0700] "GET /syria.html HTTP/1.1" 404 89 "-" "Mozilla/5.0 (compatible; AhrefsBot/5.2; +http://ahrefs.com/robot/)" "saveaslave.com"
216.244.66.198 - - [04/Jun/2017:07:57:27 -0700] "GET /article.php?id=113 HTTP/1.1" 200 44815 "-" "Mozilla/5.0 (compatible; DotBot/1.1; http://www.opensiteexplorer.org/dotbot, help@moz.com)" "saveaslave.com"
202.212.14.43 - - [04/Jun/2017:08:21:02 -0700] "GET / HTTP/1.1" 200 88280 "-" "-" "saveaslave.com"
216.244.66.250 - - [04/Jun/2017:08:21:40 -0700] "GET /robots.txt HTTP/1.1" 200 48 "-" "Mozilla/5.0 (compatible; DotBot/1.1; http://www.opensiteexplorer.org/dotbot, help@moz.com)" "www.saveaslave.com"
77.88.47.4 - - [04/Jun/2017:08:31:49 -0700] "GET /article.php?id=12 HTTP/1.1" 200 50481 "-" "Mozilla/5.0 (compatible; YandexBot/3.0; +http://yandex.com/bots)" "saveaslave.com"
217.182.132.188 - - [04/Jun/2017:08:55:01 -0700] "GET /www.elawc.org HTTP/1.1" 404 89 "-" "Mozilla/5.0 (compatible; AhrefsBot/5.2; +http://ahrefs.com/robot/)" "saveaslave.com"[0]
216.244.66.198 - - [04/Jun/2017:08:58:36 -0700] "GET /robots.txt HTTP/1.1" 200 48 "-" "Mozilla/5.0 (compatible; DotBot/1.1; http://www.opensiteexplorer.org/dotbot, help@moz.com)" "saveaslave.com"
84.201.133.58 - - [04/Jun/2017:09:15:35 -0700] "GET /www.dhs.gov HTTP/1.1" 404 89 "-" "Mozilla/5.0 (compatible; YandexBot/3.0; +http://yandex.com/bots)" "saveaslave.com"
185.118.142.58 - - [04/Jun/2017:09:23:58 -0700] "GET /css/down-arrow.png HTTP/1.1" 404 89 "http://saveaslave.com/css/elements.css" "Mozilla/5.0 (Windows NT 6.1; Win64; x64) AppleWebKit/537.36 (KHTML, like Gecko) Chrome/58.0.3029.110 Safari/537.36" "saveaslave.com"
216.244.66.198 - - [04/Jun/2017:09:47:00 -0700] "GET /article.php?id=118 HTTP/1.1" 200 50002 "-" "Mozilla/5.0 (compatible; DotBot/1.1; http://www.opensiteexplorer.org/dotbot, help@moz.com)" "saveaslave.com"[2]
180.76.15.140 - - [04/Jun/2017:09:50:06 -0700] "GET /images/supporters/?D=D HTTP/1.1" 200 7702 "-" "Mozilla/5.0 (compatible; Baiduspider/2.0; +http://www.baidu.com/search/spider.html)" "www.saveaslave.com"
194.187.170.123 - - [04/Jun/2017:09:56:29 -0700] "GET /robots.txt HTTP/1.1" 200 48 "-" "Mozilla/5.0 (compatible; Qwantify/2.4w; +https://www.qwant.com/)/2.4w" "saveaslave.com"
194.187.170.123 - - [04/Jun/2017:09:56:30 -0700] "GET /article.php?id=18 HTTP/1.1" 200 48016 "-" "Mozilla/5.0 (compatible; Qwantify/2.4w; +https://www.qwant.com/)/2.4w" "saveaslave.com"[0]
194.187.170.123 - - [04/Jun/2017:09:57:03 -0700] "GET /article.php?id=9 HTTP/1.1" 200 101294 "-" "Mozilla/5.0 (compatible; Qwantify/2.4w; +https://www.qwant.com/)/2.4w" "saveaslave.com"[1]
67.167.140.153 - - [04/Jun/2017:09:58:23 -0700] "GET /images/article5.jpg HTTP/1.1" 200 14497 "https://www.google.com/" "Mozilla/5.0 (Linux; Android 5.1.1; VS425PP Build/LMY47V) AppleWebKit/537.36 (KHTML, like Gecko) Chrome/56.0.2924.87 Mobile Safari/537.36" "www.saveaslave.com"
194.187.170.123 - - [04/Jun/2017:10:04:55 -0700] "GET /article.php?id=20 HTTP/1.1" 200 51083 "-" "Mozilla/5.0 (compatible; Qwantify/2.4w; +https://www.qwant.com/)/2.4w" "saveaslave.com"[2]
194.187.170.123 - - [04/Jun/2017:10:27:23 -0700] "GET /article.php?id=60 HTTP/1.1" 200 49935 "-" "Mozilla/5.0 (compatible; Qwantify/2.4w; +https://www.qwant.com/)/2.4w" "saveaslave.com"[2]
194.187.170.123 - - [04/Jun/2017:10:30:49 -0700] "GET /article.php?id=63 HTTP/1.1" 200 46414 "-" "Mozilla/5.0 (compatible; Qwantify/2.4w; +https://www.qwant.com/)/2.4w" "saveaslave.com"
194.187.170.123 - - [04/Jun/2017:10:31:45 -0700] "GET /article.php?id=8 HTTP/1.1" 200 55650 "-" "Mozilla/5.0 (compatible; Qwantify/2.4w; +https://www.qwant.com/)/2.4w" "saveaslave.com"
194.187.170.123 - - [04/Jun/2017:10:34:01 -0700] "GET /article.php?id=66 HTTP/1.1" 200 53714 "-" "Mozilla/5.0 (compatible; Qwantify/2.4w; +https://www.qwant.com/)/2.4w" "saveaslave.com"
194.187.170.123 - - [04/Jun/2017:10:39:04 -0700] "GET /article.php?id=10 HTTP/1.1" 200 50356 "-" "Mozilla/5.0 (compatible; Qwantify/2.4w; +https://www.qwant.com/)/2.4w" "saveaslave.com"[1]
51.255.65.7 - - [04/Jun/2017:10:47:06 -0700] "GET /www.iofa.org HTTP/1.1" 404 89 "-" "Mozilla/5.0 (compatible; AhrefsBot/5.2; +http://ahrefs.com/robot/)" "saveaslave.com"
194.187.170.123 - - [04/Jun/2017:10:47:47 -0700] "GET /article.php?id=45 HTTP/1.1" 200 46800 "-" "Mozilla/5.0 (compatible; Qwantify/2.4w; +https://www.qwant.com/)/2.4w" "saveaslave.com"
194.187.170.123 - - [04/Jun/2017:10:48:36 -0700] "GET /article.php?id=19 HTTP/1.1" 200 49593 "-" "Mozilla/5.0 (compatible; Qwantify/2.4w; +https://www.qwant.com/)/2.4w" "saveaslave.com"
188.113.195.160 - - [04/Jun/2017:10:58:19 -0700] "GET /images/cover1.jpg HTTP/1.1" 200 253658 "http://images.google.com/imgres?imgurl=http://saveaslave.com/images/cover1.jpg&imgrefurl=http://saveaslave.com/our-newsr.php&h=766&w=1800&tbnid=_355JU7QYzeqvM:&q=%D0%A1%D0%83%D0%A0%C2%B5%D0%A0%D1%94%D0%A1%D0%83+%D0%A0%C2%B6%D0%A0%C2%B5%D0%A0%D0%85%D0%A1%E2%82%AC%D0%A0%C2%B5%D0%A0%D0%85%D0%A0%C2%B0&tbnh=64&tbnw=150&iact=rc&usg=__rLvRifUBVhLIOfJB9OWjIrurXKw=&vet=1&hl=ru&ei=x0k0WdGWD8i4swHNnpKIAg&tbm=isch&client=ms-samsung&sa=X&ved=0ahUKEwiRlpLW4aTUAhVI3CwKHU2PBCEQrQMIKjAH" "SAMSUNG-GT-E2232/1.0 Openwave/6.2.3 Profile/MIDP-2.0 Configuration/CLDC-1.1 UP.Browser/6.2.3.3.c.1.101 (GUI) MMP/2.0" "saveaslave.com"
194.187.170.123 - - [04/Jun/2017:11:01:19 -0700] "GET /article.php?id=24 HTTP/1.1" 200 46764 "-" "Mozilla/5.0 (compatible; Qwantify/2.4w; +https://www.qwant.com/)/2.4w" "saveaslave.com"
66.102.6.99 - - [04/Jun/2017:11:17:31 -0700] "GET / HTTP/1.1" 200 88280 "-" "Mozilla/5.0 (X11; Linux x86_64) AppleWebKit/537.36 (KHTML, like Gecko) Chrome/49.0.2623.75 Safari/537.36 Google Favicon" "saveaslave.com"
66.102.6.96 - - [04/Jun/2017:11:17:31 -0700] "GET /ico/favicon-16x16.png HTTP/1.1" 200 1129 "-" "Mozilla/5.0 (X11; Linux x86_64) AppleWebKit/537.36 (KHTML, like Gecko) Chrome/49.0.2623.75 Safari/537.36 Google Favicon" "saveaslave.com"
194.187.170.123 - - [04/Jun/2017:11:19:37 -0700] "GET /article.php?id=61 HTTP/1.1" 200 57251 "-" "Mozilla/5.0 (compatible; Qwantify/2.4w; +https://www.qwant.com/)/2.4w" "saveaslave.com"
194.187.170.123 - - [04/Jun/2017:11:22:30 -0700] "GET /article.php?id=112 HTTP/1.1" 200 46853 "-" "Mozilla/5.0 (compatible; Qwantify/2.4w; +https://www.qwant.com/)/2.4w" "saveaslave.com"
216.244.66.250 - - [04/Jun/2017:11:22:47 -0700] "GET /robots.txt HTTP/1.1" 200 48 "-" "Mozilla/5.0 (compatible; DotBot/1.1; http://www.opensiteexplorer.org/dotbot, help@moz.com)" "saveaslave.com"
66.249.75.18 - - [04/Jun/2017:11:27:41 -0700] "GET /images/supporters/love-logo.png HTTP/1.1" 200 6021 "-" "Googlebot-Image/1.0" "www.saveaslave.com"
100.43.90.10 - - [04/Jun/2017:11:28:15 -0700] "GET /robots.txt HTTP/1.1" 200 48 "-" "Mozilla/5.0 (compatible; YandexBot/3.0; +http://yandex.com/bots)" "www.saveaslave.com"
100.43.90.10 - - [04/Jun/2017:11:28:19 -0700] "GET /ico/favicon-96x96.png HTTP/1.1" 200 4476 "-" "Mozilla/5.0 (compatible; YandexBot/3.0; +http://yandex.com/bots)" "www.saveaslave.com"
85.180.53.218 - - [04/Jun/2017:11:31:26 -0700] "GET / HTTP/1.1" 200 88244 "http://www.ohchr.org/EN/Issues/Slavery/UNVTFCFS/Pages/SlaveryList.aspx" "Mozilla/5.0 (Windows NT 6.1; WOW64; rv:53.0) Gecko/20100101 Firefox/53.0" "www.saveaslave.com"[0]
85.180.53.218 - - [04/Jun/2017:11:31:27 -0700] "GET / HTTP/1.1" 200 88244 "http://www.ohchr.org/EN/Issues/Slavery/UNVTFCFS/Pages/SlaveryList.aspx" "Mozilla/5.0 (Windows NT 6.1; WOW64; rv:53.0) Gecko/20100101 Firefox/53.0" "www.saveaslave.com"
85.180.53.218 - - [04/Jun/2017:11:31:28 -0700] "GET /css/bootstrap.min.css HTTP/1.1" 200 123578 "http://www.saveaslave.com/" "Mozilla/5.0 (Windows NT 6.1; WOW64; rv:53.0) Gecko/20100101 Firefox/53.0" "www.saveaslave.com"[0]
