47.11.229.183 - - [03/Aug/2017:12:22:02 -0700] "GET /ico/favicon-16x16.png HTTP/1.1" 200 1129 "http://www.saveaslave.com/" "Mozilla/5.0 (Windows NT 6.3; Win64; x64) AppleWebKit/537.36 (KHTML, like Gecko) Chrome/59.0.3071.115 Safari/537.36" "www.saveaslave.com"
47.11.229.183 - - [03/Aug/2017:12:22:03 -0700] "GET /ico/android-icon-192x192.png HTTP/1.1" 200 10097 "http://www.saveaslave.com/" "Mozilla/5.0 (Windows NT 6.3; Win64; x64) AppleWebKit/537.36 (KHTML, like Gecko) Chrome/59.0.3071.115 Safari/537.36" "www.saveaslave.com"[0]
47.11.229.183 - - [03/Aug/2017:12:22:04 -0700] "GET /favicon.ico HTTP/1.1" 404 89 "http://www.saveaslave.com/" "Mozilla/5.0 (Windows NT 6.3; Win64; x64) AppleWebKit/537.36 (KHTML, like Gecko) Chrome/59.0.3071.115 Safari/537.36" "www.saveaslave.com"
47.11.229.183 - - [03/Aug/2017:12:22:14 -0700] "GET /contact-us.php HTTP/1.1" 200 30765 "http://www.saveaslave.com/" "Mozilla/5.0 (Windows NT 6.3; Win64; x64) AppleWebKit/537.36 (KHTML, like Gecko) Chrome/59.0.3071.115 Safari/537.36" "www.saveaslave.com"
157.55.39.13 - - [03/Aug/2017:12:37:54 -0700] "GET /robots.txt HTTP/1.1" 200 48 "-" "Mozilla/5.0 (compatible; bingbot/2.0; +http://www.bing.com/bingbot.htm)" "www.saveaslave.com"
166.137.10.55 - - [03/Aug/2017:12:37:57 -0700] "GET /images/article/suspects.jpg HTTP/1.1" 200 58796 "https://www.google.com/" "Mozilla/5.0 (Linux; Android 7.0; SAMSUNG SM-G935A Build/NRD90M) AppleWebKit/537.36 (KHTML, like Gecko) SamsungBrowser/5.4 Chrome/51.0.2704.106 Mobile Safari/537.36" "www.saveaslave.com"[0]
40.77.167.25 - - [03/Aug/2017:12:38:39 -0700] "GET /article.php?id=86 HTTP/1.1" 200 526 "-" "Mozilla/5.0 (compatible; bingbot/2.0; +http://www.bing.com/bingbot.htm)" "www.saveaslave.com"[1]
185.202.212.219 - - [03/Aug/2017:12:41:43 -0700] "GET /images/article/1057439576.jpg HTTP/1.1" 200 28222 "https://www.google.ru/" "Mozilla/5.0 (Windows NT 6.3; Win64; x64) AppleWebKit/537.36 (KHTML, like Gecko) Chrome/59.0.3071.115 Safari/537.36" "www.saveaslave.com"
88.99.194.48 - - [03/Aug/2017:13:11:12 -0700] "GET /our-newsr.php HTTP/1.1" 200 79139 "-" "Mozilla/5.0 (X11; Linux i686; rv:53.0) Gecko/20100101 Firefox/53.0" "saveaslave.com"
84.0.88.223 - - [03/Aug/2017:13:17:59 -0700] "GET /images/article/1057439576.jpg HTTP/1.1" 200 28222 "https://www.google.hu/" "Mozilla/5.0 (Linux; Android 5.1.1; C6603 Build/10.7.A.0.228) AppleWebKit/537.36 (KHTML, like Gecko) Chrome/59.0.3071.125 Mobile Safari/537.36" "www.saveaslave.com"
54.205.101.108 - - [03/Aug/2017:13:22:45 -0700] "GET /classifieds/index.php?view=ads&catid=106&subcatid=&cityid=0 HTTP/1.1" 404 89 "-" "Mozilla/5.0 (compatible; linkdexbot/2.0; +http://www.linkdex.com/bots/)" "www.saveaslave.com"
99.197.115.239 - - [03/Aug/2017:13:49:26 -0700] "GET / HTTP/1.1" 200 5766 "-" "Mozilla/5.0 (Windows NT 10.0; WOW64; Trident/7.0; SMJB; rv:11.0) like Gecko" "www.saveaslave.com"[1]
99.197.115.239 - - [03/Aug/2017:13:49:26 -0700] "GET /css/bootstrap.min.css HTTP/1.1" 200 123578 "http://www.saveaslave.com/" "Mozilla/5.0 (Windows NT 10.0; WOW64; Trident/7.0; SMJB; rv:11.0) like Gecko" "www.saveaslave.com"
99.197.115.239 - - [03/Aug/2017:13:49:26 -0700] "GET /css/style.css HTTP/1.1" 200 7938 "http://www.saveaslave.com/" "Mozilla/5.0 (Windows NT 10.0; WOW64; Trident/7.0; SMJB; rv:11.0) like Gecko" "www.saveaslave.com"
99.197.115.239 - - [03/Aug/2017:13:49:27 -0700] "GET /css/elements.css HTTP/1.1" 304 - "http://www.saveaslave.com/" "Mozilla/5.0 (Windows NT 10.0; WOW64; Trident/7.0; SMJB; rv:11.0) like Gecko" "www.saveaslave.com"[0]
99.197.115.239 - - [03/Aug/2017:13:49:27 -0700] "GET /assets/js/ie-emulation-modes-warning.js HTTP/1.1" 304 - "http://www.saveaslave.com/" "Mozilla/5.0 (Windows NT 10.0; WOW64; Trident/7.0; SMJB; rv:11.0) like Gecko" "www.saveaslave.com"
99.197.115.239 - - [03/Aug/2017:13:49:27 -0700] "GET /gfeedfetcher.js HTTP/1.1" 200 9018 "http://www.saveaslave.com/" "Mozilla/5.0 (Windows NT 10.0; WOW64; Trident/7.0; SMJB; rv:11.0) like Gecko" "www.saveaslave.com"
99.197.115.239 - - [03/Aug/2017:13:49:27 -0700] "GET /gajaxscroller.js HTTP/1.1" 200 9774 "http://www.saveaslave.com/" "Mozilla/5.0 (Windows NT 10.0; WOW64; Trident/7.0; SMJB; rv:11.0) like Gecko" "www.saveaslave.com"
99.197.115.239 - - [03/Aug/2017:13:49:28 -0700] "GET /images/logo2.png HTTP/1.1" 200 18525 "http://www.saveaslave.com/" "Mozilla/5.0 (Windows NT 10.0; WOW64; Trident/7.0; SMJB; rv:11.0) like Gecko" "www.saveaslave.com"
99.197.115.239 - - [03/Aug/2017:13:49:28 -0700] "GET /images/cover1.jpg HTTP/1.1" 200 253658 "http://www.saveaslave.com/" "Mozilla/5.0 (Windows NT 10.0; WOW64; Trident/7.0; SMJB; rv:11.0) like Gecko" "www.saveaslave.com"
99.197.115.239 - - [03/Aug/2017:13:49:28 -0700] "GET /images/top.jpg HTTP/1.1" 200 50519 "http://www.saveaslave.com/" "Mozilla/5.0 (Windows NT 10.0; WOW64; Trident/7.0; SMJB; rv:11.0) like Gecko" "www.saveaslave.com"
99.197.115.239 - - [03/Aug/2017:13:49:52 -0700] "GET /ico/android-icon-192x192.png HTTP/1.1" 200 10097 "-" "Mozilla/5.0 (Windows NT 10.0; Win64; x64; Trident/7.0; SMJB; rv:11.0) like Gecko" "www.saveaslave.com"
54.205.101.108 - - [03/Aug/2017:13:53:05 -0700] "GET /classifieds/index.php?view=ads&catid=107&subcatid=&cityid=0 HTTP/1.1" 404 89 "-" "Mozilla/5.0 (compatible; linkdexbot/2.0; +http://www.linkdex.com/bots/)" "www.saveaslave.com"
188.163.72.17 - - [03/Aug/2017:14:19:51 -0700] "GET / HTTP/1.1" 200 88244 "https://pregnant.guru/" "Mozilla/4.0 (compatible; MSIE 5.5; Windows NT 5.0)" "www.saveaslave.com"
188.163.72.17 - - [03/Aug/2017:14:19:51 -0700] "GET / HTTP/1.1" 200 88244 "https://pregnant.guru/" "Mozilla/4.0 (compatible; MSIE 5.5; Windows NT 5.0)" "www.saveaslave.com"
216.244.66.198 - - [03/Aug/2017:14:25:52 -0700] "GET /robots.txt HTTP/1.1" 200 48 "-" "Mozilla/5.0 (compatible; DotBot/1.1; http://www.opensiteexplorer.org/dotbot, help@moz.com)" "saveaslave.com"
99.197.115.239 - - [03/Aug/2017:14:37:44 -0700] "GET / HTTP/1.1" 200 5765 "-" "Mozilla/5.0 (Windows NT 10.0; WOW64; Trident/7.0; SMJB; rv:11.0) like Gecko" "www.saveaslave.com"[1]
99.197.115.239 - - [03/Aug/2017:14:37:44 -0700] "GET /ico/favicon-96x96.png HTTP/1.1" 200 4476 "http://www.saveaslave.com/" "Mozilla/5.0 (Windows NT 10.0; WOW64; Trident/7.0; SMJB; rv:11.0) like Gecko" "www.saveaslave.com"
99.197.115.239 - - [03/Aug/2017:14:37:44 -0700] "GET /ico/favicon-16x16.png HTTP/1.1" 200 1129 "http://www.saveaslave.com/" "Mozilla/5.0 (Windows NT 10.0; WOW64; Trident/7.0; SMJB; rv:11.0) like Gecko" "www.saveaslave.com"
99.197.115.239 - - [03/Aug/2017:14:37:45 -0700] "GET /assets/js/ie-emulation-modes-warning.js HTTP/1.1" 200 2130 "http://www.saveaslave.com/" "Mozilla/5.0 (Windows NT 10.0; WOW64; Trident/7.0; SMJB; rv:11.0) like Gecko" "www.saveaslave.com"
99.197.115.239 - - [03/Aug/2017:14:37:45 -0700] "GET /css/style.css HTTP/1.1" 200 7938 "http://www.saveaslave.com/" "Mozilla/5.0 (Windows NT 10.0; WOW64; Trident/7.0; SMJB; rv:11.0) like Gecko" "www.saveaslave.com"
99.197.115.239 - - [03/Aug/2017:14:37:45 -0700] "GET /gfeedfetcher.js HTTP/1.1" 200 9018 "http://www.saveaslave.com/" "Mozilla/5.0 (Windows NT 10.0; WOW64; Trident/7.0; SMJB; rv:11.0) like Gecko" "www.saveaslave.com"
99.197.115.239 - - [03/Aug/2017:14:37:46 -0700] "GET /fonts/glyphicons-halflings-regular.woff2 HTTP/1.1" 200 18028 "http://www.saveaslave.com/css/bootstrap.min.css" "Mozilla/5.0 (Windows NT 10.0; WOW64; Trident/7.0; SMJB; rv:11.0) like Gecko" "www.saveaslave.com"[0]
99.197.115.239 - - [03/Aug/2017:14:37:46 -0700] "GET /images/top.jpg HTTP/1.1" 200 50519 "http://www.saveaslave.com/" "Mozilla/5.0 (Windows NT 10.0; WOW64; Trident/7.0; SMJB; rv:11.0) like Gecko" "www.saveaslave.com"
154.53.211.131 - - [03/Aug/2017:14:48:46 -0700] "GET /assets/js/ie-emulation-modes-warning.js HTTP/1.1" 200 2130 "http://saveaslave.com/" "Mozilla/5.0 (Linux; Android 4.4.2; T1-701u Build/HuaweiMediaPad) AppleWebKit/537.36 (KHTML, like Gecko) Chrome/55.0.2883.91 Safari/537.36" "saveaslave.com"
154.53.211.131 - - [03/Aug/2017:14:48:46 -0700] "GET /gfeedfetcher.js HTTP/1.1" 200 9018 "http://saveaslave.com/" "Mozilla/5.0 (Linux; Android 4.4.2; T1-701u Build/HuaweiMediaPad) AppleWebKit/537.36 (KHTML, like Gecko) Chrome/55.0.2883.91 Safari/537.36" "saveaslave.com"
154.53.211.131 - - [03/Aug/2017:14:48:47 -0700] "GET /gajaxscroller.js HTTP/1.1" 200 9774 "http://saveaslave.com/" "Mozilla/5.0 (Linux; Android 4.4.2; T1-701u Build/HuaweiMediaPad) AppleWebKit/537.36 (KHTML, like Gecko) Chrome/55.0.2883.91 Safari/537.36" "saveaslave.com"
154.53.211.131 - - [03/Aug/2017:14:48:47 -0700] "GET /images/logo2.png HTTP/1.1" 200 18525 "http://saveaslave.com/" "Mozilla/5.0 (Linux; Android 4.4.2; T1-701u Build/HuaweiMediaPad) AppleWebKit/537.36 (KHTML, like Gecko) Chrome/55.0.2883.91 Safari/537.36" "saveaslave.com"
154.53.211.131 - - [03/Aug/2017:14:48:48 -0700] "GET /images/cover1.jpg HTTP/1.1" 200 253658 "http://saveaslave.com/" "Mozilla/5.0 (Linux; Android 4.4.2; T1-701u Build/HuaweiMediaPad) AppleWebKit/537.36 (KHTML, like Gecko) Chrome/55.0.2883.91 Safari/537.36" "saveaslave.com"
154.53.211.131 - - [03/Aug/2017:14:48:53 -0700] "GET /images/top.jpg HTTP/1.1" 200 50519 "http://saveaslave.com/" "Mozilla/5.0 (Linux; Android 4.4.2; T1-701u Build/HuaweiMediaPad) AppleWebKit/537.36 (KHTML, like Gecko) Chrome/55.0.2883.91 Safari/537.36" "saveaslave.com"[0]
154.53.211.131 - - [03/Aug/2017:14:48:54 -0700] "GET /ico/android-icon-192x192.png HTTP/1.1" 200 10097 "http://saveaslave.com/" "Mozilla/5.0 (Linux; Android 4.4.2; T1-701u Build/HuaweiMediaPad) AppleWebKit/537.36 (KHTML, like Gecko) Chrome/55.0.2883.91 Safari/537.36" "saveaslave.com"
136.243.59.237 - - [03/Aug/2017:14:53:31 -0700] "GET /robots.txt HTTP/1.1" 200 48 "-" "DomainStatsBot/1.0 (http://domainstats.io/our-bot)" "www.saveaslave.com"
136.243.59.237 - - [03/Aug/2017:14:53:32 -0700] "HEAD / HTTP/1.1" 200 0 "http://www.saveaslave.com/" "DomainStatsBot/1.0 (http://domainstats.io/our-bot)" "www.saveaslave.com"
136.243.59.237 - - [03/Aug/2017:14:53:33 -0700] "GET / HTTP/1.1" 200 5766 "-" "DomainStatsBot/1.0 (http://domainstats.io/our-bot)" "www.saveaslave.com"
216.244.66.198 - - [03/Aug/2017:15:03:36 -0700] "GET /article.php?id=118 HTTP/1.1" 200 50002 "-" "Mozilla/5.0 (compatible; DotBot/1.1; http://www.opensiteexplorer.org/dotbot, help@moz.com)" "saveaslave.com"
99.197.115.239 - - [03/Aug/2017:16:31:25 -0700] "GET / HTTP/1.1" 200 88280 "-" "Mozilla/5.0 (Windows NT 10.0; WOW64; Trident/7.0; SMJB; rv:11.0) like Gecko" "www.saveaslave.com"
99.197.115.239 - - [03/Aug/2017:16:31:26 -0700] "GET /addarticle.php HTTP/1.1" 200 13725 "http://www.saveaslave.com/" "Mozilla/5.0 (Windows NT 10.0; WOW64; Trident/7.0; SMJB; rv:11.0) like Gecko" "www.saveaslave.com"[1]
99.197.115.239 - - [03/Aug/2017:16:31:32 -0700] "GET /images/article/end_it.jpg HTTP/1.1" 200 33676 "http://www.saveaslave.com/" "Mozilla/5.0 (Windows NT 10.0; WOW64; Trident/7.0; SMJB; rv:11.0) like Gecko" "www.saveaslave.com"
99.197.115.239 - - [03/Aug/2017:16:31:32 -0700] "GET /images/social2.png HTTP/1.1" 200 1752 "http://www.saveaslave.com/" "Mozilla/5.0 (Windows NT 10.0; WOW64; Trident/7.0; SMJB; rv:11.0) like Gecko" "www.saveaslave.com"
99.197.115.239 - - [03/Aug/2017:16:31:32 -0700] "GET /images/social1.png HTTP/1.1" 200 2012 "http://www.saveaslave.com/" "Mozilla/5.0 (Windows NT 10.0; WOW64; Trident/7.0; SMJB; rv:11.0) like Gecko" "www.saveaslave.com"
99.197.115.239 - - [03/Aug/2017:16:32:31 -0700] "GET /indicator.gif HTTP/1.1" 200 878 "http://www.saveaslave.com/" "Mozilla/5.0 (Windows NT 10.0; WOW64; Trident/7.0; SMJB; rv:11.0) like Gecko" "www.saveaslave.com"
99.197.115.239 - - [03/Aug/2017:16:32:31 -0700] "GET /images/select-arrow.png HTTP/1.1" 200 1118 "http://www.saveaslave.com/" "Mozilla/5.0 (Windows NT 10.0; WOW64; Trident/7.0; SMJB; rv:11.0) like Gecko" "www.saveaslave.com"
99.197.115.239 - - [03/Aug/2017:16:35:08 -0700] "GET /ico/android-icon-192x192.png HTTP/1.1" 200 10097 "-" "Mozilla/5.0 (Windows NT 10.0; Win64; x64; Trident/7.0; SMJB; rv:11.0) like Gecko" "www.saveaslave.com"
66.249.75.30 - - [03/Aug/2017:16:43:46 -0700] "GET /apple-app-site-association HTTP/1.1" 403 255 "-" "Mozilla/5.0 (compatible; Googlebot/2.1; +http://www.google.com/bot.html)" "saveaslave.com"
136.243.59.237 - - [03/Aug/2017:18:04:37 -0700] "GET /our-news.php HTTP/1.1" 200 44776 "-" "DomainStatsBot/1.0 (http://domainstats.io/our-bot)" "www.saveaslave.com"
46.118.112.220 - - [03/Aug/2017:18:09:58 -0700] "GET / HTTP/1.1" 200 88244 "http://pk-pomosch.ru/" "Mozilla/4.0 (compatible; MSIE 5.5; Windows NT 5.0)" "www.saveaslave.com"
123.30.175.212 - - [03/Aug/2017:18:20:28 -0700] "GET /addarticle.php HTTP/1.1" 200 526 "-" "Mozilla/5.0 (compatible; coccocbot-web/1.0; +http://help.coccoc.com/searchengine)" "saveaslave.com"[1]
216.244.66.198 - - [03/Aug/2017:18:28:52 -0700] "GET /managelink.php HTTP/1.1" 200 1294 "-" "Mozilla/5.0 (compatible; DotBot/1.1; http://www.opensiteexplorer.org/dotbot, help@moz.com)" "www.saveaslave.com"
199.47.87.140 - - [03/Aug/2017:18:45:08 -0700] "GET /robots.txt HTTP/1.1" 200 48 "-" "TurnitinBot (https://turnitin.com/robot/crawlerinfo.html)" "saveaslave.com"
199.47.87.140 - - [03/Aug/2017:18:45:11 -0700] "GET /addarticle.php HTTP/1.1" 200 13761 "-" "TurnitinBot (https://turnitin.com/robot/crawlerinfo.html)" "saveaslave.com"
199.47.87.140 - - [03/Aug/2017:18:45:28 -0700] "GET /article.php?id=22 HTTP/1.1" 200 47518 "-" "TurnitinBot (https://turnitin.com/robot/crawlerinfo.html)" "saveaslave.com"
199.47.87.140 - - [03/Aug/2017:18:45:32 -0700] "GET /article.php?id=32 HTTP/1.1" 200 51970 "-" "TurnitinBot (https://turnitin.com/robot/crawlerinfo.html)" "saveaslave.com"
199.47.87.140 - - [03/Aug/2017:18:45:39 -0700] "GET /help.php HTTP/1.1" 200 53725 "-" "TurnitinBot (https://turnitin.com/robot/crawlerinfo.html)" "saveaslave.com"[0]
199.47.87.140 - - [03/Aug/2017:18:47:49 -0700] "GET /robots.txt HTTP/1.1" 200 48 "-" "TurnitinBot (https://turnitin.com/robot/crawlerinfo.html)" "www.saveaslave.com"
199.47.87.140 - - [03/Aug/2017:18:47:52 -0700] "GET /articles/slavetrafficking.html HTTP/1.1" 404 89 "-" "TurnitinBot (https://turnitin.com/robot/crawlerinfo.html)" "www.saveaslave.com"
46.229.164.101 - - [03/Aug/2017:19:02:53 -0700] "GET /robots.txt HTTP/1.1" 200 48 "-" "Mozilla/5.0 (compatible; SemrushBot/1.2~bl; +http://www.semrush.com/bot.html)" "www.saveaslave.com"
216.244.66.198 - - [03/Aug/2017:19:20:39 -0700] "GET /article.php?id=24 HTTP/1.1" 200 526 "-" "Mozilla/5.0 (compatible; DotBot/1.1; http://www.opensiteexplorer.org/dotbot, help@moz.com)" "saveaslave.com"
66.220.152.187 - - [03/Aug/2017:19:54:25 -0700] "GET /images/cover1.jpg HTTP/1.1" 200 253658 "-" "facebookexternalhit/1.1 (+http://www.facebook.com/externalhit_uatext.php)" "www.saveaslave.com"[1]
157.55.39.13 - - [03/Aug/2017:20:22:54 -0700] "GET /robots.txt HTTP/1.1" 200 48 "-" "Mozilla/5.0 (compatible; bingbot/2.0; +http://www.bing.com/bingbot.htm)" "saveaslave.com"
157.55.2.191 - - [03/Aug/2017:20:24:42 -0700] "GET /gajaxscroller.js HTTP/1.1" 200 9774 "http://saveaslave.com/" "Mozilla/5.0 (Windows NT 6.1; WOW64) AppleWebKit/534+ (KHTML, like Gecko) BingPreview/1.0b" "saveaslave.com"
157.55.2.191 - - [03/Aug/2017:20:24:42 -0700] "GET /images/top.jpg HTTP/1.1" 200 50519 "http://saveaslave.com/" "Mozilla/5.0 (Windows NT 6.1; WOW64) AppleWebKit/534+ (KHTML, like Gecko) BingPreview/1.0b" "saveaslave.com"
157.55.2.191 - - [03/Aug/2017:20:24:44 -0700] "GET /images/select-arrow.png HTTP/1.1" 200 1118 "http://saveaslave.com/" "Mozilla/5.0 (Windows NT 6.1; WOW64) AppleWebKit/534+ (KHTML, like Gecko) BingPreview/1.0b" "saveaslave.com"
207.46.13.139 - - [03/Aug/2017:21:02:33 -0700] "GET /images/article/naruchniki_zhen_bogovid_default.jpg HTTP/1.1" 200 53987 "-" "Mozilla/5.0 (compatible; bingbot/2.0; +http://www.bing.com/bingbot.htm)" "saveaslave.com"
77.88.5.40 - - [03/Aug/2017:21:52:30 -0700] "GET /images/article/128712997050803b%20(1).jpg HTTP/1.1" 200 24359 "-" "Mozilla/5.0 (compatible; YandexImages/3.0; +http://yandex.com/bots)" "saveaslave.com"
216.244.66.198 - - [03/Aug/2017:21:55:58 -0700] "GET /article.php?id=20 HTTP/1.1" 200 51083 "-" "Mozilla/5.0 (compatible; DotBot/1.1; http://www.opensiteexplorer.org/dotbot, help@moz.com)" "saveaslave.com"[1]
216.244.66.198 - - [03/Aug/2017:21:56:17 -0700] "GET /managevolunteer.php HTTP/1.1" 200 1294 "-" "Mozilla/5.0 (compatible; DotBot/1.1; http://www.opensiteexplorer.org/dotbot, help@moz.com)" "www.saveaslave.com"[0]
77.88.5.12 - - [03/Aug/2017:22:05:39 -0700] "GET /www.dhs.gov HTTP/1.1" 404 89 "-" "Mozilla/5.0 (compatible; YandexBot/3.0; +http://yandex.com/bots)" "saveaslave.com"
216.244.66.198 - - [03/Aug/2017:22:11:29 -0700] "GET /robots.txt HTTP/1.1" 200 48 "-" "Mozilla/5.0 (compatible; DotBot/1.1; http://www.opensiteexplorer.org/dotbot, help@moz.com)" "saveaslave.com"
62.212.73.211 - - [03/Aug/2017:22:48:29 -0700] "GET /index.php HTTP/1.1" 200 88280 "-" "Mozilla/5.0 (compatible; MJ12bot/v1.4.8; http://mj12bot.com/)" "www.saveaslave.com"
216.244.66.198 - - [03/Aug/2017:23:38:24 -0700] "GET /robots.txt HTTP/1.1" 200 48 "-" "Mozilla/5.0 (compatible; DotBot/1.1; http://www.opensiteexplorer.org/dotbot, help@moz.com)" "www.saveaslave.com"
216.244.66.198 - - [03/Aug/2017:23:38:24 -0700] "GET /robots.txt HTTP/1.1" 200 48 "-" "Mozilla/5.0 (compatible; DotBot/1.1; http://www.opensiteexplorer.org/dotbot, help@moz.com)" "saveaslave.com"
65.36.241.48 - - [03/Aug/2017:23:47:58 -0700] "HEAD / HTTP/1.1" 200 0 "-" "InternetSeer.com" "www.saveaslave.com"
91.200.12.65 - - [03/Aug/2017:23:52:23 -0700] "GET /wp-login.php HTTP/1.1" 200 73 "-" "Mozilla/5.0 (compatible; MSIE 9.0; Windows NT 6.1; Trident/5.0)" "saveaslave.com"[0]
91.200.12.65 - - [03/Aug/2017:23:52:23 -0700] "GET //wp-login.php HTTP/1.1" 200 73 "-" "Mozilla/5.0 (compatible; MSIE 9.0; Windows NT 6.1; Trident/5.0)" "saveaslave.com"
188.163.72.17 - - [03/Aug/2017:23:57:00 -0700] "GET / HTTP/1.1" 200 5766 "http://pk-services.ru/" "Mozilla/4.0 (compatible; MSIE 5.5; Windows 98)" "www.saveaslave.com"
62.210.178.138 - - [04/Aug/2017:00:06:55 -0700] "GET /wp-login.php HTTP/1.1" 200 73 "http://saveaslave.com/wp-login.php" "Mozilla/4.0 (compatible; MSIE 9.0; Windows NT 6.1; 125LA; .NET CLR 2.0.50727; .NET CLR 3.0.04506.648; .NET CLR 3.5.21022)" "saveaslave.com"
62.210.178.138 - - [04/Aug/2017:00:06:55 -0700] "GET /wp-login.php HTTP/1.1" 200 73 "http://saveaslave.com/wp-login.php" "Mozilla/4.0 (compatible; MSIE 9.0; Windows NT 6.1; 125LA; .NET CLR 2.0.50727; .NET CLR 3.0.04506.648; .NET CLR 3.5.21022)" "saveaslave.com"
34.229.103.212 - - [04/Aug/2017:00:13:42 -0700] "GET / HTTP/1.1" 200 5765 "-" "Mozilla/5.0 (compatible; linkdexbot/2.0; +http://www.linkdex.com/bots/)" "saveaslave.com"[1]
77.88.5.24 - - [04/Aug/2017:00:27:42 -0700] "GET /images/supporters/rescue.png HTTP/1.1" 200 9148 "-" "Mozilla/5.0 (compatible; YandexImages/3.0; +http://yandex.com/bots)" "saveaslave.com"
88.99.194.48 - - [04/Aug/2017:01:04:07 -0700] "GET /our-newsr.php HTTP/1.1" 200 79139 "-" "Mozilla/5.0 (X11; Linux i686; rv:53.0) Gecko/20100101 Firefox/53.0" "saveaslave.com"
65.36.241.48 - - [04/Aug/2017:01:05:24 -0700] "HEAD / HTTP/1.1" 200 0 "-" "InternetSeer.com" "www.saveaslave.com"
88.99.194.48 - - [04/Aug/2017:01:09:07 -0700] "GET /our-newsr.php HTTP/1.1" 200 79139 "-" "Mozilla/5.0 (X11; Linux i686; rv:53.0) Gecko/20100101 Firefox/53.0" "saveaslave.com"
41.75.97.170 - - [04/Aug/2017:01:12:33 -0700] "GET / HTTP/1.1" 200 88280 "-" "Mozilla/5.0 (Windows NT 6.3; Win64; x64) AppleWebKit/537.36 (KHTML, like Gecko) Chrome/59.0.3071.115 Safari/537.36" "www.saveaslave.com"
41.75.97.170 - - [04/Aug/2017:01:12:35 -0700] "GET /addarticle.php HTTP/1.1" 200 13725 "http://www.saveaslave.com/" "Mozilla/5.0 (Windows NT 6.3; Win64; x64) AppleWebKit/537.36 (KHTML, like Gecko) Chrome/59.0.3071.115 Safari/537.36" "www.saveaslave.com"
180.179.12.54 - - [04/Aug/2017:01:13:18 -0700] "GET /images/article/2239.jpg HTTP/1.1" 200 89745 "-" "Mozilla/5.0 (Linux; U; Android 6.0.1; en-US; vivo 1606 Build/MMB29M) AppleWebKit/534.30 (KHTML, like Gecko) Version/4.0 UCBrowser/10.10.5.809 U3/0.8.0 Mobile Safari/534.30" "www.saveaslave.com"
216.244.66.198 - - [04/Aug/2017:01:42:36 -0700] "GET /article.php?id=104 HTTP/1.1" 200 526 "-" "Mozilla/5.0 (compatible; DotBot/1.1; http://www.opensiteexplorer.org/dotbot, help@moz.com)" "www.saveaslave.com"[1]
65.36.241.48 - - [04/Aug/2017:02:23:10 -0700] "HEAD / HTTP/1.1" 200 0 "-" "InternetSeer.com" "www.saveaslave.com"
77.88.5.56 - - [04/Aug/2017:02:39:02 -0700] "GET /robots.txt HTTP/1.1" 200 48 "-" "Mozilla/5.0 (compatible; YandexBot/3.0; +http://yandex.com/bots)" "saveaslave.com"
77.88.5.48 - - [04/Aug/2017:02:39:07 -0700] "GET /images/article/naruchniki_zhen_bogovid_default.jpg HTTP/1.1" 200 53987 "-" "Mozilla/5.0 (compatible; YandexImages/3.0; +http://yandex.com/bots)" "saveaslave.com"
69.167.41.40 - - [04/Aug/2017:02:46:05 -0700] "GET /in-russian.php?lang=ftp://ibuilder:ibuilder@www.ibuildermart.com/configs.php? HTTP/1.1" 200 90526 "-" "-" "saveaslave.com"
216.244.66.198 - - [04/Aug/2017:02:55:03 -0700] "GET /article.php?id=4 HTTP/1.1" 200 51755 "-" "Mozilla/5.0 (compatible; DotBot/1.1; http://www.opensiteexplorer.org/dotbot, help@moz.com)" "saveaslave.com"
162.210.196.97 - - [04/Aug/2017:02:59:01 -0700] "GET /robots.txt HTTP/1.1" 200 48 "-" "Mozilla/5.0 (compatible; MJ12bot/v1.4.8; http://mj12bot.com/)" "saveaslave.com"
162.210.196.97 - - [04/Aug/2017:02:59:04 -0700] "GET / HTTP/1.1" 200 88280 "-" "Mozilla/5.0 (compatible; MJ12bot/v1.4.8; http://mj12bot.com/)" "saveaslave.com"
162.210.196.97 - - [04/Aug/2017:02:59:04 -0700] "GET /robots.txt HTTP/1.1" 200 48 "-" "Mozilla/5.0 (compatible; MJ12bot/v1.4.8; http://mj12bot.com/)" "www.saveaslave.com"
162.210.196.97 - - [04/Aug/2017:02:59:06 -0700] "GET / HTTP/1.1" 200 88280 "-" "Mozilla/5.0 (compatible; MJ12bot/v1.4.8; http://mj12bot.com/)" "www.saveaslave.com"
162.210.196.97 - - [04/Aug/2017:02:59:09 -0700] "GET /our-supporters.php HTTP/1.1" 200 56309 "-" "Mozilla/5.0 (compatible; MJ12bot/v1.4.8; http://mj12bot.com/)" "www.saveaslave.com"[0]
162.210.196.97 - - [04/Aug/2017:02:59:12 -0700] "GET /who-we-are.php HTTP/1.1" 200 51705 "-" "Mozilla/5.0 (compatible; MJ12bot/v1.4.8; http://mj12bot.com/)" "www.saveaslave.com"
138.197.2.254 - - [04/Aug/2017:03:00:57 -0700] "GET / HTTP/1.1" 200 88280 "-" "Mozilla/5.0 (Windows NT 6.1; WOW64; rv:28.0) Gecko/20100101 Firefox/28.0" "www.saveaslave.com"
138.197.2.254 - - [04/Aug/2017:03:00:57 -0700] "GET /gfeedfetcher.js HTTP/1.1" 200 9018 "http://www.saveaslave.com/" "Mozilla/5.0 (Windows NT 6.1; WOW64; rv:28.0) Gecko/20100101 Firefox/28.0" "www.saveaslave.com"
138.197.2.254 - - [04/Aug/2017:03:00:57 -0700] "GET /gajaxscroller.js HTTP/1.1" 200 9774 "http://www.saveaslave.com/" "Mozilla/5.0 (Windows NT 6.1; WOW64; rv:28.0) Gecko/20100101 Firefox/28.0" "www.saveaslave.com"[0]
138.197.2.254 - - [04/Aug/2017:03:00:57 -0700] "GET /assets/js/ie-emulation-modes-warning.js HTTP/1.1" 200 2130 "http://www.saveaslave.com/" "Mozilla/5.0 (Windows NT 6.1; WOW64; rv:28.0) Gecko/20100101 Firefox/28.0" "www.saveaslave.com"
138.197.2.254 - - [04/Aug/2017:03:00:57 -0700] "GET /assets/js/ie10-viewport-bug-workaround.js HTTP/1.1" 200 641 "http://www.saveaslave.com/" "Mozilla/5.0 (Windows NT 6.1; WOW64; rv:28.0) Gecko/20100101 Firefox/28.0" "www.saveaslave.com"
138.197.2.254 - - [04/Aug/2017:03:00:57 -0700] "GET /js/bootstrap.min.js HTTP/1.1" 200 37055 "http://www.saveaslave.com/" "Mozilla/5.0 (Windows NT 6.1; WOW64; rv:28.0) Gecko/20100101 Firefox/28.0" "www.saveaslave.com"
138.197.2.254 - - [04/Aug/2017:03:00:58 -0700] "GET /addarticle.php HTTP/1.1" 200 13725 "http://www.saveaslave.com/" "Mozilla/5.0 (Windows NT 6.1; WOW64; rv:28.0) Gecko/20100101 Firefox/28.0" "www.saveaslave.com"
138.197.2.254 - - [04/Aug/2017:03:01:31 -0700] "GET /help.php HTTP/1.1" 200 53148 "http://www.saveaslave.com" "Mozilla/5.0 (Windows NT 6.1; rv:28.0) Gecko/20100101 Firefox/28.0" "www.saveaslave.com"
138.197.2.254 - - [04/Aug/2017:03:01:32 -0700] "GET /who-we-are.php HTTP/1.1" 200 51669 "http://www.saveaslave.com" "Mozilla/5.0 (Windows NT 6.1; WOW64; rv:21.0) Gecko/20100101 Firefox/21.0" "www.saveaslave.com"
138.197.2.254 - - [04/Aug/2017:03:01:32 -0700] "GET /our-news.php HTTP/1.1" 200 44776 "http://saveaslave.com" "Mozilla/5.0 (compatible; MSIE 10.0; Windows NT 6.1; WOW64; Trident/6.0)" "saveaslave.com"
138.197.2.254 - - [04/Aug/2017:03:01:32 -0700] "GET /article.php?id=118 HTTP/1.1" 200 49966 "http://www.saveaslave.com" "Mozilla/5.0 (Windows NT 6.1; WOW64; rv:29.0) Gecko/20100101 Firefox/29.0" "www.saveaslave.com"
138.197.2.254 - - [04/Aug/2017:03:01:32 -0700] "GET /article.php?id=114 HTTP/1.1" 200 44774 "http://www.saveaslave.com" "Mozilla/5.0 (Macintosh; Intel Mac OS X 10.9; rv:29.0) Gecko/20100101 Firefox/29.0" "www.saveaslave.com"[0]
138.197.2.254 - - [04/Aug/2017:03:01:32 -0700] "GET /contact-us.php HTTP/1.1" 200 30765 "http://www.saveaslave.com" "Mozilla/5.0 (Macintosh; Intel Mac OS X 10.9; rv:29.0) Gecko/20100101 Firefox/29.0" "www.saveaslave.com"[0]
138.197.2.254 - - [04/Aug/2017:03:01:32 -0700] "GET /disclaimer.php HTTP/1.1" 200 48726 "http://www.saveaslave.com" "Mozilla/5.0 (Macintosh; Intel Mac OS X 10_9_2) AppleWebKit/537.75.14 (KHTML, like Gecko) Version/7.0.3 Safari/537.75.14" "www.saveaslave.com"
163.172.101.182 - - [04/Aug/2017:03:33:19 -0700] "GET /country.php?name=Belarus&lang=ru HTTP/1.1" 200 526 "-" "Mozilla/5.0 (Macintosh; U; PPC Mac OS X; fr-fr) AppleWebKit/312.1.1 (KHTML, like Gecko) Safari/312" "www.saveaslave.com"[1]
65.36.241.48 - - [04/Aug/2017:03:35:27 -0700] "HEAD / HTTP/1.1" 200 0 "-" "InternetSeer.com" "www.saveaslave.com"
217.69.143.68 - - [04/Aug/2017:03:45:48 -0700] "GET /robots.txt HTTP/1.1" 200 48 "-" "Mozilla/5.0 (compatible; Linux x86_64; Mail.RU_Bot/Img/2.0; +http://go.mail.ru/help/robots)" "www.saveaslave.com"
217.69.143.62 - - [04/Aug/2017:03:45:50 -0700] "GET /images/social3.png HTTP/1.1" 200 4343 "http://go.mail.ru/search_images" "Mozilla/5.0 (compatible; Linux x86_64; Mail.RU_Bot/Img/2.0; +http://go.mail.ru/help/robots)" "www.saveaslave.com"[1]
216.244.66.198 - - [04/Aug/2017:03:46:57 -0700] "GET /article.php?id=104 HTTP/1.1" 200 776 "-" "Mozilla/5.0 (compatible; DotBot/1.1; http://www.opensiteexplorer.org/dotbot, help@moz.com)" "www.saveaslave.com"
88.99.194.48 - - [04/Aug/2017:03:48:42 -0700] "GET /our-newsr.php HTTP/1.1" 200 79139 "-" "Mozilla/5.0 (X11; Linux i686; rv:53.0) Gecko/20100101 Firefox/53.0" "saveaslave.com"[1]
88.99.194.48 - - [04/Aug/2017:04:03:27 -0700] "GET /our-newsr.php HTTP/1.1" 200 9240 "-" "Mozilla/5.0 (X11; Linux i686; rv:53.0) Gecko/20100101 Firefox/53.0" "saveaslave.com"
217.69.143.50 - - [04/Aug/2017:05:17:29 -0700] "GET /robots.txt HTTP/1.1" 200 48 "-" "Mozilla/5.0 (compatible; Linux x86_64; Mail.RU_Bot/Img/2.0; +http://go.mail.ru/help/robots)" "saveaslave.com"
192.243.53.51 - - [04/Aug/2017:05:46:53 -0700] "GET /robots.txt HTTP/1.1" 200 48 "-" "Mozilla/5.0 (compatible; SemrushBot/1.2~bl; +http://www.semrush.com/bot.html)" "saveaslave.com"
192.243.53.51 - - [04/Aug/2017:05:46:59 -0700] "GET /robots.txt HTTP/1.1" 200 48 "-" "Mozilla/5.0 (compatible; SemrushBot/1.2~bl; +http://www.semrush.com/bot.html)" "www.saveaslave.com"
192.243.53.51 - - [04/Aug/2017:05:47:55 -0700] "GET /country.php?name=India&lang=en HTTP/1.1" 200 63776 "-" "Mozilla/5.0 (compatible; SemrushBot-BA; +http://www.semrush.com/bot.html)" "saveaslave.com"
217.69.136.204 - - [04/Aug/2017:05:48:18 -0700] "GET /article.php?id=118 HTTP/1.1" 200 50002 "-" "Mozilla/5.0 (compatible; Linux x86_64; Mail.RU_Bot/2.0; +http://go.mail.ru/help/robots)" "www.saveaslave.com"
217.69.136.206 - - [04/Aug/2017:05:48:30 -0700] "GET /antarctica.html HTTP/1.1" 404 89 "-" "Mozilla/5.0 (compatible; Linux x86_64; Mail.RU_Bot/2.0; +http://go.mail.ru/help/robots)" "www.saveaslave.com"
88.99.194.48 - - [04/Aug/2017:05:54:52 -0700] "GET /our-newsr.php HTTP/1.1" 200 9240 "-" "Mozilla/5.0 (X11; Linux i686; rv:53.0) Gecko/20100101 Firefox/53.0" "saveaslave.com"
192.243.53.51 - - [04/Aug/2017:05:57:02 -0700] "GET /robots.txt HTTP/1.1" 200 48 "-" "Mozilla/5.0 (compatible; SemrushBot/1.2~bl; +http://www.semrush.com/bot.html)" "saveaslave.com"
192.243.53.51 - - [04/Aug/2017:05:57:03 -0700] "GET /robots.txt HTTP/1.1" 200 48 "-" "Mozilla/5.0 (compatible; SemrushBot/1.2~bl; +http://www.semrush.com/bot.html)" "www.saveaslave.com"
192.243.53.51 - - [04/Aug/2017:05:57:42 -0700] "GET /country.php?lang=ru&name=India HTTP/1.1" 200 75512 "-" "Mozilla/5.0 (compatible; SemrushBot-BA; +http://www.semrush.com/bot.html)" "www.saveaslave.com"
192.243.53.51 - - [04/Aug/2017:05:57:42 -0700] "GET /country.php?lang=ru&name=India HTTP/1.1" 200 75512 "-" "Mozilla/5.0 (compatible; SemrushBot-BA; +http://www.semrush.com/bot.html)" "saveaslave.com"
192.243.53.51 - - [04/Aug/2017:05:57:45 -0700] "GET /country.php?lang=en&name=India HTTP/1.1" 200 63776 "-" "Mozilla/5.0 (compatible; SemrushBot-BA; +http://www.semrush.com/bot.html)" "www.saveaslave.com"[1]
65.36.241.48 - - [04/Aug/2017:06:04:08 -0700] "HEAD / HTTP/1.1" 200 0 "-" "InternetSeer.com" "www.saveaslave.com"
178.154.148.29 - - [04/Aug/2017:06:11:29 -0700] "GET /images/article/russian_police.jpg HTTP/1.1" 200 30950 "-" "Mozilla/5.0 (compatible; YandexImageResizer/2.0; +http://yandex.com/bots)" "saveaslave.com"
88.99.194.48 - - [04/Aug/2017:06:37:31 -0700] "GET /our-newsr.php HTTP/1.1" 200 79139 "-" "Mozilla/5.0 (X11; Linux i686; rv:53.0) Gecko/20100101 Firefox/53.0" "saveaslave.com"
66.102.9.30 - - [04/Aug/2017:06:42:17 -0700] "GET / HTTP/1.1" 200 88280 "-" "Mozilla/5.0 (X11; Linux x86_64) AppleWebKit/537.36 (KHTML, like Gecko) Chrome/49.0.2623.75 Safari/537.36 Google Favicon" "saveaslave.com"
64.62.252.163 - - [04/Aug/2017:07:05:41 -0700] "GET /robots.txt HTTP/1.1" 200 48 "-" "BUbiNG (+http://law.di.unimi.it/BUbiNG.html)" "www.saveaslave.com"[0]
64.62.252.163 - - [04/Aug/2017:07:05:42 -0700] "GET / HTTP/1.1" 200 5766 "-" "BUbiNG (+http://law.di.unimi.it/BUbiNG.html)" "www.saveaslave.com"
65.36.241.48 - - [04/Aug/2017:07:15:30 -0700] "HEAD / HTTP/1.1" 200 0 "-" "InternetSeer.com" "www.saveaslave.com"
34.229.103.212 - - [04/Aug/2017:07:40:25 -0700] "GET /index.php HTTP/1.1" 200 88280 "-" "Mozilla/5.0 (compatible; linkdexbot/2.0; +http://www.linkdex.com/bots/)" "saveaslave.com"
165.227.25.155 - - [04/Aug/2017:07:51:10 -0700] "GET /admin/login HTTP/1.1" 404 89 "-" "Mozilla/5.0 (Macintosh; Intel Mac OS X 10.8; rv:21.0) Gecko/20100101 Firefox/21.0" "saveaslave.com"
216.244.66.250 - - [04/Aug/2017:08:20:52 -0700] "GET /robots.txt HTTP/1.1" 200 48 "-" "Mozilla/5.0 (compatible; DotBot/1.1; http://www.opensiteexplorer.org/dotbot, help@moz.com)" "www.saveaslave.com"
217.69.136.207 - - [04/Aug/2017:08:52:52 -0700] "GET /robots.txt HTTP/1.1" 200 48 "-" "Mozilla/5.0 (compatible; Linux x86_64; Mail.RU_Bot/2.0; +http://go.mail.ru/help/robots)" "www.saveaslave.com"
217.69.136.208 - - [04/Aug/2017:08:53:47 -0700] "GET /robots.txt HTTP/1.1" 200 48 "-" "Mozilla/5.0 (compatible; Linux x86_64; Mail.RU_Bot/2.0; +http://go.mail.ru/help/robots)" "saveaslave.com"
217.69.136.208 - - [04/Aug/2017:09:00:38 -0700] "GET /contact/default.html HTTP/1.1" 404 89 "-" "Mozilla/5.0 (compatible; Linux x86_64; Mail.RU_Bot/2.0; +http://go.mail.ru/help/robots)" "saveaslave.com"
46.118.158.199 - - [04/Aug/2017:09:20:49 -0700] "GET / HTTP/1.1" 200 5766 "http://aktobe.xkaz.org/" "Mozilla/0.91 Beta (Windows)" "www.saveaslave.com"
207.46.13.139 - - [04/Aug/2017:09:36:38 -0700] "GET /who-we-are.php HTTP/1.1" 200 37707 "-" "Mozilla/5.0 (compatible; bingbot/2.0; +http://www.bing.com/bingbot.htm)" "saveaslave.com"[1]
207.46.13.139 - - [04/Aug/2017:09:36:39 -0700] "GET /help.php HTTP/1.1" 200 5722 "-" "Mozilla/5.0 (compatible; bingbot/2.0; +http://www.bing.com/bingbot.htm)" "saveaslave.com"[0]
207.46.13.139 - - [04/Aug/2017:09:36:39 -0700] "GET /help-advanced.php HTTP/1.1" 200 5720 "-" "Mozilla/5.0 (compatible; bingbot/2.0; +http://www.bing.com/bingbot.htm)" "saveaslave.com"
40.77.167.25 - - [04/Aug/2017:09:37:07 -0700] "GET /?tpl=newspaper&Itemid=6&countrycode=us HTTP/1.1" 200 5720 "-" "Mozilla/5.0 (compatible; bingbot/2.0; +http://www.bing.com/bingbot.htm)" "saveaslave.com"
40.77.167.25 - - [04/Aug/2017:09:37:07 -0700] "GET /?tpl=newspaper&itemid=6&countrycode=us HTTP/1.1" 200 5720 "-" "Mozilla/5.0 (compatible; bingbot/2.0; +http://www.bing.com/bingbot.htm)" "saveaslave.com"[0]
40.77.167.25 - - [04/Aug/2017:09:37:08 -0700] "GET /in-russian.php?lang=ru HTTP/1.1" 200 9194 "-" "Mozilla/5.0 (compatible; bingbot/2.0; +http://www.bing.com/bingbot.htm)" "saveaslave.com"
157.55.39.73 - - [04/Aug/2017:09:37:16 -0700] "GET /article.php?id=46 HTTP/1.1" 200 480 "-" "Mozilla/5.0 (compatible; bingbot/2.0; +http://www.bing.com/bingbot.htm)" "saveaslave.com"
157.55.39.73 - - [04/Aug/2017:09:37:18 -0700] "GET /article.php?id=15 HTTP/1.1" 200 480 "-" "Mozilla/5.0 (compatible; bingbot/2.0; +http://www.bing.com/bingbot.htm)" "saveaslave.com"
216.244.66.250 - - [04/Aug/2017:09:56:07 -0700] "GET /article.php?id=15 HTTP/1.1" 200 526 "-" "Mozilla/5.0 (compatible; DotBot/1.1; http://www.opensiteexplorer.org/dotbot, help@moz.com)" "www.saveaslave.com"
217.69.136.205 - - [04/Aug/2017:10:25:11 -0700] "GET /robots.txt HTTP/1.1" 200 48 "-" "Mozilla/5.0 (compatible; Linux x86_64; Mail.RU_Bot/2.0; +http://go.mail.ru/help/robots)" "saveaslave.com"
163.172.101.182 - - [04/Aug/2017:10:29:50 -0700] "GET /our-newsr.php HTTP/1.1" 200 9240 "-" "Mozilla/5.0 (X11; U; Linux x86_64; cs-CZ; rv:1.9.2a2pre) Gecko/20090826 Namoroka/3.6a2pre" "saveaslave.com"
64.62.252.163 - - [04/Aug/2017:10:42:33 -0700] "GET /robots.txt HTTP/1.1" 200 48 "-" "BUbiNG (+http://law.di.unimi.it/BUbiNG.html)" "www.saveaslave.com"
64.62.252.163 - - [04/Aug/2017:10:42:33 -0700] "GET /manifest.json HTTP/1.1" 404 89 "-" "BUbiNG (+http://law.di.unimi.it/BUbiNG.html)" "www.saveaslave.com"
64.62.252.163 - - [04/Aug/2017:10:44:37 -0700] "GET /our-supporters.php HTTP/1.1" 200 56309 "-" "BUbiNG (+http://law.di.unimi.it/BUbiNG.html)" "www.saveaslave.com"
40.77.167.25 - - [04/Aug/2017:10:44:58 -0700] "GET /disclaimer.php HTTP/1.1" 200 48762 "-" "Mozilla/5.0 (compatible; bingbot/2.0; +http://www.bing.com/bingbot.htm)" "www.saveaslave.com"[0]
40.77.167.25 - - [04/Aug/2017:10:44:58 -0700] "GET /our-supporters.php HTTP/1.1" 200 56309 "-" "Mozilla/5.0 (compatible; bingbot/2.0; +http://www.bing.com/bingbot.htm)" "www.saveaslave.com"
64.62.252.163 - - [04/Aug/2017:10:45:15 -0700] "GET /our-news.php HTTP/1.1" 200 44776 "-" "BUbiNG (+http://law.di.unimi.it/BUbiNG.html)" "www.saveaslave.com"
64.62.252.163 - - [04/Aug/2017:10:45:16 -0700] "GET /contact-us.php HTTP/1.1" 200 30765 "-" "BUbiNG (+http://law.di.unimi.it/BUbiNG.html)" "www.saveaslave.com"[0]
157.55.39.73 - - [04/Aug/2017:10:45:57 -0700] "GET /article.php?id=46 HTTP/1.1" 200 50186 "-" "Mozilla/5.0 (compatible; bingbot/2.0; +http://www.bing.com/bingbot.htm)" "www.saveaslave.com"[1]
157.55.39.73 - - [04/Aug/2017:10:45:57 -0700] "GET /?Itemid=1 HTTP/1.1" 200 88280 "-" "Mozilla/5.0 (compatible; bingbot/2.0; +http://www.bing.com/bingbot.htm)" "www.saveaslave.com"[0]
207.46.13.139 - - [04/Aug/2017:10:46:01 -0700] "GET /?tpl=hospitals&Itemid=11&countrycode=us HTTP/1.1" 200 88280 "-" "Mozilla/5.0 (compatible; bingbot/2.0; +http://www.bing.com/bingbot.htm)" "www.saveaslave.com"
207.46.13.139 - - [04/Aug/2017:10:46:02 -0700] "GET /?tpl=about&Itemid=2 HTTP/1.1" 200 88280 "-" "Mozilla/5.0 (compatible; bingbot/2.0; +http://www.bing.com/bingbot.htm)" "www.saveaslave.com"
207.46.13.139 - - [04/Aug/2017:10:46:02 -0700] "GET /who-we-are.php HTTP/1.1" 200 51705 "-" "Mozilla/5.0 (compatible; bingbot/2.0; +http://www.bing.com/bingbot.htm)" "www.saveaslave.com"
207.46.13.139 - - [04/Aug/2017:10:46:02 -0700] "GET /?tpl=references&Itemid=3 HTTP/1.1" 200 88280 "-" "Mozilla/5.0 (compatible; bingbot/2.0; +http://www.bing.com/bingbot.htm)" "www.saveaslave.com"
207.46.13.139 - - [04/Aug/2017:10:46:02 -0700] "GET / HTTP/1.1" 200 88280 "-" "Mozilla/5.0 (compatible; bingbot/2.0; +http://www.bing.com/bingbot.htm)" "www.saveaslave.com"
136.243.59.237 - - [04/Aug/2017:11:14:43 -0700] "GET /robots.txt HTTP/1.1" 200 48 "-" "DomainStatsBot/1.0 (http://domainstats.io/our-bot)" "saveaslave.com"[0]
217.69.143.67 - - [04/Aug/2017:11:47:50 -0700] "GET /robots.txt HTTP/1.1" 200 48 "-" "Mozilla/5.0 (compatible; Linux x86_64; Mail.RU_Bot/Img/2.0; +http://go.mail.ru/help/robots)" "www.saveaslave.com"[0]
77.88.5.2 - - [04/Aug/2017:12:36:59 -0700] "GET /robots.txt HTTP/1.1" 200 48 "-" "Mozilla/5.0 (compatible; YandexBot/3.0; +http://yandex.com/bots)" "saveaslave.com"
77.88.5.2 - - [04/Aug/2017:12:37:03 -0700] "GET /images/article/end_it.jpg HTTP/1.1" 200 33676 "-" "Mozilla/5.0 (compatible; YandexImages/3.0; +http://yandex.com/bots)" "saveaslave.com"
54.152.225.86 - - [04/Aug/2017:12:50:02 -0700] "GET /article.php?id=32 HTTP/1.1" 200 526 "-" "Mozilla/5.0 (compatible; linkdexbot/2.0; +http://www.linkdex.com/bots/)" "saveaslave.com"[1]
89.28.24.190 - - [04/Aug/2017:12:51:36 -0700] "GET /our-newsr.php HTTP/1.1" 200 9240 "http://saveaslave.com/our-newsr.php" "Mozilla/5.0 (compatible; MSIE 9.0; Windows NT 6.1; Trident/5.0; Trident/5.0)" "saveaslave.com"
217.69.136.207 - - [04/Aug/2017:13:29:29 -0700] "GET /robots.txt HTTP/1.1" 200 48 "-" "Mozilla/5.0 (compatible; Linux x86_64; Mail.RU_Bot/2.0; +http://go.mail.ru/help/robots)" "saveaslave.com"
217.69.136.210 - - [04/Aug/2017:13:30:06 -0700] "GET /article.php?id=45 HTTP/1.1" 200 526 "-" "Mozilla/5.0 (compatible; Linux x86_64; Mail.RU_Bot/2.0; +http://go.mail.ru/help/robots)" "saveaslave.com"[1]
77.75.79.95 - - [04/Aug/2017:13:36:33 -0700] "GET /robots.txt HTTP/1.1" 200 48 "-" "Mozilla/5.0 (compatible; SeznamBot/3.2; +http://napoveda.seznam.cz/en/seznambot-intro/)" "saveaslave.com"[0]
77.75.79.95 - - [04/Aug/2017:13:36:35 -0700] "GET / HTTP/1.1" 200 5766 "-" "Mozilla/5.0 (compatible; SeznamBot/3.2; +http://napoveda.seznam.cz/en/seznambot-intro/)" "saveaslave.com"
136.243.59.237 - - [04/Aug/2017:13:37:08 -0700] "GET /our-supporters.php HTTP/1.1" 200 483 "-" "DomainStatsBot/1.0 (http://domainstats.io/our-bot)" "www.saveaslave.com"[0]
217.69.143.70 - - [04/Aug/2017:13:43:17 -0700] "GET /images/top-1.jpg HTTP/1.1" 200 77341 "http://go.mail.ru/search_images" "Mozilla/5.0 (compatible; Linux x86_64; Mail.RU_Bot/Img/2.0; +http://go.mail.ru/help/robots)" "www.saveaslave.com"
217.69.136.204 - - [04/Aug/2017:13:55:52 -0700] "GET /robots.txt HTTP/1.1" 200 48 "-" "Mozilla/5.0 (compatible; Linux x86_64; Mail.RU_Bot/2.0; +http://go.mail.ru/help/robots)" "saveaslave.com"
217.69.136.204 - - [04/Aug/2017:15:01:39 -0700] "GET /robots.txt HTTP/1.1" 200 48 "-" "Mozilla/5.0 (compatible; Linux x86_64; Mail.RU_Bot/2.0; +http://go.mail.ru/help/robots)" "saveaslave.com"
67.207.207.140 - - [04/Aug/2017:17:12:47 -0700] "GET / HTTP/1.1" 200 88280 "-" "Mozilla/5.0 (compatible; MixrankBot; crawler@mixrank.com)" "saveaslave.com"[2]
67.207.207.140 - - [04/Aug/2017:17:13:16 -0700] "GET /help.php HTTP/1.1" 200 53725 "-" "Mozilla/5.0 (compatible; MixrankBot; crawler@mixrank.com)" "saveaslave.com"[0]
67.207.207.140 - - [04/Aug/2017:17:13:24 -0700] "GET /who-we-are.php HTTP/1.1" 200 51705 "-" "Mozilla/5.0 (compatible; MixrankBot; crawler@mixrank.com)" "saveaslave.com"
178.137.4.41 - - [04/Aug/2017:18:13:37 -0700] "GET / HTTP/1.1" 200 88244 "https://buy-meds24.com/" "Mozilla/4.0 (compatible; MSIE 4.01; Digital AlphaServer 1000A 4/233; Windows NT; Powered By 64-Bit Alpha Processor)" "www.saveaslave.com"
216.71.192.182 - - [04/Aug/2017:18:24:34 -0700] "GET /js/bootstrap.min.js HTTP/1.1" 200 37055 "http://saveaslave.com/" "Mozilla/5.0 (Macintosh; Intel Mac OS X 10_11_6) AppleWebKit/537.36 (KHTML, like Gecko) Chrome/59.0.3071.115 Safari/537.36" "saveaslave.com"
216.71.192.182 - - [04/Aug/2017:18:24:35 -0700] "GET /images/social1.png HTTP/1.1" 200 2012 "http://saveaslave.com/" "Mozilla/5.0 (Macintosh; Intel Mac OS X 10_11_6) AppleWebKit/537.36 (KHTML, like Gecko) Chrome/59.0.3071.115 Safari/537.36" "saveaslave.com"
216.71.192.182 - - [04/Aug/2017:18:24:35 -0700] "GET /images/social2.png HTTP/1.1" 200 1752 "http://saveaslave.com/" "Mozilla/5.0 (Macintosh; Intel Mac OS X 10_11_6) AppleWebKit/537.36 (KHTML, like Gecko) Chrome/59.0.3071.115 Safari/537.36" "saveaslave.com"
216.71.192.182 - - [04/Aug/2017:18:24:39 -0700] "GET /favicon.ico HTTP/1.1" 404 89 "http://saveaslave.com/" "Mozilla/5.0 (Macintosh; Intel Mac OS X 10_11_6) AppleWebKit/537.36 (KHTML, like Gecko) Chrome/59.0.3071.115 Safari/537.36" "saveaslave.com"[0]
216.71.192.182 - - [04/Aug/2017:18:33:14 -0700] "GET /in-russian.php?lang=ru HTTP/1.1" 200 92449 "http://saveaslave.com/" "Mozilla/5.0 (Macintosh; Intel Mac OS X 10_11_6) AppleWebKit/537.36 (KHTML, like Gecko) Chrome/59.0.3071.115 Safari/537.36" "saveaslave.com"
217.69.136.209 - - [04/Aug/2017:18:33:50 -0700] "GET /capeverde.html HTTP/1.1" 404 89 "-" "Mozilla/5.0 (compatible; Linux x86_64; Mail.RU_Bot/2.0; +http://go.mail.ru/help/robots)" "www.saveaslave.com"
54.205.43.185 - - [04/Aug/2017:18:47:12 -0700] "GET / HTTP/1.1" 200 88280 "-" "Mozilla/5.0 (Macintosh; Intel Mac OS X 10_12_5) AppleWebKit/537.36 (KHTML, like Gecko) Chrome/58.0.3029.110 Safari/537.36" "saveaslave.com"[1]
46.119.112.177 - - [04/Aug/2017:19:17:28 -0700] "GET / HTTP/1.1" 200 88244 "http://www.vizitki.net/" "Mozilla/4.79 [en] (Windows NT 5.0; U)" "www.saveaslave.com"
46.119.112.177 - - [04/Aug/2017:19:17:29 -0700] "GET / HTTP/1.1" 200 88244 "http://chatroulette.si/" "Mozilla/4.79 [en] (Windows NT 5.0; U)" "www.saveaslave.com"
46.119.112.177 - - [04/Aug/2017:19:17:30 -0700] "GET / HTTP/1.1" 200 88244 "http://chatroulette.si/" "Mozilla/4.79 [en] (Windows NT 5.0; U)" "www.saveaslave.com"
46.119.112.177 - - [04/Aug/2017:19:17:31 -0700] "GET / HTTP/1.1" 200 88244 "http://chatroulette.si/" "Mozilla/4.79 [en] (Windows NT 5.0; U)" "www.saveaslave.com"[0]
46.119.112.177 - - [04/Aug/2017:19:17:32 -0700] "GET / HTTP/1.1" 200 88244 "http://www.vizitki.net/" "Mozilla/4.79 [en] (Windows NT 5.0; U)" "www.saveaslave.com"[0]
77.88.5.85 - - [04/Aug/2017:19:18:42 -0700] "GET /images/supporters/anti-slavery.gif HTTP/1.1" 200 4774 "-" "Mozilla/5.0 (compatible; YandexImages/3.0; +http://yandex.com/bots)" "saveaslave.com"
157.55.39.172 - - [04/Aug/2017:19:20:07 -0700] "GET /articles/slavetrafficking.html HTTP/1.1" 404 89 "-" "Mozilla/5.0 (iPhone; CPU iPhone OS 7_0 like Mac OS X) AppleWebKit/537.51.1 (KHTML, like Gecko) Version/7.0 Mobile/11A465 Safari/9537.53 (compatible; bingbot/2.0; +http://www.bing.com/bingbot.htm)" "www.saveaslave.com"
217.69.143.43 - - [04/Aug/2017:19:24:55 -0700] "GET /images/article/1402379001_o-torgovle-lyudmi-21.jpg HTTP/1.1" 200 33957 "http://go.mail.ru/search_images" "Mozilla/5.0 (compatible; Linux x86_64; Mail.RU_Bot/Img/2.0; +http://go.mail.ru/help/robots)" "saveaslave.com"
217.69.133.234 - - [04/Aug/2017:19:30:38 -0700] "GET /robots.txt HTTP/1.1" 200 48 "-" "Mozilla/5.0 (compatible; Linux x86_64; Mail.RU_Bot/2.0; +http://go.mail.ru/help/robots)" "www.saveaslave.com"
217.69.143.67 - - [04/Aug/2017:19:42:52 -0700] "GET /robots.txt HTTP/1.1" 200 48 "-" "Mozilla/5.0 (compatible; Linux x86_64; Mail.RU_Bot/Img/2.0; +http://go.mail.ru/help/robots)" "www.saveaslave.com"
217.69.143.65 - - [04/Aug/2017:19:42:53 -0700] "GET /images/article/suspects.jpg HTTP/1.1" 200 58796 "http://go.mail.ru/search_images" "Mozilla/5.0 (compatible; Linux x86_64; Mail.RU_Bot/Img/2.0; +http://go.mail.ru/help/robots)" "www.saveaslave.com"
65.36.241.48 - - [04/Aug/2017:19:48:41 -0700] "HEAD / HTTP/1.1" 200 0 "-" "InternetSeer.com" "www.saveaslave.com"
217.69.143.43 - - [04/Aug/2017:21:00:09 -0700] "GET /robots.txt HTTP/1.1" 200 48 "-" "Mozilla/5.0 (compatible; Linux x86_64; Mail.RU_Bot/Img/2.0; +http://go.mail.ru/help/robots)" "saveaslave.com"
123.30.175.207 - - [04/Aug/2017:21:15:17 -0700] "GET /robots.txt HTTP/1.1" 200 48 "-" "Mozilla/5.0 (compatible; coccocbot-web/1.0; +http://help.coccoc.com/searchengine)" "www.saveaslave.com"
123.30.175.212 - - [04/Aug/2017:21:15:26 -0700] "GET /addarticle.php HTTP/1.1" 200 13761 "-" "Mozilla/5.0 (compatible; coccocbot-web/1.0; +http://help.coccoc.com/searchengine)" "www.saveaslave.com"[1]
40.77.167.109 - - [04/Aug/2017:21:22:49 -0700] "GET /js/bootstrap.min.js HTTP/1.1" 200 37055 "-" "Mozilla/5.0 (compatible; bingbot/2.0; +http://www.bing.com/bingbot.htm)" "saveaslave.com"
207.46.13.139 - - [04/Aug/2017:21:22:52 -0700] "GET /assets/js/ie10-viewport-bug-workaround.js HTTP/1.1" 200 641 "-" "Mozilla/5.0 (compatible; bingbot/2.0; +http://www.bing.com/bingbot.htm)" "saveaslave.com"
207.46.13.139 - - [04/Aug/2017:21:22:53 -0700] "GET /gfeedfetcher.js HTTP/1.1" 200 9018 "-" "Mozilla/5.0 (compatible; bingbot/2.0; +http://www.bing.com/bingbot.htm)" "saveaslave.com"
108.49.220.243 - - [04/Aug/2017:21:23:54 -0700] "GET /country.php?name=United%20States&lang=en HTTP/1.1" 200 53992 "http://saveaslave.com/" "Mozilla/5.0 (iPad; CPU OS 10_3_2 like Mac OS X) AppleWebKit/603.2.4 (KHTML, like Gecko) Version/10.0 Mobile/14F89 Safari/602.1" "saveaslave.com"
217.69.136.207 - - [04/Aug/2017:21:37:26 -0700] "GET /robots.txt HTTP/1.1" 200 48 "-" "Mozilla/5.0 (compatible; Linux x86_64; Mail.RU_Bot/2.0; +http://go.mail.ru/help/robots)" "saveaslave.com"
217.69.143.70 - - [04/Aug/2017:21:46:06 -0700] "GET /article.php?id=22 HTTP/1.1" 200 47482 "http://go.mail.ru/search_images" "Mozilla/5.0 (compatible; Linux x86_64; Mail.RU_Bot/Img/2.0; +http://go.mail.ru/help/robots)" "www.saveaslave.com"[2]
65.36.241.48 - - [04/Aug/2017:22:12:41 -0700] "HEAD / HTTP/1.1" 200 0 "-" "InternetSeer.com" "www.saveaslave.com"
217.69.133.239 - - [04/Aug/2017:22:36:39 -0700] "GET /robots.txt HTTP/1.1" 200 48 "-" "Mozilla/5.0 (compatible; Linux x86_64; Mail.RU_Bot/2.0; +http://go.mail.ru/help/robots)" "saveaslave.com"
217.69.133.240 - - [04/Aug/2017:22:37:09 -0700] "GET /article.php?id=9 HTTP/1.1" 200 101294 "-" "Mozilla/5.0 (compatible; Linux x86_64; Mail.RU_Bot/2.0; +http://go.mail.ru/help/robots)" "saveaslave.com"
217.69.136.203 - - [04/Aug/2017:22:43:06 -0700] "GET /robots.txt HTTP/1.1" 200 48 "-" "Mozilla/5.0 (compatible; Linux x86_64; Mail.RU_Bot/2.0; +http://go.mail.ru/help/robots)" "saveaslave.com"
217.69.136.210 - - [04/Aug/2017:22:43:37 -0700] "GET /article.php?id=18 HTTP/1.1" 200 48016 "-" "Mozilla/5.0 (compatible; Linux x86_64; Mail.RU_Bot/2.0; +http://go.mail.ru/help/robots)" "saveaslave.com"[1]
141.8.144.114 - - [04/Aug/2017:22:57:46 -0700] "GET /ico/favicon-32x32.png HTTP/1.1" 200 1892 "-" "Mozilla/5.0 (compatible; YandexBot/3.0; +http://yandex.com/bots)" "www.saveaslave.com"
216.244.66.250 - - [04/Aug/2017:22:58:48 -0700] "GET /robots.txt HTTP/1.1" 200 48 "-" "Mozilla/5.0 (compatible; DotBot/1.1; http://www.opensiteexplorer.org/dotbot, help@moz.com)" "www.saveaslave.com"
64.62.252.163 - - [05/Aug/2017:00:24:50 -0700] "GET /robots.txt HTTP/1.1" 200 48 "-" "BUbiNG (+http://law.di.unimi.it/BUbiNG.html)" "www.saveaslave.com"
216.244.66.250 - - [05/Aug/2017:00:27:03 -0700] "GET /article.php?id=86 HTTP/1.1" 200 44870 "-" "Mozilla/5.0 (compatible; DotBot/1.1; http://www.opensiteexplorer.org/dotbot, help@moz.com)" "www.saveaslave.com"[1]
64.62.252.163 - - [05/Aug/2017:00:30:41 -0700] "GET /article.php?id=120 HTTP/1.1" 200 44304 "-" "BUbiNG (+http://law.di.unimi.it/BUbiNG.html)" "www.saveaslave.com"
65.36.241.48 - - [05/Aug/2017:00:39:27 -0700] "HEAD / HTTP/1.1" 200 0 "-" "InternetSeer.com" "www.saveaslave.com"
217.69.136.203 - - [05/Aug/2017:00:44:03 -0700] "GET /robots.txt HTTP/1.1" 200 48 "-" "Mozilla/5.0 (compatible; Linux x86_64; Mail.RU_Bot/2.0; +http://go.mail.ru/help/robots)" "saveaslave.com"
189.27.214.192 - - [05/Aug/2017:00:45:35 -0700] "GET /country.php?name=Brazil&lang=en HTTP/1.1" 200 54536 "http://www.saveaslave.com/country.php?name=Brazil&lang=en" "Mozilla/5.0 (Windows; U; Windows NT 5.1; pt-PT; rv:1.9.1.2) Gecko/20090729 Firefox/3.5.2 (.NET CLR 3.5.30729)" "www.saveaslave.com"
189.27.214.192 - - [05/Aug/2017:00:45:38 -0700] "GET /country.php?name=Brazil&lang=en'A=0 HTTP/1.1" 200 54536 "http://www.saveaslave.com/country.php?name=Brazil&lang=en'A=0" "Mozilla/5.0 (Windows; U; Windows NT 5.1; pt-PT; rv:1.9.1.2) Gecko/20090729 Firefox/3.5.2 (.NET CLR 3.5.30729)" "www.saveaslave.com"
64.62.252.163 - - [05/Aug/2017:00:58:58 -0700] "GET /robots.txt HTTP/1.1" 200 48 "-" "BUbiNG (+http://law.di.unimi.it/BUbiNG.html)" "saveaslave.com"
64.62.252.163 - - [05/Aug/2017:00:59:00 -0700] "GET /in-russian.php?lang=ru HTTP/1.1" 200 92449 "-" "BUbiNG (+http://law.di.unimi.it/BUbiNG.html)" "saveaslave.com"[2]
64.62.252.163 - - [05/Aug/2017:01:15:20 -0700] "GET /addarticle.php HTTP/1.1" 200 13761 "-" "BUbiNG (+http://law.di.unimi.it/BUbiNG.html)" "www.saveaslave.com"
46.189.157.217 - - [05/Aug/2017:01:36:43 -0700] "GET / HTTP/1.1" 200 88280 "-" "Mozilla/5.0 (Windows NT 6.1; WOW64) AppleWebKit/537.36 (KHTML, like Gecko) Chrome/48.0.2564.97 Safari/537.36" "saveaslave.com"
162.210.196.98 - - [05/Aug/2017:02:18:26 -0700] "GET /robots.txt HTTP/1.1" 200 48 "-" "Mozilla/5.0 (compatible; MJ12bot/v1.4.8; http://mj12bot.com/)" "saveaslave.com"
162.210.196.98 - - [05/Aug/2017:02:18:31 -0700] "GET / HTTP/1.1" 200 88280 "-" "Mozilla/5.0 (compatible; MJ12bot/v1.4.8; http://mj12bot.com/)" "saveaslave.com"
88.99.194.48 - - [05/Aug/2017:02:19:11 -0700] "GET /our-newsr.php HTTP/1.1" 200 79139 "-" "Mozilla/5.0 (X11; Linux i686; rv:53.0) Gecko/20100101 Firefox/53.0" "saveaslave.com"
77.88.5.81 - - [05/Aug/2017:02:58:15 -0700] "GET /robots.txt HTTP/1.1" 200 48 "-" "Mozilla/5.0 (compatible; YandexBot/3.0; +http://yandex.com/bots)" "saveaslave.com"
77.88.5.47 - - [05/Aug/2017:02:58:27 -0700] "GET /images/article/end_it.jpg HTTP/1.1" 200 33676 "-" "Mozilla/5.0 (compatible; YandexImages/3.0; +http://yandex.com/bots)" "saveaslave.com"
88.99.194.48 - - [05/Aug/2017:03:06:34 -0700] "GET /our-newsr.php HTTP/1.1" 200 79139 "-" "Mozilla/5.0 (X11; Linux i686; rv:53.0) Gecko/20100101 Firefox/53.0" "saveaslave.com"
