69.30.213.82 - - [11/Jun/2016:05:18:41 -0700] "GET /robots.txt HTTP/1.1" 200 48 "-" "Mozilla/5.0 (compatible; MJ12bot/v1.4.5; http://www.majestic12.co.uk/bot.php?+)" "www.saveaslave.com"
69.30.213.82 - - [11/Jun/2016:05:18:43 -0700] "GET /article.php?id=6 HTTP/1.1" 200 47572 "-" "Mozilla/5.0 (compatible; MJ12bot/v1.4.5; http://www.majestic12.co.uk/bot.php?+)" "www.saveaslave.com"
208.115.113.86 - - [11/Jun/2016:05:45:44 -0700] "GET /robots.txt HTTP/1.1" 200 48 "-" "Mozilla/5.0 (compatible; DotBot/1.1; http://www.opensiteexplorer.org/dotbot, help@moz.com)" "www.saveaslave.com"
208.115.113.86 - - [11/Jun/2016:05:45:44 -0700] "GET /robots.txt HTTP/1.1" 200 48 "-" "Mozilla/5.0 (compatible; DotBot/1.1; http://www.opensiteexplorer.org/dotbot, help@moz.com)" "saveaslave.com"
61.135.189.101 - - [11/Jun/2016:05:57:03 -0700] "GET /site/?cat=37 HTTP/1.1" 404 89 "-" "Sogou web spider/4.0(+http://www.sogou.com/docs/help/webmasters.htm#07)" "saveaslave.com"[0]
61.135.189.101 - - [11/Jun/2016:05:57:09 -0700] "GET /robots.txt HTTP/1.1" 200 48 "-" "Sogou web spider/4.0(+http://www.sogou.com/docs/help/webmasters.htm#07)" "saveaslave.com"
141.8.143.176 - - [11/Jun/2016:05:58:20 -0700] "GET /robots.txt HTTP/1.1" 200 48 "-" "Mozilla/5.0 (compatible; YandexBot/3.0; +http://yandex.com/bots)" "saveaslave.com"
100.43.85.25 - - [11/Jun/2016:05:58:24 -0700] "GET /coalition-members-cast.php HTTP/1.1" 200 47192 "-" "Mozilla/5.0 (compatible; YandexBot/3.0; +http://yandex.com/bots)" "saveaslave.com"
208.115.113.94 - - [11/Jun/2016:06:16:44 -0700] "GET /qatar.html HTTP/1.1" 404 89 "-" "Mozilla/5.0 (compatible; DotBot/1.1; http://www.opensiteexplorer.org/dotbot, help@moz.com)" "saveaslave.com"
208.115.113.94 - - [11/Jun/2016:06:16:45 -0700] "GET /el-salvador.html HTTP/1.1" 404 89 "-" "Mozilla/5.0 (compatible; DotBot/1.1; http://www.opensiteexplorer.org/dotbot, help@moz.com)" "saveaslave.com"
208.115.113.94 - - [11/Jun/2016:06:16:48 -0700] "GET /oman.html HTTP/1.1" 404 89 "-" "Mozilla/5.0 (compatible; DotBot/1.1; http://www.opensiteexplorer.org/dotbot, help@moz.com)" "saveaslave.com"
208.115.113.94 - - [11/Jun/2016:06:23:12 -0700] "GET /www.fairfund.org HTTP/1.1" 404 89 "-" "Mozilla/5.0 (compatible; DotBot/1.1; http://www.opensiteexplorer.org/dotbot, help@moz.com)" "www.saveaslave.com"
208.115.113.94 - - [11/Jun/2016:06:23:13 -0700] "GET /eritrea.html HTTP/1.1" 404 89 "-" "Mozilla/5.0 (compatible; DotBot/1.1; http://www.opensiteexplorer.org/dotbot, help@moz.com)" "www.saveaslave.com"
88.198.22.8 - - [11/Jun/2016:06:30:19 -0700] "GET / HTTP/1.1" 200 89069 "-" "Mozilla/5.0 (compatible; MSIE 10.0; Windows NT 6.1; WOW64; Trident/6.0; SLCC2; .NET CLR 2.0.50727; .NET CLR 3.5.30729; .NET CLR 3.0.30729; Media Center PC 6.0; .NET CLR 1.1.4322; InfoPath.3; MS-RTC LM 8; .NET4.0C; .NET4.0E)" "saveaslave.com"
144.76.80.151 - - [11/Jun/2016:06:33:26 -0700] "GET / HTTP/1.1" 200 89069 "-" "Mozilla/5.0 (Windows NT 6.1; Win64; x64; rv:25.0) Gecko/20100101 Firefox/25.0" "saveaslave.com"
208.115.113.86 - - [11/Jun/2016:06:52:13 -0700] "GET /www.eastwestplayers.org HTTP/1.1" 404 89 "-" "Mozilla/5.0 (compatible; DotBot/1.1; http://www.opensiteexplorer.org/dotbot, help@moz.com)" "www.saveaslave.com"
91.121.211.59 - - [11/Jun/2016:06:55:46 -0700] "GET /robots.txt HTTP/1.1" 200 48 "-" "Mozilla/5.0 (compatible; MJ12bot/v1.4.5; http://www.majestic12.co.uk/bot.php?+)" "www.saveaslave.com"
174.0.8.200 - - [11/Jun/2016:07:27:34 -0700] "GET / HTTP/1.1" 200 89069 "http://saveaslave.com" "Mozilla/5.0 (Windows NT 6.1) AppleWebKit/537.36 (KHTML, like Gecko) Dragon/36.1.1.21 Chrome/36.0.1985.97 Safari/537.36" "saveaslave.com"[1]
23.23.242.178 - - [11/Jun/2016:07:28:20 -0700] "GET /Shipping.html HTTP/1.1" 404 89 "-" "Mozilla/5.0 (Windows; U; Windows NT 5.1; en-US; rv:1.9.2.8) Gecko/20100722 Firefox/3.6.8" "saveaslave.com"
208.115.113.94 - - [11/Jun/2016:07:37:01 -0700] "GET /robots.txt HTTP/1.1" 200 48 "-" "Mozilla/5.0 (compatible; DotBot/1.1; http://www.opensiteexplorer.org/dotbot, help@moz.com)" "saveaslave.com"
208.115.113.94 - - [11/Jun/2016:07:37:01 -0700] "GET /robots.txt HTTP/1.1" 200 48 "-" "Mozilla/5.0 (compatible; DotBot/1.1; http://www.opensiteexplorer.org/dotbot, help@moz.com)" "www.saveaslave.com"
217.69.133.70 - - [11/Jun/2016:08:25:06 -0700] "GET /austria.html HTTP/1.1" 404 89 "-" "Mozilla/5.0 (compatible; Linux x86_64; Mail.RU_Bot/2.0; +http://go.mail.ru/help/robots)" "www.saveaslave.com"
123.125.143.5 - - [11/Jun/2016:08:40:43 -0700] "GET / HTTP/1.1" 200 89069 "-" "Mozilla/5.0 (iPhone; CPU iPhone OS 8_0 like Mac OS X) AppleWebKit/600.1.3 (KHTML, like Gecko) Version/8.0 Mobile/12A4345d Safari/600.1.4" "www.saveaslave.com"
123.125.143.148 - - [11/Jun/2016:08:41:01 -0700] "GET /images/article/s1_dety_beg_d9954.jpg HTTP/1.1" 200 16968 "http://www.saveaslave.com/" "Mozilla/5.0 (iPhone; CPU iPhone OS 8_0 like Mac OS X) AppleWebKit/600.1.3 (KHTML, like Gecko) Version/8.0 Mobile/12A4345d Safari/600.1.4" "www.saveaslave.com"[0]
123.125.143.5 - - [11/Jun/2016:08:41:02 -0700] "GET /css/bootstrap.min.css HTTP/1.1" 200 123578 "http://www.saveaslave.com/" "Mozilla/5.0 (iPhone; CPU iPhone OS 8_0 like Mac OS X) AppleWebKit/600.1.3 (KHTML, like Gecko) Version/8.0 Mobile/12A4345d Safari/600.1.4" "www.saveaslave.com"
123.125.143.148 - - [11/Jun/2016:08:41:02 -0700] "GET /css/style-pages.css HTTP/1.1" 200 9894 "http://www.saveaslave.com/" "Mozilla/5.0 (iPhone; CPU iPhone OS 8_0 like Mac OS X) AppleWebKit/600.1.3 (KHTML, like Gecko) Version/8.0 Mobile/12A4345d Safari/600.1.4" "www.saveaslave.com"
123.125.143.135 - - [11/Jun/2016:08:41:02 -0700] "GET /css/elements.css HTTP/1.1" 200 17857 "http://www.saveaslave.com/" "Mozilla/5.0 (iPhone; CPU iPhone OS 8_0 like Mac OS X) AppleWebKit/600.1.3 (KHTML, like Gecko) Version/8.0 Mobile/12A4345d Safari/600.1.4" "www.saveaslave.com"
173.208.169.42 - - [11/Jun/2016:09:25:53 -0700] "GET /wp-login.php HTTP/1.1" 200 73 "-" "-" "www.saveaslave.com"
208.115.113.94 - - [11/Jun/2016:09:26:42 -0700] "GET /robots.txt HTTP/1.1" 200 48 "-" "Mozilla/5.0 (compatible; DotBot/1.1; http://www.opensiteexplorer.org/dotbot, help@moz.com)" "saveaslave.com"
208.115.113.94 - - [11/Jun/2016:09:26:42 -0700] "GET /robots.txt HTTP/1.1" 200 48 "-" "Mozilla/5.0 (compatible; DotBot/1.1; http://www.opensiteexplorer.org/dotbot, help@moz.com)" "www.saveaslave.com"
208.115.113.86 - - [11/Jun/2016:09:43:08 -0700] "GET /robots.txt HTTP/1.1" 200 48 "-" "Mozilla/5.0 (compatible; DotBot/1.1; http://www.opensiteexplorer.org/dotbot, help@moz.com)" "saveaslave.com"
208.115.113.86 - - [11/Jun/2016:09:43:08 -0700] "GET /robots.txt HTTP/1.1" 200 48 "-" "Mozilla/5.0 (compatible; DotBot/1.1; http://www.opensiteexplorer.org/dotbot, help@moz.com)" "www.saveaslave.com"
208.115.113.94 - - [11/Jun/2016:10:04:28 -0700] "GET /article.php?id=107 HTTP/1.1" 200 776 "-" "Mozilla/5.0 (compatible; DotBot/1.1; http://www.opensiteexplorer.org/dotbot, help@moz.com)" "www.saveaslave.com"
40.77.167.104 - - [11/Jun/2016:10:25:21 -0700] "GET /robots.txt HTTP/1.1" 200 48 "-" "Mozilla/5.0 (compatible; bingbot/2.0; +http://www.bing.com/bingbot.htm)" "saveaslave.com"
95.25.34.113 - - [11/Jun/2016:10:28:39 -0700] "GET /css/bootstrap.min.css HTTP/1.1" 200 123578 "http://saveaslave.com/in-russian.php" "Mozilla/4.0 (compatible; MSIE 8.0; Windows NT 5.1; Trident/4.0; .NET CLR 2.0.50727; .NET CLR 3.0.4506.2152; .NET CLR 3.5.30729; .NET4.0C; .NET4.0E)" "saveaslave.com"
95.25.34.113 - - [11/Jun/2016:10:28:39 -0700] "GET /css/bootstrap.min.css HTTP/1.1" 200 123578 "http://saveaslave.com/in-russian.php" "Mozilla/4.0 (compatible; MSIE 8.0; Windows NT 5.1; Trident/4.0; .NET CLR 2.0.50727; .NET CLR 3.0.4506.2152; .NET CLR 3.5.30729; .NET4.0C; .NET4.0E)" "saveaslave.com"
95.25.34.113 - - [11/Jun/2016:10:28:39 -0700] "GET /css/style.css HTTP/1.1" 200 7938 "http://saveaslave.com/in-russian.php" "Mozilla/4.0 (compatible; MSIE 8.0; Windows NT 5.1; Trident/4.0; .NET CLR 2.0.50727; .NET CLR 3.0.4506.2152; .NET CLR 3.5.30729; .NET4.0C; .NET4.0E)" "saveaslave.com"
95.25.34.113 - - [11/Jun/2016:10:28:40 -0700] "GET /css/elements.css HTTP/1.1" 200 17857 "http://saveaslave.com/in-russian.php" "Mozilla/4.0 (compatible; MSIE 8.0; Windows NT 5.1; Trident/4.0; .NET CLR 2.0.50727; .NET CLR 3.0.4506.2152; .NET CLR 3.5.30729; .NET4.0C; .NET4.0E)" "saveaslave.com"
95.25.34.113 - - [11/Jun/2016:10:28:40 -0700] "GET /fonts/glyphicons-halflings-regular.eot HTTP/1.1" 200 20127 "http://saveaslave.com/in-russian.php" "Mozilla/4.0 (compatible; MSIE 8.0; Windows NT 5.1; Trident/4.0; .NET CLR 2.0.50727; .NET CLR 3.0.4506.2152; .NET CLR 3.5.30729; .NET4.0C; .NET4.0E)" "saveaslave.com"
95.25.34.113 - - [11/Jun/2016:10:28:50 -0700] "GET /assets/js/ie8-responsive-file-warning.js HTTP/1.1" 200 599 "http://saveaslave.com/in-russian.php" "Mozilla/4.0 (compatible; MSIE 8.0; Windows NT 5.1; Trident/4.0; .NET CLR 2.0.50727; .NET CLR 3.0.4506.2152; .NET CLR 3.5.30729; .NET4.0C; .NET4.0E)" "saveaslave.com"
95.25.34.113 - - [11/Jun/2016:10:28:51 -0700] "GET /assets/js/ie-emulation-modes-warning.js HTTP/1.1" 200 2130 "http://saveaslave.com/in-russian.php" "Mozilla/4.0 (compatible; MSIE 8.0; Windows NT 5.1; Trident/4.0; .NET CLR 2.0.50727; .NET CLR 3.0.4506.2152; .NET CLR 3.5.30729; .NET4.0C; .NET4.0E)" "saveaslave.com"
95.25.34.113 - - [11/Jun/2016:10:28:56 -0700] "GET /gfeedfetcher.js HTTP/1.1" 200 9018 "http://saveaslave.com/in-russian.php" "Mozilla/4.0 (compatible; MSIE 8.0; Windows NT 5.1; Trident/4.0; .NET CLR 2.0.50727; .NET CLR 3.0.4506.2152; .NET CLR 3.5.30729; .NET4.0C; .NET4.0E)" "saveaslave.com"
95.25.34.113 - - [11/Jun/2016:10:28:58 -0700] "GET /css/elements.css HTTP/1.1" 200 17857 "http://saveaslave.com/in-russian.php" "Mozilla/4.0 (compatible; MSIE 8.0; Windows NT 5.1; Trident/4.0; .NET CLR 2.0.50727; .NET CLR 3.0.4506.2152; .NET CLR 3.5.30729; .NET4.0C; .NET4.0E)" "saveaslave.com"
109.86.150.148 - - [11/Jun/2016:10:37:24 -0700] "GET / HTTP/1.1" 200 89069 "-" "-" "saveaslave.com"[1]
149.202.151.106 - - [11/Jun/2016:10:41:56 -0700] "GET /addarticle.php HTTP/1.1" 200 13718 "http://saveaslave.com" "Mozilla/5.0 (Windows NT 6.1) AppleWebKit/537.36 (KHTML, like Gecko) Dragon/36.1.1.21 Chrome/36.0.1985.97 Safari/537.36" "saveaslave.com"
208.115.113.86 - - [11/Jun/2016:10:54:54 -0700] "GET /www.immigrantjustice.org HTTP/1.1" 404 89 "-" "Mozilla/5.0 (compatible; DotBot/1.1; http://www.opensiteexplorer.org/dotbot, help@moz.com)" "www.saveaslave.com"
199.58.86.211 - - [11/Jun/2016:11:27:07 -0700] "GET /robots.txt HTTP/1.1" 200 48 "-" "Mozilla/5.0 (compatible; MJ12bot/v1.4.5; http://www.majestic12.co.uk/bot.php?+)" "saveaslave.com"
111.172.111.37 - - [11/Jun/2016:11:28:50 -0700] "GET / HTTP/1.1" 200 89069 "-" "Mozilla/5.0 (Windows NT 6.1; Trident/7.0; rv:11.0) like Gecko" "www.saveaslave.com"
111.172.111.37 - - [11/Jun/2016:11:28:54 -0700] "POST /trackback/ HTTP/1.1" 404 89 "http://www.saveaslave.com" "Mozilla/5.0 (Windows NT 6.1; Trident/7.0; rv:11.0) like Gecko" "www.saveaslave.com"
65.36.241.48 - - [11/Jun/2016:11:28:56 -0700] "HEAD / HTTP/1.1" 200 0 "-" "InternetSeer.com" "www.saveaslave.com"
77.75.78.163 - - [11/Jun/2016:11:40:26 -0700] "GET /article.php?id=22 HTTP/1.1" 200 46639 "-" "Mozilla/5.0 (compatible; SeznamBot/3.2; +http://napoveda.seznam.cz/en/seznambot-intro/)" "saveaslave.com"
123.125.71.41 - - [11/Jun/2016:11:41:51 -0700] "GET / HTTP/1.1" 200 89069 "-" "Mozilla/5.0 (compatible; Baiduspider/2.0; +http://www.baidu.com/search/spider.html)" "saveaslave.com"
144.76.29.162 - - [11/Jun/2016:12:00:27 -0700] "GET /robots.txt HTTP/1.1" 200 48 "-" "Mozilla/5.0 (compatible; MJ12bot/v1.4.5; http://www.majestic12.co.uk/bot.php?+)" "saveaslave.com"
144.76.7.107 - - [11/Jun/2016:12:00:28 -0700] "GET /robots.txt HTTP/1.1" 200 48 "-" "Mozilla/5.0 (compatible; MJ12bot/v1.4.5; http://www.majestic12.co.uk/bot.php?+)" "saveaslave.com"
144.76.29.162 - - [11/Jun/2016:12:00:29 -0700] "GET /american_samoa.html HTTP/1.1" 404 89 "-" "Mozilla/5.0 (compatible; MJ12bot/v1.4.5; http://www.majestic12.co.uk/bot.php?+)" "saveaslave.com"
144.76.7.107 - - [11/Jun/2016:12:00:31 -0700] "GET /?Itemid=1 HTTP/1.1" 200 89069 "-" "Mozilla/5.0 (compatible; MJ12bot/v1.4.5; http://www.majestic12.co.uk/bot.php?+)" "saveaslave.com"
198.46.83.128 - - [11/Jun/2016:12:12:26 -0700] "GET /wp-login.php HTTP/1.1" 200 73 "-" "Mozilla/5.0 (X11; Linux x86_64; rv:43.0) Gecko/20100101 Firefox/43.0 Iceweasel/43.0.4" "saveaslave.com"
141.8.143.182 - - [11/Jun/2016:12:34:03 -0700] "GET /ico/apple-icon-180x180.png HTTP/1.1" 200 10378 "-" "Mozilla/5.0 (compatible; YandexBot/3.0; +http://yandex.com/bots)" "saveaslave.com"
212.83.177.193 - - [11/Jun/2016:12:48:32 -0700] "GET /robots.txt HTTP/1.1" 200 48 "-" "Mozilla/5.0 (compatible; MJ12bot/v1.4.5; http://www.majestic12.co.uk/bot.php?+)" "saveaslave.com"
212.83.177.193 - - [11/Jun/2016:12:48:35 -0700] "GET /article.php?id=17 HTTP/1.1" 200 45232 "-" "Mozilla/5.0 (compatible; MJ12bot/v1.4.5; http://www.majestic12.co.uk/bot.php?+)" "saveaslave.com"[2]
212.83.177.193 - - [11/Jun/2016:12:48:37 -0700] "GET /article.php?id=18 HTTP/1.1" 200 47137 "-" "Mozilla/5.0 (compatible; MJ12bot/v1.4.5; http://www.majestic12.co.uk/bot.php?+)" "saveaslave.com"
212.83.177.193 - - [11/Jun/2016:12:48:45 -0700] "GET /?tpl=jobs&Itemid=4 HTTP/1.1" 200 89069 "-" "Mozilla/5.0 (compatible; MJ12bot/v1.4.5; http://www.majestic12.co.uk/bot.php?+)" "www.saveaslave.com"
208.115.113.86 - - [11/Jun/2016:12:51:08 -0700] "GET /www.publiccounsel.org HTTP/1.1" 404 89 "-" "Mozilla/5.0 (compatible; DotBot/1.1; http://www.opensiteexplorer.org/dotbot, help@moz.com)" "saveaslave.com"
208.115.113.86 - - [11/Jun/2016:12:53:04 -0700] "GET /article.php?id=59 HTTP/1.1" 200 776 "-" "Mozilla/5.0 (compatible; DotBot/1.1; http://www.opensiteexplorer.org/dotbot, help@moz.com)" "saveaslave.com"
65.36.241.48 - - [11/Jun/2016:13:04:17 -0700] "HEAD /?tpl=references&Itemid=3 HTTP/1.1" 200 0 "-" "InternetSeer.com" "www.saveaslave.com"
40.77.167.86 - - [11/Jun/2016:13:08:04 -0700] "GET /robots.txt HTTP/1.1" 200 48 "-" "Mozilla/5.0 (compatible; bingbot/2.0; +http://www.bing.com/bingbot.htm)" "www.saveaslave.com"
65.36.241.48 - - [11/Jun/2016:13:08:50 -0700] "HEAD / HTTP/1.1" 200 0 "-" "InternetSeer.com" "www.saveaslave.com"
197.211.53.40 - - [11/Jun/2016:13:22:55 -0700] "GET / HTTP/1.1" 200 89069 "-" "Mozilla/5.0 (Linux; U; Android 4.2.2; en-us; TECNO P5 Build/JDQ39) AppleWebKit/534.30 (KHTML, like Gecko) Version/4.0 Mobile Safari/534.30" "saveaslave.com"[1]
197.211.53.40 - - [11/Jun/2016:13:23:26 -0700] "GET /assets/js/ie-emulation-modes-warning.js HTTP/1.1" 200 2130 "http://saveaslave.com/" "Mozilla/5.0 (Linux; U; Android 4.2.2; en-us; TECNO P5 Build/JDQ39) AppleWebKit/534.30 (KHTML, like Gecko) Version/4.0 Mobile Safari/534.30" "saveaslave.com"
197.211.53.40 - - [11/Jun/2016:13:23:27 -0700] "GET /assets/js/ie10-viewport-bug-workaround.js HTTP/1.1" 200 641 "http://saveaslave.com/" "Mozilla/5.0 (Linux; U; Android 4.2.2; en-us; TECNO P5 Build/JDQ39) AppleWebKit/534.30 (KHTML, like Gecko) Version/4.0 Mobile Safari/534.30" "saveaslave.com"
197.211.53.40 - - [11/Jun/2016:13:23:27 -0700] "GET /js/bootstrap.min.js HTTP/1.1" 200 37055 "http://saveaslave.com/" "Mozilla/5.0 (Linux; U; Android 4.2.2; en-us; TECNO P5 Build/JDQ39) AppleWebKit/534.30 (KHTML, like Gecko) Version/4.0 Mobile Safari/534.30" "saveaslave.com"
197.211.53.40 - - [11/Jun/2016:13:24:07 -0700] "GET /images/article/end_it.jpg HTTP/1.1" 200 33676 "http://saveaslave.com/" "Mozilla/5.0 (Linux; U; Android 4.2.2; en-us; TECNO P5 Build/JDQ39) AppleWebKit/534.30 (KHTML, like Gecko) Version/4.0 Mobile Safari/534.30" "saveaslave.com"[0]
197.211.53.40 - - [11/Jun/2016:13:24:07 -0700] "GET /images/logo2.png HTTP/1.1" 200 18525 "http://saveaslave.com/" "Mozilla/5.0 (Linux; U; Android 4.2.2; en-us; TECNO P5 Build/JDQ39) AppleWebKit/534.30 (KHTML, like Gecko) Version/4.0 Mobile Safari/534.30" "saveaslave.com"
197.211.53.40 - - [11/Jun/2016:13:24:07 -0700] "GET /images/article/suspects.jpg HTTP/1.1" 200 58796 "http://saveaslave.com/" "Mozilla/5.0 (Linux; U; Android 4.2.2; en-us; TECNO P5 Build/JDQ39) AppleWebKit/534.30 (KHTML, like Gecko) Version/4.0 Mobile Safari/534.30" "saveaslave.com"
197.211.53.40 - - [11/Jun/2016:13:24:07 -0700] "GET /images/top.jpg HTTP/1.1" 200 50519 "http://saveaslave.com/" "Mozilla/5.0 (Linux; U; Android 4.2.2; en-us; TECNO P5 Build/JDQ39) AppleWebKit/534.30 (KHTML, like Gecko) Version/4.0 Mobile Safari/534.30" "saveaslave.com"
197.211.53.40 - - [11/Jun/2016:13:24:07 -0700] "GET /images/cover1.jpg HTTP/1.1" 200 253658 "http://saveaslave.com/" "Mozilla/5.0 (Linux; U; Android 4.2.2; en-us; TECNO P5 Build/JDQ39) AppleWebKit/534.30 (KHTML, like Gecko) Version/4.0 Mobile Safari/534.30" "saveaslave.com"
197.211.53.40 - - [11/Jun/2016:13:24:07 -0700] "GET /images/article/s1_dety_beg_d9954.jpg HTTP/1.1" 200 16968 "http://saveaslave.com/" "Mozilla/5.0 (Linux; U; Android 4.2.2; en-us; TECNO P5 Build/JDQ39) AppleWebKit/534.30 (KHTML, like Gecko) Version/4.0 Mobile Safari/534.30" "saveaslave.com"
197.211.53.40 - - [11/Jun/2016:13:24:08 -0700] "GET /images/social1.png HTTP/1.1" 200 2012 "http://saveaslave.com/" "Mozilla/5.0 (Linux; U; Android 4.2.2; en-us; TECNO P5 Build/JDQ39) AppleWebKit/534.30 (KHTML, like Gecko) Version/4.0 Mobile Safari/534.30" "saveaslave.com"
197.211.53.40 - - [11/Jun/2016:13:24:08 -0700] "GET /images/social2.png HTTP/1.1" 200 1752 "http://saveaslave.com/" "Mozilla/5.0 (Linux; U; Android 4.2.2; en-us; TECNO P5 Build/JDQ39) AppleWebKit/534.30 (KHTML, like Gecko) Version/4.0 Mobile Safari/534.30" "saveaslave.com"
197.211.53.40 - - [11/Jun/2016:13:24:08 -0700] "GET /images/social3.png HTTP/1.1" 200 4343 "http://saveaslave.com/" "Mozilla/5.0 (Linux; U; Android 4.2.2; en-us; TECNO P5 Build/JDQ39) AppleWebKit/534.30 (KHTML, like Gecko) Version/4.0 Mobile Safari/534.30" "saveaslave.com"
197.211.53.40 - - [11/Jun/2016:13:24:09 -0700] "GET /indicator.gif HTTP/1.1" 200 878 "http://saveaslave.com/" "Mozilla/5.0 (Linux; U; Android 4.2.2; en-us; TECNO P5 Build/JDQ39) AppleWebKit/534.30 (KHTML, like Gecko) Version/4.0 Mobile Safari/534.30" "saveaslave.com"
197.211.53.40 - - [11/Jun/2016:13:24:09 -0700] "GET /images/select-arrow.png HTTP/1.1" 200 1118 "http://saveaslave.com/" "Mozilla/5.0 (Linux; U; Android 4.2.2; en-us; TECNO P5 Build/JDQ39) AppleWebKit/534.30 (KHTML, like Gecko) Version/4.0 Mobile Safari/534.30" "saveaslave.com"[0]
197.211.53.40 - - [11/Jun/2016:13:29:27 -0700] "GET /images/article/end_it.jpg HTTP/1.1" 200 33676 "http://saveaslave.com/" "Mozilla/5.0 (Linux; U; Android 4.2.2; en-us; TECNO P5 Build/JDQ39) AppleWebKit/534.30 (KHTML, like Gecko) Version/4.0 Mobile Safari/534.30" "saveaslave.com"
197.211.53.40 - - [11/Jun/2016:13:30:14 -0700] "GET /css/down-arrow.png HTTP/1.1" 404 89 "http://saveaslave.com/" "Mozilla/5.0 (Linux; U; Android 4.2.2; en-us; TECNO P5 Build/JDQ39) AppleWebKit/534.30 (KHTML, like Gecko) Version/4.0 Mobile Safari/534.30" "saveaslave.com"
197.211.53.40 - - [11/Jun/2016:13:31:48 -0700] "GET /ico/favicon-16x16.png HTTP/1.1" 200 1129 "http://saveaslave.com/" "Mozilla/5.0 (Linux; U; Android 4.2.2; en-us; TECNO P5 Build/JDQ39) AppleWebKit/534.30 (KHTML, like Gecko) Version/4.0 Mobile Safari/534.30" "saveaslave.com"
174.0.8.200 - - [11/Jun/2016:13:37:23 -0700] "GET / HTTP/1.1" 200 89069 "http://saveaslave.com" "Mozilla/5.0 (Windows NT 6.1) AppleWebKit/537.36 (KHTML, like Gecko) Dragon/36.1.1.21 Chrome/36.0.1985.97 Safari/537.36" "saveaslave.com"[1]
208.115.113.94 - - [11/Jun/2016:13:38:35 -0700] "GET /robots.txt HTTP/1.1" 200 48 "-" "Mozilla/5.0 (compatible; DotBot/1.1; http://www.opensiteexplorer.org/dotbot, help@moz.com)" "saveaslave.com"
208.115.113.94 - - [11/Jun/2016:13:38:35 -0700] "GET /robots.txt HTTP/1.1" 200 48 "-" "Mozilla/5.0 (compatible; DotBot/1.1; http://www.opensiteexplorer.org/dotbot, help@moz.com)" "www.saveaslave.com"
5.9.123.116 - - [11/Jun/2016:13:39:47 -0700] "GET /robots.txt HTTP/1.1" 200 48 "-" "Mozilla/5.0 (compatible; MJ12bot/v1.4.5; http://www.majestic12.co.uk/bot.php?+)" "saveaslave.com"
70.16.103.108 - - [11/Jun/2016:13:44:28 -0700] "GET /images/cover1.jpg HTTP/1.1" 200 253658 "-" "Mozilla/5.0 (Windows NT 6.1; WOW64; Trident/7.0; rv:11.0) like Gecko" "www.saveaslave.com"
46.118.125.82 - - [11/Jun/2016:13:58:36 -0700] "GET / HTTP/1.1" 200 89033 "http://touropia.ru/" "Mozilla/4.0 (compatible; MSIE 7.0b; Windows NT 6.0)" "www.saveaslave.com"
46.118.125.82 - - [11/Jun/2016:13:58:38 -0700] "GET / HTTP/1.1" 200 89033 "http://touropia.ru/" "Mozilla/4.0 (compatible; MSIE 7.0b; Windows NT 6.0)" "www.saveaslave.com"
208.115.113.94 - - [11/Jun/2016:14:24:54 -0700] "GET /article.php?id=3 HTTP/1.1" 200 50919 "-" "Mozilla/5.0 (compatible; DotBot/1.1; http://www.opensiteexplorer.org/dotbot, help@moz.com)" "saveaslave.com"
46.133.12.229 - - [11/Jun/2016:14:32:03 -0700] "GET /images/article/pyatka_default.jpg HTTP/1.1" 200 204394 "http://images.google.com.ua/imgres?imgurl=http://saveaslave.com/images/article/pyatka_default.jpg&imgrefurl=http://saveaslave.com/our-newsr.php&usg=__ZmR9Zehw2PsskvQhpgtQXyZ88Sc=&h=400&w=600&hl=ru&start=15&tbnid=NnMiMO7l0CErhM:&tbnh=90&tbnw=135&ei=BYNcV-61GYi4swGmxoOYBA&sa=X&ved=0ahUKEwiuzOXx9aDNAhUI3CwKHSbjAEM4CBCtAwgoMAY" "SAMSUNG-GT-C3011/1.0 Openwave/6.2.3 Profile/MIDP-2.0 Configuration/CLDC-1.1 UP.Browser/6.2.3.3.c.1.101 (GUI) MMP/2.0" "saveaslave.com"
65.36.241.48 - - [11/Jun/2016:14:43:20 -0700] "HEAD / HTTP/1.1" 200 0 "-" "InternetSeer.com" "www.saveaslave.com"
123.125.71.21 - - [11/Jun/2016:14:48:31 -0700] "GET /robots.txt HTTP/1.1" 200 48 "-" "Mozilla/5.0 (compatible; Baiduspider/2.0; +http://www.baidu.com/search/spider.html)" "www.saveaslave.com"
208.115.113.86 - - [11/Jun/2016:14:51:11 -0700] "GET /www.theirc.org HTTP/1.1" 404 89 "-" "Mozilla/5.0 (compatible; DotBot/1.1; http://www.opensiteexplorer.org/dotbot, help@moz.com)" "saveaslave.com"
208.115.113.86 - - [11/Jun/2016:14:52:41 -0700] "GET /article.php?id=23 HTTP/1.1" 200 776 "-" "Mozilla/5.0 (compatible; DotBot/1.1; http://www.opensiteexplorer.org/dotbot, help@moz.com)" "www.saveaslave.com"
69.30.215.130 - - [11/Jun/2016:15:33:52 -0700] "GET /robots.txt HTTP/1.1" 200 48 "-" "Mozilla/5.0 (compatible; MJ12bot/v1.4.5; http://www.majestic12.co.uk/bot.php?+)" "saveaslave.com"
69.30.215.130 - - [11/Jun/2016:15:33:58 -0700] "GET /article.php?id=13 HTTP/1.1" 200 60546 "-" "Mozilla/5.0 (compatible; MJ12bot/v1.4.5; http://www.majestic12.co.uk/bot.php?+)" "saveaslave.com"[2]
180.76.15.15 - - [11/Jun/2016:15:46:40 -0700] "GET /robots.txt HTTP/1.1" 200 48 "-" "Mozilla/5.0 (Windows NT 5.1; rv:6.0.2) Gecko/20100101 Firefox/6.0.2" "www.saveaslave.com"
83.95.199.228 - - [11/Jun/2016:15:58:48 -0700] "GET / HTTP/1.1" 200 89033 "http://spankedcoeds2.com/blog/2014/04/29/slavegirl-cristina/" "Mozilla/5.0 (Windows NT 6.1; WOW64) AppleWebKit/537.36 (KHTML, like Gecko) Chrome/51.0.2704.84 Safari/537.36" "saveaslave.com"[1]
83.95.199.228 - - [11/Jun/2016:15:58:49 -0700] "GET /css/elements.css HTTP/1.1" 200 17857 "http://saveaslave.com/" "Mozilla/5.0 (Windows NT 6.1; WOW64) AppleWebKit/537.36 (KHTML, like Gecko) Chrome/51.0.2704.84 Safari/537.36" "saveaslave.com"
83.95.199.228 - - [11/Jun/2016:15:58:49 -0700] "GET /assets/js/ie-emulation-modes-warning.js HTTP/1.1" 200 2130 "http://saveaslave.com/" "Mozilla/5.0 (Windows NT 6.1; WOW64) AppleWebKit/537.36 (KHTML, like Gecko) Chrome/51.0.2704.84 Safari/537.36" "saveaslave.com"
83.95.199.228 - - [11/Jun/2016:15:58:50 -0700] "GET /images/article/s1_dety_beg_d9954.jpg HTTP/1.1" 200 16968 "http://saveaslave.com/" "Mozilla/5.0 (Windows NT 6.1; WOW64) AppleWebKit/537.36 (KHTML, like Gecko) Chrome/51.0.2704.84 Safari/537.36" "saveaslave.com"
83.95.199.228 - - [11/Jun/2016:15:58:51 -0700] "GET /images/social3.png HTTP/1.1" 200 4343 "http://saveaslave.com/" "Mozilla/5.0 (Windows NT 6.1; WOW64) AppleWebKit/537.36 (KHTML, like Gecko) Chrome/51.0.2704.84 Safari/537.36" "saveaslave.com"
208.115.113.94 - - [11/Jun/2016:16:19:40 -0700] "GET /honduras.html HTTP/1.1" 404 89 "-" "Mozilla/5.0 (compatible; DotBot/1.1; http://www.opensiteexplorer.org/dotbot, help@moz.com)" "www.saveaslave.com"
208.115.113.94 - - [11/Jun/2016:16:23:21 -0700] "GET /article.php?id=15 HTTP/1.1" 200 56215 "-" "Mozilla/5.0 (compatible; DotBot/1.1; http://www.opensiteexplorer.org/dotbot, help@moz.com)" "saveaslave.com"[1]
208.115.113.86 - - [11/Jun/2016:16:51:40 -0700] "GET /www.sexworkersproject.org HTTP/1.1" 404 89 "-" "Mozilla/5.0 (compatible; DotBot/1.1; http://www.opensiteexplorer.org/dotbot, help@moz.com)" "saveaslave.com"
62.210.124.129 - - [11/Jun/2016:16:55:16 -0700] "GET /robots.txt HTTP/1.1" 200 48 "-" "Spiderbot/Nutch-1.7" "www.saveaslave.com"
54.236.246.87 - - [11/Jun/2016:17:10:47 -0700] "GET / HTTP/1.1" 200 89069 "-" "-" "saveaslave.com"
40.77.167.86 - - [11/Jun/2016:17:25:22 -0700] "GET / HTTP/1.1" 200 89069 "-" "Mozilla/5.0 (compatible; bingbot/2.0; +http://www.bing.com/bingbot.htm)" "saveaslave.com"
83.167.67.66 - - [11/Jun/2016:17:30:02 -0700] "GET /plugins/editors/tinymce/tinymce.xml HTTP/1.1" 404 89 "-" "Mozilla/5.0 (Windows NT 10.0; WOW64)" "saveaslave.com"
65.36.241.48 - - [11/Jun/2016:17:54:21 -0700] "HEAD / HTTP/1.1" 200 0 "-" "InternetSeer.com" "www.saveaslave.com"
40.77.167.86 - - [11/Jun/2016:18:27:07 -0700] "GET /robots.txt HTTP/1.1" 200 48 "-" "Mozilla/5.0 (compatible; bingbot/2.0; +http://www.bing.com/bingbot.htm)" "saveaslave.com"
208.115.113.94 - - [11/Jun/2016:19:43:54 -0700] "GET /robots.txt HTTP/1.1" 200 48 "-" "Mozilla/5.0 (compatible; DotBot/1.1; http://www.opensiteexplorer.org/dotbot, help@moz.com)" "www.saveaslave.com"
208.115.113.94 - - [11/Jun/2016:19:43:54 -0700] "GET /robots.txt HTTP/1.1" 200 48 "-" "Mozilla/5.0 (compatible; DotBot/1.1; http://www.opensiteexplorer.org/dotbot, help@moz.com)" "saveaslave.com"
54.86.220.56 - - [11/Jun/2016:20:16:54 -0700] "GET / HTTP/1.1" 200 89069 "-" "-" "saveaslave.com"
122.106.64.128 - - [11/Jun/2016:20:23:38 -0700] "GET /gajaxscroller.js HTTP/1.1" 200 9774 "http://www.saveaslave.com/" "Mozilla/5.0 (Windows NT 10.0; WOW64) AppleWebKit/537.36 (KHTML, like Gecko) Chrome/50.0.2661.102 Safari/537.36" "www.saveaslave.com"
122.106.64.128 - - [11/Jun/2016:20:23:38 -0700] "GET /images/logo2.png HTTP/1.1" 200 18525 "http://www.saveaslave.com/" "Mozilla/5.0 (Windows NT 10.0; WOW64) AppleWebKit/537.36 (KHTML, like Gecko) Chrome/50.0.2661.102 Safari/537.36" "www.saveaslave.com"[0]
122.106.64.128 - - [11/Jun/2016:20:23:38 -0700] "GET /css/style-pages.css HTTP/1.1" 200 9894 "http://www.saveaslave.com/" "Mozilla/5.0 (Windows NT 10.0; WOW64) AppleWebKit/537.36 (KHTML, like Gecko) Chrome/50.0.2661.102 Safari/537.36" "www.saveaslave.com"
122.106.64.128 - - [11/Jun/2016:20:23:39 -0700] "GET /images/article/end_it.jpg HTTP/1.1" 200 33676 "http://www.saveaslave.com/" "Mozilla/5.0 (Windows NT 10.0; WOW64) AppleWebKit/537.36 (KHTML, like Gecko) Chrome/50.0.2661.102 Safari/537.36" "www.saveaslave.com"
122.106.64.128 - - [11/Jun/2016:20:23:40 -0700] "GET /images/social3.png HTTP/1.1" 200 4343 "http://www.saveaslave.com/" "Mozilla/5.0 (Windows NT 10.0; WOW64) AppleWebKit/537.36 (KHTML, like Gecko) Chrome/50.0.2661.102 Safari/537.36" "www.saveaslave.com"[0]
122.106.64.128 - - [11/Jun/2016:20:23:40 -0700] "GET /images/social2.png HTTP/1.1" 200 1752 "http://www.saveaslave.com/" "Mozilla/5.0 (Windows NT 10.0; WOW64) AppleWebKit/537.36 (KHTML, like Gecko) Chrome/50.0.2661.102 Safari/537.36" "www.saveaslave.com"
122.106.64.128 - - [11/Jun/2016:20:23:45 -0700] "GET /ico/favicon-96x96.png HTTP/1.1" 200 4476 "http://www.saveaslave.com/" "Mozilla/5.0 (Windows NT 10.0; WOW64) AppleWebKit/537.36 (KHTML, like Gecko) Chrome/50.0.2661.102 Safari/537.36" "www.saveaslave.com"
180.76.15.159 - - [11/Jun/2016:20:33:03 -0700] "GET /country.php?name=Guam&lang=en HTTP/1.1" 200 51878 "-" "Mozilla/5.0 (compatible; Baiduspider/2.0; +http://www.baidu.com/search/spider.html)" "www.saveaslave.com"
207.46.13.107 - - [11/Jun/2016:20:42:22 -0700] "GET /rwanda HTTP/1.1" 404 89 "-" "Mozilla/5.0 (compatible; bingbot/2.0; +http://www.bing.com/bingbot.htm)" "www.saveaslave.com"
207.46.13.107 - - [11/Jun/2016:20:42:23 -0700] "GET /finland HTTP/1.1" 404 89 "-" "Mozilla/5.0 (compatible; bingbot/2.0; +http://www.bing.com/bingbot.htm)" "www.saveaslave.com"[0]
207.46.13.107 - - [11/Jun/2016:20:42:23 -0700] "GET /fiji HTTP/1.1" 404 89 "-" "Mozilla/5.0 (compatible; bingbot/2.0; +http://www.bing.com/bingbot.htm)" "www.saveaslave.com"
207.46.13.107 - - [11/Jun/2016:20:42:23 -0700] "GET /guam HTTP/1.1" 404 89 "-" "Mozilla/5.0 (compatible; bingbot/2.0; +http://www.bing.com/bingbot.htm)" "www.saveaslave.com"[0]
208.115.113.86 - - [11/Jun/2016:20:53:24 -0700] "GET /www.lacity.org HTTP/1.1" 404 89 "-" "Mozilla/5.0 (compatible; DotBot/1.1; http://www.opensiteexplorer.org/dotbot, help@moz.com)" "www.saveaslave.com"
208.115.113.86 - - [11/Jun/2016:20:53:26 -0700] "GET /www.covdov.org HTTP/1.1" 404 89 "-" "Mozilla/5.0 (compatible; DotBot/1.1; http://www.opensiteexplorer.org/dotbot, help@moz.com)" "www.saveaslave.com"
207.46.13.107 - - [11/Jun/2016:20:57:28 -0700] "GET /lithuania HTTP/1.1" 404 89 "-" "Mozilla/5.0 (compatible; bingbot/2.0; +http://www.bing.com/bingbot.htm)" "www.saveaslave.com"
207.46.13.107 - - [11/Jun/2016:20:57:28 -0700] "GET /iran HTTP/1.1" 404 89 "-" "Mozilla/5.0 (compatible; bingbot/2.0; +http://www.bing.com/bingbot.htm)" "www.saveaslave.com"
207.46.13.107 - - [11/Jun/2016:20:57:28 -0700] "GET /somalia HTTP/1.1" 404 89 "-" "Mozilla/5.0 (compatible; bingbot/2.0; +http://www.bing.com/bingbot.htm)" "www.saveaslave.com"
5.9.111.70 - - [11/Jun/2016:21:02:13 -0700] "GET /help.php HTTP/1.1" 200 52768 "-" "Mozilla/5.0 (compatible; MJ12bot/v1.4.5; http://www.majestic12.co.uk/bot.php?+)" "saveaslave.com"
5.9.111.70 - - [11/Jun/2016:21:02:16 -0700] "GET /in-russian.php HTTP/1.1" 200 90437 "-" "Mozilla/5.0 (compatible; MJ12bot/v1.4.5; http://www.majestic12.co.uk/bot.php?+)" "saveaslave.com"
5.9.111.70 - - [11/Jun/2016:21:02:18 -0700] "GET /index.php HTTP/1.1" 200 89069 "-" "Mozilla/5.0 (compatible; MJ12bot/v1.4.5; http://www.majestic12.co.uk/bot.php?+)" "saveaslave.com"
40.77.167.58 - - [11/Jun/2016:21:10:01 -0700] "GET /robots.txt HTTP/1.1" 200 48 "-" "Mozilla/5.0 (compatible; bingbot/2.0; +http://www.bing.com/bingbot.htm)" "www.saveaslave.com"
66.220.158.109 - - [11/Jun/2016:21:31:29 -0700] "GET /images/cover1.jpg HTTP/1.1" 200 253658 "-" "facebookexternalhit/1.1 (+http://www.facebook.com/externalhit_uatext.php)" "www.saveaslave.com"
208.115.113.94 - - [11/Jun/2016:21:34:56 -0700] "GET /robots.txt HTTP/1.1" 200 48 "-" "Mozilla/5.0 (compatible; DotBot/1.1; http://www.opensiteexplorer.org/dotbot, help@moz.com)" "www.saveaslave.com"
180.76.15.21 - - [11/Jun/2016:21:40:03 -0700] "GET /index.php HTTP/1.1" 200 89069 "-" "Mozilla/5.0 (compatible; Baiduspider/2.0; +http://www.baidu.com/search/spider.html)" "www.saveaslave.com"
180.76.15.143 - - [11/Jun/2016:21:40:05 -0700] "GET / HTTP/1.1" 200 89069 "-" "Mozilla/5.0 (compatible; Baiduspider/2.0; +http://www.baidu.com/search/spider.html)" "www.saveaslave.com"
180.76.15.20 - - [11/Jun/2016:22:13:32 -0700] "GET /article.php?id=6 HTTP/1.1" 200 47572 "-" "Mozilla/5.0 (compatible; Baiduspider/2.0; +http://www.baidu.com/search/spider.html)" "www.saveaslave.com"[2]
208.115.113.94 - - [11/Jun/2016:22:18:51 -0700] "GET /www.gladinc.org HTTP/1.1" 404 89 "-" "Mozilla/5.0 (compatible; DotBot/1.1; http://www.opensiteexplorer.org/dotbot, help@moz.com)" "www.saveaslave.com"
208.115.113.94 - - [11/Jun/2016:22:18:52 -0700] "GET /egypt.html HTTP/1.1" 404 89 "-" "Mozilla/5.0 (compatible; DotBot/1.1; http://www.opensiteexplorer.org/dotbot, help@moz.com)" "www.saveaslave.com"
217.69.136.209 - - [11/Jun/2016:22:22:34 -0700] "GET /robots.txt HTTP/1.1" 200 48 "-" "Mozilla/5.0 (compatible; Linux x86_64; Mail.RU_Bot/2.0; +http://go.mail.ru/help/robots)" "www.saveaslave.com"
217.69.136.207 - - [11/Jun/2016:22:22:36 -0700] "GET /article.php?id=21 HTTP/1.1" 200 49376 "-" "Mozilla/5.0 (compatible; Linux x86_64; Mail.RU_Bot/2.0; +http://go.mail.ru/help/robots)" "www.saveaslave.com"
40.77.167.58 - - [11/Jun/2016:22:27:19 -0700] "GET /qatar HTTP/1.1" 404 89 "-" "Mozilla/5.0 (compatible; bingbot/2.0; +http://www.bing.com/bingbot.htm)" "www.saveaslave.com"
40.77.167.58 - - [11/Jun/2016:22:27:19 -0700] "GET /tonga HTTP/1.1" 404 89 "-" "Mozilla/5.0 (compatible; bingbot/2.0; +http://www.bing.com/bingbot.htm)" "www.saveaslave.com"[0]
40.77.167.58 - - [11/Jun/2016:22:27:19 -0700] "GET /vietnam HTTP/1.1" 404 89 "-" "Mozilla/5.0 (compatible; bingbot/2.0; +http://www.bing.com/bingbot.htm)" "www.saveaslave.com"[0]
40.77.167.86 - - [11/Jun/2016:22:28:24 -0700] "GET /greenland HTTP/1.1" 404 89 "-" "Mozilla/5.0 (compatible; bingbot/2.0; +http://www.bing.com/bingbot.htm)" "www.saveaslave.com"
65.36.241.48 - - [11/Jun/2016:22:42:49 -0700] "HEAD / HTTP/1.1" 200 0 "-" "InternetSeer.com" "www.saveaslave.com"
192.187.108.35 - - [11/Jun/2016:22:57:51 -0700] "GET /article.php?id=6 HTTP/1.1" 200 47572 "-" "Mozilla/5.0 (compatible; MJ12bot/v1.4.5; http://www.majestic12.co.uk/bot.php?+)" "www.saveaslave.com"
192.187.108.35 - - [11/Jun/2016:22:58:18 -0700] "GET /help.php HTTP/1.1" 200 52768 "-" "Mozilla/5.0 (compatible; MJ12bot/v1.4.5; http://www.majestic12.co.uk/bot.php?+)" "www.saveaslave.com"
208.115.113.86 - - [11/Jun/2016:23:04:14 -0700] "GET /www.ltsc.org HTTP/1.1" 404 89 "-" "Mozilla/5.0 (compatible; DotBot/1.1; http://www.opensiteexplorer.org/dotbot, help@moz.com)" "saveaslave.com"
157.55.39.234 - - [11/Jun/2016:23:18:15 -0700] "GET /grenada HTTP/1.1" 404 89 "-" "Mozilla/5.0 (compatible; bingbot/2.0; +http://www.bing.com/bingbot.htm)" "www.saveaslave.com"[0]
157.55.39.234 - - [11/Jun/2016:23:18:17 -0700] "GET /coalition-members-cast.php HTTP/1.1" 200 47192 "-" "Mozilla/5.0 (compatible; bingbot/2.0; +http://www.bing.com/bingbot.htm)" "www.saveaslave.com"[1]
217.136.201.84 - - [11/Jun/2016:23:22:47 -0700] "GET /gfeedfetcher.js HTTP/1.1" 200 9018 "http://saveaslave.com/" "Mozilla/5.0 (Linux; Android 6.0.1; Nexus 6P Build/MHC19I) AppleWebKit/537.36 (KHTML, like Gecko) Chrome/51.0.2704.81 Mobile Safari/537.36" "saveaslave.com"
217.136.201.84 - - [11/Jun/2016:23:22:47 -0700] "GET /css/bootstrap.min.css HTTP/1.1" 200 123578 "http://saveaslave.com/" "Mozilla/5.0 (Linux; Android 6.0.1; Nexus 6P Build/MHC19I) AppleWebKit/537.36 (KHTML, like Gecko) Chrome/51.0.2704.81 Mobile Safari/537.36" "saveaslave.com"
217.136.201.84 - - [11/Jun/2016:23:22:48 -0700] "GET /js/bootstrap.min.js HTTP/1.1" 200 37055 "http://saveaslave.com/" "Mozilla/5.0 (Linux; Android 6.0.1; Nexus 6P Build/MHC19I) AppleWebKit/537.36 (KHTML, like Gecko) Chrome/51.0.2704.81 Mobile Safari/537.36" "saveaslave.com"
217.136.201.84 - - [11/Jun/2016:23:22:48 -0700] "GET /images/article/end_it.jpg HTTP/1.1" 200 33676 "http://saveaslave.com/" "Mozilla/5.0 (Linux; Android 6.0.1; Nexus 6P Build/MHC19I) AppleWebKit/537.36 (KHTML, like Gecko) Chrome/51.0.2704.81 Mobile Safari/537.36" "saveaslave.com"
217.136.201.84 - - [11/Jun/2016:23:22:48 -0700] "GET /indicator.gif HTTP/1.1" 200 878 "http://saveaslave.com/" "Mozilla/5.0 (Linux; Android 6.0.1; Nexus 6P Build/MHC19I) AppleWebKit/537.36 (KHTML, like Gecko) Chrome/51.0.2704.81 Mobile Safari/537.36" "saveaslave.com"
217.136.201.84 - - [11/Jun/2016:23:22:49 -0700] "GET /addarticle.php HTTP/1.1" 200 13718 "http://saveaslave.com/" "Mozilla/5.0 (Linux; Android 6.0.1; Nexus 6P Build/MHC19I) AppleWebKit/537.36 (KHTML, like Gecko) Chrome/51.0.2704.81 Mobile Safari/537.36" "saveaslave.com"
217.136.201.84 - - [11/Jun/2016:23:22:49 -0700] "GET /images/select-arrow.png HTTP/1.1" 200 1118 "http://saveaslave.com/css/style-pages.css" "Mozilla/5.0 (Linux; Android 6.0.1; Nexus 6P Build/MHC19I) AppleWebKit/537.36 (KHTML, like Gecko) Chrome/51.0.2704.81 Mobile Safari/537.36" "saveaslave.com"
157.55.39.234 - - [11/Jun/2016:23:44:20 -0700] "GET /index.php HTTP/1.1" 200 89069 "-" "Mozilla/5.0 (compatible; bingbot/2.0; +http://www.bing.com/bingbot.htm)" "saveaslave.com"
157.55.39.234 - - [11/Jun/2016:23:44:21 -0700] "GET /who-we-arer.php HTTP/1.1" 200 72535 "-" "Mozilla/5.0 (compatible; bingbot/2.0; +http://www.bing.com/bingbot.htm)" "saveaslave.com"
217.69.136.207 - - [12/Jun/2016:00:12:38 -0700] "GET /antarctica.html HTTP/1.1" 404 89 "-" "Mozilla/5.0 (compatible; Linux x86_64; Mail.RU_Bot/2.0; +http://go.mail.ru/help/robots)" "www.saveaslave.com"
95.24.126.119 - - [12/Jun/2016:00:13:28 -0700] "GET /forum/go.php?http://ya.ru= HTTP/1.1" 404 89 "-" "Mozilla/5.0 (Windows NT 6.1; WOW64; rv:38.0) Gecko/20100101 Firefox/38.0" "www.saveaslave.com"[0]
65.36.241.48 - - [12/Jun/2016:00:27:17 -0700] "HEAD / HTTP/1.1" 200 0 "-" "InternetSeer.com" "www.saveaslave.com"
217.69.136.209 - - [12/Jun/2016:00:36:52 -0700] "GET /robots.txt HTTP/1.1" 200 48 "-" "Mozilla/5.0 (compatible; Linux x86_64; Mail.RU_Bot/2.0; +http://go.mail.ru/help/robots)" "www.saveaslave.com"
217.69.136.210 - - [12/Jun/2016:00:36:53 -0700] "GET /tuvalu.html HTTP/1.1" 404 89 "-" "Mozilla/5.0 (compatible; Linux x86_64; Mail.RU_Bot/2.0; +http://go.mail.ru/help/robots)" "www.saveaslave.com"
77.75.76.164 - - [12/Jun/2016:00:47:11 -0700] "GET /robots.txt HTTP/1.1" 200 48 "-" "Mozilla/5.0 (compatible; SeznamBot/3.2; +http://napoveda.seznam.cz/en/seznambot-intro/)" "saveaslave.com"[0]
208.115.113.86 - - [12/Jun/2016:00:54:37 -0700] "GET /managecountry.php HTTP/1.1" 200 1294 "-" "Mozilla/5.0 (compatible; DotBot/1.1; http://www.opensiteexplorer.org/dotbot, help@moz.com)" "www.saveaslave.com"[1]
208.115.113.86 - - [12/Jun/2016:00:54:40 -0700] "GET /article.php?id=114 HTTP/1.1" 200 43931 "-" "Mozilla/5.0 (compatible; DotBot/1.1; http://www.opensiteexplorer.org/dotbot, help@moz.com)" "www.saveaslave.com"[0]
119.147.225.232 - - [12/Jun/2016:00:57:54 -0700] "GET / HTTP/1.1" 200 89069 "-" "Mozilla/5.0 (Linux; U; Android 4.3; zh-CN; SCH-N719 Build/JSS15J) AppleWebKit/533.1 (KHTML, like Gecko) Version/4.0 UCBrowser/9.9.5.489 U3/0.8.0 Mobile Safari/533.1" "www.saveaslave.com"[1]
119.147.225.232 - - [12/Jun/2016:00:57:55 -0700] "GET /css/style.css HTTP/1.1" 200 7938 "http://www.saveaslave.com/" "Mozilla/5.0 (Linux; U; Android 4.3; zh-CN; SCH-N719 Build/JSS15J) AppleWebKit/533.1 (KHTML, like Gecko) Version/4.0 UCBrowser/9.9.5.489 U3/0.8.0 Mobile Safari/533.1" "www.saveaslave.com"
119.147.225.232 - - [12/Jun/2016:00:57:55 -0700] "GET /css/elements.css HTTP/1.1" 200 17857 "http://www.saveaslave.com/" "Mozilla/5.0 (Linux; U; Android 4.3; zh-CN; SCH-N719 Build/JSS15J) AppleWebKit/533.1 (KHTML, like Gecko) Version/4.0 UCBrowser/9.9.5.489 U3/0.8.0 Mobile Safari/533.1" "www.saveaslave.com"
119.147.225.232 - - [12/Jun/2016:00:57:55 -0700] "GET /gfeedfetcher.js HTTP/1.1" 200 9018 "http://www.saveaslave.com/" "Mozilla/5.0 (Linux; U; Android 4.3; zh-CN; SCH-N719 Build/JSS15J) AppleWebKit/533.1 (KHTML, like Gecko) Version/4.0 UCBrowser/9.9.5.489 U3/0.8.0 Mobile Safari/533.1" "www.saveaslave.com"
119.147.225.232 - - [12/Jun/2016:00:57:55 -0700] "GET /css/bootstrap.min.css HTTP/1.1" 200 123578 "http://www.saveaslave.com/" "Mozilla/5.0 (Linux; U; Android 4.3; zh-CN; SCH-N719 Build/JSS15J) AppleWebKit/533.1 (KHTML, like Gecko) Version/4.0 UCBrowser/9.9.5.489 U3/0.8.0 Mobile Safari/533.1" "www.saveaslave.com"
119.147.225.232 - - [12/Jun/2016:00:57:55 -0700] "GET /gajaxscroller.js HTTP/1.1" 200 9774 "http://www.saveaslave.com/" "Mozilla/5.0 (Linux; U; Android 4.3; zh-CN; SCH-N719 Build/JSS15J) AppleWebKit/533.1 (KHTML, like Gecko) Version/4.0 UCBrowser/9.9.5.489 U3/0.8.0 Mobile Safari/533.1" "www.saveaslave.com"
119.147.225.232 - - [12/Jun/2016:00:57:56 -0700] "GET /css/down-arrow.png HTTP/1.1" 404 89 "http://www.saveaslave.com/" "Mozilla/5.0 (Linux; U; Android 4.3; zh-CN; SCH-N719 Build/JSS15J) AppleWebKit/533.1 (KHTML, like Gecko) Version/4.0 UCBrowser/9.9.5.489 U3/0.8.0 Mobile Safari/533.1" "www.saveaslave.com"
119.147.225.232 - - [12/Jun/2016:00:57:58 -0700] "GET /assets/js/ie10-viewport-bug-workaround.js HTTP/1.1" 200 641 "http://www.saveaslave.com/" "Mozilla/5.0 (Linux; U; Android 4.3; zh-CN; SCH-N719 Build/JSS15J) AppleWebKit/533.1 (KHTML, like Gecko) Version/4.0 UCBrowser/9.9.5.489 U3/0.8.0 Mobile Safari/533.1" "www.saveaslave.com"
119.147.225.232 - - [12/Jun/2016:00:57:59 -0700] "GET /images/logo2.png HTTP/1.1" 200 18525 "http://www.saveaslave.com/" "Mozilla/5.0 (Linux; U; Android 4.3; zh-CN; SCH-N719 Build/JSS15J) AppleWebKit/533.1 (KHTML, like Gecko) Version/4.0 UCBrowser/9.9.5.489 U3/0.8.0 Mobile Safari/533.1" "www.saveaslave.com"
119.147.225.232 - - [12/Jun/2016:00:57:59 -0700] "GET /images/article/end_it.jpg HTTP/1.1" 200 33676 "http://www.saveaslave.com/" "Mozilla/5.0 (Linux; U; Android 4.3; zh-CN; SCH-N719 Build/JSS15J) AppleWebKit/533.1 (KHTML, like Gecko) Version/4.0 UCBrowser/9.9.5.489 U3/0.8.0 Mobile Safari/533.1" "www.saveaslave.com"
119.147.225.232 - - [12/Jun/2016:00:57:59 -0700] "GET /images/social2.png HTTP/1.1" 200 1752 "http://www.saveaslave.com/" "Mozilla/5.0 (Linux; U; Android 4.3; zh-CN; SCH-N719 Build/JSS15J) AppleWebKit/533.1 (KHTML, like Gecko) Version/4.0 UCBrowser/9.9.5.489 U3/0.8.0 Mobile Safari/533.1" "www.saveaslave.com"
119.147.225.232 - - [12/Jun/2016:00:57:59 -0700] "GET /css/style-pages.css HTTP/1.1" 200 9894 "http://www.saveaslave.com/" "Mozilla/5.0 (Linux; U; Android 4.3; zh-CN; SCH-N719 Build/JSS15J) AppleWebKit/533.1 (KHTML, like Gecko) Version/4.0 UCBrowser/9.9.5.489 U3/0.8.0 Mobile Safari/533.1" "www.saveaslave.com"
217.69.136.204 - - [12/Jun/2016:01:05:38 -0700] "GET /robots.txt HTTP/1.1" 200 48 "-" "Mozilla/5.0 (compatible; Linux x86_64; Mail.RU_Bot/2.0; +http://go.mail.ru/help/robots)" "www.saveaslave.com"
208.115.113.94 - - [12/Jun/2016:01:38:23 -0700] "GET /robots.txt HTTP/1.1" 200 48 "-" "Mozilla/5.0 (compatible; DotBot/1.1; http://www.opensiteexplorer.org/dotbot, help@moz.com)" "saveaslave.com"
208.115.113.94 - - [12/Jun/2016:01:38:23 -0700] "GET /robots.txt HTTP/1.1" 200 48 "-" "Mozilla/5.0 (compatible; DotBot/1.1; http://www.opensiteexplorer.org/dotbot, help@moz.com)" "www.saveaslave.com"
217.69.136.208 - - [12/Jun/2016:01:46:34 -0700] "GET /trinidadandtobago.html HTTP/1.1" 404 89 "-" "Mozilla/5.0 (compatible; Linux x86_64; Mail.RU_Bot/2.0; +http://go.mail.ru/help/robots)" "www.saveaslave.com"
176.8.91.80 - - [12/Jun/2016:02:06:07 -0700] "GET / HTTP/1.1" 200 89069 "http://saveaslave.com/" "Mozilla/5.0 (Windows NT 6.1) AppleWebKit/537.36 (KHTML, like Gecko) Chrome/47.0.2526.111 Safari/537.36" "saveaslave.com"
52.23.165.84 - - [12/Jun/2016:02:09:01 -0700] "GET /robots.txt HTTP/1.1" 200 48 "-" "" "saveaslave.com"
52.23.165.84 - - [12/Jun/2016:02:10:06 -0700] "GET /who-we-are.php HTTP/1.1" 200 50828 "-" "ltx71 - (http://ltx71.com/)" "www.saveaslave.com"[1]
217.69.136.206 - - [12/Jun/2016:02:11:02 -0700] "GET /robots.txt HTTP/1.1" 200 48 "-" "Mozilla/5.0 (compatible; Linux x86_64; Mail.RU_Bot/2.0; +http://go.mail.ru/help/robots)" "saveaslave.com"
52.23.165.84 - - [12/Jun/2016:02:13:01 -0700] "GET /news4.php HTTP/1.1" 200 73 "-" "ltx71 - (http://ltx71.com/)" "www.saveaslave.com"
52.23.165.84 - - [12/Jun/2016:02:15:01 -0700] "GET /css/style.css HTTP/1.1" 200 7938 "-" "ltx71 - (http://ltx71.com/)" "www.saveaslave.com"
52.23.165.84 - - [12/Jun/2016:02:16:01 -0700] "GET /gfeedfetcher.js HTTP/1.1" 200 9018 "-" "ltx71 - (http://ltx71.com/)" "www.saveaslave.com"
208.115.113.94 - - [12/Jun/2016:02:16:45 -0700] "GET /croatia.html HTTP/1.1" 404 89 "-" "Mozilla/5.0 (compatible; DotBot/1.1; http://www.opensiteexplorer.org/dotbot, help@moz.com)" "saveaslave.com"
52.23.165.84 - - [12/Jun/2016:02:17:17 -0700] "GET /article.php?id=46 HTTP/1.1" 200 49307 "-" "ltx71 - (http://ltx71.com/)" "www.saveaslave.com"
208.115.113.94 - - [12/Jun/2016:02:22:49 -0700] "GET /tunisia.html HTTP/1.1" 404 89 "-" "Mozilla/5.0 (compatible; DotBot/1.1; http://www.opensiteexplorer.org/dotbot, help@moz.com)" "www.saveaslave.com"
208.115.113.94 - - [12/Jun/2016:02:24:21 -0700] "GET /article.php?id=13 HTTP/1.1" 200 60546 "-" "Mozilla/5.0 (compatible; DotBot/1.1; http://www.opensiteexplorer.org/dotbot, help@moz.com)" "saveaslave.com"
207.46.13.107 - - [12/Jun/2016:02:31:19 -0700] "GET /robots.txt HTTP/1.1" 200 48 "-" "Mozilla/5.0 (compatible; bingbot/2.0; +http://www.bing.com/bingbot.htm)" "saveaslave.com"
54.243.48.119 - - [12/Jun/2016:02:54:54 -0700] "GET / HTTP/1.1" 200 89069 "-" "Mozilla/5.0 (Windows; U; Windows NT 5.1; en-US; rv:1.9.2.8) Gecko/20100722 Firefox/3.6.8" "saveaslave.com"
66.249.69.175 - - [12/Jun/2016:02:57:04 -0700] "GET /slovakia HTTP/1.1" 404 89 "-" "Mozilla/5.0 (Linux; Android 6.0.1; Nexus 5X Build/MMB29P) AppleWebKit/537.36 (KHTML, like Gecko) Chrome/41.0.2272.96 Mobile Safari/537.36 (compatible; Googlebot/2.1; +http://www.google.com/bot.html)" "www.saveaslave.com"
208.115.113.94 - - [12/Jun/2016:02:58:15 -0700] "GET /martinique HTTP/1.1" 404 89 "-" "Mozilla/5.0 (compatible; DotBot/1.1; http://www.opensiteexplorer.org/dotbot, help@moz.com)" "saveaslave.com"[0]
66.249.69.180 - - [12/Jun/2016:02:58:57 -0700] "GET /Radio_Stations.html HTTP/1.1" 404 89 "-" "Mozilla/5.0 (Linux; Android 6.0.1; Nexus 5X Build/MMB29P) AppleWebKit/537.36 (KHTML, like Gecko) Chrome/41.0.2272.96 Mobile Safari/537.36 (compatible; Googlebot/2.1; +http://www.google.com/bot.html)" "www.saveaslave.com"
208.115.113.94 - - [12/Jun/2016:03:11:20 -0700] "GET /robots.txt HTTP/1.1" 200 48 "-" "Mozilla/5.0 (compatible; DotBot/1.1; http://www.opensiteexplorer.org/dotbot, help@moz.com)" "saveaslave.com"
208.115.113.94 - - [12/Jun/2016:03:11:20 -0700] "GET /robots.txt HTTP/1.1" 200 48 "-" "Mozilla/5.0 (compatible; DotBot/1.1; http://www.opensiteexplorer.org/dotbot, help@moz.com)" "www.saveaslave.com"
52.23.165.84 - - [12/Jun/2016:03:18:25 -0700] "GET /ico/apple-icon-114x114.png HTTP/1.1" 200 5667 "-" "ltx71 - (http://ltx71.com/)" "www.saveaslave.com"
217.69.136.208 - - [12/Jun/2016:03:41:03 -0700] "GET /robots.txt HTTP/1.1" 200 48 "-" "Mozilla/5.0 (compatible; Linux x86_64; Mail.RU_Bot/2.0; +http://go.mail.ru/help/robots)" "saveaslave.com"
77.75.76.161 - - [12/Jun/2016:03:48:59 -0700] "GET /robots.txt HTTP/1.1" 200 48 "-" "Mozilla/5.0 (compatible; SeznamBot/3.2; +http://napoveda.seznam.cz/en/seznambot-intro/)" "saveaslave.com"
77.75.76.161 - - [12/Jun/2016:03:49:03 -0700] "GET /who-we-are.php HTTP/1.1" 200 50828 "-" "Mozilla/5.0 (compatible; SeznamBot/3.2; +http://napoveda.seznam.cz/en/seznambot-intro/)" "saveaslave.com"
208.115.113.94 - - [12/Jun/2016:03:56:13 -0700] "GET /article.php?id=19 HTTP/1.1" 200 48714 "-" "Mozilla/5.0 (compatible; DotBot/1.1; http://www.opensiteexplorer.org/dotbot, help@moz.com)" "saveaslave.com"[1]
66.249.69.157 - - [12/Jun/2016:04:02:53 -0700] "GET /apple-app-site-association HTTP/1.1" 403 255 "-" "Mozilla/5.0 (compatible; Googlebot/2.1; +http://www.google.com/bot.html)" "www.saveaslave.com"
141.0.12.87 - - [12/Jun/2016:04:15:44 -0700] "GET /favicon.ico HTTP/1.1" 404 89 "http://www.saveaslave.com/" "Opera/9.80 (Android; Opera Mini/14.0.2065/37.8529; U; en) Presto/2.12.423 Version/12.16" "www.saveaslave.com"[0]
141.0.12.87 - - [12/Jun/2016:04:15:45 -0700] "GET /ico/favicon-96x96.png HTTP/1.1" 200 4476 "http://www.saveaslave.com/" "Opera/9.80 (Android; Opera Mini/14.0.2065/37.8529; U; en) Presto/2.12.423 Version/12.16" "www.saveaslave.com"
141.0.12.87 - - [12/Jun/2016:04:15:45 -0700] "GET / HTTP/1.1" 200 89069 "-" "Opera/9.80 (Android; Opera Mini/14.0.2065/37.8529; U; en) Presto/2.12.423 Version/12.16" "www.saveaslave.com"[3]
141.0.12.87 - - [12/Jun/2016:04:15:45 -0700] "GET /ico/android-icon-192x192.png HTTP/1.1" 200 10097 "http://www.saveaslave.com/" "Opera/9.80 (Android; Opera Mini/14.0.2065/37.8529; U; en) Presto/2.12.423 Version/12.16" "www.saveaslave.com"
141.0.12.87 - - [12/Jun/2016:04:15:45 -0700] "GET /images/select-arrow.png HTTP/1.1" 200 1118 "http://www.saveaslave.com/" "Opera/9.80 (Android; Opera Mini/14.0.2065/37.8529; U; en) Presto/2.12.423 Version/12.16" "www.saveaslave.com"
141.0.12.87 - - [12/Jun/2016:04:15:45 -0700] "GET /images/social2.png HTTP/1.1" 200 1752 "http://www.saveaslave.com/" "Opera/9.80 (Android; Opera Mini/14.0.2065/37.8529; U; en) Presto/2.12.423 Version/12.16" "www.saveaslave.com"
164.126.251.238 - - [12/Jun/2016:04:24:59 -0700] "GET /in-russian.php?lang=ru HTTP/1.1" 200 92353 "https://www.google.pl" "Mozilla/5.0 (Windows NT 6.1; WOW64; rv:47.0) Gecko/20100101 Firefox/47.0" "saveaslave.com"
164.126.251.238 - - [12/Jun/2016:04:25:00 -0700] "GET /css/bootstrap.min.css HTTP/1.1" 200 123578 "http://saveaslave.com/in-russian.php?lang=ru" "Mozilla/5.0 (Windows NT 6.1; WOW64; rv:47.0) Gecko/20100101 Firefox/47.0" "saveaslave.com"
164.126.251.238 - - [12/Jun/2016:04:25:03 -0700] "GET /images/cover1.jpg HTTP/1.1" 200 253658 "http://saveaslave.com/in-russian.php?lang=ru" "Mozilla/5.0 (Windows NT 6.1; WOW64; rv:47.0) Gecko/20100101 Firefox/47.0" "saveaslave.com"
208.115.113.94 - - [12/Jun/2016:04:45:22 -0700] "GET /benin HTTP/1.1" 404 89 "-" "Mozilla/5.0 (compatible; DotBot/1.1; http://www.opensiteexplorer.org/dotbot, help@moz.com)" "www.saveaslave.com"
208.115.113.94 - - [12/Jun/2016:04:45:31 -0700] "GET /christmasisland HTTP/1.1" 404 89 "-" "Mozilla/5.0 (compatible; DotBot/1.1; http://www.opensiteexplorer.org/dotbot, help@moz.com)" "www.saveaslave.com"[0]
217.69.136.208 - - [12/Jun/2016:04:49:12 -0700] "GET /site/?cat=198 HTTP/1.1" 404 89 "-" "Mozilla/5.0 (compatible; Linux x86_64; Mail.RU_Bot/2.0; +http://go.mail.ru/help/robots)" "saveaslave.com"
208.115.113.86 - - [12/Jun/2016:04:52:19 -0700] "GET /article.php?id=89 HTTP/1.1" 200 776 "-" "Mozilla/5.0 (compatible; DotBot/1.1; http://www.opensiteexplorer.org/dotbot, help@moz.com)" "www.saveaslave.com"
42.120.160.38 - - [12/Jun/2016:04:57:48 -0700] "GET / HTTP/1.1" 200 89069 "-" "Mozilla/5.0 (Linux; U; Android 4.0.2; en-us; Galaxy Nexus Build/ICL53F) AppleWebKit/534.30 (KHTML, like Gecko) Version/4.0 Mobile Safari/534.30" "www.saveaslave.com"[1]
207.46.13.107 - - [12/Jun/2016:05:13:12 -0700] "GET /robots.txt HTTP/1.1" 200 48 "-" "Mozilla/5.0 (compatible; bingbot/2.0; +http://www.bing.com/bingbot.htm)" "www.saveaslave.com"
