208.43.225.85 - - [09/Jan/2017:23:51:21 -0800] "GET /contact-us.php HTTP/1.1" 200 30765 "-" "Mozilla/5.0 (compatible; SiteExplorer/1.1b; +http://siteexplorer.info/Backlink-Checker-Spider/)" "saveaslave.com"
163.172.66.26 - - [09/Jan/2017:23:53:26 -0800] "GET / HTTP/1.1" 200 91413 "-" "Mozilla/5.0 (compatible; AhrefsBot/5.2; +http://ahrefs.com/robot/)" "saveaslave.com"[1]
77.75.77.72 - - [09/Jan/2017:23:53:35 -0800] "GET /article.php?id=6 HTTP/1.1" 200 48470 "-" "Mozilla/5.0 (compatible; SeznamBot/3.2; +http://napoveda.seznam.cz/en/seznambot-intro/)" "saveaslave.com"[1]
207.46.13.62 - - [10/Jan/2017:00:21:30 -0800] "GET /robots.txt HTTP/1.1" 200 48 "-" "Mozilla/5.0 (compatible; bingbot/2.0; +http://www.bing.com/bingbot.htm)" "www.saveaslave.com"
207.46.13.62 - - [10/Jan/2017:00:21:30 -0800] "GET /robots.txt HTTP/1.1" 200 48 "-" "Mozilla/5.0 (compatible; bingbot/2.0; +http://www.bing.com/bingbot.htm)" "www.saveaslave.com"
66.249.83.77 - - [10/Jan/2017:00:28:17 -0800] "GET /images/article/1057439576.jpg HTTP/1.1" 200 28222 "http://saveaslave.com/our-newsr.php" "Mozilla/5.0 (Linux; Android 4.2.1; en-us; Nexus 5 Build/JOP40D) AppleWebKit/535.19 (KHTML, like Gecko; googleweblight) Chrome/38.0.1025.166 Mobile Safari/535.19" "saveaslave.com"
66.249.83.77 - - [10/Jan/2017:00:28:17 -0800] "GET /images/article/56817c9496381.jpeg HTTP/1.1" 200 11230 "http://saveaslave.com/our-newsr.php" "Mozilla/5.0 (Linux; Android 4.2.1; en-us; Nexus 5 Build/JOP40D) AppleWebKit/535.19 (KHTML, like Gecko; googleweblight) Chrome/38.0.1025.166 Mobile Safari/535.19" "saveaslave.com"
66.249.83.78 - - [10/Jan/2017:00:28:17 -0800] "GET /css/style.css HTTP/1.1" 200 7938 "http://saveaslave.com/our-newsr.php" "Mozilla/5.0 (Linux; Android 4.2.1; en-us; Nexus 5 Build/JOP40D) AppleWebKit/535.19 (KHTML, like Gecko; googleweblight) Chrome/38.0.1025.166 Mobile Safari/535.19" "saveaslave.com"
66.249.83.78 - - [10/Jan/2017:00:28:17 -0800] "GET /images/article/150px-Coat_of_Arms_of_Homiel,_Belarus.svg.png HTTP/1.1" 200 9719 "http://saveaslave.com/our-newsr.php" "Mozilla/5.0 (Linux; Android 4.2.1; en-us; Nexus 5 Build/JOP40D) AppleWebKit/535.19 (KHTML, like Gecko; googleweblight) Chrome/38.0.1025.166 Mobile Safari/535.19" "saveaslave.com"
66.249.83.77 - - [10/Jan/2017:00:28:17 -0800] "GET /css/style.css HTTP/1.1" 200 7938 "http://saveaslave.com/our-newsr.php" "Mozilla/5.0 (Linux; Android 4.2.1; en-us; Nexus 5 Build/JOP40D) AppleWebKit/535.19 (KHTML, like Gecko; googleweblight) Chrome/38.0.1025.166 Mobile Safari/535.19" "saveaslave.com"[0]
66.249.83.79 - - [10/Jan/2017:00:28:17 -0800] "GET /gfeedfetcher.js HTTP/1.1" 200 9018 "http://saveaslave.com/our-newsr.php" "Mozilla/5.0 (Linux; Android 4.2.1; en-us; Nexus 5 Build/JOP40D) AppleWebKit/535.19 (KHTML, like Gecko; googleweblight) Chrome/38.0.1025.166 Mobile Safari/535.19" "saveaslave.com"
66.249.83.77 - - [10/Jan/2017:00:28:17 -0800] "GET /css/bootstrap.min.css HTTP/1.1" 200 123578 "http://saveaslave.com/our-newsr.php" "Mozilla/5.0 (Linux; Android 4.2.1; en-us; Nexus 5 Build/JOP40D) AppleWebKit/535.19 (KHTML, like Gecko; googleweblight) Chrome/38.0.1025.166 Mobile Safari/535.19" "saveaslave.com"
66.249.83.77 - - [10/Jan/2017:00:28:17 -0800] "GET /assets/js/ie-emulation-modes-warning.js HTTP/1.1" 200 2130 "http://saveaslave.com/our-newsr.php" "Mozilla/5.0 (Linux; Android 4.2.1; en-us; Nexus 5 Build/JOP40D) AppleWebKit/535.19 (KHTML, like Gecko; googleweblight) Chrome/38.0.1025.166 Mobile Safari/535.19" "saveaslave.com"
66.249.83.78 - - [10/Jan/2017:00:28:17 -0800] "GET /js/bootstrap.min.js HTTP/1.1" 200 37055 "http://saveaslave.com/our-newsr.php" "Mozilla/5.0 (Linux; Android 4.2.1; en-us; Nexus 5 Build/JOP40D) AppleWebKit/535.19 (KHTML, like Gecko; googleweblight) Chrome/38.0.1025.166 Mobile Safari/535.19" "saveaslave.com"
66.249.83.79 - - [10/Jan/2017:00:28:17 -0800] "GET /assets/js/ie10-viewport-bug-workaround.js HTTP/1.1" 200 641 "http://saveaslave.com/our-newsr.php" "Mozilla/5.0 (Linux; Android 4.2.1; en-us; Nexus 5 Build/JOP40D) AppleWebKit/535.19 (KHTML, like Gecko; googleweblight) Chrome/38.0.1025.166 Mobile Safari/535.19" "saveaslave.com"
66.249.83.78 - - [10/Jan/2017:00:28:17 -0800] "GET /images/article/s1_dety_beg_d9954.jpg HTTP/1.1" 200 16968 "http://saveaslave.com/our-newsr.php" "Mozilla/5.0 (Linux; Android 4.2.1; en-us; Nexus 5 Build/JOP40D) AppleWebKit/535.19 (KHTML, like Gecko; googleweblight) Chrome/38.0.1025.166 Mobile Safari/535.19" "saveaslave.com"
66.249.83.79 - - [10/Jan/2017:00:28:17 -0800] "GET /gajaxscroller.js HTTP/1.1" 200 9774 "http://saveaslave.com/our-newsr.php" "Mozilla/5.0 (Linux; Android 4.2.1; en-us; Nexus 5 Build/JOP40D) AppleWebKit/535.19 (KHTML, like Gecko; googleweblight) Chrome/38.0.1025.166 Mobile Safari/535.19" "saveaslave.com"
66.249.83.78 - - [10/Jan/2017:00:28:17 -0800] "GET /images/cover1.jpg HTTP/1.1" 200 253658 "http://saveaslave.com/our-newsr.php" "Mozilla/5.0 (Linux; Android 4.2.1; en-us; Nexus 5 Build/JOP40D) AppleWebKit/535.19 (KHTML, like Gecko; googleweblight) Chrome/38.0.1025.166 Mobile Safari/535.19" "saveaslave.com"
66.249.83.78 - - [10/Jan/2017:00:28:17 -0800] "GET /images/article/belarus_flag_2.jpg HTTP/1.1" 200 11768 "http://saveaslave.com/our-newsr.php" "Mozilla/5.0 (Linux; Android 4.2.1; en-us; Nexus 5 Build/JOP40D) AppleWebKit/535.19 (KHTML, like Gecko; googleweblight) Chrome/38.0.1025.166 Mobile Safari/535.19" "saveaslave.com"
66.249.83.77 - - [10/Jan/2017:00:28:17 -0800] "GET /images/article/image_news%20(1).jpg HTTP/1.1" 200 22817 "http://saveaslave.com/our-newsr.php" "Mozilla/5.0 (Linux; Android 4.2.1; en-us; Nexus 5 Build/JOP40D) AppleWebKit/535.19 (KHTML, like Gecko; googleweblight) Chrome/38.0.1025.166 Mobile Safari/535.19" "saveaslave.com"
66.249.83.77 - - [10/Jan/2017:00:28:17 -0800] "GET /images/article/ddccfaac_s.jpg HTTP/1.1" 200 12086 "http://saveaslave.com/our-newsr.php" "Mozilla/5.0 (Linux; Android 4.2.1; en-us; Nexus 5 Build/JOP40D) AppleWebKit/535.19 (KHTML, like Gecko; googleweblight) Chrome/38.0.1025.166 Mobile Safari/535.19" "saveaslave.com"
66.249.83.77 - - [10/Jan/2017:00:28:17 -0800] "GET /images/select-arrow.png HTTP/1.1" 200 1118 "http://saveaslave.com/our-newsr.php" "Mozilla/5.0 (Linux; Android 4.2.1; en-us; Nexus 5 Build/JOP40D) AppleWebKit/535.19 (KHTML, like Gecko; googleweblight) Chrome/38.0.1025.166 Mobile Safari/535.19" "saveaslave.com"
66.249.83.79 - - [10/Jan/2017:00:28:17 -0800] "GET /indicator.gif HTTP/1.1" 200 878 "http://saveaslave.com/our-newsr.php" "Mozilla/5.0 (Linux; Android 4.2.1; en-us; Nexus 5 Build/JOP40D) AppleWebKit/535.19 (KHTML, like Gecko; googleweblight) Chrome/38.0.1025.166 Mobile Safari/535.19" "saveaslave.com"
66.249.83.77 - - [10/Jan/2017:00:28:18 -0800] "GET /addarticle.php HTTP/1.1" 200 13725 "http://saveaslave.com/our-newsr.php" "Mozilla/5.0 (Linux; Android 4.2.1; en-us; Nexus 5 Build/JOP40D) AppleWebKit/535.19 (KHTML, like Gecko; googleweblight) Chrome/38.0.1025.166 Mobile Safari/535.19" "saveaslave.com"
66.249.83.77 - - [10/Jan/2017:00:28:18 -0800] "GET /addarticle.php HTTP/1.1" 200 13725 "http://saveaslave.com/our-newsr.php" "Mozilla/5.0 (Linux; Android 4.2.1; en-us; Nexus 5 Build/JOP40D) AppleWebKit/535.19 (KHTML, like Gecko; googleweblight) Chrome/38.0.1025.166 Mobile Safari/535.19" "saveaslave.com"[1]
77.75.77.72 - - [10/Jan/2017:00:40:40 -0800] "GET /article.php?id=86 HTTP/1.1" 200 44889 "-" "Mozilla/5.0 (compatible; SeznamBot/3.2; +http://napoveda.seznam.cz/en/seznambot-intro/)" "saveaslave.com"
65.36.241.48 - - [10/Jan/2017:00:57:48 -0800] "HEAD / HTTP/1.1" 200 0 "-" "InternetSeer.com" "www.saveaslave.com"
216.244.66.230 - - [10/Jan/2017:00:58:49 -0800] "GET /www.mosaicservices.org HTTP/1.1" 404 89 "-" "Mozilla/5.0 (compatible; DotBot/1.1; http://www.opensiteexplorer.org/dotbot, help@moz.com)" "saveaslave.com"
216.244.66.230 - - [10/Jan/2017:01:17:35 -0800] "GET /robots.txt HTTP/1.1" 200 48 "-" "Mozilla/5.0 (compatible; DotBot/1.1; http://www.opensiteexplorer.org/dotbot, help@moz.com)" "saveaslave.com"
216.244.66.240 - - [10/Jan/2017:02:04:10 -0800] "GET /article.php?id=32 HTTP/1.1" 200 51989 "-" "Mozilla/5.0 (compatible; DotBot/1.1; http://www.opensiteexplorer.org/dotbot, help@moz.com)" "saveaslave.com"
66.249.83.77 - - [10/Jan/2017:02:09:03 -0800] "GET /our-newsr.php HTTP/1.1" 200 79122 "http://www.google.com.ua/search?q=%D0%A1%D0%83%D0%A0%C2%B5%D0%A0%D1%94%D0%A1%D0%83+%D0%A0%C2%B1%D0%A0%C2%B0%D0%A0%C2%B1%D0%A1%E2%80%B9+%D0%A0%D1%98%D0%A0%C2%B0%D0%A1%E2%82%AC%D0%A0%D1%91%D0%A0%D0%85%D0%A1%E2%80%B9&inlang=ru&client=ms-samsung&channel=mm&ie=UTF-8&prmd=ivns&ei=YLJ0WO_NKZHvwAKwvLa4DQ&start=10&sa=N" "Mozilla/5.0 (Linux; Android 4.2.1; en-us; Nexus 5 Build/JOP40D) AppleWebKit/535.19 (KHTML, like Gecko; googleweblight) Chrome/38.0.1025.166 Mobile Safari/535.19" "saveaslave.com"[1]
216.244.66.240 - - [10/Jan/2017:02:10:14 -0800] "GET /article.php?id=87 HTTP/1.1" 200 776 "-" "Mozilla/5.0 (compatible; DotBot/1.1; http://www.opensiteexplorer.org/dotbot, help@moz.com)" "www.saveaslave.com"[1]
157.55.39.154 - - [10/Jan/2017:02:10:16 -0800] "GET /robots.txt HTTP/1.1" 200 48 "-" "Mozilla/5.0 (compatible; bingbot/2.0; +http://www.bing.com/bingbot.htm)" "saveaslave.com"
163.172.65.62 - - [10/Jan/2017:02:12:59 -0800] "GET /www.traffickingaz.org HTTP/1.1" 404 89 "-" "Mozilla/5.0 (compatible; AhrefsBot/5.2; +http://ahrefs.com/robot/)" "www.saveaslave.com"
216.244.66.240 - - [10/Jan/2017:02:14:40 -0800] "GET /robots.txt HTTP/1.1" 200 48 "-" "Mozilla/5.0 (compatible; DotBot/1.1; http://www.opensiteexplorer.org/dotbot, help@moz.com)" "www.saveaslave.com"
216.244.66.240 - - [10/Jan/2017:02:14:40 -0800] "GET /robots.txt HTTP/1.1" 200 48 "-" "Mozilla/5.0 (compatible; DotBot/1.1; http://www.opensiteexplorer.org/dotbot, help@moz.com)" "saveaslave.com"
207.46.13.62 - - [10/Jan/2017:02:28:03 -0800] "GET /index.php HTTP/1.1" 200 91413 "-" "Mozilla/5.0 (compatible; bingbot/2.0; +http://www.bing.com/bingbot.htm)" "www.saveaslave.com"[1]
65.36.241.48 - - [10/Jan/2017:02:32:19 -0800] "HEAD / HTTP/1.1" 200 0 "-" "InternetSeer.com" "www.saveaslave.com"
157.55.39.154 - - [10/Jan/2017:02:36:11 -0800] "GET /robots.txt HTTP/1.1" 200 48 "-" "Mozilla/5.0 (compatible; bingbot/2.0; +http://www.bing.com/bingbot.htm)" "saveaslave.com"
77.75.79.109 - - [10/Jan/2017:02:41:31 -0800] "GET /robots.txt HTTP/1.1" 200 48 "-" "Mozilla/5.0 (compatible; SeznamBot/3.2; +http://napoveda.seznam.cz/en/seznambot-intro/)" "saveaslave.com"
216.244.66.230 - - [10/Jan/2017:03:18:40 -0800] "GET /robots.txt HTTP/1.1" 200 48 "-" "Mozilla/5.0 (compatible; DotBot/1.1; http://www.opensiteexplorer.org/dotbot, help@moz.com)" "saveaslave.com"
77.75.76.168 - - [10/Jan/2017:03:19:26 -0800] "GET /article.php?id=32 HTTP/1.1" 200 51989 "-" "Mozilla/5.0 (compatible; SeznamBot/3.2; +http://napoveda.seznam.cz/en/seznambot-intro/)" "saveaslave.com"
163.172.66.143 - - [10/Jan/2017:03:30:38 -0800] "GET /guinea.html HTTP/1.1" 404 89 "-" "Mozilla/5.0 (compatible; AhrefsBot/5.2; +http://ahrefs.com/robot/)" "www.saveaslave.com"
216.244.66.240 - - [10/Jan/2017:03:49:11 -0800] "GET /article.php?id=24 HTTP/1.1" 200 46783 "-" "Mozilla/5.0 (compatible; DotBot/1.1; http://www.opensiteexplorer.org/dotbot, help@moz.com)" "saveaslave.com"
216.244.66.240 - - [10/Jan/2017:03:56:12 -0800] "GET /article.php?id=97 HTTP/1.1" 200 776 "-" "Mozilla/5.0 (compatible; DotBot/1.1; http://www.opensiteexplorer.org/dotbot, help@moz.com)" "www.saveaslave.com"
73.44.116.239 - - [10/Jan/2017:03:56:52 -0800] "GET /images/supporters/logo_endslaverynow.png HTTP/1.1" 200 27566 "https://www.google.com/" "Mozilla/5.0 (iPad; CPU OS 10_0_2 like Mac OS X) AppleWebKit/602.1.50 (KHTML, like Gecko) Version/10.0 Mobile/14A456 Safari/602.1" "saveaslave.com"
95.31.206.156 - - [10/Jan/2017:03:56:59 -0800] "GET /article.php?id=22 HTTP/1.1" 200 47501 "http://www.saveaslave.com/article.php?id=22" "Mozilla/5.0 (Windows; U; Windows NT 5.1; pt-PT; rv:1.9.1.2) Gecko/20090729 Firefox/3.5.2 (.NET CLR 3.5.30729)" "www.saveaslave.com"[1]
95.31.206.156 - - [10/Jan/2017:03:57:00 -0800] "GET /article.php?id=22'A=0 HTTP/1.1" 200 47506 "http://www.saveaslave.com/article.php?id=22'A=0" "Mozilla/5.0 (Windows; U; Windows NT 5.1; pt-PT; rv:1.9.1.2) Gecko/20090729 Firefox/3.5.2 (.NET CLR 3.5.30729)" "www.saveaslave.com"[0]
52.8.102.96 - - [10/Jan/2017:04:18:37 -0800] "GET /our-newsr.php HTTP/1.1" 200 79158 "-" "Mozilla/5.0 (Windows NT 6.3; WOW64) AppleWebKit/537.36 (KHTML, like Gecko) Chrome/41.0.2225.0 Safari/537.36" "saveaslave.com"
77.75.77.95 - - [10/Jan/2017:04:25:17 -0800] "GET /robots.txt HTTP/1.1" 200 48 "-" "Mozilla/5.0 (compatible; SeznamBot/3.2; +http://napoveda.seznam.cz/en/seznambot-intro/)" "saveaslave.com"
77.75.77.95 - - [10/Jan/2017:04:25:19 -0800] "GET /article.php?id=15 HTTP/1.1" 200 57113 "-" "Mozilla/5.0 (compatible; SeznamBot/3.2; +http://napoveda.seznam.cz/en/seznambot-intro/)" "saveaslave.com"[1]
65.36.241.48 - - [10/Jan/2017:04:31:12 -0800] "HEAD /?tpl=references&Itemid=3 HTTP/1.1" 200 0 "-" "InternetSeer.com" "www.saveaslave.com"
65.36.241.48 - - [10/Jan/2017:04:34:02 -0800] "HEAD / HTTP/1.1" 200 0 "-" "InternetSeer.com" "www.saveaslave.com"
162.210.196.98 - - [10/Jan/2017:04:48:02 -0800] "GET /robots.txt HTTP/1.1" 200 48 "-" "Mozilla/5.0 (compatible; MJ12bot/v1.4.7; http://mj12bot.com/)" "saveaslave.com"
162.210.196.98 - - [10/Jan/2017:04:48:30 -0800] "GET / HTTP/1.1" 200 91413 "-" "Mozilla/5.0 (compatible; MJ12bot/v1.4.7; http://mj12bot.com/)" "saveaslave.com"
162.210.196.98 - - [10/Jan/2017:04:48:33 -0800] "GET /robots.txt HTTP/1.1" 200 48 "-" "Mozilla/5.0 (compatible; MJ12bot/v1.4.7; http://mj12bot.com/)" "www.saveaslave.com"
162.210.196.98 - - [10/Jan/2017:04:48:36 -0800] "GET / HTTP/1.1" 200 91413 "-" "Mozilla/5.0 (compatible; MJ12bot/v1.4.7; http://mj12bot.com/)" "www.saveaslave.com"[1]
216.244.66.230 - - [10/Jan/2017:05:16:28 -0800] "GET /robots.txt HTTP/1.1" 200 48 "-" "Mozilla/5.0 (compatible; DotBot/1.1; http://www.opensiteexplorer.org/dotbot, help@moz.com)" "www.saveaslave.com"
216.244.66.230 - - [10/Jan/2017:05:16:28 -0800] "GET /robots.txt HTTP/1.1" 200 48 "-" "Mozilla/5.0 (compatible; DotBot/1.1; http://www.opensiteexplorer.org/dotbot, help@moz.com)" "saveaslave.com"
77.75.78.167 - - [10/Jan/2017:05:35:25 -0800] "GET /robots.txt HTTP/1.1" 200 48 "-" "Mozilla/5.0 (compatible; SeznamBot/3.2; +http://napoveda.seznam.cz/en/seznambot-intro/)" "saveaslave.com"
77.75.78.167 - - [10/Jan/2017:05:35:27 -0800] "GET /article.php?id=10 HTTP/1.1" 200 50375 "-" "Mozilla/5.0 (compatible; SeznamBot/3.2; +http://napoveda.seznam.cz/en/seznambot-intro/)" "saveaslave.com"[1]
157.55.39.154 - - [10/Jan/2017:05:50:00 -0800] "GET /in-russian.php?lang=ru HTTP/1.1" 200 94712 "-" "Mozilla/5.0 (compatible; bingbot/2.0; +http://www.bing.com/bingbot.htm)" "saveaslave.com"
82.143.69.98 - - [10/Jan/2017:06:11:08 -0800] "GET /samoa.html HTTP/1.1" 404 89 "-" "Mozilla/5.0 (Macintosh; Intel Mac OS X 10_12_1) AppleWebKit/602.2.14 (KHTML, like Gecko)" "www.saveaslave.com"
82.143.69.98 - - [10/Jan/2017:06:11:08 -0800] "GET /apple-touch-icon-precomposed.png HTTP/1.1" 404 89 "-" "Safari/12602.2.14.0.7 CFNetwork/807.1.3 Darwin/16.1.0 (x86_64)" "www.saveaslave.com"
82.143.69.98 - - [10/Jan/2017:06:11:08 -0800] "GET /apple-touch-icon.png HTTP/1.1" 404 89 "-" "Safari/12602.2.14.0.7 CFNetwork/807.1.3 Darwin/16.1.0 (x86_64)" "www.saveaslave.com"
82.143.69.98 - - [10/Jan/2017:06:11:08 -0800] "GET /favicon.ico HTTP/1.1" 404 89 "-" "Safari/12602.2.14.0.7 CFNetwork/807.1.3 Darwin/16.1.0 (x86_64)" "www.saveaslave.com"
82.143.69.98 - - [10/Jan/2017:06:11:08 -0800] "GET /apple-touch-icon-precomposed.png HTTP/1.1" 404 89 "-" "Safari/12602.2.14.0.7 CFNetwork/807.1.3 Darwin/16.1.0 (x86_64)" "www.saveaslave.com"
82.143.69.98 - - [10/Jan/2017:06:11:08 -0800] "GET /apple-touch-icon.png HTTP/1.1" 404 89 "-" "Safari/12602.2.14.0.7 CFNetwork/807.1.3 Darwin/16.1.0 (x86_64)" "www.saveaslave.com"
82.143.69.98 - - [10/Jan/2017:06:11:09 -0800] "GET /apple-touch-icon-precomposed.png HTTP/1.1" 404 89 "-" "Safari/12602.2.14.0.7 CFNetwork/807.1.3 Darwin/16.1.0 (x86_64)" "www.saveaslave.com"
82.143.69.98 - - [10/Jan/2017:06:11:09 -0800] "GET /apple-touch-icon.png HTTP/1.1" 404 89 "-" "Safari/12602.2.14.0.7 CFNetwork/807.1.3 Darwin/16.1.0 (x86_64)" "www.saveaslave.com"
82.143.69.98 - - [10/Jan/2017:06:11:09 -0800] "GET /apple-touch-icon-precomposed.png HTTP/1.1" 404 89 "-" "Safari/12602.2.14.0.7 CFNetwork/807.1.3 Darwin/16.1.0 (x86_64)" "www.saveaslave.com"
82.143.69.98 - - [10/Jan/2017:06:11:09 -0800] "GET /apple-touch-icon.png HTTP/1.1" 404 89 "-" "Safari/12602.2.14.0.7 CFNetwork/807.1.3 Darwin/16.1.0 (x86_64)" "www.saveaslave.com"
82.143.69.98 - - [10/Jan/2017:06:11:09 -0800] "GET /favicon.ico HTTP/1.1" 404 89 "-" "Safari/12602.2.14.0.7 CFNetwork/807.1.3 Darwin/16.1.0 (x86_64)" "www.saveaslave.com"
65.36.241.48 - - [10/Jan/2017:06:27:10 -0800] "HEAD / HTTP/1.1" 200 0 "-" "InternetSeer.com" "www.saveaslave.com"
93.174.93.17 - - [10/Jan/2017:06:39:08 -0800] "GET / HTTP/1.1" 403 255 "-" "-" "saveaslave.com"[0]
216.244.66.230 - - [10/Jan/2017:06:39:11 -0800] "GET /article.php?id=114 HTTP/1.1" 200 44829 "-" "Mozilla/5.0 (compatible; DotBot/1.1; http://www.opensiteexplorer.org/dotbot, help@moz.com)" "saveaslave.com"
216.244.66.230 - - [10/Jan/2017:06:41:23 -0800] "GET /www.bpsos.org HTTP/1.1" 404 89 "-" "Mozilla/5.0 (compatible; DotBot/1.1; http://www.opensiteexplorer.org/dotbot, help@moz.com)" "www.saveaslave.com"
173.218.23.12 - - [10/Jan/2017:06:43:45 -0800] "GET /css/bootstrap.min.css HTTP/1.1" 200 123578 "http://saveaslave.com/" "Mozilla/5.0 (Windows NT 10.0; WOW64) AppleWebKit/537.36 (KHTML, like Gecko) Chrome/55.0.2883.87 Safari/537.36" "saveaslave.com"
173.218.23.12 - - [10/Jan/2017:06:43:45 -0800] "GET /css/elements.css HTTP/1.1" 200 17857 "http://saveaslave.com/" "Mozilla/5.0 (Windows NT 10.0; WOW64) AppleWebKit/537.36 (KHTML, like Gecko) Chrome/55.0.2883.87 Safari/537.36" "saveaslave.com"
173.218.23.12 - - [10/Jan/2017:06:43:45 -0800] "GET /gfeedfetcher.js HTTP/1.1" 200 9018 "http://saveaslave.com/" "Mozilla/5.0 (Windows NT 10.0; WOW64) AppleWebKit/537.36 (KHTML, like Gecko) Chrome/55.0.2883.87 Safari/537.36" "saveaslave.com"
173.218.23.12 - - [10/Jan/2017:06:43:45 -0800] "GET /assets/js/ie-emulation-modes-warning.js HTTP/1.1" 200 2130 "http://saveaslave.com/" "Mozilla/5.0 (Windows NT 10.0; WOW64) AppleWebKit/537.36 (KHTML, like Gecko) Chrome/55.0.2883.87 Safari/537.36" "saveaslave.com"
173.218.23.12 - - [10/Jan/2017:06:43:45 -0800] "GET / HTTP/1.1" 200 91377 "http://www.dogpile.com/search/web?fcoid=417&fcop=topnav&fpid=27&q=saveaslave&ql=" "Mozilla/5.0 (Windows NT 10.0; WOW64) AppleWebKit/537.36 (KHTML, like Gecko) Chrome/55.0.2883.87 Safari/537.36" "saveaslave.com"
173.218.23.12 - - [10/Jan/2017:06:43:45 -0800] "GET /gajaxscroller.js HTTP/1.1" 304 - "http://saveaslave.com/" "Mozilla/5.0 (Windows NT 10.0; WOW64) AppleWebKit/537.36 (KHTML, like Gecko) Chrome/55.0.2883.87 Safari/537.36" "saveaslave.com"
173.218.23.12 - - [10/Jan/2017:06:43:45 -0800] "GET /css/style.css HTTP/1.1" 200 7938 "http://saveaslave.com/" "Mozilla/5.0 (Windows NT 10.0; WOW64) AppleWebKit/537.36 (KHTML, like Gecko) Chrome/55.0.2883.87 Safari/537.36" "saveaslave.com"
173.218.23.12 - - [10/Jan/2017:06:43:45 -0800] "GET /css/style-pages.css HTTP/1.1" 200 9894 "http://saveaslave.com/" "Mozilla/5.0 (Windows NT 10.0; WOW64) AppleWebKit/537.36 (KHTML, like Gecko) Chrome/55.0.2883.87 Safari/537.36" "saveaslave.com"
173.218.23.12 - - [10/Jan/2017:06:43:45 -0800] "GET /assets/js/ie10-viewport-bug-workaround.js HTTP/1.1" 200 641 "http://saveaslave.com/" "Mozilla/5.0 (Windows NT 10.0; WOW64) AppleWebKit/537.36 (KHTML, like Gecko) Chrome/55.0.2883.87 Safari/537.36" "saveaslave.com"[0]
173.218.23.12 - - [10/Jan/2017:06:43:45 -0800] "GET /images/article/end_it.jpg HTTP/1.1" 200 33676 "http://saveaslave.com/" "Mozilla/5.0 (Windows NT 10.0; WOW64) AppleWebKit/537.36 (KHTML, like Gecko) Chrome/55.0.2883.87 Safari/537.36" "saveaslave.com"[0]
173.218.23.12 - - [10/Jan/2017:06:43:45 -0800] "GET /images/logo2.png HTTP/1.1" 200 18525 "http://saveaslave.com/" "Mozilla/5.0 (Windows NT 10.0; WOW64) AppleWebKit/537.36 (KHTML, like Gecko) Chrome/55.0.2883.87 Safari/537.36" "saveaslave.com"[0]
173.218.23.12 - - [10/Jan/2017:06:43:45 -0800] "GET /js/bootstrap.min.js HTTP/1.1" 200 37055 "http://saveaslave.com/" "Mozilla/5.0 (Windows NT 10.0; WOW64) AppleWebKit/537.36 (KHTML, like Gecko) Chrome/55.0.2883.87 Safari/537.36" "saveaslave.com"
173.218.23.12 - - [10/Jan/2017:06:43:45 -0800] "GET /images/top.jpg HTTP/1.1" 200 50519 "http://saveaslave.com/" "Mozilla/5.0 (Windows NT 10.0; WOW64) AppleWebKit/537.36 (KHTML, like Gecko) Chrome/55.0.2883.87 Safari/537.36" "saveaslave.com"
173.218.23.12 - - [10/Jan/2017:06:43:45 -0800] "GET /images/select-arrow.png HTTP/1.1" 200 1118 "http://saveaslave.com/css/style.css" "Mozilla/5.0 (Windows NT 10.0; WOW64) AppleWebKit/537.36 (KHTML, like Gecko) Chrome/55.0.2883.87 Safari/537.36" "saveaslave.com"[0]
173.218.23.12 - - [10/Jan/2017:06:43:45 -0800] "GET /images/social1.png HTTP/1.1" 200 2012 "http://saveaslave.com/" "Mozilla/5.0 (Windows NT 10.0; WOW64) AppleWebKit/537.36 (KHTML, like Gecko) Chrome/55.0.2883.87 Safari/537.36" "saveaslave.com"
173.218.23.12 - - [10/Jan/2017:06:43:45 -0800] "GET /images/social3.png HTTP/1.1" 200 4343 "http://saveaslave.com/" "Mozilla/5.0 (Windows NT 10.0; WOW64) AppleWebKit/537.36 (KHTML, like Gecko) Chrome/55.0.2883.87 Safari/537.36" "saveaslave.com"
173.218.23.12 - - [10/Jan/2017:06:43:45 -0800] "GET /images/social2.png HTTP/1.1" 200 1752 "http://saveaslave.com/" "Mozilla/5.0 (Windows NT 10.0; WOW64) AppleWebKit/537.36 (KHTML, like Gecko) Chrome/55.0.2883.87 Safari/537.36" "saveaslave.com"
173.218.23.12 - - [10/Jan/2017:06:43:45 -0800] "GET /images/tripit_icon_thumb_flat.png HTTP/1.1" 200 5795 "http://saveaslave.com/" "Mozilla/5.0 (Windows NT 10.0; WOW64) AppleWebKit/537.36 (KHTML, like Gecko) Chrome/55.0.2883.87 Safari/537.36" "saveaslave.com"
173.218.23.12 - - [10/Jan/2017:06:43:45 -0800] "GET /images/article/s1_dety_beg_d9954.jpg HTTP/1.1" 200 16968 "http://saveaslave.com/" "Mozilla/5.0 (Windows NT 10.0; WOW64) AppleWebKit/537.36 (KHTML, like Gecko) Chrome/55.0.2883.87 Safari/537.36" "saveaslave.com"
173.218.23.12 - - [10/Jan/2017:06:43:45 -0800] "GET /images/article/suspects.jpg HTTP/1.1" 200 58796 "http://saveaslave.com/" "Mozilla/5.0 (Windows NT 10.0; WOW64) AppleWebKit/537.36 (KHTML, like Gecko) Chrome/55.0.2883.87 Safari/537.36" "saveaslave.com"
173.218.23.12 - - [10/Jan/2017:06:43:46 -0800] "GET /indicator.gif HTTP/1.1" 200 878 "http://saveaslave.com/" "Mozilla/5.0 (Windows NT 10.0; WOW64) AppleWebKit/537.36 (KHTML, like Gecko) Chrome/55.0.2883.87 Safari/537.36" "saveaslave.com"
173.218.23.12 - - [10/Jan/2017:06:43:46 -0800] "GET /css/down-arrow.png HTTP/1.1" 404 89 "http://saveaslave.com/css/elements.css" "Mozilla/5.0 (Windows NT 10.0; WOW64) AppleWebKit/537.36 (KHTML, like Gecko) Chrome/55.0.2883.87 Safari/537.36" "saveaslave.com"
173.218.23.12 - - [10/Jan/2017:06:43:48 -0800] "GET /favicon.ico HTTP/1.1" 404 89 "http://saveaslave.com/" "Mozilla/5.0 (Windows NT 10.0; WOW64) AppleWebKit/537.36 (KHTML, like Gecko) Chrome/55.0.2883.87 Safari/537.36" "saveaslave.com"
173.218.23.12 - - [10/Jan/2017:06:43:48 -0800] "GET /ico/favicon-16x16.png HTTP/1.1" 200 1129 "http://saveaslave.com/" "Mozilla/5.0 (Windows NT 10.0; WOW64) AppleWebKit/537.36 (KHTML, like Gecko) Chrome/55.0.2883.87 Safari/537.36" "saveaslave.com"
173.218.23.12 - - [10/Jan/2017:06:43:48 -0800] "GET /ico/favicon-96x96.png HTTP/1.1" 200 4476 "http://saveaslave.com/" "Mozilla/5.0 (Windows NT 10.0; WOW64) AppleWebKit/537.36 (KHTML, like Gecko) Chrome/55.0.2883.87 Safari/537.36" "saveaslave.com"
173.218.23.12 - - [10/Jan/2017:06:43:48 -0800] "GET /ico/favicon-32x32.png HTTP/1.1" 200 1892 "http://saveaslave.com/" "Mozilla/5.0 (Windows NT 10.0; WOW64) AppleWebKit/537.36 (KHTML, like Gecko) Chrome/55.0.2883.87 Safari/537.36" "saveaslave.com"
173.218.23.12 - - [10/Jan/2017:06:43:48 -0800] "GET /ico/android-icon-192x192.png HTTP/1.1" 200 10097 "http://saveaslave.com/" "Mozilla/5.0 (Windows NT 10.0; WOW64) AppleWebKit/537.36 (KHTML, like Gecko) Chrome/55.0.2883.87 Safari/537.36" "saveaslave.com"
185.67.177.58 - - [10/Jan/2017:06:44:11 -0800] "GET /images/article/article5a.jpg HTTP/1.1" 200 52731 "https://www.google.com/" "Mozilla/5.0 (iPhone; CPU iPhone OS 10_0_2 like Mac OS X) AppleWebKit/602.1.50 (KHTML, like Gecko) Version/10.0 Mobile/14A456 Safari/602.1" "www.saveaslave.com"
216.244.66.230 - - [10/Jan/2017:07:15:40 -0800] "GET /robots.txt HTTP/1.1" 200 48 "-" "Mozilla/5.0 (compatible; DotBot/1.1; http://www.opensiteexplorer.org/dotbot, help@moz.com)" "www.saveaslave.com"
216.244.66.230 - - [10/Jan/2017:07:15:40 -0800] "GET /robots.txt HTTP/1.1" 200 48 "-" "Mozilla/5.0 (compatible; DotBot/1.1; http://www.opensiteexplorer.org/dotbot, help@moz.com)" "saveaslave.com"
157.55.39.154 - - [10/Jan/2017:07:48:48 -0800] "GET /ecuador.html HTTP/1.1" 404 89 "-" "Mozilla/5.0 (compatible; bingbot/2.0; +http://www.bing.com/bingbot.htm)" "www.saveaslave.com"
77.75.78.165 - - [10/Jan/2017:07:58:51 -0800] "GET /article.php?id=8 HTTP/1.1" 200 55669 "-" "Mozilla/5.0 (compatible; SeznamBot/3.2; +http://napoveda.seznam.cz/en/seznambot-intro/)" "saveaslave.com"
216.244.66.240 - - [10/Jan/2017:08:01:42 -0800] "GET /managevolunteer.php HTTP/1.1" 200 1294 "-" "Mozilla/5.0 (compatible; DotBot/1.1; http://www.opensiteexplorer.org/dotbot, help@moz.com)" "www.saveaslave.com"
40.77.167.31 - - [10/Jan/2017:08:06:29 -0800] "GET /?tpl=references&Itemid=3 HTTP/1.1" 200 91413 "-" "Mozilla/5.0 (compatible; bingbot/2.0; +http://www.bing.com/bingbot.htm)" "www.saveaslave.com"
216.244.66.240 - - [10/Jan/2017:08:17:28 -0800] "GET /robots.txt HTTP/1.1" 200 48 "-" "Mozilla/5.0 (compatible; DotBot/1.1; http://www.opensiteexplorer.org/dotbot, help@moz.com)" "www.saveaslave.com"
216.244.66.230 - - [10/Jan/2017:08:39:10 -0800] "GET /www.ririki.org/mx HTTP/1.1" 404 89 "-" "Mozilla/5.0 (compatible; DotBot/1.1; http://www.opensiteexplorer.org/dotbot, help@moz.com)" "saveaslave.com"[0]
77.75.77.62 - - [10/Jan/2017:08:46:39 -0800] "GET /robots.txt HTTP/1.1" 200 48 "-" "Mozilla/5.0 (compatible; SeznamBot/3.2; +http://napoveda.seznam.cz/en/seznambot-intro/)" "saveaslave.com"
216.244.66.230 - - [10/Jan/2017:08:52:37 -0800] "GET /article.php?id=92 HTTP/1.1" 200 776 "-" "Mozilla/5.0 (compatible; DotBot/1.1; http://www.opensiteexplorer.org/dotbot, help@moz.com)" "www.saveaslave.com"[2]
149.210.240.10 - - [10/Jan/2017:09:10:40 -0800] "GET / HTTP/1.1" 200 91413 "-" "-" "www.saveaslave.com"
149.210.240.10 - - [10/Jan/2017:09:10:41 -0800] "GET /?author=1 HTTP/1.1" 200 91413 "-" "-" "www.saveaslave.com"[1]
109.236.8.6 - - [10/Jan/2017:09:13:38 -0800] "GET / HTTP/1.1" 200 91413 "-" "redback/v0-570-g26f8c96" "www.saveaslave.com"[1]
109.236.8.8 - - [10/Jan/2017:09:13:38 -0800] "GET / HTTP/1.1" 200 91413 "-" "redback/v0-570-g26f8c96" "saveaslave.com"
216.244.66.230 - - [10/Jan/2017:09:22:36 -0800] "GET /robots.txt HTTP/1.1" 200 48 "-" "Mozilla/5.0 (compatible; DotBot/1.1; http://www.opensiteexplorer.org/dotbot, help@moz.com)" "www.saveaslave.com"
66.87.72.158 - - [10/Jan/2017:09:38:00 -0800] "GET /images/article/suspects.jpg HTTP/1.1" 200 58796 "https://www.google.com/" "Mozilla/5.0 (iPhone; CPU iPhone OS 10_0_1 like Mac OS X) AppleWebKit/602.1.50 (KHTML, like Gecko) Version/10.0 Mobile/14A403 Safari/602.1" "www.saveaslave.com"
180.76.15.20 - - [10/Jan/2017:09:45:29 -0800] "GET /robots.txt HTTP/1.1" 200 48 "-" "Mozilla/5.0 (Windows NT 5.1; rv:6.0.2) Gecko/20100101 Firefox/6.0.2" "www.saveaslave.com"
180.76.15.153 - - [10/Jan/2017:09:47:40 -0800] "GET /images/article/?N=A HTTP/1.1" 200 5569 "-" "Mozilla/5.0 (compatible; Baiduspider/2.0; +http://www.baidu.com/search/spider.html)" "www.saveaslave.com"[0]
216.244.66.240 - - [10/Jan/2017:10:16:44 -0800] "GET /robots.txt HTTP/1.1" 200 48 "-" "Mozilla/5.0 (compatible; DotBot/1.1; http://www.opensiteexplorer.org/dotbot, help@moz.com)" "saveaslave.com"
216.244.66.240 - - [10/Jan/2017:10:16:44 -0800] "GET /robots.txt HTTP/1.1" 200 48 "-" "Mozilla/5.0 (compatible; DotBot/1.1; http://www.opensiteexplorer.org/dotbot, help@moz.com)" "www.saveaslave.com"
199.47.205.182 - - [10/Jan/2017:11:12:51 -0800] "GET /who-we-are.php HTTP/1.1" 200 51669 "http://www.bing.com/search?q=saveaslave&src=IE-SearchBox&FORM=IENTSR&pc=EUPP_" "Mozilla/5.0 (Windows NT 10.0; WOW64; Trident/7.0; rv:11.0) like Gecko" "saveaslave.com"
199.47.205.182 - - [10/Jan/2017:11:12:51 -0800] "GET /css/bootstrap.min.css HTTP/1.1" 200 123578 "http://saveaslave.com/who-we-are.php" "Mozilla/5.0 (Windows NT 10.0; WOW64; Trident/7.0; rv:11.0) like Gecko" "saveaslave.com"
199.47.205.182 - - [10/Jan/2017:11:12:51 -0800] "GET /css/elements.css HTTP/1.1" 200 17857 "http://saveaslave.com/who-we-are.php" "Mozilla/5.0 (Windows NT 10.0; WOW64; Trident/7.0; rv:11.0) like Gecko" "saveaslave.com"
199.47.205.182 - - [10/Jan/2017:11:12:51 -0800] "GET /assets/js/ie-emulation-modes-warning.js HTTP/1.1" 200 2130 "http://saveaslave.com/who-we-are.php" "Mozilla/5.0 (Windows NT 10.0; WOW64; Trident/7.0; rv:11.0) like Gecko" "saveaslave.com"
199.47.205.182 - - [10/Jan/2017:11:12:51 -0800] "GET /images/article5.jpg HTTP/1.1" 200 14497 "http://saveaslave.com/who-we-are.php" "Mozilla/5.0 (Windows NT 10.0; WOW64; Trident/7.0; rv:11.0) like Gecko" "saveaslave.com"
199.47.205.182 - - [10/Jan/2017:11:12:51 -0800] "GET /js/bootstrap.min.js HTTP/1.1" 200 37055 "http://saveaslave.com/who-we-are.php" "Mozilla/5.0 (Windows NT 10.0; WOW64; Trident/7.0; rv:11.0) like Gecko" "saveaslave.com"
199.47.205.182 - - [10/Jan/2017:11:12:51 -0800] "GET /assets/js/ie10-viewport-bug-workaround.js HTTP/1.1" 200 641 "http://saveaslave.com/who-we-are.php" "Mozilla/5.0 (Windows NT 10.0; WOW64; Trident/7.0; rv:11.0) like Gecko" "saveaslave.com"
199.47.205.182 - - [10/Jan/2017:11:12:51 -0800] "GET /images/social1.png HTTP/1.1" 200 2012 "http://saveaslave.com/who-we-are.php" "Mozilla/5.0 (Windows NT 10.0; WOW64; Trident/7.0; rv:11.0) like Gecko" "saveaslave.com"
199.47.205.182 - - [10/Jan/2017:11:12:51 -0800] "GET /images/social2.png HTTP/1.1" 200 1752 "http://saveaslave.com/who-we-are.php" "Mozilla/5.0 (Windows NT 10.0; WOW64; Trident/7.0; rv:11.0) like Gecko" "saveaslave.com"
199.47.205.182 - - [10/Jan/2017:11:12:52 -0800] "GET /images/social3.png HTTP/1.1" 200 4343 "http://saveaslave.com/who-we-are.php" "Mozilla/5.0 (Windows NT 10.0; WOW64; Trident/7.0; rv:11.0) like Gecko" "saveaslave.com"
199.47.205.182 - - [10/Jan/2017:11:12:53 -0800] "GET /images/select-arrow.png HTTP/1.1" 200 1118 "http://saveaslave.com/who-we-are.php" "Mozilla/5.0 (Windows NT 10.0; WOW64; Trident/7.0; rv:11.0) like Gecko" "saveaslave.com"
199.47.205.182 - - [10/Jan/2017:11:12:54 -0800] "GET /ico/android-icon-192x192.png HTTP/1.1" 200 10097 "-" "Mozilla/5.0 (Windows NT 10.0; Win64; x64; Trident/7.0; rv:11.0) like Gecko" "saveaslave.com"
141.8.143.195 - - [10/Jan/2017:11:26:47 -0800] "GET /robots.txt HTTP/1.1" 200 48 "-" "Mozilla/5.0 (compatible; YandexBot/3.0; +http://yandex.com/bots)" "saveaslave.com"
77.88.47.23 - - [10/Jan/2017:11:26:53 -0800] "GET /in-russian HTTP/1.1" 200 92673 "-" "Mozilla/5.0 (compatible; YandexBot/3.0; +http://yandex.com/bots)" "saveaslave.com"
216.244.66.240 - - [10/Jan/2017:11:40:03 -0800] "GET /article.php?id=4 HTTP/1.1" 200 51774 "-" "Mozilla/5.0 (compatible; DotBot/1.1; http://www.opensiteexplorer.org/dotbot, help@moz.com)" "saveaslave.com"[1]
208.49.41.98 - - [10/Jan/2017:11:45:05 -0800] "GET /?tpl=hospitals&Itemid=11&countrycode=us HTTP/1.1" 200 91413 "-" "python-requests/2.12.1" "www.saveaslave.com"[1]
216.244.66.240 - - [10/Jan/2017:11:57:18 -0800] "GET /article.php?id=104 HTTP/1.1" 200 776 "-" "Mozilla/5.0 (compatible; DotBot/1.1; http://www.opensiteexplorer.org/dotbot, help@moz.com)" "www.saveaslave.com"[1]
94.227.4.71 - - [10/Jan/2017:11:58:01 -0800] "GET /samoa.html HTTP/1.1" 404 89 "-" "Mozilla/5.0 (Macintosh; Intel Mac OS X 10_12_1) AppleWebKit/602.2.14 (KHTML, like Gecko)" "www.saveaslave.com"
94.227.4.71 - - [10/Jan/2017:11:58:01 -0800] "GET /apple-touch-icon-precomposed.png HTTP/1.1" 404 89 "-" "Safari/12602.2.14.0.7 CFNetwork/807.1.3 Darwin/16.1.0 (x86_64)" "www.saveaslave.com"
94.227.4.71 - - [10/Jan/2017:11:58:02 -0800] "GET /favicon.ico HTTP/1.1" 404 89 "-" "Safari/12602.2.14.0.7 CFNetwork/807.1.3 Darwin/16.1.0 (x86_64)" "www.saveaslave.com"
94.227.4.71 - - [10/Jan/2017:11:58:02 -0800] "GET /apple-touch-icon.png HTTP/1.1" 404 89 "-" "Safari/12602.2.14.0.7 CFNetwork/807.1.3 Darwin/16.1.0 (x86_64)" "www.saveaslave.com"[0]
94.227.4.71 - - [10/Jan/2017:11:58:02 -0800] "GET /favicon.ico HTTP/1.1" 404 89 "-" "Safari/12602.2.14.0.7 CFNetwork/807.1.3 Darwin/16.1.0 (x86_64)" "www.saveaslave.com"
94.227.4.71 - - [10/Jan/2017:11:58:02 -0800] "GET /samoa.html HTTP/1.1" 404 89 "-" "Mozilla/5.0 (iPhone; CPU iPhone OS 10_0 like Mac OS X) AppleWebKit/602.1.38 (KHTML, like Gecko) Version/10.0 Mobile/14A300 Safari/602.1" "www.saveaslave.com"
94.227.4.71 - - [10/Jan/2017:11:58:02 -0800] "GET /apple-touch-icon-precomposed.png HTTP/1.1" 404 89 "-" "Safari/12602.2.14.0.7 CFNetwork/807.1.3 Darwin/16.1.0 (x86_64)" "www.saveaslave.com"
94.227.4.71 - - [10/Jan/2017:11:58:02 -0800] "GET /apple-touch-icon.png HTTP/1.1" 404 89 "-" "Safari/12602.2.14.0.7 CFNetwork/807.1.3 Darwin/16.1.0 (x86_64)" "www.saveaslave.com"[0]
94.227.4.71 - - [10/Jan/2017:11:58:03 -0800] "GET /favicon.ico HTTP/1.1" 404 89 "-" "Safari/12602.2.14.0.7 CFNetwork/807.1.3 Darwin/16.1.0 (x86_64)" "www.saveaslave.com"
94.227.4.71 - - [10/Jan/2017:11:58:03 -0800] "GET /favicon.ico HTTP/1.1" 404 89 "-" "Safari/12602.2.14.0.7 CFNetwork/807.1.3 Darwin/16.1.0 (x86_64)" "www.saveaslave.com"
91.200.12.141 - - [10/Jan/2017:12:06:49 -0800] "GET /help.php HTTP/1.1" 200 53199 "http://www.saveaslave.com/help.php" "Mozilla/5.0 (Windows NT 6.3; WOW64; rv:43.0) Gecko/20100101 Firefox/43.0" "www.saveaslave.com"
91.200.12.106 - - [10/Jan/2017:12:15:01 -0800] "GET /help.php HTTP/1.1" 200 53199 "http://www.saveaslave.com/help.php" "Mozilla/5.0 (Windows NT 6.1; WOW64; rv:43.0) Gecko/20100101 Firefox/43.0" "www.saveaslave.com"[0]
65.36.241.48 - - [10/Jan/2017:12:26:49 -0800] "HEAD / HTTP/1.1" 200 0 "-" "InternetSeer.com" "www.saveaslave.com"
86.123.247.24 - - [10/Jan/2017:12:34:54 -0800] "GET / HTTP/1.1" 200 91413 "-" "Java/1.6.0_04" "saveaslave.com"
86.123.247.24 - - [10/Jan/2017:12:34:55 -0800] "GET /addlink.php HTTP/1.1" 200 12896 "-" "Java/1.6.0_04" "saveaslave.com"
86.123.247.24 - - [10/Jan/2017:12:34:55 -0800] "GET /afghanistan.html HTTP/1.1" 404 89 "-" "Java/1.6.0_04" "saveaslave.com"
86.123.247.24 - - [10/Jan/2017:12:34:55 -0800] "GET /albania.html HTTP/1.1" 404 89 "-" "Java/1.6.0_04" "saveaslave.com"[0]
86.123.247.24 - - [10/Jan/2017:12:34:56 -0800] "GET /algeria.html HTTP/1.1" 404 89 "-" "Java/1.6.0_04" "saveaslave.com"
86.123.247.24 - - [10/Jan/2017:12:34:56 -0800] "GET /andorra.html HTTP/1.1" 404 89 "-" "Java/1.6.0_04" "saveaslave.com"
86.123.247.24 - - [10/Jan/2017:12:34:56 -0800] "GET /angola.html HTTP/1.1" 404 89 "-" "Java/1.6.0_04" "saveaslave.com"
86.123.247.24 - - [10/Jan/2017:12:34:57 -0800] "GET /argentina.html HTTP/1.1" 404 89 "-" "Java/1.6.0_04" "saveaslave.com"
86.123.247.24 - - [10/Jan/2017:12:34:57 -0800] "GET /armenia.html HTTP/1.1" 404 89 "-" "Java/1.6.0_04" "saveaslave.com"
86.123.247.24 - - [10/Jan/2017:12:34:59 -0800] "GET /article.php?id=22 HTTP/1.1" 200 47537 "-" "Java/1.6.0_04" "saveaslave.com"[1]
86.123.247.24 - - [10/Jan/2017:12:35:00 -0800] "GET /article.php?id=32 HTTP/1.1" 200 51989 "-" "Java/1.6.0_04" "saveaslave.com"
86.123.247.24 - - [10/Jan/2017:12:35:01 -0800] "GET /article.php?id=46 HTTP/1.1" 200 50205 "-" "Java/1.6.0_04" "saveaslave.com"
86.123.247.24 - - [10/Jan/2017:12:35:01 -0800] "GET /article.php?id=86 HTTP/1.1" 200 44889 "-" "Java/1.6.0_04" "saveaslave.com"[0]
86.123.247.24 - - [10/Jan/2017:12:35:02 -0800] "GET /aruba.html HTTP/1.1" 404 89 "-" "Java/1.6.0_04" "saveaslave.com"
86.123.247.24 - - [10/Jan/2017:12:35:02 -0800] "GET /australia.html HTTP/1.1" 404 89 "-" "Java/1.6.0_04" "saveaslave.com"
86.123.247.24 - - [10/Jan/2017:12:35:02 -0800] "GET /austria.html HTTP/1.1" 404 89 "-" "Java/1.6.0_04" "saveaslave.com"
86.123.247.24 - - [10/Jan/2017:12:35:03 -0800] "GET /azerbaijan.html HTTP/1.1" 404 89 "-" "Java/1.6.0_04" "saveaslave.com"
86.123.247.24 - - [10/Jan/2017:12:35:03 -0800] "GET /belarus.html HTTP/1.1" 404 89 "-" "Java/1.6.0_04" "saveaslave.com"
86.123.247.24 - - [10/Jan/2017:12:35:04 -0800] "GET /belize.html HTTP/1.1" 404 89 "-" "Java/1.6.0_04" "saveaslave.com"
86.123.247.24 - - [10/Jan/2017:12:35:04 -0800] "GET /bhutan.html HTTP/1.1" 404 89 "-" "Java/1.6.0_04" "saveaslave.com"
86.123.247.24 - - [10/Jan/2017:12:35:05 -0800] "GET /botswana.html HTTP/1.1" 404 89 "-" "Java/1.6.0_04" "saveaslave.com"
86.123.247.24 - - [10/Jan/2017:12:35:05 -0800] "GET /brasil.html HTTP/1.1" 404 89 "-" "Java/1.6.0_04" "saveaslave.com"
86.123.247.24 - - [10/Jan/2017:12:35:05 -0800] "GET /brazil.html HTTP/1.1" 404 89 "-" "Java/1.6.0_04" "saveaslave.com"
199.21.99.201 - - [10/Jan/2017:13:22:44 -0800] "GET / HTTP/1.1" 200 91413 "-" "Mozilla/5.0 (compatible; YandexBot/3.0; +http://yandex.com/bots)" "saveaslave.com"[2]
54.162.131.168 - - [10/Jan/2017:13:56:18 -0800] "GET / HTTP/1.1" 200 91413 "-" "-" "saveaslave.com"
162.216.6.74 - - [10/Jan/2017:14:13:32 -0800] "GET / HTTP/1.1" 200 91413 "-" "Curl/PHP 5.6.28 (http://github.com/shuber/curl)" "saveaslave.com"[6]
66.102.8.30 - - [10/Jan/2017:14:13:34 -0800] "GET / HTTP/1.1" 200 91413 "-" "Mozilla/5.0 (X11; Linux x86_64) AppleWebKit/537.36 (KHTML, like Gecko; Google Page Speed Insights) Chrome/27.0.1453 Safari/537.36" "saveaslave.com"
66.102.8.4 - - [10/Jan/2017:14:13:34 -0800] "GET /css/elements.css HTTP/1.1" 200 17857 "http://saveaslave.com/" "Mozilla/5.0 (X11; Linux x86_64) AppleWebKit/537.36 (KHTML, like Gecko; Google Page Speed Insights) Chrome/27.0.1453 Safari/537.36" "saveaslave.com"
66.102.8.1 - - [10/Jan/2017:14:13:34 -0800] "GET /gfeedfetcher.js HTTP/1.1" 200 9018 "http://saveaslave.com/" "Mozilla/5.0 (X11; Linux x86_64) AppleWebKit/537.36 (KHTML, like Gecko; Google Page Speed Insights) Chrome/27.0.1453 Safari/537.36" "saveaslave.com"
66.102.8.30 - - [10/Jan/2017:14:13:34 -0800] "GET /css/style.css HTTP/1.1" 304 - "http://saveaslave.com/" "Mozilla/5.0 (X11; Linux x86_64) AppleWebKit/537.36 (KHTML, like Gecko; Google Page Speed Insights) Chrome/27.0.1453 Safari/537.36" "saveaslave.com"
66.102.8.30 - - [10/Jan/2017:14:13:34 -0800] "GET /css/style-pages.css HTTP/1.1" 200 9894 "http://saveaslave.com/" "Mozilla/5.0 (X11; Linux x86_64) AppleWebKit/537.36 (KHTML, like Gecko; Google Page Speed Insights) Chrome/27.0.1453 Safari/537.36" "saveaslave.com"
66.102.8.4 - - [10/Jan/2017:14:13:34 -0800] "GET /js/bootstrap.min.js HTTP/1.1" 200 37055 "http://saveaslave.com/" "Mozilla/5.0 (X11; Linux x86_64) AppleWebKit/537.36 (KHTML, like Gecko; Google Page Speed Insights) Chrome/27.0.1453 Safari/537.36" "saveaslave.com"[0]
66.102.8.4 - - [10/Jan/2017:14:13:34 -0800] "GET /assets/js/ie-emulation-modes-warning.js HTTP/1.1" 200 2130 "http://saveaslave.com/" "Mozilla/5.0 (X11; Linux x86_64) AppleWebKit/537.36 (KHTML, like Gecko; Google Page Speed Insights) Chrome/27.0.1453 Safari/537.36" "saveaslave.com"
66.102.8.30 - - [10/Jan/2017:14:13:35 -0800] "GET /images/logo2.png HTTP/1.1" 200 18525 "http://saveaslave.com/" "Mozilla/5.0 (X11; Linux x86_64) AppleWebKit/537.36 (KHTML, like Gecko; Google Page Speed Insights) Chrome/27.0.1453 Safari/537.36" "saveaslave.com"
66.102.8.1 - - [10/Jan/2017:14:13:35 -0800] "GET /images/select-arrow.png HTTP/1.1" 200 1118 "http://saveaslave.com/" "Mozilla/5.0 (X11; Linux x86_64) AppleWebKit/537.36 (KHTML, like Gecko; Google Page Speed Insights) Chrome/27.0.1453 Safari/537.36" "saveaslave.com"
66.102.8.30 - - [10/Jan/2017:14:13:35 -0800] "GET /images/top.jpg HTTP/1.1" 200 50519 "http://saveaslave.com/" "Mozilla/5.0 (X11; Linux x86_64) AppleWebKit/537.36 (KHTML, like Gecko; Google Page Speed Insights) Chrome/27.0.1453 Safari/537.36" "saveaslave.com"
66.102.8.4 - - [10/Jan/2017:14:13:35 -0800] "GET /images/article/end_it.jpg HTTP/1.1" 200 33676 "http://saveaslave.com/" "Mozilla/5.0 (X11; Linux x86_64) AppleWebKit/537.36 (KHTML, like Gecko; Google Page Speed Insights) Chrome/27.0.1453 Safari/537.36" "saveaslave.com"
66.102.8.4 - - [10/Jan/2017:14:13:35 -0800] "GET /images/article/suspects.jpg HTTP/1.1" 200 58796 "http://saveaslave.com/" "Mozilla/5.0 (X11; Linux x86_64) AppleWebKit/537.36 (KHTML, like Gecko; Google Page Speed Insights) Chrome/27.0.1453 Safari/537.36" "saveaslave.com"
66.102.8.4 - - [10/Jan/2017:14:13:35 -0800] "GET /images/social1.png HTTP/1.1" 200 2012 "http://saveaslave.com/" "Mozilla/5.0 (X11; Linux x86_64) AppleWebKit/537.36 (KHTML, like Gecko; Google Page Speed Insights) Chrome/27.0.1453 Safari/537.36" "saveaslave.com"
66.102.8.30 - - [10/Jan/2017:14:13:35 -0800] "GET /images/tripit_icon_thumb_flat.png HTTP/1.1" 200 5795 "http://saveaslave.com/" "Mozilla/5.0 (X11; Linux x86_64) AppleWebKit/537.36 (KHTML, like Gecko; Google Page Speed Insights) Chrome/27.0.1453 Safari/537.36" "saveaslave.com"
66.102.8.4 - - [10/Jan/2017:14:13:35 -0800] "GET /images/cover1.jpg HTTP/1.1" 200 253658 "http://saveaslave.com/" "Mozilla/5.0 (X11; Linux x86_64) AppleWebKit/537.36 (KHTML, like Gecko; Google Page Speed Insights) Chrome/27.0.1453 Safari/537.36" "saveaslave.com"
66.102.8.4 - - [10/Jan/2017:14:13:35 -0800] "GET /images/social3.png HTTP/1.1" 200 4343 "http://saveaslave.com/" "Mozilla/5.0 (X11; Linux x86_64) AppleWebKit/537.36 (KHTML, like Gecko; Google Page Speed Insights) Chrome/27.0.1453 Safari/537.36" "saveaslave.com"
66.102.8.30 - - [10/Jan/2017:14:13:35 -0800] "GET /addarticle.php HTTP/1.1" 200 13761 "http://saveaslave.com/" "Mozilla/5.0 (X11; Linux x86_64) AppleWebKit/537.36 (KHTML, like Gecko; Google Page Speed Insights) Chrome/27.0.1453 Safari/537.36" "saveaslave.com"
66.102.8.4 - - [10/Jan/2017:14:13:35 -0800] "GET /images/social2.png HTTP/1.1" 200 1752 "http://saveaslave.com/" "Mozilla/5.0 (X11; Linux x86_64) AppleWebKit/537.36 (KHTML, like Gecko; Google Page Speed Insights) Chrome/27.0.1453 Safari/537.36" "saveaslave.com"
66.102.8.30 - - [10/Jan/2017:14:13:35 -0800] "GET /indicator.gif HTTP/1.1" 200 878 "http://saveaslave.com/" "Mozilla/5.0 (X11; Linux x86_64) AppleWebKit/537.36 (KHTML, like Gecko; Google Page Speed Insights) Chrome/27.0.1453 Safari/537.36" "saveaslave.com"
66.102.8.4 - - [10/Jan/2017:14:13:35 -0800] "GET /css/down-arrow.png HTTP/1.1" 404 89 "http://saveaslave.com/" "Mozilla/5.0 (X11; Linux x86_64) AppleWebKit/537.36 (KHTML, like Gecko; Google Page Speed Insights) Chrome/27.0.1453 Safari/537.36" "saveaslave.com"
216.244.66.240 - - [10/Jan/2017:14:17:56 -0800] "GET /robots.txt HTTP/1.1" 200 48 "-" "Mozilla/5.0 (compatible; DotBot/1.1; http://www.opensiteexplorer.org/dotbot, help@moz.com)" "www.saveaslave.com"
65.36.241.48 - - [10/Jan/2017:14:22:37 -0800] "HEAD / HTTP/1.1" 200 0 "-" "InternetSeer.com" "www.saveaslave.com"
178.137.16.194 - - [10/Jan/2017:14:39:29 -0800] "GET / HTTP/1.1" 200 91377 "http://chekhov.xxxrus.org/" "Opera/9.0 (Windows NT 5.1; U; en)" "saveaslave.com"
178.137.16.194 - - [10/Jan/2017:14:39:29 -0800] "GET / HTTP/1.1" 200 91377 "http://domodedovo.xxxrus.org/" "Opera/9.0 (Windows NT 5.1; U; en)" "saveaslave.com"
77.88.47.23 - - [10/Jan/2017:15:02:29 -0800] "GET / HTTP/1.1" 200 91413 "-" "Mozilla/5.0 (compatible; YandexBot/3.0; +http://yandex.com/bots)" "www.saveaslave.com"[1]
203.133.170.149 - - [10/Jan/2017:15:03:05 -0800] "GET /robots.txt HTTP/1.1" 200 48 "-" "Mozilla/5.0 (compatible; MSIE or Firefox mutant;) Daum 4.1" "www.saveaslave.com"
203.133.170.149 - - [10/Jan/2017:15:03:16 -0800] "GET /addarticle.php HTTP/1.1" 200 13761 "-" "Mozilla/5.0 (compatible; MSIE or Firefox mutant;) Daum 4.1" "www.saveaslave.com"[0]
178.137.87.242 - - [10/Jan/2017:15:26:39 -0800] "GET /blog/robots.txt HTTP/1.1" 404 89 "-" "Mozilla/5.0 (Windows NT 10.0; Win64; x64; rv:48.0) Gecko/20100101 Firefox/48.0" "www.saveaslave.com"
178.137.87.242 - - [10/Jan/2017:15:26:40 -0800] "GET /blog/ HTTP/1.1" 404 89 "-" "Mozilla/5.0 (Windows NT 10.0; Win64; x64; rv:48.0) Gecko/20100101 Firefox/48.0" "www.saveaslave.com"
178.137.87.242 - - [10/Jan/2017:15:26:40 -0800] "GET /wordpress/ HTTP/1.1" 404 89 "-" "Mozilla/5.0 (Windows NT 10.0; Win64; x64; rv:48.0) Gecko/20100101 Firefox/48.0" "www.saveaslave.com"
178.137.87.242 - - [10/Jan/2017:15:26:40 -0800] "GET /wp/ HTTP/1.1" 404 89 "-" "Mozilla/5.0 (Windows NT 10.0; Win64; x64; rv:48.0) Gecko/20100101 Firefox/48.0" "www.saveaslave.com"
77.75.77.62 - - [10/Jan/2017:15:34:09 -0800] "GET /robots.txt HTTP/1.1" 200 48 "-" "Mozilla/5.0 (compatible; SeznamBot/3.2; +http://napoveda.seznam.cz/en/seznambot-intro/)" "saveaslave.com"
65.36.241.48 - - [10/Jan/2017:16:57:19 -0800] "HEAD / HTTP/1.1" 200 0 "-" "InternetSeer.com" "www.saveaslave.com"
138.201.30.66 - - [10/Jan/2017:17:24:14 -0800] "GET /robots.txt HTTP/1.1" 200 48 "-" "Mozilla/5.0 (compatible; SEOkicks-Robot; +http://www.seokicks.de/robot.html)" "saveaslave.com"
138.201.30.66 - - [10/Jan/2017:17:24:26 -0800] "GET /css/elements.css HTTP/1.1" 200 17857 "http://saveaslave.com/" "Mozilla/5.0 (compatible; SEOkicks-Robot; +http://www.seokicks.de/robot.html)" "saveaslave.com"
138.201.30.66 - - [10/Jan/2017:17:24:28 -0800] "GET /assets/js/ie-emulation-modes-warning.js HTTP/1.1" 200 2130 "http://saveaslave.com/" "Mozilla/5.0 (compatible; SEOkicks-Robot; +http://www.seokicks.de/robot.html)" "saveaslave.com"
138.201.30.66 - - [10/Jan/2017:17:24:29 -0800] "GET /gfeedfetcher.js HTTP/1.1" 200 9018 "http://saveaslave.com/" "Mozilla/5.0 (compatible; SEOkicks-Robot; +http://www.seokicks.de/robot.html)" "saveaslave.com"
163.172.66.76 - - [10/Jan/2017:19:09:28 -0800] "GET /gambia.html HTTP/1.1" 404 89 "-" "Mozilla/5.0 (compatible; AhrefsBot/5.2; +http://ahrefs.com/robot/)" "www.saveaslave.com"
54.221.116.159 - - [10/Jan/2017:19:29:30 -0800] "GET / HTTP/1.1" 200 91413 "-" "-" "saveaslave.com"[2]
52.91.208.136 - - [10/Jan/2017:19:38:20 -0800] "GET / HTTP/1.1" 200 91413 "-" "-" "saveaslave.com"
66.249.75.125 - - [10/Jan/2017:19:51:15 -0800] "GET /images/supporters/Asset-Logo.jpg HTTP/1.1" 200 36053 "-" "Googlebot-Image/1.0" "saveaslave.com"[0]
5.255.250.19 - - [10/Jan/2017:19:57:02 -0800] "GET /contact-us.php HTTP/1.1" 200 30765 "-" "Mozilla/5.0 (compatible; YandexBot/3.0; +http://yandex.com/bots)" "saveaslave.com"
65.36.241.48 - - [10/Jan/2017:20:19:56 -0800] "HEAD /?tpl=references&Itemid=3 HTTP/1.1" 200 0 "-" "InternetSeer.com" "www.saveaslave.com"
99.37.90.126 - - [10/Jan/2017:20:26:41 -0800] "GET / HTTP/1.1" 200 91413 "-" "Mozilla/5.0 (iPad; CPU OS 10_1_1 like Mac OS X) AppleWebKit/602.2.14 (KHTML, like Gecko) Version/10.0 Mobile/14B100 Safari/602.1" "saveaslave.com"
99.37.90.126 - - [10/Jan/2017:20:26:42 -0800] "GET / HTTP/1.1" 200 91413 "-" "Mozilla/5.0 (iPad; CPU OS 10_1_1 like Mac OS X) AppleWebKit/602.2.14 (KHTML, like Gecko) Version/10.0 Mobile/14B100 Safari/602.1" "saveaslave.com"
178.137.83.166 - - [10/Jan/2017:20:50:32 -0800] "GET /robots.txt HTTP/1.1" 200 48 "-" "Mozilla/5.0 (Windows NT 10.0; WOW64) AppleWebKit/537.36 (KHTML, like Gecko) Chrome/49.0.2623.75 Safari/537.36 OPR/36.0.2130.32" "saveaslave.com"[0]
178.137.83.166 - - [10/Jan/2017:20:50:37 -0800] "GET /blog/robots.txt HTTP/1.1" 404 89 "-" "Mozilla/5.0 (Windows NT 10.0; WOW64) AppleWebKit/537.36 (KHTML, like Gecko) Chrome/49.0.2623.75 Safari/537.36 OPR/36.0.2130.32" "saveaslave.com"
178.137.83.166 - - [10/Jan/2017:20:50:37 -0800] "GET /wordpress/ HTTP/1.1" 404 89 "-" "Mozilla/5.0 (Windows NT 10.0; WOW64) AppleWebKit/537.36 (KHTML, like Gecko) Chrome/49.0.2623.75 Safari/537.36 OPR/36.0.2130.32" "saveaslave.com"
178.137.83.166 - - [10/Jan/2017:20:50:37 -0800] "GET /wp/ HTTP/1.1" 404 89 "-" "Mozilla/5.0 (Windows NT 10.0; WOW64) AppleWebKit/537.36 (KHTML, like Gecko) Chrome/49.0.2623.75 Safari/537.36 OPR/36.0.2130.32" "saveaslave.com"
65.36.241.48 - - [10/Jan/2017:20:52:49 -0800] "HEAD / HTTP/1.1" 200 0 "-" "InternetSeer.com" "www.saveaslave.com"
216.244.66.230 - - [10/Jan/2017:21:17:01 -0800] "GET /robots.txt HTTP/1.1" 200 48 "-" "Mozilla/5.0 (compatible; DotBot/1.1; http://www.opensiteexplorer.org/dotbot, help@moz.com)" "www.saveaslave.com"
37.187.56.66 - - [10/Jan/2017:22:03:23 -0800] "GET /robots.txt HTTP/1.1" 200 48 "-" "" "saveaslave.com"
37.187.56.66 - - [10/Jan/2017:22:03:28 -0800] "GET /who-we-are.php HTTP/1.1" 200 51705 "-" "Mozilla/5.0 (X11; Linux i586; rv:31.0) Gecko/20100101 Firefox/31.0" "saveaslave.com"
37.187.56.66 - - [10/Jan/2017:22:03:31 -0800] "GET /our-supporters.php HTTP/1.1" 200 56309 "-" "Mozilla/5.0 (X11; Linux i586; rv:31.0) Gecko/20100101 Firefox/31.0" "saveaslave.com"
37.187.56.66 - - [10/Jan/2017:22:03:33 -0800] "GET /our-news.php HTTP/1.1" 200 65964 "-" "Mozilla/5.0 (X11; Linux i586; rv:31.0) Gecko/20100101 Firefox/31.0" "saveaslave.com"
37.187.56.66 - - [10/Jan/2017:22:03:36 -0800] "GET /contact-us.php HTTP/1.1" 200 30765 "-" "Mozilla/5.0 (X11; Linux i586; rv:31.0) Gecko/20100101 Firefox/31.0" "saveaslave.com"[0]
37.187.56.66 - - [10/Jan/2017:22:03:39 -0800] "GET /in-russian.php?lang=ru HTTP/1.1" 200 94712 "-" "Mozilla/5.0 (X11; Linux i586; rv:31.0) Gecko/20100101 Firefox/31.0" "saveaslave.com"[0]
37.187.56.66 - - [10/Jan/2017:22:03:44 -0800] "GET /news7.php HTTP/1.1" 200 73 "-" "Mozilla/5.0 (X11; Linux i586; rv:31.0) Gecko/20100101 Firefox/31.0" "saveaslave.com"
37.187.56.66 - - [10/Jan/2017:22:03:44 -0800] "GET /news1.php HTTP/1.1" 200 73 "-" "Mozilla/5.0 (X11; Linux i586; rv:31.0) Gecko/20100101 Firefox/31.0" "saveaslave.com"
37.187.56.66 - - [10/Jan/2017:22:03:45 -0800] "GET /news2.php HTTP/1.1" 200 73 "-" "Mozilla/5.0 (X11; Linux i586; rv:31.0) Gecko/20100101 Firefox/31.0" "saveaslave.com"
37.187.56.66 - - [10/Jan/2017:22:03:45 -0800] "GET /news3.php HTTP/1.1" 200 73 "-" "Mozilla/5.0 (X11; Linux i586; rv:31.0) Gecko/20100101 Firefox/31.0" "saveaslave.com"[0]
