182.118.20.164 - - [02/Nov/2015:21:45:44 -0800] "GET /robots.txt HTTP/1.1" 200 48 "http://www.saveaslave.com/robots.txt" "Mozilla/5.0 (compatible; MSIE 9.0; Windows NT 6.1; Trident/5.0); 360Spider(compatible; HaosouSpider; http://www.haosou.com/help/help_3_2.html)" "www.saveaslave.com"
118.236.50.56 - - [02/Nov/2015:22:07:43 -0800] "GET / HTTP/1.1" 200 52123 "http://www.save-the-slave.com/link.html" "Mozilla/5.0 (Windows NT 10.0; WOW64) AppleWebKit/537.36 (KHTML, like Gecko) Chrome/46.0.2490.80 Safari/537.36" "www.saveaslave.com"
118.236.50.56 - - [02/Nov/2015:22:07:44 -0800] "GET /css/style.css HTTP/1.1" 200 7739 "http://www.saveaslave.com/" "Mozilla/5.0 (Windows NT 10.0; WOW64) AppleWebKit/537.36 (KHTML, like Gecko) Chrome/46.0.2490.80 Safari/537.36" "www.saveaslave.com"
118.236.50.56 - - [02/Nov/2015:22:07:44 -0800] "GET /css/bootstrap.min.css HTTP/1.1" 200 123578 "http://www.saveaslave.com/" "Mozilla/5.0 (Windows NT 10.0; WOW64) AppleWebKit/537.36 (KHTML, like Gecko) Chrome/46.0.2490.80 Safari/537.36" "www.saveaslave.com"
118.236.50.56 - - [02/Nov/2015:22:07:44 -0800] "GET /css/elements.css HTTP/1.1" 200 17857 "http://www.saveaslave.com/" "Mozilla/5.0 (Windows NT 10.0; WOW64) AppleWebKit/537.36 (KHTML, like Gecko) Chrome/46.0.2490.80 Safari/537.36" "www.saveaslave.com"
118.236.50.56 - - [02/Nov/2015:22:07:44 -0800] "GET /gfeedfetcher.js HTTP/1.1" 200 9018 "http://www.saveaslave.com/" "Mozilla/5.0 (Windows NT 10.0; WOW64) AppleWebKit/537.36 (KHTML, like Gecko) Chrome/46.0.2490.80 Safari/537.36" "www.saveaslave.com"
118.236.50.56 - - [02/Nov/2015:22:07:44 -0800] "GET /assets/js/ie-emulation-modes-warning.js HTTP/1.1" 200 2130 "http://www.saveaslave.com/" "Mozilla/5.0 (Windows NT 10.0; WOW64) AppleWebKit/537.36 (KHTML, like Gecko) Chrome/46.0.2490.80 Safari/537.36" "www.saveaslave.com"
118.236.50.56 - - [02/Nov/2015:22:07:44 -0800] "GET /gajaxscroller.js HTTP/1.1" 200 9774 "http://www.saveaslave.com/" "Mozilla/5.0 (Windows NT 10.0; WOW64) AppleWebKit/537.36 (KHTML, like Gecko) Chrome/46.0.2490.80 Safari/537.36" "www.saveaslave.com"
118.236.50.56 - - [02/Nov/2015:22:07:45 -0800] "GET /js/bootstrap.min.js HTTP/1.1" 200 37055 "http://www.saveaslave.com/" "Mozilla/5.0 (Windows NT 10.0; WOW64) AppleWebKit/537.36 (KHTML, like Gecko) Chrome/46.0.2490.80 Safari/537.36" "www.saveaslave.com"
118.236.50.56 - - [02/Nov/2015:22:07:45 -0800] "GET /images/logo2.png HTTP/1.1" 200 18525 "http://www.saveaslave.com/" "Mozilla/5.0 (Windows NT 10.0; WOW64) AppleWebKit/537.36 (KHTML, like Gecko) Chrome/46.0.2490.80 Safari/537.36" "www.saveaslave.com"
118.236.50.56 - - [02/Nov/2015:22:07:45 -0800] "GET /photos/article2.jpg HTTP/1.1" 200 15209 "http://www.saveaslave.com/" "Mozilla/5.0 (Windows NT 10.0; WOW64) AppleWebKit/537.36 (KHTML, like Gecko) Chrome/46.0.2490.80 Safari/537.36" "www.saveaslave.com"
118.236.50.56 - - [02/Nov/2015:22:07:45 -0800] "GET /photos/article7.jpg HTTP/1.1" 200 15527 "http://www.saveaslave.com/" "Mozilla/5.0 (Windows NT 10.0; WOW64) AppleWebKit/537.36 (KHTML, like Gecko) Chrome/46.0.2490.80 Safari/537.36" "www.saveaslave.com"
118.236.50.56 - - [02/Nov/2015:22:07:45 -0800] "GET /photos/top.jpg HTTP/1.1" 200 50519 "http://www.saveaslave.com/" "Mozilla/5.0 (Windows NT 10.0; WOW64) AppleWebKit/537.36 (KHTML, like Gecko) Chrome/46.0.2490.80 Safari/537.36" "www.saveaslave.com"
118.236.50.56 - - [02/Nov/2015:22:07:45 -0800] "GET /photos/article1.jpg HTTP/1.1" 200 11640 "http://www.saveaslave.com/" "Mozilla/5.0 (Windows NT 10.0; WOW64) AppleWebKit/537.36 (KHTML, like Gecko) Chrome/46.0.2490.80 Safari/537.36" "www.saveaslave.com"
118.236.50.56 - - [02/Nov/2015:22:07:45 -0800] "GET /images/cover1.jpg HTTP/1.1" 200 253658 "http://www.saveaslave.com/" "Mozilla/5.0 (Windows NT 10.0; WOW64) AppleWebKit/537.36 (KHTML, like Gecko) Chrome/46.0.2490.80 Safari/537.36" "www.saveaslave.com"
118.236.50.56 - - [02/Nov/2015:22:07:45 -0800] "GET /photos/article3a.jpg HTTP/1.1" 200 12445 "http://www.saveaslave.com/" "Mozilla/5.0 (Windows NT 10.0; WOW64) AppleWebKit/537.36 (KHTML, like Gecko) Chrome/46.0.2490.80 Safari/537.36" "www.saveaslave.com"
118.236.50.56 - - [02/Nov/2015:22:07:46 -0800] "GET /photos/article4.png HTTP/1.1" 200 42622 "http://www.saveaslave.com/" "Mozilla/5.0 (Windows NT 10.0; WOW64) AppleWebKit/537.36 (KHTML, like Gecko) Chrome/46.0.2490.80 Safari/537.36" "www.saveaslave.com"
118.236.50.56 - - [02/Nov/2015:22:07:46 -0800] "GET /photos/article5.jpg HTTP/1.1" 200 14497 "http://www.saveaslave.com/" "Mozilla/5.0 (Windows NT 10.0; WOW64) AppleWebKit/537.36 (KHTML, like Gecko) Chrome/46.0.2490.80 Safari/537.36" "www.saveaslave.com"
118.236.50.56 - - [02/Nov/2015:22:07:46 -0800] "GET /images/social1.png HTTP/1.1" 200 2012 "http://www.saveaslave.com/" "Mozilla/5.0 (Windows NT 10.0; WOW64) AppleWebKit/537.36 (KHTML, like Gecko) Chrome/46.0.2490.80 Safari/537.36" "www.saveaslave.com"
118.236.50.56 - - [02/Nov/2015:22:07:46 -0800] "GET /images/social2.png HTTP/1.1" 200 1752 "http://www.saveaslave.com/" "Mozilla/5.0 (Windows NT 10.0; WOW64) AppleWebKit/537.36 (KHTML, like Gecko) Chrome/46.0.2490.80 Safari/537.36" "www.saveaslave.com"
118.236.50.56 - - [02/Nov/2015:22:07:46 -0800] "GET /images/social3.png HTTP/1.1" 200 4343 "http://www.saveaslave.com/" "Mozilla/5.0 (Windows NT 10.0; WOW64) AppleWebKit/537.36 (KHTML, like Gecko) Chrome/46.0.2490.80 Safari/537.36" "www.saveaslave.com"
118.236.50.56 - - [02/Nov/2015:22:07:46 -0800] "GET /images/gift_button.png HTTP/1.1" 200 27500 "http://www.saveaslave.com/" "Mozilla/5.0 (Windows NT 10.0; WOW64) AppleWebKit/537.36 (KHTML, like Gecko) Chrome/46.0.2490.80 Safari/537.36" "www.saveaslave.com"
118.236.50.56 - - [02/Nov/2015:22:07:47 -0800] "GET /indicator.gif HTTP/1.1" 200 878 "http://www.saveaslave.com/" "Mozilla/5.0 (Windows NT 10.0; WOW64) AppleWebKit/537.36 (KHTML, like Gecko) Chrome/46.0.2490.80 Safari/537.36" "www.saveaslave.com"
118.236.50.56 - - [02/Nov/2015:22:07:47 -0800] "GET /css/down-arrow.png HTTP/1.1" 404 89 "http://www.saveaslave.com/css/elements.css" "Mozilla/5.0 (Windows NT 10.0; WOW64) AppleWebKit/537.36 (KHTML, like Gecko) Chrome/46.0.2490.80 Safari/537.36" "www.saveaslave.com"
61.135.189.101 - - [02/Nov/2015:22:08:16 -0800] "GET /robots.txt HTTP/1.1" 200 48 "-" "Sogou web spider/4.0(+http://www.sogou.com/docs/help/webmasters.htm#07)" "saveaslave.com"
61.135.189.101 - - [02/Nov/2015:22:10:43 -0800] "GET / HTTP/1.1" 200 52159 "-" "Sogou web spider/4.0(+http://www.sogou.com/docs/help/webmasters.htm#07)" "saveaslave.com"
180.76.15.27 - - [02/Nov/2015:22:18:39 -0800] "GET /navassa-island.html HTTP/1.1" 404 89 "-" "Mozilla/5.0 (compatible; Baiduspider/2.0; +http://www.baidu.com/search/spider.html)" "www.saveaslave.com"
157.55.39.178 - - [02/Nov/2015:22:30:54 -0800] "GET /robots.txt HTTP/1.1" 200 48 "-" "Mozilla/5.0 (compatible; bingbot/2.0; +http://www.bing.com/bingbot.htm)" "saveaslave.com"
180.76.15.137 - - [02/Nov/2015:22:33:41 -0800] "GET /addlink.php?page=egypt.html&lang=en HTTP/1.1" 200 15121 "-" "Mozilla/5.0 (compatible; Baiduspider/2.0; +http://www.baidu.com/search/spider.html)" "www.saveaslave.com"
123.125.71.58 - - [02/Nov/2015:22:39:04 -0800] "GET /micronesia.html HTTP/1.1" 404 89 "-" "Mozilla/5.0 (compatible; Baiduspider/2.0; +http://www.baidu.com/search/spider.html)" "www.saveaslave.com"
162.209.11.142 - - [02/Nov/2015:22:40:59 -0800] "GET /who-we-are.php HTTP/1.1" 200 52517 "-" "Mozilla/5.0 (Macintosh; Intel Mac OS X 10_6_8) AppleWebKit/534.30 (KHTML, like Gecko) Chrome/12.0.742.112 Safari/534.31" "www.saveaslave.com"
162.209.11.142 - - [02/Nov/2015:22:40:59 -0800] "GET /country.php?name=Macau HTTP/1.1" 200 48496 "-" "Mozilla/5.0 (Macintosh; Intel Mac OS X 10_6_8) AppleWebKit/534.30 (KHTML, like Gecko) Chrome/12.0.742.112 Safari/534.31" "www.saveaslave.com"
162.209.11.142 - - [02/Nov/2015:22:40:59 -0800] "GET /css/style-pages.css HTTP/1.1" 200 9167 "http://www.saveaslave.com/who-we-are.php" "Mozilla/5.0 (Macintosh; Intel Mac OS X 10_6_8) AppleWebKit/534.30 (KHTML, like Gecko) Chrome/12.0.742.112 Safari/534.31" "www.saveaslave.com"
162.209.11.142 - - [02/Nov/2015:22:40:59 -0800] "GET /js/bootstrap.min.js HTTP/1.1" 200 37055 "http://www.saveaslave.com/who-we-are.php" "Mozilla/5.0 (Macintosh; Intel Mac OS X 10_6_8) AppleWebKit/534.30 (KHTML, like Gecko) Chrome/12.0.742.112 Safari/534.31" "www.saveaslave.com"
162.209.11.142 - - [02/Nov/2015:22:40:59 -0800] "GET /assets/js/ie10-viewport-bug-workaround.js HTTP/1.1" 200 641 "http://www.saveaslave.com/who-we-are.php" "Mozilla/5.0 (Macintosh; Intel Mac OS X 10_6_8) AppleWebKit/534.30 (KHTML, like Gecko) Chrome/12.0.742.112 Safari/534.31" "www.saveaslave.com"
162.209.11.142 - - [02/Nov/2015:22:41:00 -0800] "GET /images/logo2.png HTTP/1.1" 200 18525 "http://www.saveaslave.com/country.php?name=Macau" "Mozilla/5.0 (Macintosh; Intel Mac OS X 10_6_8) AppleWebKit/534.30 (KHTML, like Gecko) Chrome/12.0.742.112 Safari/534.31" "www.saveaslave.com"
162.209.11.142 - - [02/Nov/2015:22:41:01 -0800] "GET /images/select-arrow.png HTTP/1.1" 200 1118 "http://www.saveaslave.com/country.php?name=Macau" "Mozilla/5.0 (Macintosh; Intel Mac OS X 10_6_8) AppleWebKit/534.30 (KHTML, like Gecko) Chrome/12.0.742.112 Safari/534.31" "www.saveaslave.com"
46.119.123.33 - - [02/Nov/2015:22:48:51 -0800] "GET / HTTP/1.1" 200 52123 "http://labplus.ru/" "Mozilla/4.61 [en] (X11; U; ) - BrowseX (2.0.0 Windows)" "www.saveaslave.com"
46.119.123.33 - - [02/Nov/2015:22:48:52 -0800] "GET / HTTP/1.1" 200 52123 "http://labplus.ru/" "Mozilla/4.61 [en] (X11; U; ) - BrowseX (2.0.0 Windows)" "www.saveaslave.com"
46.119.123.33 - - [02/Nov/2015:22:48:52 -0800] "GET / HTTP/1.1" 200 52123 "http://labplus.ru/" "Mozilla/4.61 [en] (X11; U; ) - BrowseX (2.0.0 Windows)" "www.saveaslave.com"
208.115.113.94 - - [02/Nov/2015:23:13:43 -0800] "GET /robots.txt HTTP/1.1" 200 48 "-" "Mozilla/5.0 (compatible; DotBot/1.1; http://www.opensiteexplorer.org/dotbot, help@moz.com)" "www.saveaslave.com"
208.115.113.86 - - [02/Nov/2015:23:27:11 -0800] "GET /robots.txt HTTP/1.1" 200 48 "-" "Mozilla/5.0 (compatible; DotBot/1.1; http://www.opensiteexplorer.org/dotbot, help@moz.com)" "www.saveaslave.com"
208.115.113.86 - - [02/Nov/2015:23:27:11 -0800] "GET /robots.txt HTTP/1.1" 200 48 "-" "Mozilla/5.0 (compatible; DotBot/1.1; http://www.opensiteexplorer.org/dotbot, help@moz.com)" "saveaslave.com"
178.137.94.166 - - [02/Nov/2015:23:31:54 -0800] "GET / HTTP/1.1" 200 52123 "http://gta-club.ru/" "Mozilla/3.0 (compatible; WebCapture 2.0; Auto; Windows)" "www.saveaslave.com"
178.137.94.166 - - [02/Nov/2015:23:31:54 -0800] "GET / HTTP/1.1" 200 52123 "http://gta-club.ru/" "Mozilla/3.0 (compatible; WebCapture 2.0; Auto; Windows)" "www.saveaslave.com"
188.165.15.204 - - [02/Nov/2015:23:54:24 -0800] "GET / HTTP/1.1" 200 52159 "-" "Mozilla/5.0 (compatible; AhrefsBot/5.0; +http://ahrefs.com/robot/)" "www.saveaslave.com"
180.76.15.134 - - [03/Nov/2015:00:00:59 -0800] "GET /addlink.php?page=guatemala.html HTTP/1.1" 200 15129 "-" "Mozilla/5.0 (compatible; Baiduspider/2.0; +http://www.baidu.com/search/spider.html)" "www.saveaslave.com"
208.115.113.94 - - [03/Nov/2015:00:27:35 -0800] "GET /senegal.html HTTP/1.1" 404 89 "-" "Mozilla/5.0 (compatible; DotBot/1.1; http://www.opensiteexplorer.org/dotbot, help@moz.com)" "saveaslave.com"
208.115.113.94 - - [03/Nov/2015:00:30:33 -0800] "GET /portugal.html HTTP/1.1" 404 89 "-" "Mozilla/5.0 (compatible; DotBot/1.1; http://www.opensiteexplorer.org/dotbot, help@moz.com)" "www.saveaslave.com"
208.115.113.94 - - [03/Nov/2015:00:30:33 -0800] "GET /saudi-arabia.html HTTP/1.1" 404 89 "-" "Mozilla/5.0 (compatible; DotBot/1.1; http://www.opensiteexplorer.org/dotbot, help@moz.com)" "www.saveaslave.com"
208.115.113.94 - - [03/Nov/2015:00:30:34 -0800] "GET /venezuela.html HTTP/1.1" 404 89 "-" "Mozilla/5.0 (compatible; DotBot/1.1; http://www.opensiteexplorer.org/dotbot, help@moz.com)" "www.saveaslave.com"
68.180.228.181 - - [03/Nov/2015:00:41:05 -0800] "GET /costa-rica.html HTTP/1.1" 404 89 "-" "Mozilla/5.0 (compatible; Yahoo! Slurp; http://help.yahoo.com/help/us/ysearch/slurp)" "www.saveaslave.com"
208.115.113.86 - - [03/Nov/2015:00:44:35 -0800] "GET /cote-d-ivoire.html HTTP/1.1" 404 89 "-" "Mozilla/5.0 (compatible; DotBot/1.1; http://www.opensiteexplorer.org/dotbot, help@moz.com)" "www.saveaslave.com"
65.36.241.48 - - [03/Nov/2015:00:56:07 -0800] "HEAD / HTTP/1.1" 200 0 "-" "InternetSeer.com" "www.saveaslave.com"
68.180.228.181 - - [03/Nov/2015:00:56:08 -0800] "GET /moldova HTTP/1.1" 404 89 "-" "Mozilla/5.0 (compatible; Yahoo! Slurp; http://help.yahoo.com/help/us/ysearch/slurp)" "www.saveaslave.com"
208.115.113.86 - - [03/Nov/2015:01:22:35 -0800] "GET /slovenia HTTP/1.1" 404 89 "-" "Mozilla/5.0 (compatible; DotBot/1.1; http://www.opensiteexplorer.org/dotbot, help@moz.com)" "www.saveaslave.com"
208.115.113.86 - - [03/Nov/2015:01:22:36 -0800] "GET /spain HTTP/1.1" 404 89 "-" "Mozilla/5.0 (compatible; DotBot/1.1; http://www.opensiteexplorer.org/dotbot, help@moz.com)" "www.saveaslave.com"
208.115.113.86 - - [03/Nov/2015:01:22:36 -0800] "GET /venezuela HTTP/1.1" 404 89 "-" "Mozilla/5.0 (compatible; DotBot/1.1; http://www.opensiteexplorer.org/dotbot, help@moz.com)" "www.saveaslave.com"
68.180.228.222 - - [03/Nov/2015:01:43:28 -0800] "GET /central-african-republic.html HTTP/1.1" 404 89 "-" "Mozilla/5.0 (compatible; Yahoo! Slurp; http://help.yahoo.com/help/us/ysearch/slurp)" "saveaslave.com"
180.76.15.157 - - [03/Nov/2015:02:24:02 -0800] "GET /country.php?name=Indonesia&lang=en HTTP/1.1" 200 50915 "-" "Mozilla/5.0 (compatible; Baiduspider/2.0; +http://www.baidu.com/search/spider.html)" "www.saveaslave.com"
23.23.242.178 - - [03/Nov/2015:02:27:06 -0800] "GET / HTTP/1.1" 200 52159 "-" "Mozilla/5.0 (Windows; U; Windows NT 5.1; en-US; rv:1.9.2.8) Gecko/20100722 Firefox/3.6.8" "saveaslave.com"
68.180.228.181 - - [03/Nov/2015:02:38:48 -0800] "GET /bhutan.html HTTP/1.1" 404 89 "-" "Mozilla/5.0 (compatible; Yahoo! Slurp; http://help.yahoo.com/help/us/ysearch/slurp)" "www.saveaslave.com"
65.36.241.48 - - [03/Nov/2015:02:38:58 -0800] "HEAD / HTTP/1.1" 200 0 "-" "InternetSeer.com" "www.saveaslave.com"
208.115.113.86 - - [03/Nov/2015:02:49:33 -0800] "GET /slovakia.html HTTP/1.1" 404 89 "-" "Mozilla/5.0 (compatible; DotBot/1.1; http://www.opensiteexplorer.org/dotbot, help@moz.com)" "saveaslave.com"
208.115.113.86 - - [03/Nov/2015:02:49:33 -0800] "GET /mali.html HTTP/1.1" 404 89 "-" "Mozilla/5.0 (compatible; DotBot/1.1; http://www.opensiteexplorer.org/dotbot, help@moz.com)" "saveaslave.com"
208.115.113.94 - - [03/Nov/2015:02:57:11 -0800] "GET /south-korea.html HTTP/1.1" 404 89 "-" "Mozilla/5.0 (compatible; DotBot/1.1; http://www.opensiteexplorer.org/dotbot, help@moz.com)" "www.saveaslave.com"
208.115.113.94 - - [03/Nov/2015:02:57:11 -0800] "GET /bangladesh.html HTTP/1.1" 404 89 "-" "Mozilla/5.0 (compatible; DotBot/1.1; http://www.opensiteexplorer.org/dotbot, help@moz.com)" "www.saveaslave.com"
208.115.113.94 - - [03/Nov/2015:03:00:28 -0800] "GET /robots.txt HTTP/1.1" 200 48 "-" "Mozilla/5.0 (compatible; DotBot/1.1; http://www.opensiteexplorer.org/dotbot, help@moz.com)" "saveaslave.com"
180.76.15.22 - - [03/Nov/2015:03:13:46 -0800] "GET /niger HTTP/1.1" 404 89 "-" "Mozilla/5.0 (compatible; Baiduspider/2.0; +http://www.baidu.com/search/spider.html)" "www.saveaslave.com"
45.55.133.230 - - [03/Nov/2015:03:22:53 -0800] "GET / HTTP/1.1" 200 52159 "-" "Mozilla/5.0 (Windows NT 6.1; WOW64) AppleWebKit/537.36 (KHTML, like Gecko) Chrome/34.0.1847.131 Safari/537.36" "saveaslave.com"
45.55.133.230 - - [03/Nov/2015:03:22:53 -0800] "GET /assets/js/ie-emulation-modes-warning.js HTTP/1.1" 200 2130 "http://saveaslave.com/" "Mozilla/5.0 (Windows NT 6.1; WOW64) AppleWebKit/537.36 (KHTML, like Gecko) Chrome/34.0.1847.131 Safari/537.36" "saveaslave.com"
45.55.133.230 - - [03/Nov/2015:03:22:53 -0800] "GET /gajaxscroller.js HTTP/1.1" 200 9774 "http://saveaslave.com/" "Mozilla/5.0 (Windows NT 6.1; WOW64) AppleWebKit/537.36 (KHTML, like Gecko) Chrome/34.0.1847.131 Safari/537.36" "saveaslave.com"
45.55.133.230 - - [03/Nov/2015:03:22:53 -0800] "GET /gfeedfetcher.js HTTP/1.1" 200 9018 "http://saveaslave.com/" "Mozilla/5.0 (Windows NT 6.1; WOW64) AppleWebKit/537.36 (KHTML, like Gecko) Chrome/34.0.1847.131 Safari/537.36" "saveaslave.com"
45.55.133.230 - - [03/Nov/2015:03:22:53 -0800] "GET /assets/js/ie10-viewport-bug-workaround.js HTTP/1.1" 200 641 "http://saveaslave.com/" "Mozilla/5.0 (Windows NT 6.1; WOW64) AppleWebKit/537.36 (KHTML, like Gecko) Chrome/34.0.1847.131 Safari/537.36" "saveaslave.com"
45.55.133.230 - - [03/Nov/2015:03:22:53 -0800] "GET /js/bootstrap.min.js HTTP/1.1" 200 37055 "http://saveaslave.com/" "Mozilla/5.0 (Windows NT 6.1; WOW64) AppleWebKit/537.36 (KHTML, like Gecko) Chrome/34.0.1847.131 Safari/537.36" "saveaslave.com"
52.30.241.153 - - [03/Nov/2015:03:23:50 -0800] "GET /wp-login.php HTTP/1.1" 200 73 "-" "Opera/9.80 (Windows NT 6.0) Presto/2.12.388 Version/12.14" "www.saveaslave.com"
208.115.113.86 - - [03/Nov/2015:03:33:53 -0800] "GET /robots.txt HTTP/1.1" 200 48 "-" "Mozilla/5.0 (compatible; DotBot/1.1; http://www.opensiteexplorer.org/dotbot, help@moz.com)" "www.saveaslave.com"
123.125.71.70 - - [03/Nov/2015:03:47:56 -0800] "GET /iran.html HTTP/1.1" 404 89 "-" "Mozilla/5.0 (compatible; Baiduspider/2.0; +http://www.baidu.com/search/spider.html)" "www.saveaslave.com"
180.191.122.231 - - [03/Nov/2015:04:12:29 -0800] "GET / HTTP/1.1" 200 52159 "-" "Mozilla/5.0 (Windows NT 6.1) AppleWebKit/537.36 (KHTML, like Gecko) Chrome/46.0.2490.80 Safari/537.36" "www.saveaslave.com"
180.191.122.231 - - [03/Nov/2015:04:12:29 -0800] "GET /css/style.css HTTP/1.1" 200 7739 "http://www.saveaslave.com/" "Mozilla/5.0 (Windows NT 6.1) AppleWebKit/537.36 (KHTML, like Gecko) Chrome/46.0.2490.80 Safari/537.36" "www.saveaslave.com"
180.191.122.231 - - [03/Nov/2015:04:12:29 -0800] "GET /assets/js/ie-emulation-modes-warning.js HTTP/1.1" 200 2130 "http://www.saveaslave.com/" "Mozilla/5.0 (Windows NT 6.1) AppleWebKit/537.36 (KHTML, like Gecko) Chrome/46.0.2490.80 Safari/537.36" "www.saveaslave.com"
180.191.122.231 - - [03/Nov/2015:04:12:29 -0800] "GET /css/elements.css HTTP/1.1" 200 17857 "http://www.saveaslave.com/" "Mozilla/5.0 (Windows NT 6.1) AppleWebKit/537.36 (KHTML, like Gecko) Chrome/46.0.2490.80 Safari/537.36" "www.saveaslave.com"
180.191.122.231 - - [03/Nov/2015:04:12:29 -0800] "GET /css/bootstrap.min.css HTTP/1.1" 200 123578 "http://www.saveaslave.com/" "Mozilla/5.0 (Windows NT 6.1) AppleWebKit/537.36 (KHTML, like Gecko) Chrome/46.0.2490.80 Safari/537.36" "www.saveaslave.com"
180.191.122.231 - - [03/Nov/2015:04:12:29 -0800] "GET /gfeedfetcher.js HTTP/1.1" 200 9018 "http://www.saveaslave.com/" "Mozilla/5.0 (Windows NT 6.1) AppleWebKit/537.36 (KHTML, like Gecko) Chrome/46.0.2490.80 Safari/537.36" "www.saveaslave.com"
180.191.122.231 - - [03/Nov/2015:04:12:29 -0800] "GET /gajaxscroller.js HTTP/1.1" 200 9774 "http://www.saveaslave.com/" "Mozilla/5.0 (Windows NT 6.1) AppleWebKit/537.36 (KHTML, like Gecko) Chrome/46.0.2490.80 Safari/537.36" "www.saveaslave.com"
180.191.122.231 - - [03/Nov/2015:04:12:29 -0800] "GET /images/logo2.png HTTP/1.1" 200 18525 "http://www.saveaslave.com/" "Mozilla/5.0 (Windows NT 6.1) AppleWebKit/537.36 (KHTML, like Gecko) Chrome/46.0.2490.80 Safari/537.36" "www.saveaslave.com"
180.191.122.231 - - [03/Nov/2015:04:12:30 -0800] "GET /images/cover1.jpg HTTP/1.1" 200 253658 "http://www.saveaslave.com/" "Mozilla/5.0 (Windows NT 6.1) AppleWebKit/537.36 (KHTML, like Gecko) Chrome/46.0.2490.80 Safari/537.36" "www.saveaslave.com"
180.191.122.231 - - [03/Nov/2015:04:12:30 -0800] "GET /css/style-pages.css HTTP/1.1" 200 9167 "http://www.saveaslave.com/" "Mozilla/5.0 (Windows NT 6.1) AppleWebKit/537.36 (KHTML, like Gecko) Chrome/46.0.2490.80 Safari/537.36" "www.saveaslave.com"
180.191.122.231 - - [03/Nov/2015:04:12:31 -0800] "GET /assets/js/ie10-viewport-bug-workaround.js HTTP/1.1" 200 641 "http://www.saveaslave.com/" "Mozilla/5.0 (Windows NT 6.1) AppleWebKit/537.36 (KHTML, like Gecko) Chrome/46.0.2490.80 Safari/537.36" "www.saveaslave.com"
180.191.122.231 - - [03/Nov/2015:04:12:31 -0800] "GET /photos/article1.jpg HTTP/1.1" 200 11640 "http://www.saveaslave.com/" "Mozilla/5.0 (Windows NT 6.1) AppleWebKit/537.36 (KHTML, like Gecko) Chrome/46.0.2490.80 Safari/537.36" "www.saveaslave.com"
180.191.122.231 - - [03/Nov/2015:04:12:31 -0800] "GET /images/social1.png HTTP/1.1" 200 2012 "http://www.saveaslave.com/" "Mozilla/5.0 (Windows NT 6.1) AppleWebKit/537.36 (KHTML, like Gecko) Chrome/46.0.2490.80 Safari/537.36" "www.saveaslave.com"
180.191.122.231 - - [03/Nov/2015:04:12:31 -0800] "GET /images/social2.png HTTP/1.1" 200 1752 "http://www.saveaslave.com/" "Mozilla/5.0 (Windows NT 6.1) AppleWebKit/537.36 (KHTML, like Gecko) Chrome/46.0.2490.80 Safari/537.36" "www.saveaslave.com"
180.191.122.231 - - [03/Nov/2015:04:12:32 -0800] "GET /images/social3.png HTTP/1.1" 200 4343 "http://www.saveaslave.com/" "Mozilla/5.0 (Windows NT 6.1) AppleWebKit/537.36 (KHTML, like Gecko) Chrome/46.0.2490.80 Safari/537.36" "www.saveaslave.com"
180.191.122.231 - - [03/Nov/2015:04:12:32 -0800] "GET /photos/article3a.jpg HTTP/1.1" 200 12445 "http://www.saveaslave.com/" "Mozilla/5.0 (Windows NT 6.1) AppleWebKit/537.36 (KHTML, like Gecko) Chrome/46.0.2490.80 Safari/537.36" "www.saveaslave.com"
180.191.122.231 - - [03/Nov/2015:04:12:32 -0800] "GET /photos/article5.jpg HTTP/1.1" 200 14497 "http://www.saveaslave.com/" "Mozilla/5.0 (Windows NT 6.1) AppleWebKit/537.36 (KHTML, like Gecko) Chrome/46.0.2490.80 Safari/537.36" "www.saveaslave.com"
180.191.122.231 - - [03/Nov/2015:04:12:32 -0800] "GET /css/down-arrow.png HTTP/1.1" 404 89 "http://www.saveaslave.com/css/elements.css" "Mozilla/5.0 (Windows NT 6.1) AppleWebKit/537.36 (KHTML, like Gecko) Chrome/46.0.2490.80 Safari/537.36" "www.saveaslave.com"
180.191.122.231 - - [03/Nov/2015:04:12:35 -0800] "GET /ico/favicon-16x16.png HTTP/1.1" 200 1129 "http://www.saveaslave.com/" "Mozilla/5.0 (Windows NT 6.1) AppleWebKit/537.36 (KHTML, like Gecko) Chrome/46.0.2490.80 Safari/537.36" "www.saveaslave.com"
208.115.113.86 - - [03/Nov/2015:04:32:23 -0800] "GET /israel.html HTTP/1.1" 404 89 "-" "Mozilla/5.0 (compatible; DotBot/1.1; http://www.opensiteexplorer.org/dotbot, help@moz.com)" "www.saveaslave.com"
23.23.242.178 - - [03/Nov/2015:04:33:18 -0800] "GET / HTTP/1.1" 200 52159 "-" "Mozilla/5.0 (Windows; U; Windows NT 5.1; en-US; rv:1.9.2.8) Gecko/20100722 Firefox/3.6.8" "saveaslave.com"
208.115.113.86 - - [03/Nov/2015:04:45:22 -0800] "GET /mongolia.html HTTP/1.1" 404 89 "-" "Mozilla/5.0 (compatible; DotBot/1.1; http://www.opensiteexplorer.org/dotbot, help@moz.com)" "saveaslave.com"
208.115.113.94 - - [03/Nov/2015:04:49:47 -0800] "GET /republic-of-congo.html HTTP/1.1" 404 89 "-" "Mozilla/5.0 (compatible; DotBot/1.1; http://www.opensiteexplorer.org/dotbot, help@moz.com)" "saveaslave.com"
81.242.215.255 - - [03/Nov/2015:04:58:44 -0800] "GET /images/countrymap/solomon-islands.gif HTTP/1.1" 404 89 "https://www.google.be/" "Mozilla/5.0 (Macintosh; Intel Mac OS X 10_11_1) AppleWebKit/601.2.7 (KHTML, like Gecko) Version/9.0.1 Safari/601.2.7" "www.saveaslave.com"
82.143.69.98 - - [03/Nov/2015:05:09:11 -0800] "GET /samoa.html HTTP/1.1" 404 89 "-" "Mozilla/5.0 (Macintosh; Intel Mac OS X 10_10_2) AppleWebKit/600.3.18 (KHTML, like Gecko) Version/8.0.3 Safari/600.3.18" "www.saveaslave.com"
82.143.69.98 - - [03/Nov/2015:05:09:11 -0800] "GET /favicon.ico HTTP/1.1" 404 89 "http://www.saveaslave.com/samoa.html" "Mozilla/5.0 (Macintosh; Intel Mac OS X 10_10_2) AppleWebKit/600.3.18 (KHTML, like Gecko) Version/8.0.3 Safari/600.3.18" "www.saveaslave.com"
54.243.48.119 - - [03/Nov/2015:05:09:12 -0800] "GET /samoa.html HTTP/1.1" 404 89 "-" "Mozilla/5.0 (Windows; U; Windows NT 5.1; en-US; rv:1.9.2.8) Gecko/20100722 Firefox/3.6.8" "www.saveaslave.com"
68.180.228.181 - - [03/Nov/2015:05:26:17 -0800] "GET /belarus.html HTTP/1.1" 404 89 "-" "Mozilla/5.0 (compatible; Yahoo! Slurp; http://help.yahoo.com/help/us/ysearch/slurp)" "www.saveaslave.com"
208.115.113.86 - - [03/Nov/2015:05:30:12 -0800] "GET /panama HTTP/1.1" 404 89 "-" "Mozilla/5.0 (compatible; DotBot/1.1; http://www.opensiteexplorer.org/dotbot, help@moz.com)" "www.saveaslave.com"
207.46.13.107 - - [03/Nov/2015:06:16:38 -0800] "GET /reunion HTTP/1.1" 404 89 "-" "Mozilla/5.0 (compatible; bingbot/2.0; +http://www.bing.com/bingbot.htm)" "www.saveaslave.com"
208.115.113.94 - - [03/Nov/2015:06:43:44 -0800] "GET /sint-maarten.html HTTP/1.1" 404 89 "-" "Mozilla/5.0 (compatible; DotBot/1.1; http://www.opensiteexplorer.org/dotbot, help@moz.com)" "www.saveaslave.com"
208.115.113.94 - - [03/Nov/2015:06:45:32 -0800] "GET /robots.txt HTTP/1.1" 200 48 "-" "Mozilla/5.0 (compatible; DotBot/1.1; http://www.opensiteexplorer.org/dotbot, help@moz.com)" "www.saveaslave.com"
208.115.113.94 - - [03/Nov/2015:06:45:32 -0800] "GET /robots.txt HTTP/1.1" 200 48 "-" "Mozilla/5.0 (compatible; DotBot/1.1; http://www.opensiteexplorer.org/dotbot, help@moz.com)" "saveaslave.com"
180.76.15.15 - - [03/Nov/2015:06:53:41 -0800] "GET /finland.html HTTP/1.1" 404 89 "-" "Mozilla/5.0 (compatible; Baiduspider/2.0; +http://www.baidu.com/search/spider.html)" "www.saveaslave.com"
5.12.132.218 - - [03/Nov/2015:07:10:37 -0800] "GET / HTTP/1.1" 200 52159 "http://saveaslave.com" "Mozilla/5.0 (Windows NT 6.1; WOW64; rv:34.0) Gecko/20100101 Firefox/34.0" "saveaslave.com"
208.115.113.86 - - [03/Nov/2015:07:16:11 -0800] "GET /robots.txt HTTP/1.1" 200 48 "-" "Mozilla/5.0 (compatible; DotBot/1.1; http://www.opensiteexplorer.org/dotbot, help@moz.com)" "saveaslave.com"
68.180.228.181 - - [03/Nov/2015:07:22:38 -0800] "GET /french-polynesia.html HTTP/1.1" 404 89 "-" "Mozilla/5.0 (compatible; Yahoo! Slurp; http://help.yahoo.com/help/us/ysearch/slurp)" "www.saveaslave.com"
157.55.39.91 - - [03/Nov/2015:07:34:31 -0800] "GET /grenada.html HTTP/1.1" 404 89 "-" "Mozilla/5.0 (compatible; bingbot/2.0; +http://www.bing.com/bingbot.htm)" "saveaslave.com"
180.76.15.143 - - [03/Nov/2015:07:52:47 -0800] "GET /country.php?name=Austria&lang=en HTTP/1.1" 200 50999 "-" "Mozilla/5.0 (compatible; Baiduspider/2.0; +http://www.baidu.com/search/spider.html)" "www.saveaslave.com"
188.165.15.204 - - [03/Nov/2015:08:00:43 -0800] "GET / HTTP/1.1" 200 52159 "-" "Mozilla/5.0 (compatible; AhrefsBot/5.0; +http://ahrefs.com/robot/)" "www.saveaslave.com"
208.115.113.86 - - [03/Nov/2015:08:36:21 -0800] "GET /curacao.html HTTP/1.1" 404 89 "-" "Mozilla/5.0 (compatible; DotBot/1.1; http://www.opensiteexplorer.org/dotbot, help@moz.com)" "saveaslave.com"
208.115.113.94 - - [03/Nov/2015:08:50:33 -0800] "GET /suriname.html HTTP/1.1" 404 89 "-" "Mozilla/5.0 (compatible; DotBot/1.1; http://www.opensiteexplorer.org/dotbot, help@moz.com)" "www.saveaslave.com"
157.55.39.90 - - [03/Nov/2015:09:12:15 -0800] "GET /gibraltar.html HTTP/1.1" 404 89 "-" "msnbot-media/1.1 (+http://search.msn.com/msnbot.htm)" "www.saveaslave.com"
207.46.13.107 - - [03/Nov/2015:09:33:15 -0800] "GET /robots.txt HTTP/1.1" 200 48 "-" "Mozilla/5.0 (compatible; bingbot/2.0; +http://www.bing.com/bingbot.htm)" "saveaslave.com"
207.46.13.48 - - [03/Nov/2015:09:35:17 -0800] "GET /spain.html HTTP/1.1" 404 89 "-" "Mozilla/5.0 (compatible; bingbot/2.0; +http://www.bing.com/bingbot.htm)" "saveaslave.com"
208.115.113.86 - - [03/Nov/2015:09:37:38 -0800] "GET /robots.txt HTTP/1.1" 200 48 "-" "Mozilla/5.0 (compatible; DotBot/1.1; http://www.opensiteexplorer.org/dotbot, help@moz.com)" "saveaslave.com"
157.55.39.75 - - [03/Nov/2015:09:52:27 -0800] "GET /martinique HTTP/1.1" 404 89 "-" "msnbot-media/1.1 (+http://search.msn.com/msnbot.htm)" "www.saveaslave.com"
180.76.15.134 - - [03/Nov/2015:10:04:24 -0800] "GET /addlink.php?page=central%20african%20republic%20.html HTTP/1.1" 200 15161 "-" "Mozilla/5.0 (compatible; Baiduspider/2.0; +http://www.baidu.com/search/spider.html)" "www.saveaslave.com"
123.125.71.25 - - [03/Nov/2015:10:09:11 -0800] "GET /sint-maarten.html HTTP/1.1" 404 89 "-" "Mozilla/5.0 (compatible; Baiduspider/2.0; +http://www.baidu.com/search/spider.html)" "www.saveaslave.com"
65.36.241.48 - - [03/Nov/2015:10:16:37 -0800] "HEAD / HTTP/1.1" 200 0 "-" "InternetSeer.com" "www.saveaslave.com"
208.115.113.94 - - [03/Nov/2015:10:48:18 -0800] "GET /afghanistan.html HTTP/1.1" 404 89 "-" "Mozilla/5.0 (compatible; DotBot/1.1; http://www.opensiteexplorer.org/dotbot, help@moz.com)" "saveaslave.com"
208.115.113.94 - - [03/Nov/2015:10:53:17 -0800] "GET /albania.html HTTP/1.1" 404 89 "-" "Mozilla/5.0 (compatible; DotBot/1.1; http://www.opensiteexplorer.org/dotbot, help@moz.com)" "www.saveaslave.com"
37.44.93.229 - - [03/Nov/2015:11:10:29 -0800] "GET /favicon.ico HTTP/1.1" 404 89 "-" "Mozilla/5.0 (Windows NT 6.3; WOW64; rv:41.0) Gecko/20100101 Firefox/41.0" "saveaslave.com"
37.44.93.229 - - [03/Nov/2015:11:10:29 -0800] "GET /ico/android-icon-192x192.png HTTP/1.1" 200 10097 "-" "Mozilla/5.0 (Windows NT 6.3; WOW64; rv:41.0) Gecko/20100101 Firefox/41.0" "saveaslave.com"
37.44.93.229 - - [03/Nov/2015:11:10:29 -0800] "GET /ico/favicon-32x32.png HTTP/1.1" 200 1892 "-" "Mozilla/5.0 (Windows NT 6.3; WOW64; rv:41.0) Gecko/20100101 Firefox/41.0" "saveaslave.com"
37.44.93.229 - - [03/Nov/2015:11:10:29 -0800] "GET /ico/favicon-96x96.png HTTP/1.1" 200 4476 "-" "Mozilla/5.0 (Windows NT 6.3; WOW64; rv:41.0) Gecko/20100101 Firefox/41.0" "saveaslave.com"
37.44.93.229 - - [03/Nov/2015:11:10:29 -0800] "GET /ico/favicon-16x16.png HTTP/1.1" 200 1129 "-" "Mozilla/5.0 (Windows NT 6.3; WOW64; rv:41.0) Gecko/20100101 Firefox/41.0" "saveaslave.com"
37.44.93.229 - - [03/Nov/2015:11:10:30 -0800] "GET /css/elements.css HTTP/1.1" 200 17857 "http://saveaslave.com/" "Mozilla/5.0 (Windows NT 6.3; WOW64; rv:41.0) Gecko/20100101 Firefox/41.0" "saveaslave.com"
37.44.93.229 - - [03/Nov/2015:11:10:30 -0800] "GET /css/style.css HTTP/1.1" 200 7739 "http://saveaslave.com/" "Mozilla/5.0 (Windows NT 6.3; WOW64; rv:41.0) Gecko/20100101 Firefox/41.0" "saveaslave.com"
37.44.93.229 - - [03/Nov/2015:11:10:30 -0800] "GET /gfeedfetcher.js HTTP/1.1" 200 9018 "http://saveaslave.com/" "Mozilla/5.0 (Windows NT 6.3; WOW64; rv:41.0) Gecko/20100101 Firefox/41.0" "saveaslave.com"
37.44.93.229 - - [03/Nov/2015:11:10:30 -0800] "GET /assets/js/ie-emulation-modes-warning.js HTTP/1.1" 200 2130 "http://saveaslave.com/" "Mozilla/5.0 (Windows NT 6.3; WOW64; rv:41.0) Gecko/20100101 Firefox/41.0" "saveaslave.com"
37.44.93.229 - - [03/Nov/2015:11:10:30 -0800] "GET /gajaxscroller.js HTTP/1.1" 200 9774 "http://saveaslave.com/" "Mozilla/5.0 (Windows NT 6.3; WOW64; rv:41.0) Gecko/20100101 Firefox/41.0" "saveaslave.com"
37.44.93.229 - - [03/Nov/2015:11:10:30 -0800] "GET /css/style-pages.css HTTP/1.1" 200 9167 "http://saveaslave.com/" "Mozilla/5.0 (Windows NT 6.3; WOW64; rv:41.0) Gecko/20100101 Firefox/41.0" "saveaslave.com"
37.44.93.229 - - [03/Nov/2015:11:10:30 -0800] "GET /assets/js/ie10-viewport-bug-workaround.js HTTP/1.1" 200 641 "http://saveaslave.com/" "Mozilla/5.0 (Windows NT 6.3; WOW64; rv:41.0) Gecko/20100101 Firefox/41.0" "saveaslave.com"
37.44.93.229 - - [03/Nov/2015:11:10:30 -0800] "GET /js/bootstrap.min.js HTTP/1.1" 200 37055 "http://saveaslave.com/" "Mozilla/5.0 (Windows NT 6.3; WOW64; rv:41.0) Gecko/20100101 Firefox/41.0" "saveaslave.com"
37.44.93.229 - - [03/Nov/2015:11:10:33 -0800] "GET /images/logo2.png HTTP/1.1" 200 18525 "http://saveaslave.com/" "Mozilla/5.0 (Windows NT 6.3; WOW64; rv:41.0) Gecko/20100101 Firefox/41.0" "saveaslave.com"
37.44.93.229 - - [03/Nov/2015:11:10:33 -0800] "GET /photos/article1.jpg HTTP/1.1" 200 11640 "http://saveaslave.com/" "Mozilla/5.0 (Windows NT 6.3; WOW64; rv:41.0) Gecko/20100101 Firefox/41.0" "saveaslave.com"
37.44.93.229 - - [03/Nov/2015:11:10:33 -0800] "GET /photos/top.jpg HTTP/1.1" 200 50519 "http://saveaslave.com/" "Mozilla/5.0 (Windows NT 6.3; WOW64; rv:41.0) Gecko/20100101 Firefox/41.0" "saveaslave.com"
37.44.93.229 - - [03/Nov/2015:11:10:33 -0800] "GET /photos/article7.jpg HTTP/1.1" 200 15527 "http://saveaslave.com/" "Mozilla/5.0 (Windows NT 6.3; WOW64; rv:41.0) Gecko/20100101 Firefox/41.0" "saveaslave.com"
37.44.93.229 - - [03/Nov/2015:11:10:33 -0800] "GET /images/cover1.jpg HTTP/1.1" 200 253658 "http://saveaslave.com/" "Mozilla/5.0 (Windows NT 6.3; WOW64; rv:41.0) Gecko/20100101 Firefox/41.0" "saveaslave.com"
37.44.93.229 - - [03/Nov/2015:11:10:33 -0800] "GET /photos/article3a.jpg HTTP/1.1" 200 12445 "http://saveaslave.com/" "Mozilla/5.0 (Windows NT 6.3; WOW64; rv:41.0) Gecko/20100101 Firefox/41.0" "saveaslave.com"
37.44.93.229 - - [03/Nov/2015:11:10:34 -0800] "GET /photos/article4.png HTTP/1.1" 200 42622 "http://saveaslave.com/" "Mozilla/5.0 (Windows NT 6.3; WOW64; rv:41.0) Gecko/20100101 Firefox/41.0" "saveaslave.com"
37.44.93.229 - - [03/Nov/2015:11:10:34 -0800] "GET /photos/article2.jpg HTTP/1.1" 200 15209 "http://saveaslave.com/" "Mozilla/5.0 (Windows NT 6.3; WOW64; rv:41.0) Gecko/20100101 Firefox/41.0" "saveaslave.com"
37.44.93.229 - - [03/Nov/2015:11:10:34 -0800] "GET /photos/article5.jpg HTTP/1.1" 200 14497 "http://saveaslave.com/" "Mozilla/5.0 (Windows NT 6.3; WOW64; rv:41.0) Gecko/20100101 Firefox/41.0" "saveaslave.com"
37.44.93.229 - - [03/Nov/2015:11:10:34 -0800] "GET /indicator.gif HTTP/1.1" 200 878 "http://saveaslave.com/" "Mozilla/5.0 (Windows NT 6.3; WOW64; rv:41.0) Gecko/20100101 Firefox/41.0" "saveaslave.com"
37.44.93.229 - - [03/Nov/2015:11:10:34 -0800] "GET /images/social1.png HTTP/1.1" 200 2012 "http://saveaslave.com/" "Mozilla/5.0 (Windows NT 6.3; WOW64; rv:41.0) Gecko/20100101 Firefox/41.0" "saveaslave.com"
37.44.93.229 - - [03/Nov/2015:11:10:34 -0800] "GET /images/social2.png HTTP/1.1" 200 1752 "http://saveaslave.com/" "Mozilla/5.0 (Windows NT 6.3; WOW64; rv:41.0) Gecko/20100101 Firefox/41.0" "saveaslave.com"
37.44.93.229 - - [03/Nov/2015:11:10:34 -0800] "GET /images/social3.png HTTP/1.1" 200 4343 "http://saveaslave.com/" "Mozilla/5.0 (Windows NT 6.3; WOW64; rv:41.0) Gecko/20100101 Firefox/41.0" "saveaslave.com"
37.44.93.229 - - [03/Nov/2015:11:10:34 -0800] "GET /images/gift_button.png HTTP/1.1" 200 27500 "http://saveaslave.com/" "Mozilla/5.0 (Windows NT 6.3; WOW64; rv:41.0) Gecko/20100101 Firefox/41.0" "saveaslave.com"
37.44.93.229 - - [03/Nov/2015:11:10:34 -0800] "GET /images/select-arrow.png HTTP/1.1" 200 1118 "http://saveaslave.com/css/style.css" "Mozilla/5.0 (Windows NT 6.3; WOW64; rv:41.0) Gecko/20100101 Firefox/41.0" "saveaslave.com"
37.44.93.229 - - [03/Nov/2015:11:10:35 -0800] "GET /css/down-arrow.png HTTP/1.1" 404 89 "http://saveaslave.com/css/elements.css" "Mozilla/5.0 (Windows NT 6.3; WOW64; rv:41.0) Gecko/20100101 Firefox/41.0" "saveaslave.com"
208.115.113.86 - - [03/Nov/2015:11:35:26 -0800] "GET /robots.txt HTTP/1.1" 200 48 "-" "Mozilla/5.0 (compatible; DotBot/1.1; http://www.opensiteexplorer.org/dotbot, help@moz.com)" "saveaslave.com"
208.115.113.86 - - [03/Nov/2015:11:35:26 -0800] "GET /robots.txt HTTP/1.1" 200 48 "-" "Mozilla/5.0 (compatible; DotBot/1.1; http://www.opensiteexplorer.org/dotbot, help@moz.com)" "www.saveaslave.com"
180.76.15.163 - - [03/Nov/2015:11:36:21 -0800] "GET /index.php HTTP/1.1" 200 52159 "-" "Mozilla/5.0 (compatible; Baiduspider/2.0; +http://www.baidu.com/search/spider.html)" "www.saveaslave.com"
73.138.171.2 - - [03/Nov/2015:11:38:54 -0800] "GET /images/countrymap/solomon-islands.gif HTTP/1.1" 404 89 "https://www.google.com/" "Mozilla/5.0 (Macintosh; Intel Mac OS X 10_10_5) AppleWebKit/537.36 (KHTML, like Gecko) Chrome/46.0.2490.71 Safari/537.36" "www.saveaslave.com"
188.165.15.204 - - [03/Nov/2015:11:41:56 -0800] "GET /palestinian-territories.html HTTP/1.1" 404 89 "-" "Mozilla/5.0 (compatible; AhrefsBot/5.0; +http://ahrefs.com/robot/)" "www.saveaslave.com"
188.165.15.204 - - [03/Nov/2015:11:53:42 -0800] "GET / HTTP/1.1" 200 52159 "-" "Mozilla/5.0 (compatible; AhrefsBot/5.0; +http://ahrefs.com/robot/)" "www.saveaslave.com"
65.36.241.48 - - [03/Nov/2015:12:00:07 -0800] "HEAD /?tpl=references&Itemid=3 HTTP/1.1" 200 0 "-" "InternetSeer.com" "www.saveaslave.com"
65.36.241.48 - - [03/Nov/2015:12:00:13 -0800] "HEAD / HTTP/1.1" 200 0 "-" "InternetSeer.com" "www.saveaslave.com"
208.115.113.86 - - [03/Nov/2015:12:30:43 -0800] "GET /fiji.html HTTP/1.1" 404 89 "-" "Mozilla/5.0 (compatible; DotBot/1.1; http://www.opensiteexplorer.org/dotbot, help@moz.com)" "www.saveaslave.com"
208.115.113.86 - - [03/Nov/2015:12:44:52 -0800] "GET /bosnia-herzegovina.html HTTP/1.1" 404 89 "-" "Mozilla/5.0 (compatible; DotBot/1.1; http://www.opensiteexplorer.org/dotbot, help@moz.com)" "saveaslave.com"
91.121.211.59 - - [03/Nov/2015:12:45:06 -0800] "GET /angola.html HTTP/1.1" 404 89 "-" "Mozilla/5.0 (compatible; MJ12bot/v1.4.5; http://www.majestic12.co.uk/bot.php?+)" "saveaslave.com"
69.30.198.242 - - [03/Nov/2015:12:47:16 -0800] "GET /robots.txt HTTP/1.1" 200 48 "-" "Mozilla/5.0 (compatible; MJ12bot/v1.4.5; http://www.majestic12.co.uk/bot.php?+)" "saveaslave.com"
69.30.198.242 - - [03/Nov/2015:12:47:18 -0800] "GET /algeria.html HTTP/1.1" 404 89 "-" "Mozilla/5.0 (compatible; MJ12bot/v1.4.5; http://www.majestic12.co.uk/bot.php?+)" "saveaslave.com"
5.178.68.237 - - [03/Nov/2015:12:55:11 -0800] "GET /wp-login.php HTTP/1.1" 200 73 "http://saveaslave.com/wp-login.php" "Mozilla/5.0 (Windows NT 6.1; WOW64) AppleWebKit/537.36 (KHTML, like Gecko) Chrome/31.0.1650.57 Safari/537.36" "saveaslave.com"
5.178.68.237 - - [03/Nov/2015:12:55:12 -0800] "GET /administrator/ HTTP/1.1" 404 89 "http://saveaslave.com/administrator/" "Mozilla/5.0 (Windows NT 6.1; WOW64) AppleWebKit/537.36 (KHTML, like Gecko) Chrome/31.0.1650.57 Safari/537.36" "saveaslave.com"
157.55.39.75 - - [03/Nov/2015:13:34:21 -0800] "GET /robots.txt HTTP/1.1" 200 48 "-" "Mozilla/5.0 (compatible; bingbot/2.0; +http://www.bing.com/bingbot.htm)" "www.saveaslave.com"
157.55.39.75 - - [03/Nov/2015:13:38:17 -0800] "GET /antigua HTTP/1.1" 404 89 "-" "msnbot-media/1.1 (+http://search.msn.com/msnbot.htm)" "www.saveaslave.com"
208.115.113.94 - - [03/Nov/2015:13:45:40 -0800] "GET /robots.txt HTTP/1.1" 200 48 "-" "Mozilla/5.0 (compatible; DotBot/1.1; http://www.opensiteexplorer.org/dotbot, help@moz.com)" "www.saveaslave.com"
180.76.15.149 - - [03/Nov/2015:13:46:07 -0800] "GET /addlink.php?page=egypt.html&lang=en HTTP/1.1" 200 15121 "-" "Mozilla/5.0 (compatible; Baiduspider/2.0; +http://www.baidu.com/search/spider.html)" "www.saveaslave.com"
207.46.13.107 - - [03/Nov/2015:13:50:53 -0800] "GET /guadeloupe HTTP/1.1" 404 89 "-" "msnbot-media/1.1 (+http://search.msn.com/msnbot.htm)" "www.saveaslave.com"
68.180.228.181 - - [03/Nov/2015:13:57:56 -0800] "GET /pakistan.html HTTP/1.1" 404 89 "-" "Mozilla/5.0 (compatible; Yahoo! Slurp; http://help.yahoo.com/help/us/ysearch/slurp)" "www.saveaslave.com"
91.20.10.254 - - [03/Nov/2015:14:09:17 -0800] "GET /chile HTTP/1.1" 404 89 "-" "Mozilla/5.0 (compatible; MJ12bot/v1.4.5; http://www.majestic12.co.uk/bot.php?+)" "saveaslave.com"
54.92.142.122 - - [03/Nov/2015:14:27:58 -0800] "GET /mexico HTTP/1.1" 404 89 "-" "Mozilla/5.0 (compatible; linkdexbot/2.0; +http://www.linkdex.com/bots/)" "saveaslave.com"
168.31.88.5 - - [03/Nov/2015:14:30:02 -0800] "GET /images/countrymap/solomon-islands.gif HTTP/1.1" 404 89 "http://www.bing.com/images/search?q=where+are+the+solomon+islands&view=detailv2&&id=6B21D4144D592BB278E567CC1C93693C15EF91B9&selectedIndex=1&ccid=FVwc1PKC&simid=608011552750963342&thid=OIP.M155c1cd4f2820c67069ec5d304b21c19H0&mode=overlay" "Mozilla/5.0 (compatible; MSIE 10.0; Windows NT 6.1; Trident/6.0)" "www.saveaslave.com"
157.55.39.75 - - [03/Nov/2015:14:30:26 -0800] "GET /sweden HTTP/1.1" 404 89 "-" "msnbot-media/1.1 (+http://search.msn.com/msnbot.htm)" "www.saveaslave.com"
180.76.15.148 - - [03/Nov/2015:14:39:58 -0800] "GET /robots.txt HTTP/1.1" 200 48 "-" "Mozilla/5.0 (Windows NT 5.1; rv:6.0.2) Gecko/20100101 Firefox/6.0.2" "www.saveaslave.com"
207.46.13.48 - - [03/Nov/2015:14:41:05 -0800] "GET /algeria HTTP/1.1" 404 89 "-" "msnbot-media/1.1 (+http://search.msn.com/msnbot.htm)" "www.saveaslave.com"
180.76.15.156 - - [03/Nov/2015:14:41:15 -0800] "GET /country.php?name=Gambia&lang=en HTTP/1.1" 200 49171 "-" "Mozilla/5.0 (compatible; Baiduspider/2.0; +http://www.baidu.com/search/spider.html)" "www.saveaslave.com"
65.36.241.48 - - [03/Nov/2015:14:50:54 -0800] "HEAD / HTTP/1.1" 200 0 "-" "InternetSeer.com" "www.saveaslave.com"
180.76.15.15 - - [03/Nov/2015:15:11:15 -0800] "GET /country.php?name=Eritrea&lang=en HTTP/1.1" 200 49496 "-" "Mozilla/5.0 (compatible; Baiduspider/2.0; +http://www.baidu.com/search/spider.html)" "www.saveaslave.com"
157.55.39.75 - - [03/Nov/2015:15:13:36 -0800] "GET /robots.txt HTTP/1.1" 200 48 "-" "Mozilla/5.0 (compatible; bingbot/2.0; +http://www.bing.com/bingbot.htm)" "www.saveaslave.com"
157.55.39.75 - - [03/Nov/2015:15:14:10 -0800] "GET /paypalbutton.html HTTP/1.1" 404 89 "-" "msnbot-media/1.1 (+http://search.msn.com/msnbot.htm)" "www.saveaslave.com"
157.55.39.75 - - [03/Nov/2015:15:20:01 -0800] "GET /alandislands HTTP/1.1" 404 89 "-" "msnbot-media/1.1 (+http://search.msn.com/msnbot.htm)" "www.saveaslave.com"
207.46.13.48 - - [03/Nov/2015:15:20:17 -0800] "GET /contact.html HTTP/1.1" 404 89 "-" "msnbot-media/1.1 (+http://search.msn.com/msnbot.htm)" "www.saveaslave.com"
72.168.98.122 - - [03/Nov/2015:15:41:37 -0800] "GET / HTTP/1.1" 200 52123 "http://r.search.yahoo.com/_ylt=AwrTHQcjRjlWdg0ADN7BGOd_;_ylu=X3oDMTByb2lvbXVuBGNvbG8DZ3ExBHBvcwMxBHZ0aWQDBHNlYwNzcg--/RV=2/RE=1446622883/RO=10/RU=http%3a%2f%2fsaveaslave.com%2f/RK=0/RS=aIQRBU_YIVSi9TJOiWY._D7wwbI-" "Mozilla/5.0 (iPad; CPU OS 8_4 like Mac OS X) AppleWebKit/600.1.4 (KHTML, like Gecko) Version/8.0 Mobile/12H143 Safari/600.1.4" "saveaslave.com"
72.168.98.122 - - [03/Nov/2015:15:41:37 -0800] "GET /css/bootstrap.min.css HTTP/1.1" 200 123578 "http://saveaslave.com/" "Mozilla/5.0 (iPad; CPU OS 8_4 like Mac OS X) AppleWebKit/600.1.4 (KHTML, like Gecko) Version/8.0 Mobile/12H143 Safari/600.1.4" "saveaslave.com"
72.168.98.122 - - [03/Nov/2015:15:41:37 -0800] "GET /assets/js/ie-emulation-modes-warning.js HTTP/1.1" 200 2130 "http://saveaslave.com/" "Mozilla/5.0 (iPad; CPU OS 8_4 like Mac OS X) AppleWebKit/600.1.4 (KHTML, like Gecko) Version/8.0 Mobile/12H143 Safari/600.1.4" "saveaslave.com"
72.168.98.122 - - [03/Nov/2015:15:41:37 -0800] "GET /gfeedfetcher.js HTTP/1.1" 200 9018 "http://saveaslave.com/" "Mozilla/5.0 (iPad; CPU OS 8_4 like Mac OS X) AppleWebKit/600.1.4 (KHTML, like Gecko) Version/8.0 Mobile/12H143 Safari/600.1.4" "saveaslave.com"
72.168.98.122 - - [03/Nov/2015:15:41:38 -0800] "GET /images/logo2.png HTTP/1.1" 200 18525 "http://saveaslave.com/" "Mozilla/5.0 (iPad; CPU OS 8_4 like Mac OS X) AppleWebKit/600.1.4 (KHTML, like Gecko) Version/8.0 Mobile/12H143 Safari/600.1.4" "saveaslave.com"
72.168.98.122 - - [03/Nov/2015:15:41:39 -0800] "GET /photos/article4.png HTTP/1.1" 200 42622 "http://saveaslave.com/" "Mozilla/5.0 (iPad; CPU OS 8_4 like Mac OS X) AppleWebKit/600.1.4 (KHTML, like Gecko) Version/8.0 Mobile/12H143 Safari/600.1.4" "saveaslave.com"
72.168.98.122 - - [03/Nov/2015:15:41:39 -0800] "GET /photos/article5.jpg HTTP/1.1" 200 14497 "http://saveaslave.com/" "Mozilla/5.0 (iPad; CPU OS 8_4 like Mac OS X) AppleWebKit/600.1.4 (KHTML, like Gecko) Version/8.0 Mobile/12H143 Safari/600.1.4" "saveaslave.com"
72.168.98.122 - - [03/Nov/2015:15:41:39 -0800] "GET /images/social3.png HTTP/1.1" 200 4343 "http://saveaslave.com/" "Mozilla/5.0 (iPad; CPU OS 8_4 like Mac OS X) AppleWebKit/600.1.4 (KHTML, like Gecko) Version/8.0 Mobile/12H143 Safari/600.1.4" "saveaslave.com"
72.170.237.251 - - [03/Nov/2015:15:41:39 -0800] "GET /js/bootstrap.min.js HTTP/1.1" 200 37055 "http://saveaslave.com/" "Mozilla/5.0 (iPad; CPU OS 8_4 like Mac OS X) AppleWebKit/600.1.4 (KHTML, like Gecko) Version/8.0 Mobile/12H143 Safari/600.1.4" "saveaslave.com"
72.170.237.251 - - [03/Nov/2015:15:41:39 -0800] "GET /assets/js/ie10-viewport-bug-workaround.js HTTP/1.1" 200 641 "http://saveaslave.com/" "Mozilla/5.0 (iPad; CPU OS 8_4 like Mac OS X) AppleWebKit/600.1.4 (KHTML, like Gecko) Version/8.0 Mobile/12H143 Safari/600.1.4" "saveaslave.com"
207.46.13.48 - - [03/Nov/2015:15:43:14 -0800] "GET /slovenia HTTP/1.1" 404 89 "-" "msnbot-media/1.1 (+http://search.msn.com/msnbot.htm)" "www.saveaslave.com"
54.162.224.26 - - [03/Nov/2015:15:43:38 -0800] "GET /bosnia-herzegovina.html HTTP/1.1" 404 89 "-" "linkapediabot (+http://www.linkapedia.com)" "saveaslave.com"
208.115.113.86 - - [03/Nov/2015:15:44:05 -0800] "GET /robots.txt HTTP/1.1" 200 48 "-" "Mozilla/5.0 (compatible; DotBot/1.1; http://www.opensiteexplorer.org/dotbot, help@moz.com)" "www.saveaslave.com"
72.170.237.71 - - [03/Nov/2015:15:45:22 -0800] "GET /js/bootstrap.min.js HTTP/1.1" 200 37055 "http://saveaslave.com/" "Mozilla/5.0 (iPad; CPU OS 8_4 like Mac OS X) AppleWebKit/600.1.4 (KHTML, like Gecko) Version/8.0 Mobile/12H143 Safari/600.1.4" "saveaslave.com"
72.170.237.71 - - [03/Nov/2015:15:45:22 -0800] "GET /assets/js/ie10-viewport-bug-workaround.js HTTP/1.1" 200 641 "http://saveaslave.com/" "Mozilla/5.0 (iPad; CPU OS 8_4 like Mac OS X) AppleWebKit/600.1.4 (KHTML, like Gecko) Version/8.0 Mobile/12H143 Safari/600.1.4" "saveaslave.com"
72.170.237.71 - - [03/Nov/2015:15:45:22 -0800] "GET /gfeedfetcher.js HTTP/1.1" 200 9018 "http://saveaslave.com/" "Mozilla/5.0 (iPad; CPU OS 8_4 like Mac OS X) AppleWebKit/600.1.4 (KHTML, like Gecko) Version/8.0 Mobile/12H143 Safari/600.1.4" "saveaslave.com"
72.170.237.71 - - [03/Nov/2015:15:45:22 -0800] "GET /photos/top.jpg HTTP/1.1" 200 50519 "http://saveaslave.com/" "Mozilla/5.0 (iPad; CPU OS 8_4 like Mac OS X) AppleWebKit/600.1.4 (KHTML, like Gecko) Version/8.0 Mobile/12H143 Safari/600.1.4" "saveaslave.com"
72.170.237.71 - - [03/Nov/2015:15:45:22 -0800] "GET /images/cover1.jpg HTTP/1.1" 200 253658 "http://saveaslave.com/" "Mozilla/5.0 (iPad; CPU OS 8_4 like Mac OS X) AppleWebKit/600.1.4 (KHTML, like Gecko) Version/8.0 Mobile/12H143 Safari/600.1.4" "saveaslave.com"
72.170.237.71 - - [03/Nov/2015:15:45:22 -0800] "GET /photos/article7.jpg HTTP/1.1" 200 15527 "http://saveaslave.com/" "Mozilla/5.0 (iPad; CPU OS 8_4 like Mac OS X) AppleWebKit/600.1.4 (KHTML, like Gecko) Version/8.0 Mobile/12H143 Safari/600.1.4" "saveaslave.com"
72.170.237.71 - - [03/Nov/2015:15:45:22 -0800] "GET /css/style.css HTTP/1.1" 200 7739 "http://saveaslave.com/" "Mozilla/5.0 (iPad; CPU OS 8_4 like Mac OS X) AppleWebKit/600.1.4 (KHTML, like Gecko) Version/8.0 Mobile/12H143 Safari/600.1.4" "saveaslave.com"
72.170.237.71 - - [03/Nov/2015:15:45:22 -0800] "GET /css/style-pages.css HTTP/1.1" 200 9167 "http://saveaslave.com/" "Mozilla/5.0 (iPad; CPU OS 8_4 like Mac OS X) AppleWebKit/600.1.4 (KHTML, like Gecko) Version/8.0 Mobile/12H143 Safari/600.1.4" "saveaslave.com"
72.170.237.71 - - [03/Nov/2015:15:45:22 -0800] "GET /photos/article1.jpg HTTP/1.1" 200 11640 "http://saveaslave.com/" "Mozilla/5.0 (iPad; CPU OS 8_4 like Mac OS X) AppleWebKit/600.1.4 (KHTML, like Gecko) Version/8.0 Mobile/12H143 Safari/600.1.4" "saveaslave.com"
72.170.237.71 - - [03/Nov/2015:15:45:22 -0800] "GET /photos/article2.jpg HTTP/1.1" 200 15209 "http://saveaslave.com/" "Mozilla/5.0 (iPad; CPU OS 8_4 like Mac OS X) AppleWebKit/600.1.4 (KHTML, like Gecko) Version/8.0 Mobile/12H143 Safari/600.1.4" "saveaslave.com"
72.170.237.71 - - [03/Nov/2015:15:45:22 -0800] "GET /assets/js/ie-emulation-modes-warning.js HTTP/1.1" 200 2130 "http://saveaslave.com/" "Mozilla/5.0 (iPad; CPU OS 8_4 like Mac OS X) AppleWebKit/600.1.4 (KHTML, like Gecko) Version/8.0 Mobile/12H143 Safari/600.1.4" "saveaslave.com"
72.170.237.71 - - [03/Nov/2015:15:45:22 -0800] "GET /photos/article3a.jpg HTTP/1.1" 200 12445 "http://saveaslave.com/" "Mozilla/5.0 (iPad; CPU OS 8_4 like Mac OS X) AppleWebKit/600.1.4 (KHTML, like Gecko) Version/8.0 Mobile/12H143 Safari/600.1.4" "saveaslave.com"
72.170.237.71 - - [03/Nov/2015:15:45:22 -0800] "GET /photos/article4.png HTTP/1.1" 200 42622 "http://saveaslave.com/" "Mozilla/5.0 (iPad; CPU OS 8_4 like Mac OS X) AppleWebKit/600.1.4 (KHTML, like Gecko) Version/8.0 Mobile/12H143 Safari/600.1.4" "saveaslave.com"
72.170.237.71 - - [03/Nov/2015:15:45:22 -0800] "GET /images/social2.png HTTP/1.1" 200 1752 "http://saveaslave.com/" "Mozilla/5.0 (iPad; CPU OS 8_4 like Mac OS X) AppleWebKit/600.1.4 (KHTML, like Gecko) Version/8.0 Mobile/12H143 Safari/600.1.4" "saveaslave.com"
72.168.98.122 - - [03/Nov/2015:15:45:22 -0800] "GET /images/gift_button.png HTTP/1.1" 200 27500 "http://saveaslave.com/" "Mozilla/5.0 (iPad; CPU OS 8_4 like Mac OS X) AppleWebKit/600.1.4 (KHTML, like Gecko) Version/8.0 Mobile/12H143 Safari/600.1.4" "saveaslave.com"
72.170.237.71 - - [03/Nov/2015:15:45:22 -0800] "GET /css/elements.css HTTP/1.1" 200 17857 "http://saveaslave.com/" "Mozilla/5.0 (iPad; CPU OS 8_4 like Mac OS X) AppleWebKit/600.1.4 (KHTML, like Gecko) Version/8.0 Mobile/12H143 Safari/600.1.4" "saveaslave.com"
72.170.237.71 - - [03/Nov/2015:15:45:22 -0800] "GET /images/social1.png HTTP/1.1" 200 2012 "http://saveaslave.com/" "Mozilla/5.0 (iPad; CPU OS 8_4 like Mac OS X) AppleWebKit/600.1.4 (KHTML, like Gecko) Version/8.0 Mobile/12H143 Safari/600.1.4" "saveaslave.com"
72.168.98.122 - - [03/Nov/2015:15:45:25 -0800] "GET /indicator.gif HTTP/1.1" 200 878 "http://saveaslave.com/" "Mozilla/5.0 (iPad; CPU OS 8_4 like Mac OS X) AppleWebKit/600.1.4 (KHTML, like Gecko) Version/8.0 Mobile/12H143 Safari/600.1.4" "saveaslave.com"
72.168.98.122 - - [03/Nov/2015:15:45:26 -0800] "GET /css/down-arrow.png HTTP/1.1" 404 89 "http://saveaslave.com/" "Mozilla/5.0 (iPad; CPU OS 8_4 like Mac OS X) AppleWebKit/600.1.4 (KHTML, like Gecko) Version/8.0 Mobile/12H143 Safari/600.1.4" "saveaslave.com"
72.168.98.122 - - [03/Nov/2015:15:45:56 -0800] "GET / HTTP/1.1" 200 52123 "http://r.search.yahoo.com/_ylt=AwrTHQcjRjlWdg0ADN7BGOd_;_ylu=X3oDMTByb2lvbXVuBGNvbG8DZ3ExBHBvcwMxBHZ0aWQDBHNlYwNzcg--/RV=2/RE=1446622883/RO=10/RU=http%3a%2f%2fsaveaslave.com%2f/RK=0/RS=aIQRBU_YIVSi9TJOiWY._D7wwbI-" "Mozilla/5.0 (iPad; CPU OS 8_4 like Mac OS X) AppleWebKit/600.1.4 (KHTML, like Gecko) Version/8.0 Mobile/12H143 Safari/600.1.4" "saveaslave.com"
