68.180.228.222 - - [01/Nov/2015:17:47:41 -0800] "GET /namibia.html HTTP/1.1" 404 89 "-" "Mozilla/5.0 (compatible; Yahoo! Slurp; http://help.yahoo.com/help/us/ysearch/slurp)" "saveaslave.com"
208.115.113.94 - - [01/Nov/2015:18:07:57 -0800] "GET /robots.txt HTTP/1.1" 200 48 "-" "Mozilla/5.0 (compatible; DotBot/1.1; http://www.opensiteexplorer.org/dotbot, help@moz.com)" "www.saveaslave.com"
208.115.113.94 - - [01/Nov/2015:18:07:57 -0800] "GET /robots.txt HTTP/1.1" 200 48 "-" "Mozilla/5.0 (compatible; DotBot/1.1; http://www.opensiteexplorer.org/dotbot, help@moz.com)" "saveaslave.com"
68.180.228.181 - - [01/Nov/2015:18:28:46 -0800] "GET /united-arab-emirates.html HTTP/1.1" 404 89 "-" "Mozilla/5.0 (compatible; Yahoo! Slurp; http://help.yahoo.com/help/us/ysearch/slurp)" "www.saveaslave.com"
68.180.228.181 - - [01/Nov/2015:18:28:46 -0800] "GET /saint-kitts-nevis.html HTTP/1.1" 404 89 "-" "Mozilla/5.0 (compatible; Yahoo! Slurp; http://help.yahoo.com/help/us/ysearch/slurp)" "www.saveaslave.com"
65.36.241.48 - - [01/Nov/2015:18:36:44 -0800] "HEAD /?tpl=references&Itemid=3 HTTP/1.1" 200 0 "-" "InternetSeer.com" "www.saveaslave.com"
65.36.241.48 - - [01/Nov/2015:18:38:02 -0800] "HEAD / HTTP/1.1" 200 0 "-" "InternetSeer.com" "www.saveaslave.com"
195.154.157.47 - - [01/Nov/2015:18:44:19 -0800] "GET /contact-us.php HTTP/1.1" 200 30021 "-" "Mozilla/5.0 (compatible; MJ12bot/v1.4.5; http://www.majestic12.co.uk/bot.php?+)" "www.saveaslave.com"
195.154.157.47 - - [01/Nov/2015:18:44:21 -0800] "GET /disclaimer.php HTTP/1.1" 200 49666 "-" "Mozilla/5.0 (compatible; MJ12bot/v1.4.5; http://www.majestic12.co.uk/bot.php?+)" "www.saveaslave.com"
195.154.157.47 - - [01/Nov/2015:18:44:25 -0800] "GET /news2.php HTTP/1.1" 200 35017 "-" "Mozilla/5.0 (compatible; MJ12bot/v1.4.5; http://www.majestic12.co.uk/bot.php?+)" "www.saveaslave.com"
195.154.157.47 - - [01/Nov/2015:18:44:26 -0800] "GET /news3.php HTTP/1.1" 200 52071 "-" "Mozilla/5.0 (compatible; MJ12bot/v1.4.5; http://www.majestic12.co.uk/bot.php?+)" "www.saveaslave.com"
66.249.69.73 - - [01/Nov/2015:18:45:07 -0800] "GET /solomon-islands.html HTTP/1.1" 404 89 "-" "Mozilla/5.0 (compatible; Googlebot/2.1; +http://www.google.com/bot.html)" "www.saveaslave.com"
188.165.15.204 - - [01/Nov/2015:18:45:33 -0800] "GET /svalbard.html HTTP/1.1" 404 89 "-" "Mozilla/5.0 (compatible; AhrefsBot/5.0; +http://ahrefs.com/robot/)" "www.saveaslave.com"
141.8.143.158 - - [01/Nov/2015:18:45:50 -0800] "GET /poland.html HTTP/1.1" 404 89 "-" "Mozilla/5.0 (compatible; YandexBot/3.0; +http://yandex.com/bots)" "saveaslave.com"
72.239.86.191 - - [01/Nov/2015:18:47:25 -0800] "GET /photos/article2.jpg HTTP/1.1" 200 15209 "http://dudamobile.saveaslave.com/" "Mozilla/5.0 (iPhone; CPU iPhone OS 9_1 like Mac OS X) AppleWebKit/601.1.46 (KHTML, like Gecko) Mobile/13B143 Twitter for iPhone" "saveaslave.com"
72.239.86.191 - - [01/Nov/2015:18:47:25 -0800] "GET /photos/article1.jpg HTTP/1.1" 200 11640 "http://dudamobile.saveaslave.com/" "Mozilla/5.0 (iPhone; CPU iPhone OS 9_1 like Mac OS X) AppleWebKit/601.1.46 (KHTML, like Gecko) Mobile/13B143 Twitter for iPhone" "saveaslave.com"
72.239.86.191 - - [01/Nov/2015:18:47:25 -0800] "GET /images/gift_button.png HTTP/1.1" 200 27500 "http://dudamobile.saveaslave.com/" "Mozilla/5.0 (iPhone; CPU iPhone OS 9_1 like Mac OS X) AppleWebKit/601.1.46 (KHTML, like Gecko) Mobile/13B143 Twitter for iPhone" "saveaslave.com"
72.239.86.191 - - [01/Nov/2015:18:47:25 -0800] "GET /images/social1.png HTTP/1.1" 200 2012 "http://dudamobile.saveaslave.com/" "Mozilla/5.0 (iPhone; CPU iPhone OS 9_1 like Mac OS X) AppleWebKit/601.1.46 (KHTML, like Gecko) Mobile/13B143 Twitter for iPhone" "saveaslave.com"
72.239.86.191 - - [01/Nov/2015:18:47:25 -0800] "GET /images/cover1.jpg HTTP/1.1" 200 253658 "http://dudamobile.saveaslave.com/" "Mozilla/5.0 (iPhone; CPU iPhone OS 9_1 like Mac OS X) AppleWebKit/601.1.46 (KHTML, like Gecko) Mobile/13B143 Twitter for iPhone" "saveaslave.com"
72.239.86.191 - - [01/Nov/2015:18:47:25 -0800] "GET /images/social2.png HTTP/1.1" 200 1752 "http://dudamobile.saveaslave.com/" "Mozilla/5.0 (iPhone; CPU iPhone OS 9_1 like Mac OS X) AppleWebKit/601.1.46 (KHTML, like Gecko) Mobile/13B143 Twitter for iPhone" "saveaslave.com"
72.239.86.191 - - [01/Nov/2015:18:47:25 -0800] "GET /photos/article3a.jpg HTTP/1.1" 200 12445 "http://dudamobile.saveaslave.com/" "Mozilla/5.0 (iPhone; CPU iPhone OS 9_1 like Mac OS X) AppleWebKit/601.1.46 (KHTML, like Gecko) Mobile/13B143 Twitter for iPhone" "saveaslave.com"
72.239.86.191 - - [01/Nov/2015:18:51:36 -0800] "GET /photos/article6.jpg HTTP/1.1" 200 57746 "http://dudamobile.saveaslave.com/" "Mozilla/5.0 (iPhone; CPU iPhone OS 9_1 like Mac OS X) AppleWebKit/601.1.46 (KHTML, like Gecko) Mobile/13B143 Twitter for iPhone" "saveaslave.com"
100.43.91.10 - - [01/Nov/2015:19:12:48 -0800] "GET /poland.html HTTP/1.1" 404 89 "-" "Mozilla/5.0 (compatible; YandexBot/3.0; +http://yandex.com/bots)" "saveaslave.com"
65.36.241.48 - - [01/Nov/2015:19:56:58 -0800] "HEAD / HTTP/1.1" 200 0 "-" "InternetSeer.com" "www.saveaslave.com"
98.237.10.180 - - [01/Nov/2015:19:58:41 -0800] "GET /images/countrymap/solomon-islands.gif HTTP/1.1" 404 89 "http://www.bing.com/images/search?q=solomon+islands+map&view=detailv2&&id=BE9278C61A6FCA10970EEE61086F755C4AB4CCB4&selectedIndex=0&ccid=%2b0GgVLKF&simid=608027538636933717&thid=OIP.Mfb41a054b2856b99d6b0417d42a1d859H0&mode=overlay" "Mozilla/5.0 (Windows NT 6.1; WOW64) AppleWebKit/537.36 (KHTML, like Gecko) Chrome/46.0.2490.71 Safari/537.36" "www.saveaslave.com"
208.115.113.94 - - [01/Nov/2015:20:09:54 -0800] "GET /zambia.html HTTP/1.1" 404 89 "-" "Mozilla/5.0 (compatible; DotBot/1.1; http://www.opensiteexplorer.org/dotbot, help@moz.com)" "www.saveaslave.com"
141.8.143.208 - - [01/Nov/2015:20:29:47 -0800] "GET /poland.html HTTP/1.1" 404 89 "-" "Mozilla/5.0 (compatible; YandexBot/3.0; +http://yandex.com/bots)" "saveaslave.com"
88.198.16.153 - - [01/Nov/2015:20:37:59 -0800] "GET /robots.txt HTTP/1.1" 200 48 "-" "Mozilla/5.0 (compatible; MJ12bot/v1.4.5; http://www.majestic12.co.uk/bot.php?+)" "www.saveaslave.com"
88.198.16.153 - - [01/Nov/2015:20:38:02 -0800] "GET /?tpl=realestate&Itemid=5 HTTP/1.1" 200 52159 "-" "Mozilla/5.0 (compatible; MJ12bot/v1.4.5; http://www.majestic12.co.uk/bot.php?+)" "www.saveaslave.com"
188.165.15.204 - - [01/Nov/2015:20:45:05 -0800] "GET /saudi-arabia.html HTTP/1.1" 404 89 "-" "Mozilla/5.0 (compatible; AhrefsBot/5.0; +http://ahrefs.com/robot/)" "www.saveaslave.com"
188.165.15.204 - - [01/Nov/2015:20:46:20 -0800] "GET / HTTP/1.1" 200 52159 "-" "Mozilla/5.0 (compatible; AhrefsBot/5.0; +http://ahrefs.com/robot/)" "www.saveaslave.com"
188.165.15.204 - - [01/Nov/2015:21:02:38 -0800] "GET /bangladesh.html HTTP/1.1" 404 89 "-" "Mozilla/5.0 (compatible; AhrefsBot/5.0; +http://ahrefs.com/robot/)" "saveaslave.com"
65.36.241.48 - - [01/Nov/2015:21:18:33 -0800] "HEAD / HTTP/1.1" 200 0 "-" "InternetSeer.com" "www.saveaslave.com"
66.249.75.251 - - [01/Nov/2015:21:37:14 -0800] "GET /images/countrymap/cuba.jpg HTTP/1.1" 404 89 "-" "Googlebot-Image/1.0" "saveaslave.com"
208.115.113.94 - - [01/Nov/2015:21:47:48 -0800] "GET /robots.txt HTTP/1.1" 200 48 "-" "Mozilla/5.0 (compatible; DotBot/1.1; http://www.opensiteexplorer.org/dotbot, help@moz.com)" "saveaslave.com"
208.115.113.94 - - [01/Nov/2015:21:47:48 -0800] "GET /robots.txt HTTP/1.1" 200 48 "-" "Mozilla/5.0 (compatible; DotBot/1.1; http://www.opensiteexplorer.org/dotbot, help@moz.com)" "www.saveaslave.com"
141.8.143.208 - - [01/Nov/2015:22:04:48 -0800] "GET /addlink.php?page=index.html HTTP/1.1" 200 15121 "-" "Mozilla/5.0 (compatible; YandexBot/3.0; +http://yandex.com/bots)" "saveaslave.com"
23.23.242.178 - - [01/Nov/2015:22:18:22 -0800] "GET / HTTP/1.1" 200 52159 "-" "Mozilla/5.0 (Windows; U; Windows NT 5.1; en-US; rv:1.9.2.8) Gecko/20100722 Firefox/3.6.8" "saveaslave.com"
126.255.3.184 - - [01/Nov/2015:22:18:23 -0800] "GET /photos/article2.jpg HTTP/1.1" 200 15209 "http://dudamobile.saveaslave.com/" "Mozilla/5.0 (iPhone; CPU iPhone OS 9_0 like Mac OS X) AppleWebKit/601.1.46 (KHTML, like Gecko) Version/9.0 Mobile/13A342 Safari/601.1" "saveaslave.com"
126.255.3.184 - - [01/Nov/2015:22:18:23 -0800] "GET /photos/article7.jpg HTTP/1.1" 200 15527 "http://dudamobile.saveaslave.com/" "Mozilla/5.0 (iPhone; CPU iPhone OS 9_0 like Mac OS X) AppleWebKit/601.1.46 (KHTML, like Gecko) Version/9.0 Mobile/13A342 Safari/601.1" "saveaslave.com"
126.255.3.184 - - [01/Nov/2015:22:18:23 -0800] "GET /photos/top.jpg HTTP/1.1" 200 50519 "http://dudamobile.saveaslave.com/" "Mozilla/5.0 (iPhone; CPU iPhone OS 9_0 like Mac OS X) AppleWebKit/601.1.46 (KHTML, like Gecko) Version/9.0 Mobile/13A342 Safari/601.1" "saveaslave.com"
126.255.3.184 - - [01/Nov/2015:22:18:24 -0800] "GET /photos/article3a.jpg HTTP/1.1" 200 12445 "http://dudamobile.saveaslave.com/" "Mozilla/5.0 (iPhone; CPU iPhone OS 9_0 like Mac OS X) AppleWebKit/601.1.46 (KHTML, like Gecko) Version/9.0 Mobile/13A342 Safari/601.1" "saveaslave.com"
126.255.3.184 - - [01/Nov/2015:22:18:24 -0800] "GET /images/social1.png HTTP/1.1" 200 2012 "http://dudamobile.saveaslave.com/" "Mozilla/5.0 (iPhone; CPU iPhone OS 9_0 like Mac OS X) AppleWebKit/601.1.46 (KHTML, like Gecko) Version/9.0 Mobile/13A342 Safari/601.1" "saveaslave.com"
126.255.3.184 - - [01/Nov/2015:22:18:24 -0800] "GET /images/social3.png HTTP/1.1" 200 4343 "http://dudamobile.saveaslave.com/" "Mozilla/5.0 (iPhone; CPU iPhone OS 9_0 like Mac OS X) AppleWebKit/601.1.46 (KHTML, like Gecko) Version/9.0 Mobile/13A342 Safari/601.1" "saveaslave.com"
126.255.3.184 - - [01/Nov/2015:22:18:24 -0800] "GET /images/gift_button.png HTTP/1.1" 200 27500 "http://dudamobile.saveaslave.com/" "Mozilla/5.0 (iPhone; CPU iPhone OS 9_0 like Mac OS X) AppleWebKit/601.1.46 (KHTML, like Gecko) Version/9.0 Mobile/13A342 Safari/601.1" "saveaslave.com"
23.23.242.178 - - [01/Nov/2015:22:18:29 -0800] "GET /who-we-are.php HTTP/1.1" 200 52517 "-" "Mozilla/5.0 (Windows; U; Windows NT 5.1; en-US; rv:1.9.2.8) Gecko/20100722 Firefox/3.6.8" "saveaslave.com"
126.255.3.184 - - [01/Nov/2015:22:18:30 -0800] "GET /photos/top-1.jpg HTTP/1.1" 200 77341 "http://dudamobile.saveaslave.com/" "Mozilla/5.0 (iPhone; CPU iPhone OS 9_0 like Mac OS X) AppleWebKit/601.1.46 (KHTML, like Gecko) Version/9.0 Mobile/13A342 Safari/601.1" "saveaslave.com"
46.4.89.35 - - [01/Nov/2015:22:25:14 -0800] "GET /robots.txt HTTP/1.1" 200 48 "-" "Mozilla/5.0 (compatible; MJ12bot/v1.4.5; http://www.majestic12.co.uk/bot.php?+)" "saveaslave.com"
46.4.89.35 - - [01/Nov/2015:22:25:17 -0800] "GET /argentina.html HTTP/1.1" 404 89 "-" "Mozilla/5.0 (compatible; MJ12bot/v1.4.5; http://www.majestic12.co.uk/bot.php?+)" "saveaslave.com"
46.4.89.35 - - [01/Nov/2015:22:25:20 -0800] "GET /armenia.html HTTP/1.1" 404 89 "-" "Mozilla/5.0 (compatible; MJ12bot/v1.4.5; http://www.majestic12.co.uk/bot.php?+)" "saveaslave.com"
46.4.89.35 - - [01/Nov/2015:22:25:23 -0800] "GET /aruba.html HTTP/1.1" 404 89 "-" "Mozilla/5.0 (compatible; MJ12bot/v1.4.5; http://www.majestic12.co.uk/bot.php?+)" "saveaslave.com"
180.76.15.160 - - [01/Nov/2015:22:28:12 -0800] "GET / HTTP/1.1" 200 52159 "-" "Mozilla/5.0 (compatible; Baiduspider/2.0; +http://www.baidu.com/search/spider.html)" "www.saveaslave.com"
68.180.228.181 - - [01/Nov/2015:22:32:22 -0800] "GET /italy.html HTTP/1.1" 404 89 "-" "Mozilla/5.0 (compatible; Yahoo! Slurp; http://help.yahoo.com/help/us/ysearch/slurp)" "www.saveaslave.com"
68.180.228.181 - - [01/Nov/2015:22:40:41 -0800] "GET /georgia.html HTTP/1.1" 404 89 "-" "Mozilla/5.0 (compatible; Yahoo! Slurp; http://help.yahoo.com/help/us/ysearch/slurp)" "www.saveaslave.com"
180.76.15.157 - - [01/Nov/2015:22:43:11 -0800] "GET /countries/estonia.html HTTP/1.1" 404 89 "-" "Mozilla/5.0 (compatible; Baiduspider/2.0; +http://www.baidu.com/search/spider.html)" "www.saveaslave.com"
208.115.113.86 - - [01/Nov/2015:22:51:38 -0800] "GET /guatemala HTTP/1.1" 404 89 "-" "Mozilla/5.0 (compatible; DotBot/1.1; http://www.opensiteexplorer.org/dotbot, help@moz.com)" "www.saveaslave.com"
208.115.113.86 - - [01/Nov/2015:22:51:38 -0800] "GET /pakistan HTTP/1.1" 404 89 "-" "Mozilla/5.0 (compatible; DotBot/1.1; http://www.opensiteexplorer.org/dotbot, help@moz.com)" "saveaslave.com"
208.115.113.86 - - [01/Nov/2015:22:51:38 -0800] "GET /malta HTTP/1.1" 404 89 "-" "Mozilla/5.0 (compatible; DotBot/1.1; http://www.opensiteexplorer.org/dotbot, help@moz.com)" "www.saveaslave.com"
208.115.113.86 - - [01/Nov/2015:22:51:39 -0800] "GET /namibia HTTP/1.1" 404 89 "-" "Mozilla/5.0 (compatible; DotBot/1.1; http://www.opensiteexplorer.org/dotbot, help@moz.com)" "www.saveaslave.com"
65.36.241.48 - - [01/Nov/2015:22:56:30 -0800] "HEAD / HTTP/1.1" 200 0 "-" "InternetSeer.com" "www.saveaslave.com"
180.76.15.24 - - [01/Nov/2015:22:58:11 -0800] "GET /lesotho.html HTTP/1.1" 404 89 "-" "Mozilla/5.0 (compatible; Baiduspider/2.0; +http://www.baidu.com/search/spider.html)" "www.saveaslave.com"
203.133.171.37 - - [01/Nov/2015:23:01:05 -0800] "GET / HTTP/1.1" 200 52159 "-" "Mozilla/5.0 (compatible; MSIE or Firefox mutant; not on Windows server;) Daumoa 4.0" "www.saveaslave.com"
208.115.113.94 - - [01/Nov/2015:23:04:57 -0800] "GET /who-we-are.php HTTP/1.1" 200 52517 "-" "Mozilla/5.0 (compatible; DotBot/1.1; http://www.opensiteexplorer.org/dotbot, help@moz.com)" "www.saveaslave.com"
203.133.171.72 - - [01/Nov/2015:23:13:10 -0800] "GET / HTTP/1.1" 200 52159 "-" "Mozilla/5.0 (compatible; MSIE or Firefox mutant; not on Windows server;) Daumoa 4.0" "saveaslave.com"
180.76.15.30 - - [01/Nov/2015:23:13:11 -0800] "GET /turkmenistan.html HTTP/1.1" 404 89 "-" "Mozilla/5.0 (compatible; Baiduspider/2.0; +http://www.baidu.com/search/spider.html)" "www.saveaslave.com"
123.125.71.13 - - [01/Nov/2015:23:13:57 -0800] "GET /guinea-bissau.html HTTP/1.1" 404 89 "-" "Mozilla/5.0 (compatible; Baiduspider/2.0; +http://www.baidu.com/search/spider.html)" "www.saveaslave.com"
66.249.84.158 - - [01/Nov/2015:23:15:06 -0800] "GET / HTTP/1.1" 200 52159 "-" "Google favicon" "saveaslave.com"
66.249.84.158 - - [01/Nov/2015:23:15:07 -0800] "GET /favicon.ico HTTP/1.1" 404 89 "-" "Google favicon" "saveaslave.com"
208.115.113.94 - - [01/Nov/2015:23:16:42 -0800] "GET /chad.html HTTP/1.1" 404 89 "-" "Mozilla/5.0 (compatible; DotBot/1.1; http://www.opensiteexplorer.org/dotbot, help@moz.com)" "saveaslave.com"
68.180.228.181 - - [01/Nov/2015:23:35:48 -0800] "GET /china.html HTTP/1.1" 404 89 "-" "Mozilla/5.0 (compatible; Yahoo! Slurp; http://help.yahoo.com/help/us/ysearch/slurp)" "www.saveaslave.com"
68.180.228.181 - - [01/Nov/2015:23:40:08 -0800] "GET /greece.html HTTP/1.1" 404 89 "-" "Mozilla/5.0 (compatible; Yahoo! Slurp; http://help.yahoo.com/help/us/ysearch/slurp)" "www.saveaslave.com"
220.181.108.109 - - [01/Nov/2015:23:47:17 -0800] "GET /west-bank.html HTTP/1.1" 404 89 "-" "Mozilla/5.0 (compatible; Baiduspider/2.0; +http://www.baidu.com/search/spider.html)" "www.saveaslave.com"
68.180.228.181 - - [01/Nov/2015:23:55:35 -0800] "GET /tajikistan.html HTTP/1.1" 404 89 "-" "Mozilla/5.0 (compatible; Yahoo! Slurp; http://help.yahoo.com/help/us/ysearch/slurp)" "www.saveaslave.com"
157.55.39.46 - - [02/Nov/2015:00:07:05 -0800] "GET /robots.txt HTTP/1.1" 200 48 "-" "Mozilla/5.0 (compatible; bingbot/2.0; +http://www.bing.com/bingbot.htm)" "saveaslave.com"
220.181.108.78 - - [02/Nov/2015:00:20:39 -0800] "GET / HTTP/1.1" 200 52159 "-" "Mozilla/5.0 (compatible; Baiduspider/2.0; +http://www.baidu.com/search/spider.html)" "www.saveaslave.com"
207.46.13.4 - - [02/Nov/2015:00:31:44 -0800] "GET /robots.txt HTTP/1.1" 200 48 "-" "Mozilla/5.0 (compatible; bingbot/2.0; +http://www.bing.com/bingbot.htm)" "saveaslave.com"
208.115.113.86 - - [02/Nov/2015:00:39:39 -0800] "GET /robots.txt HTTP/1.1" 200 48 "-" "Mozilla/5.0 (compatible; DotBot/1.1; http://www.opensiteexplorer.org/dotbot, help@moz.com)" "www.saveaslave.com"
208.115.113.86 - - [02/Nov/2015:00:39:39 -0800] "GET /robots.txt HTTP/1.1" 200 48 "-" "Mozilla/5.0 (compatible; DotBot/1.1; http://www.opensiteexplorer.org/dotbot, help@moz.com)" "saveaslave.com"
157.55.39.232 - - [02/Nov/2015:00:58:22 -0800] "GET /images/slaves.jpg HTTP/1.1" 404 89 "-" "Mozilla/5.0 (compatible; bingbot/2.0; +http://www.bing.com/bingbot.htm)" "saveaslave.com"
65.36.241.48 - - [02/Nov/2015:00:59:08 -0800] "HEAD / HTTP/1.1" 200 0 "-" "InternetSeer.com" "www.saveaslave.com"
157.55.39.231 - - [02/Nov/2015:01:07:36 -0800] "GET /images/countrymap/zambia.jpg HTTP/1.1" 404 89 "-" "Mozilla/5.0 (compatible; bingbot/2.0; +http://www.bing.com/bingbot.htm)" "www.saveaslave.com"
157.55.39.231 - - [02/Nov/2015:01:07:36 -0800] "GET /images/countrymap/swaziland-flag.gif HTTP/1.1" 404 89 "-" "Mozilla/5.0 (compatible; bingbot/2.0; +http://www.bing.com/bingbot.htm)" "www.saveaslave.com"
157.55.39.231 - - [02/Nov/2015:01:07:37 -0800] "GET /images/countrymap/estonia.gif HTTP/1.1" 404 89 "-" "Mozilla/5.0 (compatible; bingbot/2.0; +http://www.bing.com/bingbot.htm)" "www.saveaslave.com"
157.55.39.231 - - [02/Nov/2015:01:07:46 -0800] "GET /images/countrymap/west-bank-flag.png HTTP/1.1" 404 89 "-" "Mozilla/5.0 (compatible; bingbot/2.0; +http://www.bing.com/bingbot.htm)" "saveaslave.com"
157.55.39.231 - - [02/Nov/2015:01:07:46 -0800] "GET /images/countrymap/sao-tome-principe-flag.gif HTTP/1.1" 404 89 "-" "Mozilla/5.0 (compatible; bingbot/2.0; +http://www.bing.com/bingbot.htm)" "saveaslave.com"
157.55.39.231 - - [02/Nov/2015:01:07:47 -0800] "GET /images/countrymap/gabon-flag.gif HTTP/1.1" 404 89 "-" "Mozilla/5.0 (compatible; bingbot/2.0; +http://www.bing.com/bingbot.htm)" "saveaslave.com"
157.55.39.231 - - [02/Nov/2015:01:07:47 -0800] "GET /images/countrymap/austria.gif HTTP/1.1" 404 89 "-" "Mozilla/5.0 (compatible; bingbot/2.0; +http://www.bing.com/bingbot.htm)" "saveaslave.com"
157.55.39.231 - - [02/Nov/2015:01:07:47 -0800] "GET /images/countrymap/finland.jpg HTTP/1.1" 404 89 "-" "Mozilla/5.0 (compatible; bingbot/2.0; +http://www.bing.com/bingbot.htm)" "saveaslave.com"
157.55.39.231 - - [02/Nov/2015:01:07:47 -0800] "GET /images/countrymap/kosovo-flag.jpg HTTP/1.1" 404 89 "-" "Mozilla/5.0 (compatible; bingbot/2.0; +http://www.bing.com/bingbot.htm)" "saveaslave.com"
157.55.39.232 - - [02/Nov/2015:01:08:11 -0800] "GET /images/countrymap/pakistan.gif HTTP/1.1" 404 89 "-" "Mozilla/5.0 (compatible; bingbot/2.0; +http://www.bing.com/bingbot.htm)" "www.saveaslave.com"
157.55.39.232 - - [02/Nov/2015:01:08:21 -0800] "GET /images/countrymap/united-states-flag.gif HTTP/1.1" 404 89 "-" "Mozilla/5.0 (compatible; bingbot/2.0; +http://www.bing.com/bingbot.htm)" "saveaslave.com"
117.169.1.56 - - [02/Nov/2015:01:08:35 -0800] "GET /country.php?name=Italy&lang=en HTTP/1.1" 200 48974 "http://saveaslave.com/" "Mozilla/5.0 (Windows NT 6.1; WOW64; rv:33.0) Gecko/20100101 Firefox/33.0" "saveaslave.com"
68.180.228.181 - - [02/Nov/2015:01:15:13 -0800] "GET /israel.html HTTP/1.1" 404 89 "-" "Mozilla/5.0 (compatible; Yahoo! Slurp; http://help.yahoo.com/help/us/ysearch/slurp)" "www.saveaslave.com"
68.180.228.181 - - [02/Nov/2015:01:24:10 -0800] "GET /western-sahara.html HTTP/1.1" 404 89 "-" "Mozilla/5.0 (compatible; Yahoo! Slurp; http://help.yahoo.com/help/us/ysearch/slurp)" "www.saveaslave.com"
68.180.228.181 - - [02/Nov/2015:01:25:14 -0800] "GET /kenya.html HTTP/1.1" 404 89 "-" "Mozilla/5.0 (compatible; Yahoo! Slurp; http://help.yahoo.com/help/us/ysearch/slurp)" "www.saveaslave.com"
54.243.48.119 - - [02/Nov/2015:01:31:45 -0800] "GET /contact-us.php HTTP/1.1" 200 30021 "-" "Mozilla/5.0 (Windows; U; Windows NT 5.1; en-US; rv:1.9.2.8) Gecko/20100722 Firefox/3.6.8" "www.saveaslave.com"
207.46.13.107 - - [02/Nov/2015:01:38:53 -0800] "GET /panama.html HTTP/1.1" 404 89 "-" "Mozilla/5.0 (compatible; bingbot/2.0; +http://www.bing.com/bingbot.htm)" "saveaslave.com"
157.55.39.213 - - [02/Nov/2015:01:40:20 -0800] "GET /images/countrymap/germany.gif HTTP/1.1" 404 89 "-" "Mozilla/5.0 (compatible; bingbot/2.0; +http://www.bing.com/bingbot.htm)" "www.saveaslave.com"
141.8.143.198 - - [02/Nov/2015:01:45:42 -0800] "GET /malaysia.html HTTP/1.1" 404 89 "-" "Mozilla/5.0 (compatible; YandexBot/3.0; +http://yandex.com/bots)" "saveaslave.com"
208.115.113.94 - - [02/Nov/2015:01:57:14 -0800] "GET /robots.txt HTTP/1.1" 200 48 "-" "Mozilla/5.0 (compatible; DotBot/1.1; http://www.opensiteexplorer.org/dotbot, help@moz.com)" "saveaslave.com"
208.115.113.94 - - [02/Nov/2015:01:57:14 -0800] "GET /robots.txt HTTP/1.1" 200 48 "-" "Mozilla/5.0 (compatible; DotBot/1.1; http://www.opensiteexplorer.org/dotbot, help@moz.com)" "www.saveaslave.com"
61.135.189.101 - - [02/Nov/2015:02:03:24 -0800] "GET /site/?feed=rss2&cat=185 HTTP/1.1" 404 89 "-" "Sogou web spider/4.0(+http://www.sogou.com/docs/help/webmasters.htm#07)" "saveaslave.com"
61.135.189.101 - - [02/Nov/2015:02:04:29 -0800] "GET /site/?cat=28 HTTP/1.1" 404 89 "-" "Sogou web spider/4.0(+http://www.sogou.com/docs/help/webmasters.htm#07)" "saveaslave.com"
66.249.75.251 - - [02/Nov/2015:02:06:36 -0800] "GET /images/countrymap/algeria-flag.gif HTTP/1.1" 404 89 "-" "Googlebot-Image/1.0" "saveaslave.com"
68.180.228.181 - - [02/Nov/2015:02:08:59 -0800] "GET /equatorial-guinea.html HTTP/1.1" 404 89 "-" "Mozilla/5.0 (compatible; Yahoo! Slurp; http://help.yahoo.com/help/us/ysearch/slurp)" "www.saveaslave.com"
157.55.39.65 - - [02/Nov/2015:02:16:11 -0800] "GET /ukraine.html HTTP/1.1" 404 89 "-" "Mozilla/5.0 (compatible; bingbot/2.0; +http://www.bing.com/bingbot.htm)" "saveaslave.com"
65.36.241.48 - - [02/Nov/2015:02:38:47 -0800] "HEAD / HTTP/1.1" 200 0 "-" "InternetSeer.com" "www.saveaslave.com"
208.115.113.86 - - [02/Nov/2015:02:50:42 -0800] "GET /costarica.html HTTP/1.1" 404 89 "-" "Mozilla/5.0 (compatible; DotBot/1.1; http://www.opensiteexplorer.org/dotbot, help@moz.com)" "www.saveaslave.com"
208.115.113.86 - - [02/Nov/2015:02:50:42 -0800] "GET /dominica HTTP/1.1" 404 89 "-" "Mozilla/5.0 (compatible; DotBot/1.1; http://www.opensiteexplorer.org/dotbot, help@moz.com)" "saveaslave.com"
208.115.113.86 - - [02/Nov/2015:02:50:42 -0800] "GET /germany HTTP/1.1" 404 89 "-" "Mozilla/5.0 (compatible; DotBot/1.1; http://www.opensiteexplorer.org/dotbot, help@moz.com)" "saveaslave.com"
208.115.113.86 - - [02/Nov/2015:02:50:42 -0800] "GET /cuba HTTP/1.1" 404 89 "-" "Mozilla/5.0 (compatible; DotBot/1.1; http://www.opensiteexplorer.org/dotbot, help@moz.com)" "www.saveaslave.com"
208.115.113.86 - - [02/Nov/2015:02:50:42 -0800] "GET /honduras HTTP/1.1" 404 89 "-" "Mozilla/5.0 (compatible; DotBot/1.1; http://www.opensiteexplorer.org/dotbot, help@moz.com)" "saveaslave.com"
208.115.113.86 - - [02/Nov/2015:02:50:42 -0800] "GET /jordan HTTP/1.1" 404 89 "-" "Mozilla/5.0 (compatible; DotBot/1.1; http://www.opensiteexplorer.org/dotbot, help@moz.com)" "www.saveaslave.com"
208.115.113.86 - - [02/Nov/2015:02:50:42 -0800] "GET /malta HTTP/1.1" 404 89 "-" "Mozilla/5.0 (compatible; DotBot/1.1; http://www.opensiteexplorer.org/dotbot, help@moz.com)" "saveaslave.com"
208.115.113.86 - - [02/Nov/2015:02:50:43 -0800] "GET /newzealand HTTP/1.1" 404 89 "-" "Mozilla/5.0 (compatible; DotBot/1.1; http://www.opensiteexplorer.org/dotbot, help@moz.com)" "saveaslave.com"
208.115.113.86 - - [02/Nov/2015:02:50:43 -0800] "GET /stpierre.html HTTP/1.1" 404 89 "-" "Mozilla/5.0 (compatible; DotBot/1.1; http://www.opensiteexplorer.org/dotbot, help@moz.com)" "www.saveaslave.com"
208.115.113.86 - - [02/Nov/2015:02:50:43 -0800] "GET /uganda HTTP/1.1" 404 89 "-" "Mozilla/5.0 (compatible; DotBot/1.1; http://www.opensiteexplorer.org/dotbot, help@moz.com)" "www.saveaslave.com"
188.26.181.71 - - [02/Nov/2015:02:55:21 -0800] "GET /site/?page_id=28 HTTP/1.1" 404 89 "http://saveaslave.com/" "Mozilla/5.0 (Windows NT 6.1; WOW64; rv:33.0) Gecko/20100101 Firefox/33.0" "saveaslave.com"
188.26.181.71 - - [02/Nov/2015:02:55:23 -0800] "GET / HTTP/1.1" 200 52159 "http://saveaslave.com" "Mozilla/5.0 (Windows NT 6.1; WOW64; rv:33.0) Gecko/20100101 Firefox/33.0" "saveaslave.com"
69.30.213.18 - - [02/Nov/2015:03:12:19 -0800] "GET /robots.txt HTTP/1.1" 200 48 "-" "Mozilla/5.0 (compatible; MJ12bot/v1.4.5; http://www.majestic12.co.uk/bot.php?+)" "saveaslave.com"
69.30.213.18 - - [02/Nov/2015:03:12:22 -0800] "GET /bolivia HTTP/1.1" 404 89 "-" "Mozilla/5.0 (compatible; MJ12bot/v1.4.5; http://www.majestic12.co.uk/bot.php?+)" "saveaslave.com"
69.30.213.18 - - [02/Nov/2015:03:12:23 -0800] "GET /burundi HTTP/1.1" 404 89 "-" "Mozilla/5.0 (compatible; MJ12bot/v1.4.5; http://www.majestic12.co.uk/bot.php?+)" "saveaslave.com"
69.30.213.18 - - [02/Nov/2015:03:12:24 -0800] "GET /chad HTTP/1.1" 404 89 "-" "Mozilla/5.0 (compatible; MJ12bot/v1.4.5; http://www.majestic12.co.uk/bot.php?+)" "saveaslave.com"
23.23.242.178 - - [02/Nov/2015:03:27:04 -0800] "GET /who-we-are.php HTTP/1.1" 200 52517 "-" "Mozilla/5.0 (Windows; U; Windows NT 5.1; en-US; rv:1.9.2.8) Gecko/20100722 Firefox/3.6.8" "www.saveaslave.com"
188.165.208.29 - - [02/Nov/2015:03:39:41 -0800] "GET /robots.txt HTTP/1.1" 200 48 "-" "" "www.saveaslave.com"
188.165.208.29 - - [02/Nov/2015:03:39:43 -0800] "GET / HTTP/1.1" 200 52159 "-" "Mozilla/5.0 (X11; Linux i686) AppleWebKit/534.30 (KHTML, like Gecko) Ubuntu/10.10 Chromium/12.0.742.112 Chrome/12.0.742.112 Safari/534.30" "www.saveaslave.com"
188.165.208.29 - - [02/Nov/2015:03:39:46 -0800] "GET /// HTTP/1.1" 200 52159 "-" "Mozilla/5.0 (X11; Linux i686) AppleWebKit/534.30 (KHTML, like Gecko) Ubuntu/10.10 Chromium/12.0.742.112 Chrome/12.0.742.112 Safari/534.30" "www.saveaslave.com"
188.165.208.29 - - [02/Nov/2015:03:39:48 -0800] "GET ///who-we-are.php HTTP/1.1" 200 52517 "-" "Mozilla/5.0 (X11; Linux i686) AppleWebKit/534.30 (KHTML, like Gecko) Ubuntu/10.10 Chromium/12.0.742.112 Chrome/12.0.742.112 Safari/534.30" "www.saveaslave.com"
188.165.208.29 - - [02/Nov/2015:03:39:50 -0800] "GET ///our-supporters.php HTTP/1.1" 200 56312 "-" "Mozilla/5.0 (X11; Linux i686) AppleWebKit/534.30 (KHTML, like Gecko) Ubuntu/10.10 Chromium/12.0.742.112 Chrome/12.0.742.112 Safari/534.30" "www.saveaslave.com"
188.165.208.29 - - [02/Nov/2015:03:39:53 -0800] "GET ///our-news.php HTTP/1.1" 200 49054 "-" "Mozilla/5.0 (X11; Linux i686) AppleWebKit/534.30 (KHTML, like Gecko) Ubuntu/10.10 Chromium/12.0.742.112 Chrome/12.0.742.112 Safari/534.30" "www.saveaslave.com"
188.165.208.29 - - [02/Nov/2015:03:39:55 -0800] "GET ///contact-us.php HTTP/1.1" 200 30021 "-" "Mozilla/5.0 (X11; Linux i686) AppleWebKit/534.30 (KHTML, like Gecko) Ubuntu/10.10 Chromium/12.0.742.112 Chrome/12.0.742.112 Safari/534.30" "www.saveaslave.com"
188.165.208.29 - - [02/Nov/2015:03:39:57 -0800] "GET ///news1.php HTTP/1.1" 200 46198 "-" "Mozilla/5.0 (X11; Linux i686) AppleWebKit/534.30 (KHTML, like Gecko) Ubuntu/10.10 Chromium/12.0.742.112 Chrome/12.0.742.112 Safari/534.30" "www.saveaslave.com"
188.165.208.29 - - [02/Nov/2015:03:40:00 -0800] "GET ///news2.php HTTP/1.1" 200 35017 "-" "Mozilla/5.0 (X11; Linux i686) AppleWebKit/534.30 (KHTML, like Gecko) Ubuntu/10.10 Chromium/12.0.742.112 Chrome/12.0.742.112 Safari/534.30" "www.saveaslave.com"
188.165.208.29 - - [02/Nov/2015:03:40:02 -0800] "GET ///news3.php HTTP/1.1" 200 52071 "-" "Mozilla/5.0 (X11; Linux i686) AppleWebKit/534.30 (KHTML, like Gecko) Ubuntu/10.10 Chromium/12.0.742.112 Chrome/12.0.742.112 Safari/534.30" "www.saveaslave.com"
188.165.208.29 - - [02/Nov/2015:03:40:05 -0800] "GET ///news4.php HTTP/1.1" 200 52232 "-" "Mozilla/5.0 (X11; Linux i686) AppleWebKit/534.30 (KHTML, like Gecko) Ubuntu/10.10 Chromium/12.0.742.112 Chrome/12.0.742.112 Safari/534.30" "www.saveaslave.com"
188.165.208.29 - - [02/Nov/2015:03:40:07 -0800] "GET ///news5.php HTTP/1.1" 200 33003 "-" "Mozilla/5.0 (X11; Linux i686) AppleWebKit/534.30 (KHTML, like Gecko) Ubuntu/10.10 Chromium/12.0.742.112 Chrome/12.0.742.112 Safari/534.30" "www.saveaslave.com"
188.165.208.29 - - [02/Nov/2015:03:40:10 -0800] "GET ///news6.php HTTP/1.1" 200 48495 "-" "Mozilla/5.0 (X11; Linux i686) AppleWebKit/534.30 (KHTML, like Gecko) Ubuntu/10.10 Chromium/12.0.742.112 Chrome/12.0.742.112 Safari/534.30" "www.saveaslave.com"
188.165.208.29 - - [02/Nov/2015:03:40:12 -0800] "GET ///index.php HTTP/1.1" 200 52159 "-" "Mozilla/5.0 (X11; Linux i686) AppleWebKit/534.30 (KHTML, like Gecko) Ubuntu/10.10 Chromium/12.0.742.112 Chrome/12.0.742.112 Safari/534.30" "www.saveaslave.com"
188.165.208.29 - - [02/Nov/2015:03:40:15 -0800] "GET ///disclaimer.php HTTP/1.1" 200 49666 "-" "Mozilla/5.0 (X11; Linux i686) AppleWebKit/534.30 (KHTML, like Gecko) Ubuntu/10.10 Chromium/12.0.742.112 Chrome/12.0.742.112 Safari/534.30" "www.saveaslave.com"
188.165.208.29 - - [02/Nov/2015:03:40:17 -0800] "GET ///// HTTP/1.1" 200 52159 "-" "Mozilla/5.0 (X11; Linux i686) AppleWebKit/534.30 (KHTML, like Gecko) Ubuntu/10.10 Chromium/12.0.742.112 Chrome/12.0.742.112 Safari/534.30" "www.saveaslave.com"
188.165.208.29 - - [02/Nov/2015:03:40:20 -0800] "GET /////who-we-are.php HTTP/1.1" 200 52517 "-" "Mozilla/5.0 (X11; Linux i686) AppleWebKit/534.30 (KHTML, like Gecko) Ubuntu/10.10 Chromium/12.0.742.112 Chrome/12.0.742.112 Safari/534.30" "www.saveaslave.com"
188.165.208.29 - - [02/Nov/2015:03:40:22 -0800] "GET /////our-supporters.php HTTP/1.1" 200 56312 "-" "Mozilla/5.0 (X11; Linux i686) AppleWebKit/534.30 (KHTML, like Gecko) Ubuntu/10.10 Chromium/12.0.742.112 Chrome/12.0.742.112 Safari/534.30" "www.saveaslave.com"
188.165.208.29 - - [02/Nov/2015:03:40:25 -0800] "GET /////our-news.php HTTP/1.1" 200 49054 "-" "Mozilla/5.0 (X11; Linux i686) AppleWebKit/534.30 (KHTML, like Gecko) Ubuntu/10.10 Chromium/12.0.742.112 Chrome/12.0.742.112 Safari/534.30" "www.saveaslave.com"
188.165.208.29 - - [02/Nov/2015:03:40:27 -0800] "GET /////contact-us.php HTTP/1.1" 200 30021 "-" "Mozilla/5.0 (X11; Linux i686) AppleWebKit/534.30 (KHTML, like Gecko) Ubuntu/10.10 Chromium/12.0.742.112 Chrome/12.0.742.112 Safari/534.30" "www.saveaslave.com"
188.165.208.29 - - [02/Nov/2015:03:40:34 -0800] "GET /////news3.php HTTP/1.1" 200 52071 "-" "Mozilla/5.0 (X11; Linux i686) AppleWebKit/534.30 (KHTML, like Gecko) Ubuntu/10.10 Chromium/12.0.742.112 Chrome/12.0.742.112 Safari/534.30" "www.saveaslave.com"
188.165.208.29 - - [02/Nov/2015:03:40:36 -0800] "GET /////news4.php HTTP/1.1" 200 52232 "-" "Mozilla/5.0 (X11; Linux i686) AppleWebKit/534.30 (KHTML, like Gecko) Ubuntu/10.10 Chromium/12.0.742.112 Chrome/12.0.742.112 Safari/534.30" "www.saveaslave.com"
188.165.208.29 - - [02/Nov/2015:03:40:41 -0800] "GET /////news6.php HTTP/1.1" 200 48495 "-" "Mozilla/5.0 (X11; Linux i686) AppleWebKit/534.30 (KHTML, like Gecko) Ubuntu/10.10 Chromium/12.0.742.112 Chrome/12.0.742.112 Safari/534.30" "www.saveaslave.com"
188.165.208.29 - - [02/Nov/2015:03:40:44 -0800] "GET /////index.php HTTP/1.1" 200 52159 "-" "Mozilla/5.0 (X11; Linux i686) AppleWebKit/534.30 (KHTML, like Gecko) Ubuntu/10.10 Chromium/12.0.742.112 Chrome/12.0.742.112 Safari/534.30" "www.saveaslave.com"
188.165.208.29 - - [02/Nov/2015:03:40:46 -0800] "GET /////disclaimer.php HTTP/1.1" 200 49666 "-" "Mozilla/5.0 (X11; Linux i686) AppleWebKit/534.30 (KHTML, like Gecko) Ubuntu/10.10 Chromium/12.0.742.112 Chrome/12.0.742.112 Safari/534.30" "www.saveaslave.com"
188.165.208.29 - - [02/Nov/2015:03:40:48 -0800] "GET /////// HTTP/1.1" 200 52159 "-" "Mozilla/5.0 (X11; Linux i686) AppleWebKit/534.30 (KHTML, like Gecko) Ubuntu/10.10 Chromium/12.0.742.112 Chrome/12.0.742.112 Safari/534.30" "www.saveaslave.com"
188.165.208.29 - - [02/Nov/2015:03:40:51 -0800] "GET ///////who-we-are.php HTTP/1.1" 200 52517 "-" "Mozilla/5.0 (X11; Linux i686) AppleWebKit/534.30 (KHTML, like Gecko) Ubuntu/10.10 Chromium/12.0.742.112 Chrome/12.0.742.112 Safari/534.30" "www.saveaslave.com"
188.165.208.29 - - [02/Nov/2015:03:40:56 -0800] "GET ///////our-news.php HTTP/1.1" 200 49054 "-" "Mozilla/5.0 (X11; Linux i686) AppleWebKit/534.30 (KHTML, like Gecko) Ubuntu/10.10 Chromium/12.0.742.112 Chrome/12.0.742.112 Safari/534.30" "www.saveaslave.com"
188.165.208.29 - - [02/Nov/2015:03:41:00 -0800] "GET ///////news1.php HTTP/1.1" 200 46198 "-" "Mozilla/5.0 (X11; Linux i686) AppleWebKit/534.30 (KHTML, like Gecko) Ubuntu/10.10 Chromium/12.0.742.112 Chrome/12.0.742.112 Safari/534.30" "www.saveaslave.com"
188.165.208.29 - - [02/Nov/2015:03:41:03 -0800] "GET ///////news2.php HTTP/1.1" 200 35017 "-" "Mozilla/5.0 (X11; Linux i686) AppleWebKit/534.30 (KHTML, like Gecko) Ubuntu/10.10 Chromium/12.0.742.112 Chrome/12.0.742.112 Safari/534.30" "www.saveaslave.com"
188.165.208.29 - - [02/Nov/2015:03:41:05 -0800] "GET ///////news3.php HTTP/1.1" 200 52071 "-" "Mozilla/5.0 (X11; Linux i686) AppleWebKit/534.30 (KHTML, like Gecko) Ubuntu/10.10 Chromium/12.0.742.112 Chrome/12.0.742.112 Safari/534.30" "www.saveaslave.com"
188.165.208.29 - - [02/Nov/2015:03:41:10 -0800] "GET ///////news5.php HTTP/1.1" 200 33003 "-" "Mozilla/5.0 (X11; Linux i686) AppleWebKit/534.30 (KHTML, like Gecko) Ubuntu/10.10 Chromium/12.0.742.112 Chrome/12.0.742.112 Safari/534.30" "www.saveaslave.com"
188.165.208.29 - - [02/Nov/2015:03:41:12 -0800] "GET ///////news6.php HTTP/1.1" 200 48495 "-" "Mozilla/5.0 (X11; Linux i686) AppleWebKit/534.30 (KHTML, like Gecko) Ubuntu/10.10 Chromium/12.0.742.112 Chrome/12.0.742.112 Safari/534.30" "www.saveaslave.com"
188.165.208.29 - - [02/Nov/2015:03:41:15 -0800] "GET ///////index.php HTTP/1.1" 200 52159 "-" "Mozilla/5.0 (X11; Linux i686) AppleWebKit/534.30 (KHTML, like Gecko) Ubuntu/10.10 Chromium/12.0.742.112 Chrome/12.0.742.112 Safari/534.30" "www.saveaslave.com"
188.165.208.29 - - [02/Nov/2015:03:41:17 -0800] "GET ///////disclaimer.php HTTP/1.1" 200 49666 "-" "Mozilla/5.0 (X11; Linux i686) AppleWebKit/534.30 (KHTML, like Gecko) Ubuntu/10.10 Chromium/12.0.742.112 Chrome/12.0.742.112 Safari/534.30" "www.saveaslave.com"
180.76.15.32 - - [02/Nov/2015:03:50:15 -0800] "GET /countries/kenya.html HTTP/1.1" 404 89 "-" "Mozilla/5.0 (compatible; Baiduspider/2.0; +http://www.baidu.com/search/spider.html)" "www.saveaslave.com"
66.249.75.251 - - [02/Nov/2015:03:55:50 -0800] "GET /images/countrymap/algeria.jpg HTTP/1.1" 404 89 "-" "Googlebot-Image/1.0" "saveaslave.com"
208.115.113.94 - - [02/Nov/2015:03:58:45 -0800] "GET /pakistan.html HTTP/1.1" 404 89 "-" "Mozilla/5.0 (compatible; DotBot/1.1; http://www.opensiteexplorer.org/dotbot, help@moz.com)" "saveaslave.com"
208.115.113.94 - - [02/Nov/2015:03:58:46 -0800] "GET /sao-tome-principe.html HTTP/1.1" 404 89 "-" "Mozilla/5.0 (compatible; DotBot/1.1; http://www.opensiteexplorer.org/dotbot, help@moz.com)" "saveaslave.com"
208.115.113.94 - - [02/Nov/2015:03:58:46 -0800] "GET /swaziland.html HTTP/1.1" 404 89 "-" "Mozilla/5.0 (compatible; DotBot/1.1; http://www.opensiteexplorer.org/dotbot, help@moz.com)" "saveaslave.com"
68.180.228.181 - - [02/Nov/2015:03:59:21 -0800] "GET /aruba.html HTTP/1.1" 404 89 "-" "Mozilla/5.0 (compatible; Yahoo! Slurp; http://help.yahoo.com/help/us/ysearch/slurp)" "www.saveaslave.com"
65.36.241.48 - - [02/Nov/2015:03:59:33 -0800] "HEAD / HTTP/1.1" 200 0 "-" "InternetSeer.com" "www.saveaslave.com"
157.55.39.238 - - [02/Nov/2015:04:02:11 -0800] "GET /central-african-republic.html HTTP/1.1" 404 89 "-" "Mozilla/5.0 (compatible; bingbot/2.0; +http://www.bing.com/bingbot.htm)" "saveaslave.com"
208.115.113.94 - - [02/Nov/2015:04:03:20 -0800] "GET /tajikistan.html HTTP/1.1" 404 89 "-" "Mozilla/5.0 (compatible; DotBot/1.1; http://www.opensiteexplorer.org/dotbot, help@moz.com)" "www.saveaslave.com"
180.76.15.155 - - [02/Nov/2015:04:05:15 -0800] "GET /marshall-islands.html HTTP/1.1" 404 89 "-" "Mozilla/5.0 (compatible; Baiduspider/2.0; +http://www.baidu.com/search/spider.html)" "www.saveaslave.com"
65.36.241.48 - - [02/Nov/2015:04:18:42 -0800] "HEAD /?tpl=references&Itemid=3 HTTP/1.1" 200 0 "-" "InternetSeer.com" "www.saveaslave.com"
207.46.13.110 - - [02/Nov/2015:04:34:53 -0800] "GET /?Itemid=1 HTTP/1.1" 200 52159 "-" "Mozilla/5.0 (compatible; bingbot/2.0; +http://www.bing.com/bingbot.htm)" "saveaslave.com"
180.76.15.157 - - [02/Nov/2015:04:35:15 -0800] "GET /greece.html HTTP/1.1" 404 89 "-" "Mozilla/5.0 (compatible; Baiduspider/2.0; +http://www.baidu.com/search/spider.html)" "www.saveaslave.com"
157.55.39.65 - - [02/Nov/2015:04:38:19 -0800] "GET / HTTP/1.1" 200 52159 "-" "Mozilla/5.0 (compatible; bingbot/2.0; +http://www.bing.com/bingbot.htm)" "saveaslave.com"
157.55.39.65 - - [02/Nov/2015:04:38:20 -0800] "GET /american_samoa.html HTTP/1.1" 404 89 "-" "Mozilla/5.0 (compatible; bingbot/2.0; +http://www.bing.com/bingbot.htm)" "saveaslave.com"
157.55.39.65 - - [02/Nov/2015:04:38:22 -0800] "GET /azkaban.html HTTP/1.1" 404 89 "-" "Mozilla/5.0 (compatible; bingbot/2.0; +http://www.bing.com/bingbot.htm)" "saveaslave.com"
141.8.143.158 - - [02/Nov/2015:04:38:50 -0800] "GET /listlink.php?page=index.html HTTP/1.1" 200 7305 "-" "Mozilla/5.0 (compatible; YandexBot/3.0; +http://yandex.com/bots)" "saveaslave.com"
157.55.39.238 - - [02/Nov/2015:04:47:23 -0800] "GET /?tpl=radiolist&Itemid=10&countrycode=us HTTP/1.1" 200 52159 "-" "Mozilla/5.0 (compatible; bingbot/2.0; +http://www.bing.com/bingbot.htm)" "saveaslave.com"
180.76.15.148 - - [02/Nov/2015:04:50:15 -0800] "GET /austria HTTP/1.1" 404 89 "-" "Mozilla/5.0 (compatible; Baiduspider/2.0; +http://www.baidu.com/search/spider.html)" "www.saveaslave.com"
180.76.15.152 - - [02/Nov/2015:05:05:15 -0800] "GET /tanzania HTTP/1.1" 404 89 "-" "Mozilla/5.0 (compatible; Baiduspider/2.0; +http://www.baidu.com/search/spider.html)" "www.saveaslave.com"
65.36.241.48 - - [02/Nov/2015:05:18:33 -0800] "HEAD / HTTP/1.1" 200 0 "-" "InternetSeer.com" "www.saveaslave.com"
180.76.15.20 - - [02/Nov/2015:05:20:16 -0800] "GET /addlink.php?page=guatemala.html HTTP/1.1" 200 15129 "-" "Mozilla/5.0 (compatible; Baiduspider/2.0; +http://www.baidu.com/search/spider.html)" "www.saveaslave.com"
157.55.39.21 - - [02/Nov/2015:05:25:07 -0800] "GET /new-caledonia.html HTTP/1.1" 404 89 "-" "Mozilla/5.0 (compatible; bingbot/2.0; +http://www.bing.com/bingbot.htm)" "www.saveaslave.com"
23.23.242.178 - - [02/Nov/2015:05:25:32 -0800] "GET /news1.php HTTP/1.1" 200 46198 "-" "Mozilla/5.0 (Windows; U; Windows NT 5.1; en-US; rv:1.9.2.8) Gecko/20100722 Firefox/3.6.8" "www.saveaslave.com"
208.115.113.94 - - [02/Nov/2015:05:50:31 -0800] "GET /robots.txt HTTP/1.1" 200 48 "-" "Mozilla/5.0 (compatible; DotBot/1.1; http://www.opensiteexplorer.org/dotbot, help@moz.com)" "www.saveaslave.com"
69.30.213.18 - - [02/Nov/2015:06:13:46 -0800] "GET /robots.txt HTTP/1.1" 200 48 "-" "Mozilla/5.0 (compatible; MJ12bot/v1.4.5; http://www.majestic12.co.uk/bot.php?+)" "www.saveaslave.com"
69.30.213.18 - - [02/Nov/2015:06:13:47 -0800] "GET /articles/slavetrafficking3.html HTTP/1.1" 404 89 "-" "Mozilla/5.0 (compatible; MJ12bot/v1.4.5; http://www.majestic12.co.uk/bot.php?+)" "www.saveaslave.com"
207.46.13.110 - - [02/Nov/2015:06:25:36 -0800] "GET /robots.txt HTTP/1.1" 200 48 "-" "Mozilla/5.0 (compatible; bingbot/2.0; +http://www.bing.com/bingbot.htm)" "www.saveaslave.com"
157.55.39.238 - - [02/Nov/2015:06:26:09 -0800] "GET /robots.txt HTTP/1.1" 200 48 "-" "Mozilla/5.0 (compatible; bingbot/2.0; +http://www.bing.com/bingbot.htm)" "www.saveaslave.com"
220.181.108.110 - - [02/Nov/2015:06:26:11 -0800] "GET /burkina-faso.html HTTP/1.1" 404 89 "-" "Mozilla/5.0 (compatible; Baiduspider/2.0; +http://www.baidu.com/search/spider.html)" "www.saveaslave.com"
207.46.13.110 - - [02/Nov/2015:06:26:38 -0800] "GET /sendthis.html HTTP/1.1" 404 89 "-" "Mozilla/5.0 (compatible; bingbot/2.0; +http://www.bing.com/bingbot.htm)" "www.saveaslave.com"
157.55.39.238 - - [02/Nov/2015:06:26:47 -0800] "GET /albania HTTP/1.1" 404 89 "-" "Mozilla/5.0 (compatible; bingbot/2.0; +http://www.bing.com/bingbot.htm)" "www.saveaslave.com"
157.55.39.238 - - [02/Nov/2015:06:27:30 -0800] "GET /addlink.php HTTP/1.1" 200 15066 "-" "Mozilla/5.0 (compatible; bingbot/2.0; +http://www.bing.com/bingbot.htm)" "www.saveaslave.com"
65.36.241.48 - - [02/Nov/2015:06:36:42 -0800] "HEAD / HTTP/1.1" 200 0 "-" "InternetSeer.com" "www.saveaslave.com"
207.46.13.107 - - [02/Nov/2015:06:50:23 -0800] "GET /lesotho.html HTTP/1.1" 404 89 "-" "Mozilla/5.0 (compatible; bingbot/2.0; +http://www.bing.com/bingbot.htm)" "saveaslave.com"
207.46.13.107 - - [02/Nov/2015:06:51:01 -0800] "GET /solomon-islands.html HTTP/1.1" 404 89 "-" "Mozilla/5.0 (compatible; bingbot/2.0; +http://www.bing.com/bingbot.htm)" "www.saveaslave.com"
68.180.228.181 - - [02/Nov/2015:06:52:16 -0800] "GET /finland.html HTTP/1.1" 404 89 "-" "Mozilla/5.0 (compatible; Yahoo! Slurp; http://help.yahoo.com/help/us/ysearch/slurp)" "www.saveaslave.com"
180.76.15.30 - - [02/Nov/2015:07:08:07 -0800] "GET /armenia.html HTTP/1.1" 404 89 "-" "Mozilla/5.0 (compatible; Baiduspider/2.0; +http://www.baidu.com/search/spider.html)" "www.saveaslave.com"
208.115.113.94 - - [02/Nov/2015:07:21:17 -0800] "GET /laos.html HTTP/1.1" 404 89 "-" "Mozilla/5.0 (compatible; DotBot/1.1; http://www.opensiteexplorer.org/dotbot, help@moz.com)" "www.saveaslave.com"
100.43.81.147 - - [02/Nov/2015:07:28:18 -0800] "GET /index.php HTTP/1.1" 200 52159 "-" "Mozilla/5.0 (compatible; YandexBot/3.0; +http://yandex.com/bots)" "saveaslave.com"
188.165.15.204 - - [02/Nov/2015:07:33:29 -0800] "GET / HTTP/1.1" 200 52159 "-" "Mozilla/5.0 (compatible; AhrefsBot/5.0; +http://ahrefs.com/robot/)" "www.saveaslave.com"
207.46.13.107 - - [02/Nov/2015:07:46:51 -0800] "GET /whoweare.html HTTP/1.1" 404 89 "-" "Mozilla/5.0 (compatible; bingbot/2.0; +http://www.bing.com/bingbot.htm)" "saveaslave.com"
208.115.113.86 - - [02/Nov/2015:08:41:59 -0800] "GET /robots.txt HTTP/1.1" 200 48 "-" "Mozilla/5.0 (compatible; DotBot/1.1; http://www.opensiteexplorer.org/dotbot, help@moz.com)" "www.saveaslave.com"
63.153.243.159 - - [02/Nov/2015:09:15:26 -0800] "GET /images/countrymap/solomon-islands.gif HTTP/1.1" 404 89 "-" "Mozilla/5.0 (Windows NT 6.1; WOW64; rv:41.0) Gecko/20100101 Firefox/41.0" "www.saveaslave.com"
188.165.15.204 - - [02/Nov/2015:09:40:51 -0800] "GET /moldova.html HTTP/1.1" 404 89 "-" "Mozilla/5.0 (compatible; AhrefsBot/5.0; +http://ahrefs.com/robot/)" "www.saveaslave.com"
173.193.219.168 - - [02/Nov/2015:09:44:43 -0800] "GET /robots.txt HTTP/1.1" 200 48 "-" "Aboundex/0.3 (http://www.aboundex.com/crawler/)" "www.saveaslave.com"
173.193.219.168 - - [02/Nov/2015:09:44:45 -0800] "GET / HTTP/1.1" 200 52159 "-" "Aboundex/0.3 (http://www.aboundex.com/crawler/)" "www.saveaslave.com"
173.193.219.168 - - [02/Nov/2015:09:44:45 -0800] "GET /wallis%20and%20futuna.html HTTP/1.1" 404 89 "-" "Aboundex/0.3 (http://www.aboundex.com/crawler/)" "www.saveaslave.com"
173.193.219.168 - - [02/Nov/2015:09:44:45 -0800] "GET /west%20bank.html HTTP/1.1" 404 89 "-" "Aboundex/0.3 (http://www.aboundex.com/crawler/)" "www.saveaslave.com"
173.193.219.168 - - [02/Nov/2015:09:44:45 -0800] "GET /western%20sahara.html HTTP/1.1" 404 89 "-" "Aboundex/0.3 (http://www.aboundex.com/crawler/)" "www.saveaslave.com"
173.193.219.168 - - [02/Nov/2015:09:44:45 -0800] "GET /yemen.html HTTP/1.1" 404 89 "-" "Aboundex/0.3 (http://www.aboundex.com/crawler/)" "www.saveaslave.com"
173.193.219.168 - - [02/Nov/2015:09:44:45 -0800] "GET /zambia.html HTTP/1.1" 404 89 "-" "Aboundex/0.3 (http://www.aboundex.com/crawler/)" "www.saveaslave.com"
207.46.13.110 - - [02/Nov/2015:09:59:30 -0800] "GET /kenya HTTP/1.1" 404 89 "-" "Mozilla/5.0 (compatible; bingbot/2.0; +http://www.bing.com/bingbot.htm)" "www.saveaslave.com"
208.115.113.94 - - [02/Nov/2015:10:01:15 -0800] "GET /robots.txt HTTP/1.1" 200 48 "-" "Mozilla/5.0 (compatible; DotBot/1.1; http://www.opensiteexplorer.org/dotbot, help@moz.com)" "saveaslave.com"
208.115.113.94 - - [02/Nov/2015:10:01:15 -0800] "GET /robots.txt HTTP/1.1" 200 48 "-" "Mozilla/5.0 (compatible; DotBot/1.1; http://www.opensiteexplorer.org/dotbot, help@moz.com)" "www.saveaslave.com"
62.210.152.87 - - [02/Nov/2015:10:20:03 -0800] "GET /robots.txt HTTP/1.1" 200 48 "-" "Mozilla/5.0 (compatible; MJ12bot/v1.4.5; http://www.majestic12.co.uk/bot.php?+)" "www.saveaslave.com"
62.210.152.87 - - [02/Nov/2015:10:20:06 -0800] "GET /news4.php HTTP/1.1" 200 52232 "-" "Mozilla/5.0 (compatible; MJ12bot/v1.4.5; http://www.majestic12.co.uk/bot.php?+)" "www.saveaslave.com"
62.210.152.87 - - [02/Nov/2015:10:20:08 -0800] "GET /news5.php HTTP/1.1" 200 33003 "-" "Mozilla/5.0 (compatible; MJ12bot/v1.4.5; http://www.majestic12.co.uk/bot.php?+)" "www.saveaslave.com"
62.210.152.87 - - [02/Nov/2015:10:20:09 -0800] "GET /news6.php HTTP/1.1" 200 48495 "-" "Mozilla/5.0 (compatible; MJ12bot/v1.4.5; http://www.majestic12.co.uk/bot.php?+)" "www.saveaslave.com"
62.210.152.87 - - [02/Nov/2015:10:20:12 -0800] "GET /our-news.php HTTP/1.1" 200 49054 "-" "Mozilla/5.0 (compatible; MJ12bot/v1.4.5; http://www.majestic12.co.uk/bot.php?+)" "www.saveaslave.com"
62.210.152.87 - - [02/Nov/2015:10:20:17 -0800] "GET /who-we-are.php HTTP/1.1" 200 52517 "-" "Mozilla/5.0 (compatible; MJ12bot/v1.4.5; http://www.majestic12.co.uk/bot.php?+)" "www.saveaslave.com"
68.180.228.181 - - [02/Nov/2015:10:25:37 -0800] "GET /chile.html HTTP/1.1" 404 89 "-" "Mozilla/5.0 (compatible; Yahoo! Slurp; http://help.yahoo.com/help/us/ysearch/slurp)" "www.saveaslave.com"
101.226.168.210 - - [02/Nov/2015:10:26:40 -0800] "GET / HTTP/1.1" 200 52123 "http://www.saveaslave.com/" "Mozilla/5.0 (Windows NT 6.1) AppleWebKit/537.1 (KHTML, like Gecko) Chrome/21.0.1180.89 Safari/537.1; 360Spider(compatible; HaosouSpider; http://www.haosou.com/help/help_3_2.html)" "www.saveaslave.com"
182.118.25.227 - - [02/Nov/2015:10:34:45 -0800] "GET / HTTP/1.1" 200 52159 "http://saveaslave.com/" "Mozilla/5.0 (compatible; MSIE 9.0; Windows NT 6.1; Trident/5.0); 360Spider(compatible; HaosouSpider; http://www.haosou.com/help/help_3_2.html)" "saveaslave.com"
207.90.2.10 - - [02/Nov/2015:10:36:03 -0800] "GET / HTTP/1.1" 200 52159 "-" "=Mozilla/5.0 (Windows; U; Windows NT 6.1; en-US) AppleWebKit/534.16 (KHTML, like Gecko) Chrome/10.0.648.204 Safari/534.16" "saveaslave.com"
68.180.228.181 - - [02/Nov/2015:10:43:42 -0800] "GET /luxembourg.html HTTP/1.1" 404 89 "-" "Mozilla/5.0 (compatible; Yahoo! Slurp; http://help.yahoo.com/help/us/ysearch/slurp)" "www.saveaslave.com"
72.168.96.126 - - [02/Nov/2015:10:43:43 -0800] "GET / HTTP/1.1" 200 52159 "-" "Mozilla/5.0 (Windows NT 6.1; WOW64; Trident/7.0; rv:11.0) like Gecko" "www.saveaslave.com"
72.168.96.126 - - [02/Nov/2015:10:43:43 -0800] "GET /css/style.css HTTP/1.1" 200 7739 "http://www.saveaslave.com/" "Mozilla/5.0 (Windows NT 6.1; WOW64; Trident/7.0; rv:11.0) like Gecko" "www.saveaslave.com"
72.168.96.126 - - [02/Nov/2015:10:43:43 -0800] "GET /assets/js/ie-emulation-modes-warning.js HTTP/1.1" 200 2130 "http://www.saveaslave.com/" "Mozilla/5.0 (Windows NT 6.1; WOW64; Trident/7.0; rv:11.0) like Gecko" "www.saveaslave.com"
72.168.96.126 - - [02/Nov/2015:10:43:43 -0800] "GET /css/bootstrap.min.css HTTP/1.1" 200 123578 "http://www.saveaslave.com/" "Mozilla/5.0 (Windows NT 6.1; WOW64; Trident/7.0; rv:11.0) like Gecko" "www.saveaslave.com"
72.168.96.126 - - [02/Nov/2015:10:43:43 -0800] "GET /css/elements.css HTTP/1.1" 200 17857 "http://www.saveaslave.com/" "Mozilla/5.0 (Windows NT 6.1; WOW64; Trident/7.0; rv:11.0) like Gecko" "www.saveaslave.com"
72.168.96.126 - - [02/Nov/2015:10:43:43 -0800] "GET /gfeedfetcher.js HTTP/1.1" 200 9018 "http://www.saveaslave.com/" "Mozilla/5.0 (Windows NT 6.1; WOW64; Trident/7.0; rv:11.0) like Gecko" "www.saveaslave.com"
72.168.96.126 - - [02/Nov/2015:10:43:43 -0800] "GET /gajaxscroller.js HTTP/1.1" 200 9774 "http://www.saveaslave.com/" "Mozilla/5.0 (Windows NT 6.1; WOW64; Trident/7.0; rv:11.0) like Gecko" "www.saveaslave.com"
72.168.96.126 - - [02/Nov/2015:10:43:44 -0800] "GET /assets/js/ie10-viewport-bug-workaround.js HTTP/1.1" 200 641 "http://www.saveaslave.com/" "Mozilla/5.0 (Windows NT 6.1; WOW64; Trident/7.0; rv:11.0) like Gecko" "www.saveaslave.com"
72.168.96.126 - - [02/Nov/2015:10:43:44 -0800] "GET /css/style-pages.css HTTP/1.1" 200 9167 "http://www.saveaslave.com/" "Mozilla/5.0 (Windows NT 6.1; WOW64; Trident/7.0; rv:11.0) like Gecko" "www.saveaslave.com"
72.168.96.126 - - [02/Nov/2015:10:43:44 -0800] "GET /images/cover1.jpg HTTP/1.1" 200 253658 "http://www.saveaslave.com/" "Mozilla/5.0 (Windows NT 6.1; WOW64; Trident/7.0; rv:11.0) like Gecko" "www.saveaslave.com"
72.168.96.126 - - [02/Nov/2015:10:43:44 -0800] "GET /images/select-arrow.png HTTP/1.1" 200 1118 "http://www.saveaslave.com/" "Mozilla/5.0 (Windows NT 6.1; WOW64; Trident/7.0; rv:11.0) like Gecko" "www.saveaslave.com"
72.168.96.126 - - [02/Nov/2015:10:43:44 -0800] "GET /photos/article7.jpg HTTP/1.1" 200 15527 "http://www.saveaslave.com/" "Mozilla/5.0 (Windows NT 6.1; WOW64; Trident/7.0; rv:11.0) like Gecko" "www.saveaslave.com"
72.168.96.126 - - [02/Nov/2015:10:43:44 -0800] "GET /photos/article1.jpg HTTP/1.1" 200 11640 "http://www.saveaslave.com/" "Mozilla/5.0 (Windows NT 6.1; WOW64; Trident/7.0; rv:11.0) like Gecko" "www.saveaslave.com"
72.168.96.126 - - [02/Nov/2015:10:43:44 -0800] "GET /photos/article2.jpg HTTP/1.1" 200 15209 "http://www.saveaslave.com/" "Mozilla/5.0 (Windows NT 6.1; WOW64; Trident/7.0; rv:11.0) like Gecko" "www.saveaslave.com"
72.168.96.126 - - [02/Nov/2015:10:43:44 -0800] "GET /photos/article3a.jpg HTTP/1.1" 200 12445 "http://www.saveaslave.com/" "Mozilla/5.0 (Windows NT 6.1; WOW64; Trident/7.0; rv:11.0) like Gecko" "www.saveaslave.com"
72.168.96.126 - - [02/Nov/2015:10:43:44 -0800] "GET /photos/article4.png HTTP/1.1" 200 42622 "http://www.saveaslave.com/" "Mozilla/5.0 (Windows NT 6.1; WOW64; Trident/7.0; rv:11.0) like Gecko" "www.saveaslave.com"
72.168.96.126 - - [02/Nov/2015:10:43:45 -0800] "GET /photos/article5.jpg HTTP/1.1" 200 14497 "http://www.saveaslave.com/" "Mozilla/5.0 (Windows NT 6.1; WOW64; Trident/7.0; rv:11.0) like Gecko" "www.saveaslave.com"
72.168.96.126 - - [02/Nov/2015:10:43:45 -0800] "GET /images/social2.png HTTP/1.1" 200 1752 "http://www.saveaslave.com/" "Mozilla/5.0 (Windows NT 6.1; WOW64; Trident/7.0; rv:11.0) like Gecko" "www.saveaslave.com"
72.168.96.126 - - [02/Nov/2015:10:43:45 -0800] "GET /images/social1.png HTTP/1.1" 200 2012 "http://www.saveaslave.com/" "Mozilla/5.0 (Windows NT 6.1; WOW64; Trident/7.0; rv:11.0) like Gecko" "www.saveaslave.com"
