66.235.24.221 - - [29/Feb/2016:16:02:25 -0800] "GET / HTTP/1.1" 200 100369 "https://t.co/E8R4kksux4" "Mozilla/5.0 (iPhone; CPU iPhone OS 9_2_1 like Mac OS X) AppleWebKit/601.1.46 (KHTML, like Gecko) Mobile/13D15 Twitter for iPhone" "saveaslave.com"
66.235.24.221 - - [29/Feb/2016:16:02:28 -0800] "GET /images/article/s1_dety_beg_d9954.jpg HTTP/1.1" 200 16968 "http://saveaslave.com/" "Mozilla/5.0 (iPhone; CPU iPhone OS 9_2_1 like Mac OS X) AppleWebKit/601.1.46 (KHTML, like Gecko) Mobile/13D15 Twitter for iPhone" "saveaslave.com"
66.235.24.221 - - [29/Feb/2016:16:02:29 -0800] "GET /css/style-pages.css HTTP/1.1" 200 9894 "http://saveaslave.com/" "Mozilla/5.0 (iPhone; CPU iPhone OS 9_2_1 like Mac OS X) AppleWebKit/601.1.46 (KHTML, like Gecko) Mobile/13D15 Twitter for iPhone" "saveaslave.com"
66.235.24.221 - - [29/Feb/2016:16:02:29 -0800] "GET /images/social3.png HTTP/1.1" 200 4343 "http://saveaslave.com/" "Mozilla/5.0 (iPhone; CPU iPhone OS 9_2_1 like Mac OS X) AppleWebKit/601.1.46 (KHTML, like Gecko) Mobile/13D15 Twitter for iPhone" "saveaslave.com"
66.235.24.221 - - [29/Feb/2016:16:02:43 -0800] "GET /css/down-arrow.png HTTP/1.1" 404 89 "http://saveaslave.com/" "Mozilla/5.0 (iPhone; CPU iPhone OS 9_2_1 like Mac OS X) AppleWebKit/601.1.46 (KHTML, like Gecko) Mobile/13D15 Twitter for iPhone" "saveaslave.com"
65.36.241.48 - - [29/Feb/2016:16:55:56 -0800] "HEAD / HTTP/1.1" 200 0 "-" "InternetSeer.com" "www.saveaslave.com"
104.144.125.99 - - [29/Feb/2016:17:16:12 -0800] "GET / HTTP/1.1" 200 100441 "-" "Mozilla/5.0 (Windows NT 6.1) AppleWebKit/537.36 (KHTML, like Gecko) Chrome/41.0.2228.0 Safari/537.36" "saveaslave.com"
199.16.156.126 - - [29/Feb/2016:17:55:25 -0800] "GET /robots.txt HTTP/1.1" 200 48 "-" "Twitterbot/1.0" "www.saveaslave.com"
199.16.156.126 - - [29/Feb/2016:17:55:27 -0800] "GET / HTTP/1.1" 200 100441 "-" "Twitterbot/1.0" "www.saveaslave.com"
54.172.16.189 - - [29/Feb/2016:17:58:31 -0800] "HEAD / HTTP/1.1" 200 0 "-" "-" "saveaslave.com"
65.36.241.48 - - [29/Feb/2016:18:15:16 -0800] "HEAD / HTTP/1.1" 200 0 "-" "InternetSeer.com" "www.saveaslave.com"
65.36.241.48 - - [29/Feb/2016:18:15:41 -0800] "HEAD /?tpl=references&Itemid=3 HTTP/1.1" 200 0 "-" "InternetSeer.com" "www.saveaslave.com"
180.76.15.152 - - [29/Feb/2016:18:27:58 -0800] "GET /country.php?name=Italy&lang=en HTTP/1.1" 200 65610 "-" "Mozilla/5.0 (compatible; Baiduspider/2.0; +http://www.baidu.com/search/spider.html)" "www.saveaslave.com"
66.249.75.140 - - [29/Feb/2016:18:49:15 -0800] "GET /croatia HTTP/1.1" 404 89 "-" "Mozilla/5.0 (compatible; Googlebot/2.1; +http://www.google.com/bot.html)" "saveaslave.com"
88.0.153.124 - - [29/Feb/2016:19:17:19 -0800] "GET / HTTP/1.1" 200 100369 "http://spankedcoeds2.com/blog/page/6/" "Mozilla/5.0 (Windows NT 10.0; Trident/7.0; rv:11.0) like Gecko" "saveaslave.com"
88.0.153.124 - - [29/Feb/2016:19:17:20 -0800] "GET /css/elements.css HTTP/1.1" 200 17857 "http://saveaslave.com/" "Mozilla/5.0 (Windows NT 10.0; Trident/7.0; rv:11.0) like Gecko" "saveaslave.com"
88.0.153.124 - - [29/Feb/2016:19:17:20 -0800] "GET /assets/js/ie-emulation-modes-warning.js HTTP/1.1" 200 2130 "http://saveaslave.com/" "Mozilla/5.0 (Windows NT 10.0; Trident/7.0; rv:11.0) like Gecko" "saveaslave.com"
88.0.153.124 - - [29/Feb/2016:19:17:20 -0800] "GET /css/style-pages.css HTTP/1.1" 200 9894 "http://saveaslave.com/" "Mozilla/5.0 (Windows NT 10.0; Trident/7.0; rv:11.0) like Gecko" "saveaslave.com"
88.0.153.124 - - [29/Feb/2016:19:17:20 -0800] "GET /gajaxscroller.js HTTP/1.1" 200 9774 "http://saveaslave.com/" "Mozilla/5.0 (Windows NT 10.0; Trident/7.0; rv:11.0) like Gecko" "saveaslave.com"
88.0.153.124 - - [29/Feb/2016:19:17:20 -0800] "GET /js/bootstrap.min.js HTTP/1.1" 200 37055 "http://saveaslave.com/" "Mozilla/5.0 (Windows NT 10.0; Trident/7.0; rv:11.0) like Gecko" "saveaslave.com"
88.0.153.124 - - [29/Feb/2016:19:17:20 -0800] "GET /images/cover1.jpg HTTP/1.1" 200 253658 "http://saveaslave.com/" "Mozilla/5.0 (Windows NT 10.0; Trident/7.0; rv:11.0) like Gecko" "saveaslave.com"
88.0.153.124 - - [29/Feb/2016:19:17:20 -0800] "GET /images/article/s1_dety_beg_d9954.jpg HTTP/1.1" 200 16968 "http://saveaslave.com/" "Mozilla/5.0 (Windows NT 10.0; Trident/7.0; rv:11.0) like Gecko" "saveaslave.com"
88.0.153.124 - - [29/Feb/2016:19:17:20 -0800] "GET /images/article/2239.jpg HTTP/1.1" 200 89745 "http://saveaslave.com/" "Mozilla/5.0 (Windows NT 10.0; Trident/7.0; rv:11.0) like Gecko" "saveaslave.com"
88.0.153.124 - - [29/Feb/2016:19:17:20 -0800] "GET /images/social1.png HTTP/1.1" 200 2012 "http://saveaslave.com/" "Mozilla/5.0 (Windows NT 10.0; Trident/7.0; rv:11.0) like Gecko" "saveaslave.com"
88.0.153.124 - - [29/Feb/2016:19:17:20 -0800] "GET /images/social3.png HTTP/1.1" 200 4343 "http://saveaslave.com/" "Mozilla/5.0 (Windows NT 10.0; Trident/7.0; rv:11.0) like Gecko" "saveaslave.com"
88.0.153.124 - - [29/Feb/2016:19:17:20 -0800] "GET /indicator.gif HTTP/1.1" 200 878 "http://saveaslave.com/" "Mozilla/5.0 (Windows NT 10.0; Trident/7.0; rv:11.0) like Gecko" "saveaslave.com"
88.0.153.124 - - [29/Feb/2016:19:17:20 -0800] "GET /images/select-arrow.png HTTP/1.1" 200 1118 "http://saveaslave.com/" "Mozilla/5.0 (Windows NT 10.0; Trident/7.0; rv:11.0) like Gecko" "saveaslave.com"
88.0.153.124 - - [29/Feb/2016:19:17:21 -0800] "GET /css/down-arrow.png HTTP/1.1" 404 89 "http://saveaslave.com/" "Mozilla/5.0 (Windows NT 10.0; Trident/7.0; rv:11.0) like Gecko" "saveaslave.com"
88.0.153.124 - - [29/Feb/2016:19:17:21 -0800] "GET /images/top.jpg HTTP/1.1" 200 50519 "http://saveaslave.com/" "Mozilla/5.0 (Windows NT 10.0; Trident/7.0; rv:11.0) like Gecko" "saveaslave.com"
88.0.153.124 - - [29/Feb/2016:19:17:22 -0800] "GET /ico/android-icon-192x192.png HTTP/1.1" 200 10097 "-" "Mozilla/5.0 (Windows NT 10.0; Trident/7.0; rv:11.0) like Gecko" "saveaslave.com"
88.0.153.124 - - [29/Feb/2016:19:17:37 -0800] "GET / HTTP/1.1" 200 100369 "http://spankedcoeds2.com/blog/page/6/" "Mozilla/5.0 (Windows NT 10.0; Trident/7.0; rv:11.0) like Gecko" "saveaslave.com"
51.255.65.36 - - [29/Feb/2016:19:25:58 -0800] "GET /swaziland.html HTTP/1.1" 404 89 "-" "Mozilla/5.0 (compatible; AhrefsBot/5.0; +http://ahrefs.com/robot/)" "saveaslave.com"
5.254.65.214 - - [29/Feb/2016:19:44:05 -0800] "GET / HTTP/1.1" 200 100369 "http://www.volunteermatch.org/search/org293443.jsp" "Mozilla/5.0 (Windows NT 10.0; WOW64) AppleWebKit/537.36 (KHTML, like Gecko) Chrome/48.0.2564.109 Safari/537.36 OPR/35.0.2066.68" "www.saveaslave.com"
5.254.65.214 - - [29/Feb/2016:19:44:05 -0800] "GET /assets/js/ie-emulation-modes-warning.js HTTP/1.1" 200 2130 "http://www.saveaslave.com/" "Mozilla/5.0 (Windows NT 10.0; WOW64) AppleWebKit/537.36 (KHTML, like Gecko) Chrome/48.0.2564.109 Safari/537.36 OPR/35.0.2066.68" "www.saveaslave.com"
5.254.65.214 - - [29/Feb/2016:19:44:05 -0800] "GET /css/style.css HTTP/1.1" 200 7938 "http://www.saveaslave.com/" "Mozilla/5.0 (Windows NT 10.0; WOW64) AppleWebKit/537.36 (KHTML, like Gecko) Chrome/48.0.2564.109 Safari/537.36 OPR/35.0.2066.68" "www.saveaslave.com"
5.254.65.214 - - [29/Feb/2016:19:44:05 -0800] "GET /css/bootstrap.min.css HTTP/1.1" 200 123578 "http://www.saveaslave.com/" "Mozilla/5.0 (Windows NT 10.0; WOW64) AppleWebKit/537.36 (KHTML, like Gecko) Chrome/48.0.2564.109 Safari/537.36 OPR/35.0.2066.68" "www.saveaslave.com"
5.254.65.214 - - [29/Feb/2016:19:44:05 -0800] "GET /gajaxscroller.js HTTP/1.1" 200 9774 "http://www.saveaslave.com/" "Mozilla/5.0 (Windows NT 10.0; WOW64) AppleWebKit/537.36 (KHTML, like Gecko) Chrome/48.0.2564.109 Safari/537.36 OPR/35.0.2066.68" "www.saveaslave.com"
5.254.65.214 - - [29/Feb/2016:19:44:05 -0800] "GET /css/elements.css HTTP/1.1" 200 17857 "http://www.saveaslave.com/" "Mozilla/5.0 (Windows NT 10.0; WOW64) AppleWebKit/537.36 (KHTML, like Gecko) Chrome/48.0.2564.109 Safari/537.36 OPR/35.0.2066.68" "www.saveaslave.com"
5.254.65.214 - - [29/Feb/2016:19:44:06 -0800] "GET /images/article/s1_dety_beg_d9954.jpg HTTP/1.1" 200 16968 "http://www.saveaslave.com/" "Mozilla/5.0 (Windows NT 10.0; WOW64) AppleWebKit/537.36 (KHTML, like Gecko) Chrome/48.0.2564.109 Safari/537.36 OPR/35.0.2066.68" "www.saveaslave.com"
5.254.65.214 - - [29/Feb/2016:19:44:06 -0800] "GET /images/article/suspects.jpg HTTP/1.1" 200 58796 "http://www.saveaslave.com/" "Mozilla/5.0 (Windows NT 10.0; WOW64) AppleWebKit/537.36 (KHTML, like Gecko) Chrome/48.0.2564.109 Safari/537.36 OPR/35.0.2066.68" "www.saveaslave.com"
5.254.65.214 - - [29/Feb/2016:19:44:07 -0800] "GET /indicator.gif HTTP/1.1" 200 878 "http://www.saveaslave.com/" "Mozilla/5.0 (Windows NT 10.0; WOW64) AppleWebKit/537.36 (KHTML, like Gecko) Chrome/48.0.2564.109 Safari/537.36 OPR/35.0.2066.68" "www.saveaslave.com"
5.254.65.214 - - [29/Feb/2016:19:44:05 -0800] "GET /gfeedfetcher.js HTTP/1.1" 200 9018 "http://www.saveaslave.com/" "Mozilla/5.0 (Windows NT 10.0; WOW64) AppleWebKit/537.36 (KHTML, like Gecko) Chrome/48.0.2564.109 Safari/537.36 OPR/35.0.2066.68" "www.saveaslave.com"
5.254.65.214 - - [29/Feb/2016:19:44:07 -0800] "GET /css/down-arrow.png HTTP/1.1" 404 89 "http://www.saveaslave.com/css/elements.css" "Mozilla/5.0 (Windows NT 10.0; WOW64) AppleWebKit/537.36 (KHTML, like Gecko) Chrome/48.0.2564.109 Safari/537.36 OPR/35.0.2066.68" "www.saveaslave.com"
5.254.65.214 - - [29/Feb/2016:19:44:09 -0800] "GET /ico/favicon-16x16.png HTTP/1.1" 200 1129 "http://www.saveaslave.com/" "Mozilla/5.0 (Windows NT 10.0; WOW64) AppleWebKit/537.36 (KHTML, like Gecko) Chrome/48.0.2564.109 Safari/537.36 OPR/35.0.2066.68" "www.saveaslave.com"
5.254.65.214 - - [29/Feb/2016:19:44:09 -0800] "GET /images/article/end_it.jpg HTTP/1.1" 200 33676 "http://www.saveaslave.com/" "Mozilla/5.0 (Windows NT 10.0; WOW64) AppleWebKit/537.36 (KHTML, like Gecko) Chrome/48.0.2564.109 Safari/537.36 OPR/35.0.2066.68" "www.saveaslave.com"
5.254.65.214 - - [29/Feb/2016:19:44:09 -0800] "GET /ico/favicon-32x32.png HTTP/1.1" 200 1892 "http://www.saveaslave.com/" "Mozilla/5.0 (Windows NT 10.0; WOW64) AppleWebKit/537.36 (KHTML, like Gecko) Chrome/48.0.2564.109 Safari/537.36 OPR/35.0.2066.68" "www.saveaslave.com"
5.254.65.214 - - [29/Feb/2016:19:44:51 -0800] "GET /images/top-1.jpg HTTP/1.1" 200 77341 "http://www.saveaslave.com/contact-us.php" "Mozilla/5.0 (Windows NT 10.0; WOW64) AppleWebKit/537.36 (KHTML, like Gecko) Chrome/48.0.2564.109 Safari/537.36 OPR/35.0.2066.68" "www.saveaslave.com"
5.254.65.214 - - [29/Feb/2016:19:45:21 -0800] "GET /country.php?name=Turkey&lang=en HTTP/1.1" 200 64313 "http://www.saveaslave.com/contact-us.php" "Mozilla/5.0 (Windows NT 10.0; WOW64) AppleWebKit/537.36 (KHTML, like Gecko) Chrome/48.0.2564.109 Safari/537.36 OPR/35.0.2066.68" "www.saveaslave.com"
5.254.65.214 - - [29/Feb/2016:19:45:23 -0800] "GET /css/down-arrow.png HTTP/1.1" 404 89 "http://www.saveaslave.com/css/elements.css" "Mozilla/5.0 (Windows NT 10.0; WOW64) AppleWebKit/537.36 (KHTML, like Gecko) Chrome/48.0.2564.109 Safari/537.36 OPR/35.0.2066.68" "www.saveaslave.com"
208.115.113.94 - - [29/Feb/2016:20:04:28 -0800] "GET /saintlucia HTTP/1.1" 404 89 "-" "Mozilla/5.0 (compatible; DotBot/1.1; http://www.opensiteexplorer.org/dotbot, help@moz.com)" "www.saveaslave.com"
207.46.13.24 - - [29/Feb/2016:21:00:57 -0800] "GET /guinea.html HTTP/1.1" 404 89 "-" "Mozilla/5.0 (compatible; bingbot/2.0; +http://www.bing.com/bingbot.htm)" "www.saveaslave.com"
207.46.13.24 - - [29/Feb/2016:21:00:57 -0800] "GET /gabon.html HTTP/1.1" 404 89 "-" "Mozilla/5.0 (compatible; bingbot/2.0; +http://www.bing.com/bingbot.htm)" "www.saveaslave.com"
207.46.13.24 - - [29/Feb/2016:21:00:58 -0800] "GET /?Itemid=1 HTTP/1.1" 200 100441 "-" "Mozilla/5.0 (compatible; bingbot/2.0; +http://www.bing.com/bingbot.htm)" "www.saveaslave.com"
40.77.167.19 - - [29/Feb/2016:21:01:20 -0800] "GET /guyana.html HTTP/1.1" 404 89 "-" "Mozilla/5.0 (compatible; bingbot/2.0; +http://www.bing.com/bingbot.htm)" "www.saveaslave.com"
157.55.39.9 - - [29/Feb/2016:21:01:49 -0800] "GET / HTTP/1.1" 200 100441 "-" "Mozilla/5.0 (compatible; bingbot/2.0; +http://www.bing.com/bingbot.htm)" "www.saveaslave.com"
157.55.39.9 - - [29/Feb/2016:21:01:50 -0800] "GET /?tpl=about&Itemid=2 HTTP/1.1" 200 100441 "-" "Mozilla/5.0 (compatible; bingbot/2.0; +http://www.bing.com/bingbot.htm)" "www.saveaslave.com"
65.36.241.48 - - [29/Feb/2016:21:03:45 -0800] "HEAD / HTTP/1.1" 200 0 "-" "InternetSeer.com" "www.saveaslave.com"
45.79.81.142 - - [29/Feb/2016:21:16:08 -0800] "HEAD / HTTP/1.1" 200 0 "http://uptime.com/saveaslave.com" "Mozilla/5.0 (compatible; Uptimebot/1.0; +http://www.uptime.com/uptimebot)" "saveaslave.com"
66.220.158.110 - - [29/Feb/2016:21:19:14 -0800] "GET /images/cover1.jpg HTTP/1.1" 200 253658 "-" "facebookexternalhit/1.1 (+http://www.facebook.com/externalhit_uatext.php)" "www.saveaslave.com"
180.76.15.27 - - [29/Feb/2016:21:27:25 -0800] "GET / HTTP/1.1" 200 100441 "-" "Mozilla/5.0 (compatible; Baiduspider/2.0; +http://www.baidu.com/search/spider.html)" "www.saveaslave.com"
65.36.241.48 - - [29/Feb/2016:22:31:18 -0800] "HEAD / HTTP/1.1" 200 0 "-" "InternetSeer.com" "www.saveaslave.com"
52.29.250.71 - - [29/Feb/2016:22:36:15 -0800] "GET /robots.txt HTTP/1.1" 200 48 "-" "Mozilla/5.0 (compatible; Cliqzbot/1.0 +http://cliqz.com/company/cliqzbot)" "www.saveaslave.com"
66.249.69.89 - - [29/Feb/2016:22:37:23 -0800] "GET /burundi HTTP/1.1" 404 89 "-" "Mozilla/5.0 (iPhone; CPU iPhone OS 8_3 like Mac OS X) AppleWebKit/600.1.4 (KHTML, like Gecko) Version/8.0 Mobile/12F70 Safari/600.1.4 (compatible; Googlebot/2.1; +http://www.google.com/bot.html)" "www.saveaslave.com"
99.92.208.173 - - [29/Feb/2016:23:05:10 -0800] "GET /js/bootstrap.min.js HTTP/1.1" 200 37055 "http://saveaslave.com/" "Mozilla/5.0 (Windows NT 6.1; WOW64) AppleWebKit/537.36 (KHTML, like Gecko) Chrome/48.0.2564.116 Safari/537.36" "saveaslave.com"
99.92.208.173 - - [29/Feb/2016:23:05:11 -0800] "GET /images/article/suspects.jpg HTTP/1.1" 200 58796 "http://saveaslave.com/" "Mozilla/5.0 (Windows NT 6.1; WOW64) AppleWebKit/537.36 (KHTML, like Gecko) Chrome/48.0.2564.116 Safari/537.36" "saveaslave.com"
99.92.208.173 - - [29/Feb/2016:23:05:11 -0800] "GET /images/article/s1_dety_beg_d9954.jpg HTTP/1.1" 200 16968 "http://saveaslave.com/" "Mozilla/5.0 (Windows NT 6.1; WOW64) AppleWebKit/537.36 (KHTML, like Gecko) Chrome/48.0.2564.116 Safari/537.36" "saveaslave.com"
99.92.208.173 - - [29/Feb/2016:23:05:11 -0800] "GET /images/cover1.jpg HTTP/1.1" 200 253658 "http://saveaslave.com/" "Mozilla/5.0 (Windows NT 6.1; WOW64) AppleWebKit/537.36 (KHTML, like Gecko) Chrome/48.0.2564.116 Safari/537.36" "saveaslave.com"
99.92.208.173 - - [29/Feb/2016:23:05:11 -0800] "GET /images/social2.png HTTP/1.1" 200 1752 "http://saveaslave.com/" "Mozilla/5.0 (Windows NT 6.1; WOW64) AppleWebKit/537.36 (KHTML, like Gecko) Chrome/48.0.2564.116 Safari/537.36" "saveaslave.com"
99.92.208.173 - - [29/Feb/2016:23:05:13 -0800] "GET /favicon.ico HTTP/1.1" 404 89 "http://saveaslave.com/" "Mozilla/5.0 (Windows NT 6.1; WOW64) AppleWebKit/537.36 (KHTML, like Gecko) Chrome/48.0.2564.116 Safari/537.36" "saveaslave.com"
99.92.208.173 - - [29/Feb/2016:23:05:13 -0800] "GET /ico/favicon-16x16.png HTTP/1.1" 200 1129 "http://saveaslave.com/" "Mozilla/5.0 (Windows NT 6.1; WOW64) AppleWebKit/537.36 (KHTML, like Gecko) Chrome/48.0.2564.116 Safari/537.36" "saveaslave.com"
99.92.208.173 - - [29/Feb/2016:23:05:13 -0800] "GET /images/select-arrow.png HTTP/1.1" 200 1118 "http://saveaslave.com/css/style.css" "Mozilla/5.0 (Windows NT 6.1; WOW64) AppleWebKit/537.36 (KHTML, like Gecko) Chrome/48.0.2564.116 Safari/537.36" "saveaslave.com"
51.255.65.57 - - [29/Feb/2016:23:31:03 -0800] "GET /bahrain.html HTTP/1.1" 404 89 "-" "Mozilla/5.0 (compatible; AhrefsBot/5.0; +http://ahrefs.com/robot/)" "saveaslave.com"
51.255.65.71 - - [01/Mar/2016:00:24:14 -0800] "GET /bhutan.html HTTP/1.1" 404 89 "-" "Mozilla/5.0 (compatible; AhrefsBot/5.0; +http://ahrefs.com/robot/)" "saveaslave.com"
144.76.29.66 - - [01/Mar/2016:00:24:25 -0800] "GET /disclaimer.php HTTP/1.1" 200 47481 "-" "Mozilla/5.0 (compatible; MJ12bot/v1.4.5; http://www.majestic12.co.uk/bot.php?+)" "saveaslave.com"
123.125.71.89 - - [01/Mar/2016:00:42:18 -0800] "GET /robots.txt HTTP/1.1" 200 48 "-" "Mozilla/5.0 (compatible; Baiduspider/2.0; +http://www.baidu.com/search/spider.html)" "saveaslave.com"
192.243.55.137 - - [01/Mar/2016:01:42:36 -0800] "GET /articles/womeninsudan.html HTTP/1.1" 404 89 "-" "Mozilla/5.0 (compatible; SemrushBot/1~bl; +http://www.semrush.com/bot.html)" "www.saveaslave.com"
192.243.55.136 - - [01/Mar/2016:01:44:47 -0800] "GET /senegal.html HTTP/1.1" 404 89 "-" "Mozilla/5.0 (compatible; SemrushBot/1~bl; +http://www.semrush.com/bot.html)" "www.saveaslave.com"
192.243.55.136 - - [01/Mar/2016:01:47:05 -0800] "GET /paraguay.html HTTP/1.1" 404 89 "-" "Mozilla/5.0 (compatible; SemrushBot/1~bl; +http://www.semrush.com/bot.html)" "saveaslave.com"
192.243.55.133 - - [01/Mar/2016:01:49:19 -0800] "GET /kuwait.html HTTP/1.1" 404 89 "-" "Mozilla/5.0 (compatible; SemrushBot/1~bl; +http://www.semrush.com/bot.html)" "saveaslave.com"
171.25.193.77 - - [01/Mar/2016:01:51:03 -0800] "GET / HTTP/1.1" 200 100369 "http://hvd-store.com/" "Mozilla/5.0 (X11; Linux x86_64) AppleWebKit/537.36 (KHTML, like Gecko) Chrome/37.0.2062.120 Safari/537.36" "saveaslave.com"
192.243.55.131 - - [01/Mar/2016:01:54:16 -0800] "GET /qatar.html HTTP/1.1" 404 89 "-" "Mozilla/5.0 (compatible; SemrushBot/1~bl; +http://www.semrush.com/bot.html)" "saveaslave.com"
192.243.55.131 - - [01/Mar/2016:01:54:19 -0800] "GET /central-african-republic.html HTTP/1.1" 404 89 "-" "Mozilla/5.0 (compatible; SemrushBot/1~bl; +http://www.semrush.com/bot.html)" "www.saveaslave.com"
192.243.55.135 - - [01/Mar/2016:01:55:26 -0800] "GET /turkey.html HTTP/1.1" 404 89 "-" "Mozilla/5.0 (compatible; SemrushBot/1~bl; +http://www.semrush.com/bot.html)" "www.saveaslave.com"
192.243.55.131 - - [01/Mar/2016:01:56:29 -0800] "GET /poland.html HTTP/1.1" 404 89 "-" "Mozilla/5.0 (compatible; SemrushBot/1~bl; +http://www.semrush.com/bot.html)" "saveaslave.com"
192.243.55.132 - - [01/Mar/2016:01:57:24 -0800] "GET /mongolia.html HTTP/1.1" 404 89 "-" "Mozilla/5.0 (compatible; SemrushBot/1~bl; +http://www.semrush.com/bot.html)" "saveaslave.com"
192.243.55.132 - - [01/Mar/2016:01:57:30 -0800] "GET /turks-caicos-islands.html HTTP/1.1" 404 89 "-" "Mozilla/5.0 (compatible; SemrushBot/1~bl; +http://www.semrush.com/bot.html)" "www.saveaslave.com"
192.243.55.137 - - [01/Mar/2016:01:58:15 -0800] "GET /cyprus.html HTTP/1.1" 404 89 "-" "Mozilla/5.0 (compatible; SemrushBot/1~bl; +http://www.semrush.com/bot.html)" "www.saveaslave.com"
192.243.55.137 - - [01/Mar/2016:01:58:25 -0800] "GET /republic-of-congo.html HTTP/1.1" 404 89 "-" "Mozilla/5.0 (compatible; SemrushBot/1~bl; +http://www.semrush.com/bot.html)" "saveaslave.com"
192.243.55.137 - - [01/Mar/2016:01:59:36 -0800] "GET /liberia.html HTTP/1.1" 404 89 "-" "Mozilla/5.0 (compatible; SemrushBot/1~bl; +http://www.semrush.com/bot.html)" "www.saveaslave.com"
77.246.55.160 - - [01/Mar/2016:02:02:23 -0800] "GET /images/article/2239.jpg HTTP/1.1" 200 89745 "-" "Mozilla/5.0 (Linux; Android 4.4.2; G4 Build/KOT49H) AppleWebKit/537.36 (KHTML, like Gecko) Version/4.0 Chrome/30.0.0.0 Mobile Safari/537.36 GSA/3.3.12.1106182.arm" "www.saveaslave.com"
192.243.55.134 - - [01/Mar/2016:02:02:29 -0800] "GET /cape-verde.html HTTP/1.1" 404 89 "-" "Mozilla/5.0 (compatible; SemrushBot/1~bl; +http://www.semrush.com/bot.html)" "saveaslave.com"
192.243.55.132 - - [01/Mar/2016:02:03:37 -0800] "GET /vanuatu.html HTTP/1.1" 404 89 "-" "Mozilla/5.0 (compatible; SemrushBot/1~bl; +http://www.semrush.com/bot.html)" "www.saveaslave.com"
192.243.55.137 - - [01/Mar/2016:02:06:35 -0800] "GET /west-bank.html HTTP/1.1" 404 89 "-" "Mozilla/5.0 (compatible; SemrushBot/1~bl; +http://www.semrush.com/bot.html)" "www.saveaslave.com"
192.243.55.131 - - [01/Mar/2016:02:07:30 -0800] "GET /montenegro.html HTTP/1.1" 404 89 "-" "Mozilla/5.0 (compatible; SemrushBot/1~bl; +http://www.semrush.com/bot.html)" "www.saveaslave.com"
192.243.55.138 - - [01/Mar/2016:02:08:31 -0800] "GET /lebanon.html HTTP/1.1" 404 89 "-" "Mozilla/5.0 (compatible; SemrushBot/1~bl; +http://www.semrush.com/bot.html)" "saveaslave.com"
192.243.55.134 - - [01/Mar/2016:02:10:22 -0800] "GET /saint-vincent-grenadines.html HTTP/1.1" 404 89 "-" "Mozilla/5.0 (compatible; SemrushBot/1~bl; +http://www.semrush.com/bot.html)" "www.saveaslave.com"
192.243.55.129 - - [01/Mar/2016:02:11:18 -0800] "GET /site?p=52 HTTP/1.1" 404 89 "-" "Mozilla/5.0 (compatible; SemrushBot/1~bl; +http://www.semrush.com/bot.html)" "saveaslave.com"
192.243.55.129 - - [01/Mar/2016:02:11:25 -0800] "GET /andorra.html HTTP/1.1" 404 89 "-" "Mozilla/5.0 (compatible; SemrushBot/1~bl; +http://www.semrush.com/bot.html)" "www.saveaslave.com"
192.243.55.132 - - [01/Mar/2016:02:12:19 -0800] "GET /us-virgin-islands.html HTTP/1.1" 404 89 "-" "Mozilla/5.0 (compatible; SemrushBot/1~bl; +http://www.semrush.com/bot.html)" "saveaslave.com"
192.243.55.132 - - [01/Mar/2016:02:12:20 -0800] "GET /bahamas.html HTTP/1.1" 404 89 "-" "Mozilla/5.0 (compatible; SemrushBot/1~bl; +http://www.semrush.com/bot.html)" "www.saveaslave.com"
192.243.55.136 - - [01/Mar/2016:02:15:09 -0800] "GET /palmyra-atoll.html HTTP/1.1" 404 89 "-" "Mozilla/5.0 (compatible; SemrushBot/1~bl; +http://www.semrush.com/bot.html)" "saveaslave.com"
192.243.55.136 - - [01/Mar/2016:02:15:10 -0800] "GET /australia.html HTTP/1.1" 404 89 "-" "Mozilla/5.0 (compatible; SemrushBot/1~bl; +http://www.semrush.com/bot.html)" "www.saveaslave.com"
192.243.55.136 - - [01/Mar/2016:02:16:12 -0800] "GET /austria.html HTTP/1.1" 404 89 "-" "Mozilla/5.0 (compatible; SemrushBot/1~bl; +http://www.semrush.com/bot.html)" "saveaslave.com"
192.243.55.134 - - [01/Mar/2016:02:16:58 -0800] "GET /tuvalu.html HTTP/1.1" 404 89 "-" "Mozilla/5.0 (compatible; SemrushBot/1~bl; +http://www.semrush.com/bot.html)" "www.saveaslave.com"
192.243.55.135 - - [01/Mar/2016:02:17:56 -0800] "GET /belarus.html HTTP/1.1" 404 89 "-" "Mozilla/5.0 (compatible; SemrushBot/1~bl; +http://www.semrush.com/bot.html)" "saveaslave.com"
192.243.55.136 - - [01/Mar/2016:02:18:52 -0800] "GET /comoros.html HTTP/1.1" 404 89 "-" "Mozilla/5.0 (compatible; SemrushBot/1~bl; +http://www.semrush.com/bot.html)" "www.saveaslave.com"
192.243.55.137 - - [01/Mar/2016:02:19:49 -0800] "GET /yemen.html HTTP/1.1" 404 89 "-" "Mozilla/5.0 (compatible; SemrushBot/1~bl; +http://www.semrush.com/bot.html)" "saveaslave.com"
192.243.55.135 - - [01/Mar/2016:02:20:46 -0800] "GET /dominica.html HTTP/1.1" 404 89 "-" "Mozilla/5.0 (compatible; SemrushBot/1~bl; +http://www.semrush.com/bot.html)" "www.saveaslave.com"
192.243.55.130 - - [01/Mar/2016:02:21:38 -0800] "GET /timor-leste.html HTTP/1.1" 404 89 "-" "Mozilla/5.0 (compatible; SemrushBot/1~bl; +http://www.semrush.com/bot.html)" "www.saveaslave.com"
192.243.55.129 - - [01/Mar/2016:02:23:18 -0800] "GET /tanzania.html HTTP/1.1" 404 89 "-" "Mozilla/5.0 (compatible; SemrushBot/1~bl; +http://www.semrush.com/bot.html)" "saveaslave.com"
192.243.55.129 - - [01/Mar/2016:02:23:24 -0800] "GET /marshall-islands.html HTTP/1.1" 404 89 "-" "Mozilla/5.0 (compatible; SemrushBot/1~bl; +http://www.semrush.com/bot.html)" "www.saveaslave.com"
192.243.55.133 - - [01/Mar/2016:02:24:16 -0800] "GET /mexico.html HTTP/1.1" 404 89 "-" "Mozilla/5.0 (compatible; SemrushBot/1~bl; +http://www.semrush.com/bot.html)" "www.saveaslave.com"
192.243.55.129 - - [01/Mar/2016:02:25:10 -0800] "GET /central-african-republic.html HTTP/1.1" 404 89 "-" "Mozilla/5.0 (compatible; SemrushBot/1~bl; +http://www.semrush.com/bot.html)" "saveaslave.com"
192.243.55.137 - - [01/Mar/2016:02:26:02 -0800] "GET /paraguay.html HTTP/1.1" 404 89 "-" "Mozilla/5.0 (compatible; SemrushBot/1~bl; +http://www.semrush.com/bot.html)" "www.saveaslave.com"
66.249.69.104 - - [01/Mar/2016:02:26:40 -0800] "GET /georgia HTTP/1.1" 404 89 "-" "Mozilla/5.0 (compatible; Googlebot/2.1; +http://www.google.com/bot.html)" "www.saveaslave.com"
192.243.55.134 - - [01/Mar/2016:02:27:41 -0800] "GET /contact/default.html HTTP/1.1" 404 89 "-" "Mozilla/5.0 (compatible; SemrushBot/1~bl; +http://www.semrush.com/bot.html)" "saveaslave.com"
192.243.55.130 - - [01/Mar/2016:02:28:34 -0800] "GET /singapore.html HTTP/1.1" 404 89 "-" "Mozilla/5.0 (compatible; SemrushBot/1~bl; +http://www.semrush.com/bot.html)" "saveaslave.com"
192.243.55.130 - - [01/Mar/2016:02:28:39 -0800] "GET /curacao.html HTTP/1.1" 404 89 "-" "Mozilla/5.0 (compatible; SemrushBot/1~bl; +http://www.semrush.com/bot.html)" "www.saveaslave.com"
192.243.55.131 - - [01/Mar/2016:02:29:26 -0800] "GET /singapore.html HTTP/1.1" 404 89 "-" "Mozilla/5.0 (compatible; SemrushBot/1~bl; +http://www.semrush.com/bot.html)" "www.saveaslave.com"
192.243.55.138 - - [01/Mar/2016:02:30:28 -0800] "GET /libya.html HTTP/1.1" 404 89 "-" "Mozilla/5.0 (compatible; SemrushBot/1~bl; +http://www.semrush.com/bot.html)" "saveaslave.com"
192.243.55.131 - - [01/Mar/2016:02:32:08 -0800] "GET /sri-lanka.html HTTP/1.1" 404 89 "-" "Mozilla/5.0 (compatible; SemrushBot/1~bl; +http://www.semrush.com/bot.html)" "saveaslave.com"
192.243.55.136 - - [01/Mar/2016:02:33:14 -0800] "GET /south-sudan.html HTTP/1.1" 404 89 "-" "Mozilla/5.0 (compatible; SemrushBot/1~bl; +http://www.semrush.com/bot.html)" "saveaslave.com"
192.243.55.137 - - [01/Mar/2016:02:33:42 -0800] "GET /colombia.html HTTP/1.1" 404 89 "-" "Mozilla/5.0 (compatible; SemrushBot/1~bl; +http://www.semrush.com/bot.html)" "saveaslave.com"
192.243.55.138 - - [01/Mar/2016:02:35:22 -0800] "GET /site?p=34 HTTP/1.1" 404 89 "-" "Mozilla/5.0 (compatible; SemrushBot/1~bl; +http://www.semrush.com/bot.html)" "saveaslave.com"
192.243.55.134 - - [01/Mar/2016:02:37:50 -0800] "GET /canada.html HTTP/1.1" 404 89 "-" "Mozilla/5.0 (compatible; SemrushBot/1~bl; +http://www.semrush.com/bot.html)" "www.saveaslave.com"
192.243.55.134 - - [01/Mar/2016:02:38:42 -0800] "GET /trinidad-tobago.html HTTP/1.1" 404 89 "-" "Mozilla/5.0 (compatible; SemrushBot/1~bl; +http://www.semrush.com/bot.html)" "saveaslave.com"
192.243.55.135 - - [01/Mar/2016:02:39:35 -0800] "GET /sint-maarten.html HTTP/1.1" 404 89 "-" "Mozilla/5.0 (compatible; SemrushBot/1~bl; +http://www.semrush.com/bot.html)" "saveaslave.com"
192.243.55.130 - - [01/Mar/2016:02:42:02 -0800] "GET /netherlands-antilles.html HTTP/1.1" 404 89 "-" "Mozilla/5.0 (compatible; SemrushBot/1~bl; +http://www.semrush.com/bot.html)" "saveaslave.com"
192.243.55.138 - - [01/Mar/2016:02:42:45 -0800] "GET /liechtenstein.html HTTP/1.1" 404 89 "-" "Mozilla/5.0 (compatible; SemrushBot/1~bl; +http://www.semrush.com/bot.html)" "saveaslave.com"
192.243.55.132 - - [01/Mar/2016:02:44:26 -0800] "GET /sweden.html HTTP/1.1" 404 89 "-" "Mozilla/5.0 (compatible; SemrushBot/1~bl; +http://www.semrush.com/bot.html)" "www.saveaslave.com"
192.243.55.130 - - [01/Mar/2016:02:45:50 -0800] "GET /malawi.html HTTP/1.1" 404 89 "-" "Mozilla/5.0 (compatible; SemrushBot/1~bl; +http://www.semrush.com/bot.html)" "saveaslave.com"
192.243.55.138 - - [01/Mar/2016:02:46:39 -0800] "GET /cuba.html HTTP/1.1" 404 89 "-" "Mozilla/5.0 (compatible; SemrushBot/1~bl; +http://www.semrush.com/bot.html)" "www.saveaslave.com"
192.243.55.138 - - [01/Mar/2016:02:48:17 -0800] "GET /djibouti.html HTTP/1.1" 404 89 "-" "Mozilla/5.0 (compatible; SemrushBot/1~bl; +http://www.semrush.com/bot.html)" "saveaslave.com"
192.243.55.138 - - [01/Mar/2016:02:49:09 -0800] "GET /west-bank.html HTTP/1.1" 404 89 "-" "Mozilla/5.0 (compatible; SemrushBot/1~bl; +http://www.semrush.com/bot.html)" "saveaslave.com"
192.243.55.131 - - [01/Mar/2016:02:50:53 -0800] "GET /belgium.html HTTP/1.1" 404 89 "-" "Mozilla/5.0 (compatible; SemrushBot/1~bl; +http://www.semrush.com/bot.html)" "www.saveaslave.com"
192.243.55.132 - - [01/Mar/2016:02:52:07 -0800] "GET /nauru.html HTTP/1.1" 404 89 "-" "Mozilla/5.0 (compatible; SemrushBot/1~bl; +http://www.semrush.com/bot.html)" "saveaslave.com"
192.243.55.136 - - [01/Mar/2016:02:52:55 -0800] "GET /costa-rica.html HTTP/1.1" 404 89 "-" "Mozilla/5.0 (compatible; SemrushBot/1~bl; +http://www.semrush.com/bot.html)" "saveaslave.com"
192.243.55.134 - - [01/Mar/2016:02:54:22 -0800] "GET /chile.html HTTP/1.1" 404 89 "-" "Mozilla/5.0 (compatible; SemrushBot/1~bl; +http://www.semrush.com/bot.html)" "saveaslave.com"
192.243.55.137 - - [01/Mar/2016:02:55:12 -0800] "GET /cameroon.html HTTP/1.1" 404 89 "-" "Mozilla/5.0 (compatible; SemrushBot/1~bl; +http://www.semrush.com/bot.html)" "www.saveaslave.com"
192.243.55.137 - - [01/Mar/2016:02:55:49 -0800] "GET /news/saveaslave.net/calendar/default.html HTTP/1.1" 404 89 "-" "Mozilla/5.0 (compatible; SemrushBot/1~bl; +http://www.semrush.com/bot.html)" "saveaslave.com"
192.243.55.135 - - [01/Mar/2016:02:56:39 -0800] "GET /saint-barthelemy.html HTTP/1.1" 404 89 "-" "Mozilla/5.0 (compatible; SemrushBot/1~bl; +http://www.semrush.com/bot.html)" "www.saveaslave.com"
192.243.55.138 - - [01/Mar/2016:02:57:29 -0800] "GET /croatia.html HTTP/1.1" 404 89 "-" "Mozilla/5.0 (compatible; SemrushBot/1~bl; +http://www.semrush.com/bot.html)" "saveaslave.com"
192.243.55.138 - - [01/Mar/2016:02:57:38 -0800] "GET /maldives.html HTTP/1.1" 404 89 "-" "Mozilla/5.0 (compatible; SemrushBot/1~bl; +http://www.semrush.com/bot.html)" "www.saveaslave.com"
192.243.55.131 - - [01/Mar/2016:02:58:50 -0800] "GET /denmark.html HTTP/1.1" 404 89 "-" "Mozilla/5.0 (compatible; SemrushBot/1~bl; +http://www.semrush.com/bot.html)" "www.saveaslave.com"
192.243.55.135 - - [01/Mar/2016:03:01:01 -0800] "GET /pakistan.html HTTP/1.1" 404 89 "-" "Mozilla/5.0 (compatible; SemrushBot/1~bl; +http://www.semrush.com/bot.html)" "www.saveaslave.com"
192.243.55.135 - - [01/Mar/2016:03:01:02 -0800] "GET /uruguay.html HTTP/1.1" 404 89 "-" "Mozilla/5.0 (compatible; SemrushBot/1~bl; +http://www.semrush.com/bot.html)" "saveaslave.com"
192.243.55.133 - - [01/Mar/2016:03:01:53 -0800] "GET /united-kingdom.html HTTP/1.1" 404 89 "-" "Mozilla/5.0 (compatible; SemrushBot/1~bl; +http://www.semrush.com/bot.html)" "saveaslave.com"
192.243.55.131 - - [01/Mar/2016:03:02:26 -0800] "GET /brunei.html HTTP/1.1" 404 89 "-" "Mozilla/5.0 (compatible; SemrushBot/1~bl; +http://www.semrush.com/bot.html)" "www.saveaslave.com"
192.243.55.131 - - [01/Mar/2016:03:03:19 -0800] "GET /tunisia.html HTTP/1.1" 404 89 "-" "Mozilla/5.0 (compatible; SemrushBot/1~bl; +http://www.semrush.com/bot.html)" "saveaslave.com"
192.243.55.136 - - [01/Mar/2016:03:03:58 -0800] "GET /luxembourg.html HTTP/1.1" 404 89 "-" "Mozilla/5.0 (compatible; SemrushBot/1~bl; +http://www.semrush.com/bot.html)" "saveaslave.com"
192.243.55.138 - - [01/Mar/2016:03:05:20 -0800] "GET /cambodia.html HTTP/1.1" 404 89 "-" "Mozilla/5.0 (compatible; SemrushBot/1~bl; +http://www.semrush.com/bot.html)" "www.saveaslave.com"
192.243.55.138 - - [01/Mar/2016:03:05:23 -0800] "GET /information_links/default.html HTTP/1.1" 404 89 "-" "Mozilla/5.0 (compatible; SemrushBot/1~bl; +http://www.semrush.com/bot.html)" "saveaslave.com"
192.243.55.132 - - [01/Mar/2016:03:06:46 -0800] "GET /east-timor.html HTTP/1.1" 404 89 "-" "Mozilla/5.0 (compatible; SemrushBot/1~bl; +http://www.semrush.com/bot.html)" "www.saveaslave.com"
192.243.55.132 - - [01/Mar/2016:03:06:49 -0800] "GET /madagascar.html HTTP/1.1" 404 89 "-" "Mozilla/5.0 (compatible; SemrushBot/1~bl; +http://www.semrush.com/bot.html)" "saveaslave.com"
192.243.55.129 - - [01/Mar/2016:03:07:32 -0800] "GET /mali.html HTTP/1.1" 404 89 "-" "Mozilla/5.0 (compatible; SemrushBot/1~bl; +http://www.semrush.com/bot.html)" "saveaslave.com"
192.243.55.138 - - [01/Mar/2016:03:08:56 -0800] "GET /solomon-islands.html HTTP/1.1" 404 89 "-" "Mozilla/5.0 (compatible; SemrushBot/1~bl; +http://www.semrush.com/bot.html)" "saveaslave.com"
65.36.241.48 - - [01/Mar/2016:03:09:20 -0800] "HEAD / HTTP/1.1" 200 0 "-" "InternetSeer.com" "www.saveaslave.com"
192.243.55.131 - - [01/Mar/2016:03:09:43 -0800] "GET /uzbekistan.html HTTP/1.1" 404 89 "-" "Mozilla/5.0 (compatible; SemrushBot/1~bl; +http://www.semrush.com/bot.html)" "www.saveaslave.com"
192.243.55.138 - - [01/Mar/2016:03:10:19 -0800] "GET /about/default.html HTTP/1.1" 404 89 "-" "Mozilla/5.0 (compatible; SemrushBot/1~bl; +http://www.semrush.com/bot.html)" "saveaslave.com"
192.243.55.132 - - [01/Mar/2016:03:11:00 -0800] "GET /vietnam.html HTTP/1.1" 404 89 "-" "Mozilla/5.0 (compatible; SemrushBot/1~bl; +http://www.semrush.com/bot.html)" "saveaslave.com"
192.243.55.132 - - [01/Mar/2016:03:11:10 -0800] "GET /qatar.html HTTP/1.1" 404 89 "-" "Mozilla/5.0 (compatible; SemrushBot/1~bl; +http://www.semrush.com/bot.html)" "www.saveaslave.com"
192.243.55.129 - - [01/Mar/2016:03:11:49 -0800] "GET /san-marino.html HTTP/1.1" 404 89 "-" "Mozilla/5.0 (compatible; SemrushBot/1~bl; +http://www.semrush.com/bot.html)" "www.saveaslave.com"
192.243.55.134 - - [01/Mar/2016:03:13:21 -0800] "GET /botswana.html HTTP/1.1" 404 89 "-" "Mozilla/5.0 (compatible; SemrushBot/1~bl; +http://www.semrush.com/bot.html)" "www.saveaslave.com"
192.243.55.135 - - [01/Mar/2016:03:14:29 -0800] "GET /north-korea.html HTTP/1.1" 404 89 "-" "Mozilla/5.0 (compatible; SemrushBot/1~bl; +http://www.semrush.com/bot.html)" "www.saveaslave.com"
192.243.55.138 - - [01/Mar/2016:03:15:58 -0800] "GET /sweden.html HTTP/1.1" 404 89 "-" "Mozilla/5.0 (compatible; SemrushBot/1~bl; +http://www.semrush.com/bot.html)" "saveaslave.com"
192.243.55.138 - - [01/Mar/2016:03:15:59 -0800] "GET /croatia.html HTTP/1.1" 404 89 "-" "Mozilla/5.0 (compatible; SemrushBot/1~bl; +http://www.semrush.com/bot.html)" "www.saveaslave.com"
192.243.55.134 - - [01/Mar/2016:03:17:43 -0800] "GET /sierra-leone.html HTTP/1.1" 404 89 "-" "Mozilla/5.0 (compatible; SemrushBot/1~bl; +http://www.semrush.com/bot.html)" "saveaslave.com"
192.243.55.132 - - [01/Mar/2016:03:18:43 -0800] "GET /turks-caicos-islands.html HTTP/1.1" 404 89 "-" "Mozilla/5.0 (compatible; SemrushBot/1~bl; +http://www.semrush.com/bot.html)" "saveaslave.com"
192.243.55.132 - - [01/Mar/2016:03:18:44 -0800] "GET /index.html HTTP/1.1" 404 89 "-" "Mozilla/5.0 (compatible; SemrushBot/1~bl; +http://www.semrush.com/bot.html)" "www.saveaslave.com"
192.243.55.138 - - [01/Mar/2016:03:22:52 -0800] "GET /czech-republic.html HTTP/1.1" 404 89 "-" "Mozilla/5.0 (compatible; SemrushBot/1~bl; +http://www.semrush.com/bot.html)" "www.saveaslave.com"
192.243.55.138 - - [01/Mar/2016:03:23:23 -0800] "GET /monaco.html HTTP/1.1" 404 89 "-" "Mozilla/5.0 (compatible; SemrushBot/1~bl; +http://www.semrush.com/bot.html)" "saveaslave.com"
46.118.155.216 - - [01/Mar/2016:03:26:08 -0800] "GET /robots.txt HTTP/1.1" 200 48 "-" "Mozilla/5.0 (Windows 10; WOW64; rv:41.0) Gecko/20100101 Firefox/41.0" "www.saveaslave.com"
46.118.155.216 - - [01/Mar/2016:03:26:10 -0800] "GET / HTTP/1.1" 200 100441 "-" "Mozilla/5.0 (Windows 10; WOW64; rv:41.0) Gecko/20100101 Firefox/41.0" "www.saveaslave.com"
46.118.155.216 - - [01/Mar/2016:03:26:12 -0800] "GET /blog/robots.txt HTTP/1.1" 404 89 "-" "Mozilla/5.0 (Windows 10; WOW64; rv:41.0) Gecko/20100101 Firefox/41.0" "www.saveaslave.com"
46.118.155.216 - - [01/Mar/2016:03:26:13 -0800] "GET /wp/ HTTP/1.1" 404 89 "-" "Mozilla/5.0 (Windows 10; WOW64; rv:41.0) Gecko/20100101 Firefox/41.0" "www.saveaslave.com"
31.13.97.110 - - [01/Mar/2016:03:46:55 -0800] "GET /images/cover1.jpg HTTP/1.1" 200 253658 "-" "facebookexternalhit/1.1 (+http://www.facebook.com/externalhit_uatext.php)" "saveaslave.com"
208.115.113.94 - - [01/Mar/2016:03:58:06 -0800] "GET /article.php?id=48 HTTP/1.1" 200 776 "-" "Mozilla/5.0 (compatible; DotBot/1.1; http://www.opensiteexplorer.org/dotbot, help@moz.com)" "saveaslave.com"
208.115.113.94 - - [01/Mar/2016:04:42:57 -0800] "GET /guadeloupe HTTP/1.1" 404 89 "-" "Mozilla/5.0 (compatible; DotBot/1.1; http://www.opensiteexplorer.org/dotbot, help@moz.com)" "saveaslave.com"
208.115.113.94 - - [01/Mar/2016:04:42:58 -0800] "GET /ireland HTTP/1.1" 404 89 "-" "Mozilla/5.0 (compatible; DotBot/1.1; http://www.opensiteexplorer.org/dotbot, help@moz.com)" "saveaslave.com"
65.36.241.48 - - [01/Mar/2016:04:44:40 -0800] "HEAD / HTTP/1.1" 200 0 "-" "InternetSeer.com" "www.saveaslave.com"
208.115.113.94 - - [01/Mar/2016:04:51:10 -0800] "GET /equatorialguinea.html HTTP/1.1" 404 89 "-" "Mozilla/5.0 (compatible; DotBot/1.1; http://www.opensiteexplorer.org/dotbot, help@moz.com)" "www.saveaslave.com"
217.179.210.27 - - [01/Mar/2016:05:03:41 -0800] "GET / HTTP/1.1" 200 100441 "-" "Mozilla/5.0 (Windows NT 6.1; Trident/7.0; rv:11.0) like Gecko" "www.saveaslave.com"
217.179.210.27 - - [01/Mar/2016:05:03:41 -0800] "GET /ico/apple-icon-72x72.png HTTP/1.1" 200 3219 "http://www.saveaslave.com/" "Mozilla/5.0 (Windows NT 6.1; Trident/7.0; rv:11.0) like Gecko" "www.saveaslave.com"
217.179.210.27 - - [01/Mar/2016:05:03:41 -0800] "GET /ico/apple-icon-60x60.png HTTP/1.1" 200 2590 "http://www.saveaslave.com/" "Mozilla/5.0 (Windows NT 6.1; Trident/7.0; rv:11.0) like Gecko" "www.saveaslave.com"
217.179.210.27 - - [01/Mar/2016:05:03:42 -0800] "GET /ico/apple-icon-180x180.png HTTP/1.1" 200 10378 "http://www.saveaslave.com/" "Mozilla/5.0 (Windows NT 6.1; Trident/7.0; rv:11.0) like Gecko" "www.saveaslave.com"
217.179.210.27 - - [01/Mar/2016:05:03:42 -0800] "GET /ico/android-icon-192x192.png HTTP/1.1" 200 10097 "http://www.saveaslave.com/" "Mozilla/5.0 (Windows NT 6.1; Trident/7.0; rv:11.0) like Gecko" "www.saveaslave.com"
217.179.210.27 - - [01/Mar/2016:05:03:42 -0800] "GET /ico/favicon-96x96.png HTTP/1.1" 200 4476 "http://www.saveaslave.com/" "Mozilla/5.0 (Windows NT 6.1; Trident/7.0; rv:11.0) like Gecko" "www.saveaslave.com"
217.179.210.27 - - [01/Mar/2016:05:03:42 -0800] "GET /favicon.ico HTTP/1.1" 404 89 "http://www.saveaslave.com/" "Mozilla/5.0 (Windows NT 6.1; Trident/7.0; rv:11.0) like Gecko" "www.saveaslave.com"
217.179.210.27 - - [01/Mar/2016:05:03:42 -0800] "GET /ico/favicon-16x16.png HTTP/1.1" 200 1129 "http://www.saveaslave.com/" "Mozilla/5.0 (Windows NT 6.1; Trident/7.0; rv:11.0) like Gecko" "www.saveaslave.com"
217.179.210.27 - - [01/Mar/2016:05:03:42 -0800] "GET /manifest.json HTTP/1.1" 404 89 "http://www.saveaslave.com/" "Mozilla/5.0 (Windows NT 6.1; Trident/7.0; rv:11.0) like Gecko" "www.saveaslave.com"
217.179.210.27 - - [01/Mar/2016:05:03:42 -0800] "GET /css/bootstrap.min.css HTTP/1.1" 200 123578 "http://www.saveaslave.com/" "Mozilla/5.0 (Windows NT 6.1; Trident/7.0; rv:11.0) like Gecko" "www.saveaslave.com"
217.179.210.27 - - [01/Mar/2016:05:03:42 -0800] "GET /gfeedfetcher.js HTTP/1.1" 200 9018 "http://www.saveaslave.com/" "Mozilla/5.0 (Windows NT 6.1; Trident/7.0; rv:11.0) like Gecko" "www.saveaslave.com"
217.179.210.27 - - [01/Mar/2016:05:03:42 -0800] "GET /assets/js/ie-emulation-modes-warning.js HTTP/1.1" 200 2130 "http://www.saveaslave.com/" "Mozilla/5.0 (Windows NT 6.1; Trident/7.0; rv:11.0) like Gecko" "www.saveaslave.com"
217.179.210.27 - - [01/Mar/2016:05:03:42 -0800] "GET /gajaxscroller.js HTTP/1.1" 200 9774 "http://www.saveaslave.com/" "Mozilla/5.0 (Windows NT 6.1; Trident/7.0; rv:11.0) like Gecko" "www.saveaslave.com"
217.179.210.27 - - [01/Mar/2016:05:03:42 -0800] "GET /images/logo2.png HTTP/1.1" 200 18525 "http://www.saveaslave.com/" "Mozilla/5.0 (Windows NT 6.1; Trident/7.0; rv:11.0) like Gecko" "www.saveaslave.com"
217.179.210.27 - - [01/Mar/2016:05:03:42 -0800] "GET /images/top.jpg HTTP/1.1" 200 50519 "http://www.saveaslave.com/" "Mozilla/5.0 (Windows NT 6.1; Trident/7.0; rv:11.0) like Gecko" "www.saveaslave.com"
217.179.210.27 - - [01/Mar/2016:05:03:42 -0800] "GET /images/article/s1_dety_beg_d9954.jpg HTTP/1.1" 200 16968 "http://www.saveaslave.com/" "Mozilla/5.0 (Windows NT 6.1; Trident/7.0; rv:11.0) like Gecko" "www.saveaslave.com"
217.179.210.27 - - [01/Mar/2016:05:03:43 -0800] "GET /images/article/suspects.jpg HTTP/1.1" 200 58796 "http://www.saveaslave.com/" "Mozilla/5.0 (Windows NT 6.1; Trident/7.0; rv:11.0) like Gecko" "www.saveaslave.com"
217.179.210.27 - - [01/Mar/2016:05:03:43 -0800] "GET /images/article/2239.jpg HTTP/1.1" 200 89745 "http://www.saveaslave.com/" "Mozilla/5.0 (Windows NT 6.1; Trident/7.0; rv:11.0) like Gecko" "www.saveaslave.com"
217.179.210.27 - - [01/Mar/2016:05:03:43 -0800] "GET /js/bootstrap.min.js HTTP/1.1" 200 37055 "http://www.saveaslave.com/" "Mozilla/5.0 (Windows NT 6.1; Trident/7.0; rv:11.0) like Gecko" "www.saveaslave.com"
217.179.210.27 - - [01/Mar/2016:05:03:43 -0800] "GET /indicator.gif HTTP/1.1" 200 878 "http://www.saveaslave.com/" "Mozilla/5.0 (Windows NT 6.1; Trident/7.0; rv:11.0) like Gecko" "www.saveaslave.com"
217.179.210.27 - - [01/Mar/2016:05:03:43 -0800] "GET /css/down-arrow.png HTTP/1.1" 404 89 "http://www.saveaslave.com/" "Mozilla/5.0 (Windows NT 6.1; Trident/7.0; rv:11.0) like Gecko" "www.saveaslave.com"
62.249.140.202 - - [01/Mar/2016:05:12:46 -0800] "GET /site/wp-login.php HTTP/1.1" 404 89 "-" "Mozilla/5.0 (Windows NT 5.1) AppleWebKit/537.1 (KHTML, like Gecko) Chrome/22.0.1229.79 Safari/537.4" "saveaslave.com"
62.249.140.202 - - [01/Mar/2016:05:12:47 -0800] "GET /site/admin.php HTTP/1.1" 404 89 "-" "Mozilla/5.0 (Windows NT 5.1) AppleWebKit/537.1 (KHTML, like Gecko) Chrome/22.0.1229.79 Safari/537.4" "saveaslave.com"
51.255.65.34 - - [01/Mar/2016:05:39:24 -0800] "GET /sudan.html HTTP/1.1" 404 89 "-" "Mozilla/5.0 (compatible; AhrefsBot/5.0; +http://ahrefs.com/robot/)" "saveaslave.com"
61.135.189.101 - - [01/Mar/2016:05:51:20 -0800] "GET / HTTP/1.1" 200 100441 "-" "Sogou web spider/4.0(+http://www.sogou.com/docs/help/webmasters.htm#07)" "saveaslave.com"
61.135.189.101 - - [01/Mar/2016:05:51:23 -0800] "GET /robots.txt HTTP/1.1" 200 48 "-" "Sogou web spider/4.0(+http://www.sogou.com/docs/help/webmasters.htm#07)" "saveaslave.com"
65.36.241.48 - - [01/Mar/2016:06:09:37 -0800] "HEAD / HTTP/1.1" 200 0 "-" "InternetSeer.com" "www.saveaslave.com"
51.255.65.52 - - [01/Mar/2016:06:09:39 -0800] "GET /article.php?id=62 HTTP/1.1" 200 60326 "-" "Mozilla/5.0 (compatible; AhrefsBot/5.0; +http://ahrefs.com/robot/)" "saveaslave.com"
51.255.65.47 - - [01/Mar/2016:06:15:58 -0800] "GET /www.css.co.la.ca.us HTTP/1.1" 404 89 "-" "Mozilla/5.0 (compatible; AhrefsBot/5.0; +http://ahrefs.com/robot/)" "www.saveaslave.com"
61.135.189.101 - - [01/Mar/2016:06:55:18 -0800] "GET / HTTP/1.1" 200 100441 "-" "Sogou web spider/4.0(+http://www.sogou.com/docs/help/webmasters.htm#07)" "www.saveaslave.com"
208.115.113.94 - - [01/Mar/2016:06:57:53 -0800] "GET /robots.txt HTTP/1.1" 200 48 "-" "Mozilla/5.0 (compatible; DotBot/1.1; http://www.opensiteexplorer.org/dotbot, help@moz.com)" "www.saveaslave.com"
208.115.113.94 - - [01/Mar/2016:07:48:06 -0800] "GET /article.php?id=25 HTTP/1.1" 200 776 "-" "Mozilla/5.0 (compatible; DotBot/1.1; http://www.opensiteexplorer.org/dotbot, help@moz.com)" "saveaslave.com"
192.99.107.233 - - [01/Mar/2016:08:11:01 -0800] "GET / HTTP/1.1" 200 100441 "-" "Mozilla/5.0 (compatible; meanpathbot/1.0; +http://www.meanpath.com/meanpathbot.html)" "saveaslave.com"
5.9.63.149 - - [01/Mar/2016:09:01:46 -0800] "GET /addlink.php HTTP/1.1" 200 12462 "-" "Mozilla/5.0 (compatible; MJ12bot/v1.4.5; http://www.majestic12.co.uk/bot.php?+)" "www.saveaslave.com"
192.243.55.133 - - [01/Mar/2016:10:12:11 -0800] "GET /tunisia.html HTTP/1.1" 404 89 "-" "Mozilla/5.0 (compatible; SemrushBot/1~bl; +http://www.semrush.com/bot.html)" "www.saveaslave.com"
101.226.168.254 - - [01/Mar/2016:10:14:00 -0800] "GET /robots.txt HTTP/1.1" 200 48 "http://www.saveaslave.com/robots.txt" "Mozilla/5.0 (Windows NT 6.1) AppleWebKit/537.1 (KHTML, like Gecko) Chrome/21.0.1180.89 Safari/537.1; 360Spider(compatible; HaosouSpider; http://www.haosou.com/help/help_3_2.html)" "www.saveaslave.com"
192.243.55.130 - - [01/Mar/2016:10:17:51 -0800] "GET / HTTP/1.1" 200 100441 "-" "Mozilla/5.0 (compatible; SemrushBot/1~bl; +http://www.semrush.com/bot.html)" "www.saveaslave.com"
192.243.55.131 - - [01/Mar/2016:10:19:53 -0800] "GET /uruguay.html HTTP/1.1" 404 89 "-" "Mozilla/5.0 (compatible; SemrushBot/1~bl; +http://www.semrush.com/bot.html)" "www.saveaslave.com"
217.69.133.29 - - [01/Mar/2016:10:22:51 -0800] "GET /senegal.html HTTP/1.1" 404 89 "-" "Mozilla/5.0 (compatible; Linux x86_64; Mail.RU_Bot/2.0; +http://go.mail.ru/help/robots)" "www.saveaslave.com"
192.243.55.133 - - [01/Mar/2016:10:23:42 -0800] "GET /swaziland.html HTTP/1.1" 404 89 "-" "Mozilla/5.0 (compatible; SemrushBot/1~bl; +http://www.semrush.com/bot.html)" "saveaslave.com"
192.243.55.130 - - [01/Mar/2016:10:27:29 -0800] "GET /antigua-and-barbuda.html HTTP/1.1" 404 89 "-" "Mozilla/5.0 (compatible; SemrushBot/1~bl; +http://www.semrush.com/bot.html)" "www.saveaslave.com"
192.243.55.136 - - [01/Mar/2016:10:28:48 -0800] "GET /navassa-island.html HTTP/1.1" 404 89 "-" "Mozilla/5.0 (compatible; SemrushBot/1~bl; +http://www.semrush.com/bot.html)" "saveaslave.com"
192.243.55.129 - - [01/Mar/2016:10:30:09 -0800] "GET /turkmenistan.html HTTP/1.1" 404 89 "-" "Mozilla/5.0 (compatible; SemrushBot/1~bl; +http://www.semrush.com/bot.html)" "saveaslave.com"
192.243.55.129 - - [01/Mar/2016:10:30:14 -0800] "GET /burma.html HTTP/1.1" 404 89 "-" "Mozilla/5.0 (compatible; SemrushBot/1~bl; +http://www.semrush.com/bot.html)" "www.saveaslave.com"
192.243.55.133 - - [01/Mar/2016:10:30:56 -0800] "GET /site?p=60/ HTTP/1.1" 404 89 "-" "Mozilla/5.0 (compatible; SemrushBot/1~bl; +http://www.semrush.com/bot.html)" "saveaslave.com"
51.255.65.48 - - [01/Mar/2016:10:31:25 -0800] "GET /united-states.html HTTP/1.1" 404 89 "-" "Mozilla/5.0 (compatible; AhrefsBot/5.0; +http://ahrefs.com/robot/)" "www.saveaslave.com"
192.243.55.138 - - [01/Mar/2016:10:32:04 -0800] "GET /finland.html HTTP/1.1" 404 89 "-" "Mozilla/5.0 (compatible; SemrushBot/1~bl; +http://www.semrush.com/bot.html)" "www.saveaslave.com"
192.243.55.138 - - [01/Mar/2016:10:32:04 -0800] "GET /norway.html HTTP/1.1" 404 89 "-" "Mozilla/5.0 (compatible; SemrushBot/1~bl; +http://www.semrush.com/bot.html)" "saveaslave.com"
192.243.55.130 - - [01/Mar/2016:10:33:23 -0800] "GET /united-arab-emirates.html HTTP/1.1" 404 89 "-" "Mozilla/5.0 (compatible; SemrushBot/1~bl; +http://www.semrush.com/bot.html)" "www.saveaslave.com"
192.243.55.136 - - [01/Mar/2016:10:34:32 -0800] "GET /mozambique.html HTTP/1.1" 404 89 "-" "Mozilla/5.0 (compatible; SemrushBot/1~bl; +http://www.semrush.com/bot.html)" "saveaslave.com"
192.243.55.133 - - [01/Mar/2016:10:36:30 -0800] "GET /site/?p=34 HTTP/1.1" 404 89 "-" "Mozilla/5.0 (compatible; SemrushBot/1~bl; +http://www.semrush.com/bot.html)" "saveaslave.com"
192.243.55.136 - - [01/Mar/2016:10:37:06 -0800] "GET /nigeria.html HTTP/1.1" 404 89 "-" "Mozilla/5.0 (compatible; SemrushBot/1~bl; +http://www.semrush.com/bot.html)" "saveaslave.com"
192.243.55.138 - - [01/Mar/2016:10:43:48 -0800] "GET /china.html HTTP/1.1" 404 89 "-" "Mozilla/5.0 (compatible; SemrushBot/1~bl; +http://www.semrush.com/bot.html)" "saveaslave.com"
192.243.55.129 - - [01/Mar/2016:10:44:29 -0800] "GET /kyrgyzstan.html HTTP/1.1" 404 89 "-" "Mozilla/5.0 (compatible; SemrushBot/1~bl; +http://www.semrush.com/bot.html)" "saveaslave.com"
192.243.55.135 - - [01/Mar/2016:10:45:39 -0800] "GET /botswana.html HTTP/1.1" 404 89 "-" "Mozilla/5.0 (compatible; SemrushBot/1~bl; +http://www.semrush.com/bot.html)" "saveaslave.com"
208.115.113.94 - - [01/Mar/2016:10:46:48 -0800] "GET /robots.txt HTTP/1.1" 200 48 "-" "Mozilla/5.0 (compatible; DotBot/1.1; http://www.opensiteexplorer.org/dotbot, help@moz.com)" "saveaslave.com"
192.243.55.130 - - [01/Mar/2016:10:47:26 -0800] "GET /switzerland.html HTTP/1.1" 404 89 "-" "Mozilla/5.0 (compatible; SemrushBot/1~bl; +http://www.semrush.com/bot.html)" "saveaslave.com"
51.255.65.27 - - [01/Mar/2016:10:58:51 -0800] "GET /romania.html HTTP/1.1" 404 89 "-" "Mozilla/5.0 (compatible; AhrefsBot/5.0; +http://ahrefs.com/robot/)" "saveaslave.com"
14.139.222.129 - - [01/Mar/2016:11:01:23 -0800] "GET / HTTP/1.1" 200 100369 "http://www.ohchr.org/EN/Issues/Slavery/UNVTFCFS/Pages/SlaveryList.aspx" "Mozilla/5.0 (Windows NT 6.2; rv:44.0) Gecko/20100101 Firefox/44.0" "www.saveaslave.com"
14.139.222.129 - - [01/Mar/2016:11:01:24 -0800] "GET /ico/favicon-16x16.png HTTP/1.1" 200 1129 "-" "Mozilla/5.0 (Windows NT 6.2; rv:44.0) Gecko/20100101 Firefox/44.0" "www.saveaslave.com"
14.139.222.129 - - [01/Mar/2016:11:01:24 -0800] "GET /ico/favicon-32x32.png HTTP/1.1" 200 1892 "-" "Mozilla/5.0 (Windows NT 6.2; rv:44.0) Gecko/20100101 Firefox/44.0" "www.saveaslave.com"
14.139.222.129 - - [01/Mar/2016:11:01:25 -0800] "GET /favicon.ico HTTP/1.1" 404 89 "-" "Mozilla/5.0 (Windows NT 6.2; rv:44.0) Gecko/20100101 Firefox/44.0" "www.saveaslave.com"
14.139.222.129 - - [01/Mar/2016:11:01:25 -0800] "GET /css/bootstrap.min.css HTTP/1.1" 200 123578 "http://www.saveaslave.com/" "Mozilla/5.0 (Windows NT 6.2; rv:44.0) Gecko/20100101 Firefox/44.0" "www.saveaslave.com"
14.139.222.129 - - [01/Mar/2016:11:01:25 -0800] "GET /gfeedfetcher.js HTTP/1.1" 200 9018 "http://www.saveaslave.com/" "Mozilla/5.0 (Windows NT 6.2; rv:44.0) Gecko/20100101 Firefox/44.0" "www.saveaslave.com"
14.139.222.129 - - [01/Mar/2016:11:01:25 -0800] "GET /favicon.ico HTTP/1.1" 404 89 "-" "Mozilla/5.0 (Windows NT 6.2; rv:44.0) Gecko/20100101 Firefox/44.0" "www.saveaslave.com"
14.139.222.129 - - [01/Mar/2016:11:01:26 -0800] "GET /images/top.jpg HTTP/1.1" 200 50519 "http://www.saveaslave.com/" "Mozilla/5.0 (Windows NT 6.2; rv:44.0) Gecko/20100101 Firefox/44.0" "www.saveaslave.com"
14.139.222.129 - - [01/Mar/2016:11:01:28 -0800] "GET /css/down-arrow.png HTTP/1.1" 404 89 "http://www.saveaslave.com/css/elements.css" "Mozilla/5.0 (Windows NT 6.2; rv:44.0) Gecko/20100101 Firefox/44.0" "www.saveaslave.com"
180.76.15.27 - - [01/Mar/2016:11:24:29 -0800] "GET /article.php?id=4 HTTP/1.1" 200 63510 "-" "Mozilla/5.0 (compatible; Baiduspider/2.0; +http://www.baidu.com/search/spider.html)" "www.saveaslave.com"
217.69.133.72 - - [01/Mar/2016:11:58:32 -0800] "GET /cameroon.html HTTP/1.1" 404 89 "-" "Mozilla/5.0 (compatible; Linux x86_64; Mail.RU_Bot/2.0; +http://go.mail.ru/help/robots)" "www.saveaslave.com"
51.255.65.29 - - [01/Mar/2016:12:05:43 -0800] "GET /news2.php HTTP/1.1" 200 73 "-" "Mozilla/5.0 (compatible; AhrefsBot/5.0; +http://ahrefs.com/robot/)" "www.saveaslave.com"
217.69.133.30 - - [01/Mar/2016:12:07:34 -0800] "GET /armenia.html HTTP/1.1" 404 89 "-" "Mozilla/5.0 (compatible; Linux x86_64; Mail.RU_Bot/2.0; +http://go.mail.ru/help/robots)" "www.saveaslave.com"
