172.242.72.198 - - [07/Jun/2017:07:59:02 -0700] "GET /gajaxscroller.js HTTP/1.1" 200 9774 "http://www.saveaslave.com/" "Mozilla/5.0 (Windows NT 10.0; WOW64; Trident/7.0; SMJB; rv:11.0) like Gecko" "www.saveaslave.com"
172.242.72.198 - - [07/Jun/2017:07:59:02 -0700] "GET /gfeedfetcher.js HTTP/1.1" 200 9018 "http://www.saveaslave.com/" "Mozilla/5.0 (Windows NT 10.0; WOW64; Trident/7.0; SMJB; rv:11.0) like Gecko" "www.saveaslave.com"
172.242.72.198 - - [07/Jun/2017:07:59:02 -0700] "GET /js/bootstrap.min.js HTTP/1.1" 200 37055 "http://www.saveaslave.com/" "Mozilla/5.0 (Windows NT 10.0; WOW64; Trident/7.0; SMJB; rv:11.0) like Gecko" "www.saveaslave.com"
172.242.72.198 - - [07/Jun/2017:07:59:08 -0700] "GET /addarticle.php HTTP/1.1" 200 13725 "http://www.saveaslave.com/" "Mozilla/5.0 (Windows NT 10.0; WOW64; Trident/7.0; SMJB; rv:11.0) like Gecko" "www.saveaslave.com"[0]
172.242.72.198 - - [07/Jun/2017:07:59:31 -0700] "GET /css/down-arrow.png HTTP/1.1" 404 89 "http://www.saveaslave.com/" "Mozilla/5.0 (Windows NT 10.0; WOW64; Trident/7.0; SMJB; rv:11.0) like Gecko" "www.saveaslave.com"
108.59.8.70 - - [07/Jun/2017:08:04:59 -0700] "GET /robots.txt HTTP/1.1" 200 48 "-" "Mozilla/5.0 (compatible; MJ12bot/v1.4.8; http://mj12bot.com/)" "www.saveaslave.com"
216.244.66.198 - - [07/Jun/2017:08:22:38 -0700] "GET /robots.txt HTTP/1.1" 200 48 "-" "Mozilla/5.0 (compatible; DotBot/1.1; http://www.opensiteexplorer.org/dotbot, help@moz.com)" "www.saveaslave.com"
223.255.192.153 - - [07/Jun/2017:08:35:28 -0700] "GET /country.php?name=Bulgaria&lang=en HTTP/1.1" 200 52769 "-" "Mozilla/4.0 (compatible; MSIE 8.0; Windows NT 5.1; Trident/4.0; EmbeddedWB 14.52 from: http://www.bsalsa.com/ EmbeddedWB 14.52)" "www.saveaslave.com"
51.255.65.45 - - [07/Jun/2017:08:36:45 -0700] "GET /news5.php HTTP/1.1" 200 73 "-" "Mozilla/5.0 (compatible; AhrefsBot/5.2; +http://ahrefs.com/robot/)" "saveaslave.com"
216.244.66.250 - - [07/Jun/2017:08:59:36 -0700] "GET /article.php?id=17 HTTP/1.1" 200 46111 "-" "Mozilla/5.0 (compatible; DotBot/1.1; http://www.opensiteexplorer.org/dotbot, help@moz.com)" "saveaslave.com"[1]
137.207.250.49 - - [07/Jun/2017:09:21:50 -0700] "GET / HTTP/1.1" 200 88244 "https://www.google.ca/" "Mozilla/5.0 (X11; CrOS x86_64 9202.64.2) AppleWebKit/537.36 (KHTML, like Gecko) Chrome/57.0.2987.146 Safari/537.36" "www.saveaslave.com"[1]
85.181.143.210 - - [07/Jun/2017:09:25:54 -0700] "GET /country.php?name=Benin&lang=en HTTP/1.1" 200 54016 "https://www.google.de/" "Mozilla/5.0 (Windows NT 10.0; WOW64) AppleWebKit/537.36 (KHTML, like Gecko) Chrome/56.0.2924.87 Safari/537.36 OPR/43.0.2442.1144" "www.saveaslave.com"[1]
85.181.143.210 - - [07/Jun/2017:09:25:54 -0700] "GET /css/bootstrap.min.css HTTP/1.1" 304 - "http://www.saveaslave.com/country.php?name=Benin&lang=en" "Mozilla/5.0 (Windows NT 10.0; WOW64) AppleWebKit/537.36 (KHTML, like Gecko) Chrome/56.0.2924.87 Safari/537.36 OPR/43.0.2442.1144" "www.saveaslave.com"
85.181.143.210 - - [07/Jun/2017:09:25:54 -0700] "GET /css/style-pages.css HTTP/1.1" 200 9894 "http://www.saveaslave.com/country.php?name=Benin&lang=en" "Mozilla/5.0 (Windows NT 10.0; WOW64) AppleWebKit/537.36 (KHTML, like Gecko) Chrome/56.0.2924.87 Safari/537.36 OPR/43.0.2442.1144" "www.saveaslave.com"
85.181.143.210 - - [07/Jun/2017:09:25:54 -0700] "GET /gajaxscroller.js HTTP/1.1" 200 9774 "http://www.saveaslave.com/country.php?name=Benin&lang=en" "Mozilla/5.0 (Windows NT 10.0; WOW64) AppleWebKit/537.36 (KHTML, like Gecko) Chrome/56.0.2924.87 Safari/537.36 OPR/43.0.2442.1144" "www.saveaslave.com"
85.181.143.210 - - [07/Jun/2017:09:25:55 -0700] "GET /assets/js/ie10-viewport-bug-workaround.js HTTP/1.1" 200 641 "http://www.saveaslave.com/country.php?name=Benin&lang=en" "Mozilla/5.0 (Windows NT 10.0; WOW64) AppleWebKit/537.36 (KHTML, like Gecko) Chrome/56.0.2924.87 Safari/537.36 OPR/43.0.2442.1144" "www.saveaslave.com"
85.181.143.210 - - [07/Jun/2017:09:25:55 -0700] "GET /images/article/12801356_1164611646882393_4031395141683071941_n.jpg HTTP/1.1" 200 106665 "http://www.saveaslave.com/country.php?name=Benin&lang=en" "Mozilla/5.0 (Windows NT 10.0; WOW64) AppleWebKit/537.36 (KHTML, like Gecko) Chrome/56.0.2924.87 Safari/537.36 OPR/43.0.2442.1144" "www.saveaslave.com"
85.181.143.210 - - [07/Jun/2017:09:25:55 -0700] "GET /js/bootstrap.min.js HTTP/1.1" 200 37055 "http://www.saveaslave.com/country.php?name=Benin&lang=en" "Mozilla/5.0 (Windows NT 10.0; WOW64) AppleWebKit/537.36 (KHTML, like Gecko) Chrome/56.0.2924.87 Safari/537.36 OPR/43.0.2442.1144" "www.saveaslave.com"
85.181.143.210 - - [07/Jun/2017:09:25:55 -0700] "GET /images/social1.png HTTP/1.1" 200 2012 "http://www.saveaslave.com/country.php?name=Benin&lang=en" "Mozilla/5.0 (Windows NT 10.0; WOW64) AppleWebKit/537.36 (KHTML, like Gecko) Chrome/56.0.2924.87 Safari/537.36 OPR/43.0.2442.1144" "www.saveaslave.com"
85.181.143.210 - - [07/Jun/2017:09:25:55 -0700] "GET /images/social2.png HTTP/1.1" 200 1752 "http://www.saveaslave.com/country.php?name=Benin&lang=en" "Mozilla/5.0 (Windows NT 10.0; WOW64) AppleWebKit/537.36 (KHTML, like Gecko) Chrome/56.0.2924.87 Safari/537.36 OPR/43.0.2442.1144" "www.saveaslave.com"
85.181.143.210 - - [07/Jun/2017:09:25:55 -0700] "GET /images/logo2.png HTTP/1.1" 200 18525 "http://www.saveaslave.com/country.php?name=Benin&lang=en" "Mozilla/5.0 (Windows NT 10.0; WOW64) AppleWebKit/537.36 (KHTML, like Gecko) Chrome/56.0.2924.87 Safari/537.36 OPR/43.0.2442.1144" "www.saveaslave.com"
85.181.143.210 - - [07/Jun/2017:09:25:55 -0700] "GET /images/select-arrow.png HTTP/1.1" 200 1118 "http://www.saveaslave.com/css/style-pages.css" "Mozilla/5.0 (Windows NT 10.0; WOW64) AppleWebKit/537.36 (KHTML, like Gecko) Chrome/56.0.2924.87 Safari/537.36 OPR/43.0.2442.1144" "www.saveaslave.com"[0]
85.181.143.210 - - [07/Jun/2017:09:25:55 -0700] "GET /images/tripit_icon_thumb_flat.png HTTP/1.1" 200 5795 "http://www.saveaslave.com/country.php?name=Benin&lang=en" "Mozilla/5.0 (Windows NT 10.0; WOW64) AppleWebKit/537.36 (KHTML, like Gecko) Chrome/56.0.2924.87 Safari/537.36 OPR/43.0.2442.1144" "www.saveaslave.com"[0]
85.181.143.210 - - [07/Jun/2017:09:25:55 -0700] "GET /images/top-1.jpg HTTP/1.1" 200 77341 "http://www.saveaslave.com/country.php?name=Benin&lang=en" "Mozilla/5.0 (Windows NT 10.0; WOW64) AppleWebKit/537.36 (KHTML, like Gecko) Chrome/56.0.2924.87 Safari/537.36 OPR/43.0.2442.1144" "www.saveaslave.com"
85.181.143.210 - - [07/Jun/2017:09:25:56 -0700] "GET /addarticle.php HTTP/1.1" 200 13725 "http://www.saveaslave.com/country.php?name=Benin&lang=en" "Mozilla/5.0 (Windows NT 10.0; WOW64) AppleWebKit/537.36 (KHTML, like Gecko) Chrome/56.0.2924.87 Safari/537.36 OPR/43.0.2442.1144" "www.saveaslave.com"
85.181.143.210 - - [07/Jun/2017:09:25:57 -0700] "GET /ico/favicon-16x16.png HTTP/1.1" 200 1129 "http://www.saveaslave.com/country.php?name=Benin&lang=en" "Mozilla/5.0 (Windows NT 10.0; WOW64) AppleWebKit/537.36 (KHTML, like Gecko) Chrome/56.0.2924.87 Safari/537.36 OPR/43.0.2442.1144" "www.saveaslave.com"
85.181.143.210 - - [07/Jun/2017:09:25:57 -0700] "GET /ico/favicon-96x96.png HTTP/1.1" 200 4476 "http://www.saveaslave.com/country.php?name=Benin&lang=en" "Mozilla/5.0 (Windows NT 10.0; WOW64) AppleWebKit/537.36 (KHTML, like Gecko) Chrome/56.0.2924.87 Safari/537.36 OPR/43.0.2442.1144" "www.saveaslave.com"
85.181.143.210 - - [07/Jun/2017:09:25:57 -0700] "GET /ico/favicon-32x32.png HTTP/1.1" 200 1892 "http://www.saveaslave.com/country.php?name=Benin&lang=en" "Mozilla/5.0 (Windows NT 10.0; WOW64) AppleWebKit/537.36 (KHTML, like Gecko) Chrome/56.0.2924.87 Safari/537.36 OPR/43.0.2442.1144" "www.saveaslave.com"
85.181.143.210 - - [07/Jun/2017:09:25:57 -0700] "GET /ico/android-icon-192x192.png HTTP/1.1" 200 10097 "http://www.saveaslave.com/country.php?name=Benin&lang=en" "Mozilla/5.0 (Windows NT 10.0; WOW64) AppleWebKit/537.36 (KHTML, like Gecko) Chrome/56.0.2924.87 Safari/537.36 OPR/43.0.2442.1144" "www.saveaslave.com"
216.244.66.198 - - [07/Jun/2017:09:26:34 -0700] "GET /help-advanced.php HTTP/1.1" 200 54622 "-" "Mozilla/5.0 (compatible; DotBot/1.1; http://www.opensiteexplorer.org/dotbot, help@moz.com)" "www.saveaslave.com"
65.36.241.48 - - [07/Jun/2017:09:31:09 -0700] "HEAD /?tpl=references&Itemid=3 HTTP/1.1" 200 0 "-" "InternetSeer.com" "www.saveaslave.com"[0]
52.91.109.106 - - [07/Jun/2017:09:34:37 -0700] "GET /in-russian.php?lang=ru HTTP/1.1" 200 92449 "-" "Mozilla/5.0 (compatible; linkdexbot/2.0; +http://www.linkdex.com/bots/)" "saveaslave.com"
216.244.66.250 - - [07/Jun/2017:09:37:09 -0700] "GET /robots.txt HTTP/1.1" 200 48 "-" "Mozilla/5.0 (compatible; DotBot/1.1; http://www.opensiteexplorer.org/dotbot, help@moz.com)" "saveaslave.com"
66.249.75.16 - - [07/Jun/2017:09:38:26 -0700] "GET /images/supporters/child-wise.jpg HTTP/1.1" 200 5250 "-" "Googlebot-Image/1.0" "www.saveaslave.com"
179.61.163.40 - - [07/Jun/2017:09:51:33 -0700] "POST /addarticle.php HTTP/1.1" 200 627 "http://saveaslave.com/addarticle.php" "Mozilla/5.0 (Windows NT 6.1; Win64; x64) AppleWebKit/537.36 (KHTML, like Gecko) Chrome/39.0.2171.95 Safari/537.36" "saveaslave.com"
46.229.164.101 - - [07/Jun/2017:09:59:08 -0700] "GET /robots.txt HTTP/1.1" 200 48 "-" "Mozilla/5.0 (compatible; SemrushBot/1.2~bl; +http://www.semrush.com/bot.html)" "www.saveaslave.com"
62.210.103.31 - - [07/Jun/2017:09:59:59 -0700] "GET /robots.txt HTTP/1.1" 200 48 "-" "Mozilla/5.0 (compatible; MJ12bot/v1.4.7; http://mj12bot.com/)" "saveaslave.com"
216.244.66.198 - - [07/Jun/2017:10:22:12 -0700] "GET /robots.txt HTTP/1.1" 200 48 "-" "Mozilla/5.0 (compatible; DotBot/1.1; http://www.opensiteexplorer.org/dotbot, help@moz.com)" "www.saveaslave.com"
162.243.254.67 - - [07/Jun/2017:10:25:28 -0700] "GET /robots.txt HTTP/1.1" 200 48 "-" "Mozilla/5.0 (compatible; MJ12bot/v1.4.7; http://www.majestic12.co.uk/bot.php?+)" "saveaslave.com"
162.243.254.67 - - [07/Jun/2017:10:25:30 -0700] "GET / HTTP/1.1" 200 88280 "-" "Mozilla/5.0 (compatible; MJ12bot/v1.4.7; http://www.majestic12.co.uk/bot.php?+)" "saveaslave.com"[2]
91.140.66.33 - - [07/Jun/2017:10:31:17 -0700] "GET /addarticle.php HTTP/1.1" 200 13761 "-" "Mozilla/5.0 (Windows NT 6.1; Win64; x64) AppleWebKit/537.36 (KHTML, like Gecko) Chrome/39.0.2171.95 Safari/537.36" "saveaslave.com"
216.244.66.250 - - [07/Jun/2017:10:34:08 -0700] "GET /robots.txt HTTP/1.1" 200 48 "-" "Mozilla/5.0 (compatible; DotBot/1.1; http://www.opensiteexplorer.org/dotbot, help@moz.com)" "saveaslave.com"
138.197.73.88 - - [07/Jun/2017:10:49:59 -0700] "GET / HTTP/1.1" 200 88244 "http://www.saveaslave.com" "Mozilla/5.0 (compatible; MSIE 9.0; Windows NT 6.1; WOW64; Trident/5.0)" "www.saveaslave.com"
138.197.73.88 - - [07/Jun/2017:10:50:10 -0700] "GET /https:/www.tripadvisor.com/tourism-g54470-travelers_rest_south_carolina-vacations.html HTTP/1.1" 404 89 "http://www.saveaslave.com" "Mozilla/5.0 (Macintosh; Intel Mac OS X 10_9_2) AppleWebKit/537.36 (KHTML, like Gecko) Chrome/34.0.1847.131 Safari/537.36" "www.saveaslave.com"
138.197.73.88 - - [07/Jun/2017:10:50:10 -0700] "GET /contact-us.php HTTP/1.1" 200 30765 "http://www.saveaslave.com" "Mozilla/5.0 (Windows NT 6.1; WOW64) AppleWebKit/537.36 (KHTML, like Gecko) Chrome/34.0.1847.137 Safari/537.36" "www.saveaslave.com"
138.197.73.88 - - [07/Jun/2017:10:50:10 -0700] "GET /index.php HTTP/1.1" 200 88244 "http://www.saveaslave.com" "Mozilla/5.0 (Macintosh; Intel Mac OS X 10_9_3) AppleWebKit/537.36 (KHTML, like Gecko) Chrome/35.0.1916.114 Safari/537.36" "www.saveaslave.com"
138.197.73.88 - - [07/Jun/2017:10:50:10 -0700] "GET /article.php?id=114 HTTP/1.1" 200 44774 "http://www.saveaslave.com" "Mozilla/5.0 (Windows NT 6.3; WOW64) AppleWebKit/537.36 (KHTML, like Gecko) Chrome/34.0.1847.131 Safari/537.36" "www.saveaslave.com"
138.197.73.88 - - [07/Jun/2017:10:50:10 -0700] "GET /article.php?id=86 HTTP/1.1" 200 44834 "http://www.saveaslave.com" "Mozilla/5.0 (Windows NT 6.1; WOW64) AppleWebKit/537.36 (KHTML, like Gecko) Chrome/34.0.1847.137 Safari/537.36" "www.saveaslave.com"
138.197.73.88 - - [07/Jun/2017:10:50:10 -0700] "GET /disclaimer.php HTTP/1.1" 200 48726 "http://www.saveaslave.com" "Mozilla/5.0 (Macintosh; Intel Mac OS X 10_9_3) AppleWebKit/537.36 (KHTML, like Gecko) Chrome/35.0.1916.114 Safari/537.36" "www.saveaslave.com"
138.197.73.88 - - [07/Jun/2017:10:50:11 -0700] "GET /who-we-are.php HTTP/1.1" 200 51669 "http://www.saveaslave.com" "Mozilla/5.0 (Windows NT 6.1; WOW64) AppleWebKit/537.36 (KHTML, like Gecko) Chrome/34.0.1847.131 Safari/537.36" "www.saveaslave.com"[1]
138.197.73.88 - - [07/Jun/2017:10:50:11 -0700] "GET /article.php?id=118 HTTP/1.1" 200 49966 "http://www.saveaslave.com" "Mozilla/5.0 (Windows NT 6.3; WOW64) AppleWebKit/537.36 (KHTML, like Gecko) Chrome/34.0.1847.131 Safari/537.36" "www.saveaslave.com"[1]
138.197.73.88 - - [07/Jun/2017:10:50:11 -0700] "GET /help.php HTTP/1.1" 200 53148 "http://www.saveaslave.com" "Mozilla/5.0 (Macintosh; Intel Mac OS X 10_9_2) AppleWebKit/537.75.14 (KHTML, like Gecko) Version/7.0.3 Safari/537.75.14" "www.saveaslave.com"[1]
216.244.66.250 - - [07/Jun/2017:10:54:54 -0700] "GET /article.php?id=10 HTTP/1.1" 200 50356 "-" "Mozilla/5.0 (compatible; DotBot/1.1; http://www.opensiteexplorer.org/dotbot, help@moz.com)" "saveaslave.com"[0]
51.255.71.122 - - [07/Jun/2017:11:06:34 -0700] "GET /haiti.html HTTP/1.1" 404 89 "-" "Mozilla/5.0 (compatible; AhrefsBot/5.2; +http://ahrefs.com/robot/)" "saveaslave.com"
180.76.15.23 - - [07/Jun/2017:11:27:55 -0700] "GET /managearticle.php HTTP/1.1" 200 1294 "-" "Mozilla/5.0 (compatible; Baiduspider/2.0; +http://www.baidu.com/search/spider.html)" "www.saveaslave.com"
71.68.88.210 - - [07/Jun/2017:11:29:04 -0700] "GET / HTTP/1.1" 200 88280 "-" "Mozilla/5.0 (Macintosh; Intel Mac OS X 10_11_6) AppleWebKit/537.36 (KHTML, like Gecko) Chrome/59.0.3071.86 Safari/537.36" "www.saveaslave.com"[1]
71.68.88.210 - - [07/Jun/2017:11:29:05 -0700] "GET /css/style.css HTTP/1.1" 200 7938 "http://www.saveaslave.com/" "Mozilla/5.0 (Macintosh; Intel Mac OS X 10_11_6) AppleWebKit/537.36 (KHTML, like Gecko) Chrome/59.0.3071.86 Safari/537.36" "www.saveaslave.com"
71.68.88.210 - - [07/Jun/2017:11:29:05 -0700] "GET /css/bootstrap.min.css HTTP/1.1" 200 123578 "http://www.saveaslave.com/" "Mozilla/5.0 (Macintosh; Intel Mac OS X 10_11_6) AppleWebKit/537.36 (KHTML, like Gecko) Chrome/59.0.3071.86 Safari/537.36" "www.saveaslave.com"
71.68.88.210 - - [07/Jun/2017:11:29:05 -0700] "GET /gfeedfetcher.js HTTP/1.1" 200 9018 "http://www.saveaslave.com/" "Mozilla/5.0 (Macintosh; Intel Mac OS X 10_11_6) AppleWebKit/537.36 (KHTML, like Gecko) Chrome/59.0.3071.86 Safari/537.36" "www.saveaslave.com"
71.68.88.210 - - [07/Jun/2017:11:29:05 -0700] "GET /css/elements.css HTTP/1.1" 200 17857 "http://www.saveaslave.com/" "Mozilla/5.0 (Macintosh; Intel Mac OS X 10_11_6) AppleWebKit/537.36 (KHTML, like Gecko) Chrome/59.0.3071.86 Safari/537.36" "www.saveaslave.com"
71.68.88.210 - - [07/Jun/2017:11:29:05 -0700] "GET /assets/js/ie-emulation-modes-warning.js HTTP/1.1" 200 2130 "http://www.saveaslave.com/" "Mozilla/5.0 (Macintosh; Intel Mac OS X 10_11_6) AppleWebKit/537.36 (KHTML, like Gecko) Chrome/59.0.3071.86 Safari/537.36" "www.saveaslave.com"[0]
71.68.88.210 - - [07/Jun/2017:11:29:05 -0700] "GET /css/style-pages.css HTTP/1.1" 200 9894 "http://www.saveaslave.com/" "Mozilla/5.0 (Macintosh; Intel Mac OS X 10_11_6) AppleWebKit/537.36 (KHTML, like Gecko) Chrome/59.0.3071.86 Safari/537.36" "www.saveaslave.com"
71.68.88.210 - - [07/Jun/2017:11:29:05 -0700] "GET /images/article/end_it.jpg HTTP/1.1" 200 33676 "http://www.saveaslave.com/" "Mozilla/5.0 (Macintosh; Intel Mac OS X 10_11_6) AppleWebKit/537.36 (KHTML, like Gecko) Chrome/59.0.3071.86 Safari/537.36" "www.saveaslave.com"
71.68.88.210 - - [07/Jun/2017:11:29:05 -0700] "GET /assets/js/ie10-viewport-bug-workaround.js HTTP/1.1" 200 641 "http://www.saveaslave.com/" "Mozilla/5.0 (Macintosh; Intel Mac OS X 10_11_6) AppleWebKit/537.36 (KHTML, like Gecko) Chrome/59.0.3071.86 Safari/537.36" "www.saveaslave.com"
71.68.88.210 - - [07/Jun/2017:11:29:05 -0700] "GET /images/logo2.png HTTP/1.1" 200 18525 "http://www.saveaslave.com/" "Mozilla/5.0 (Macintosh; Intel Mac OS X 10_11_6) AppleWebKit/537.36 (KHTML, like Gecko) Chrome/59.0.3071.86 Safari/537.36" "www.saveaslave.com"[0]
71.68.88.210 - - [07/Jun/2017:11:29:05 -0700] "GET /images/top.jpg HTTP/1.1" 200 50519 "http://www.saveaslave.com/" "Mozilla/5.0 (Macintosh; Intel Mac OS X 10_11_6) AppleWebKit/537.36 (KHTML, like Gecko) Chrome/59.0.3071.86 Safari/537.36" "www.saveaslave.com"
71.68.88.210 - - [07/Jun/2017:11:29:05 -0700] "GET /js/bootstrap.min.js HTTP/1.1" 200 37055 "http://www.saveaslave.com/" "Mozilla/5.0 (Macintosh; Intel Mac OS X 10_11_6) AppleWebKit/537.36 (KHTML, like Gecko) Chrome/59.0.3071.86 Safari/537.36" "www.saveaslave.com"
71.68.88.210 - - [07/Jun/2017:11:29:05 -0700] "GET /images/cover1.jpg HTTP/1.1" 200 253658 "http://www.saveaslave.com/" "Mozilla/5.0 (Macintosh; Intel Mac OS X 10_11_6) AppleWebKit/537.36 (KHTML, like Gecko) Chrome/59.0.3071.86 Safari/537.36" "www.saveaslave.com"
71.68.88.210 - - [07/Jun/2017:11:29:05 -0700] "GET /addarticle.php HTTP/1.1" 200 13725 "http://www.saveaslave.com/" "Mozilla/5.0 (Macintosh; Intel Mac OS X 10_11_6) AppleWebKit/537.36 (KHTML, like Gecko) Chrome/59.0.3071.86 Safari/537.36" "www.saveaslave.com"[0]
71.68.88.210 - - [07/Jun/2017:11:29:05 -0700] "GET /images/select-arrow.png HTTP/1.1" 200 1118 "http://www.saveaslave.com/css/style.css" "Mozilla/5.0 (Macintosh; Intel Mac OS X 10_11_6) AppleWebKit/537.36 (KHTML, like Gecko) Chrome/59.0.3071.86 Safari/537.36" "www.saveaslave.com"
71.68.88.210 - - [07/Jun/2017:11:29:06 -0700] "GET /indicator.gif HTTP/1.1" 200 878 "http://www.saveaslave.com/" "Mozilla/5.0 (Macintosh; Intel Mac OS X 10_11_6) AppleWebKit/537.36 (KHTML, like Gecko) Chrome/59.0.3071.86 Safari/537.36" "www.saveaslave.com"
71.68.88.210 - - [07/Jun/2017:11:29:06 -0700] "GET /css/down-arrow.png HTTP/1.1" 404 89 "http://www.saveaslave.com/css/elements.css" "Mozilla/5.0 (Macintosh; Intel Mac OS X 10_11_6) AppleWebKit/537.36 (KHTML, like Gecko) Chrome/59.0.3071.86 Safari/537.36" "www.saveaslave.com"
71.68.88.210 - - [07/Jun/2017:11:29:06 -0700] "GET /ico/favicon-96x96.png HTTP/1.1" 200 4476 "http://www.saveaslave.com/" "Mozilla/5.0 (Macintosh; Intel Mac OS X 10_11_6) AppleWebKit/537.36 (KHTML, like Gecko) Chrome/59.0.3071.86 Safari/537.36" "www.saveaslave.com"
71.68.88.210 - - [07/Jun/2017:11:29:06 -0700] "GET /ico/android-icon-192x192.png HTTP/1.1" 200 10097 "http://www.saveaslave.com/" "Mozilla/5.0 (Macintosh; Intel Mac OS X 10_11_6) AppleWebKit/537.36 (KHTML, like Gecko) Chrome/59.0.3071.86 Safari/537.36" "www.saveaslave.com"
71.68.88.210 - - [07/Jun/2017:11:29:16 -0700] "GET /css/down-arrow.png HTTP/1.1" 404 89 "http://www.saveaslave.com/css/elements.css" "Mozilla/5.0 (Macintosh; Intel Mac OS X 10_11_6) AppleWebKit/537.36 (KHTML, like Gecko) Chrome/59.0.3071.86 Safari/537.36" "www.saveaslave.com"
71.68.88.210 - - [07/Jun/2017:11:29:17 -0700] "GET /addarticle.php HTTP/1.1" 200 13725 "http://www.saveaslave.com/" "Mozilla/5.0 (Macintosh; Intel Mac OS X 10_11_6) AppleWebKit/537.36 (KHTML, like Gecko) Chrome/59.0.3071.86 Safari/537.36" "www.saveaslave.com"
71.68.88.210 - - [07/Jun/2017:11:30:58 -0700] "GET /contact-us.php HTTP/1.1" 200 30765 "http://www.saveaslave.com/" "Mozilla/5.0 (Macintosh; Intel Mac OS X 10_11_6) AppleWebKit/537.36 (KHTML, like Gecko) Chrome/59.0.3071.86 Safari/537.36" "www.saveaslave.com"
71.68.88.210 - - [07/Jun/2017:11:30:58 -0700] "GET /images/top-1.jpg HTTP/1.1" 200 77341 "http://www.saveaslave.com/contact-us.php" "Mozilla/5.0 (Macintosh; Intel Mac OS X 10_11_6) AppleWebKit/537.36 (KHTML, like Gecko) Chrome/59.0.3071.86 Safari/537.36" "www.saveaslave.com"
71.68.88.210 - - [07/Jun/2017:11:31:27 -0700] "GET / HTTP/1.1" 200 88244 "http://www.saveaslave.com/contact-us.php" "Mozilla/5.0 (Macintosh; Intel Mac OS X 10_11_6) AppleWebKit/537.36 (KHTML, like Gecko) Chrome/59.0.3071.86 Safari/537.36" "www.saveaslave.com"
71.68.88.210 - - [07/Jun/2017:11:31:27 -0700] "GET /css/down-arrow.png HTTP/1.1" 404 89 "http://www.saveaslave.com/css/elements.css" "Mozilla/5.0 (Macintosh; Intel Mac OS X 10_11_6) AppleWebKit/537.36 (KHTML, like Gecko) Chrome/59.0.3071.86 Safari/537.36" "www.saveaslave.com"
71.68.88.210 - - [07/Jun/2017:11:31:28 -0700] "GET /addarticle.php HTTP/1.1" 200 13725 "http://www.saveaslave.com/" "Mozilla/5.0 (Macintosh; Intel Mac OS X 10_11_6) AppleWebKit/537.36 (KHTML, like Gecko) Chrome/59.0.3071.86 Safari/537.36" "www.saveaslave.com"
216.244.66.250 - - [07/Jun/2017:11:36:28 -0700] "GET /article.php?id=13 HTTP/1.1" 200 61425 "-" "Mozilla/5.0 (compatible; DotBot/1.1; http://www.opensiteexplorer.org/dotbot, help@moz.com)" "saveaslave.com"[0]
109.242.138.207 - - [07/Jun/2017:12:04:29 -0700] "GET /addarticle.php HTTP/1.1" 200 13761 "http://saveaslave.com/" "Mozilla/5.0 (Windows NT 6.1; Win64; x64) AppleWebKit/537.36 (KHTML, like Gecko) Chrome/39.0.2171.95 Safari/537.36" "saveaslave.com"[1]
191.101.122.10 - - [07/Jun/2017:12:04:43 -0700] "POST /addarticle.php HTTP/1.1" 200 627 "http://saveaslave.com/addarticle.php" "Mozilla/5.0 (Windows NT 6.1; Win64; x64) AppleWebKit/537.36 (KHTML, like Gecko) Chrome/39.0.2171.95 Safari/537.36" "saveaslave.com"
217.182.132.191 - - [07/Jun/2017:12:15:26 -0700] "GET /guinea.html HTTP/1.1" 404 89 "-" "Mozilla/5.0 (compatible; AhrefsBot/5.2; +http://ahrefs.com/robot/)" "saveaslave.com"
77.75.79.62 - - [07/Jun/2017:12:30:04 -0700] "GET /robots.txt HTTP/1.1" 200 48 "-" "Mozilla/5.0 (compatible; SeznamBot/3.2; +http://napoveda.seznam.cz/en/seznambot-intro/)" "saveaslave.com"
77.75.79.62 - - [07/Jun/2017:12:30:07 -0700] "GET /article.php?id=86 HTTP/1.1" 200 44870 "-" "Mozilla/5.0 (compatible; SeznamBot/3.2; +http://napoveda.seznam.cz/en/seznambot-intro/)" "saveaslave.com"[2]
217.182.132.35 - - [07/Jun/2017:12:32:18 -0700] "GET /algeria.html HTTP/1.1" 404 89 "-" "Mozilla/5.0 (compatible; AhrefsBot/5.2; +http://ahrefs.com/robot/)" "saveaslave.com"
172.242.72.198 - - [07/Jun/2017:12:43:31 -0700] "GET /assets/js/ie-emulation-modes-warning.js HTTP/1.1" 200 2130 "http://www.saveaslave.com/" "Mozilla/5.0 (Windows NT 10.0; WOW64; Trident/7.0; SMJB; rv:11.0) like Gecko" "www.saveaslave.com"
172.242.72.198 - - [07/Jun/2017:12:43:31 -0700] "GET /js/bootstrap.min.js HTTP/1.1" 200 37055 "http://www.saveaslave.com/" "Mozilla/5.0 (Windows NT 10.0; WOW64; Trident/7.0; SMJB; rv:11.0) like Gecko" "www.saveaslave.com"
172.242.72.198 - - [07/Jun/2017:12:43:32 -0700] "GET /addarticle.php HTTP/1.1" 200 13725 "http://www.saveaslave.com/" "Mozilla/5.0 (Windows NT 10.0; WOW64; Trident/7.0; SMJB; rv:11.0) like Gecko" "www.saveaslave.com"[1]
172.242.72.198 - - [07/Jun/2017:12:43:48 -0700] "GET /css/down-arrow.png HTTP/1.1" 404 89 "http://www.saveaslave.com/" "Mozilla/5.0 (Windows NT 10.0; WOW64; Trident/7.0; SMJB; rv:11.0) like Gecko" "www.saveaslave.com"
46.229.164.102 - - [07/Jun/2017:12:51:50 -0700] "GET /robots.txt HTTP/1.1" 200 48 "-" "Mozilla/5.0 (compatible; SemrushBot/1.2~bl; +http://www.semrush.com/bot.html)" "saveaslave.com"[0]
172.242.72.198 - - [07/Jun/2017:12:54:08 -0700] "GET /gfeedfetcher.js HTTP/1.1" 200 9018 "http://www.saveaslave.com/" "Mozilla/5.0 (Windows NT 10.0; WOW64; Trident/7.0; SMJB; rv:11.0) like Gecko" "www.saveaslave.com"
172.242.72.198 - - [07/Jun/2017:12:54:08 -0700] "GET /css/bootstrap.min.css HTTP/1.1" 200 123578 "http://www.saveaslave.com/" "Mozilla/5.0 (Windows NT 10.0; WOW64; Trident/7.0; SMJB; rv:11.0) like Gecko" "www.saveaslave.com"
94.190.53.209 - - [07/Jun/2017:13:00:33 -0700] "GET /administrator/index.php HTTP/1.1" 404 89 "-" "Mozilla/4.0 (compatible; Synapse)" "saveaslave.com"
172.242.72.198 - - [07/Jun/2017:13:11:24 -0700] "GET / HTTP/1.1" 200 88280 "-" "Mozilla/5.0 (Windows NT 10.0; WOW64; Trident/7.0; SMJB; rv:11.0) like Gecko" "www.saveaslave.com"
172.242.72.198 - - [07/Jun/2017:13:11:24 -0700] "GET /favicon.ico HTTP/1.1" 404 89 "http://www.saveaslave.com/" "Mozilla/5.0 (Windows NT 10.0; WOW64; Trident/7.0; SMJB; rv:11.0) like Gecko" "www.saveaslave.com"
172.242.72.198 - - [07/Jun/2017:13:11:24 -0700] "GET /gajaxscroller.js HTTP/1.1" 200 9774 "http://www.saveaslave.com/" "Mozilla/5.0 (Windows NT 10.0; WOW64; Trident/7.0; SMJB; rv:11.0) like Gecko" "www.saveaslave.com"
172.242.72.198 - - [07/Jun/2017:13:11:24 -0700] "GET /images/logo2.png HTTP/1.1" 200 18525 "http://www.saveaslave.com/" "Mozilla/5.0 (Windows NT 10.0; WOW64; Trident/7.0; SMJB; rv:11.0) like Gecko" "www.saveaslave.com"
172.242.72.198 - - [07/Jun/2017:13:11:24 -0700] "GET /css/style.css HTTP/1.1" 200 7938 "http://www.saveaslave.com/" "Mozilla/5.0 (Windows NT 10.0; WOW64; Trident/7.0; SMJB; rv:11.0) like Gecko" "www.saveaslave.com"
172.242.72.198 - - [07/Jun/2017:13:11:24 -0700] "GET /https:/www.tripadvisor.com/img/cdsi/img2/branding/socialWidget/20x20_green-21690-2.png HTTP/1.1" 404 89 "http://www.saveaslave.com/" "Mozilla/5.0 (Windows NT 10.0; WOW64; Trident/7.0; SMJB; rv:11.0) like Gecko" "www.saveaslave.com"
172.242.72.198 - - [07/Jun/2017:13:11:24 -0700] "GET /css/bootstrap.min.css HTTP/1.1" 200 123578 "http://www.saveaslave.com/" "Mozilla/5.0 (Windows NT 10.0; WOW64; Trident/7.0; SMJB; rv:11.0) like Gecko" "www.saveaslave.com"
172.242.72.198 - - [07/Jun/2017:13:11:25 -0700] "GET /css/down-arrow.png HTTP/1.1" 404 89 "http://www.saveaslave.com/css/elements.css" "Mozilla/5.0 (Windows NT 10.0; WOW64; Trident/7.0; SMJB; rv:11.0) like Gecko" "www.saveaslave.com"
172.242.72.198 - - [07/Jun/2017:13:11:25 -0700] "GET /fonts/glyphicons-halflings-regular.woff2 HTTP/1.1" 200 18028 "http://www.saveaslave.com/css/bootstrap.min.css" "Mozilla/5.0 (Windows NT 10.0; WOW64; Trident/7.0; SMJB; rv:11.0) like Gecko" "www.saveaslave.com"
216.244.66.250 - - [07/Jun/2017:13:22:51 -0700] "GET /robots.txt HTTP/1.1" 200 48 "-" "Mozilla/5.0 (compatible; DotBot/1.1; http://www.opensiteexplorer.org/dotbot, help@moz.com)" "saveaslave.com"
172.242.72.198 - - [07/Jun/2017:13:22:58 -0700] "GET /css/down-arrow.png HTTP/1.1" 404 89 "http://www.saveaslave.com/" "Mozilla/5.0 (Windows NT 10.0; WOW64; Trident/7.0; SMJB; rv:11.0) like Gecko" "www.saveaslave.com"
172.242.72.198 - - [07/Jun/2017:13:23:00 -0700] "GET /css/bootstrap.min.css HTTP/1.1" 200 123578 "http://www.saveaslave.com/addarticle.php" "Mozilla/5.0 (Windows NT 10.0; WOW64; Trident/7.0; SMJB; rv:11.0) like Gecko" "www.saveaslave.com"
217.23.7.173 - - [07/Jun/2017:13:31:12 -0700] "GET /country.php?name=Chile&lang=en HTTP/1.1" 200 53991 "http://www.saveaslave.com/country.php?name=Chile&lang=en" "Mozilla/5.0 (Windows; U; Windows NT 5.1; pt-PT; rv:1.9.1.2) Gecko/20090729 Firefox/3.5.2 (.NET CLR 3.5.30729)" "www.saveaslave.com"
217.182.132.65 - - [07/Jun/2017:13:31:23 -0700] "GET /belize.html HTTP/1.1" 404 89 "-" "Mozilla/5.0 (compatible; AhrefsBot/5.2; +http://ahrefs.com/robot/)" "saveaslave.com"
141.8.143.234 - - [07/Jun/2017:14:11:06 -0700] "GET /robots.txt HTTP/1.1" 200 48 "-" "Mozilla/5.0 (compatible; YandexBot/3.0; +http://yandex.com/bots)" "saveaslave.com"
100.43.81.144 - - [07/Jun/2017:14:12:30 -0700] "GET /ico/apple-icon-57x57.png HTTP/1.1" 200 2495 "-" "Mozilla/5.0 (compatible; YandexBot/3.0; +http://yandex.com/bots)" "saveaslave.com"
34.203.210.89 - - [07/Jun/2017:14:31:05 -0700] "GET /index.php HTTP/1.1" 200 88280 "-" "Mozilla/5.0 (compatible; linkdexbot/2.0; +http://www.linkdex.com/bots/)" "www.saveaslave.com"[2]
216.244.66.250 - - [07/Jun/2017:14:37:51 -0700] "GET /contact-usr.php HTTP/1.1" 200 20067 "-" "Mozilla/5.0 (compatible; DotBot/1.1; http://www.opensiteexplorer.org/dotbot, help@moz.com)" "saveaslave.com"[1]
190.104.112.76 - - [07/Jun/2017:14:43:23 -0700] "GET /images/supporters/logo_endslaverynow.png HTTP/1.1" 200 27566 "https://www.google.com.gt/" "Mozilla/5.0 (Windows NT 10.0; Win64; x64) AppleWebKit/537.36 (KHTML, like Gecko) Chrome/58.0.3029.110 Safari/537.36" "www.saveaslave.com"
42.236.10.103 - - [07/Jun/2017:14:53:04 -0700] "GET / HTTP/1.1" 200 88280 "http://saveaslave.com/" "Mozilla/5.0(compatible;MSIE9.0;WindowsNT6.1;Trident/5.0)" "saveaslave.com"[1]
216.244.66.250 - - [07/Jun/2017:15:10:44 -0700] "GET /robots.txt HTTP/1.1" 200 48 "-" "Mozilla/5.0 (compatible; DotBot/1.1; http://www.opensiteexplorer.org/dotbot, help@moz.com)" "saveaslave.com"
65.36.241.48 - - [07/Jun/2017:15:33:00 -0700] "HEAD / HTTP/1.1" 200 0 "-" "InternetSeer.com" "www.saveaslave.com"
186.107.105.108 - - [07/Jun/2017:16:07:59 -0700] "GET /images/supporters/logo_endslaverynow.png HTTP/1.1" 200 27566 "https://www.google.cl/" "Mozilla/5.0 (Windows NT 6.1) AppleWebKit/537.36 (KHTML, like Gecko) Chrome/58.0.3029.110 Safari/537.36" "www.saveaslave.com"
216.244.66.250 - - [07/Jun/2017:16:20:15 -0700] "GET /article.php?id=18 HTTP/1.1" 200 48016 "-" "Mozilla/5.0 (compatible; DotBot/1.1; http://www.opensiteexplorer.org/dotbot, help@moz.com)" "saveaslave.com"
207.46.13.11 - - [07/Jun/2017:16:32:50 -0700] "GET /images/article/pyatka_default.jpg HTTP/1.1" 200 204394 "-" "Mozilla/5.0 (compatible; bingbot/2.0; +http://www.bing.com/bingbot.htm)" "saveaslave.com"
65.36.241.48 - - [07/Jun/2017:16:59:38 -0700] "HEAD / HTTP/1.1" 200 0 "-" "InternetSeer.com" "www.saveaslave.com"
172.242.72.198 - - [07/Jun/2017:17:33:41 -0700] "GET /css/elements.css HTTP/1.1" 200 17857 "http://www.saveaslave.com/" "Mozilla/5.0 (Windows NT 10.0; WOW64; Trident/7.0; SMJB; rv:11.0) like Gecko" "www.saveaslave.com"
172.242.72.198 - - [07/Jun/2017:17:33:42 -0700] "GET /fonts/glyphicons-halflings-regular.woff2 HTTP/1.1" 200 18028 "http://www.saveaslave.com/css/bootstrap.min.css" "Mozilla/5.0 (Windows NT 10.0; WOW64; Trident/7.0; SMJB; rv:11.0) like Gecko" "www.saveaslave.com"
172.242.72.198 - - [07/Jun/2017:18:18:53 -0700] "GET /css/elements.css HTTP/1.1" 200 17857 "http://www.saveaslave.com/" "Mozilla/5.0 (Windows NT 10.0; WOW64; Trident/7.0; SMJB; rv:11.0) like Gecko" "www.saveaslave.com"
172.242.72.198 - - [07/Jun/2017:18:19:00 -0700] "GET /css/elements.css HTTP/1.1" 200 17857 "http://www.saveaslave.com/" "Mozilla/5.0 (Windows NT 10.0; WOW64; Trident/7.0; SMJB; rv:11.0) like Gecko" "www.saveaslave.com"
172.242.72.198 - - [07/Jun/2017:18:19:00 -0700] "GET /images/cover1.jpg HTTP/1.1" 200 253658 "http://www.saveaslave.com/" "Mozilla/5.0 (Windows NT 10.0; WOW64; Trident/7.0; SMJB; rv:11.0) like Gecko" "www.saveaslave.com"
172.242.72.198 - - [07/Jun/2017:18:19:01 -0700] "GET /images/social1.png HTTP/1.1" 200 2012 "http://www.saveaslave.com/" "Mozilla/5.0 (Windows NT 10.0; WOW64; Trident/7.0; SMJB; rv:11.0) like Gecko" "www.saveaslave.com"
172.242.72.198 - - [07/Jun/2017:18:26:06 -0700] "GET /css/style.css HTTP/1.1" 200 7938 "http://www.saveaslave.com/" "Mozilla/5.0 (Windows NT 10.0; WOW64; Trident/7.0; SMJB; rv:11.0) like Gecko" "www.saveaslave.com"
172.242.72.198 - - [07/Jun/2017:18:26:07 -0700] "GET /images/cover1.jpg HTTP/1.1" 200 253658 "http://www.saveaslave.com/" "Mozilla/5.0 (Windows NT 10.0; WOW64; Trident/7.0; SMJB; rv:11.0) like Gecko" "www.saveaslave.com"
172.242.72.198 - - [07/Jun/2017:18:26:07 -0700] "GET /images/logo2.png HTTP/1.1" 200 18525 "http://www.saveaslave.com/" "Mozilla/5.0 (Windows NT 10.0; WOW64; Trident/7.0; SMJB; rv:11.0) like Gecko" "www.saveaslave.com"[0]
172.242.72.198 - - [07/Jun/2017:18:26:07 -0700] "GET /fonts/glyphicons-halflings-regular.woff2 HTTP/1.1" 200 18028 "http://www.saveaslave.com/css/bootstrap.min.css" "Mozilla/5.0 (Windows NT 10.0; WOW64; Trident/7.0; SMJB; rv:11.0) like Gecko" "www.saveaslave.com"
172.242.72.198 - - [07/Jun/2017:18:26:07 -0700] "GET /images/article/end_it.jpg HTTP/1.1" 200 33676 "http://www.saveaslave.com/" "Mozilla/5.0 (Windows NT 10.0; WOW64; Trident/7.0; SMJB; rv:11.0) like Gecko" "www.saveaslave.com"
172.242.72.198 - - [07/Jun/2017:18:26:07 -0700] "GET /images/top.jpg HTTP/1.1" 200 50519 "http://www.saveaslave.com/" "Mozilla/5.0 (Windows NT 10.0; WOW64; Trident/7.0; SMJB; rv:11.0) like Gecko" "www.saveaslave.com"
137.74.207.108 - - [07/Jun/2017:18:34:24 -0700] "GET /article.php?id=13 HTTP/1.1" 200 61425 "-" "Mozilla/5.0 (compatible; AhrefsBot/5.2; +http://ahrefs.com/robot/)" "www.saveaslave.com"
216.244.66.198 - - [07/Jun/2017:18:39:15 -0700] "GET / HTTP/1.1" 200 88280 "-" "Mozilla/5.0 (compatible; DotBot/1.1; http://www.opensiteexplorer.org/dotbot, help@moz.com)" "www.saveaslave.com"
109.242.138.207 - - [07/Jun/2017:18:44:38 -0700] "GET /addarticle.php HTTP/1.1" 200 13761 "-" "Mozilla/5.0 (Windows NT 6.1; Win64; x64) AppleWebKit/537.36 (KHTML, like Gecko) Chrome/40.0.2214.85 Safari/537.36" "saveaslave.com"
216.244.66.250 - - [07/Jun/2017:19:09:45 -0700] "GET /help.php HTTP/1.1" 200 53725 "-" "Mozilla/5.0 (compatible; DotBot/1.1; http://www.opensiteexplorer.org/dotbot, help@moz.com)" "www.saveaslave.com"
65.36.241.48 - - [07/Jun/2017:20:14:06 -0700] "HEAD / HTTP/1.1" 200 0 "-" "InternetSeer.com" "www.saveaslave.com"
207.46.13.201 - - [07/Jun/2017:20:43:30 -0700] "GET /robots.txt HTTP/1.1" 200 48 "-" "Mozilla/5.0 (compatible; bingbot/2.0; +http://www.bing.com/bingbot.htm)" "www.saveaslave.com"
207.46.13.139 - - [07/Jun/2017:20:43:45 -0700] "GET /addarticle.php HTTP/1.1" 200 13761 "-" "Mozilla/5.0 (compatible; bingbot/2.0; +http://www.bing.com/bingbot.htm)" "www.saveaslave.com"
216.244.66.198 - - [07/Jun/2017:21:01:04 -0700] "GET /robots.txt HTTP/1.1" 200 48 "-" "Mozilla/5.0 (compatible; DotBot/1.1; http://www.opensiteexplorer.org/dotbot, help@moz.com)" "saveaslave.com"
109.242.138.207 - - [07/Jun/2017:21:24:45 -0700] "GET /addarticle.php HTTP/1.1" 200 13761 "-" "Mozilla/5.0 (Windows NT 6.1; Win64; x64) AppleWebKit/537.36 (KHTML, like Gecko) Chrome/40.0.2214.85 Safari/537.36" "saveaslave.com"[1]
34.203.210.89 - - [07/Jun/2017:21:32:05 -0700] "GET / HTTP/1.1" 200 88280 "-" "Mozilla/5.0 (compatible; linkdexbot/2.0; +http://www.linkdex.com/bots/)" "www.saveaslave.com"
216.244.66.198 - - [07/Jun/2017:22:13:49 -0700] "GET /article.php?id=62 HTTP/1.1" 200 48571 "-" "Mozilla/5.0 (compatible; DotBot/1.1; http://www.opensiteexplorer.org/dotbot, help@moz.com)" "saveaslave.com"
51.255.71.111 - - [07/Jun/2017:22:23:10 -0700] "GET /samoa.html HTTP/1.1" 404 89 "-" "Mozilla/5.0 (compatible; AhrefsBot/5.2; +http://ahrefs.com/robot/)" "saveaslave.com"
216.244.66.198 - - [07/Jun/2017:22:23:51 -0700] "GET /robots.txt HTTP/1.1" 200 48 "-" "Mozilla/5.0 (compatible; DotBot/1.1; http://www.opensiteexplorer.org/dotbot, help@moz.com)" "saveaslave.com"
216.244.66.198 - - [07/Jun/2017:22:23:51 -0700] "GET /robots.txt HTTP/1.1" 200 48 "-" "Mozilla/5.0 (compatible; DotBot/1.1; http://www.opensiteexplorer.org/dotbot, help@moz.com)" "www.saveaslave.com"[0]
217.182.132.93 - - [07/Jun/2017:22:45:28 -0700] "GET /www.hijcenter.org HTTP/1.1" 404 89 "-" "Mozilla/5.0 (compatible; AhrefsBot/5.2; +http://ahrefs.com/robot/)" "www.saveaslave.com"
96.231.132.75 - - [07/Jun/2017:22:50:00 -0700] "GET /robots.txt HTTP/1.1" 200 48 "-" "Mozilla/4.0 (compatible; T-H-U-N-D-E-R-S-T-O-N-E)" "www.saveaslave.com"
137.74.207.170 - - [07/Jun/2017:23:11:02 -0700] "GET /central-african-republic.html HTTP/1.1" 404 89 "-" "Mozilla/5.0 (compatible; AhrefsBot/5.2; +http://ahrefs.com/robot/)" "saveaslave.com"
64.62.252.164 - - [07/Jun/2017:23:23:27 -0700] "GET /robots.txt HTTP/1.1" 200 48 "-" "BUbiNG (+http://law.di.unimi.it/BUbiNG.html)" "www.saveaslave.com"
64.62.252.164 - - [07/Jun/2017:23:23:28 -0700] "GET / HTTP/1.1" 200 88280 "-" "BUbiNG (+http://law.di.unimi.it/BUbiNG.html)" "www.saveaslave.com"
216.244.66.198 - - [07/Jun/2017:23:34:00 -0700] "GET /article.php?id=61 HTTP/1.1" 200 57251 "-" "Mozilla/5.0 (compatible; DotBot/1.1; http://www.opensiteexplorer.org/dotbot, help@moz.com)" "saveaslave.com"
180.76.15.163 - - [07/Jun/2017:23:36:52 -0700] "GET /country.php?name=Libya&lang=en HTTP/1.1" 200 53094 "-" "Mozilla/5.0 (compatible; Baiduspider/2.0; +http://www.baidu.com/search/spider.html)" "www.saveaslave.com"[1]
109.242.138.207 - - [07/Jun/2017:23:36:59 -0700] "GET /addarticle.php HTTP/1.1" 200 13761 "-" "Mozilla/5.0 (Windows NT 6.1; Win64; x64) AppleWebKit/537.36 (KHTML, like Gecko) Chrome/40.0.2214.85 Safari/537.36" "saveaslave.com"
65.36.241.48 - - [07/Jun/2017:23:37:18 -0700] "HEAD / HTTP/1.1" 200 0 "-" "InternetSeer.com" "www.saveaslave.com"
130.54.130.244 - - [07/Jun/2017:23:38:57 -0700] "GET / HTTP/1.1" 200 88244 "http://www.save-the-slave.com/link.html" "Mozilla/5.0 (Windows NT 6.1; WOW64; rv:53.0) Gecko/20100101 Firefox/53.0" "www.saveaslave.com"
130.54.130.244 - - [07/Jun/2017:23:38:58 -0700] "GET /ico/favicon-16x16.png HTTP/1.1" 200 1129 "-" "Mozilla/5.0 (Windows NT 6.1; WOW64; rv:53.0) Gecko/20100101 Firefox/53.0" "www.saveaslave.com"
130.54.130.244 - - [07/Jun/2017:23:38:59 -0700] "GET / HTTP/1.1" 200 88244 "http://www.save-the-slave.com/link.html" "Mozilla/5.0 (Windows NT 6.1; WOW64; rv:53.0) Gecko/20100101 Firefox/53.0" "www.saveaslave.com"[1]
130.54.130.244 - - [07/Jun/2017:23:38:59 -0700] "GET /css/bootstrap.min.css HTTP/1.1" 200 123578 "http://www.saveaslave.com/" "Mozilla/5.0 (Windows NT 6.1; WOW64; rv:53.0) Gecko/20100101 Firefox/53.0" "www.saveaslave.com"[0]
130.54.130.244 - - [07/Jun/2017:23:38:59 -0700] "GET /gfeedfetcher.js HTTP/1.1" 200 9018 "http://www.saveaslave.com/" "Mozilla/5.0 (Windows NT 6.1; WOW64; rv:53.0) Gecko/20100101 Firefox/53.0" "www.saveaslave.com"
130.54.130.244 - - [07/Jun/2017:23:38:59 -0700] "GET /gajaxscroller.js HTTP/1.1" 200 9774 "http://www.saveaslave.com/" "Mozilla/5.0 (Windows NT 6.1; WOW64; rv:53.0) Gecko/20100101 Firefox/53.0" "www.saveaslave.com"
130.54.130.244 - - [07/Jun/2017:23:38:59 -0700] "GET /css/style.css HTTP/1.1" 200 7938 "http://www.saveaslave.com/" "Mozilla/5.0 (Windows NT 6.1; WOW64; rv:53.0) Gecko/20100101 Firefox/53.0" "www.saveaslave.com"
130.54.130.244 - - [07/Jun/2017:23:38:59 -0700] "GET /css/elements.css HTTP/1.1" 200 17857 "http://www.saveaslave.com/" "Mozilla/5.0 (Windows NT 6.1; WOW64; rv:53.0) Gecko/20100101 Firefox/53.0" "www.saveaslave.com"
130.54.130.240 - - [07/Jun/2017:23:38:59 -0700] "GET /assets/js/ie-emulation-modes-warning.js HTTP/1.1" 200 2130 "http://www.saveaslave.com/" "Mozilla/5.0 (Windows NT 6.1; WOW64; rv:53.0) Gecko/20100101 Firefox/53.0" "www.saveaslave.com"
130.54.130.244 - - [07/Jun/2017:23:38:59 -0700] "GET /favicon.ico HTTP/1.1" 404 89 "-" "Mozilla/5.0 (Windows NT 6.1; WOW64; rv:53.0) Gecko/20100101 Firefox/53.0" "www.saveaslave.com"
130.54.130.244 - - [07/Jun/2017:23:39:00 -0700] "GET /images/social3.png HTTP/1.1" 200 4343 "http://www.saveaslave.com/" "Mozilla/5.0 (Windows NT 6.1; WOW64; rv:53.0) Gecko/20100101 Firefox/53.0" "www.saveaslave.com"
130.54.130.244 - - [07/Jun/2017:23:39:00 -0700] "GET /css/style-pages.css HTTP/1.1" 200 9894 "http://www.saveaslave.com/" "Mozilla/5.0 (Windows NT 6.1; WOW64; rv:53.0) Gecko/20100101 Firefox/53.0" "www.saveaslave.com"
130.54.130.244 - - [07/Jun/2017:23:39:00 -0700] "GET /js/bootstrap.min.js HTTP/1.1" 200 37055 "http://www.saveaslave.com/" "Mozilla/5.0 (Windows NT 6.1; WOW64; rv:53.0) Gecko/20100101 Firefox/53.0" "www.saveaslave.com"
130.54.130.244 - - [07/Jun/2017:23:39:01 -0700] "GET /images/social1.png HTTP/1.1" 200 2012 "http://www.saveaslave.com/" "Mozilla/5.0 (Windows NT 6.1; WOW64; rv:53.0) Gecko/20100101 Firefox/53.0" "www.saveaslave.com"
130.54.130.244 - - [07/Jun/2017:23:39:01 -0700] "GET /images/social2.png HTTP/1.1" 200 1752 "http://www.saveaslave.com/" "Mozilla/5.0 (Windows NT 6.1; WOW64; rv:53.0) Gecko/20100101 Firefox/53.0" "www.saveaslave.com"
130.54.130.244 - - [07/Jun/2017:23:39:01 -0700] "GET /assets/js/ie10-viewport-bug-workaround.js HTTP/1.1" 200 641 "http://www.saveaslave.com/" "Mozilla/5.0 (Windows NT 6.1; WOW64; rv:53.0) Gecko/20100101 Firefox/53.0" "www.saveaslave.com"
130.54.130.244 - - [07/Jun/2017:23:39:03 -0700] "GET /images/select-arrow.png HTTP/1.1" 200 1118 "http://www.saveaslave.com/css/style.css" "Mozilla/5.0 (Windows NT 6.1; WOW64; rv:53.0) Gecko/20100101 Firefox/53.0" "www.saveaslave.com"
162.210.196.97 - - [07/Jun/2017:23:46:55 -0700] "GET /robots.txt HTTP/1.1" 200 48 "-" "Mozilla/5.0 (compatible; MJ12bot/v1.4.8; http://mj12bot.com/)" "saveaslave.com"
162.210.196.97 - - [07/Jun/2017:23:46:58 -0700] "GET / HTTP/1.1" 200 88280 "-" "Mozilla/5.0 (compatible; MJ12bot/v1.4.8; http://mj12bot.com/)" "saveaslave.com"[1]
162.210.196.97 - - [07/Jun/2017:23:47:00 -0700] "GET /robots.txt HTTP/1.1" 200 48 "-" "Mozilla/5.0 (compatible; MJ12bot/v1.4.8; http://mj12bot.com/)" "www.saveaslave.com"
66.249.69.217 - - [07/Jun/2017:23:53:53 -0700] "GET /images/supporters/rescue-foundation.jpg HTTP/1.1" 200 3083 "-" "Googlebot-Image/1.0" "www.saveaslave.com"
52.91.109.106 - - [07/Jun/2017:23:54:14 -0700] "GET / HTTP/1.1" 200 88280 "-" "Mozilla/5.0 (compatible; linkdexbot/2.0; +http://www.linkdex.com/bots/)" "saveaslave.com"
85.93.93.58 - - [08/Jun/2017:00:12:29 -0700] "GET /images/article/kateryna_ardanyan.jpg HTTP/1.1" 200 45587 "-" "-" "saveaslave.com"
74.131.4.216 - - [08/Jun/2017:00:16:41 -0700] "GET /images/article5.jpg HTTP/1.1" 200 14497 "-" "Mozilla/5.0 (Linux; U; Android 4.4.2; en-us; SAMSUNG-SM-T217A Build/KOT49H) AppleWebKit/534.30 (KHTML, like Gecko) Version/4.0 Safari/534.30" "www.saveaslave.com"
66.249.69.159 - - [08/Jun/2017:00:37:18 -0700] "GET /images/article/russian_police.jpg HTTP/1.1" 200 30950 "-" "Googlebot-Image/1.0" "saveaslave.com"
216.244.66.198 - - [08/Jun/2017:00:58:31 -0700] "GET /robots.txt HTTP/1.1" 200 48 "-" "Mozilla/5.0 (compatible; DotBot/1.1; http://www.opensiteexplorer.org/dotbot, help@moz.com)" "saveaslave.com"
175.140.75.158 - - [08/Jun/2017:01:24:43 -0700] "GET /country.php?name=Azerbaijan&lang=en HTTP/1.1" 200 53196 "http://www.saveaslave.com" "Mozilla/4.0 (compatible; MSIE 7.0; Windows NT 6.0;)" "www.saveaslave.com"
184.73.221.164 - - [08/Jun/2017:01:27:54 -0700] "HEAD /?tpl=hospitals&Itemid=11&countrycode=us HTTP/1.1" 200 0 "-" "Mozilla/5.0 (Windows; U; Windows NT 5.1; en-US; rv:1.7.5) Gecko/20041107 Firefox/1.0" "www.saveaslave.com"
184.73.221.164 - - [08/Jun/2017:01:27:54 -0700] "GET /?tpl=hospitals&Itemid=11&countrycode=us HTTP/1.1" 200 88280 "-" "Mozilla/5.0 (Windows; U; Windows NT 5.1; en-US; rv:1.7.5) Gecko/20041107 Firefox/1.0" "www.saveaslave.com"[0]
184.73.221.164 - - [08/Jun/2017:01:27:55 -0700] "GET /robots.txt HTTP/1.1" 200 48 "-" "Mozilla/5.0 (compatible; MSIE 9.0; Windows NT 6.1; WOW64; Trident/5.0)" "www.saveaslave.com"
175.140.75.158 - - [08/Jun/2017:01:29:16 -0700] "GET /country.php?name=Bosnia%20and%20Herzegovina&lang=en HTTP/1.1" 200 52615 "http://www.saveaslave.com" "Mozilla/5.0 (compatible; MSIE 7.0; Windows NT 6.0; en-US)" "www.saveaslave.com"
66.249.69.144 - - [08/Jun/2017:01:32:44 -0700] "GET /images/social2.png HTTP/1.1" 200 1752 "-" "Googlebot-Image/1.0" "www.saveaslave.com"
65.36.241.48 - - [08/Jun/2017:01:36:48 -0700] "HEAD / HTTP/1.1" 200 0 "-" "InternetSeer.com" "www.saveaslave.com"
216.244.66.198 - - [08/Jun/2017:01:42:44 -0700] "GET /robots.txt HTTP/1.1" 200 48 "-" "Mozilla/5.0 (compatible; DotBot/1.1; http://www.opensiteexplorer.org/dotbot, help@moz.com)" "saveaslave.com"
216.244.66.198 - - [08/Jun/2017:01:51:37 -0700] "GET /article.php?id=65 HTTP/1.1" 200 51148 "-" "Mozilla/5.0 (compatible; DotBot/1.1; http://www.opensiteexplorer.org/dotbot, help@moz.com)" "saveaslave.com"[2]
115.28.111.201 - - [08/Jun/2017:01:53:33 -0700] "GET / HTTP/1.1" 200 88280 "-" "-" "www.saveaslave.com"
115.28.111.201 - - [08/Jun/2017:01:53:35 -0700] "GET /xmlrpc.php HTTP/1.1" 200 73 "-" "-" "www.saveaslave.com"[0]
115.28.111.201 - - [08/Jun/2017:01:53:35 -0700] "HEAD /wp-login.php HTTP/1.1" 404 0 "-" "-" "www.saveaslave.com"
157.55.39.63 - - [08/Jun/2017:02:09:20 -0700] "GET /article.php?id=6 HTTP/1.1" 200 48451 "-" "Mozilla/5.0 (compatible; bingbot/2.0; +http://www.bing.com/bingbot.htm)" "saveaslave.com"
34.203.210.89 - - [08/Jun/2017:02:17:23 -0700] "GET /article.php?id=32 HTTP/1.1" 200 51970 "-" "Mozilla/5.0 (compatible; linkdexbot/2.0; +http://www.linkdex.com/bots/)" "www.saveaslave.com"[1]
66.249.69.94 - - [08/Jun/2017:02:22:51 -0700] "GET /images/article/Flag_Tajikistan.gif HTTP/1.1" 200 5436 "-" "Googlebot-Image/1.0" "saveaslave.com"
175.140.75.158 - - [08/Jun/2017:02:35:09 -0700] "GET /country.php?name=Bhutan&lang=en HTTP/1.1" 200 52994 "http://www.saveaslave.com" "Mozilla/5.0 (compatible; MSIE 9.0; Windows NT 6.1; Win64; x64; Trident/5.0; .NET CLR 2.0.50727; SLCC2; .NET CLR 3.5.30729; .NET CLR 3.0.30729; Media Center PC 6.0; Zune 4.0; Tablet PC 2.0; InfoPath.3; .NET4.0C; .NET4.0E)" "www.saveaslave.com"[1]
216.244.66.198 - - [08/Jun/2017:02:38:42 -0700] "GET /our-newsr.php HTTP/1.1" 200 79139 "-" "Mozilla/5.0 (compatible; DotBot/1.1; http://www.opensiteexplorer.org/dotbot, help@moz.com)" "saveaslave.com"
216.244.66.198 - - [08/Jun/2017:02:38:49 -0700] "GET /article.php?id=66 HTTP/1.1" 200 53714 "-" "Mozilla/5.0 (compatible; DotBot/1.1; http://www.opensiteexplorer.org/dotbot, help@moz.com)" "saveaslave.com"[0]
207.46.13.37 - - [08/Jun/2017:02:49:56 -0700] "GET /in-russian.php HTTP/1.1" 200 90526 "-" "Mozilla/5.0 (compatible; bingbot/2.0; +http://www.bing.com/bingbot.htm)" "saveaslave.com"
77.88.47.17 - - [08/Jun/2017:03:03:25 -0700] "GET /robots.txt HTTP/1.1" 200 48 "-" "Mozilla/5.0 (compatible; YandexBot/3.0; +http://yandex.com/bots)" "saveaslave.com"
77.88.47.17 - - [08/Jun/2017:03:03:33 -0700] "GET /www.covenanthouse.org HTTP/1.1" 404 89 "-" "Mozilla/5.0 (compatible; YandexBot/3.0; +http://yandex.com/bots)" "saveaslave.com"
52.91.109.106 - - [08/Jun/2017:03:16:54 -0700] "GET /article.php?id=32 HTTP/1.1" 200 51970 "-" "Mozilla/5.0 (compatible; linkdexbot/2.0; +http://www.linkdex.com/bots/)" "saveaslave.com"
164.132.161.80 - - [08/Jun/2017:03:19:11 -0700] "GET /greenland.html HTTP/1.1" 404 89 "-" "Mozilla/5.0 (compatible; AhrefsBot/5.2; +http://ahrefs.com/robot/)" "saveaslave.com"
141.8.143.156 - - [08/Jun/2017:03:19:54 -0700] "GET /ico/apple-icon-180x180.png HTTP/1.1" 200 10378 "-" "Mozilla/5.0 (compatible; YandexBot/3.0; +http://yandex.com/bots)" "www.saveaslave.com"[0]
77.66.1.97 - - [08/Jun/2017:03:19:56 -0700] "GET /robots.txt HTTP/1.1" 200 48 "-" "Mozilla/5.0 (compatible; Findxbot/1.0; +http://www.findxbot.com)" "www.saveaslave.com"
77.66.1.97 - - [08/Jun/2017:03:19:58 -0700] "GET / HTTP/1.1" 200 88280 "-" "Mozilla/5.0 (compatible; Findxbot/1.0; +http://www.findxbot.com)" "www.saveaslave.com"
77.66.1.97 - - [08/Jun/2017:03:20:14 -0700] "GET /addarticle.php HTTP/1.1" 200 13761 "-" "Mozilla/5.0 (compatible; Findxbot/1.0; +http://www.findxbot.com)" "www.saveaslave.com"
84.201.133.58 - - [08/Jun/2017:03:20:38 -0700] "GET /www.alexandriahouse.org HTTP/1.1" 404 89 "-" "Mozilla/5.0 (compatible; YandexBot/3.0; +http://yandex.com/bots)" "saveaslave.com"
190.22.149.208 - - [08/Jun/2017:03:23:47 -0700] "GET /wp-login.php HTTP/1.1" 200 73 "-" "Mozilla/5.0 (Windows NT 6.1; WOW64; rv:40.0) Gecko/20100101 Firefox/40.1" "www.saveaslave.com"
190.22.149.208 - - [08/Jun/2017:03:23:48 -0700] "GET / HTTP/1.1" 200 88280 "-" "Mozilla/5.0 (Windows NT 6.1; WOW64; rv:40.0) Gecko/20100101 Firefox/40.1" "www.saveaslave.com"
216.244.66.250 - - [08/Jun/2017:03:23:48 -0700] "GET /robots.txt HTTP/1.1" 200 48 "-" "Mozilla/5.0 (compatible; DotBot/1.1; http://www.opensiteexplorer.org/dotbot, help@moz.com)" "www.saveaslave.com"
77.88.47.21 - - [08/Jun/2017:03:25:07 -0700] "GET /ico/favicon-96x96.png HTTP/1.1" 200 4476 "-" "Mozilla/5.0 (compatible; YandexBot/3.0; +http://yandex.com/bots)" "saveaslave.com"
216.244.66.198 - - [08/Jun/2017:03:33:36 -0700] "GET /robots.txt HTTP/1.1" 200 48 "-" "Mozilla/5.0 (compatible; DotBot/1.1; http://www.opensiteexplorer.org/dotbot, help@moz.com)" "saveaslave.com"
65.36.241.48 - - [08/Jun/2017:03:35:40 -0700] "HEAD / HTTP/1.1" 200 0 "-" "InternetSeer.com" "www.saveaslave.com"
51.255.65.8 - - [08/Jun/2017:03:38:22 -0700] "GET /gambia.html HTTP/1.1" 404 89 "-" "Mozilla/5.0 (compatible; AhrefsBot/5.2; +http://ahrefs.com/robot/)" "www.saveaslave.com"[0]
175.140.75.158 - - [08/Jun/2017:03:48:56 -0700] "GET /country.php?name=Central%20African%20Republic&lang=en HTTP/1.1" 200 53401 "http://www.saveaslave.com" "Mozilla/5.0 (compatible; MSIE 8.0; Windows NT 5.1; Trident/4.0; InfoPath.2; SLCC1; .NET CLR 3.0.4506.2152; .NET CLR 3.5.30729; .NET CLR 2.0.50727)" "www.saveaslave.com"
207.46.13.139 - - [08/Jun/2017:03:51:18 -0700] "GET /css/bootstrap.min.css HTTP/1.1" 200 123578 "-" "Mozilla/5.0 (compatible; bingbot/2.0; +http://www.bing.com/bingbot.htm)" "saveaslave.com"
207.46.13.139 - - [08/Jun/2017:03:51:18 -0700] "GET /gajaxscroller.js HTTP/1.1" 200 9774 "-" "Mozilla/5.0 (compatible; bingbot/2.0; +http://www.bing.com/bingbot.htm)" "saveaslave.com"
207.46.13.139 - - [08/Jun/2017:03:51:18 -0700] "GET /gfeedfetcher.js HTTP/1.1" 200 9018 "-" "Mozilla/5.0 (compatible; bingbot/2.0; +http://www.bing.com/bingbot.htm)" "saveaslave.com"
207.46.13.27 - - [08/Jun/2017:03:51:21 -0700] "GET /css/style.css HTTP/1.1" 200 7938 "-" "Mozilla/5.0 (compatible; bingbot/2.0; +http://www.bing.com/bingbot.htm)" "saveaslave.com"
207.46.13.37 - - [08/Jun/2017:03:51:26 -0700] "GET /robots.txt HTTP/1.1" 200 48 "-" "Mozilla/5.0 (compatible; bingbot/2.0; +http://www.bing.com/bingbot.htm)" "saveaslave.com"
207.46.13.37 - - [08/Jun/2017:03:51:26 -0700] "GET /assets/js/ie-emulation-modes-warning.js HTTP/1.1" 200 2130 "-" "Mozilla/5.0 (compatible; bingbot/2.0; +http://www.bing.com/bingbot.htm)" "saveaslave.com"
207.46.13.37 - - [08/Jun/2017:03:51:26 -0700] "GET /css/elements.css HTTP/1.1" 200 17857 "-" "Mozilla/5.0 (compatible; bingbot/2.0; +http://www.bing.com/bingbot.htm)" "saveaslave.com"
51.255.65.52 - - [08/Jun/2017:04:17:04 -0700] "GET /our-newsr.php HTTP/1.1" 200 79139 "-" "Mozilla/5.0 (compatible; AhrefsBot/5.2; +http://ahrefs.com/robot/)" "saveaslave.com"[1]
216.244.66.198 - - [08/Jun/2017:04:23:11 -0700] "GET /robots.txt HTTP/1.1" 200 48 "-" "Mozilla/5.0 (compatible; DotBot/1.1; http://www.opensiteexplorer.org/dotbot, help@moz.com)" "saveaslave.com"
84.201.133.6 - - [08/Jun/2017:04:27:54 -0700] "GET /images/article/pyatka_default.jpg HTTP/1.1" 200 204394 "-" "Mozilla/5.0 (compatible; YandexImages/3.0; +http://yandex.com/bots)" "saveaslave.com"
