12.176.249.232 - - [04/Feb/2016:10:01:55 -0800] "GET /images/article/article5a.jpg HTTP/1.1" 200 52731 "-" "Mozilla/4.0 (compatible;)" "saveaslave.com"
12.176.249.232 - - [04/Feb/2016:10:01:55 -0800] "GET /images/article/image001.gif HTTP/1.1" 200 20501 "-" "Mozilla/4.0 (compatible;)" "saveaslave.com"
12.176.249.232 - - [04/Feb/2016:10:01:55 -0800] "GET /images/article/article3.jpg HTTP/1.1" 200 18354 "-" "Mozilla/4.0 (compatible;)" "saveaslave.com"
12.176.249.232 - - [04/Feb/2016:10:01:55 -0800] "GET /images/article/article4a.png HTTP/1.1" 200 155219 "-" "Mozilla/4.0 (compatible;)" "saveaslave.com"
12.176.249.232 - - [04/Feb/2016:10:01:55 -0800] "GET /images/article/article7.jpg HTTP/1.1" 200 15527 "-" "Mozilla/4.0 (compatible;)" "saveaslave.com"
12.176.249.232 - - [04/Feb/2016:10:01:55 -0800] "GET /images/article/article1.jpg HTTP/1.1" 200 11640 "-" "Mozilla/4.0 (compatible;)" "saveaslave.com"
12.176.249.232 - - [04/Feb/2016:10:01:55 -0800] "GET /css/down-arrow.png HTTP/1.1" 404 89 "http://saveaslave.com/css/elements.css" "Mozilla/5.0 (Windows NT 6.1) AppleWebKit/537.36 (KHTML, like Gecko) Chrome/48.0.2564.97 Safari/537.36" "saveaslave.com"
66.220.158.96 - - [04/Feb/2016:10:03:45 -0800] "GET /images/social1.png HTTP/1.1" 200 2012 "-" "facebookexternalhit/1.1 (+http://www.facebook.com/externalhit_uatext.php)" "saveaslave.com"
69.30.215.106 - - [04/Feb/2016:10:21:43 -0800] "GET /robots.txt HTTP/1.1" 200 48 "-" "Mozilla/5.0 (compatible; MJ12bot/v1.4.5; http://www.majestic12.co.uk/bot.php?+)" "saveaslave.com"
69.30.215.106 - - [04/Feb/2016:10:21:49 -0800] "GET /article.php?id=19 HTTP/1.1" 200 61348 "-" "Mozilla/5.0 (compatible; MJ12bot/v1.4.5; http://www.majestic12.co.uk/bot.php?+)" "saveaslave.com"
69.30.215.106 - - [04/Feb/2016:10:21:51 -0800] "GET /article.php?id=20 HTTP/1.1" 200 62838 "-" "Mozilla/5.0 (compatible; MJ12bot/v1.4.5; http://www.majestic12.co.uk/bot.php?+)" "saveaslave.com"
208.115.113.94 - - [04/Feb/2016:11:00:24 -0800] "GET /robots.txt HTTP/1.1" 200 48 "-" "Mozilla/5.0 (compatible; DotBot/1.1; http://www.opensiteexplorer.org/dotbot, help@moz.com)" "saveaslave.com"
65.36.241.48 - - [04/Feb/2016:11:13:32 -0800] "HEAD / HTTP/1.1" 200 0 "-" "InternetSeer.com" "www.saveaslave.com"
51.255.65.79 - - [04/Feb/2016:11:47:02 -0800] "GET /www.gladinc.org HTTP/1.1" 404 89 "-" "Mozilla/5.0 (compatible; AhrefsBot/5.0; +http://ahrefs.com/robot/)" "saveaslave.com"
208.115.113.86 - - [04/Feb/2016:11:48:20 -0800] "GET /saint-vincent-grenadines.html HTTP/1.1" 404 89 "-" "Mozilla/5.0 (compatible; DotBot/1.1; http://www.opensiteexplorer.org/dotbot, help@moz.com)" "saveaslave.com"
51.255.65.97 - - [04/Feb/2016:11:57:05 -0800] "GET /www.cspinc.org HTTP/1.1" 404 89 "-" "Mozilla/5.0 (compatible; AhrefsBot/5.0; +http://ahrefs.com/robot/)" "www.saveaslave.com"
208.115.113.86 - - [04/Feb/2016:11:58:35 -0800] "GET /botswana.html HTTP/1.1" 404 89 "-" "Mozilla/5.0 (compatible; DotBot/1.1; http://www.opensiteexplorer.org/dotbot, help@moz.com)" "www.saveaslave.com"
208.115.113.94 - - [04/Feb/2016:12:14:48 -0800] "GET /guatemala.html HTTP/1.1" 404 89 "-" "Mozilla/5.0 (compatible; DotBot/1.1; http://www.opensiteexplorer.org/dotbot, help@moz.com)" "saveaslave.com"
208.115.113.94 - - [04/Feb/2016:12:16:01 -0800] "GET /resources.html HTTP/1.1" 404 89 "-" "Mozilla/5.0 (compatible; DotBot/1.1; http://www.opensiteexplorer.org/dotbot, help@moz.com)" "saveaslave.com"
176.104.37.122 - - [04/Feb/2016:12:26:23 -0800] "GET /robots.txt HTTP/1.1" 200 48 "-" "Mozilla/5.0 (compatible; MJ12bot/v1.4.5; http://www.majestic12.co.uk/bot.php?+)" "www.saveaslave.com"
176.104.37.122 - - [04/Feb/2016:12:26:26 -0800] "GET /?tpl=jobs&Itemid=4 HTTP/1.1" 200 83094 "-" "Mozilla/5.0 (compatible; MJ12bot/v1.4.5; http://www.majestic12.co.uk/bot.php?+)" "www.saveaslave.com"
208.115.113.86 - - [04/Feb/2016:12:28:40 -0800] "GET /sainthelena HTTP/1.1" 404 89 "-" "Mozilla/5.0 (compatible; DotBot/1.1; http://www.opensiteexplorer.org/dotbot, help@moz.com)" "www.saveaslave.com"
208.115.113.86 - - [04/Feb/2016:12:28:41 -0800] "GET /americansamoa.html HTTP/1.1" 404 89 "-" "Mozilla/5.0 (compatible; DotBot/1.1; http://www.opensiteexplorer.org/dotbot, help@moz.com)" "www.saveaslave.com"
208.115.113.86 - - [04/Feb/2016:12:28:41 -0800] "GET /albania HTTP/1.1" 404 89 "-" "Mozilla/5.0 (compatible; DotBot/1.1; http://www.opensiteexplorer.org/dotbot, help@moz.com)" "saveaslave.com"
208.115.113.86 - - [04/Feb/2016:12:28:41 -0800] "GET /jordan HTTP/1.1" 404 89 "-" "Mozilla/5.0 (compatible; DotBot/1.1; http://www.opensiteexplorer.org/dotbot, help@moz.com)" "saveaslave.com"
157.55.39.70 - - [04/Feb/2016:12:41:40 -0800] "GET /norway.html HTTP/1.1" 404 89 "-" "Mozilla/5.0 (compatible; bingbot/2.0; +http://www.bing.com/bingbot.htm)" "saveaslave.com"
157.55.39.70 - - [04/Feb/2016:12:41:40 -0800] "GET /canada.html HTTP/1.1" 404 89 "-" "Mozilla/5.0 (compatible; bingbot/2.0; +http://www.bing.com/bingbot.htm)" "saveaslave.com"
208.115.113.86 - - [04/Feb/2016:12:46:03 -0800] "GET /robots.txt HTTP/1.1" 200 48 "-" "Mozilla/5.0 (compatible; DotBot/1.1; http://www.opensiteexplorer.org/dotbot, help@moz.com)" "saveaslave.com"
51.254.130.59 - - [04/Feb/2016:12:51:39 -0800] "GET /robots.txt HTTP/1.1" 200 48 "-" "Mozilla/5.0 (compatible; MJ12bot/v1.4.5; http://www.majestic12.co.uk/bot.php?+)" "saveaslave.com"
51.254.130.59 - - [04/Feb/2016:12:51:41 -0800] "GET /article.php?id=22 HTTP/1.1" 200 59273 "-" "Mozilla/5.0 (compatible; MJ12bot/v1.4.5; http://www.majestic12.co.uk/bot.php?+)" "saveaslave.com"
51.254.130.59 - - [04/Feb/2016:12:51:44 -0800] "GET /article.php?id=24 HTTP/1.1" 200 58519 "-" "Mozilla/5.0 (compatible; MJ12bot/v1.4.5; http://www.majestic12.co.uk/bot.php?+)" "saveaslave.com"
66.249.66.54 - - [04/Feb/2016:13:26:45 -0800] "GET /resources.html HTTP/1.1" 404 89 "-" "Mozilla/5.0 (compatible; Googlebot/2.1; +http://www.google.com/bot.html)" "www.saveaslave.com"
208.115.113.94 - - [04/Feb/2016:13:32:05 -0800] "GET /united-kingdom.html HTTP/1.1" 404 89 "-" "Mozilla/5.0 (compatible; DotBot/1.1; http://www.opensiteexplorer.org/dotbot, help@moz.com)" "saveaslave.com"
208.115.113.94 - - [04/Feb/2016:13:32:05 -0800] "GET /sudan.html HTTP/1.1" 404 89 "-" "Mozilla/5.0 (compatible; DotBot/1.1; http://www.opensiteexplorer.org/dotbot, help@moz.com)" "saveaslave.com"
78.99.106.245 - - [04/Feb/2016:13:46:21 -0800] "GET /images/countrymap/solomon-islands.gif HTTP/1.1" 404 89 "https://www.google.sk/" "Mozilla/5.0 (Windows NT 6.3; WOW64) AppleWebKit/537.36 (KHTML, like Gecko) Chrome/47.0.2526.111 Safari/537.36" "www.saveaslave.com"
208.115.113.86 - - [04/Feb/2016:13:50:04 -0800] "GET /slovakia.html HTTP/1.1" 404 89 "-" "Mozilla/5.0 (compatible; DotBot/1.1; http://www.opensiteexplorer.org/dotbot, help@moz.com)" "saveaslave.com"
208.115.113.94 - - [04/Feb/2016:13:59:59 -0800] "GET /georgia.html HTTP/1.1" 404 89 "-" "Mozilla/5.0 (compatible; DotBot/1.1; http://www.opensiteexplorer.org/dotbot, help@moz.com)" "www.saveaslave.com"
157.55.39.70 - - [04/Feb/2016:14:07:38 -0800] "GET /?tpl=about&Itemid=2 HTTP/1.1" 200 83094 "-" "Mozilla/5.0 (compatible; bingbot/2.0; +http://www.bing.com/bingbot.htm)" "www.saveaslave.com"
157.55.39.70 - - [04/Feb/2016:14:07:39 -0800] "GET /?tpl=references&Itemid=3 HTTP/1.1" 200 83094 "-" "Mozilla/5.0 (compatible; bingbot/2.0; +http://www.bing.com/bingbot.htm)" "www.saveaslave.com"
157.55.39.138 - - [04/Feb/2016:14:07:48 -0800] "GET /?Itemid=1 HTTP/1.1" 200 83094 "-" "Mozilla/5.0 (compatible; bingbot/2.0; +http://www.bing.com/bingbot.htm)" "www.saveaslave.com"
157.55.39.138 - - [04/Feb/2016:14:07:48 -0800] "GET /index.php HTTP/1.1" 200 83094 "-" "Mozilla/5.0 (compatible; bingbot/2.0; +http://www.bing.com/bingbot.htm)" "www.saveaslave.com"
66.249.66.54 - - [04/Feb/2016:14:27:49 -0800] "GET /jordan.html HTTP/1.1" 404 89 "-" "Mozilla/5.0 (compatible; Googlebot/2.1; +http://www.google.com/bot.html)" "www.saveaslave.com"
66.249.66.57 - - [04/Feb/2016:14:28:25 -0800] "GET /jordan HTTP/1.1" 404 89 "-" "Mozilla/5.0 (compatible; Googlebot/2.1; +http://www.google.com/bot.html)" "www.saveaslave.com"
208.115.113.86 - - [04/Feb/2016:14:41:30 -0800] "GET /robots.txt HTTP/1.1" 200 48 "-" "Mozilla/5.0 (compatible; DotBot/1.1; http://www.opensiteexplorer.org/dotbot, help@moz.com)" "www.saveaslave.com"
51.255.65.44 - - [04/Feb/2016:14:43:46 -0800] "GET /east-timor.html HTTP/1.1" 404 89 "-" "Mozilla/5.0 (compatible; AhrefsBot/5.0; +http://ahrefs.com/robot/)" "saveaslave.com"
208.115.113.94 - - [04/Feb/2016:14:50:20 -0800] "GET /robots.txt HTTP/1.1" 200 48 "-" "Mozilla/5.0 (compatible; DotBot/1.1; http://www.opensiteexplorer.org/dotbot, help@moz.com)" "www.saveaslave.com"
208.115.113.94 - - [04/Feb/2016:14:50:20 -0800] "GET /robots.txt HTTP/1.1" 200 48 "-" "Mozilla/5.0 (compatible; DotBot/1.1; http://www.opensiteexplorer.org/dotbot, help@moz.com)" "saveaslave.com"
65.36.241.48 - - [04/Feb/2016:14:53:52 -0800] "HEAD / HTTP/1.1" 200 0 "-" "InternetSeer.com" "www.saveaslave.com"
157.55.39.70 - - [04/Feb/2016:15:08:25 -0800] "GET /robots.txt HTTP/1.1" 200 48 "-" "Mozilla/5.0 (compatible; bingbot/2.0; +http://www.bing.com/bingbot.htm)" "saveaslave.com"
66.249.83.181 - - [04/Feb/2016:15:23:02 -0800] "GET / HTTP/1.1" 200 83094 "-" "Mozilla/5.0 (Windows NT 6.1; rv:6.0) Gecko/20110814 Firefox/6.0 Google Favicon" "www.saveaslave.com"
66.249.83.219 - - [04/Feb/2016:15:23:02 -0800] "GET /favicon.ico HTTP/1.1" 404 89 "-" "Mozilla/5.0 (Windows NT 6.1; rv:6.0) Gecko/20110814 Firefox/6.0 Google Favicon" "www.saveaslave.com"
212.129.21.62 - - [04/Feb/2016:15:35:45 -0800] "GET / HTTP/1.1" 200 83094 "-" "Mozilla/5.0 (Windows NT 6.1) AppleWebKit/537.36 (KHTML, like Gecko) Chrome/41.0.2228.0 Safari/537.36" "saveaslave.com"
208.115.113.86 - - [04/Feb/2016:16:00:48 -0800] "GET /antigua-and-barbuda.html HTTP/1.1" 404 89 "-" "Mozilla/5.0 (compatible; DotBot/1.1; http://www.opensiteexplorer.org/dotbot, help@moz.com)" "www.saveaslave.com"
46.118.116.135 - - [04/Feb/2016:17:23:34 -0800] "GET / HTTP/1.1" 200 83022 "http://omsk.xrus.org/" "Opera/7.60 (Windows NT 5.2; U)  [en] (IBM EVV/3.0/EAK01AG9/LE)" "www.saveaslave.com"
107.152.128.28 - - [04/Feb/2016:18:01:46 -0800] "GET / HTTP/1.1" 200 83094 "-" "Mozilla/5.0 (Windows NT 6.1) AppleWebKit/537.36 (KHTML, like Gecko) Chrome/41.0.2228.0 Safari/537.36" "saveaslave.com"
208.115.113.94 - - [04/Feb/2016:18:05:26 -0800] "GET /ukraine.html HTTP/1.1" 404 89 "-" "Mozilla/5.0 (compatible; DotBot/1.1; http://www.opensiteexplorer.org/dotbot, help@moz.com)" "saveaslave.com"
208.115.113.94 - - [04/Feb/2016:18:05:26 -0800] "GET /slovenia.html HTTP/1.1" 404 89 "-" "Mozilla/5.0 (compatible; DotBot/1.1; http://www.opensiteexplorer.org/dotbot, help@moz.com)" "saveaslave.com"
157.55.39.210 - - [04/Feb/2016:18:13:27 -0800] "GET /articles/slavetrafficking.html HTTP/1.1" 404 89 "-" "Mozilla/5.0 (iPhone; CPU iPhone OS 7_0 like Mac OS X) AppleWebKit/537.51.1 (KHTML, like Gecko) Version/7.0 Mobile/11A465 Safari/9537.53 (compatible; bingbot/2.0;  http://www.bing.com/bingbot.htm)" "www.saveaslave.com"
208.115.113.94 - - [04/Feb/2016:18:17:25 -0800] "GET /andorra.html HTTP/1.1" 404 89 "-" "Mozilla/5.0 (compatible; DotBot/1.1; http://www.opensiteexplorer.org/dotbot, help@moz.com)" "www.saveaslave.com"
208.115.113.94 - - [04/Feb/2016:18:39:34 -0800] "GET /robots.txt HTTP/1.1" 200 48 "-" "Mozilla/5.0 (compatible; DotBot/1.1; http://www.opensiteexplorer.org/dotbot, help@moz.com)" "saveaslave.com"
180.76.15.31 - - [04/Feb/2016:18:42:50 -0800] "GET /country.php?name=France&lang=en HTTP/1.1" 200 65570 "-" "Mozilla/5.0 (compatible; Baiduspider/2.0; +http://www.baidu.com/search/spider.html)" "www.saveaslave.com"
65.36.241.48 - - [04/Feb/2016:18:45:35 -0800] "HEAD /?tpl=references&Itemid=3 HTTP/1.1" 200 0 "-" "InternetSeer.com" "www.saveaslave.com"
52.20.50.57 - - [04/Feb/2016:19:35:04 -0800] "HEAD / HTTP/1.1" 200 0 "-" "-" "saveaslave.com"
52.20.50.57 - - [04/Feb/2016:19:38:45 -0800] "HEAD / HTTP/1.1" 200 0 "-" "-" "saveaslave.com"
52.20.50.57 - - [04/Feb/2016:19:45:09 -0800] "HEAD / HTTP/1.1" 200 0 "-" "-" "saveaslave.com"
52.20.50.57 - - [04/Feb/2016:19:46:29 -0800] "HEAD / HTTP/1.1" 200 0 "-" "-" "saveaslave.com"
157.55.39.138 - - [04/Feb/2016:19:55:38 -0800] "GET /news1.php HTTP/1.1" 200 73 "-" "Mozilla/5.0 (compatible; bingbot/2.0; +http://www.bing.com/bingbot.htm)" "saveaslave.com"
108.238.138.31 - - [04/Feb/2016:20:21:29 -0800] "GET /photos/article7.jpg HTTP/1.1" 404 89 "http://www.bing.com/images/search?q=Modern+Day+Leaked+Girl+Sex+Slave+Trade&qs=n&form=QBIR&pq=modern+day+leaked+girl+sex+slave+trade&sc=0-0&sp=-1&sk=" "Mozilla/5.0 (Windows NT 10.0; WOW64; Trident/7.0; rv:11.0) like Gecko" "saveaslave.com"
108.238.138.31 - - [04/Feb/2016:20:21:48 -0800] "GET /photos/article7.jpg HTTP/1.1" 404 89 "http://www.bing.com/images/search?q=Modern+Day+Leaked+Girl+Sex+Slave+Trade&qs=n&form=QBIR&pq=modern+day+leaked+girl+sex+slave+trade&sc=0-0&sp=-1&sk=" "Mozilla/5.0 (Windows NT 10.0; WOW64; Trident/7.0; rv:11.0) like Gecko" "saveaslave.com"
208.115.113.94 - - [04/Feb/2016:20:23:53 -0800] "GET /gambia.html HTTP/1.1" 404 89 "-" "Mozilla/5.0 (compatible; DotBot/1.1; http://www.opensiteexplorer.org/dotbot, help@moz.com)" "saveaslave.com"
123.125.71.111 - - [04/Feb/2016:20:28:17 -0800] "GET /robots.txt HTTP/1.1" 200 48 "-" "Mozilla/5.0 (Windows NT 5.1; rv:6.0.2) Gecko/20100101 Firefox/6.0.2" "saveaslave.com"
208.115.113.86 - - [04/Feb/2016:20:29:08 -0800] "GET /malawi HTTP/1.1" 404 89 "-" "Mozilla/5.0 (compatible; DotBot/1.1; http://www.opensiteexplorer.org/dotbot, help@moz.com)" "www.saveaslave.com"
208.115.113.86 - - [04/Feb/2016:20:29:09 -0800] "GET /liberia HTTP/1.1" 404 89 "-" "Mozilla/5.0 (compatible; DotBot/1.1; http://www.opensiteexplorer.org/dotbot, help@moz.com)" "www.saveaslave.com"
157.55.39.9 - - [04/Feb/2016:20:39:22 -0800] "GET /disclaimer.php HTTP/1.1" 200 47481 "-" "Mozilla/5.0 (compatible; bingbot/2.0; +http://www.bing.com/bingbot.htm)" "saveaslave.com"
208.115.113.94 - - [04/Feb/2016:20:51:31 -0800] "GET /robots.txt HTTP/1.1" 200 48 "-" "Mozilla/5.0 (compatible; DotBot/1.1; http://www.opensiteexplorer.org/dotbot, help@moz.com)" "saveaslave.com"
157.55.39.9 - - [04/Feb/2016:20:52:32 -0800] "GET /lebanon HTTP/1.1" 404 89 "-" "Mozilla/5.0 (compatible; bingbot/2.0; +http://www.bing.com/bingbot.htm)" "saveaslave.com"
196.205.129.36 - - [04/Feb/2016:20:55:13 -0800] "GET /?author=1 HTTP/1.1" 200 83094 "-" "Chilkat/1.0.0 (+http://www.chilkatsoft.com/ChilkatHttpUA.asp)" "saveaslave.com"
196.205.129.36 - - [04/Feb/2016:20:55:17 -0800] "GET /administrator/index.php HTTP/1.1" 404 89 "-" "Chilkat/1.0.0 (+http://www.chilkatsoft.com/ChilkatHttpUA.asp)" "saveaslave.com"
52.20.50.57 - - [04/Feb/2016:20:58:39 -0800] "HEAD / HTTP/1.1" 200 0 "-" "-" "saveaslave.com"
65.36.241.48 - - [04/Feb/2016:21:02:14 -0800] "HEAD / HTTP/1.1" 200 0 "-" "InternetSeer.com" "www.saveaslave.com"
54.243.48.119 - - [04/Feb/2016:21:15:19 -0800] "GET /guinea-bissau.html HTTP/1.1" 404 89 "-" "Mozilla/5.0 (Windows; U; Windows NT 5.1; en-US; rv:1.9.2.8) Gecko/20100722 Firefox/3.6.8" "saveaslave.com"
212.129.21.62 - - [04/Feb/2016:21:26:34 -0800] "GET / HTTP/1.1" 200 83094 "-" "Mozilla/5.0 (Windows NT 6.1) AppleWebKit/537.36 (KHTML, like Gecko) Chrome/41.0.2228.0 Safari/537.36" "saveaslave.com"
180.76.15.156 - - [04/Feb/2016:21:46:46 -0800] "GET /images/supporters/?N=A HTTP/1.1" 200 7702 "-" "Mozilla/5.0 (compatible; Baiduspider/2.0; +http://www.baidu.com/search/spider.html)" "www.saveaslave.com"
157.55.39.70 - - [04/Feb/2016:21:51:09 -0800] "GET /robots.txt HTTP/1.1" 200 48 "-" "Mozilla/5.0 (compatible; bingbot/2.0; +http://www.bing.com/bingbot.htm)" "saveaslave.com"
100.43.81.146 - - [04/Feb/2016:21:51:41 -0800] "GET /robots.txt HTTP/1.1" 200 48 "-" "Mozilla/5.0 (compatible; YandexBot/3.0; +http://yandex.com/bots)" "saveaslave.com"
66.249.66.160 - - [04/Feb/2016:21:53:16 -0800] "GET /canada.html HTTP/1.1" 404 89 "-" "Mozilla/5.0 (compatible; Googlebot/2.1; +http://www.google.com/bot.html)" "www.saveaslave.com"
23.23.242.178 - - [04/Feb/2016:21:56:08 -0800] "GET /www.liderescampesinas.org HTTP/1.1" 404 89 "-" "Mozilla/5.0 (Windows; U; Windows NT 5.1; en-US; rv:1.9.2.8) Gecko/20100722 Firefox/3.6.8" "saveaslave.com"
208.115.113.94 - - [04/Feb/2016:22:12:44 -0800] "GET /algeria.html HTTP/1.1" 404 89 "-" "Mozilla/5.0 (compatible; DotBot/1.1; http://www.opensiteexplorer.org/dotbot, help@moz.com)" "saveaslave.com"
208.115.113.94 - - [04/Feb/2016:22:12:44 -0800] "GET /west-bank.html HTTP/1.1" 404 89 "-" "Mozilla/5.0 (compatible; DotBot/1.1; http://www.opensiteexplorer.org/dotbot, help@moz.com)" "saveaslave.com"
46.101.46.155 - - [04/Feb/2016:22:27:35 -0800] "GET / HTTP/1.1" 200 83094 "-" "-" "saveaslave.com"
65.36.241.48 - - [04/Feb/2016:22:45:16 -0800] "HEAD / HTTP/1.1" 200 0 "-" "InternetSeer.com" "www.saveaslave.com"
23.23.242.178 - - [04/Feb/2016:23:06:50 -0800] "GET /www.citybarjusticecenter.org HTTP/1.1" 404 89 "-" "Mozilla/5.0 (Windows; U; Windows NT 5.1; en-US; rv:1.9.2.8) Gecko/20100722 Firefox/3.6.8" "saveaslave.com"
210.172.27.221 - - [04/Feb/2016:23:38:41 -0800] "GET /images/countrymap/solomon-islands.gif HTTP/1.1" 404 89 "-" "Mozilla/5.0 (Windows NT 6.1; Trident/7.0; rv:11.0) like Gecko" "www.saveaslave.com"
54.243.48.119 - - [04/Feb/2016:23:57:05 -0800] "GET /www.thaicdc.org HTTP/1.1" 404 89 "-" "Mozilla/5.0 (Windows; U; Windows NT 5.1; en-US; rv:1.9.2.8) Gecko/20100722 Firefox/3.6.8" "saveaslave.com"
65.36.241.48 - - [05/Feb/2016:00:12:43 -0800] "HEAD / HTTP/1.1" 200 0 "-" "InternetSeer.com" "www.saveaslave.com"
180.76.15.13 - - [05/Feb/2016:00:32:47 -0800] "GET /country.php?name=Fiji&lang=en HTTP/1.1" 200 64585 "-" "Mozilla/5.0 (compatible; Baiduspider/2.0; +http://www.baidu.com/search/spider.html)" "www.saveaslave.com"
157.55.39.138 - - [05/Feb/2016:00:42:51 -0800] "GET /iran.html HTTP/1.1" 404 89 "-" "msnbot-media/1.1 (+http://search.msn.com/msnbot.htm)" "www.saveaslave.com"
51.255.65.4 - - [05/Feb/2016:00:45:35 -0800] "GET / HTTP/1.1" 200 83094 "-" "Mozilla/5.0 (compatible; AhrefsBot/5.0; +http://ahrefs.com/robot/)" "www.saveaslave.com"
180.76.15.29 - - [05/Feb/2016:01:06:15 -0800] "GET /images/countrymap/?D=A HTTP/1.1" 200 108236 "-" "Mozilla/5.0 (compatible; Baiduspider/2.0; +http://www.baidu.com/search/spider.html)" "www.saveaslave.com"
23.23.242.178 - - [05/Feb/2016:01:26:04 -0800] "GET /www.americangateways.org HTTP/1.1" 404 89 "-" "Mozilla/5.0 (Windows; U; Windows NT 5.1; en-US; rv:1.9.2.8) Gecko/20100722 Firefox/3.6.8" "saveaslave.com"
157.55.39.36 - - [05/Feb/2016:01:37:18 -0800] "GET /democratic-republic-of-congo.html HTTP/1.1" 404 89 "-" "msnbot-media/1.1 (+http://search.msn.com/msnbot.htm)" "www.saveaslave.com"
180.76.15.163 - - [05/Feb/2016:01:39:46 -0800] "GET /country.php?name=Macau&lang=en HTTP/1.1" 200 64089 "-" "Mozilla/5.0 (compatible; Baiduspider/2.0; +http://www.baidu.com/search/spider.html)" "www.saveaslave.com"
51.255.65.78 - - [05/Feb/2016:01:46:51 -0800] "GET /news6.php HTTP/1.1" 200 73 "-" "Mozilla/5.0 (compatible; AhrefsBot/5.0; +http://ahrefs.com/robot/)" "www.saveaslave.com"
212.129.21.62 - - [05/Feb/2016:02:05:10 -0800] "GET / HTTP/1.1" 200 83094 "-" "Mozilla/5.0 (Windows NT 6.1) AppleWebKit/537.36 (KHTML, like Gecko) Chrome/41.0.2228.0 Safari/537.36" "saveaslave.com"
100.43.81.148 - - [05/Feb/2016:02:10:59 -0800] "GET /photos/top-1.jpg HTTP/1.1" 404 89 "-" "Mozilla/5.0 (compatible; YandexImages/3.0; +http://yandex.com/bots)" "saveaslave.com"
65.36.241.48 - - [05/Feb/2016:02:12:28 -0800] "HEAD / HTTP/1.1" 200 0 "-" "InternetSeer.com" "www.saveaslave.com"
52.20.50.57 - - [05/Feb/2016:02:17:42 -0800] "HEAD / HTTP/1.1" 200 0 "-" "-" "saveaslave.com"
157.55.39.36 - - [05/Feb/2016:02:26:31 -0800] "GET /bangladesh.html HTTP/1.1" 404 89 "-" "Mozilla/5.0 (compatible; bingbot/2.0; +http://www.bing.com/bingbot.htm)" "saveaslave.com"
180.153.201.15 - - [05/Feb/2016:02:27:32 -0800] "GET / HTTP/1.1" 200 83094 "-" "Mozilla/5.0 (Linux; U; Android 4.4.2; zh-cn; GT-I9500 Build/KOT49H) AppleWebKit/537.36 (KHTML, like Gecko)Version/4.0 MQQBrowser/5.0 QQ-URL-Manager Mobile Safari/537.36" "saveaslave.com"
23.23.242.178 - - [05/Feb/2016:02:47:30 -0800] "GET /www.council.lacity.org HTTP/1.1" 404 89 "-" "Mozilla/5.0 (Windows; U; Windows NT 5.1; en-US; rv:1.9.2.8) Gecko/20100722 Firefox/3.6.8" "saveaslave.com"
157.55.39.36 - - [05/Feb/2016:03:06:40 -0800] "GET /kenya HTTP/1.1" 404 89 "-" "Mozilla/5.0 (compatible; bingbot/2.0; +http://www.bing.com/bingbot.htm)" "saveaslave.com"
23.23.242.178 - - [05/Feb/2016:03:09:23 -0800] "GET /coalition-members-cast-l HTTP/1.1" 404 89 "-" "Mozilla/5.0 (Windows; U; Windows NT 5.1; en-US; rv:1.9.2.8) Gecko/20100722 Firefox/3.6.8" "www.saveaslave.com"
51.255.65.7 - - [05/Feb/2016:03:19:04 -0800] "GET /www.ncjla.org HTTP/1.1" 404 89 "-" "Mozilla/5.0 (compatible; AhrefsBot/5.0; +http://ahrefs.com/robot/)" "saveaslave.com"
54.243.48.119 - - [05/Feb/2016:03:24:26 -0800] "GET /www.covenanthouse.org HTTP/1.1" 404 89 "-" "Mozilla/5.0 (Windows; U; Windows NT 5.1; en-US; rv:1.9.2.8) Gecko/20100722 Firefox/3.6.8" "saveaslave.com"
23.23.242.178 - - [05/Feb/2016:03:39:29 -0800] "GET /www.migrante.com.mx HTTP/1.1" 404 89 "-" "Mozilla/5.0 (Windows; U; Windows NT 5.1; en-US; rv:1.9.2.8) Gecko/20100722 Firefox/3.6.8" "saveaslave.com"
89.207.213.120 - - [05/Feb/2016:03:43:51 -0800] "GET /images/countrymap/solomon-islands.gif HTTP/1.1" 404 89 "-" "Mozilla/5.0 (compatible; MSIE 10.0; Windows NT 6.1; Trident/6.0)" "www.saveaslave.com"
180.76.15.11 - - [05/Feb/2016:03:48:09 -0800] "GET /addlink.php?page=botswana.html HTTP/1.1" 200 12523 "-" "Mozilla/5.0 (compatible; Baiduspider/2.0; +http://www.baidu.com/search/spider.html)" "www.saveaslave.com"
54.243.48.119 - - [05/Feb/2016:03:54:33 -0800] "GET /www.immigrantjustice.org HTTP/1.1" 404 89 "-" "Mozilla/5.0 (Windows; U; Windows NT 5.1; en-US; rv:1.9.2.8) Gecko/20100722 Firefox/3.6.8" "saveaslave.com"
141.8.143.182 - - [05/Feb/2016:04:06:55 -0800] "GET /images/supporters/logo_atest.png HTTP/1.1" 200 12676 "-" "Mozilla/5.0 (compatible; YandexImages/3.0; +http://yandex.com/bots)" "saveaslave.com"
54.243.48.119 - - [05/Feb/2016:04:09:36 -0800] "GET /www.dss.ca.gov HTTP/1.1" 404 89 "-" "Mozilla/5.0 (Windows; U; Windows NT 5.1; en-US; rv:1.9.2.8) Gecko/20100722 Firefox/3.6.8" "saveaslave.com"
54.243.48.119 - - [05/Feb/2016:04:24:39 -0800] "GET /www.carecen-la.org HTTP/1.1" 404 89 "-" "Mozilla/5.0 (Windows; U; Windows NT 5.1; en-US; rv:1.9.2.8) Gecko/20100722 Firefox/3.6.8" "saveaslave.com"
111.206.36.139 - - [05/Feb/2016:04:29:09 -0800] "GET /georgia.html HTTP/1.1" 404 89 "-" "Mozilla/5.0 (Windows NT 5.1; rv:6.0.2) Gecko/20100101 Firefox/6.0.2" "www.saveaslave.com"
54.243.48.119 - - [05/Feb/2016:04:39:41 -0800] "GET /www.peaceoverviolence.org HTTP/1.1" 404 89 "-" "Mozilla/5.0 (Windows; U; Windows NT 5.1; en-US; rv:1.9.2.8) Gecko/20100722 Firefox/3.6.8" "saveaslave.com"
69.30.203.166 - - [05/Feb/2016:05:04:22 -0800] "GET /robots.txt HTTP/1.1" 200 48 "-" "Mozilla/5.0 (compatible; MJ12bot/v1.4.5; http://www.majestic12.co.uk/bot.php?+)" "saveaslave.com"
23.23.242.178 - - [05/Feb/2016:05:09:49 -0800] "GET /www.css.co.la.ca.us HTTP/1.1" 404 89 "-" "Mozilla/5.0 (Windows; U; Windows NT 5.1; en-US; rv:1.9.2.8) Gecko/20100722 Firefox/3.6.8" "saveaslave.com"
144.76.61.21 - - [05/Feb/2016:05:10:28 -0800] "GET /in-russian.php HTTP/1.1" 200 104981 "-" "Mozilla/5.0 (compatible; MJ12bot/v1.4.5; http://www.majestic12.co.uk/bot.php?+)" "saveaslave.com"
144.76.61.21 - - [05/Feb/2016:05:10:30 -0800] "GET /index.php HTTP/1.1" 200 83094 "-" "Mozilla/5.0 (compatible; MJ12bot/v1.4.5; http://www.majestic12.co.uk/bot.php?+)" "saveaslave.com"
144.76.61.21 - - [05/Feb/2016:05:10:33 -0800] "GET /our-supporters.php HTTP/1.1" 200 54987 "-" "Mozilla/5.0 (compatible; MJ12bot/v1.4.5; http://www.majestic12.co.uk/bot.php?+)" "saveaslave.com"
37.115.191.179 - - [05/Feb/2016:05:27:51 -0800] "GET / HTTP/1.1" 200 83022 "http://kazan.xrus.org/" "Mozilla/5.0 (Windows NT 5.1; U; en) Opera 8.00" "www.saveaslave.com"
37.115.191.179 - - [05/Feb/2016:05:27:51 -0800] "GET / HTTP/1.1" 200 83022 "http://kazan.xrus.org/" "Mozilla/5.0 (Windows NT 5.1; U; en) Opera 8.00" "www.saveaslave.com"
37.115.191.179 - - [05/Feb/2016:05:27:52 -0800] "GET / HTTP/1.1" 200 83022 "http://kazan.xrus.org/" "Mozilla/5.0 (Windows NT 5.1; U; en) Opera 8.00" "www.saveaslave.com"
23.23.242.178 - - [05/Feb/2016:05:39:56 -0800] "GET /www.kiwa.org HTTP/1.1" 404 89 "-" "Mozilla/5.0 (Windows; U; Windows NT 5.1; en-US; rv:1.9.2.8) Gecko/20100722 Firefox/3.6.8" "saveaslave.com"
213.205.233.152 - - [05/Feb/2016:05:51:36 -0800] "GET /css/style-pages.css HTTP/1.1" 200 9894 "http://www.saveaslave.com/" "Mozilla/5.0 (iPhone; CPU iPhone OS 7_1_2 like Mac OS X) AppleWebKit/537.51.2 (KHTML, like Gecko) Version/7.0 Mobile/11D257 Safari/9537.53" "www.saveaslave.com"
213.205.233.152 - - [05/Feb/2016:05:51:37 -0800] "GET /css/elements.css HTTP/1.1" 200 17857 "http://www.saveaslave.com/" "Mozilla/5.0 (iPhone; CPU iPhone OS 7_1_2 like Mac OS X) AppleWebKit/537.51.2 (KHTML, like Gecko) Version/7.0 Mobile/11D257 Safari/9537.53" "www.saveaslave.com"
213.205.232.24 - - [05/Feb/2016:05:51:37 -0800] "GET /gajaxscroller.js HTTP/1.1" 200 9774 "http://www.saveaslave.com/" "Mozilla/5.0 (iPhone; CPU iPhone OS 7_1_2 like Mac OS X) AppleWebKit/537.51.2 (KHTML, like Gecko) Version/7.0 Mobile/11D257 Safari/9537.53" "www.saveaslave.com"
213.205.232.24 - - [05/Feb/2016:05:51:38 -0800] "GET /assets/js/ie10-viewport-bug-workaround.js HTTP/1.1" 200 641 "http://www.saveaslave.com/" "Mozilla/5.0 (iPhone; CPU iPhone OS 7_1_2 like Mac OS X) AppleWebKit/537.51.2 (KHTML, like Gecko) Version/7.0 Mobile/11D257 Safari/9537.53" "www.saveaslave.com"
213.205.232.24 - - [05/Feb/2016:05:51:38 -0800] "GET /images/logo2.png HTTP/1.1" 200 18525 "http://www.saveaslave.com/" "Mozilla/5.0 (iPhone; CPU iPhone OS 7_1_2 like Mac OS X) AppleWebKit/537.51.2 (KHTML, like Gecko) Version/7.0 Mobile/11D257 Safari/9537.53" "www.saveaslave.com"
213.205.233.152 - - [05/Feb/2016:05:51:38 -0800] "GET /images/article/suspects.jpg HTTP/1.1" 200 58796 "http://www.saveaslave.com/" "Mozilla/5.0 (iPhone; CPU iPhone OS 7_1_2 like Mac OS X) AppleWebKit/537.51.2 (KHTML, like Gecko) Version/7.0 Mobile/11D257 Safari/9537.53" "www.saveaslave.com"
213.205.232.24 - - [05/Feb/2016:05:51:38 -0800] "GET /images/top.jpg HTTP/1.1" 200 50519 "http://www.saveaslave.com/" "Mozilla/5.0 (iPhone; CPU iPhone OS 7_1_2 like Mac OS X) AppleWebKit/537.51.2 (KHTML, like Gecko) Version/7.0 Mobile/11D257 Safari/9537.53" "www.saveaslave.com"
213.205.232.24 - - [05/Feb/2016:05:51:38 -0800] "GET /images/article/2239.jpg HTTP/1.1" 200 89745 "http://www.saveaslave.com/" "Mozilla/5.0 (iPhone; CPU iPhone OS 7_1_2 like Mac OS X) AppleWebKit/537.51.2 (KHTML, like Gecko) Version/7.0 Mobile/11D257 Safari/9537.53" "www.saveaslave.com"
213.205.233.152 - - [05/Feb/2016:05:51:42 -0800] "GET /images/social2.png HTTP/1.1" 200 1752 "http://www.saveaslave.com/" "Mozilla/5.0 (iPhone; CPU iPhone OS 7_1_2 like Mac OS X) AppleWebKit/537.51.2 (KHTML, like Gecko) Version/7.0 Mobile/11D257 Safari/9537.53" "www.saveaslave.com"
213.205.232.24 - - [05/Feb/2016:05:51:45 -0800] "GET /indicator.gif HTTP/1.1" 200 878 "http://www.saveaslave.com/" "Mozilla/5.0 (iPhone; CPU iPhone OS 7_1_2 like Mac OS X) AppleWebKit/537.51.2 (KHTML, like Gecko) Version/7.0 Mobile/11D257 Safari/9537.53" "www.saveaslave.com"
66.249.83.215 - - [05/Feb/2016:05:54:42 -0800] "GET / HTTP/1.1" 200 83094 "-" "Mozilla/5.0 (Windows NT 6.1; rv:6.0) Gecko/20110814 Firefox/6.0 Google Favicon" "www.saveaslave.com"
66.249.83.182 - - [05/Feb/2016:05:54:42 -0800] "GET /favicon.ico HTTP/1.1" 404 89 "-" "Mozilla/5.0 (Windows NT 6.1; rv:6.0) Gecko/20110814 Firefox/6.0 Google Favicon" "www.saveaslave.com"
54.243.48.119 - - [05/Feb/2016:05:54:59 -0800] "GET /www.eastwestplayers.org HTTP/1.1" 404 89 "-" "Mozilla/5.0 (Windows; U; Windows NT 5.1; en-US; rv:1.9.2.8) Gecko/20100722 Firefox/3.6.8" "saveaslave.com"
66.220.156.115 - - [05/Feb/2016:05:58:46 -0800] "GET /images/social1.png HTTP/1.1" 200 2012 "-" "facebookexternalhit/1.1 (+http://www.facebook.com/externalhit_uatext.php)" "saveaslave.com"
100.43.91.2 - - [05/Feb/2016:06:02:57 -0800] "GET /images/supporters/fpo-logo.gif HTTP/1.1" 200 3097 "-" "Mozilla/5.0 (compatible; YandexImages/3.0; +http://yandex.com/bots)" "saveaslave.com"
23.23.242.178 - - [05/Feb/2016:06:10:03 -0800] "GET /www.paralosninos.org HTTP/1.1" 404 89 "-" "Mozilla/5.0 (Windows; U; Windows NT 5.1; en-US; rv:1.9.2.8) Gecko/20100722 Firefox/3.6.8" "saveaslave.com"
123.125.71.60 - - [05/Feb/2016:06:14:52 -0800] "GET /robots.txt HTTP/1.1" 200 48 "-" "Mozilla/5.0 (Windows NT 5.1; rv:6.0.2) Gecko/20100101 Firefox/6.0.2" "saveaslave.com"
23.23.242.178 - - [05/Feb/2016:06:25:06 -0800] "GET /www.museumoftolerance.com HTTP/1.1" 404 89 "-" "Mozilla/5.0 (Windows; U; Windows NT 5.1; en-US; rv:1.9.2.8) Gecko/20100722 Firefox/3.6.8" "saveaslave.com"
54.243.48.119 - - [05/Feb/2016:06:40:09 -0800] "GET /www.igc.org HTTP/1.1" 404 89 "-" "Mozilla/5.0 (Windows; U; Windows NT 5.1; en-US; rv:1.9.2.8) Gecko/20100722 Firefox/3.6.8" "saveaslave.com"
178.255.215.78 - - [05/Feb/2016:06:57:07 -0800] "GET /robots.txt HTTP/1.1" 200 48 "-" "Mozilla/5.0 (compatible; Exabot/3.0; +http://www.exabot.com/go/robot)" "www.saveaslave.com"
157.55.39.138 - - [05/Feb/2016:07:10:00 -0800] "GET /australia.html HTTP/1.1" 404 89 "-" "msnbot-media/1.1 (+http://search.msn.com/msnbot.htm)" "www.saveaslave.com"
23.23.242.178 - - [05/Feb/2016:07:10:16 -0800] "GET /www.ayuda.com HTTP/1.1" 404 89 "-" "Mozilla/5.0 (Windows; U; Windows NT 5.1; en-US; rv:1.9.2.8) Gecko/20100722 Firefox/3.6.8" "saveaslave.com"
54.243.48.119 - - [05/Feb/2016:07:25:20 -0800] "GET /www.cpaf.org HTTP/1.1" 404 89 "-" "Mozilla/5.0 (Windows; U; Windows NT 5.1; en-US; rv:1.9.2.8) Gecko/20100722 Firefox/3.6.8" "saveaslave.com"
54.243.48.119 - - [05/Feb/2016:07:40:23 -0800] "GET /www.cliniclegal.org HTTP/1.1" 404 89 "-" "Mozilla/5.0 (Windows; U; Windows NT 5.1; en-US; rv:1.9.2.8) Gecko/20100722 Firefox/3.6.8" "saveaslave.com"
141.8.143.151 - - [05/Feb/2016:07:48:55 -0800] "GET /images/supporters/logo_endslaverynow.png HTTP/1.1" 200 27566 "-" "Mozilla/5.0 (compatible; YandexImages/3.0; +http://yandex.com/bots)" "saveaslave.com"
51.255.65.66 - - [05/Feb/2016:07:52:21 -0800] "GET /wake-island.html HTTP/1.1" 404 89 "-" "Mozilla/5.0 (compatible; AhrefsBot/5.0; +http://ahrefs.com/robot/)" "saveaslave.com"
69.174.87.28 - - [05/Feb/2016:08:08:31 -0800] "GET /images/cover1.jpg HTTP/1.1" 200 253658 "https://www.google.com/" "Mozilla/5.0 (Windows NT 6.1; WOW64) AppleWebKit/537.36 (KHTML, like Gecko) Chrome/48.0.2564.97 Safari/537.36" "www.saveaslave.com"
69.174.87.28 - - [05/Feb/2016:08:09:02 -0800] "GET /images/cover1.jpg HTTP/1.1" 200 253658 "https://www.google.com/" "Mozilla/5.0 (Windows NT 6.1; WOW64) AppleWebKit/537.36 (KHTML, like Gecko) Chrome/48.0.2564.97 Safari/537.36" "www.saveaslave.com"
23.23.242.178 - - [05/Feb/2016:08:10:30 -0800] "GET /www.iibuff.org HTTP/1.1" 404 89 "-" "Mozilla/5.0 (Windows; U; Windows NT 5.1; en-US; rv:1.9.2.8) Gecko/20100722 Firefox/3.6.8" "saveaslave.com"
69.174.87.28 - - [05/Feb/2016:08:13:16 -0800] "GET /images/top.jpg HTTP/1.1" 200 50519 "https://www.google.com/" "Mozilla/5.0 (Windows NT 6.1; WOW64) AppleWebKit/537.36 (KHTML, like Gecko) Chrome/48.0.2564.97 Safari/537.36" "www.saveaslave.com"
199.16.156.126 - - [05/Feb/2016:08:19:44 -0800] "GET /robots.txt HTTP/1.1" 200 48 "-" "Twitterbot/1.0" "saveaslave.com"
172.93.97.26 - - [05/Feb/2016:08:58:42 -0800] "GET /atom.xml HTTP/1.1" 404 89 "-" "Mozilla/5.0 (Macintosh; Intel Mac OS X 10_10_2) AppleWebKit/537.36 (KHTML, like Gecko) Chrome/41.0.2272.118 Safari/537.36" "saveaslave.com"
172.93.97.26 - - [05/Feb/2016:08:58:42 -0800] "GET /rss.xml HTTP/1.1" 404 89 "-" "Mozilla/5.0 (Macintosh; Intel Mac OS X 10_10_2) AppleWebKit/537.36 (KHTML, like Gecko) Chrome/41.0.2272.118 Safari/537.36" "saveaslave.com"
172.93.97.26 - - [05/Feb/2016:08:58:42 -0800] "GET /rss HTTP/1.1" 404 89 "-" "Mozilla/5.0 (Macintosh; Intel Mac OS X 10_10_2) AppleWebKit/537.36 (KHTML, like Gecko) Chrome/41.0.2272.118 Safari/537.36" "saveaslave.com"
172.93.97.26 - - [05/Feb/2016:08:58:42 -0800] "GET /blogs/feed HTTP/1.1" 404 89 "-" "Mozilla/5.0 (Macintosh; Intel Mac OS X 10_10_2) AppleWebKit/537.36 (KHTML, like Gecko) Chrome/41.0.2272.118 Safari/537.36" "saveaslave.com"
172.93.97.26 - - [05/Feb/2016:08:58:42 -0800] "GET /feed/feed HTTP/1.1" 404 89 "-" "Mozilla/5.0 (Macintosh; Intel Mac OS X 10_10_2) AppleWebKit/537.36 (KHTML, like Gecko) Chrome/41.0.2272.118 Safari/537.36" "saveaslave.com"
172.93.97.26 - - [05/Feb/2016:08:58:43 -0800] "GET /sitemap.xml.gz HTTP/1.1" 404 89 "-" "Mozilla/5.0 (Macintosh; Intel Mac OS X 10_10_2) AppleWebKit/537.36 (KHTML, like Gecko) Chrome/41.0.2272.118 Safari/537.36" "saveaslave.com"
107.167.106.218 - - [05/Feb/2016:08:59:56 -0800] "GET /favicon.ico HTTP/1.1" 404 89 "http://www.saveaslave.com/" "Opera/9.80 (Android; Opera Mini/12.0.1987/37.7751; U; en) Presto/2.12.423 Version/12.16" "www.saveaslave.com"
107.167.106.218 - - [05/Feb/2016:08:59:56 -0800] "GET /assets/js/ie-emulation-modes-warning.js HTTP/1.1" 200 2130 "http://www.saveaslave.com/" "Opera/9.80 (Android; Opera Mini/12.0.1987/37.7751; U; en) Presto/2.12.423 Version/12.16" "www.saveaslave.com"
107.167.106.218 - - [05/Feb/2016:08:59:57 -0800] "GET /images/logo2.png HTTP/1.1" 200 18525 "http://www.saveaslave.com/" "Opera/9.80 (Android; Opera Mini/12.0.1987/37.7751; U; en) Presto/2.12.423 Version/12.16" "www.saveaslave.com"
107.167.106.218 - - [05/Feb/2016:08:59:57 -0800] "GET /images/article/Cast-Logo-Print.png HTTP/1.1" 200 21398 "http://www.saveaslave.com/" "Opera/9.80 (Android; Opera Mini/12.0.1987/37.7751; U; en) Presto/2.12.423 Version/12.16" "www.saveaslave.com"
107.167.106.218 - - [05/Feb/2016:08:59:57 -0800] "GET /indicator.gif HTTP/1.1" 200 878 "http://www.saveaslave.com/" "Opera/9.80 (Android; Opera Mini/12.0.1987/37.7751; U; en) Presto/2.12.423 Version/12.16" "www.saveaslave.com"
107.167.106.218 - - [05/Feb/2016:08:59:58 -0800] "GET /js/bootstrap.min.js HTTP/1.1" 200 37055 "http://www.saveaslave.com/" "Opera/9.80 (Android; Opera Mini/12.0.1987/37.7751; U; en) Presto/2.12.423 Version/12.16" "www.saveaslave.com"
180.76.15.151 - - [05/Feb/2016:09:12:22 -0800] "GET /turkey.html HTTP/1.1" 404 89 "-" "Mozilla/5.0 (compatible; Baiduspider/2.0; +http://www.baidu.com/search/spider.html)" "www.saveaslave.com"
157.55.39.90 - - [05/Feb/2016:09:17:07 -0800] "GET /classifieds HTTP/1.1" 404 89 "-" "msnbot-media/1.1 (+http://search.msn.com/msnbot.htm)" "www.saveaslave.com"
157.55.39.90 - - [05/Feb/2016:09:21:13 -0800] "GET /ghana.html HTTP/1.1" 404 89 "-" "msnbot-media/1.1 (+http://search.msn.com/msnbot.htm)" "www.saveaslave.com"
66.249.66.54 - - [05/Feb/2016:09:22:13 -0800] "GET /israel HTTP/1.1" 404 89 "-" "Mozilla/5.0 (compatible; Googlebot/2.1; +http://www.google.com/bot.html)" "www.saveaslave.com"
23.23.242.178 - - [05/Feb/2016:09:25:36 -0800] "GET /www.layn.org HTTP/1.1" 404 89 "-" "Mozilla/5.0 (Windows; U; Windows NT 5.1; en-US; rv:1.9.2.8) Gecko/20100722 Firefox/3.6.8" "saveaslave.com"
157.55.39.9 - - [05/Feb/2016:09:28:18 -0800] "GET /kiribati.html HTTP/1.1" 404 89 "-" "msnbot-media/1.1 (+http://search.msn.com/msnbot.htm)" "www.saveaslave.com"
54.243.48.119 - - [05/Feb/2016:09:40:55 -0800] "GET /www.lacity.org HTTP/1.1" 404 89 "-" "Mozilla/5.0 (Windows; U; Windows NT 5.1; en-US; rv:1.9.2.8) Gecko/20100722 Firefox/3.6.8" "saveaslave.com"
23.23.242.178 - - [05/Feb/2016:09:55:42 -0800] "GET /www.breakthechaincampaign.org HTTP/1.1" 404 89 "-" "Mozilla/5.0 (Windows; U; Windows NT 5.1; en-US; rv:1.9.2.8) Gecko/20100722 Firefox/3.6.8" "saveaslave.com"
51.255.65.6 - - [05/Feb/2016:09:57:16 -0800] "GET /azkaban2.html HTTP/1.1" 404 89 "-" "Mozilla/5.0 (compatible; AhrefsBot/5.0; +http://ahrefs.com/robot/)" "saveaslave.com"
178.255.87.242 - - [05/Feb/2016:09:58:30 -0800] "HEAD /robots.txt HTTP/1.1" 200 0 "-" "COMODO SSL Checker" "saveaslave.com"
104.162.222.65 - - [05/Feb/2016:10:05:09 -0800] "GET /css/bootstrap.min.css HTTP/1.1" 200 123578 "http://saveaslave.com/" "Mozilla/5.0 (Windows NT 10.0; WOW64) AppleWebKit/537.36 (KHTML, like Gecko) Chrome/48.0.2564.97 Safari/537.36" "saveaslave.com"
104.162.222.65 - - [05/Feb/2016:10:05:09 -0800] "GET /css/style.css HTTP/1.1" 200 7938 "http://saveaslave.com/" "Mozilla/5.0 (Windows NT 10.0; WOW64) AppleWebKit/537.36 (KHTML, like Gecko) Chrome/48.0.2564.97 Safari/537.36" "saveaslave.com"
104.162.222.65 - - [05/Feb/2016:10:05:09 -0800] "GET /assets/js/ie-emulation-modes-warning.js HTTP/1.1" 200 2130 "http://saveaslave.com/" "Mozilla/5.0 (Windows NT 10.0; WOW64) AppleWebKit/537.36 (KHTML, like Gecko) Chrome/48.0.2564.97 Safari/537.36" "saveaslave.com"
104.162.222.65 - - [05/Feb/2016:10:05:09 -0800] "GET /css/elements.css HTTP/1.1" 200 17857 "http://saveaslave.com/" "Mozilla/5.0 (Windows NT 10.0; WOW64) AppleWebKit/537.36 (KHTML, like Gecko) Chrome/48.0.2564.97 Safari/537.36" "saveaslave.com"
104.162.222.65 - - [05/Feb/2016:10:05:09 -0800] "GET /css/style-pages.css HTTP/1.1" 200 9894 "http://saveaslave.com/" "Mozilla/5.0 (Windows NT 10.0; WOW64) AppleWebKit/537.36 (KHTML, like Gecko) Chrome/48.0.2564.97 Safari/537.36" "saveaslave.com"
104.162.222.65 - - [05/Feb/2016:10:05:09 -0800] "GET /images/logo2.png HTTP/1.1" 200 18525 "http://saveaslave.com/" "Mozilla/5.0 (Windows NT 10.0; WOW64) AppleWebKit/537.36 (KHTML, like Gecko) Chrome/48.0.2564.97 Safari/537.36" "saveaslave.com"
104.162.222.65 - - [05/Feb/2016:10:05:10 -0800] "GET /images/article/suspects.jpg HTTP/1.1" 200 58796 "http://saveaslave.com/" "Mozilla/5.0 (Windows NT 10.0; WOW64) AppleWebKit/537.36 (KHTML, like Gecko) Chrome/48.0.2564.97 Safari/537.36" "saveaslave.com"
104.162.222.65 - - [05/Feb/2016:10:05:10 -0800] "GET /images/article/article8a.jpg HTTP/1.1" 200 11299 "http://saveaslave.com/" "Mozilla/5.0 (Windows NT 10.0; WOW64) AppleWebKit/537.36 (KHTML, like Gecko) Chrome/48.0.2564.97 Safari/537.36" "saveaslave.com"
104.162.222.65 - - [05/Feb/2016:10:05:10 -0800] "GET /images/article/Cast-Logo-Print.png HTTP/1.1" 200 21398 "http://saveaslave.com/" "Mozilla/5.0 (Windows NT 10.0; WOW64) AppleWebKit/537.36 (KHTML, like Gecko) Chrome/48.0.2564.97 Safari/537.36" "saveaslave.com"
104.162.222.65 - - [05/Feb/2016:10:05:10 -0800] "GET /images/article/2239.jpg HTTP/1.1" 200 89745 "http://saveaslave.com/" "Mozilla/5.0 (Windows NT 10.0; WOW64) AppleWebKit/537.36 (KHTML, like Gecko) Chrome/48.0.2564.97 Safari/537.36" "saveaslave.com"
104.162.222.65 - - [05/Feb/2016:10:05:10 -0800] "GET /images/top.jpg HTTP/1.1" 200 50519 "http://saveaslave.com/" "Mozilla/5.0 (Windows NT 10.0; WOW64) AppleWebKit/537.36 (KHTML, like Gecko) Chrome/48.0.2564.97 Safari/537.36" "saveaslave.com"
104.162.222.65 - - [05/Feb/2016:10:05:10 -0800] "GET /images/cover1.jpg HTTP/1.1" 200 253658 "http://saveaslave.com/" "Mozilla/5.0 (Windows NT 10.0; WOW64) AppleWebKit/537.36 (KHTML, like Gecko) Chrome/48.0.2564.97 Safari/537.36" "saveaslave.com"
104.162.222.65 - - [05/Feb/2016:10:05:10 -0800] "GET /images/social2.png HTTP/1.1" 200 1752 "http://saveaslave.com/" "Mozilla/5.0 (Windows NT 10.0; WOW64) AppleWebKit/537.36 (KHTML, like Gecko) Chrome/48.0.2564.97 Safari/537.36" "saveaslave.com"
104.162.222.65 - - [05/Feb/2016:10:05:10 -0800] "GET /images/social3.png HTTP/1.1" 200 4343 "http://saveaslave.com/" "Mozilla/5.0 (Windows NT 10.0; WOW64) AppleWebKit/537.36 (KHTML, like Gecko) Chrome/48.0.2564.97 Safari/537.36" "saveaslave.com"
104.162.222.65 - - [05/Feb/2016:10:05:10 -0800] "GET /images/select-arrow.png HTTP/1.1" 200 1118 "http://saveaslave.com/css/style.css" "Mozilla/5.0 (Windows NT 10.0; WOW64) AppleWebKit/537.36 (KHTML, like Gecko) Chrome/48.0.2564.97 Safari/537.36" "saveaslave.com"
104.162.222.65 - - [05/Feb/2016:10:05:10 -0800] "GET /indicator.gif HTTP/1.1" 200 878 "http://saveaslave.com/" "Mozilla/5.0 (Windows NT 10.0; WOW64) AppleWebKit/537.36 (KHTML, like Gecko) Chrome/48.0.2564.97 Safari/537.36" "saveaslave.com"
104.162.222.65 - - [05/Feb/2016:10:05:10 -0800] "GET /css/down-arrow.png HTTP/1.1" 404 89 "http://saveaslave.com/css/elements.css" "Mozilla/5.0 (Windows NT 10.0; WOW64) AppleWebKit/537.36 (KHTML, like Gecko) Chrome/48.0.2564.97 Safari/537.36" "saveaslave.com"
104.162.222.65 - - [05/Feb/2016:10:05:13 -0800] "GET /favicon.ico HTTP/1.1" 404 89 "http://saveaslave.com/" "Mozilla/5.0 (Windows NT 10.0; WOW64) AppleWebKit/537.36 (KHTML, like Gecko) Chrome/48.0.2564.97 Safari/537.36" "saveaslave.com"
104.162.222.65 - - [05/Feb/2016:10:05:13 -0800] "GET /ico/favicon-16x16.png HTTP/1.1" 200 1129 "http://saveaslave.com/" "Mozilla/5.0 (Windows NT 10.0; WOW64) AppleWebKit/537.36 (KHTML, like Gecko) Chrome/48.0.2564.97 Safari/537.36" "saveaslave.com"
104.162.222.65 - - [05/Feb/2016:10:05:52 -0800] "GET / HTTP/1.1" 200 83094 "http://saveaslave.com/" "Mozilla/5.0 (Windows NT 10.0; WOW64) AppleWebKit/537.36 (KHTML, like Gecko) Chrome/48.0.2564.97 Safari/537.36" "saveaslave.com"
104.162.222.65 - - [05/Feb/2016:10:05:52 -0800] "GET /css/down-arrow.png HTTP/1.1" 404 89 "http://saveaslave.com/css/elements.css" "Mozilla/5.0 (Windows NT 10.0; WOW64) AppleWebKit/537.36 (KHTML, like Gecko) Chrome/48.0.2564.97 Safari/537.36" "saveaslave.com"
104.162.222.65 - - [05/Feb/2016:10:05:54 -0800] "GET /our-supporters.php HTTP/1.1" 200 54987 "http://saveaslave.com/" "Mozilla/5.0 (Windows NT 10.0; WOW64) AppleWebKit/537.36 (KHTML, like Gecko) Chrome/48.0.2564.97 Safari/537.36" "saveaslave.com"
104.162.222.65 - - [05/Feb/2016:10:05:54 -0800] "GET /images/supporters/anti-slavery.gif HTTP/1.1" 200 4774 "http://saveaslave.com/our-supporters.php" "Mozilla/5.0 (Windows NT 10.0; WOW64) AppleWebKit/537.36 (KHTML, like Gecko) Chrome/48.0.2564.97 Safari/537.36" "saveaslave.com"
104.162.222.65 - - [05/Feb/2016:10:05:54 -0800] "GET /images/supporters/Free-the-Slaves.png HTTP/1.1" 200 9388 "http://saveaslave.com/our-supporters.php" "Mozilla/5.0 (Windows NT 10.0; WOW64) AppleWebKit/537.36 (KHTML, like Gecko) Chrome/48.0.2564.97 Safari/537.36" "saveaslave.com"
104.162.222.65 - - [05/Feb/2016:10:05:54 -0800] "GET /images/supporters/hulogo.png HTTP/1.1" 200 8497 "http://saveaslave.com/our-supporters.php" "Mozilla/5.0 (Windows NT 10.0; WOW64) AppleWebKit/537.36 (KHTML, like Gecko) Chrome/48.0.2564.97 Safari/537.36" "saveaslave.com"
104.162.222.65 - - [05/Feb/2016:10:05:54 -0800] "GET /images/supporters/rescue.png HTTP/1.1" 200 9148 "http://saveaslave.com/our-supporters.php" "Mozilla/5.0 (Windows NT 10.0; WOW64) AppleWebKit/537.36 (KHTML, like Gecko) Chrome/48.0.2564.97 Safari/537.36" "saveaslave.com"
104.162.222.65 - - [05/Feb/2016:10:05:54 -0800] "GET /images/supporters/END.png HTTP/1.1" 200 42129 "http://saveaslave.com/our-supporters.php" "Mozilla/5.0 (Windows NT 10.0; WOW64) AppleWebKit/537.36 (KHTML, like Gecko) Chrome/48.0.2564.97 Safari/537.36" "saveaslave.com"
104.162.222.65 - - [05/Feb/2016:10:05:54 -0800] "GET /images/supporters/wif_logo.jpg HTTP/1.1" 200 13227 "http://saveaslave.com/our-supporters.php" "Mozilla/5.0 (Windows NT 10.0; WOW64) AppleWebKit/537.36 (KHTML, like Gecko) Chrome/48.0.2564.97 Safari/537.36" "saveaslave.com"
104.162.222.65 - - [05/Feb/2016:10:05:54 -0800] "GET /images/supporters/a21-logo.png HTTP/1.1" 200 6163 "http://saveaslave.com/our-supporters.php" "Mozilla/5.0 (Windows NT 10.0; WOW64) AppleWebKit/537.36 (KHTML, like Gecko) Chrome/48.0.2564.97 Safari/537.36" "saveaslave.com"
104.162.222.65 - - [05/Feb/2016:10:05:54 -0800] "GET /images/supporters/logo_atest.png HTTP/1.1" 200 12676 "http://saveaslave.com/our-supporters.php" "Mozilla/5.0 (Windows NT 10.0; WOW64) AppleWebKit/537.36 (KHTML, like Gecko) Chrome/48.0.2564.97 Safari/537.36" "saveaslave.com"
104.162.222.65 - - [05/Feb/2016:10:05:54 -0800] "GET /images/supporters/world-vision.jpg HTTP/1.1" 200 3302 "http://saveaslave.com/our-supporters.php" "Mozilla/5.0 (Windows NT 10.0; WOW64) AppleWebKit/537.36 (KHTML, like Gecko) Chrome/48.0.2564.97 Safari/537.36" "saveaslave.com"
104.162.222.65 - - [05/Feb/2016:10:05:54 -0800] "GET /images/supporters/cocoa.png HTTP/1.1" 200 19753 "http://saveaslave.com/our-supporters.php" "Mozilla/5.0 (Windows NT 10.0; WOW64) AppleWebKit/537.36 (KHTML, like Gecko) Chrome/48.0.2564.97 Safari/537.36" "saveaslave.com"
104.162.222.65 - - [05/Feb/2016:10:05:54 -0800] "GET /images/supporters/sharehope.png HTTP/1.1" 200 6261 "http://saveaslave.com/our-supporters.php" "Mozilla/5.0 (Windows NT 10.0; WOW64) AppleWebKit/537.36 (KHTML, like Gecko) Chrome/48.0.2564.97 Safari/537.36" "saveaslave.com"
104.162.222.65 - - [05/Feb/2016:10:05:54 -0800] "GET /images/supporters/fpo-logo.gif HTTP/1.1" 200 3097 "http://saveaslave.com/our-supporters.php" "Mozilla/5.0 (Windows NT 10.0; WOW64) AppleWebKit/537.36 (KHTML, like Gecko) Chrome/48.0.2564.97 Safari/537.36" "saveaslave.com"
104.162.222.65 - - [05/Feb/2016:10:05:54 -0800] "GET /images/supporters/children-on-the%20edge.png HTTP/1.1" 200 9509 "http://saveaslave.com/our-supporters.php" "Mozilla/5.0 (Windows NT 10.0; WOW64) AppleWebKit/537.36 (KHTML, like Gecko) Chrome/48.0.2564.97 Safari/537.36" "saveaslave.com"
104.162.222.65 - - [05/Feb/2016:10:05:54 -0800] "GET /images/supporters/rescue-foundation.jpg HTTP/1.1" 200 3083 "http://saveaslave.com/our-supporters.php" "Mozilla/5.0 (Windows NT 10.0; WOW64) AppleWebKit/537.36 (KHTML, like Gecko) Chrome/48.0.2564.97 Safari/537.36" "saveaslave.com"
104.162.222.65 - - [05/Feb/2016:10:05:54 -0800] "GET /images/supporters/made-free.png HTTP/1.1" 200 5762 "http://saveaslave.com/our-supporters.php" "Mozilla/5.0 (Windows NT 10.0; WOW64) AppleWebKit/537.36 (KHTML, like Gecko) Chrome/48.0.2564.97 Safari/537.36" "saveaslave.com"
104.162.222.65 - - [05/Feb/2016:10:05:54 -0800] "GET /images/supporters/logo_header.jpg HTTP/1.1" 200 10679 "http://saveaslave.com/our-supporters.php" "Mozilla/5.0 (Windows NT 10.0; WOW64) AppleWebKit/537.36 (KHTML, like Gecko) Chrome/48.0.2564.97 Safari/537.36" "saveaslave.com"
104.162.222.65 - - [05/Feb/2016:10:05:54 -0800] "GET /images/supporters/Asset-Logo.jpg HTTP/1.1" 200 36053 "http://saveaslave.com/our-supporters.php" "Mozilla/5.0 (Windows NT 10.0; WOW64) AppleWebKit/537.36 (KHTML, like Gecko) Chrome/48.0.2564.97 Safari/537.36" "saveaslave.com"
104.162.222.65 - - [05/Feb/2016:10:05:55 -0800] "GET /images/supporters/love-logo.png HTTP/1.1" 200 6021 "http://saveaslave.com/our-supporters.php" "Mozilla/5.0 (Windows NT 10.0; WOW64) AppleWebKit/537.36 (KHTML, like Gecko) Chrome/48.0.2564.97 Safari/537.36" "saveaslave.com"
104.162.222.65 - - [05/Feb/2016:10:05:55 -0800] "GET /images/supporters/Solidarity_Center.png HTTP/1.1" 200 9296 "http://saveaslave.com/our-supporters.php" "Mozilla/5.0 (Windows NT 10.0; WOW64) AppleWebKit/537.36 (KHTML, like Gecko) Chrome/48.0.2564.97 Safari/537.36" "saveaslave.com"
104.162.222.65 - - [05/Feb/2016:10:05:55 -0800] "GET /images/supporters/ApneAap_logo.png HTTP/1.1" 200 8305 "http://saveaslave.com/our-supporters.php" "Mozilla/5.0 (Windows NT 10.0; WOW64) AppleWebKit/537.36 (KHTML, like Gecko) Chrome/48.0.2564.97 Safari/537.36" "saveaslave.com"
104.162.222.65 - - [05/Feb/2016:10:05:55 -0800] "GET /images/supporters/safe-horizon.png HTTP/1.1" 200 16608 "http://saveaslave.com/our-supporters.php" "Mozilla/5.0 (Windows NT 10.0; WOW64) AppleWebKit/537.36 (KHTML, like Gecko) Chrome/48.0.2564.97 Safari/537.36" "saveaslave.com"
104.162.222.65 - - [05/Feb/2016:10:05:55 -0800] "GET /images/supporters/maitilogo.png HTTP/1.1" 200 12792 "http://saveaslave.com/our-supporters.php" "Mozilla/5.0 (Windows NT 10.0; WOW64) AppleWebKit/537.36 (KHTML, like Gecko) Chrome/48.0.2564.97 Safari/537.36" "saveaslave.com"
104.162.222.65 - - [05/Feb/2016:10:05:55 -0800] "GET /images/supporters/movements-logo-large.png HTTP/1.1" 200 3276 "http://saveaslave.com/our-supporters.php" "Mozilla/5.0 (Windows NT 10.0; WOW64) AppleWebKit/537.36 (KHTML, like Gecko) Chrome/48.0.2564.97 Safari/537.36" "saveaslave.com"
104.162.222.65 - - [05/Feb/2016:10:05:55 -0800] "GET /images/supporters/logo_endslaverynow.png HTTP/1.1" 200 27566 "http://saveaslave.com/our-supporters.php" "Mozilla/5.0 (Windows NT 10.0; WOW64) AppleWebKit/537.36 (KHTML, like Gecko) Chrome/48.0.2564.97 Safari/537.36" "saveaslave.com"
104.162.222.65 - - [05/Feb/2016:10:05:55 -0800] "GET /images/supporters/pacific.jpg HTTP/1.1" 200 8249 "http://saveaslave.com/our-supporters.php" "Mozilla/5.0 (Windows NT 10.0; WOW64) AppleWebKit/537.36 (KHTML, like Gecko) Chrome/48.0.2564.97 Safari/537.36" "saveaslave.com"
104.162.222.65 - - [05/Feb/2016:10:05:55 -0800] "GET /images/supporters/gems.jpg HTTP/1.1" 200 5045 "http://saveaslave.com/our-supporters.php" "Mozilla/5.0 (Windows NT 10.0; WOW64) AppleWebKit/537.36 (KHTML, like Gecko) Chrome/48.0.2564.97 Safari/537.36" "saveaslave.com"
104.162.222.65 - - [05/Feb/2016:10:05:55 -0800] "GET /images/supporters/goodweave.jpg HTTP/1.1" 200 5217 "http://saveaslave.com/our-supporters.php" "Mozilla/5.0 (Windows NT 10.0; WOW64) AppleWebKit/537.36 (KHTML, like Gecko) Chrome/48.0.2564.97 Safari/537.36" "saveaslave.com"
104.162.222.65 - - [05/Feb/2016:10:05:55 -0800] "GET /images/supporters/IJM.jpg HTTP/1.1" 200 6203 "http://saveaslave.com/our-supporters.php" "Mozilla/5.0 (Windows NT 10.0; WOW64) AppleWebKit/537.36 (KHTML, like Gecko) Chrome/48.0.2564.97 Safari/537.36" "saveaslave.com"
104.162.222.65 - - [05/Feb/2016:10:05:55 -0800] "GET /images/supporters/walk-free.jpg HTTP/1.1" 200 4277 "http://saveaslave.com/our-supporters.php" "Mozilla/5.0 (Windows NT 10.0; WOW64) AppleWebKit/537.36 (KHTML, like Gecko) Chrome/48.0.2564.97 Safari/537.36" "saveaslave.com"
104.162.222.65 - - [05/Feb/2016:10:05:55 -0800] "GET /images/supporters/trucker.jpg HTTP/1.1" 200 6096 "http://saveaslave.com/our-supporters.php" "Mozilla/5.0 (Windows NT 10.0; WOW64) AppleWebKit/537.36 (KHTML, like Gecko) Chrome/48.0.2564.97 Safari/537.36" "saveaslave.com"
