207.46.13.24 - - [01/Mar/2016:12:32:49 -0800] "GET /sierra-leone.html HTTP/1.1" 404 89 "-" "Mozilla/5.0 (compatible; bingbot/2.0; +http://www.bing.com/bingbot.htm)" "saveaslave.com"
207.46.13.24 - - [01/Mar/2016:12:32:51 -0800] "GET /article.php?id=15 HTTP/1.1" 200 68849 "-" "Mozilla/5.0 (compatible; bingbot/2.0; +http://www.bing.com/bingbot.htm)" "saveaslave.com"
207.46.13.164 - - [01/Mar/2016:12:44:31 -0800] "GET /www.alexandriahouse.org HTTP/1.1" 404 89 "-" "Mozilla/5.0 (compatible; bingbot/2.0; +http://www.bing.com/bingbot.htm)" "saveaslave.com"
207.46.13.164 - - [01/Mar/2016:12:44:32 -0800] "GET /?tpl=newspaper&Itemid=6&countrycode=us HTTP/1.1" 200 100441 "-" "Mozilla/5.0 (compatible; bingbot/2.0; +http://www.bing.com/bingbot.htm)" "saveaslave.com"
157.55.39.214 - - [01/Mar/2016:12:58:56 -0800] "GET /article.php?id=21 HTTP/1.1" 200 62010 "-" "Mozilla/5.0 (compatible; bingbot/2.0; +http://www.bing.com/bingbot.htm)" "saveaslave.com"
157.55.39.214 - - [01/Mar/2016:12:58:59 -0800] "GET /?tpl=radiolist&Itemid=10&countrycode=us HTTP/1.1" 200 100441 "-" "Mozilla/5.0 (compatible; bingbot/2.0; +http://www.bing.com/bingbot.htm)" "saveaslave.com"
119.96.188.243 - - [01/Mar/2016:13:05:27 -0800] "GET / HTTP/1.1" 200 100441 "-" "Mozilla/5.0 (Windows NT 6.1; Trident/7.0; rv:11.0) like Gecko" "www.saveaslave.com"
119.96.188.243 - - [01/Mar/2016:13:06:08 -0800] "POST / HTTP/1.1" 200 87048 "http://www.saveaslave.com" "Mozilla/5.0 (Windows NT 6.1; Trident/7.0; rv:11.0) like Gecko" "www.saveaslave.com"
119.96.188.243 - - [01/Mar/2016:13:06:16 -0800] "GET / HTTP/1.1" 200 100441 "-" "Mozilla/5.0 (Windows NT 6.1; Trident/7.0; rv:11.0) like Gecko" "www.saveaslave.com"
31.13.97.96 - - [01/Mar/2016:13:19:24 -0800] "GET /images/cover1.jpg HTTP/1.1" 200 253658 "-" "facebookexternalhit/1.1 (+http://www.facebook.com/externalhit_uatext.php)" "saveaslave.com"
51.255.162.164 - - [01/Mar/2016:13:33:14 -0800] "GET /article.php?id=25 HTTP/1.1" 200 776 "-" "Mozilla/5.0 (compatible; MJ12bot/v1.4.5; http://www.majestic12.co.uk/bot.php?+)" "www.saveaslave.com"
51.255.162.164 - - [01/Mar/2016:13:33:20 -0800] "GET /news7.php HTTP/1.1" 200 73 "-" "Mozilla/5.0 (compatible; MJ12bot/v1.4.5; http://www.majestic12.co.uk/bot.php?+)" "www.saveaslave.com"
217.69.133.30 - - [01/Mar/2016:13:35:18 -0800] "GET /robots.txt HTTP/1.1" 200 48 "-" "Mozilla/5.0 (compatible; Linux x86_64; Mail.RU_Bot/2.0; +http://go.mail.ru/help/robots)" "www.saveaslave.com"
217.69.133.60 - - [01/Mar/2016:13:35:19 -0800] "GET /hong-kong.html HTTP/1.1" 404 89 "-" "Mozilla/5.0 (compatible; Linux x86_64; Mail.RU_Bot/2.0; +http://go.mail.ru/help/robots)" "saveaslave.com"
217.69.133.29 - - [01/Mar/2016:13:35:21 -0800] "GET /singapore.html HTTP/1.1" 404 89 "-" "Mozilla/5.0 (compatible; Linux x86_64; Mail.RU_Bot/2.0; +http://go.mail.ru/help/robots)" "www.saveaslave.com"
217.69.133.59 - - [01/Mar/2016:13:35:22 -0800] "GET /andorra.html HTTP/1.1" 404 89 "-" "Mozilla/5.0 (compatible; Linux x86_64; Mail.RU_Bot/2.0; +http://go.mail.ru/help/robots)" "www.saveaslave.com"
65.36.241.48 - - [01/Mar/2016:13:40:08 -0800] "HEAD / HTTP/1.1" 200 0 "-" "InternetSeer.com" "www.saveaslave.com"
69.30.234.2 - - [01/Mar/2016:13:40:18 -0800] "GET /index.php HTTP/1.1" 200 100441 "-" "Mozilla/5.0 (compatible; MJ12bot/v1.4.5; http://www.majestic12.co.uk/bot.php?+)" "www.saveaslave.com"
136.243.5.87 - - [01/Mar/2016:13:46:18 -0800] "GET /italy HTTP/1.1" 404 89 "-" "Mozilla/5.0 (compatible; MJ12bot/v1.4.5; http://www.majestic12.co.uk/bot.php?+)" "saveaslave.com"
136.243.5.87 - - [01/Mar/2016:13:46:19 -0800] "GET /robots.txt HTTP/1.1" 200 48 "-" "Mozilla/5.0 (compatible; MJ12bot/v1.4.5; http://www.majestic12.co.uk/bot.php?+)" "saveaslave.com"
54.172.16.189 - - [01/Mar/2016:14:07:59 -0800] "GET / HTTP/1.1" 200 100441 "-" "-" "saveaslave.com"
51.255.65.7 - - [01/Mar/2016:14:27:18 -0800] "GET /thailand.html HTTP/1.1" 404 89 "-" "Mozilla/5.0 (compatible; AhrefsBot/5.0; +http://ahrefs.com/robot/)" "saveaslave.com"
51.255.65.70 - - [01/Mar/2016:14:34:06 -0800] "GET /article.php?id=61 HTTP/1.1" 200 69006 "-" "Mozilla/5.0 (compatible; AhrefsBot/5.0; +http://ahrefs.com/robot/)" "saveaslave.com"
54.172.16.189 - - [01/Mar/2016:14:43:12 -0800] "GET / HTTP/1.1" 200 100441 "-" "-" "saveaslave.com"
65.36.241.48 - - [01/Mar/2016:15:04:40 -0800] "HEAD / HTTP/1.1" 200 0 "-" "InternetSeer.com" "www.saveaslave.com"
208.115.113.94 - - [01/Mar/2016:15:40:08 -0800] "GET /article.php?id=5 HTTP/1.1" 200 59231 "-" "Mozilla/5.0 (compatible; DotBot/1.1; http://www.opensiteexplorer.org/dotbot, help@moz.com)" "saveaslave.com"
62.210.148.246 - - [01/Mar/2016:15:53:49 -0800] "GET /news10r.php HTTP/1.1" 200 73 "-" "Mozilla/5.0 (compatible; MJ12bot/v1.4.5; http://www.majestic12.co.uk/bot.php?+)" "saveaslave.com"
217.69.133.60 - - [01/Mar/2016:16:54:45 -0800] "GET /cape-verde.html HTTP/1.1" 404 89 "-" "Mozilla/5.0 (compatible; Linux x86_64; Mail.RU_Bot/2.0; +http://go.mail.ru/help/robots)" "www.saveaslave.com"
42.120.160.51 - - [01/Mar/2016:17:18:53 -0800] "GET /css/bootstrap.min.css HTTP/1.1" 200 123578 "http://www.saveaslave.com/" "YisouSpider" "www.saveaslave.com"
42.120.161.51 - - [01/Mar/2016:17:29:27 -0800] "GET /css/elements.css HTTP/1.1" 200 17857 "http://www.saveaslave.com/" "YisouSpider" "www.saveaslave.com"
65.36.241.48 - - [01/Mar/2016:17:54:42 -0800] "HEAD / HTTP/1.1" 200 0 "-" "InternetSeer.com" "www.saveaslave.com"
217.69.133.30 - - [01/Mar/2016:18:15:19 -0800] "GET /ireland.html HTTP/1.1" 404 89 "-" "Mozilla/5.0 (compatible; Linux x86_64; Mail.RU_Bot/2.0; +http://go.mail.ru/help/robots)" "www.saveaslave.com"
217.69.133.29 - - [01/Mar/2016:18:15:22 -0800] "GET /botswana.html HTTP/1.1" 404 89 "-" "Mozilla/5.0 (compatible; Linux x86_64; Mail.RU_Bot/2.0; +http://go.mail.ru/help/robots)" "www.saveaslave.com"
208.115.113.94 - - [01/Mar/2016:19:21:40 -0800] "GET /www.clinicaromero.com HTTP/1.1" 404 89 "-" "Mozilla/5.0 (compatible; DotBot/1.1; http://www.opensiteexplorer.org/dotbot, help@moz.com)" "www.saveaslave.com"
208.115.113.94 - - [01/Mar/2016:19:32:20 -0800] "GET /article.php?id=1 HTTP/1.1" 200 57548 "-" "Mozilla/5.0 (compatible; DotBot/1.1; http://www.opensiteexplorer.org/dotbot, help@moz.com)" "saveaslave.com"
203.153.231.58 - - [01/Mar/2016:20:21:59 -0800] "GET /images/countrymap/solomon-islands.gif HTTP/1.1" 404 89 "http://www.popista.com/solomon-islands/the-solomon-islands-is-a/101229" "Mozilla/5.0 (Windows NT 6.3; WOW64) AppleWebKit/537.36 (KHTML, like Gecko) Chrome/48.0.2564.116 Safari/537.36" "www.saveaslave.com"
203.153.231.58 - - [01/Mar/2016:20:22:00 -0800] "GET /images/countrymap/solomon-islands.gif HTTP/1.1" 404 89 "http://www.popista.com/solomon-islands/the-solomon-islands-is-a/101229" "Mozilla/5.0 (Windows NT 6.3; WOW64) AppleWebKit/537.36 (KHTML, like Gecko) Chrome/48.0.2564.116 Safari/537.36" "www.saveaslave.com"
208.115.113.94 - - [01/Mar/2016:20:39:20 -0800] "GET /robots.txt HTTP/1.1" 200 48 "-" "Mozilla/5.0 (compatible; DotBot/1.1; http://www.opensiteexplorer.org/dotbot, help@moz.com)" "saveaslave.com"
207.46.13.24 - - [01/Mar/2016:20:44:27 -0800] "GET /robots.txt HTTP/1.1" 200 48 "-" "Mozilla/5.0 (compatible; bingbot/2.0; +http://www.bing.com/bingbot.htm)" "saveaslave.com"
51.255.65.19 - - [01/Mar/2016:20:58:35 -0800] "GET /article.php?id=1 HTTP/1.1" 200 57548 "-" "Mozilla/5.0 (compatible; AhrefsBot/5.0; +http://ahrefs.com/robot/)" "www.saveaslave.com"
24.5.107.207 - - [01/Mar/2016:21:21:45 -0800] "GET /gfeedfetcher.js HTTP/1.1" 200 9018 "http://www.saveaslave.com/" "Mozilla/5.0 (Windows NT 6.3; WOW64) AppleWebKit/537.36 (KHTML, like Gecko) Chrome/48.0.2564.116 Safari/537.36" "www.saveaslave.com"
24.5.107.207 - - [01/Mar/2016:21:21:45 -0800] "GET /assets/js/ie-emulation-modes-warning.js HTTP/1.1" 200 2130 "http://www.saveaslave.com/" "Mozilla/5.0 (Windows NT 6.3; WOW64) AppleWebKit/537.36 (KHTML, like Gecko) Chrome/48.0.2564.116 Safari/537.36" "www.saveaslave.com"
24.5.107.207 - - [01/Mar/2016:21:21:45 -0800] "GET /gajaxscroller.js HTTP/1.1" 200 9774 "http://www.saveaslave.com/" "Mozilla/5.0 (Windows NT 6.3; WOW64) AppleWebKit/537.36 (KHTML, like Gecko) Chrome/48.0.2564.116 Safari/537.36" "www.saveaslave.com"
24.5.107.207 - - [01/Mar/2016:21:21:45 -0800] "GET /images/cover1.jpg HTTP/1.1" 200 253658 "http://www.saveaslave.com/" "Mozilla/5.0 (Windows NT 6.3; WOW64) AppleWebKit/537.36 (KHTML, like Gecko) Chrome/48.0.2564.116 Safari/537.36" "www.saveaslave.com"
24.5.107.207 - - [01/Mar/2016:21:21:46 -0800] "GET /images/article/end_it.jpg HTTP/1.1" 200 33676 "http://www.saveaslave.com/" "Mozilla/5.0 (Windows NT 6.3; WOW64) AppleWebKit/537.36 (KHTML, like Gecko) Chrome/48.0.2564.116 Safari/537.36" "www.saveaslave.com"
24.5.107.207 - - [01/Mar/2016:21:21:46 -0800] "GET /images/top.jpg HTTP/1.1" 200 50519 "http://www.saveaslave.com/" "Mozilla/5.0 (Windows NT 6.3; WOW64) AppleWebKit/537.36 (KHTML, like Gecko) Chrome/48.0.2564.116 Safari/537.36" "www.saveaslave.com"
24.5.107.207 - - [01/Mar/2016:21:21:46 -0800] "GET /images/select-arrow.png HTTP/1.1" 200 1118 "http://www.saveaslave.com/css/style.css" "Mozilla/5.0 (Windows NT 6.3; WOW64) AppleWebKit/537.36 (KHTML, like Gecko) Chrome/48.0.2564.116 Safari/537.36" "www.saveaslave.com"
24.5.107.207 - - [01/Mar/2016:21:21:46 -0800] "GET /css/down-arrow.png HTTP/1.1" 404 89 "http://www.saveaslave.com/css/elements.css" "Mozilla/5.0 (Windows NT 6.3; WOW64) AppleWebKit/537.36 (KHTML, like Gecko) Chrome/48.0.2564.116 Safari/537.36" "www.saveaslave.com"
24.5.107.207 - - [01/Mar/2016:21:21:47 -0800] "GET /favicon.ico HTTP/1.1" 404 89 "http://www.saveaslave.com/" "Mozilla/5.0 (Windows NT 6.3; WOW64) AppleWebKit/537.36 (KHTML, like Gecko) Chrome/48.0.2564.116 Safari/537.36" "www.saveaslave.com"
24.5.107.207 - - [01/Mar/2016:21:21:47 -0800] "GET /ico/favicon-16x16.png HTTP/1.1" 200 1129 "http://www.saveaslave.com/" "Mozilla/5.0 (Windows NT 6.3; WOW64) AppleWebKit/537.36 (KHTML, like Gecko) Chrome/48.0.2564.116 Safari/537.36" "www.saveaslave.com"
46.118.13.110 - - [01/Mar/2016:21:22:00 -0800] "GET /robots.txt HTTP/1.1" 200 48 "-" "Mozilla/5.0 (compatible; MJ12bot/v1.4.5; http://www.majestic12.co.uk/bot.php?+)" "www.saveaslave.com"
46.118.13.110 - - [01/Mar/2016:21:22:02 -0800] "GET /article.php?id=32 HTTP/1.1" 200 63725 "-" "Mozilla/5.0 (compatible; MJ12bot/v1.4.5; http://www.majestic12.co.uk/bot.php?+)" "www.saveaslave.com"
46.118.13.110 - - [01/Mar/2016:21:22:10 -0800] "GET /who-we-are.php HTTP/1.1" 200 50372 "-" "Mozilla/5.0 (compatible; MJ12bot/v1.4.5; http://www.majestic12.co.uk/bot.php?+)" "www.saveaslave.com"
217.69.133.31 - - [01/Mar/2016:21:24:30 -0800] "GET /robots.txt HTTP/1.1" 200 48 "-" "Mozilla/5.0 (compatible; Linux x86_64; Mail.RU_Bot/2.0; +http://go.mail.ru/help/robots)" "www.saveaslave.com"
217.69.133.72 - - [01/Mar/2016:21:26:01 -0800] "GET /argentina.html HTTP/1.1" 404 89 "-" "Mozilla/5.0 (compatible; Linux x86_64; Mail.RU_Bot/2.0; +http://go.mail.ru/help/robots)" "www.saveaslave.com"
208.115.113.94 - - [01/Mar/2016:21:28:16 -0800] "GET /in-russian.php?lang=ru HTTP/1.1" 200 124627 "-" "Mozilla/5.0 (compatible; DotBot/1.1; http://www.opensiteexplorer.org/dotbot, help@moz.com)" "saveaslave.com"
207.46.13.138 - - [01/Mar/2016:21:28:37 -0800] "GET /east-timor.html HTTP/1.1" 404 89 "-" "Mozilla/5.0 (compatible; bingbot/2.0; +http://www.bing.com/bingbot.htm)" "saveaslave.com"
208.115.113.86 - - [01/Mar/2016:21:56:52 -0800] "GET /coalition-members-cast.php HTTP/1.1" 200 47141 "-" "Mozilla/5.0 (compatible; DotBot/1.1; http://www.opensiteexplorer.org/dotbot, help@moz.com)" "www.saveaslave.com"
61.135.189.101 - - [01/Mar/2016:21:59:41 -0800] "GET /site/?cat=17 HTTP/1.1" 404 89 "-" "Sogou web spider/4.0(+http://www.sogou.com/docs/help/webmasters.htm#07)" "saveaslave.com"
217.69.133.59 - - [01/Mar/2016:22:59:08 -0800] "GET /robots.txt HTTP/1.1" 200 48 "-" "Mozilla/5.0 (compatible; Linux x86_64; Mail.RU_Bot/2.0; +http://go.mail.ru/help/robots)" "www.saveaslave.com"
217.69.133.72 - - [01/Mar/2016:23:01:06 -0800] "GET /macedonia.html HTTP/1.1" 404 89 "-" "Mozilla/5.0 (compatible; Linux x86_64; Mail.RU_Bot/2.0; +http://go.mail.ru/help/robots)" "www.saveaslave.com"
95.211.205.151 - - [01/Mar/2016:23:55:45 -0800] "GET / HTTP/1.1" 200 100369 "http://burger-imperia.com/" "Mozilla/5.0 (X11; Linux x86_64) AppleWebKit/537.36 (KHTML, like Gecko) Chrome/37.0.2062.120 Safari/537.36" "saveaslave.com"
136.243.103.165 - - [02/Mar/2016:00:27:28 -0800] "GET /robots.txt HTTP/1.1" 200 48 "-" "Mozilla/5.0 (compatible; MJ12bot/v1.4.5; http://www.majestic12.co.uk/bot.php?+)" "saveaslave.com"
217.69.133.31 - - [02/Mar/2016:00:32:55 -0800] "GET /robots.txt HTTP/1.1" 200 48 "-" "Mozilla/5.0 (compatible; Linux x86_64; Mail.RU_Bot/2.0; +http://go.mail.ru/help/robots)" "saveaslave.com"
207.46.13.164 - - [02/Mar/2016:00:35:36 -0800] "GET /sitemap.xml HTTP/1.1" 200 296 "-" "Mozilla/5.0 (compatible; bingbot/2.0; +http://www.bing.com/bingbot.htm)" "saveaslave.com"
65.36.241.48 - - [02/Mar/2016:00:36:02 -0800] "HEAD / HTTP/1.1" 200 0 "-" "InternetSeer.com" "www.saveaslave.com"
92.236.71.145 - - [02/Mar/2016:00:37:15 -0800] "GET /robots.txt HTTP/1.1" 200 48 "-" "Mozilla/5.0 (compatible; MJ12bot/v1.4.5; http://www.majestic12.co.uk/bot.php?+)" "www.saveaslave.com"
92.236.71.145 - - [02/Mar/2016:00:37:18 -0800] "GET /article.php?id=23 HTTP/1.1" 200 776 "-" "Mozilla/5.0 (compatible; MJ12bot/v1.4.5; http://www.majestic12.co.uk/bot.php?+)" "www.saveaslave.com"
65.36.241.48 - - [02/Mar/2016:00:45:31 -0800] "HEAD /?tpl=references&Itemid=3 HTTP/1.1" 200 0 "-" "InternetSeer.com" "www.saveaslave.com"
40.77.167.88 - - [02/Mar/2016:01:07:05 -0800] "GET /assets/js/ie10-viewport-bug-workaround.js HTTP/1.1" 200 641 "-" "Mozilla/5.0 (compatible; bingbot/2.0; +http://www.bing.com/bingbot.htm)" "saveaslave.com"
40.77.167.88 - - [02/Mar/2016:01:07:06 -0800] "GET /gajaxscroller.js HTTP/1.1" 200 9774 "-" "Mozilla/5.0 (compatible; bingbot/2.0; +http://www.bing.com/bingbot.htm)" "saveaslave.com"
40.77.167.88 - - [02/Mar/2016:01:07:06 -0800] "GET /gfeedfetcher.js HTTP/1.1" 200 9018 "-" "Mozilla/5.0 (compatible; bingbot/2.0; +http://www.bing.com/bingbot.htm)" "saveaslave.com"
207.46.13.164 - - [02/Mar/2016:01:07:51 -0800] "GET /css/style-pages.css HTTP/1.1" 200 9894 "-" "Mozilla/5.0 (compatible; bingbot/2.0; +http://www.bing.com/bingbot.htm)" "saveaslave.com"
207.46.13.24 - - [02/Mar/2016:01:08:03 -0800] "GET /js/bootstrap.min.js HTTP/1.1" 200 37055 "-" "Mozilla/5.0 (compatible; bingbot/2.0; +http://www.bing.com/bingbot.htm)" "saveaslave.com"
208.115.113.94 - - [02/Mar/2016:01:26:03 -0800] "GET /article.php?id=32 HTTP/1.1" 200 63725 "-" "Mozilla/5.0 (compatible; DotBot/1.1; http://www.opensiteexplorer.org/dotbot, help@moz.com)" "www.saveaslave.com"
51.255.65.65 - - [02/Mar/2016:02:08:40 -0800] "GET /our-newsr.php HTTP/1.1" 200 110293 "-" "Mozilla/5.0 (compatible; AhrefsBot/5.0; +http://ahrefs.com/robot/)" "saveaslave.com"
62.212.73.211 - - [02/Mar/2016:02:08:48 -0800] "GET /robots.txt HTTP/1.1" 200 48 "-" "Mozilla/5.0 (compatible; MJ12bot/v1.4.5; http://www.majestic12.co.uk/bot.php?+)" "www.saveaslave.com"
62.212.73.211 - - [02/Mar/2016:02:08:50 -0800] "GET / HTTP/1.1" 200 100441 "-" "Mozilla/5.0 (compatible; MJ12bot/v1.4.5; http://www.majestic12.co.uk/bot.php?+)" "www.saveaslave.com"
180.76.15.22 - - [02/Mar/2016:02:13:22 -0800] "GET /micronesia HTTP/1.1" 404 89 "-" "Mozilla/5.0 (compatible; Baiduspider/2.0; +http://www.baidu.com/search/spider.html)" "www.saveaslave.com"
208.115.113.94 - - [02/Mar/2016:02:15:49 -0800] "GET /robots.txt HTTP/1.1" 200 48 "-" "Mozilla/5.0 (compatible; DotBot/1.1; http://www.opensiteexplorer.org/dotbot, help@moz.com)" "saveaslave.com"
65.36.241.48 - - [02/Mar/2016:02:16:53 -0800] "HEAD / HTTP/1.1" 200 0 "-" "InternetSeer.com" "www.saveaslave.com"
207.46.13.164 - - [02/Mar/2016:02:28:37 -0800] "GET /articles.html HTTP/1.1" 404 89 "-" "Mozilla/5.0 (compatible; bingbot/2.0; +http://www.bing.com/bingbot.htm)" "saveaslave.com"
208.115.113.86 - - [02/Mar/2016:02:50:32 -0800] "GET /robots.txt HTTP/1.1" 200 48 "-" "Mozilla/5.0 (compatible; DotBot/1.1; http://www.opensiteexplorer.org/dotbot, help@moz.com)" "saveaslave.com"
208.115.113.94 - - [02/Mar/2016:02:53:24 -0800] "GET /article.php?id=9 HTTP/1.1" 200 113049 "-" "Mozilla/5.0 (compatible; DotBot/1.1; http://www.opensiteexplorer.org/dotbot, help@moz.com)" "saveaslave.com"
208.115.113.94 - - [02/Mar/2016:03:01:23 -0800] "GET /article.php?id=86 HTTP/1.1" 200 56625 "-" "Mozilla/5.0 (compatible; DotBot/1.1; http://www.opensiteexplorer.org/dotbot, help@moz.com)" "saveaslave.com"
208.115.113.94 - - [02/Mar/2016:03:01:25 -0800] "GET /article.php?id=15 HTTP/1.1" 200 68849 "-" "Mozilla/5.0 (compatible; DotBot/1.1; http://www.opensiteexplorer.org/dotbot, help@moz.com)" "saveaslave.com"
51.255.65.42 - - [02/Mar/2016:03:11:32 -0800] "GET /india.html HTTP/1.1" 404 89 "-" "Mozilla/5.0 (compatible; AhrefsBot/5.0; +http://ahrefs.com/robot/)" "www.saveaslave.com"
51.255.65.60 - - [02/Mar/2016:03:40:11 -0800] "GET /index.php HTTP/1.1" 200 100441 "-" "Mozilla/5.0 (compatible; AhrefsBot/5.0; +http://ahrefs.com/robot/)" "saveaslave.com"
217.69.133.31 - - [02/Mar/2016:03:41:46 -0800] "GET /robots.txt HTTP/1.1" 200 48 "-" "Mozilla/5.0 (compatible; Linux x86_64; Mail.RU_Bot/2.0; +http://go.mail.ru/help/robots)" "www.saveaslave.com"
217.69.133.72 - - [02/Mar/2016:03:43:13 -0800] "GET /robots.txt HTTP/1.1" 200 48 "-" "Mozilla/5.0 (compatible; Linux x86_64; Mail.RU_Bot/2.0; +http://go.mail.ru/help/robots)" "saveaslave.com"
207.46.13.24 - - [02/Mar/2016:03:45:03 -0800] "GET /robots.txt HTTP/1.1" 200 48 "-" "Mozilla/5.0 (compatible; bingbot/2.0; +http://www.bing.com/bingbot.htm)" "www.saveaslave.com"
51.255.65.97 - - [02/Mar/2016:03:45:09 -0800] "GET /article.php?id=69 HTTP/1.1" 200 776 "-" "Mozilla/5.0 (compatible; AhrefsBot/5.0; +http://ahrefs.com/robot/)" "saveaslave.com"
217.69.133.28 - - [02/Mar/2016:03:49:11 -0800] "GET /ecuador.html HTTP/1.1" 404 89 "-" "Mozilla/5.0 (compatible; Linux x86_64; Mail.RU_Bot/2.0; +http://go.mail.ru/help/robots)" "www.saveaslave.com"
217.69.133.60 - - [02/Mar/2016:03:49:13 -0800] "GET /swaziland.html HTTP/1.1" 404 89 "-" "Mozilla/5.0 (compatible; Linux x86_64; Mail.RU_Bot/2.0; +http://go.mail.ru/help/robots)" "www.saveaslave.com"
217.69.133.28 - - [02/Mar/2016:03:49:14 -0800] "GET /peru.html HTTP/1.1" 404 89 "-" "Mozilla/5.0 (compatible; Linux x86_64; Mail.RU_Bot/2.0; +http://go.mail.ru/help/robots)" "www.saveaslave.com"
217.69.133.29 - - [02/Mar/2016:03:49:34 -0800] "GET /indonesia.html HTTP/1.1" 404 89 "-" "Mozilla/5.0 (compatible; Linux x86_64; Mail.RU_Bot/2.0; +http://go.mail.ru/help/robots)" "saveaslave.com"
208.115.113.86 - - [02/Mar/2016:03:57:44 -0800] "GET /article.php?id=47 HTTP/1.1" 200 776 "-" "Mozilla/5.0 (compatible; DotBot/1.1; http://www.opensiteexplorer.org/dotbot, help@moz.com)" "saveaslave.com"
120.22.8.79 - - [02/Mar/2016:04:24:06 -0800] "GET /images/article/article5a.jpg HTTP/1.1" 200 52731 "-" "Mozilla/5.0 (Linux; Android 4.4.4; SM-J110F Build/KTU84P) AppleWebKit/537.36 (KHTML, like Gecko) Version/4.0 Chrome/33.0.0.0 Mobile Safari/537.36 GSA/5.9.33.19.arm" "www.saveaslave.com"
120.22.8.79 - - [02/Mar/2016:04:27:20 -0800] "GET /images/cover1.jpg HTTP/1.1" 200 253658 "-" "Mozilla/5.0 (Linux; Android 4.4.4; SM-J110F Build/KTU84P) AppleWebKit/537.36 (KHTML, like Gecko) Version/4.0 Chrome/33.0.0.0 Mobile Safari/537.36 GSA/5.9.33.19.arm" "www.saveaslave.com"
104.140.83.3 - - [02/Mar/2016:04:43:02 -0800] "GET / HTTP/1.1" 200 100441 "-" "Mozilla/5.0 (Windows NT 6.1) AppleWebKit/537.36 (KHTML, like Gecko) Chrome/41.0.2228.0 Safari/537.36" "saveaslave.com"
45.55.153.183 - - [02/Mar/2016:04:51:45 -0800] "GET / HTTP/1.1" 200 100441 "-" "Mozilla/5.0 (Windows NT 6.1; WOW64; rv:21.0) Gecko/20100101 Firefox/21.0" "saveaslave.com"
45.55.153.183 - - [02/Mar/2016:04:51:48 -0800] "GET /robots.txt HTTP/1.1" 200 48 "-" "Mozilla/5.0 (Macintosh; Intel Mac OS X 10_9_3) AppleWebKit/537.36 (KHTML, like Gecko) Chrome/35.0.1916.114 Safari/537.36" "saveaslave.com"
45.55.153.183 - - [02/Mar/2016:04:51:49 -0800] "GET /our-supporters.php HTTP/1.1" 200 54987 "http://saveaslave.com" "Mozilla/5.0 (Windows NT 6.1; WOW64; rv:21.0) Gecko/20100101 Firefox/21.0" "saveaslave.com"
45.55.153.183 - - [02/Mar/2016:04:51:49 -0800] "GET /article.php?id=32 HTTP/1.1" 200 63725 "http://saveaslave.com" "Mozilla/5.0 (Macintosh; Intel Mac OS X 10_9_2) AppleWebKit/537.36 (KHTML, like Gecko) Chrome/34.0.1847.131 Safari/537.36" "saveaslave.com"
45.55.153.183 - - [02/Mar/2016:04:51:49 -0800] "GET /article.php?id=22 HTTP/1.1" 200 59273 "http://saveaslave.com" "Mozilla/5.0 (Windows NT 6.1; WOW64; rv:29.0) Gecko/20100101 Firefox/29.0" "saveaslave.com"
45.55.153.183 - - [02/Mar/2016:04:51:49 -0800] "GET /index.php HTTP/1.1" 200 100441 "http://saveaslave.com" "Mozilla/5.0 (Windows NT 6.1; WOW64; rv:28.0) Gecko/20100101 Firefox/28.0" "saveaslave.com"
45.55.153.183 - - [02/Mar/2016:04:51:49 -0800] "GET /article.php?id=46 HTTP/1.1" 200 61941 "http://saveaslave.com" "Mozilla/5.0 (Macintosh; Intel Mac OS X 10_9_3) AppleWebKit/537.36 (KHTML, like Gecko) Chrome/35.0.1916.114 Safari/537.36" "saveaslave.com"
45.55.153.183 - - [02/Mar/2016:04:51:49 -0800] "GET /contact-us.php HTTP/1.1" 200 30437 "http://saveaslave.com" "Mozilla/5.0 (compatible; MSIE 9.0; Windows NT 6.1; WOW64; Trident/5.0)" "saveaslave.com"
45.55.153.183 - - [02/Mar/2016:04:51:49 -0800] "GET /article.php?id=21 HTTP/1.1" 200 62010 "http://saveaslave.com" "Mozilla/5.0 (Macintosh; Intel Mac OS X 10_9_2) AppleWebKit/537.75.14 (KHTML, like Gecko) Version/7.0.3 Safari/537.75.14" "saveaslave.com"
45.55.153.183 - - [02/Mar/2016:04:51:49 -0800] "GET /in-russian.php?lang=ru HTTP/1.1" 200 124627 "http://saveaslave.com" "Mozilla/5.0 (Macintosh; Intel Mac OS X 10_9_2) AppleWebKit/537.36 (KHTML, like Gecko) Chrome/34.0.1847.131 Safari/537.36" "saveaslave.com"
45.55.153.183 - - [02/Mar/2016:04:51:49 -0800] "GET /who-we-are.php HTTP/1.1" 200 50372 "http://saveaslave.com" "Mozilla/5.0 (Windows NT 6.1; rv:28.0) Gecko/20100101 Firefox/28.0" "saveaslave.com"
217.69.133.59 - - [02/Mar/2016:05:15:55 -0800] "GET /robots.txt HTTP/1.1" 200 48 "-" "Mozilla/5.0 (compatible; Linux x86_64; Mail.RU_Bot/2.0; +http://go.mail.ru/help/robots)" "saveaslave.com"
217.69.133.28 - - [02/Mar/2016:05:16:06 -0800] "GET /robots.txt HTTP/1.1" 200 48 "-" "Mozilla/5.0 (compatible; Linux x86_64; Mail.RU_Bot/2.0; +http://go.mail.ru/help/robots)" "www.saveaslave.com"
217.69.133.30 - - [02/Mar/2016:05:17:36 -0800] "GET /pakistan.html HTTP/1.1" 404 89 "-" "Mozilla/5.0 (compatible; Linux x86_64; Mail.RU_Bot/2.0; +http://go.mail.ru/help/robots)" "saveaslave.com"
217.69.133.29 - - [02/Mar/2016:05:21:40 -0800] "GET /kiribati.html HTTP/1.1" 404 89 "-" "Mozilla/5.0 (compatible; Linux x86_64; Mail.RU_Bot/2.0; +http://go.mail.ru/help/robots)" "www.saveaslave.com"
83.194.115.181 - - [02/Mar/2016:05:24:39 -0800] "GET /css/bootstrap.min.css HTTP/1.1" 200 123578 "http://saveaslave.com/country.php?name=Malaysia&lang=en" "Mozilla/5.0 (Windows NT 10.0) AppleWebKit/537.36 (KHTML, like Gecko) Chrome/48.0.2564.116 Safari/537.36" "saveaslave.com"
83.194.115.181 - - [02/Mar/2016:05:24:39 -0800] "GET /gfeedfetcher.js HTTP/1.1" 200 9018 "http://saveaslave.com/country.php?name=Malaysia&lang=en" "Mozilla/5.0 (Windows NT 10.0) AppleWebKit/537.36 (KHTML, like Gecko) Chrome/48.0.2564.116 Safari/537.36" "saveaslave.com"
83.194.115.181 - - [02/Mar/2016:05:24:39 -0800] "GET /assets/js/ie-emulation-modes-warning.js HTTP/1.1" 200 2130 "http://saveaslave.com/country.php?name=Malaysia&lang=en" "Mozilla/5.0 (Windows NT 10.0) AppleWebKit/537.36 (KHTML, like Gecko) Chrome/48.0.2564.116 Safari/537.36" "saveaslave.com"
83.194.115.181 - - [02/Mar/2016:05:24:40 -0800] "GET /gajaxscroller.js HTTP/1.1" 200 9774 "http://saveaslave.com/country.php?name=Malaysia&lang=en" "Mozilla/5.0 (Windows NT 10.0) AppleWebKit/537.36 (KHTML, like Gecko) Chrome/48.0.2564.116 Safari/537.36" "saveaslave.com"
83.194.115.181 - - [02/Mar/2016:05:24:40 -0800] "GET /assets/js/ie10-viewport-bug-workaround.js HTTP/1.1" 200 641 "http://saveaslave.com/country.php?name=Malaysia&lang=en" "Mozilla/5.0 (Windows NT 10.0) AppleWebKit/537.36 (KHTML, like Gecko) Chrome/48.0.2564.116 Safari/537.36" "saveaslave.com"
83.194.115.181 - - [02/Mar/2016:05:24:40 -0800] "GET /js/bootstrap.min.js HTTP/1.1" 200 37055 "http://saveaslave.com/country.php?name=Malaysia&lang=en" "Mozilla/5.0 (Windows NT 10.0) AppleWebKit/537.36 (KHTML, like Gecko) Chrome/48.0.2564.116 Safari/537.36" "saveaslave.com"
83.194.115.181 - - [02/Mar/2016:05:24:40 -0800] "GET /images/logo2.png HTTP/1.1" 200 18525 "http://saveaslave.com/country.php?name=Malaysia&lang=en" "Mozilla/5.0 (Windows NT 10.0) AppleWebKit/537.36 (KHTML, like Gecko) Chrome/48.0.2564.116 Safari/537.36" "saveaslave.com"
83.194.115.181 - - [02/Mar/2016:05:24:41 -0800] "GET /images/article/s1_dety_beg_d9954.jpg HTTP/1.1" 200 16968 "http://saveaslave.com/country.php?name=Malaysia&lang=en" "Mozilla/5.0 (Windows NT 10.0) AppleWebKit/537.36 (KHTML, like Gecko) Chrome/48.0.2564.116 Safari/537.36" "saveaslave.com"
83.194.115.181 - - [02/Mar/2016:05:24:41 -0800] "GET /images/article/end_it.jpg HTTP/1.1" 200 33676 "http://saveaslave.com/country.php?name=Malaysia&lang=en" "Mozilla/5.0 (Windows NT 10.0) AppleWebKit/537.36 (KHTML, like Gecko) Chrome/48.0.2564.116 Safari/537.36" "saveaslave.com"
83.194.115.181 - - [02/Mar/2016:05:24:41 -0800] "GET /images/social3.png HTTP/1.1" 200 4343 "http://saveaslave.com/country.php?name=Malaysia&lang=en" "Mozilla/5.0 (Windows NT 10.0) AppleWebKit/537.36 (KHTML, like Gecko) Chrome/48.0.2564.116 Safari/537.36" "saveaslave.com"
83.194.115.181 - - [02/Mar/2016:05:24:42 -0800] "GET /css/down-arrow.png HTTP/1.1" 404 89 "http://saveaslave.com/css/elements.css" "Mozilla/5.0 (Windows NT 10.0) AppleWebKit/537.36 (KHTML, like Gecko) Chrome/48.0.2564.116 Safari/537.36" "saveaslave.com"
204.79.180.157 - - [02/Mar/2016:05:51:14 -0800] "GET /assets/js/ie-emulation-modes-warning.js HTTP/1.1" 200 2130 "http://saveaslave.com/" "Mozilla/5.0 (compatible; MSIE 9.0; Windows NT 6.1; Trident/5.0;  Trident/5.0)" "saveaslave.com"
204.79.180.12 - - [02/Mar/2016:05:51:18 -0800] "GET /css/bootstrap.min.css HTTP/1.1" 200 65536 "http://saveaslave.com/" "Mozilla/5.0 (compatible; MSIE 9.0; Windows NT 6.1; Trident/5.0;  Trident/5.0)" "saveaslave.com"
204.79.180.64 - - [02/Mar/2016:05:51:21 -0800] "GET /css/style.css HTTP/1.1" 200 7938 "http://saveaslave.com/" "Mozilla/5.0 (compatible; MSIE 9.0; Windows NT 6.1; Trident/5.0;  Trident/5.0)" "saveaslave.com"
204.79.180.151 - - [02/Mar/2016:05:51:22 -0800] "GET /css/elements.css HTTP/1.1" 200 17857 "http://saveaslave.com/" "Mozilla/5.0 (compatible; MSIE 9.0; Windows NT 6.1; Trident/5.0;  Trident/5.0)" "saveaslave.com"
204.79.180.185 - - [02/Mar/2016:05:51:37 -0800] "GET /assets/js/ie10-viewport-bug-workaround.js HTTP/1.1" 200 641 "http://saveaslave.com/" "Mozilla/5.0 (compatible; MSIE 9.0; Windows NT 6.1; Trident/5.0;  Trident/5.0)" "saveaslave.com"
54.167.55.234 - - [02/Mar/2016:05:58:15 -0800] "GET / HTTP/1.1" 200 100441 "-" "Mozilla/5.0 (compatible; linkdexbot/2.0; +http://www.linkdex.com/bots/)" "www.saveaslave.com"
100.43.85.3 - - [02/Mar/2016:06:03:27 -0800] "GET /photos/article7.jpg HTTP/1.1" 404 89 "-" "Mozilla/5.0 (compatible; YandexImages/3.0; +http://yandex.com/bots)" "saveaslave.com"
180.76.15.136 - - [02/Mar/2016:06:12:58 -0800] "GET /country.php?name=Croatia&lang=en HTTP/1.1" 200 65294 "-" "Mozilla/5.0 (compatible; Baiduspider/2.0; +http://www.baidu.com/search/spider.html)" "www.saveaslave.com"
207.46.13.138 - - [02/Mar/2016:06:30:07 -0800] "GET /togo.html HTTP/1.1" 404 89 "-" "Mozilla/5.0 (compatible; bingbot/2.0; +http://www.bing.com/bingbot.htm)" "saveaslave.com"
208.115.113.94 - - [02/Mar/2016:06:52:23 -0800] "GET /www.elawc.org HTTP/1.1" 404 89 "-" "Mozilla/5.0 (compatible; DotBot/1.1; http://www.opensiteexplorer.org/dotbot, help@moz.com)" "www.saveaslave.com"
208.115.113.94 - - [02/Mar/2016:06:53:31 -0800] "GET /article.php?id=11 HTTP/1.1" 200 80312 "-" "Mozilla/5.0 (compatible; DotBot/1.1; http://www.opensiteexplorer.org/dotbot, help@moz.com)" "saveaslave.com"
65.36.241.48 - - [02/Mar/2016:07:28:37 -0800] "HEAD / HTTP/1.1" 200 0 "-" "InternetSeer.com" "www.saveaslave.com"
51.255.65.39 - - [02/Mar/2016:07:53:29 -0800] "GET /in-russian HTTP/1.1" 200 122791 "-" "Mozilla/5.0 (compatible; AhrefsBot/5.0; +http://ahrefs.com/robot/)" "saveaslave.com"
220.181.108.187 - - [02/Mar/2016:08:08:57 -0800] "GET /article.php?id=21 HTTP/1.1" 200 62010 "-" "Mozilla/5.0 (compatible; Baiduspider/2.0; +http://www.baidu.com/search/spider.html)" "www.saveaslave.com"
99.92.208.173 - - [02/Mar/2016:08:43:48 -0800] "GET /css/bootstrap.min.css HTTP/1.1" 200 123578 "http://saveaslave.com/" "Mozilla/5.0 (Windows NT 6.1; WOW64) AppleWebKit/537.36 (KHTML, like Gecko) Chrome/48.0.2564.116 Safari/537.36" "saveaslave.com"
99.92.208.173 - - [02/Mar/2016:08:43:48 -0800] "GET /js/bootstrap.min.js HTTP/1.1" 200 37055 "http://saveaslave.com/" "Mozilla/5.0 (Windows NT 6.1; WOW64) AppleWebKit/537.36 (KHTML, like Gecko) Chrome/48.0.2564.116 Safari/537.36" "saveaslave.com"
99.92.208.173 - - [02/Mar/2016:08:43:48 -0800] "GET /assets/js/ie10-viewport-bug-workaround.js HTTP/1.1" 200 641 "http://saveaslave.com/" "Mozilla/5.0 (Windows NT 6.1; WOW64) AppleWebKit/537.36 (KHTML, like Gecko) Chrome/48.0.2564.116 Safari/537.36" "saveaslave.com"
99.92.208.173 - - [02/Mar/2016:08:43:49 -0800] "GET /images/article/suspects.jpg HTTP/1.1" 200 58796 "http://saveaslave.com/" "Mozilla/5.0 (Windows NT 6.1; WOW64) AppleWebKit/537.36 (KHTML, like Gecko) Chrome/48.0.2564.116 Safari/537.36" "saveaslave.com"
99.92.208.173 - - [02/Mar/2016:08:43:49 -0800] "GET /images/select-arrow.png HTTP/1.1" 200 1118 "http://saveaslave.com/css/style-pages.css" "Mozilla/5.0 (Windows NT 6.1; WOW64) AppleWebKit/537.36 (KHTML, like Gecko) Chrome/48.0.2564.116 Safari/537.36" "saveaslave.com"
99.92.208.173 - - [02/Mar/2016:08:43:49 -0800] "GET /images/social1.png HTTP/1.1" 200 2012 "http://saveaslave.com/" "Mozilla/5.0 (Windows NT 6.1; WOW64) AppleWebKit/537.36 (KHTML, like Gecko) Chrome/48.0.2564.116 Safari/537.36" "saveaslave.com"
99.92.208.173 - - [02/Mar/2016:08:43:50 -0800] "GET /ico/favicon-16x16.png HTTP/1.1" 200 1129 "http://saveaslave.com/" "Mozilla/5.0 (Windows NT 6.1; WOW64) AppleWebKit/537.36 (KHTML, like Gecko) Chrome/48.0.2564.116 Safari/537.36" "saveaslave.com"
99.92.208.173 - - [02/Mar/2016:08:47:26 -0800] "GET /images/supporters/anti-slavery.gif HTTP/1.1" 200 4774 "http://saveaslave.com/our-supporters.php" "Mozilla/5.0 (Windows NT 6.1; WOW64) AppleWebKit/537.36 (KHTML, like Gecko) Chrome/48.0.2564.116 Safari/537.36" "saveaslave.com"
99.92.208.173 - - [02/Mar/2016:08:47:26 -0800] "GET /images/supporters/logo_atest.png HTTP/1.1" 200 12676 "http://saveaslave.com/our-supporters.php" "Mozilla/5.0 (Windows NT 6.1; WOW64) AppleWebKit/537.36 (KHTML, like Gecko) Chrome/48.0.2564.116 Safari/537.36" "saveaslave.com"
99.92.208.173 - - [02/Mar/2016:08:47:26 -0800] "GET /images/supporters/hulogo.png HTTP/1.1" 200 8497 "http://saveaslave.com/our-supporters.php" "Mozilla/5.0 (Windows NT 6.1; WOW64) AppleWebKit/537.36 (KHTML, like Gecko) Chrome/48.0.2564.116 Safari/537.36" "saveaslave.com"
99.92.208.173 - - [02/Mar/2016:08:47:26 -0800] "GET /images/supporters/children-on-the%20edge.png HTTP/1.1" 200 9509 "http://saveaslave.com/our-supporters.php" "Mozilla/5.0 (Windows NT 6.1; WOW64) AppleWebKit/537.36 (KHTML, like Gecko) Chrome/48.0.2564.116 Safari/537.36" "saveaslave.com"
99.92.208.173 - - [02/Mar/2016:08:47:26 -0800] "GET /images/supporters/ApneAap_logo.png HTTP/1.1" 200 8305 "http://saveaslave.com/our-supporters.php" "Mozilla/5.0 (Windows NT 6.1; WOW64) AppleWebKit/537.36 (KHTML, like Gecko) Chrome/48.0.2564.116 Safari/537.36" "saveaslave.com"
99.92.208.173 - - [02/Mar/2016:08:47:26 -0800] "GET /images/supporters/safe-horizon.png HTTP/1.1" 200 16608 "http://saveaslave.com/our-supporters.php" "Mozilla/5.0 (Windows NT 6.1; WOW64) AppleWebKit/537.36 (KHTML, like Gecko) Chrome/48.0.2564.116 Safari/537.36" "saveaslave.com"
99.92.208.173 - - [02/Mar/2016:08:47:27 -0800] "GET /css/down-arrow.png HTTP/1.1" 404 89 "http://saveaslave.com/css/elements.css" "Mozilla/5.0 (Windows NT 6.1; WOW64) AppleWebKit/537.36 (KHTML, like Gecko) Chrome/48.0.2564.116 Safari/537.36" "saveaslave.com"
51.255.65.32 - - [02/Mar/2016:09:34:10 -0800] "GET /united-states.html HTTP/1.1" 404 89 "-" "Mozilla/5.0 (compatible; AhrefsBot/5.0; +http://ahrefs.com/robot/)" "saveaslave.com"
178.203.146.227 - - [02/Mar/2016:09:37:33 -0800] "GET /article.php?id=64 HTTP/1.1" 200 59699 "-" "Mozilla/5.0 (compatible; MJ12bot/v1.4.5; http://www.majestic12.co.uk/bot.php?+)" "saveaslave.com"
178.203.146.227 - - [02/Mar/2016:09:37:35 -0800] "GET /article.php?id=65 HTTP/1.1" 200 62903 "-" "Mozilla/5.0 (compatible; MJ12bot/v1.4.5; http://www.majestic12.co.uk/bot.php?+)" "saveaslave.com"
178.203.146.227 - - [02/Mar/2016:09:37:37 -0800] "GET /article.php?id=66 HTTP/1.1" 200 65469 "-" "Mozilla/5.0 (compatible; MJ12bot/v1.4.5; http://www.majestic12.co.uk/bot.php?+)" "saveaslave.com"
178.203.146.227 - - [02/Mar/2016:09:37:41 -0800] "GET /article.php?id=86 HTTP/1.1" 200 56625 "-" "Mozilla/5.0 (compatible; MJ12bot/v1.4.5; http://www.majestic12.co.uk/bot.php?+)" "www.saveaslave.com"
51.255.65.33 - - [02/Mar/2016:09:47:59 -0800] "GET /mauritius.html HTTP/1.1" 404 89 "-" "Mozilla/5.0 (compatible; AhrefsBot/5.0; +http://ahrefs.com/robot/)" "saveaslave.com"
207.46.13.164 - - [02/Mar/2016:09:56:15 -0800] "GET /robots.txt HTTP/1.1" 200 48 "-" "Mozilla/5.0 (compatible; bingbot/2.0; +http://www.bing.com/bingbot.htm)" "saveaslave.com"
217.69.133.59 - - [02/Mar/2016:09:58:58 -0800] "GET /robots.txt HTTP/1.1" 200 48 "-" "Mozilla/5.0 (compatible; Linux x86_64; Mail.RU_Bot/2.0; +http://go.mail.ru/help/robots)" "www.saveaslave.com"
46.46.155.143 - - [02/Mar/2016:09:59:27 -0800] "GET /in-russian HTTP/1.1" 200 122719 "http://vk.com/club13246987" "Mozilla/5.0 (Windows NT 6.1; rv:44.0) Gecko/20100101 Firefox/44.0" "saveaslave.com"
46.46.155.143 - - [02/Mar/2016:09:59:27 -0800] "GET /ico/android-icon-192x192.png HTTP/1.1" 200 10097 "-" "Mozilla/5.0 (Windows NT 6.1; rv:44.0) Gecko/20100101 Firefox/44.0" "saveaslave.com"
46.46.155.143 - - [02/Mar/2016:09:59:27 -0800] "GET /ico/favicon-32x32.png HTTP/1.1" 200 1892 "-" "Mozilla/5.0 (Windows NT 6.1; rv:44.0) Gecko/20100101 Firefox/44.0" "saveaslave.com"
46.46.155.143 - - [02/Mar/2016:09:59:27 -0800] "GET /ico/favicon-16x16.png HTTP/1.1" 200 1129 "-" "Mozilla/5.0 (Windows NT 6.1; rv:44.0) Gecko/20100101 Firefox/44.0" "saveaslave.com"
46.46.155.143 - - [02/Mar/2016:09:59:27 -0800] "GET /ico/favicon-96x96.png HTTP/1.1" 200 4476 "-" "Mozilla/5.0 (Windows NT 6.1; rv:44.0) Gecko/20100101 Firefox/44.0" "saveaslave.com"
46.46.155.143 - - [02/Mar/2016:09:59:27 -0800] "GET /in-russian HTTP/1.1" 200 122719 "http://vk.com/club13246987" "Mozilla/5.0 (Windows NT 6.1; rv:44.0) Gecko/20100101 Firefox/44.0" "saveaslave.com"
46.46.155.143 - - [02/Mar/2016:09:59:27 -0800] "GET /css/style.css HTTP/1.1" 200 7938 "http://saveaslave.com/in-russian" "Mozilla/5.0 (Windows NT 6.1; rv:44.0) Gecko/20100101 Firefox/44.0" "saveaslave.com"
46.46.155.143 - - [02/Mar/2016:09:59:28 -0800] "GET /css/bootstrap.min.css HTTP/1.1" 200 123578 "http://saveaslave.com/in-russian" "Mozilla/5.0 (Windows NT 6.1; rv:44.0) Gecko/20100101 Firefox/44.0" "saveaslave.com"
46.46.155.143 - - [02/Mar/2016:09:59:28 -0800] "GET /assets/js/ie-emulation-modes-warning.js HTTP/1.1" 200 2130 "http://saveaslave.com/in-russian" "Mozilla/5.0 (Windows NT 6.1; rv:44.0) Gecko/20100101 Firefox/44.0" "saveaslave.com"
46.46.155.143 - - [02/Mar/2016:09:59:28 -0800] "GET /gfeedfetcher.js HTTP/1.1" 200 9018 "http://saveaslave.com/in-russian" "Mozilla/5.0 (Windows NT 6.1; rv:44.0) Gecko/20100101 Firefox/44.0" "saveaslave.com"
46.46.155.143 - - [02/Mar/2016:09:59:28 -0800] "GET /assets/js/ie10-viewport-bug-workaround.js HTTP/1.1" 200 641 "http://saveaslave.com/in-russian" "Mozilla/5.0 (Windows NT 6.1; rv:44.0) Gecko/20100101 Firefox/44.0" "saveaslave.com"
46.46.155.143 - - [02/Mar/2016:09:59:28 -0800] "GET /js/bootstrap.min.js HTTP/1.1" 200 37055 "http://saveaslave.com/in-russian" "Mozilla/5.0 (Windows NT 6.1; rv:44.0) Gecko/20100101 Firefox/44.0" "saveaslave.com"
46.46.155.143 - - [02/Mar/2016:09:59:28 -0800] "GET /images/article/kateryna_ardanyan.jpg HTTP/1.1" 200 45587 "http://saveaslave.com/in-russian" "Mozilla/5.0 (Windows NT 6.1; rv:44.0) Gecko/20100101 Firefox/44.0" "saveaslave.com"
46.46.155.143 - - [02/Mar/2016:09:59:28 -0800] "GET /images/article/1402379001_o-torgovle-lyudmi-21.jpg HTTP/1.1" 200 33957 "http://saveaslave.com/in-russian" "Mozilla/5.0 (Windows NT 6.1; rv:44.0) Gecko/20100101 Firefox/44.0" "saveaslave.com"
46.46.155.143 - - [02/Mar/2016:09:59:28 -0800] "GET /images/article/56817c9496381.jpeg HTTP/1.1" 200 11230 "http://saveaslave.com/in-russian" "Mozilla/5.0 (Windows NT 6.1; rv:44.0) Gecko/20100101 Firefox/44.0" "saveaslave.com"
46.46.155.143 - - [02/Mar/2016:09:59:28 -0800] "GET /css/down-arrow.png HTTP/1.1" 404 89 "http://saveaslave.com/css/elements.css" "Mozilla/5.0 (Windows NT 6.1; rv:44.0) Gecko/20100101 Firefox/44.0" "saveaslave.com"
46.46.155.143 - - [02/Mar/2016:09:59:29 -0800] "GET /images/article/naruchniki_zhen_bogovid_default.jpg HTTP/1.1" 200 53987 "http://saveaslave.com/in-russian" "Mozilla/5.0 (Windows NT 6.1; rv:44.0) Gecko/20100101 Firefox/44.0" "saveaslave.com"
46.46.155.143 - - [02/Mar/2016:09:59:29 -0800] "GET /images/social2.png HTTP/1.1" 200 1752 "http://saveaslave.com/in-russian" "Mozilla/5.0 (Windows NT 6.1; rv:44.0) Gecko/20100101 Firefox/44.0" "saveaslave.com"
217.69.133.59 - - [02/Mar/2016:10:00:44 -0800] "GET /ghana.html HTTP/1.1" 404 89 "-" "Mozilla/5.0 (compatible; Linux x86_64; Mail.RU_Bot/2.0; +http://go.mail.ru/help/robots)" "www.saveaslave.com"
217.69.133.28 - - [02/Mar/2016:10:01:11 -0800] "GET /iceland.html HTTP/1.1" 404 89 "-" "Mozilla/5.0 (compatible; Linux x86_64; Mail.RU_Bot/2.0; +http://go.mail.ru/help/robots)" "www.saveaslave.com"
217.69.133.30 - - [02/Mar/2016:10:01:36 -0800] "GET /iran.html HTTP/1.1" 404 89 "-" "Mozilla/5.0 (compatible; Linux x86_64; Mail.RU_Bot/2.0; +http://go.mail.ru/help/robots)" "www.saveaslave.com"
141.8.143.176 - - [02/Mar/2016:10:31:32 -0800] "GET / HTTP/1.1" 200 100441 "-" "Mozilla/5.0 (compatible; YandexBot/3.0; +http://yandex.com/bots)" "saveaslave.com"
180.76.15.15 - - [02/Mar/2016:11:15:45 -0800] "GET /addlink.php?page=kiribati.html HTTP/1.1" 200 12523 "-" "Mozilla/5.0 (compatible; Baiduspider/2.0; +http://www.baidu.com/search/spider.html)" "www.saveaslave.com"
207.46.13.138 - - [02/Mar/2016:11:27:52 -0800] "GET /rwanda.html HTTP/1.1" 404 89 "-" "msnbot-media/1.1 (+http://search.msn.com/msnbot.htm)" "www.saveaslave.com"
217.69.133.192 - - [02/Mar/2016:11:32:53 -0800] "GET /robots.txt HTTP/1.1" 200 48 "-" "Mozilla/5.0 (compatible; Linux x86_64; Mail.RU_Bot/2.0; +http://go.mail.ru/help/robots)" "www.saveaslave.com"
217.69.133.72 - - [02/Mar/2016:11:36:41 -0800] "GET /kyrgyzstan.html HTTP/1.1" 404 89 "-" "Mozilla/5.0 (compatible; Linux x86_64; Mail.RU_Bot/2.0; +http://go.mail.ru/help/robots)" "saveaslave.com"
50.204.181.70 - - [02/Mar/2016:11:44:57 -0800] "GET /css/style.css HTTP/1.1" 200 7938 "http://saveaslave.com/" "Mozilla/5.0 (Macintosh; Intel Mac OS X 10_10_3) AppleWebKit/537.36 (KHTML, like Gecko) Chrome/48.0.2564.109 Safari/537.36" "saveaslave.com"
50.204.181.70 - - [02/Mar/2016:11:44:57 -0800] "GET /css/elements.css HTTP/1.1" 200 17857 "http://saveaslave.com/" "Mozilla/5.0 (Macintosh; Intel Mac OS X 10_10_3) AppleWebKit/537.36 (KHTML, like Gecko) Chrome/48.0.2564.109 Safari/537.36" "saveaslave.com"
50.204.181.70 - - [02/Mar/2016:11:44:57 -0800] "GET /gfeedfetcher.js HTTP/1.1" 200 9018 "http://saveaslave.com/" "Mozilla/5.0 (Macintosh; Intel Mac OS X 10_10_3) AppleWebKit/537.36 (KHTML, like Gecko) Chrome/48.0.2564.109 Safari/537.36" "saveaslave.com"
50.204.181.70 - - [02/Mar/2016:11:44:57 -0800] "GET /css/bootstrap.min.css HTTP/1.1" 200 123578 "http://saveaslave.com/" "Mozilla/5.0 (Macintosh; Intel Mac OS X 10_10_3) AppleWebKit/537.36 (KHTML, like Gecko) Chrome/48.0.2564.109 Safari/537.36" "saveaslave.com"
50.204.181.70 - - [02/Mar/2016:11:44:57 -0800] "GET /js/bootstrap.min.js HTTP/1.1" 200 37055 "http://saveaslave.com/" "Mozilla/5.0 (Macintosh; Intel Mac OS X 10_10_3) AppleWebKit/537.36 (KHTML, like Gecko) Chrome/48.0.2564.109 Safari/537.36" "saveaslave.com"
50.204.181.70 - - [02/Mar/2016:11:44:57 -0800] "GET /images/article/end_it.jpg HTTP/1.1" 200 33676 "http://saveaslave.com/" "Mozilla/5.0 (Macintosh; Intel Mac OS X 10_10_3) AppleWebKit/537.36 (KHTML, like Gecko) Chrome/48.0.2564.109 Safari/537.36" "saveaslave.com"
50.204.181.70 - - [02/Mar/2016:11:44:57 -0800] "GET /images/social2.png HTTP/1.1" 200 1752 "http://saveaslave.com/" "Mozilla/5.0 (Macintosh; Intel Mac OS X 10_10_3) AppleWebKit/537.36 (KHTML, like Gecko) Chrome/48.0.2564.109 Safari/537.36" "saveaslave.com"
50.204.181.70 - - [02/Mar/2016:11:44:57 -0800] "GET /images/social1.png HTTP/1.1" 200 2012 "http://saveaslave.com/" "Mozilla/5.0 (Macintosh; Intel Mac OS X 10_10_3) AppleWebKit/537.36 (KHTML, like Gecko) Chrome/48.0.2564.109 Safari/537.36" "saveaslave.com"
50.204.181.70 - - [02/Mar/2016:11:44:57 -0800] "GET /images/social3.png HTTP/1.1" 200 4343 "http://saveaslave.com/" "Mozilla/5.0 (Macintosh; Intel Mac OS X 10_10_3) AppleWebKit/537.36 (KHTML, like Gecko) Chrome/48.0.2564.109 Safari/537.36" "saveaslave.com"
50.204.181.70 - - [02/Mar/2016:11:44:57 -0800] "GET /images/article/2239.jpg HTTP/1.1" 200 89745 "http://saveaslave.com/" "Mozilla/5.0 (Macintosh; Intel Mac OS X 10_10_3) AppleWebKit/537.36 (KHTML, like Gecko) Chrome/48.0.2564.109 Safari/537.36" "saveaslave.com"
50.204.181.70 - - [02/Mar/2016:11:44:58 -0800] "GET /css/down-arrow.png HTTP/1.1" 404 89 "http://saveaslave.com/css/elements.css" "Mozilla/5.0 (Macintosh; Intel Mac OS X 10_10_3) AppleWebKit/537.36 (KHTML, like Gecko) Chrome/48.0.2564.109 Safari/537.36" "saveaslave.com"
50.204.181.70 - - [02/Mar/2016:11:45:08 -0800] "GET /ico/favicon-96x96.png HTTP/1.1" 200 4476 "http://saveaslave.com/" "Mozilla/5.0 (Macintosh; Intel Mac OS X 10_10_3) AppleWebKit/537.36 (KHTML, like Gecko) Chrome/48.0.2564.109 Safari/537.36" "saveaslave.com"
50.204.181.70 - - [02/Mar/2016:11:45:08 -0800] "GET /ico/favicon-32x32.png HTTP/1.1" 200 1892 "http://saveaslave.com/" "Mozilla/5.0 (Macintosh; Intel Mac OS X 10_10_3) AppleWebKit/537.36 (KHTML, like Gecko) Chrome/48.0.2564.109 Safari/537.36" "saveaslave.com"
50.204.181.70 - - [02/Mar/2016:11:45:08 -0800] "GET /ico/android-icon-192x192.png HTTP/1.1" 200 10097 "http://saveaslave.com/" "Mozilla/5.0 (Macintosh; Intel Mac OS X 10_10_3) AppleWebKit/537.36 (KHTML, like Gecko) Chrome/48.0.2564.109 Safari/537.36" "saveaslave.com"
157.55.39.216 - - [02/Mar/2016:11:45:57 -0800] "GET /tanzania.html HTTP/1.1" 404 89 "-" "msnbot-media/1.1 (+http://search.msn.com/msnbot.htm)" "www.saveaslave.com"
208.115.113.86 - - [02/Mar/2016:11:49:28 -0800] "GET /article.php?id=24 HTTP/1.1" 200 58519 "-" "Mozilla/5.0 (compatible; DotBot/1.1; http://www.opensiteexplorer.org/dotbot, help@moz.com)" "saveaslave.com"
216.59.110.18 - - [02/Mar/2016:12:11:46 -0800] "GET / HTTP/1.1" 200 100369 "https://www.google.com/" "Mozilla/5.0 (Windows NT 6.3; WOW64) AppleWebKit/537.36 (KHTML, like Gecko) Chrome/48.0.2564.116 Safari/537.36" "www.saveaslave.com"
216.59.110.18 - - [02/Mar/2016:12:11:46 -0800] "GET /gajaxscroller.js HTTP/1.1" 200 9774 "http://www.saveaslave.com/" "Mozilla/5.0 (Windows NT 6.3; WOW64) AppleWebKit/537.36 (KHTML, like Gecko) Chrome/48.0.2564.116 Safari/537.36" "www.saveaslave.com"
216.59.110.18 - - [02/Mar/2016:12:11:46 -0800] "GET /css/down-arrow.png HTTP/1.1" 404 89 "http://www.saveaslave.com/css/elements.css" "Mozilla/5.0 (Windows NT 6.3; WOW64) AppleWebKit/537.36 (KHTML, like Gecko) Chrome/48.0.2564.116 Safari/537.36" "www.saveaslave.com"
216.59.110.18 - - [02/Mar/2016:12:11:48 -0800] "GET /ico/favicon-32x32.png HTTP/1.1" 200 1892 "http://www.saveaslave.com/" "Mozilla/5.0 (Windows NT 6.3; WOW64) AppleWebKit/537.36 (KHTML, like Gecko) Chrome/48.0.2564.116 Safari/537.36" "www.saveaslave.com"
178.255.215.78 - - [02/Mar/2016:12:13:51 -0800] "GET /robots.txt HTTP/1.1" 200 48 "-" "Mozilla/5.0 (compatible; Exabot/3.0; +http://www.exabot.com/go/robot)" "www.saveaslave.com"
178.255.215.78 - - [02/Mar/2016:12:13:51 -0800] "GET /bahamas.html HTTP/1.1" 404 89 "-" "Mozilla/5.0 (compatible; Exabot/3.0; +http://www.exabot.com/go/robot)" "www.saveaslave.com"
208.115.113.86 - - [02/Mar/2016:12:43:28 -0800] "GET /robots.txt HTTP/1.1" 200 48 "-" "Mozilla/5.0 (compatible; DotBot/1.1; http://www.opensiteexplorer.org/dotbot, help@moz.com)" "www.saveaslave.com"
87.110.146.186 - - [02/Mar/2016:12:55:48 -0800] "GET /photos/article7.jpg HTTP/1.1" 404 89 "http://www.google.lv/blank.html" "Mozilla/5.0 (Linux; U; Android 4.4.2; ru-ru; SM-G3815 Build/KOT49H) AppleWebKit/534.30 (KHTML, like Gecko) Version/4.0 Mobile Safari/534.30" "saveaslave.com"
217.69.133.29 - - [02/Mar/2016:13:07:56 -0800] "GET /robots.txt HTTP/1.1" 200 48 "-" "Mozilla/5.0 (compatible; Linux x86_64; Mail.RU_Bot/2.0; +http://go.mail.ru/help/robots)" "www.saveaslave.com"
65.36.241.48 - - [02/Mar/2016:13:13:23 -0800] "HEAD / HTTP/1.1" 200 0 "-" "InternetSeer.com" "www.saveaslave.com"
217.69.133.72 - - [02/Mar/2016:13:14:00 -0800] "GET /nicaragua.html HTTP/1.1" 404 89 "-" "Mozilla/5.0 (compatible; Linux x86_64; Mail.RU_Bot/2.0; +http://go.mail.ru/help/robots)" "www.saveaslave.com"
208.115.113.94 - - [02/Mar/2016:13:24:51 -0800] "GET /robots.txt HTTP/1.1" 200 48 "-" "Mozilla/5.0 (compatible; DotBot/1.1; http://www.opensiteexplorer.org/dotbot, help@moz.com)" "saveaslave.com"
207.46.13.138 - - [02/Mar/2016:13:36:02 -0800] "GET /robots.txt HTTP/1.1" 200 48 "-" "Mozilla/5.0 (compatible; bingbot/2.0; +http://www.bing.com/bingbot.htm)" "www.saveaslave.com"
207.46.13.24 - - [02/Mar/2016:14:04:29 -0800] "GET /wake-island.html HTTP/1.1" 404 89 "-" "msnbot-media/1.1 (+http://search.msn.com/msnbot.htm)" "www.saveaslave.com"
123.125.71.38 - - [02/Mar/2016:14:30:51 -0800] "GET /robots.txt HTTP/1.1" 200 48 "-" "Mozilla/5.0 (compatible; Baiduspider/2.0; +http://www.baidu.com/search/spider.html)" "www.saveaslave.com"
199.58.86.209 - - [02/Mar/2016:14:38:40 -0800] "GET /robots.txt HTTP/1.1" 200 48 "-" "Mozilla/5.0 (compatible; MJ12bot/v1.4.5; http://www.majestic12.co.uk/bot.php?+)" "www.saveaslave.com"
65.36.241.48 - - [02/Mar/2016:14:38:42 -0800] "HEAD / HTTP/1.1" 200 0 "-" "InternetSeer.com" "www.saveaslave.com"
199.58.86.209 - - [02/Mar/2016:14:38:43 -0800] "GET /listlink.php HTTP/1.1" 200 29450 "-" "Mozilla/5.0 (compatible; MJ12bot/v1.4.5; http://www.majestic12.co.uk/bot.php?+)" "www.saveaslave.com"
199.58.86.209 - - [02/Mar/2016:14:38:44 -0800] "GET /news1.php HTTP/1.1" 200 73 "-" "Mozilla/5.0 (compatible; MJ12bot/v1.4.5; http://www.majestic12.co.uk/bot.php?+)" "www.saveaslave.com"
217.69.133.29 - - [02/Mar/2016:14:42:18 -0800] "GET /robots.txt HTTP/1.1" 200 48 "-" "Mozilla/5.0 (compatible; Linux x86_64; Mail.RU_Bot/2.0; +http://go.mail.ru/help/robots)" "www.saveaslave.com"
217.69.133.31 - - [02/Mar/2016:14:52:43 -0800] "GET /fiji.html HTTP/1.1" 404 89 "-" "Mozilla/5.0 (compatible; Linux x86_64; Mail.RU_Bot/2.0; +http://go.mail.ru/help/robots)" "www.saveaslave.com"
54.172.16.189 - - [02/Mar/2016:15:09:48 -0800] "GET / HTTP/1.1" 200 100441 "-" "-" "saveaslave.com"
51.255.65.29 - - [02/Mar/2016:15:16:54 -0800] "GET /belgium.html HTTP/1.1" 404 89 "-" "Mozilla/5.0 (compatible; AhrefsBot/5.0; +http://ahrefs.com/robot/)" "saveaslave.com"
208.115.113.86 - - [02/Mar/2016:15:51:14 -0800] "GET /article.php?id=20 HTTP/1.1" 200 62838 "-" "Mozilla/5.0 (compatible; DotBot/1.1; http://www.opensiteexplorer.org/dotbot, help@moz.com)" "saveaslave.com"
65.36.241.48 - - [02/Mar/2016:16:06:33 -0800] "HEAD / HTTP/1.1" 200 0 "-" "InternetSeer.com" "www.saveaslave.com"
217.69.133.59 - - [02/Mar/2016:16:19:50 -0800] "GET /togo.html HTTP/1.1" 404 89 "-" "Mozilla/5.0 (compatible; Linux x86_64; Mail.RU_Bot/2.0; +http://go.mail.ru/help/robots)" "www.saveaslave.com"
54.173.10.37 - - [02/Mar/2016:17:14:17 -0800] "GET / HTTP/1.1" 200 100441 "-" "-" "saveaslave.com"
51.255.65.94 - - [02/Mar/2016:17:26:34 -0800] "GET / HTTP/1.1" 200 100441 "-" "Mozilla/5.0 (compatible; AhrefsBot/5.0; +http://ahrefs.com/robot/)" "www.saveaslave.com"
51.255.65.49 - - [02/Mar/2016:17:45:07 -0800] "GET /cuba.html HTTP/1.1" 404 89 "-" "Mozilla/5.0 (compatible; AhrefsBot/5.0; +http://ahrefs.com/robot/)" "saveaslave.com"
178.255.215.78 - - [02/Mar/2016:17:52:23 -0800] "GET /robots.txt HTTP/1.1" 200 48 "-" "Mozilla/5.0 (compatible; Exabot/3.0; +http://www.exabot.com/go/robot)" "saveaslave.com"
178.255.215.78 - - [02/Mar/2016:17:52:27 -0800] "GET /index.php HTTP/1.1" 200 100441 "-" "Mozilla/5.0 (compatible; Exabot/3.0; +http://www.exabot.com/go/robot)" "saveaslave.com"
217.69.133.28 - - [02/Mar/2016:17:53:44 -0800] "GET /bahamas.html HTTP/1.1" 404 89 "-" "Mozilla/5.0 (compatible; Linux x86_64; Mail.RU_Bot/2.0; +http://go.mail.ru/help/robots)" "www.saveaslave.com"
208.115.113.86 - - [02/Mar/2016:17:59:03 -0800] "GET /article.php?id=1 HTTP/1.1" 200 57548 "-" "Mozilla/5.0 (compatible; DotBot/1.1; http://www.opensiteexplorer.org/dotbot, help@moz.com)" "www.saveaslave.com"
54.173.10.37 - - [02/Mar/2016:18:08:41 -0800] "GET / HTTP/1.1" 200 100441 "-" "-" "saveaslave.com"
136.243.5.87 - - [02/Mar/2016:18:08:41 -0800] "GET /article.php?id=84 HTTP/1.1" 200 776 "-" "Mozilla/5.0 (compatible; MJ12bot/v1.4.5; http://www.majestic12.co.uk/bot.php?+)" "www.saveaslave.com"
54.173.10.37 - - [02/Mar/2016:18:10:04 -0800] "GET / HTTP/1.1" 200 100441 "-" "-" "saveaslave.com"
