194.114.133.131 - - [01/Jun/2016:09:01:41 -0700] "GET /mailto:saveaslave@aol.com?Subject=Contact%20from%20saveaslave.com HTTP/1.1" 404 89 "-" "Mozilla/5.0 (X11; Linux x86_64) AppleWebKit/535.21 (KHTML, like Gecko) Chrome/19.0.1042.0 Safari/535.21" "saveaslave.com"
70.62.123.234 - - [01/Jun/2016:09:01:55 -0700] "GET /our-supporters.php HTTP/1.1" 200 55478 "http://www.anonymz.com/?http://saveaslave.com/our-supporters.php" "Mozilla/5.0 (Macintosh; Intel Mac OS X 10_11_1) AppleWebKit/537.36 (KHTML, like Gecko) Chrome/50.0.2661.102 Safari/537.36" "saveaslave.com"
70.62.123.234 - - [01/Jun/2016:09:01:55 -0700] "GET /images/supporters/Free-the-Slaves.png HTTP/1.1" 200 9388 "http://saveaslave.com/our-supporters.php" "Mozilla/5.0 (Macintosh; Intel Mac OS X 10_11_1) AppleWebKit/537.36 (KHTML, like Gecko) Chrome/50.0.2661.102 Safari/537.36" "saveaslave.com"
70.62.123.234 - - [01/Jun/2016:09:01:55 -0700] "GET /images/supporters/wif_logo.jpg HTTP/1.1" 200 13227 "http://saveaslave.com/our-supporters.php" "Mozilla/5.0 (Macintosh; Intel Mac OS X 10_11_1) AppleWebKit/537.36 (KHTML, like Gecko) Chrome/50.0.2661.102 Safari/537.36" "saveaslave.com"
70.62.123.234 - - [01/Jun/2016:09:01:55 -0700] "GET /images/supporters/a21-logo.png HTTP/1.1" 200 6163 "http://saveaslave.com/our-supporters.php" "Mozilla/5.0 (Macintosh; Intel Mac OS X 10_11_1) AppleWebKit/537.36 (KHTML, like Gecko) Chrome/50.0.2661.102 Safari/537.36" "saveaslave.com"
70.62.123.234 - - [01/Jun/2016:09:01:55 -0700] "GET /images/supporters/sharehope.png HTTP/1.1" 200 6261 "http://saveaslave.com/our-supporters.php" "Mozilla/5.0 (Macintosh; Intel Mac OS X 10_11_1) AppleWebKit/537.36 (KHTML, like Gecko) Chrome/50.0.2661.102 Safari/537.36" "saveaslave.com"
70.62.123.234 - - [01/Jun/2016:09:01:55 -0700] "GET /images/supporters/fpo-logo.gif HTTP/1.1" 200 3097 "http://saveaslave.com/our-supporters.php" "Mozilla/5.0 (Macintosh; Intel Mac OS X 10_11_1) AppleWebKit/537.36 (KHTML, like Gecko) Chrome/50.0.2661.102 Safari/537.36" "saveaslave.com"
70.62.123.234 - - [01/Jun/2016:09:01:55 -0700] "GET /images/supporters/rescue-foundation.jpg HTTP/1.1" 200 3083 "http://saveaslave.com/our-supporters.php" "Mozilla/5.0 (Macintosh; Intel Mac OS X 10_11_1) AppleWebKit/537.36 (KHTML, like Gecko) Chrome/50.0.2661.102 Safari/537.36" "saveaslave.com"
70.62.123.234 - - [01/Jun/2016:09:01:56 -0700] "GET /images/supporters/ApneAap_logo.png HTTP/1.1" 200 8305 "http://saveaslave.com/our-supporters.php" "Mozilla/5.0 (Macintosh; Intel Mac OS X 10_11_1) AppleWebKit/537.36 (KHTML, like Gecko) Chrome/50.0.2661.102 Safari/537.36" "saveaslave.com"
70.62.123.234 - - [01/Jun/2016:09:01:56 -0700] "GET /images/supporters/maitilogo.png HTTP/1.1" 200 12792 "http://saveaslave.com/our-supporters.php" "Mozilla/5.0 (Macintosh; Intel Mac OS X 10_11_1) AppleWebKit/537.36 (KHTML, like Gecko) Chrome/50.0.2661.102 Safari/537.36" "saveaslave.com"
70.62.123.234 - - [01/Jun/2016:09:01:56 -0700] "GET /images/social2.png HTTP/1.1" 200 1752 "http://saveaslave.com/our-supporters.php" "Mozilla/5.0 (Macintosh; Intel Mac OS X 10_11_1) AppleWebKit/537.36 (KHTML, like Gecko) Chrome/50.0.2661.102 Safari/537.36" "saveaslave.com"
70.62.123.234 - - [01/Jun/2016:09:01:56 -0700] "GET /images/supporters/pacific.jpg HTTP/1.1" 200 8249 "http://saveaslave.com/our-supporters.php" "Mozilla/5.0 (Macintosh; Intel Mac OS X 10_11_1) AppleWebKit/537.36 (KHTML, like Gecko) Chrome/50.0.2661.102 Safari/537.36" "saveaslave.com"[0]
70.62.123.234 - - [01/Jun/2016:09:01:56 -0700] "GET /images/supporters/gems.jpg HTTP/1.1" 200 5045 "http://saveaslave.com/our-supporters.php" "Mozilla/5.0 (Macintosh; Intel Mac OS X 10_11_1) AppleWebKit/537.36 (KHTML, like Gecko) Chrome/50.0.2661.102 Safari/537.36" "saveaslave.com"
70.62.123.234 - - [01/Jun/2016:09:01:56 -0700] "GET /images/supporters/trucker.jpg HTTP/1.1" 200 6096 "http://saveaslave.com/our-supporters.php" "Mozilla/5.0 (Macintosh; Intel Mac OS X 10_11_1) AppleWebKit/537.36 (KHTML, like Gecko) Chrome/50.0.2661.102 Safari/537.36" "saveaslave.com"
70.62.123.234 - - [01/Jun/2016:09:01:57 -0700] "GET /ico/favicon-16x16.png HTTP/1.1" 200 1129 "http://saveaslave.com/our-supporters.php" "Mozilla/5.0 (Macintosh; Intel Mac OS X 10_11_1) AppleWebKit/537.36 (KHTML, like Gecko) Chrome/50.0.2661.102 Safari/537.36" "saveaslave.com"
70.62.123.234 - - [01/Jun/2016:09:02:49 -0700] "GET /contact-us.php HTTP/1.1" 200 30488 "http://www.anonymz.com/?http://saveaslave.com/contact-us.php" "Mozilla/5.0 (Macintosh; Intel Mac OS X 10_11_1) AppleWebKit/537.36 (KHTML, like Gecko) Chrome/50.0.2661.102 Safari/537.36" "saveaslave.com"[1]
176.123.29.241 - - [01/Jun/2016:09:15:31 -0700] "GET / HTTP/1.1" 200 89069 "-" "Mozilla/5.0 (Windows; U; Windows NT 5.1; it; rv:1.8.1.11) Gecko/20071127 Firefox/2.0.0.11" "www.saveaslave.com"[0]
208.115.113.86 - - [01/Jun/2016:09:27:53 -0700] "GET /article.php?id=8 HTTP/1.1" 200 54771 "-" "Mozilla/5.0 (compatible; DotBot/1.1; http://www.opensiteexplorer.org/dotbot, help@moz.com)" "saveaslave.com"
172.110.22.91 - - [01/Jun/2016:09:53:53 -0700] "GET / HTTP/1.1" 200 89069 "-" "Java/1.8.0_91" "saveaslave.com"
81.171.57.125 - - [01/Jun/2016:10:25:40 -0700] "GET /site/?page_id=28 HTTP/1.1" 404 89 "http://saveaslave.com/" "Mozilla/5.0 (Macintosh; Intel Mac OS X 10_10_1) AppleWebKit/600.2.5 (KHTML, like Gecko) Version/8.0.2 Safari/600.2.5" "saveaslave.com"[0]
51.254.131.245 - - [01/Jun/2016:10:35:14 -0700] "GET /robots.txt HTTP/1.1" 200 48 "-" "Mozilla/5.0 (compatible; MJ12bot/v1.4.5; http://www.majestic12.co.uk/bot.php?+)" "saveaslave.com"
52.87.192.228 - - [01/Jun/2016:10:40:09 -0700] "GET / HTTP/1.1" 200 89069 "-" "-" "saveaslave.com"
217.69.136.204 - - [01/Jun/2016:10:50:14 -0700] "GET /robots.txt HTTP/1.1" 200 48 "-" "Mozilla/5.0 (compatible; Linux x86_64; Mail.RU_Bot/2.0; +http://go.mail.ru/help/robots)" "www.saveaslave.com"
217.69.136.208 - - [01/Jun/2016:10:50:34 -0700] "GET /robots.txt HTTP/1.1" 200 48 "-" "Mozilla/5.0 (compatible; Linux x86_64; Mail.RU_Bot/2.0; +http://go.mail.ru/help/robots)" "saveaslave.com"[0]
217.69.136.203 - - [01/Jun/2016:10:50:53 -0700] "GET /usa.html HTTP/1.1" 404 89 "-" "Mozilla/5.0 (compatible; Linux x86_64; Mail.RU_Bot/2.0; +http://go.mail.ru/help/robots)" "www.saveaslave.com"
217.69.136.209 - - [01/Jun/2016:10:51:38 -0700] "GET /faq/default.html HTTP/1.1" 404 89 "-" "Mozilla/5.0 (compatible; Linux x86_64; Mail.RU_Bot/2.0; +http://go.mail.ru/help/robots)" "saveaslave.com"
104.131.147.112 - - [01/Jun/2016:10:56:20 -0700] "GET / HTTP/1.1" 200 89069 "-" "Mozilla/5.0 (compatible; Gluten Free Crawler/1.0; +http://glutenfreepleasure.com/)" "www.saveaslave.com"
164.132.161.36 - - [01/Jun/2016:10:56:26 -0700] "GET /whoweare.html HTTP/1.1" 404 89 "-" "Mozilla/5.0 (compatible; AhrefsBot/5.1; +http://ahrefs.com/robot/)" "www.saveaslave.com"
157.55.39.183 - - [01/Jun/2016:11:19:44 -0700] "GET /Magazines.html HTTP/1.1" 404 89 "-" "Mozilla/5.0 (compatible; bingbot/2.0; +http://www.bing.com/bingbot.htm)" "saveaslave.com"
65.36.241.48 - - [01/Jun/2016:11:52:01 -0700] "GET / HTTP/1.1" 200 89069 "-" "InternetSeer.com" "www.saveaslave.com"
51.255.65.44 - - [01/Jun/2016:13:30:37 -0700] "GET /ecuador.html HTTP/1.1" 404 89 "-" "Mozilla/5.0 (compatible; AhrefsBot/5.1; +http://ahrefs.com/robot/)" "saveaslave.com"
217.69.136.210 - - [01/Jun/2016:13:52:33 -0700] "GET /about/default.html HTTP/1.1" 404 89 "-" "Mozilla/5.0 (compatible; Linux x86_64; Mail.RU_Bot/2.0; +http://go.mail.ru/help/robots)" "saveaslave.com"
65.36.241.48 - - [01/Jun/2016:13:52:44 -0700] "HEAD / HTTP/1.1" 200 0 "-" "InternetSeer.com" "www.saveaslave.com"
217.69.136.210 - - [01/Jun/2016:13:53:21 -0700] "GET /stvincent.html HTTP/1.1" 404 89 "-" "Mozilla/5.0 (compatible; Linux x86_64; Mail.RU_Bot/2.0; +http://go.mail.ru/help/robots)" "www.saveaslave.com"
86.57.255.90 - - [01/Jun/2016:14:01:53 -0700] "GET /images/help/help_captcha.jpg HTTP/1.1" 200 53496 "https://www.google.com/" "Mozilla/5.0 (Windows NT 6.3; WOW64) AppleWebKit/537.36 (KHTML, like Gecko) Chrome/50.0.2661.102 Safari/537.36" "saveaslave.com"
50.112.226.56 - - [01/Jun/2016:14:07:38 -0700] "GET / HTTP/1.1" 200 89069 "-" "Mozilla/5.0 (X11; U; Linux i686; en-US; rv:1.9.0.2) Gecko/2008092313 Ubuntu/8.04 (hardy) Firefox/3.1.6" "saveaslave.com"
72.227.168.125 - - [01/Jun/2016:14:15:59 -0700] "GET /css/style-pages.css HTTP/1.1" 200 9894 "http://saveaslave.com/" "Mozilla/5.0 (Macintosh; Intel Mac OS X 10_11_4) AppleWebKit/537.36 (KHTML, like Gecko) Chrome/50.0.2661.102 Safari/537.36" "saveaslave.com"
72.227.168.125 - - [01/Jun/2016:14:15:59 -0700] "GET /images/logo2.png HTTP/1.1" 200 18525 "http://saveaslave.com/" "Mozilla/5.0 (Macintosh; Intel Mac OS X 10_11_4) AppleWebKit/537.36 (KHTML, like Gecko) Chrome/50.0.2661.102 Safari/537.36" "saveaslave.com"
72.227.168.125 - - [01/Jun/2016:14:16:00 -0700] "GET /images/select-arrow.png HTTP/1.1" 200 1118 "http://saveaslave.com/css/style.css" "Mozilla/5.0 (Macintosh; Intel Mac OS X 10_11_4) AppleWebKit/537.36 (KHTML, like Gecko) Chrome/50.0.2661.102 Safari/537.36" "saveaslave.com"
72.227.168.125 - - [01/Jun/2016:14:16:00 -0700] "GET /images/cover1.jpg HTTP/1.1" 200 253658 "http://saveaslave.com/" "Mozilla/5.0 (Macintosh; Intel Mac OS X 10_11_4) AppleWebKit/537.36 (KHTML, like Gecko) Chrome/50.0.2661.102 Safari/537.36" "saveaslave.com"
72.227.168.125 - - [01/Jun/2016:14:16:00 -0700] "GET /addarticle.php HTTP/1.1" 200 13718 "http://saveaslave.com/" "Mozilla/5.0 (Macintosh; Intel Mac OS X 10_11_4) AppleWebKit/537.36 (KHTML, like Gecko) Chrome/50.0.2661.102 Safari/537.36" "saveaslave.com"
72.227.168.125 - - [01/Jun/2016:14:16:02 -0700] "GET /favicon.ico HTTP/1.1" 404 89 "http://saveaslave.com/" "Mozilla/5.0 (Macintosh; Intel Mac OS X 10_11_4) AppleWebKit/537.36 (KHTML, like Gecko) Chrome/50.0.2661.102 Safari/537.36" "saveaslave.com"
72.227.168.125 - - [01/Jun/2016:14:16:03 -0700] "GET /ico/favicon-16x16.png HTTP/1.1" 200 1129 "http://saveaslave.com/" "Mozilla/5.0 (Macintosh; Intel Mac OS X 10_11_4) AppleWebKit/537.36 (KHTML, like Gecko) Chrome/50.0.2661.102 Safari/537.36" "saveaslave.com"
72.227.168.125 - - [01/Jun/2016:14:16:03 -0700] "GET /ico/favicon-96x96.png HTTP/1.1" 200 4476 "http://saveaslave.com/" "Mozilla/5.0 (Macintosh; Intel Mac OS X 10_11_4) AppleWebKit/537.36 (KHTML, like Gecko) Chrome/50.0.2661.102 Safari/537.36" "saveaslave.com"
72.227.168.125 - - [01/Jun/2016:14:16:03 -0700] "GET /ico/favicon-32x32.png HTTP/1.1" 200 1892 "http://saveaslave.com/" "Mozilla/5.0 (Macintosh; Intel Mac OS X 10_11_4) AppleWebKit/537.36 (KHTML, like Gecko) Chrome/50.0.2661.102 Safari/537.36" "saveaslave.com"
72.227.168.125 - - [01/Jun/2016:14:16:03 -0700] "GET /ico/android-icon-192x192.png HTTP/1.1" 200 10097 "http://saveaslave.com/" "Mozilla/5.0 (Macintosh; Intel Mac OS X 10_11_4) AppleWebKit/537.36 (KHTML, like Gecko) Chrome/50.0.2661.102 Safari/537.36" "saveaslave.com"
149.202.44.177 - - [01/Jun/2016:14:16:30 -0700] "GET / HTTP/1.1" 200 89033 "http://burger-imperia.com/" "Mozilla/5.0 (X11; Linux x86_64) AppleWebKit/537.36 (KHTML, like Gecko) Chrome/37.0.2062.120 Safari/537.36" "saveaslave.com"[0]
72.227.168.125 - - [01/Jun/2016:14:17:10 -0700] "GET /contact-us.php HTTP/1.1" 200 30488 "http://saveaslave.com/" "Mozilla/5.0 (Macintosh; Intel Mac OS X 10_11_4) AppleWebKit/537.36 (KHTML, like Gecko) Chrome/50.0.2661.102 Safari/537.36" "saveaslave.com"
72.227.168.125 - - [01/Jun/2016:14:17:10 -0700] "GET /images/top-1.jpg HTTP/1.1" 200 77341 "http://saveaslave.com/contact-us.php" "Mozilla/5.0 (Macintosh; Intel Mac OS X 10_11_4) AppleWebKit/537.36 (KHTML, like Gecko) Chrome/50.0.2661.102 Safari/537.36" "saveaslave.com"
72.227.168.125 - - [01/Jun/2016:14:17:17 -0700] "GET /css/down-arrow.png HTTP/1.1" 404 89 "http://saveaslave.com/css/elements.css" "Mozilla/5.0 (Macintosh; Intel Mac OS X 10_11_4) AppleWebKit/537.36 (KHTML, like Gecko) Chrome/50.0.2661.102 Safari/537.36" "saveaslave.com"
72.227.168.125 - - [01/Jun/2016:14:17:37 -0700] "GET /country.php?name=United%20States&lang=en HTTP/1.1" 200 53078 "http://saveaslave.com/index.php" "Mozilla/5.0 (Macintosh; Intel Mac OS X 10_11_4) AppleWebKit/537.36 (KHTML, like Gecko) Chrome/50.0.2661.102 Safari/537.36" "saveaslave.com"
72.227.168.125 - - [01/Jun/2016:14:17:37 -0700] "GET /images/article/article5a.jpg HTTP/1.1" 200 52731 "http://saveaslave.com/country.php?name=United%20States&lang=en" "Mozilla/5.0 (Macintosh; Intel Mac OS X 10_11_4) AppleWebKit/537.36 (KHTML, like Gecko) Chrome/50.0.2661.102 Safari/537.36" "saveaslave.com"
72.227.168.125 - - [01/Jun/2016:14:17:37 -0700] "GET /images/article/article3.jpg HTTP/1.1" 200 18354 "http://saveaslave.com/country.php?name=United%20States&lang=en" "Mozilla/5.0 (Macintosh; Intel Mac OS X 10_11_4) AppleWebKit/537.36 (KHTML, like Gecko) Chrome/50.0.2661.102 Safari/537.36" "saveaslave.com"
72.227.168.125 - - [01/Jun/2016:14:17:37 -0700] "GET /addarticle.php HTTP/1.1" 200 13682 "http://saveaslave.com/country.php?name=United%20States&lang=en" "Mozilla/5.0 (Macintosh; Intel Mac OS X 10_11_4) AppleWebKit/537.36 (KHTML, like Gecko) Chrome/50.0.2661.102 Safari/537.36" "saveaslave.com"
178.255.87.242 - - [01/Jun/2016:14:18:39 -0700] "HEAD /robots.txt HTTP/1.1" 200 0 "-" "COMODO SSL Checker" "saveaslave.com"
51.255.65.60 - - [01/Jun/2016:14:35:28 -0700] "GET /www.hijcenter.org HTTP/1.1" 404 89 "-" "Mozilla/5.0 (compatible; AhrefsBot/5.1; +http://ahrefs.com/robot/)" "www.saveaslave.com"
151.80.31.178 - - [01/Jun/2016:14:54:45 -0700] "GET /news2.php HTTP/1.1" 200 73 "-" "Mozilla/5.0 (compatible; AhrefsBot/5.1; +http://ahrefs.com/robot/)" "www.saveaslave.com"
217.69.136.205 - - [01/Jun/2016:15:22:15 -0700] "GET /robots.txt HTTP/1.1" 200 48 "-" "Mozilla/5.0 (compatible; Linux x86_64; Mail.RU_Bot/2.0; +http://go.mail.ru/help/robots)" "www.saveaslave.com"
65.36.241.48 - - [01/Jun/2016:15:53:56 -0700] "HEAD / HTTP/1.1" 200 0 "-" "InternetSeer.com" "www.saveaslave.com"
157.55.39.51 - - [01/Jun/2016:16:09:48 -0700] "GET /maldives HTTP/1.1" 404 89 "-" "msnbot-media/1.1 (+http://search.msn.com/msnbot.htm)" "www.saveaslave.com"
157.55.39.51 - - [01/Jun/2016:16:09:48 -0700] "GET /tonga HTTP/1.1" 404 89 "-" "msnbot-media/1.1 (+http://search.msn.com/msnbot.htm)" "www.saveaslave.com"
66.249.69.180 - - [01/Jun/2016:16:44:02 -0700] "GET /images/countrymap/solomon-islands-flag.gif HTTP/1.1" 404 89 "-" "Googlebot-Image/1.0" "www.saveaslave.com"
207.46.13.147 - - [01/Jun/2016:17:13:38 -0700] "GET /robots.txt HTTP/1.1" 200 48 "-" "Mozilla/5.0 (compatible; bingbot/2.0; +http://www.bing.com/bingbot.htm)" "www.saveaslave.com"
208.115.113.94 - - [01/Jun/2016:17:50:18 -0700] "GET /robots.txt HTTP/1.1" 200 48 "-" "Mozilla/5.0 (compatible; DotBot/1.1; http://www.opensiteexplorer.org/dotbot, help@moz.com)" "saveaslave.com"
42.156.254.47 - - [01/Jun/2016:17:53:47 -0700] "GET /css/elements.css HTTP/1.1" 200 17857 "http://saveaslave.com/" "YisouSpider" "saveaslave.com"[0]
58.49.82.165 - - [01/Jun/2016:18:06:36 -0700] "GET /addlink.php HTTP/1.1" 200 12853 "-" "Mozilla/5.0 (Windows NT 6.1; Trident/7.0; rv:11.0) like Gecko" "www.saveaslave.com"
61.135.190.220 - - [01/Jun/2016:18:58:58 -0700] "GET / HTTP/1.1" 200 89033 "http://m.baidu.com/s?wd=SaveAslave-InformationandEducationAboutModernDaySlavery" "Mozilla/5.0 (iPhone; CPU iPhone OS 5_0 like Mac OS X) AppleWebKit/534.46 (KHTML, like Gecko) Version/5.1 Mobile/9A334 Safari/7534.48.3" "saveaslave.com"[2]
61.135.190.220 - - [01/Jun/2016:18:59:05 -0700] "GET /gfeedfetcher.js HTTP/1.1" 200 9018 "http://saveaslave.com/" "Mozilla/5.0 (iPhone; CPU iPhone OS 5_0 like Mac OS X) AppleWebKit/534.46 (KHTML, like Gecko) Version/5.1 Mobile/9A334 Safari/7534.48.3" "saveaslave.com"
61.135.190.220 - - [01/Jun/2016:18:59:06 -0700] "GET /gajaxscroller.js HTTP/1.1" 200 9774 "http://saveaslave.com/" "Mozilla/5.0 (iPhone; CPU iPhone OS 5_0 like Mac OS X) AppleWebKit/534.46 (KHTML, like Gecko) Version/5.1 Mobile/9A334 Safari/7534.48.3" "saveaslave.com"
50.164.114.167 - - [01/Jun/2016:19:08:40 -0700] "GET / HTTP/1.1" 200 89033 "https://www.google.com/" "Mozilla/5.0 (X11; CrOS x86_64 7978.74.0) AppleWebKit/537.36 (KHTML, like Gecko) Chrome/50.0.2661.103 Safari/537.36" "www.saveaslave.com"
50.164.114.167 - - [01/Jun/2016:19:08:41 -0700] "GET /css/style.css HTTP/1.1" 200 7938 "http://www.saveaslave.com/" "Mozilla/5.0 (X11; CrOS x86_64 7978.74.0) AppleWebKit/537.36 (KHTML, like Gecko) Chrome/50.0.2661.103 Safari/537.36" "www.saveaslave.com"
50.164.114.167 - - [01/Jun/2016:19:08:41 -0700] "GET /css/elements.css HTTP/1.1" 200 17857 "http://www.saveaslave.com/" "Mozilla/5.0 (X11; CrOS x86_64 7978.74.0) AppleWebKit/537.36 (KHTML, like Gecko) Chrome/50.0.2661.103 Safari/537.36" "www.saveaslave.com"
50.164.114.167 - - [01/Jun/2016:19:08:41 -0700] "GET /assets/js/ie-emulation-modes-warning.js HTTP/1.1" 200 2130 "http://www.saveaslave.com/" "Mozilla/5.0 (X11; CrOS x86_64 7978.74.0) AppleWebKit/537.36 (KHTML, like Gecko) Chrome/50.0.2661.103 Safari/537.36" "www.saveaslave.com"
50.164.114.167 - - [01/Jun/2016:19:08:41 -0700] "GET /gfeedfetcher.js HTTP/1.1" 200 9018 "http://www.saveaslave.com/" "Mozilla/5.0 (X11; CrOS x86_64 7978.74.0) AppleWebKit/537.36 (KHTML, like Gecko) Chrome/50.0.2661.103 Safari/537.36" "www.saveaslave.com"
50.164.114.167 - - [01/Jun/2016:19:08:41 -0700] "GET /gajaxscroller.js HTTP/1.1" 200 9774 "http://www.saveaslave.com/" "Mozilla/5.0 (X11; CrOS x86_64 7978.74.0) AppleWebKit/537.36 (KHTML, like Gecko) Chrome/50.0.2661.103 Safari/537.36" "www.saveaslave.com"
50.164.114.167 - - [01/Jun/2016:19:08:41 -0700] "GET /css/bootstrap.min.css HTTP/1.1" 200 123578 "http://www.saveaslave.com/" "Mozilla/5.0 (X11; CrOS x86_64 7978.74.0) AppleWebKit/537.36 (KHTML, like Gecko) Chrome/50.0.2661.103 Safari/537.36" "www.saveaslave.com"
50.164.114.167 - - [01/Jun/2016:19:08:41 -0700] "GET /css/style-pages.css HTTP/1.1" 200 9894 "http://www.saveaslave.com/" "Mozilla/5.0 (X11; CrOS x86_64 7978.74.0) AppleWebKit/537.36 (KHTML, like Gecko) Chrome/50.0.2661.103 Safari/537.36" "www.saveaslave.com"
50.164.114.167 - - [01/Jun/2016:19:08:41 -0700] "GET /images/top.jpg HTTP/1.1" 200 50519 "http://www.saveaslave.com/" "Mozilla/5.0 (X11; CrOS x86_64 7978.74.0) AppleWebKit/537.36 (KHTML, like Gecko) Chrome/50.0.2661.103 Safari/537.36" "www.saveaslave.com"
50.164.114.167 - - [01/Jun/2016:19:08:41 -0700] "GET /images/article/end_it.jpg HTTP/1.1" 200 33676 "http://www.saveaslave.com/" "Mozilla/5.0 (X11; CrOS x86_64 7978.74.0) AppleWebKit/537.36 (KHTML, like Gecko) Chrome/50.0.2661.103 Safari/537.36" "www.saveaslave.com"
50.164.114.167 - - [01/Jun/2016:19:08:41 -0700] "GET /images/article/s1_dety_beg_d9954.jpg HTTP/1.1" 200 16968 "http://www.saveaslave.com/" "Mozilla/5.0 (X11; CrOS x86_64 7978.74.0) AppleWebKit/537.36 (KHTML, like Gecko) Chrome/50.0.2661.103 Safari/537.36" "www.saveaslave.com"
50.164.114.167 - - [01/Jun/2016:19:08:41 -0700] "GET /images/article/suspects.jpg HTTP/1.1" 200 58796 "http://www.saveaslave.com/" "Mozilla/5.0 (X11; CrOS x86_64 7978.74.0) AppleWebKit/537.36 (KHTML, like Gecko) Chrome/50.0.2661.103 Safari/537.36" "www.saveaslave.com"
50.164.114.167 - - [01/Jun/2016:19:08:41 -0700] "GET /images/social1.png HTTP/1.1" 200 2012 "http://www.saveaslave.com/" "Mozilla/5.0 (X11; CrOS x86_64 7978.74.0) AppleWebKit/537.36 (KHTML, like Gecko) Chrome/50.0.2661.103 Safari/537.36" "www.saveaslave.com"
50.164.114.167 - - [01/Jun/2016:19:08:41 -0700] "GET /images/social2.png HTTP/1.1" 200 1752 "http://www.saveaslave.com/" "Mozilla/5.0 (X11; CrOS x86_64 7978.74.0) AppleWebKit/537.36 (KHTML, like Gecko) Chrome/50.0.2661.103 Safari/537.36" "www.saveaslave.com"
50.164.114.167 - - [01/Jun/2016:19:08:41 -0700] "GET /images/social3.png HTTP/1.1" 200 4343 "http://www.saveaslave.com/" "Mozilla/5.0 (X11; CrOS x86_64 7978.74.0) AppleWebKit/537.36 (KHTML, like Gecko) Chrome/50.0.2661.103 Safari/537.36" "www.saveaslave.com"
50.164.114.167 - - [01/Jun/2016:19:08:41 -0700] "GET /images/select-arrow.png HTTP/1.1" 200 1118 "http://www.saveaslave.com/css/style.css" "Mozilla/5.0 (X11; CrOS x86_64 7978.74.0) AppleWebKit/537.36 (KHTML, like Gecko) Chrome/50.0.2661.103 Safari/537.36" "www.saveaslave.com"
50.164.114.167 - - [01/Jun/2016:19:08:41 -0700] "GET /indicator.gif HTTP/1.1" 200 878 "http://www.saveaslave.com/" "Mozilla/5.0 (X11; CrOS x86_64 7978.74.0) AppleWebKit/537.36 (KHTML, like Gecko) Chrome/50.0.2661.103 Safari/537.36" "www.saveaslave.com"
50.164.114.167 - - [01/Jun/2016:19:08:42 -0700] "GET /css/down-arrow.png HTTP/1.1" 404 89 "http://www.saveaslave.com/css/elements.css" "Mozilla/5.0 (X11; CrOS x86_64 7978.74.0) AppleWebKit/537.36 (KHTML, like Gecko) Chrome/50.0.2661.103 Safari/537.36" "www.saveaslave.com"
50.164.114.167 - - [01/Jun/2016:19:08:52 -0700] "GET /ico/android-icon-192x192.png HTTP/1.1" 200 10097 "http://www.saveaslave.com/" "Mozilla/5.0 (X11; CrOS x86_64 7978.74.0) AppleWebKit/537.36 (KHTML, like Gecko) Chrome/50.0.2661.103 Safari/537.36" "www.saveaslave.com"
50.164.114.167 - - [01/Jun/2016:19:09:10 -0700] "GET /our-supporters.php HTTP/1.1" 200 55407 "http://www.saveaslave.com/" "Mozilla/5.0 (X11; CrOS x86_64 7978.74.0) AppleWebKit/537.36 (KHTML, like Gecko) Chrome/50.0.2661.103 Safari/537.36" "www.saveaslave.com"
50.164.114.167 - - [01/Jun/2016:19:09:11 -0700] "GET /images/supporters/END.png HTTP/1.1" 200 42129 "http://www.saveaslave.com/our-supporters.php" "Mozilla/5.0 (X11; CrOS x86_64 7978.74.0) AppleWebKit/537.36 (KHTML, like Gecko) Chrome/50.0.2661.103 Safari/537.36" "www.saveaslave.com"
50.164.114.167 - - [01/Jun/2016:19:09:11 -0700] "GET /images/supporters/rescue.png HTTP/1.1" 200 9148 "http://www.saveaslave.com/our-supporters.php" "Mozilla/5.0 (X11; CrOS x86_64 7978.74.0) AppleWebKit/537.36 (KHTML, like Gecko) Chrome/50.0.2661.103 Safari/537.36" "www.saveaslave.com"
50.164.114.167 - - [01/Jun/2016:19:09:11 -0700] "GET /images/supporters/wif_logo.jpg HTTP/1.1" 200 13227 "http://www.saveaslave.com/our-supporters.php" "Mozilla/5.0 (X11; CrOS x86_64 7978.74.0) AppleWebKit/537.36 (KHTML, like Gecko) Chrome/50.0.2661.103 Safari/537.36" "www.saveaslave.com"
50.164.114.167 - - [01/Jun/2016:19:09:11 -0700] "GET /images/supporters/cocoa.png HTTP/1.1" 200 19753 "http://www.saveaslave.com/our-supporters.php" "Mozilla/5.0 (X11; CrOS x86_64 7978.74.0) AppleWebKit/537.36 (KHTML, like Gecko) Chrome/50.0.2661.103 Safari/537.36" "www.saveaslave.com"
50.164.114.167 - - [01/Jun/2016:19:09:11 -0700] "GET /images/supporters/a21-logo.png HTTP/1.1" 200 6163 "http://www.saveaslave.com/our-supporters.php" "Mozilla/5.0 (X11; CrOS x86_64 7978.74.0) AppleWebKit/537.36 (KHTML, like Gecko) Chrome/50.0.2661.103 Safari/537.36" "www.saveaslave.com"
50.164.114.167 - - [01/Jun/2016:19:09:11 -0700] "GET /images/supporters/sharehope.png HTTP/1.1" 200 6261 "http://www.saveaslave.com/our-supporters.php" "Mozilla/5.0 (X11; CrOS x86_64 7978.74.0) AppleWebKit/537.36 (KHTML, like Gecko) Chrome/50.0.2661.103 Safari/537.36" "www.saveaslave.com"
50.164.114.167 - - [01/Jun/2016:19:09:11 -0700] "GET /images/supporters/fpo-logo.gif HTTP/1.1" 200 3097 "http://www.saveaslave.com/our-supporters.php" "Mozilla/5.0 (X11; CrOS x86_64 7978.74.0) AppleWebKit/537.36 (KHTML, like Gecko) Chrome/50.0.2661.103 Safari/537.36" "www.saveaslave.com"
50.164.114.167 - - [01/Jun/2016:19:09:11 -0700] "GET /images/supporters/logo_header.jpg HTTP/1.1" 200 10679 "http://www.saveaslave.com/our-supporters.php" "Mozilla/5.0 (X11; CrOS x86_64 7978.74.0) AppleWebKit/537.36 (KHTML, like Gecko) Chrome/50.0.2661.103 Safari/537.36" "www.saveaslave.com"
50.164.114.167 - - [01/Jun/2016:19:09:11 -0700] "GET /images/supporters/gems.jpg HTTP/1.1" 200 5045 "http://www.saveaslave.com/our-supporters.php" "Mozilla/5.0 (X11; CrOS x86_64 7978.74.0) AppleWebKit/537.36 (KHTML, like Gecko) Chrome/50.0.2661.103 Safari/537.36" "www.saveaslave.com"
50.164.114.167 - - [01/Jun/2016:19:09:11 -0700] "GET /images/supporters/movements-logo-large.png HTTP/1.1" 200 3276 "http://www.saveaslave.com/our-supporters.php" "Mozilla/5.0 (X11; CrOS x86_64 7978.74.0) AppleWebKit/537.36 (KHTML, like Gecko) Chrome/50.0.2661.103 Safari/537.36" "www.saveaslave.com"
50.164.114.167 - - [01/Jun/2016:19:09:40 -0700] "GET /css/down-arrow.png HTTP/1.1" 404 89 "-" "Mozilla/5.0 (X11; CrOS x86_64 7978.74.0) AppleWebKit/537.36 (KHTML, like Gecko) Chrome/50.0.2661.103 Safari/537.36" "www.saveaslave.com"
208.115.113.86 - - [01/Jun/2016:19:24:15 -0700] "GET /article.php?id=95 HTTP/1.1" 200 776 "-" "Mozilla/5.0 (compatible; DotBot/1.1; http://www.opensiteexplorer.org/dotbot, help@moz.com)" "www.saveaslave.com"[2]
199.16.156.125 - - [01/Jun/2016:19:38:14 -0700] "GET / HTTP/1.1" 200 89069 "-" "Twitterbot/1.0" "saveaslave.com"
162.221.200.177 - - [01/Jun/2016:19:50:58 -0700] "GET /addarticle.php HTTP/1.1" 200 13718 "-" "Mozilla/5.0 (Windows NT 6.1) AppleWebKit/537.36 (KHTML, like Gecko) Chrome/41.0.2228.0 Safari/537.36" "saveaslave.com"
208.115.113.94 - - [01/Jun/2016:20:27:33 -0700] "GET /robots.txt HTTP/1.1" 200 48 "-" "Mozilla/5.0 (compatible; DotBot/1.1; http://www.opensiteexplorer.org/dotbot, help@moz.com)" "www.saveaslave.com"
208.115.113.94 - - [01/Jun/2016:20:27:33 -0700] "GET /robots.txt HTTP/1.1" 200 48 "-" "Mozilla/5.0 (compatible; DotBot/1.1; http://www.opensiteexplorer.org/dotbot, help@moz.com)" "saveaslave.com"
66.249.69.175 - - [01/Jun/2016:20:29:13 -0700] "GET /estonia HTTP/1.1" 404 89 "-" "Mozilla/5.0 (Linux; Android 6.0.1; Nexus 5X Build/MMB29P) AppleWebKit/537.36 (KHTML, like Gecko) Chrome/41.0.2272.96 Mobile Safari/537.36 (compatible; Googlebot/2.1; +http://www.google.com/bot.html)" "www.saveaslave.com"
65.36.241.48 - - [01/Jun/2016:21:10:51 -0700] "HEAD / HTTP/1.1" 200 0 "-" "InternetSeer.com" "www.saveaslave.com"
208.115.113.94 - - [01/Jun/2016:21:14:15 -0700] "GET /photo_gallery/saveaslave.net/calendar/default.html HTTP/1.1" 404 89 "-" "Mozilla/5.0 (compatible; DotBot/1.1; http://www.opensiteexplorer.org/dotbot, help@moz.com)" "saveaslave.com"
123.30.175.208 - - [01/Jun/2016:21:17:59 -0700] "GET /robots.txt HTTP/1.1" 200 48 "-" "Mozilla/5.0 (compatible; coccoc/1.0; +http://help.coccoc.com/searchengine)" "saveaslave.com"
123.30.175.210 - - [01/Jun/2016:21:18:09 -0700] "GET /addarticle.php HTTP/1.1" 200 13718 "-" "Mozilla/5.0 (compatible; coccoc/1.0; +http://help.coccoc.com/searchengine)" "saveaslave.com"
123.30.175.209 - - [01/Jun/2016:21:18:16 -0700] "GET /robots.txt HTTP/1.1" 200 48 "-" "Mozilla/5.0 (compatible; coccoc/1.0; +http://help.coccoc.com/searchengine)" "www.saveaslave.com"
217.69.136.208 - - [01/Jun/2016:21:24:43 -0700] "GET /robots.txt HTTP/1.1" 200 48 "-" "Mozilla/5.0 (compatible; Linux x86_64; Mail.RU_Bot/2.0; +http://go.mail.ru/help/robots)" "www.saveaslave.com"
69.30.214.42 - - [01/Jun/2016:21:53:28 -0700] "GET /article.php?id=13 HTTP/1.1" 200 60546 "-" "Mozilla/5.0 (compatible; MJ12bot/v1.4.5; http://www.majestic12.co.uk/bot.php?+)" "www.saveaslave.com"
208.115.113.86 - - [01/Jun/2016:22:18:27 -0700] "GET /sthelena.html HTTP/1.1" 404 89 "-" "Mozilla/5.0 (compatible; DotBot/1.1; http://www.opensiteexplorer.org/dotbot, help@moz.com)" "saveaslave.com"
37.130.227.133 - - [01/Jun/2016:22:36:12 -0700] "GET / HTTP/1.1" 200 89033 "http://burger-imperia.com/" "Mozilla/5.0 (X11; Linux x86_64) AppleWebKit/537.36 (KHTML, like Gecko) Chrome/37.0.2062.120 Safari/537.36" "saveaslave.com"
208.115.113.94 - - [01/Jun/2016:22:42:49 -0700] "GET /robots.txt HTTP/1.1" 200 48 "-" "Mozilla/5.0 (compatible; DotBot/1.1; http://www.opensiteexplorer.org/dotbot, help@moz.com)" "saveaslave.com"
65.36.241.48 - - [01/Jun/2016:22:51:50 -0700] "HEAD / HTTP/1.1" 200 0 "-" "InternetSeer.com" "www.saveaslave.com"
217.69.136.203 - - [01/Jun/2016:22:55:19 -0700] "GET /site/?cat=138 HTTP/1.1" 404 89 "-" "Mozilla/5.0 (compatible; Linux x86_64; Mail.RU_Bot/2.0; +http://go.mail.ru/help/robots)" "saveaslave.com"
217.69.136.209 - - [01/Jun/2016:22:55:20 -0700] "GET /site/?cat=111 HTTP/1.1" 404 89 "-" "Mozilla/5.0 (compatible; Linux x86_64; Mail.RU_Bot/2.0; +http://go.mail.ru/help/robots)" "saveaslave.com"
96.231.132.75 - - [01/Jun/2016:23:01:33 -0700] "GET /robots.txt HTTP/1.1" 200 48 "-" "Mozilla/4.0 (compatible; T-H-U-N-D-E-R-S-T-O-N-E)" "www.saveaslave.com"
96.231.132.75 - - [01/Jun/2016:23:01:33 -0700] "GET /News%20Alert.html HTTP/1.1" 404 89 "-" "Mozilla/4.0 (compatible; T-H-U-N-D-E-R-S-T-O-N-E)" "www.saveaslave.com"
65.36.241.48 - - [02/Jun/2016:00:15:29 -0700] "HEAD / HTTP/1.1" 200 0 "-" "InternetSeer.com" "www.saveaslave.com"
217.69.136.205 - - [02/Jun/2016:00:26:08 -0700] "GET /robots.txt HTTP/1.1" 200 48 "-" "Mozilla/5.0 (compatible; Linux x86_64; Mail.RU_Bot/2.0; +http://go.mail.ru/help/robots)" "www.saveaslave.com"
66.249.69.134 - - [02/Jun/2016:00:28:42 -0700] "GET /%5C%5C%5C%22mailto:saveaslave@aol.com?Subject=Contact%20from%20saveaslave.us%5C%5C%5C%22 HTTP/1.1" 404 89 "-" "Mozilla/5.0 (compatible; Googlebot/2.1; +http://www.google.com/bot.html)" "saveaslave.com"
5.9.111.70 - - [02/Jun/2016:00:44:52 -0700] "GET /robots.txt HTTP/1.1" 200 48 "-" "Mozilla/5.0 (compatible; MJ12bot/v1.4.5; http://www.majestic12.co.uk/bot.php?+)" "saveaslave.com"
5.9.111.70 - - [02/Jun/2016:00:44:56 -0700] "GET /?Itemid=1 HTTP/1.1" 200 89069 "-" "Mozilla/5.0 (compatible; MJ12bot/v1.4.5; http://www.majestic12.co.uk/bot.php?+)" "saveaslave.com"
208.115.113.94 - - [02/Jun/2016:01:05:29 -0700] "GET /papuanewguinea HTTP/1.1" 404 89 "-" "Mozilla/5.0 (compatible; DotBot/1.1; http://www.opensiteexplorer.org/dotbot, help@moz.com)" "saveaslave.com"
5.9.142.226 - - [02/Jun/2016:01:27:28 -0700] "GET /robots.txt HTTP/1.1" 200 48 "-" "Mozilla/5.0 (compatible; MJ12bot/v1.4.5; http://www.majestic12.co.uk/bot.php?+)" "saveaslave.com"
5.9.142.226 - - [02/Jun/2016:01:27:31 -0700] "GET /article.php?id=113 HTTP/1.1" 200 43936 "-" "Mozilla/5.0 (compatible; MJ12bot/v1.4.5; http://www.majestic12.co.uk/bot.php?+)" "saveaslave.com"[2]
5.9.142.226 - - [02/Jun/2016:01:27:35 -0700] "GET /article.php?id=62 HTTP/1.1" 200 47692 "-" "Mozilla/5.0 (compatible; MJ12bot/v1.4.5; http://www.majestic12.co.uk/bot.php?+)" "saveaslave.com"
5.9.142.226 - - [02/Jun/2016:01:27:37 -0700] "GET /contact-us.php HTTP/1.1" 200 30488 "-" "Mozilla/5.0 (compatible; MJ12bot/v1.4.5; http://www.majestic12.co.uk/bot.php?+)" "saveaslave.com"[0]
151.80.31.160 - - [02/Jun/2016:01:55:22 -0700] "GET /www.ayuda.com HTTP/1.1" 404 89 "-" "Mozilla/5.0 (compatible; AhrefsBot/5.1; +http://ahrefs.com/robot/)" "saveaslave.com"
217.69.136.203 - - [02/Jun/2016:01:57:08 -0700] "GET /robots.txt HTTP/1.1" 200 48 "-" "Mozilla/5.0 (compatible; Linux x86_64; Mail.RU_Bot/2.0; +http://go.mail.ru/help/robots)" "saveaslave.com"
217.69.136.207 - - [02/Jun/2016:01:57:12 -0700] "GET /niger.html HTTP/1.1" 404 89 "-" "Mozilla/5.0 (compatible; Linux x86_64; Mail.RU_Bot/2.0; +http://go.mail.ru/help/robots)" "www.saveaslave.com"
217.69.136.210 - - [02/Jun/2016:01:57:16 -0700] "GET /dominicanrepublic.html HTTP/1.1" 404 89 "-" "Mozilla/5.0 (compatible; Linux x86_64; Mail.RU_Bot/2.0; +http://go.mail.ru/help/robots)" "www.saveaslave.com"
217.69.136.210 - - [02/Jun/2016:01:57:22 -0700] "GET /congo.html HTTP/1.1" 404 89 "-" "Mozilla/5.0 (compatible; Linux x86_64; Mail.RU_Bot/2.0; +http://go.mail.ru/help/robots)" "www.saveaslave.com"
217.69.136.210 - - [02/Jun/2016:01:57:24 -0700] "GET /site/?cat=224 HTTP/1.1" 404 89 "-" "Mozilla/5.0 (compatible; Linux x86_64; Mail.RU_Bot/2.0; +http://go.mail.ru/help/robots)" "saveaslave.com"
180.76.15.34 - - [02/Jun/2016:02:20:41 -0700] "GET / HTTP/1.1" 200 89069 "-" "Mozilla/5.0 (compatible; Baiduspider/2.0; +http://www.baidu.com/search/spider.html)" "www.saveaslave.com"
66.249.93.201 - - [02/Jun/2016:02:31:21 -0700] "GET /css/style-pages.css HTTP/1.1" 200 9894 "http://saveaslave.com/" "Mozilla/5.0 (X11; Linux x86_64) AppleWebKit/537.36 (KHTML, like Gecko; Google Page Speed Insights) Chrome/27.0.1453 Safari/537.36" "saveaslave.com"
66.249.93.198 - - [02/Jun/2016:02:31:21 -0700] "GET /addarticle.php HTTP/1.1" 200 13718 "http://saveaslave.com/" "Mozilla/5.0 (X11; Linux x86_64) AppleWebKit/537.36 (KHTML, like Gecko; Google Page Speed Insights) Chrome/27.0.1453 Safari/537.36" "saveaslave.com"[0]
164.151.196.146 - - [02/Jun/2016:03:11:20 -0700] "GET /images/top.jpg HTTP/1.1" 200 50519 "-" "Mozilla/5.0 (Windows NT 6.1; Trident/7.0; rv:11.0) like Gecko" "www.saveaslave.com"
164.132.161.95 - - [02/Jun/2016:03:53:43 -0700] "GET /holy-see.html HTTP/1.1" 404 89 "-" "Mozilla/5.0 (compatible; AhrefsBot/5.1; +http://ahrefs.com/robot/)" "www.saveaslave.com"
94.38.206.190 - - [02/Jun/2016:04:05:13 -0700] "GET /gajaxscroller.js HTTP/1.1" 200 9774 "http://www.saveaslave.com/" "Mozilla/5.0 (Macintosh; Intel Mac OS X 10_11_4) AppleWebKit/537.36 (KHTML, like Gecko) Chrome/50.0.2661.102 Safari/537.36" "www.saveaslave.com"
94.38.206.190 - - [02/Jun/2016:04:05:14 -0700] "GET /images/article/end_it.jpg HTTP/1.1" 200 33676 "http://www.saveaslave.com/" "Mozilla/5.0 (Macintosh; Intel Mac OS X 10_11_4) AppleWebKit/537.36 (KHTML, like Gecko) Chrome/50.0.2661.102 Safari/537.36" "www.saveaslave.com"
94.38.206.190 - - [02/Jun/2016:04:05:14 -0700] "GET /images/social1.png HTTP/1.1" 200 2012 "http://www.saveaslave.com/" "Mozilla/5.0 (Macintosh; Intel Mac OS X 10_11_4) AppleWebKit/537.36 (KHTML, like Gecko) Chrome/50.0.2661.102 Safari/537.36" "www.saveaslave.com"
94.38.206.190 - - [02/Jun/2016:04:05:15 -0700] "GET /images/select-arrow.png HTTP/1.1" 200 1118 "http://www.saveaslave.com/css/style.css" "Mozilla/5.0 (Macintosh; Intel Mac OS X 10_11_4) AppleWebKit/537.36 (KHTML, like Gecko) Chrome/50.0.2661.102 Safari/537.36" "www.saveaslave.com"
66.249.69.175 - - [02/Jun/2016:04:27:04 -0700] "GET /images/social3.png HTTP/1.1" 200 4343 "-" "Googlebot-Image/1.0" "www.saveaslave.com"
51.255.65.49 - - [02/Jun/2016:04:53:28 -0700] "GET /australia.html HTTP/1.1" 404 89 "-" "Mozilla/5.0 (compatible; AhrefsBot/5.1; +http://ahrefs.com/robot/)" "www.saveaslave.com"
64.223.247.206 - - [02/Jun/2016:04:56:36 -0700] "GET /images/top-1.jpg HTTP/1.1" 200 77341 "https://www.google.com/" "Mozilla/5.0 (Windows NT 6.1; WOW64) AppleWebKit/537.36 (KHTML, like Gecko) Chrome/49.0.2623.87 Safari/537.36" "www.saveaslave.com"
217.69.136.205 - - [02/Jun/2016:04:58:38 -0700] "GET /robots.txt HTTP/1.1" 200 48 "-" "Mozilla/5.0 (compatible; Linux x86_64; Mail.RU_Bot/2.0; +http://go.mail.ru/help/robots)" "saveaslave.com"
217.69.136.208 - - [02/Jun/2016:04:58:40 -0700] "GET /site/?cat=204 HTTP/1.1" 404 89 "-" "Mozilla/5.0 (compatible; Linux x86_64; Mail.RU_Bot/2.0; +http://go.mail.ru/help/robots)" "saveaslave.com"
208.115.113.94 - - [02/Jun/2016:05:38:23 -0700] "GET /grenada HTTP/1.1" 404 89 "-" "Mozilla/5.0 (compatible; DotBot/1.1; http://www.opensiteexplorer.org/dotbot, help@moz.com)" "www.saveaslave.com"
208.115.113.94 - - [02/Jun/2016:05:38:24 -0700] "GET /timor HTTP/1.1" 404 89 "-" "Mozilla/5.0 (compatible; DotBot/1.1; http://www.opensiteexplorer.org/dotbot, help@moz.com)" "www.saveaslave.com"
51.255.65.80 - - [02/Jun/2016:05:45:03 -0700] "GET /suriname.html HTTP/1.1" 404 89 "-" "Mozilla/5.0 (compatible; AhrefsBot/5.1; +http://ahrefs.com/robot/)" "saveaslave.com"[0]
208.115.113.94 - - [02/Jun/2016:05:58:54 -0700] "GET /robots.txt HTTP/1.1" 200 48 "-" "Mozilla/5.0 (compatible; DotBot/1.1; http://www.opensiteexplorer.org/dotbot, help@moz.com)" "www.saveaslave.com"
208.115.113.86 - - [02/Jun/2016:06:00:37 -0700] "GET /robots.txt HTTP/1.1" 200 48 "-" "Mozilla/5.0 (compatible; DotBot/1.1; http://www.opensiteexplorer.org/dotbot, help@moz.com)" "www.saveaslave.com"
208.115.113.86 - - [02/Jun/2016:06:00:37 -0700] "GET /robots.txt HTTP/1.1" 200 48 "-" "Mozilla/5.0 (compatible; DotBot/1.1; http://www.opensiteexplorer.org/dotbot, help@moz.com)" "saveaslave.com"
40.77.167.34 - - [02/Jun/2016:06:03:54 -0700] "GET /coalition-members-cast.php HTTP/1.1" 200 47192 "-" "Mozilla/5.0 (compatible; bingbot/2.0; +http://www.bing.com/bingbot.htm)" "saveaslave.com"[0]
81.165.3.23 - - [02/Jun/2016:06:16:14 -0700] "GET / HTTP/1.1" 200 89069 "-" "Mozilla/5.0 (Macintosh; Intel Mac OS X 10_11_3) AppleWebKit/601.4.4 (KHTML, like Gecko) Version/9.0.3 Safari/601.4.4" "www.saveaslave.com"
81.165.3.23 - - [02/Jun/2016:06:16:15 -0700] "GET /css/elements.css HTTP/1.1" 304 - "http://www.saveaslave.com/" "Mozilla/5.0 (Macintosh; Intel Mac OS X 10_11_3) AppleWebKit/601.4.4 (KHTML, like Gecko) Version/9.0.3 Safari/601.4.4" "www.saveaslave.com"
81.165.3.23 - - [02/Jun/2016:06:16:15 -0700] "GET /gfeedfetcher.js HTTP/1.1" 200 9018 "http://www.saveaslave.com/" "Mozilla/5.0 (Macintosh; Intel Mac OS X 10_11_3) AppleWebKit/601.4.4 (KHTML, like Gecko) Version/9.0.3 Safari/601.4.4" "www.saveaslave.com"[1]
81.165.3.23 - - [02/Jun/2016:06:16:16 -0700] "GET /indicator.gif HTTP/1.1" 200 878 "http://www.saveaslave.com/" "Mozilla/5.0 (Macintosh; Intel Mac OS X 10_11_3) AppleWebKit/601.4.4 (KHTML, like Gecko) Version/9.0.3 Safari/601.4.4" "www.saveaslave.com"
81.165.3.23 - - [02/Jun/2016:06:16:16 -0700] "GET /images/social2.png HTTP/1.1" 200 1752 "http://www.saveaslave.com/" "Mozilla/5.0 (Macintosh; Intel Mac OS X 10_11_3) AppleWebKit/601.4.4 (KHTML, like Gecko) Version/9.0.3 Safari/601.4.4" "www.saveaslave.com"
81.165.3.23 - - [02/Jun/2016:06:16:16 -0700] "GET /images/social1.png HTTP/1.1" 200 2012 "http://www.saveaslave.com/" "Mozilla/5.0 (Macintosh; Intel Mac OS X 10_11_3) AppleWebKit/601.4.4 (KHTML, like Gecko) Version/9.0.3 Safari/601.4.4" "www.saveaslave.com"
81.165.3.23 - - [02/Jun/2016:06:16:16 -0700] "GET /css/down-arrow.png HTTP/1.1" 404 89 "http://www.saveaslave.com/" "Mozilla/5.0 (Macintosh; Intel Mac OS X 10_11_3) AppleWebKit/601.4.4 (KHTML, like Gecko) Version/9.0.3 Safari/601.4.4" "www.saveaslave.com"
81.165.3.23 - - [02/Jun/2016:06:16:17 -0700] "GET /addarticle.php HTTP/1.1" 200 13682 "http://www.saveaslave.com/" "Mozilla/5.0 (Macintosh; Intel Mac OS X 10_11_3) AppleWebKit/601.4.4 (KHTML, like Gecko) Version/9.0.3 Safari/601.4.4" "www.saveaslave.com"
81.165.3.23 - - [02/Jun/2016:06:16:19 -0700] "GET /ico/android-icon-192x192.png HTTP/1.1" 200 10097 "http://www.saveaslave.com/" "Mozilla/5.0 (Macintosh; Intel Mac OS X 10_11_3) AppleWebKit/601.4.4 (KHTML, like Gecko) Version/9.0.3 Safari/601.4.4" "www.saveaslave.com"[0]
207.46.13.147 - - [02/Jun/2016:06:16:44 -0700] "GET /reunion HTTP/1.1" 404 89 "-" "msnbot-media/1.1 (+http://search.msn.com/msnbot.htm)" "www.saveaslave.com"
207.46.13.147 - - [02/Jun/2016:06:21:39 -0700] "GET /Blogs.html HTTP/1.1" 404 89 "-" "msnbot-media/1.1 (+http://search.msn.com/msnbot.htm)" "www.saveaslave.com"
207.46.13.147 - - [02/Jun/2016:06:21:39 -0700] "GET /kazakhstan.html HTTP/1.1" 404 89 "-" "msnbot-media/1.1 (+http://search.msn.com/msnbot.htm)" "www.saveaslave.com"
207.46.13.147 - - [02/Jun/2016:06:21:39 -0700] "GET /somalia HTTP/1.1" 404 89 "-" "msnbot-media/1.1 (+http://search.msn.com/msnbot.htm)" "www.saveaslave.com"[0]
207.46.13.147 - - [02/Jun/2016:06:21:39 -0700] "GET /ethiopia HTTP/1.1" 404 89 "-" "msnbot-media/1.1 (+http://search.msn.com/msnbot.htm)" "www.saveaslave.com"
207.46.13.147 - - [02/Jun/2016:06:21:39 -0700] "GET /lebanon HTTP/1.1" 404 89 "-" "msnbot-media/1.1 (+http://search.msn.com/msnbot.htm)" "www.saveaslave.com"[0]
207.46.13.147 - - [02/Jun/2016:06:24:12 -0700] "GET /indexb.html HTTP/1.1" 404 89 "-" "msnbot-media/1.1 (+http://search.msn.com/msnbot.htm)" "www.saveaslave.com"
207.46.13.147 - - [02/Jun/2016:06:24:12 -0700] "GET /togo HTTP/1.1" 404 89 "-" "msnbot-media/1.1 (+http://search.msn.com/msnbot.htm)" "www.saveaslave.com"
207.46.13.147 - - [02/Jun/2016:06:24:12 -0700] "GET /egypt HTTP/1.1" 404 89 "-" "msnbot-media/1.1 (+http://search.msn.com/msnbot.htm)" "www.saveaslave.com"
207.46.13.147 - - [02/Jun/2016:06:24:12 -0700] "GET /germany HTTP/1.1" 404 89 "-" "msnbot-media/1.1 (+http://search.msn.com/msnbot.htm)" "www.saveaslave.com"[0]
207.46.13.147 - - [02/Jun/2016:06:24:13 -0700] "GET /articles.html HTTP/1.1" 404 89 "-" "Mozilla/5.0 (compatible; bingbot/2.0; +http://www.bing.com/bingbot.htm)" "www.saveaslave.com"
217.69.136.210 - - [02/Jun/2016:06:29:18 -0700] "GET /nepal.html HTTP/1.1" 404 89 "-" "Mozilla/5.0 (compatible; Linux x86_64; Mail.RU_Bot/2.0; +http://go.mail.ru/help/robots)" "www.saveaslave.com"
207.46.13.147 - - [02/Jun/2016:06:32:16 -0700] "GET /argentina.html HTTP/1.1" 404 89 "-" "Mozilla/5.0 (compatible; bingbot/2.0; +http://www.bing.com/bingbot.htm)" "www.saveaslave.com"
62.210.148.247 - - [02/Jun/2016:06:34:06 -0700] "GET /robots.txt HTTP/1.1" 200 48 "-" "Mozilla/5.0 (compatible; MJ12bot/v1.4.5; http://www.majestic12.co.uk/bot.php?+)" "www.saveaslave.com"
62.210.148.247 - - [02/Jun/2016:06:34:08 -0700] "GET /our-supporters.php HTTP/1.1" 200 55443 "-" "Mozilla/5.0 (compatible; MJ12bot/v1.4.5; http://www.majestic12.co.uk/bot.php?+)" "www.saveaslave.com"
65.36.241.48 - - [02/Jun/2016:06:34:27 -0700] "HEAD / HTTP/1.1" 200 0 "-" "InternetSeer.com" "www.saveaslave.com"
188.39.95.226 - - [02/Jun/2016:06:42:06 -0700] "GET /article.php?id=22' HTTP/1.1" 200 46641 "-" "-" "www.saveaslave.com"[2]
62.210.151.220 - - [02/Jun/2016:06:56:39 -0700] "GET /assets/global/plugins/jquery-file-upload/server/php HTTP/1.1" 404 89 "-" "Mozilla/5.0 (Windows NT 6.1) AppleWebKit/537.36 (KHTML, like Gecko) Chrome/41.0.2228.0 Safari/537.36" "www.saveaslave.com"[0]
62.210.151.220 - - [02/Jun/2016:06:56:39 -0700] "GET /assets/global/plugins/jquery-file-upload/server/php HTTP/1.1" 404 89 "-" "Mozilla/5.0 (Windows NT 6.1) AppleWebKit/537.36 (KHTML, like Gecko) Chrome/41.0.2228.0 Safari/537.36" "www.saveaslave.com"[0]
62.210.151.220 - - [02/Jun/2016:06:56:40 -0700] "GET /assets/global/plugins/jquery-file-upload/server/php HTTP/1.1" 404 89 "-" "Mozilla/5.0 (Windows NT 6.1) AppleWebKit/537.36 (KHTML, like Gecko) Chrome/41.0.2228.0 Safari/537.36" "www.saveaslave.com"
62.210.151.220 - - [02/Jun/2016:06:56:40 -0700] "GET /assets/global/plugins/jquery-file-upload/server/php HTTP/1.1" 404 89 "-" "Mozilla/5.0 (Windows NT 6.1) AppleWebKit/537.36 (KHTML, like Gecko) Chrome/41.0.2228.0 Safari/537.36" "www.saveaslave.com"[0]
208.115.113.94 - - [02/Jun/2016:07:00:08 -0700] "GET /falklands HTTP/1.1" 404 89 "-" "Mozilla/5.0 (compatible; DotBot/1.1; http://www.opensiteexplorer.org/dotbot, help@moz.com)" "www.saveaslave.com"
208.115.113.94 - - [02/Jun/2016:07:00:11 -0700] "GET /westernsahara HTTP/1.1" 404 89 "-" "Mozilla/5.0 (compatible; DotBot/1.1; http://www.opensiteexplorer.org/dotbot, help@moz.com)" "www.saveaslave.com"
157.55.39.51 - - [02/Jun/2016:07:21:33 -0700] "GET /robots.txt HTTP/1.1" 200 48 "-" "Mozilla/5.0 (compatible; bingbot/2.0; +http://www.bing.com/bingbot.htm)" "saveaslave.com"
208.115.113.86 - - [02/Jun/2016:07:22:14 -0700] "GET /article.php?id=99 HTTP/1.1" 200 776 "-" "Mozilla/5.0 (compatible; DotBot/1.1; http://www.opensiteexplorer.org/dotbot, help@moz.com)" "www.saveaslave.com"
51.255.65.18 - - [02/Jun/2016:07:34:45 -0700] "GET /mongolia.html HTTP/1.1" 404 89 "-" "Mozilla/5.0 (compatible; AhrefsBot/5.1; +http://ahrefs.com/robot/)" "saveaslave.com"
217.69.136.209 - - [02/Jun/2016:08:00:13 -0700] "GET /robots.txt HTTP/1.1" 200 48 "-" "Mozilla/5.0 (compatible; Linux x86_64; Mail.RU_Bot/2.0; +http://go.mail.ru/help/robots)" "www.saveaslave.com"
217.69.136.208 - - [02/Jun/2016:08:00:16 -0700] "GET /qatar.html HTTP/1.1" 404 89 "-" "Mozilla/5.0 (compatible; Linux x86_64; Mail.RU_Bot/2.0; +http://go.mail.ru/help/robots)" "www.saveaslave.com"
164.132.161.11 - - [02/Jun/2016:08:13:03 -0700] "GET /www.cspinc.org HTTP/1.1" 404 89 "-" "Mozilla/5.0 (compatible; AhrefsBot/5.1; +http://ahrefs.com/robot/)" "www.saveaslave.com"
208.115.113.94 - - [02/Jun/2016:08:53:04 -0700] "GET /robots.txt HTTP/1.1" 200 48 "-" "Mozilla/5.0 (compatible; DotBot/1.1; http://www.opensiteexplorer.org/dotbot, help@moz.com)" "www.saveaslave.com"
65.36.241.48 - - [02/Jun/2016:09:04:38 -0700] "HEAD / HTTP/1.1" 200 0 "-" "InternetSeer.com" "www.saveaslave.com"
157.55.39.186 - - [02/Jun/2016:09:15:30 -0700] "GET /robots.txt HTTP/1.1" 200 48 "-" "Mozilla/5.0 (compatible; bingbot/2.0; +http://www.bing.com/bingbot.htm)" "www.saveaslave.com"
180.76.15.5 - - [02/Jun/2016:09:17:15 -0700] "GET /listlink.php?page=ireland.html HTTP/1.1" 200 1469 "-" "Mozilla/5.0 (compatible; Baiduspider/2.0; +http://www.baidu.com/search/spider.html)" "www.saveaslave.com"[1]
217.69.136.209 - - [02/Jun/2016:09:30:51 -0700] "GET /china.html HTTP/1.1" 404 89 "-" "Mozilla/5.0 (compatible; Linux x86_64; Mail.RU_Bot/2.0; +http://go.mail.ru/help/robots)" "www.saveaslave.com"
208.115.113.94 - - [02/Jun/2016:09:45:44 -0700] "GET /kuwait HTTP/1.1" 404 89 "-" "Mozilla/5.0 (compatible; DotBot/1.1; http://www.opensiteexplorer.org/dotbot, help@moz.com)" "www.saveaslave.com"
208.115.113.94 - - [02/Jun/2016:09:45:45 -0700] "GET /uganda HTTP/1.1" 404 89 "-" "Mozilla/5.0 (compatible; DotBot/1.1; http://www.opensiteexplorer.org/dotbot, help@moz.com)" "saveaslave.com"
208.115.113.94 - - [02/Jun/2016:09:45:54 -0700] "GET /solomonislands HTTP/1.1" 404 89 "-" "Mozilla/5.0 (compatible; DotBot/1.1; http://www.opensiteexplorer.org/dotbot, help@moz.com)" "www.saveaslave.com"
108.61.201.180 - - [02/Jun/2016:09:54:08 -0700] "HEAD / HTTP/1.1" 200 0 "-" "Mozilla/4.0 (compatible; MSIE8.0; Windows NT 6.0) .NET CLR 2.0.50727)" "saveaslave.com"
108.61.201.180 - - [02/Jun/2016:09:54:10 -0700] "GET / HTTP/1.1" 200 89069 "-" "Mozilla/4.0 (compatible; MSIE8.0; Windows NT 6.0) .NET CLR 2.0.50727)" "saveaslave.com"
108.61.201.180 - - [02/Jun/2016:09:54:33 -0700] "HEAD /mailto:saveaslave@aol.com?Subject=Contact%20from%20saveaslave.com HTTP/1.1" 404 0 "-" "Mozilla/4.0 (compatible; MSIE8.0; Windows NT 6.0) .NET CLR 2.0.50727)" "saveaslave.com"
108.61.201.180 - - [02/Jun/2016:09:54:44 -0700] "GET /mailto:saveaslave@aol.com?Subject=Contact%20from%20saveaslave.com HTTP/1.1" 404 89 "-" "Mozilla/4.0 (compatible; MSIE8.0; Windows NT 6.0) .NET CLR 2.0.50727)" "saveaslave.com"
108.61.201.180 - - [02/Jun/2016:09:54:55 -0700] "GET /contact-us.php HTTP/1.1" 200 30488 "-" "Mozilla/4.0 (compatible; MSIE8.0; Windows NT 6.0) .NET CLR 2.0.50727)" "saveaslave.com"
108.61.201.180 - - [02/Jun/2016:09:54:58 -0700] "HEAD /ico/apple-icon-57x57.png HTTP/1.1" 200 0 "-" "Mozilla/4.0 (compatible; MSIE8.0; Windows NT 6.0) .NET CLR 2.0.50727)" "saveaslave.com"
108.61.201.180 - - [02/Jun/2016:09:54:59 -0700] "GET /ico/apple-icon-57x57.png HTTP/1.1" 200 2495 "-" "Mozilla/4.0 (compatible; MSIE8.0; Windows NT 6.0) .NET CLR 2.0.50727)" "saveaslave.com"
108.61.201.180 - - [02/Jun/2016:09:55:01 -0700] "HEAD /ico/apple-icon-60x60.png HTTP/1.1" 200 0 "-" "Mozilla/4.0 (compatible; MSIE8.0; Windows NT 6.0) .NET CLR 2.0.50727)" "saveaslave.com"
108.61.201.180 - - [02/Jun/2016:09:55:05 -0700] "HEAD /ico/apple-icon-72x72.png HTTP/1.1" 200 0 "-" "Mozilla/4.0 (compatible; MSIE8.0; Windows NT 6.0) .NET CLR 2.0.50727)" "saveaslave.com"
108.61.201.180 - - [02/Jun/2016:09:55:06 -0700] "GET /ico/apple-icon-72x72.png HTTP/1.1" 200 3219 "-" "Mozilla/4.0 (compatible; MSIE8.0; Windows NT 6.0) .NET CLR 2.0.50727)" "saveaslave.com"[0]
108.61.201.180 - - [02/Jun/2016:09:55:07 -0700] "HEAD /ico/apple-icon-76x76.png HTTP/1.1" 200 0 "-" "Mozilla/4.0 (compatible; MSIE8.0; Windows NT 6.0) .NET CLR 2.0.50727)" "saveaslave.com"
108.61.201.180 - - [02/Jun/2016:09:55:25 -0700] "HEAD /ico/apple-icon-120x120.png HTTP/1.1" 200 0 "-" "Mozilla/4.0 (compatible; MSIE8.0; Windows NT 6.0) .NET CLR 2.0.50727)" "saveaslave.com"[0]
108.61.201.180 - - [02/Jun/2016:09:55:25 -0700] "GET /ico/apple-icon-120x120.png HTTP/1.1" 200 6158 "-" "Mozilla/4.0 (compatible; MSIE8.0; Windows NT 6.0) .NET CLR 2.0.50727)" "saveaslave.com"
108.61.201.180 - - [02/Jun/2016:09:55:31 -0700] "HEAD /ico/apple-icon-144x144.png HTTP/1.1" 200 0 "-" "Mozilla/4.0 (compatible; MSIE8.0; Windows NT 6.0) .NET CLR 2.0.50727)" "saveaslave.com"
108.61.201.180 - - [02/Jun/2016:09:55:37 -0700] "HEAD /ico/apple-icon-152x152.png HTTP/1.1" 200 0 "-" "Mozilla/4.0 (compatible; MSIE8.0; Windows NT 6.0) .NET CLR 2.0.50727)" "saveaslave.com"
108.61.201.180 - - [02/Jun/2016:09:55:38 -0700] "GET /ico/apple-icon-152x152.png HTTP/1.1" 200 8281 "-" "Mozilla/4.0 (compatible; MSIE8.0; Windows NT 6.0) .NET CLR 2.0.50727)" "saveaslave.com"
108.61.201.180 - - [02/Jun/2016:09:55:49 -0700] "HEAD /ico/android-icon-192x192.png HTTP/1.1" 200 0 "-" "Mozilla/4.0 (compatible; MSIE8.0; Windows NT 6.0) .NET CLR 2.0.50727)" "saveaslave.com"
108.61.201.180 - - [02/Jun/2016:09:55:50 -0700] "GET /ico/android-icon-192x192.png HTTP/1.1" 200 10097 "-" "Mozilla/4.0 (compatible; MSIE8.0; Windows NT 6.0) .NET CLR 2.0.50727)" "saveaslave.com"
108.61.201.180 - - [02/Jun/2016:09:55:54 -0700] "HEAD /ico/favicon-32x32.png HTTP/1.1" 200 0 "-" "Mozilla/4.0 (compatible; MSIE8.0; Windows NT 6.0) .NET CLR 2.0.50727)" "saveaslave.com"
108.61.201.180 - - [02/Jun/2016:09:55:55 -0700] "GET /ico/favicon-32x32.png HTTP/1.1" 200 1892 "-" "Mozilla/4.0 (compatible; MSIE8.0; Windows NT 6.0) .NET CLR 2.0.50727)" "saveaslave.com"
208.115.113.94 - - [02/Jun/2016:09:57:49 -0700] "GET /article.php?id=15 HTTP/1.1" 200 56215 "-" "Mozilla/5.0 (compatible; DotBot/1.1; http://www.opensiteexplorer.org/dotbot, help@moz.com)" "www.saveaslave.com"
157.55.39.51 - - [02/Jun/2016:10:09:28 -0700] "GET /ireland HTTP/1.1" 404 89 "-" "msnbot-media/1.1 (+http://search.msn.com/msnbot.htm)" "www.saveaslave.com"
157.55.39.51 - - [02/Jun/2016:10:09:28 -0700] "GET /vietnam HTTP/1.1" 404 89 "-" "msnbot-media/1.1 (+http://search.msn.com/msnbot.htm)" "www.saveaslave.com"
157.55.39.51 - - [02/Jun/2016:10:09:28 -0700] "GET /poland HTTP/1.1" 404 89 "-" "msnbot-media/1.1 (+http://search.msn.com/msnbot.htm)" "www.saveaslave.com"[0]
157.55.39.51 - - [02/Jun/2016:10:09:29 -0700] "GET /malawi HTTP/1.1" 404 89 "-" "msnbot-media/1.1 (+http://search.msn.com/msnbot.htm)" "www.saveaslave.com"
164.132.161.65 - - [02/Jun/2016:10:13:39 -0700] "GET /haiti.html HTTP/1.1" 404 89 "-" "Mozilla/5.0 (compatible; AhrefsBot/5.1; +http://ahrefs.com/robot/)" "www.saveaslave.com"
208.115.113.94 - - [02/Jun/2016:10:19:39 -0700] "GET /christmasisland HTTP/1.1" 404 89 "-" "Mozilla/5.0 (compatible; DotBot/1.1; http://www.opensiteexplorer.org/dotbot, help@moz.com)" "saveaslave.com"
