66.249.69.105 - - [30/Oct/2015:17:13:38 -0700] "GET /images/supporters/rescue-foundation.jpg HTTP/1.1" 200 3083 "-" "Googlebot-Image/1.0" "www.saveaslave.com"
208.115.113.94 - - [30/Oct/2015:17:14:01 -0700] "GET /burundi.html HTTP/1.1" 404 89 "-" "Mozilla/5.0 (compatible; DotBot/1.1; http://www.opensiteexplorer.org/dotbot, help@moz.com)" "saveaslave.com"
66.249.69.97 - - [30/Oct/2015:17:15:22 -0700] "GET /images/supporters/rescue.png HTTP/1.1" 200 9148 "-" "Googlebot-Image/1.0" "www.saveaslave.com"
66.249.69.105 - - [30/Oct/2015:17:15:25 -0700] "GET /images/supporters/anti-slavery.gif HTTP/1.1" 200 4774 "-" "Googlebot-Image/1.0" "www.saveaslave.com"
66.249.69.73 - - [30/Oct/2015:17:16:03 -0700] "GET /images/supporters/love-logo.png HTTP/1.1" 200 6021 "-" "Googlebot-Image/1.0" "www.saveaslave.com"
208.115.113.94 - - [30/Oct/2015:17:16:05 -0700] "GET /guinea-bissau.html HTTP/1.1" 404 89 "-" "Mozilla/5.0 (compatible; DotBot/1.1; http://www.opensiteexplorer.org/dotbot, help@moz.com)" "www.saveaslave.com"
66.249.69.73 - - [30/Oct/2015:17:16:35 -0700] "GET /images/supporters/maitilogo.png HTTP/1.1" 200 12792 "-" "Googlebot-Image/1.0" "www.saveaslave.com"
66.249.69.73 - - [30/Oct/2015:17:18:04 -0700] "GET /photos/article3.jpg HTTP/1.1" 200 18354 "-" "Googlebot-Image/1.0" "www.saveaslave.com"
66.249.69.65 - - [30/Oct/2015:17:18:16 -0700] "GET /images/countrymap/guinea-flag.gif HTTP/1.1" 404 89 "-" "Googlebot-Image/1.0" "www.saveaslave.com"
23.23.242.178 - - [30/Oct/2015:17:23:37 -0700] "GET /french-polynesia.html HTTP/1.1" 404 89 "-" "Mozilla/5.0 (Windows; U; Windows NT 5.1; en-US; rv:1.9.2.8) Gecko/20100722 Firefox/3.6.8" "saveaslave.com"
100.43.81.130 - - [30/Oct/2015:17:24:22 -0700] "GET /poland.html HTTP/1.1" 404 89 "-" "Mozilla/5.0 (compatible; YandexBot/3.0; +http://yandex.com/bots)" "saveaslave.com"
66.249.69.105 - - [30/Oct/2015:17:26:01 -0700] "GET /images/supporters/pacific.jpg HTTP/1.1" 200 8249 "-" "Googlebot-Image/1.0" "www.saveaslave.com"
100.43.91.20 - - [30/Oct/2015:17:26:44 -0700] "GET /netherlands.html HTTP/1.1" 404 89 "-" "Mozilla/5.0 (compatible; YandexBot/3.0; +http://yandex.com/bots)" "saveaslave.com"
157.55.39.97 - - [30/Oct/2015:17:28:01 -0700] "GET /ethiopia.html HTTP/1.1" 404 89 "-" "Mozilla/5.0 (compatible; bingbot/2.0; +http://www.bing.com/bingbot.htm)" "saveaslave.com"
157.55.39.97 - - [30/Oct/2015:17:28:01 -0700] "GET /images/countrymap/kiribati-flag.gif HTTP/1.1" 404 89 "-" "Mozilla/5.0 (compatible; bingbot/2.0; +http://www.bing.com/bingbot.htm)" "saveaslave.com"
66.249.69.66 - - [30/Oct/2015:17:28:59 -0700] "GET /images/supporters/Free-the-Slaves.png HTTP/1.1" 200 9388 "-" "Googlebot-Image/1.0" "www.saveaslave.com"
66.249.69.74 - - [30/Oct/2015:17:29:02 -0700] "GET /images/supporters/children-on-the%20edge.png HTTP/1.1" 200 9509 "-" "Googlebot-Image/1.0" "www.saveaslave.com"
66.249.69.82 - - [30/Oct/2015:17:29:11 -0700] "GET /photos/article6.jpg HTTP/1.1" 200 57746 "-" "Googlebot-Image/1.0" "www.saveaslave.com"
66.249.69.74 - - [30/Oct/2015:17:29:25 -0700] "GET /images/supporters/wif_logo.jpg HTTP/1.1" 200 13227 "-" "Googlebot-Image/1.0" "www.saveaslave.com"
208.115.113.86 - - [30/Oct/2015:17:30:01 -0700] "GET /robots.txt HTTP/1.1" 200 48 "-" "Mozilla/5.0 (compatible; DotBot/1.1; http://www.opensiteexplorer.org/dotbot, help@moz.com)" "www.saveaslave.com"
208.115.113.86 - - [30/Oct/2015:17:30:01 -0700] "GET /robots.txt HTTP/1.1" 200 48 "-" "Mozilla/5.0 (compatible; DotBot/1.1; http://www.opensiteexplorer.org/dotbot, help@moz.com)" "saveaslave.com"
66.249.69.105 - - [30/Oct/2015:17:32:45 -0700] "GET /photos/article7b.jpg HTTP/1.1" 200 42617 "-" "Googlebot-Image/1.0" "www.saveaslave.com"
66.249.75.128 - - [30/Oct/2015:17:32:53 -0700] "GET /images/countrymap/kenya-flag.gif HTTP/1.1" 404 89 "-" "Googlebot-Image/1.0" "saveaslave.com"
66.249.69.74 - - [30/Oct/2015:17:33:23 -0700] "GET /images/supporters/Solidarity_Center.png HTTP/1.1" 200 9296 "-" "Googlebot-Image/1.0" "www.saveaslave.com"
66.249.69.112 - - [30/Oct/2015:17:38:23 -0700] "GET /photos/article4a.png HTTP/1.1" 200 155219 "-" "Googlebot-Image/1.0" "www.saveaslave.com"
66.249.69.104 - - [30/Oct/2015:17:38:33 -0700] "GET /images/supporters/END.png HTTP/1.1" 200 42129 "-" "Googlebot-Image/1.0" "www.saveaslave.com"
66.249.69.65 - - [30/Oct/2015:17:38:38 -0700] "GET /images/supporters/IJM.jpg HTTP/1.1" 200 6203 "-" "Googlebot-Image/1.0" "www.saveaslave.com"
66.249.69.81 - - [30/Oct/2015:17:39:07 -0700] "GET /photos/article5a.jpg HTTP/1.1" 200 52731 "-" "Googlebot-Image/1.0" "www.saveaslave.com"
66.249.69.65 - - [30/Oct/2015:17:39:38 -0700] "GET /photos/134-Haahr.png HTTP/1.1" 404 89 "-" "Googlebot-Image/1.0" "www.saveaslave.com"
66.249.69.73 - - [30/Oct/2015:17:41:14 -0700] "GET /images/supporters/trucker.jpg HTTP/1.1" 200 6096 "-" "Googlebot-Image/1.0" "www.saveaslave.com"
66.249.75.137 - - [30/Oct/2015:17:41:17 -0700] "GET /andorra.html HTTP/1.1" 404 89 "-" "Mozilla/5.0 (compatible; Googlebot/2.1; +http://www.google.com/bot.html)" "saveaslave.com"
66.249.69.81 - - [30/Oct/2015:17:44:23 -0700] "GET /images/supporters/cocoa.png HTTP/1.1" 200 19753 "-" "Googlebot-Image/1.0" "www.saveaslave.com"
66.249.69.65 - - [30/Oct/2015:17:45:59 -0700] "GET /images/supporters/Asset-Logo.jpg HTTP/1.1" 200 36053 "-" "Googlebot-Image/1.0" "www.saveaslave.com"
66.249.69.73 - - [30/Oct/2015:17:47:39 -0700] "GET /images/supporters/goodweave.jpg HTTP/1.1" 200 5217 "-" "Googlebot-Image/1.0" "www.saveaslave.com"
207.46.13.87 - - [30/Oct/2015:17:55:08 -0700] "GET /ecard.html HTTP/1.1" 404 89 "-" "msnbot-media/1.1 (+http://search.msn.com/msnbot.htm)" "www.saveaslave.com"
66.249.69.81 - - [30/Oct/2015:18:00:03 -0700] "GET /images/supporters/safe-horizon.png HTTP/1.1" 200 16608 "-" "Googlebot-Image/1.0" "www.saveaslave.com"
66.249.69.89 - - [30/Oct/2015:18:03:47 -0700] "GET /photos/top-1.jpg HTTP/1.1" 200 77341 "-" "Googlebot-Image/1.0" "www.saveaslave.com"
66.249.69.89 - - [30/Oct/2015:18:03:49 -0700] "GET /images/supporters/logo_atest.png HTTP/1.1" 200 12676 "-" "Googlebot-Image/1.0" "www.saveaslave.com"
66.249.69.97 - - [30/Oct/2015:18:03:54 -0700] "GET /images/countrymap/azkaban.jpg HTTP/1.1" 404 89 "-" "Googlebot-Image/1.0" "www.saveaslave.com"
66.249.69.65 - - [30/Oct/2015:18:07:19 -0700] "GET /images/supporters/gems.jpg HTTP/1.1" 200 5045 "-" "Googlebot-Image/1.0" "www.saveaslave.com"
208.115.113.94 - - [30/Oct/2015:18:08:03 -0700] "GET /robots.txt HTTP/1.1" 200 48 "-" "Mozilla/5.0 (compatible; DotBot/1.1; http://www.opensiteexplorer.org/dotbot, help@moz.com)" "saveaslave.com"
208.115.113.94 - - [30/Oct/2015:18:08:03 -0700] "GET /robots.txt HTTP/1.1" 200 48 "-" "Mozilla/5.0 (compatible; DotBot/1.1; http://www.opensiteexplorer.org/dotbot, help@moz.com)" "www.saveaslave.com"
66.249.69.65 - - [30/Oct/2015:18:08:41 -0700] "GET /photos/traffick_diagram.png HTTP/1.1" 200 22048 "-" "Googlebot-Image/1.0" "www.saveaslave.com"
141.8.143.167 - - [30/Oct/2015:18:10:41 -0700] "GET /albania.html HTTP/1.1" 404 89 "-" "Mozilla/5.0 (compatible; YandexBot/3.0; +http://yandex.com/bots)" "saveaslave.com"
141.8.143.175 - - [30/Oct/2015:18:10:45 -0700] "GET /greenland.html HTTP/1.1" 404 89 "-" "Mozilla/5.0 (compatible; YandexBot/3.0; +http://yandex.com/bots)" "saveaslave.com"
38.100.21.172 - - [30/Oct/2015:18:16:14 -0700] "GET / HTTP/1.1" 200 52159 "-" "Mozilla/4.0 (compatible; MSIE 7.0; Windows NT 5.2)" "www.saveaslave.com"
38.100.21.172 - - [30/Oct/2015:18:16:14 -0700] "GET /our-supporters.php HTTP/1.1" 200 56312 "-" "Mozilla/4.0 (compatible; MSIE 7.0; Windows NT 5.2)" "www.saveaslave.com"
38.100.21.172 - - [30/Oct/2015:18:16:14 -0700] "GET /news5.php HTTP/1.1" 200 33003 "-" "Mozilla/4.0 (compatible; MSIE 7.0; Windows NT 5.2)" "www.saveaslave.com"
38.100.21.172 - - [30/Oct/2015:18:16:14 -0700] "GET /news6.php HTTP/1.1" 200 48495 "-" "Mozilla/4.0 (compatible; MSIE 7.0; Windows NT 5.2)" "www.saveaslave.com"
38.100.21.172 - - [30/Oct/2015:18:16:15 -0700] "GET /css/bootstrap.min.css HTTP/1.1" 200 123578 "-" "Mozilla/4.0 (compatible; MSIE 7.0; Windows NT 5.2)" "www.saveaslave.com"
38.100.21.172 - - [30/Oct/2015:18:16:15 -0700] "GET /css/style.css HTTP/1.1" 200 7739 "-" "Mozilla/4.0 (compatible; MSIE 7.0; Windows NT 5.2)" "www.saveaslave.com"
38.100.21.172 - - [30/Oct/2015:18:16:15 -0700] "GET /manifest.json HTTP/1.1" 404 89 "-" "Mozilla/4.0 (compatible; MSIE 7.0; Windows NT 5.2)" "www.saveaslave.com"
38.100.21.172 - - [30/Oct/2015:18:16:15 -0700] "GET /index.php HTTP/1.1" 200 52159 "-" "Mozilla/4.0 (compatible; MSIE 7.0; Windows NT 5.2)" "www.saveaslave.com"
38.100.21.172 - - [30/Oct/2015:18:16:15 -0700] "GET /contact-us.php HTTP/1.1" 200 30021 "-" "Mozilla/4.0 (compatible; MSIE 7.0; Windows NT 5.2)" "www.saveaslave.com"
68.180.228.181 - - [30/Oct/2015:18:20:48 -0700] "GET /macedonia.html HTTP/1.1" 404 89 "-" "Mozilla/5.0 (compatible; Yahoo! Slurp; http://help.yahoo.com/help/us/ysearch/slurp)" "www.saveaslave.com"
68.64.166.114 - - [30/Oct/2015:18:21:52 -0700] "GET / HTTP/1.1" 200 52159 "-" "Mozilla/5.0 (Windows NT 6.1; Trident/7.0; rv:11.0) like Gecko" "saveaslave.com"
66.249.69.81 - - [30/Oct/2015:18:25:37 -0700] "GET /images/supporters/sharehope.png HTTP/1.1" 200 6261 "-" "Googlebot-Image/1.0" "www.saveaslave.com"
66.249.75.137 - - [30/Oct/2015:18:46:34 -0700] "GET /andorra.html HTTP/1.1" 404 89 "-" "Mozilla/5.0 (compatible; Googlebot/2.1; +http://www.google.com/bot.html)" "saveaslave.com"
68.180.228.222 - - [30/Oct/2015:18:56:01 -0700] "GET /peru.html HTTP/1.1" 404 89 "-" "Mozilla/5.0 (compatible; Yahoo! Slurp; http://help.yahoo.com/help/us/ysearch/slurp)" "saveaslave.com"
68.180.228.181 - - [30/Oct/2015:18:56:30 -0700] "GET /tonga.html HTTP/1.1" 404 89 "-" "Mozilla/5.0 (compatible; Yahoo! Slurp; http://help.yahoo.com/help/us/ysearch/slurp)" "www.saveaslave.com"
208.115.113.94 - - [30/Oct/2015:18:56:44 -0700] "GET /robots.txt HTTP/1.1" 200 48 "-" "Mozilla/5.0 (compatible; DotBot/1.1; http://www.opensiteexplorer.org/dotbot, help@moz.com)" "saveaslave.com"
208.115.113.94 - - [30/Oct/2015:18:56:44 -0700] "GET /robots.txt HTTP/1.1" 200 48 "-" "Mozilla/5.0 (compatible; DotBot/1.1; http://www.opensiteexplorer.org/dotbot, help@moz.com)" "www.saveaslave.com"
207.46.13.100 - - [30/Oct/2015:19:01:34 -0700] "GET /rwanda.html HTTP/1.1" 404 89 "-" "Mozilla/5.0 (compatible; bingbot/2.0; +http://www.bing.com/bingbot.htm)" "saveaslave.com"
208.115.113.86 - - [30/Oct/2015:19:06:06 -0700] "GET /cambodia.html HTTP/1.1" 404 89 "-" "Mozilla/5.0 (compatible; DotBot/1.1; http://www.opensiteexplorer.org/dotbot, help@moz.com)" "www.saveaslave.com"
207.46.13.100 - - [30/Oct/2015:19:07:18 -0700] "GET /images/countrymap/liberia.gif HTTP/1.1" 404 89 "-" "Mozilla/5.0 (compatible; bingbot/2.0; +http://www.bing.com/bingbot.htm)" "www.saveaslave.com"
207.46.13.100 - - [30/Oct/2015:19:07:47 -0700] "GET /images/countrymap/kyrgyzstan.gif HTTP/1.1" 404 89 "-" "Mozilla/5.0 (compatible; bingbot/2.0; +http://www.bing.com/bingbot.htm)" "saveaslave.com"
207.46.13.100 - - [30/Oct/2015:19:08:01 -0700] "GET /images/countrymap/mexico-flag.gif HTTP/1.1" 404 89 "-" "Mozilla/5.0 (compatible; bingbot/2.0; +http://www.bing.com/bingbot.htm)" "www.saveaslave.com"
207.46.13.100 - - [30/Oct/2015:19:12:07 -0700] "GET /images/countrymap/lesotho.gif HTTP/1.1" 404 89 "-" "Mozilla/5.0 (compatible; bingbot/2.0; +http://www.bing.com/bingbot.htm)" "saveaslave.com"
207.46.13.100 - - [30/Oct/2015:19:12:11 -0700] "GET /images/countrymap/eritrea-flag.gif HTTP/1.1" 404 89 "-" "Mozilla/5.0 (compatible; bingbot/2.0; +http://www.bing.com/bingbot.htm)" "www.saveaslave.com"
207.46.13.100 - - [30/Oct/2015:19:12:21 -0700] "GET /images/countrymap/bahrain.gif HTTP/1.1" 404 89 "-" "Mozilla/5.0 (compatible; bingbot/2.0; +http://www.bing.com/bingbot.htm)" "saveaslave.com"
207.46.13.100 - - [30/Oct/2015:19:12:27 -0700] "GET /images/countrymap/sint-maarten-flag.gif HTTP/1.1" 404 89 "-" "Mozilla/5.0 (compatible; bingbot/2.0; +http://www.bing.com/bingbot.htm)" "www.saveaslave.com"
68.180.228.181 - - [30/Oct/2015:19:17:34 -0700] "GET /honduras.html HTTP/1.1" 404 89 "-" "Mozilla/5.0 (compatible; Yahoo! Slurp; http://help.yahoo.com/help/us/ysearch/slurp)" "www.saveaslave.com"
208.115.113.94 - - [30/Oct/2015:19:24:46 -0700] "GET /bangladesh.html HTTP/1.1" 404 89 "-" "Mozilla/5.0 (compatible; DotBot/1.1; http://www.opensiteexplorer.org/dotbot, help@moz.com)" "saveaslave.com"
208.115.113.94 - - [30/Oct/2015:19:24:46 -0700] "GET /latvia.html HTTP/1.1" 404 89 "-" "Mozilla/5.0 (compatible; DotBot/1.1; http://www.opensiteexplorer.org/dotbot, help@moz.com)" "saveaslave.com"
208.115.113.94 - - [30/Oct/2015:19:26:44 -0700] "GET /san-marino.html HTTP/1.1" 404 89 "-" "Mozilla/5.0 (compatible; DotBot/1.1; http://www.opensiteexplorer.org/dotbot, help@moz.com)" "www.saveaslave.com"
208.115.113.94 - - [30/Oct/2015:19:26:45 -0700] "GET /british-virgin-islands.html HTTP/1.1" 404 89 "-" "Mozilla/5.0 (compatible; DotBot/1.1; http://www.opensiteexplorer.org/dotbot, help@moz.com)" "www.saveaslave.com"
208.115.113.94 - - [30/Oct/2015:19:26:45 -0700] "GET /bahrain.html HTTP/1.1" 404 89 "-" "Mozilla/5.0 (compatible; DotBot/1.1; http://www.opensiteexplorer.org/dotbot, help@moz.com)" "www.saveaslave.com"
91.121.112.142 - - [30/Oct/2015:19:30:22 -0700] "GET /robots.txt HTTP/1.1" 200 48 "-" "Mozilla/5.0 (compatible; MJ12bot/v1.4.5; http://www.majestic12.co.uk/bot.php?+)" "saveaslave.com"
91.121.112.142 - - [30/Oct/2015:19:30:24 -0700] "GET /bolivia HTTP/1.1" 404 89 "-" "Mozilla/5.0 (compatible; MJ12bot/v1.4.5; http://www.majestic12.co.uk/bot.php?+)" "saveaslave.com"
91.121.112.142 - - [30/Oct/2015:19:30:25 -0700] "GET /burundi HTTP/1.1" 404 89 "-" "Mozilla/5.0 (compatible; MJ12bot/v1.4.5; http://www.majestic12.co.uk/bot.php?+)" "saveaslave.com"
91.121.112.142 - - [30/Oct/2015:19:30:27 -0700] "GET /chad HTTP/1.1" 404 89 "-" "Mozilla/5.0 (compatible; MJ12bot/v1.4.5; http://www.majestic12.co.uk/bot.php?+)" "saveaslave.com"
68.180.228.181 - - [30/Oct/2015:19:33:53 -0700] "GET /lesotho.html HTTP/1.1" 404 89 "-" "Mozilla/5.0 (compatible; Yahoo! Slurp; http://help.yahoo.com/help/us/ysearch/slurp)" "www.saveaslave.com"
208.115.113.86 - - [30/Oct/2015:19:36:57 -0700] "GET /venezuela HTTP/1.1" 404 89 "-" "Mozilla/5.0 (compatible; DotBot/1.1; http://www.opensiteexplorer.org/dotbot, help@moz.com)" "saveaslave.com"
208.115.113.86 - - [30/Oct/2015:19:36:58 -0700] "GET /haiti HTTP/1.1" 404 89 "-" "Mozilla/5.0 (compatible; DotBot/1.1; http://www.opensiteexplorer.org/dotbot, help@moz.com)" "www.saveaslave.com"
77.75.76.172 - - [30/Oct/2015:19:51:02 -0700] "GET /robots.txt HTTP/1.1" 200 48 "-" "Mozilla/5.0 (compatible; SeznamBot/3.2; +http://fulltext.sblog.cz/)" "saveaslave.com"
77.75.76.172 - - [30/Oct/2015:19:51:03 -0700] "GET /kyrgyzstan.html HTTP/1.1" 404 89 "-" "Mozilla/5.0 (compatible; SeznamBot/3.2; +http://fulltext.sblog.cz/)" "saveaslave.com"
65.36.241.48 - - [30/Oct/2015:19:52:15 -0700] "HEAD / HTTP/1.1" 200 0 "-" "InternetSeer.com" "www.saveaslave.com"
207.46.13.100 - - [30/Oct/2015:20:19:07 -0700] "GET /guyana.html HTTP/1.1" 404 89 "-" "Mozilla/5.0 (compatible; bingbot/2.0; +http://www.bing.com/bingbot.htm)" "saveaslave.com"
68.180.228.181 - - [30/Oct/2015:20:33:35 -0700] "GET /monaco.html HTTP/1.1" 404 89 "-" "Mozilla/5.0 (compatible; Yahoo! Slurp; http://help.yahoo.com/help/us/ysearch/slurp)" "www.saveaslave.com"
66.249.69.73 - - [30/Oct/2015:20:57:35 -0700] "GET /images/countrymap/france-flag.gif HTTP/1.1" 404 89 "-" "Googlebot-Image/1.0" "www.saveaslave.com"
66.249.69.73 - - [30/Oct/2015:20:57:35 -0700] "GET /images/countrymap/france.gif HTTP/1.1" 404 89 "-" "Googlebot-Image/1.0" "www.saveaslave.com"
66.249.69.81 - - [30/Oct/2015:20:57:36 -0700] "GET /images/countrymap/bahamas-flag.gif HTTP/1.1" 404 89 "-" "Googlebot-Image/1.0" "www.saveaslave.com"
66.249.69.73 - - [30/Oct/2015:20:57:36 -0700] "GET /images/countrymap/bahamas.jpg HTTP/1.1" 404 89 "-" "Googlebot-Image/1.0" "www.saveaslave.com"
66.249.69.73 - - [30/Oct/2015:20:57:36 -0700] "GET /images/countrymap/sao-tome-principe-flag.gif HTTP/1.1" 404 89 "-" "Googlebot-Image/1.0" "www.saveaslave.com"
66.249.69.81 - - [30/Oct/2015:20:57:36 -0700] "GET /images/countrymap/sao-tome-principe.gif HTTP/1.1" 404 89 "-" "Googlebot-Image/1.0" "www.saveaslave.com"
157.55.39.213 - - [30/Oct/2015:21:16:18 -0700] "GET /sthelena HTTP/1.1" 404 89 "-" "msnbot-media/1.1 (+http://search.msn.com/msnbot.htm)" "www.saveaslave.com"
65.36.241.48 - - [30/Oct/2015:21:16:41 -0700] "HEAD / HTTP/1.1" 200 0 "-" "InternetSeer.com" "www.saveaslave.com"
208.115.113.94 - - [30/Oct/2015:21:19:08 -0700] "GET /articles/modernslavery.html HTTP/1.1" 404 89 "-" "Mozilla/5.0 (compatible; DotBot/1.1; http://www.opensiteexplorer.org/dotbot, help@moz.com)" "www.saveaslave.com"
208.115.113.94 - - [30/Oct/2015:21:19:20 -0700] "GET /saint-kitts-nevis.html HTTP/1.1" 404 89 "-" "Mozilla/5.0 (compatible; DotBot/1.1; http://www.opensiteexplorer.org/dotbot, help@moz.com)" "www.saveaslave.com"
180.76.15.17 - - [30/Oct/2015:21:20:14 -0700] "GET /addlink.php?page=cyprus.html HTTP/1.1" 200 15123 "-" "Mozilla/5.0 (compatible; Baiduspider/2.0; +http://www.baidu.com/search/spider.html)" "www.saveaslave.com"
66.249.69.105 - - [30/Oct/2015:21:29:43 -0700] "GET /favicon.ico HTTP/1.1" 404 89 "-" "Googlebot-Image/1.0" "www.saveaslave.com"
208.115.113.86 - - [30/Oct/2015:21:33:41 -0700] "GET /robots.txt HTTP/1.1" 200 48 "-" "Mozilla/5.0 (compatible; DotBot/1.1; http://www.opensiteexplorer.org/dotbot, help@moz.com)" "www.saveaslave.com"
208.115.113.86 - - [30/Oct/2015:21:33:41 -0700] "GET /robots.txt HTTP/1.1" 200 48 "-" "Mozilla/5.0 (compatible; DotBot/1.1; http://www.opensiteexplorer.org/dotbot, help@moz.com)" "saveaslave.com"
157.55.39.83 - - [30/Oct/2015:21:45:56 -0700] "GET /robots.txt HTTP/1.1" 200 48 "-" "Mozilla/5.0 (compatible; bingbot/2.0; +http://www.bing.com/bingbot.htm)" "www.saveaslave.com"
157.55.39.162 - - [30/Oct/2015:22:04:45 -0700] "GET /madagascar HTTP/1.1" 404 89 "-" "msnbot-media/1.1 (+http://search.msn.com/msnbot.htm)" "www.saveaslave.com"
180.76.15.139 - - [30/Oct/2015:22:10:18 -0700] "GET /belarus.html HTTP/1.1" 404 89 "-" "Mozilla/5.0 (compatible; Baiduspider/2.0; +http://www.baidu.com/search/spider.html)" "www.saveaslave.com"
157.55.39.96 - - [30/Oct/2015:22:25:44 -0700] "GET /uruguay HTTP/1.1" 404 89 "-" "msnbot-media/1.1 (+http://search.msn.com/msnbot.htm)" "www.saveaslave.com"
66.249.69.97 - - [30/Oct/2015:22:38:14 -0700] "GET /images/countrymap/czech-republic.jpg HTTP/1.1" 404 89 "-" "Googlebot-Image/1.0" "www.saveaslave.com"
100.43.81.129 - - [30/Oct/2015:22:47:52 -0700] "GET /robots.txt HTTP/1.1" 200 48 "-" "Mozilla/5.0 (compatible; YandexBot/3.0; +http://yandex.com/bots)" "saveaslave.com"
141.8.143.182 - - [30/Oct/2015:22:47:54 -0700] "GET /poland.html HTTP/1.1" 404 89 "-" "Mozilla/5.0 (compatible; YandexBot/3.0; +http://yandex.com/bots)" "saveaslave.com"
54.162.224.26 - - [30/Oct/2015:22:49:09 -0700] "GET /robots.txt HTTP/1.1" 200 48 "-" "linkapediabot (+http://www.linkapedia.com)" "saveaslave.com"
141.8.143.158 - - [30/Oct/2015:22:52:04 -0700] "GET /poland.html HTTP/1.1" 404 89 "-" "Mozilla/5.0 (compatible; YandexBot/3.0; +http://yandex.com/bots)" "saveaslave.com"
208.115.113.86 - - [30/Oct/2015:23:05:51 -0700] "GET /macau.html HTTP/1.1" 404 89 "-" "Mozilla/5.0 (compatible; DotBot/1.1; http://www.opensiteexplorer.org/dotbot, help@moz.com)" "saveaslave.com"
208.115.113.86 - - [30/Oct/2015:23:06:08 -0700] "GET /marshall-islands.html HTTP/1.1" 404 89 "-" "Mozilla/5.0 (compatible; DotBot/1.1; http://www.opensiteexplorer.org/dotbot, help@moz.com)" "www.saveaslave.com"
65.36.241.48 - - [30/Oct/2015:23:08:27 -0700] "HEAD / HTTP/1.1" 200 0 "-" "InternetSeer.com" "www.saveaslave.com"
66.249.69.65 - - [30/Oct/2015:23:14:22 -0700] "GET /favicon.ico HTTP/1.1" 404 89 "-" "Googlebot-Image/1.0" "www.saveaslave.com"
180.76.15.15 - - [30/Oct/2015:23:23:43 -0700] "GET /norfolk-island.html HTTP/1.1" 404 89 "-" "Mozilla/5.0 (compatible; Baiduspider/2.0; +http://www.baidu.com/search/spider.html)" "www.saveaslave.com"
37.44.109.109 - - [30/Oct/2015:23:39:29 -0700] "GET / HTTP/1.1" 200 52159 "-" "Mozilla/5.0 (Windows NT 6.3; WOW64; rv:41.0) Gecko/20100101 Firefox/41.0" "saveaslave.com"
37.44.109.109 - - [30/Oct/2015:23:39:29 -0700] "GET / HTTP/1.1" 200 52159 "-" "Mozilla/5.0 (Windows NT 6.3; WOW64; rv:41.0) Gecko/20100101 Firefox/41.0" "saveaslave.com"
37.44.109.109 - - [30/Oct/2015:23:39:30 -0700] "GET /css/down-arrow.png HTTP/1.1" 404 89 "http://saveaslave.com/css/elements.css" "Mozilla/5.0 (Windows NT 6.3; WOW64; rv:41.0) Gecko/20100101 Firefox/41.0" "saveaslave.com"
10.212.128.200 - - [30/Oct/2015:23:44:15 -0700] "GET / HTTP/1.1" 200 52159 "-" "Mozilla/5.0 (compatible; Yahoo Link Preview; https://help.yahoo.com/kb/mail/yahoo-link-preview-SLN23615.html)" "www.saveaslave.com"
37.44.109.109 - - [30/Oct/2015:23:48:29 -0700] "GET / HTTP/1.1" 200 52159 "-" "Mozilla/5.0 (Windows NT 6.3; WOW64; rv:41.0) Gecko/20100101 Firefox/41.0" "www.saveaslave.com"
37.44.109.109 - - [30/Oct/2015:23:48:30 -0700] "GET /favicon.ico HTTP/1.1" 404 89 "-" "Mozilla/5.0 (Windows NT 6.3; WOW64; rv:41.0) Gecko/20100101 Firefox/41.0" "www.saveaslave.com"
37.44.109.109 - - [30/Oct/2015:23:48:30 -0700] "GET /ico/android-icon-192x192.png HTTP/1.1" 200 10097 "-" "Mozilla/5.0 (Windows NT 6.3; WOW64; rv:41.0) Gecko/20100101 Firefox/41.0" "www.saveaslave.com"
37.44.109.109 - - [30/Oct/2015:23:48:30 -0700] "GET /ico/favicon-32x32.png HTTP/1.1" 200 1892 "-" "Mozilla/5.0 (Windows NT 6.3; WOW64; rv:41.0) Gecko/20100101 Firefox/41.0" "www.saveaslave.com"
37.44.109.109 - - [30/Oct/2015:23:48:30 -0700] "GET /ico/favicon-96x96.png HTTP/1.1" 200 4476 "-" "Mozilla/5.0 (Windows NT 6.3; WOW64; rv:41.0) Gecko/20100101 Firefox/41.0" "www.saveaslave.com"
37.44.109.109 - - [30/Oct/2015:23:48:30 -0700] "GET /favicon.ico HTTP/1.1" 404 89 "-" "Mozilla/5.0 (Windows NT 6.3; WOW64; rv:41.0) Gecko/20100101 Firefox/41.0" "www.saveaslave.com"
37.44.109.109 - - [30/Oct/2015:23:48:30 -0700] "GET /ico/favicon-16x16.png HTTP/1.1" 200 1129 "-" "Mozilla/5.0 (Windows NT 6.3; WOW64; rv:41.0) Gecko/20100101 Firefox/41.0" "www.saveaslave.com"
37.44.109.109 - - [30/Oct/2015:23:48:31 -0700] "GET / HTTP/1.1" 200 52159 "-" "Mozilla/5.0 (Windows NT 6.3; WOW64; rv:41.0) Gecko/20100101 Firefox/41.0" "www.saveaslave.com"
37.44.109.109 - - [30/Oct/2015:23:48:31 -0700] "GET /css/style.css HTTP/1.1" 200 7739 "http://www.saveaslave.com/" "Mozilla/5.0 (Windows NT 6.3; WOW64; rv:41.0) Gecko/20100101 Firefox/41.0" "www.saveaslave.com"
37.44.109.109 - - [30/Oct/2015:23:48:31 -0700] "GET /css/elements.css HTTP/1.1" 200 17857 "http://www.saveaslave.com/" "Mozilla/5.0 (Windows NT 6.3; WOW64; rv:41.0) Gecko/20100101 Firefox/41.0" "www.saveaslave.com"
37.44.109.109 - - [30/Oct/2015:23:48:31 -0700] "GET /assets/js/ie-emulation-modes-warning.js HTTP/1.1" 200 2130 "http://www.saveaslave.com/" "Mozilla/5.0 (Windows NT 6.3; WOW64; rv:41.0) Gecko/20100101 Firefox/41.0" "www.saveaslave.com"
37.44.109.109 - - [30/Oct/2015:23:48:31 -0700] "GET /gajaxscroller.js HTTP/1.1" 200 9774 "http://www.saveaslave.com/" "Mozilla/5.0 (Windows NT 6.3; WOW64; rv:41.0) Gecko/20100101 Firefox/41.0" "www.saveaslave.com"
37.44.109.109 - - [30/Oct/2015:23:48:32 -0700] "GET /css/style-pages.css HTTP/1.1" 200 9167 "http://www.saveaslave.com/" "Mozilla/5.0 (Windows NT 6.3; WOW64; rv:41.0) Gecko/20100101 Firefox/41.0" "www.saveaslave.com"
37.44.109.109 - - [30/Oct/2015:23:48:32 -0700] "GET /js/bootstrap.min.js HTTP/1.1" 200 37055 "http://www.saveaslave.com/" "Mozilla/5.0 (Windows NT 6.3; WOW64; rv:41.0) Gecko/20100101 Firefox/41.0" "www.saveaslave.com"
37.44.109.109 - - [30/Oct/2015:23:48:35 -0700] "GET /photos/article1.jpg HTTP/1.1" 200 11640 "http://www.saveaslave.com/" "Mozilla/5.0 (Windows NT 6.3; WOW64; rv:41.0) Gecko/20100101 Firefox/41.0" "www.saveaslave.com"
37.44.109.109 - - [30/Oct/2015:23:48:35 -0700] "GET /photos/article5.jpg HTTP/1.1" 200 14497 "http://www.saveaslave.com/" "Mozilla/5.0 (Windows NT 6.3; WOW64; rv:41.0) Gecko/20100101 Firefox/41.0" "www.saveaslave.com"
37.44.109.109 - - [30/Oct/2015:23:48:35 -0700] "GET /images/social3.png HTTP/1.1" 200 4343 "http://www.saveaslave.com/" "Mozilla/5.0 (Windows NT 6.3; WOW64; rv:41.0) Gecko/20100101 Firefox/41.0" "www.saveaslave.com"
37.44.109.109 - - [30/Oct/2015:23:48:35 -0700] "GET /photos/article2.jpg HTTP/1.1" 200 15209 "http://www.saveaslave.com/" "Mozilla/5.0 (Windows NT 6.3; WOW64; rv:41.0) Gecko/20100101 Firefox/41.0" "www.saveaslave.com"
37.44.109.109 - - [30/Oct/2015:23:48:35 -0700] "GET /images/social2.png HTTP/1.1" 200 1752 "http://www.saveaslave.com/" "Mozilla/5.0 (Windows NT 6.3; WOW64; rv:41.0) Gecko/20100101 Firefox/41.0" "www.saveaslave.com"
37.44.109.109 - - [30/Oct/2015:23:48:35 -0700] "GET /photos/top.jpg HTTP/1.1" 200 50519 "http://www.saveaslave.com/" "Mozilla/5.0 (Windows NT 6.3; WOW64; rv:41.0) Gecko/20100101 Firefox/41.0" "www.saveaslave.com"
37.44.109.109 - - [30/Oct/2015:23:48:35 -0700] "GET /images/cover1.jpg HTTP/1.1" 200 253658 "http://www.saveaslave.com/" "Mozilla/5.0 (Windows NT 6.3; WOW64; rv:41.0) Gecko/20100101 Firefox/41.0" "www.saveaslave.com"
208.115.113.94 - - [30/Oct/2015:23:58:12 -0700] "GET /robots.txt HTTP/1.1" 200 48 "-" "Mozilla/5.0 (compatible; DotBot/1.1; http://www.opensiteexplorer.org/dotbot, help@moz.com)" "www.saveaslave.com"
68.180.228.222 - - [30/Oct/2015:23:59:21 -0700] "GET /mauritania.html HTTP/1.1" 404 89 "-" "Mozilla/5.0 (compatible; Yahoo! Slurp; http://help.yahoo.com/help/us/ysearch/slurp)" "saveaslave.com"
68.180.228.181 - - [31/Oct/2015:00:02:20 -0700] "GET /turkey.html HTTP/1.1" 404 89 "-" "Mozilla/5.0 (compatible; Yahoo! Slurp; http://help.yahoo.com/help/us/ysearch/slurp)" "www.saveaslave.com"
157.55.39.213 - - [31/Oct/2015:00:16:27 -0700] "GET /saint-lucia.html HTTP/1.1" 404 89 "-" "Mozilla/5.0 (compatible; bingbot/2.0; +http://www.bing.com/bingbot.htm)" "www.saveaslave.com"
157.55.39.213 - - [31/Oct/2015:00:16:27 -0700] "GET /immigration.html HTTP/1.1" 404 89 "-" "msnbot-media/1.1 (+http://search.msn.com/msnbot.htm)" "www.saveaslave.com"
68.180.228.181 - - [31/Oct/2015:00:23:17 -0700] "GET /thailand.html HTTP/1.1" 404 89 "-" "Mozilla/5.0 (compatible; Yahoo! Slurp; http://help.yahoo.com/help/us/ysearch/slurp)" "www.saveaslave.com"
180.76.15.151 - - [31/Oct/2015:00:32:00 -0700] "GET /countries/republic-of-congo.html HTTP/1.1" 404 89 "-" "Mozilla/5.0 (compatible; Baiduspider/2.0; +http://www.baidu.com/search/spider.html)" "www.saveaslave.com"
157.55.39.213 - - [31/Oct/2015:00:35:19 -0700] "GET /antislaveryquiz.html HTTP/1.1" 404 89 "-" "msnbot-media/1.1 (+http://search.msn.com/msnbot.htm)" "www.saveaslave.com"
157.55.39.213 - - [31/Oct/2015:00:35:20 -0700] "GET /Disclaimer_and_Copyright.html HTTP/1.1" 404 89 "-" "msnbot-media/1.1 (+http://search.msn.com/msnbot.htm)" "www.saveaslave.com"
69.30.198.202 - - [31/Oct/2015:00:35:32 -0700] "GET /robots.txt HTTP/1.1" 200 48 "-" "Mozilla/5.0 (compatible; MJ12bot/v1.4.5; http://www.majestic12.co.uk/bot.php?+)" "www.saveaslave.com"
69.30.198.202 - - [31/Oct/2015:00:35:34 -0700] "GET /articles/slavetrafficking3.html HTTP/1.1" 404 89 "-" "Mozilla/5.0 (compatible; MJ12bot/v1.4.5; http://www.majestic12.co.uk/bot.php?+)" "www.saveaslave.com"
65.55.212.70 - - [31/Oct/2015:00:43:57 -0700] "GET /solomon-islands.html HTTP/1.1" 404 89 "-" "Mozilla/5.0 (compatible; MSIE 9.0; Windows NT 6.1; Trident/5.0;  Trident/5.0)" "www.saveaslave.com"
54.162.224.26 - - [31/Oct/2015:00:44:31 -0700] "GET /bosnia-herzegovina.html HTTP/1.1" 404 89 "-" "linkapediabot (+http://www.linkapedia.com)" "saveaslave.com"
208.115.113.94 - - [31/Oct/2015:00:45:44 -0700] "GET /robots.txt HTTP/1.1" 200 48 "-" "Mozilla/5.0 (compatible; DotBot/1.1; http://www.opensiteexplorer.org/dotbot, help@moz.com)" "saveaslave.com"
72.234.156.129 - - [31/Oct/2015:00:47:44 -0700] "GET /solomon-islands.html HTTP/1.1" 404 89 "https://www.google.com" "Mozilla/5.0 (Windows NT 6.3; WOW64; rv:38.0) Gecko/20100101 Firefox/38.0" "www.saveaslave.com"
72.234.156.129 - - [31/Oct/2015:00:47:44 -0700] "GET /favicon.ico HTTP/1.1" 404 89 "-" "Mozilla/5.0 (Windows NT 6.3; WOW64; rv:38.0) Gecko/20100101 Firefox/38.0" "www.saveaslave.com"
72.234.156.129 - - [31/Oct/2015:00:47:45 -0700] "GET /favicon.ico HTTP/1.1" 404 89 "-" "Mozilla/5.0 (Windows NT 6.3; WOW64; rv:38.0) Gecko/20100101 Firefox/38.0" "www.saveaslave.com"
208.115.113.94 - - [31/Oct/2015:00:50:02 -0700] "GET /our-news.php HTTP/1.1" 200 49054 "-" "Mozilla/5.0 (compatible; DotBot/1.1; http://www.opensiteexplorer.org/dotbot, help@moz.com)" "www.saveaslave.com"
208.115.113.94 - - [31/Oct/2015:01:05:33 -0700] "GET /colombia.html HTTP/1.1" 404 89 "-" "Mozilla/5.0 (compatible; DotBot/1.1; http://www.opensiteexplorer.org/dotbot, help@moz.com)" "www.saveaslave.com"
208.115.113.94 - - [31/Oct/2015:01:05:33 -0700] "GET /navassa-island.html HTTP/1.1" 404 89 "-" "Mozilla/5.0 (compatible; DotBot/1.1; http://www.opensiteexplorer.org/dotbot, help@moz.com)" "www.saveaslave.com"
188.165.15.204 - - [31/Oct/2015:01:09:06 -0700] "GET /cote-d-ivoire.html HTTP/1.1" 404 89 "-" "Mozilla/5.0 (compatible; AhrefsBot/5.0; +http://ahrefs.com/robot/)" "www.saveaslave.com"
157.55.39.169 - - [31/Oct/2015:01:15:23 -0700] "GET /robots.txt HTTP/1.1" 200 48 "-" "Mozilla/5.0 (compatible; bingbot/2.0; +http://www.bing.com/bingbot.htm)" "saveaslave.com"
77.75.76.172 - - [31/Oct/2015:01:16:19 -0700] "GET /robots.txt HTTP/1.1" 200 48 "-" "Mozilla/5.0 (compatible; SeznamBot/3.2; +http://fulltext.sblog.cz/)" "saveaslave.com"
77.75.76.172 - - [31/Oct/2015:01:16:19 -0700] "GET /peru.html HTTP/1.1" 404 89 "-" "Mozilla/5.0 (compatible; SeznamBot/3.2; +http://fulltext.sblog.cz/)" "saveaslave.com"
77.75.76.172 - - [31/Oct/2015:01:21:59 -0700] "GET /nigeria.html HTTP/1.1" 404 89 "-" "Mozilla/5.0 (compatible; SeznamBot/3.2; +http://fulltext.sblog.cz/)" "saveaslave.com"
66.249.69.81 - - [31/Oct/2015:01:25:52 -0700] "GET /images/countrymap/guinea.jpg HTTP/1.1" 404 89 "-" "Googlebot-Image/1.0" "www.saveaslave.com"
66.249.69.65 - - [31/Oct/2015:01:27:21 -0700] "GET /images/countrymap/azkaban-flag.png HTTP/1.1" 404 89 "-" "Googlebot-Image/1.0" "www.saveaslave.com"
27.105.35.163 - - [31/Oct/2015:01:29:02 -0700] "GET /images/countrymap/solomon-islands.gif HTTP/1.1" 404 89 "https://tw.search.yahoo.com/" "Mozilla/5.0 (Windows NT 6.1; WOW64) AppleWebKit/537.36 (KHTML, like Gecko) Chrome/46.0.2490.80 Safari/537.36" "www.saveaslave.com"
27.105.35.163 - - [31/Oct/2015:01:29:56 -0700] "GET /images/countrymap/solomon-islands.gif HTTP/1.1" 404 89 "https://tw.search.yahoo.com/" "Mozilla/5.0 (Windows NT 6.1; WOW64) AppleWebKit/537.36 (KHTML, like Gecko) Chrome/46.0.2490.80 Safari/537.36" "www.saveaslave.com"
208.115.113.86 - - [31/Oct/2015:01:31:09 -0700] "GET /robots.txt HTTP/1.1" 200 48 "-" "Mozilla/5.0 (compatible; DotBot/1.1; http://www.opensiteexplorer.org/dotbot, help@moz.com)" "www.saveaslave.com"
208.115.113.86 - - [31/Oct/2015:01:31:09 -0700] "GET /robots.txt HTTP/1.1" 200 48 "-" "Mozilla/5.0 (compatible; DotBot/1.1; http://www.opensiteexplorer.org/dotbot, help@moz.com)" "saveaslave.com"
66.249.69.73 - - [31/Oct/2015:01:32:23 -0700] "GET /images/supporters/a21-logo.png HTTP/1.1" 200 6163 "-" "Googlebot-Image/1.0" "www.saveaslave.com"
77.75.76.172 - - [31/Oct/2015:01:36:06 -0700] "GET /rwanda.html HTTP/1.1" 404 89 "-" "Mozilla/5.0 (compatible; SeznamBot/3.2; +http://fulltext.sblog.cz/)" "saveaslave.com"
188.165.15.204 - - [31/Oct/2015:01:38:11 -0700] "GET /bosnia-herzegovina.html HTTP/1.1" 404 89 "-" "Mozilla/5.0 (compatible; AhrefsBot/5.0; +http://ahrefs.com/robot/)" "www.saveaslave.com"
46.119.123.33 - - [31/Oct/2015:01:40:47 -0700] "GET / HTTP/1.1" 200 52123 "http://komputers-best.ru/" "Mozilla/4.0 (compatible; Powermarks/3.5; Windows 95/98/2000/NT)" "www.saveaslave.com"
46.119.123.33 - - [31/Oct/2015:01:40:47 -0700] "GET / HTTP/1.1" 200 52123 "http://komputers-best.ru/" "Mozilla/4.0 (compatible; Powermarks/3.5; Windows 95/98/2000/NT)" "www.saveaslave.com"
46.119.123.33 - - [31/Oct/2015:01:40:48 -0700] "GET / HTTP/1.1" 200 52123 "http://komputers-best.ru/" "Mozilla/4.0 (compatible; Powermarks/3.5; Windows 95/98/2000/NT)" "www.saveaslave.com"
66.249.75.251 - - [31/Oct/2015:01:44:29 -0700] "GET /morocco.html HTTP/1.1" 404 89 "-" "Mozilla/5.0 (compatible; Googlebot/2.1; +http://www.google.com/bot.html)" "saveaslave.com"
66.249.75.251 - - [31/Oct/2015:01:45:50 -0700] "GET /morocco.html HTTP/1.1" 404 89 "-" "Mozilla/5.0 (compatible; Googlebot/2.1; +http://www.google.com/bot.html)" "saveaslave.com"
157.55.39.168 - - [31/Oct/2015:01:49:46 -0700] "GET /macau.html HTTP/1.1" 404 89 "-" "Mozilla/5.0 (compatible; bingbot/2.0; +http://www.bing.com/bingbot.htm)" "saveaslave.com"
65.36.241.48 - - [31/Oct/2015:02:01:39 -0700] "HEAD / HTTP/1.1" 200 0 "-" "InternetSeer.com" "www.saveaslave.com"
68.180.228.181 - - [31/Oct/2015:02:05:39 -0700] "GET /france.html HTTP/1.1" 404 89 "-" "Mozilla/5.0 (compatible; Yahoo! Slurp; http://help.yahoo.com/help/us/ysearch/slurp)" "www.saveaslave.com"
61.135.189.101 - - [31/Oct/2015:02:07:54 -0700] "GET /robots.txt HTTP/1.1" 200 48 "-" "Sogou web spider/4.0(+http://www.sogou.com/docs/help/webmasters.htm#07)" "saveaslave.com"
61.135.189.101 - - [31/Oct/2015:02:09:38 -0700] "GET /site/?feed=rss2&cat=36 HTTP/1.1" 404 89 "-" "Sogou web spider/4.0(+http://www.sogou.com/docs/help/webmasters.htm#07)" "saveaslave.com"
61.135.189.101 - - [31/Oct/2015:02:09:51 -0700] "GET /site/?cat=220 HTTP/1.1" 404 89 "-" "Sogou web spider/4.0(+http://www.sogou.com/docs/help/webmasters.htm#07)" "saveaslave.com"
180.76.15.19 - - [31/Oct/2015:02:15:18 -0700] "GET /addlink.php?page=afghanistan.html HTTP/1.1" 200 15133 "-" "Mozilla/5.0 (compatible; Baiduspider/2.0; +http://www.baidu.com/search/spider.html)" "www.saveaslave.com"
157.55.39.169 - - [31/Oct/2015:02:23:07 -0700] "GET /macoa HTTP/1.1" 404 89 "-" "msnbot-media/1.1 (+http://search.msn.com/msnbot.htm)" "www.saveaslave.com"
157.55.39.169 - - [31/Oct/2015:02:23:07 -0700] "GET /antigua HTTP/1.1" 404 89 "-" "msnbot-media/1.1 (+http://search.msn.com/msnbot.htm)" "www.saveaslave.com"
157.55.39.169 - - [31/Oct/2015:02:23:08 -0700] "GET /bouvet_island HTTP/1.1" 404 89 "-" "msnbot-media/1.1 (+http://search.msn.com/msnbot.htm)" "www.saveaslave.com"
66.249.84.158 - - [31/Oct/2015:02:28:35 -0700] "GET / HTTP/1.1" 200 52159 "-" "Google favicon" "saveaslave.com"
66.249.84.159 - - [31/Oct/2015:02:28:35 -0700] "GET /favicon.ico HTTP/1.1" 404 89 "-" "Google favicon" "saveaslave.com"
66.249.84.159 - - [31/Oct/2015:02:28:35 -0700] "GET /phpmyadmin/ HTTP/1.1" 200 7956 "-" "Google favicon" "saveaslave.com"
66.249.84.159 - - [31/Oct/2015:02:28:35 -0700] "GET /phpmyadmin/favicon.ico HTTP/1.1" 200 18902 "-" "Google favicon" "saveaslave.com"
157.55.39.162 - - [31/Oct/2015:02:34:42 -0700] "GET /cuba.html HTTP/1.1" 404 89 "-" "Mozilla/5.0 (compatible; bingbot/2.0; +http://www.bing.com/bingbot.htm)" "www.saveaslave.com"
5.9.60.46 - - [31/Oct/2015:02:41:25 -0700] "GET /robots.txt HTTP/1.1" 200 48 "-" "Riddler (http://riddler.io/about)" "www.saveaslave.com"
5.9.60.46 - - [31/Oct/2015:02:41:26 -0700] "GET / HTTP/1.1" 200 52159 "-" "Riddler (http://riddler.io/about)" "www.saveaslave.com"
77.75.76.172 - - [31/Oct/2015:02:46:47 -0700] "GET /burma.html HTTP/1.1" 404 89 "-" "Mozilla/5.0 (compatible; SeznamBot/3.2; +http://fulltext.sblog.cz/)" "saveaslave.com"
77.75.76.172 - - [31/Oct/2015:02:52:55 -0700] "GET /nauru.html HTTP/1.1" 404 89 "-" "Mozilla/5.0 (compatible; SeznamBot/3.2; +http://fulltext.sblog.cz/)" "saveaslave.com"
180.76.15.7 - - [31/Oct/2015:02:59:08 -0700] "GET /country.php?name=Kenya&lang=en HTTP/1.1" 200 51042 "-" "Mozilla/5.0 (compatible; Baiduspider/2.0; +http://www.baidu.com/search/spider.html)" "www.saveaslave.com"
208.115.113.86 - - [31/Oct/2015:03:04:04 -0700] "GET /burkina-faso.html HTTP/1.1" 404 89 "-" "Mozilla/5.0 (compatible; DotBot/1.1; http://www.opensiteexplorer.org/dotbot, help@moz.com)" "saveaslave.com"
208.115.113.86 - - [31/Oct/2015:03:05:45 -0700] "GET /trinidad-tobago.html HTTP/1.1" 404 89 "-" "Mozilla/5.0 (compatible; DotBot/1.1; http://www.opensiteexplorer.org/dotbot, help@moz.com)" "www.saveaslave.com"
23.23.242.178 - - [31/Oct/2015:03:06:49 -0700] "GET /news6.php HTTP/1.1" 200 48495 "-" "Mozilla/5.0 (Windows; U; Windows NT 5.1; en-US; rv:1.9.2.8) Gecko/20100722 Firefox/3.6.8" "saveaslave.com"
157.55.39.169 - - [31/Oct/2015:03:17:16 -0700] "GET /sweden HTTP/1.1" 404 89 "-" "msnbot-media/1.1 (+http://search.msn.com/msnbot.htm)" "www.saveaslave.com"
208.115.113.86 - - [31/Oct/2015:03:33:22 -0700] "GET /ecuador HTTP/1.1" 404 89 "-" "Mozilla/5.0 (compatible; DotBot/1.1; http://www.opensiteexplorer.org/dotbot, help@moz.com)" "www.saveaslave.com"
208.115.113.86 - - [31/Oct/2015:03:34:10 -0700] "GET /svalbard HTTP/1.1" 404 89 "-" "Mozilla/5.0 (compatible; DotBot/1.1; http://www.opensiteexplorer.org/dotbot, help@moz.com)" "saveaslave.com"
77.75.76.172 - - [31/Oct/2015:03:36:36 -0700] "GET /bahamas.html HTTP/1.1" 404 89 "-" "Mozilla/5.0 (compatible; SeznamBot/3.2; +http://fulltext.sblog.cz/)" "saveaslave.com"
65.36.241.48 - - [31/Oct/2015:03:41:34 -0700] "HEAD / HTTP/1.1" 200 0 "-" "InternetSeer.com" "www.saveaslave.com"
188.165.15.204 - - [31/Oct/2015:03:52:15 -0700] "GET /zimbabwe.html HTTP/1.1" 404 89 "-" "Mozilla/5.0 (compatible; AhrefsBot/5.0; +http://ahrefs.com/robot/)" "www.saveaslave.com"
180.76.15.19 - - [31/Oct/2015:03:53:58 -0700] "GET /countries/east-timor.html HTTP/1.1" 404 89 "-" "Mozilla/5.0 (compatible; Baiduspider/2.0; +http://www.baidu.com/search/spider.html)" "www.saveaslave.com"
208.115.113.94 - - [31/Oct/2015:03:55:15 -0700] "GET /robots.txt HTTP/1.1" 200 48 "-" "Mozilla/5.0 (compatible; DotBot/1.1; http://www.opensiteexplorer.org/dotbot, help@moz.com)" "www.saveaslave.com"
208.115.113.94 - - [31/Oct/2015:03:55:15 -0700] "GET /robots.txt HTTP/1.1" 200 48 "-" "Mozilla/5.0 (compatible; DotBot/1.1; http://www.opensiteexplorer.org/dotbot, help@moz.com)" "saveaslave.com"
104.236.110.194 - - [31/Oct/2015:03:58:12 -0700] "GET / HTTP/1.1" 200 52159 "-" "Mozilla/5.0 (Windows NT 6.1; WOW64; rv:21.0) Gecko/20100101 Firefox/21.0" "saveaslave.com"
104.236.110.194 - - [31/Oct/2015:03:58:14 -0700] "GET /robots.txt HTTP/1.1" 200 48 "-" "Mozilla/5.0 (Macintosh; Intel Mac OS X 10.9; rv:29.0) Gecko/20100101 Firefox/29.0" "saveaslave.com"
104.236.110.194 - - [31/Oct/2015:03:58:16 -0700] "GET /news5.php HTTP/1.1" 200 33003 "http://saveaslave.com" "Mozilla/5.0 (Windows NT 6.1; WOW64) AppleWebKit/537.36 (KHTML, like Gecko) Chrome/34.0.1847.137 Safari/537.36" "saveaslave.com"
104.236.110.194 - - [31/Oct/2015:03:58:16 -0700] "GET /contact-us.php HTTP/1.1" 200 30021 "http://saveaslave.com" "Mozilla/5.0 (Windows NT 6.3; WOW64) AppleWebKit/537.36 (KHTML, like Gecko) Chrome/34.0.1847.131 Safari/537.36" "saveaslave.com"
104.236.110.194 - - [31/Oct/2015:03:58:16 -0700] "GET /disclaimer.php HTTP/1.1" 200 49666 "http://saveaslave.com" "Mozilla/5.0 (compatible; MSIE 9.0; Windows NT 6.1; WOW64; Trident/5.0)" "saveaslave.com"
104.236.110.194 - - [31/Oct/2015:03:58:16 -0700] "GET /who-we-are.php HTTP/1.1" 200 52517 "http://saveaslave.com" "Mozilla/5.0 (Windows NT 6.1; WOW64; rv:21.0) Gecko/20100101 Firefox/21.0" "saveaslave.com"
104.236.110.194 - - [31/Oct/2015:03:58:16 -0700] "GET /news2.php HTTP/1.1" 200 35017 "http://saveaslave.com" "Mozilla/5.0 (Windows NT 6.1; WOW64; rv:21.0) Gecko/20100101 Firefox/21.0" "saveaslave.com"
104.236.110.194 - - [31/Oct/2015:03:58:16 -0700] "GET /news1.php HTTP/1.1" 200 46198 "http://saveaslave.com" "Mozilla/5.0 (Windows NT 6.1; WOW64) AppleWebKit/537.36 (KHTML, like Gecko) Chrome/34.0.1847.131 Safari/537.36" "saveaslave.com"
104.236.110.194 - - [31/Oct/2015:03:58:16 -0700] "GET /news4.php HTTP/1.1" 200 52232 "http://saveaslave.com" "Mozilla/5.0 (Windows NT 6.1; WOW64; rv:21.0) Gecko/20100101 Firefox/21.0" "saveaslave.com"
104.236.110.194 - - [31/Oct/2015:03:58:16 -0700] "GET /news6.php HTTP/1.1" 200 48495 "http://saveaslave.com" "Mozilla/5.0 (Macintosh; Intel Mac OS X 10_9_2) AppleWebKit/537.75.14 (KHTML, like Gecko) Version/7.0.3 Safari/537.75.14" "saveaslave.com"
104.236.110.194 - - [31/Oct/2015:03:58:16 -0700] "GET /index.php HTTP/1.1" 200 52159 "http://saveaslave.com" "Mozilla/5.0 (Macintosh; Intel Mac OS X 10_9_3) AppleWebKit/537.36 (KHTML, like Gecko) Chrome/35.0.1916.114 Safari/537.36" "saveaslave.com"
104.236.110.194 - - [31/Oct/2015:03:58:16 -0700] "GET /our-supporters.php HTTP/1.1" 200 56312 "http://saveaslave.com" "Mozilla/5.0 (Windows NT 6.3; WOW64) AppleWebKit/537.36 (KHTML, like Gecko) Chrome/34.0.1847.131 Safari/537.36" "saveaslave.com"
104.236.110.194 - - [31/Oct/2015:03:58:16 -0700] "GET /news3.php HTTP/1.1" 200 52071 "http://saveaslave.com" "Mozilla/5.0 (compatible; MSIE 10.0; Windows NT 6.1; WOW64; Trident/6.0)" "saveaslave.com"
104.236.110.194 - - [31/Oct/2015:03:58:16 -0700] "GET /our-news.php HTTP/1.1" 200 49054 "http://saveaslave.com" "Mozilla/5.0 (Windows NT 6.1; WOW64; rv:29.0) Gecko/20100101 Firefox/29.0" "saveaslave.com"
178.137.94.166 - - [31/Oct/2015:04:06:12 -0700] "GET / HTTP/1.1" 200 52123 "http://nardar.ru/" "Opera/9.0 (Windows NT 5.1; U; en)" "www.saveaslave.com"
178.137.94.166 - - [31/Oct/2015:04:06:13 -0700] "GET / HTTP/1.1" 200 52123 "http://nardar.ru/" "Opera/9.0 (Windows NT 5.1; U; en)" "www.saveaslave.com"
123.125.71.81 - - [31/Oct/2015:04:23:38 -0700] "GET /united-arab-emirates.html HTTP/1.1" 404 89 "-" "Mozilla/5.0 (compatible; Baiduspider/2.0; +http://www.baidu.com/search/spider.html)" "www.saveaslave.com"
124.149.134.24 - - [31/Oct/2015:04:26:40 -0700] "GET / HTTP/1.1" 200 52159 "-" "Mozilla/5.0 (iPad; CPU OS 9_1 like Mac OS X) AppleWebKit/601.1.46 (KHTML, like Gecko) Version/9.0 Mobile/13B143 Safari/601.1" "www.saveaslave.com"
124.149.134.24 - - [31/Oct/2015:04:26:47 -0700] "GET /css/bootstrap.min.css HTTP/1.1" 200 123578 "http://www.saveaslave.com/" "Mozilla/5.0 (iPad; CPU OS 9_1 like Mac OS X) AppleWebKit/601.1.46 (KHTML, like Gecko) Version/9.0 Mobile/13B143 Safari/601.1" "www.saveaslave.com"
124.149.134.24 - - [31/Oct/2015:04:26:47 -0700] "GET /css/style-pages.css HTTP/1.1" 200 9167 "http://www.saveaslave.com/" "Mozilla/5.0 (iPad; CPU OS 9_1 like Mac OS X) AppleWebKit/601.1.46 (KHTML, like Gecko) Version/9.0 Mobile/13B143 Safari/601.1" "www.saveaslave.com"
124.149.134.24 - - [31/Oct/2015:04:26:47 -0700] "GET /css/elements.css HTTP/1.1" 200 17857 "http://www.saveaslave.com/" "Mozilla/5.0 (iPad; CPU OS 9_1 like Mac OS X) AppleWebKit/601.1.46 (KHTML, like Gecko) Version/9.0 Mobile/13B143 Safari/601.1" "www.saveaslave.com"
124.149.134.24 - - [31/Oct/2015:04:26:48 -0700] "GET /js/bootstrap.min.js HTTP/1.1" 200 37055 "http://www.saveaslave.com/" "Mozilla/5.0 (iPad; CPU OS 9_1 like Mac OS X) AppleWebKit/601.1.46 (KHTML, like Gecko) Version/9.0 Mobile/13B143 Safari/601.1" "www.saveaslave.com"
124.149.134.24 - - [31/Oct/2015:04:26:48 -0700] "GET /css/style.css HTTP/1.1" 200 7739 "http://www.saveaslave.com/" "Mozilla/5.0 (iPad; CPU OS 9_1 like Mac OS X) AppleWebKit/601.1.46 (KHTML, like Gecko) Version/9.0 Mobile/13B143 Safari/601.1" "www.saveaslave.com"
124.149.134.24 - - [31/Oct/2015:04:26:48 -0700] "GET /images/logo2.png HTTP/1.1" 200 18525 "http://www.saveaslave.com/" "Mozilla/5.0 (iPad; CPU OS 9_1 like Mac OS X) AppleWebKit/601.1.46 (KHTML, like Gecko) Version/9.0 Mobile/13B143 Safari/601.1" "www.saveaslave.com"
124.149.134.24 - - [31/Oct/2015:04:26:48 -0700] "GET /images/cover1.jpg HTTP/1.1" 200 253658 "http://www.saveaslave.com/" "Mozilla/5.0 (iPad; CPU OS 9_1 like Mac OS X) AppleWebKit/601.1.46 (KHTML, like Gecko) Version/9.0 Mobile/13B143 Safari/601.1" "www.saveaslave.com"
124.149.134.24 - - [31/Oct/2015:04:26:48 -0700] "GET /gfeedfetcher.js HTTP/1.1" 200 9018 "http://www.saveaslave.com/" "Mozilla/5.0 (iPad; CPU OS 9_1 like Mac OS X) AppleWebKit/601.1.46 (KHTML, like Gecko) Version/9.0 Mobile/13B143 Safari/601.1" "www.saveaslave.com"
124.149.134.24 - - [31/Oct/2015:04:26:48 -0700] "GET /gajaxscroller.js HTTP/1.1" 200 9774 "http://www.saveaslave.com/" "Mozilla/5.0 (iPad; CPU OS 9_1 like Mac OS X) AppleWebKit/601.1.46 (KHTML, like Gecko) Version/9.0 Mobile/13B143 Safari/601.1" "www.saveaslave.com"
124.149.134.24 - - [31/Oct/2015:04:26:48 -0700] "GET /images/social2.png HTTP/1.1" 200 1752 "http://www.saveaslave.com/" "Mozilla/5.0 (iPad; CPU OS 9_1 like Mac OS X) AppleWebKit/601.1.46 (KHTML, like Gecko) Version/9.0 Mobile/13B143 Safari/601.1" "www.saveaslave.com"
124.149.134.24 - - [31/Oct/2015:04:26:48 -0700] "GET /assets/js/ie-emulation-modes-warning.js HTTP/1.1" 200 2130 "http://www.saveaslave.com/" "Mozilla/5.0 (iPad; CPU OS 9_1 like Mac OS X) AppleWebKit/601.1.46 (KHTML, like Gecko) Version/9.0 Mobile/13B143 Safari/601.1" "www.saveaslave.com"
124.149.134.24 - - [31/Oct/2015:04:26:48 -0700] "GET /photos/article4.png HTTP/1.1" 200 42622 "http://www.saveaslave.com/" "Mozilla/5.0 (iPad; CPU OS 9_1 like Mac OS X) AppleWebKit/601.1.46 (KHTML, like Gecko) Version/9.0 Mobile/13B143 Safari/601.1" "www.saveaslave.com"
124.149.134.24 - - [31/Oct/2015:04:26:48 -0700] "GET /photos/article1.jpg HTTP/1.1" 200 11640 "http://www.saveaslave.com/" "Mozilla/5.0 (iPad; CPU OS 9_1 like Mac OS X) AppleWebKit/601.1.46 (KHTML, like Gecko) Version/9.0 Mobile/13B143 Safari/601.1" "www.saveaslave.com"
124.149.134.24 - - [31/Oct/2015:04:26:48 -0700] "GET /images/gift_button.png HTTP/1.1" 200 27500 "http://www.saveaslave.com/" "Mozilla/5.0 (iPad; CPU OS 9_1 like Mac OS X) AppleWebKit/601.1.46 (KHTML, like Gecko) Version/9.0 Mobile/13B143 Safari/601.1" "www.saveaslave.com"
124.149.134.24 - - [31/Oct/2015:04:26:48 -0700] "GET /images/social1.png HTTP/1.1" 200 2012 "http://www.saveaslave.com/" "Mozilla/5.0 (iPad; CPU OS 9_1 like Mac OS X) AppleWebKit/601.1.46 (KHTML, like Gecko) Version/9.0 Mobile/13B143 Safari/601.1" "www.saveaslave.com"
124.149.134.24 - - [31/Oct/2015:04:26:48 -0700] "GET /photos/article3a.jpg HTTP/1.1" 200 12445 "http://www.saveaslave.com/" "Mozilla/5.0 (iPad; CPU OS 9_1 like Mac OS X) AppleWebKit/601.1.46 (KHTML, like Gecko) Version/9.0 Mobile/13B143 Safari/601.1" "www.saveaslave.com"
124.149.134.24 - - [31/Oct/2015:04:26:52 -0700] "GET /photos/top.jpg HTTP/1.1" 200 50519 "http://www.saveaslave.com/" "Mozilla/5.0 (iPad; CPU OS 9_1 like Mac OS X) AppleWebKit/601.1.46 (KHTML, like Gecko) Version/9.0 Mobile/13B143 Safari/601.1" "www.saveaslave.com"
124.149.134.24 - - [31/Oct/2015:04:26:52 -0700] "GET /photos/article7.jpg HTTP/1.1" 200 15527 "http://www.saveaslave.com/" "Mozilla/5.0 (iPad; CPU OS 9_1 like Mac OS X) AppleWebKit/601.1.46 (KHTML, like Gecko) Version/9.0 Mobile/13B143 Safari/601.1" "www.saveaslave.com"
124.149.134.24 - - [31/Oct/2015:04:26:53 -0700] "GET /indicator.gif HTTP/1.1" 200 878 "http://www.saveaslave.com/" "Mozilla/5.0 (iPad; CPU OS 9_1 like Mac OS X) AppleWebKit/601.1.46 (KHTML, like Gecko) Version/9.0 Mobile/13B143 Safari/601.1" "www.saveaslave.com"
207.46.13.78 - - [31/Oct/2015:04:32:06 -0700] "GET /taiwan HTTP/1.1" 404 89 "-" "msnbot-media/1.1 (+http://search.msn.com/msnbot.htm)" "www.saveaslave.com"
180.76.15.24 - - [31/Oct/2015:04:35:52 -0700] "GET /countries/solomon-islands.html HTTP/1.1" 404 89 "-" "Mozilla/5.0 (compatible; Baiduspider/2.0; +http://www.baidu.com/search/spider.html)" "www.saveaslave.com"
157.55.39.82 - - [31/Oct/2015:04:39:11 -0700] "GET /mayotte HTTP/1.1" 404 89 "-" "msnbot-media/1.1 (+http://search.msn.com/msnbot.htm)" "www.saveaslave.com"
207.46.13.78 - - [31/Oct/2015:04:46:51 -0700] "GET /cyprus.html HTTP/1.1" 404 89 "-" "msnbot-media/1.1 (+http://search.msn.com/msnbot.htm)" "www.saveaslave.com"
207.46.13.78 - - [31/Oct/2015:04:47:59 -0700] "GET /cuba.html HTTP/1.1" 404 89 "-" "Mozilla/5.0 (compatible; bingbot/2.0; +http://www.bing.com/bingbot.htm)" "www.saveaslave.com"
157.55.39.212 - - [31/Oct/2015:04:50:31 -0700] "GET /portugal HTTP/1.1" 404 89 "-" "msnbot-media/1.1 (+http://search.msn.com/msnbot.htm)" "www.saveaslave.com"
157.55.39.212 - - [31/Oct/2015:04:50:32 -0700] "GET /bosnia HTTP/1.1" 404 89 "-" "msnbot-media/1.1 (+http://search.msn.com/msnbot.htm)" "www.saveaslave.com"
157.55.39.212 - - [31/Oct/2015:04:50:33 -0700] "GET /indexb.html HTTP/1.1" 404 89 "-" "msnbot-media/1.1 (+http://search.msn.com/msnbot.htm)" "www.saveaslave.com"
157.55.39.212 - - [31/Oct/2015:04:50:34 -0700] "GET /listlink.php HTTP/1.1" 200 7305 "-" "msnbot-media/1.1 (+http://search.msn.com/msnbot.htm)" "www.saveaslave.com"
157.55.39.20 - - [31/Oct/2015:04:54:41 -0700] "GET /robots.txt HTTP/1.1" 200 48 "-" "Mozilla/5.0 (compatible; bingbot/2.0; +http://www.bing.com/bingbot.htm)" "www.saveaslave.com"
220.181.108.144 - - [31/Oct/2015:04:56:59 -0700] "GET / HTTP/1.1" 200 52159 "-" "Mozilla/5.0 (compatible; Baiduspider/2.0; +http://www.baidu.com/search/spider.html)" "www.saveaslave.com"
207.46.13.78 - - [31/Oct/2015:05:03:05 -0700] "GET /robots.txt HTTP/1.1" 200 48 "-" "Mozilla/5.0 (compatible; bingbot/2.0; +http://www.bing.com/bingbot.htm)" "www.saveaslave.com"
208.115.113.94 - - [31/Oct/2015:05:04:33 -0700] "GET /norway.html HTTP/1.1" 404 89 "-" "Mozilla/5.0 (compatible; DotBot/1.1; http://www.opensiteexplorer.org/dotbot, help@moz.com)" "saveaslave.com"
207.46.13.78 - - [31/Oct/2015:05:06:42 -0700] "GET /PayPal.html HTTP/1.1" 404 89 "-" "msnbot-media/1.1 (+http://search.msn.com/msnbot.htm)" "www.saveaslave.com"
208.115.113.94 - - [31/Oct/2015:05:07:32 -0700] "GET /sao-tome-principe.html HTTP/1.1" 404 89 "-" "Mozilla/5.0 (compatible; DotBot/1.1; http://www.opensiteexplorer.org/dotbot, help@moz.com)" "www.saveaslave.com"
157.55.39.83 - - [31/Oct/2015:05:15:50 -0700] "GET /rwanda HTTP/1.1" 404 89 "-" "msnbot-media/1.1 (+http://search.msn.com/msnbot.htm)" "www.saveaslave.com"
23.23.242.178 - - [31/Oct/2015:05:24:34 -0700] "GET /our-supporters.php HTTP/1.1" 200 56312 "-" "Mozilla/5.0 (Windows; U; Windows NT 5.1; en-US; rv:1.9.2.8) Gecko/20100722 Firefox/3.6.8" "www.saveaslave.com"
