37.187.56.81 - - [03/May/2017:02:37:33 -0700] "GET /article.php?id=11 HTTP/1.1" 200 68586 "-" "Mozilla/5.0 (X11; Ubuntu; Linux x86_64; rv:21.0) Gecko/20100101 Firefox/21.0" "saveaslave.com"[0]
37.187.56.81 - - [03/May/2017:02:37:36 -0700] "GET /article.php?id=10 HTTP/1.1" 200 50385 "-" "Mozilla/5.0 (X11; Ubuntu; Linux x86_64; rv:21.0) Gecko/20100101 Firefox/21.0" "saveaslave.com"
37.187.56.81 - - [03/May/2017:02:37:38 -0700] "GET /article.php?id=9 HTTP/1.1" 200 101323 "-" "Mozilla/5.0 (X11; Ubuntu; Linux x86_64; rv:21.0) Gecko/20100101 Firefox/21.0" "saveaslave.com"
37.187.56.81 - - [03/May/2017:02:37:41 -0700] "GET /article.php?id=8 HTTP/1.1" 200 55679 "-" "Mozilla/5.0 (X11; Ubuntu; Linux x86_64; rv:21.0) Gecko/20100101 Firefox/21.0" "saveaslave.com"
37.187.56.81 - - [03/May/2017:02:37:43 -0700] "GET /article.php?id=12 HTTP/1.1" 200 50510 "-" "Mozilla/5.0 (X11; Ubuntu; Linux x86_64; rv:21.0) Gecko/20100101 Firefox/21.0" "saveaslave.com"[0]
217.182.132.69 - - [03/May/2017:03:11:54 -0700] "GET /news4r.php HTTP/1.1" 200 73 "-" "Mozilla/5.0 (compatible; AhrefsBot/5.2; +http://ahrefs.com/robot/)" "saveaslave.com"[0]
82.221.22.235 - - [03/May/2017:03:15:11 -0700] "GET /in-russian.php?lang=ftp://manentti:manentti@www.manentti.com.br/envi.php? HTTP/1.1" 200 89894 "-" "-" "saveaslave.com"
66.249.69.67 - - [03/May/2017:03:17:05 -0700] "GET /ico/apple-icon-180x180.png HTTP/1.1" 200 10378 "-" "Googlebot-Image/1.0" "saveaslave.com"
52.90.10.153 - - [03/May/2017:04:12:18 -0700] "GET / HTTP/1.1" 200 87648 "-" "Mozilla/5.0 (compatible; linkdexbot/2.0; +http://www.linkdex.com/bots/)" "saveaslave.com"
217.69.133.240 - - [03/May/2017:04:34:44 -0700] "GET /robots.txt HTTP/1.1" 200 48 "-" "Mozilla/5.0 (compatible; Linux x86_64; Mail.RU_Bot/2.0; +http://go.mail.ru/help/robots)" "saveaslave.com"
188.43.0.18 - - [03/May/2017:04:34:48 -0700] "GET /our-newsr.php HTTP/1.1" 200 79168 "-" "Mozilla/5.0 (compatible; Linux x86_64; Mail.RU_Bot/2.0; +http://go.mail.ru/help/robots)" "saveaslave.com"[2]
66.249.75.30 - - [03/May/2017:04:43:50 -0700] "GET /ico/apple-icon-144x144.png HTTP/1.1" 200 7775 "-" "Googlebot-Image/1.0" "www.saveaslave.com"
65.36.241.48 - - [03/May/2017:04:46:07 -0700] "HEAD / HTTP/1.1" 200 0 "-" "InternetSeer.com" "www.saveaslave.com"
134.119.213.82 - - [03/May/2017:05:18:52 -0700] "GET / HTTP/1.1" 200 87612 "http://www.SaveAslave.com" "Mozilla/5.0 (Windows NT 6.1; WOW64) AppleWebKit/537.36 (KHTML, like Gecko) Chrome/52.0.2743.116 Safari/537.36" "www.saveaslave.com"
134.119.213.82 - - [03/May/2017:05:18:53 -0700] "GET /contact-us.php HTTP/1.1" 200 30765 "http://www.SaveAslave.com" "Mozilla/5.0 (Windows NT 6.1; WOW64) AppleWebKit/537.36 (KHTML, like Gecko) Chrome/52.0.2743.116 Safari/537.36" "www.saveaslave.com"
120.17.210.223 - - [03/May/2017:05:19:56 -0700] "GET /images/article/12801356_1164611646882393_4031395141683071941_n.jpg HTTP/1.1" 200 106665 "https://www.google.com.au/" "Mozilla/5.0 (Windows NT 5.1; rv:52.0) Gecko/20100101 Firefox/52.0" "www.saveaslave.com"
65.36.241.48 - - [03/May/2017:05:23:54 -0700] "HEAD /?tpl=references&Itemid=3 HTTP/1.1" 200 0 "-" "InternetSeer.com" "www.saveaslave.com"
86.40.65.66 - - [03/May/2017:05:27:30 -0700] "GET / HTTP/1.1" 200 87612 "http://www.ohchr.org/EN/Issues/Slavery/UNVTFCFS/Pages/SlaveryList.aspx" "Mozilla/5.0 (Windows NT 10.0; WOW64) AppleWebKit/537.36 (KHTML, like Gecko) Chrome/57.0.2987.133 Safari/537.36" "www.saveaslave.com"
86.40.65.66 - - [03/May/2017:05:27:31 -0700] "GET /css/bootstrap.min.css HTTP/1.1" 200 123578 "http://www.saveaslave.com/" "Mozilla/5.0 (Windows NT 10.0; WOW64) AppleWebKit/537.36 (KHTML, like Gecko) Chrome/57.0.2987.133 Safari/537.36" "www.saveaslave.com"
86.40.65.66 - - [03/May/2017:05:27:31 -0700] "GET /gfeedfetcher.js HTTP/1.1" 200 9018 "http://www.saveaslave.com/" "Mozilla/5.0 (Windows NT 10.0; WOW64) AppleWebKit/537.36 (KHTML, like Gecko) Chrome/57.0.2987.133 Safari/537.36" "www.saveaslave.com"
86.40.65.66 - - [03/May/2017:05:27:31 -0700] "GET /gajaxscroller.js HTTP/1.1" 200 9774 "http://www.saveaslave.com/" "Mozilla/5.0 (Windows NT 10.0; WOW64) AppleWebKit/537.36 (KHTML, like Gecko) Chrome/57.0.2987.133 Safari/537.36" "www.saveaslave.com"
86.40.65.66 - - [03/May/2017:05:27:31 -0700] "GET /images/article/end_it.jpg HTTP/1.1" 200 33676 "http://www.saveaslave.com/" "Mozilla/5.0 (Windows NT 10.0; WOW64) AppleWebKit/537.36 (KHTML, like Gecko) Chrome/57.0.2987.133 Safari/537.36" "www.saveaslave.com"
86.40.65.66 - - [03/May/2017:05:27:31 -0700] "GET /assets/js/ie10-viewport-bug-workaround.js HTTP/1.1" 200 641 "http://www.saveaslave.com/" "Mozilla/5.0 (Windows NT 10.0; WOW64) AppleWebKit/537.36 (KHTML, like Gecko) Chrome/57.0.2987.133 Safari/537.36" "www.saveaslave.com"
86.40.65.66 - - [03/May/2017:05:27:31 -0700] "GET /images/logo2.png HTTP/1.1" 200 18525 "http://www.saveaslave.com/" "Mozilla/5.0 (Windows NT 10.0; WOW64) AppleWebKit/537.36 (KHTML, like Gecko) Chrome/57.0.2987.133 Safari/537.36" "www.saveaslave.com"
86.40.65.66 - - [03/May/2017:05:27:31 -0700] "GET /js/bootstrap.min.js HTTP/1.1" 200 37055 "http://www.saveaslave.com/" "Mozilla/5.0 (Windows NT 10.0; WOW64) AppleWebKit/537.36 (KHTML, like Gecko) Chrome/57.0.2987.133 Safari/537.36" "www.saveaslave.com"
86.40.65.66 - - [03/May/2017:05:27:32 -0700] "GET /images/cover1.jpg HTTP/1.1" 200 253658 "http://www.saveaslave.com/" "Mozilla/5.0 (Windows NT 10.0; WOW64) AppleWebKit/537.36 (KHTML, like Gecko) Chrome/57.0.2987.133 Safari/537.36" "www.saveaslave.com"
86.40.65.66 - - [03/May/2017:05:27:32 -0700] "GET /images/social2.png HTTP/1.1" 200 1752 "http://www.saveaslave.com/" "Mozilla/5.0 (Windows NT 10.0; WOW64) AppleWebKit/537.36 (KHTML, like Gecko) Chrome/57.0.2987.133 Safari/537.36" "www.saveaslave.com"
86.40.65.66 - - [03/May/2017:05:27:32 -0700] "GET /images/tripit_icon_thumb_flat.png HTTP/1.1" 200 5795 "http://www.saveaslave.com/" "Mozilla/5.0 (Windows NT 10.0; WOW64) AppleWebKit/537.36 (KHTML, like Gecko) Chrome/57.0.2987.133 Safari/537.36" "www.saveaslave.com"
86.40.65.66 - - [03/May/2017:05:27:32 -0700] "GET /images/select-arrow.png HTTP/1.1" 200 1118 "http://www.saveaslave.com/css/style.css" "Mozilla/5.0 (Windows NT 10.0; WOW64) AppleWebKit/537.36 (KHTML, like Gecko) Chrome/57.0.2987.133 Safari/537.36" "www.saveaslave.com"
86.40.65.66 - - [03/May/2017:05:27:32 -0700] "GET /addarticle.php HTTP/1.1" 200 13725 "http://www.saveaslave.com/" "Mozilla/5.0 (Windows NT 10.0; WOW64) AppleWebKit/537.36 (KHTML, like Gecko) Chrome/57.0.2987.133 Safari/537.36" "www.saveaslave.com"[0]
86.40.65.66 - - [03/May/2017:05:27:32 -0700] "GET /css/down-arrow.png HTTP/1.1" 404 89 "http://www.saveaslave.com/css/elements.css" "Mozilla/5.0 (Windows NT 10.0; WOW64) AppleWebKit/537.36 (KHTML, like Gecko) Chrome/57.0.2987.133 Safari/537.36" "www.saveaslave.com"
86.40.65.66 - - [03/May/2017:05:27:36 -0700] "GET /favicon.ico HTTP/1.1" 404 89 "http://www.saveaslave.com/" "Mozilla/5.0 (Windows NT 10.0; WOW64) AppleWebKit/537.36 (KHTML, like Gecko) Chrome/57.0.2987.133 Safari/537.36" "www.saveaslave.com"
86.40.65.66 - - [03/May/2017:05:27:37 -0700] "GET /ico/favicon-16x16.png HTTP/1.1" 200 1129 "http://www.saveaslave.com/" "Mozilla/5.0 (Windows NT 10.0; WOW64) AppleWebKit/537.36 (KHTML, like Gecko) Chrome/57.0.2987.133 Safari/537.36" "www.saveaslave.com"
86.40.65.66 - - [03/May/2017:05:27:37 -0700] "GET /ico/favicon-96x96.png HTTP/1.1" 200 4476 "http://www.saveaslave.com/" "Mozilla/5.0 (Windows NT 10.0; WOW64) AppleWebKit/537.36 (KHTML, like Gecko) Chrome/57.0.2987.133 Safari/537.36" "www.saveaslave.com"
86.40.65.66 - - [03/May/2017:05:27:37 -0700] "GET /ico/favicon-32x32.png HTTP/1.1" 200 1892 "http://www.saveaslave.com/" "Mozilla/5.0 (Windows NT 10.0; WOW64) AppleWebKit/537.36 (KHTML, like Gecko) Chrome/57.0.2987.133 Safari/537.36" "www.saveaslave.com"
86.40.65.66 - - [03/May/2017:05:27:37 -0700] "GET /ico/android-icon-192x192.png HTTP/1.1" 200 10097 "http://www.saveaslave.com/" "Mozilla/5.0 (Windows NT 10.0; WOW64) AppleWebKit/537.36 (KHTML, like Gecko) Chrome/57.0.2987.133 Safari/537.36" "www.saveaslave.com"
66.249.75.30 - - [03/May/2017:05:36:58 -0700] "GET /images/supporters/cocoa.png HTTP/1.1" 200 19753 "-" "Googlebot-Image/1.0" "www.saveaslave.com"
216.244.66.250 - - [03/May/2017:05:46:34 -0700] "GET /robots.txt HTTP/1.1" 200 48 "-" "Mozilla/5.0 (compatible; DotBot/1.1; http://www.opensiteexplorer.org/dotbot, help@moz.com)" "www.saveaslave.com"
90.163.137.134 - - [03/May/2017:05:55:38 -0700] "GET /country.php?name=Andorra&lang=en HTTP/1.1" 200 54698 "http://www.saveaslave.com" "Mozilla/4.0 (compatible; MSIE 9.0; Windows NT 6.1; Trident/4.0; FDM; MSIECrawler; Media Center PC 5.0)" "www.saveaslave.com"
65.36.241.48 - - [03/May/2017:06:00:30 -0700] "HEAD / HTTP/1.1" 200 0 "-" "InternetSeer.com" "www.saveaslave.com"
216.244.66.250 - - [03/May/2017:06:20:40 -0700] "GET /who-we-are.php HTTP/1.1" 200 51705 "-" "Mozilla/5.0 (compatible; DotBot/1.1; http://www.opensiteexplorer.org/dotbot, help@moz.com)" "www.saveaslave.com"
52.90.10.153 - - [03/May/2017:07:33:54 -0700] "GET /in-russian.php?lang=ru HTTP/1.1" 200 91788 "-" "Mozilla/5.0 (compatible; linkdexbot/2.0; +http://www.linkdex.com/bots/)" "saveaslave.com"[3]
173.252.124.54 - - [03/May/2017:07:38:30 -0700] "GET / HTTP/1.1" 200 87648 "-" "facebookexternalhit/1.1 (+http://www.facebook.com/externalhit_uatext.php)" "www.saveaslave.com"[1]
217.182.132.74 - - [03/May/2017:07:43:06 -0700] "GET /macedonia.html HTTP/1.1" 404 89 "-" "Mozilla/5.0 (compatible; AhrefsBot/5.2; +http://ahrefs.com/robot/)" "www.saveaslave.com"
23.27.152.1 - - [03/May/2017:07:43:21 -0700] "GET /country.php?name=India&lang=en HTTP/1.1" 200 64683 "-" "Mozilla/5.0 (X11; Linux x86_64; rv:28.0) Gecko/20100101 Firefox/28.0" "www.saveaslave.com"
216.244.66.250 - - [03/May/2017:07:45:42 -0700] "GET /robots.txt HTTP/1.1" 200 48 "-" "Mozilla/5.0 (compatible; DotBot/1.1; http://www.opensiteexplorer.org/dotbot, help@moz.com)" "www.saveaslave.com"
90.163.137.134 - - [03/May/2017:07:47:08 -0700] "GET /country.php?name=Antigua%20and%20Barbuda&lang=en HTTP/1.1" 200 52703 "http://www.saveaslave.com" "Mozilla/5.0 (Windows NT 5.2; WOW64; rv:5.0) Gecko/20100101 Firefox/5.0" "www.saveaslave.com"[1]
100.43.90.13 - - [03/May/2017:08:11:16 -0700] "GET /robots.txt HTTP/1.1" 200 48 "-" "Mozilla/5.0 (compatible; YandexBot/3.0; +http://yandex.com/bots)" "www.saveaslave.com"
216.244.66.250 - - [03/May/2017:08:21:07 -0700] "GET /article.php?id=32 HTTP/1.1" 200 51999 "-" "Mozilla/5.0 (compatible; DotBot/1.1; http://www.opensiteexplorer.org/dotbot, help@moz.com)" "www.saveaslave.com"[1]
64.71.207.138 - - [03/May/2017:08:31:57 -0700] "GET /country.php?name=India&lang=en HTTP/1.1" 200 64683 "-" "Mozilla/5.0 (X11; Linux x86_64) AppleWebKit/537.36 (KHTML, like Gecko) Chrome/51.0.2704.103 Safari/537.36" "www.saveaslave.com"
217.69.136.207 - - [03/May/2017:08:38:32 -0700] "GET /robots.txt HTTP/1.1" 200 48 "-" "Mozilla/5.0 (compatible; Linux x86_64; Mail.RU_Bot/2.0; +http://go.mail.ru/help/robots)" "www.saveaslave.com"
188.43.0.21 - - [03/May/2017:08:38:35 -0700] "GET /article.php?id=5 HTTP/1.1" 200 47505 "-" "Mozilla/5.0 (compatible; Linux x86_64; Mail.RU_Bot/2.0; +http://go.mail.ru/help/robots)" "www.saveaslave.com"
65.36.241.48 - - [03/May/2017:09:08:35 -0700] "HEAD / HTTP/1.1" 200 0 "-" "InternetSeer.com" "www.saveaslave.com"
12.2.26.90 - - [03/May/2017:09:28:05 -0700] "GET / HTTP/1.1" 200 87648 "-" "Mozilla/5.0 (Windows NT 6.1; Win64; x64) AppleWebKit/537.36 (KHTML, like Gecko) Chrome/58.0.3029.96 Safari/537.36" "www.saveaslave.com"[1]
12.2.26.90 - - [03/May/2017:09:28:05 -0700] "GET /gfeedfetcher.js HTTP/1.1" 200 9018 "http://www.saveaslave.com/" "Mozilla/5.0 (Windows NT 6.1; Win64; x64) AppleWebKit/537.36 (KHTML, like Gecko) Chrome/58.0.3029.96 Safari/537.36" "www.saveaslave.com"
12.2.26.90 - - [03/May/2017:09:28:05 -0700] "GET /assets/js/ie-emulation-modes-warning.js HTTP/1.1" 200 2130 "http://www.saveaslave.com/" "Mozilla/5.0 (Windows NT 6.1; Win64; x64) AppleWebKit/537.36 (KHTML, like Gecko) Chrome/58.0.3029.96 Safari/537.36" "www.saveaslave.com"
12.2.26.90 - - [03/May/2017:09:28:05 -0700] "GET /css/style.css HTTP/1.1" 200 7938 "http://www.saveaslave.com/" "Mozilla/5.0 (Windows NT 6.1; Win64; x64) AppleWebKit/537.36 (KHTML, like Gecko) Chrome/58.0.3029.96 Safari/537.36" "www.saveaslave.com"
12.2.26.90 - - [03/May/2017:09:28:05 -0700] "GET /css/elements.css HTTP/1.1" 200 17857 "http://www.saveaslave.com/" "Mozilla/5.0 (Windows NT 6.1; Win64; x64) AppleWebKit/537.36 (KHTML, like Gecko) Chrome/58.0.3029.96 Safari/537.36" "www.saveaslave.com"
12.2.26.90 - - [03/May/2017:09:28:05 -0700] "GET /css/bootstrap.min.css HTTP/1.1" 200 123578 "http://www.saveaslave.com/" "Mozilla/5.0 (Windows NT 6.1; Win64; x64) AppleWebKit/537.36 (KHTML, like Gecko) Chrome/58.0.3029.96 Safari/537.36" "www.saveaslave.com"
12.2.26.90 - - [03/May/2017:09:28:06 -0700] "GET /images/logo2.png HTTP/1.1" 200 18525 "http://www.saveaslave.com/" "Mozilla/5.0 (Windows NT 6.1; Win64; x64) AppleWebKit/537.36 (KHTML, like Gecko) Chrome/58.0.3029.96 Safari/537.36" "www.saveaslave.com"
12.2.26.90 - - [03/May/2017:09:28:06 -0700] "GET /images/top.jpg HTTP/1.1" 200 50519 "http://www.saveaslave.com/" "Mozilla/5.0 (Windows NT 6.1; Win64; x64) AppleWebKit/537.36 (KHTML, like Gecko) Chrome/58.0.3029.96 Safari/537.36" "www.saveaslave.com"
12.2.26.90 - - [03/May/2017:09:28:06 -0700] "GET /js/bootstrap.min.js HTTP/1.1" 200 37055 "http://www.saveaslave.com/" "Mozilla/5.0 (Windows NT 6.1; Win64; x64) AppleWebKit/537.36 (KHTML, like Gecko) Chrome/58.0.3029.96 Safari/537.36" "www.saveaslave.com"
12.2.26.90 - - [03/May/2017:09:28:06 -0700] "GET /images/cover1.jpg HTTP/1.1" 200 253658 "http://www.saveaslave.com/" "Mozilla/5.0 (Windows NT 6.1; Win64; x64) AppleWebKit/537.36 (KHTML, like Gecko) Chrome/58.0.3029.96 Safari/537.36" "www.saveaslave.com"
12.2.26.90 - - [03/May/2017:09:28:06 -0700] "GET /images/article/end_it.jpg HTTP/1.1" 200 33676 "http://www.saveaslave.com/" "Mozilla/5.0 (Windows NT 6.1; Win64; x64) AppleWebKit/537.36 (KHTML, like Gecko) Chrome/58.0.3029.96 Safari/537.36" "www.saveaslave.com"
12.2.26.90 - - [03/May/2017:09:28:06 -0700] "GET /images/tripit_icon_thumb_flat.png HTTP/1.1" 200 5795 "http://www.saveaslave.com/" "Mozilla/5.0 (Windows NT 6.1; Win64; x64) AppleWebKit/537.36 (KHTML, like Gecko) Chrome/58.0.3029.96 Safari/537.36" "www.saveaslave.com"
12.2.26.90 - - [03/May/2017:09:28:06 -0700] "GET /images/select-arrow.png HTTP/1.1" 200 1118 "http://www.saveaslave.com/css/style.css" "Mozilla/5.0 (Windows NT 6.1; Win64; x64) AppleWebKit/537.36 (KHTML, like Gecko) Chrome/58.0.3029.96 Safari/537.36" "www.saveaslave.com"[0]
12.2.26.90 - - [03/May/2017:09:28:06 -0700] "GET /images/social2.png HTTP/1.1" 200 1752 "http://www.saveaslave.com/" "Mozilla/5.0 (Windows NT 6.1; Win64; x64) AppleWebKit/537.36 (KHTML, like Gecko) Chrome/58.0.3029.96 Safari/537.36" "www.saveaslave.com"
12.2.26.90 - - [03/May/2017:09:28:06 -0700] "GET /images/social3.png HTTP/1.1" 200 4343 "http://www.saveaslave.com/" "Mozilla/5.0 (Windows NT 6.1; Win64; x64) AppleWebKit/537.36 (KHTML, like Gecko) Chrome/58.0.3029.96 Safari/537.36" "www.saveaslave.com"
12.2.26.90 - - [03/May/2017:09:28:06 -0700] "GET /images/social1.png HTTP/1.1" 200 2012 "http://www.saveaslave.com/" "Mozilla/5.0 (Windows NT 6.1; Win64; x64) AppleWebKit/537.36 (KHTML, like Gecko) Chrome/58.0.3029.96 Safari/537.36" "www.saveaslave.com"
12.2.26.90 - - [03/May/2017:09:28:06 -0700] "GET /indicator.gif HTTP/1.1" 200 878 "http://www.saveaslave.com/" "Mozilla/5.0 (Windows NT 6.1; Win64; x64) AppleWebKit/537.36 (KHTML, like Gecko) Chrome/58.0.3029.96 Safari/537.36" "www.saveaslave.com"
12.2.26.90 - - [03/May/2017:09:28:06 -0700] "GET /css/down-arrow.png HTTP/1.1" 404 89 "http://www.saveaslave.com/css/elements.css" "Mozilla/5.0 (Windows NT 6.1; Win64; x64) AppleWebKit/537.36 (KHTML, like Gecko) Chrome/58.0.3029.96 Safari/537.36" "www.saveaslave.com"
12.2.26.90 - - [03/May/2017:09:28:07 -0700] "GET /addarticle.php HTTP/1.1" 200 13725 "http://www.saveaslave.com/" "Mozilla/5.0 (Windows NT 6.1; Win64; x64) AppleWebKit/537.36 (KHTML, like Gecko) Chrome/58.0.3029.96 Safari/537.36" "www.saveaslave.com"
12.2.26.90 - - [03/May/2017:09:28:07 -0700] "GET /favicon.ico HTTP/1.1" 404 89 "http://www.saveaslave.com/" "Mozilla/5.0 (Windows NT 6.1; Win64; x64) AppleWebKit/537.36 (KHTML, like Gecko) Chrome/58.0.3029.96 Safari/537.36" "www.saveaslave.com"
12.2.26.90 - - [03/May/2017:09:28:07 -0700] "GET /ico/favicon-16x16.png HTTP/1.1" 200 1129 "http://www.saveaslave.com/" "Mozilla/5.0 (Windows NT 6.1; Win64; x64) AppleWebKit/537.36 (KHTML, like Gecko) Chrome/58.0.3029.96 Safari/537.36" "www.saveaslave.com"
12.2.26.90 - - [03/May/2017:09:28:08 -0700] "GET /ico/favicon-96x96.png HTTP/1.1" 200 4476 "http://www.saveaslave.com/" "Mozilla/5.0 (Windows NT 6.1; Win64; x64) AppleWebKit/537.36 (KHTML, like Gecko) Chrome/58.0.3029.96 Safari/537.36" "www.saveaslave.com"
12.2.26.90 - - [03/May/2017:09:28:08 -0700] "GET /ico/favicon-32x32.png HTTP/1.1" 200 1892 "http://www.saveaslave.com/" "Mozilla/5.0 (Windows NT 6.1; Win64; x64) AppleWebKit/537.36 (KHTML, like Gecko) Chrome/58.0.3029.96 Safari/537.36" "www.saveaslave.com"
12.2.26.90 - - [03/May/2017:09:28:08 -0700] "GET /ico/android-icon-192x192.png HTTP/1.1" 200 10097 "http://www.saveaslave.com/" "Mozilla/5.0 (Windows NT 6.1; Win64; x64) AppleWebKit/537.36 (KHTML, like Gecko) Chrome/58.0.3029.96 Safari/537.36" "www.saveaslave.com"
106.120.173.111 - - [03/May/2017:10:27:02 -0700] "GET /site/?cat=134 HTTP/1.1" 404 89 "-" "Sogou web spider/4.0(+http://www.sogou.com/docs/help/webmasters.htm#07)" "saveaslave.com"
106.120.173.111 - - [03/May/2017:10:28:11 -0700] "GET /site/?cat=166 HTTP/1.1" 404 89 "-" "Sogou web spider/4.0(+http://www.sogou.com/docs/help/webmasters.htm#07)" "saveaslave.com"
66.249.75.161 - - [03/May/2017:10:46:24 -0700] "GET /ico/apple-icon-57x57.png HTTP/1.1" 200 2495 "-" "Googlebot-Image/1.0" "www.saveaslave.com"
216.244.66.250 - - [03/May/2017:10:49:33 -0700] "GET /robots.txt HTTP/1.1" 200 48 "-" "Mozilla/5.0 (compatible; DotBot/1.1; http://www.opensiteexplorer.org/dotbot, help@moz.com)" "saveaslave.com"
204.236.253.74 - - [03/May/2017:11:03:51 -0700] "GET /index.php HTTP/1.1" 200 87648 "-" "Mozilla/5.0 (compatible; linkdexbot/2.0; +http://www.linkdex.com/bots/)" "www.saveaslave.com"
5.196.87.7 - - [03/May/2017:11:17:00 -0700] "GET /robots.txt HTTP/1.1" 200 48 "-" "Mozilla/5.0 (compatible; AhrefsBot/5.2; +http://ahrefs.com/robot/)" "saveaslave.com"
54.84.196.120 - - [03/May/2017:11:18:57 -0700] "GET / HTTP/1.1" 200 87648 "-" "-" "saveaslave.com"[1]
85.93.91.84 - - [03/May/2017:11:28:32 -0700] "GET /robots.txt HTTP/1.1" 200 48 "-" "Mozilla/5.0 (compatible; DeuSu/5.0.2; +https://deusu.de/robot.html)" "www.saveaslave.com"
85.93.91.84 - - [03/May/2017:11:28:32 -0700] "GET /www.tahirih.org HTTP/1.1" 404 89 "-" "Mozilla/5.0 (compatible; DeuSu/5.0.2; +https://deusu.de/robot.html)" "www.saveaslave.com"
65.36.241.48 - - [03/May/2017:11:43:16 -0700] "HEAD / HTTP/1.1" 200 0 "-" "InternetSeer.com" "www.saveaslave.com"
216.244.66.250 - - [03/May/2017:11:59:04 -0700] "GET /article.php?id=97 HTTP/1.1" 200 776 "-" "Mozilla/5.0 (compatible; DotBot/1.1; http://www.opensiteexplorer.org/dotbot, help@moz.com)" "www.saveaslave.com"
216.244.66.250 - - [03/May/2017:12:10:32 -0700] "GET /help.php HTTP/1.1" 200 53725 "-" "Mozilla/5.0 (compatible; DotBot/1.1; http://www.opensiteexplorer.org/dotbot, help@moz.com)" "saveaslave.com"
37.59.30.209 - - [03/May/2017:12:31:10 -0700] "GET /addarticle.php HTTP/1.1" 200 13761 "-" "Mozilla/5.0 (Windows NT 6.2; WOW64) AppleWebKit/537.36 (KHTML, like Gecko) Chrome/39.0.2171.95 Safari/537.36" "saveaslave.com"
37.115.189.103 - - [03/May/2017:12:59:23 -0700] "GET / HTTP/1.1" 200 87612 "http://vologda.zrus.org/" "Mozilla/4.0 (compatible; MSIE 7.0b; Windows NT 6.0)" "www.saveaslave.com"[2]
37.115.189.103 - - [03/May/2017:12:59:23 -0700] "GET / HTTP/1.1" 200 87612 "http://vologda.zrus.org/" "Mozilla/4.0 (compatible; MSIE 7.0b; Windows NT 6.0)" "www.saveaslave.com"
65.36.241.48 - - [03/May/2017:13:00:33 -0700] "HEAD / HTTP/1.1" 200 0 "-" "InternetSeer.com" "www.saveaslave.com"
204.195.49.166 - - [03/May/2017:13:29:57 -0700] "GET /ico/favicon-16x16.png HTTP/1.1" 200 1129 "-" "Mozilla/5.0 (Windows NT 10.0; WOW64; rv:53.0) Gecko/20100101 Firefox/53.0" "saveaslave.com"
204.195.49.166 - - [03/May/2017:13:29:58 -0700] "GET /css/bootstrap.min.css HTTP/1.1" 200 123578 "http://saveaslave.com/" "Mozilla/5.0 (Windows NT 10.0; WOW64; rv:53.0) Gecko/20100101 Firefox/53.0" "saveaslave.com"[0]
204.195.49.166 - - [03/May/2017:13:29:58 -0700] "GET /css/style.css HTTP/1.1" 200 7938 "http://saveaslave.com/" "Mozilla/5.0 (Windows NT 10.0; WOW64; rv:53.0) Gecko/20100101 Firefox/53.0" "saveaslave.com"
204.195.49.166 - - [03/May/2017:13:29:58 -0700] "GET /css/elements.css HTTP/1.1" 200 17857 "http://saveaslave.com/" "Mozilla/5.0 (Windows NT 10.0; WOW64; rv:53.0) Gecko/20100101 Firefox/53.0" "saveaslave.com"
204.195.49.166 - - [03/May/2017:13:29:58 -0700] "GET /gfeedfetcher.js HTTP/1.1" 200 9018 "http://saveaslave.com/" "Mozilla/5.0 (Windows NT 10.0; WOW64; rv:53.0) Gecko/20100101 Firefox/53.0" "saveaslave.com"
204.195.49.166 - - [03/May/2017:13:29:58 -0700] "GET /assets/js/ie-emulation-modes-warning.js HTTP/1.1" 200 2130 "http://saveaslave.com/" "Mozilla/5.0 (Windows NT 10.0; WOW64; rv:53.0) Gecko/20100101 Firefox/53.0" "saveaslave.com"
204.195.49.166 - - [03/May/2017:13:29:58 -0700] "GET /favicon.ico HTTP/1.1" 404 89 "-" "Mozilla/5.0 (Windows NT 10.0; WOW64; rv:53.0) Gecko/20100101 Firefox/53.0" "saveaslave.com"
204.195.49.166 - - [03/May/2017:13:29:58 -0700] "GET /css/style-pages.css HTTP/1.1" 200 9894 "http://saveaslave.com/" "Mozilla/5.0 (Windows NT 10.0; WOW64; rv:53.0) Gecko/20100101 Firefox/53.0" "saveaslave.com"
204.195.49.166 - - [03/May/2017:13:29:58 -0700] "GET /assets/js/ie10-viewport-bug-workaround.js HTTP/1.1" 200 641 "http://saveaslave.com/" "Mozilla/5.0 (Windows NT 10.0; WOW64; rv:53.0) Gecko/20100101 Firefox/53.0" "saveaslave.com"
204.195.49.166 - - [03/May/2017:13:29:58 -0700] "GET /images/social1.png HTTP/1.1" 200 2012 "http://saveaslave.com/" "Mozilla/5.0 (Windows NT 10.0; WOW64; rv:53.0) Gecko/20100101 Firefox/53.0" "saveaslave.com"
204.195.49.166 - - [03/May/2017:13:29:58 -0700] "GET /images/top.jpg HTTP/1.1" 200 50519 "http://saveaslave.com/" "Mozilla/5.0 (Windows NT 10.0; WOW64; rv:53.0) Gecko/20100101 Firefox/53.0" "saveaslave.com"[0]
204.195.49.166 - - [03/May/2017:13:29:58 -0700] "GET /images/logo2.png HTTP/1.1" 200 18525 "http://saveaslave.com/" "Mozilla/5.0 (Windows NT 10.0; WOW64; rv:53.0) Gecko/20100101 Firefox/53.0" "saveaslave.com"
204.195.49.166 - - [03/May/2017:13:29:58 -0700] "GET /images/cover1.jpg HTTP/1.1" 200 253658 "http://saveaslave.com/" "Mozilla/5.0 (Windows NT 10.0; WOW64; rv:53.0) Gecko/20100101 Firefox/53.0" "saveaslave.com"
204.195.49.166 - - [03/May/2017:13:29:59 -0700] "GET /images/select-arrow.png HTTP/1.1" 200 1118 "http://saveaslave.com/css/style.css" "Mozilla/5.0 (Windows NT 10.0; WOW64; rv:53.0) Gecko/20100101 Firefox/53.0" "saveaslave.com"
204.195.49.166 - - [03/May/2017:13:29:59 -0700] "GET /addarticle.php HTTP/1.1" 200 13761 "http://saveaslave.com/" "Mozilla/5.0 (Windows NT 10.0; WOW64; rv:53.0) Gecko/20100101 Firefox/53.0" "saveaslave.com"[0]
204.195.49.166 - - [03/May/2017:13:30:00 -0700] "GET /css/down-arrow.png HTTP/1.1" 404 89 "http://saveaslave.com/css/elements.css" "Mozilla/5.0 (Windows NT 10.0; WOW64; rv:53.0) Gecko/20100101 Firefox/53.0" "saveaslave.com"
123.125.67.160 - - [03/May/2017:13:33:50 -0700] "GET /robots.txt HTTP/1.1" 200 48 "-" "Mozilla/5.0 (Windows NT 10.0; WOW64) AppleWebKit/537.36 (KHTML, like Gecko) Chrome/45.0.2454.93 Safari/537.36" "saveaslave.com"[1]
204.236.253.74 - - [03/May/2017:13:39:40 -0700] "GET /article.php?id=32 HTTP/1.1" 200 51999 "-" "Mozilla/5.0 (compatible; linkdexbot/2.0; +http://www.linkdex.com/bots/)" "saveaslave.com"
217.69.136.204 - - [03/May/2017:13:44:12 -0700] "GET /robots.txt HTTP/1.1" 200 48 "-" "Mozilla/5.0 (compatible; Linux x86_64; Mail.RU_Bot/2.0; +http://go.mail.ru/help/robots)" "www.saveaslave.com"
217.69.136.205 - - [03/May/2017:13:44:15 -0700] "GET /article.php?id=2 HTTP/1.1" 200 49298 "-" "Mozilla/5.0 (compatible; Linux x86_64; Mail.RU_Bot/2.0; +http://go.mail.ru/help/robots)" "www.saveaslave.com"[1]
66.87.3.96 - - [03/May/2017:13:47:03 -0700] "GET /images/article/s1_dety_beg_d9954.jpg HTTP/1.1" 200 16968 "https://www.google.com/" "Mozilla/5.0 (iPhone; CPU iPhone OS 10_2 like Mac OS X) AppleWebKit/602.3.12 (KHTML, like Gecko) Version/10.0 Mobile/14C92 Safari/602.1" "www.saveaslave.com"
194.187.170.124 - - [03/May/2017:13:54:53 -0700] "GET /index.php HTTP/1.1" 200 87648 "-" "Mozilla/5.0 (compatible; Qwantify/2.4w; +https://www.qwant.com/)/2.4w" "saveaslave.com"
194.187.170.124 - - [03/May/2017:13:57:52 -0700] "GET /help.php HTTP/1.1" 200 53725 "-" "Mozilla/5.0 (compatible; Qwantify/2.4w; +https://www.qwant.com/)/2.4w" "saveaslave.com"
141.8.143.195 - - [03/May/2017:14:00:07 -0700] "GET /robots.txt HTTP/1.1" 200 48 "-" "Mozilla/5.0 (compatible; YandexBot/3.0; +http://yandex.com/bots)" "saveaslave.com"
77.88.47.86 - - [03/May/2017:14:02:07 -0700] "GET /ico/favicon-96x96.png HTTP/1.1" 200 4476 "-" "Mozilla/5.0 (compatible; YandexBot/3.0; +http://yandex.com/bots)" "saveaslave.com"
65.36.241.48 - - [03/May/2017:14:19:22 -0700] "HEAD / HTTP/1.1" 200 0 "-" "InternetSeer.com" "www.saveaslave.com"
77.88.47.89 - - [03/May/2017:14:34:06 -0700] "GET /ico/apple-icon-76x76.png HTTP/1.1" 200 3414 "-" "Mozilla/5.0 (compatible; YandexBot/3.0; +http://yandex.com/bots)" "saveaslave.com"
54.84.196.120 - - [03/May/2017:14:36:02 -0700] "GET / HTTP/1.1" 200 87648 "-" "-" "saveaslave.com"
54.84.196.120 - - [03/May/2017:14:37:24 -0700] "GET / HTTP/1.1" 200 87648 "-" "-" "saveaslave.com"
42.236.10.79 - - [03/May/2017:14:37:46 -0700] "GET / HTTP/1.1" 200 87648 "http://saveaslave.com/" "Mozilla/5.0 (Windows NT 6.1; WOW64) AppleWebKit/537.36 (KHTML, like Gecko) Chrome/50.0.2661.102 Safari/537.36; 360Spider" "saveaslave.com"[1]
54.84.196.120 - - [03/May/2017:14:37:54 -0700] "GET / HTTP/1.1" 200 87648 "-" "-" "saveaslave.com"[0]
77.88.47.123 - - [03/May/2017:14:40:35 -0700] "GET /robots.txt HTTP/1.1" 200 48 "-" "Mozilla/5.0 (compatible; YandexBot/3.0; +http://yandex.com/bots)" "www.saveaslave.com"
77.88.47.89 - - [03/May/2017:14:40:53 -0700] "GET /ico/android-icon-192x192.png HTTP/1.1" 200 10097 "-" "Mozilla/5.0 (compatible; YandexBot/3.0; +http://yandex.com/bots)" "www.saveaslave.com"
204.236.253.74 - - [03/May/2017:14:53:55 -0700] "GET /index.php HTTP/1.1" 200 87648 "-" "Mozilla/5.0 (compatible; linkdexbot/2.0; +http://www.linkdex.com/bots/)" "saveaslave.com"[1]
194.187.170.124 - - [03/May/2017:14:54:24 -0700] "GET /disclaimer.php HTTP/1.1" 200 48762 "-" "Mozilla/5.0 (compatible; Qwantify/2.4w; +https://www.qwant.com/)/2.4w" "saveaslave.com"
138.201.59.34 - - [03/May/2017:15:08:21 -0700] "GET /robots.txt HTTP/1.1" 200 48 "-" "Mozilla/5.0 (compatible; SEOkicks-Robot; +http://www.seokicks.de/robot.html)" "saveaslave.com"
138.201.59.34 - - [03/May/2017:15:08:24 -0700] "GET / HTTP/1.1" 200 87648 "-" "Mozilla/5.0 (compatible; SEOkicks-Robot; +http://www.seokicks.de/robot.html)" "saveaslave.com"
138.201.59.34 - - [03/May/2017:15:08:27 -0700] "GET /manifest.json HTTP/1.1" 404 89 "http://saveaslave.com/" "Mozilla/5.0 (compatible; SEOkicks-Robot; +http://www.seokicks.de/robot.html)" "saveaslave.com"
138.201.59.34 - - [03/May/2017:15:08:30 -0700] "GET /css/bootstrap.min.css HTTP/1.1" 200 123578 "http://saveaslave.com/" "Mozilla/5.0 (compatible; SEOkicks-Robot; +http://www.seokicks.de/robot.html)" "saveaslave.com"
138.201.59.34 - - [03/May/2017:15:08:31 -0700] "GET /css/style.css HTTP/1.1" 200 7938 "http://saveaslave.com/" "Mozilla/5.0 (compatible; SEOkicks-Robot; +http://www.seokicks.de/robot.html)" "saveaslave.com"
138.201.59.34 - - [03/May/2017:15:08:33 -0700] "GET /css/elements.css HTTP/1.1" 200 17857 "http://saveaslave.com/" "Mozilla/5.0 (compatible; SEOkicks-Robot; +http://www.seokicks.de/robot.html)" "saveaslave.com"
138.201.59.34 - - [03/May/2017:15:08:34 -0700] "GET /assets/js/ie-emulation-modes-warning.js HTTP/1.1" 200 2130 "http://saveaslave.com/" "Mozilla/5.0 (compatible; SEOkicks-Robot; +http://www.seokicks.de/robot.html)" "saveaslave.com"
138.201.59.34 - - [03/May/2017:15:08:36 -0700] "GET /gfeedfetcher.js HTTP/1.1" 200 9018 "http://saveaslave.com/" "Mozilla/5.0 (compatible; SEOkicks-Robot; +http://www.seokicks.de/robot.html)" "saveaslave.com"
164.132.162.156 - - [03/May/2017:15:27:44 -0700] "GET /syria.html HTTP/1.1" 404 89 "-" "Mozilla/5.0 (compatible; AhrefsBot/5.2; +http://ahrefs.com/robot/)" "saveaslave.com"
54.225.51.53 - - [03/May/2017:15:45:30 -0700] "GET / HTTP/1.1" 200 87648 "-" "-" "saveaslave.com"
180.76.15.146 - - [03/May/2017:15:47:42 -0700] "GET /country.php?name=France&lang=en HTTP/1.1" 200 54271 "-" "Mozilla/5.0 (compatible; Baiduspider/2.0; +http://www.baidu.com/search/spider.html)" "www.saveaslave.com"[0]
217.182.132.78 - - [03/May/2017:15:49:20 -0700] "GET /site/?page_id=28 HTTP/1.1" 404 89 "-" "Mozilla/5.0 (compatible; AhrefsBot/5.2; +http://ahrefs.com/robot/)" "saveaslave.com"
65.36.241.48 - - [03/May/2017:15:57:10 -0700] "HEAD / HTTP/1.1" 200 0 "-" "InternetSeer.com" "www.saveaslave.com"
216.244.66.250 - - [03/May/2017:16:33:25 -0700] "GET /robots.txt HTTP/1.1" 200 48 "-" "Mozilla/5.0 (compatible; DotBot/1.1; http://www.opensiteexplorer.org/dotbot, help@moz.com)" "saveaslave.com"
216.244.66.250 - - [03/May/2017:16:47:13 -0700] "GET /article.php?id=5 HTTP/1.1" 200 47505 "-" "Mozilla/5.0 (compatible; DotBot/1.1; http://www.opensiteexplorer.org/dotbot, help@moz.com)" "saveaslave.com"
204.236.253.74 - - [03/May/2017:16:55:17 -0700] "GET /in-russian.php HTTP/1.1" 200 89894 "-" "Mozilla/5.0 (compatible; linkdexbot/2.0; +http://www.linkdex.com/bots/)" "saveaslave.com"
65.36.241.48 - - [03/May/2017:17:10:35 -0700] "HEAD / HTTP/1.1" 200 0 "-" "InternetSeer.com" "www.saveaslave.com"
54.211.242.79 - - [03/May/2017:17:11:56 -0700] "GET / HTTP/1.1" 200 87648 "-" "-" "saveaslave.com"[1]
85.93.91.84 - - [03/May/2017:17:31:36 -0700] "GET /www.iofa.org HTTP/1.1" 404 89 "-" "Mozilla/5.0 (compatible; DeuSu/5.0.2; +https://deusu.de/robot.html)" "www.saveaslave.com"
46.118.115.123 - - [03/May/2017:17:38:39 -0700] "GET / HTTP/1.1" 200 87612 "http://murmansk.xrus.org/" "Mozilla/4.0 (compatible; MSIE 5.5; Windows 95)" "www.saveaslave.com"
66.249.75.143 - - [03/May/2017:17:40:22 -0700] "GET /apple-app-site-association HTTP/1.1" 403 255 "-" "Mozilla/5.0 (compatible; Googlebot/2.1; +http://www.google.com/bot.html)" "www.saveaslave.com"[0]
178.137.4.41 - - [03/May/2017:17:47:51 -0700] "GET / HTTP/1.1" 200 87612 "http://investyb.com/" "Mozilla/4.0 (compatible; MSIE 7.0b; Windows NT 6.0 ; .NET CLR 2.0.50215; SL Commerce Client v1.0; Tablet PC 2.0" "www.saveaslave.com"
178.137.4.41 - - [03/May/2017:17:47:53 -0700] "GET / HTTP/1.1" 200 87612 "http://investyb.com/" "Mozilla/4.0 (compatible; MSIE 7.0b; Windows NT 6.0 ; .NET CLR 2.0.50215; SL Commerce Client v1.0; Tablet PC 2.0" "www.saveaslave.com"[1]
217.69.136.206 - - [03/May/2017:18:08:37 -0700] "GET /robots.txt HTTP/1.1" 200 48 "-" "Mozilla/5.0 (compatible; Linux x86_64; Mail.RU_Bot/2.0; +http://go.mail.ru/help/robots)" "www.saveaslave.com"
65.36.241.48 - - [03/May/2017:18:24:43 -0700] "HEAD / HTTP/1.1" 200 0 "-" "InternetSeer.com" "www.saveaslave.com"
164.132.161.24 - - [03/May/2017:19:10:56 -0700] "GET /trinidad-tobago.html HTTP/1.1" 404 89 "-" "Mozilla/5.0 (compatible; AhrefsBot/5.2; +http://ahrefs.com/robot/)" "saveaslave.com"[0]
66.102.6.96 - - [03/May/2017:19:26:15 -0700] "GET /ico/favicon-16x16.png HTTP/1.1" 200 1129 "-" "Mozilla/5.0 (X11; Linux x86_64) AppleWebKit/537.36 (KHTML, like Gecko) Chrome/49.0.2623.75 Safari/537.36 Google Favicon" "saveaslave.com"
216.244.66.250 - - [03/May/2017:19:32:34 -0700] "GET /robots.txt HTTP/1.1" 200 48 "-" "Mozilla/5.0 (compatible; DotBot/1.1; http://www.opensiteexplorer.org/dotbot, help@moz.com)" "saveaslave.com"
46.119.112.125 - - [03/May/2017:19:35:23 -0700] "GET / HTTP/1.1" 200 87612 "https://ohmyrings.com/" "Mozilla/0.6 Beta (Windows)" "www.saveaslave.com"[2]
217.69.136.208 - - [03/May/2017:20:06:11 -0700] "GET /who-we-arer.php HTTP/1.1" 200 73386 "-" "Mozilla/5.0 (compatible; Linux x86_64; Mail.RU_Bot/2.0; +http://go.mail.ru/help/robots)" "saveaslave.com"[2]
37.187.78.81 - - [03/May/2017:20:14:17 -0700] "GET / HTTP/1.1" 200 87648 "-" "Mozilla/5.0 (Windows NT 6.1; Trident/7.0; rv:11.0) like Gecko" "saveaslave.com"
85.93.91.84 - - [03/May/2017:20:24:52 -0700] "GET /www.casa-alianzamexico.org HTTP/1.1" 404 89 "-" "Mozilla/5.0 (compatible; DeuSu/5.0.2; +https://deusu.de/robot.html)" "www.saveaslave.com"
203.188.221.246 - - [03/May/2017:20:40:00 -0700] "GET /gajaxscroller.js HTTP/1.1" 200 9774 "http://www.saveaslave.com/" "Mozilla/5.0 (Windows NT 6.3) AppleWebKit/537.36 (KHTML, like Gecko) Chrome/58.0.3029.96 Safari/537.36" "www.saveaslave.com"
203.188.221.246 - - [03/May/2017:20:40:01 -0700] "GET /css/style-pages.css HTTP/1.1" 200 9894 "http://www.saveaslave.com/" "Mozilla/5.0 (Windows NT 6.3) AppleWebKit/537.36 (KHTML, like Gecko) Chrome/58.0.3029.96 Safari/537.36" "www.saveaslave.com"
203.188.221.246 - - [03/May/2017:20:40:03 -0700] "GET /images/cover1.jpg HTTP/1.1" 200 253658 "http://www.saveaslave.com/" "Mozilla/5.0 (Windows NT 6.3) AppleWebKit/537.36 (KHTML, like Gecko) Chrome/58.0.3029.96 Safari/537.36" "www.saveaslave.com"
203.188.221.246 - - [03/May/2017:20:40:03 -0700] "GET /images/top.jpg HTTP/1.1" 200 50519 "http://www.saveaslave.com/" "Mozilla/5.0 (Windows NT 6.3) AppleWebKit/537.36 (KHTML, like Gecko) Chrome/58.0.3029.96 Safari/537.36" "www.saveaslave.com"
203.188.221.246 - - [03/May/2017:20:40:05 -0700] "GET /images/select-arrow.png HTTP/1.1" 200 1118 "http://www.saveaslave.com/css/style.css" "Mozilla/5.0 (Windows NT 6.3) AppleWebKit/537.36 (KHTML, like Gecko) Chrome/58.0.3029.96 Safari/537.36" "www.saveaslave.com"
203.188.221.246 - - [03/May/2017:20:40:06 -0700] "GET /images/tripit_icon_thumb_flat.png HTTP/1.1" 200 5795 "http://www.saveaslave.com/" "Mozilla/5.0 (Windows NT 6.3) AppleWebKit/537.36 (KHTML, like Gecko) Chrome/58.0.3029.96 Safari/537.36" "www.saveaslave.com"
203.188.221.246 - - [03/May/2017:20:40:07 -0700] "GET /images/social3.png HTTP/1.1" 200 4343 "http://www.saveaslave.com/" "Mozilla/5.0 (Windows NT 6.3) AppleWebKit/537.36 (KHTML, like Gecko) Chrome/58.0.3029.96 Safari/537.36" "www.saveaslave.com"
203.188.221.246 - - [03/May/2017:20:40:22 -0700] "GET /indicator.gif HTTP/1.1" 200 878 "http://www.saveaslave.com/" "Mozilla/5.0 (Windows NT 6.3) AppleWebKit/537.36 (KHTML, like Gecko) Chrome/58.0.3029.96 Safari/537.36" "www.saveaslave.com"
203.188.221.246 - - [03/May/2017:20:40:22 -0700] "GET /css/down-arrow.png HTTP/1.1" 404 89 "http://www.saveaslave.com/css/elements.css" "Mozilla/5.0 (Windows NT 6.3) AppleWebKit/537.36 (KHTML, like Gecko) Chrome/58.0.3029.96 Safari/537.36" "www.saveaslave.com"
203.188.221.246 - - [03/May/2017:20:40:59 -0700] "GET /favicon.ico HTTP/1.1" 404 89 "http://www.saveaslave.com/" "Mozilla/5.0 (Windows NT 6.3) AppleWebKit/537.36 (KHTML, like Gecko) Chrome/58.0.3029.96 Safari/537.36" "www.saveaslave.com"
203.188.221.246 - - [03/May/2017:20:40:59 -0700] "GET /ico/favicon-16x16.png HTTP/1.1" 200 1129 "http://www.saveaslave.com/" "Mozilla/5.0 (Windows NT 6.3) AppleWebKit/537.36 (KHTML, like Gecko) Chrome/58.0.3029.96 Safari/537.36" "www.saveaslave.com"[0]
203.188.221.246 - - [03/May/2017:20:41:00 -0700] "GET /ico/favicon-96x96.png HTTP/1.1" 200 4476 "http://www.saveaslave.com/" "Mozilla/5.0 (Windows NT 6.3) AppleWebKit/537.36 (KHTML, like Gecko) Chrome/58.0.3029.96 Safari/537.36" "www.saveaslave.com"
203.188.221.246 - - [03/May/2017:20:41:03 -0700] "GET /ico/android-icon-192x192.png HTTP/1.1" 200 10097 "http://www.saveaslave.com/" "Mozilla/5.0 (Windows NT 6.3) AppleWebKit/537.36 (KHTML, like Gecko) Chrome/58.0.3029.96 Safari/537.36" "www.saveaslave.com"
180.76.15.7 - - [03/May/2017:20:49:18 -0700] "GET /country.php?name=Latvia&lang=en HTTP/1.1" 200 53720 "-" "Mozilla/5.0 (compatible; Baiduspider/2.0; +http://www.baidu.com/search/spider.html)" "www.saveaslave.com"[1]
91.200.12.2 - - [03/May/2017:21:04:37 -0700] "GET /wp-login.php HTTP/1.1" 200 73 "http://saveaslave.com/wp-login.php" "Mozilla/4.0 (compatible; MSIE 9.0; Windows NT 6.1; 125LA; .NET CLR 2.0.50727; .NET CLR 3.0.04506.648; .NET CLR 3.5.21022)" "saveaslave.com"
85.93.91.84 - - [03/May/2017:21:18:36 -0700] "GET /https:/www.tripadvisor.com HTTP/1.1" 404 89 "-" "Mozilla/5.0 (compatible; DeuSu/5.0.2; +https://deusu.de/robot.html)" "www.saveaslave.com"
203.133.168.28 - - [03/May/2017:21:36:02 -0700] "GET /robots.txt HTTP/1.1" 200 48 "-" "Mozilla/5.0 (compatible; Daum/4.1; +http://cs.daum.net/faq/15/4118.html?faqId=28966)" "saveaslave.com"
203.133.168.28 - - [03/May/2017:21:36:11 -0700] "GET /addarticle.php HTTP/1.1" 200 13761 "-" "Mozilla/5.0 (compatible; Daum/4.1; +http://cs.daum.net/faq/15/4118.html?faqId=28966)" "saveaslave.com"
137.74.201.108 - - [03/May/2017:21:43:23 -0700] "GET /rwanda.html HTTP/1.1" 404 89 "-" "Mozilla/5.0 (compatible; AhrefsBot/5.2; +http://ahrefs.com/robot/)" "saveaslave.com"
85.93.91.84 - - [03/May/2017:21:52:15 -0700] "GET /www.nightlightinternational.org HTTP/1.1" 404 89 "-" "Mozilla/5.0 (compatible; DeuSu/5.0.2; +https://deusu.de/robot.html)" "www.saveaslave.com"
194.187.170.141 - - [03/May/2017:22:04:55 -0700] "GET /robots.txt HTTP/1.1" 200 48 "-" "Mozilla/5.0 (compatible; Qwantify/2.4w; +https://www.qwant.com/)/2.4w" "saveaslave.com"
194.187.170.141 - - [03/May/2017:22:07:34 -0700] "GET /article.php?id=9 HTTP/1.1" 200 101323 "-" "Mozilla/5.0 (compatible; Qwantify/2.4w; +https://www.qwant.com/)/2.4w" "saveaslave.com"
157.55.39.74 - - [03/May/2017:22:08:53 -0700] "GET /?tpl=realestate&itemid=5 HTTP/1.1" 200 87648 "-" "Mozilla/5.0 (compatible; bingbot/2.0; +http://www.bing.com/bingbot.htm)" "saveaslave.com"
194.187.170.141 - - [03/May/2017:22:15:27 -0700] "GET /article.php?id=20 HTTP/1.1" 200 51112 "-" "Mozilla/5.0 (compatible; Qwantify/2.4w; +https://www.qwant.com/)/2.4w" "saveaslave.com"
216.244.66.250 - - [03/May/2017:22:23:27 -0700] "GET /article.php?id=116 HTTP/1.1" 200 44284 "-" "Mozilla/5.0 (compatible; DotBot/1.1; http://www.opensiteexplorer.org/dotbot, help@moz.com)" "www.saveaslave.com"
180.76.15.153 - - [03/May/2017:22:35:15 -0700] "GET / HTTP/1.1" 200 87648 "-" "Mozilla/5.0 (compatible; Baiduspider/2.0; +http://www.baidu.com/search/spider.html)" "saveaslave.com"[2]
106.120.173.111 - - [03/May/2017:22:38:41 -0700] "GET / HTTP/1.1" 200 87648 "-" "Sogou web spider/4.0(+http://www.sogou.com/docs/help/webmasters.htm#07)" "saveaslave.com"
106.120.173.111 - - [03/May/2017:22:39:06 -0700] "GET /site/?cat=209 HTTP/1.1" 404 89 "-" "Sogou web spider/4.0(+http://www.sogou.com/docs/help/webmasters.htm#07)" "saveaslave.com"[0]
194.187.170.141 - - [03/May/2017:22:39:54 -0700] "GET /article.php?id=60 HTTP/1.1" 200 49964 "-" "Mozilla/5.0 (compatible; Qwantify/2.4w; +https://www.qwant.com/)/2.4w" "saveaslave.com"
66.249.75.161 - - [03/May/2017:22:42:44 -0700] "GET /images/supporters/movements-logo-large.png HTTP/1.1" 200 3276 "-" "Googlebot-Image/1.0" "www.saveaslave.com"
194.187.170.141 - - [03/May/2017:22:43:30 -0700] "GET /article.php?id=63 HTTP/1.1" 200 46443 "-" "Mozilla/5.0 (compatible; Qwantify/2.4w; +https://www.qwant.com/)/2.4w" "saveaslave.com"
194.187.170.141 - - [03/May/2017:22:44:29 -0700] "GET /article.php?id=8 HTTP/1.1" 200 55679 "-" "Mozilla/5.0 (compatible; Qwantify/2.4w; +https://www.qwant.com/)/2.4w" "saveaslave.com"
194.187.170.141 - - [03/May/2017:22:47:03 -0700] "GET /article.php?id=66 HTTP/1.1" 200 53743 "-" "Mozilla/5.0 (compatible; Qwantify/2.4w; +https://www.qwant.com/)/2.4w" "saveaslave.com"
194.187.170.141 - - [03/May/2017:22:52:28 -0700] "GET /article.php?id=10 HTTP/1.1" 200 50385 "-" "Mozilla/5.0 (compatible; Qwantify/2.4w; +https://www.qwant.com/)/2.4w" "saveaslave.com"[1]
77.88.47.86 - - [03/May/2017:22:53:26 -0700] "GET /robots.txt HTTP/1.1" 200 48 "-" "Mozilla/5.0 (compatible; YandexBot/3.0; +http://yandex.com/bots)" "saveaslave.com"
199.21.99.201 - - [03/May/2017:22:53:27 -0700] "GET /robots.txt HTTP/1.1" 200 48 "-" "Mozilla/5.0 (compatible; YandexBot/3.0; +http://yandex.com/bots)" "www.saveaslave.com"
199.21.99.201 - - [03/May/2017:22:53:31 -0700] "GET / HTTP/1.1" 200 87648 "-" "Mozilla/5.0 (compatible; YandexBot/3.0; +http://yandex.com/bots)" "saveaslave.com"
77.88.47.100 - - [03/May/2017:22:53:31 -0700] "GET / HTTP/1.1" 200 87648 "-" "Mozilla/5.0 (compatible; YandexBot/3.0; +http://yandex.com/bots)" "www.saveaslave.com"
194.187.170.141 - - [03/May/2017:23:02:07 -0700] "GET /article.php?id=45 HTTP/1.1" 200 46829 "-" "Mozilla/5.0 (compatible; Qwantify/2.4w; +https://www.qwant.com/)/2.4w" "saveaslave.com"
194.187.170.141 - - [03/May/2017:23:03:07 -0700] "GET /article.php?id=19 HTTP/1.1" 200 49622 "-" "Mozilla/5.0 (compatible; Qwantify/2.4w; +https://www.qwant.com/)/2.4w" "saveaslave.com"
95.34.24.124 - - [03/May/2017:23:04:34 -0700] "GET /robots.txt HTTP/1.1" 200 48 "-" "Mozilla/5.0 (compatible; MJ12bot/v1.4.7; http://mj12bot.com/)" "www.saveaslave.com"
95.34.24.124 - - [03/May/2017:23:04:39 -0700] "GET /article.php?id=2 HTTP/1.1" 200 49298 "-" "Mozilla/5.0 (compatible; MJ12bot/v1.4.7; http://mj12bot.com/)" "www.saveaslave.com"
95.34.24.124 - - [03/May/2017:23:04:41 -0700] "GET /article.php?id=21 HTTP/1.1" 200 50284 "-" "Mozilla/5.0 (compatible; MJ12bot/v1.4.7; http://mj12bot.com/)" "www.saveaslave.com"
95.34.24.124 - - [03/May/2017:23:04:43 -0700] "GET /article.php?id=5 HTTP/1.1" 200 47505 "-" "Mozilla/5.0 (compatible; MJ12bot/v1.4.7; http://mj12bot.com/)" "www.saveaslave.com"[0]
95.34.24.124 - - [03/May/2017:23:04:45 -0700] "GET /coalition-members-cast.php HTTP/1.1" 200 48016 "-" "Mozilla/5.0 (compatible; MJ12bot/v1.4.7; http://mj12bot.com/)" "www.saveaslave.com"[0]
194.187.170.141 - - [03/May/2017:23:17:24 -0700] "GET /article.php?id=24 HTTP/1.1" 200 46793 "-" "Mozilla/5.0 (compatible; Qwantify/2.4w; +https://www.qwant.com/)/2.4w" "saveaslave.com"[1]
194.187.170.141 - - [03/May/2017:23:37:51 -0700] "GET /article.php?id=61 HTTP/1.1" 200 57280 "-" "Mozilla/5.0 (compatible; Qwantify/2.4w; +https://www.qwant.com/)/2.4w" "saveaslave.com"
194.187.170.141 - - [03/May/2017:23:50:18 -0700] "GET /article.php?id=11 HTTP/1.1" 200 68586 "-" "Mozilla/5.0 (compatible; Qwantify/2.4w; +https://www.qwant.com/)/2.4w" "saveaslave.com"
217.69.133.236 - - [03/May/2017:23:51:57 -0700] "GET /robots.txt HTTP/1.1" 200 48 "-" "Mozilla/5.0 (compatible; Linux x86_64; Mail.RU_Bot/2.0; +http://go.mail.ru/help/robots)" "www.saveaslave.com"
194.187.170.141 - - [03/May/2017:23:57:07 -0700] "GET /article.php?id=17 HTTP/1.1" 200 46140 "-" "Mozilla/5.0 (compatible; Qwantify/2.4w; +https://www.qwant.com/)/2.4w" "saveaslave.com"
62.210.37.82 - - [04/May/2017:00:18:26 -0700] "GET /id_rsa HTTP/1.1" 404 89 "-" "Mozilla/5.0 (Windows NT 10.0; Win64; x64) AppleWebKit/537.36 (KHTML, like Gecko) Chrome/56.0.2924.87 Safari/537.36" "saveaslave.com"[0]
62.210.37.82 - - [04/May/2017:00:18:27 -0700] "GET /id_dsa HTTP/1.1" 404 89 "-" "Mozilla/5.0 (Windows NT 10.0; Win64; x64) AppleWebKit/537.36 (KHTML, like Gecko) Chrome/56.0.2924.87 Safari/537.36" "saveaslave.com"
66.249.93.19 - - [04/May/2017:00:20:10 -0700] "GET /gajaxscroller.js HTTP/1.1" 200 9774 "https://www.google.co.uk/search?client=ms-android-samsung&q=xnxxsalave+mali&spell=1&sa=X&ved=0ahUKEwjEuN_O2dXTAhXIFZoKHUv0AcsQvwUIFigA&biw=360&bih=560&dpr=2" "Mozilla/5.0 (Linux; Android 6.0.1; SM-J700F Build/MMB29K) AppleWebKit/537.36 (KHTML, like Gecko) Chrome/58.0.3029.83 Mobile Safari/537.36" "www.saveaslave.com"[0]
66.249.93.20 - - [04/May/2017:00:20:10 -0700] "GET /css/elements.css HTTP/1.1" 200 17857 "https://www.google.co.uk/search?client=ms-android-samsung&q=xnxxsalave+mali&spell=1&sa=X&ved=0ahUKEwjEuN_O2dXTAhXIFZoKHUv0AcsQvwUIFigA&biw=360&bih=560&dpr=2" "Mozilla/5.0 (Linux; Android 6.0.1; SM-J700F Build/MMB29K) AppleWebKit/537.36 (KHTML, like Gecko) Chrome/58.0.3029.83 Mobile Safari/537.36" "www.saveaslave.com"
66.249.93.18 - - [04/May/2017:00:20:10 -0700] "GET /css/style.css HTTP/1.1" 200 7938 "https://www.google.co.uk/search?client=ms-android-samsung&q=xnxxsalave+mali&spell=1&sa=X&ved=0ahUKEwjEuN_O2dXTAhXIFZoKHUv0AcsQvwUIFigA&biw=360&bih=560&dpr=2" "Mozilla/5.0 (Linux; Android 6.0.1; SM-J700F Build/MMB29K) AppleWebKit/537.36 (KHTML, like Gecko) Chrome/58.0.3029.83 Mobile Safari/537.36" "www.saveaslave.com"
66.249.93.20 - - [04/May/2017:00:20:10 -0700] "GET /css/bootstrap.min.css HTTP/1.1" 200 123578 "https://www.google.co.uk/search?client=ms-android-samsung&q=xnxxsalave+mali&spell=1&sa=X&ved=0ahUKEwjEuN_O2dXTAhXIFZoKHUv0AcsQvwUIFigA&biw=360&bih=560&dpr=2" "Mozilla/5.0 (Linux; Android 6.0.1; SM-J700F Build/MMB29K) AppleWebKit/537.36 (KHTML, like Gecko) Chrome/58.0.3029.83 Mobile Safari/537.36" "www.saveaslave.com"
66.249.93.18 - - [04/May/2017:00:20:10 -0700] "GET /css/style-pages.css HTTP/1.1" 200 9894 "https://www.google.co.uk/search?client=ms-android-samsung&q=xnxxsalave+mali&spell=1&sa=X&ved=0ahUKEwjEuN_O2dXTAhXIFZoKHUv0AcsQvwUIFigA&biw=360&bih=560&dpr=2" "Mozilla/5.0 (Linux; Android 6.0.1; SM-J700F Build/MMB29K) AppleWebKit/537.36 (KHTML, like Gecko) Chrome/58.0.3029.83 Mobile Safari/537.36" "www.saveaslave.com"
66.249.93.20 - - [04/May/2017:00:20:10 -0700] "GET /gfeedfetcher.js HTTP/1.1" 200 9018 "https://www.google.co.uk/search?client=ms-android-samsung&q=xnxxsalave+mali&spell=1&sa=X&ved=0ahUKEwjEuN_O2dXTAhXIFZoKHUv0AcsQvwUIFigA&biw=360&bih=560&dpr=2" "Mozilla/5.0 (Linux; Android 6.0.1; SM-J700F Build/MMB29K) AppleWebKit/537.36 (KHTML, like Gecko) Chrome/58.0.3029.83 Mobile Safari/537.36" "www.saveaslave.com"
66.249.93.20 - - [04/May/2017:00:20:10 -0700] "GET /assets/js/ie-emulation-modes-warning.js HTTP/1.1" 200 2130 "https://www.google.co.uk/search?client=ms-android-samsung&q=xnxxsalave+mali&spell=1&sa=X&ved=0ahUKEwjEuN_O2dXTAhXIFZoKHUv0AcsQvwUIFigA&biw=360&bih=560&dpr=2" "Mozilla/5.0 (Linux; Android 6.0.1; SM-J700F Build/MMB29K) AppleWebKit/537.36 (KHTML, like Gecko) Chrome/58.0.3029.83 Mobile Safari/537.36" "www.saveaslave.com"
66.249.93.19 - - [04/May/2017:00:20:11 -0700] "GET / HTTP/1.1" 200 87612 "https://www.google.co.uk/" "Mozilla/5.0 (Linux; Android 6.0.1; SM-J700F Build/MMB29K) AppleWebKit/537.36 (KHTML, like Gecko) Chrome/58.0.3029.83 Mobile Safari/537.36" "www.saveaslave.com"[1]
66.249.93.20 - - [04/May/2017:00:20:12 -0700] "GET /images/cover1.jpg HTTP/1.1" 200 253658 "http://www.saveaslave.com/" "Mozilla/5.0 (Linux; Android 6.0.1; SM-J700F Build/MMB29K) AppleWebKit/537.36 (KHTML, like Gecko) Chrome/58.0.3029.83 Mobile Safari/537.36" "www.saveaslave.com"
66.249.93.20 - - [04/May/2017:00:20:12 -0700] "GET /images/logo2.png HTTP/1.1" 200 18525 "http://www.saveaslave.com/" "Mozilla/5.0 (Linux; Android 6.0.1; SM-J700F Build/MMB29K) AppleWebKit/537.36 (KHTML, like Gecko) Chrome/58.0.3029.83 Mobile Safari/537.36" "www.saveaslave.com"
66.249.93.19 - - [04/May/2017:00:20:12 -0700] "GET /js/bootstrap.min.js HTTP/1.1" 200 37055 "http://www.saveaslave.com/" "Mozilla/5.0 (Linux; Android 6.0.1; SM-J700F Build/MMB29K) AppleWebKit/537.36 (KHTML, like Gecko) Chrome/58.0.3029.83 Mobile Safari/537.36" "www.saveaslave.com"
66.249.93.20 - - [04/May/2017:00:20:12 -0700] "GET /images/social2.png HTTP/1.1" 200 1752 "http://www.saveaslave.com/" "Mozilla/5.0 (Linux; Android 6.0.1; SM-J700F Build/MMB29K) AppleWebKit/537.36 (KHTML, like Gecko) Chrome/58.0.3029.83 Mobile Safari/537.36" "www.saveaslave.com"
66.249.93.18 - - [04/May/2017:00:20:12 -0700] "GET /images/social1.png HTTP/1.1" 200 2012 "http://www.saveaslave.com/" "Mozilla/5.0 (Linux; Android 6.0.1; SM-J700F Build/MMB29K) AppleWebKit/537.36 (KHTML, like Gecko) Chrome/58.0.3029.83 Mobile Safari/537.36" "www.saveaslave.com"
66.249.93.18 - - [04/May/2017:00:20:12 -0700] "GET /assets/js/ie10-viewport-bug-workaround.js HTTP/1.1" 200 641 "http://www.saveaslave.com/" "Mozilla/5.0 (Linux; Android 6.0.1; SM-J700F Build/MMB29K) AppleWebKit/537.36 (KHTML, like Gecko) Chrome/58.0.3029.83 Mobile Safari/537.36" "www.saveaslave.com"
66.249.93.18 - - [04/May/2017:00:20:12 -0700] "GET /images/article/end_it.jpg HTTP/1.1" 200 33676 "http://www.saveaslave.com/" "Mozilla/5.0 (Linux; Android 6.0.1; SM-J700F Build/MMB29K) AppleWebKit/537.36 (KHTML, like Gecko) Chrome/58.0.3029.83 Mobile Safari/537.36" "www.saveaslave.com"
66.249.93.19 - - [04/May/2017:00:20:12 -0700] "GET /images/social3.png HTTP/1.1" 200 4343 "http://www.saveaslave.com/" "Mozilla/5.0 (Linux; Android 6.0.1; SM-J700F Build/MMB29K) AppleWebKit/537.36 (KHTML, like Gecko) Chrome/58.0.3029.83 Mobile Safari/537.36" "www.saveaslave.com"
66.249.93.19 - - [04/May/2017:00:20:12 -0700] "GET /images/tripit_icon_thumb_flat.png HTTP/1.1" 200 5795 "http://www.saveaslave.com/" "Mozilla/5.0 (Linux; Android 6.0.1; SM-J700F Build/MMB29K) AppleWebKit/537.36 (KHTML, like Gecko) Chrome/58.0.3029.83 Mobile Safari/537.36" "www.saveaslave.com"
66.249.93.19 - - [04/May/2017:00:20:15 -0700] "GET /addarticle.php HTTP/1.1" 200 13725 "http://www.saveaslave.com/" "Mozilla/5.0 (Linux; Android 6.0.1; SM-J700F Build/MMB29K) AppleWebKit/537.36 (KHTML, like Gecko) Chrome/58.0.3029.83 Mobile Safari/537.36" "www.saveaslave.com"[0]
66.249.93.19 - - [04/May/2017:00:20:18 -0700] "GET /css/down-arrow.png HTTP/1.1" 404 89 "http://www.saveaslave.com/css/elements.css" "Mozilla/5.0 (Linux; Android 6.0.1; SM-J700F Build/MMB29K) AppleWebKit/537.36 (KHTML, like Gecko) Chrome/58.0.3029.83 Mobile Safari/537.36" "www.saveaslave.com"
66.249.93.18 - - [04/May/2017:00:20:18 -0700] "GET /images/select-arrow.png HTTP/1.1" 200 1118 "http://www.saveaslave.com/css/style-pages.css" "Mozilla/5.0 (Linux; Android 6.0.1; SM-J700F Build/MMB29K) AppleWebKit/537.36 (KHTML, like Gecko) Chrome/58.0.3029.83 Mobile Safari/537.36" "www.saveaslave.com"
