107.194.101.3 - - [02/Nov/2016:20:59:25 -0700] "GET / HTTP/1.1" 200 90516 "http://www.ohchr.org/EN/Issues/Slavery/UNVTFCFS/Pages/SlaveryList.aspx" "Mozilla/5.0 (Windows NT 10.0; Win64; x64) AppleWebKit/537.36 (KHTML, like Gecko) Chrome/51.0.2704.79 Safari/537.36 Edge/14.14393" "www.saveaslave.com"
107.194.101.3 - - [02/Nov/2016:20:59:25 -0700] "GET /css/bootstrap.min.css HTTP/1.1" 200 123578 "http://www.saveaslave.com/" "Mozilla/5.0 (Windows NT 10.0; Win64; x64) AppleWebKit/537.36 (KHTML, like Gecko) Chrome/51.0.2704.79 Safari/537.36 Edge/14.14393" "www.saveaslave.com"
107.194.101.3 - - [02/Nov/2016:20:59:25 -0700] "GET /css/style.css HTTP/1.1" 200 7938 "http://www.saveaslave.com/" "Mozilla/5.0 (Windows NT 10.0; Win64; x64) AppleWebKit/537.36 (KHTML, like Gecko) Chrome/51.0.2704.79 Safari/537.36 Edge/14.14393" "www.saveaslave.com"
107.194.101.3 - - [02/Nov/2016:20:59:25 -0700] "GET /css/elements.css HTTP/1.1" 200 17857 "http://www.saveaslave.com/" "Mozilla/5.0 (Windows NT 10.0; Win64; x64) AppleWebKit/537.36 (KHTML, like Gecko) Chrome/51.0.2704.79 Safari/537.36 Edge/14.14393" "www.saveaslave.com"
107.194.101.3 - - [02/Nov/2016:20:59:25 -0700] "GET /gfeedfetcher.js HTTP/1.1" 200 9018 "http://www.saveaslave.com/" "Mozilla/5.0 (Windows NT 10.0; Win64; x64) AppleWebKit/537.36 (KHTML, like Gecko) Chrome/51.0.2704.79 Safari/537.36 Edge/14.14393" "www.saveaslave.com"
107.194.101.3 - - [02/Nov/2016:20:59:25 -0700] "GET /assets/js/ie-emulation-modes-warning.js HTTP/1.1" 200 2130 "http://www.saveaslave.com/" "Mozilla/5.0 (Windows NT 10.0; Win64; x64) AppleWebKit/537.36 (KHTML, like Gecko) Chrome/51.0.2704.79 Safari/537.36 Edge/14.14393" "www.saveaslave.com"
107.194.101.3 - - [02/Nov/2016:20:59:25 -0700] "GET /gajaxscroller.js HTTP/1.1" 200 9774 "http://www.saveaslave.com/" "Mozilla/5.0 (Windows NT 10.0; Win64; x64) AppleWebKit/537.36 (KHTML, like Gecko) Chrome/51.0.2704.79 Safari/537.36 Edge/14.14393" "www.saveaslave.com"
107.194.101.3 - - [02/Nov/2016:20:59:25 -0700] "GET /images/logo2.png HTTP/1.1" 200 18525 "http://www.saveaslave.com/" "Mozilla/5.0 (Windows NT 10.0; Win64; x64) AppleWebKit/537.36 (KHTML, like Gecko) Chrome/51.0.2704.79 Safari/537.36 Edge/14.14393" "www.saveaslave.com"
107.194.101.3 - - [02/Nov/2016:20:59:25 -0700] "GET /images/article/end_it.jpg HTTP/1.1" 200 33676 "http://www.saveaslave.com/" "Mozilla/5.0 (Windows NT 10.0; Win64; x64) AppleWebKit/537.36 (KHTML, like Gecko) Chrome/51.0.2704.79 Safari/537.36 Edge/14.14393" "www.saveaslave.com"
107.194.101.3 - - [02/Nov/2016:20:59:25 -0700] "GET /assets/js/ie10-viewport-bug-workaround.js HTTP/1.1" 200 641 "http://www.saveaslave.com/" "Mozilla/5.0 (Windows NT 10.0; Win64; x64) AppleWebKit/537.36 (KHTML, like Gecko) Chrome/51.0.2704.79 Safari/537.36 Edge/14.14393" "www.saveaslave.com"
107.194.101.3 - - [02/Nov/2016:20:59:25 -0700] "GET /css/style-pages.css HTTP/1.1" 200 9894 "http://www.saveaslave.com/" "Mozilla/5.0 (Windows NT 10.0; Win64; x64) AppleWebKit/537.36 (KHTML, like Gecko) Chrome/51.0.2704.79 Safari/537.36 Edge/14.14393" "www.saveaslave.com"
107.194.101.3 - - [02/Nov/2016:20:59:25 -0700] "GET /js/bootstrap.min.js HTTP/1.1" 200 37055 "http://www.saveaslave.com/" "Mozilla/5.0 (Windows NT 10.0; Win64; x64) AppleWebKit/537.36 (KHTML, like Gecko) Chrome/51.0.2704.79 Safari/537.36 Edge/14.14393" "www.saveaslave.com"
107.194.101.3 - - [02/Nov/2016:20:59:25 -0700] "GET /images/article/s1_dety_beg_d9954.jpg HTTP/1.1" 200 16968 "http://www.saveaslave.com/" "Mozilla/5.0 (Windows NT 10.0; Win64; x64) AppleWebKit/537.36 (KHTML, like Gecko) Chrome/51.0.2704.79 Safari/537.36 Edge/14.14393" "www.saveaslave.com"
107.194.101.3 - - [02/Nov/2016:20:59:25 -0700] "GET /images/article/suspects.jpg HTTP/1.1" 200 58796 "http://www.saveaslave.com/" "Mozilla/5.0 (Windows NT 10.0; Win64; x64) AppleWebKit/537.36 (KHTML, like Gecko) Chrome/51.0.2704.79 Safari/537.36 Edge/14.14393" "www.saveaslave.com"
107.194.101.3 - - [02/Nov/2016:20:59:25 -0700] "GET /images/social1.png HTTP/1.1" 200 2012 "http://www.saveaslave.com/" "Mozilla/5.0 (Windows NT 10.0; Win64; x64) AppleWebKit/537.36 (KHTML, like Gecko) Chrome/51.0.2704.79 Safari/537.36 Edge/14.14393" "www.saveaslave.com"
107.194.101.3 - - [02/Nov/2016:20:59:25 -0700] "GET /images/social2.png HTTP/1.1" 200 1752 "http://www.saveaslave.com/" "Mozilla/5.0 (Windows NT 10.0; Win64; x64) AppleWebKit/537.36 (KHTML, like Gecko) Chrome/51.0.2704.79 Safari/537.36 Edge/14.14393" "www.saveaslave.com"
107.194.101.3 - - [02/Nov/2016:20:59:25 -0700] "GET /images/cover1.jpg HTTP/1.1" 200 253658 "http://www.saveaslave.com/" "Mozilla/5.0 (Windows NT 10.0; Win64; x64) AppleWebKit/537.36 (KHTML, like Gecko) Chrome/51.0.2704.79 Safari/537.36 Edge/14.14393" "www.saveaslave.com"[0]
107.194.101.3 - - [02/Nov/2016:20:59:25 -0700] "GET /images/top.jpg HTTP/1.1" 200 50519 "http://www.saveaslave.com/" "Mozilla/5.0 (Windows NT 10.0; Win64; x64) AppleWebKit/537.36 (KHTML, like Gecko) Chrome/51.0.2704.79 Safari/537.36 Edge/14.14393" "www.saveaslave.com"
107.194.101.3 - - [02/Nov/2016:20:59:26 -0700] "GET /addarticle.php HTTP/1.1" 200 13725 "http://www.saveaslave.com/" "Mozilla/5.0 (Windows NT 10.0; Win64; x64) AppleWebKit/537.36 (KHTML, like Gecko) Chrome/51.0.2704.79 Safari/537.36 Edge/14.14393" "www.saveaslave.com"
107.194.101.3 - - [02/Nov/2016:20:59:26 -0700] "GET /indicator.gif HTTP/1.1" 200 878 "http://www.saveaslave.com/" "Mozilla/5.0 (Windows NT 10.0; Win64; x64) AppleWebKit/537.36 (KHTML, like Gecko) Chrome/51.0.2704.79 Safari/537.36 Edge/14.14393" "www.saveaslave.com"
107.194.101.3 - - [02/Nov/2016:20:59:26 -0700] "GET /images/select-arrow.png HTTP/1.1" 200 1118 "http://www.saveaslave.com/" "Mozilla/5.0 (Windows NT 10.0; Win64; x64) AppleWebKit/537.36 (KHTML, like Gecko) Chrome/51.0.2704.79 Safari/537.36 Edge/14.14393" "www.saveaslave.com"[0]
107.194.101.3 - - [02/Nov/2016:20:59:26 -0700] "GET /css/down-arrow.png HTTP/1.1" 404 89 "http://www.saveaslave.com/" "Mozilla/5.0 (Windows NT 10.0; Win64; x64) AppleWebKit/537.36 (KHTML, like Gecko) Chrome/51.0.2704.79 Safari/537.36 Edge/14.14393" "www.saveaslave.com"
107.194.101.3 - - [02/Nov/2016:20:59:26 -0700] "GET /ico/android-icon-192x192.png HTTP/1.1" 200 10097 "-" "Mozilla/5.0 (Windows NT 10.0; Win64; x64) AppleWebKit/537.36 (KHTML, like Gecko) Chrome/51.0.2704.79 Safari/537.36 Edge/14.14393" "www.saveaslave.com"
94.23.78.236 - - [02/Nov/2016:21:01:31 -0700] "GET /our-newsr.php HTTP/1.1" 200 78316 "-" "Mozilla/5.0 (compatible; MSIE 10.0; Windows NT 6.1; Trident/6.0)" "saveaslave.com"
51.254.71.251 - - [02/Nov/2016:21:13:50 -0700] "POST /our-newsr.php HTTP/1.1" 200 61587 "-" "Mozilla/5.0 (compatible; MSIE 10.0; Windows NT 6.1; Trident/5.0)" "saveaslave.com"[2]
51.254.152.246 - - [02/Nov/2016:21:18:08 -0700] "GET /our-newsr.php HTTP/1.1" 200 78316 "-" "Mozilla/5.0 (compatible; MSIE 10.0; Windows NT 6.1; Trident/5.0)" "saveaslave.com"
180.76.15.151 - - [02/Nov/2016:21:39:30 -0700] "GET /american_samoa.html HTTP/1.1" 404 89 "-" "Mozilla/5.0 (compatible; Baiduspider/2.0; +http://www.baidu.com/search/spider.html)" "www.saveaslave.com"
51.254.146.70 - - [02/Nov/2016:21:41:37 -0700] "GET /our-newsr.php HTTP/1.1" 200 78316 "-" "Mozilla/5.0 (Windows NT 6.2; Win64; x64) AppleWebKit/537.36 (KHTML, like Gecko) Chrome/32.0.1667.0 Safari/537.36" "saveaslave.com"[1]
137.74.59.177 - - [02/Nov/2016:21:52:58 -0700] "POST /our-newsr.php HTTP/1.1" 200 61587 "-" "Mozilla/5.0 (X11; U; Linux i686; ru; rv:1.9.0.5) Gecko/2008121622 Ubuntu/8.10 (intrepid) Firefox/3.0.5" "saveaslave.com"
65.36.241.48 - - [02/Nov/2016:21:57:34 -0700] "GET / HTTP/1.1" 200 90552 "-" "InternetSeer.com" "www.saveaslave.com"
176.31.246.38 - - [02/Nov/2016:21:58:34 -0700] "POST /our-newsr.php HTTP/1.1" 200 61587 "-" "Mozilla/5.0 (Windows NT 6.1; WOW64) AppleWebKit/537.36 (KHTML, like Gecko) Chrome/33.0.1750.117 Safari/537.36 OPR/20.0.1387.64" "saveaslave.com"
178.32.44.63 - - [02/Nov/2016:21:59:42 -0700] "POST /our-newsr.php HTTP/1.1" 200 61587 "-" "Mozilla/5.0 (Windows NT 6.1; WOW64; rv:27.0) Gecko/20100101 Firefox/27.0" "saveaslave.com"
51.254.146.70 - - [02/Nov/2016:22:04:18 -0700] "GET /our-newsr.php HTTP/1.1" 200 78316 "-" "Mozilla/5.0 (compatible; MSIE 10.0; Windows NT 6.1; WOW64; Trident/6.0)" "saveaslave.com"[1]
137.74.22.87 - - [02/Nov/2016:22:13:01 -0700] "POST /our-newsr.php HTTP/1.1" 200 61587 "-" "Mozilla/5.0 (X11; U; Linux i686; ru; rv:1.9.0.5) Gecko/2008121622 Ubuntu/8.10 (intrepid) Firefox/3.0.5" "saveaslave.com"[2]
51.254.79.109 - - [02/Nov/2016:22:16:06 -0700] "POST /our-newsr.php HTTP/1.1" 200 61587 "-" "Mozilla/5.0 (X11; U; Linux i686; ru; rv:1.9.0.5) Gecko/2008121622 Ubuntu/8.10 (intrepid) Firefox/3.0.5" "saveaslave.com"
137.74.21.243 - - [02/Nov/2016:22:33:52 -0700] "GET /our-newsr.php HTTP/1.1" 200 78316 "-" "Mozilla/5.0 (compatible; MSIE 10.0; Windows NT 6.1; Trident/6.0)" "saveaslave.com"
217.69.136.206 - - [02/Nov/2016:22:35:12 -0700] "GET /robots.txt HTTP/1.1" 200 48 "-" "Mozilla/5.0 (compatible; Linux x86_64; Mail.RU_Bot/2.0; +http://go.mail.ru/help/robots)" "www.saveaslave.com"
176.31.246.38 - - [02/Nov/2016:22:36:34 -0700] "POST /our-newsr.php HTTP/1.1" 200 61587 "-" "Mozilla/5.0 (Windows NT 6.1; WOW64) AppleWebKit/537.36 (KHTML, like Gecko) Chrome/33.0.1750.117 Safari/537.36 OPR/20.0.1387.64" "saveaslave.com"[2]
149.202.121.43 - - [02/Nov/2016:22:40:31 -0700] "POST /our-newsr.php HTTP/1.1" 200 61587 "-" "Mozilla/5.0 (Windows NT 6.1; Win64; x64; rv:25.0) Gecko/20100101 Firefox/25.0" "saveaslave.com"
188.165.173.1 - - [02/Nov/2016:22:56:00 -0700] "POST /our-newsr.php HTTP/1.1" 200 61587 "-" "Mozilla/5.0 (Windows NT 6.1; WOW64) AppleWebKit/537.36 (KHTML, like Gecko) Chrome/33.0.1750.117 Safari/537.36 OPR/20.0.1387.64" "saveaslave.com"[2]
151.80.221.42 - - [02/Nov/2016:23:06:20 -0700] "POST /our-newsr.php HTTP/1.1" 200 61587 "-" "Mozilla/5.0 (compatible; MSIE 10.0; Windows NT 6.1; Trident/6.0)" "saveaslave.com"[3]
112.196.181.215 - - [02/Nov/2016:23:20:49 -0700] "GET /css/style.css HTTP/1.1" 200 7938 "http://www.saveaslave.com/" "Mozilla/5.0 (Windows NT 10.0; Win64; x64) AppleWebKit/537.36 (KHTML, like Gecko) Chrome/54.0.2840.71 Safari/537.36" "www.saveaslave.com"
112.196.181.215 - - [02/Nov/2016:23:20:49 -0700] "GET /assets/js/ie-emulation-modes-warning.js HTTP/1.1" 200 2130 "http://www.saveaslave.com/" "Mozilla/5.0 (Windows NT 10.0; Win64; x64) AppleWebKit/537.36 (KHTML, like Gecko) Chrome/54.0.2840.71 Safari/537.36" "www.saveaslave.com"
112.196.181.215 - - [02/Nov/2016:23:20:49 -0700] "GET /css/bootstrap.min.css HTTP/1.1" 200 123578 "http://www.saveaslave.com/" "Mozilla/5.0 (Windows NT 10.0; Win64; x64) AppleWebKit/537.36 (KHTML, like Gecko) Chrome/54.0.2840.71 Safari/537.36" "www.saveaslave.com"
112.196.181.215 - - [02/Nov/2016:23:20:50 -0700] "GET /css/style-pages.css HTTP/1.1" 200 9894 "http://www.saveaslave.com/" "Mozilla/5.0 (Windows NT 10.0; Win64; x64) AppleWebKit/537.36 (KHTML, like Gecko) Chrome/54.0.2840.71 Safari/537.36" "www.saveaslave.com"
112.196.181.215 - - [02/Nov/2016:23:20:51 -0700] "GET /images/logo2.png HTTP/1.1" 200 18525 "http://www.saveaslave.com/" "Mozilla/5.0 (Windows NT 10.0; Win64; x64) AppleWebKit/537.36 (KHTML, like Gecko) Chrome/54.0.2840.71 Safari/537.36" "www.saveaslave.com"
112.196.181.215 - - [02/Nov/2016:23:20:52 -0700] "GET /images/article/suspects.jpg HTTP/1.1" 200 58796 "http://www.saveaslave.com/" "Mozilla/5.0 (Windows NT 10.0; Win64; x64) AppleWebKit/537.36 (KHTML, like Gecko) Chrome/54.0.2840.71 Safari/537.36" "www.saveaslave.com"
112.196.181.215 - - [02/Nov/2016:23:20:52 -0700] "GET /images/cover1.jpg HTTP/1.1" 200 253658 "http://www.saveaslave.com/" "Mozilla/5.0 (Windows NT 10.0; Win64; x64) AppleWebKit/537.36 (KHTML, like Gecko) Chrome/54.0.2840.71 Safari/537.36" "www.saveaslave.com"
112.196.181.215 - - [02/Nov/2016:23:20:52 -0700] "GET /addarticle.php HTTP/1.1" 200 13725 "http://www.saveaslave.com/" "Mozilla/5.0 (Windows NT 10.0; Win64; x64) AppleWebKit/537.36 (KHTML, like Gecko) Chrome/54.0.2840.71 Safari/537.36" "www.saveaslave.com"[0]
112.196.181.215 - - [02/Nov/2016:23:20:52 -0700] "GET /images/social1.png HTTP/1.1" 200 2012 "http://www.saveaslave.com/" "Mozilla/5.0 (Windows NT 10.0; Win64; x64) AppleWebKit/537.36 (KHTML, like Gecko) Chrome/54.0.2840.71 Safari/537.36" "www.saveaslave.com"
112.196.181.215 - - [02/Nov/2016:23:20:53 -0700] "GET /indicator.gif HTTP/1.1" 200 878 "http://www.saveaslave.com/" "Mozilla/5.0 (Windows NT 10.0; Win64; x64) AppleWebKit/537.36 (KHTML, like Gecko) Chrome/54.0.2840.71 Safari/537.36" "www.saveaslave.com"
112.196.181.215 - - [02/Nov/2016:23:20:53 -0700] "GET /css/down-arrow.png HTTP/1.1" 404 89 "http://www.saveaslave.com/css/elements.css" "Mozilla/5.0 (Windows NT 10.0; Win64; x64) AppleWebKit/537.36 (KHTML, like Gecko) Chrome/54.0.2840.71 Safari/537.36" "www.saveaslave.com"
112.196.181.215 - - [02/Nov/2016:23:20:57 -0700] "GET /ico/favicon-32x32.png HTTP/1.1" 200 1892 "http://www.saveaslave.com/" "Mozilla/5.0 (Windows NT 10.0; Win64; x64) AppleWebKit/537.36 (KHTML, like Gecko) Chrome/54.0.2840.71 Safari/537.36" "www.saveaslave.com"
112.196.181.215 - - [02/Nov/2016:23:21:31 -0700] "GET /css/down-arrow.png HTTP/1.1" 404 89 "http://www.saveaslave.com/css/elements.css" "Mozilla/5.0 (Windows NT 10.0; Win64; x64) AppleWebKit/537.36 (KHTML, like Gecko) Chrome/54.0.2840.71 Safari/537.36" "www.saveaslave.com"[0]
51.254.146.70 - - [02/Nov/2016:23:26:02 -0700] "POST /our-newsr.php HTTP/1.1" 200 61587 "-" "Mozilla/5.0 (compatible; MSIE 10.0; Windows NT 6.1; WOW64; Trident/6.0)" "saveaslave.com"
51.254.152.246 - - [02/Nov/2016:23:36:26 -0700] "GET /our-newsr.php HTTP/1.1" 200 78316 "-" "Mozilla/5.0 (Windows NT 6.2; WOW64) AppleWebKit/537.36 (KHTML, like Gecko) Chrome/30.0.1599.17 Safari/537.36" "saveaslave.com"
51.254.71.251 - - [02/Nov/2016:23:42:57 -0700] "GET /our-newsr.php HTTP/1.1" 200 78316 "-" "Mozilla/5.0 (Windows NT 6.2; WOW64) AppleWebKit/537.36 (KHTML, like Gecko) Chrome/30.0.1599.17 Safari/537.36" "saveaslave.com"[3]
137.74.22.87 - - [02/Nov/2016:23:46:40 -0700] "GET /our-newsr.php HTTP/1.1" 200 78316 "-" "Mozilla/5.0 (X11; U; Linux i686; ru; rv:1.9.0.5) Gecko/2008121622 Ubuntu/8.10 (intrepid) Firefox/3.0.5" "saveaslave.com"[1]
51.254.71.251 - - [02/Nov/2016:23:48:37 -0700] "POST /our-newsr.php HTTP/1.1" 200 61587 "-" "Mozilla/5.0 (X11; U; Linux i686; ru; rv:1.9.0.5) Gecko/2008121622 Ubuntu/8.10 (intrepid) Firefox/3.0.5" "saveaslave.com"
77.75.77.54 - - [02/Nov/2016:23:52:59 -0700] "GET /robots.txt HTTP/1.1" 200 48 "-" "Mozilla/5.0 (compatible; SeznamBot/3.2; +http://napoveda.seznam.cz/en/seznambot-intro/)" "saveaslave.com"
77.75.77.54 - - [02/Nov/2016:23:53:01 -0700] "GET /article.php?id=1 HTTP/1.1" 200 44930 "-" "Mozilla/5.0 (compatible; SeznamBot/3.2; +http://napoveda.seznam.cz/en/seznambot-intro/)" "saveaslave.com"
137.74.58.124 - - [03/Nov/2016:00:01:24 -0700] "POST /our-newsr.php HTTP/1.1" 200 61587 "-" "Mozilla/5.0 (X11; U; Linux i686; ru; rv:1.9.0.5) Gecko/2008121622 Ubuntu/8.10 (intrepid) Firefox/3.0.5" "saveaslave.com"[3]
163.172.65.192 - - [03/Nov/2016:00:03:53 -0700] "GET /article.php?id=2 HTTP/1.1" 200 48406 "-" "Mozilla/5.0 (compatible; AhrefsBot/5.1; +http://ahrefs.com/robot/)" "www.saveaslave.com"
137.74.21.243 - - [03/Nov/2016:00:09:31 -0700] "GET /our-newsr.php HTTP/1.1" 200 78316 "-" "Mozilla/5.0 (X11; U; Linux i686; ru; rv:1.9.0.5) Gecko/2008121622 Ubuntu/8.10 (intrepid) Firefox/3.0.5" "saveaslave.com"
178.33.36.253 - - [03/Nov/2016:00:19:12 -0700] "GET /our-newsr.php HTTP/1.1" 200 78316 "-" "Mozilla/5.0 (compatible; MSIE 10.0; Windows NT 6.1; Trident/6.0)" "saveaslave.com"
106.120.173.111 - - [03/Nov/2016:00:29:24 -0700] "GET /robots.txt HTTP/1.1" 200 48 "-" "Sogou web spider/4.0(+http://www.sogou.com/docs/help/webmasters.htm#07)" "saveaslave.com"
137.74.22.87 - - [03/Nov/2016:00:30:01 -0700] "GET /our-newsr.php HTTP/1.1" 200 78316 "-" "Mozilla/5.0 (compatible; MSIE 10.0; Windows NT 6.1; WOW64; Trident/6.0)" "saveaslave.com"
137.74.59.177 - - [03/Nov/2016:00:35:40 -0700] "GET /our-newsr.php HTTP/1.1" 200 78316 "-" "Mozilla/5.0 (Windows NT 6.1; WOW64; rv:27.0) Gecko/20100101 Firefox/27.0" "saveaslave.com"[2]
149.202.245.70 - - [03/Nov/2016:00:36:29 -0700] "GET /our-newsr.php HTTP/1.1" 200 78316 "-" "Mozilla/5.0 (X11; U; Linux i686; ru; rv:1.9.0.5) Gecko/2008121622 Ubuntu/8.10 (intrepid) Firefox/3.0.5" "saveaslave.com"
216.244.66.230 - - [03/Nov/2016:00:43:15 -0700] "GET /robots.txt HTTP/1.1" 200 48 "-" "Mozilla/5.0 (compatible; DotBot/1.1; http://www.opensiteexplorer.org/dotbot, help@moz.com)" "www.saveaslave.com"
157.55.39.252 - - [03/Nov/2016:00:47:26 -0700] "GET /sitemap.xml HTTP/1.1" 200 296 "-" "Mozilla/5.0 (compatible; bingbot/2.0; +http://www.bing.com/bingbot.htm)" "www.saveaslave.com"
51.254.146.70 - - [03/Nov/2016:00:51:50 -0700] "GET /our-newsr.php HTTP/1.1" 200 78316 "-" "Mozilla/5.0 (Windows NT 6.1; WOW64; rv:27.0) Gecko/20100101 Firefox/27.0" "saveaslave.com"
51.254.71.251 - - [03/Nov/2016:00:51:55 -0700] "POST /our-newsr.php HTTP/1.1" 200 61587 "-" "Mozilla/5.0 (X11; U; Linux i686; ru; rv:1.9.0.5) Gecko/2008121622 Ubuntu/8.10 (intrepid) Firefox/3.0.5" "saveaslave.com"
216.244.66.230 - - [03/Nov/2016:00:54:32 -0700] "GET /robots.txt HTTP/1.1" 200 48 "-" "Mozilla/5.0 (compatible; DotBot/1.1; http://www.opensiteexplorer.org/dotbot, help@moz.com)" "www.saveaslave.com"
137.74.21.243 - - [03/Nov/2016:00:55:17 -0700] "POST /our-newsr.php HTTP/1.1" 200 61587 "-" "Mozilla/5.0 (compatible; MSIE 10.0; Windows NT 6.1; WOW64; Trident/6.0)" "saveaslave.com"
51.254.71.251 - - [03/Nov/2016:01:02:15 -0700] "POST /our-newsr.php HTTP/1.1" 200 61587 "-" "Mozilla/5.0 (Windows NT 6.1; Win64; x64; rv:25.0) Gecko/20100101 Firefox/25.0" "saveaslave.com"[2]
149.202.245.70 - - [03/Nov/2016:01:02:44 -0700] "POST /our-newsr.php HTTP/1.1" 200 61587 "-" "Mozilla/5.0 (X11; U; Linux i686; ru; rv:1.9.0.5) Gecko/2008121622 Ubuntu/8.10 (intrepid) Firefox/3.0.5" "saveaslave.com"
137.74.21.243 - - [03/Nov/2016:01:04:38 -0700] "GET /our-newsr.php HTTP/1.1" 200 78316 "-" "Mozilla/5.0 (Windows NT 6.1; WOW64; rv:27.0) Gecko/20100101 Firefox/27.0" "saveaslave.com"[1]
137.74.22.87 - - [03/Nov/2016:01:06:22 -0700] "POST /our-newsr.php HTTP/1.1" 200 61587 "-" "Mozilla/5.0 (compatible; MSIE 10.0; Windows NT 6.1; WOW64; Trident/6.0)" "saveaslave.com"
137.74.22.87 - - [03/Nov/2016:01:14:30 -0700] "POST /our-newsr.php HTTP/1.1" 200 61587 "-" "Mozilla/5.0 (Windows NT 6.1; Win64; x64; rv:25.0) Gecko/20100101 Firefox/25.0" "saveaslave.com"[3]
178.33.34.75 - - [03/Nov/2016:01:15:32 -0700] "POST /our-newsr.php HTTP/1.1" 200 61587 "-" "Mozilla/5.0 (Windows NT 6.2; Win64; x64) AppleWebKit/537.36 (KHTML, like Gecko) Chrome/32.0.1667.0 Safari/537.36" "saveaslave.com"[2]
51.254.71.251 - - [03/Nov/2016:01:16:10 -0700] "POST /our-newsr.php HTTP/1.1" 200 61587 "-" "Mozilla/5.0 (Windows NT 6.1; WOW64) AppleWebKit/537.36 (KHTML, like Gecko) Chrome/33.0.1750.117 Safari/537.36 OPR/20.0.1387.64" "saveaslave.com"
151.80.221.42 - - [03/Nov/2016:01:26:34 -0700] "GET /our-newsr.php HTTP/1.1" 200 78316 "-" "Mozilla/5.0 (Windows NT 6.1; Win64; x64; rv:25.0) Gecko/20100101 Firefox/25.0" "saveaslave.com"
51.254.146.70 - - [03/Nov/2016:01:28:08 -0700] "POST /our-newsr.php HTTP/1.1" 200 61587 "-" "Mozilla/5.0 (X11; U; Linux i686; ru; rv:1.9.0.5) Gecko/2008121622 Ubuntu/8.10 (intrepid) Firefox/3.0.5" "saveaslave.com"
51.254.71.251 - - [03/Nov/2016:01:50:47 -0700] "POST /our-newsr.php HTTP/1.1" 200 61587 "-" "Mozilla/5.0 (Windows NT 6.1; WOW64) AppleWebKit/537.36 (KHTML, like Gecko) Chrome/33.0.1750.117 Safari/537.36 OPR/20.0.1387.64" "saveaslave.com"
149.202.245.70 - - [03/Nov/2016:01:55:00 -0700] "POST /our-newsr.php HTTP/1.1" 200 61587 "-" "Mozilla/5.0 (Windows NT 6.1; WOW64) AppleWebKit/537.36 (KHTML, like Gecko) Chrome/33.0.1750.117 Safari/537.36 OPR/20.0.1387.64" "saveaslave.com"
137.74.58.124 - - [03/Nov/2016:01:57:53 -0700] "POST /our-newsr.php HTTP/1.1" 200 61587 "-" "Mozilla/5.0 (compatible; MSIE 10.0; Windows NT 6.1; Trident/6.0)" "saveaslave.com"
178.33.34.75 - - [03/Nov/2016:02:05:10 -0700] "POST /our-newsr.php HTTP/1.1" 200 61587 "-" "Mozilla/5.0 (compatible; MSIE 10.0; Windows NT 6.1; Trident/6.0)" "saveaslave.com"
65.36.241.48 - - [03/Nov/2016:02:11:51 -0700] "GET / HTTP/1.1" 200 90552 "-" "InternetSeer.com" "www.saveaslave.com"
216.244.66.230 - - [03/Nov/2016:02:18:25 -0700] "GET /article.php?id=111 HTTP/1.1" 200 46218 "-" "Mozilla/5.0 (compatible; DotBot/1.1; http://www.opensiteexplorer.org/dotbot, help@moz.com)" "www.saveaslave.com"
178.33.34.75 - - [03/Nov/2016:02:26:36 -0700] "POST /our-newsr.php HTTP/1.1" 200 61587 "-" "Mozilla/5.0 (Windows NT 6.2; WOW64) AppleWebKit/537.36 (KHTML, like Gecko) Chrome/30.0.1599.17 Safari/537.36" "saveaslave.com"[3]
207.46.13.179 - - [03/Nov/2016:02:30:07 -0700] "GET /article.php?id=63 HTTP/1.1" 200 45551 "-" "Mozilla/5.0 (compatible; bingbot/2.0; +http://www.bing.com/bingbot.htm)" "saveaslave.com"[2]
178.32.44.63 - - [03/Nov/2016:02:36:01 -0700] "GET /our-newsr.php HTTP/1.1" 200 78316 "-" "Mozilla/5.0 (X11; U; Linux i686; ru; rv:1.9.0.5) Gecko/2008121622 Ubuntu/8.10 (intrepid) Firefox/3.0.5" "saveaslave.com"
176.31.246.38 - - [03/Nov/2016:02:39:09 -0700] "POST /our-newsr.php HTTP/1.1" 200 61587 "-" "Mozilla/5.0 (compatible; MSIE 10.0; Windows NT 6.1; WOW64; Trident/6.0)" "saveaslave.com"[1]
178.32.44.63 - - [03/Nov/2016:02:40:50 -0700] "POST /our-newsr.php HTTP/1.1" 200 61587 "-" "Mozilla/5.0 (compatible; MSIE 10.0; Windows NT 6.1; Trident/6.0)" "saveaslave.com"[1]
151.80.221.42 - - [03/Nov/2016:02:42:02 -0700] "POST /our-newsr.php HTTP/1.1" 200 61587 "-" "Mozilla/5.0 (X11; U; Linux i686; ru; rv:1.9.0.5) Gecko/2008121622 Ubuntu/8.10 (intrepid) Firefox/3.0.5" "saveaslave.com"
77.247.181.165 - - [03/Nov/2016:02:44:20 -0700] "GET / HTTP/1.1" 200 90552 "-" "Mozilla/5.0 (Windows NT 10.0; WOW64) AppleWebKit/537.36 (KHTML, like Gecko) Chrome/52.0.2743.116 Safari/537.36" "saveaslave.com"[1]
188.165.173.1 - - [03/Nov/2016:02:47:28 -0700] "POST /our-newsr.php HTTP/1.1" 200 61587 "-" "Mozilla/5.0 (X11; U; Linux i686; ru; rv:1.9.0.5) Gecko/2008121622 Ubuntu/8.10 (intrepid) Firefox/3.0.5" "saveaslave.com"[1]
216.244.66.240 - - [03/Nov/2016:02:48:00 -0700] "GET /robots.txt HTTP/1.1" 200 48 "-" "Mozilla/5.0 (compatible; DotBot/1.1; http://www.opensiteexplorer.org/dotbot, help@moz.com)" "saveaslave.com"[0]
178.32.44.63 - - [03/Nov/2016:02:54:09 -0700] "POST /our-newsr.php HTTP/1.1" 200 61587 "-" "Mozilla/5.0 (compatible; MSIE 10.0; Windows NT 6.1; Trident/5.0)" "saveaslave.com"
51.254.146.70 - - [03/Nov/2016:02:54:12 -0700] "POST /our-newsr.php HTTP/1.1" 200 61587 "-" "Mozilla/5.0 (compatible; MSIE 10.0; Windows NT 6.1; WOW64; Trident/6.0)" "saveaslave.com"
137.74.22.87 - - [03/Nov/2016:02:57:22 -0700] "GET /our-newsr.php HTTP/1.1" 200 78316 "-" "Mozilla/5.0 (Windows NT 6.2; Win64; x64) AppleWebKit/537.36 (KHTML, like Gecko) Chrome/32.0.1667.0 Safari/537.36" "saveaslave.com"[1]
178.33.36.253 - - [03/Nov/2016:02:57:46 -0700] "POST /our-newsr.php HTTP/1.1" 200 61587 "-" "Mozilla/5.0 (compatible; MSIE 10.0; Windows NT 6.1; Trident/6.0)" "saveaslave.com"
149.202.121.43 - - [03/Nov/2016:03:03:44 -0700] "POST /our-newsr.php HTTP/1.1" 200 61587 "-" "Mozilla/5.0 (X11; U; Linux i686; ru; rv:1.9.0.5) Gecko/2008121622 Ubuntu/8.10 (intrepid) Firefox/3.0.5" "saveaslave.com"[2]
87.98.217.58 - - [03/Nov/2016:03:06:22 -0700] "GET / HTTP/1.1" 200 90552 "-" "Mozilla/5.0 (Windows NT 6.1) AppleWebKit/537.36 (KHTML, like Gecko) Chrome/41.0.2228.0 Safari/537.36" "saveaslave.com"
151.80.221.42 - - [03/Nov/2016:03:09:28 -0700] "GET /our-newsr.php HTTP/1.1" 200 78316 "-" "Mozilla/5.0 (Windows NT 6.1; WOW64) AppleWebKit/537.36 (KHTML, like Gecko) Chrome/33.0.1750.117 Safari/537.36 OPR/20.0.1387.64" "saveaslave.com"[1]
149.202.245.70 - - [03/Nov/2016:03:11:29 -0700] "GET /our-newsr.php HTTP/1.1" 200 78316 "-" "Mozilla/5.0 (Windows NT 6.1; WOW64; rv:27.0) Gecko/20100101 Firefox/27.0" "saveaslave.com"
94.23.78.236 - - [03/Nov/2016:03:19:50 -0700] "GET /our-newsr.php HTTP/1.1" 200 78316 "-" "Mozilla/5.0 (Windows NT 6.2; WOW64) AppleWebKit/537.36 (KHTML, like Gecko) Chrome/30.0.1599.17 Safari/537.36" "saveaslave.com"
163.172.64.233 - - [03/Nov/2016:03:26:09 -0700] "GET /news2.php HTTP/1.1" 200 73 "-" "Mozilla/5.0 (compatible; AhrefsBot/5.1; +http://ahrefs.com/robot/)" "saveaslave.com"
85.93.91.84 - - [03/Nov/2016:03:31:07 -0700] "GET /robots.txt HTTP/1.1" 200 48 "-" "Mozilla/5.0 (compatible; DeuSu/5.0.2; +https://deusu.de/robot.html)" "www.saveaslave.com"
85.93.91.84 - - [03/Nov/2016:03:31:07 -0700] "GET /news6.php HTTP/1.1" 200 73 "-" "Mozilla/5.0 (compatible; DeuSu/5.0.2; +https://deusu.de/robot.html)" "www.saveaslave.com"[0]
63.243.252.176 - - [03/Nov/2016:03:49:23 -0700] "GET /index.php HTTP/1.1" 200 90552 "-" "Mozilla/5.0 (compatible; Baiduspider/2.0; +http://www.baidu.com/search/spider.html)" "www.saveaslave.com"
63.243.252.185 - - [03/Nov/2016:03:49:26 -0700] "GET / HTTP/1.1" 200 90552 "-" "Mozilla/5.0 (compatible; Baiduspider/2.0; +http://www.baidu.com/search/spider.html)" "www.saveaslave.com"
51.254.146.70 - - [03/Nov/2016:03:50:21 -0700] "GET /our-newsr.php HTTP/1.1" 200 78316 "-" "Mozilla/5.0 (Windows NT 6.2; WOW64) AppleWebKit/537.36 (KHTML, like Gecko) Chrome/30.0.1599.17 Safari/537.36" "saveaslave.com"
149.202.121.43 - - [03/Nov/2016:03:52:01 -0700] "POST /our-newsr.php HTTP/1.1" 200 61587 "-" "Mozilla/5.0 (Windows NT 6.1; WOW64; rv:27.0) Gecko/20100101 Firefox/27.0" "saveaslave.com"[2]
51.254.146.70 - - [03/Nov/2016:04:06:53 -0700] "POST /our-newsr.php HTTP/1.1" 200 61587 "-" "Mozilla/5.0 (Windows NT 6.1; Win64; x64; rv:25.0) Gecko/20100101 Firefox/25.0" "saveaslave.com"
137.74.58.124 - - [03/Nov/2016:04:08:29 -0700] "GET /our-newsr.php HTTP/1.1" 200 78316 "-" "Mozilla/5.0 (compatible; MSIE 10.0; Windows NT 6.1; Trident/5.0)" "saveaslave.com"
51.254.71.251 - - [03/Nov/2016:04:22:16 -0700] "GET /our-newsr.php HTTP/1.1" 200 78316 "-" "Mozilla/5.0 (Windows NT 6.1; Win64; x64; rv:25.0) Gecko/20100101 Firefox/25.0" "saveaslave.com"
149.202.121.43 - - [03/Nov/2016:04:22:56 -0700] "POST /our-newsr.php HTTP/1.1" 200 61587 "-" "Mozilla/5.0 (Windows NT 6.1; WOW64; rv:27.0) Gecko/20100101 Firefox/27.0" "saveaslave.com"[3]
51.254.79.109 - - [03/Nov/2016:04:28:55 -0700] "GET /our-newsr.php HTTP/1.1" 200 78316 "-" "Mozilla/5.0 (compatible; MSIE 10.0; Windows NT 6.1; Trident/6.0)" "saveaslave.com"
207.46.13.179 - - [03/Nov/2016:04:38:12 -0700] "GET /robots.txt HTTP/1.1" 200 48 "-" "Mozilla/5.0 (compatible; bingbot/2.0; +http://www.bing.com/bingbot.htm)" "www.saveaslave.com"
151.80.221.42 - - [03/Nov/2016:04:40:55 -0700] "POST /our-newsr.php HTTP/1.1" 200 61587 "-" "Mozilla/5.0 (X11; U; Linux i686; ru; rv:1.9.0.5) Gecko/2008121622 Ubuntu/8.10 (intrepid) Firefox/3.0.5" "saveaslave.com"
207.46.13.179 - - [03/Nov/2016:04:41:59 -0700] "GET /bosnia-herzegovina.html HTTP/1.1" 404 89 "-" "Mozilla/5.0 (compatible; bingbot/2.0; +http://www.bing.com/bingbot.htm)" "www.saveaslave.com"
207.46.13.179 - - [03/Nov/2016:04:42:32 -0700] "GET /index.php HTTP/1.1" 200 90552 "-" "Mozilla/5.0 (compatible; bingbot/2.0; +http://www.bing.com/bingbot.htm)" "www.saveaslave.com"
207.46.13.179 - - [03/Nov/2016:04:42:50 -0700] "GET /czech-republic.html HTTP/1.1" 404 89 "-" "Mozilla/5.0 (compatible; bingbot/2.0; +http://www.bing.com/bingbot.htm)" "www.saveaslave.com"
207.46.13.179 - - [03/Nov/2016:04:43:08 -0700] "GET /albania HTTP/1.1" 404 89 "-" "Mozilla/5.0 (compatible; bingbot/2.0; +http://www.bing.com/bingbot.htm)" "www.saveaslave.com"
207.46.13.179 - - [03/Nov/2016:04:44:00 -0700] "GET /?Itemid=1 HTTP/1.1" 200 90552 "-" "Mozilla/5.0 (compatible; bingbot/2.0; +http://www.bing.com/bingbot.htm)" "www.saveaslave.com"
178.33.36.253 - - [03/Nov/2016:04:44:21 -0700] "POST /our-newsr.php HTTP/1.1" 200 61587 "-" "Mozilla/5.0 (Windows NT 6.1; WOW64; rv:27.0) Gecko/20100101 Firefox/27.0" "saveaslave.com"[2]
151.80.221.42 - - [03/Nov/2016:04:53:21 -0700] "GET /our-newsr.php HTTP/1.1" 200 78316 "-" "Mozilla/5.0 (X11; U; Linux i686; ru; rv:1.9.0.5) Gecko/2008121622 Ubuntu/8.10 (intrepid) Firefox/3.0.5" "saveaslave.com"
149.202.121.43 - - [03/Nov/2016:05:02:46 -0700] "POST /our-newsr.php HTTP/1.1" 200 61587 "-" "Mozilla/5.0 (Windows NT 6.1; WOW64; rv:27.0) Gecko/20100101 Firefox/27.0" "saveaslave.com"
137.74.58.124 - - [03/Nov/2016:05:11:26 -0700] "POST /our-newsr.php HTTP/1.1" 200 61587 "-" "Mozilla/5.0 (Windows NT 6.2; WOW64) AppleWebKit/537.36 (KHTML, like Gecko) Chrome/30.0.1599.17 Safari/537.36" "saveaslave.com"
207.46.13.33 - - [03/Nov/2016:05:13:21 -0700] "GET / HTTP/1.1" 200 90552 "-" "Mozilla/5.0 (compatible; bingbot/2.0; +http://www.bing.com/bingbot.htm)" "www.saveaslave.com"
207.46.13.33 - - [03/Nov/2016:05:13:22 -0700] "GET /?tpl=references&Itemid=3 HTTP/1.1" 200 90552 "-" "Mozilla/5.0 (compatible; bingbot/2.0; +http://www.bing.com/bingbot.htm)" "www.saveaslave.com"[1]
207.46.13.33 - - [03/Nov/2016:05:13:22 -0700] "GET /?tpl=about&Itemid=2 HTTP/1.1" 200 90552 "-" "Mozilla/5.0 (compatible; bingbot/2.0; +http://www.bing.com/bingbot.htm)" "www.saveaslave.com"
207.46.13.33 - - [03/Nov/2016:05:17:30 -0700] "GET /who-we-are.php HTTP/1.1" 200 50871 "-" "Mozilla/5.0 (compatible; bingbot/2.0; +http://www.bing.com/bingbot.htm)" "www.saveaslave.com"
51.254.79.109 - - [03/Nov/2016:05:22:19 -0700] "POST /our-newsr.php HTTP/1.1" 200 61587 "-" "Mozilla/5.0 (compatible; MSIE 10.0; Windows NT 6.1; WOW64; Trident/6.0)" "saveaslave.com"
207.46.13.33 - - [03/Nov/2016:05:23:07 -0700] "GET /help-advanced.php HTTP/1.1" 200 53779 "-" "Mozilla/5.0 (compatible; bingbot/2.0; +http://www.bing.com/bingbot.htm)" "saveaslave.com"[1]
207.46.13.33 - - [03/Nov/2016:05:23:07 -0700] "GET /images/article/56817c9496381.jpeg HTTP/1.1" 200 11230 "-" "Mozilla/5.0 (compatible; bingbot/2.0; +http://www.bing.com/bingbot.htm)" "saveaslave.com"
149.202.245.70 - - [03/Nov/2016:05:24:04 -0700] "POST /our-newsr.php HTTP/1.1" 200 61587 "-" "Mozilla/5.0 (Windows NT 6.1; Win64; x64; rv:25.0) Gecko/20100101 Firefox/25.0" "saveaslave.com"
137.74.21.243 - - [03/Nov/2016:05:27:02 -0700] "GET /our-newsr.php HTTP/1.1" 200 78316 "-" "Mozilla/5.0 (compatible; MSIE 10.0; Windows NT 6.1; Trident/5.0)" "saveaslave.com"
51.254.79.109 - - [03/Nov/2016:05:28:42 -0700] "POST /our-newsr.php HTTP/1.1" 200 61587 "-" "Mozilla/5.0 (Windows NT 6.1; WOW64) AppleWebKit/537.36 (KHTML, like Gecko) Chrome/33.0.1750.117 Safari/537.36 OPR/20.0.1387.64" "saveaslave.com"[1]
178.33.36.253 - - [03/Nov/2016:05:28:56 -0700] "GET /our-newsr.php HTTP/1.1" 200 78316 "-" "Mozilla/5.0 (compatible; MSIE 10.0; Windows NT 6.1; Trident/6.0)" "saveaslave.com"
51.254.152.246 - - [03/Nov/2016:05:32:13 -0700] "GET /our-newsr.php HTTP/1.1" 200 78316 "-" "Mozilla/5.0 (X11; U; Linux i686; ru; rv:1.9.0.5) Gecko/2008121622 Ubuntu/8.10 (intrepid) Firefox/3.0.5" "saveaslave.com"
178.33.34.75 - - [03/Nov/2016:05:33:27 -0700] "POST /our-newsr.php HTTP/1.1" 200 61587 "-" "Mozilla/5.0 (Windows NT 6.2; Win64; x64) AppleWebKit/537.36 (KHTML, like Gecko) Chrome/32.0.1667.0 Safari/537.36" "saveaslave.com"[2]
151.80.221.42 - - [03/Nov/2016:05:35:15 -0700] "POST /our-newsr.php HTTP/1.1" 200 61587 "-" "Mozilla/5.0 (compatible; MSIE 10.0; Windows NT 6.1; WOW64; Trident/6.0)" "saveaslave.com"
178.33.34.75 - - [03/Nov/2016:05:42:29 -0700] "POST /our-newsr.php HTTP/1.1" 200 61587 "-" "Mozilla/5.0 (Windows NT 6.1; WOW64) AppleWebKit/537.36 (KHTML, like Gecko) Chrome/33.0.1750.117 Safari/537.36 OPR/20.0.1387.64" "saveaslave.com"
51.254.152.246 - - [03/Nov/2016:05:45:45 -0700] "GET /our-newsr.php HTTP/1.1" 200 78316 "-" "Mozilla/5.0 (Windows NT 6.1; WOW64; rv:27.0) Gecko/20100101 Firefox/27.0" "saveaslave.com"
137.74.58.124 - - [03/Nov/2016:05:51:08 -0700] "POST /our-newsr.php HTTP/1.1" 200 61587 "-" "Mozilla/5.0 (compatible; MSIE 10.0; Windows NT 6.1; Trident/6.0)" "saveaslave.com"
178.153.49.176 - - [03/Nov/2016:05:51:34 -0700] "GET /images/cover1.jpg HTTP/1.1" 200 253658 "-" "Mozilla/5.0 (iPad; CPU OS 9_3_2 like Mac OS X) AppleWebKit/600.1.4 (KHTML, like Gecko) GSA/18.1.132077863 Mobile/13F69 Safari/600.1.4" "www.saveaslave.com"
66.102.9.61 - - [03/Nov/2016:05:51:38 -0700] "GET /css/elements.css HTTP/1.1" 200 17857 "http://www.saveaslave.com/" "Mozilla/5.0 (X11; Linux x86_64) AppleWebKit/537.36 (KHTML, like Gecko; Google Web Preview) Chrome/27.0.1453 Safari/537.36" "www.saveaslave.com"
66.102.9.61 - - [03/Nov/2016:05:51:38 -0700] "GET /assets/js/ie10-viewport-bug-workaround.js HTTP/1.1" 200 641 "http://www.saveaslave.com/" "Mozilla/5.0 (X11; Linux x86_64) AppleWebKit/537.36 (KHTML, like Gecko; Google Web Preview) Chrome/27.0.1453 Safari/537.36" "www.saveaslave.com"
66.102.9.59 - - [03/Nov/2016:05:51:38 -0700] "GET /assets/js/ie-emulation-modes-warning.js HTTP/1.1" 200 2130 "http://www.saveaslave.com/" "Mozilla/5.0 (X11; Linux x86_64) AppleWebKit/537.36 (KHTML, like Gecko; Google Web Preview) Chrome/27.0.1453 Safari/537.36" "www.saveaslave.com"
66.102.9.57 - - [03/Nov/2016:05:51:38 -0700] "GET /css/style.css HTTP/1.1" 200 7938 "http://www.saveaslave.com/" "Mozilla/5.0 (X11; Linux x86_64) AppleWebKit/537.36 (KHTML, like Gecko; Google Web Preview) Chrome/27.0.1453 Safari/537.36" "www.saveaslave.com"[0]
66.102.9.59 - - [03/Nov/2016:05:51:39 -0700] "GET /css/bootstrap.min.css HTTP/1.1" 200 123578 "http://www.saveaslave.com/" "Mozilla/5.0 (X11; Linux x86_64) AppleWebKit/537.36 (KHTML, like Gecko; Google Web Preview) Chrome/27.0.1453 Safari/537.36" "www.saveaslave.com"[0]
66.102.9.57 - - [03/Nov/2016:05:51:39 -0700] "GET /gfeedfetcher.js HTTP/1.1" 200 9018 "http://www.saveaslave.com/" "Mozilla/5.0 (X11; Linux x86_64) AppleWebKit/537.36 (KHTML, like Gecko; Google Web Preview) Chrome/27.0.1453 Safari/537.36" "www.saveaslave.com"
66.102.9.57 - - [03/Nov/2016:05:51:39 -0700] "GET /addarticle.php HTTP/1.1" 200 13725 "http://www.saveaslave.com/" "Mozilla/5.0 (X11; Linux x86_64) AppleWebKit/537.36 (KHTML, like Gecko; Google Web Preview) Chrome/27.0.1453 Safari/537.36" "www.saveaslave.com"
66.102.9.61 - - [03/Nov/2016:05:51:39 -0700] "GET /images/social3.png HTTP/1.1" 200 4343 "http://www.saveaslave.com/" "Mozilla/5.0 (X11; Linux x86_64) AppleWebKit/537.36 (KHTML, like Gecko; Google Web Preview) Chrome/27.0.1453 Safari/537.36" "www.saveaslave.com"
66.102.9.59 - - [03/Nov/2016:05:51:39 -0700] "GET /images/article/end_it.jpg HTTP/1.1" 200 33676 "http://www.saveaslave.com/" "Mozilla/5.0 (X11; Linux x86_64) AppleWebKit/537.36 (KHTML, like Gecko; Google Web Preview) Chrome/27.0.1453 Safari/537.36" "www.saveaslave.com"
66.102.9.59 - - [03/Nov/2016:05:51:39 -0700] "GET /images/top.jpg HTTP/1.1" 200 50519 "http://www.saveaslave.com/" "Mozilla/5.0 (X11; Linux x86_64) AppleWebKit/537.36 (KHTML, like Gecko; Google Web Preview) Chrome/27.0.1453 Safari/537.36" "www.saveaslave.com"
66.102.9.57 - - [03/Nov/2016:05:51:39 -0700] "GET /images/article/suspects.jpg HTTP/1.1" 200 58796 "http://www.saveaslave.com/" "Mozilla/5.0 (X11; Linux x86_64) AppleWebKit/537.36 (KHTML, like Gecko; Google Web Preview) Chrome/27.0.1453 Safari/537.36" "www.saveaslave.com"
66.102.9.57 - - [03/Nov/2016:05:51:40 -0700] "GET /images/logo2.png HTTP/1.1" 200 18525 "http://www.saveaslave.com/" "Mozilla/5.0 (X11; Linux x86_64) AppleWebKit/537.36 (KHTML, like Gecko; Google Web Preview) Chrome/27.0.1453 Safari/537.36" "www.saveaslave.com"
151.80.221.42 - - [03/Nov/2016:05:52:33 -0700] "POST /our-newsr.php HTTP/1.1" 200 61587 "-" "Mozilla/5.0 (Windows NT 6.1; WOW64; rv:27.0) Gecko/20100101 Firefox/27.0" "saveaslave.com"
188.165.173.1 - - [03/Nov/2016:05:58:31 -0700] "GET /our-newsr.php HTTP/1.1" 200 78316 "-" "Mozilla/5.0 (Windows NT 6.1; Win64; x64; rv:25.0) Gecko/20100101 Firefox/25.0" "saveaslave.com"
83.220.239.89 - - [03/Nov/2016:06:03:46 -0700] "GET /images/top.jpg HTTP/1.1" 200 50519 "https://www.google.ru/" "Mozilla/5.0 (Linux; Android 4.2.2; JUST5SPACER Build/JUST5JUST5SPACER) AppleWebKit/537.36 (KHTML, like Gecko) Chrome/30.0.1599.82 Mobile Safari/537.36" "saveaslave.com"
178.33.34.75 - - [03/Nov/2016:06:16:55 -0700] "GET /our-newsr.php HTTP/1.1" 200 78316 "-" "Mozilla/5.0 (compatible; MSIE 10.0; Windows NT 6.1; WOW64; Trident/6.0)" "saveaslave.com"
188.92.76.158 - - [03/Nov/2016:06:41:21 -0700] "GET / HTTP/1.1" 200 90516 "http://www.saveaslave.com/" "Mozilla/5.0 (Windows NT 6.1; WOW64) AppleWebKit/537.36 (KHTML, like Gecko) Chrome/48.0.2564.109 Safari/537.36" "www.saveaslave.com"[1]
188.92.76.158 - - [03/Nov/2016:06:41:23 -0700] "GET / HTTP/1.1" 200 90552 "http://saveaslave.com/" "Mozilla/5.0 (Windows NT 6.1; WOW64; rv:43.0) Gecko/20100101 Firefox/43.0" "saveaslave.com"
137.74.59.177 - - [03/Nov/2016:06:53:30 -0700] "GET /our-newsr.php HTTP/1.1" 200 78316 "-" "Mozilla/5.0 (Windows NT 6.1; WOW64; rv:27.0) Gecko/20100101 Firefox/27.0" "saveaslave.com"
65.36.241.48 - - [03/Nov/2016:07:02:36 -0700] "HEAD / HTTP/1.1" 200 0 "-" "InternetSeer.com" "www.saveaslave.com"
180.76.15.145 - - [03/Nov/2016:07:04:19 -0700] "GET / HTTP/1.1" 200 90552 "-" "Mozilla/5.0 (compatible; Baiduspider/2.0; +http://www.baidu.com/search/spider.html)" "saveaslave.com"
137.74.59.177 - - [03/Nov/2016:07:07:37 -0700] "GET /our-newsr.php HTTP/1.1" 200 78316 "-" "Mozilla/5.0 (Windows NT 6.2; Win64; x64) AppleWebKit/537.36 (KHTML, like Gecko) Chrome/32.0.1667.0 Safari/537.36" "saveaslave.com"
123.125.71.113 - - [03/Nov/2016:07:14:35 -0700] "GET / HTTP/1.1" 200 90552 "-" "Mozilla/5.0 (compatible; Baiduspider/2.0; +http://www.baidu.com/search/spider.html)" "saveaslave.com"[2]
137.74.21.243 - - [03/Nov/2016:07:57:15 -0700] "GET /our-newsr.php HTTP/1.1" 200 78316 "-" "Mozilla/5.0 (Windows NT 6.2; Win64; x64) AppleWebKit/537.36 (KHTML, like Gecko) Chrome/32.0.1667.0 Safari/537.36" "saveaslave.com"[1]
209.221.90.250 - - [03/Nov/2016:08:04:59 -0700] "GET /images/supporters/logo_endslaverynow.png HTTP/1.1" 200 27566 "https://www.google.ca/" "Mozilla/5.0 (Windows NT 6.1) AppleWebKit/537.36 (KHTML, like Gecko) Chrome/38.0.2125.111 Safari/537.36" "saveaslave.com"
137.74.59.177 - - [03/Nov/2016:08:05:44 -0700] "GET /our-newsr.php HTTP/1.1" 200 78316 "-" "Mozilla/5.0 (Windows NT 6.2; Win64; x64) AppleWebKit/537.36 (KHTML, like Gecko) Chrome/32.0.1667.0 Safari/537.36" "saveaslave.com"[2]
51.254.79.109 - - [03/Nov/2016:08:19:12 -0700] "POST /our-newsr.php HTTP/1.1" 200 61587 "-" "Mozilla/5.0 (Windows NT 6.1; WOW64; rv:27.0) Gecko/20100101 Firefox/27.0" "saveaslave.com"
137.74.22.87 - - [03/Nov/2016:08:19:41 -0700] "POST /our-newsr.php HTTP/1.1" 200 61587 "-" "Mozilla/5.0 (compatible; MSIE 10.0; Windows NT 6.1; WOW64; Trident/6.0)" "saveaslave.com"[2]
188.165.173.1 - - [03/Nov/2016:08:32:20 -0700] "GET /our-newsr.php HTTP/1.1" 200 78316 "-" "Mozilla/5.0 (Windows NT 6.1; WOW64; rv:27.0) Gecko/20100101 Firefox/27.0" "saveaslave.com"
88.9.154.28 - - [03/Nov/2016:08:54:43 -0700] "GET /images/article5.jpg HTTP/1.1" 200 14497 "https://www.google.es/" "Mozilla/5.0 (Windows NT 10.0) AppleWebKit/537.36 (KHTML, like Gecko) Chrome/54.0.2840.71 Safari/537.36" "www.saveaslave.com"
178.137.165.57 - - [03/Nov/2016:08:56:00 -0700] "GET / HTTP/1.1" 200 90516 "http://cheap-pills-norx.com/" "Opera/7.60 (Windows NT 5.2; U)  [en] (IBM EVV/3.0/EAK01AG9/LE)" "www.saveaslave.com"
51.254.71.251 - - [03/Nov/2016:09:00:59 -0700] "POST /our-newsr.php HTTP/1.1" 200 61587 "-" "Mozilla/5.0 (Windows NT 6.1; WOW64) AppleWebKit/537.36 (KHTML, like Gecko) Chrome/33.0.1750.117 Safari/537.36 OPR/20.0.1387.64" "saveaslave.com"
178.137.165.59 - - [03/Nov/2016:09:08:54 -0700] "GET / HTTP/1.1" 200 90516 "http://komp-pomosch.ru/" "Opera/8.01 (Windows NT 5.1)" "www.saveaslave.com"
220.181.108.114 - - [03/Nov/2016:09:16:10 -0700] "GET / HTTP/1.1" 200 90552 "-" "Mozilla/5.0 (compatible; Baiduspider/2.0; +http://www.baidu.com/search/spider.html)" "saveaslave.com"
137.74.21.243 - - [03/Nov/2016:09:22:15 -0700] "GET /our-newsr.php HTTP/1.1" 200 78316 "-" "Mozilla/5.0 (Windows NT 6.2; WOW64) AppleWebKit/537.36 (KHTML, like Gecko) Chrome/30.0.1599.17 Safari/537.36" "saveaslave.com"
151.80.221.42 - - [03/Nov/2016:09:22:27 -0700] "GET /our-newsr.php HTTP/1.1" 200 78316 "-" "Mozilla/5.0 (compatible; MSIE 10.0; Windows NT 6.1; WOW64; Trident/6.0)" "saveaslave.com"
51.254.71.251 - - [03/Nov/2016:09:27:37 -0700] "GET /our-newsr.php HTTP/1.1" 200 78316 "-" "Mozilla/5.0 (X11; U; Linux i686; ru; rv:1.9.0.5) Gecko/2008121622 Ubuntu/8.10 (intrepid) Firefox/3.0.5" "saveaslave.com"
137.74.22.87 - - [03/Nov/2016:09:27:55 -0700] "POST /our-newsr.php HTTP/1.1" 200 61587 "-" "Mozilla/5.0 (Windows NT 6.1; WOW64; rv:27.0) Gecko/20100101 Firefox/27.0" "saveaslave.com"
65.36.241.48 - - [03/Nov/2016:09:36:22 -0700] "HEAD / HTTP/1.1" 200 0 "-" "InternetSeer.com" "www.saveaslave.com"
51.254.146.70 - - [03/Nov/2016:09:41:48 -0700] "POST /our-newsr.php HTTP/1.1" 200 61587 "-" "Mozilla/5.0 (Windows NT 6.1; WOW64) AppleWebKit/537.36 (KHTML, like Gecko) Chrome/33.0.1750.117 Safari/537.36 OPR/20.0.1387.64" "saveaslave.com"
137.74.58.124 - - [03/Nov/2016:09:43:44 -0700] "POST /our-newsr.php HTTP/1.1" 200 61587 "-" "Mozilla/5.0 (Windows NT 6.2; Win64; x64) AppleWebKit/537.36 (KHTML, like Gecko) Chrome/32.0.1667.0 Safari/537.36" "saveaslave.com"[1]
94.23.78.236 - - [03/Nov/2016:09:45:33 -0700] "GET /our-newsr.php HTTP/1.1" 200 78316 "-" "Mozilla/5.0 (compatible; MSIE 10.0; Windows NT 6.1; Trident/6.0)" "saveaslave.com"
184.254.5.20 - - [03/Nov/2016:09:51:12 -0700] "GET /css/style-pages.css HTTP/1.1" 200 9894 "http://saveaslave.com/" "Mozilla/5.0 (iPhone; CPU iPhone OS 10_1_1 like Mac OS X) AppleWebKit/602.1.32 (KHTML, like Gecko) Mobile/14B100 Twitter for iPhone" "saveaslave.com"
184.254.5.20 - - [03/Nov/2016:09:51:12 -0700] "GET /css/bootstrap.min.css HTTP/1.1" 200 123578 "http://saveaslave.com/" "Mozilla/5.0 (iPhone; CPU iPhone OS 10_1_1 like Mac OS X) AppleWebKit/602.1.32 (KHTML, like Gecko) Mobile/14B100 Twitter for iPhone" "saveaslave.com"
184.254.5.20 - - [03/Nov/2016:09:51:12 -0700] "GET /assets/js/ie-emulation-modes-warning.js HTTP/1.1" 200 2130 "http://saveaslave.com/" "Mozilla/5.0 (iPhone; CPU iPhone OS 10_1_1 like Mac OS X) AppleWebKit/602.1.32 (KHTML, like Gecko) Mobile/14B100 Twitter for iPhone" "saveaslave.com"
184.254.5.20 - - [03/Nov/2016:09:51:12 -0700] "GET /gfeedfetcher.js HTTP/1.1" 200 9018 "http://saveaslave.com/" "Mozilla/5.0 (iPhone; CPU iPhone OS 10_1_1 like Mac OS X) AppleWebKit/602.1.32 (KHTML, like Gecko) Mobile/14B100 Twitter for iPhone" "saveaslave.com"
184.254.5.20 - - [03/Nov/2016:09:51:12 -0700] "GET /css/elements.css HTTP/1.1" 200 17857 "http://saveaslave.com/" "Mozilla/5.0 (iPhone; CPU iPhone OS 10_1_1 like Mac OS X) AppleWebKit/602.1.32 (KHTML, like Gecko) Mobile/14B100 Twitter for iPhone" "saveaslave.com"
184.254.5.20 - - [03/Nov/2016:09:51:12 -0700] "GET /gajaxscroller.js HTTP/1.1" 200 9774 "http://saveaslave.com/" "Mozilla/5.0 (iPhone; CPU iPhone OS 10_1_1 like Mac OS X) AppleWebKit/602.1.32 (KHTML, like Gecko) Mobile/14B100 Twitter for iPhone" "saveaslave.com"
184.254.5.20 - - [03/Nov/2016:09:51:13 -0700] "GET /images/logo2.png HTTP/1.1" 200 18525 "http://saveaslave.com/" "Mozilla/5.0 (iPhone; CPU iPhone OS 10_1_1 like Mac OS X) AppleWebKit/602.1.32 (KHTML, like Gecko) Mobile/14B100 Twitter for iPhone" "saveaslave.com"
184.254.5.20 - - [03/Nov/2016:09:51:13 -0700] "GET /images/article/end_it.jpg HTTP/1.1" 200 33676 "http://saveaslave.com/" "Mozilla/5.0 (iPhone; CPU iPhone OS 10_1_1 like Mac OS X) AppleWebKit/602.1.32 (KHTML, like Gecko) Mobile/14B100 Twitter for iPhone" "saveaslave.com"
184.254.5.20 - - [03/Nov/2016:09:51:13 -0700] "GET /images/article/s1_dety_beg_d9954.jpg HTTP/1.1" 200 16968 "http://saveaslave.com/" "Mozilla/5.0 (iPhone; CPU iPhone OS 10_1_1 like Mac OS X) AppleWebKit/602.1.32 (KHTML, like Gecko) Mobile/14B100 Twitter for iPhone" "saveaslave.com"
184.254.5.20 - - [03/Nov/2016:09:51:13 -0700] "GET /images/article/suspects.jpg HTTP/1.1" 200 58796 "http://saveaslave.com/" "Mozilla/5.0 (iPhone; CPU iPhone OS 10_1_1 like Mac OS X) AppleWebKit/602.1.32 (KHTML, like Gecko) Mobile/14B100 Twitter for iPhone" "saveaslave.com"
184.254.5.20 - - [03/Nov/2016:09:51:14 -0700] "GET /images/social3.png HTTP/1.1" 200 4343 "http://saveaslave.com/" "Mozilla/5.0 (iPhone; CPU iPhone OS 10_1_1 like Mac OS X) AppleWebKit/602.1.32 (KHTML, like Gecko) Mobile/14B100 Twitter for iPhone" "saveaslave.com"
184.254.5.20 - - [03/Nov/2016:09:51:14 -0700] "GET /images/select-arrow.png HTTP/1.1" 200 1118 "http://saveaslave.com/" "Mozilla/5.0 (iPhone; CPU iPhone OS 10_1_1 like Mac OS X) AppleWebKit/602.1.32 (KHTML, like Gecko) Mobile/14B100 Twitter for iPhone" "saveaslave.com"
184.254.5.20 - - [03/Nov/2016:09:51:14 -0700] "GET /css/down-arrow.png HTTP/1.1" 404 89 "http://saveaslave.com/" "Mozilla/5.0 (iPhone; CPU iPhone OS 10_1_1 like Mac OS X) AppleWebKit/602.1.32 (KHTML, like Gecko) Mobile/14B100 Twitter for iPhone" "saveaslave.com"
184.254.5.20 - - [03/Nov/2016:09:51:14 -0700] "GET /addarticle.php HTTP/1.1" 200 13761 "http://saveaslave.com/" "Mozilla/5.0 (iPhone; CPU iPhone OS 10_1_1 like Mac OS X) AppleWebKit/602.1.32 (KHTML, like Gecko) Mobile/14B100 Twitter for iPhone" "saveaslave.com"
137.74.22.87 - - [03/Nov/2016:09:51:48 -0700] "GET /our-newsr.php HTTP/1.1" 200 78316 "-" "Mozilla/5.0 (Windows NT 6.1; Win64; x64; rv:25.0) Gecko/20100101 Firefox/25.0" "saveaslave.com"
205.208.121.249 - - [03/Nov/2016:10:07:14 -0700] "GET / HTTP/1.1" 200 90516 "http://www.volunteermatch.org/search/org293443.jsp" "Mozilla/5.0 (Windows NT 10.0; WOW64) AppleWebKit/537.36 (KHTML, like Gecko) Chrome/54.0.2840.71 Safari/537.36" "www.saveaslave.com"[1]
205.208.121.249 - - [03/Nov/2016:10:07:14 -0700] "GET /gfeedfetcher.js HTTP/1.1" 200 9018 "http://www.saveaslave.com/" "Mozilla/5.0 (Windows NT 10.0; WOW64) AppleWebKit/537.36 (KHTML, like Gecko) Chrome/54.0.2840.71 Safari/537.36" "www.saveaslave.com"
205.208.121.249 - - [03/Nov/2016:10:07:14 -0700] "GET /assets/js/ie-emulation-modes-warning.js HTTP/1.1" 200 2130 "http://www.saveaslave.com/" "Mozilla/5.0 (Windows NT 10.0; WOW64) AppleWebKit/537.36 (KHTML, like Gecko) Chrome/54.0.2840.71 Safari/537.36" "www.saveaslave.com"
205.208.121.249 - - [03/Nov/2016:10:07:14 -0700] "GET /css/elements.css HTTP/1.1" 200 17857 "http://www.saveaslave.com/" "Mozilla/5.0 (Windows NT 10.0; WOW64) AppleWebKit/537.36 (KHTML, like Gecko) Chrome/54.0.2840.71 Safari/537.36" "www.saveaslave.com"
205.208.121.249 - - [03/Nov/2016:10:07:15 -0700] "GET /css/bootstrap.min.css HTTP/1.1" 200 123578 "http://www.saveaslave.com/" "Mozilla/5.0 (Windows NT 10.0; WOW64) AppleWebKit/537.36 (KHTML, like Gecko) Chrome/54.0.2840.71 Safari/537.36" "www.saveaslave.com"
205.208.121.249 - - [03/Nov/2016:10:07:15 -0700] "GET /css/style-pages.css HTTP/1.1" 200 9894 "http://www.saveaslave.com/" "Mozilla/5.0 (Windows NT 10.0; WOW64) AppleWebKit/537.36 (KHTML, like Gecko) Chrome/54.0.2840.71 Safari/537.36" "www.saveaslave.com"
205.208.121.249 - - [03/Nov/2016:10:07:15 -0700] "GET /gajaxscroller.js HTTP/1.1" 304 - "http://www.saveaslave.com/" "Mozilla/5.0 (Windows NT 10.0; WOW64) AppleWebKit/537.36 (KHTML, like Gecko) Chrome/54.0.2840.71 Safari/537.36" "www.saveaslave.com"
205.208.121.249 - - [03/Nov/2016:10:07:15 -0700] "GET /assets/js/ie10-viewport-bug-workaround.js HTTP/1.1" 200 641 "http://www.saveaslave.com/" "Mozilla/5.0 (Windows NT 10.0; WOW64) AppleWebKit/537.36 (KHTML, like Gecko) Chrome/54.0.2840.71 Safari/537.36" "www.saveaslave.com"
205.208.121.249 - - [03/Nov/2016:10:07:15 -0700] "GET /images/logo2.png HTTP/1.1" 200 18525 "http://www.saveaslave.com/" "Mozilla/5.0 (Windows NT 10.0; WOW64) AppleWebKit/537.36 (KHTML, like Gecko) Chrome/54.0.2840.71 Safari/537.36" "www.saveaslave.com"
205.208.121.249 - - [03/Nov/2016:10:07:16 -0700] "GET /images/top.jpg HTTP/1.1" 200 50519 "http://www.saveaslave.com/" "Mozilla/5.0 (Windows NT 10.0; WOW64) AppleWebKit/537.36 (KHTML, like Gecko) Chrome/54.0.2840.71 Safari/537.36" "www.saveaslave.com"
205.208.121.249 - - [03/Nov/2016:10:07:17 -0700] "GET /images/article/suspects.jpg HTTP/1.1" 200 58796 "http://www.saveaslave.com/" "Mozilla/5.0 (Windows NT 10.0; WOW64) AppleWebKit/537.36 (KHTML, like Gecko) Chrome/54.0.2840.71 Safari/537.36" "www.saveaslave.com"
205.208.121.249 - - [03/Nov/2016:10:07:17 -0700] "GET /images/social1.png HTTP/1.1" 200 2012 "http://www.saveaslave.com/" "Mozilla/5.0 (Windows NT 10.0; WOW64) AppleWebKit/537.36 (KHTML, like Gecko) Chrome/54.0.2840.71 Safari/537.36" "www.saveaslave.com"
205.208.121.249 - - [03/Nov/2016:10:07:17 -0700] "GET /images/social2.png HTTP/1.1" 200 1752 "http://www.saveaslave.com/" "Mozilla/5.0 (Windows NT 10.0; WOW64) AppleWebKit/537.36 (KHTML, like Gecko) Chrome/54.0.2840.71 Safari/537.36" "www.saveaslave.com"
205.208.121.249 - - [03/Nov/2016:10:07:17 -0700] "GET /images/social3.png HTTP/1.1" 200 4343 "http://www.saveaslave.com/" "Mozilla/5.0 (Windows NT 10.0; WOW64) AppleWebKit/537.36 (KHTML, like Gecko) Chrome/54.0.2840.71 Safari/537.36" "www.saveaslave.com"
205.208.121.249 - - [03/Nov/2016:10:07:27 -0700] "GET /indicator.gif HTTP/1.1" 200 878 "http://www.saveaslave.com/" "Mozilla/5.0 (Windows NT 10.0; WOW64) AppleWebKit/537.36 (KHTML, like Gecko) Chrome/54.0.2840.71 Safari/537.36" "www.saveaslave.com"
205.208.121.249 - - [03/Nov/2016:10:07:28 -0700] "GET /css/down-arrow.png HTTP/1.1" 404 89 "http://www.saveaslave.com/css/elements.css" "Mozilla/5.0 (Windows NT 10.0; WOW64) AppleWebKit/537.36 (KHTML, like Gecko) Chrome/54.0.2840.71 Safari/537.36" "www.saveaslave.com"
205.208.121.249 - - [03/Nov/2016:10:07:28 -0700] "GET /images/select-arrow.png HTTP/1.1" 200 1118 "http://www.saveaslave.com/css/style-pages.css" "Mozilla/5.0 (Windows NT 10.0; WOW64) AppleWebKit/537.36 (KHTML, like Gecko) Chrome/54.0.2840.71 Safari/537.36" "www.saveaslave.com"
205.208.121.249 - - [03/Nov/2016:10:07:28 -0700] "GET /addarticle.php HTTP/1.1" 200 13725 "http://www.saveaslave.com/" "Mozilla/5.0 (Windows NT 10.0; WOW64) AppleWebKit/537.36 (KHTML, like Gecko) Chrome/54.0.2840.71 Safari/537.36" "www.saveaslave.com"
