72.168.98.122 - - [03/Nov/2015:15:45:57 -0800] "GET /css/elements.css HTTP/1.1" 200 17857 "http://saveaslave.com/" "Mozilla/5.0 (iPad; CPU OS 8_4 like Mac OS X) AppleWebKit/600.1.4 (KHTML, like Gecko) Version/8.0 Mobile/12H143 Safari/600.1.4" "saveaslave.com"
72.168.98.122 - - [03/Nov/2015:15:45:57 -0800] "GET /css/style.css HTTP/1.1" 200 7739 "http://saveaslave.com/" "Mozilla/5.0 (iPad; CPU OS 8_4 like Mac OS X) AppleWebKit/600.1.4 (KHTML, like Gecko) Version/8.0 Mobile/12H143 Safari/600.1.4" "saveaslave.com"
72.168.98.122 - - [03/Nov/2015:15:45:57 -0800] "GET /assets/js/ie-emulation-modes-warning.js HTTP/1.1" 200 2130 "http://saveaslave.com/" "Mozilla/5.0 (iPad; CPU OS 8_4 like Mac OS X) AppleWebKit/600.1.4 (KHTML, like Gecko) Version/8.0 Mobile/12H143 Safari/600.1.4" "saveaslave.com"
72.168.98.122 - - [03/Nov/2015:15:45:57 -0800] "GET /gfeedfetcher.js HTTP/1.1" 200 9018 "http://saveaslave.com/" "Mozilla/5.0 (iPad; CPU OS 8_4 like Mac OS X) AppleWebKit/600.1.4 (KHTML, like Gecko) Version/8.0 Mobile/12H143 Safari/600.1.4" "saveaslave.com"
72.168.98.122 - - [03/Nov/2015:15:45:57 -0800] "GET /gajaxscroller.js HTTP/1.1" 200 9774 "http://saveaslave.com/" "Mozilla/5.0 (iPad; CPU OS 8_4 like Mac OS X) AppleWebKit/600.1.4 (KHTML, like Gecko) Version/8.0 Mobile/12H143 Safari/600.1.4" "saveaslave.com"
72.168.98.122 - - [03/Nov/2015:15:45:58 -0800] "GET /images/gift_button.png HTTP/1.1" 200 27500 "http://saveaslave.com/" "Mozilla/5.0 (iPad; CPU OS 8_4 like Mac OS X) AppleWebKit/600.1.4 (KHTML, like Gecko) Version/8.0 Mobile/12H143 Safari/600.1.4" "saveaslave.com"
72.170.237.71 - - [03/Nov/2015:15:45:59 -0800] "GET /css/style-pages.css HTTP/1.1" 200 9167 "http://saveaslave.com/" "Mozilla/5.0 (iPad; CPU OS 8_4 like Mac OS X) AppleWebKit/600.1.4 (KHTML, like Gecko) Version/8.0 Mobile/12H143 Safari/600.1.4" "saveaslave.com"
72.170.237.71 - - [03/Nov/2015:15:45:59 -0800] "GET /js/bootstrap.min.js HTTP/1.1" 200 37055 "http://saveaslave.com/" "Mozilla/5.0 (iPad; CPU OS 8_4 like Mac OS X) AppleWebKit/600.1.4 (KHTML, like Gecko) Version/8.0 Mobile/12H143 Safari/600.1.4" "saveaslave.com"
72.170.237.71 - - [03/Nov/2015:15:45:59 -0800] "GET /assets/js/ie10-viewport-bug-workaround.js HTTP/1.1" 200 641 "http://saveaslave.com/" "Mozilla/5.0 (iPad; CPU OS 8_4 like Mac OS X) AppleWebKit/600.1.4 (KHTML, like Gecko) Version/8.0 Mobile/12H143 Safari/600.1.4" "saveaslave.com"
72.170.237.71 - - [03/Nov/2015:15:45:59 -0800] "GET /images/logo2.png HTTP/1.1" 200 18525 "http://saveaslave.com/" "Mozilla/5.0 (iPad; CPU OS 8_4 like Mac OS X) AppleWebKit/600.1.4 (KHTML, like Gecko) Version/8.0 Mobile/12H143 Safari/600.1.4" "saveaslave.com"
72.170.237.71 - - [03/Nov/2015:15:45:59 -0800] "GET /photos/article2.jpg HTTP/1.1" 200 15209 "http://saveaslave.com/" "Mozilla/5.0 (iPad; CPU OS 8_4 like Mac OS X) AppleWebKit/600.1.4 (KHTML, like Gecko) Version/8.0 Mobile/12H143 Safari/600.1.4" "saveaslave.com"
72.170.237.71 - - [03/Nov/2015:15:45:59 -0800] "GET /images/cover1.jpg HTTP/1.1" 200 253658 "http://saveaslave.com/" "Mozilla/5.0 (iPad; CPU OS 8_4 like Mac OS X) AppleWebKit/600.1.4 (KHTML, like Gecko) Version/8.0 Mobile/12H143 Safari/600.1.4" "saveaslave.com"
72.170.237.71 - - [03/Nov/2015:15:45:59 -0800] "GET /photos/article7.jpg HTTP/1.1" 200 15527 "http://saveaslave.com/" "Mozilla/5.0 (iPad; CPU OS 8_4 like Mac OS X) AppleWebKit/600.1.4 (KHTML, like Gecko) Version/8.0 Mobile/12H143 Safari/600.1.4" "saveaslave.com"
72.170.237.71 - - [03/Nov/2015:15:45:59 -0800] "GET /photos/article4.png HTTP/1.1" 200 42622 "http://saveaslave.com/" "Mozilla/5.0 (iPad; CPU OS 8_4 like Mac OS X) AppleWebKit/600.1.4 (KHTML, like Gecko) Version/8.0 Mobile/12H143 Safari/600.1.4" "saveaslave.com"
72.170.237.71 - - [03/Nov/2015:15:45:59 -0800] "GET /photos/article1.jpg HTTP/1.1" 200 11640 "http://saveaslave.com/" "Mozilla/5.0 (iPad; CPU OS 8_4 like Mac OS X) AppleWebKit/600.1.4 (KHTML, like Gecko) Version/8.0 Mobile/12H143 Safari/600.1.4" "saveaslave.com"
72.170.237.71 - - [03/Nov/2015:15:45:59 -0800] "GET /photos/article5.jpg HTTP/1.1" 200 14497 "http://saveaslave.com/" "Mozilla/5.0 (iPad; CPU OS 8_4 like Mac OS X) AppleWebKit/600.1.4 (KHTML, like Gecko) Version/8.0 Mobile/12H143 Safari/600.1.4" "saveaslave.com"
72.168.98.122 - - [03/Nov/2015:15:46:03 -0800] "GET /images/select-arrow.png HTTP/1.1" 200 1118 "http://saveaslave.com/" "Mozilla/5.0 (iPad; CPU OS 8_4 like Mac OS X) AppleWebKit/600.1.4 (KHTML, like Gecko) Version/8.0 Mobile/12H143 Safari/600.1.4" "saveaslave.com"
72.168.98.122 - - [03/Nov/2015:15:46:04 -0800] "GET /css/down-arrow.png HTTP/1.1" 404 89 "http://saveaslave.com/" "Mozilla/5.0 (iPad; CPU OS 8_4 like Mac OS X) AppleWebKit/600.1.4 (KHTML, like Gecko) Version/8.0 Mobile/12H143 Safari/600.1.4" "saveaslave.com"
72.168.98.122 - - [03/Nov/2015:15:46:42 -0800] "GET /index.php HTTP/1.1" 200 52159 "http://saveaslave.com/" "Mozilla/5.0 (iPad; CPU OS 8_4 like Mac OS X) AppleWebKit/600.1.4 (KHTML, like Gecko) Version/8.0 Mobile/12H143 Safari/600.1.4" "saveaslave.com"
72.168.98.122 - - [03/Nov/2015:15:46:43 -0800] "GET /photos/top.jpg HTTP/1.1" 200 50519 "http://saveaslave.com/index.php" "Mozilla/5.0 (iPad; CPU OS 8_4 like Mac OS X) AppleWebKit/600.1.4 (KHTML, like Gecko) Version/8.0 Mobile/12H143 Safari/600.1.4" "saveaslave.com"
72.168.98.122 - - [03/Nov/2015:15:46:43 -0800] "GET /photos/article2.jpg HTTP/1.1" 200 15209 "http://saveaslave.com/index.php" "Mozilla/5.0 (iPad; CPU OS 8_4 like Mac OS X) AppleWebKit/600.1.4 (KHTML, like Gecko) Version/8.0 Mobile/12H143 Safari/600.1.4" "saveaslave.com"
72.168.98.122 - - [03/Nov/2015:15:46:43 -0800] "GET /css/down-arrow.png HTTP/1.1" 404 89 "http://saveaslave.com/index.php" "Mozilla/5.0 (iPad; CPU OS 8_4 like Mac OS X) AppleWebKit/600.1.4 (KHTML, like Gecko) Version/8.0 Mobile/12H143 Safari/600.1.4" "saveaslave.com"
207.46.13.107 - - [03/Nov/2015:15:48:42 -0800] "GET /ecuador.html HTTP/1.1" 404 89 "-" "Mozilla/5.0 (compatible; bingbot/2.0; +http://www.bing.com/bingbot.htm)" "saveaslave.com"
208.115.113.86 - - [03/Nov/2015:16:57:14 -0800] "GET /romania.html HTTP/1.1" 404 89 "-" "Mozilla/5.0 (compatible; DotBot/1.1; http://www.opensiteexplorer.org/dotbot, help@moz.com)" "www.saveaslave.com"
100.43.91.10 - - [03/Nov/2015:17:09:46 -0800] "GET /poland.html HTTP/1.1" 404 89 "-" "Mozilla/5.0 (compatible; YandexBot/3.0; +http://yandex.com/bots)" "saveaslave.com"
178.62.7.84 - - [03/Nov/2015:17:26:44 -0800] "GET /pakistan.html HTTP/1.1" 404 89 "-" "Mozilla/5.0 (compatible; MJ12bot/v1.4.5; http://www.majestic12.co.uk/bot.php?+)" "saveaslave.com"
178.62.7.84 - - [03/Nov/2015:17:26:48 -0800] "GET /disclaimer.php HTTP/1.1" 200 49666 "-" "Mozilla/5.0 (compatible; MJ12bot/v1.4.5; http://www.majestic12.co.uk/bot.php?+)" "www.saveaslave.com"
178.62.7.84 - - [03/Nov/2015:17:26:50 -0800] "GET /listlink.php HTTP/1.1" 200 7305 "-" "Mozilla/5.0 (compatible; MJ12bot/v1.4.5; http://www.majestic12.co.uk/bot.php?+)" "www.saveaslave.com"
65.36.241.48 - - [03/Nov/2015:17:34:50 -0800] "HEAD / HTTP/1.1" 200 0 "-" "InternetSeer.com" "www.saveaslave.com"
207.46.13.48 - - [03/Nov/2015:17:55:58 -0800] "GET /robots.txt HTTP/1.1" 200 48 "-" "Mozilla/5.0 (compatible; bingbot/2.0; +http://www.bing.com/bingbot.htm)" "www.saveaslave.com"
66.249.69.65 - - [03/Nov/2015:17:56:20 -0800] "GET /images/countrymap/guam.gif HTTP/1.1" 404 89 "-" "Googlebot-Image/1.0" "www.saveaslave.com"
68.180.228.181 - - [03/Nov/2015:17:57:56 -0800] "GET /antigua-and-barbuda.html HTTP/1.1" 404 89 "-" "Mozilla/5.0 (compatible; Yahoo! Slurp; http://help.yahoo.com/help/us/ysearch/slurp)" "www.saveaslave.com"
66.249.75.128 - - [03/Nov/2015:18:03:56 -0800] "GET /images/countrymap/iraq-flag.jpg HTTP/1.1" 404 89 "-" "Googlebot-Image/1.0" "saveaslave.com"
157.55.39.75 - - [03/Nov/2015:18:09:42 -0800] "GET /tajikistan.html HTTP/1.1" 404 89 "-" "msnbot-media/1.1 (+http://search.msn.com/msnbot.htm)" "www.saveaslave.com"
46.118.118.215 - - [03/Nov/2015:18:14:03 -0800] "GET /administrator/index.php HTTP/1.1" 404 89 "-" "-" "www.saveaslave.com"
66.249.69.89 - - [03/Nov/2015:18:33:25 -0800] "GET /images/countrymap/bangladesh-flag.jpg HTTP/1.1" 404 89 "-" "Googlebot-Image/1.0" "www.saveaslave.com"
208.115.113.86 - - [03/Nov/2015:18:47:17 -0800] "GET /greece.html HTTP/1.1" 404 89 "-" "Mozilla/5.0 (compatible; DotBot/1.1; http://www.opensiteexplorer.org/dotbot, help@moz.com)" "saveaslave.com"
208.115.113.86 - - [03/Nov/2015:18:50:19 -0800] "GET /new-zealand.html HTTP/1.1" 404 89 "-" "Mozilla/5.0 (compatible; DotBot/1.1; http://www.opensiteexplorer.org/dotbot, help@moz.com)" "www.saveaslave.com"
208.115.113.86 - - [03/Nov/2015:18:50:19 -0800] "GET /niger.html HTTP/1.1" 404 89 "-" "Mozilla/5.0 (compatible; DotBot/1.1; http://www.opensiteexplorer.org/dotbot, help@moz.com)" "www.saveaslave.com"
5.12.132.218 - - [03/Nov/2015:18:56:31 -0800] "GET / HTTP/1.1" 200 52159 "http://saveaslave.com" "Mozilla/5.0 (Windows NT 6.1; WOW64; rv:35.0) Gecko/20100101 Firefox/35.0" "saveaslave.com"
65.36.241.48 - - [03/Nov/2015:18:57:24 -0800] "HEAD / HTTP/1.1" 200 0 "-" "InternetSeer.com" "www.saveaslave.com"
68.180.228.181 - - [03/Nov/2015:19:07:14 -0800] "GET /palmyra-atoll.html HTTP/1.1" 404 89 "-" "Mozilla/5.0 (compatible; Yahoo! Slurp; http://help.yahoo.com/help/us/ysearch/slurp)" "www.saveaslave.com"
220.181.108.121 - - [03/Nov/2015:19:08:43 -0800] "GET /iraq.html HTTP/1.1" 404 89 "-" "Mozilla/5.0 (compatible; Baiduspider/2.0; +http://www.baidu.com/search/spider.html)" "www.saveaslave.com"
157.55.39.75 - - [03/Nov/2015:19:25:40 -0800] "GET /bouvet_island HTTP/1.1" 404 89 "-" "msnbot-media/1.1 (+http://search.msn.com/msnbot.htm)" "www.saveaslave.com"
208.115.113.86 - - [03/Nov/2015:19:32:43 -0800] "GET /lesotho HTTP/1.1" 404 89 "-" "Mozilla/5.0 (compatible; DotBot/1.1; http://www.opensiteexplorer.org/dotbot, help@moz.com)" "www.saveaslave.com"
208.115.113.86 - - [03/Nov/2015:19:32:44 -0800] "GET /swaziland HTTP/1.1" 404 89 "-" "Mozilla/5.0 (compatible; DotBot/1.1; http://www.opensiteexplorer.org/dotbot, help@moz.com)" "www.saveaslave.com"
157.55.39.91 - - [03/Nov/2015:19:55:31 -0800] "GET /antarctica HTTP/1.1" 404 89 "-" "msnbot-media/1.1 (+http://search.msn.com/msnbot.htm)" "www.saveaslave.com"
188.165.15.204 - - [03/Nov/2015:19:56:06 -0800] "GET / HTTP/1.1" 200 52159 "-" "Mozilla/5.0 (compatible; AhrefsBot/5.0; +http://ahrefs.com/robot/)" "www.saveaslave.com"
157.55.39.90 - - [03/Nov/2015:20:05:51 -0800] "GET /uruguay HTTP/1.1" 404 89 "-" "msnbot-media/1.1 (+http://search.msn.com/msnbot.htm)" "www.saveaslave.com"
207.46.13.107 - - [03/Nov/2015:20:12:21 -0800] "GET /portugal HTTP/1.1" 404 89 "-" "msnbot-media/1.1 (+http://search.msn.com/msnbot.htm)" "www.saveaslave.com"
157.55.39.90 - - [03/Nov/2015:20:15:06 -0800] "GET /robots.txt HTTP/1.1" 200 48 "-" "Mozilla/5.0 (compatible; bingbot/2.0; +http://www.bing.com/bingbot.htm)" "www.saveaslave.com"
157.55.39.90 - - [03/Nov/2015:20:15:10 -0800] "GET /addlink.php HTTP/1.1" 200 15066 "-" "msnbot-media/1.1 (+http://search.msn.com/msnbot.htm)" "www.saveaslave.com"
207.46.13.48 - - [03/Nov/2015:20:20:55 -0800] "GET /argentina HTTP/1.1" 404 89 "-" "msnbot-media/1.1 (+http://search.msn.com/msnbot.htm)" "www.saveaslave.com"
144.76.8.132 - - [03/Nov/2015:20:31:54 -0800] "GET /antigua-and-barbuda.html HTTP/1.1" 404 89 "-" "Mozilla/5.0 (compatible; MJ12bot/v1.4.5; http://www.majestic12.co.uk/bot.php?+)" "saveaslave.com"
180.76.15.141 - - [03/Nov/2015:20:40:10 -0800] "GET /czech-republic.html HTTP/1.1" 404 89 "-" "Mozilla/5.0 (compatible; Baiduspider/2.0; +http://www.baidu.com/search/spider.html)" "www.saveaslave.com"
208.115.113.86 - - [03/Nov/2015:20:44:41 -0800] "GET /niue.html HTTP/1.1" 404 89 "-" "Mozilla/5.0 (compatible; DotBot/1.1; http://www.opensiteexplorer.org/dotbot, help@moz.com)" "saveaslave.com"
67.234.68.165 - - [03/Nov/2015:20:49:34 -0800] "GET /images/countrymap/solomon-islands.gif HTTP/1.1" 404 89 "-" "Mozilla/5.0 (Windows NT 6.1; WOW64; Trident/7.0; rv:11.0) like Gecko/20100101 Firefox/12.0" "www.saveaslave.com"
67.234.68.165 - - [03/Nov/2015:20:49:45 -0800] "GET /images/countrymap/solomon-islands.gif HTTP/1.1" 404 89 "-" "Mozilla/5.0 (Windows NT 6.1; WOW64; Trident/7.0; rv:11.0) like Gecko/20100101 Firefox/12.0" "www.saveaslave.com"
65.36.241.48 - - [03/Nov/2015:20:53:23 -0800] "HEAD /?tpl=references&Itemid=3 HTTP/1.1" 200 0 "-" "InternetSeer.com" "www.saveaslave.com"
76.177.182.176 - - [03/Nov/2015:20:54:12 -0800] "GET /images/countrymap/solomon-islands.gif HTTP/1.1" 404 89 "https://www.bing.com/" "Mozilla/5.0 (iPad; CPU OS 9_1 like Mac OS X) AppleWebKit/601.1.46 (KHTML, like Gecko) Version/9.0 Mobile/13B143 Safari/601.1" "www.saveaslave.com"
207.46.13.107 - - [03/Nov/2015:21:09:09 -0800] "GET /robots.txt HTTP/1.1" 200 48 "-" "Mozilla/5.0 (compatible; bingbot/2.0; +http://www.bing.com/bingbot.htm)" "www.saveaslave.com"
61.135.189.101 - - [03/Nov/2015:21:20:52 -0800] "GET /site/?feed=rss2&cat=136 HTTP/1.1" 404 89 "-" "Sogou web spider/4.0(+http://www.sogou.com/docs/help/webmasters.htm#07)" "saveaslave.com"
61.135.189.101 - - [03/Nov/2015:21:21:13 -0800] "GET /site/?feed=rss2&cat=227 HTTP/1.1" 404 89 "-" "Sogou web spider/4.0(+http://www.sogou.com/docs/help/webmasters.htm#07)" "saveaslave.com"
65.36.241.48 - - [03/Nov/2015:22:02:11 -0800] "HEAD / HTTP/1.1" 200 0 "-" "InternetSeer.com" "www.saveaslave.com"
157.55.39.3 - - [03/Nov/2015:22:12:26 -0800] "GET /spain HTTP/1.1" 404 89 "-" "msnbot-media/1.1 (+http://search.msn.com/msnbot.htm)" "www.saveaslave.com"
207.46.13.107 - - [03/Nov/2015:22:18:11 -0800] "GET /robots.txt HTTP/1.1" 200 48 "-" "Mozilla/5.0 (compatible; bingbot/2.0; +http://www.bing.com/bingbot.htm)" "www.saveaslave.com"
207.46.13.107 - - [03/Nov/2015:22:20:40 -0800] "GET /antislaveryquiz.html HTTP/1.1" 404 89 "-" "msnbot-media/1.1 (+http://search.msn.com/msnbot.htm)" "www.saveaslave.com"
207.46.13.107 - - [03/Nov/2015:22:20:59 -0800] "GET /vanuatu HTTP/1.1" 404 89 "-" "msnbot-media/1.1 (+http://search.msn.com/msnbot.htm)" "www.saveaslave.com"
50.132.85.131 - - [03/Nov/2015:22:53:53 -0800] "GET / HTTP/1.1" 200 52159 "-" "-" "www.saveaslave.com"
123.125.71.108 - - [03/Nov/2015:22:54:49 -0800] "GET /monaco.html HTTP/1.1" 404 89 "-" "Mozilla/5.0 (compatible; Baiduspider/2.0; +http://www.baidu.com/search/spider.html)" "www.saveaslave.com"
208.115.113.94 - - [03/Nov/2015:22:57:29 -0800] "GET /turks-caicos-islands.html HTTP/1.1" 404 89 "-" "Mozilla/5.0 (compatible; DotBot/1.1; http://www.opensiteexplorer.org/dotbot, help@moz.com)" "saveaslave.com"
157.55.39.3 - - [03/Nov/2015:23:08:36 -0800] "GET /peru HTTP/1.1" 404 89 "-" "msnbot-media/1.1 (+http://search.msn.com/msnbot.htm)" "www.saveaslave.com"
207.46.13.107 - - [03/Nov/2015:23:22:57 -0800] "GET /articles.html HTTP/1.1" 404 89 "-" "msnbot-media/1.1 (+http://search.msn.com/msnbot.htm)" "www.saveaslave.com"
65.36.241.48 - - [04/Nov/2015:00:00:18 -0800] "HEAD / HTTP/1.1" 200 0 "-" "InternetSeer.com" "www.saveaslave.com"
207.46.13.48 - - [04/Nov/2015:00:02:30 -0800] "GET /robots.txt HTTP/1.1" 200 48 "-" "Mozilla/5.0 (compatible; bingbot/2.0; +http://www.bing.com/bingbot.htm)" "www.saveaslave.com"
50.251.29.57 - - [04/Nov/2015:00:04:12 -0800] "GET / HTTP/1.1" 200 52159 "-" "Mozilla/5.0 (Windows NT 6.1; WOW64; Trident/7.0; AS; rv:11.0) like Gecko" "saveaslave.com"
50.251.29.57 - - [04/Nov/2015:00:04:19 -0800] "GET /index.php HTTP/1.1" 200 52159 "-" "Mozilla/5.0 (Windows NT 6.1; WOW64; Trident/7.0; AS; rv:11.0) like Gecko" "saveaslave.com"
50.251.29.57 - - [04/Nov/2015:00:04:21 -0800] "GET /news1.php HTTP/1.1" 200 46198 "-" "Mozilla/5.0 (Windows NT 6.1; WOW64; Trident/7.0; AS; rv:11.0) like Gecko" "saveaslave.com"
50.251.29.57 - - [04/Nov/2015:00:04:22 -0800] "GET /news2.php HTTP/1.1" 200 35017 "-" "Mozilla/5.0 (Windows NT 6.1; WOW64; Trident/7.0; AS; rv:11.0) like Gecko" "saveaslave.com"
50.251.29.57 - - [04/Nov/2015:00:04:24 -0800] "GET /news3.php HTTP/1.1" 200 52071 "-" "Mozilla/5.0 (Windows NT 6.1; WOW64; Trident/7.0; AS; rv:11.0) like Gecko" "saveaslave.com"
50.251.29.57 - - [04/Nov/2015:00:04:25 -0800] "GET /news4.php HTTP/1.1" 200 52232 "-" "Mozilla/5.0 (Windows NT 6.1; WOW64; Trident/7.0; AS; rv:11.0) like Gecko" "saveaslave.com"
50.251.29.57 - - [04/Nov/2015:00:04:27 -0800] "GET /news5.php HTTP/1.1" 200 33003 "-" "Mozilla/5.0 (Windows NT 6.1; WOW64; Trident/7.0; AS; rv:11.0) like Gecko" "saveaslave.com"
50.251.29.57 - - [04/Nov/2015:00:04:30 -0800] "GET /news6.php HTTP/1.1" 200 48495 "-" "Mozilla/5.0 (Windows NT 6.1; WOW64; Trident/7.0; AS; rv:11.0) like Gecko" "saveaslave.com"
50.251.29.57 - - [04/Nov/2015:00:04:39 -0800] "GET /who-we-are.php HTTP/1.1" 200 52517 "-" "Mozilla/5.0 (Windows NT 6.1; WOW64; Trident/7.0; AS; rv:11.0) like Gecko" "saveaslave.com"
77.75.79.72 - - [04/Nov/2015:00:05:10 -0800] "GET /robots.txt HTTP/1.1" 200 48 "-" "Mozilla/5.0 (compatible; SeznamBot/3.2; +http://fulltext.sblog.cz/)" "saveaslave.com"
77.75.79.72 - - [04/Nov/2015:00:05:11 -0800] "GET /estonia HTTP/1.1" 404 89 "-" "Mozilla/5.0 (compatible; SeznamBot/3.2; +http://fulltext.sblog.cz/)" "saveaslave.com"
207.46.13.25 - - [04/Nov/2015:00:13:16 -0800] "GET /robots.txt HTTP/1.1" 200 48 "-" "Mozilla/5.0 (compatible; bingbot/2.0; +http://www.bing.com/bingbot.htm)" "www.saveaslave.com"
68.180.228.181 - - [04/Nov/2015:00:20:55 -0800] "GET /west-bank.html HTTP/1.1" 404 89 "-" "Mozilla/5.0 (compatible; Yahoo! Slurp; http://help.yahoo.com/help/us/ysearch/slurp)" "www.saveaslave.com"
68.180.228.222 - - [04/Nov/2015:00:22:40 -0800] "GET /botswana.html HTTP/1.1" 404 89 "-" "Mozilla/5.0 (compatible; Yahoo! Slurp; http://help.yahoo.com/help/us/ysearch/slurp)" "saveaslave.com"
207.46.13.25 - - [04/Nov/2015:00:43:05 -0800] "GET /timor HTTP/1.1" 404 89 "-" "msnbot-media/1.1 (+http://search.msn.com/msnbot.htm)" "www.saveaslave.com"
207.46.13.107 - - [04/Nov/2015:00:48:26 -0800] "GET /guatemala HTTP/1.1" 404 89 "-" "msnbot-media/1.1 (+http://search.msn.com/msnbot.htm)" "www.saveaslave.com"
208.115.113.94 - - [04/Nov/2015:00:55:06 -0800] "GET /robots.txt HTTP/1.1" 200 48 "-" "Mozilla/5.0 (compatible; DotBot/1.1; http://www.opensiteexplorer.org/dotbot, help@moz.com)" "www.saveaslave.com"
208.115.113.94 - - [04/Nov/2015:00:59:00 -0800] "GET /our-supporters.php HTTP/1.1" 200 56312 "-" "Mozilla/5.0 (compatible; DotBot/1.1; http://www.opensiteexplorer.org/dotbot, help@moz.com)" "saveaslave.com"
208.115.113.86 - - [04/Nov/2015:01:05:37 -0800] "GET /chad.html HTTP/1.1" 404 89 "-" "Mozilla/5.0 (compatible; DotBot/1.1; http://www.opensiteexplorer.org/dotbot, help@moz.com)" "www.saveaslave.com"
208.115.113.86 - - [04/Nov/2015:01:05:37 -0800] "GET /republic-of-congo.html HTTP/1.1" 404 89 "-" "Mozilla/5.0 (compatible; DotBot/1.1; http://www.opensiteexplorer.org/dotbot, help@moz.com)" "www.saveaslave.com"
69.160.54.33 - - [04/Nov/2015:01:18:48 -0800] "GET / HTTP/1.1" 200 52123 "http://www.saveaslave.com" "Mozilla/5.0 (Windows NT 6.3; WOW64) AppleWebKit/537.36 (KHTML, like Gecko) Chrome/34.0.1847.137 Safari/537.36" "www.saveaslave.com"
182.118.20.162 - - [04/Nov/2015:01:23:48 -0800] "GET /robots.txt HTTP/1.1" 200 48 "http://www.saveaslave.com/robots.txt" "Mozilla/5.0 (compatible; MSIE 9.0; Windows NT 6.1; Trident/5.0); 360Spider(compatible; HaosouSpider; http://www.haosou.com/help/help_3_2.html)" "www.saveaslave.com"
207.46.13.48 - - [04/Nov/2015:01:27:02 -0800] "GET /senegal HTTP/1.1" 404 89 "-" "msnbot-media/1.1 (+http://search.msn.com/msnbot.htm)" "www.saveaslave.com"
207.46.13.107 - - [04/Nov/2015:01:40:01 -0800] "GET /indexb.html HTTP/1.1" 404 89 "-" "msnbot-media/1.1 (+http://search.msn.com/msnbot.htm)" "www.saveaslave.com"
207.46.13.48 - - [04/Nov/2015:01:44:24 -0800] "GET /korea_south HTTP/1.1" 404 89 "-" "msnbot-media/1.1 (+http://search.msn.com/msnbot.htm)" "www.saveaslave.com"
68.180.228.181 - - [04/Nov/2015:01:46:30 -0800] "GET /czech-republic.html HTTP/1.1" 404 89 "-" "Mozilla/5.0 (compatible; Yahoo! Slurp; http://help.yahoo.com/help/us/ysearch/slurp)" "www.saveaslave.com"
69.160.54.33 - - [04/Nov/2015:01:46:41 -0800] "GET / HTTP/1.1" 200 52123 "http://www.saveaslave.com" "Mozilla/5.0 (Windows NT 6.3; WOW64) AppleWebKit/537.36 (KHTML, like Gecko) Chrome/34.0.1847.137 Safari/537.36" "www.saveaslave.com"
198.27.64.33 - - [04/Nov/2015:01:50:27 -0800] "GET /robots.txt HTTP/1.1" 200 48 "-" "Mozilla/5.0 (compatible; MJ12bot/v1.4.5; http://www.majestic12.co.uk/bot.php?+)" "www.saveaslave.com"
198.27.64.33 - - [04/Nov/2015:01:51:21 -0800] "GET /disclaimer.php HTTP/1.1" 200 49666 "-" "Mozilla/5.0 (compatible; MJ12bot/v1.4.5; http://www.majestic12.co.uk/bot.php?+)" "www.saveaslave.com"
198.27.64.33 - - [04/Nov/2015:01:51:36 -0800] "GET /news1.php HTTP/1.1" 200 46198 "-" "Mozilla/5.0 (compatible; MJ12bot/v1.4.5; http://www.majestic12.co.uk/bot.php?+)" "www.saveaslave.com"
198.27.64.33 - - [04/Nov/2015:01:51:53 -0800] "GET /news2.php HTTP/1.1" 200 35017 "-" "Mozilla/5.0 (compatible; MJ12bot/v1.4.5; http://www.majestic12.co.uk/bot.php?+)" "www.saveaslave.com"
198.27.64.33 - - [04/Nov/2015:01:52:38 -0800] "GET /news3.php HTTP/1.1" 200 52071 "-" "Mozilla/5.0 (compatible; MJ12bot/v1.4.5; http://www.majestic12.co.uk/bot.php?+)" "www.saveaslave.com"
157.55.39.90 - - [04/Nov/2015:01:53:43 -0800] "GET /kenya HTTP/1.1" 404 89 "-" "msnbot-media/1.1 (+http://search.msn.com/msnbot.htm)" "www.saveaslave.com"
94.23.77.182 - - [04/Nov/2015:01:57:40 -0800] "GET /get.php/media/dhl/info.php HTTP/1.1" 200 73 "-" "Mozilla/5.0 (Windows; U; Windows NT 6.1; ru; rv:1.9.1) Gecko/20090624 MRA 5.7 (build 03796) Firefox/3.5 sputnik 2.5.2.20" "saveaslave.com"
65.36.241.48 - - [04/Nov/2015:02:09:21 -0800] "HEAD / HTTP/1.1" 200 0 "-" "InternetSeer.com" "www.saveaslave.com"
66.249.75.128 - - [04/Nov/2015:02:09:40 -0800] "GET /images/countrymap/denmark.jpg HTTP/1.1" 404 89 "-" "Googlebot-Image/1.0" "saveaslave.com"
208.115.113.94 - - [04/Nov/2015:02:21:52 -0800] "GET /robots.txt HTTP/1.1" 200 48 "-" "Mozilla/5.0 (compatible; DotBot/1.1; http://www.opensiteexplorer.org/dotbot, help@moz.com)" "saveaslave.com"
208.115.113.94 - - [04/Nov/2015:02:21:52 -0800] "GET /robots.txt HTTP/1.1" 200 48 "-" "Mozilla/5.0 (compatible; DotBot/1.1; http://www.opensiteexplorer.org/dotbot, help@moz.com)" "www.saveaslave.com"
157.55.39.91 - - [04/Nov/2015:02:25:28 -0800] "GET /suriname HTTP/1.1" 404 89 "-" "msnbot-media/1.1 (+http://search.msn.com/msnbot.htm)" "www.saveaslave.com"
157.55.39.3 - - [04/Nov/2015:02:39:02 -0800] "GET /ecard.html HTTP/1.1" 404 89 "-" "msnbot-media/1.1 (+http://search.msn.com/msnbot.htm)" "www.saveaslave.com"
157.55.39.3 - - [04/Nov/2015:02:39:02 -0800] "GET /netherlands.html HTTP/1.1" 404 89 "-" "msnbot-media/1.1 (+http://search.msn.com/msnbot.htm)" "www.saveaslave.com"
208.115.113.94 - - [04/Nov/2015:02:45:49 -0800] "GET /el-salvador.html HTTP/1.1" 404 89 "-" "Mozilla/5.0 (compatible; DotBot/1.1; http://www.opensiteexplorer.org/dotbot, help@moz.com)" "saveaslave.com"
208.115.113.94 - - [04/Nov/2015:02:45:49 -0800] "GET /qatar.html HTTP/1.1" 404 89 "-" "Mozilla/5.0 (compatible; DotBot/1.1; http://www.opensiteexplorer.org/dotbot, help@moz.com)" "saveaslave.com"
208.115.113.94 - - [04/Nov/2015:02:55:19 -0800] "GET /wake-island.html HTTP/1.1" 404 89 "-" "Mozilla/5.0 (compatible; DotBot/1.1; http://www.opensiteexplorer.org/dotbot, help@moz.com)" "www.saveaslave.com"
208.115.113.94 - - [04/Nov/2015:02:55:19 -0800] "GET /guam.html HTTP/1.1" 404 89 "-" "Mozilla/5.0 (compatible; DotBot/1.1; http://www.opensiteexplorer.org/dotbot, help@moz.com)" "www.saveaslave.com"
208.115.113.94 - - [04/Nov/2015:02:55:19 -0800] "GET /eritrea.html HTTP/1.1" 404 89 "-" "Mozilla/5.0 (compatible; DotBot/1.1; http://www.opensiteexplorer.org/dotbot, help@moz.com)" "www.saveaslave.com"
207.46.13.107 - - [04/Nov/2015:03:02:41 -0800] "GET /tokelau HTTP/1.1" 404 89 "-" "msnbot-media/1.1 (+http://search.msn.com/msnbot.htm)" "www.saveaslave.com"
207.46.13.107 - - [04/Nov/2015:03:02:42 -0800] "GET /Flight_Information.html HTTP/1.1" 404 89 "-" "msnbot-media/1.1 (+http://search.msn.com/msnbot.htm)" "www.saveaslave.com"
180.76.15.29 - - [04/Nov/2015:03:05:14 -0800] "GET /addlink.php?page=bolivia.html HTTP/1.1" 200 15125 "-" "Mozilla/5.0 (compatible; Baiduspider/2.0; +http://www.baidu.com/search/spider.html)" "www.saveaslave.com"
157.55.39.91 - - [04/Nov/2015:03:06:32 -0800] "GET /montserrat HTTP/1.1" 404 89 "-" "msnbot-media/1.1 (+http://search.msn.com/msnbot.htm)" "www.saveaslave.com"
142.162.164.243 - - [04/Nov/2015:03:09:47 -0800] "GET /images/countrymap/solomon-islands.gif HTTP/1.1" 404 89 "https://www.google.ca/" "Mozilla/5.0 (Windows NT 6.1; WOW64) AppleWebKit/537.36 (KHTML, like Gecko) Chrome/46.0.2490.80 Safari/537.36" "www.saveaslave.com"
142.162.164.243 - - [04/Nov/2015:03:09:49 -0800] "GET /solomon-islands.html HTTP/1.1" 404 89 "https://www.google.ca/" "Mozilla/5.0 (Windows NT 6.1; WOW64) AppleWebKit/537.36 (KHTML, like Gecko) Chrome/46.0.2490.80 Safari/537.36" "www.saveaslave.com"
142.162.164.243 - - [04/Nov/2015:03:09:49 -0800] "GET /favicon.ico HTTP/1.1" 404 89 "http://www.saveaslave.com/solomon-islands.html" "Mozilla/5.0 (Windows NT 6.1; WOW64) AppleWebKit/537.36 (KHTML, like Gecko) Chrome/46.0.2490.80 Safari/537.36" "www.saveaslave.com"
207.46.13.107 - - [04/Nov/2015:03:14:55 -0800] "GET /honduras HTTP/1.1" 404 89 "-" "msnbot-media/1.1 (+http://search.msn.com/msnbot.htm)" "www.saveaslave.com"
157.55.39.90 - - [04/Nov/2015:03:15:52 -0800] "GET /micronesia HTTP/1.1" 404 89 "-" "msnbot-media/1.1 (+http://search.msn.com/msnbot.htm)" "www.saveaslave.com"
208.115.113.86 - - [04/Nov/2015:03:19:15 -0800] "GET /robots.txt HTTP/1.1" 200 48 "-" "Mozilla/5.0 (compatible; DotBot/1.1; http://www.opensiteexplorer.org/dotbot, help@moz.com)" "www.saveaslave.com"
208.115.113.86 - - [04/Nov/2015:03:19:15 -0800] "GET /robots.txt HTTP/1.1" 200 48 "-" "Mozilla/5.0 (compatible; DotBot/1.1; http://www.opensiteexplorer.org/dotbot, help@moz.com)" "saveaslave.com"
66.249.69.65 - - [04/Nov/2015:03:19:34 -0800] "GET /british-virgin-islands.html HTTP/1.1" 404 89 "-" "Mozilla/5.0 (compatible; Googlebot/2.1; +http://www.google.com/bot.html)" "www.saveaslave.com"
207.46.13.107 - - [04/Nov/2015:03:21:44 -0800] "GET /ecuador.html HTTP/1.1" 404 89 "-" "Mozilla/5.0 (compatible; bingbot/2.0; +http://www.bing.com/bingbot.htm)" "saveaslave.com"
54.197.224.163 - - [04/Nov/2015:03:24:10 -0800] "GET / HTTP/1.1" 200 52159 "http://saveaslave.com/" "Mozilla/5.0 (Windows NT 6.1; WOW64; rv:23.0) Gecko/20100101 Firefox/23.0" "saveaslave.com"
207.46.13.107 - - [04/Nov/2015:03:24:54 -0800] "GET /robots.txt HTTP/1.1" 200 48 "-" "Mozilla/5.0 (compatible; bingbot/2.0; +http://www.bing.com/bingbot.htm)" "www.saveaslave.com"
207.46.13.107 - - [04/Nov/2015:03:26:47 -0800] "GET /jamaica HTTP/1.1" 404 89 "-" "msnbot-media/1.1 (+http://search.msn.com/msnbot.htm)" "www.saveaslave.com"
180.76.15.33 - - [04/Nov/2015:03:35:13 -0800] "GET /norway HTTP/1.1" 404 89 "-" "Mozilla/5.0 (compatible; Baiduspider/2.0; +http://www.baidu.com/search/spider.html)" "www.saveaslave.com"
207.46.13.48 - - [04/Nov/2015:03:39:30 -0800] "GET /PayPal.html HTTP/1.1" 404 89 "-" "msnbot-media/1.1 (+http://search.msn.com/msnbot.htm)" "www.saveaslave.com"
157.56.0.169 - - [04/Nov/2015:03:39:39 -0800] "GET /andorra HTTP/1.1" 404 89 "-" "Mozilla/5.0 (Windows NT 6.1; WOW64) AppleWebKit/534+ (KHTML, like Gecko) BingPreview/1.0b" "www.saveaslave.com"
207.46.13.107 - - [04/Nov/2015:03:40:28 -0800] "GET /reunion HTTP/1.1" 404 89 "-" "msnbot-media/1.1 (+http://search.msn.com/msnbot.htm)" "www.saveaslave.com"
207.46.13.48 - - [04/Nov/2015:03:42:06 -0800] "GET /georgia.html HTTP/1.1" 404 89 "-" "msnbot-media/1.1 (+http://search.msn.com/msnbot.htm)" "www.saveaslave.com"
207.46.13.107 - - [04/Nov/2015:03:45:56 -0800] "GET /robots.txt HTTP/1.1" 200 48 "-" "Mozilla/5.0 (compatible; bingbot/2.0; +http://www.bing.com/bingbot.htm)" "saveaslave.com"
207.46.13.107 - - [04/Nov/2015:03:46:28 -0800] "GET /kiribati.html HTTP/1.1" 404 89 "-" "Mozilla/5.0 (compatible; bingbot/2.0; +http://www.bing.com/bingbot.htm)" "saveaslave.com"
188.165.15.204 - - [04/Nov/2015:03:49:00 -0800] "GET / HTTP/1.1" 200 52159 "-" "Mozilla/5.0 (compatible; AhrefsBot/5.0; +http://ahrefs.com/robot/)" "www.saveaslave.com"
157.55.39.90 - - [04/Nov/2015:04:16:50 -0800] "GET /saintlucia HTTP/1.1" 404 89 "-" "msnbot-media/1.1 (+http://search.msn.com/msnbot.htm)" "www.saveaslave.com"
162.244.8.84 - - [04/Nov/2015:04:23:47 -0800] "GET /resources.html HTTP/1.1" 404 89 "-" "Mozilla/5.0 (Windows NT 6.1; rv:22.0) Gecko/20100101 Firefox/22.0" "www.saveaslave.com"
162.244.8.84 - - [04/Nov/2015:04:23:47 -0800] "GET /resources.html HTTP/1.1" 404 89 "-" "-" "www.saveaslave.com"
162.244.8.84 - - [04/Nov/2015:04:23:47 -0800] "GET /resources.html HTTP/1.1" 404 89 "-" "-" "www.saveaslave.com"
162.244.8.84 - - [04/Nov/2015:04:23:47 -0800] "GET /resources.html HTTP/1.1" 404 89 "-" "-" "www.saveaslave.com"
162.244.8.84 - - [04/Nov/2015:04:23:47 -0800] "GET /resources.html HTTP/1.1" 404 89 "-" "-" "www.saveaslave.com"
162.244.8.84 - - [04/Nov/2015:04:23:47 -0800] "GET /resources.html HTTP/1.1" 404 89 "-" "-" "www.saveaslave.com"
162.244.8.84 - - [04/Nov/2015:04:23:47 -0800] "GET /resources.html HTTP/1.1" 404 89 "-" "-" "www.saveaslave.com"
162.244.8.84 - - [04/Nov/2015:04:23:48 -0800] "GET /resources.html HTTP/1.1" 404 89 "-" "-" "www.saveaslave.com"
162.244.8.84 - - [04/Nov/2015:04:23:48 -0800] "GET /resources.html HTTP/1.1" 404 89 "-" "-" "www.saveaslave.com"
162.244.8.84 - - [04/Nov/2015:04:23:51 -0800] "GET /resources.html HTTP/1.1" 404 89 "-" "Mozilla/5.0 (Windows NT 6.2; WOW64; rv:24.0) Gecko/20100101 Firefox/24.0" "www.saveaslave.com"
162.244.8.84 - - [04/Nov/2015:04:23:52 -0800] "GET /resources.html HTTP/1.1" 404 89 "-" "Mozilla/5.0 (Windows NT 6.2; WOW64; rv:24.0) Gecko/20100101 Firefox/24.0" "www.saveaslave.com"
162.244.8.84 - - [04/Nov/2015:04:23:52 -0800] "GET /resources.html HTTP/1.1" 404 89 "-" "Mozilla/5.0 (Windows NT 6.2; WOW64; rv:24.0) Gecko/20100101 Firefox/24.0" "www.saveaslave.com"
162.244.8.84 - - [04/Nov/2015:04:23:52 -0800] "GET /resources.html HTTP/1.1" 404 89 "-" "Mozilla/5.0 (Windows NT 6.2; WOW64; rv:24.0) Gecko/20100101 Firefox/24.0" "www.saveaslave.com"
157.55.39.90 - - [04/Nov/2015:04:25:23 -0800] "GET /bermuda HTTP/1.1" 404 89 "-" "msnbot-media/1.1 (+http://search.msn.com/msnbot.htm)" "www.saveaslave.com"
77.75.79.72 - - [04/Nov/2015:04:26:35 -0800] "GET /robots.txt HTTP/1.1" 200 48 "-" "Mozilla/5.0 (compatible; SeznamBot/3.2; +http://fulltext.sblog.cz/)" "saveaslave.com"
77.75.79.72 - - [04/Nov/2015:04:26:36 -0800] "GET /india HTTP/1.1" 404 89 "-" "Mozilla/5.0 (compatible; SeznamBot/3.2; +http://fulltext.sblog.cz/)" "saveaslave.com"
208.115.113.86 - - [04/Nov/2015:04:34:26 -0800] "GET /india.html HTTP/1.1" 404 89 "-" "Mozilla/5.0 (compatible; DotBot/1.1; http://www.opensiteexplorer.org/dotbot, help@moz.com)" "saveaslave.com"
208.115.113.86 - - [04/Nov/2015:04:38:26 -0800] "GET /saint-martin.html HTTP/1.1" 404 89 "-" "Mozilla/5.0 (compatible; DotBot/1.1; http://www.opensiteexplorer.org/dotbot, help@moz.com)" "www.saveaslave.com"
208.115.113.94 - - [04/Nov/2015:04:45:08 -0800] "GET / HTTP/1.1" 200 52159 "-" "Mozilla/5.0 (compatible; DotBot/1.1; http://www.opensiteexplorer.org/dotbot, help@moz.com)" "saveaslave.com"
68.180.228.181 - - [04/Nov/2015:04:46:02 -0800] "GET /comoros.html HTTP/1.1" 404 89 "-" "Mozilla/5.0 (compatible; Yahoo! Slurp; http://help.yahoo.com/help/us/ysearch/slurp)" "www.saveaslave.com"
208.115.113.94 - - [04/Nov/2015:04:49:23 -0800] "GET /robots.txt HTTP/1.1" 200 48 "-" "Mozilla/5.0 (compatible; DotBot/1.1; http://www.opensiteexplorer.org/dotbot, help@moz.com)" "saveaslave.com"
157.55.39.90 - - [04/Nov/2015:05:03:56 -0800] "GET /laos HTTP/1.1" 404 89 "-" "msnbot-media/1.1 (+http://search.msn.com/msnbot.htm)" "www.saveaslave.com"
65.36.241.48 - - [04/Nov/2015:05:12:24 -0800] "HEAD / HTTP/1.1" 200 0 "-" "InternetSeer.com" "www.saveaslave.com"
207.46.13.48 - - [04/Nov/2015:05:15:15 -0800] "GET /robots.txt HTTP/1.1" 200 48 "-" "Mozilla/5.0 (compatible; bingbot/2.0; +http://www.bing.com/bingbot.htm)" "www.saveaslave.com"
207.46.13.48 - - [04/Nov/2015:05:15:22 -0800] "GET /grenada HTTP/1.1" 404 89 "-" "msnbot-media/1.1 (+http://search.msn.com/msnbot.htm)" "www.saveaslave.com"
208.115.113.86 - - [04/Nov/2015:05:23:43 -0800] "GET /canada HTTP/1.1" 404 89 "-" "Mozilla/5.0 (compatible; DotBot/1.1; http://www.opensiteexplorer.org/dotbot, help@moz.com)" "www.saveaslave.com"
68.180.228.181 - - [04/Nov/2015:05:25:42 -0800] "GET /eritrea.html HTTP/1.1" 404 89 "-" "Mozilla/5.0 (compatible; Yahoo! Slurp; http://help.yahoo.com/help/us/ysearch/slurp)" "www.saveaslave.com"
207.46.13.48 - - [04/Nov/2015:06:03:15 -0800] "GET /Advertisements.html HTTP/1.1" 404 89 "-" "msnbot-media/1.1 (+http://search.msn.com/msnbot.htm)" "www.saveaslave.com"
207.46.13.48 - - [04/Nov/2015:06:23:10 -0800] "GET /albania HTTP/1.1" 404 89 "-" "msnbot-media/1.1 (+http://search.msn.com/msnbot.htm)" "www.saveaslave.com"
101.226.166.210 - - [04/Nov/2015:06:28:37 -0800] "GET /robots.txt HTTP/1.1" 200 48 "http://saveaslave.com/robots.txt" "Mozilla/5.0 (Windows NT 6.1) AppleWebKit/537.1 (KHTML, like Gecko) Chrome/21.0.1180.89 Safari/537.1; 360Spider(compatible; HaosouSpider; http://www.haosou.com/help/help_3_2.html)" "saveaslave.com"
200.126.80.30 - - [04/Nov/2015:06:38:38 -0800] "GET / HTTP/1.1" 200 52159 "-" "Mozilla/5.0 (Windows NT 6.3; WOW64; rv:42.0) Gecko/20100101 Firefox/42.0" "saveaslave.com"
200.126.80.30 - - [04/Nov/2015:06:38:38 -0800] "GET /favicon.ico HTTP/1.1" 404 89 "-" "Mozilla/5.0 (Windows NT 6.3; WOW64; rv:42.0) Gecko/20100101 Firefox/42.0" "saveaslave.com"
200.126.80.30 - - [04/Nov/2015:06:38:39 -0800] "GET /ico/android-icon-192x192.png HTTP/1.1" 200 10097 "-" "Mozilla/5.0 (Windows NT 6.3; WOW64; rv:42.0) Gecko/20100101 Firefox/42.0" "saveaslave.com"
200.126.80.30 - - [04/Nov/2015:06:38:39 -0800] "GET /ico/favicon-32x32.png HTTP/1.1" 200 1892 "-" "Mozilla/5.0 (Windows NT 6.3; WOW64; rv:42.0) Gecko/20100101 Firefox/42.0" "saveaslave.com"
200.126.80.30 - - [04/Nov/2015:06:38:39 -0800] "GET /ico/favicon-96x96.png HTTP/1.1" 200 4476 "-" "Mozilla/5.0 (Windows NT 6.3; WOW64; rv:42.0) Gecko/20100101 Firefox/42.0" "saveaslave.com"
200.126.80.30 - - [04/Nov/2015:06:38:39 -0800] "GET /ico/favicon-16x16.png HTTP/1.1" 200 1129 "-" "Mozilla/5.0 (Windows NT 6.3; WOW64; rv:42.0) Gecko/20100101 Firefox/42.0" "saveaslave.com"
200.126.80.30 - - [04/Nov/2015:06:38:39 -0800] "GET /favicon.ico HTTP/1.1" 404 89 "-" "Mozilla/5.0 (Windows NT 6.3; WOW64; rv:42.0) Gecko/20100101 Firefox/42.0" "saveaslave.com"
200.126.80.30 - - [04/Nov/2015:06:38:40 -0800] "GET /css/style.css HTTP/1.1" 200 7739 "http://saveaslave.com/" "Mozilla/5.0 (Windows NT 6.3; WOW64; rv:42.0) Gecko/20100101 Firefox/42.0" "saveaslave.com"
200.126.80.30 - - [04/Nov/2015:06:38:40 -0800] "GET /gfeedfetcher.js HTTP/1.1" 200 9018 "http://saveaslave.com/" "Mozilla/5.0 (Windows NT 6.3; WOW64; rv:42.0) Gecko/20100101 Firefox/42.0" "saveaslave.com"
200.126.80.30 - - [04/Nov/2015:06:38:40 -0800] "GET /css/elements.css HTTP/1.1" 200 17857 "http://saveaslave.com/" "Mozilla/5.0 (Windows NT 6.3; WOW64; rv:42.0) Gecko/20100101 Firefox/42.0" "saveaslave.com"
200.126.80.30 - - [04/Nov/2015:06:38:40 -0800] "GET /gajaxscroller.js HTTP/1.1" 200 9774 "http://saveaslave.com/" "Mozilla/5.0 (Windows NT 6.3; WOW64; rv:42.0) Gecko/20100101 Firefox/42.0" "saveaslave.com"
200.126.80.30 - - [04/Nov/2015:06:38:40 -0800] "GET /css/style-pages.css HTTP/1.1" 200 9167 "http://saveaslave.com/" "Mozilla/5.0 (Windows NT 6.3; WOW64; rv:42.0) Gecko/20100101 Firefox/42.0" "saveaslave.com"
200.126.80.30 - - [04/Nov/2015:06:38:40 -0800] "GET /assets/js/ie-emulation-modes-warning.js HTTP/1.1" 304 - "http://saveaslave.com/" "Mozilla/5.0 (Windows NT 6.3; WOW64; rv:42.0) Gecko/20100101 Firefox/42.0" "saveaslave.com"
200.126.80.30 - - [04/Nov/2015:06:38:40 -0800] "GET /assets/js/ie10-viewport-bug-workaround.js HTTP/1.1" 304 - "http://saveaslave.com/" "Mozilla/5.0 (Windows NT 6.3; WOW64; rv:42.0) Gecko/20100101 Firefox/42.0" "saveaslave.com"
200.126.80.30 - - [04/Nov/2015:06:38:40 -0800] "GET /js/bootstrap.min.js HTTP/1.1" 200 37055 "http://saveaslave.com/" "Mozilla/5.0 (Windows NT 6.3; WOW64; rv:42.0) Gecko/20100101 Firefox/42.0" "saveaslave.com"
200.126.80.30 - - [04/Nov/2015:06:38:41 -0800] "GET /images/logo2.png HTTP/1.1" 200 18525 "http://saveaslave.com/" "Mozilla/5.0 (Windows NT 6.3; WOW64; rv:42.0) Gecko/20100101 Firefox/42.0" "saveaslave.com"
200.126.80.30 - - [04/Nov/2015:06:38:41 -0800] "GET /photos/article5.jpg HTTP/1.1" 200 14497 "http://saveaslave.com/" "Mozilla/5.0 (Windows NT 6.3; WOW64; rv:42.0) Gecko/20100101 Firefox/42.0" "saveaslave.com"
200.126.80.30 - - [04/Nov/2015:06:38:41 -0800] "GET /images/social1.png HTTP/1.1" 200 2012 "http://saveaslave.com/" "Mozilla/5.0 (Windows NT 6.3; WOW64; rv:42.0) Gecko/20100101 Firefox/42.0" "saveaslave.com"
200.126.80.30 - - [04/Nov/2015:06:38:41 -0800] "GET /images/social2.png HTTP/1.1" 200 1752 "http://saveaslave.com/" "Mozilla/5.0 (Windows NT 6.3; WOW64; rv:42.0) Gecko/20100101 Firefox/42.0" "saveaslave.com"
200.126.80.30 - - [04/Nov/2015:06:38:41 -0800] "GET /images/social3.png HTTP/1.1" 200 4343 "http://saveaslave.com/" "Mozilla/5.0 (Windows NT 6.3; WOW64; rv:42.0) Gecko/20100101 Firefox/42.0" "saveaslave.com"
200.126.80.30 - - [04/Nov/2015:06:38:42 -0800] "GET /indicator.gif HTTP/1.1" 200 878 "http://saveaslave.com/" "Mozilla/5.0 (Windows NT 6.3; WOW64; rv:42.0) Gecko/20100101 Firefox/42.0" "saveaslave.com"
200.126.80.30 - - [04/Nov/2015:06:38:42 -0800] "GET /css/down-arrow.png HTTP/1.1" 404 89 "http://saveaslave.com/css/elements.css" "Mozilla/5.0 (Windows NT 6.3; WOW64; rv:42.0) Gecko/20100101 Firefox/42.0" "saveaslave.com"
200.126.80.30 - - [04/Nov/2015:06:39:33 -0800] "GET /contact-us.php HTTP/1.1" 200 30021 "http://saveaslave.com/" "Mozilla/5.0 (Windows NT 6.3; WOW64; rv:42.0) Gecko/20100101 Firefox/42.0" "saveaslave.com"
200.126.80.30 - - [04/Nov/2015:06:39:35 -0800] "GET /contact-us.php HTTP/1.1" 200 30021 "http://saveaslave.com/" "Mozilla/5.0 (Windows NT 6.3; WOW64; rv:42.0) Gecko/20100101 Firefox/42.0" "saveaslave.com"
207.46.13.48 - - [04/Nov/2015:06:40:52 -0800] "GET /tuvalu HTTP/1.1" 404 89 "-" "msnbot-media/1.1 (+http://search.msn.com/msnbot.htm)" "www.saveaslave.com"
157.55.39.118 - - [04/Nov/2015:06:43:00 -0800] "GET /slave%20in%20Puglia.html HTTP/1.1" 404 89 "-" "msnbot-media/1.1 (+http://search.msn.com/msnbot.htm)" "www.saveaslave.com"
208.115.113.94 - - [04/Nov/2015:06:45:40 -0800] "GET /robots.txt HTTP/1.1" 200 48 "-" "Mozilla/5.0 (compatible; DotBot/1.1; http://www.opensiteexplorer.org/dotbot, help@moz.com)" "saveaslave.com"
125.17.109.94 - - [04/Nov/2015:06:47:24 -0800] "GET / HTTP/1.1" 200 52123 "http://www.schonbek.com/ws/web/sch_home3.html" "Mozilla/5.0 (Windows NT 6.1) AppleWebKit/537.4 (KHTML, like Gecko) Chrome/22.0.1229.64 Safari/537.4" "saveaslave.com"
125.17.109.94 - - [04/Nov/2015:06:47:24 -0800] "GET /favicon.ico HTTP/1.1" 404 89 "-" "Mozilla/5.0 (Windows NT 6.1) AppleWebKit/537.4 (KHTML, like Gecko) Chrome/22.0.1229.64 Safari/537.4" "saveaslave.com"
65.36.241.48 - - [04/Nov/2015:06:49:57 -0800] "HEAD / HTTP/1.1" 200 0 "-" "InternetSeer.com" "www.saveaslave.com"
77.75.79.72 - - [04/Nov/2015:06:55:52 -0800] "GET /robots.txt HTTP/1.1" 200 48 "-" "Mozilla/5.0 (compatible; SeznamBot/3.2; +http://fulltext.sblog.cz/)" "saveaslave.com"
77.75.79.72 - - [04/Nov/2015:06:55:53 -0800] "GET /bahrain.html HTTP/1.1" 404 89 "-" "Mozilla/5.0 (compatible; SeznamBot/3.2; +http://fulltext.sblog.cz/)" "saveaslave.com"
208.115.113.94 - - [04/Nov/2015:06:57:10 -0800] "GET /czech-republic.html HTTP/1.1" 404 89 "-" "Mozilla/5.0 (compatible; DotBot/1.1; http://www.opensiteexplorer.org/dotbot, help@moz.com)" "saveaslave.com"
204.82.210.227 - - [04/Nov/2015:07:08:29 -0800] "GET / HTTP/1.1" 200 52123 "http://www.ohchr.org/EN/Issues/Slavery/UNVTFCFS/Pages/SlaveryList.aspx" "Mozilla/5.0 (compatible; MSIE 10.0; Windows NT 6.1; Trident/6.0)" "www.saveaslave.com"
204.82.210.227 - - [04/Nov/2015:07:08:29 -0800] "GET /css/bootstrap.min.css HTTP/1.1" 200 123578 "http://www.saveaslave.com/" "Mozilla/5.0 (compatible; MSIE 10.0; Windows NT 6.1; Trident/6.0)" "www.saveaslave.com"
204.82.210.227 - - [04/Nov/2015:07:08:29 -0800] "GET /assets/js/ie-emulation-modes-warning.js HTTP/1.1" 200 2130 "http://www.saveaslave.com/" "Mozilla/5.0 (compatible; MSIE 10.0; Windows NT 6.1; Trident/6.0)" "www.saveaslave.com"
204.82.210.227 - - [04/Nov/2015:07:08:29 -0800] "GET /photos/top.jpg HTTP/1.1" 200 50519 "http://www.saveaslave.com/" "Mozilla/5.0 (compatible; MSIE 10.0; Windows NT 6.1; Trident/6.0)" "www.saveaslave.com"
204.82.210.227 - - [04/Nov/2015:07:08:30 -0800] "GET /gajaxscroller.js HTTP/1.1" 200 9774 "http://www.saveaslave.com/" "Mozilla/5.0 (compatible; MSIE 10.0; Windows NT 6.1; Trident/6.0)" "www.saveaslave.com"
204.82.210.227 - - [04/Nov/2015:07:08:30 -0800] "GET /gfeedfetcher.js HTTP/1.1" 200 9018 "http://www.saveaslave.com/" "Mozilla/5.0 (compatible; MSIE 10.0; Windows NT 6.1; Trident/6.0)" "www.saveaslave.com"
204.82.210.227 - - [04/Nov/2015:07:08:30 -0800] "GET /photos/article7.jpg HTTP/1.1" 200 15527 "http://www.saveaslave.com/" "Mozilla/5.0 (compatible; MSIE 10.0; Windows NT 6.1; Trident/6.0)" "www.saveaslave.com"
204.82.210.227 - - [04/Nov/2015:07:08:30 -0800] "GET /photos/article1.jpg HTTP/1.1" 200 11640 "http://www.saveaslave.com/" "Mozilla/5.0 (compatible; MSIE 10.0; Windows NT 6.1; Trident/6.0)" "www.saveaslave.com"
204.82.210.227 - - [04/Nov/2015:07:08:30 -0800] "GET /photos/article3a.jpg HTTP/1.1" 200 12445 "http://www.saveaslave.com/" "Mozilla/5.0 (compatible; MSIE 10.0; Windows NT 6.1; Trident/6.0)" "www.saveaslave.com"
204.82.210.227 - - [04/Nov/2015:07:08:30 -0800] "GET /photos/article2.jpg HTTP/1.1" 200 15209 "http://www.saveaslave.com/" "Mozilla/5.0 (compatible; MSIE 10.0; Windows NT 6.1; Trident/6.0)" "www.saveaslave.com"
204.82.210.227 - - [04/Nov/2015:07:08:30 -0800] "GET /photos/article4.png HTTP/1.1" 200 42622 "http://www.saveaslave.com/" "Mozilla/5.0 (compatible; MSIE 10.0; Windows NT 6.1; Trident/6.0)" "www.saveaslave.com"
204.82.210.227 - - [04/Nov/2015:07:08:30 -0800] "GET /photos/article5.jpg HTTP/1.1" 200 14497 "http://www.saveaslave.com/" "Mozilla/5.0 (compatible; MSIE 10.0; Windows NT 6.1; Trident/6.0)" "www.saveaslave.com"
204.82.210.227 - - [04/Nov/2015:07:08:30 -0800] "GET /images/social1.png HTTP/1.1" 200 2012 "http://www.saveaslave.com/" "Mozilla/5.0 (compatible; MSIE 10.0; Windows NT 6.1; Trident/6.0)" "www.saveaslave.com"
204.82.210.227 - - [04/Nov/2015:07:08:30 -0800] "GET /images/social3.png HTTP/1.1" 200 4343 "http://www.saveaslave.com/" "Mozilla/5.0 (compatible; MSIE 10.0; Windows NT 6.1; Trident/6.0)" "www.saveaslave.com"
204.82.210.227 - - [04/Nov/2015:07:08:30 -0800] "GET /images/social2.png HTTP/1.1" 200 1752 "http://www.saveaslave.com/" "Mozilla/5.0 (compatible; MSIE 10.0; Windows NT 6.1; Trident/6.0)" "www.saveaslave.com"
204.82.210.227 - - [04/Nov/2015:07:08:30 -0800] "GET /css/style-pages.css HTTP/1.1" 200 9167 "http://www.saveaslave.com/" "Mozilla/5.0 (compatible; MSIE 10.0; Windows NT 6.1; Trident/6.0)" "www.saveaslave.com"
204.82.210.227 - - [04/Nov/2015:07:08:30 -0800] "GET /images/gift_button.png HTTP/1.1" 200 27500 "http://www.saveaslave.com/" "Mozilla/5.0 (compatible; MSIE 10.0; Windows NT 6.1; Trident/6.0)" "www.saveaslave.com"
204.82.210.227 - - [04/Nov/2015:07:08:30 -0800] "GET /assets/js/ie10-viewport-bug-workaround.js HTTP/1.1" 200 641 "http://www.saveaslave.com/" "Mozilla/5.0 (compatible; MSIE 10.0; Windows NT 6.1; Trident/6.0)" "www.saveaslave.com"
204.82.210.227 - - [04/Nov/2015:07:08:30 -0800] "GET /indicator.gif HTTP/1.1" 200 878 "http://www.saveaslave.com/" "Mozilla/5.0 (compatible; MSIE 10.0; Windows NT 6.1; Trident/6.0)" "www.saveaslave.com"
204.82.210.227 - - [04/Nov/2015:07:08:30 -0800] "GET /images/select-arrow.png HTTP/1.1" 200 1118 "http://www.saveaslave.com/" "Mozilla/5.0 (compatible; MSIE 10.0; Windows NT 6.1; Trident/6.0)" "www.saveaslave.com"
204.82.210.227 - - [04/Nov/2015:07:08:30 -0800] "GET /css/down-arrow.png HTTP/1.1" 404 89 "http://www.saveaslave.com/" "Mozilla/5.0 (compatible; MSIE 10.0; Windows NT 6.1; Trident/6.0)" "www.saveaslave.com"
204.82.210.227 - - [04/Nov/2015:07:10:05 -0800] "GET /news1.php HTTP/1.1" 200 46162 "http://www.saveaslave.com/" "Mozilla/5.0 (compatible; MSIE 10.0; Windows NT 6.1; Trident/6.0)" "www.saveaslave.com"
204.82.210.227 - - [04/Nov/2015:07:10:05 -0800] "GET /photos/article7a.jpg HTTP/1.1" 200 41919 "http://www.saveaslave.com/news1.php" "Mozilla/5.0 (compatible; MSIE 10.0; Windows NT 6.1; Trident/6.0)" "www.saveaslave.com"
204.82.210.227 - - [04/Nov/2015:07:10:05 -0800] "GET /photos/article7b.jpg HTTP/1.1" 200 42617 "http://www.saveaslave.com/news1.php" "Mozilla/5.0 (compatible; MSIE 10.0; Windows NT 6.1; Trident/6.0)" "www.saveaslave.com"
204.82.210.227 - - [04/Nov/2015:07:10:05 -0800] "GET /css/down-arrow.png HTTP/1.1" 404 89 "http://www.saveaslave.com/news1.php" "Mozilla/5.0 (compatible; MSIE 10.0; Windows NT 6.1; Trident/6.0)" "www.saveaslave.com"
204.82.209.10 - - [04/Nov/2015:07:10:51 -0800] "GET /css/bootstrap.min.css HTTP/1.1" 200 123578 "http://www.saveaslave.com/" "Mozilla/5.0 (compatible; MSIE 10.0; Windows NT 6.1; Trident/6.0)" "www.saveaslave.com"
204.82.209.10 - - [04/Nov/2015:07:10:51 -0800] "GET /assets/js/ie-emulation-modes-warning.js HTTP/1.1" 200 2130 "http://www.saveaslave.com/" "Mozilla/5.0 (compatible; MSIE 10.0; Windows NT 6.1; Trident/6.0)" "www.saveaslave.com"
204.82.209.10 - - [04/Nov/2015:07:10:51 -0800] "GET /css/style.css HTTP/1.1" 200 7739 "http://www.saveaslave.com/" "Mozilla/5.0 (compatible; MSIE 10.0; Windows NT 6.1; Trident/6.0)" "www.saveaslave.com"
204.82.209.10 - - [04/Nov/2015:07:10:51 -0800] "GET /css/elements.css HTTP/1.1" 200 17857 "http://www.saveaslave.com/" "Mozilla/5.0 (compatible; MSIE 10.0; Windows NT 6.1; Trident/6.0)" "www.saveaslave.com"
204.82.209.10 - - [04/Nov/2015:07:10:51 -0800] "GET /images/cover1.jpg HTTP/1.1" 200 253658 "http://www.saveaslave.com/" "Mozilla/5.0 (compatible; MSIE 10.0; Windows NT 6.1; Trident/6.0)" "www.saveaslave.com"
204.82.209.10 - - [04/Nov/2015:07:10:51 -0800] "GET /gfeedfetcher.js HTTP/1.1" 200 9018 "http://www.saveaslave.com/" "Mozilla/5.0 (compatible; MSIE 10.0; Windows NT 6.1; Trident/6.0)" "www.saveaslave.com"
204.82.209.10 - - [04/Nov/2015:07:10:51 -0800] "GET /gajaxscroller.js HTTP/1.1" 200 9774 "http://www.saveaslave.com/" "Mozilla/5.0 (compatible; MSIE 10.0; Windows NT 6.1; Trident/6.0)" "www.saveaslave.com"
204.82.209.10 - - [04/Nov/2015:07:10:51 -0800] "GET /photos/article7.jpg HTTP/1.1" 200 15527 "http://www.saveaslave.com/" "Mozilla/5.0 (compatible; MSIE 10.0; Windows NT 6.1; Trident/6.0)" "www.saveaslave.com"
204.82.209.10 - - [04/Nov/2015:07:10:51 -0800] "GET /photos/article2.jpg HTTP/1.1" 200 15209 "http://www.saveaslave.com/" "Mozilla/5.0 (compatible; MSIE 10.0; Windows NT 6.1; Trident/6.0)" "www.saveaslave.com"
204.82.209.10 - - [04/Nov/2015:07:10:51 -0800] "GET /photos/article4.png HTTP/1.1" 200 42622 "http://www.saveaslave.com/" "Mozilla/5.0 (compatible; MSIE 10.0; Windows NT 6.1; Trident/6.0)" "www.saveaslave.com"
204.82.209.10 - - [04/Nov/2015:07:10:51 -0800] "GET /images/social1.png HTTP/1.1" 200 2012 "http://www.saveaslave.com/" "Mozilla/5.0 (compatible; MSIE 10.0; Windows NT 6.1; Trident/6.0)" "www.saveaslave.com"
204.82.209.10 - - [04/Nov/2015:07:10:51 -0800] "GET /images/social3.png HTTP/1.1" 200 4343 "http://www.saveaslave.com/" "Mozilla/5.0 (compatible; MSIE 10.0; Windows NT 6.1; Trident/6.0)" "www.saveaslave.com"
204.82.209.10 - - [04/Nov/2015:07:10:51 -0800] "GET /photos/article5.jpg HTTP/1.1" 200 14497 "http://www.saveaslave.com/" "Mozilla/5.0 (compatible; MSIE 10.0; Windows NT 6.1; Trident/6.0)" "www.saveaslave.com"
204.82.209.10 - - [04/Nov/2015:07:10:51 -0800] "GET /css/style-pages.css HTTP/1.1" 200 9167 "http://www.saveaslave.com/" "Mozilla/5.0 (compatible; MSIE 10.0; Windows NT 6.1; Trident/6.0)" "www.saveaslave.com"
204.82.209.10 - - [04/Nov/2015:07:10:51 -0800] "GET /images/gift_button.png HTTP/1.1" 200 27500 "http://www.saveaslave.com/" "Mozilla/5.0 (compatible; MSIE 10.0; Windows NT 6.1; Trident/6.0)" "www.saveaslave.com"
204.82.209.10 - - [04/Nov/2015:07:10:51 -0800] "GET /js/bootstrap.min.js HTTP/1.1" 200 37055 "http://www.saveaslave.com/" "Mozilla/5.0 (compatible; MSIE 10.0; Windows NT 6.1; Trident/6.0)" "www.saveaslave.com"
204.82.209.10 - - [04/Nov/2015:07:10:51 -0800] "GET /assets/js/ie10-viewport-bug-workaround.js HTTP/1.1" 200 641 "http://www.saveaslave.com/" "Mozilla/5.0 (compatible; MSIE 10.0; Windows NT 6.1; Trident/6.0)" "www.saveaslave.com"
204.82.209.10 - - [04/Nov/2015:07:10:52 -0800] "GET /images/select-arrow.png HTTP/1.1" 200 1118 "http://www.saveaslave.com/" "Mozilla/5.0 (compatible; MSIE 10.0; Windows NT 6.1; Trident/6.0)" "www.saveaslave.com"
204.82.209.10 - - [04/Nov/2015:07:10:52 -0800] "GET /css/down-arrow.png HTTP/1.1" 404 89 "http://www.saveaslave.com/" "Mozilla/5.0 (compatible; MSIE 10.0; Windows NT 6.1; Trident/6.0)" "www.saveaslave.com"
204.82.209.10 - - [04/Nov/2015:07:12:04 -0800] "GET /css/down-arrow.png HTTP/1.1" 404 89 "http://www.saveaslave.com/our-news.php" "Mozilla/5.0 (compatible; MSIE 10.0; Windows NT 6.1; Trident/6.0)" "www.saveaslave.com"
68.180.228.181 - - [04/Nov/2015:07:13:11 -0800] "GET /chad.html HTTP/1.1" 404 89 "-" "Mozilla/5.0 (compatible; Yahoo! Slurp; http://help.yahoo.com/help/us/ysearch/slurp)" "www.saveaslave.com"
220.181.108.185 - - [04/Nov/2015:07:13:45 -0800] "GET / HTTP/1.1" 200 52159 "-" "Mozilla/5.0 (compatible; Baiduspider/2.0; +http://www.baidu.com/search/spider.html)" "www.saveaslave.com"
136.243.5.215 - - [04/Nov/2015:07:18:02 -0800] "GET /who-we-are.php HTTP/1.1" 200 52517 "-" "Mozilla/5.0 (compatible; MJ12bot/v1.4.5; http://www.majestic12.co.uk/bot.php?+)" "www.saveaslave.com"
