96.247.1.45 - - [08/Jun/2016:21:15:17 -0700] "GET /addarticle.php HTTP/1.1" 200 13682 "http://saveaslave.com/our-news.php" "Mozilla/5.0 (iPhone; CPU iPhone OS 7_0_4 like Mac OS X) AppleWebKit/537.51.1 (KHTML, like Gecko) Version/7.0 Mobile/11B554a Safari/9537.53" "saveaslave.com"[0]
96.247.1.45 - - [08/Jun/2016:21:15:18 -0700] "GET /css/down-arrow.png HTTP/1.1" 404 89 "http://saveaslave.com/our-news.php" "Mozilla/5.0 (iPhone; CPU iPhone OS 7_0_4 like Mac OS X) AppleWebKit/537.51.1 (KHTML, like Gecko) Version/7.0 Mobile/11B554a Safari/9537.53" "saveaslave.com"
217.69.136.205 - - [08/Jun/2016:21:39:20 -0700] "GET /japan.html HTTP/1.1" 404 89 "-" "Mozilla/5.0 (compatible; Linux x86_64; Mail.RU_Bot/2.0; +http://go.mail.ru/help/robots)" "www.saveaslave.com"
208.115.113.94 - - [08/Jun/2016:21:47:39 -0700] "GET /aruba.html HTTP/1.1" 404 89 "-" "Mozilla/5.0 (compatible; DotBot/1.1; http://www.opensiteexplorer.org/dotbot, help@moz.com)" "saveaslave.com"
208.115.113.94 - - [08/Jun/2016:21:47:39 -0700] "GET /netherlands.html HTTP/1.1" 404 89 "-" "Mozilla/5.0 (compatible; DotBot/1.1; http://www.opensiteexplorer.org/dotbot, help@moz.com)" "saveaslave.com"
65.36.241.48 - - [08/Jun/2016:22:03:14 -0700] "HEAD / HTTP/1.1" 200 0 "-" "InternetSeer.com" "www.saveaslave.com"
85.14.244.113 - - [08/Jun/2016:22:08:52 -0700] "GET /our-supporters.php HTTP/1.1" 200 55443 "-" "Mozilla/5.0 (compatible; MJ12bot/v1.4.5; http://www.majestic12.co.uk/bot.php?+)" "www.saveaslave.com"[1]
193.111.140.106 - - [08/Jun/2016:22:08:55 -0700] "GET /our-supporters.php HTTP/1.1" 200 55443 "-" "Mozilla/5.0 (compatible; MJ12bot/v1.4.5; http://www.majestic12.co.uk/bot.php?+)" "www.saveaslave.com"[0]
157.55.39.34 - - [08/Jun/2016:22:18:28 -0700] "GET /belgium.html HTTP/1.1" 404 89 "-" "Mozilla/5.0 (compatible; bingbot/2.0; +http://www.bing.com/bingbot.htm)" "saveaslave.com"
157.55.39.34 - - [08/Jun/2016:22:18:29 -0700] "GET /robots.txt HTTP/1.1" 200 48 "-" "Mozilla/5.0 (compatible; bingbot/2.0; +http://www.bing.com/bingbot.htm)" "saveaslave.com"
157.55.39.34 - - [08/Jun/2016:22:19:20 -0700] "GET /css/elements.css HTTP/1.1" 200 17857 "-" "Mozilla/5.0 (compatible; bingbot/2.0; +http://www.bing.com/bingbot.htm)" "saveaslave.com"
157.55.39.34 - - [08/Jun/2016:22:19:20 -0700] "GET /cote-d-ivoire.html HTTP/1.1" 404 89 "-" "Mozilla/5.0 (compatible; bingbot/2.0; +http://www.bing.com/bingbot.htm)" "saveaslave.com"
207.46.13.96 - - [08/Jun/2016:22:21:16 -0700] "GET /css/bootstrap.min.css HTTP/1.1" 200 123578 "-" "Mozilla/5.0 (compatible; bingbot/2.0; +http://www.bing.com/bingbot.htm)" "saveaslave.com"
157.55.39.34 - - [08/Jun/2016:22:36:19 -0700] "GET /assets/js/ie-emulation-modes-warning.js HTTP/1.1" 200 2130 "-" "Mozilla/5.0 (compatible; bingbot/2.0; +http://www.bing.com/bingbot.htm)" "saveaslave.com"[0]
85.93.89.232 - - [08/Jun/2016:22:39:39 -0700] "GET / HTTP/1.1" 200 89069 "-" "Mozilla/5.0 (Windows NT 6.1; WOW64; rv:40.0) Gecko/20100101 Firefox/40.1" "saveaslave.com"[2]
85.93.89.232 - - [08/Jun/2016:22:39:41 -0700] "GET /our-news.php HTTP/1.1" 200 65066 "-" "Mozilla/5.0 (Windows NT 6.1) AppleWebKit/537.36 (KHTML, like Gecko) Chrome/41.0.2228.0 Safari/537.36" "saveaslave.com"
85.93.89.232 - - [08/Jun/2016:22:39:41 -0700] "GET /contact-us.php HTTP/1.1" 200 30488 "-" "Mozilla/5.0 (Windows NT 6.1) AppleWebKit/537.36 (KHTML, like Gecko) Chrome/41.0.2228.0 Safari/537.36" "saveaslave.com"[0]
85.93.89.232 - - [08/Jun/2016:22:39:42 -0700] "GET /in-russian.php?lang=ru HTTP/1.1" 200 92389 "-" "Mozilla/5.0 (Windows NT 6.1; WOW64; rv:40.0) Gecko/20100101 Firefox/40.1" "saveaslave.com"
85.93.89.232 - - [08/Jun/2016:22:39:42 -0700] "GET /article.php?id=86 HTTP/1.1" 200 85 "-" "Mozilla/5.0 (Windows NT 6.1) AppleWebKit/537.36 (KHTML, like Gecko) Chrome/41.0.2228.0 Safari/537.36" "saveaslave.com"
85.93.89.232 - - [08/Jun/2016:22:39:42 -0700] "GET /article.php?id=46 HTTP/1.1" 200 49307 "-" "Mozilla/5.0 (Windows NT 6.1; WOW64; rv:40.0) Gecko/20100101 Firefox/40.1" "saveaslave.com"[0]
85.93.89.232 - - [08/Jun/2016:22:39:43 -0700] "GET /article.php?id=32 HTTP/1.1" 200 51091 "-" "Mozilla/5.0 (compatible; MSIE 10.0; Windows NT 6.2; WOW64; Trident/6.0)" "saveaslave.com"
85.93.89.232 - - [08/Jun/2016:22:39:43 -0700] "GET /article.php?id=22 HTTP/1.1" 200 46639 "-" "Mozilla/5.0 (Windows NT 6.1) AppleWebKit/537.36 (KHTML, like Gecko) Chrome/41.0.2228.0 Safari/537.36" "saveaslave.com"[0]
85.93.89.232 - - [08/Jun/2016:22:39:43 -0700] "GET /index.php HTTP/1.1" 200 89069 "-" "Mozilla/5.0 (compatible; MSIE 10.0; Windows NT 6.2; WOW64; Trident/6.0)" "saveaslave.com"
85.93.89.232 - - [08/Jun/2016:22:39:45 -0700] "GET /article.php?id=113 HTTP/1.1" 200 43936 "-" "Mozilla/5.0 (Windows NT 6.1; WOW64; rv:40.0) Gecko/20100101 Firefox/40.1" "saveaslave.com"
85.93.89.232 - - [08/Jun/2016:22:39:45 -0700] "GET /article.php?id=111 HTTP/1.1" 200 46202 "-" "Mozilla/5.0 (Windows NT 6.1; WOW64; rv:40.0) Gecko/20100101 Firefox/40.1" "saveaslave.com"[0]
85.93.89.232 - - [08/Jun/2016:22:39:45 -0700] "GET /article.php?id=21 HTTP/1.1" 200 49376 "-" "Mozilla/5.0 (compatible; MSIE 10.0; Windows NT 6.2; WOW64; Trident/6.0)" "saveaslave.com"
85.93.89.232 - - [08/Jun/2016:22:39:46 -0700] "GET /article.php?id=15 HTTP/1.1" 200 56215 "-" "Mozilla/5.0 (Windows NT 6.1) AppleWebKit/537.36 (KHTML, like Gecko) Chrome/41.0.2228.0 Safari/537.36" "saveaslave.com"[1]
85.93.89.232 - - [08/Jun/2016:22:39:47 -0700] "GET /article.php?id=6 HTTP/1.1" 200 47572 "-" "Mozilla/5.0 (Windows NT 6.1) AppleWebKit/537.36 (KHTML, like Gecko) Chrome/41.0.2228.0 Safari/537.36" "saveaslave.com"
85.93.89.232 - - [08/Jun/2016:22:39:47 -0700] "GET /article.php?id=5 HTTP/1.1" 200 46597 "-" "Mozilla/5.0 (Windows NT 6.1) AppleWebKit/537.36 (KHTML, like Gecko) Chrome/41.0.2228.0 Safari/537.36" "saveaslave.com"[0]
85.93.89.232 - - [08/Jun/2016:22:39:47 -0700] "GET /article.php?id=4 HTTP/1.1" 200 50876 "-" "Mozilla/5.0 (Windows NT 6.1; WOW64; rv:40.0) Gecko/20100101 Firefox/40.1" "saveaslave.com"
85.93.89.232 - - [08/Jun/2016:22:39:47 -0700] "GET /article.php?id=3 HTTP/1.1" 200 50919 "-" "Mozilla/5.0 (Windows NT 6.1) AppleWebKit/537.36 (KHTML, like Gecko) Chrome/41.0.2228.0 Safari/537.36" "saveaslave.com"[0]
85.93.89.232 - - [08/Jun/2016:22:39:48 -0700] "GET /article.php?id=2 HTTP/1.1" 200 48390 "-" "Mozilla/5.0 (compatible; MSIE 10.0; Windows NT 6.2; WOW64; Trident/6.0)" "saveaslave.com"
85.93.89.232 - - [08/Jun/2016:22:39:48 -0700] "GET /article.php?id=1 HTTP/1.1" 200 44914 "-" "Mozilla/5.0 (compatible; MSIE 10.0; Windows NT 6.2; WOW64; Trident/6.0)" "saveaslave.com"
85.93.89.232 - - [08/Jun/2016:22:39:48 -0700] "GET /who-we-arer.php HTTP/1.1" 200 72535 "-" "Mozilla/5.0 (Windows NT 6.1; WOW64; rv:40.0) Gecko/20100101 Firefox/40.1" "saveaslave.com"[0]
85.93.89.232 - - [08/Jun/2016:22:39:51 -0700] "GET /article.php?id=62 HTTP/1.1" 200 47692 "-" "Mozilla/5.0 (compatible; MSIE 10.0; Windows NT 6.2; WOW64; Trident/6.0)" "saveaslave.com"
85.93.89.232 - - [08/Jun/2016:22:39:51 -0700] "GET /article.php?id=61 HTTP/1.1" 200 56372 "-" "Mozilla/5.0 (Windows NT 6.1) AppleWebKit/537.36 (KHTML, like Gecko) Chrome/41.0.2228.0 Safari/537.36" "saveaslave.com"[0]
85.93.89.232 - - [08/Jun/2016:22:39:51 -0700] "GET /article.php?id=60 HTTP/1.1" 200 49056 "-" "Mozilla/5.0 (Windows NT 6.1) AppleWebKit/537.36 (KHTML, like Gecko) Chrome/41.0.2228.0 Safari/537.36" "saveaslave.com"[0]
85.93.89.232 - - [08/Jun/2016:22:39:52 -0700] "GET /article.php?id=24 HTTP/1.1" 200 45885 "-" "Mozilla/5.0 (Windows NT 6.1) AppleWebKit/537.36 (KHTML, like Gecko) Chrome/41.0.2228.0 Safari/537.36" "saveaslave.com"[0]
54.211.247.88 - - [08/Jun/2016:22:40:05 -0700] "GET /images/article/1402379001_o-torgovle-lyudmi-21.jpg HTTP/1.1" 200 33957 "-" "Mozilla/5.0 (Windows NT 6.1) AppleWebKit/537.36 (KHTML, like Gecko) Chrome/41.0.2228.0 Safari/537.36" "saveaslave.com"
54.211.247.88 - - [08/Jun/2016:22:40:05 -0700] "GET /images/supporters/a21-logo.png HTTP/1.1" 200 6163 "-" "Mozilla/5.0 (Windows NT 6.1) AppleWebKit/537.36 (KHTML, like Gecko) Chrome/41.0.2228.0 Safari/537.36" "saveaslave.com"
54.211.247.88 - - [08/Jun/2016:22:40:05 -0700] "GET /images/supporters/logo_header.jpg HTTP/1.1" 200 10679 "-" "Mozilla/5.0 (Windows NT 6.1) AppleWebKit/537.36 (KHTML, like Gecko) Chrome/41.0.2228.0 Safari/537.36" "saveaslave.com"
54.211.247.88 - - [08/Jun/2016:22:40:05 -0700] "GET /images/supporters/Asset-Logo.jpg HTTP/1.1" 200 36053 "-" "Mozilla/5.0 (Windows NT 6.1) AppleWebKit/537.36 (KHTML, like Gecko) Chrome/41.0.2228.0 Safari/537.36" "saveaslave.com"
96.231.132.75 - - [08/Jun/2016:22:46:39 -0700] "GET /robots.txt HTTP/1.1" 200 48 "-" "Mozilla/4.0 (compatible; T-H-U-N-D-E-R-S-T-O-N-E)" "www.saveaslave.com"
96.231.132.75 - - [08/Jun/2016:22:46:39 -0700] "GET /News%20Alert.html HTTP/1.1" 404 89 "-" "Mozilla/4.0 (compatible; T-H-U-N-D-E-R-S-T-O-N-E)" "www.saveaslave.com"
208.115.113.94 - - [08/Jun/2016:23:10:28 -0700] "GET /robots.txt HTTP/1.1" 200 48 "-" "Mozilla/5.0 (compatible; DotBot/1.1; http://www.opensiteexplorer.org/dotbot, help@moz.com)" "saveaslave.com"
208.115.113.94 - - [08/Jun/2016:23:10:28 -0700] "GET /robots.txt HTTP/1.1" 200 48 "-" "Mozilla/5.0 (compatible; DotBot/1.1; http://www.opensiteexplorer.org/dotbot, help@moz.com)" "www.saveaslave.com"[0]
5.255.250.70 - - [08/Jun/2016:23:44:47 -0700] "GET /robots.txt HTTP/1.1" 200 48 "-" "Mozilla/5.0 (compatible; YandexBot/3.0; +http://yandex.com/bots)" "saveaslave.com"
208.115.113.94 - - [08/Jun/2016:23:52:24 -0700] "GET /www.apalc.org HTTP/1.1" 404 89 "-" "Mozilla/5.0 (compatible; DotBot/1.1; http://www.opensiteexplorer.org/dotbot, help@moz.com)" "saveaslave.com"
208.115.113.94 - - [08/Jun/2016:23:52:24 -0700] "GET /www.carecen-la.org HTTP/1.1" 404 89 "-" "Mozilla/5.0 (compatible; DotBot/1.1; http://www.opensiteexplorer.org/dotbot, help@moz.com)" "saveaslave.com"
208.115.113.86 - - [08/Jun/2016:23:52:29 -0700] "GET /robots.txt HTTP/1.1" 200 48 "-" "Mozilla/5.0 (compatible; DotBot/1.1; http://www.opensiteexplorer.org/dotbot, help@moz.com)" "saveaslave.com"
207.46.13.96 - - [09/Jun/2016:00:03:09 -0700] "GET /robots.txt HTTP/1.1" 200 48 "-" "Mozilla/5.0 (compatible; bingbot/2.0; +http://www.bing.com/bingbot.htm)" "www.saveaslave.com"
180.76.15.151 - - [09/Jun/2016:00:28:44 -0700] "GET /in-russian.php?lang=ru HTTP/1.1" 200 92389 "-" "Mozilla/5.0 (compatible; Baiduspider/2.0; +http://www.baidu.com/search/spider.html)" "www.saveaslave.com"
207.46.13.123 - - [09/Jun/2016:00:40:39 -0700] "GET /robots.txt HTTP/1.1" 200 48 "-" "Mozilla/5.0 (compatible; bingbot/2.0; +http://www.bing.com/bingbot.htm)" "saveaslave.com"
216.81.71.97 - - [09/Jun/2016:00:42:29 -0700] "GET /addarticle.php HTTP/1.1" 200 13718 "-" "=Mozilla/5.0 (Windows; U; Windows NT 6.1; en-US) AppleWebKit/534.16 (KHTML, like Gecko) Chrome/10.0.648.204 Safari/534.16" "saveaslave.com"[0]
66.249.69.175 - - [09/Jun/2016:00:48:05 -0700] "GET /www.ririki.org/mx HTTP/1.1" 404 89 "-" "Mozilla/5.0 (compatible; Googlebot/2.1; +http://www.google.com/bot.html)" "www.saveaslave.com"[0]
208.115.113.94 - - [09/Jun/2016:00:59:57 -0700] "GET /stlucia HTTP/1.1" 404 89 "-" "Mozilla/5.0 (compatible; DotBot/1.1; http://www.opensiteexplorer.org/dotbot, help@moz.com)" "www.saveaslave.com"[0]
207.46.13.123 - - [09/Jun/2016:01:47:33 -0700] "GET /css/style.css HTTP/1.1" 200 7938 "-" "Mozilla/5.0 (compatible; bingbot/2.0; +http://www.bing.com/bingbot.htm)" "saveaslave.com"
208.115.113.94 - - [09/Jun/2016:01:59:10 -0700] "GET /central-african-republic.html HTTP/1.1" 404 89 "-" "Mozilla/5.0 (compatible; DotBot/1.1; http://www.opensiteexplorer.org/dotbot, help@moz.com)" "saveaslave.com"
173.234.159.250 - - [09/Jun/2016:02:00:35 -0700] "GET /article.php?id=4 HTTP/1.1" 200 50876 "-" "Mozilla/5.0 (compatible; MJ12bot/v1.4.5; http://www.majestic12.co.uk/bot.php?+)" "saveaslave.com"
173.234.159.250 - - [09/Jun/2016:02:00:42 -0700] "GET /article.php?id=6 HTTP/1.1" 200 47572 "-" "Mozilla/5.0 (compatible; MJ12bot/v1.4.5; http://www.majestic12.co.uk/bot.php?+)" "saveaslave.com"
173.234.159.250 - - [09/Jun/2016:02:00:52 -0700] "GET /robots.txt HTTP/1.1" 200 48 "-" "Mozilla/5.0 (compatible; MJ12bot/v1.4.5; http://www.majestic12.co.uk/bot.php?+)" "www.saveaslave.com"[0]
173.234.159.250 - - [09/Jun/2016:02:01:05 -0700] "GET /?tpl=newspaper&Itemid=6 HTTP/1.1" 200 89069 "-" "Mozilla/5.0 (compatible; MJ12bot/v1.4.5; http://www.majestic12.co.uk/bot.php?+)" "www.saveaslave.com"
173.234.159.250 - - [09/Jun/2016:02:01:22 -0700] "GET /?tpl=newspaper&Itemid=6&countrycode=us HTTP/1.1" 200 89069 "-" "Mozilla/5.0 (compatible; MJ12bot/v1.4.5; http://www.majestic12.co.uk/bot.php?+)" "www.saveaslave.com"
173.234.159.250 - - [09/Jun/2016:02:01:44 -0700] "GET /article.php?id=3 HTTP/1.1" 200 50919 "-" "Mozilla/5.0 (compatible; MJ12bot/v1.4.5; http://www.majestic12.co.uk/bot.php?+)" "www.saveaslave.com"[0]
173.234.159.250 - - [09/Jun/2016:02:01:47 -0700] "GET /article.php?id=4 HTTP/1.1" 200 50876 "-" "Mozilla/5.0 (compatible; MJ12bot/v1.4.5; http://www.majestic12.co.uk/bot.php?+)" "www.saveaslave.com"
173.234.159.250 - - [09/Jun/2016:02:01:59 -0700] "GET /article.php?id=6 HTTP/1.1" 200 47572 "-" "Mozilla/5.0 (compatible; MJ12bot/v1.4.5; http://www.majestic12.co.uk/bot.php?+)" "www.saveaslave.com"
173.234.159.250 - - [09/Jun/2016:02:02:08 -0700] "GET /article.php?id=7 HTTP/1.1" 200 49199 "-" "Mozilla/5.0 (compatible; MJ12bot/v1.4.5; http://www.majestic12.co.uk/bot.php?+)" "www.saveaslave.com"
173.234.159.250 - - [09/Jun/2016:02:02:13 -0700] "GET /listlink.php HTTP/1.1" 200 31236 "-" "Mozilla/5.0 (compatible; MJ12bot/v1.4.5; http://www.majestic12.co.uk/bot.php?+)" "www.saveaslave.com"
173.234.159.250 - - [09/Jun/2016:02:02:20 -0700] "GET /managevolunteer.php HTTP/1.1" 200 1294 "-" "Mozilla/5.0 (compatible; MJ12bot/v1.4.5; http://www.majestic12.co.uk/bot.php?+)" "www.saveaslave.com"[0]
173.234.159.250 - - [09/Jun/2016:02:02:25 -0700] "GET /password_protect.php?logout=1 HTTP/1.1" 200 416 "-" "Mozilla/5.0 (compatible; MJ12bot/v1.4.5; http://www.majestic12.co.uk/bot.php?+)" "www.saveaslave.com"[0]
151.80.31.105 - - [09/Jun/2016:02:05:13 -0700] "GET /robots.txt HTTP/1.1" 200 48 "-" "Mozilla/5.0 (compatible; AhrefsBot/5.1; +http://ahrefs.com/robot/)" "www.saveaslave.com"
208.115.113.94 - - [09/Jun/2016:02:11:28 -0700] "GET /liechtenstein.html HTTP/1.1" 404 89 "-" "Mozilla/5.0 (compatible; DotBot/1.1; http://www.opensiteexplorer.org/dotbot, help@moz.com)" "www.saveaslave.com"
69.12.77.220 - - [09/Jun/2016:02:11:34 -0700] "GET / HTTP/1.1" 200 89069 "-" "-" "saveaslave.com"
180.76.15.13 - - [09/Jun/2016:02:26:00 -0700] "GET / HTTP/1.1" 200 89069 "-" "Mozilla/5.0 (compatible; Baiduspider/2.0; +http://www.baidu.com/search/spider.html)" "www.saveaslave.com"[1]
180.76.15.159 - - [09/Jun/2016:02:59:28 -0700] "GET /manifest.json HTTP/1.1" 404 89 "-" "Mozilla/5.0 (compatible; Baiduspider/2.0; +http://www.baidu.com/search/spider.html)" "www.saveaslave.com"
100.43.81.153 - - [09/Jun/2016:03:05:33 -0700] "GET /ico/favicon-32x32.png HTTP/1.1" 200 1892 "-" "Mozilla/5.0 (compatible; YandexBot/3.0; +http://yandex.com/bots)" "www.saveaslave.com"
41.230.34.130 - - [09/Jun/2016:03:08:36 -0700] "GET /images/article/s1_dety_beg_d9954.jpg HTTP/1.1" 200 16968 "https://www.google.tn/" "Mozilla/5.0 (Windows NT 10.0; WOW64) AppleWebKit/537.36 (KHTML, like Gecko) Chrome/50.0.2661.102 Safari/537.36" "www.saveaslave.com"
66.249.66.132 - - [09/Jun/2016:03:11:27 -0700] "GET /wallis.html HTTP/1.1" 404 89 "-" "Mozilla/5.0 (Linux; Android 6.0.1; Nexus 5X Build/MMB29P) AppleWebKit/537.36 (KHTML, like Gecko) Chrome/41.0.2272.96 Mobile Safari/537.36 (compatible; Googlebot/2.1; +http://www.google.com/bot.html)" "saveaslave.com"
208.115.113.94 - - [09/Jun/2016:03:17:16 -0700] "GET /robots.txt HTTP/1.1" 200 48 "-" "Mozilla/5.0 (compatible; DotBot/1.1; http://www.opensiteexplorer.org/dotbot, help@moz.com)" "saveaslave.com"
208.115.113.94 - - [09/Jun/2016:03:17:16 -0700] "GET /robots.txt HTTP/1.1" 200 48 "-" "Mozilla/5.0 (compatible; DotBot/1.1; http://www.opensiteexplorer.org/dotbot, help@moz.com)" "www.saveaslave.com"[0]
193.201.227.122 - - [09/Jun/2016:03:39:14 -0700] "POST /phpmyadmin/index.php HTTP/1.1" 302 5 "-" "python-requests/2.10.0" "saveaslave.com"
193.201.227.122 - - [09/Jun/2016:03:39:22 -0700] "POST /phpmyadmin/index.php HTTP/1.1" 302 5 "-" "python-requests/2.10.0" "saveaslave.com"
193.201.227.122 - - [09/Jun/2016:03:39:25 -0700] "GET /phpmyadmin/index.php?lang=en&collation_connection=utf8_general_ci&token=7c6087faed2747695cc5581b843007c4&phpMyAdmin=11b9ba83be81c1c5f05c1f1cdbedf991d2be0486 HTTP/1.1" 200 7558 "-" "python-requests/2.10.0" "saveaslave.com"
193.201.227.122 - - [09/Jun/2016:03:39:36 -0700] "GET /phpmyadmin/index.php?lang=en&collation_connection=utf8_general_ci&token=3938fce38a89fe8b190dbe465d6ee2a6&phpMyAdmin=1b814d2715dbfe836bb0d482d6c95e9482b0f4b6 HTTP/1.1" 200 7558 "-" "python-requests/2.10.0" "saveaslave.com"
193.201.227.122 - - [09/Jun/2016:03:40:01 -0700] "POST /phpmyadmin/index.php HTTP/1.1" 302 5 "-" "python-requests/2.10.0" "saveaslave.com"[2]
193.201.227.122 - - [09/Jun/2016:03:40:12 -0700] "POST /phpmyadmin/index.php HTTP/1.1" 302 5 "-" "python-requests/2.10.0" "saveaslave.com"
193.201.227.122 - - [09/Jun/2016:03:40:20 -0700] "GET /phpmyadmin/index.php?lang=en&collation_connection=utf8_general_ci&token=afca9ee03d868aca0bf0f674823a1d92&phpMyAdmin=1237ace0d3c81997f178f3791a9730ce36ad56cc HTTP/1.1" 200 7559 "-" "python-requests/2.10.0" "saveaslave.com"[0]
193.201.227.122 - - [09/Jun/2016:03:40:24 -0700] "GET /phpmyadmin/index.php?lang=en&collation_connection=utf8_general_ci&token=bfde8ecfdfa0682a9b31bf0d38e5e17b&phpMyAdmin=b67e1f50582d2186bc173f001e1a61f76ac5cdf6 HTTP/1.1" 200 7559 "-" "python-requests/2.10.0" "saveaslave.com"[0]
193.201.227.122 - - [09/Jun/2016:03:40:27 -0700] "POST /phpmyadmin/index.php HTTP/1.1" 302 5 "-" "python-requests/2.10.0" "saveaslave.com"
193.201.227.122 - - [09/Jun/2016:03:40:30 -0700] "GET /phpmyadmin/index.php?lang=en&collation_connection=utf8_general_ci&token=223f0e1abccd030fe1087ee8591c46fe&phpMyAdmin=994b4e239c9f442f30729ed6e43fc6a4f0738ed5 HTTP/1.1" 200 7559 "-" "python-requests/2.10.0" "saveaslave.com"
193.201.227.122 - - [09/Jun/2016:03:40:35 -0700] "GET /phpmyadmin/index.php?lang=en&collation_connection=utf8_general_ci&token=9e329b3ef6bf477e157fd9b0dee0768f&phpMyAdmin=f092b549645078c23e386d8541f610a90ec2c495 HTTP/1.1" 200 7559 "-" "python-requests/2.10.0" "saveaslave.com"
193.201.227.122 - - [09/Jun/2016:03:40:38 -0700] "POST /phpmyadmin/index.php HTTP/1.1" 302 5 "-" "python-requests/2.10.0" "saveaslave.com"
193.201.227.122 - - [09/Jun/2016:03:40:38 -0700] "GET /phpmyadmin/index.php?lang=en&collation_connection=utf8_general_ci&token=5152ad31f50922822b136677c11706ed&phpMyAdmin=8c8b2d93d192b6be7050d817a8904446af7425f7 HTTP/1.1" 200 7559 "-" "python-requests/2.10.0" "saveaslave.com"
193.201.227.122 - - [09/Jun/2016:03:40:45 -0700] "POST /phpmyadmin/index.php HTTP/1.1" 302 5 "-" "python-requests/2.10.0" "saveaslave.com"
193.201.227.122 - - [09/Jun/2016:03:40:56 -0700] "POST /phpmyadmin/index.php HTTP/1.1" 302 5 "-" "python-requests/2.10.0" "saveaslave.com"
193.201.227.122 - - [09/Jun/2016:03:40:58 -0700] "GET /phpmyadmin/index.php?lang=en&collation_connection=utf8_general_ci&token=b8f9590967a599641ec685cad197762e&phpMyAdmin=37e8d4ddfc98a8db1ccbe1fcea30f7502c79a279 HTTP/1.1" 200 7564 "-" "python-requests/2.10.0" "saveaslave.com"
193.201.227.122 - - [09/Jun/2016:03:41:05 -0700] "GET /phpmyadmin/index.php?lang=en&collation_connection=utf8_general_ci&token=a41ab1ec7d168c32a3e4c52957fd46d7&phpMyAdmin=7f67e261f97e8826dfd6f3f3210bd3ddfe42af99 HTTP/1.1" 200 7564 "-" "python-requests/2.10.0" "saveaslave.com"
193.201.227.122 - - [09/Jun/2016:03:41:09 -0700] "POST /phpmyadmin/index.php HTTP/1.1" 302 5 "-" "python-requests/2.10.0" "saveaslave.com"[0]
193.201.227.122 - - [09/Jun/2016:03:41:11 -0700] "GET /phpmyadmin/index.php?lang=en&collation_connection=utf8_general_ci&token=85d0bc9bc047b096a8ebe22cdfc44a44&phpMyAdmin=cebc49fe5841d5d0f2d7f0309161dddfb4247881 HTTP/1.1" 200 7564 "-" "python-requests/2.10.0" "saveaslave.com"
193.201.227.122 - - [09/Jun/2016:03:41:23 -0700] "GET /phpmyadmin/index.php?lang=en&collation_connection=utf8_general_ci&token=9c826d3f822738a0db2fe60daff4246e&phpMyAdmin=d6f59e193357f123bd4db9456e9db4dfbc577cf3 HTTP/1.1" 200 7570 "-" "python-requests/2.10.0" "saveaslave.com"[0]
193.201.227.122 - - [09/Jun/2016:03:41:30 -0700] "GET /phpmyadmin/index.php?lang=en&collation_connection=utf8_general_ci&token=c6ee31c47af50874d1b208731e2a24bb&phpMyAdmin=3897a69623380bcdbd2b8c8319d21d85527f67de HTTP/1.1" 200 7569 "-" "python-requests/2.10.0" "saveaslave.com"[0]
193.201.227.122 - - [09/Jun/2016:03:41:42 -0700] "POST /phpmyadmin/index.php HTTP/1.1" 302 5 "-" "python-requests/2.10.0" "saveaslave.com"
193.201.227.122 - - [09/Jun/2016:03:41:45 -0700] "GET /phpmyadmin/index.php?lang=en&collation_connection=utf8_general_ci&token=8c7b575dd6d4f133680373c815a6eff7&phpMyAdmin=7a699d5adef6f32a6632eaef8a191690583070e4 HTTP/1.1" 200 7559 "-" "python-requests/2.10.0" "saveaslave.com"[1]
193.201.227.122 - - [09/Jun/2016:03:41:52 -0700] "POST /phpmyadmin/index.php HTTP/1.1" 302 5 "-" "python-requests/2.10.0" "saveaslave.com"
193.201.227.122 - - [09/Jun/2016:03:41:56 -0700] "POST /phpmyadmin/index.php HTTP/1.1" 302 5 "-" "python-requests/2.10.0" "saveaslave.com"[0]
193.201.227.122 - - [09/Jun/2016:03:42:08 -0700] "GET /phpmyadmin/index.php?lang=en&collation_connection=utf8_general_ci&token=555c58e5efda323a3fb24bc7ad0b6028&phpMyAdmin=f198119c7b13da34142883d06ec8b3edf85d4292 HTTP/1.1" 200 7567 "-" "python-requests/2.10.0" "saveaslave.com"[1]
193.201.227.122 - - [09/Jun/2016:03:42:13 -0700] "POST /phpmyadmin/index.php HTTP/1.1" 302 5 "-" "python-requests/2.10.0" "saveaslave.com"
193.201.227.122 - - [09/Jun/2016:03:42:25 -0700] "GET /phpmyadmin/index.php?lang=en&collation_connection=utf8_general_ci&token=3845b0e369af39c8403733421669401c&phpMyAdmin=09ec7f9e317c98bd3ca3dec662da2d87d8b17e6e HTTP/1.1" 200 7567 "-" "python-requests/2.10.0" "saveaslave.com"
193.201.227.122 - - [09/Jun/2016:03:42:30 -0700] "POST /phpmyadmin/index.php HTTP/1.1" 302 5 "-" "python-requests/2.10.0" "saveaslave.com"[0]
193.201.227.122 - - [09/Jun/2016:03:42:32 -0700] "GET /phpmyadmin/index.php?lang=en&collation_connection=utf8_general_ci&token=2de150b1efd4e5984a8b52236b58038a&phpMyAdmin=e587150939908124a6f051cf82ef18f7f749a841 HTTP/1.1" 200 7567 "-" "python-requests/2.10.0" "saveaslave.com"
193.201.227.122 - - [09/Jun/2016:03:42:35 -0700] "POST /phpmyadmin/index.php HTTP/1.1" 302 5 "-" "python-requests/2.10.0" "saveaslave.com"[0]
193.201.227.122 - - [09/Jun/2016:03:42:38 -0700] "GET /phpmyadmin/index.php?lang=en&collation_connection=utf8_general_ci&token=5785eaf465a7510a9137d05a65cd056e&phpMyAdmin=ca3fbbc14c418e30a2460304d8f1b067bfbf39ed HTTP/1.1" 200 7567 "-" "python-requests/2.10.0" "saveaslave.com"
193.201.227.122 - - [09/Jun/2016:03:42:44 -0700] "GET /phpmyadmin/index.php?lang=en&collation_connection=utf8_general_ci&token=5be2bd5086bcc8fb87b5c03aae55496c&phpMyAdmin=5d0964c5bb824c9b9be773f621759374b22eca1d HTTP/1.1" 200 7559 "-" "python-requests/2.10.0" "saveaslave.com"
193.201.227.122 - - [09/Jun/2016:03:42:47 -0700] "GET /phpmyadmin/index.php?lang=en&collation_connection=utf8_general_ci&token=7f6e316c1bd8dae53e84a770c8b87cc8&phpMyAdmin=58a78e3d2eaa36e07f08be5ad1c8fe50bb8adedd HTTP/1.1" 200 7559 "-" "python-requests/2.10.0" "saveaslave.com"
208.115.113.86 - - [09/Jun/2016:03:52:09 -0700] "GET /robots.txt HTTP/1.1" 200 48 "-" "Mozilla/5.0 (compatible; DotBot/1.1; http://www.opensiteexplorer.org/dotbot, help@moz.com)" "saveaslave.com"
66.249.69.128 - - [09/Jun/2016:03:56:48 -0700] "GET /wallis.html HTTP/1.1" 404 89 "-" "Mozilla/5.0 (Linux; Android 6.0.1; Nexus 5X Build/MMB29P) AppleWebKit/537.36 (KHTML, like Gecko) Chrome/41.0.2272.96 Mobile Safari/537.36 (compatible; Googlebot/2.1; +http://www.google.com/bot.html)" "saveaslave.com"
217.69.136.209 - - [09/Jun/2016:03:58:17 -0700] "GET /robots.txt HTTP/1.1" 200 48 "-" "Mozilla/5.0 (compatible; Linux x86_64; Mail.RU_Bot/2.0; +http://go.mail.ru/help/robots)" "www.saveaslave.com"
65.36.241.48 - - [09/Jun/2016:04:10:50 -0700] "HEAD / HTTP/1.1" 200 0 "-" "InternetSeer.com" "www.saveaslave.com"
66.220.158.105 - - [09/Jun/2016:04:13:20 -0700] "GET /images/cover1.jpg HTTP/1.1" 200 253658 "-" "facebookexternalhit/1.1 (+http://www.facebook.com/externalhit_uatext.php)" "www.saveaslave.com"
40.77.167.104 - - [09/Jun/2016:04:31:27 -0700] "GET /in-russian.php?lang=ru HTTP/1.1" 200 92389 "-" "Mozilla/5.0 (compatible; bingbot/2.0; +http://www.bing.com/bingbot.htm)" "saveaslave.com"[2]
66.249.69.185 - - [09/Jun/2016:04:36:35 -0700] "GET /benin HTTP/1.1" 404 89 "-" "Mozilla/5.0 (Linux; Android 6.0.1; Nexus 5X Build/MMB29P) AppleWebKit/537.36 (KHTML, like Gecko) Chrome/41.0.2272.96 Mobile Safari/537.36 (compatible; Googlebot/2.1; +http://www.google.com/bot.html)" "www.saveaslave.com"
208.115.113.86 - - [09/Jun/2016:04:55:07 -0700] "GET /article.php?id=12 HTTP/1.1" 200 49602 "-" "Mozilla/5.0 (compatible; DotBot/1.1; http://www.opensiteexplorer.org/dotbot, help@moz.com)" "saveaslave.com"
208.115.113.94 - - [09/Jun/2016:05:03:00 -0700] "GET /barbados HTTP/1.1" 404 89 "-" "Mozilla/5.0 (compatible; DotBot/1.1; http://www.opensiteexplorer.org/dotbot, help@moz.com)" "www.saveaslave.com"
208.115.113.94 - - [09/Jun/2016:05:03:00 -0700] "GET /russia HTTP/1.1" 404 89 "-" "Mozilla/5.0 (compatible; DotBot/1.1; http://www.opensiteexplorer.org/dotbot, help@moz.com)" "www.saveaslave.com"[0]
208.115.113.94 - - [09/Jun/2016:05:03:00 -0700] "GET /serbia HTTP/1.1" 404 89 "-" "Mozilla/5.0 (compatible; DotBot/1.1; http://www.opensiteexplorer.org/dotbot, help@moz.com)" "www.saveaslave.com"
208.115.113.94 - - [09/Jun/2016:05:03:00 -0700] "GET /andorra HTTP/1.1" 404 89 "-" "Mozilla/5.0 (compatible; DotBot/1.1; http://www.opensiteexplorer.org/dotbot, help@moz.com)" "saveaslave.com"
208.115.113.94 - - [09/Jun/2016:05:03:00 -0700] "GET /information_links/saveaslave.net/calendar/default.html HTTP/1.1" 404 89 "-" "Mozilla/5.0 (compatible; DotBot/1.1; http://www.opensiteexplorer.org/dotbot, help@moz.com)" "saveaslave.com"
199.16.156.125 - - [09/Jun/2016:05:04:49 -0700] "GET /robots.txt HTTP/1.1" 200 48 "-" "Twitterbot/1.0" "saveaslave.com"
199.16.156.125 - - [09/Jun/2016:05:04:51 -0700] "GET / HTTP/1.1" 200 89069 "-" "Twitterbot/1.0" "saveaslave.com"
208.115.113.94 - - [09/Jun/2016:05:06:40 -0700] "GET /robots.txt HTTP/1.1" 200 48 "-" "Mozilla/5.0 (compatible; DotBot/1.1; http://www.opensiteexplorer.org/dotbot, help@moz.com)" "saveaslave.com"
208.115.113.94 - - [09/Jun/2016:05:06:40 -0700] "GET /robots.txt HTTP/1.1" 200 48 "-" "Mozilla/5.0 (compatible; DotBot/1.1; http://www.opensiteexplorer.org/dotbot, help@moz.com)" "www.saveaslave.com"
195.218.128.78 - - [09/Jun/2016:05:38:06 -0700] "GET /article.php?id=32'A=0 HTTP/1.1" 200 51060 "http://www.saveaslave.com/article.php?id=32'A=0" "Mozilla/5.0 (Windows; U; Windows NT 5.1; pt-PT; rv:1.9.1.2) Gecko/20090729 Firefox/3.5.2 (.NET CLR 3.5.30729)" "www.saveaslave.com"
68.180.229.227 - - [09/Jun/2016:06:40:18 -0700] "GET /resources.html HTTP/1.1" 404 89 "-" "Mozilla/5.0 (compatible; Yahoo! Slurp; http://help.yahoo.com/help/us/ysearch/slurp)" "saveaslave.com"
208.115.113.86 - - [09/Jun/2016:06:52:06 -0700] "GET /article.php?id=95 HTTP/1.1" 200 776 "-" "Mozilla/5.0 (compatible; DotBot/1.1; http://www.opensiteexplorer.org/dotbot, help@moz.com)" "www.saveaslave.com"
180.76.15.135 - - [09/Jun/2016:07:07:34 -0700] "GET /index.php HTTP/1.1" 200 89069 "-" "Mozilla/5.0 (compatible; Baiduspider/2.0; +http://www.baidu.com/search/spider.html)" "www.saveaslave.com"
180.76.15.19 - - [09/Jun/2016:07:07:37 -0700] "GET / HTTP/1.1" 200 89069 "-" "Mozilla/5.0 (compatible; Baiduspider/2.0; +http://www.baidu.com/search/spider.html)" "www.saveaslave.com"
151.80.31.172 - - [09/Jun/2016:07:17:51 -0700] "GET /www.thaicdc.org HTTP/1.1" 404 89 "-" "Mozilla/5.0 (compatible; AhrefsBot/5.1; +http://ahrefs.com/robot/)" "www.saveaslave.com"
104.156.231.254 - - [09/Jun/2016:07:26:04 -0700] "GET / HTTP/1.1" 200 89069 "-" "Mozilla/5.0 (Windows NT 6.1; WOW64) AppleWebKit/537.36 (KHTML, like Gecko) Chrome/40.0.2214.115 Safari/537.36" "saveaslave.com"
164.132.161.54 - - [09/Jun/2016:07:40:04 -0700] "GET /article.php?id=19 HTTP/1.1" 200 48714 "-" "Mozilla/5.0 (compatible; AhrefsBot/5.1; +http://ahrefs.com/robot/)" "saveaslave.com"
208.115.113.94 - - [09/Jun/2016:07:54:13 -0700] "GET /www.mosaicservices.org HTTP/1.1" 404 89 "-" "Mozilla/5.0 (compatible; DotBot/1.1; http://www.opensiteexplorer.org/dotbot, help@moz.com)" "www.saveaslave.com"
164.132.161.43 - - [09/Jun/2016:08:22:34 -0700] "GET /philippines.html HTTP/1.1" 404 89 "-" "Mozilla/5.0 (compatible; AhrefsBot/5.1; +http://ahrefs.com/robot/)" "saveaslave.com"[0]
164.132.161.7 - - [09/Jun/2016:08:57:27 -0700] "GET /www.alexandriahouse.org HTTP/1.1" 404 89 "-" "Mozilla/5.0 (compatible; AhrefsBot/5.1; +http://ahrefs.com/robot/)" "saveaslave.com"
66.249.69.180 - - [09/Jun/2016:09:18:28 -0700] "GET /croatia HTTP/1.1" 404 89 "-" "Mozilla/5.0 (Linux; Android 6.0.1; Nexus 5X Build/MMB29P) AppleWebKit/537.36 (KHTML, like Gecko) Chrome/41.0.2272.96 Mobile Safari/537.36 (compatible; Googlebot/2.1; +http://www.google.com/bot.html)" "www.saveaslave.com"[0]
208.115.113.86 - - [09/Jun/2016:09:38:42 -0700] "GET /robots.txt HTTP/1.1" 200 48 "-" "Mozilla/5.0 (compatible; DotBot/1.1; http://www.opensiteexplorer.org/dotbot, help@moz.com)" "www.saveaslave.com"[0]
208.115.113.86 - - [09/Jun/2016:09:38:42 -0700] "GET /robots.txt HTTP/1.1" 200 48 "-" "Mozilla/5.0 (compatible; DotBot/1.1; http://www.opensiteexplorer.org/dotbot, help@moz.com)" "saveaslave.com"
65.36.241.48 - - [09/Jun/2016:10:02:36 -0700] "HEAD / HTTP/1.1" 200 0 "-" "InternetSeer.com" "www.saveaslave.com"
66.249.69.253 - - [09/Jun/2016:10:24:06 -0700] "GET /images/article/suspects.jpg HTTP/1.1" 200 58796 "-" "Googlebot-Image/1.0" "saveaslave.com"
208.115.113.94 - - [09/Jun/2016:10:57:42 -0700] "GET /vatican HTTP/1.1" 404 89 "-" "Mozilla/5.0 (compatible; DotBot/1.1; http://www.opensiteexplorer.org/dotbot, help@moz.com)" "saveaslave.com"
208.115.113.94 - - [09/Jun/2016:11:04:24 -0700] "GET /robots.txt HTTP/1.1" 200 48 "-" "Mozilla/5.0 (compatible; DotBot/1.1; http://www.opensiteexplorer.org/dotbot, help@moz.com)" "saveaslave.com"
208.90.57.196 - - [09/Jun/2016:11:13:00 -0700] "GET / HTTP/1.1" 200 89069 "-" "Mozilla/5.0 (Windows NT 6.3; WOW64; rv:31.0) Gecko/20100101 Firefox/31.0" "www.saveaslave.com"[2]
40.77.167.50 - - [09/Jun/2016:12:07:50 -0700] "GET /lesotho HTTP/1.1" 404 89 "-" "msnbot-media/1.1 (+http://search.msn.com/msnbot.htm)" "www.saveaslave.com"
40.77.167.104 - - [09/Jun/2016:12:24:35 -0700] "GET /argentina.html HTTP/1.1" 404 89 "-" "Mozilla/5.0 (compatible; bingbot/2.0; +http://www.bing.com/bingbot.htm)" "www.saveaslave.com"
207.46.13.96 - - [09/Jun/2016:12:28:01 -0700] "GET /gibraltar.html HTTP/1.1" 404 89 "-" "msnbot-media/1.1 (+http://search.msn.com/msnbot.htm)" "www.saveaslave.com"
208.115.113.94 - - [09/Jun/2016:13:50:36 -0700] "GET /robots.txt HTTP/1.1" 200 48 "-" "Mozilla/5.0 (compatible; DotBot/1.1; http://www.opensiteexplorer.org/dotbot, help@moz.com)" "saveaslave.com"
192.99.9.164 - - [09/Jun/2016:13:56:23 -0700] "GET / HTTP/1.1" 200 89069 "-" "Mozilla/5.0 (Macintosh; Intel Mac OS X 10_8_4) AppleWebKit/537.36 (KHTML, like Gecko) Chrome/27.0.1453.110 Safari/537.36" "www.saveaslave.com"
188.166.184.118 - - [09/Jun/2016:14:15:44 -0700] "GET / HTTP/1.1" 200 89069 "http://saveaslave.com" "Mozilla/5.0 (Windows NT 6.1) AppleWebKit/537.36 (KHTML, like Gecko) Chrome/39.0.2171.95 Safari/537.36" "saveaslave.com"
65.36.241.48 - - [09/Jun/2016:14:16:04 -0700] "HEAD / HTTP/1.1" 200 0 "-" "InternetSeer.com" "www.saveaslave.com"
124.88.67.54 - - [09/Jun/2016:14:17:48 -0700] "GET / HTTP/1.1" 200 89069 "http://saveaslave.com" "Mozilla/5.0 (Windows NT 6.1) AppleWebKit/537.36 (KHTML, like Gecko) Chrome/39.0.2171.95 Safari/537.36" "saveaslave.com"
37.57.176.98 - - [09/Jun/2016:14:29:10 -0700] "GET /wp-config.php.swp HTTP/1.1" 200 73 "-" "Mozilla/5.0 (Windows NT 6.1; WOW64; rv:40.0) Gecko/20100101 Firefox/40.1" "saveaslave.com"
37.57.176.98 - - [09/Jun/2016:14:29:10 -0700] "GET /wp-config.php.dist HTTP/1.1" 200 73 "-" "Mozilla/5.0 (Windows NT 6.1; WOW64; rv:40.0) Gecko/20100101 Firefox/40.1" "saveaslave.com"
37.57.176.98 - - [09/Jun/2016:14:29:10 -0700] "GET /wp-config.php.old HTTP/1.1" 200 73 "-" "Mozilla/5.0 (Windows NT 6.1; WOW64; rv:40.0) Gecko/20100101 Firefox/40.1" "saveaslave.com"
37.57.176.98 - - [09/Jun/2016:14:29:14 -0700] "GET /configuration.php. HTTP/1.1" 200 73 "-" "Mozilla/5.0 (Windows NT 6.1; WOW64; rv:40.0) Gecko/20100101 Firefox/40.1" "saveaslave.com"
37.57.176.98 - - [09/Jun/2016:14:29:14 -0700] "GET /configuration.php.swp HTTP/1.1" 200 73 "-" "Mozilla/5.0 (Windows NT 6.1; WOW64; rv:40.0) Gecko/20100101 Firefox/40.1" "saveaslave.com"
37.57.176.98 - - [09/Jun/2016:14:29:14 -0700] "GET /configuration.php.txt HTTP/1.1" 404 89 "-" "Mozilla/5.0 (Windows NT 6.1; WOW64; rv:40.0) Gecko/20100101 Firefox/40.1" "saveaslave.com"
37.57.176.98 - - [09/Jun/2016:14:29:14 -0700] "GET /%23configuration.php%23 HTTP/1.1" 404 89 "-" "Mozilla/5.0 (Windows NT 6.1; WOW64; rv:40.0) Gecko/20100101 Firefox/40.1" "saveaslave.com"
37.57.176.98 - - [09/Jun/2016:14:29:14 -0700] "GET /configuration.php HTTP/1.1" 200 73 "-" "Mozilla/5.0 (Windows NT 6.1; WOW64; rv:40.0) Gecko/20100101 Firefox/40.1" "saveaslave.com"
37.57.176.98 - - [09/Jun/2016:14:29:14 -0700] "GET /configuration.php.swo HTTP/1.1" 200 73 "-" "Mozilla/5.0 (Windows NT 6.1; WOW64; rv:40.0) Gecko/20100101 Firefox/40.1" "saveaslave.com"
37.57.176.98 - - [09/Jun/2016:14:29:15 -0700] "GET /configuration.php~ HTTP/1.1" 404 89 "-" "Mozilla/5.0 (Windows NT 6.1; WOW64; rv:40.0) Gecko/20100101 Firefox/40.1" "saveaslave.com"
37.57.176.98 - - [09/Jun/2016:14:29:15 -0700] "GET /configuration.php HTTP/1.1" 200 73 "-" "Mozilla/5.0 (Windows NT 6.1; WOW64; rv:40.0) Gecko/20100101 Firefox/40.1" "saveaslave.com"
37.57.176.98 - - [09/Jun/2016:14:29:15 -0700] "GET /configuration.php.save HTTP/1.1" 200 73 "-" "Mozilla/5.0 (Windows NT 6.1; WOW64; rv:40.0) Gecko/20100101 Firefox/40.1" "saveaslave.com"
37.57.176.98 - - [09/Jun/2016:14:29:15 -0700] "GET /configuration.php.old HTTP/1.1" 200 73 "-" "Mozilla/5.0 (Windows NT 6.1; WOW64; rv:40.0) Gecko/20100101 Firefox/40.1" "saveaslave.com"
37.57.176.98 - - [09/Jun/2016:14:29:15 -0700] "GET /wp-config.php HTTP/1.1" 200 73 "-" "Mozilla/5.0 (Windows NT 6.1; WOW64; rv:40.0) Gecko/20100101 Firefox/40.1" "saveaslave.com"
37.57.176.98 - - [09/Jun/2016:14:29:15 -0700] "GET /configuration.php.dist HTTP/1.1" 200 73 "-" "Mozilla/5.0 (Windows NT 6.1; WOW64; rv:40.0) Gecko/20100101 Firefox/40.1" "saveaslave.com"[1]
37.57.176.98 - - [09/Jun/2016:14:29:15 -0700] "GET /configuration.php.bak HTTP/1.1" 200 73 "-" "Mozilla/5.0 (Windows NT 6.1; WOW64; rv:40.0) Gecko/20100101 Firefox/40.1" "saveaslave.com"
37.57.176.98 - - [09/Jun/2016:14:29:15 -0700] "GET /wp-config.php.txt HTTP/1.1" 404 89 "-" "Mozilla/5.0 (Windows NT 6.1; WOW64; rv:40.0) Gecko/20100101 Firefox/40.1" "saveaslave.com"
37.57.176.98 - - [09/Jun/2016:14:29:15 -0700] "GET /%23wp-config.php%23 HTTP/1.1" 404 89 "-" "Mozilla/5.0 (Windows NT 6.1; WOW64; rv:40.0) Gecko/20100101 Firefox/40.1" "saveaslave.com"
37.57.176.98 - - [09/Jun/2016:14:29:15 -0700] "GET /wp-config.php.swo HTTP/1.1" 200 73 "-" "Mozilla/5.0 (Windows NT 6.1; WOW64; rv:40.0) Gecko/20100101 Firefox/40.1" "saveaslave.com"
37.57.176.98 - - [09/Jun/2016:14:29:15 -0700] "GET /wp-config.php.backup HTTP/1.1" 200 73 "-" "Mozilla/5.0 (Windows NT 6.1; WOW64; rv:40.0) Gecko/20100101 Firefox/40.1" "saveaslave.com"
37.57.176.98 - - [09/Jun/2016:14:29:15 -0700] "GET /wp-config.php%23 HTTP/1.1" 404 89 "-" "Mozilla/5.0 (Windows NT 6.1; WOW64; rv:40.0) Gecko/20100101 Firefox/40.1" "saveaslave.com"
37.57.176.98 - - [09/Jun/2016:14:29:15 -0700] "GET /wp-config.php.bak HTTP/1.1" 200 73 "-" "Mozilla/5.0 (Windows NT 6.1; WOW64; rv:40.0) Gecko/20100101 Firefox/40.1" "saveaslave.com"
37.57.176.98 - - [09/Jun/2016:14:29:15 -0700] "GET /wp-config.php. HTTP/1.1" 200 73 "-" "Mozilla/5.0 (Windows NT 6.1; WOW64; rv:40.0) Gecko/20100101 Firefox/40.1" "saveaslave.com"
37.57.176.98 - - [09/Jun/2016:14:29:15 -0700] "GET /backup.configuration.php HTTP/1.1" 200 73 "-" "Mozilla/5.0 (Windows NT 6.1; WOW64; rv:40.0) Gecko/20100101 Firefox/40.1" "saveaslave.com"[0]
37.57.176.98 - - [09/Jun/2016:14:29:15 -0700] "GET /wp-config.php~ HTTP/1.1" 404 89 "-" "Mozilla/5.0 (Windows NT 6.1; WOW64; rv:40.0) Gecko/20100101 Firefox/40.1" "saveaslave.com"
37.57.176.98 - - [09/Jun/2016:14:29:15 -0700] "GET /wp-config.php.save HTTP/1.1" 200 73 "-" "Mozilla/5.0 (Windows NT 6.1; WOW64; rv:40.0) Gecko/20100101 Firefox/40.1" "saveaslave.com"
164.132.161.9 - - [09/Jun/2016:14:35:16 -0700] "GET /article.php?id=12 HTTP/1.1" 200 49602 "-" "Mozilla/5.0 (compatible; AhrefsBot/5.1; +http://ahrefs.com/robot/)" "saveaslave.com"[1]
208.115.113.94 - - [09/Jun/2016:14:37:21 -0700] "GET /in-russian.php?lang=ru HTTP/1.1" 200 92389 "-" "Mozilla/5.0 (compatible; DotBot/1.1; http://www.opensiteexplorer.org/dotbot, help@moz.com)" "saveaslave.com"[1]
68.195.91.19 - - [09/Jun/2016:15:12:11 -0700] "GET /images/top.jpg HTTP/1.1" 200 50519 "https://www.google.com/" "Mozilla/5.0 (Windows NT 10.0; WOW64) AppleWebKit/537.36 (KHTML, like Gecko) Chrome/51.0.2704.84 Safari/537.36" "www.saveaslave.com"
68.195.91.19 - - [09/Jun/2016:15:12:17 -0700] "GET / HTTP/1.1" 200 89033 "https://www.google.com/" "Mozilla/5.0 (Windows NT 10.0; WOW64) AppleWebKit/537.36 (KHTML, like Gecko) Chrome/51.0.2704.84 Safari/537.36" "www.saveaslave.com"
68.195.91.19 - - [09/Jun/2016:15:12:18 -0700] "GET /css/style.css HTTP/1.1" 200 7938 "http://www.saveaslave.com/" "Mozilla/5.0 (Windows NT 10.0; WOW64) AppleWebKit/537.36 (KHTML, like Gecko) Chrome/51.0.2704.84 Safari/537.36" "www.saveaslave.com"
68.195.91.19 - - [09/Jun/2016:15:12:18 -0700] "GET /css/style-pages.css HTTP/1.1" 200 9894 "http://www.saveaslave.com/" "Mozilla/5.0 (Windows NT 10.0; WOW64) AppleWebKit/537.36 (KHTML, like Gecko) Chrome/51.0.2704.84 Safari/537.36" "www.saveaslave.com"
68.195.91.19 - - [09/Jun/2016:15:12:18 -0700] "GET /css/bootstrap.min.css HTTP/1.1" 200 123578 "http://www.saveaslave.com/" "Mozilla/5.0 (Windows NT 10.0; WOW64) AppleWebKit/537.36 (KHTML, like Gecko) Chrome/51.0.2704.84 Safari/537.36" "www.saveaslave.com"
68.195.91.19 - - [09/Jun/2016:15:12:18 -0700] "GET /assets/js/ie-emulation-modes-warning.js HTTP/1.1" 200 2130 "http://www.saveaslave.com/" "Mozilla/5.0 (Windows NT 10.0; WOW64) AppleWebKit/537.36 (KHTML, like Gecko) Chrome/51.0.2704.84 Safari/537.36" "www.saveaslave.com"
68.195.91.19 - - [09/Jun/2016:15:12:18 -0700] "GET /gajaxscroller.js HTTP/1.1" 200 9774 "http://www.saveaslave.com/" "Mozilla/5.0 (Windows NT 10.0; WOW64) AppleWebKit/537.36 (KHTML, like Gecko) Chrome/51.0.2704.84 Safari/537.36" "www.saveaslave.com"
68.195.91.19 - - [09/Jun/2016:15:12:18 -0700] "GET /js/bootstrap.min.js HTTP/1.1" 200 37055 "http://www.saveaslave.com/" "Mozilla/5.0 (Windows NT 10.0; WOW64) AppleWebKit/537.36 (KHTML, like Gecko) Chrome/51.0.2704.84 Safari/537.36" "www.saveaslave.com"
68.195.91.19 - - [09/Jun/2016:15:12:18 -0700] "GET /assets/js/ie10-viewport-bug-workaround.js HTTP/1.1" 200 641 "http://www.saveaslave.com/" "Mozilla/5.0 (Windows NT 10.0; WOW64) AppleWebKit/537.36 (KHTML, like Gecko) Chrome/51.0.2704.84 Safari/537.36" "www.saveaslave.com"
68.195.91.19 - - [09/Jun/2016:15:12:18 -0700] "GET /images/article/end_it.jpg HTTP/1.1" 200 33676 "http://www.saveaslave.com/" "Mozilla/5.0 (Windows NT 10.0; WOW64) AppleWebKit/537.36 (KHTML, like Gecko) Chrome/51.0.2704.84 Safari/537.36" "www.saveaslave.com"[0]
68.195.91.19 - - [09/Jun/2016:15:12:18 -0700] "GET /images/social2.png HTTP/1.1" 200 1752 "http://www.saveaslave.com/" "Mozilla/5.0 (Windows NT 10.0; WOW64) AppleWebKit/537.36 (KHTML, like Gecko) Chrome/51.0.2704.84 Safari/537.36" "www.saveaslave.com"
68.195.91.19 - - [09/Jun/2016:15:12:18 -0700] "GET /images/social1.png HTTP/1.1" 200 2012 "http://www.saveaslave.com/" "Mozilla/5.0 (Windows NT 10.0; WOW64) AppleWebKit/537.36 (KHTML, like Gecko) Chrome/51.0.2704.84 Safari/537.36" "www.saveaslave.com"
68.195.91.19 - - [09/Jun/2016:15:12:18 -0700] "GET /images/cover1.jpg HTTP/1.1" 200 253658 "http://www.saveaslave.com/" "Mozilla/5.0 (Windows NT 10.0; WOW64) AppleWebKit/537.36 (KHTML, like Gecko) Chrome/51.0.2704.84 Safari/537.36" "www.saveaslave.com"
68.195.91.19 - - [09/Jun/2016:15:12:18 -0700] "GET /images/social3.png HTTP/1.1" 200 4343 "http://www.saveaslave.com/" "Mozilla/5.0 (Windows NT 10.0; WOW64) AppleWebKit/537.36 (KHTML, like Gecko) Chrome/51.0.2704.84 Safari/537.36" "www.saveaslave.com"
68.195.91.19 - - [09/Jun/2016:15:12:18 -0700] "GET /images/select-arrow.png HTTP/1.1" 200 1118 "http://www.saveaslave.com/css/style.css" "Mozilla/5.0 (Windows NT 10.0; WOW64) AppleWebKit/537.36 (KHTML, like Gecko) Chrome/51.0.2704.84 Safari/537.36" "www.saveaslave.com"
68.195.91.19 - - [09/Jun/2016:15:12:19 -0700] "GET /addarticle.php HTTP/1.1" 200 13682 "http://www.saveaslave.com/" "Mozilla/5.0 (Windows NT 10.0; WOW64) AppleWebKit/537.36 (KHTML, like Gecko) Chrome/51.0.2704.84 Safari/537.36" "www.saveaslave.com"[1]
68.195.91.19 - - [09/Jun/2016:15:12:23 -0700] "GET /ico/favicon-96x96.png HTTP/1.1" 200 4476 "http://www.saveaslave.com/" "Mozilla/5.0 (Windows NT 10.0; WOW64) AppleWebKit/537.36 (KHTML, like Gecko) Chrome/51.0.2704.84 Safari/537.36" "www.saveaslave.com"
180.76.15.17 - - [09/Jun/2016:15:28:54 -0700] "GET /addlink.php?page=india.html HTTP/1.1" 200 12908 "-" "Mozilla/5.0 (compatible; Baiduspider/2.0; +http://www.baidu.com/search/spider.html)" "www.saveaslave.com"[1]
66.249.75.209 - - [09/Jun/2016:15:40:50 -0700] "GET /images/countrymap/hong-kong-flag.gif HTTP/1.1" 404 89 "-" "Googlebot-Image/1.0" "www.saveaslave.com"
180.76.15.25 - - [09/Jun/2016:16:02:24 -0700] "GET /images/countrymap/?S=A HTTP/1.1" 200 108242 "-" "Mozilla/5.0 (compatible; Baiduspider/2.0; +http://www.baidu.com/search/spider.html)" "www.saveaslave.com"
69.30.234.186 - - [09/Jun/2016:16:03:11 -0700] "GET /article.php?id=18 HTTP/1.1" 200 47137 "-" "Mozilla/5.0 (compatible; MJ12bot/v1.4.5; http://www.majestic12.co.uk/bot.php?+)" "saveaslave.com"
69.30.234.186 - - [09/Jun/2016:16:03:15 -0700] "GET /robots.txt HTTP/1.1" 200 48 "-" "Mozilla/5.0 (compatible; MJ12bot/v1.4.5; http://www.majestic12.co.uk/bot.php?+)" "www.saveaslave.com"
85.93.91.84 - - [09/Jun/2016:16:21:31 -0700] "GET /robots.txt HTTP/1.1" 200 48 "-" "Mozilla/5.0 (compatible; DeuSu/5.0.2; +https://deusu.de/robot.html)" "www.saveaslave.com"
66.249.75.254 - - [09/Jun/2016:16:57:14 -0700] "GET /wallis.html HTTP/1.1" 404 89 "-" "Mozilla/5.0 (Linux; Android 6.0.1; Nexus 5X Build/MMB29P) AppleWebKit/537.36 (KHTML, like Gecko) Chrome/41.0.2272.96 Mobile Safari/537.36 (compatible; Googlebot/2.1; +http://www.google.com/bot.html)" "saveaslave.com"
104.196.137.139 - - [09/Jun/2016:17:02:12 -0700] "GET / HTTP/1.1" 200 89069 "-" "Typhoeus - https://github.com/typhoeus/typhoeus" "www.saveaslave.com"
40.77.167.104 - - [09/Jun/2016:17:20:15 -0700] "GET /disclaimer.php HTTP/1.1" 200 47937 "-" "Mozilla/5.0 (compatible; bingbot/2.0; +http://www.bing.com/bingbot.htm)" "saveaslave.com"
86.122.228.97 - - [09/Jun/2016:17:24:49 -0700] "GET / HTTP/1.1" 200 89033 "https://www.google.com" "Mozilla/5.0 (Windows NT 6.1; WOW64; rv:44.0) Gecko/20100101 Firefox/44.0" "www.saveaslave.com"
164.132.161.15 - - [09/Jun/2016:17:48:50 -0700] "GET /monaco.html HTTP/1.1" 404 89 "-" "Mozilla/5.0 (compatible; AhrefsBot/5.1; +http://ahrefs.com/robot/)" "www.saveaslave.com"
54.236.246.87 - - [09/Jun/2016:17:55:21 -0700] "GET / HTTP/1.1" 200 89069 "-" "-" "saveaslave.com"
69.30.213.18 - - [09/Jun/2016:18:32:20 -0700] "GET /american_samoa.html HTTP/1.1" 404 89 "-" "Mozilla/5.0 (compatible; MJ12bot/v1.4.5; http://www.majestic12.co.uk/bot.php?+)" "saveaslave.com"
208.115.113.86 - - [09/Jun/2016:18:51:47 -0700] "GET /article.php?id=99 HTTP/1.1" 200 776 "-" "Mozilla/5.0 (compatible; DotBot/1.1; http://www.opensiteexplorer.org/dotbot, help@moz.com)" "www.saveaslave.com"
111.206.36.8 - - [09/Jun/2016:18:58:03 -0700] "GET /robots.txt HTTP/1.1" 200 48 "-" "Mozilla/5.0 (Windows NT 10.0; WOW64) AppleWebKit/537.36 (KHTML, like Gecko) Chrome/45.0.2454.93 Safari/537.36" "saveaslave.com"
54.172.27.186 - - [09/Jun/2016:19:39:07 -0700] "GET /index.php HTTP/1.1" 200 89069 "-" "Mozilla/5.0 (compatible; linkdexbot/2.0; +http://www.linkdex.com/bots/)" "saveaslave.com"
69.30.205.218 - - [09/Jun/2016:19:49:20 -0700] "GET /article.php?id=13 HTTP/1.1" 200 60546 "-" "Mozilla/5.0 (compatible; MJ12bot/v1.4.5; http://www.majestic12.co.uk/bot.php?+)" "saveaslave.com"
69.30.205.218 - - [09/Jun/2016:19:49:23 -0700] "GET /article.php?id=21 HTTP/1.1" 200 49376 "-" "Mozilla/5.0 (compatible; MJ12bot/v1.4.5; http://www.majestic12.co.uk/bot.php?+)" "saveaslave.com"[1]
131.253.25.160 - - [09/Jun/2016:19:51:05 -0700] "GET /css/style.css HTTP/1.1" 200 7938 "http://saveaslave.com/" "Mozilla/5.0 (Windows NT 6.1; WOW64) AppleWebKit/534+ (KHTML, like Gecko) BingPreview/1.0b" "saveaslave.com"[0]
131.253.25.160 - - [09/Jun/2016:19:51:06 -0700] "GET /gajaxscroller.js HTTP/1.1" 200 9774 "http://saveaslave.com/" "Mozilla/5.0 (Windows NT 6.1; WOW64) AppleWebKit/534+ (KHTML, like Gecko) BingPreview/1.0b" "saveaslave.com"
131.253.25.160 - - [09/Jun/2016:19:51:07 -0700] "GET /images/cover1.jpg HTTP/1.1" 200 253658 "http://saveaslave.com/" "Mozilla/5.0 (Windows NT 6.1; WOW64) AppleWebKit/534+ (KHTML, like Gecko) BingPreview/1.0b" "saveaslave.com"
131.253.25.160 - - [09/Jun/2016:19:51:09 -0700] "GET /images/article/end_it.jpg HTTP/1.1" 200 33676 "http://saveaslave.com/" "Mozilla/5.0 (Windows NT 6.1; WOW64) AppleWebKit/534+ (KHTML, like Gecko) BingPreview/1.0b" "saveaslave.com"
131.253.25.160 - - [09/Jun/2016:19:51:09 -0700] "GET /images/article/s1_dety_beg_d9954.jpg HTTP/1.1" 200 16968 "http://saveaslave.com/" "Mozilla/5.0 (Windows NT 6.1; WOW64) AppleWebKit/534+ (KHTML, like Gecko) BingPreview/1.0b" "saveaslave.com"
131.253.25.160 - - [09/Jun/2016:19:51:09 -0700] "GET /images/article/suspects.jpg HTTP/1.1" 200 58796 "http://saveaslave.com/" "Mozilla/5.0 (Windows NT 6.1; WOW64) AppleWebKit/534+ (KHTML, like Gecko) BingPreview/1.0b" "saveaslave.com"
131.253.25.160 - - [09/Jun/2016:19:51:13 -0700] "GET /images/select-arrow.png HTTP/1.1" 200 1118 "http://saveaslave.com/" "Mozilla/5.0 (Windows NT 6.1; WOW64) AppleWebKit/534+ (KHTML, like Gecko) BingPreview/1.0b" "saveaslave.com"[0]
131.253.25.160 - - [09/Jun/2016:19:51:13 -0700] "GET /indicator.gif HTTP/1.1" 200 878 "http://saveaslave.com/" "Mozilla/5.0 (Windows NT 6.1; WOW64) AppleWebKit/534+ (KHTML, like Gecko) BingPreview/1.0b" "saveaslave.com"
131.253.25.160 - - [09/Jun/2016:19:51:13 -0700] "GET /css/down-arrow.png HTTP/1.1" 404 89 "http://saveaslave.com/" "Mozilla/5.0 (Windows NT 6.1; WOW64) AppleWebKit/534+ (KHTML, like Gecko) BingPreview/1.0b" "saveaslave.com"
65.36.241.48 - - [09/Jun/2016:20:26:49 -0700] "HEAD / HTTP/1.1" 200 0 "-" "InternetSeer.com" "www.saveaslave.com"
217.69.136.204 - - [09/Jun/2016:21:13:52 -0700] "GET /robots.txt HTTP/1.1" 200 48 "-" "Mozilla/5.0 (compatible; Linux x86_64; Mail.RU_Bot/2.0; +http://go.mail.ru/help/robots)" "www.saveaslave.com"[0]
46.119.127.129 - - [09/Jun/2016:21:33:29 -0700] "GET /robots.txt HTTP/1.1" 200 48 "-" "Mozilla/5.0 (Windows NT 10.0; WOW64) AppleWebKit/537.36 (KHTML, like Gecko) Chrome/49.0.2623.75 Safari/537.36 OPR/36.0.2130.32" "www.saveaslave.com"
46.119.127.129 - - [09/Jun/2016:21:33:31 -0700] "GET / HTTP/1.1" 200 89069 "-" "Mozilla/5.0 (Windows NT 10.0; WOW64) AppleWebKit/537.36 (KHTML, like Gecko) Chrome/49.0.2623.75 Safari/537.36 OPR/36.0.2130.32" "www.saveaslave.com"[2]
208.115.113.94 - - [09/Jun/2016:21:48:04 -0700] "GET /robots.txt HTTP/1.1" 200 48 "-" "Mozilla/5.0 (compatible; DotBot/1.1; http://www.opensiteexplorer.org/dotbot, help@moz.com)" "www.saveaslave.com"
208.115.113.94 - - [09/Jun/2016:21:48:04 -0700] "GET /robots.txt HTTP/1.1" 200 48 "-" "Mozilla/5.0 (compatible; DotBot/1.1; http://www.opensiteexplorer.org/dotbot, help@moz.com)" "saveaslave.com"
208.115.113.86 - - [09/Jun/2016:21:49:25 -0700] "GET /robots.txt HTTP/1.1" 200 48 "-" "Mozilla/5.0 (compatible; DotBot/1.1; http://www.opensiteexplorer.org/dotbot, help@moz.com)" "saveaslave.com"
54.89.122.35 - - [09/Jun/2016:21:53:57 -0700] "GET / HTTP/1.1" 200 89069 "-" "Mozilla/5.0 (compatible; linkdexbot/2.0; +http://www.linkdex.com/bots/)" "www.saveaslave.com"[1]
85.93.91.84 - - [09/Jun/2016:22:15:29 -0700] "GET /www.hijcenter.org HTTP/1.1" 404 89 "-" "Mozilla/5.0 (compatible; DeuSu/5.0.2; +https://deusu.de/robot.html)" "www.saveaslave.com"
117.78.13.18 - - [09/Jun/2016:22:19:15 -0700] "GET /robots.txt HTTP/1.1" 200 48 "-" "nutch-1.4/Nutch-1.4" "www.saveaslave.com"
208.115.113.94 - - [09/Jun/2016:22:26:17 -0700] "GET /tuvalu.html HTTP/1.1" 404 89 "-" "Mozilla/5.0 (compatible; DotBot/1.1; http://www.opensiteexplorer.org/dotbot, help@moz.com)" "saveaslave.com"
208.115.113.94 - - [09/Jun/2016:22:26:17 -0700] "GET /papua-new-guinea.html HTTP/1.1" 404 89 "-" "Mozilla/5.0 (compatible; DotBot/1.1; http://www.opensiteexplorer.org/dotbot, help@moz.com)" "saveaslave.com"
208.115.113.94 - - [10/Jun/2016:00:02:47 -0700] "GET /robots.txt HTTP/1.1" 200 48 "-" "Mozilla/5.0 (compatible; DotBot/1.1; http://www.opensiteexplorer.org/dotbot, help@moz.com)" "saveaslave.com"
208.115.113.94 - - [10/Jun/2016:00:02:47 -0700] "GET /robots.txt HTTP/1.1" 200 48 "-" "Mozilla/5.0 (compatible; DotBot/1.1; http://www.opensiteexplorer.org/dotbot, help@moz.com)" "www.saveaslave.com"
217.69.136.209 - - [10/Jun/2016:00:24:10 -0700] "GET /robots.txt HTTP/1.1" 200 48 "-" "Mozilla/5.0 (compatible; Linux x86_64; Mail.RU_Bot/2.0; +http://go.mail.ru/help/robots)" "www.saveaslave.com"
