173.3.65.200 - - [02/Jul/2016:11:46:28 -0700] "GET /indicator.gif HTTP/1.1" 200 878 "http://www.saveaslave.com/" "Mozilla/5.0 (Windows NT 10.0; WOW64; rv:47.0) Gecko/20100101 Firefox/47.0" "www.saveaslave.com"
173.3.65.200 - - [02/Jul/2016:11:46:28 -0700] "GET /addarticle.php HTTP/1.1" 200 13682 "http://www.saveaslave.com/" "Mozilla/5.0 (Windows NT 10.0; WOW64; rv:47.0) Gecko/20100101 Firefox/47.0" "www.saveaslave.com"[0]
173.3.65.200 - - [02/Jul/2016:11:46:29 -0700] "GET /css/down-arrow.png HTTP/1.1" 404 89 "http://www.saveaslave.com/css/elements.css" "Mozilla/5.0 (Windows NT 10.0; WOW64; rv:47.0) Gecko/20100101 Firefox/47.0" "www.saveaslave.com"
173.3.65.200 - - [02/Jul/2016:11:48:06 -0700] "GET /who-we-are.php HTTP/1.1" 200 50792 "http://www.saveaslave.com/" "Mozilla/5.0 (Windows NT 10.0; WOW64; rv:47.0) Gecko/20100101 Firefox/47.0" "www.saveaslave.com"
173.3.65.200 - - [02/Jul/2016:11:48:06 -0700] "GET /images/top-1.jpg HTTP/1.1" 200 77341 "http://www.saveaslave.com/who-we-are.php" "Mozilla/5.0 (Windows NT 10.0; WOW64; rv:47.0) Gecko/20100101 Firefox/47.0" "www.saveaslave.com"
173.3.65.200 - - [02/Jul/2016:11:49:44 -0700] "GET /ico/android-icon-192x192.png HTTP/1.0" 200 10097 "-" "Mozilla/5.0 (Windows NT 10.0; WOW64; rv:47.0) Gecko/20100101 Firefox/47.0" "www.saveaslave.com"
173.3.65.200 - - [02/Jul/2016:11:49:49 -0700] "GET /ico/android-icon-192x192.png HTTP/1.1" 200 10097 "-" "Mozilla/5.0 (Windows NT 10.0; WOW64; rv:47.0) Gecko/20100101 Firefox/47.0" "www.saveaslave.com"
173.3.65.200 - - [02/Jul/2016:11:49:49 -0700] "GET /ico/android-icon-192x192.png HTTP/1.1" 200 10097 "-" "Mozilla/5.0 (Windows NT 10.0; WOW64; rv:47.0) Gecko/20100101 Firefox/47.0" "www.saveaslave.com"
173.3.65.200 - - [02/Jul/2016:11:53:07 -0700] "GET /ico/android-icon-192x192.png HTTP/1.0" 200 10097 "-" "Mozilla/5.0 (Windows NT 10.0; WOW64; rv:47.0) Gecko/20100101 Firefox/47.0" "www.saveaslave.com"
173.3.65.200 - - [02/Jul/2016:11:57:22 -0700] "GET /our-supporters.php HTTP/1.1" 200 55470 "http://www.saveaslave.com/who-we-are.php" "Mozilla/5.0 (Windows NT 10.0; WOW64; rv:47.0) Gecko/20100101 Firefox/47.0" "www.saveaslave.com"
173.3.65.200 - - [02/Jul/2016:11:57:23 -0700] "GET /images/supporters/anti-slavery.gif HTTP/1.1" 200 4774 "http://www.saveaslave.com/our-supporters.php" "Mozilla/5.0 (Windows NT 10.0; WOW64; rv:47.0) Gecko/20100101 Firefox/47.0" "www.saveaslave.com"
173.3.65.200 - - [02/Jul/2016:11:57:23 -0700] "GET /images/supporters/END.png HTTP/1.1" 200 42129 "http://www.saveaslave.com/our-supporters.php" "Mozilla/5.0 (Windows NT 10.0; WOW64; rv:47.0) Gecko/20100101 Firefox/47.0" "www.saveaslave.com"
173.3.65.200 - - [02/Jul/2016:11:57:23 -0700] "GET /images/supporters/logo_atest.png HTTP/1.1" 200 12676 "http://www.saveaslave.com/our-supporters.php" "Mozilla/5.0 (Windows NT 10.0; WOW64; rv:47.0) Gecko/20100101 Firefox/47.0" "www.saveaslave.com"
173.3.65.200 - - [02/Jul/2016:11:57:23 -0700] "GET /images/supporters/hulogo.png HTTP/1.1" 200 8497 "http://www.saveaslave.com/our-supporters.php" "Mozilla/5.0 (Windows NT 10.0; WOW64; rv:47.0) Gecko/20100101 Firefox/47.0" "www.saveaslave.com"[0]
173.3.65.200 - - [02/Jul/2016:11:57:23 -0700] "GET /images/supporters/rescue.png HTTP/1.1" 200 9148 "http://www.saveaslave.com/our-supporters.php" "Mozilla/5.0 (Windows NT 10.0; WOW64; rv:47.0) Gecko/20100101 Firefox/47.0" "www.saveaslave.com"
173.3.65.200 - - [02/Jul/2016:11:57:24 -0700] "GET /images/supporters/made-free.png HTTP/1.1" 200 5762 "http://www.saveaslave.com/our-supporters.php" "Mozilla/5.0 (Windows NT 10.0; WOW64; rv:47.0) Gecko/20100101 Firefox/47.0" "www.saveaslave.com"
173.3.65.200 - - [02/Jul/2016:11:57:24 -0700] "GET /images/supporters/movements-logo-large.png HTTP/1.1" 200 3276 "http://www.saveaslave.com/our-supporters.php" "Mozilla/5.0 (Windows NT 10.0; WOW64; rv:47.0) Gecko/20100101 Firefox/47.0" "www.saveaslave.com"
173.3.65.200 - - [02/Jul/2016:11:57:24 -0700] "GET /images/supporters/pacific.jpg HTTP/1.1" 200 8249 "http://www.saveaslave.com/our-supporters.php" "Mozilla/5.0 (Windows NT 10.0; WOW64; rv:47.0) Gecko/20100101 Firefox/47.0" "www.saveaslave.com"
203.133.170.104 - - [02/Jul/2016:11:59:27 -0700] "GET /robots.txt HTTP/1.1" 200 48 "-" "Mozilla/5.0 (compatible; MSIE or Firefox mutant;) Daum 4.1" "www.saveaslave.com"
203.133.170.104 - - [02/Jul/2016:11:59:28 -0700] "GET /addarticle.php HTTP/1.1" 200 13718 "-" "Mozilla/5.0 (compatible; MSIE or Firefox mutant;) Daum 4.1" "www.saveaslave.com"
54.172.146.2 - - [02/Jul/2016:12:05:11 -0700] "GET /index.php HTTP/1.1" 200 89069 "-" "Mozilla/5.0 (compatible; linkdexbot/2.0; +http://www.linkdex.com/bots/)" "saveaslave.com"
77.169.30.38 - - [02/Jul/2016:12:24:55 -0700] "GET /images/article/suspects.jpg HTTP/1.1" 200 58796 "-" "Mozilla/5.0 (Windows NT 10.0; WOW64; Trident/7.0; rv:11.0) like Gecko" "www.saveaslave.com"
157.55.39.39 - - [02/Jul/2016:12:32:33 -0700] "GET /robots.txt HTTP/1.1" 200 48 "-" "Mozilla/5.0 (compatible; bingbot/2.0; +http://www.bing.com/bingbot.htm)" "saveaslave.com"
77.75.79.72 - - [02/Jul/2016:12:36:43 -0700] "GET /robots.txt HTTP/1.1" 200 48 "-" "Mozilla/5.0 (compatible; SeznamBot/3.2; +http://napoveda.seznam.cz/en/seznambot-intro/)" "saveaslave.com"
100.43.85.25 - - [02/Jul/2016:12:44:05 -0700] "GET /www.ccharities.org HTTP/1.1" 404 89 "-" "Mozilla/5.0 (compatible; YandexBot/3.0; +http://yandex.com/bots)" "saveaslave.com"
37.229.252.195 - - [02/Jul/2016:12:45:13 -0700] "GET / HTTP/1.1" 200 89033 "http://woman-orgasm.ru/" "Mozilla/4.0 (compatible; MSIE 5.5; Windows 98)" "www.saveaslave.com"
37.229.252.195 - - [02/Jul/2016:12:45:15 -0700] "GET / HTTP/1.1" 200 89033 "http://woman-orgasm.ru/" "Mozilla/4.0 (compatible; MSIE 5.5; Windows 98)" "www.saveaslave.com"[1]
88.81.146.46 - - [02/Jul/2016:12:54:48 -0700] "GET / HTTP/1.1" 200 89069 "-" "Mozilla/5.0 (Macintosh; Intel Mac OS X 10_10_3) AppleWebKit/600.5.17 (KHTML, like Gecko) Version/8.0.5 Safari/600.5.17" "www.saveaslave.com"[2]
88.81.146.46 - - [02/Jul/2016:12:56:57 -0700] "GET / HTTP/1.1" 200 89069 "-" "Mozilla/5.0 (Macintosh; Intel Mac OS X 10_10_3) AppleWebKit/600.5.17 (KHTML, like Gecko) Version/8.0.5 Safari/600.5.17" "www.saveaslave.com"[0]
217.69.136.206 - - [02/Jul/2016:13:08:12 -0700] "GET /robots.txt HTTP/1.1" 200 48 "-" "Mozilla/5.0 (compatible; Linux x86_64; Mail.RU_Bot/2.0; +http://go.mail.ru/help/robots)" "www.saveaslave.com"
217.69.136.209 - - [02/Jul/2016:13:12:07 -0700] "GET /webring.html HTTP/1.1" 404 89 "-" "Mozilla/5.0 (compatible; Linux x86_64; Mail.RU_Bot/2.0; +http://go.mail.ru/help/robots)" "www.saveaslave.com"
65.36.241.48 - - [02/Jul/2016:13:14:46 -0700] "GET /?tpl=references&Itemid=3 HTTP/1.1" 200 89069 "-" "InternetSeer.com" "www.saveaslave.com"
51.255.65.64 - - [02/Jul/2016:13:17:22 -0700] "GET /british-virgin-islands.html HTTP/1.1" 404 89 "-" "Mozilla/5.0 (compatible; AhrefsBot/5.1; +http://ahrefs.com/robot/)" "www.saveaslave.com"
157.55.39.39 - - [02/Jul/2016:13:24:47 -0700] "GET /lesotho HTTP/1.1" 404 89 "-" "msnbot-media/1.1 (+http://search.msn.com/msnbot.htm)" "www.saveaslave.com"
203.133.170.104 - - [02/Jul/2016:13:24:51 -0700] "GET /robots.txt HTTP/1.1" 200 48 "-" "Mozilla/5.0 (compatible; MSIE or Firefox mutant;) Daum 4.1" "www.saveaslave.com"
203.133.170.104 - - [02/Jul/2016:13:24:51 -0700] "GET /addarticle.php HTTP/1.1" 200 13718 "-" "Mozilla/5.0 (compatible; MSIE or Firefox mutant;) Daum 4.1" "www.saveaslave.com"
207.46.13.134 - - [02/Jul/2016:13:32:33 -0700] "GET /robots.txt HTTP/1.1" 200 48 "-" "Mozilla/5.0 (compatible; bingbot/2.0; +http://www.bing.com/bingbot.htm)" "www.saveaslave.com"
208.115.113.86 - - [02/Jul/2016:13:38:56 -0700] "GET /robots.txt HTTP/1.1" 200 48 "-" "Mozilla/5.0 (compatible; DotBot/1.1; http://www.opensiteexplorer.org/dotbot, help@moz.com)" "saveaslave.com"
208.115.113.86 - - [02/Jul/2016:13:42:05 -0700] "GET /robots.txt HTTP/1.0" 200 48 "-" "Mozilla/5.0 (compatible; DotBot/1.1; http://www.opensiteexplorer.org/dotbot, help@moz.com)" "www.saveaslave.com"
54.210.113.189 - - [02/Jul/2016:13:58:59 -0700] "GET / HTTP/1.1" 200 89069 "-" "Mozilla/5.0 (compatible; linkdexbot/2.0; +http://www.linkdex.com/bots/)" "www.saveaslave.com"
65.36.241.48 - - [02/Jul/2016:14:23:28 -0700] "HEAD / HTTP/1.1" 200 0 "-" "InternetSeer.com" "www.saveaslave.com"
178.255.215.78 - - [02/Jul/2016:14:26:14 -0700] "GET /robots.txt HTTP/1.1" 200 48 "-" "Mozilla/5.0 (compatible; Exabot/3.0; +http://www.exabot.com/go/robot)" "saveaslave.com"
182.118.20.233 - - [02/Jul/2016:14:27:57 -0700] "GET /robots.txt HTTP/1.1" 200 48 "http://saveaslave.com/robots.txt" "Mozilla/5.0 (compatible; MSIE 9.0; Windows NT 6.1; Trident/5.0); 360Spider(compatible; HaosouSpider; http://www.haosou.com/help/help_3_2.html)" "saveaslave.com"
141.8.143.145 - - [02/Jul/2016:14:37:28 -0700] "GET /www.usdoj.gov HTTP/1.1" 404 89 "-" "Mozilla/5.0 (compatible; YandexBot/3.0; +http://yandex.com/bots)" "saveaslave.com"
220.181.108.151 - - [02/Jul/2016:14:49:23 -0700] "GET /article.php?id=32 HTTP/1.1" 200 51091 "-" "Mozilla/5.0 (compatible; Baiduspider/2.0; +http://www.baidu.com/search/spider.html)" "www.saveaslave.com"
208.115.113.86 - - [02/Jul/2016:14:58:35 -0700] "GET /article.php?id=6 HTTP/1.1" 200 47572 "-" "Mozilla/5.0 (compatible; DotBot/1.1; http://www.opensiteexplorer.org/dotbot, help@moz.com)" "saveaslave.com"
164.132.161.57 - - [02/Jul/2016:15:12:41 -0700] "GET /www.apctc.org HTTP/1.1" 404 89 "-" "Mozilla/5.0 (compatible; AhrefsBot/5.1; +http://ahrefs.com/robot/)" "saveaslave.com"
54.172.146.2 - - [02/Jul/2016:15:13:05 -0700] "GET /index.php HTTP/1.0" 200 65536 "-" "Mozilla/5.0 (compatible; linkdexbot/2.0; +http://www.linkdex.com/bots/)" "www.saveaslave.com"
65.36.241.48 - - [02/Jul/2016:15:44:03 -0700] "HEAD / HTTP/1.1" 200 0 "-" "InternetSeer.com" "www.saveaslave.com"
100.43.81.136 - - [02/Jul/2016:15:53:46 -0700] "GET /www.fiacfla.org HTTP/1.1" 404 89 "-" "Mozilla/5.0 (compatible; YandexBot/3.0; +http://yandex.com/bots)" "saveaslave.com"
164.132.161.46 - - [02/Jul/2016:16:26:23 -0700] "GET /belgium.html HTTP/1.1" 404 89 "-" "Mozilla/5.0 (compatible; AhrefsBot/5.1; +http://ahrefs.com/robot/)" "saveaslave.com"
51.255.65.78 - - [02/Jul/2016:16:31:43 -0700] "GET /www.cscla.org HTTP/1.1" 404 89 "-" "Mozilla/5.0 (compatible; AhrefsBot/5.1; +http://ahrefs.com/robot/)" "www.saveaslave.com"
207.46.13.102 - - [02/Jul/2016:16:46:57 -0700] "GET /gibraltar.html HTTP/1.1" 404 89 "-" "msnbot-media/1.1 (+http://search.msn.com/msnbot.htm)" "www.saveaslave.com"[0]
141.8.143.182 - - [02/Jul/2016:16:48:22 -0700] "GET /www.casadelafamilia.org HTTP/1.1" 404 89 "-" "Mozilla/5.0 (compatible; YandexBot/3.0; +http://yandex.com/bots)" "saveaslave.com"
164.132.161.84 - - [02/Jul/2016:16:53:24 -0700] "GET /www.oasisusa.org HTTP/1.1" 404 89 "-" "Mozilla/5.0 (compatible; AhrefsBot/5.1; +http://ahrefs.com/robot/)" "saveaslave.com"
141.8.143.194 - - [02/Jul/2016:17:22:43 -0700] "GET /www.door.org HTTP/1.1" 404 89 "-" "Mozilla/5.0 (compatible; YandexBot/3.0; +http://yandex.com/bots)" "saveaslave.com"
123.125.71.42 - - [02/Jul/2016:17:33:20 -0700] "GET /robots.txt HTTP/1.1" 200 48 "-" "Mozilla/5.0 (compatible; Baiduspider/2.0; +http://www.baidu.com/search/spider.html)" "saveaslave.com"
46.119.127.129 - - [02/Jul/2016:17:37:19 -0700] "GET /blog/robots.txt HTTP/1.1" 404 89 "-" "Mozilla/5.0 (Windows NT 10.0; WOW64) AppleWebKit/537.36 (KHTML, like Gecko) Chrome/49.0.2623.75 Safari/537.36 OPR/36.0.2130.32" "www.saveaslave.com"
46.119.127.129 - - [02/Jul/2016:17:37:20 -0700] "GET /wp/ HTTP/1.1" 404 89 "-" "Mozilla/5.0 (Windows NT 10.0; WOW64) AppleWebKit/537.36 (KHTML, like Gecko) Chrome/49.0.2623.75 Safari/537.36 OPR/36.0.2130.32" "www.saveaslave.com"
68.180.228.226 - - [02/Jul/2016:17:41:05 -0700] "GET /manifest.json HTTP/1.1" 404 89 "-" "Mozilla/5.0 (compatible; Yahoo! Slurp; http://help.yahoo.com/help/us/ysearch/slurp)" "www.saveaslave.com"
208.115.113.86 - - [02/Jul/2016:17:47:12 -0700] "GET /robots.txt HTTP/1.1" 200 48 "-" "Mozilla/5.0 (compatible; DotBot/1.1; http://www.opensiteexplorer.org/dotbot, help@moz.com)" "saveaslave.com"
141.8.143.203 - - [02/Jul/2016:17:50:11 -0700] "GET /www.chirla.org HTTP/1.1" 404 89 "-" "Mozilla/5.0 (compatible; YandexBot/3.0; +http://yandex.com/bots)" "saveaslave.com"
5.255.250.20 - - [02/Jul/2016:18:11:54 -0700] "GET /www.opcc.net HTTP/1.1" 404 89 "-" "Mozilla/5.0 (compatible; YandexBot/3.0; +http://yandex.com/bots)" "saveaslave.com"
70.180.179.105 - - [02/Jul/2016:18:22:16 -0700] "GET /images/logo2.png HTTP/1.1" 200 18525 "http://saveaslave.com/" "Mozilla/5.0 (Linux; Android 6.0.1; SM-G860P Build/MMB29M) AppleWebKit/537.36 (KHTML, like Gecko) Chrome/51.0.2704.81 Mobile Safari/537.36" "saveaslave.com"
70.180.179.105 - - [02/Jul/2016:18:22:17 -0700] "GET /css/style-pages.css HTTP/1.1" 200 9894 "http://saveaslave.com/" "Mozilla/5.0 (Linux; Android 6.0.1; SM-G860P Build/MMB29M) AppleWebKit/537.36 (KHTML, like Gecko) Chrome/51.0.2704.81 Mobile Safari/537.36" "saveaslave.com"
70.180.179.105 - - [02/Jul/2016:18:22:17 -0700] "GET /images/cover1.jpg HTTP/1.1" 200 253658 "http://saveaslave.com/" "Mozilla/5.0 (Linux; Android 6.0.1; SM-G860P Build/MMB29M) AppleWebKit/537.36 (KHTML, like Gecko) Chrome/51.0.2704.81 Mobile Safari/537.36" "saveaslave.com"
70.180.179.105 - - [02/Jul/2016:18:22:17 -0700] "GET /assets/js/ie10-viewport-bug-workaround.js HTTP/1.1" 200 641 "http://saveaslave.com/" "Mozilla/5.0 (Linux; Android 6.0.1; SM-G860P Build/MMB29M) AppleWebKit/537.36 (KHTML, like Gecko) Chrome/51.0.2704.81 Mobile Safari/537.36" "saveaslave.com"
70.180.179.105 - - [02/Jul/2016:18:22:17 -0700] "GET /js/bootstrap.min.js HTTP/1.1" 200 37055 "http://saveaslave.com/" "Mozilla/5.0 (Linux; Android 6.0.1; SM-G860P Build/MMB29M) AppleWebKit/537.36 (KHTML, like Gecko) Chrome/51.0.2704.81 Mobile Safari/537.36" "saveaslave.com"
70.180.179.105 - - [02/Jul/2016:18:22:18 -0700] "GET /images/top.jpg HTTP/1.1" 200 50519 "http://saveaslave.com/" "Mozilla/5.0 (Linux; Android 6.0.1; SM-G860P Build/MMB29M) AppleWebKit/537.36 (KHTML, like Gecko) Chrome/51.0.2704.81 Mobile Safari/537.36" "saveaslave.com"
70.180.179.105 - - [02/Jul/2016:18:22:18 -0700] "GET /images/article/end_it.jpg HTTP/1.1" 200 33676 "http://saveaslave.com/" "Mozilla/5.0 (Linux; Android 6.0.1; SM-G860P Build/MMB29M) AppleWebKit/537.36 (KHTML, like Gecko) Chrome/51.0.2704.81 Mobile Safari/537.36" "saveaslave.com"
70.180.179.105 - - [02/Jul/2016:18:22:18 -0700] "GET /images/article/suspects.jpg HTTP/1.1" 200 58796 "http://saveaslave.com/" "Mozilla/5.0 (Linux; Android 6.0.1; SM-G860P Build/MMB29M) AppleWebKit/537.36 (KHTML, like Gecko) Chrome/51.0.2704.81 Mobile Safari/537.36" "saveaslave.com"
65.36.241.48 - - [02/Jul/2016:18:23:31 -0700] "HEAD / HTTP/1.1" 200 0 "-" "InternetSeer.com" "www.saveaslave.com"
70.180.179.105 - - [02/Jul/2016:18:25:37 -0700] "GET /css/elements.css HTTP/1.0" 304 - "http://saveaslave.com/" "Mozilla/5.0 (Linux; Android 6.0.1; SM-G860P Build/MMB29M) AppleWebKit/537.36 (KHTML, like Gecko) Chrome/51.0.2704.81 Mobile Safari/537.36" "saveaslave.com"
5.255.250.30 - - [02/Jul/2016:18:56:11 -0700] "GET /www.css.co.la.ca.us HTTP/1.1" 404 89 "-" "Mozilla/5.0 (compatible; YandexBot/3.0; +http://yandex.com/bots)" "saveaslave.com"
141.8.143.229 - - [02/Jul/2016:19:15:44 -0700] "GET /article.php?id=1 HTTP/1.1" 200 44914 "-" "Mozilla/5.0 (compatible; YandexBot/3.0; +http://yandex.com/bots)" "saveaslave.com"
5.255.250.86 - - [02/Jul/2016:19:32:56 -0700] "GET /www.kiwa.org HTTP/1.1" 404 89 "-" "Mozilla/5.0 (compatible; YandexBot/3.0; +http://yandex.com/bots)" "saveaslave.com"
217.69.133.239 - - [02/Jul/2016:19:35:35 -0700] "GET /brunei.html HTTP/1.1" 404 89 "-" "Mozilla/5.0 (compatible; Linux x86_64; Mail.RU_Bot/2.0; +http://go.mail.ru/help/robots)" "www.saveaslave.com"[0]
113.95.135.103 - - [02/Jul/2016:19:42:05 -0700] "GET / HTTP/1.1" 200 89033 "http://www.saveaslave.com/" "Mozilla/5.0 (Windows NT 6.2; WOW64; rv:35.0) Gecko/20100101 Firefox/35.0" "www.saveaslave.com"
151.80.31.105 - - [02/Jul/2016:20:18:17 -0700] "GET /robots.txt HTTP/1.1" 200 48 "-" "Mozilla/5.0 (compatible; AhrefsBot/5.1; +http://ahrefs.com/robot/)" "www.saveaslave.com"
100.43.81.153 - - [02/Jul/2016:20:27:40 -0700] "GET /www.mmp.org HTTP/1.1" 404 89 "-" "Mozilla/5.0 (compatible; YandexBot/3.0; +http://yandex.com/bots)" "saveaslave.com"
66.249.75.140 - - [02/Jul/2016:20:46:06 -0700] "GET /wallis.html HTTP/1.1" 404 89 "-" "Mozilla/5.0 (Linux; Android 6.0.1; Nexus 5X Build/MMB29P) AppleWebKit/537.36 (KHTML, like Gecko) Chrome/41.0.2272.96 Mobile Safari/537.36 (compatible; Googlebot/2.1; +http://www.google.com/bot.html)" "saveaslave.com"[0]
164.132.161.53 - - [02/Jul/2016:20:47:45 -0700] "GET /www.palsforhealth.org HTTP/1.1" 404 89 "-" "Mozilla/5.0 (compatible; AhrefsBot/5.1; +http://ahrefs.com/robot/)" "saveaslave.com"
24.67.29.128 - - [02/Jul/2016:21:25:43 -0700] "GET /article.php?id=86'A=0 HTTP/1.1" 200 43960 "http://www.saveaslave.com/article.php?id=86'A=0" "Mozilla/5.0 (Windows; U; Windows NT 5.1; pt-PT; rv:1.9.1.2) Gecko/20090729 Firefox/3.5.2 (.NET CLR 3.5.30729)" "www.saveaslave.com"
51.255.65.66 - - [02/Jul/2016:21:27:20 -0700] "GET /sudan.html HTTP/1.1" 404 89 "-" "Mozilla/5.0 (compatible; AhrefsBot/5.1; +http://ahrefs.com/robot/)" "saveaslave.com"
65.36.241.48 - - [02/Jul/2016:21:29:06 -0700] "HEAD / HTTP/1.1" 200 0 "-" "InternetSeer.com" "www.saveaslave.com"
178.137.164.15 - - [02/Jul/2016:21:44:18 -0700] "GET / HTTP/1.1" 200 89033 "http://magnitogorsk.xrus.org/" "Mozilla/0.91 Beta (Windows)" "www.saveaslave.com"[2]
178.137.164.15 - - [02/Jul/2016:21:44:19 -0700] "GET / HTTP/1.1" 200 89033 "http://magnitogorsk.xrus.org/" "Mozilla/0.91 Beta (Windows)" "www.saveaslave.com"
5.255.250.70 - - [02/Jul/2016:21:44:19 -0700] "GET /www.legalmomentum.org HTTP/1.1" 404 89 "-" "Mozilla/5.0 (compatible; YandexBot/3.0; +http://yandex.com/bots)" "saveaslave.com"
208.115.113.94 - - [02/Jul/2016:21:54:42 -0700] "GET /in-russian.php?lang=ru HTTP/1.1" 200 92389 "-" "Mozilla/5.0 (compatible; DotBot/1.1; http://www.opensiteexplorer.org/dotbot, help@moz.com)" "saveaslave.com"[1]
8.37.232.226 - - [02/Jul/2016:22:16:31 -0700] "GET /gajaxscroller.js HTTP/1.1" 200 9774 "http://www.saveaslave.com/" "Mozilla/5.0 (Linux; U; Android 4.4.4; en-US; 2014811 Build/KTU84P) AppleWebKit/534.30 (KHTML, like Gecko) Version/4.0 UCBrowser/10.10.0.796 U3/0.8.0 Mobile Safari/534.30" "www.saveaslave.com"
8.37.232.226 - - [02/Jul/2016:22:16:31 -0700] "GET /assets/js/ie-emulation-modes-warning.js HTTP/1.1" 200 2130 "http://www.saveaslave.com/" "Mozilla/5.0 (Linux; U; Android 4.4.4; en-US; 2014811 Build/KTU84P) AppleWebKit/534.30 (KHTML, like Gecko) Version/4.0 UCBrowser/10.10.0.796 U3/0.8.0 Mobile Safari/534.30" "www.saveaslave.com"
8.37.232.226 - - [02/Jul/2016:22:16:31 -0700] "GET /images/article/end_it.jpg HTTP/1.1" 200 33676 "http://www.saveaslave.com/" "Mozilla/5.0 (Linux; U; Android 4.4.4; en-US; 2014811 Build/KTU84P) AppleWebKit/534.30 (KHTML, like Gecko) Version/4.0 UCBrowser/10.10.0.796 U3/0.8.0 Mobile Safari/534.30" "www.saveaslave.com"
8.37.232.226 - - [02/Jul/2016:22:16:31 -0700] "GET /photos/article3a.jpg HTTP/1.1" 404 89 "http://www.saveaslave.com/" "Mozilla/5.0 (Linux; U; Android 4.4.4; en-US; 2014811 Build/KTU84P) AppleWebKit/534.30 (KHTML, like Gecko) Version/4.0 UCBrowser/10.10.0.796 U3/0.8.0 Mobile Safari/534.30" "www.saveaslave.com"
8.37.232.226 - - [02/Jul/2016:22:16:31 -0700] "GET /images/article/suspects.jpg HTTP/1.1" 200 58796 "http://www.saveaslave.com/" "Mozilla/5.0 (Linux; U; Android 4.4.4; en-US; 2014811 Build/KTU84P) AppleWebKit/534.30 (KHTML, like Gecko) Version/4.0 UCBrowser/10.10.0.796 U3/0.8.0 Mobile Safari/534.30" "www.saveaslave.com"
8.37.232.226 - - [02/Jul/2016:22:16:39 -0700] "GET /css/down-arrow.png HTTP/1.1" 404 89 "http://www.saveaslave.com/" "Mozilla/5.0 (Linux; U; Android 4.4.4; en-US; 2014811 Build/KTU84P) AppleWebKit/534.30 (KHTML, like Gecko) Version/4.0 UCBrowser/10.10.0.796 U3/0.8.0 Mobile Safari/534.30" "www.saveaslave.com"
5.255.250.70 - - [02/Jul/2016:22:25:53 -0700] "GET /www.ucclb.org HTTP/1.1" 404 89 "-" "Mozilla/5.0 (compatible; YandexBot/3.0; +http://yandex.com/bots)" "saveaslave.com"
208.115.113.94 - - [02/Jul/2016:22:41:44 -0700] "GET /robots.txt HTTP/1.1" 200 48 "-" "Mozilla/5.0 (compatible; DotBot/1.1; http://www.opensiteexplorer.org/dotbot, help@moz.com)" "www.saveaslave.com"
141.8.143.182 - - [02/Jul/2016:22:50:54 -0700] "GET /article.php?id=6 HTTP/1.1" 200 47572 "-" "Mozilla/5.0 (compatible; YandexBot/3.0; +http://yandex.com/bots)" "saveaslave.com"
208.115.113.86 - - [02/Jul/2016:22:55:21 -0700] "GET /article.php?id=87 HTTP/1.1" 200 776 "-" "Mozilla/5.0 (compatible; DotBot/1.1; http://www.opensiteexplorer.org/dotbot, help@moz.com)" "saveaslave.com"[1]
141.8.143.182 - - [02/Jul/2016:23:06:25 -0700] "GET /robots.txt HTTP/1.1" 200 48 "-" "Mozilla/5.0 (compatible; YandexBot/3.0; +http://yandex.com/bots)" "www.saveaslave.com"
100.43.85.25 - - [02/Jul/2016:23:08:52 -0700] "GET /favicon.ico HTTP/1.1" 404 89 "-" "Mozilla/5.0 (compatible; YandexBot/3.0; +http://yandex.com/bots)" "saveaslave.com"
141.8.143.176 - - [02/Jul/2016:23:29:52 -0700] "GET /www.hijcenter.org HTTP/1.1" 404 89 "-" "Mozilla/5.0 (compatible; YandexBot/3.0; +http://yandex.com/bots)" "saveaslave.com"
208.115.113.86 - - [02/Jul/2016:23:50:27 -0700] "GET /robots.txt HTTP/1.1" 200 48 "-" "Mozilla/5.0 (compatible; DotBot/1.1; http://www.opensiteexplorer.org/dotbot, help@moz.com)" "saveaslave.com"[0]
100.43.85.25 - - [02/Jul/2016:23:54:21 -0700] "GET /www.lacity.org HTTP/1.1" 404 89 "-" "Mozilla/5.0 (compatible; YandexBot/3.0; +http://yandex.com/bots)" "saveaslave.com"
65.36.241.48 - - [03/Jul/2016:00:01:10 -0700] "HEAD / HTTP/1.1" 200 0 "-" "InternetSeer.com" "www.saveaslave.com"
208.115.113.94 - - [03/Jul/2016:00:06:22 -0700] "GET /who-we-are.php HTTP/1.0" 200 50828 "-" "Mozilla/5.0 (compatible; DotBot/1.1; http://www.opensiteexplorer.org/dotbot, help@moz.com)" "www.saveaslave.com"
141.8.143.182 - - [03/Jul/2016:00:18:41 -0700] "GET /article.php?id=15 HTTP/1.1" 200 56215 "-" "Mozilla/5.0 (compatible; YandexBot/3.0; +http://yandex.com/bots)" "saveaslave.com"[1]
221.225.145.248 - - [03/Jul/2016:00:26:00 -0700] "GET / HTTP/1.1" 200 89069 "-" "Mozilla/5.0+(compatible;+Baiduspider/2.0;++http://www.baidu.com/search/spider.html)" "saveaslave.com"
208.115.113.94 - - [03/Jul/2016:00:46:17 -0700] "GET /robots.txt HTTP/1.1" 200 48 "-" "Mozilla/5.0 (compatible; DotBot/1.1; http://www.opensiteexplorer.org/dotbot, help@moz.com)" "www.saveaslave.com"
144.76.29.162 - - [03/Jul/2016:00:46:53 -0700] "GET /article.php?id=19 HTTP/1.1" 200 48714 "-" "Mozilla/5.0 (compatible; MJ12bot/v1.4.5; http://www.majestic12.co.uk/bot.php?+)" "saveaslave.com"[2]
144.76.29.162 - - [03/Jul/2016:00:46:56 -0700] "GET /robots.txt HTTP/1.1" 200 48 "-" "Mozilla/5.0 (compatible; MJ12bot/v1.4.5; http://www.majestic12.co.uk/bot.php?+)" "www.saveaslave.com"
144.76.29.162 - - [03/Jul/2016:00:46:59 -0700] "GET /?tpl=hospitals&Itemid=11&countrycode=us HTTP/1.1" 200 89069 "-" "Mozilla/5.0 (compatible; MJ12bot/v1.4.5; http://www.majestic12.co.uk/bot.php?+)" "www.saveaslave.com"[0]
69.30.215.142 - - [03/Jul/2016:00:47:59 -0700] "GET /robots.txt HTTP/1.1" 200 48 "-" "Mozilla/5.0 (compatible; MJ12bot/v1.4.5; http://www.majestic12.co.uk/bot.php?+)" "saveaslave.com"
69.30.215.142 - - [03/Jul/2016:00:48:00 -0700] "GET /italy HTTP/1.1" 404 89 "-" "Mozilla/5.0 (compatible; MJ12bot/v1.4.5; http://www.majestic12.co.uk/bot.php?+)" "saveaslave.com"
69.30.215.142 - - [03/Jul/2016:00:48:02 -0700] "GET /libya HTTP/1.1" 404 89 "-" "Mozilla/5.0 (compatible; MJ12bot/v1.4.5; http://www.majestic12.co.uk/bot.php?+)" "saveaslave.com"[0]
199.21.99.196 - - [03/Jul/2016:00:54:18 -0700] "GET /www.nightlightinternational.org HTTP/1.1" 404 89 "-" "Mozilla/5.0 (compatible; YandexBot/3.0; +http://yandex.com/bots)" "saveaslave.com"
208.115.113.86 - - [03/Jul/2016:00:54:50 -0700] "GET /article.php?id=47 HTTP/1.1" 200 776 "-" "Mozilla/5.0 (compatible; DotBot/1.1; http://www.opensiteexplorer.org/dotbot, help@moz.com)" "saveaslave.com"
136.243.152.18 - - [03/Jul/2016:00:56:25 -0700] "GET /robots.txt HTTP/1.1" 200 48 "-" "Mozilla/5.0 (compatible; MJ12bot/v1.4.5; http://www.majestic12.co.uk/bot.php?+)" "saveaslave.com"
136.243.152.18 - - [03/Jul/2016:00:57:09 -0700] "GET /article.php?id=111 HTTP/1.1" 200 46202 "-" "Mozilla/5.0 (compatible; MJ12bot/v1.4.5; http://www.majestic12.co.uk/bot.php?+)" "saveaslave.com"
136.243.152.18 - - [03/Jul/2016:00:59:13 -0700] "GET /american_samoa.html HTTP/1.0" 404 73 "-" "Mozilla/5.0 (compatible; MJ12bot/v1.4.5; http://www.majestic12.co.uk/bot.php?+)" "saveaslave.com"
79.139.226.236 - - [03/Jul/2016:01:04:57 -0700] "GET / HTTP/1.1" 200 89069 "http://saveaslave.com/" "Mozilla/5.0 (Windows NT 5.1) AppleWebKit/537.36 (KHTML, like Gecko) Chrome/39.0.2171.71 Safari/537.36" "saveaslave.com"[1]
65.36.241.48 - - [03/Jul/2016:01:20:08 -0700] "HEAD /?tpl=references&Itemid=3 HTTP/1.1" 200 0 "-" "InternetSeer.com" "www.saveaslave.com"
65.36.241.48 - - [03/Jul/2016:01:25:54 -0700] "HEAD / HTTP/1.1" 200 0 "-" "InternetSeer.com" "www.saveaslave.com"
207.46.13.134 - - [03/Jul/2016:01:27:04 -0700] "GET /robots.txt HTTP/1.1" 200 48 "-" "Mozilla/5.0 (compatible; bingbot/2.0; +http://www.bing.com/bingbot.htm)" "saveaslave.com"
141.8.143.176 - - [03/Jul/2016:01:36:05 -0700] "GET /www.btcc.ips-dc.org HTTP/1.1" 404 89 "-" "Mozilla/5.0 (compatible; YandexBot/3.0; +http://yandex.com/bots)" "saveaslave.com"
68.180.229.227 - - [03/Jul/2016:01:38:51 -0700] "GET /our-supportersr.php HTTP/1.1" 200 73 "-" "Mozilla/5.0 (compatible; Yahoo! Slurp; http://help.yahoo.com/help/us/ysearch/slurp)" "saveaslave.com"[0]
217.69.133.238 - - [03/Jul/2016:01:38:53 -0700] "GET /site/?cat=242 HTTP/1.1" 404 89 "-" "Mozilla/5.0 (compatible; Linux x86_64; Mail.RU_Bot/2.0; +http://go.mail.ru/help/robots)" "saveaslave.com"
69.30.215.122 - - [03/Jul/2016:01:40:11 -0700] "GET /article.php?id=45 HTTP/1.1" 200 45921 "-" "Mozilla/5.0 (compatible; MJ12bot/v1.4.5; http://www.majestic12.co.uk/bot.php?+)" "saveaslave.com"
69.30.215.122 - - [03/Jul/2016:01:40:55 -0700] "GET /article.php?id=65 HTTP/1.1" 200 50269 "-" "Mozilla/5.0 (compatible; MJ12bot/v1.4.5; http://www.majestic12.co.uk/bot.php?+)" "saveaslave.com"
69.30.215.122 - - [03/Jul/2016:01:41:02 -0700] "GET /help-advanced.php HTTP/1.1" 200 53665 "-" "Mozilla/5.0 (compatible; MJ12bot/v1.4.5; http://www.majestic12.co.uk/bot.php?+)" "saveaslave.com"
69.30.215.122 - - [03/Jul/2016:01:41:05 -0700] "GET /site/?p=60 HTTP/1.1" 404 89 "-" "Mozilla/5.0 (compatible; MJ12bot/v1.4.5; http://www.majestic12.co.uk/bot.php?+)" "saveaslave.com"
69.30.215.122 - - [03/Jul/2016:01:41:07 -0700] "GET /who-we-arer.php HTTP/1.1" 200 72535 "-" "Mozilla/5.0 (compatible; MJ12bot/v1.4.5; http://www.majestic12.co.uk/bot.php?+)" "saveaslave.com"
69.30.215.122 - - [03/Jul/2016:01:41:10 -0700] "GET /www.1736fcc.org HTTP/1.1" 404 89 "-" "Mozilla/5.0 (compatible; MJ12bot/v1.4.5; http://www.majestic12.co.uk/bot.php?+)" "saveaslave.com"
69.30.215.122 - - [03/Jul/2016:01:41:14 -0700] "GET /www.americangateways.org HTTP/1.1" 404 89 "-" "Mozilla/5.0 (compatible; MJ12bot/v1.4.5; http://www.majestic12.co.uk/bot.php?+)" "saveaslave.com"
69.30.215.122 - - [03/Jul/2016:01:41:23 -0700] "GET /www.boe.ca.gov HTTP/1.1" 404 89 "-" "Mozilla/5.0 (compatible; MJ12bot/v1.4.5; http://www.majestic12.co.uk/bot.php?+)" "saveaslave.com"
69.30.215.122 - - [03/Jul/2016:01:41:24 -0700] "GET /www.bpsos.org HTTP/1.1" 404 89 "-" "Mozilla/5.0 (compatible; MJ12bot/v1.4.5; http://www.majestic12.co.uk/bot.php?+)" "saveaslave.com"
69.30.215.122 - - [03/Jul/2016:01:41:26 -0700] "GET /www.breakthechaincampaign.org HTTP/1.1" 404 89 "-" "Mozilla/5.0 (compatible; MJ12bot/v1.4.5; http://www.majestic12.co.uk/bot.php?+)" "saveaslave.com"
69.30.215.122 - - [03/Jul/2016:01:41:27 -0700] "GET /www.btcc.ips-dc.org HTTP/1.1" 404 89 "-" "Mozilla/5.0 (compatible; MJ12bot/v1.4.5; http://www.majestic12.co.uk/bot.php?+)" "saveaslave.com"
69.30.215.122 - - [03/Jul/2016:01:41:31 -0700] "GET /www.casa-alianzamexico.org HTTP/1.1" 404 89 "-" "Mozilla/5.0 (compatible; MJ12bot/v1.4.5; http://www.majestic12.co.uk/bot.php?+)" "saveaslave.com"
69.30.215.122 - - [03/Jul/2016:01:41:35 -0700] "GET /www.chirla.org HTTP/1.1" 404 89 "-" "Mozilla/5.0 (compatible; MJ12bot/v1.4.5; http://www.majestic12.co.uk/bot.php?+)" "saveaslave.com"[0]
69.30.215.122 - - [03/Jul/2016:01:41:37 -0700] "GET /www.citybarjusticecenter.org HTTP/1.1" 404 89 "-" "Mozilla/5.0 (compatible; MJ12bot/v1.4.5; http://www.majestic12.co.uk/bot.php?+)" "saveaslave.com"
69.30.215.122 - - [03/Jul/2016:01:41:41 -0700] "GET /www.cliniclegal.org HTTP/1.1" 404 89 "-" "Mozilla/5.0 (compatible; MJ12bot/v1.4.5; http://www.majestic12.co.uk/bot.php?+)" "saveaslave.com"
69.30.215.122 - - [03/Jul/2016:01:42:52 -0700] "GET /www.crla.org HTTP/1.1" 404 89 "-" "Mozilla/5.0 (compatible; MJ12bot/v1.4.5; http://www.majestic12.co.uk/bot.php?+)" "saveaslave.com"
69.30.215.122 - - [03/Jul/2016:01:43:37 -0700] "GET /www.dhs.gov HTTP/1.1" 404 89 "-" "Mozilla/5.0 (compatible; MJ12bot/v1.4.5; http://www.majestic12.co.uk/bot.php?+)" "saveaslave.com"[0]
69.30.215.122 - - [03/Jul/2016:01:43:40 -0700] "GET /www.dss.ca.gov HTTP/1.1" 404 89 "-" "Mozilla/5.0 (compatible; MJ12bot/v1.4.5; http://www.majestic12.co.uk/bot.php?+)" "saveaslave.com"
69.30.215.122 - - [03/Jul/2016:01:43:42 -0700] "GET /www.eastwestplayers.org HTTP/1.1" 404 89 "-" "Mozilla/5.0 (compatible; MJ12bot/v1.4.5; http://www.majestic12.co.uk/bot.php?+)" "saveaslave.com"
69.30.215.122 - - [03/Jul/2016:01:43:43 -0700] "GET /www.elawc.org HTTP/1.1" 404 89 "-" "Mozilla/5.0 (compatible; MJ12bot/v1.4.5; http://www.majestic12.co.uk/bot.php?+)" "saveaslave.com"
69.30.215.122 - - [03/Jul/2016:01:43:44 -0700] "GET /www.fairfund.org HTTP/1.1" 404 89 "-" "Mozilla/5.0 (compatible; MJ12bot/v1.4.5; http://www.majestic12.co.uk/bot.php?+)" "saveaslave.com"
69.30.215.122 - - [03/Jul/2016:01:43:47 -0700] "GET /www.fiacfla.org HTTP/1.1" 404 89 "-" "Mozilla/5.0 (compatible; MJ12bot/v1.4.5; http://www.majestic12.co.uk/bot.php?+)" "saveaslave.com"
69.30.215.122 - - [03/Jul/2016:01:43:49 -0700] "GET /www.freedomnetworkusa.org HTTP/1.1" 404 89 "-" "Mozilla/5.0 (compatible; MJ12bot/v1.4.5; http://www.majestic12.co.uk/bot.php?+)" "saveaslave.com"
69.30.215.122 - - [03/Jul/2016:01:43:50 -0700] "GET /www.gladinc.org HTTP/1.1" 404 89 "-" "Mozilla/5.0 (compatible; MJ12bot/v1.4.5; http://www.majestic12.co.uk/bot.php?+)" "saveaslave.com"
69.30.215.122 - - [03/Jul/2016:01:43:53 -0700] "GET /www.iibuff.org HTTP/1.1" 404 89 "-" "Mozilla/5.0 (compatible; MJ12bot/v1.4.5; http://www.majestic12.co.uk/bot.php?+)" "saveaslave.com"
69.30.215.122 - - [03/Jul/2016:01:43:54 -0700] "GET /www.immigrantjustice.org HTTP/1.1" 404 89 "-" "Mozilla/5.0 (compatible; MJ12bot/v1.4.5; http://www.majestic12.co.uk/bot.php?+)" "saveaslave.com"
69.30.215.122 - - [03/Jul/2016:01:43:55 -0700] "GET /www.iofa.org HTTP/1.1" 404 89 "-" "Mozilla/5.0 (compatible; MJ12bot/v1.4.5; http://www.majestic12.co.uk/bot.php?+)" "saveaslave.com"
69.30.215.122 - - [03/Jul/2016:01:43:57 -0700] "GET /www.jvsla.org HTTP/1.1" 404 89 "-" "Mozilla/5.0 (compatible; MJ12bot/v1.4.5; http://www.majestic12.co.uk/bot.php?+)" "saveaslave.com"
69.30.215.122 - - [03/Jul/2016:01:43:59 -0700] "GET /www.kiwa.org HTTP/1.1" 404 89 "-" "Mozilla/5.0 (compatible; MJ12bot/v1.4.5; http://www.majestic12.co.uk/bot.php?+)" "saveaslave.com"
69.30.215.122 - - [03/Jul/2016:01:44:00 -0700] "GET /www.lacity.org HTTP/1.1" 404 89 "-" "Mozilla/5.0 (compatible; MJ12bot/v1.4.5; http://www.majestic12.co.uk/bot.php?+)" "saveaslave.com"
69.30.215.122 - - [03/Jul/2016:01:44:01 -0700] "GET /www.lafla.org HTTP/1.1" 404 89 "-" "Mozilla/5.0 (compatible; MJ12bot/v1.4.5; http://www.majestic12.co.uk/bot.php?+)" "saveaslave.com"
69.30.215.122 - - [03/Jul/2016:01:44:03 -0700] "GET /www.layn.org HTTP/1.1" 404 89 "-" "Mozilla/5.0 (compatible; MJ12bot/v1.4.5; http://www.majestic12.co.uk/bot.php?+)" "saveaslave.com"
69.30.215.122 - - [03/Jul/2016:01:44:04 -0700] "GET /www.legalmomentum.org HTTP/1.1" 404 89 "-" "Mozilla/5.0 (compatible; MJ12bot/v1.4.5; http://www.majestic12.co.uk/bot.php?+)" "saveaslave.com"
69.30.215.122 - - [03/Jul/2016:01:44:06 -0700] "GET /www.liderescampesinas.org HTTP/1.1" 404 89 "-" "Mozilla/5.0 (compatible; MJ12bot/v1.4.5; http://www.majestic12.co.uk/bot.php?+)" "saveaslave.com"
69.30.215.122 - - [03/Jul/2016:01:44:07 -0700] "GET /www.longbeach.gov HTTP/1.1" 404 89 "-" "Mozilla/5.0 (compatible; MJ12bot/v1.4.5; http://www.majestic12.co.uk/bot.php?+)" "saveaslave.com"
69.30.215.122 - - [03/Jul/2016:01:44:09 -0700] "GET /www.ltsc.org HTTP/1.1" 404 89 "-" "Mozilla/5.0 (compatible; MJ12bot/v1.4.5; http://www.majestic12.co.uk/bot.php?+)" "saveaslave.com"
69.30.215.122 - - [03/Jul/2016:01:44:10 -0700] "GET /www.migrante.com.mx HTTP/1.1" 404 89 "-" "Mozilla/5.0 (compatible; MJ12bot/v1.4.5; http://www.majestic12.co.uk/bot.php?+)" "saveaslave.com"
69.30.215.122 - - [03/Jul/2016:01:44:13 -0700] "GET /www.mosaicservices.org HTTP/1.1" 404 89 "-" "Mozilla/5.0 (compatible; MJ12bot/v1.4.5; http://www.majestic12.co.uk/bot.php?+)" "saveaslave.com"
69.30.215.122 - - [03/Jul/2016:01:44:23 -0700] "GET /www.ncjla.org HTTP/1.1" 404 89 "-" "Mozilla/5.0 (compatible; MJ12bot/v1.4.5; http://www.majestic12.co.uk/bot.php?+)" "saveaslave.com"
69.30.215.122 - - [03/Jul/2016:01:44:27 -0700] "GET /www.nightlightinternational.org HTTP/1.1" 404 89 "-" "Mozilla/5.0 (compatible; MJ12bot/v1.4.5; http://www.majestic12.co.uk/bot.php?+)" "saveaslave.com"
69.30.215.122 - - [03/Jul/2016:01:44:36 -0700] "GET /www.oasisusa.org HTTP/1.1" 404 89 "-" "Mozilla/5.0 (compatible; MJ12bot/v1.4.5; http://www.majestic12.co.uk/bot.php?+)" "saveaslave.com"
69.30.215.122 - - [03/Jul/2016:01:44:37 -0700] "GET /www.opcc.net HTTP/1.1" 404 89 "-" "Mozilla/5.0 (compatible; MJ12bot/v1.4.5; http://www.majestic12.co.uk/bot.php?+)" "saveaslave.com"
69.30.215.122 - - [03/Jul/2016:01:44:39 -0700] "GET /www.peaceoverviolence.org HTTP/1.1" 404 89 "-" "Mozilla/5.0 (compatible; MJ12bot/v1.4.5; http://www.majestic12.co.uk/bot.php?+)" "saveaslave.com"
69.30.215.122 - - [03/Jul/2016:01:44:40 -0700] "GET /www.ptvla.org HTTP/1.1" 404 89 "-" "Mozilla/5.0 (compatible; MJ12bot/v1.4.5; http://www.majestic12.co.uk/bot.php?+)" "saveaslave.com"
69.30.215.122 - - [03/Jul/2016:01:44:41 -0700] "GET /www.publiccounsel.org HTTP/1.1" 404 89 "-" "Mozilla/5.0 (compatible; MJ12bot/v1.4.5; http://www.majestic12.co.uk/bot.php?+)" "saveaslave.com"
69.30.215.122 - - [03/Jul/2016:01:44:43 -0700] "GET /www.pwcsc.org HTTP/1.1" 404 89 "-" "Mozilla/5.0 (compatible; MJ12bot/v1.4.5; http://www.majestic12.co.uk/bot.php?+)" "saveaslave.com"
69.30.215.122 - - [03/Jul/2016:01:44:50 -0700] "GET /www.sndca.org HTTP/1.1" 404 89 "-" "Mozilla/5.0 (compatible; MJ12bot/v1.4.5; http://www.majestic12.co.uk/bot.php?+)" "saveaslave.com"
69.30.215.122 - - [03/Jul/2016:01:44:51 -0700] "GET /www.southasiannetwork.org HTTP/1.1" 404 89 "-" "Mozilla/5.0 (compatible; MJ12bot/v1.4.5; http://www.majestic12.co.uk/bot.php?+)" "saveaslave.com"
69.30.215.122 - - [03/Jul/2016:01:44:52 -0700] "GET /www.tahirih.org HTTP/1.1" 404 89 "-" "Mozilla/5.0 (compatible; MJ12bot/v1.4.5; http://www.majestic12.co.uk/bot.php?+)" "saveaslave.com"
69.30.215.122 - - [03/Jul/2016:01:44:54 -0700] "GET /www.tapestri.org HTTP/1.1" 404 89 "-" "Mozilla/5.0 (compatible; MJ12bot/v1.4.5; http://www.majestic12.co.uk/bot.php?+)" "saveaslave.com"
69.30.215.122 - - [03/Jul/2016:01:44:55 -0700] "GET /www.thaicdc.org HTTP/1.1" 404 89 "-" "Mozilla/5.0 (compatible; MJ12bot/v1.4.5; http://www.majestic12.co.uk/bot.php?+)" "saveaslave.com"[0]
69.30.215.122 - - [03/Jul/2016:01:44:57 -0700] "GET /www.theirc.org HTTP/1.1" 404 89 "-" "Mozilla/5.0 (compatible; MJ12bot/v1.4.5; http://www.majestic12.co.uk/bot.php?+)" "saveaslave.com"[0]
69.30.215.122 - - [03/Jul/2016:01:44:58 -0700] "GET /www.thesabanfreeclinic.org HTTP/1.1" 404 89 "-" "Mozilla/5.0 (compatible; MJ12bot/v1.4.5; http://www.majestic12.co.uk/bot.php?+)" "saveaslave.com"
69.30.215.122 - - [03/Jul/2016:01:44:59 -0700] "GET /www.traffickingaz.org HTTP/1.1" 404 89 "-" "Mozilla/5.0 (compatible; MJ12bot/v1.4.5; http://www.majestic12.co.uk/bot.php?+)" "saveaslave.com"
69.30.215.122 - - [03/Jul/2016:01:45:01 -0700] "GET /www.ucclb.org HTTP/1.1" 404 89 "-" "Mozilla/5.0 (compatible; MJ12bot/v1.4.5; http://www.majestic12.co.uk/bot.php?+)" "saveaslave.com"[0]
69.30.215.122 - - [03/Jul/2016:01:45:02 -0700] "GET /www.urbanjustice.org HTTP/1.1" 404 89 "-" "Mozilla/5.0 (compatible; MJ12bot/v1.4.5; http://www.majestic12.co.uk/bot.php?+)" "saveaslave.com"[0]
69.30.215.122 - - [03/Jul/2016:01:45:04 -0700] "GET /www.usdoj.gov HTTP/1.1" 404 89 "-" "Mozilla/5.0 (compatible; MJ12bot/v1.4.5; http://www.majestic12.co.uk/bot.php?+)" "saveaslave.com"
69.30.215.122 - - [03/Jul/2016:01:45:05 -0700] "GET /www.usw.sarmy.org HTTP/1.1" 404 89 "-" "Mozilla/5.0 (compatible; MJ12bot/v1.4.5; http://www.majestic12.co.uk/bot.php?+)" "saveaslave.com"
69.30.215.122 - - [03/Jul/2016:01:45:05 -0700] "GET /www.covenanthouse.org HTTP/1.0" 404 73 "-" "Mozilla/5.0 (compatible; MJ12bot/v1.4.5; http://www.majestic12.co.uk/bot.php?+)" "saveaslave.com"
69.30.215.122 - - [03/Jul/2016:01:45:06 -0700] "GET /robots.txt HTTP/1.1" 200 48 "-" "Mozilla/5.0 (compatible; MJ12bot/v1.4.5; http://www.majestic12.co.uk/bot.php?+)" "www.saveaslave.com"
69.30.215.122 - - [03/Jul/2016:01:45:08 -0700] "GET /?tpl=appendices&Itemid=4 HTTP/1.1" 200 89069 "-" "Mozilla/5.0 (compatible; MJ12bot/v1.4.5; http://www.majestic12.co.uk/bot.php?+)" "www.saveaslave.com"
69.30.215.122 - - [03/Jul/2016:01:45:51 -0700] "GET /article.php?id=15 HTTP/1.1" 200 56215 "-" "Mozilla/5.0 (compatible; MJ12bot/v1.4.5; http://www.majestic12.co.uk/bot.php?+)" "www.saveaslave.com"
69.30.215.122 - - [03/Jul/2016:01:45:53 -0700] "GET /article.php?id=2 HTTP/1.1" 200 48390 "-" "Mozilla/5.0 (compatible; MJ12bot/v1.4.5; http://www.majestic12.co.uk/bot.php?+)" "www.saveaslave.com"
164.132.161.91 - - [03/Jul/2016:01:53:49 -0700] "GET /kazakhstan.html HTTP/1.1" 404 89 "-" "Mozilla/5.0 (compatible; AhrefsBot/5.1; +http://ahrefs.com/robot/)" "saveaslave.com"
208.115.113.94 - - [03/Jul/2016:01:55:18 -0700] "GET /article.php?id=32 HTTP/1.1" 200 51091 "-" "Mozilla/5.0 (compatible; DotBot/1.1; http://www.opensiteexplorer.org/dotbot, help@moz.com)" "www.saveaslave.com"
52.25.22.228 - - [03/Jul/2016:01:58:03 -0700] "GET /wp-login.php HTTP/1.1" 200 73 "-" "Mozilla/5.0 (Windows NT 6.1; WOW64; rv:40.0) Gecko/20100101 Firefox/40.1" "saveaslave.com"[0]
141.8.143.182 - - [03/Jul/2016:02:16:32 -0700] "GET /in-russian HTTP/1.1" 200 90437 "-" "Mozilla/5.0 (compatible; YandexBot/3.0; +http://yandex.com/bots)" "saveaslave.com"[1]
65.36.241.48 - - [03/Jul/2016:02:47:42 -0700] "HEAD / HTTP/1.1" 200 0 "-" "InternetSeer.com" "www.saveaslave.com"
141.8.143.194 - - [03/Jul/2016:02:48:07 -0700] "GET /article.php?id=32 HTTP/1.1" 200 51091 "-" "Mozilla/5.0 (compatible; YandexBot/3.0; +http://yandex.com/bots)" "saveaslave.com"[1]
141.8.143.182 - - [03/Jul/2016:02:58:22 -0700] "GET /www.ciw-online.org HTTP/1.1" 404 89 "-" "Mozilla/5.0 (compatible; YandexBot/3.0; +http://yandex.com/bots)" "saveaslave.com"
69.30.234.2 - - [03/Jul/2016:03:02:44 -0700] "GET /robots.txt HTTP/1.1" 200 48 "-" "Mozilla/5.0 (compatible; MJ12bot/v1.4.5; http://www.majestic12.co.uk/bot.php?+)" "saveaslave.com"
69.30.234.2 - - [03/Jul/2016:03:02:49 -0700] "GET /?tpl=references&Itemid=3 HTTP/1.1" 200 89069 "-" "Mozilla/5.0 (compatible; MJ12bot/v1.4.5; http://www.majestic12.co.uk/bot.php?+)" "saveaslave.com"
208.115.113.86 - - [03/Jul/2016:03:08:11 -0700] "GET /article.php?id=10 HTTP/1.1" 200 49477 "-" "Mozilla/5.0 (compatible; DotBot/1.1; http://www.opensiteexplorer.org/dotbot, help@moz.com)" "saveaslave.com"
141.8.143.182 - - [03/Jul/2016:03:10:07 -0700] "GET /article.php?id=7 HTTP/1.1" 200 49199 "-" "Mozilla/5.0 (compatible; YandexBot/3.0; +http://yandex.com/bots)" "saveaslave.com"[1]
5.255.250.70 - - [03/Jul/2016:03:40:11 -0700] "GET /www.covenanthouse.org HTTP/1.1" 404 89 "-" "Mozilla/5.0 (compatible; YandexBot/3.0; +http://yandex.com/bots)" "saveaslave.com"[1]
5.255.250.70 - - [03/Jul/2016:03:56:34 -0700] "GET /password_protect.php?logout=1 HTTP/1.1" 200 416 "-" "Mozilla/5.0 (compatible; YandexBot/3.0; +http://yandex.com/bots)" "saveaslave.com"
5.255.250.70 - - [03/Jul/2016:04:13:50 -0700] "GET /www.apctc.org HTTP/1.1" 404 89 "-" "Mozilla/5.0 (compatible; YandexBot/3.0; +http://yandex.com/bots)" "saveaslave.com"
141.8.143.182 - - [03/Jul/2016:04:25:10 -0700] "GET /article.php?id=5 HTTP/1.1" 200 46597 "-" "Mozilla/5.0 (compatible; YandexBot/3.0; +http://yandex.com/bots)" "saveaslave.com"[2]
5.255.250.70 - - [03/Jul/2016:04:34:18 -0700] "GET /www.migrante.com.mx HTTP/1.1" 404 89 "-" "Mozilla/5.0 (compatible; YandexBot/3.0; +http://yandex.com/bots)" "saveaslave.com"[0]
66.249.69.180 - - [03/Jul/2016:04:34:28 -0700] "GET /brazil HTTP/1.1" 404 89 "-" "Mozilla/5.0 (Linux; Android 6.0.1; Nexus 5X Build/MMB29P) AppleWebKit/537.36 (KHTML, like Gecko) Chrome/41.0.2272.96 Mobile Safari/537.36 (compatible; Googlebot/2.1; +http://www.google.com/bot.html)" "www.saveaslave.com"[0]
218.92.147.79 - - [03/Jul/2016:04:36:03 -0700] "OPTIONS / HTTP/1.1" 200 88688 "-" "Mozilla/5.0 (Macintosh; Intel Mac OS X 10_10_5) AppleWebKit/537.36 (KHTML, like Gecko) Chrome/43.0.2357.134 Safari/537.36 QQBrowser/3.8.3858.400" "www.saveaslave.com"
218.92.147.79 - - [03/Jul/2016:04:36:04 -0700] "GET /templets/default/style/dedecms.css HTTP/1.1" 404 89 "http://www.saveaslave.com" "Mozilla/5.0 (Macintosh; Intel Mac OS X 10_10_5) AppleWebKit/537.36 (KHTML, like Gecko) Chrome/43.0.2357.134 Safari/537.36 QQBrowser/3.8.3858.400" "www.saveaslave.com"
141.8.143.182 - - [03/Jul/2016:04:49:15 -0700] "GET /www.safehorizon.org HTTP/1.1" 404 89 "-" "Mozilla/5.0 (compatible; YandexBot/3.0; +http://yandex.com/bots)" "saveaslave.com"
100.43.81.153 - - [03/Jul/2016:04:57:29 -0700] "GET /article.php?id=2 HTTP/1.1" 200 48390 "-" "Mozilla/5.0 (compatible; YandexBot/3.0; +http://yandex.com/bots)" "saveaslave.com"
84.226.255.143 - - [03/Jul/2016:05:42:26 -0700] "GET /images/article5.jpg HTTP/1.1" 200 14497 "https://www.google.ch" "Mozilla/5.0 (Windows NT 6.1; WOW64; rv:43.0) Gecko/20100101 Firefox/43.0" "www.saveaslave.com"
65.36.241.48 - - [03/Jul/2016:05:45:58 -0700] "HEAD / HTTP/1.1" 200 0 "-" "InternetSeer.com" "www.saveaslave.com"
151.80.31.169 - - [03/Jul/2016:05:58:50 -0700] "GET /colombia.html HTTP/1.1" 404 89 "-" "Mozilla/5.0 (compatible; AhrefsBot/5.1; +http://ahrefs.com/robot/)" "saveaslave.com"
66.249.93.82 - - [03/Jul/2016:06:10:17 -0700] "GET / HTTP/1.1" 200 89069 "-" "Mozilla/5.0 (X11; Linux x86_64) AppleWebKit/537.36 (KHTML, like Gecko) Chrome/49.0.2623.75 Safari/537.36 Google Favicon" "saveaslave.com"
66.249.93.77 - - [03/Jul/2016:06:10:17 -0700] "GET /ico/favicon-16x16.png HTTP/1.1" 200 1129 "-" "Mozilla/5.0 (X11; Linux x86_64) AppleWebKit/537.36 (KHTML, like Gecko) Chrome/49.0.2623.75 Safari/537.36 Google Favicon" "saveaslave.com"
62.210.75.243 - - [03/Jul/2016:06:16:27 -0700] "GET /gfeedfetcher.js HTTP/1.1" 200 9018 "http://www.saveaslave.com/" "Mozilla/5.0 (X11; Linux x86_64) AppleWebKit/537.36 (KHTML, like Gecko) Chrome/28.0.1500.71 Safari/537.36" "www.saveaslave.com"[0]
62.210.75.243 - - [03/Jul/2016:06:16:27 -0700] "GET /gajaxscroller.js HTTP/1.1" 200 9774 "http://www.saveaslave.com/" "Mozilla/5.0 (X11; Linux x86_64) AppleWebKit/537.36 (KHTML, like Gecko) Chrome/28.0.1500.71 Safari/537.36" "www.saveaslave.com"
62.210.75.243 - - [03/Jul/2016:06:16:27 -0700] "GET /assets/js/ie-emulation-modes-warning.js HTTP/1.1" 200 2130 "http://www.saveaslave.com/" "Mozilla/5.0 (X11; Linux x86_64) AppleWebKit/537.36 (KHTML, like Gecko) Chrome/28.0.1500.71 Safari/537.36" "www.saveaslave.com"
62.210.75.243 - - [03/Jul/2016:06:16:27 -0700] "GET /assets/js/ie10-viewport-bug-workaround.js HTTP/1.1" 200 641 "http://www.saveaslave.com/" "Mozilla/5.0 (X11; Linux x86_64) AppleWebKit/537.36 (KHTML, like Gecko) Chrome/28.0.1500.71 Safari/537.36" "www.saveaslave.com"
178.137.93.24 - - [03/Jul/2016:06:19:59 -0700] "GET /robots.txt HTTP/1.1" 200 48 "-" "Mozilla/5.0 (Windows 10; WOW64; rv:41.0) Gecko/20100101 Firefox/41.0" "www.saveaslave.com"
178.137.93.24 - - [03/Jul/2016:06:20:00 -0700] "GET / HTTP/1.1" 200 89069 "-" "Mozilla/5.0 (Windows 10; WOW64; rv:41.0) Gecko/20100101 Firefox/41.0" "www.saveaslave.com"
178.137.93.24 - - [03/Jul/2016:06:20:00 -0700] "GET /xmlrpc.php?rsd HTTP/1.1" 200 73 "-" "Mozilla/5.0 (Windows 10; WOW64; rv:41.0) Gecko/20100101 Firefox/41.0" "www.saveaslave.com"
178.137.93.24 - - [03/Jul/2016:06:20:01 -0700] "GET /blog/robots.txt HTTP/1.1" 404 89 "-" "Mozilla/5.0 (Windows 10; WOW64; rv:41.0) Gecko/20100101 Firefox/41.0" "www.saveaslave.com"
178.137.93.24 - - [03/Jul/2016:06:20:01 -0700] "GET /blog/ HTTP/1.1" 404 89 "-" "Mozilla/5.0 (Windows 10; WOW64; rv:41.0) Gecko/20100101 Firefox/41.0" "www.saveaslave.com"
178.137.93.24 - - [03/Jul/2016:06:20:01 -0700] "GET /wordpress/ HTTP/1.1" 404 89 "-" "Mozilla/5.0 (Windows 10; WOW64; rv:41.0) Gecko/20100101 Firefox/41.0" "www.saveaslave.com"[0]
46.119.127.129 - - [03/Jul/2016:06:22:39 -0700] "GET /robots.txt HTTP/1.1" 200 48 "-" "Mozilla/5.0 (Windows NT 10.0; WOW64) AppleWebKit/537.36 (KHTML, like Gecko) Chrome/49.0.2623.75 Safari/537.36 OPR/36.0.2130.32" "saveaslave.com"
46.119.127.129 - - [03/Jul/2016:06:22:40 -0700] "GET / HTTP/1.1" 200 89069 "-" "Mozilla/5.0 (Windows NT 10.0; WOW64) AppleWebKit/537.36 (KHTML, like Gecko) Chrome/49.0.2623.75 Safari/537.36 OPR/36.0.2130.32" "saveaslave.com"
46.119.127.129 - - [03/Jul/2016:06:22:41 -0700] "GET /blog/robots.txt HTTP/1.1" 404 89 "-" "Mozilla/5.0 (Windows NT 10.0; WOW64) AppleWebKit/537.36 (KHTML, like Gecko) Chrome/49.0.2623.75 Safari/537.36 OPR/36.0.2130.32" "saveaslave.com"
46.119.127.129 - - [03/Jul/2016:06:22:41 -0700] "GET /blog/ HTTP/1.1" 404 89 "-" "Mozilla/5.0 (Windows NT 10.0; WOW64) AppleWebKit/537.36 (KHTML, like Gecko) Chrome/49.0.2623.75 Safari/537.36 OPR/36.0.2130.32" "saveaslave.com"
46.119.127.129 - - [03/Jul/2016:06:22:41 -0700] "GET /wordpress/ HTTP/1.1" 404 89 "-" "Mozilla/5.0 (Windows NT 10.0; WOW64) AppleWebKit/537.36 (KHTML, like Gecko) Chrome/49.0.2623.75 Safari/537.36 OPR/36.0.2130.32" "saveaslave.com"
46.119.127.129 - - [03/Jul/2016:06:22:42 -0700] "GET /wp/ HTTP/1.1" 404 89 "-" "Mozilla/5.0 (Windows NT 10.0; WOW64) AppleWebKit/537.36 (KHTML, like Gecko) Chrome/49.0.2623.75 Safari/537.36 OPR/36.0.2130.32" "saveaslave.com"[0]
52.3.105.23 - - [03/Jul/2016:06:57:46 -0700] "GET /assets/js/ie-emulation-modes-warning.js HTTP/1.1" 200 2130 "-" "ltx71 - (http://ltx71.com/)" "www.saveaslave.com"
5.9.89.170 - - [03/Jul/2016:07:02:10 -0700] "GET /article.php?id=13 HTTP/1.1" 200 60546 "-" "Mozilla/5.0 (compatible; MJ12bot/v1.4.5; http://www.majestic12.co.uk/bot.php?+)" "saveaslave.com"
5.9.89.170 - - [03/Jul/2016:07:02:15 -0700] "GET /article.php?id=5 HTTP/1.1" 200 46597 "-" "Mozilla/5.0 (compatible; MJ12bot/v1.4.5; http://www.majestic12.co.uk/bot.php?+)" "saveaslave.com"[0]
14.28.11.118 - - [03/Jul/2016:07:11:33 -0700] "GET / HTTP/1.1" 200 89033 "http://www.saveaslave.com/" "Mozilla/5.0 (Windows NT 6.2; WOW64; rv:35.0) Gecko/20100101 Firefox/35.0" "www.saveaslave.com"
65.36.241.48 - - [03/Jul/2016:07:14:44 -0700] "HEAD / HTTP/1.1" 200 0 "-" "InternetSeer.com" "www.saveaslave.com"
94.199.151.22 - - [03/Jul/2016:07:35:25 -0700] "GET / HTTP/1.1" 200 89069 "-" "Wotbox/2.01 (+http://www.wotbox.com/bot/)" "saveaslave.com"[2]
94.199.151.22 - - [03/Jul/2016:07:35:45 -0700] "GET /our-supporters.php HTTP/1.1" 200 55443 "-" "Wotbox/2.01 (+http://www.wotbox.com/bot/)" "saveaslave.com"
94.199.151.22 - - [03/Jul/2016:07:35:54 -0700] "GET /our-news.php HTTP/1.1" 200 65066 "-" "Wotbox/2.01 (+http://www.wotbox.com/bot/)" "saveaslave.com"
94.199.151.22 - - [03/Jul/2016:07:36:13 -0700] "GET /in-russian.php?lang=ru HTTP/1.1" 200 92389 "-" "Wotbox/2.01 (+http://www.wotbox.com/bot/)" "saveaslave.com"[1]
94.199.151.22 - - [03/Jul/2016:07:36:22 -0700] "GET /article.php?id=114 HTTP/1.1" 200 85 "-" "Wotbox/2.01 (+http://www.wotbox.com/bot/)" "saveaslave.com"[0]
94.199.151.22 - - [03/Jul/2016:07:36:30 -0700] "GET /article.php?id=86 HTTP/1.1" 200 43991 "-" "Wotbox/2.01 (+http://www.wotbox.com/bot/)" "saveaslave.com"[2]
94.199.151.22 - - [03/Jul/2016:07:37:02 -0700] "GET /index.php HTTP/1.1" 200 89069 "-" "Wotbox/2.01 (+http://www.wotbox.com/bot/)" "saveaslave.com"
94.199.151.22 - - [03/Jul/2016:07:39:02 -0700] "GET /disclaimer.php HTTP/1.1" 200 47937 "-" "Wotbox/2.01 (+http://www.wotbox.com/bot/)" "saveaslave.com"
94.199.151.22 - - [03/Jul/2016:07:39:11 -0700] "GET /help.php HTTP/1.1" 200 52768 "-" "Wotbox/2.01 (+http://www.wotbox.com/bot/)" "saveaslave.com"
217.69.133.238 - - [03/Jul/2016:07:39:16 -0700] "GET /robots.txt HTTP/1.1" 200 48 "-" "Mozilla/5.0 (compatible; Linux x86_64; Mail.RU_Bot/2.0; +http://go.mail.ru/help/robots)" "www.saveaslave.com"
94.199.151.22 - - [03/Jul/2016:07:39:19 -0700] "GET /article.php?id=113 HTTP/1.1" 200 43936 "-" "Wotbox/2.01 (+http://www.wotbox.com/bot/)" "saveaslave.com"
94.199.151.22 - - [03/Jul/2016:07:39:27 -0700] "GET /article.php?id=111 HTTP/1.1" 200 46202 "-" "Wotbox/2.01 (+http://www.wotbox.com/bot/)" "saveaslave.com"
94.199.151.22 - - [03/Jul/2016:07:40:00 -0700] "GET /article.php?id=7 HTTP/1.1" 200 49199 "-" "Wotbox/2.01 (+http://www.wotbox.com/bot/)" "saveaslave.com"[0]
94.199.151.22 - - [03/Jul/2016:07:40:06 -0700] "GET /article.php?id=6 HTTP/1.1" 200 47572 "-" "Wotbox/2.01 (+http://www.wotbox.com/bot/)" "saveaslave.com"[0]
94.199.151.22 - - [03/Jul/2016:07:40:22 -0700] "GET /disclaimer.php HTTP/1.0" 200 47937 "-" "Wotbox/2.01 (+http://www.wotbox.com/bot/)" "saveaslave.com"
94.199.151.22 - - [03/Jul/2016:07:40:22 -0700] "GET /article.php?id=4 HTTP/1.1" 200 50876 "-" "Wotbox/2.01 (+http://www.wotbox.com/bot/)" "saveaslave.com"
94.199.151.22 - - [03/Jul/2016:07:40:30 -0700] "GET /article.php?id=3 HTTP/1.1" 200 50919 "-" "Wotbox/2.01 (+http://www.wotbox.com/bot/)" "saveaslave.com"
