51.255.65.80 - - [05/Aug/2016:03:15:51 -0700] "GET /www.ririki.org/mx HTTP/1.1" 404 89 "-" "Mozilla/5.0 (compatible; AhrefsBot/5.1; +http://ahrefs.com/robot/)" "saveaslave.com"
180.76.15.162 - - [05/Aug/2016:03:16:59 -0700] "GET /index.php HTTP/1.1" 200 89977 "-" "Mozilla/5.0 (compatible; Baiduspider/2.0; +http://www.baidu.com/search/spider.html)" "www.saveaslave.com"
208.115.113.86 - - [05/Aug/2016:03:45:01 -0700] "GET /robots.txt HTTP/1.1" 200 48 "-" "Mozilla/5.0 (compatible; DotBot/1.1; http://www.opensiteexplorer.org/dotbot, help@moz.com)" "www.saveaslave.com"
65.36.241.48 - - [05/Aug/2016:03:52:16 -0700] "HEAD / HTTP/1.1" 200 0 "-" "InternetSeer.com" "www.saveaslave.com"
164.132.161.21 - - [05/Aug/2016:04:35:09 -0700] "GET /barbados.html HTTP/1.1" 404 89 "-" "Mozilla/5.0 (compatible; AhrefsBot/5.1; +http://ahrefs.com/robot/)" "saveaslave.com"
207.46.13.72 - - [05/Aug/2016:05:12:24 -0700] "GET /oman HTTP/1.1" 404 89 "-" "Mozilla/5.0 (compatible; bingbot/2.0; +http://www.bing.com/bingbot.htm)" "www.saveaslave.com"
51.255.65.2 - - [05/Aug/2016:05:20:42 -0700] "GET /belgium.html HTTP/1.1" 404 89 "-" "Mozilla/5.0 (compatible; AhrefsBot/5.1; +http://ahrefs.com/robot/)" "saveaslave.com"
65.36.241.48 - - [05/Aug/2016:05:30:58 -0700] "HEAD / HTTP/1.1" 200 0 "-" "InternetSeer.com" "www.saveaslave.com"
208.115.113.86 - - [05/Aug/2016:05:40:17 -0700] "GET /disclaimer.html HTTP/1.1" 404 89 "-" "Mozilla/5.0 (compatible; DotBot/1.1; http://www.opensiteexplorer.org/dotbot, help@moz.com)" "www.saveaslave.com"
180.76.15.25 - - [05/Aug/2016:05:48:53 -0700] "GET / HTTP/1.1" 200 89977 "-" "Mozilla/5.0 (compatible; Baiduspider/2.0; +http://www.baidu.com/search/spider.html)" "saveaslave.com"
208.115.113.86 - - [05/Aug/2016:05:54:50 -0700] "GET /robots.txt HTTP/1.1" 200 48 "-" "Mozilla/5.0 (compatible; DotBot/1.1; http://www.opensiteexplorer.org/dotbot, help@moz.com)" "www.saveaslave.com"
151.80.31.178 - - [05/Aug/2016:05:57:30 -0700] "GET /djibouti.html HTTP/1.1" 404 89 "-" "Mozilla/5.0 (compatible; AhrefsBot/5.1; +http://ahrefs.com/robot/)" "saveaslave.com"
182.118.21.219 - - [05/Aug/2016:06:24:26 -0700] "GET / HTTP/1.1" 200 89977 "http://saveaslave.com/" "Mozilla/5.0 (compatible; MSIE 9.0; Windows NT 6.1; Trident/5.0); 360Spider(compatible; HaosouSpider; http://www.haosou.com/help/help_3_2.html)" "saveaslave.com"
101.226.168.196 - - [05/Aug/2016:06:26:07 -0700] "GET / HTTP/1.1" 200 89941 "http://www.saveaslave.com/" "Mozilla/5.0 (Windows NT 6.1) AppleWebKit/537.1 (KHTML, like Gecko) Chrome/21.0.1180.89 Safari/537.1; 360Spider(compatible; HaosouSpider; http://www.haosou.com/help/help_3_2.html)" "www.saveaslave.com"[0]
180.76.15.15 - - [05/Aug/2016:06:26:34 -0700] "GET /article.php?id=5 HTTP/1.1" 200 46570 "-" "Mozilla/5.0 (compatible; Baiduspider/2.0; +http://www.baidu.com/search/spider.html)" "www.saveaslave.com"
5.255.250.70 - - [05/Aug/2016:06:29:27 -0700] "GET /article.php?id=21 HTTP/1.1" 200 49349 "-" "Mozilla/5.0 (compatible; YandexBot/3.0; +http://yandex.com/bots)" "saveaslave.com"
180.76.15.157 - - [05/Aug/2016:07:00:05 -0700] "GET / HTTP/1.1" 200 89977 "-" "Mozilla/5.0 (compatible; Baiduspider/2.0; +http://www.baidu.com/search/spider.html)" "www.saveaslave.com"[2]
65.36.241.48 - - [05/Aug/2016:07:15:03 -0700] "HEAD / HTTP/1.1" 200 0 "-" "InternetSeer.com" "www.saveaslave.com"
157.55.39.217 - - [05/Aug/2016:07:32:14 -0700] "GET /robots.txt HTTP/1.1" 200 48 "-" "Mozilla/5.0 (compatible; bingbot/2.0; +http://www.bing.com/bingbot.htm)" "www.saveaslave.com"
208.115.113.86 - - [05/Aug/2016:08:01:26 -0700] "GET /robots.txt HTTP/1.1" 200 48 "-" "Mozilla/5.0 (compatible; DotBot/1.1; http://www.opensiteexplorer.org/dotbot, help@moz.com)" "saveaslave.com"
180.76.15.137 - - [05/Aug/2016:08:25:00 -0700] "GET /manifest.json HTTP/1.1" 404 89 "-" "Mozilla/5.0 (compatible; Baiduspider/2.0; +http://www.baidu.com/search/spider.html)" "www.saveaslave.com"
94.29.15.217 - - [05/Aug/2016:09:07:14 -0700] "GET / HTTP/1.1" 200 89977 "-" "-" "saveaslave.com"
141.241.26.40 - - [05/Aug/2016:09:16:49 -0700] "GET /images/article/suspects.jpg HTTP/1.1" 200 58796 "-" "Mozilla/5.0 (Windows NT 6.1; WOW64; Trident/7.0; rv:11.0) like Gecko" "www.saveaslave.com"
106.120.173.111 - - [05/Aug/2016:09:55:55 -0700] "GET /site/?cat=238 HTTP/1.1" 404 89 "-" "Sogou web spider/4.0(+http://www.sogou.com/docs/help/webmasters.htm#07)" "saveaslave.com"[0]
106.120.173.111 - - [05/Aug/2016:09:56:01 -0700] "GET /robots.txt HTTP/1.1" 200 48 "-" "Sogou web spider/4.0(+http://www.sogou.com/docs/help/webmasters.htm#07)" "saveaslave.com"[0]
159.203.61.153 - - [05/Aug/2016:10:14:11 -0700] "HEAD / HTTP/1.1" 200 0 "-" "curl/7.38.0" "saveaslave.com"[1]
208.115.113.86 - - [05/Aug/2016:10:16:37 -0700] "GET /robots.txt HTTP/1.1" 200 48 "-" "Mozilla/5.0 (compatible; DotBot/1.1; http://www.opensiteexplorer.org/dotbot, help@moz.com)" "saveaslave.com"
208.115.113.86 - - [05/Aug/2016:10:16:37 -0700] "GET /robots.txt HTTP/1.1" 200 48 "-" "Mozilla/5.0 (compatible; DotBot/1.1; http://www.opensiteexplorer.org/dotbot, help@moz.com)" "www.saveaslave.com"[0]
208.115.113.86 - - [05/Aug/2016:10:31:13 -0700] "GET /calendar/default.html HTTP/1.1" 404 89 "-" "Mozilla/5.0 (compatible; DotBot/1.1; http://www.opensiteexplorer.org/dotbot, help@moz.com)" "www.saveaslave.com"
168.215.162.70 - - [05/Aug/2016:10:36:19 -0700] "GET / HTTP/1.1" 200 89941 "https://t.co/E8R4kksux4" "Mozilla/5.0 (Windows NT 10.0; WOW64) AppleWebKit/537.36 (KHTML, like Gecko) Chrome/51.0.2704.103 Safari/537.36" "saveaslave.com"
168.215.162.70 - - [05/Aug/2016:10:36:20 -0700] "GET /assets/js/ie10-viewport-bug-workaround.js HTTP/1.1" 200 641 "http://saveaslave.com/" "Mozilla/5.0 (Windows NT 10.0; WOW64) AppleWebKit/537.36 (KHTML, like Gecko) Chrome/51.0.2704.103 Safari/537.36" "saveaslave.com"
168.215.162.70 - - [05/Aug/2016:10:36:20 -0700] "GET /images/social3.png HTTP/1.1" 200 4343 "http://saveaslave.com/" "Mozilla/5.0 (Windows NT 10.0; WOW64) AppleWebKit/537.36 (KHTML, like Gecko) Chrome/51.0.2704.103 Safari/537.36" "saveaslave.com"
168.215.162.70 - - [05/Aug/2016:10:36:23 -0700] "GET /favicon.ico HTTP/1.1" 404 89 "http://saveaslave.com/" "Mozilla/5.0 (Windows NT 10.0; WOW64) AppleWebKit/537.36 (KHTML, like Gecko) Chrome/51.0.2704.103 Safari/537.36" "saveaslave.com"
123.125.71.95 - - [05/Aug/2016:10:37:16 -0700] "GET / HTTP/1.1" 200 89977 "-" "Mozilla/5.0 (compatible; Baiduspider/2.0; +http://www.baidu.com/search/spider.html)" "saveaslave.com"[1]
71.36.122.180 - - [05/Aug/2016:11:11:55 -0700] "GET / HTTP/1.1" 200 89941 "https://t.co/E8R4kksux4" "Mozilla/5.0 (Macintosh; Intel Mac OS X 10_11_6) AppleWebKit/601.7.7 (KHTML, like Gecko) Version/9.1.2 Safari/601.7.7" "saveaslave.com"
144.76.29.66 - - [05/Aug/2016:11:11:55 -0700] "GET /?tpl=universities&Itemid=11&countrycode=us HTTP/1.1" 200 89977 "-" "Mozilla/5.0 (compatible; MJ12bot/v1.4.5; http://www.majestic12.co.uk/bot.php?+)" "www.saveaslave.com"
71.36.122.180 - - [05/Aug/2016:11:11:55 -0700] "GET /css/bootstrap.min.css HTTP/1.1" 200 123578 "http://saveaslave.com/" "Mozilla/5.0 (Macintosh; Intel Mac OS X 10_11_6) AppleWebKit/601.7.7 (KHTML, like Gecko) Version/9.1.2 Safari/601.7.7" "saveaslave.com"
71.36.122.180 - - [05/Aug/2016:11:11:55 -0700] "GET /gajaxscroller.js HTTP/1.1" 200 9774 "http://saveaslave.com/" "Mozilla/5.0 (Macintosh; Intel Mac OS X 10_11_6) AppleWebKit/601.7.7 (KHTML, like Gecko) Version/9.1.2 Safari/601.7.7" "saveaslave.com"
71.36.122.180 - - [05/Aug/2016:11:11:55 -0700] "GET /css/style-pages.css HTTP/1.1" 200 9894 "http://saveaslave.com/" "Mozilla/5.0 (Macintosh; Intel Mac OS X 10_11_6) AppleWebKit/601.7.7 (KHTML, like Gecko) Version/9.1.2 Safari/601.7.7" "saveaslave.com"
71.36.122.180 - - [05/Aug/2016:11:11:55 -0700] "GET /images/article/s1_dety_beg_d9954.jpg HTTP/1.1" 200 16968 "http://saveaslave.com/" "Mozilla/5.0 (Macintosh; Intel Mac OS X 10_11_6) AppleWebKit/601.7.7 (KHTML, like Gecko) Version/9.1.2 Safari/601.7.7" "saveaslave.com"
71.36.122.180 - - [05/Aug/2016:11:11:55 -0700] "GET /images/article/suspects.jpg HTTP/1.1" 200 58796 "http://saveaslave.com/" "Mozilla/5.0 (Macintosh; Intel Mac OS X 10_11_6) AppleWebKit/601.7.7 (KHTML, like Gecko) Version/9.1.2 Safari/601.7.7" "saveaslave.com"
71.36.122.180 - - [05/Aug/2016:11:11:55 -0700] "GET /images/logo2.png HTTP/1.1" 200 18525 "http://saveaslave.com/" "Mozilla/5.0 (Macintosh; Intel Mac OS X 10_11_6) AppleWebKit/601.7.7 (KHTML, like Gecko) Version/9.1.2 Safari/601.7.7" "saveaslave.com"
71.36.122.180 - - [05/Aug/2016:11:11:55 -0700] "GET /images/top.jpg HTTP/1.1" 200 50519 "http://saveaslave.com/" "Mozilla/5.0 (Macintosh; Intel Mac OS X 10_11_6) AppleWebKit/601.7.7 (KHTML, like Gecko) Version/9.1.2 Safari/601.7.7" "saveaslave.com"
71.36.122.180 - - [05/Aug/2016:11:11:55 -0700] "GET /images/article/end_it.jpg HTTP/1.1" 200 33676 "http://saveaslave.com/" "Mozilla/5.0 (Macintosh; Intel Mac OS X 10_11_6) AppleWebKit/601.7.7 (KHTML, like Gecko) Version/9.1.2 Safari/601.7.7" "saveaslave.com"[0]
71.36.122.180 - - [05/Aug/2016:11:11:57 -0700] "GET /images/social3.png HTTP/1.1" 200 4343 "http://saveaslave.com/" "Mozilla/5.0 (Macintosh; Intel Mac OS X 10_11_6) AppleWebKit/601.7.7 (KHTML, like Gecko) Version/9.1.2 Safari/601.7.7" "saveaslave.com"
71.36.122.180 - - [05/Aug/2016:11:11:57 -0700] "GET /css/down-arrow.png HTTP/1.1" 404 89 "http://saveaslave.com/" "Mozilla/5.0 (Macintosh; Intel Mac OS X 10_11_6) AppleWebKit/601.7.7 (KHTML, like Gecko) Version/9.1.2 Safari/601.7.7" "saveaslave.com"
71.36.122.180 - - [05/Aug/2016:11:11:57 -0700] "GET /addarticle.php HTTP/1.1" 200 13718 "http://saveaslave.com/" "Mozilla/5.0 (Macintosh; Intel Mac OS X 10_11_6) AppleWebKit/601.7.7 (KHTML, like Gecko) Version/9.1.2 Safari/601.7.7" "saveaslave.com"[0]
65.36.241.48 - - [05/Aug/2016:11:13:11 -0700] "HEAD / HTTP/1.1" 200 0 "-" "InternetSeer.com" "www.saveaslave.com"
45.32.129.1 - - [05/Aug/2016:11:31:52 -0700] "GET / HTTP/1.1" 200 89977 "-" "Mozilla/5.0 (Windows NT 6.1; WOW64) AppleWebKit/537.36 (KHTML, like Gecko) Chrome/40.0.2214.115 Safari/537.36" "saveaslave.com"
40.77.167.41 - - [05/Aug/2016:11:35:48 -0700] "GET /latvia HTTP/1.1" 404 89 "-" "Mozilla/5.0 (compatible; bingbot/2.0; +http://www.bing.com/bingbot.htm)" "www.saveaslave.com"
162.210.196.129 - - [05/Aug/2016:11:44:52 -0700] "GET /robots.txt HTTP/1.1" 200 48 "-" "Mozilla/5.0 (compatible; MJ12bot/v1.4.5; http://www.majestic12.co.uk/bot.php?+)" "saveaslave.com"[0]
162.210.196.129 - - [05/Aug/2016:11:44:54 -0700] "GET / HTTP/1.1" 200 89977 "-" "Mozilla/5.0 (compatible; MJ12bot/v1.4.5; http://www.majestic12.co.uk/bot.php?+)" "saveaslave.com"
208.115.113.86 - - [05/Aug/2016:11:49:16 -0700] "GET /malawi.html HTTP/1.1" 404 89 "-" "Mozilla/5.0 (compatible; DotBot/1.1; http://www.opensiteexplorer.org/dotbot, help@moz.com)" "saveaslave.com"
123.30.175.210 - - [05/Aug/2016:11:51:08 -0700] "GET /robots.txt HTTP/1.1" 200 48 "-" "Mozilla/5.0 (compatible; coccoc/1.0; +http://help.coccoc.com/searchengine)" "saveaslave.com"
123.30.175.210 - - [05/Aug/2016:11:51:25 -0700] "GET /addarticle.php HTTP/1.1" 200 13718 "-" "Mozilla/5.0 (compatible; coccoc/1.0; +http://help.coccoc.com/searchengine)" "saveaslave.com"
123.30.175.210 - - [05/Aug/2016:11:51:41 -0700] "GET /robots.txt HTTP/1.1" 200 48 "-" "Mozilla/5.0 (compatible; coccoc/1.0; +http://help.coccoc.com/searchengine)" "www.saveaslave.com"
123.30.175.213 - - [05/Aug/2016:11:51:58 -0700] "GET /addarticle.php HTTP/1.1" 200 13718 "-" "Mozilla/5.0 (compatible; coccoc/1.0; +http://help.coccoc.com/searchengine)" "www.saveaslave.com"
208.115.113.86 - - [05/Aug/2016:12:43:29 -0700] "GET /afghanistan HTTP/1.1" 404 89 "-" "Mozilla/5.0 (compatible; DotBot/1.1; http://www.opensiteexplorer.org/dotbot, help@moz.com)" "saveaslave.com"
208.115.113.86 - - [05/Aug/2016:12:43:29 -0700] "GET /netherlandsantilles HTTP/1.1" 404 89 "-" "Mozilla/5.0 (compatible; DotBot/1.1; http://www.opensiteexplorer.org/dotbot, help@moz.com)" "saveaslave.com"
208.115.113.86 - - [05/Aug/2016:12:43:29 -0700] "GET /burma HTTP/1.1" 404 89 "-" "Mozilla/5.0 (compatible; DotBot/1.1; http://www.opensiteexplorer.org/dotbot, help@moz.com)" "www.saveaslave.com"
208.115.113.86 - - [05/Aug/2016:12:43:29 -0700] "GET /madagascar HTTP/1.1" 404 89 "-" "Mozilla/5.0 (compatible; DotBot/1.1; http://www.opensiteexplorer.org/dotbot, help@moz.com)" "www.saveaslave.com"[0]
208.115.113.86 - - [05/Aug/2016:12:43:30 -0700] "GET /tuvalu HTTP/1.1" 404 89 "-" "Mozilla/5.0 (compatible; DotBot/1.1; http://www.opensiteexplorer.org/dotbot, help@moz.com)" "www.saveaslave.com"
65.36.241.48 - - [05/Aug/2016:12:43:51 -0700] "HEAD / HTTP/1.1" 200 0 "-" "InternetSeer.com" "www.saveaslave.com"
208.115.113.86 - - [05/Aug/2016:13:01:42 -0700] "GET /robots.txt HTTP/1.1" 200 48 "-" "Mozilla/5.0 (compatible; DotBot/1.1; http://www.opensiteexplorer.org/dotbot, help@moz.com)" "saveaslave.com"
208.115.113.86 - - [05/Aug/2016:13:01:42 -0700] "GET /robots.txt HTTP/1.1" 200 48 "-" "Mozilla/5.0 (compatible; DotBot/1.1; http://www.opensiteexplorer.org/dotbot, help@moz.com)" "www.saveaslave.com"
157.55.39.133 - - [05/Aug/2016:13:02:53 -0700] "GET /lebanon HTTP/1.1" 404 89 "-" "Mozilla/5.0 (compatible; bingbot/2.0; +http://www.bing.com/bingbot.htm)" "www.saveaslave.com"[0]
51.255.65.62 - - [05/Aug/2016:13:18:02 -0700] "GET /monaco.html HTTP/1.1" 404 89 "-" "Mozilla/5.0 (compatible; AhrefsBot/5.1; +http://ahrefs.com/robot/)" "www.saveaslave.com"
180.76.15.30 - - [05/Aug/2016:13:23:11 -0700] "GET /images/countrymap/?M=A HTTP/1.1" 200 108236 "-" "Mozilla/5.0 (compatible; Baiduspider/2.0; +http://www.baidu.com/search/spider.html)" "www.saveaslave.com"
164.132.161.91 - - [05/Aug/2016:13:34:32 -0700] "GET /croatia.html HTTP/1.1" 404 89 "-" "Mozilla/5.0 (compatible; AhrefsBot/5.1; +http://ahrefs.com/robot/)" "saveaslave.com"
2.182.68.25 - - [05/Aug/2016:13:38:59 -0700] "GET /images/article/image001.gif HTTP/1.1" 200 20501 "-" "Mozilla/5.0 (Linux; Android 4.4.2; HUAWEI Y360-U61 Build/HUAWEIY360-U61) AppleWebKit/537.36 (KHTML, like Gecko) Version/4.0 Chrome/30.0.0.0 Mobile Safari/537.36 GSA/3.6.14.1337016.arm" "www.saveaslave.com"
2.182.68.25 - - [05/Aug/2016:13:38:59 -0700] "GET /images/article/image001.gif HTTP/1.1" 200 20501 "-" "Mozilla/5.0 (Linux; Android 4.4.2; HUAWEI Y360-U61 Build/HUAWEIY360-U61) AppleWebKit/537.36 (KHTML, like Gecko) Version/4.0 Chrome/30.0.0.0 Mobile Safari/537.36 GSA/3.6.14.1337016.arm" "www.saveaslave.com"
164.132.161.53 - - [05/Aug/2016:13:54:24 -0700] "GET /palestinian-territories.html HTTP/1.1" 404 89 "-" "Mozilla/5.0 (compatible; AhrefsBot/5.1; +http://ahrefs.com/robot/)" "saveaslave.com"[0]
151.80.31.155 - - [05/Aug/2016:13:58:11 -0700] "GET /www.cliniclegal.org HTTP/1.1" 404 89 "-" "Mozilla/5.0 (compatible; AhrefsBot/5.1; +http://ahrefs.com/robot/)" "saveaslave.com"
208.115.113.86 - - [05/Aug/2016:13:58:20 -0700] "GET /liberia.html HTTP/1.1" 404 89 "-" "Mozilla/5.0 (compatible; DotBot/1.1; http://www.opensiteexplorer.org/dotbot, help@moz.com)" "saveaslave.com"
208.115.113.86 - - [05/Aug/2016:13:58:46 -0700] "GET /robots.txt HTTP/1.1" 200 48 "-" "Mozilla/5.0 (compatible; DotBot/1.1; http://www.opensiteexplorer.org/dotbot, help@moz.com)" "saveaslave.com"
208.115.113.86 - - [05/Aug/2016:13:58:46 -0700] "GET /robots.txt HTTP/1.1" 200 48 "-" "Mozilla/5.0 (compatible; DotBot/1.1; http://www.opensiteexplorer.org/dotbot, help@moz.com)" "www.saveaslave.com"
164.132.161.59 - - [05/Aug/2016:14:01:10 -0700] "GET /www.1736fcc.org HTTP/1.1" 404 89 "-" "Mozilla/5.0 (compatible; AhrefsBot/5.1; +http://ahrefs.com/robot/)" "saveaslave.com"
5.9.123.116 - - [05/Aug/2016:14:04:06 -0700] "GET /article.php?id=13 HTTP/1.1" 200 60519 "-" "Mozilla/5.0 (compatible; MJ12bot/v1.4.5; http://www.majestic12.co.uk/bot.php?+)" "www.saveaslave.com"
5.9.123.116 - - [05/Aug/2016:14:04:10 -0700] "GET /article.php?id=5 HTTP/1.1" 200 46570 "-" "Mozilla/5.0 (compatible; MJ12bot/v1.4.5; http://www.majestic12.co.uk/bot.php?+)" "www.saveaslave.com"
208.115.113.86 - - [05/Aug/2016:14:08:02 -0700] "GET /slovenia.html HTTP/1.1" 404 89 "-" "Mozilla/5.0 (compatible; DotBot/1.1; http://www.opensiteexplorer.org/dotbot, help@moz.com)" "www.saveaslave.com"
159.203.83.207 - - [05/Aug/2016:14:15:34 -0700] "GET /robots.txt HTTP/1.1" 200 48 "-" "Mozilla/5.0 (compatible; spbot/5.0.2; +http://OpenLinkProfiler.org/bot )" "saveaslave.com"
159.203.83.207 - - [05/Aug/2016:14:15:41 -0700] "GET / HTTP/1.1" 200 89977 "-" "Mozilla/5.0 (compatible; spbot/5.0.2; +http://OpenLinkProfiler.org/bot )" "www.saveaslave.com"
159.203.83.207 - - [05/Aug/2016:14:15:43 -0700] "GET /help.php HTTP/1.1" 200 52224 "http://www.saveaslave.com/" "Mozilla/5.0 (compatible; spbot/5.0.2; +http://OpenLinkProfiler.org/bot )" "www.saveaslave.com"
159.203.83.207 - - [05/Aug/2016:14:16:00 -0700] "GET /contact-us.php HTTP/1.1" 200 30488 "http://www.saveaslave.com/" "Mozilla/5.0 (compatible; spbot/5.0.2; +http://OpenLinkProfiler.org/bot )" "www.saveaslave.com"
159.203.83.207 - - [05/Aug/2016:14:16:10 -0700] "GET /article.php?id=7 HTTP/1.1" 200 49136 "http://www.saveaslave.com/our-news.php" "Mozilla/5.0 (compatible; spbot/5.0.2; +http://OpenLinkProfiler.org/bot )" "www.saveaslave.com"
159.203.83.207 - - [05/Aug/2016:14:16:14 -0700] "GET /article.php?id=2 HTTP/1.1" 200 48327 "http://www.saveaslave.com/our-news.php" "Mozilla/5.0 (compatible; spbot/5.0.2; +http://OpenLinkProfiler.org/bot )" "www.saveaslave.com"
159.203.83.207 - - [05/Aug/2016:14:16:21 -0700] "GET /article.php?id=3 HTTP/1.1" 200 50856 "http://www.saveaslave.com/our-news.php" "Mozilla/5.0 (compatible; spbot/5.0.2; +http://OpenLinkProfiler.org/bot )" "www.saveaslave.com"[1]
159.203.83.207 - - [05/Aug/2016:14:16:30 -0700] "GET /article.php?id=1 HTTP/1.1" 200 44851 "http://www.saveaslave.com/our-news.php" "Mozilla/5.0 (compatible; spbot/5.0.2; +http://OpenLinkProfiler.org/bot )" "www.saveaslave.com"[0]
159.203.83.207 - - [05/Aug/2016:14:16:44 -0700] "GET /article.php?id=15 HTTP/1.1" 200 56152 "http://www.saveaslave.com/our-news.php" "Mozilla/5.0 (compatible; spbot/5.0.2; +http://OpenLinkProfiler.org/bot )" "www.saveaslave.com"[0]
159.203.83.207 - - [05/Aug/2016:14:16:50 -0700] "GET /article.php?id=86 HTTP/1.1" 200 43928 "http://www.saveaslave.com/" "Mozilla/5.0 (compatible; spbot/5.0.2; +http://OpenLinkProfiler.org/bot )" "www.saveaslave.com"
159.203.83.207 - - [05/Aug/2016:14:16:55 -0700] "GET /article.php?id=22 HTTP/1.1" 200 46576 "http://www.saveaslave.com/" "Mozilla/5.0 (compatible; spbot/5.0.2; +http://OpenLinkProfiler.org/bot )" "www.saveaslave.com"
159.203.83.207 - - [05/Aug/2016:14:17:00 -0700] "GET /article.php?id=46 HTTP/1.1" 200 49244 "http://www.saveaslave.com/" "Mozilla/5.0 (compatible; spbot/5.0.2; +http://OpenLinkProfiler.org/bot )" "www.saveaslave.com"
159.203.83.207 - - [05/Aug/2016:14:17:10 -0700] "GET /managelink.php HTTP/1.1" 200 1294 "http://www.saveaslave.com/help-advanced.php" "Mozilla/5.0 (compatible; spbot/5.0.2; +http://OpenLinkProfiler.org/bot )" "www.saveaslave.com"
159.203.83.207 - - [05/Aug/2016:14:17:15 -0700] "GET /article.php?id=21 HTTP/1.1" 200 49313 "http://www.saveaslave.com/our-news.php" "Mozilla/5.0 (compatible; spbot/5.0.2; +http://OpenLinkProfiler.org/bot )" "www.saveaslave.com"
159.203.83.207 - - [05/Aug/2016:14:17:20 -0700] "GET /article.php?id=32 HTTP/1.1" 200 51028 "http://www.saveaslave.com/" "Mozilla/5.0 (compatible; spbot/5.0.2; +http://OpenLinkProfiler.org/bot )" "www.saveaslave.com"
159.203.83.207 - - [05/Aug/2016:14:17:24 -0700] "GET /article.php?id=13 HTTP/1.1" 200 60483 "http://www.saveaslave.com/our-news.php" "Mozilla/5.0 (compatible; spbot/5.0.2; +http://OpenLinkProfiler.org/bot )" "www.saveaslave.com"
159.203.83.207 - - [05/Aug/2016:14:17:30 -0700] "GET /managearticle.php HTTP/1.1" 200 1294 "http://www.saveaslave.com/help-advanced.php" "Mozilla/5.0 (compatible; spbot/5.0.2; +http://OpenLinkProfiler.org/bot )" "www.saveaslave.com"[0]
159.203.83.207 - - [05/Aug/2016:14:17:40 -0700] "GET /article.php?id=113 HTTP/1.1" 200 43873 "http://www.saveaslave.com/our-news.php" "Mozilla/5.0 (compatible; spbot/5.0.2; +http://OpenLinkProfiler.org/bot )" "www.saveaslave.com"[0]
159.203.83.207 - - [05/Aug/2016:14:17:45 -0700] "GET /article.php?id=114 HTTP/1.1" 200 43868 "http://www.saveaslave.com/" "Mozilla/5.0 (compatible; spbot/5.0.2; +http://OpenLinkProfiler.org/bot )" "www.saveaslave.com"
159.203.83.207 - - [05/Aug/2016:14:17:51 -0700] "GET /in-russian.php?lang=ru HTTP/1.1" 200 93321 "http://www.saveaslave.com/" "Mozilla/5.0 (compatible; spbot/5.0.2; +http://OpenLinkProfiler.org/bot )" "saveaslave.com"[1]
159.203.83.207 - - [05/Aug/2016:14:17:56 -0700] "GET / HTTP/1.1" 200 89941 "http://saveaslave.com/in-russian.php?lang=ru" "Mozilla/5.0 (compatible; spbot/5.0.2; +http://OpenLinkProfiler.org/bot )" "saveaslave.com"
159.203.83.207 - - [05/Aug/2016:14:18:00 -0700] "GET /help.php HTTP/1.1" 200 52260 "http://saveaslave.com/" "Mozilla/5.0 (compatible; spbot/5.0.2; +http://OpenLinkProfiler.org/bot )" "saveaslave.com"
159.203.83.207 - - [05/Aug/2016:14:18:16 -0700] "GET /our-newsr.php HTTP/1.1" 200 78237 "http://saveaslave.com/in-russian.php?lang=ru" "Mozilla/5.0 (compatible; spbot/5.0.2; +http://OpenLinkProfiler.org/bot )" "saveaslave.com"
159.203.83.207 - - [05/Aug/2016:14:18:25 -0700] "GET /disclaimer.php HTTP/1.1" 200 47937 "http://saveaslave.com/" "Mozilla/5.0 (compatible; spbot/5.0.2; +http://OpenLinkProfiler.org/bot )" "saveaslave.com"
159.203.83.207 - - [05/Aug/2016:14:18:34 -0700] "GET /contact-usr.php HTTP/1.1" 200 19817 "http://saveaslave.com/in-russian.php?lang=ru" "Mozilla/5.0 (compatible; spbot/5.0.2; +http://OpenLinkProfiler.org/bot )" "saveaslave.com"
159.203.83.207 - - [05/Aug/2016:14:18:40 -0700] "GET /who-we-arer.php HTTP/1.1" 200 72499 "http://saveaslave.com/in-russian.php?lang=ru" "Mozilla/5.0 (compatible; spbot/5.0.2; +http://OpenLinkProfiler.org/bot )" "saveaslave.com"
159.203.83.207 - - [05/Aug/2016:14:18:45 -0700] "GET /article.php?id=7 HTTP/1.1" 200 49136 "http://saveaslave.com/our-news.php" "Mozilla/5.0 (compatible; spbot/5.0.2; +http://OpenLinkProfiler.org/bot )" "saveaslave.com"
159.203.83.207 - - [05/Aug/2016:14:18:56 -0700] "GET /article.php?id=5 HTTP/1.1" 200 46534 "http://saveaslave.com/our-news.php" "Mozilla/5.0 (compatible; spbot/5.0.2; +http://OpenLinkProfiler.org/bot )" "saveaslave.com"[1]
159.203.83.207 - - [05/Aug/2016:14:19:09 -0700] "GET /article.php?id=1 HTTP/1.1" 200 44851 "http://saveaslave.com/our-news.php" "Mozilla/5.0 (compatible; spbot/5.0.2; +http://OpenLinkProfiler.org/bot )" "saveaslave.com"[0]
159.203.83.207 - - [05/Aug/2016:14:19:15 -0700] "GET /article.php?id=3 HTTP/1.1" 200 50856 "http://saveaslave.com/our-news.php" "Mozilla/5.0 (compatible; spbot/5.0.2; +http://OpenLinkProfiler.org/bot )" "saveaslave.com"
159.203.83.207 - - [05/Aug/2016:14:19:30 -0700] "GET /article.php?id=15 HTTP/1.1" 200 56152 "http://saveaslave.com/our-news.php" "Mozilla/5.0 (compatible; spbot/5.0.2; +http://OpenLinkProfiler.org/bot )" "saveaslave.com"
159.203.83.207 - - [05/Aug/2016:14:19:35 -0700] "GET /article.php?id=24 HTTP/1.1" 200 45822 "http://saveaslave.com/our-newsr.php" "Mozilla/5.0 (compatible; spbot/5.0.2; +http://OpenLinkProfiler.org/bot )" "saveaslave.com"
159.203.83.207 - - [05/Aug/2016:14:19:40 -0700] "GET /article.php?id=86 HTTP/1.1" 200 43964 "http://saveaslave.com/" "Mozilla/5.0 (compatible; spbot/5.0.2; +http://OpenLinkProfiler.org/bot )" "saveaslave.com"[0]
159.203.83.207 - - [05/Aug/2016:14:19:50 -0700] "GET /article.php?id=22 HTTP/1.1" 200 46612 "http://saveaslave.com/" "Mozilla/5.0 (compatible; spbot/5.0.2; +http://OpenLinkProfiler.org/bot )" "saveaslave.com"
159.203.83.207 - - [05/Aug/2016:14:20:10 -0700] "GET /article.php?id=32 HTTP/1.1" 200 51064 "http://saveaslave.com/" "Mozilla/5.0 (compatible; spbot/5.0.2; +http://OpenLinkProfiler.org/bot )" "saveaslave.com"
159.203.83.207 - - [05/Aug/2016:14:20:15 -0700] "GET /article.php?id=21 HTTP/1.1" 200 49313 "http://saveaslave.com/our-news.php" "Mozilla/5.0 (compatible; spbot/5.0.2; +http://OpenLinkProfiler.org/bot )" "saveaslave.com"[0]
159.203.83.207 - - [05/Aug/2016:14:20:20 -0700] "GET /help-advanced.php HTTP/1.1" 200 53172 "http://saveaslave.com/help.php" "Mozilla/5.0 (compatible; spbot/5.0.2; +http://OpenLinkProfiler.org/bot )" "saveaslave.com"[0]
159.203.83.207 - - [05/Aug/2016:14:20:50 -0700] "GET /article.php?id=66 HTTP/1.1" 200 52772 "http://saveaslave.com/in-russian.php?lang=ru" "Mozilla/5.0 (compatible; spbot/5.0.2; +http://OpenLinkProfiler.org/bot )" "saveaslave.com"[0]
159.203.83.207 - - [05/Aug/2016:14:21:00 -0700] "GET /article.php?id=17 HTTP/1.1" 200 45169 "http://saveaslave.com/our-newsr.php" "Mozilla/5.0 (compatible; spbot/5.0.2; +http://OpenLinkProfiler.org/bot )" "saveaslave.com"[0]
159.203.83.207 - - [05/Aug/2016:14:21:35 -0700] "GET /article.php?id=111 HTTP/1.1" 200 46139 "http://saveaslave.com/our-news.php" "Mozilla/5.0 (compatible; spbot/5.0.2; +http://OpenLinkProfiler.org/bot )" "saveaslave.com"
159.203.83.207 - - [05/Aug/2016:14:21:45 -0700] "GET /article.php?id=113 HTTP/1.1" 200 43873 "http://saveaslave.com/our-news.php" "Mozilla/5.0 (compatible; spbot/5.0.2; +http://OpenLinkProfiler.org/bot )" "saveaslave.com"
159.203.83.207 - - [05/Aug/2016:14:21:55 -0700] "GET /our-supportersr.php HTTP/1.1" 200 73 "http://saveaslave.com/in-russian.php?lang=ru" "Mozilla/5.0 (compatible; spbot/5.0.2; +http://OpenLinkProfiler.org/bot )" "saveaslave.com"
159.203.83.207 - - [05/Aug/2016:14:22:05 -0700] "GET /article.php?id=111 HTTP/1.1" 200 46139 "http://www.saveaslave.com/our-news.php" "Mozilla/5.0 (compatible; spbot/5.0.2; +http://OpenLinkProfiler.org/bot )" "www.saveaslave.com"
159.203.83.207 - - [05/Aug/2016:14:22:11 -0700] "GET /managevolunteer.php HTTP/1.1" 200 1294 "http://www.saveaslave.com/help-advanced.php" "Mozilla/5.0 (compatible; spbot/5.0.2; +http://OpenLinkProfiler.org/bot )" "www.saveaslave.com"
46.118.158.47 - - [05/Aug/2016:14:23:31 -0700] "GET / HTTP/1.1" 200 89941 "http://www.ideoworld.org/" "Mozilla/4.0 (compatible; MSIE 5.5; Windows NT 5.0)" "saveaslave.com"
46.118.158.47 - - [05/Aug/2016:14:23:33 -0700] "GET / HTTP/1.1" 200 89941 "http://www.ideoworld.org/" "Mozilla/4.0 (compatible; MSIE 5.5; Windows NT 5.0)" "saveaslave.com"
151.80.31.160 - - [05/Aug/2016:14:23:51 -0700] "GET /article.php?id=21 HTTP/1.1" 200 49349 "-" "Mozilla/5.0 (compatible; AhrefsBot/5.1; +http://ahrefs.com/robot/)" "saveaslave.com"
65.36.241.48 - - [05/Aug/2016:14:29:27 -0700] "HEAD / HTTP/1.1" 200 0 "-" "InternetSeer.com" "www.saveaslave.com"
199.59.148.211 - - [05/Aug/2016:14:54:05 -0700] "GET /robots.txt HTTP/1.1" 200 48 "-" "Twitterbot/1.0" "saveaslave.com"
136.243.154.102 - - [05/Aug/2016:14:54:07 -0700] "HEAD / HTTP/1.1" 200 0 "-" "MetaURI API/2.0 +metauri.com" "saveaslave.com"
17.142.159.177 - - [05/Aug/2016:14:54:07 -0700] "GET / HTTP/1.1" 200 89977 "-" "Mozilla/5.0 (Macintosh; Intel Mac OS X 10_10_1) AppleWebKit/600.2.5 (KHTML, like Gecko) Version/8.0.2 Safari/600.2.5 (Applebot/0.1; +http://www.apple.com/go/applebot)" "saveaslave.com"
199.59.148.211 - - [05/Aug/2016:14:54:07 -0700] "GET / HTTP/1.1" 200 89977 "-" "Twitterbot/1.0" "saveaslave.com"
50.18.94.121 - - [05/Aug/2016:14:54:07 -0700] "HEAD / HTTP/1.1" 200 0 "-" "Google-HTTP-Java-Client/1.17.0-rc (gzip)" "saveaslave.com"
144.76.23.76 - - [05/Aug/2016:14:54:07 -0700] "GET /robots.txt HTTP/1.1" 200 48 "-" "Mozilla/5.0 (X11; U; Linux i686; nl-NL; rv:1.8.1.9) Gecko/20071105 Firefox/2.0.0.9" "saveaslave.com"
136.243.154.102 - - [05/Aug/2016:14:54:07 -0700] "GET / HTTP/1.1" 200 89977 "-" "MetaURI API/2.0 +metauri.com" "saveaslave.com"
144.76.23.76 - - [05/Aug/2016:14:54:08 -0700] "GET / HTTP/1.1" 200 89977 "-" "Mozilla/5.0 (X11; U; Linux i686; nl-NL; rv:1.8.1.9) Gecko/20071105 Firefox/2.0.0.9" "saveaslave.com"
107.22.220.238 - - [05/Aug/2016:14:54:26 -0700] "GET / HTTP/1.1" 200 89977 "-" "Mozilla/5.0 (compatible; LinkisBot/1.0; bot@linkis.com) (iPhone; CPU iPhone OS 8_4_1 like Mac OS X) Mobile/12H321" "www.saveaslave.com"
17.142.159.177 - - [05/Aug/2016:14:58:07 -0700] "GET / HTTP/1.1" 200 89977 "-" "Mozilla/5.0 (Macintosh; Intel Mac OS X 10_10_1) AppleWebKit/600.2.5 (KHTML, like Gecko) Version/8.0.2 Safari/600.2.5 (Applebot/0.1; +http://www.apple.com/go/applebot)" "saveaslave.com"
208.115.113.94 - - [05/Aug/2016:15:12:41 -0700] "GET /robots.txt HTTP/1.1" 200 48 "-" "Mozilla/5.0 (compatible; DotBot/1.1; http://www.opensiteexplorer.org/dotbot, help@moz.com)" "www.saveaslave.com"
164.132.161.44 - - [05/Aug/2016:15:32:13 -0700] "GET /www.legalmomentum.org HTTP/1.1" 404 89 "-" "Mozilla/5.0 (compatible; AhrefsBot/5.1; +http://ahrefs.com/robot/)" "saveaslave.com"
159.203.61.153 - - [05/Aug/2016:15:45:18 -0700] "HEAD / HTTP/1.1" 200 0 "-" "curl/7.38.0" "saveaslave.com"[0]
159.203.61.153 - - [05/Aug/2016:15:46:23 -0700] "HEAD / HTTP/1.1" 200 0 "-" "curl/7.38.0" "saveaslave.com"
65.36.241.48 - - [05/Aug/2016:15:52:38 -0700] "HEAD / HTTP/1.1" 200 0 "-" "InternetSeer.com" "www.saveaslave.com"
159.203.61.153 - - [05/Aug/2016:15:59:01 -0700] "HEAD / HTTP/1.1" 200 0 "-" "curl/7.38.0" "saveaslave.com"[1]
159.203.61.153 - - [05/Aug/2016:16:03:52 -0700] "HEAD / HTTP/1.1" 200 0 "-" "curl/7.38.0" "saveaslave.com"
208.115.113.86 - - [05/Aug/2016:17:46:13 -0700] "GET /zambia.html HTTP/1.1" 404 89 "-" "Mozilla/5.0 (compatible; DotBot/1.1; http://www.opensiteexplorer.org/dotbot, help@moz.com)" "saveaslave.com"
51.255.65.95 - - [05/Aug/2016:17:47:29 -0700] "GET /norfolk-island.html HTTP/1.1" 404 89 "-" "Mozilla/5.0 (compatible; AhrefsBot/5.1; +http://ahrefs.com/robot/)" "saveaslave.com"
180.76.15.5 - - [05/Aug/2016:18:32:31 -0700] "GET /robots.txt HTTP/1.1" 200 48 "-" "Mozilla/5.0 (Windows NT 5.1; rv:6.0.2) Gecko/20100101 Firefox/6.0.2" "www.saveaslave.com"
180.76.15.18 - - [05/Aug/2016:18:32:32 -0700] "GET /robots.txt HTTP/1.1" 200 48 "-" "Mozilla/5.0 (Windows NT 5.1; rv:6.0.2) Gecko/20100101 Firefox/6.0.2" "www.saveaslave.com"
180.76.15.139 - - [05/Aug/2016:18:32:48 -0700] "GET /british_indian.html HTTP/1.1" 404 89 "-" "Mozilla/5.0 (compatible; Baiduspider/2.0; +http://www.baidu.com/search/spider.html)" "www.saveaslave.com"[0]
208.115.113.86 - - [05/Aug/2016:18:59:17 -0700] "GET /vietnam HTTP/1.1" 404 89 "-" "Mozilla/5.0 (compatible; DotBot/1.1; http://www.opensiteexplorer.org/dotbot, help@moz.com)" "www.saveaslave.com"
208.115.113.86 - - [05/Aug/2016:19:50:44 -0700] "GET /togo.html HTTP/1.1" 404 89 "-" "Mozilla/5.0 (compatible; DotBot/1.1; http://www.opensiteexplorer.org/dotbot, help@moz.com)" "saveaslave.com"
208.115.113.86 - - [05/Aug/2016:19:50:44 -0700] "GET /sint-maarten.html HTTP/1.1" 404 89 "-" "Mozilla/5.0 (compatible; DotBot/1.1; http://www.opensiteexplorer.org/dotbot, help@moz.com)" "saveaslave.com"
46.242.56.188 - - [05/Aug/2016:19:55:56 -0700] "POST /assets/modules/evogallery/js/uploadify/uploadify.php HTTP/1.1" 404 89 "-" "Mozilla/5.0 (Macintosh; Intel Mac OS X 10.8; rv:38.0) Gecko/20100101 Firefox/38.0" "saveaslave.com"[0]
46.242.56.188 - - [05/Aug/2016:19:55:58 -0700] "POST /assets/modules/evogallery/js/uploadify/uploadify.php HTTP/1.1" 404 89 "http://saveaslave.com/assets/modules/evogallery/js/uploadify/uploadify.php" "Mozilla/5.0 (Macintosh; Intel Mac OS X 10.8; rv:38.0) Gecko/20100101 Firefox/38.0" "saveaslave.com"
46.242.56.188 - - [05/Aug/2016:19:56:01 -0700] "POST /assets/modules/evogallery/js/uploadify/uploadify.php HTTP/1.1" 404 89 "http://saveaslave.com/assets/modules/evogallery/js/uploadify/uploadify.php" "Mozilla/5.0 (Macintosh; Intel Mac OS X 10.8; rv:38.0) Gecko/20100101 Firefox/38.0" "saveaslave.com"
46.242.56.188 - - [05/Aug/2016:19:57:24 -0700] "GET /search.php HTTP/1.1" 200 73 "http://saveaslave.com/assets/modules/evogallery/js/uploadify/uploadify.php" "Mozilla/5.0 (Macintosh; Intel Mac OS X 10.8; rv:38.0) Gecko/20100101 Firefox/38.0" "saveaslave.com"
208.115.113.86 - - [05/Aug/2016:19:59:23 -0700] "GET /uganda.html HTTP/1.1" 404 89 "-" "Mozilla/5.0 (compatible; DotBot/1.1; http://www.opensiteexplorer.org/dotbot, help@moz.com)" "www.saveaslave.com"
208.113.198.170 - - [05/Aug/2016:20:07:10 -0700] "POST /stats.php HTTP/1.1" 404 89 "-" "Mozilla/5.0 (Windows NT 6.0; rv:16.0) Gecko/20130722 Firefox/16.0" "saveaslave.com"[0]
208.113.198.170 - - [05/Aug/2016:20:07:10 -0700] "POST /xmlrppc.php HTTP/1.1" 404 89 "-" "Mozilla/5.0 (Windows NT 6.0; rv:16.0) Gecko/20130722 Firefox/16.0" "saveaslave.com"[0]
208.113.198.170 - - [05/Aug/2016:20:07:12 -0700] "POST /wp-content/themes/THEME/functions.php?liu=qt&fukq=t&RNv=f HTTP/1.1" 404 89 "-" "Mozilla/5.0 (Windows NT 6.0; rv:16.0) Gecko/20130722 Firefox/16.0" "saveaslave.com"
208.113.198.170 - - [05/Aug/2016:20:07:12 -0700] "POST /wp-content/b374k-2.8.php HTTP/1.1" 404 89 "-" "Mozilla/5.0 (Windows NT 6.0; rv:16.0) Gecko/20130722 Firefox/16.0" "saveaslave.com"[0]
208.113.198.170 - - [05/Aug/2016:20:07:12 -0700] "POST /adodb.class.php HTTP/1.1" 404 89 "-" "Mozilla/5.0 (Windows NT 6.0; rv:16.0) Gecko/20130722 Firefox/16.0" "saveaslave.com"
208.113.198.170 - - [05/Aug/2016:20:07:13 -0700] "POST /wp-admin/error-log.php HTTP/1.1" 404 89 "-" "Mozilla/5.0 (Windows NT 6.0; rv:16.0) Gecko/20130722 Firefox/16.0" "saveaslave.com"
208.113.198.170 - - [05/Aug/2016:20:07:13 -0700] "POST /wpfoot.php HTTP/1.1" 404 89 "-" "Mozilla/5.0 (Windows NT 6.0; rv:16.0) Gecko/20130722 Firefox/16.0" "saveaslave.com"[0]
208.113.198.170 - - [05/Aug/2016:20:07:13 -0700] "POST /wp-conff.php HTTP/1.1" 404 89 "-" "Mozilla/5.0 (Windows NT 6.0; rv:16.0) Gecko/20130722 Firefox/16.0" "saveaslave.com"[0]
208.113.198.170 - - [05/Aug/2016:20:07:13 -0700] "GET / HTTP/1.1" 200 89977 "-" "Mozilla/5.0 (Windows NT 6.0; rv:16.0) Firefox/13.0" "saveaslave.com"
208.113.198.170 - - [05/Aug/2016:20:07:13 -0700] "POST /wp-includes/adodb.class.php HTTP/1.1" 404 89 "-" "Mozilla/5.0 (Windows NT 6.0; rv:16.0) Gecko/20130722 Firefox/16.0" "saveaslave.com"[0]
208.113.198.170 - - [05/Aug/2016:20:07:13 -0700] "POST /SocketIontrol.php HTTP/1.1" 404 89 "-" "Mozilla/5.0 (Windows NT 6.0; rv:16.0) Gecko/20130722 Firefox/16.0" "saveaslave.com"
208.113.198.170 - - [05/Aug/2016:20:07:13 -0700] "POST /xmlrpc-activate.php HTTP/1.1" 404 89 "-" "Mozilla/5.0 (Windows NT 6.0; rv:16.0) Gecko/20130722 Firefox/16.0" "saveaslave.com"
157.55.39.133 - - [05/Aug/2016:20:16:42 -0700] "GET /bosnia HTTP/1.1" 404 89 "-" "Mozilla/5.0 (compatible; bingbot/2.0; +http://www.bing.com/bingbot.htm)" "www.saveaslave.com"[0]
164.132.161.51 - - [05/Aug/2016:20:32:29 -0700] "GET /western-sahara.html HTTP/1.1" 404 89 "-" "Mozilla/5.0 (compatible; AhrefsBot/5.1; +http://ahrefs.com/robot/)" "saveaslave.com"
208.115.113.86 - - [05/Aug/2016:20:44:04 -0700] "GET /indonesia HTTP/1.1" 404 89 "-" "Mozilla/5.0 (compatible; DotBot/1.1; http://www.opensiteexplorer.org/dotbot, help@moz.com)" "saveaslave.com"
208.115.113.86 - - [05/Aug/2016:20:44:04 -0700] "GET /jersey HTTP/1.1" 404 89 "-" "Mozilla/5.0 (compatible; DotBot/1.1; http://www.opensiteexplorer.org/dotbot, help@moz.com)" "saveaslave.com"
208.115.113.86 - - [05/Aug/2016:20:44:04 -0700] "GET /macedonia HTTP/1.1" 404 89 "-" "Mozilla/5.0 (compatible; DotBot/1.1; http://www.opensiteexplorer.org/dotbot, help@moz.com)" "saveaslave.com"[0]
208.115.113.86 - - [05/Aug/2016:20:44:05 -0700] "GET /gazastrip HTTP/1.1" 404 89 "-" "Mozilla/5.0 (compatible; DotBot/1.1; http://www.opensiteexplorer.org/dotbot, help@moz.com)" "www.saveaslave.com"
208.115.113.86 - - [05/Aug/2016:20:44:05 -0700] "GET /newcaledonia.html HTTP/1.1" 404 89 "-" "Mozilla/5.0 (compatible; DotBot/1.1; http://www.opensiteexplorer.org/dotbot, help@moz.com)" "www.saveaslave.com"
208.115.113.86 - - [05/Aug/2016:21:08:32 -0700] "GET /robots.txt HTTP/1.1" 200 48 "-" "Mozilla/5.0 (compatible; DotBot/1.1; http://www.opensiteexplorer.org/dotbot, help@moz.com)" "saveaslave.com"
208.115.113.86 - - [05/Aug/2016:21:08:32 -0700] "GET /robots.txt HTTP/1.1" 200 48 "-" "Mozilla/5.0 (compatible; DotBot/1.1; http://www.opensiteexplorer.org/dotbot, help@moz.com)" "www.saveaslave.com"
208.115.113.86 - - [05/Aug/2016:22:00:12 -0700] "GET /italy.html HTTP/1.1" 404 89 "-" "Mozilla/5.0 (compatible; DotBot/1.1; http://www.opensiteexplorer.org/dotbot, help@moz.com)" "saveaslave.com"
208.115.113.86 - - [05/Aug/2016:22:00:12 -0700] "GET /zimbabwe.html HTTP/1.1" 404 89 "-" "Mozilla/5.0 (compatible; DotBot/1.1; http://www.opensiteexplorer.org/dotbot, help@moz.com)" "saveaslave.com"
208.115.113.86 - - [05/Aug/2016:22:00:12 -0700] "GET /bulgaria.html HTTP/1.1" 404 89 "-" "Mozilla/5.0 (compatible; DotBot/1.1; http://www.opensiteexplorer.org/dotbot, help@moz.com)" "saveaslave.com"
208.115.113.86 - - [05/Aug/2016:22:00:13 -0700] "GET /belgium.html HTTP/1.1" 404 89 "-" "Mozilla/5.0 (compatible; DotBot/1.1; http://www.opensiteexplorer.org/dotbot, help@moz.com)" "saveaslave.com"
208.115.113.86 - - [05/Aug/2016:22:13:00 -0700] "GET /managecountry.php HTTP/1.1" 200 1294 "-" "Mozilla/5.0 (compatible; DotBot/1.1; http://www.opensiteexplorer.org/dotbot, help@moz.com)" "www.saveaslave.com"
208.115.113.86 - - [05/Aug/2016:22:13:02 -0700] "GET /article.php?id=114 HTTP/1.1" 200 43904 "-" "Mozilla/5.0 (compatible; DotBot/1.1; http://www.opensiteexplorer.org/dotbot, help@moz.com)" "www.saveaslave.com"
164.132.161.58 - - [05/Aug/2016:22:54:06 -0700] "GET /jordan.html HTTP/1.1" 404 89 "-" "Mozilla/5.0 (compatible; AhrefsBot/5.1; +http://ahrefs.com/robot/)" "www.saveaslave.com"
208.115.113.86 - - [05/Aug/2016:22:56:39 -0700] "GET /mauritania HTTP/1.1" 404 89 "-" "Mozilla/5.0 (compatible; DotBot/1.1; http://www.opensiteexplorer.org/dotbot, help@moz.com)" "www.saveaslave.com"
162.72.200.178 - - [05/Aug/2016:23:03:15 -0700] "GET /favicon.ico HTTP/1.1" 404 89 "http://saveaslave.com/" "Mozilla/5.0 (iPad; CPU OS 9_3_1 like Mac OS X) AppleWebKit/601.1.46 (KHTML, like Gecko) Version/9.0 Mobile/13E238 Safari/601.1" "saveaslave.com"
162.72.200.178 - - [05/Aug/2016:23:03:23 -0700] "GET /assets/js/ie10-viewport-bug-workaround.js HTTP/1.1" 200 641 "http://saveaslave.com/" "Mozilla/5.0 (iPad; CPU OS 9_3_1 like Mac OS X) AppleWebKit/601.1.46 (KHTML, like Gecko) Version/9.0 Mobile/13E238 Safari/601.1" "saveaslave.com"
162.72.200.178 - - [05/Aug/2016:23:03:25 -0700] "GET /images/logo2.png HTTP/1.1" 200 18525 "http://saveaslave.com/" "Mozilla/5.0 (iPad; CPU OS 9_3_1 like Mac OS X) AppleWebKit/601.1.46 (KHTML, like Gecko) Version/9.0 Mobile/13E238 Safari/601.1" "saveaslave.com"
162.72.200.178 - - [05/Aug/2016:23:03:30 -0700] "GET /images/top.jpg HTTP/1.1" 200 50519 "http://saveaslave.com/" "Mozilla/5.0 (iPad; CPU OS 9_3_1 like Mac OS X) AppleWebKit/601.1.46 (KHTML, like Gecko) Version/9.0 Mobile/13E238 Safari/601.1" "saveaslave.com"
162.72.200.178 - - [05/Aug/2016:23:04:58 -0700] "GET /css/down-arrow.png HTTP/1.1" 404 89 "http://saveaslave.com/" "Mozilla/5.0 (iPad; CPU OS 9_3_1 like Mac OS X) AppleWebKit/601.1.46 (KHTML, like Gecko) Version/9.0 Mobile/13E238 Safari/601.1" "saveaslave.com"
162.72.200.178 - - [05/Aug/2016:23:04:58 -0700] "GET /images/select-arrow.png HTTP/1.1" 200 1118 "http://saveaslave.com/" "Mozilla/5.0 (iPad; CPU OS 9_3_1 like Mac OS X) AppleWebKit/601.1.46 (KHTML, like Gecko) Version/9.0 Mobile/13E238 Safari/601.1" "saveaslave.com"
162.72.200.178 - - [05/Aug/2016:23:04:58 -0700] "GET /indicator.gif HTTP/1.1" 200 878 "http://saveaslave.com/" "Mozilla/5.0 (iPad; CPU OS 9_3_1 like Mac OS X) AppleWebKit/601.1.46 (KHTML, like Gecko) Version/9.0 Mobile/13E238 Safari/601.1" "saveaslave.com"
66.249.84.229 - - [05/Aug/2016:23:05:20 -0700] "GET /ico/favicon-16x16.png HTTP/1.1" 200 1129 "-" "Mozilla/5.0 (X11; Linux x86_64) AppleWebKit/537.36 (KHTML, like Gecko) Chrome/49.0.2623.75 Safari/537.36 Google Favicon" "www.saveaslave.com"
162.72.200.178 - - [05/Aug/2016:23:07:00 -0700] "GET /images/article/pyatka_default.jpg HTTP/1.1" 200 204394 "http://saveaslave.com/country.php?name=Bolivia&lang=ru" "Mozilla/5.0 (iPad; CPU OS 9_3_1 like Mac OS X) AppleWebKit/601.1.46 (KHTML, like Gecko) Version/9.0 Mobile/13E238 Safari/601.1" "saveaslave.com"
162.72.200.178 - - [05/Aug/2016:23:07:12 -0700] "GET /css/down-arrow.png HTTP/1.1" 404 89 "http://saveaslave.com/country.php?name=Bolivia&lang=ru" "Mozilla/5.0 (iPad; CPU OS 9_3_1 like Mac OS X) AppleWebKit/601.1.46 (KHTML, like Gecko) Version/9.0 Mobile/13E238 Safari/601.1" "saveaslave.com"
46.118.158.47 - - [05/Aug/2016:23:28:20 -0700] "GET / HTTP/1.1" 200 89941 "http://www.symbol-s.ru/" "Mozilla/4.7 (compatible; OffByOne; Windows 2000) Webster Pro V3.4" "saveaslave.com"[2]
199.59.148.209 - - [05/Aug/2016:23:53:19 -0700] "GET /robots.txt HTTP/1.1" 200 48 "-" "Twitterbot/1.0" "saveaslave.com"
17.142.159.177 - - [05/Aug/2016:23:53:21 -0700] "GET / HTTP/1.1" 200 89977 "-" "Mozilla/5.0 (Macintosh; Intel Mac OS X 10_10_1) AppleWebKit/600.2.5 (KHTML, like Gecko) Version/8.0.2 Safari/600.2.5 (Applebot/0.1; +http://www.apple.com/go/applebot)" "saveaslave.com"
144.76.23.76 - - [05/Aug/2016:23:53:23 -0700] "GET /robots.txt HTTP/1.1" 200 48 "-" "Mozilla/5.0 (X11; U; x86_64 Linux; en_US; rv:1.7.12) Gecko/20050915 Firefox/1.0.7" "saveaslave.com"
144.76.23.76 - - [05/Aug/2016:23:53:23 -0700] "GET / HTTP/1.1" 200 89977 "-" "Mozilla/5.0 (X11; U; x86_64 Linux; en_US; rv:1.7.12) Gecko/20050915 Firefox/1.0.7" "saveaslave.com"
208.115.113.86 - - [06/Aug/2016:00:55:35 -0700] "GET /robots.txt HTTP/1.1" 200 48 "-" "Mozilla/5.0 (compatible; DotBot/1.1; http://www.opensiteexplorer.org/dotbot, help@moz.com)" "www.saveaslave.com"
208.115.113.86 - - [06/Aug/2016:00:55:35 -0700] "GET /robots.txt HTTP/1.1" 200 48 "-" "Mozilla/5.0 (compatible; DotBot/1.1; http://www.opensiteexplorer.org/dotbot, help@moz.com)" "saveaslave.com"
134.249.65.218 - - [06/Aug/2016:01:41:05 -0700] "GET / HTTP/1.1" 200 89941 "http://education-cz.ru/" "Mozilla/4.76 [en] (Windows NT 5.0; U)" "saveaslave.com"[2]
65.36.241.48 - - [06/Aug/2016:01:43:06 -0700] "HEAD / HTTP/1.1" 200 0 "-" "InternetSeer.com" "www.saveaslave.com"
208.115.113.86 - - [06/Aug/2016:01:57:14 -0700] "GET /article.php?id=89 HTTP/1.1" 200 776 "-" "Mozilla/5.0 (compatible; DotBot/1.1; http://www.opensiteexplorer.org/dotbot, help@moz.com)" "www.saveaslave.com"
208.115.113.86 - - [06/Aug/2016:01:57:59 -0700] "GET /robots.txt HTTP/1.1" 200 48 "-" "Mozilla/5.0 (compatible; DotBot/1.1; http://www.opensiteexplorer.org/dotbot, help@moz.com)" "www.saveaslave.com"
157.55.39.48 - - [06/Aug/2016:02:05:10 -0700] "GET /ireland HTTP/1.1" 404 89 "-" "Mozilla/5.0 (compatible; bingbot/2.0; +http://www.bing.com/bingbot.htm)" "www.saveaslave.com"[0]
106.120.173.111 - - [06/Aug/2016:02:23:00 -0700] "GET /site/?cat=187 HTTP/1.1" 404 89 "-" "Sogou web spider/4.0(+http://www.sogou.com/docs/help/webmasters.htm#07)" "saveaslave.com"
151.80.31.104 - - [06/Aug/2016:02:29:39 -0700] "GET /robots.txt HTTP/1.1" 200 48 "-" "Mozilla/5.0 (compatible; AhrefsBot/5.1; +http://ahrefs.com/robot/)" "saveaslave.com"[0]
164.132.161.8 - - [06/Aug/2016:02:29:40 -0700] "GET /morocco.html HTTP/1.1" 404 89 "-" "Mozilla/5.0 (compatible; AhrefsBot/5.1; +http://ahrefs.com/robot/)" "saveaslave.com"
208.115.113.86 - - [06/Aug/2016:02:41:25 -0700] "GET /marshallislands HTTP/1.1" 404 89 "-" "Mozilla/5.0 (compatible; DotBot/1.1; http://www.opensiteexplorer.org/dotbot, help@moz.com)" "www.saveaslave.com"
208.115.113.86 - - [06/Aug/2016:02:41:25 -0700] "GET /guyana HTTP/1.1" 404 89 "-" "Mozilla/5.0 (compatible; DotBot/1.1; http://www.opensiteexplorer.org/dotbot, help@moz.com)" "www.saveaslave.com"
208.115.113.86 - - [06/Aug/2016:02:41:26 -0700] "GET /kuwait HTTP/1.1" 404 89 "-" "Mozilla/5.0 (compatible; DotBot/1.1; http://www.opensiteexplorer.org/dotbot, help@moz.com)" "saveaslave.com"[0]
106.51.25.97 - - [06/Aug/2016:03:34:58 -0700] "GET /images/cover1.jpg HTTP/1.1" 200 253658 "https://www.google.co.in/" "Mozilla/5.0 (Windows NT 5.1) AppleWebKit/537.36 (KHTML, like Gecko) Chrome/49.0.2623.112 Safari/537.36" "www.saveaslave.com"
134.249.48.27 - - [06/Aug/2016:03:44:58 -0700] "GET / HTTP/1.1" 200 89941 "http://kemerovo.xrus.org/" "Mozilla/4.0 (compatible; MSIE 5.5; Windows 98)" "saveaslave.com"
213.24.125.31 - - [06/Aug/2016:04:00:57 -0700] "HEAD /our-newsr.php HTTP/1.1" 200 0 "http://www.google.ru/search?hl=ru&q=????????39.????&num=100&start=0" "Mozilla/5.0 (Windows; U; MSIE 9.0; Windows NT 9.0; en-US)" "saveaslave.com"[0]
213.24.125.31 - - [06/Aug/2016:04:00:59 -0700] "GET /our-newsr.php HTTP/1.1" 200 78237 "http://www.google.ru/search?hl=ru&q=????????39.????&num=100&start=0" "Mozilla/5.0 (Windows; U; MSIE 9.0; Windows NT 9.0; en-US)" "saveaslave.com"
180.76.15.135 - - [06/Aug/2016:04:21:31 -0700] "GET /listlink.php?page=eritrea.html HTTP/1.1" 200 1493 "-" "Mozilla/5.0 (compatible; Baiduspider/2.0; +http://www.baidu.com/search/spider.html)" "www.saveaslave.com"
208.115.113.86 - - [06/Aug/2016:04:35:14 -0700] "GET /reunion HTTP/1.1" 404 89 "-" "Mozilla/5.0 (compatible; DotBot/1.1; http://www.opensiteexplorer.org/dotbot, help@moz.com)" "www.saveaslave.com"[0]
66.249.69.160 - - [06/Aug/2016:04:41:34 -0700] "GET /images/countrymap/taiwan-flag.jpg HTTP/1.1" 404 89 "-" "Googlebot-Image/1.0" "www.saveaslave.com"
66.249.69.160 - - [06/Aug/2016:05:04:41 -0700] "GET /images/countrymap/zimbabwe-flag.jpg HTTP/1.1" 404 89 "-" "Googlebot-Image/1.0" "www.saveaslave.com"[0]
66.249.69.154 - - [06/Aug/2016:05:04:42 -0700] "GET /images/countrymap/sweden.jpg HTTP/1.1" 404 89 "-" "Googlebot-Image/1.0" "www.saveaslave.com"
66.249.69.157 - - [06/Aug/2016:05:04:49 -0700] "GET /images/countrymap/united-kingdom.gif HTTP/1.1" 404 89 "-" "Googlebot-Image/1.0" "www.saveaslave.com"
66.249.69.154 - - [06/Aug/2016:05:04:51 -0700] "GET /images/countrymap/tuvalu.gif HTTP/1.1" 404 89 "-" "Googlebot-Image/1.0" "www.saveaslave.com"
66.249.69.157 - - [06/Aug/2016:05:05:09 -0700] "GET /images/countrymap/sweden-flag.jpg HTTP/1.1" 404 89 "-" "Googlebot-Image/1.0" "www.saveaslave.com"
66.249.69.157 - - [06/Aug/2016:05:05:10 -0700] "GET /images/countrymap/zimbabwe.jpg HTTP/1.1" 404 89 "-" "Googlebot-Image/1.0" "www.saveaslave.com"
65.36.241.48 - - [06/Aug/2016:05:13:46 -0700] "HEAD / HTTP/1.1" 200 0 "-" "InternetSeer.com" "www.saveaslave.com"
65.36.241.48 - - [06/Aug/2016:05:14:56 -0700] "HEAD /?tpl=references&Itemid=3 HTTP/1.1" 200 0 "-" "InternetSeer.com" "www.saveaslave.com"
66.249.69.154 - - [06/Aug/2016:05:16:50 -0700] "GET /images/countrymap/united-states.gif HTTP/1.1" 404 89 "-" "Googlebot-Image/1.0" "www.saveaslave.com"
66.249.69.154 - - [06/Aug/2016:05:17:15 -0700] "GET /images/countrymap/wallis-futuna.gif HTTP/1.1" 404 89 "-" "Googlebot-Image/1.0" "www.saveaslave.com"
66.249.69.157 - - [06/Aug/2016:05:17:19 -0700] "GET /images/countrymap/us-virgin-islands.png HTTP/1.1" 404 89 "-" "Googlebot-Image/1.0" "www.saveaslave.com"
66.249.69.157 - - [06/Aug/2016:05:17:20 -0700] "GET /images/countrymap/wallis-futuna-flag.gif HTTP/1.1" 404 89 "-" "Googlebot-Image/1.0" "www.saveaslave.com"
66.249.69.154 - - [06/Aug/2016:05:19:13 -0700] "GET /images/supporters/movements-logo-large.png HTTP/1.1" 200 3276 "-" "Googlebot-Image/1.0" "www.saveaslave.com"
66.249.69.154 - - [06/Aug/2016:05:26:38 -0700] "GET /images/supporters/logo_endslaverynow.png HTTP/1.1" 200 27566 "-" "Googlebot-Image/1.0" "www.saveaslave.com"
66.249.69.157 - - [06/Aug/2016:05:28:23 -0700] "GET /images/supporters/Free-the-Slaves.png HTTP/1.1" 200 9388 "-" "Googlebot-Image/1.0" "www.saveaslave.com"
164.132.161.70 - - [06/Aug/2016:05:42:28 -0700] "GET /cotw.html HTTP/1.1" 404 89 "-" "Mozilla/5.0 (compatible; AhrefsBot/5.1; +http://ahrefs.com/robot/)" "saveaslave.com"
208.115.113.86 - - [06/Aug/2016:06:20:35 -0700] "GET /robots.txt HTTP/1.1" 200 48 "-" "Mozilla/5.0 (compatible; DotBot/1.1; http://www.opensiteexplorer.org/dotbot, help@moz.com)" "www.saveaslave.com"
88.240.139.189 - - [06/Aug/2016:06:52:30 -0700] "GET / HTTP/1.1" 200 89941 "https://www.google.com.tr/" "Mozilla/5.0 (Windows NT 6.1; WOW64) AppleWebKit/537.36 (KHTML, like Gecko) Chrome/51.0.2704.103 Safari/537.36" "www.saveaslave.com"[1]
88.240.139.189 - - [06/Aug/2016:06:52:31 -0700] "GET /css/bootstrap.min.css HTTP/1.1" 200 123578 "http://www.saveaslave.com/" "Mozilla/5.0 (Windows NT 6.1; WOW64) AppleWebKit/537.36 (KHTML, like Gecko) Chrome/51.0.2704.103 Safari/537.36" "www.saveaslave.com"
88.240.139.189 - - [06/Aug/2016:06:52:31 -0700] "GET /css/elements.css HTTP/1.1" 200 17857 "http://www.saveaslave.com/" "Mozilla/5.0 (Windows NT 6.1; WOW64) AppleWebKit/537.36 (KHTML, like Gecko) Chrome/51.0.2704.103 Safari/537.36" "www.saveaslave.com"
88.240.139.189 - - [06/Aug/2016:06:52:31 -0700] "GET /css/style.css HTTP/1.1" 200 7938 "http://www.saveaslave.com/" "Mozilla/5.0 (Windows NT 6.1; WOW64) AppleWebKit/537.36 (KHTML, like Gecko) Chrome/51.0.2704.103 Safari/537.36" "www.saveaslave.com"[0]
88.240.139.189 - - [06/Aug/2016:06:52:31 -0700] "GET /gajaxscroller.js HTTP/1.1" 200 9774 "http://www.saveaslave.com/" "Mozilla/5.0 (Windows NT 6.1; WOW64) AppleWebKit/537.36 (KHTML, like Gecko) Chrome/51.0.2704.103 Safari/537.36" "www.saveaslave.com"
88.240.139.189 - - [06/Aug/2016:06:52:31 -0700] "GET /gfeedfetcher.js HTTP/1.1" 200 9018 "http://www.saveaslave.com/" "Mozilla/5.0 (Windows NT 6.1; WOW64) AppleWebKit/537.36 (KHTML, like Gecko) Chrome/51.0.2704.103 Safari/537.36" "www.saveaslave.com"
88.240.139.189 - - [06/Aug/2016:06:52:31 -0700] "GET /assets/js/ie-emulation-modes-warning.js HTTP/1.1" 200 2130 "http://www.saveaslave.com/" "Mozilla/5.0 (Windows NT 6.1; WOW64) AppleWebKit/537.36 (KHTML, like Gecko) Chrome/51.0.2704.103 Safari/537.36" "www.saveaslave.com"
88.240.139.189 - - [06/Aug/2016:06:52:31 -0700] "GET /css/style-pages.css HTTP/1.1" 200 9894 "http://www.saveaslave.com/" "Mozilla/5.0 (Windows NT 6.1; WOW64) AppleWebKit/537.36 (KHTML, like Gecko) Chrome/51.0.2704.103 Safari/537.36" "www.saveaslave.com"
88.240.139.189 - - [06/Aug/2016:06:52:32 -0700] "GET /js/bootstrap.min.js HTTP/1.1" 200 37055 "http://www.saveaslave.com/" "Mozilla/5.0 (Windows NT 6.1; WOW64) AppleWebKit/537.36 (KHTML, like Gecko) Chrome/51.0.2704.103 Safari/537.36" "www.saveaslave.com"
