70.122.110.122 - - [03/Jan/2017:11:37:57 -0800] "GET /images/cover1.jpg HTTP/1.1" 200 253658 "http://www.saveaslave.com/" "Mozilla/5.0 (Macintosh; Intel Mac OS X 10_12_2) AppleWebKit/537.36 (KHTML, like Gecko) Chrome/55.0.2883.95 Safari/537.36" "www.saveaslave.com"
70.122.110.122 - - [03/Jan/2017:11:37:57 -0800] "GET /images/select-arrow.png HTTP/1.1" 200 1118 "http://www.saveaslave.com/css/style.css" "Mozilla/5.0 (Macintosh; Intel Mac OS X 10_12_2) AppleWebKit/537.36 (KHTML, like Gecko) Chrome/55.0.2883.95 Safari/537.36" "www.saveaslave.com"
70.122.110.122 - - [03/Jan/2017:11:37:57 -0800] "GET /addarticle.php HTTP/1.1" 200 13725 "http://www.saveaslave.com/" "Mozilla/5.0 (Macintosh; Intel Mac OS X 10_12_2) AppleWebKit/537.36 (KHTML, like Gecko) Chrome/55.0.2883.95 Safari/537.36" "www.saveaslave.com"[0]
70.122.110.122 - - [03/Jan/2017:11:37:57 -0800] "GET /images/article/s1_dety_beg_d9954.jpg HTTP/1.1" 200 16968 "http://www.saveaslave.com/" "Mozilla/5.0 (Macintosh; Intel Mac OS X 10_12_2) AppleWebKit/537.36 (KHTML, like Gecko) Chrome/55.0.2883.95 Safari/537.36" "www.saveaslave.com"[0]
70.122.110.122 - - [03/Jan/2017:11:37:57 -0800] "GET /images/article/suspects.jpg HTTP/1.1" 200 58796 "http://www.saveaslave.com/" "Mozilla/5.0 (Macintosh; Intel Mac OS X 10_12_2) AppleWebKit/537.36 (KHTML, like Gecko) Chrome/55.0.2883.95 Safari/537.36" "www.saveaslave.com"
70.122.110.122 - - [03/Jan/2017:11:37:57 -0800] "GET /images/social2.png HTTP/1.1" 200 1752 "http://www.saveaslave.com/" "Mozilla/5.0 (Macintosh; Intel Mac OS X 10_12_2) AppleWebKit/537.36 (KHTML, like Gecko) Chrome/55.0.2883.95 Safari/537.36" "www.saveaslave.com"
70.122.110.122 - - [03/Jan/2017:11:37:57 -0800] "GET /images/tripit_icon_thumb_flat.png HTTP/1.1" 200 5795 "http://www.saveaslave.com/" "Mozilla/5.0 (Macintosh; Intel Mac OS X 10_12_2) AppleWebKit/537.36 (KHTML, like Gecko) Chrome/55.0.2883.95 Safari/537.36" "www.saveaslave.com"
70.122.110.122 - - [03/Jan/2017:11:37:57 -0800] "GET /images/social3.png HTTP/1.1" 200 4343 "http://www.saveaslave.com/" "Mozilla/5.0 (Macintosh; Intel Mac OS X 10_12_2) AppleWebKit/537.36 (KHTML, like Gecko) Chrome/55.0.2883.95 Safari/537.36" "www.saveaslave.com"
70.122.110.122 - - [03/Jan/2017:11:37:57 -0800] "GET /images/social1.png HTTP/1.1" 200 2012 "http://www.saveaslave.com/" "Mozilla/5.0 (Macintosh; Intel Mac OS X 10_12_2) AppleWebKit/537.36 (KHTML, like Gecko) Chrome/55.0.2883.95 Safari/537.36" "www.saveaslave.com"
70.122.110.122 - - [03/Jan/2017:11:37:58 -0800] "GET /css/down-arrow.png HTTP/1.1" 404 89 "http://www.saveaslave.com/css/elements.css" "Mozilla/5.0 (Macintosh; Intel Mac OS X 10_12_2) AppleWebKit/537.36 (KHTML, like Gecko) Chrome/55.0.2883.95 Safari/537.36" "www.saveaslave.com"
70.122.110.122 - - [03/Jan/2017:11:37:59 -0800] "GET /favicon.ico HTTP/1.1" 404 89 "http://www.saveaslave.com/" "Mozilla/5.0 (Macintosh; Intel Mac OS X 10_12_2) AppleWebKit/537.36 (KHTML, like Gecko) Chrome/55.0.2883.95 Safari/537.36" "www.saveaslave.com"
70.122.110.122 - - [03/Jan/2017:11:37:59 -0800] "GET /ico/favicon-96x96.png HTTP/1.1" 200 4476 "http://www.saveaslave.com/" "Mozilla/5.0 (Macintosh; Intel Mac OS X 10_12_2) AppleWebKit/537.36 (KHTML, like Gecko) Chrome/55.0.2883.95 Safari/537.36" "www.saveaslave.com"
70.122.110.122 - - [03/Jan/2017:11:38:00 -0800] "GET /ico/favicon-32x32.png HTTP/1.1" 200 1892 "http://www.saveaslave.com/" "Mozilla/5.0 (Macintosh; Intel Mac OS X 10_12_2) AppleWebKit/537.36 (KHTML, like Gecko) Chrome/55.0.2883.95 Safari/537.36" "www.saveaslave.com"
70.122.110.122 - - [03/Jan/2017:11:38:00 -0800] "GET /ico/android-icon-192x192.png HTTP/1.1" 200 10097 "http://www.saveaslave.com/" "Mozilla/5.0 (Macintosh; Intel Mac OS X 10_12_2) AppleWebKit/537.36 (KHTML, like Gecko) Chrome/55.0.2883.95 Safari/537.36" "www.saveaslave.com"
77.88.47.15 - - [03/Jan/2017:12:36:41 -0800] "GET /robots.txt HTTP/1.1" 200 48 "-" "Mozilla/5.0 (compatible; YandexBot/3.0; +http://yandex.com/bots)" "www.saveaslave.com"
216.244.66.230 - - [03/Jan/2017:12:40:01 -0800] "GET /article.php?id=13 HTTP/1.1" 200 61444 "-" "Mozilla/5.0 (compatible; DotBot/1.1; http://www.opensiteexplorer.org/dotbot, help@moz.com)" "saveaslave.com"
163.172.65.36 - - [03/Jan/2017:12:46:46 -0800] "GET /coalition-members-cast.php HTTP/1.1" 200 48016 "-" "Mozilla/5.0 (compatible; AhrefsBot/5.2; +http://ahrefs.com/robot/)" "www.saveaslave.com"
66.249.75.68 - - [03/Jan/2017:13:00:05 -0800] "GET /our-supportersr.php HTTP/1.1" 200 73 "-" "Mozilla/5.0 (compatible; Googlebot/2.1; +http://www.google.com/bot.html)" "saveaslave.com"
106.120.173.111 - - [03/Jan/2017:13:44:21 -0800] "GET /article.php?id=86 HTTP/1.1" 200 44889 "-" "Sogou web spider/4.0(+http://www.sogou.com/docs/help/webmasters.htm#07)" "www.saveaslave.com"
106.120.173.111 - - [03/Jan/2017:13:44:43 -0800] "GET /our-supporters.php HTTP/1.1" 200 56309 "-" "Sogou web spider/4.0(+http://www.sogou.com/docs/help/webmasters.htm#07)" "www.saveaslave.com"
216.244.66.240 - - [03/Jan/2017:13:58:09 -0800] "GET /www.kiwa.org HTTP/1.1" 404 89 "-" "Mozilla/5.0 (compatible; DotBot/1.1; http://www.opensiteexplorer.org/dotbot, help@moz.com)" "www.saveaslave.com"
65.36.241.48 - - [03/Jan/2017:14:08:45 -0800] "HEAD / HTTP/1.1" 200 0 "-" "InternetSeer.com" "www.saveaslave.com"
163.172.65.205 - - [03/Jan/2017:14:23:57 -0800] "GET /kyrgyzstan.html HTTP/1.1" 404 89 "-" "Mozilla/5.0 (compatible; AhrefsBot/5.2; +http://ahrefs.com/robot/)" "www.saveaslave.com"
96.38.174.46 - - [03/Jan/2017:14:49:26 -0800] "GET / HTTP/1.1" 200 91413 "-" "Mozilla/5.0 (Windows NT 6.3; Win64; x64) AppleWebKit/537.36 (KHTML, like Gecko) Chrome/55.0.2883.87 Safari/537.36" "www.saveaslave.com"
96.38.174.46 - - [03/Jan/2017:14:49:26 -0800] "GET /css/style.css HTTP/1.1" 200 7938 "http://www.saveaslave.com/" "Mozilla/5.0 (Windows NT 6.3; Win64; x64) AppleWebKit/537.36 (KHTML, like Gecko) Chrome/55.0.2883.87 Safari/537.36" "www.saveaslave.com"
96.38.174.46 - - [03/Jan/2017:14:49:26 -0800] "GET /css/elements.css HTTP/1.1" 200 17857 "http://www.saveaslave.com/" "Mozilla/5.0 (Windows NT 6.3; Win64; x64) AppleWebKit/537.36 (KHTML, like Gecko) Chrome/55.0.2883.87 Safari/537.36" "www.saveaslave.com"[0]
96.38.174.46 - - [03/Jan/2017:14:49:27 -0800] "GET /images/cover1.jpg HTTP/1.1" 200 253658 "http://www.saveaslave.com/" "Mozilla/5.0 (Windows NT 6.3; Win64; x64) AppleWebKit/537.36 (KHTML, like Gecko) Chrome/55.0.2883.87 Safari/537.36" "www.saveaslave.com"
96.38.174.46 - - [03/Jan/2017:14:49:27 -0800] "GET /images/select-arrow.png HTTP/1.1" 200 1118 "http://www.saveaslave.com/css/style.css" "Mozilla/5.0 (Windows NT 6.3; Win64; x64) AppleWebKit/537.36 (KHTML, like Gecko) Chrome/55.0.2883.87 Safari/537.36" "www.saveaslave.com"
96.38.174.46 - - [03/Jan/2017:14:49:27 -0800] "GET /images/tripit_icon_thumb_flat.png HTTP/1.1" 200 5795 "http://www.saveaslave.com/" "Mozilla/5.0 (Windows NT 6.3; Win64; x64) AppleWebKit/537.36 (KHTML, like Gecko) Chrome/55.0.2883.87 Safari/537.36" "www.saveaslave.com"
96.38.174.46 - - [03/Jan/2017:14:49:27 -0800] "GET /images/social2.png HTTP/1.1" 200 1752 "http://www.saveaslave.com/" "Mozilla/5.0 (Windows NT 6.3; Win64; x64) AppleWebKit/537.36 (KHTML, like Gecko) Chrome/55.0.2883.87 Safari/537.36" "www.saveaslave.com"
96.38.174.46 - - [03/Jan/2017:14:49:27 -0800] "GET /images/article/suspects.jpg HTTP/1.1" 200 58796 "http://www.saveaslave.com/" "Mozilla/5.0 (Windows NT 6.3; Win64; x64) AppleWebKit/537.36 (KHTML, like Gecko) Chrome/55.0.2883.87 Safari/537.36" "www.saveaslave.com"
96.38.174.46 - - [03/Jan/2017:14:49:27 -0800] "GET /css/down-arrow.png HTTP/1.1" 404 89 "http://www.saveaslave.com/css/elements.css" "Mozilla/5.0 (Windows NT 6.3; Win64; x64) AppleWebKit/537.36 (KHTML, like Gecko) Chrome/55.0.2883.87 Safari/537.36" "www.saveaslave.com"
96.38.174.46 - - [03/Jan/2017:14:49:28 -0800] "GET /addarticle.php HTTP/1.1" 200 13725 "http://www.saveaslave.com/" "Mozilla/5.0 (Windows NT 6.3; Win64; x64) AppleWebKit/537.36 (KHTML, like Gecko) Chrome/55.0.2883.87 Safari/537.36" "www.saveaslave.com"
96.38.174.46 - - [03/Jan/2017:14:49:30 -0800] "GET /ico/favicon-32x32.png HTTP/1.1" 200 1892 "http://www.saveaslave.com/" "Mozilla/5.0 (Windows NT 6.3; Win64; x64) AppleWebKit/537.36 (KHTML, like Gecko) Chrome/55.0.2883.87 Safari/537.36" "www.saveaslave.com"
212.109.201.73 - - [03/Jan/2017:14:59:05 -0800] "GET /addlink.php HTTP/1.1" 200 12896 "http://saveaslave.com/addlink.php" "Mozilla/5.0 (Windows NT 6.1) AppleWebKit/537.36 (KHTML, like Gecko) Chrome/48.0.2564.109 Safari/537.36" "saveaslave.com"
216.244.66.230 - - [03/Jan/2017:15:16:33 -0800] "GET /robots.txt HTTP/1.1" 200 48 "-" "Mozilla/5.0 (compatible; DotBot/1.1; http://www.opensiteexplorer.org/dotbot, help@moz.com)" "saveaslave.com"
163.172.65.8 - - [03/Jan/2017:15:27:34 -0800] "GET /www.ncjla.org HTTP/1.1" 404 89 "-" "Mozilla/5.0 (compatible; AhrefsBot/5.2; +http://ahrefs.com/robot/)" "saveaslave.com"
104.131.214.88 - - [03/Jan/2017:15:30:00 -0800] "GET /robots.txt HTTP/1.1" 200 48 "-" "Mozilla/5.0 (compatible; spbot/5.0.3; +http://OpenLinkProfiler.org/bot )" "saveaslave.com"
104.131.214.88 - - [03/Jan/2017:15:30:07 -0800] "GET / HTTP/1.1" 200 91413 "-" "Mozilla/5.0 (compatible; spbot/5.0.3; +http://OpenLinkProfiler.org/bot )" "www.saveaslave.com"
65.36.241.48 - - [03/Jan/2017:15:30:11 -0800] "HEAD / HTTP/1.1" 200 0 "-" "InternetSeer.com" "www.saveaslave.com"
104.131.214.88 - - [03/Jan/2017:15:30:16 -0800] "GET /our-news.php HTTP/1.1" 200 65928 "http://www.saveaslave.com/" "Mozilla/5.0 (compatible; spbot/5.0.3; +http://OpenLinkProfiler.org/bot )" "www.saveaslave.com"
104.131.214.88 - - [03/Jan/2017:15:30:25 -0800] "GET /disclaimer.php HTTP/1.1" 200 48726 "http://www.saveaslave.com/" "Mozilla/5.0 (compatible; spbot/5.0.3; +http://OpenLinkProfiler.org/bot )" "www.saveaslave.com"[0]
104.131.214.88 - - [03/Jan/2017:15:30:40 -0800] "GET /article.php?id=1 HTTP/1.1" 200 45776 "http://www.saveaslave.com/our-news.php" "Mozilla/5.0 (compatible; spbot/5.0.3; +http://OpenLinkProfiler.org/bot )" "www.saveaslave.com"
104.131.214.88 - - [03/Jan/2017:15:30:51 -0800] "GET /article.php?id=6 HTTP/1.1" 200 48434 "http://www.saveaslave.com/our-news.php" "Mozilla/5.0 (compatible; spbot/5.0.3; +http://OpenLinkProfiler.org/bot )" "www.saveaslave.com"[1]
123.125.71.101 - - [03/Jan/2017:15:31:03 -0800] "GET /assets/js/ie-emulation-modes-warning.js HTTP/1.1" 200 2130 "http://saveaslave.com/" "Mozilla/5.0 (iPhone; CPU iPhone OS 8_0 like Mac OS X) AppleWebKit/600.1.3 (KHTML, like Gecko) Version/8.0 Mobile/12A4345d Safari/600.1.4" "saveaslave.com"
220.181.108.171 - - [03/Jan/2017:15:31:03 -0800] "GET /css/style.css HTTP/1.1" 200 7938 "http://saveaslave.com/" "Mozilla/5.0 (iPhone; CPU iPhone OS 8_0 like Mac OS X) AppleWebKit/600.1.3 (KHTML, like Gecko) Version/8.0 Mobile/12A4345d Safari/600.1.4" "saveaslave.com"
220.181.108.172 - - [03/Jan/2017:15:31:04 -0800] "GET /css/bootstrap.min.css HTTP/1.1" 200 123578 "http://saveaslave.com/" "Mozilla/5.0 (iPhone; CPU iPhone OS 8_0 like Mac OS X) AppleWebKit/600.1.3 (KHTML, like Gecko) Version/8.0 Mobile/12A4345d Safari/600.1.4" "saveaslave.com"
104.131.214.88 - - [03/Jan/2017:15:31:05 -0800] "GET /article.php?id=3 HTTP/1.1" 200 51781 "http://www.saveaslave.com/our-news.php" "Mozilla/5.0 (compatible; spbot/5.0.3; +http://OpenLinkProfiler.org/bot )" "www.saveaslave.com"[0]
123.125.71.56 - - [03/Jan/2017:15:31:13 -0800] "GET /gfeedfetcher.js HTTP/1.1" 200 9018 "http://saveaslave.com/" "Mozilla/5.0 (iPhone; CPU iPhone OS 8_0 like Mac OS X) AppleWebKit/600.1.3 (KHTML, like Gecko) Version/8.0 Mobile/12A4345d Safari/600.1.4" "saveaslave.com"
220.181.51.103 - - [03/Jan/2017:15:31:13 -0800] "GET /gajaxscroller.js HTTP/1.1" 200 9774 "http://saveaslave.com/" "Mozilla/5.0 (iPhone; CPU iPhone OS 8_0 like Mac OS X) AppleWebKit/600.1.3 (KHTML, like Gecko) Version/8.0 Mobile/12A4345d Safari/600.1.4" "saveaslave.com"
104.131.214.88 - - [03/Jan/2017:15:31:16 -0800] "GET /article.php?id=86 HTTP/1.1" 200 44853 "http://www.saveaslave.com/" "Mozilla/5.0 (compatible; spbot/5.0.3; +http://OpenLinkProfiler.org/bot )" "www.saveaslave.com"
104.131.214.88 - - [03/Jan/2017:15:31:20 -0800] "GET /article.php?id=32 HTTP/1.1" 200 51953 "http://www.saveaslave.com/" "Mozilla/5.0 (compatible; spbot/5.0.3; +http://OpenLinkProfiler.org/bot )" "www.saveaslave.com"[0]
104.131.214.88 - - [03/Jan/2017:15:31:26 -0800] "GET /article.php?id=15 HTTP/1.1" 200 57077 "http://www.saveaslave.com/our-news.php" "Mozilla/5.0 (compatible; spbot/5.0.3; +http://OpenLinkProfiler.org/bot )" "www.saveaslave.com"[1]
104.131.214.88 - - [03/Jan/2017:15:31:32 -0800] "GET /article.php?id=13 HTTP/1.1" 200 61408 "http://www.saveaslave.com/our-news.php" "Mozilla/5.0 (compatible; spbot/5.0.3; +http://OpenLinkProfiler.org/bot )" "www.saveaslave.com"
104.131.214.88 - - [03/Jan/2017:15:31:55 -0800] "GET /managearticle.php HTTP/1.1" 200 1294 "http://www.saveaslave.com/help-advanced.php" "Mozilla/5.0 (compatible; spbot/5.0.3; +http://OpenLinkProfiler.org/bot )" "www.saveaslave.com"
104.131.214.88 - - [03/Jan/2017:15:32:06 -0800] "GET /article.php?id=113 HTTP/1.1" 200 44798 "http://www.saveaslave.com/our-news.php" "Mozilla/5.0 (compatible; spbot/5.0.3; +http://OpenLinkProfiler.org/bot )" "www.saveaslave.com"
104.131.214.88 - - [03/Jan/2017:15:32:11 -0800] "GET /our-supporters.php HTTP/1.1" 200 56273 "http://www.saveaslave.com/" "Mozilla/5.0 (compatible; spbot/5.0.3; +http://OpenLinkProfiler.org/bot )" "www.saveaslave.com"
104.131.214.88 - - [03/Jan/2017:15:32:20 -0800] "GET /article.php?id=111 HTTP/1.1" 200 47064 "http://www.saveaslave.com/our-news.php" "Mozilla/5.0 (compatible; spbot/5.0.3; +http://OpenLinkProfiler.org/bot )" "www.saveaslave.com"
104.131.214.88 - - [03/Jan/2017:15:32:27 -0800] "GET /in-russian.php?lang=ru HTTP/1.1" 200 94676 "http://www.saveaslave.com/" "Mozilla/5.0 (compatible; spbot/5.0.3; +http://OpenLinkProfiler.org/bot )" "saveaslave.com"
104.131.214.88 - - [03/Jan/2017:15:32:35 -0800] "GET /help.php HTTP/1.1" 200 53184 "http://saveaslave.com/" "Mozilla/5.0 (compatible; spbot/5.0.3; +http://OpenLinkProfiler.org/bot )" "saveaslave.com"
104.131.214.88 - - [03/Jan/2017:15:32:45 -0800] "GET /our-news.php HTTP/1.1" 200 85 "http://saveaslave.com/" "Mozilla/5.0 (compatible; spbot/5.0.3; +http://OpenLinkProfiler.org/bot )" "saveaslave.com"
104.131.214.88 - - [03/Jan/2017:15:32:55 -0800] "GET /disclaimer.php HTTP/1.1" 200 48762 "http://saveaslave.com/" "Mozilla/5.0 (compatible; spbot/5.0.3; +http://OpenLinkProfiler.org/bot )" "saveaslave.com"
104.131.214.88 - - [03/Jan/2017:15:33:20 -0800] "GET /article.php?id=9 HTTP/1.1" 200 101277 "http://saveaslave.com/our-newsr.php" "Mozilla/5.0 (compatible; spbot/5.0.3; +http://OpenLinkProfiler.org/bot )" "saveaslave.com"
104.131.214.88 - - [03/Jan/2017:15:33:26 -0800] "GET /article.php?id=8 HTTP/1.1" 200 55633 "http://saveaslave.com/our-newsr.php" "Mozilla/5.0 (compatible; spbot/5.0.3; +http://OpenLinkProfiler.org/bot )" "saveaslave.com"[1]
104.131.214.88 - - [03/Jan/2017:15:33:30 -0800] "GET /article.php?id=62 HTTP/1.1" 200 48554 "http://saveaslave.com/our-newsr.php" "Mozilla/5.0 (compatible; spbot/5.0.3; +http://OpenLinkProfiler.org/bot )" "saveaslave.com"
104.131.214.88 - - [03/Jan/2017:15:33:51 -0800] "GET /article.php?id=32 HTTP/1.1" 200 51989 "http://saveaslave.com/" "Mozilla/5.0 (compatible; spbot/5.0.3; +http://OpenLinkProfiler.org/bot )" "saveaslave.com"[1]
104.131.214.88 - - [03/Jan/2017:15:34:10 -0800] "GET /article.php?id=86 HTTP/1.1" 200 44889 "http://saveaslave.com/" "Mozilla/5.0 (compatible; spbot/5.0.3; +http://OpenLinkProfiler.org/bot )" "saveaslave.com"
104.131.214.88 - - [03/Jan/2017:15:34:15 -0800] "GET /article.php?id=10 HTTP/1.1" 200 50339 "http://saveaslave.com/our-newsr.php" "Mozilla/5.0 (compatible; spbot/5.0.3; +http://OpenLinkProfiler.org/bot )" "saveaslave.com"[0]
104.131.214.88 - - [03/Jan/2017:15:34:26 -0800] "GET /article.php?id=18 HTTP/1.1" 200 47999 "http://saveaslave.com/our-newsr.php" "Mozilla/5.0 (compatible; spbot/5.0.3; +http://OpenLinkProfiler.org/bot )" "saveaslave.com"
104.131.214.88 - - [03/Jan/2017:15:34:30 -0800] "GET /article.php?id=64 HTTP/1.1" 200 47927 "http://saveaslave.com/in-russian.php?lang=ru" "Mozilla/5.0 (compatible; spbot/5.0.3; +http://OpenLinkProfiler.org/bot )" "saveaslave.com"
104.131.214.88 - - [03/Jan/2017:15:34:36 -0800] "GET /article.php?id=60 HTTP/1.1" 200 49918 "http://saveaslave.com/our-newsr.php" "Mozilla/5.0 (compatible; spbot/5.0.3; +http://OpenLinkProfiler.org/bot )" "saveaslave.com"
104.131.214.88 - - [03/Jan/2017:15:34:45 -0800] "GET /article.php?id=45 HTTP/1.1" 200 46783 "http://saveaslave.com/our-newsr.php" "Mozilla/5.0 (compatible; spbot/5.0.3; +http://OpenLinkProfiler.org/bot )" "saveaslave.com"
104.131.214.88 - - [03/Jan/2017:15:34:56 -0800] "GET /article.php?id=12 HTTP/1.1" 200 50464 "http://saveaslave.com/our-newsr.php" "Mozilla/5.0 (compatible; spbot/5.0.3; +http://OpenLinkProfiler.org/bot )" "saveaslave.com"[1]
104.131.214.88 - - [03/Jan/2017:15:35:00 -0800] "GET /article.php?id=61 HTTP/1.1" 200 57234 "http://saveaslave.com/our-newsr.php" "Mozilla/5.0 (compatible; spbot/5.0.3; +http://OpenLinkProfiler.org/bot )" "saveaslave.com"[0]
104.131.214.88 - - [03/Jan/2017:15:35:05 -0800] "GET /article.php?id=17 HTTP/1.1" 200 46094 "http://saveaslave.com/our-newsr.php" "Mozilla/5.0 (compatible; spbot/5.0.3; +http://OpenLinkProfiler.org/bot )" "saveaslave.com"
104.131.214.88 - - [03/Jan/2017:15:35:11 -0800] "GET /article.php?id=24 HTTP/1.1" 200 46747 "http://saveaslave.com/our-newsr.php" "Mozilla/5.0 (compatible; spbot/5.0.3; +http://OpenLinkProfiler.org/bot )" "saveaslave.com"
104.131.214.88 - - [03/Jan/2017:15:35:15 -0800] "GET /article.php?id=112 HTTP/1.1" 200 46836 "http://saveaslave.com/in-russian.php?lang=ru" "Mozilla/5.0 (compatible; spbot/5.0.3; +http://OpenLinkProfiler.org/bot )" "saveaslave.com"[0]
104.131.214.88 - - [03/Jan/2017:15:35:20 -0800] "GET /article.php?id=114 HTTP/1.1" 200 44829 "http://saveaslave.com/" "Mozilla/5.0 (compatible; spbot/5.0.3; +http://OpenLinkProfiler.org/bot )" "saveaslave.com"[0]
104.131.214.88 - - [03/Jan/2017:15:35:26 -0800] "GET /our-supporters.php HTTP/1.1" 200 56309 "http://saveaslave.com/" "Mozilla/5.0 (compatible; spbot/5.0.3; +http://OpenLinkProfiler.org/bot )" "saveaslave.com"
104.131.214.88 - - [03/Jan/2017:15:35:30 -0800] "GET /our-supportersr.php HTTP/1.1" 200 73 "http://saveaslave.com/in-russian.php?lang=ru" "Mozilla/5.0 (compatible; spbot/5.0.3; +http://OpenLinkProfiler.org/bot )" "saveaslave.com"
104.131.214.88 - - [03/Jan/2017:15:35:35 -0800] "GET /managevolunteer.php HTTP/1.1" 200 1294 "http://www.saveaslave.com/help-advanced.php" "Mozilla/5.0 (compatible; spbot/5.0.3; +http://OpenLinkProfiler.org/bot )" "www.saveaslave.com"[0]
216.244.66.230 - - [03/Jan/2017:17:09:35 -0800] "GET /www.jvsla.org HTTP/1.1" 404 89 "-" "Mozilla/5.0 (compatible; DotBot/1.1; http://www.opensiteexplorer.org/dotbot, help@moz.com)" "saveaslave.com"
216.244.66.230 - - [03/Jan/2017:17:16:38 -0800] "GET /robots.txt HTTP/1.1" 200 48 "-" "Mozilla/5.0 (compatible; DotBot/1.1; http://www.opensiteexplorer.org/dotbot, help@moz.com)" "saveaslave.com"
66.249.75.27 - - [03/Jan/2017:17:24:44 -0800] "GET /images/top.jpg HTTP/1.1" 200 50519 "-" "Googlebot-Image/1.0" "www.saveaslave.com"
178.137.18.149 - - [03/Jan/2017:17:34:07 -0800] "GET / HTTP/1.1" 200 91377 "http://alfa-politeh.ru/" "Opera/9.00 (Windows NT 5.1; U; ru)" "saveaslave.com"[2]
178.137.18.149 - - [03/Jan/2017:17:34:08 -0800] "GET / HTTP/1.1" 200 91377 "http://alfa-politeh.ru/" "Opera/9.00 (Windows NT 5.1; U; ru)" "saveaslave.com"
178.137.18.149 - - [03/Jan/2017:17:34:08 -0800] "GET / HTTP/1.1" 200 91377 "http://alfa-politeh.ru/" "Opera/9.00 (Windows NT 5.1; U; ru)" "saveaslave.com"
42.236.10.100 - - [03/Jan/2017:17:43:46 -0800] "GET / HTTP/1.1" 200 91413 "http://saveaslave.com/" "Mozilla/5.0 (Windows NT 6.2) AppleWebKit/537.36 (KHTML, like Gecko) Chrome/31.0.1650.63 Safari/537.36 QIHU 360SE; 360Spider" "saveaslave.com"
77.88.47.104 - - [03/Jan/2017:17:50:26 -0800] "GET /ico/apple-icon-72x72.png HTTP/1.1" 200 3219 "-" "Mozilla/5.0 (compatible; YandexBot/3.0; +http://yandex.com/bots)" "www.saveaslave.com"
216.244.66.240 - - [03/Jan/2017:18:00:23 -0800] "GET /philippines HTTP/1.1" 404 89 "-" "Mozilla/5.0 (compatible; DotBot/1.1; http://www.opensiteexplorer.org/dotbot, help@moz.com)" "www.saveaslave.com"
220.181.51.109 - - [03/Jan/2017:18:03:17 -0800] "GET /images/Cameroon_flag.gif HTTP/1.1" 404 89 "-" "Mozilla/5.0 (Windows NT 10.0; WOW64) AppleWebKit/537.36 (KHTML, like Gecko) Chrome/45.0.2454.93 Safari/537.36" "www.saveaslave.com"
216.244.66.240 - - [03/Jan/2017:18:14:03 -0800] "GET /robots.txt HTTP/1.1" 200 48 "-" "Mozilla/5.0 (compatible; DotBot/1.1; http://www.opensiteexplorer.org/dotbot, help@moz.com)" "saveaslave.com"
180.76.15.6 - - [03/Jan/2017:18:16:06 -0800] "GET /images/supporters/?N=D HTTP/1.1" 200 7702 "-" "Mozilla/5.0 (compatible; Baiduspider/2.0; +http://www.baidu.com/search/spider.html)" "www.saveaslave.com"
216.244.66.230 - - [03/Jan/2017:19:00:55 -0800] "GET /www.carecen-la.org HTTP/1.1" 404 89 "-" "Mozilla/5.0 (compatible; DotBot/1.1; http://www.opensiteexplorer.org/dotbot, help@moz.com)" "saveaslave.com"
216.244.66.230 - - [03/Jan/2017:19:16:10 -0800] "GET /robots.txt HTTP/1.1" 200 48 "-" "Mozilla/5.0 (compatible; DotBot/1.1; http://www.opensiteexplorer.org/dotbot, help@moz.com)" "saveaslave.com"
216.244.66.230 - - [03/Jan/2017:19:16:10 -0800] "GET /robots.txt HTTP/1.1" 200 48 "-" "Mozilla/5.0 (compatible; DotBot/1.1; http://www.opensiteexplorer.org/dotbot, help@moz.com)" "www.saveaslave.com"
220.181.51.76 - - [03/Jan/2017:19:18:46 -0800] "GET /images/Serbia_flag.gif HTTP/1.1" 404 89 "-" "Mozilla/5.0 (Windows NT 10.0; WOW64) AppleWebKit/537.36 (KHTML, like Gecko) Chrome/45.0.2454.93 Safari/537.36" "www.saveaslave.com"
216.244.66.240 - - [03/Jan/2017:19:39:02 -0800] "GET /www.iofa.org HTTP/1.1" 404 89 "-" "Mozilla/5.0 (compatible; DotBot/1.1; http://www.opensiteexplorer.org/dotbot, help@moz.com)" "saveaslave.com"[0]
216.244.66.240 - - [03/Jan/2017:19:39:02 -0800] "GET /www.boe.ca.gov HTTP/1.1" 404 89 "-" "Mozilla/5.0 (compatible; DotBot/1.1; http://www.opensiteexplorer.org/dotbot, help@moz.com)" "saveaslave.com"
65.36.241.48 - - [03/Jan/2017:19:41:00 -0800] "HEAD / HTTP/1.1" 200 0 "-" "InternetSeer.com" "www.saveaslave.com"
216.244.66.240 - - [03/Jan/2017:19:57:59 -0800] "GET /Shipping.html HTTP/1.1" 404 89 "-" "Mozilla/5.0 (compatible; DotBot/1.1; http://www.opensiteexplorer.org/dotbot, help@moz.com)" "www.saveaslave.com"
65.19.167.131 - - [03/Jan/2017:20:36:00 -0800] "GET / HTTP/1.1" 200 91413 "-" "Mozilla/5.0 (Windows NT 10.0; WOW64) AppleWebKit/537.36 (KHTML, like Gecko) Chrome/52.0.2743.116 Safari/537.36" "saveaslave.com"
216.244.66.230 - - [03/Jan/2017:20:57:21 -0800] "GET /www.usdoj.gov HTTP/1.1" 404 89 "-" "Mozilla/5.0 (compatible; DotBot/1.1; http://www.opensiteexplorer.org/dotbot, help@moz.com)" "www.saveaslave.com"
65.36.241.48 - - [03/Jan/2017:21:10:06 -0800] "HEAD / HTTP/1.1" 200 0 "-" "InternetSeer.com" "www.saveaslave.com"
157.55.39.154 - - [03/Jan/2017:21:37:00 -0800] "GET /in-russian.php?lang=ru HTTP/1.1" 200 94712 "-" "Mozilla/5.0 (compatible; bingbot/2.0; +http://www.bing.com/bingbot.htm)" "saveaslave.com"
157.55.39.154 - - [03/Jan/2017:21:41:06 -0800] "GET /news6.php HTTP/1.1" 200 73 "-" "Mozilla/5.0 (compatible; bingbot/2.0; +http://www.bing.com/bingbot.htm)" "saveaslave.com"
157.55.39.154 - - [03/Jan/2017:21:41:06 -0800] "GET /wallis-and-futuna.html HTTP/1.1" 404 89 "-" "Mozilla/5.0 (compatible; bingbot/2.0; +http://www.bing.com/bingbot.htm)" "saveaslave.com"
157.55.39.154 - - [03/Jan/2017:21:41:06 -0800] "GET /www.alexandriahouse.org HTTP/1.1" 404 89 "-" "Mozilla/5.0 (compatible; bingbot/2.0; +http://www.bing.com/bingbot.htm)" "saveaslave.com"
157.55.39.154 - - [03/Jan/2017:21:41:06 -0800] "GET /www.apilegaloutreach.org HTTP/1.1" 404 89 "-" "Mozilla/5.0 (compatible; bingbot/2.0; +http://www.bing.com/bingbot.htm)" "saveaslave.com"
157.55.39.154 - - [03/Jan/2017:21:41:06 -0800] "GET /www.ayuda.com HTTP/1.1" 404 89 "-" "Mozilla/5.0 (compatible; bingbot/2.0; +http://www.bing.com/bingbot.htm)" "saveaslave.com"
157.55.39.154 - - [03/Jan/2017:21:41:58 -0800] "GET /?tpl=newspaper&itemid=6 HTTP/1.1" 200 91413 "-" "Mozilla/5.0 (compatible; bingbot/2.0; +http://www.bing.com/bingbot.htm)" "saveaslave.com"
95.41.65.217 - - [03/Jan/2017:21:44:00 -0800] "GET /images/article/image001.gif HTTP/1.1" 200 20501 "https://www.google.pl/" "Mozilla/5.0 (Windows NT 5.1) AppleWebKit/537.36 (KHTML, like Gecko) Chrome/49.0.2623.112 Safari/537.36" "www.saveaslave.com"
84.109.137.102 - - [03/Jan/2017:21:45:51 -0800] "GET /robots.txt HTTP/1.1" 200 48 "-" "Experibot_v1 [bit.ly/2bLMJdw]" "www.saveaslave.com"
99.37.90.126 - - [03/Jan/2017:21:58:04 -0800] "GET / HTTP/1.1" 200 91413 "-" "Mozilla/5.0 (iPad; CPU OS 10_1_1 like Mac OS X) AppleWebKit/602.2.14 (KHTML, like Gecko) Version/10.0 Mobile/14B100 Safari/602.1" "saveaslave.com"[3]
99.37.90.126 - - [03/Jan/2017:21:58:05 -0800] "GET /css/style.css HTTP/1.1" 200 7938 "http://saveaslave.com/" "Mozilla/5.0 (iPad; CPU OS 10_1_1 like Mac OS X) AppleWebKit/602.2.14 (KHTML, like Gecko) Version/10.0 Mobile/14B100 Safari/602.1" "saveaslave.com"
99.37.90.126 - - [03/Jan/2017:21:58:05 -0800] "GET /css/elements.css HTTP/1.1" 200 17857 "http://saveaslave.com/" "Mozilla/5.0 (iPad; CPU OS 10_1_1 like Mac OS X) AppleWebKit/602.2.14 (KHTML, like Gecko) Version/10.0 Mobile/14B100 Safari/602.1" "saveaslave.com"[0]
99.37.90.126 - - [03/Jan/2017:21:58:05 -0800] "GET /css/bootstrap.min.css HTTP/1.1" 200 123578 "http://saveaslave.com/" "Mozilla/5.0 (iPad; CPU OS 10_1_1 like Mac OS X) AppleWebKit/602.2.14 (KHTML, like Gecko) Version/10.0 Mobile/14B100 Safari/602.1" "saveaslave.com"
99.37.90.126 - - [03/Jan/2017:21:58:05 -0800] "GET /assets/js/ie-emulation-modes-warning.js HTTP/1.1" 200 2130 "http://saveaslave.com/" "Mozilla/5.0 (iPad; CPU OS 10_1_1 like Mac OS X) AppleWebKit/602.2.14 (KHTML, like Gecko) Version/10.0 Mobile/14B100 Safari/602.1" "saveaslave.com"
99.37.90.126 - - [03/Jan/2017:21:58:05 -0800] "GET /gfeedfetcher.js HTTP/1.1" 200 9018 "http://saveaslave.com/" "Mozilla/5.0 (iPad; CPU OS 10_1_1 like Mac OS X) AppleWebKit/602.2.14 (KHTML, like Gecko) Version/10.0 Mobile/14B100 Safari/602.1" "saveaslave.com"
99.37.90.126 - - [03/Jan/2017:21:58:05 -0800] "GET /gajaxscroller.js HTTP/1.1" 200 9774 "http://saveaslave.com/" "Mozilla/5.0 (iPad; CPU OS 10_1_1 like Mac OS X) AppleWebKit/602.2.14 (KHTML, like Gecko) Version/10.0 Mobile/14B100 Safari/602.1" "saveaslave.com"
99.37.90.126 - - [03/Jan/2017:21:58:05 -0800] "GET /css/style-pages.css HTTP/1.1" 200 9894 "http://saveaslave.com/" "Mozilla/5.0 (iPad; CPU OS 10_1_1 like Mac OS X) AppleWebKit/602.2.14 (KHTML, like Gecko) Version/10.0 Mobile/14B100 Safari/602.1" "saveaslave.com"
99.37.90.126 - - [03/Jan/2017:21:58:05 -0800] "GET /js/bootstrap.min.js HTTP/1.1" 200 37055 "http://saveaslave.com/" "Mozilla/5.0 (iPad; CPU OS 10_1_1 like Mac OS X) AppleWebKit/602.2.14 (KHTML, like Gecko) Version/10.0 Mobile/14B100 Safari/602.1" "saveaslave.com"
99.37.90.126 - - [03/Jan/2017:21:58:05 -0800] "GET /assets/js/ie10-viewport-bug-workaround.js HTTP/1.1" 200 641 "http://saveaslave.com/" "Mozilla/5.0 (iPad; CPU OS 10_1_1 like Mac OS X) AppleWebKit/602.2.14 (KHTML, like Gecko) Version/10.0 Mobile/14B100 Safari/602.1" "saveaslave.com"
99.37.90.126 - - [03/Jan/2017:21:58:05 -0800] "GET /images/logo2.png HTTP/1.1" 200 18525 "http://saveaslave.com/" "Mozilla/5.0 (iPad; CPU OS 10_1_1 like Mac OS X) AppleWebKit/602.2.14 (KHTML, like Gecko) Version/10.0 Mobile/14B100 Safari/602.1" "saveaslave.com"
99.37.90.126 - - [03/Jan/2017:21:58:05 -0800] "GET /images/cover1.jpg HTTP/1.1" 200 253658 "http://saveaslave.com/" "Mozilla/5.0 (iPad; CPU OS 10_1_1 like Mac OS X) AppleWebKit/602.2.14 (KHTML, like Gecko) Version/10.0 Mobile/14B100 Safari/602.1" "saveaslave.com"
99.37.90.126 - - [03/Jan/2017:21:58:05 -0800] "GET /images/article/end_it.jpg HTTP/1.1" 200 33676 "http://saveaslave.com/" "Mozilla/5.0 (iPad; CPU OS 10_1_1 like Mac OS X) AppleWebKit/602.2.14 (KHTML, like Gecko) Version/10.0 Mobile/14B100 Safari/602.1" "saveaslave.com"
99.37.90.126 - - [03/Jan/2017:21:58:05 -0800] "GET /images/article/s1_dety_beg_d9954.jpg HTTP/1.1" 200 16968 "http://saveaslave.com/" "Mozilla/5.0 (iPad; CPU OS 10_1_1 like Mac OS X) AppleWebKit/602.2.14 (KHTML, like Gecko) Version/10.0 Mobile/14B100 Safari/602.1" "saveaslave.com"
99.37.90.126 - - [03/Jan/2017:21:58:05 -0800] "GET /images/article/suspects.jpg HTTP/1.1" 200 58796 "http://saveaslave.com/" "Mozilla/5.0 (iPad; CPU OS 10_1_1 like Mac OS X) AppleWebKit/602.2.14 (KHTML, like Gecko) Version/10.0 Mobile/14B100 Safari/602.1" "saveaslave.com"
99.37.90.126 - - [03/Jan/2017:21:58:06 -0800] "GET /images/social1.png HTTP/1.1" 200 2012 "http://saveaslave.com/" "Mozilla/5.0 (iPad; CPU OS 10_1_1 like Mac OS X) AppleWebKit/602.2.14 (KHTML, like Gecko) Version/10.0 Mobile/14B100 Safari/602.1" "saveaslave.com"
99.37.90.126 - - [03/Jan/2017:21:58:06 -0800] "GET /images/social2.png HTTP/1.1" 200 1752 "http://saveaslave.com/" "Mozilla/5.0 (iPad; CPU OS 10_1_1 like Mac OS X) AppleWebKit/602.2.14 (KHTML, like Gecko) Version/10.0 Mobile/14B100 Safari/602.1" "saveaslave.com"
99.37.90.126 - - [03/Jan/2017:21:58:06 -0800] "GET /images/social3.png HTTP/1.1" 200 4343 "http://saveaslave.com/" "Mozilla/5.0 (iPad; CPU OS 10_1_1 like Mac OS X) AppleWebKit/602.2.14 (KHTML, like Gecko) Version/10.0 Mobile/14B100 Safari/602.1" "saveaslave.com"
99.37.90.126 - - [03/Jan/2017:21:58:06 -0800] "GET /images/select-arrow.png HTTP/1.1" 200 1118 "http://saveaslave.com/" "Mozilla/5.0 (iPad; CPU OS 10_1_1 like Mac OS X) AppleWebKit/602.2.14 (KHTML, like Gecko) Version/10.0 Mobile/14B100 Safari/602.1" "saveaslave.com"
99.37.90.126 - - [03/Jan/2017:21:58:06 -0800] "GET /indicator.gif HTTP/1.1" 200 878 "http://saveaslave.com/" "Mozilla/5.0 (iPad; CPU OS 10_1_1 like Mac OS X) AppleWebKit/602.2.14 (KHTML, like Gecko) Version/10.0 Mobile/14B100 Safari/602.1" "saveaslave.com"
99.37.90.126 - - [03/Jan/2017:21:58:06 -0800] "GET /addarticle.php HTTP/1.1" 200 13761 "http://saveaslave.com/" "Mozilla/5.0 (iPad; CPU OS 10_1_1 like Mac OS X) AppleWebKit/602.2.14 (KHTML, like Gecko) Version/10.0 Mobile/14B100 Safari/602.1" "saveaslave.com"
99.37.90.126 - - [03/Jan/2017:21:58:07 -0800] "GET /css/down-arrow.png HTTP/1.1" 404 89 "http://saveaslave.com/" "Mozilla/5.0 (iPad; CPU OS 10_1_1 like Mac OS X) AppleWebKit/602.2.14 (KHTML, like Gecko) Version/10.0 Mobile/14B100 Safari/602.1" "saveaslave.com"
216.244.66.240 - - [03/Jan/2017:22:14:35 -0800] "GET /robots.txt HTTP/1.1" 200 48 "-" "Mozilla/5.0 (compatible; DotBot/1.1; http://www.opensiteexplorer.org/dotbot, help@moz.com)" "www.saveaslave.com"
46.229.167.149 - - [03/Jan/2017:22:23:26 -0800] "GET / HTTP/1.1" 200 91413 "-" "Mozilla/5.0 (X11; Linux i686; rv:2.0b10) Gecko/20100101 Firefox/4.0b10" "www.saveaslave.com"
91.200.12.52 - - [03/Jan/2017:23:11:59 -0800] "GET /site/?page_id=28 HTTP/1.1" 404 89 "-" "Mozilla/5.0 (Windows NT 6.1; Trident/7.0; rv:11.0) like Gecko" "saveaslave.com"[0]
91.200.12.52 - - [03/Jan/2017:23:12:13 -0800] "GET /site/?p=56 HTTP/1.1" 404 89 "-" "Mozilla/5.0 (Windows NT 6.1; Trident/7.0; rv:11.0) like Gecko" "saveaslave.com"
91.200.12.52 - - [03/Jan/2017:23:12:30 -0800] "GET /site/?p=34 HTTP/1.1" 404 89 "-" "Mozilla/5.0 (Windows NT 6.1; Trident/7.0; rv:11.0) like Gecko" "saveaslave.com"
91.200.12.52 - - [03/Jan/2017:23:14:38 -0800] "GET /site/?p=2 HTTP/1.1" 404 89 "-" "Mozilla/5.0 (Windows NT 6.1; Trident/7.0; rv:11.0) like Gecko" "saveaslave.com"
163.172.64.245 - - [03/Jan/2017:23:16:21 -0800] "GET /disclaimer.html HTTP/1.1" 404 89 "-" "Mozilla/5.0 (compatible; AhrefsBot/5.2; +http://ahrefs.com/robot/)" "www.saveaslave.com"
163.172.66.72 - - [03/Jan/2017:23:30:56 -0800] "GET /new-caledonia.html HTTP/1.1" 404 89 "-" "Mozilla/5.0 (compatible; AhrefsBot/5.2; +http://ahrefs.com/robot/)" "saveaslave.com"
65.36.241.48 - - [03/Jan/2017:23:37:49 -0800] "HEAD / HTTP/1.1" 200 0 "-" "InternetSeer.com" "www.saveaslave.com"
124.127.78.85 - - [03/Jan/2017:23:48:06 -0800] "GET /robots.txt HTTP/1.1" 200 48 "-" "Mozilla/5.0 (X11; U; Linux x86_64; en-US; rv:1.9.0.7) Gecko/2009031915 Gentoo Firefox/3.0.7" "www.saveaslave.com"
1.202.123.160 - - [03/Jan/2017:23:51:23 -0800] "GET / HTTP/1.1" 200 91413 "-" "Mozilla/5.0 (Windows NT 6.1; WOW64) AppleWebKit/537.36 (KHTML, like Gecko) Chrome/38.0.2125.78 BIDUBrowser/7.0 Safari/537.36" "www.saveaslave.com"
207.46.13.27 - - [04/Jan/2017:00:04:57 -0800] "GET /in-russian HTTP/1.1" 200 92673 "-" "Mozilla/5.0 (compatible; bingbot/2.0; +http://www.bing.com/bingbot.htm)" "saveaslave.com"
207.46.13.27 - - [04/Jan/2017:00:04:57 -0800] "GET /burkina-faso.html HTTP/1.1" 404 89 "-" "Mozilla/5.0 (compatible; bingbot/2.0; +http://www.bing.com/bingbot.htm)" "saveaslave.com"
207.46.13.27 - - [04/Jan/2017:00:04:57 -0800] "GET / HTTP/1.1" 200 85 "-" "Mozilla/5.0 (compatible; bingbot/2.0; +http://www.bing.com/bingbot.htm)" "saveaslave.com"
207.46.13.27 - - [04/Jan/2017:00:04:58 -0800] "GET /?tpl=about&Itemid=2 HTTP/1.1" 200 91413 "-" "Mozilla/5.0 (compatible; bingbot/2.0; +http://www.bing.com/bingbot.htm)" "saveaslave.com"[1]
207.46.13.27 - - [04/Jan/2017:00:04:59 -0800] "GET /help.php HTTP/1.1" 200 53703 "-" "Mozilla/5.0 (compatible; bingbot/2.0; +http://www.bing.com/bingbot.htm)" "saveaslave.com"[0]
207.46.13.27 - - [04/Jan/2017:00:04:59 -0800] "GET /Afghanistan.html HTTP/1.1" 404 89 "-" "Mozilla/5.0 (compatible; bingbot/2.0; +http://www.bing.com/bingbot.htm)" "saveaslave.com"
216.244.66.240 - - [04/Jan/2017:00:10:31 -0800] "GET /anguilla.html HTTP/1.1" 404 89 "-" "Mozilla/5.0 (compatible; DotBot/1.1; http://www.opensiteexplorer.org/dotbot, help@moz.com)" "www.saveaslave.com"[0]
216.244.66.240 - - [04/Jan/2017:00:10:31 -0800] "GET /turksandcaicos HTTP/1.1" 404 89 "-" "Mozilla/5.0 (compatible; DotBot/1.1; http://www.opensiteexplorer.org/dotbot, help@moz.com)" "www.saveaslave.com"
216.244.66.230 - - [04/Jan/2017:00:38:50 -0800] "GET /www.ccharities.org HTTP/1.1" 404 89 "-" "Mozilla/5.0 (compatible; DotBot/1.1; http://www.opensiteexplorer.org/dotbot, help@moz.com)" "saveaslave.com"
216.244.66.230 - - [04/Jan/2017:00:39:41 -0800] "GET /www.sndca.org HTTP/1.1" 404 89 "-" "Mozilla/5.0 (compatible; DotBot/1.1; http://www.opensiteexplorer.org/dotbot, help@moz.com)" "www.saveaslave.com"
216.244.66.230 - - [04/Jan/2017:00:40:38 -0800] "GET /password_protect.php?logout=1 HTTP/1.1" 200 416 "-" "Mozilla/5.0 (compatible; DotBot/1.1; http://www.opensiteexplorer.org/dotbot, help@moz.com)" "www.saveaslave.com"
68.180.230.185 - - [04/Jan/2017:01:04:07 -0800] "GET /articles/womeninsudan.html HTTP/1.1" 404 89 "-" "Mozilla/5.0 (compatible; Yahoo! Slurp; http://help.yahoo.com/help/us/ysearch/slurp)" "www.saveaslave.com"
163.172.66.41 - - [04/Jan/2017:01:31:58 -0800] "GET /oman.html HTTP/1.1" 404 89 "-" "Mozilla/5.0 (compatible; AhrefsBot/5.2; +http://ahrefs.com/robot/)" "saveaslave.com"
65.36.241.48 - - [04/Jan/2017:01:36:12 -0800] "HEAD / HTTP/1.1" 200 0 "-" "InternetSeer.com" "www.saveaslave.com"
77.88.47.89 - - [04/Jan/2017:01:38:15 -0800] "GET /robots.txt HTTP/1.1" 200 48 "-" "Mozilla/5.0 (compatible; YandexBot/3.0; +http://yandex.com/bots)" "saveaslave.com"
207.46.13.164 - - [04/Jan/2017:01:50:22 -0800] "GET /robots.txt HTTP/1.1" 200 48 "-" "Mozilla/5.0 (compatible; bingbot/2.0; +http://www.bing.com/bingbot.htm)" "saveaslave.com"
106.120.173.111 - - [04/Jan/2017:01:59:08 -0800] "GET /contact-us.php HTTP/1.1" 200 30765 "-" "Sogou web spider/4.0(+http://www.sogou.com/docs/help/webmasters.htm#07)" "www.saveaslave.com"[1]
163.172.66.145 - - [04/Jan/2017:02:04:58 -0800] "GET /news5.php HTTP/1.1" 200 73 "-" "Mozilla/5.0 (compatible; AhrefsBot/5.2; +http://ahrefs.com/robot/)" "saveaslave.com"
216.244.66.240 - - [04/Jan/2017:02:13:55 -0800] "GET /robots.txt HTTP/1.1" 200 48 "-" "Mozilla/5.0 (compatible; DotBot/1.1; http://www.opensiteexplorer.org/dotbot, help@moz.com)" "www.saveaslave.com"
163.172.65.65 - - [04/Jan/2017:02:26:21 -0800] "GET /curacao.html HTTP/1.1" 404 89 "-" "Mozilla/5.0 (compatible; AhrefsBot/5.2; +http://ahrefs.com/robot/)" "saveaslave.com"
115.171.4.88 - - [04/Jan/2017:02:26:57 -0800] "GET /robots.txt HTTP/1.1" 200 48 "-" "Mozilla/5.0 (X11; U; Linux x86_64; en-US; rv:1.9.0.7) Gecko/2009031915 Gentoo Firefox/3.0.7" "www.saveaslave.com"
163.172.66.33 - - [04/Jan/2017:02:29:59 -0800] "GET /armenia.html HTTP/1.1" 404 89 "-" "Mozilla/5.0 (compatible; AhrefsBot/5.2; +http://ahrefs.com/robot/)" "www.saveaslave.com"
46.165.197.141 - - [04/Jan/2017:03:12:54 -0800] "GET /robots.txt HTTP/1.1" 200 48 "-" "Mozilla/5.0 (compatible; MJ12bot/v1.4.7; http://mj12bot.com/)" "saveaslave.com"
46.165.197.141 - - [04/Jan/2017:03:12:57 -0800] "GET / HTTP/1.1" 200 91413 "-" "Mozilla/5.0 (compatible; MJ12bot/v1.4.7; http://mj12bot.com/)" "saveaslave.com"[1]
46.165.197.141 - - [04/Jan/2017:03:12:58 -0800] "GET /robots.txt HTTP/1.1" 200 48 "-" "Mozilla/5.0 (compatible; MJ12bot/v1.4.7; http://mj12bot.com/)" "www.saveaslave.com"
46.165.197.141 - - [04/Jan/2017:03:13:01 -0800] "GET / HTTP/1.1" 200 91413 "-" "Mozilla/5.0 (compatible; MJ12bot/v1.4.7; http://mj12bot.com/)" "www.saveaslave.com"
216.244.66.230 - - [04/Jan/2017:03:16:40 -0800] "GET /robots.txt HTTP/1.1" 200 48 "-" "Mozilla/5.0 (compatible; DotBot/1.1; http://www.opensiteexplorer.org/dotbot, help@moz.com)" "www.saveaslave.com"
163.172.65.56 - - [04/Jan/2017:03:49:17 -0800] "GET /article.php?id=23 HTTP/1.1" 200 776 "-" "Mozilla/5.0 (compatible; AhrefsBot/5.2; +http://ahrefs.com/robot/)" "www.saveaslave.com"[1]
77.88.47.89 - - [04/Jan/2017:03:49:30 -0800] "GET /ico/android-icon-192x192.png HTTP/1.1" 200 10097 "-" "Mozilla/5.0 (compatible; YandexBot/3.0; +http://yandex.com/bots)" "saveaslave.com"
77.88.47.100 - - [04/Jan/2017:03:53:40 -0800] "GET /ico/apple-icon-76x76.png HTTP/1.1" 200 3414 "-" "Mozilla/5.0 (compatible; YandexBot/3.0; +http://yandex.com/bots)" "saveaslave.com"
163.172.66.29 - - [04/Jan/2017:04:00:38 -0800] "GET /grenada.html HTTP/1.1" 404 89 "-" "Mozilla/5.0 (compatible; AhrefsBot/5.2; +http://ahrefs.com/robot/)" "www.saveaslave.com"
151.80.31.104 - - [04/Jan/2017:04:16:54 -0800] "GET /robots.txt HTTP/1.1" 200 48 "-" "Mozilla/5.0 (compatible; AhrefsBot/5.1; +http://ahrefs.com/robot/)" "saveaslave.com"
163.172.65.11 - - [04/Jan/2017:04:16:55 -0800] "GET /british-virgin-islands.html HTTP/1.1" 404 89 "-" "Mozilla/5.0 (compatible; AhrefsBot/5.2; +http://ahrefs.com/robot/)" "saveaslave.com"
223.74.31.77 - - [04/Jan/2017:04:22:12 -0800] "GET / HTTP/1.1" 200 91413 "-" "Mozilla/5.0 (Windows NT 5.1) AppleWebKit/537.36 (KHTML, like Gecko) Chrome/42.0.2311.90 Safari/537.36" "www.saveaslave.com"
223.74.31.77 - - [04/Jan/2017:04:22:13 -0800] "GET /css/style.css HTTP/1.1" 200 7938 "http://www.saveaslave.com/" "Mozilla/5.0 (Windows NT 5.1) AppleWebKit/537.36 (KHTML, like Gecko) Chrome/42.0.2311.90 Safari/537.36" "www.saveaslave.com"[0]
223.74.31.77 - - [04/Jan/2017:04:22:13 -0800] "GET /css/bootstrap.min.css HTTP/1.1" 200 123578 "http://www.saveaslave.com/" "Mozilla/5.0 (Windows NT 5.1) AppleWebKit/537.36 (KHTML, like Gecko) Chrome/42.0.2311.90 Safari/537.36" "www.saveaslave.com"
223.74.31.77 - - [04/Jan/2017:04:22:13 -0800] "GET /css/elements.css HTTP/1.1" 200 17857 "http://www.saveaslave.com/" "Mozilla/5.0 (Windows NT 5.1) AppleWebKit/537.36 (KHTML, like Gecko) Chrome/42.0.2311.90 Safari/537.36" "www.saveaslave.com"
223.74.31.77 - - [04/Jan/2017:04:22:13 -0800] "GET /gfeedfetcher.js HTTP/1.1" 200 9018 "http://www.saveaslave.com/" "Mozilla/5.0 (Windows NT 5.1) AppleWebKit/537.36 (KHTML, like Gecko) Chrome/42.0.2311.90 Safari/537.36" "www.saveaslave.com"
223.74.31.77 - - [04/Jan/2017:04:22:13 -0800] "GET /assets/js/ie-emulation-modes-warning.js HTTP/1.1" 304 - "http://www.saveaslave.com/" "Mozilla/5.0 (Windows NT 5.1) AppleWebKit/537.36 (KHTML, like Gecko) Chrome/42.0.2311.90 Safari/537.36" "www.saveaslave.com"
223.74.31.77 - - [04/Jan/2017:04:22:14 -0800] "GET /gajaxscroller.js HTTP/1.1" 200 9774 "http://www.saveaslave.com/" "Mozilla/5.0 (Windows NT 5.1) AppleWebKit/537.36 (KHTML, like Gecko) Chrome/42.0.2311.90 Safari/537.36" "www.saveaslave.com"
223.74.31.77 - - [04/Jan/2017:04:22:14 -0800] "GET /images/logo2.png HTTP/1.1" 200 18525 "http://www.saveaslave.com/" "Mozilla/5.0 (Windows NT 5.1) AppleWebKit/537.36 (KHTML, like Gecko) Chrome/42.0.2311.90 Safari/537.36" "www.saveaslave.com"
223.74.31.77 - - [04/Jan/2017:04:22:15 -0800] "GET /css/style-pages.css HTTP/1.1" 200 9894 "http://www.saveaslave.com/" "Mozilla/5.0 (Windows NT 5.1) AppleWebKit/537.36 (KHTML, like Gecko) Chrome/42.0.2311.90 Safari/537.36" "www.saveaslave.com"
223.74.31.77 - - [04/Jan/2017:04:22:15 -0800] "GET /js/bootstrap.min.js HTTP/1.1" 200 37055 "http://www.saveaslave.com/" "Mozilla/5.0 (Windows NT 5.1) AppleWebKit/537.36 (KHTML, like Gecko) Chrome/42.0.2311.90 Safari/537.36" "www.saveaslave.com"
223.74.31.77 - - [04/Jan/2017:04:22:17 -0800] "GET /images/cover1.jpg HTTP/1.1" 200 253658 "http://www.saveaslave.com/" "Mozilla/5.0 (Windows NT 5.1) AppleWebKit/537.36 (KHTML, like Gecko) Chrome/42.0.2311.90 Safari/537.36" "www.saveaslave.com"
223.74.31.77 - - [04/Jan/2017:04:22:23 -0800] "GET /images/top.jpg HTTP/1.1" 200 50519 "http://www.saveaslave.com/" "Mozilla/5.0 (Windows NT 5.1) AppleWebKit/537.36 (KHTML, like Gecko) Chrome/42.0.2311.90 Safari/537.36" "www.saveaslave.com"
223.74.31.77 - - [04/Jan/2017:04:22:25 -0800] "GET /images/article/s1_dety_beg_d9954.jpg HTTP/1.1" 200 16968 "http://www.saveaslave.com/" "Mozilla/5.0 (Windows NT 5.1) AppleWebKit/537.36 (KHTML, like Gecko) Chrome/42.0.2311.90 Safari/537.36" "www.saveaslave.com"
223.74.31.77 - - [04/Jan/2017:04:22:25 -0800] "GET /images/article/suspects.jpg HTTP/1.1" 200 58796 "http://www.saveaslave.com/" "Mozilla/5.0 (Windows NT 5.1) AppleWebKit/537.36 (KHTML, like Gecko) Chrome/42.0.2311.90 Safari/537.36" "www.saveaslave.com"
223.74.31.77 - - [04/Jan/2017:04:22:27 -0800] "GET /images/social1.png HTTP/1.1" 200 2012 "http://www.saveaslave.com/" "Mozilla/5.0 (Windows NT 5.1) AppleWebKit/537.36 (KHTML, like Gecko) Chrome/42.0.2311.90 Safari/537.36" "www.saveaslave.com"
223.74.31.77 - - [04/Jan/2017:04:22:27 -0800] "GET /images/social2.png HTTP/1.1" 200 1752 "http://www.saveaslave.com/" "Mozilla/5.0 (Windows NT 5.1) AppleWebKit/537.36 (KHTML, like Gecko) Chrome/42.0.2311.90 Safari/537.36" "www.saveaslave.com"
223.74.31.77 - - [04/Jan/2017:04:22:28 -0800] "GET /images/social3.png HTTP/1.1" 200 4343 "http://www.saveaslave.com/" "Mozilla/5.0 (Windows NT 5.1) AppleWebKit/537.36 (KHTML, like Gecko) Chrome/42.0.2311.90 Safari/537.36" "www.saveaslave.com"
223.74.31.77 - - [04/Jan/2017:04:22:28 -0800] "GET /images/tripit_icon_thumb_flat.png HTTP/1.1" 200 5795 "http://www.saveaslave.com/" "Mozilla/5.0 (Windows NT 5.1) AppleWebKit/537.36 (KHTML, like Gecko) Chrome/42.0.2311.90 Safari/537.36" "www.saveaslave.com"
223.74.31.77 - - [04/Jan/2017:04:22:34 -0800] "GET /images/select-arrow.png HTTP/1.1" 200 1118 "http://www.saveaslave.com/css/style.css" "Mozilla/5.0 (Windows NT 5.1) AppleWebKit/537.36 (KHTML, like Gecko) Chrome/42.0.2311.90 Safari/537.36" "www.saveaslave.com"[0]
223.74.31.77 - - [04/Jan/2017:04:22:35 -0800] "GET /addarticle.php HTTP/1.1" 200 13725 "http://www.saveaslave.com/" "Mozilla/5.0 (Windows NT 5.1) AppleWebKit/537.36 (KHTML, like Gecko) Chrome/42.0.2311.90 Safari/537.36" "www.saveaslave.com"
223.74.31.77 - - [04/Jan/2017:04:22:36 -0800] "GET /css/down-arrow.png HTTP/1.1" 404 89 "http://www.saveaslave.com/css/elements.css" "Mozilla/5.0 (Windows NT 5.1) AppleWebKit/537.36 (KHTML, like Gecko) Chrome/42.0.2311.90 Safari/537.36" "www.saveaslave.com"
223.74.31.77 - - [04/Jan/2017:04:24:00 -0800] "GET /favicon.ico HTTP/1.1" 404 89 "http://www.saveaslave.com/" "Mozilla/5.0 (Windows NT 5.1) AppleWebKit/537.36 (KHTML, like Gecko) Chrome/42.0.2311.90 Safari/537.36" "www.saveaslave.com"
223.74.31.77 - - [04/Jan/2017:04:24:01 -0800] "GET /ico/favicon-16x16.png HTTP/1.1" 200 1129 "http://www.saveaslave.com/" "Mozilla/5.0 (Windows NT 5.1) AppleWebKit/537.36 (KHTML, like Gecko) Chrome/42.0.2311.90 Safari/537.36" "www.saveaslave.com"
123.125.71.117 - - [04/Jan/2017:04:39:13 -0800] "GET /article.php?id=32 HTTP/1.1" 200 51989 "-" "Mozilla/5.0 (compatible; Baiduspider/2.0; +http://www.baidu.com/search/spider.html)" "www.saveaslave.com"[2]
216.244.66.230 - - [04/Jan/2017:04:39:58 -0800] "GET /www.lafla.org HTTP/1.1" 404 89 "-" "Mozilla/5.0 (compatible; DotBot/1.1; http://www.opensiteexplorer.org/dotbot, help@moz.com)" "www.saveaslave.com"
216.244.66.230 - - [04/Jan/2017:04:39:59 -0800] "GET /www.museumoftolerance.com HTTP/1.1" 404 89 "-" "Mozilla/5.0 (compatible; DotBot/1.1; http://www.opensiteexplorer.org/dotbot, help@moz.com)" "www.saveaslave.com"
94.242.221.70 - - [04/Jan/2017:05:03:32 -0800] "GET /help-advanced.php HTTP/1.1" 200 54600 "-" "Mozilla/4.0 (compatible; Synapse)" "www.saveaslave.com"[1]
78.199.149.20 - - [04/Jan/2017:05:03:34 -0800] "COOK /help-advanced.php HTTP/1.1" 200 54200 "-" "Mozilla/4.0 (compatible; Synapse)" "www.saveaslave.com"
117.40.139.197 - - [04/Jan/2017:05:03:57 -0800] "COOK /help-advanced.php HTTP/1.1" 200 54200 "-" "Mozilla/4.0 (compatible; Synapse)" "www.saveaslave.com"[0]
143.255.204.114 - - [04/Jan/2017:05:04:26 -0800] "POST /help-advanced.php HTTP/1.1" 200 40949 "-" "Mozilla/4.0 (compatible; Synapse)" "www.saveaslave.com"
110.172.163.219 - - [04/Jan/2017:05:04:30 -0800] "POST /help-advanced.php HTTP/1.1" 200 40949 "-" "Mozilla/4.0 (compatible; Synapse)" "www.saveaslave.com"[0]
110.172.163.219 - - [04/Jan/2017:05:04:32 -0800] "POST /help-advanced.php HTTP/1.1" 200 40949 "-" "Mozilla/4.0 (compatible; Synapse)" "www.saveaslave.com"[0]
157.55.39.85 - - [04/Jan/2017:05:13:20 -0800] "GET /robots.txt HTTP/1.1" 200 48 "-" "Mozilla/5.0 (compatible; bingbot/2.0; +http://www.bing.com/bingbot.htm)" "www.saveaslave.com"
216.244.66.230 - - [04/Jan/2017:05:14:38 -0800] "GET /robots.txt HTTP/1.1" 200 48 "-" "Mozilla/5.0 (compatible; DotBot/1.1; http://www.opensiteexplorer.org/dotbot, help@moz.com)" "saveaslave.com"
65.36.241.48 - - [04/Jan/2017:05:20:02 -0800] "HEAD /?tpl=references&Itemid=3 HTTP/1.1" 200 0 "-" "InternetSeer.com" "www.saveaslave.com"
217.103.97.99 - - [04/Jan/2017:05:27:14 -0800] "GET /robots.txt HTTP/1.1" 200 48 "-" "Mozilla/5.0 (compatible; MJ12bot/v1.4.7; http://mj12bot.com/)" "saveaslave.com"
217.103.97.99 - - [04/Jan/2017:05:27:20 -0800] "GET /article.php?id=111 HTTP/1.1" 200 47100 "-" "Mozilla/5.0 (compatible; MJ12bot/v1.4.7; http://mj12bot.com/)" "saveaslave.com"
217.103.97.99 - - [04/Jan/2017:05:27:23 -0800] "GET /article.php?id=12 HTTP/1.1" 200 50500 "-" "Mozilla/5.0 (compatible; MJ12bot/v1.4.7; http://mj12bot.com/)" "saveaslave.com"
217.103.97.99 - - [04/Jan/2017:05:27:25 -0800] "GET /article.php?id=24 HTTP/1.1" 200 46783 "-" "Mozilla/5.0 (compatible; MJ12bot/v1.4.7; http://mj12bot.com/)" "saveaslave.com"
217.103.97.99 - - [04/Jan/2017:05:27:28 -0800] "GET /article.php?id=60 HTTP/1.1" 200 49954 "-" "Mozilla/5.0 (compatible; MJ12bot/v1.4.7; http://mj12bot.com/)" "saveaslave.com"[1]
217.103.97.99 - - [04/Jan/2017:05:27:31 -0800] "GET /article.php?id=61 HTTP/1.1" 200 57270 "-" "Mozilla/5.0 (compatible; MJ12bot/v1.4.7; http://mj12bot.com/)" "saveaslave.com"
217.103.97.99 - - [04/Jan/2017:05:27:33 -0800] "GET /article.php?id=62 HTTP/1.1" 200 48590 "-" "Mozilla/5.0 (compatible; MJ12bot/v1.4.7; http://mj12bot.com/)" "saveaslave.com"
217.103.97.99 - - [04/Jan/2017:05:27:36 -0800] "GET /article.php?id=7 HTTP/1.1" 200 50097 "-" "Mozilla/5.0 (compatible; MJ12bot/v1.4.7; http://mj12bot.com/)" "saveaslave.com"[1]
217.103.97.99 - - [04/Jan/2017:05:27:37 -0800] "GET /robots.txt HTTP/1.1" 200 48 "-" "Mozilla/5.0 (compatible; MJ12bot/v1.4.7; http://mj12bot.com/)" "www.saveaslave.com"
217.103.97.99 - - [04/Jan/2017:05:27:39 -0800] "GET /addlink.php HTTP/1.1" 200 12896 "-" "Mozilla/5.0 (compatible; MJ12bot/v1.4.7; http://mj12bot.com/)" "www.saveaslave.com"[0]
217.103.97.99 - - [04/Jan/2017:05:27:41 -0800] "GET /article.php?id=4 HTTP/1.1" 200 51774 "-" "Mozilla/5.0 (compatible; MJ12bot/v1.4.7; http://mj12bot.com/)" "www.saveaslave.com"
217.103.97.99 - - [04/Jan/2017:05:27:43 -0800] "GET /article.php?id=7 HTTP/1.1" 200 50097 "-" "Mozilla/5.0 (compatible; MJ12bot/v1.4.7; http://mj12bot.com/)" "www.saveaslave.com"[0]
180.76.15.6 - - [04/Jan/2017:05:30:17 -0800] "GET /article.php?id=46 HTTP/1.1" 200 50205 "-" "Mozilla/5.0 (compatible; Baiduspider/2.0; +http://www.baidu.com/search/spider.html)" "www.saveaslave.com"
193.23.157.215 - - [04/Jan/2017:05:38:49 -0800] "GET /images/article/1057439576.jpg HTTP/1.1" 200 28222 "https://www.google.com.ua/" "Mozilla/5.0 (Windows NT 5.1) AppleWebKit/537.36 (KHTML, like Gecko) Chrome/49.0.2623.112 Safari/537.36" "saveaslave.com"[0]
151.80.31.106 - - [04/Jan/2017:05:46:23 -0800] "GET /robots.txt HTTP/1.1" 200 48 "-" "Mozilla/5.0 (compatible; AhrefsBot/5.1; +http://ahrefs.com/robot/)" "www.saveaslave.com"
163.172.66.124 - - [04/Jan/2017:05:46:24 -0800] "GET /hong-kong.html HTTP/1.1" 404 89 "-" "Mozilla/5.0 (compatible; AhrefsBot/5.2; +http://ahrefs.com/robot/)" "www.saveaslave.com"
198.98.110.200 - - [04/Jan/2017:05:49:56 -0800] "GET / HTTP/1.1" 200 91413 "http://saveaslave.com" "Mozilla/5.0 (Windows NT 6.1; rv:35.0) Gecko/20100101 Firefox/35.0" "saveaslave.com"[2]
107.178.195.209 - - [04/Jan/2017:06:01:18 -0800] "GET / HTTP/1.1" 200 91413 "-" "Python-urllib/2.7 AppEngine-Google; (+http://code.google.com/appengine; appid: s~my-nytimes)" "www.saveaslave.com"
163.172.65.235 - - [04/Jan/2017:06:05:24 -0800] "GET /www.nhmc.org HTTP/1.1" 404 89 "-" "Mozilla/5.0 (compatible; AhrefsBot/5.2; +http://ahrefs.com/robot/)" "www.saveaslave.com"
216.244.66.240 - - [04/Jan/2017:06:14:26 -0800] "GET /robots.txt HTTP/1.1" 200 48 "-" "Mozilla/5.0 (compatible; DotBot/1.1; http://www.opensiteexplorer.org/dotbot, help@moz.com)" "www.saveaslave.com"
