94.199.151.22 - - [03/Jul/2016:07:40:46 -0700] "GET /article.php?id=1 HTTP/1.1" 200 44914 "-" "Wotbox/2.01 (+http://www.wotbox.com/bot/)" "saveaslave.com"
94.199.151.22 - - [03/Jul/2016:07:40:53 -0700] "GET /who-we-arer.php HTTP/1.1" 200 72535 "-" "Wotbox/2.01 (+http://www.wotbox.com/bot/)" "saveaslave.com"
94.199.151.22 - - [03/Jul/2016:07:41:32 -0700] "GET /article.php?id=66 HTTP/1.1" 200 52835 "-" "Wotbox/2.01 (+http://www.wotbox.com/bot/)" "saveaslave.com"
94.199.151.22 - - [03/Jul/2016:07:41:39 -0700] "GET /article.php?id=65 HTTP/1.1" 200 50269 "-" "Wotbox/2.01 (+http://www.wotbox.com/bot/)" "saveaslave.com"[0]
94.199.151.22 - - [03/Jul/2016:07:41:54 -0700] "GET /article.php?id=63 HTTP/1.1" 200 45535 "-" "Wotbox/2.01 (+http://www.wotbox.com/bot/)" "saveaslave.com"
94.199.151.22 - - [03/Jul/2016:07:42:01 -0700] "GET /help-advanced.php HTTP/1.1" 200 53665 "-" "Wotbox/2.01 (+http://www.wotbox.com/bot/)" "saveaslave.com"[0]
94.199.151.22 - - [03/Jul/2016:07:42:08 -0700] "GET /article.php?id=62 HTTP/1.1" 200 47692 "-" "Wotbox/2.01 (+http://www.wotbox.com/bot/)" "saveaslave.com"
94.199.151.22 - - [03/Jul/2016:07:42:15 -0700] "GET /article.php?id=61 HTTP/1.1" 200 56372 "-" "Wotbox/2.01 (+http://www.wotbox.com/bot/)" "saveaslave.com"
94.199.151.22 - - [03/Jul/2016:07:42:30 -0700] "GET /article.php?id=45 HTTP/1.1" 200 45921 "-" "Wotbox/2.01 (+http://www.wotbox.com/bot/)" "saveaslave.com"
94.199.151.22 - - [03/Jul/2016:07:42:38 -0700] "GET /article.php?id=24 HTTP/1.1" 200 45885 "-" "Wotbox/2.01 (+http://www.wotbox.com/bot/)" "saveaslave.com"
94.199.151.22 - - [03/Jul/2016:07:42:55 -0700] "GET /article.php?id=19 HTTP/1.1" 200 48714 "-" "Wotbox/2.01 (+http://www.wotbox.com/bot/)" "saveaslave.com"
94.199.151.22 - - [03/Jul/2016:07:43:11 -0700] "GET /article.php?id=17 HTTP/1.1" 200 45232 "-" "Wotbox/2.01 (+http://www.wotbox.com/bot/)" "saveaslave.com"[0]
94.199.151.22 - - [03/Jul/2016:07:45:19 -0700] "GET /article.php?id=10 HTTP/1.1" 200 49477 "-" "Wotbox/2.01 (+http://www.wotbox.com/bot/)" "saveaslave.com"
94.199.151.22 - - [03/Jul/2016:07:45:27 -0700] "GET /article.php?id=9 HTTP/1.1" 200 100415 "-" "Wotbox/2.01 (+http://www.wotbox.com/bot/)" "saveaslave.com"[0]
94.199.151.22 - - [03/Jul/2016:07:45:44 -0700] "GET /article.php?id=12 HTTP/1.1" 200 49602 "-" "Wotbox/2.01 (+http://www.wotbox.com/bot/)" "saveaslave.com"
208.115.113.86 - - [03/Jul/2016:07:48:51 -0700] "GET /robots.txt HTTP/1.1" 200 48 "-" "Mozilla/5.0 (compatible; DotBot/1.1; http://www.opensiteexplorer.org/dotbot, help@moz.com)" "www.saveaslave.com"
208.115.113.86 - - [03/Jul/2016:07:48:51 -0700] "GET /robots.txt HTTP/1.1" 200 48 "-" "Mozilla/5.0 (compatible; DotBot/1.1; http://www.opensiteexplorer.org/dotbot, help@moz.com)" "saveaslave.com"
86.121.103.143 - - [03/Jul/2016:07:53:00 -0700] "GET / HTTP/1.1" 200 89069 "http://saveaslave.com/" "Mozilla/5.0 (Windows NT 6.2; WOW64; rv:35.0) Gecko/20100101 Firefox/35.0" "saveaslave.com"[2]
5.9.89.170 - - [03/Jul/2016:08:09:36 -0700] "GET /robots.txt HTTP/1.1" 200 48 "-" "Mozilla/5.0 (compatible; MJ12bot/v1.4.5; http://www.majestic12.co.uk/bot.php?+)" "saveaslave.com"
5.9.89.170 - - [03/Jul/2016:08:09:39 -0700] "GET /article.php?id=111 HTTP/1.1" 200 46202 "-" "Mozilla/5.0 (compatible; MJ12bot/v1.4.5; http://www.majestic12.co.uk/bot.php?+)" "saveaslave.com"
198.255.188.162 - - [03/Jul/2016:08:14:53 -0700] "GET /images/article/suspects.jpg HTTP/1.1" 200 58796 "-" "Mozilla/5.0 (iPad; CPU OS 9_2_1 like Mac OS X) AppleWebKit/600.1.4 (KHTML, like Gecko) GSA/9.0.60246 Mobile/13D15 Safari/600.1.4" "www.saveaslave.com"
46.161.9.8 - - [03/Jul/2016:08:18:00 -0700] "GET / HTTP/1.1" 200 89069 "-" "Mozilla/5.0 (Windows NT 6.1; rv:34.0) Gecko/20100101 Firefox/34.0" "saveaslave.com"[2]
46.161.9.8 - - [03/Jul/2016:08:18:24 -0700] "GET /wp-admin/admin-ajax.php?action=getfile&/../../wp-config.php HTTP/1.1" 404 89 "-" "Mozilla/5.0 (Windows NT 6.1; rv:34.0) Gecko/20100101 Firefox/34.0" "saveaslave.com"
46.161.9.8 - - [03/Jul/2016:08:18:49 -0700] "GET /wp-content/plugins/ajax-store-locator-wordpress_0/sl_file_download.php?download_file=../../../wp-config.php HTTP/1.1" 404 89 "-" "Mozilla/5.0 (Windows NT 6.1; rv:34.0) Gecko/20100101 Firefox/34.0" "saveaslave.com"
46.161.9.8 - - [03/Jul/2016:08:19:04 -0700] "GET /wp-content/plugins/dukapress/lib/dp_image.php?src=../../../../wp-config.php HTTP/1.1" 404 89 "-" "Mozilla/5.0 (Windows NT 6.1; rv:34.0) Gecko/20100101 Firefox/34.0" "saveaslave.com"
46.161.9.8 - - [03/Jul/2016:08:19:25 -0700] "GET /wp-content/plugins/pica-photo-gallery/picadownload.php?imgname=../../../wp-config.php HTTP/1.1" 404 89 "-" "Mozilla/5.0 (Windows NT 6.1; rv:34.0) Gecko/20100101 Firefox/34.0" "saveaslave.com"
46.161.9.8 - - [03/Jul/2016:08:20:30 -0700] "GET /wp-content/themes/FR0_theme/down.php?path=../../../wp-config.php HTTP/1.1" 404 89 "-" "Mozilla/5.0 (Windows NT 6.1; rv:34.0) Gecko/20100101 Firefox/34.0" "saveaslave.com"[0]
46.161.9.8 - - [03/Jul/2016:08:22:00 -0700] "GET /wp-content/themes/TheLoft/download.php?file=../../../wp-config.php HTTP/1.1" 404 89 "-" "Mozilla/5.0 (Windows NT 6.1; rv:34.0) Gecko/20100101 Firefox/34.0" "saveaslave.com"[0]
46.161.9.8 - - [03/Jul/2016:08:22:08 -0700] "GET /wp-content/themes/acento/includes/view-pdf.php?download=1&file=../../../../wp-config.php HTTP/1.1" 404 89 "-" "Mozilla/5.0 (Windows NT 6.1; rv:34.0) Gecko/20100101 Firefox/34.0" "saveaslave.com"
46.161.9.8 - - [03/Jul/2016:08:22:30 -0700] "GET /wp-content/themes/churchope/lib/downloadlink.php?file=../../../../wp-config.php HTTP/1.1" 404 89 "-" "Mozilla/5.0 (Windows NT 6.1; rv:34.0) Gecko/20100101 Firefox/34.0" "saveaslave.com"
46.161.9.8 - - [03/Jul/2016:08:22:58 -0700] "GET /wp-content/themes/MichaelCanthony/download.php?file=../../../wp-config.php HTTP/1.0" 404 73 "-" "Mozilla/5.0 (Windows NT 6.1; rv:34.0) Gecko/20100101 Firefox/34.0" "saveaslave.com"
46.161.9.8 - - [03/Jul/2016:08:23:46 -0700] "GET /wp-content/themes/SMWF/inc/download.php?file=../../../../wp-config.php HTTP/1.0" 404 73 "-" "Mozilla/5.0 (Windows NT 6.1; rv:34.0) Gecko/20100101 Firefox/34.0" "saveaslave.com"
46.161.9.8 - - [03/Jul/2016:08:25:00 -0700] "GET /wp-content/themes/felis/download.php?file=../../../wp-config.php HTTP/1.0" 404 73 "-" "Mozilla/5.0 (Windows NT 6.1; rv:34.0) Gecko/20100101 Firefox/34.0" "saveaslave.com"
46.161.9.8 - - [03/Jul/2016:08:25:12 -0700] "GET /wp-content/themes/tess/download.php?file=../../../wp-config.php HTTP/1.1" 404 89 "-" "Mozilla/5.0 (Windows NT 6.1; rv:34.0) Gecko/20100101 Firefox/34.0" "saveaslave.com"
46.161.9.8 - - [03/Jul/2016:08:25:20 -0700] "GET /wp-content/themes/trinity/lib/scripts/download.php?file=../../../../../wp-config.php HTTP/1.1" 404 89 "-" "Mozilla/5.0 (Windows NT 6.1; rv:34.0) Gecko/20100101 Firefox/34.0" "saveaslave.com"[0]
46.161.9.8 - - [03/Jul/2016:08:25:47 -0700] "POST /wp-content/themes/infocus/lib/scripts/dl-skin.php HTTP/1.1" 404 89 "-" "Mozilla/5.0 (Windows NT 6.1; rv:34.0) Gecko/20100101 Firefox/34.0" "saveaslave.com"[0]
46.161.9.8 - - [03/Jul/2016:08:26:29 -0700] "POST /wp-content/themes/elegance/lib/scripts/dl-skin.php HTTP/1.1" 404 89 "-" "Mozilla/5.0 (Windows NT 6.1; rv:34.0) Gecko/20100101 Firefox/34.0" "saveaslave.com"
46.161.9.8 - - [03/Jul/2016:08:26:35 -0700] "POST /wp-content/themes/method/lib/scripts/dl-skin.php HTTP/1.1" 404 89 "-" "Mozilla/5.0 (Windows NT 6.1; rv:34.0) Gecko/20100101 Firefox/34.0" "saveaslave.com"
46.161.9.8 - - [03/Jul/2016:08:26:52 -0700] "POST /wp-content/themes/construct/lib/scripts/dl-skin.php HTTP/1.1" 404 89 "-" "Mozilla/5.0 (Windows NT 6.1; rv:34.0) Gecko/20100101 Firefox/34.0" "saveaslave.com"
208.115.113.86 - - [03/Jul/2016:09:10:15 -0700] "GET /article.php?id=24 HTTP/1.1" 200 45885 "-" "Mozilla/5.0 (compatible; DotBot/1.1; http://www.opensiteexplorer.org/dotbot, help@moz.com)" "saveaslave.com"[2]
208.115.113.86 - - [03/Jul/2016:09:41:19 -0700] "GET /robots.txt HTTP/1.1" 200 48 "-" "Mozilla/5.0 (compatible; DotBot/1.1; http://www.opensiteexplorer.org/dotbot, help@moz.com)" "saveaslave.com"
208.115.113.86 - - [03/Jul/2016:09:41:19 -0700] "GET /robots.txt HTTP/1.1" 200 48 "-" "Mozilla/5.0 (compatible; DotBot/1.1; http://www.opensiteexplorer.org/dotbot, help@moz.com)" "www.saveaslave.com"
209.95.185.126 - - [03/Jul/2016:09:42:18 -0700] "GET / HTTP/1.1" 200 89069 "-" "=Mozilla/5.0 (Windows; U; Windows NT 6.1; en-US) AppleWebKit/534.16 (KHTML, like Gecko) Chrome/10.0.648.204 Safari/534.16" "saveaslave.com"[2]
209.95.185.126 - - [03/Jul/2016:09:42:19 -0700] "GET /addarticle.php HTTP/1.1" 200 13718 "-" "=Mozilla/5.0 (Windows; U; Windows NT 6.1; en-US) AppleWebKit/534.16 (KHTML, like Gecko) Chrome/10.0.648.204 Safari/534.16" "saveaslave.com"[0]
182.118.22.213 - - [03/Jul/2016:09:53:50 -0700] "GET / HTTP/1.1" 200 89033 "http://www.saveaslave.com/" "Mozilla/5.0 (compatible; MSIE 9.0; Windows NT 6.1; Trident/5.0); 360Spider(compatible; HaosouSpider; http://www.haosou.com/help/help_3_2.html)" "www.saveaslave.com"
65.36.241.48 - - [03/Jul/2016:10:31:19 -0700] "HEAD / HTTP/1.1" 200 0 "-" "InternetSeer.com" "www.saveaslave.com"
5.149.255.126 - - [03/Jul/2016:10:39:03 -0700] "GET / HTTP/1.1" 200 89069 "-" "Mozilla/5.0 (Windows  U  Windows NT 6.1  ru  rv:1.9.2.8) Gecko/20100722 MRA 5.7 (build 03797) Firefox/3.6.8 sputnik 2.3.0.102" "saveaslave.com"[1]
208.115.113.94 - - [03/Jul/2016:10:39:48 -0700] "GET /robots.txt HTTP/1.1" 200 48 "-" "Mozilla/5.0 (compatible; DotBot/1.1; http://www.opensiteexplorer.org/dotbot, help@moz.com)" "saveaslave.com"
208.115.113.86 - - [03/Jul/2016:10:57:29 -0700] "GET /article.php?id=48 HTTP/1.1" 200 776 "-" "Mozilla/5.0 (compatible; DotBot/1.1; http://www.opensiteexplorer.org/dotbot, help@moz.com)" "www.saveaslave.com"[0]
51.255.65.51 - - [03/Jul/2016:11:04:20 -0700] "GET /article.php%3Fid%3D84?sa=U&ved=0ahUKEwjRm6CqpKPLAhUGtYMKHc-CAR4QFgg9MAk&usg=AFQjCNHDVM5xP8bU__WzR6r-hJc4g1cpAg HTTP/1.1" 404 89 "-" "Mozilla/5.0 (compatible; AhrefsBot/5.1; +http://ahrefs.com/robot/)" "www.saveaslave.com"
164.132.161.97 - - [03/Jul/2016:11:08:00 -0700] "GET /vanuatu.html HTTP/1.1" 404 89 "-" "Mozilla/5.0 (compatible; AhrefsBot/5.1; +http://ahrefs.com/robot/)" "www.saveaslave.com"
208.115.113.86 - - [03/Jul/2016:11:47:48 -0700] "GET /robots.txt HTTP/1.1" 200 48 "-" "Mozilla/5.0 (compatible; DotBot/1.1; http://www.opensiteexplorer.org/dotbot, help@moz.com)" "saveaslave.com"
62.210.148.246 - - [03/Jul/2016:11:59:08 -0700] "GET / HTTP/1.1" 200 89069 "-" "Mozilla/5.0 (compatible; MJ12bot/v1.4.5; http://www.majestic12.co.uk/bot.php?+)" "www.saveaslave.com"[1]
208.115.113.94 - - [03/Jul/2016:12:03:27 -0700] "GET /article.php?id=48 HTTP/1.1" 200 776 "-" "Mozilla/5.0 (compatible; DotBot/1.1; http://www.opensiteexplorer.org/dotbot, help@moz.com)" "saveaslave.com"
65.36.241.48 - - [03/Jul/2016:12:04:33 -0700] "HEAD /?tpl=references&Itemid=3 HTTP/1.1" 200 0 "-" "InternetSeer.com" "www.saveaslave.com"
51.255.65.18 - - [03/Jul/2016:12:06:14 -0700] "GET /switzerland.html HTTP/1.1" 404 89 "-" "Mozilla/5.0 (compatible; AhrefsBot/5.1; +http://ahrefs.com/robot/)" "saveaslave.com"[0]
203.133.170.104 - - [03/Jul/2016:12:43:00 -0700] "GET /robots.txt HTTP/1.1" 200 48 "-" "Mozilla/5.0 (compatible; MSIE or Firefox mutant;) Daum 4.1" "www.saveaslave.com"
203.133.170.104 - - [03/Jul/2016:12:43:02 -0700] "GET /listlink.php HTTP/1.1" 200 31236 "-" "Mozilla/5.0 (compatible; MSIE or Firefox mutant;) Daum 4.1" "www.saveaslave.com"[1]
208.115.113.86 - - [03/Jul/2016:13:05:25 -0700] "GET /article.php?id=93 HTTP/1.1" 200 776 "-" "Mozilla/5.0 (compatible; DotBot/1.1; http://www.opensiteexplorer.org/dotbot, help@moz.com)" "www.saveaslave.com"[9]
65.36.241.48 - - [03/Jul/2016:13:08:32 -0700] "HEAD / HTTP/1.1" 200 0 "-" "InternetSeer.com" "www.saveaslave.com"
208.115.113.86 - - [03/Jul/2016:13:10:54 -0700] "GET /managevolunteer.php HTTP/1.1" 200 1294 "-" "Mozilla/5.0 (compatible; DotBot/1.1; http://www.opensiteexplorer.org/dotbot, help@moz.com)" "www.saveaslave.com"
208.115.113.86 - - [03/Jul/2016:13:11:55 -0700] "GET /article.php?id=20 HTTP/1.1" 200 50204 "-" "Mozilla/5.0 (compatible; DotBot/1.1; http://www.opensiteexplorer.org/dotbot, help@moz.com)" "saveaslave.com"
37.229.252.195 - - [03/Jul/2016:13:19:09 -0700] "GET / HTTP/1.1" 200 89033 "http://xn----7sbahjd3btneuw1joc.xn--p1ai/" "Mozilla/4.0 (compatible; MSIE 5.5; Windows NT 4.0)" "www.saveaslave.com"
37.229.252.195 - - [03/Jul/2016:13:22:54 -0700] "GET / HTTP/1.0" 200 65536 "http://xn----7sbahjd3btneuw1joc.xn--p1ai/" "Mozilla/4.0 (compatible; MSIE 5.5; Windows NT 4.0)" "www.saveaslave.com"
183.57.153.229 - - [03/Jul/2016:13:51:44 -0700] "GET /assets/js/ie-emulation-modes-warning.js HTTP/1.1" 200 2130 "http://www.saveaslave.com/assets/js/ie-emulation-modes-warning.js" "Mozilla/5.0 (compatible; MSIE 9.0; Windows NT 6.1; Trident/5.0)" "www.saveaslave.com"
54.211.242.79 - - [03/Jul/2016:13:58:52 -0700] "GET / HTTP/1.1" 200 89069 "-" "-" "saveaslave.com"[1]
51.255.65.49 - - [03/Jul/2016:13:59:25 -0700] "GET /article.php?id=21 HTTP/1.0" 200 - "-" "Mozilla/5.0 (compatible; AhrefsBot/5.1; +http://ahrefs.com/robot/)" "saveaslave.com"
82.20.108.22 - - [03/Jul/2016:14:09:00 -0700] "GET / HTTP/1.1" 200 89033 "https://t.co/E8R4kksux4" "Mozilla/5.0 (iPhone; CPU iPhone OS 9_3_2 like Mac OS X) AppleWebKit/601.1.46 (KHTML, like Gecko) Mobile/13F69 Twitter for iPhone" "saveaslave.com"
82.20.108.22 - - [03/Jul/2016:14:09:00 -0700] "GET /assets/js/ie-emulation-modes-warning.js HTTP/1.1" 200 2130 "http://saveaslave.com/" "Mozilla/5.0 (iPhone; CPU iPhone OS 9_3_2 like Mac OS X) AppleWebKit/601.1.46 (KHTML, like Gecko) Mobile/13F69 Twitter for iPhone" "saveaslave.com"
82.20.108.22 - - [03/Jul/2016:14:09:00 -0700] "GET /css/bootstrap.min.css HTTP/1.1" 200 123578 "http://saveaslave.com/" "Mozilla/5.0 (iPhone; CPU iPhone OS 9_3_2 like Mac OS X) AppleWebKit/601.1.46 (KHTML, like Gecko) Mobile/13F69 Twitter for iPhone" "saveaslave.com"
82.20.108.22 - - [03/Jul/2016:14:09:01 -0700] "GET /images/logo2.png HTTP/1.1" 200 18525 "http://saveaslave.com/" "Mozilla/5.0 (iPhone; CPU iPhone OS 9_3_2 like Mac OS X) AppleWebKit/601.1.46 (KHTML, like Gecko) Mobile/13F69 Twitter for iPhone" "saveaslave.com"
82.20.108.22 - - [03/Jul/2016:14:09:01 -0700] "GET /images/top.jpg HTTP/1.1" 200 50519 "http://saveaslave.com/" "Mozilla/5.0 (iPhone; CPU iPhone OS 9_3_2 like Mac OS X) AppleWebKit/601.1.46 (KHTML, like Gecko) Mobile/13F69 Twitter for iPhone" "saveaslave.com"
82.20.108.22 - - [03/Jul/2016:14:09:01 -0700] "GET /indicator.gif HTTP/1.1" 200 878 "http://saveaslave.com/" "Mozilla/5.0 (iPhone; CPU iPhone OS 9_3_2 like Mac OS X) AppleWebKit/601.1.46 (KHTML, like Gecko) Mobile/13F69 Twitter for iPhone" "saveaslave.com"
82.20.108.22 - - [03/Jul/2016:14:09:01 -0700] "GET /images/select-arrow.png HTTP/1.1" 200 1118 "http://saveaslave.com/" "Mozilla/5.0 (iPhone; CPU iPhone OS 9_3_2 like Mac OS X) AppleWebKit/601.1.46 (KHTML, like Gecko) Mobile/13F69 Twitter for iPhone" "saveaslave.com"
82.20.108.22 - - [03/Jul/2016:14:09:02 -0700] "GET /addarticle.php HTTP/1.1" 200 13718 "http://saveaslave.com/" "Mozilla/5.0 (iPhone; CPU iPhone OS 9_3_2 like Mac OS X) AppleWebKit/601.1.46 (KHTML, like Gecko) Mobile/13F69 Twitter for iPhone" "saveaslave.com"[1]
208.115.113.86 - - [03/Jul/2016:14:18:33 -0700] "GET /robots.txt HTTP/1.1" 200 48 "-" "Mozilla/5.0 (compatible; DotBot/1.1; http://www.opensiteexplorer.org/dotbot, help@moz.com)" "www.saveaslave.com"
65.36.241.48 - - [03/Jul/2016:14:28:17 -0700] "HEAD / HTTP/1.1" 200 0 "-" "InternetSeer.com" "www.saveaslave.com"
208.115.113.94 - - [03/Jul/2016:14:44:06 -0700] "GET /robots.txt HTTP/1.1" 200 48 "-" "Mozilla/5.0 (compatible; DotBot/1.1; http://www.opensiteexplorer.org/dotbot, help@moz.com)" "www.saveaslave.com"
208.115.113.94 - - [03/Jul/2016:14:44:06 -0700] "GET /robots.txt HTTP/1.1" 200 48 "-" "Mozilla/5.0 (compatible; DotBot/1.1; http://www.opensiteexplorer.org/dotbot, help@moz.com)" "saveaslave.com"
176.31.229.56 - - [03/Jul/2016:14:56:34 -0700] "GET / HTTP/1.1" 200 89069 "-" "Mozilla/5.0 (Windows NT 6.1; WOW64; rv:38.0) Gecko/20100101 Firefox/38.0" "saveaslave.com"[2]
54.211.242.79 - - [03/Jul/2016:15:01:00 -0700] "GET / HTTP/1.1" 200 89069 "-" "-" "saveaslave.com"
99.229.204.36 - - [03/Jul/2016:15:03:09 -0700] "GET / HTTP/1.1" 200 89033 "https://t.co/E8R4kksux4" "Mozilla/5.0 (Linux; Android 5.0.1; SGH-I337M Build/LRX22C) AppleWebKit/537.36 (KHTML, like Gecko) Chrome/51.0.2704.81 Mobile Safari/537.36" "saveaslave.com"
99.229.204.36 - - [03/Jul/2016:15:03:09 -0700] "GET /assets/js/ie-emulation-modes-warning.js HTTP/1.1" 200 2130 "http://saveaslave.com/" "Mozilla/5.0 (Linux; Android 5.0.1; SGH-I337M Build/LRX22C) AppleWebKit/537.36 (KHTML, like Gecko) Chrome/51.0.2704.81 Mobile Safari/537.36" "saveaslave.com"
99.229.204.36 - - [03/Jul/2016:15:03:09 -0700] "GET /assets/js/ie10-viewport-bug-workaround.js HTTP/1.1" 200 641 "http://saveaslave.com/" "Mozilla/5.0 (Linux; Android 5.0.1; SGH-I337M Build/LRX22C) AppleWebKit/537.36 (KHTML, like Gecko) Chrome/51.0.2704.81 Mobile Safari/537.36" "saveaslave.com"
99.229.204.36 - - [03/Jul/2016:15:03:09 -0700] "GET /images/logo2.png HTTP/1.1" 200 18525 "http://saveaslave.com/" "Mozilla/5.0 (Linux; Android 5.0.1; SGH-I337M Build/LRX22C) AppleWebKit/537.36 (KHTML, like Gecko) Chrome/51.0.2704.81 Mobile Safari/537.36" "saveaslave.com"
99.229.204.36 - - [03/Jul/2016:15:03:10 -0700] "GET /images/top.jpg HTTP/1.1" 200 50519 "http://saveaslave.com/" "Mozilla/5.0 (Linux; Android 5.0.1; SGH-I337M Build/LRX22C) AppleWebKit/537.36 (KHTML, like Gecko) Chrome/51.0.2704.81 Mobile Safari/537.36" "saveaslave.com"
99.229.204.36 - - [03/Jul/2016:15:03:10 -0700] "GET /images/article/end_it.jpg HTTP/1.1" 200 33676 "http://saveaslave.com/" "Mozilla/5.0 (Linux; Android 5.0.1; SGH-I337M Build/LRX22C) AppleWebKit/537.36 (KHTML, like Gecko) Chrome/51.0.2704.81 Mobile Safari/537.36" "saveaslave.com"
99.229.204.36 - - [03/Jul/2016:15:03:10 -0700] "GET /images/social1.png HTTP/1.1" 200 2012 "http://saveaslave.com/" "Mozilla/5.0 (Linux; Android 5.0.1; SGH-I337M Build/LRX22C) AppleWebKit/537.36 (KHTML, like Gecko) Chrome/51.0.2704.81 Mobile Safari/537.36" "saveaslave.com"
99.229.204.36 - - [03/Jul/2016:15:05:46 -0700] "GET /css/style.css HTTP/1.0" 200 7938 "http://saveaslave.com/" "Mozilla/5.0 (Linux; Android 5.0.1; SGH-I337M Build/LRX22C) AppleWebKit/537.36 (KHTML, like Gecko) Chrome/51.0.2704.81 Mobile Safari/537.36" "saveaslave.com"
208.115.113.86 - - [03/Jul/2016:15:09:22 -0700] "GET /help.php HTTP/1.1" 200 52768 "-" "Mozilla/5.0 (compatible; DotBot/1.1; http://www.opensiteexplorer.org/dotbot, help@moz.com)" "www.saveaslave.com"
141.8.143.213 - - [03/Jul/2016:15:24:41 -0700] "GET /robots.txt HTTP/1.1" 200 48 "-" "Mozilla/5.0 (compatible; YandexBot/3.0; +http://yandex.com/bots)" "saveaslave.com"
141.8.143.182 - - [03/Jul/2016:15:24:51 -0700] "GET /www.fairfund.org HTTP/1.1" 404 89 "-" "Mozilla/5.0 (compatible; YandexBot/3.0; +http://yandex.com/bots)" "saveaslave.com"
73.181.162.186 - - [03/Jul/2016:15:33:20 -0700] "GET / HTTP/1.1" 200 89033 "https://t.co/E8R4kksux4" "Mozilla/5.0 (iPhone; CPU iPhone OS 9_3_2 like Mac OS X) AppleWebKit/601.1.46 (KHTML, like Gecko) Mobile/13F69 Twitter for iPhone" "saveaslave.com"[1]
73.181.162.186 - - [03/Jul/2016:15:33:22 -0700] "GET /css/bootstrap.min.css HTTP/1.1" 200 123578 "http://saveaslave.com/" "Mozilla/5.0 (iPhone; CPU iPhone OS 9_3_2 like Mac OS X) AppleWebKit/601.1.46 (KHTML, like Gecko) Mobile/13F69 Twitter for iPhone" "saveaslave.com"
73.181.162.186 - - [03/Jul/2016:15:33:22 -0700] "GET /css/elements.css HTTP/1.1" 200 17857 "http://saveaslave.com/" "Mozilla/5.0 (iPhone; CPU iPhone OS 9_3_2 like Mac OS X) AppleWebKit/601.1.46 (KHTML, like Gecko) Mobile/13F69 Twitter for iPhone" "saveaslave.com"
73.181.162.186 - - [03/Jul/2016:15:33:22 -0700] "GET /gfeedfetcher.js HTTP/1.1" 200 9018 "http://saveaslave.com/" "Mozilla/5.0 (iPhone; CPU iPhone OS 9_3_2 like Mac OS X) AppleWebKit/601.1.46 (KHTML, like Gecko) Mobile/13F69 Twitter for iPhone" "saveaslave.com"
73.181.162.186 - - [03/Jul/2016:15:33:22 -0700] "GET /assets/js/ie-emulation-modes-warning.js HTTP/1.1" 200 2130 "http://saveaslave.com/" "Mozilla/5.0 (iPhone; CPU iPhone OS 9_3_2 like Mac OS X) AppleWebKit/601.1.46 (KHTML, like Gecko) Mobile/13F69 Twitter for iPhone" "saveaslave.com"
73.181.162.186 - - [03/Jul/2016:15:33:23 -0700] "GET /gajaxscroller.js HTTP/1.1" 200 9774 "http://saveaslave.com/" "Mozilla/5.0 (iPhone; CPU iPhone OS 9_3_2 like Mac OS X) AppleWebKit/601.1.46 (KHTML, like Gecko) Mobile/13F69 Twitter for iPhone" "saveaslave.com"
73.181.162.186 - - [03/Jul/2016:15:33:24 -0700] "GET /images/article/end_it.jpg HTTP/1.1" 200 33676 "http://saveaslave.com/" "Mozilla/5.0 (iPhone; CPU iPhone OS 9_3_2 like Mac OS X) AppleWebKit/601.1.46 (KHTML, like Gecko) Mobile/13F69 Twitter for iPhone" "saveaslave.com"
73.181.162.186 - - [03/Jul/2016:15:33:24 -0700] "GET /images/article/s1_dety_beg_d9954.jpg HTTP/1.1" 200 16968 "http://saveaslave.com/" "Mozilla/5.0 (iPhone; CPU iPhone OS 9_3_2 like Mac OS X) AppleWebKit/601.1.46 (KHTML, like Gecko) Mobile/13F69 Twitter for iPhone" "saveaslave.com"
73.181.162.186 - - [03/Jul/2016:15:33:24 -0700] "GET /css/style-pages.css HTTP/1.1" 200 9894 "http://saveaslave.com/" "Mozilla/5.0 (iPhone; CPU iPhone OS 9_3_2 like Mac OS X) AppleWebKit/601.1.46 (KHTML, like Gecko) Mobile/13F69 Twitter for iPhone" "saveaslave.com"
73.181.162.186 - - [03/Jul/2016:15:33:24 -0700] "GET /images/article/suspects.jpg HTTP/1.1" 200 58796 "http://saveaslave.com/" "Mozilla/5.0 (iPhone; CPU iPhone OS 9_3_2 like Mac OS X) AppleWebKit/601.1.46 (KHTML, like Gecko) Mobile/13F69 Twitter for iPhone" "saveaslave.com"
73.181.162.186 - - [03/Jul/2016:15:33:24 -0700] "GET /images/social1.png HTTP/1.1" 200 2012 "http://saveaslave.com/" "Mozilla/5.0 (iPhone; CPU iPhone OS 9_3_2 like Mac OS X) AppleWebKit/601.1.46 (KHTML, like Gecko) Mobile/13F69 Twitter for iPhone" "saveaslave.com"[0]
73.181.162.186 - - [03/Jul/2016:15:33:24 -0700] "GET /images/social2.png HTTP/1.1" 200 1752 "http://saveaslave.com/" "Mozilla/5.0 (iPhone; CPU iPhone OS 9_3_2 like Mac OS X) AppleWebKit/601.1.46 (KHTML, like Gecko) Mobile/13F69 Twitter for iPhone" "saveaslave.com"
73.181.162.186 - - [03/Jul/2016:15:33:25 -0700] "GET /images/social3.png HTTP/1.1" 200 4343 "http://saveaslave.com/" "Mozilla/5.0 (iPhone; CPU iPhone OS 9_3_2 like Mac OS X) AppleWebKit/601.1.46 (KHTML, like Gecko) Mobile/13F69 Twitter for iPhone" "saveaslave.com"
73.181.162.186 - - [03/Jul/2016:15:33:27 -0700] "GET /js/bootstrap.min.js HTTP/1.1" 200 37055 "http://saveaslave.com/" "Mozilla/5.0 (iPhone; CPU iPhone OS 9_3_2 like Mac OS X) AppleWebKit/601.1.46 (KHTML, like Gecko) Mobile/13F69 Twitter for iPhone" "saveaslave.com"
73.181.162.186 - - [03/Jul/2016:15:33:27 -0700] "GET /assets/js/ie10-viewport-bug-workaround.js HTTP/1.1" 200 641 "http://saveaslave.com/" "Mozilla/5.0 (iPhone; CPU iPhone OS 9_3_2 like Mac OS X) AppleWebKit/601.1.46 (KHTML, like Gecko) Mobile/13F69 Twitter for iPhone" "saveaslave.com"
73.181.162.186 - - [03/Jul/2016:15:37:22 -0700] "GET /css/style.css HTTP/1.1" 200 7938 "http://saveaslave.com/" "Mozilla/5.0 (iPhone; CPU iPhone OS 9_3_2 like Mac OS X) AppleWebKit/601.1.46 (KHTML, like Gecko) Mobile/13F69 Twitter for iPhone" "saveaslave.com"
169.54.233.126 - - [03/Jul/2016:15:46:01 -0700] "GET / HTTP/1.1" 403 255 "-" "-" "saveaslave.com"[0]
65.36.241.48 - - [03/Jul/2016:15:49:36 -0700] "HEAD / HTTP/1.1" 200 0 "-" "InternetSeer.com" "www.saveaslave.com"
208.115.113.94 - - [03/Jul/2016:15:57:32 -0700] "GET /article.php?id=94 HTTP/1.0" 200 - "-" "Mozilla/5.0 (compatible; DotBot/1.1; http://www.opensiteexplorer.org/dotbot, help@moz.com)" "www.saveaslave.com"
54.211.242.79 - - [03/Jul/2016:15:59:39 -0700] "GET / HTTP/1.1" 200 89069 "-" "-" "saveaslave.com"
69.197.177.26 - - [03/Jul/2016:16:11:26 -0700] "GET /robots.txt HTTP/1.1" 200 48 "-" "Mozilla/5.0 (compatible; MJ12bot/v1.4.5; http://www.majestic12.co.uk/bot.php?+)" "www.saveaslave.com"
69.197.177.26 - - [03/Jul/2016:16:11:29 -0700] "GET /?tpl=newspaper&Itemid=6 HTTP/1.1" 200 89069 "-" "Mozilla/5.0 (compatible; MJ12bot/v1.4.5; http://www.majestic12.co.uk/bot.php?+)" "www.saveaslave.com"[1]
69.197.177.26 - - [03/Jul/2016:16:11:37 -0700] "GET /?tpl=newspaper&Itemid=6&countrycode=us HTTP/1.1" 200 89069 "-" "Mozilla/5.0 (compatible; MJ12bot/v1.4.5; http://www.majestic12.co.uk/bot.php?+)" "www.saveaslave.com"[0]
69.197.177.26 - - [03/Jul/2016:16:13:09 -0700] "GET /?tpl=saveaslave&Itemid=2 HTTP/1.1" 200 89069 "-" "Mozilla/5.0 (compatible; MJ12bot/v1.4.5; http://www.majestic12.co.uk/bot.php?+)" "www.saveaslave.com"
176.8.89.183 - - [03/Jul/2016:16:17:20 -0700] "GET / HTTP/1.1" 200 89033 "http://hd720kino.ru/" "Opera/9.0 (Windows NT 5.1; U; en)" "www.saveaslave.com"
176.8.89.183 - - [03/Jul/2016:16:17:22 -0700] "GET / HTTP/1.1" 200 89033 "http://hd720kino.ru/" "Opera/9.0 (Windows NT 5.1; U; en)" "www.saveaslave.com"[1]
66.102.6.231 - - [03/Jul/2016:16:28:22 -0700] "GET /images/article6.jpg HTTP/1.1" 200 57746 "-" "Mozilla/5.0 (Windows NT 5.1; rv:11.0) Gecko Firefox/11.0 (via ggpht.com GoogleImageProxy)" "www.saveaslave.com"
65.36.241.48 - - [03/Jul/2016:17:10:02 -0700] "HEAD / HTTP/1.1" 200 0 "-" "InternetSeer.com" "www.saveaslave.com"
101.226.167.214 - - [03/Jul/2016:17:46:27 -0700] "GET /robots.txt HTTP/1.1" 200 48 "http://saveaslave.com/robots.txt" "Mozilla/5.0 (Windows NT 6.1) AppleWebKit/537.1 (KHTML, like Gecko) Chrome/21.0.1180.89 Safari/537.1; 360Spider(compatible; HaosouSpider; http://www.haosou.com/help/help_3_2.html)" "saveaslave.com"
182.118.20.166 - - [03/Jul/2016:17:47:00 -0700] "GET /robots.txt HTTP/1.1" 200 48 "http://www.saveaslave.com/robots.txt" "Mozilla/5.0 (compatible; MSIE 9.0; Windows NT 6.1; Trident/5.0); 360Spider(compatible; HaosouSpider; http://www.haosou.com/help/help_3_2.html)" "www.saveaslave.com"[0]
73.79.229.6 - - [03/Jul/2016:18:26:41 -0700] "GET / HTTP/1.1" 200 89069 "-" "Kik/10.9.0.7462 (Android 5.1.1) Mozilla/5.0 (Linux; Android 5.1.1; SM-G360T1 Build/LMY47X; wv) AppleWebKit/537.36 (KHTML, like Gecko) Version/4.0 Chrome/51.0.2704.81 Mobile Safari/537.36" "www.saveaslave.com"
73.79.229.6 - - [03/Jul/2016:18:26:41 -0700] "GET /gfeedfetcher.js HTTP/1.1" 200 9018 "http://www.saveaslave.com/" "Kik/10.9.0.7462 (Android 5.1.1) Mozilla/5.0 (Linux; Android 5.1.1; SM-G360T1 Build/LMY47X; wv) AppleWebKit/537.36 (KHTML, like Gecko) Version/4.0 Chrome/51.0.2704.81 Mobile Safari/537.36" "www.saveaslave.com"
73.79.229.6 - - [03/Jul/2016:18:26:41 -0700] "GET /css/style.css HTTP/1.1" 200 7938 "http://www.saveaslave.com/" "Kik/10.9.0.7462 (Android 5.1.1) Mozilla/5.0 (Linux; Android 5.1.1; SM-G360T1 Build/LMY47X; wv) AppleWebKit/537.36 (KHTML, like Gecko) Version/4.0 Chrome/51.0.2704.81 Mobile Safari/537.36" "www.saveaslave.com"
73.79.229.6 - - [03/Jul/2016:18:26:41 -0700] "GET /css/elements.css HTTP/1.1" 200 17857 "http://www.saveaslave.com/" "Kik/10.9.0.7462 (Android 5.1.1) Mozilla/5.0 (Linux; Android 5.1.1; SM-G360T1 Build/LMY47X; wv) AppleWebKit/537.36 (KHTML, like Gecko) Version/4.0 Chrome/51.0.2704.81 Mobile Safari/537.36" "www.saveaslave.com"
73.79.229.6 - - [03/Jul/2016:18:26:42 -0700] "GET /gajaxscroller.js HTTP/1.1" 200 9774 "http://www.saveaslave.com/" "Kik/10.9.0.7462 (Android 5.1.1) Mozilla/5.0 (Linux; Android 5.1.1; SM-G360T1 Build/LMY47X; wv) AppleWebKit/537.36 (KHTML, like Gecko) Version/4.0 Chrome/51.0.2704.81 Mobile Safari/537.36" "www.saveaslave.com"
73.79.229.6 - - [03/Jul/2016:18:26:42 -0700] "GET /images/cover1.jpg HTTP/1.1" 200 253658 "http://www.saveaslave.com/" "Kik/10.9.0.7462 (Android 5.1.1) Mozilla/5.0 (Linux; Android 5.1.1; SM-G360T1 Build/LMY47X; wv) AppleWebKit/537.36 (KHTML, like Gecko) Version/4.0 Chrome/51.0.2704.81 Mobile Safari/537.36" "www.saveaslave.com"
73.79.229.6 - - [03/Jul/2016:18:26:42 -0700] "GET /images/social1.png HTTP/1.1" 200 2012 "http://www.saveaslave.com/" "Kik/10.9.0.7462 (Android 5.1.1) Mozilla/5.0 (Linux; Android 5.1.1; SM-G360T1 Build/LMY47X; wv) AppleWebKit/537.36 (KHTML, like Gecko) Version/4.0 Chrome/51.0.2704.81 Mobile Safari/537.36" "www.saveaslave.com"
73.79.229.6 - - [03/Jul/2016:18:26:42 -0700] "GET /images/article/suspects.jpg HTTP/1.1" 200 58796 "http://www.saveaslave.com/" "Kik/10.9.0.7462 (Android 5.1.1) Mozilla/5.0 (Linux; Android 5.1.1; SM-G360T1 Build/LMY47X; wv) AppleWebKit/537.36 (KHTML, like Gecko) Version/4.0 Chrome/51.0.2704.81 Mobile Safari/537.36" "www.saveaslave.com"
73.79.229.6 - - [03/Jul/2016:18:26:42 -0700] "GET /images/top.jpg HTTP/1.1" 200 50519 "http://www.saveaslave.com/" "Kik/10.9.0.7462 (Android 5.1.1) Mozilla/5.0 (Linux; Android 5.1.1; SM-G360T1 Build/LMY47X; wv) AppleWebKit/537.36 (KHTML, like Gecko) Version/4.0 Chrome/51.0.2704.81 Mobile Safari/537.36" "www.saveaslave.com"
73.79.229.6 - - [03/Jul/2016:18:26:43 -0700] "GET /addarticle.php HTTP/1.1" 200 13682 "http://www.saveaslave.com/" "Kik/10.9.0.7462 (Android 5.1.1) Mozilla/5.0 (Linux; Android 5.1.1; SM-G360T1 Build/LMY47X; wv) AppleWebKit/537.36 (KHTML, like Gecko) Version/4.0 Chrome/51.0.2704.81 Mobile Safari/537.36" "www.saveaslave.com"
73.79.229.6 - - [03/Jul/2016:18:26:43 -0700] "GET /css/down-arrow.png HTTP/1.1" 404 89 "http://www.saveaslave.com/css/elements.css" "Kik/10.9.0.7462 (Android 5.1.1) Mozilla/5.0 (Linux; Android 5.1.1; SM-G360T1 Build/LMY47X; wv) AppleWebKit/537.36 (KHTML, like Gecko) Version/4.0 Chrome/51.0.2704.81 Mobile Safari/537.36" "www.saveaslave.com"
73.79.229.6 - - [03/Jul/2016:18:26:43 -0700] "GET /images/select-arrow.png HTTP/1.1" 200 1118 "http://www.saveaslave.com/css/style-pages.css" "Kik/10.9.0.7462 (Android 5.1.1) Mozilla/5.0 (Linux; Android 5.1.1; SM-G360T1 Build/LMY47X; wv) AppleWebKit/537.36 (KHTML, like Gecko) Version/4.0 Chrome/51.0.2704.81 Mobile Safari/537.36" "www.saveaslave.com"
73.79.229.6 - - [03/Jul/2016:18:26:46 -0700] "GET /favicon.ico HTTP/1.1" 404 89 "-" "Kik/10.9.0.7462 (Android 5.1.1) Mozilla/5.0 (Linux; Android 5.1.1; SM-G360T1 Build/LMY47X; wv) AppleWebKit/537.36 (KHTML, like Gecko) Version/4.0 Chrome/51.0.2704.81 Mobile Safari/537.36" "www.saveaslave.com"
108.55.79.240 - - [03/Jul/2016:18:27:42 -0700] "GET /css/bootstrap.min.css HTTP/1.1" 200 123578 "http://www.saveaslave.com/" "Kik/10.7.0.6811 (Android 4.4.2) Mozilla/5.0 (Linux; Android 4.4.2; C6730 Build/KVT49L) AppleWebKit/537.36 (KHTML, like Gecko) Version/4.0 Chrome/30.0.0.0 Mobile Safari/537.36" "www.saveaslave.com"
108.55.79.240 - - [03/Jul/2016:18:27:42 -0700] "GET /gajaxscroller.js HTTP/1.1" 200 9774 "http://www.saveaslave.com/" "Kik/10.7.0.6811 (Android 4.4.2) Mozilla/5.0 (Linux; Android 4.4.2; C6730 Build/KVT49L) AppleWebKit/537.36 (KHTML, like Gecko) Version/4.0 Chrome/30.0.0.0 Mobile Safari/537.36" "www.saveaslave.com"
108.55.79.240 - - [03/Jul/2016:18:30:08 -0700] "GET /assets/js/ie-emulation-modes-warning.js HTTP/1.0" 200 2130 "http://www.saveaslave.com/" "Kik/10.7.0.6811 (Android 4.4.2) Mozilla/5.0 (Linux; Android 4.4.2; C6730 Build/KVT49L) AppleWebKit/537.36 (KHTML, like Gecko) Version/4.0 Chrome/30.0.0.0 Mobile Safari/537.36" "www.saveaslave.com"
123.125.71.45 - - [03/Jul/2016:18:44:15 -0700] "GET /robots.txt HTTP/1.1" 200 48 "-" "Mozilla/5.0 (compatible; Baiduspider/2.0; +http://www.baidu.com/search/spider.html)" "saveaslave.com"
141.8.143.203 - - [03/Jul/2016:18:54:37 -0700] "GET /www.usdoj.gov HTTP/1.1" 404 89 "-" "Mozilla/5.0 (compatible; YandexBot/3.0; +http://yandex.com/bots)" "saveaslave.com"
123.125.68.186 - - [03/Jul/2016:18:57:34 -0700] "GET /robots.txt HTTP/1.1" 200 48 "-" "Mozilla/5.0 (Windows NT 10.0; WOW64) AppleWebKit/537.36 (KHTML, like Gecko) Chrome/45.0.2454.93 Safari/537.36" "www.saveaslave.com"
208.115.113.86 - - [03/Jul/2016:19:47:29 -0700] "GET /robots.txt HTTP/1.1" 200 48 "-" "Mozilla/5.0 (compatible; DotBot/1.1; http://www.opensiteexplorer.org/dotbot, help@moz.com)" "www.saveaslave.com"
65.36.241.48 - - [03/Jul/2016:19:56:36 -0700] "HEAD / HTTP/1.0" 500 0 "-" "InternetSeer.com" "www.saveaslave.com"
65.36.241.48 - - [03/Jul/2016:20:14:52 -0700] "GET / HTTP/1.1" 200 89069 "-" "InternetSeer.com" "www.saveaslave.com"
52.3.105.23 - - [03/Jul/2016:20:15:16 -0700] "GET /robots.txt HTTP/1.1" 200 48 "-" "ltx71 - (http://ltx71.com/)" "www.saveaslave.com"
157.55.39.237 - - [03/Jul/2016:20:41:04 -0700] "GET /papua-new-guinea.html HTTP/1.1" 404 89 "-" "Mozilla/5.0 (compatible; bingbot/2.0; +http://www.bing.com/bingbot.htm)" "saveaslave.com"
76.29.80.211 - - [03/Jul/2016:20:48:10 -0700] "GET /?Itemid=1 HTTP/1.1" 200 89069 "-" "Mozilla/5.0 (compatible; MJ12bot/v1.4.5; http://www.majestic12.co.uk/bot.php?+)" "saveaslave.com"
164.132.161.81 - - [03/Jul/2016:21:24:40 -0700] "GET /www.nhmc.org HTTP/1.1" 404 89 "-" "Mozilla/5.0 (compatible; AhrefsBot/5.1; +http://ahrefs.com/robot/)" "www.saveaslave.com"
65.36.241.48 - - [03/Jul/2016:21:33:44 -0700] "HEAD / HTTP/1.1" 200 0 "-" "InternetSeer.com" "www.saveaslave.com"
151.80.31.171 - - [03/Jul/2016:21:45:56 -0700] "GET /kiribati.html HTTP/1.1" 404 89 "-" "Mozilla/5.0 (compatible; AhrefsBot/5.1; +http://ahrefs.com/robot/)" "www.saveaslave.com"
167.114.233.118 - - [03/Jul/2016:21:49:13 -0700] "GET / HTTP/1.1" 200 89069 "-" "Mozilla/5.0 (Windows NT 10.0; Win64; x64; rv:45.0) Gecko/20100101 Firefox/45.0" "www.saveaslave.com"
54.86.110.231 - - [03/Jul/2016:21:59:22 -0700] "GET / HTTP/1.1" 200 89069 "-" "Mozilla/5.0 (compatible; linkdexbot/2.0; +http://www.linkdex.com/bots/)" "saveaslave.com"
208.115.113.94 - - [03/Jul/2016:22:39:21 -0700] "GET /robots.txt HTTP/1.1" 200 48 "-" "Mozilla/5.0 (compatible; DotBot/1.1; http://www.opensiteexplorer.org/dotbot, help@moz.com)" "www.saveaslave.com"
208.115.113.94 - - [03/Jul/2016:22:39:21 -0700] "GET /robots.txt HTTP/1.1" 200 48 "-" "Mozilla/5.0 (compatible; DotBot/1.1; http://www.opensiteexplorer.org/dotbot, help@moz.com)" "saveaslave.com"
65.36.241.48 - - [03/Jul/2016:22:54:08 -0700] "HEAD / HTTP/1.1" 200 0 "-" "InternetSeer.com" "www.saveaslave.com"
65.36.241.48 - - [03/Jul/2016:23:01:03 -0700] "HEAD /?tpl=references&Itemid=3 HTTP/1.1" 200 0 "-" "InternetSeer.com" "www.saveaslave.com"[1]
5.9.87.111 - - [03/Jul/2016:23:49:19 -0700] "GET /help.php HTTP/1.1" 200 52768 "-" "Mozilla/5.0 (compatible; MJ12bot/v1.4.5; http://www.majestic12.co.uk/bot.php?+)" "saveaslave.com"
5.9.87.111 - - [03/Jul/2016:23:49:22 -0700] "GET /index.php HTTP/1.1" 200 89069 "-" "Mozilla/5.0 (compatible; MJ12bot/v1.4.5; http://www.majestic12.co.uk/bot.php?+)" "saveaslave.com"[0]
141.8.143.176 - - [03/Jul/2016:23:54:27 -0700] "GET /photos/logo_church.jpg HTTP/1.1" 404 89 "-" "Mozilla/5.0 (compatible; YandexImages/3.0; +http://yandex.com/bots)" "saveaslave.com"
180.76.15.144 - - [03/Jul/2016:23:59:02 -0700] "GET / HTTP/1.1" 200 89069 "-" "Mozilla/5.0 (compatible; Baiduspider/2.0; +http://www.baidu.com/search/spider.html)" "www.saveaslave.com"
54.173.19.6 - - [04/Jul/2016:00:21:33 -0700] "GET / HTTP/1.1" 200 89069 "-" "Mozilla/5.0 (compatible; linkdexbot/2.0; +http://www.linkdex.com/bots/)" "saveaslave.com"
61.135.189.101 - - [04/Jul/2016:00:41:08 -0700] "GET / HTTP/1.1" 200 89069 "-" "Sogou web spider/4.0(+http://www.sogou.com/docs/help/webmasters.htm#07)" "www.saveaslave.com"[2]
208.115.113.94 - - [04/Jul/2016:00:43:16 -0700] "GET /robots.txt HTTP/1.1" 200 48 "-" "Mozilla/5.0 (compatible; DotBot/1.1; http://www.opensiteexplorer.org/dotbot, help@moz.com)" "saveaslave.com"
158.69.214.11 - - [04/Jul/2016:01:25:44 -0700] "GET /robots.txt HTTP/1.1" 200 48 "-" "Mozilla/5.0 (compatible; MJ12bot/v1.4.5; http://www.majestic12.co.uk/bot.php?+)" "www.saveaslave.com"
158.69.214.11 - - [04/Jul/2016:01:25:48 -0700] "GET /listlink.php HTTP/1.1" 200 31236 "-" "Mozilla/5.0 (compatible; MJ12bot/v1.4.5; http://www.majestic12.co.uk/bot.php?+)" "www.saveaslave.com"[2]
65.36.241.48 - - [04/Jul/2016:01:49:19 -0700] "HEAD / HTTP/1.1" 200 0 "-" "InternetSeer.com" "www.saveaslave.com"
151.80.31.180 - - [04/Jul/2016:01:51:37 -0700] "GET /norway.html HTTP/1.1" 404 89 "-" "Mozilla/5.0 (compatible; AhrefsBot/5.1; +http://ahrefs.com/robot/)" "saveaslave.com"
61.135.189.101 - - [04/Jul/2016:01:58:23 -0700] "GET /robots.txt HTTP/1.1" 200 48 "-" "Sogou web spider/4.0(+http://www.sogou.com/docs/help/webmasters.htm#07)" "saveaslave.com"[0]
61.135.189.101 - - [04/Jul/2016:01:58:24 -0700] "GET / HTTP/1.1" 200 89069 "-" "Sogou web spider/4.0(+http://www.sogou.com/docs/help/webmasters.htm#07)" "saveaslave.com"[2]
208.115.113.94 - - [04/Jul/2016:02:00:17 -0700] "GET /article.php?id=46 HTTP/1.1" 200 49307 "-" "Mozilla/5.0 (compatible; DotBot/1.1; http://www.opensiteexplorer.org/dotbot, help@moz.com)" "saveaslave.com"[1]
92.238.226.245 - - [04/Jul/2016:02:13:11 -0700] "GET /robots.txt HTTP/1.1" 200 48 "-" "Mozilla/5.0 (compatible; MJ12bot/v1.4.5; http://www.majestic12.co.uk/bot.php?+)" "www.saveaslave.com"
92.238.226.245 - - [04/Jul/2016:02:13:13 -0700] "GET /?tpl=contact&Itemid=6 HTTP/1.1" 200 89069 "-" "Mozilla/5.0 (compatible; MJ12bot/v1.4.5; http://www.majestic12.co.uk/bot.php?+)" "www.saveaslave.com"[1]
92.238.226.245 - - [04/Jul/2016:02:13:15 -0700] "GET /article.php?id=46 HTTP/1.1" 200 49307 "-" "Mozilla/5.0 (compatible; MJ12bot/v1.4.5; http://www.majestic12.co.uk/bot.php?+)" "www.saveaslave.com"[0]
220.181.108.110 - - [04/Jul/2016:02:14:23 -0700] "GET /in-russian.php?lang=ru HTTP/1.1" 200 92389 "-" "Mozilla/5.0 (compatible; Baiduspider/2.0; +http://www.baidu.com/search/spider.html)" "www.saveaslave.com"
66.249.69.175 - - [04/Jul/2016:02:19:13 -0700] "GET /azerbaijan HTTP/1.1" 404 89 "-" "Mozilla/5.0 (Linux; Android 6.0.1; Nexus 5X Build/MMB29P) AppleWebKit/537.36 (KHTML, like Gecko) Chrome/41.0.2272.96 Mobile Safari/537.36 (compatible; Googlebot/2.1; +http://www.google.com/bot.html)" "www.saveaslave.com"[0]
208.115.113.94 - - [04/Jul/2016:02:37:26 -0700] "GET /robots.txt HTTP/1.1" 200 48 "-" "Mozilla/5.0 (compatible; DotBot/1.1; http://www.opensiteexplorer.org/dotbot, help@moz.com)" "saveaslave.com"
208.115.113.94 - - [04/Jul/2016:02:37:26 -0700] "GET /robots.txt HTTP/1.1" 200 48 "-" "Mozilla/5.0 (compatible; DotBot/1.1; http://www.opensiteexplorer.org/dotbot, help@moz.com)" "www.saveaslave.com"
51.255.65.4 - - [04/Jul/2016:03:18:11 -0700] "GET /libya.html HTTP/1.1" 404 89 "-" "Mozilla/5.0 (compatible; AhrefsBot/5.1; +http://ahrefs.com/robot/)" "saveaslave.com"
65.36.241.48 - - [04/Jul/2016:03:18:13 -0700] "HEAD / HTTP/1.1" 200 0 "-" "InternetSeer.com" "www.saveaslave.com"
151.80.31.109 - - [04/Jul/2016:03:23:07 -0700] "GET /timor-leste.html HTTP/1.1" 404 89 "-" "Mozilla/5.0 (compatible; AhrefsBot/5.1; +http://ahrefs.com/robot/)" "www.saveaslave.com"
208.115.113.86 - - [04/Jul/2016:03:43:31 -0700] "GET /robots.txt HTTP/1.1" 200 48 "-" "Mozilla/5.0 (compatible; DotBot/1.1; http://www.opensiteexplorer.org/dotbot, help@moz.com)" "saveaslave.com"
208.115.113.94 - - [04/Jul/2016:03:50:11 -0700] "GET /article.php?id=98 HTTP/1.1" 200 776 "-" "Mozilla/5.0 (compatible; DotBot/1.1; http://www.opensiteexplorer.org/dotbot, help@moz.com)" "www.saveaslave.com"
208.115.113.94 - - [04/Jul/2016:03:54:58 -0700] "GET /article.php?id=1 HTTP/1.1" 200 44914 "-" "Mozilla/5.0 (compatible; DotBot/1.1; http://www.opensiteexplorer.org/dotbot, help@moz.com)" "saveaslave.com"
157.55.39.226 - - [04/Jul/2016:04:25:17 -0700] "GET /robots.txt HTTP/1.1" 200 48 "-" "Mozilla/5.0 (compatible; bingbot/2.0; +http://www.bing.com/bingbot.htm)" "www.saveaslave.com"
46.118.159.221 - - [04/Jul/2016:05:22:13 -0700] "GET / HTTP/1.1" 200 89033 "http://elvel.com.ua/" "Opera/9.00 (Windows NT 5.1; U; en)" "www.saveaslave.com"
208.115.113.86 - - [04/Jul/2016:05:41:05 -0700] "GET /robots.txt HTTP/1.1" 200 48 "-" "Mozilla/5.0 (compatible; DotBot/1.1; http://www.opensiteexplorer.org/dotbot, help@moz.com)" "saveaslave.com"
69.63.188.200 - - [04/Jul/2016:05:48:15 -0700] "GET /images/cover1.jpg HTTP/1.1" 200 253658 "-" "facebookexternalhit/1.1 (+http://www.facebook.com/externalhit_uatext.php)" "saveaslave.com"
5.255.250.70 - - [04/Jul/2016:06:27:16 -0700] "GET /robots.txt HTTP/1.1" 200 48 "-" "Mozilla/5.0 (compatible; YandexBot/3.0; +http://yandex.com/bots)" "saveaslave.com"
100.43.81.153 - - [04/Jul/2016:06:27:20 -0700] "GET /news5.php HTTP/1.1" 200 73 "-" "Mozilla/5.0 (compatible; YandexBot/3.0; +http://yandex.com/bots)" "saveaslave.com"
54.172.245.218 - - [04/Jul/2016:06:29:12 -0700] "GET / HTTP/1.1" 200 89069 "-" "Mozilla/5.0 (compatible; linkdexbot/2.0; +http://www.linkdex.com/bots/)" "saveaslave.com"
65.36.241.48 - - [04/Jul/2016:06:42:54 -0700] "HEAD / HTTP/1.1" 200 0 "-" "InternetSeer.com" "www.saveaslave.com"
46.183.222.33 - - [04/Jul/2016:06:51:09 -0700] "GET /article.php?id=114'A=0 HTTP/1.1" 200 43900 "http://saveaslave.com/article.php?id=114'A=0" "Mozilla/5.0 (Windows; U; Windows NT 5.1; pt-PT; rv:1.9.1.2) Gecko/20090729 Firefox/3.5.2 (.NET CLR 3.5.30729)" "saveaslave.com"[1]
51.255.65.95 - - [04/Jul/2016:07:34:03 -0700] "GET /jamaica.html HTTP/1.1" 404 89 "-" "Mozilla/5.0 (compatible; AhrefsBot/5.1; +http://ahrefs.com/robot/)" "www.saveaslave.com"[0]
164.132.161.81 - - [04/Jul/2016:07:34:36 -0700] "GET /trinidad-tobago.html HTTP/1.1" 404 89 "-" "Mozilla/5.0 (compatible; AhrefsBot/5.1; +http://ahrefs.com/robot/)" "saveaslave.com"
107.151.136.202 - - [04/Jul/2016:07:56:08 -0700] "GET /addarticle.php HTTP/1.1" 200 13718 "http://saveaslave.com" "Mozilla/5.0 (Windows NT 6.3) AppleWebKit/537.36 (KHTML, like Gecko) Chrome/39.0.2171.95 Safari/537.36" "saveaslave.com"[0]
141.8.143.194 - - [04/Jul/2016:07:59:02 -0700] "GET /images/supporters/anti-slavery.gif HTTP/1.1" 200 4774 "-" "Mozilla/5.0 (compatible; YandexImages/3.0; +http://yandex.com/bots)" "saveaslave.com"
151.80.31.183 - - [04/Jul/2016:08:28:53 -0700] "GET /www.dss.ca.gov HTTP/1.1" 404 89 "-" "Mozilla/5.0 (compatible; AhrefsBot/5.1; +http://ahrefs.com/robot/)" "www.saveaslave.com"
69.130.66.165 - - [04/Jul/2016:08:36:39 -0700] "GET /images/article5.jpg HTTP/1.1" 200 14497 "https://www.google.com/" "Mozilla/5.0 (Windows NT 6.3; WOW64) AppleWebKit/537.36 (KHTML, like Gecko) Chrome/51.0.2704.103 Safari/537.36" "www.saveaslave.com"
208.115.113.94 - - [04/Jul/2016:08:37:20 -0700] "GET /robots.txt HTTP/1.1" 200 48 "-" "Mozilla/5.0 (compatible; DotBot/1.1; http://www.opensiteexplorer.org/dotbot, help@moz.com)" "saveaslave.com"
68.56.210.53 - - [04/Jul/2016:08:41:51 -0700] "GET /assets/js/ie-emulation-modes-warning.js HTTP/1.1" 200 2130 "http://saveaslave.com/" "Mozilla/5.0 (iPhone; CPU iPhone OS 9_3_2 like Mac OS X) AppleWebKit/601.1.46 (KHTML, like Gecko) Mobile/13F69 Twitter for iPhone" "saveaslave.com"
68.56.210.53 - - [04/Jul/2016:08:41:51 -0700] "GET /css/style.css HTTP/1.1" 200 7938 "http://saveaslave.com/" "Mozilla/5.0 (iPhone; CPU iPhone OS 9_3_2 like Mac OS X) AppleWebKit/601.1.46 (KHTML, like Gecko) Mobile/13F69 Twitter for iPhone" "saveaslave.com"
68.56.210.53 - - [04/Jul/2016:08:41:51 -0700] "GET /images/social2.png HTTP/1.1" 200 1752 "http://saveaslave.com/" "Mozilla/5.0 (iPhone; CPU iPhone OS 9_3_2 like Mac OS X) AppleWebKit/601.1.46 (KHTML, like Gecko) Mobile/13F69 Twitter for iPhone" "saveaslave.com"
68.56.210.53 - - [04/Jul/2016:08:41:51 -0700] "GET /images/article/s1_dety_beg_d9954.jpg HTTP/1.1" 200 16968 "http://saveaslave.com/" "Mozilla/5.0 (iPhone; CPU iPhone OS 9_3_2 like Mac OS X) AppleWebKit/601.1.46 (KHTML, like Gecko) Mobile/13F69 Twitter for iPhone" "saveaslave.com"
68.56.210.53 - - [04/Jul/2016:08:41:51 -0700] "GET /images/article/suspects.jpg HTTP/1.1" 200 58796 "http://saveaslave.com/" "Mozilla/5.0 (iPhone; CPU iPhone OS 9_3_2 like Mac OS X) AppleWebKit/601.1.46 (KHTML, like Gecko) Mobile/13F69 Twitter for iPhone" "saveaslave.com"
208.115.113.86 - - [04/Jul/2016:09:13:49 -0700] "GET /article.php?id=12 HTTP/1.1" 200 49602 "-" "Mozilla/5.0 (compatible; DotBot/1.1; http://www.opensiteexplorer.org/dotbot, help@moz.com)" "saveaslave.com"[1]
220.181.51.110 - - [04/Jul/2016:09:15:35 -0700] "GET / HTTP/1.1" 200 89069 "-" "Mozilla/5.0 (Windows NT 10.0; WOW64) AppleWebKit/537.36 (KHTML, like Gecko) Chrome/45.0.2454.93 Safari/537.36" "www.saveaslave.com"
220.181.51.102 - - [04/Jul/2016:09:26:07 -0700] "GET / HTTP/1.1" 200 89069 "-" "Mozilla/5.0 (Windows NT 10.0; WOW64) AppleWebKit/537.36 (KHTML, like Gecko) Chrome/45.0.2454.93 Safari/537.36" "www.saveaslave.com"
188.4.44.43 - - [04/Jul/2016:09:40:02 -0700] "GET / HTTP/1.1" 200 89033 "http://www.pandora-volunteer-box.org/" "Mozilla/5.0 (Windows NT 10.0; WOW64) AppleWebKit/537.36 (KHTML, like Gecko) Chrome/51.0.2704.103 Safari/537.36" "www.saveaslave.com"
188.4.44.43 - - [04/Jul/2016:09:40:03 -0700] "GET /css/elements.css HTTP/1.1" 200 17857 "http://www.saveaslave.com/" "Mozilla/5.0 (Windows NT 10.0; WOW64) AppleWebKit/537.36 (KHTML, like Gecko) Chrome/51.0.2704.103 Safari/537.36" "www.saveaslave.com"
188.4.44.43 - - [04/Jul/2016:09:40:03 -0700] "GET /css/bootstrap.min.css HTTP/1.1" 200 123578 "http://www.saveaslave.com/" "Mozilla/5.0 (Windows NT 10.0; WOW64) AppleWebKit/537.36 (KHTML, like Gecko) Chrome/51.0.2704.103 Safari/537.36" "www.saveaslave.com"
188.4.44.43 - - [04/Jul/2016:09:40:03 -0700] "GET /assets/js/ie-emulation-modes-warning.js HTTP/1.1" 200 2130 "http://www.saveaslave.com/" "Mozilla/5.0 (Windows NT 10.0; WOW64) AppleWebKit/537.36 (KHTML, like Gecko) Chrome/51.0.2704.103 Safari/537.36" "www.saveaslave.com"
188.4.44.43 - - [04/Jul/2016:09:40:03 -0700] "GET /css/style.css HTTP/1.1" 200 7938 "http://www.saveaslave.com/" "Mozilla/5.0 (Windows NT 10.0; WOW64) AppleWebKit/537.36 (KHTML, like Gecko) Chrome/51.0.2704.103 Safari/537.36" "www.saveaslave.com"[0]
188.4.44.43 - - [04/Jul/2016:09:40:03 -0700] "GET /gfeedfetcher.js HTTP/1.1" 200 9018 "http://www.saveaslave.com/" "Mozilla/5.0 (Windows NT 10.0; WOW64) AppleWebKit/537.36 (KHTML, like Gecko) Chrome/51.0.2704.103 Safari/537.36" "www.saveaslave.com"[0]
188.4.44.43 - - [04/Jul/2016:09:40:03 -0700] "GET /images/logo2.png HTTP/1.1" 200 18525 "http://www.saveaslave.com/" "Mozilla/5.0 (Windows NT 10.0; WOW64) AppleWebKit/537.36 (KHTML, like Gecko) Chrome/51.0.2704.103 Safari/537.36" "www.saveaslave.com"
188.4.44.43 - - [04/Jul/2016:09:40:04 -0700] "GET /css/style-pages.css HTTP/1.1" 200 9894 "http://www.saveaslave.com/" "Mozilla/5.0 (Windows NT 10.0; WOW64) AppleWebKit/537.36 (KHTML, like Gecko) Chrome/51.0.2704.103 Safari/537.36" "www.saveaslave.com"
188.4.44.43 - - [04/Jul/2016:09:40:04 -0700] "GET /images/cover1.jpg HTTP/1.1" 200 253658 "http://www.saveaslave.com/" "Mozilla/5.0 (Windows NT 10.0; WOW64) AppleWebKit/537.36 (KHTML, like Gecko) Chrome/51.0.2704.103 Safari/537.36" "www.saveaslave.com"
188.4.44.43 - - [04/Jul/2016:09:40:05 -0700] "GET /images/article/end_it.jpg HTTP/1.1" 200 33676 "http://www.saveaslave.com/" "Mozilla/5.0 (Windows NT 10.0; WOW64) AppleWebKit/537.36 (KHTML, like Gecko) Chrome/51.0.2704.103 Safari/537.36" "www.saveaslave.com"
188.4.44.43 - - [04/Jul/2016:09:40:05 -0700] "GET /images/article/s1_dety_beg_d9954.jpg HTTP/1.1" 200 16968 "http://www.saveaslave.com/" "Mozilla/5.0 (Windows NT 10.0; WOW64) AppleWebKit/537.36 (KHTML, like Gecko) Chrome/51.0.2704.103 Safari/537.36" "www.saveaslave.com"
188.4.44.43 - - [04/Jul/2016:09:40:05 -0700] "GET /images/social1.png HTTP/1.1" 200 2012 "http://www.saveaslave.com/" "Mozilla/5.0 (Windows NT 10.0; WOW64) AppleWebKit/537.36 (KHTML, like Gecko) Chrome/51.0.2704.103 Safari/537.36" "www.saveaslave.com"
188.4.44.43 - - [04/Jul/2016:09:40:05 -0700] "GET /images/article/suspects.jpg HTTP/1.1" 200 58796 "http://www.saveaslave.com/" "Mozilla/5.0 (Windows NT 10.0; WOW64) AppleWebKit/537.36 (KHTML, like Gecko) Chrome/51.0.2704.103 Safari/537.36" "www.saveaslave.com"
188.4.44.43 - - [04/Jul/2016:09:40:05 -0700] "GET /images/top.jpg HTTP/1.1" 200 50519 "http://www.saveaslave.com/" "Mozilla/5.0 (Windows NT 10.0; WOW64) AppleWebKit/537.36 (KHTML, like Gecko) Chrome/51.0.2704.103 Safari/537.36" "www.saveaslave.com"
188.4.44.43 - - [04/Jul/2016:09:40:05 -0700] "GET /addarticle.php HTTP/1.1" 200 13682 "http://www.saveaslave.com/" "Mozilla/5.0 (Windows NT 10.0; WOW64) AppleWebKit/537.36 (KHTML, like Gecko) Chrome/51.0.2704.103 Safari/537.36" "www.saveaslave.com"
188.4.44.43 - - [04/Jul/2016:09:40:06 -0700] "GET /images/select-arrow.png HTTP/1.1" 200 1118 "http://www.saveaslave.com/css/style.css" "Mozilla/5.0 (Windows NT 10.0; WOW64) AppleWebKit/537.36 (KHTML, like Gecko) Chrome/51.0.2704.103 Safari/537.36" "www.saveaslave.com"
188.4.44.43 - - [04/Jul/2016:09:40:06 -0700] "GET /images/social2.png HTTP/1.1" 200 1752 "http://www.saveaslave.com/" "Mozilla/5.0 (Windows NT 10.0; WOW64) AppleWebKit/537.36 (KHTML, like Gecko) Chrome/51.0.2704.103 Safari/537.36" "www.saveaslave.com"
188.4.44.43 - - [04/Jul/2016:09:40:06 -0700] "GET /images/social3.png HTTP/1.1" 200 4343 "http://www.saveaslave.com/" "Mozilla/5.0 (Windows NT 10.0; WOW64) AppleWebKit/537.36 (KHTML, like Gecko) Chrome/51.0.2704.103 Safari/537.36" "www.saveaslave.com"
188.4.44.43 - - [04/Jul/2016:09:40:06 -0700] "GET /css/down-arrow.png HTTP/1.1" 404 89 "http://www.saveaslave.com/css/elements.css" "Mozilla/5.0 (Windows NT 10.0; WOW64) AppleWebKit/537.36 (KHTML, like Gecko) Chrome/51.0.2704.103 Safari/537.36" "www.saveaslave.com"
188.4.44.43 - - [04/Jul/2016:09:40:06 -0700] "GET /indicator.gif HTTP/1.1" 200 878 "http://www.saveaslave.com/" "Mozilla/5.0 (Windows NT 10.0; WOW64) AppleWebKit/537.36 (KHTML, like Gecko) Chrome/51.0.2704.103 Safari/537.36" "www.saveaslave.com"
69.63.188.211 - - [04/Jul/2016:10:02:14 -0700] "GET /images/cover1.jpg HTTP/1.1" 200 253658 "-" "facebookexternalhit/1.1 (+http://www.facebook.com/externalhit_uatext.php)" "saveaslave.com"
65.36.241.48 - - [04/Jul/2016:10:08:48 -0700] "HEAD / HTTP/1.1" 200 0 "-" "InternetSeer.com" "www.saveaslave.com"
164.132.161.26 - - [04/Jul/2016:10:28:42 -0700] "GET /niger.html HTTP/1.1" 404 89 "-" "Mozilla/5.0 (compatible; AhrefsBot/5.1; +http://ahrefs.com/robot/)" "www.saveaslave.com"
157.55.39.233 - - [04/Jul/2016:10:38:08 -0700] "GET /robots.txt HTTP/1.1" 200 48 "-" "Mozilla/5.0 (compatible; bingbot/2.0; +http://www.bing.com/bingbot.htm)" "saveaslave.com"
