124.171.162.17 - - [07/Jan/2017:00:07:55 -0800] "GET /gajaxscroller.js HTTP/1.1" 200 9774 "http://saveaslave.com/" "Mozilla/5.0 (Windows NT 10.0; Win64; x64) AppleWebKit/537.36 (KHTML, like Gecko) Chrome/55.0.2883.87 Safari/537.36" "saveaslave.com"
124.171.162.17 - - [07/Jan/2017:00:07:56 -0800] "GET /css/style-pages.css HTTP/1.1" 200 9894 "http://saveaslave.com/" "Mozilla/5.0 (Windows NT 10.0; Win64; x64) AppleWebKit/537.36 (KHTML, like Gecko) Chrome/55.0.2883.87 Safari/537.36" "saveaslave.com"
124.171.162.17 - - [07/Jan/2017:00:07:57 -0800] "GET /images/logo2.png HTTP/1.1" 200 18525 "http://saveaslave.com/" "Mozilla/5.0 (Windows NT 10.0; Win64; x64) AppleWebKit/537.36 (KHTML, like Gecko) Chrome/55.0.2883.87 Safari/537.36" "saveaslave.com"
124.171.162.17 - - [07/Jan/2017:00:07:57 -0800] "GET /images/social1.png HTTP/1.1" 200 2012 "http://saveaslave.com/" "Mozilla/5.0 (Windows NT 10.0; Win64; x64) AppleWebKit/537.36 (KHTML, like Gecko) Chrome/55.0.2883.87 Safari/537.36" "saveaslave.com"
124.171.162.17 - - [07/Jan/2017:00:07:57 -0800] "GET /images/social3.png HTTP/1.1" 200 4343 "http://saveaslave.com/" "Mozilla/5.0 (Windows NT 10.0; Win64; x64) AppleWebKit/537.36 (KHTML, like Gecko) Chrome/55.0.2883.87 Safari/537.36" "saveaslave.com"
124.171.162.17 - - [07/Jan/2017:00:07:57 -0800] "GET /addarticle.php HTTP/1.1" 200 13761 "http://saveaslave.com/" "Mozilla/5.0 (Windows NT 10.0; Win64; x64) AppleWebKit/537.36 (KHTML, like Gecko) Chrome/55.0.2883.87 Safari/537.36" "saveaslave.com"[0]
124.171.162.17 - - [07/Jan/2017:00:07:57 -0800] "GET /images/select-arrow.png HTTP/1.1" 200 1118 "http://saveaslave.com/css/style.css" "Mozilla/5.0 (Windows NT 10.0; Win64; x64) AppleWebKit/537.36 (KHTML, like Gecko) Chrome/55.0.2883.87 Safari/537.36" "saveaslave.com"
124.171.162.17 - - [07/Jan/2017:00:07:58 -0800] "GET /images/social2.png HTTP/1.1" 200 1752 "http://saveaslave.com/" "Mozilla/5.0 (Windows NT 10.0; Win64; x64) AppleWebKit/537.36 (KHTML, like Gecko) Chrome/55.0.2883.87 Safari/537.36" "saveaslave.com"
124.171.162.17 - - [07/Jan/2017:00:07:58 -0800] "GET /images/article/s1_dety_beg_d9954.jpg HTTP/1.1" 200 16968 "http://saveaslave.com/" "Mozilla/5.0 (Windows NT 10.0; Win64; x64) AppleWebKit/537.36 (KHTML, like Gecko) Chrome/55.0.2883.87 Safari/537.36" "saveaslave.com"
124.171.162.17 - - [07/Jan/2017:00:07:58 -0800] "GET /images/tripit_icon_thumb_flat.png HTTP/1.1" 200 5795 "http://saveaslave.com/" "Mozilla/5.0 (Windows NT 10.0; Win64; x64) AppleWebKit/537.36 (KHTML, like Gecko) Chrome/55.0.2883.87 Safari/537.36" "saveaslave.com"
124.171.162.17 - - [07/Jan/2017:00:07:58 -0800] "GET /images/article/suspects.jpg HTTP/1.1" 200 58796 "http://saveaslave.com/" "Mozilla/5.0 (Windows NT 10.0; Win64; x64) AppleWebKit/537.36 (KHTML, like Gecko) Chrome/55.0.2883.87 Safari/537.36" "saveaslave.com"
124.171.162.17 - - [07/Jan/2017:00:07:58 -0800] "GET /indicator.gif HTTP/1.1" 200 878 "http://saveaslave.com/" "Mozilla/5.0 (Windows NT 10.0; Win64; x64) AppleWebKit/537.36 (KHTML, like Gecko) Chrome/55.0.2883.87 Safari/537.36" "saveaslave.com"
124.171.162.17 - - [07/Jan/2017:00:07:58 -0800] "GET /css/down-arrow.png HTTP/1.1" 404 89 "http://saveaslave.com/css/elements.css" "Mozilla/5.0 (Windows NT 10.0; Win64; x64) AppleWebKit/537.36 (KHTML, like Gecko) Chrome/55.0.2883.87 Safari/537.36" "saveaslave.com"
124.171.162.17 - - [07/Jan/2017:00:08:04 -0800] "GET /favicon.ico HTTP/1.1" 404 89 "http://saveaslave.com/" "Mozilla/5.0 (Windows NT 10.0; Win64; x64) AppleWebKit/537.36 (KHTML, like Gecko) Chrome/55.0.2883.87 Safari/537.36" "saveaslave.com"
124.171.162.17 - - [07/Jan/2017:00:08:04 -0800] "GET /ico/favicon-16x16.png HTTP/1.1" 200 1129 "http://saveaslave.com/" "Mozilla/5.0 (Windows NT 10.0; Win64; x64) AppleWebKit/537.36 (KHTML, like Gecko) Chrome/55.0.2883.87 Safari/537.36" "saveaslave.com"
124.171.162.17 - - [07/Jan/2017:00:08:04 -0800] "GET /ico/favicon-96x96.png HTTP/1.1" 200 4476 "http://saveaslave.com/" "Mozilla/5.0 (Windows NT 10.0; Win64; x64) AppleWebKit/537.36 (KHTML, like Gecko) Chrome/55.0.2883.87 Safari/537.36" "saveaslave.com"
124.171.162.17 - - [07/Jan/2017:00:08:05 -0800] "GET /ico/favicon-32x32.png HTTP/1.1" 200 1892 "http://saveaslave.com/" "Mozilla/5.0 (Windows NT 10.0; Win64; x64) AppleWebKit/537.36 (KHTML, like Gecko) Chrome/55.0.2883.87 Safari/537.36" "saveaslave.com"
124.171.162.17 - - [07/Jan/2017:00:08:14 -0800] "GET /addarticle.php HTTP/1.1" 200 13725 "http://saveaslave.com/country.php?name=Australia&lang=en" "Mozilla/5.0 (Windows NT 10.0; Win64; x64) AppleWebKit/537.36 (KHTML, like Gecko) Chrome/55.0.2883.87 Safari/537.36" "saveaslave.com"
124.171.162.17 - - [07/Jan/2017:00:08:15 -0800] "GET /images/top-1.jpg HTTP/1.1" 200 77341 "http://saveaslave.com/country.php?name=Australia&lang=en" "Mozilla/5.0 (Windows NT 10.0; Win64; x64) AppleWebKit/537.36 (KHTML, like Gecko) Chrome/55.0.2883.87 Safari/537.36" "saveaslave.com"
124.171.162.17 - - [07/Jan/2017:00:08:16 -0800] "GET /css/down-arrow.png HTTP/1.1" 404 89 "http://saveaslave.com/css/elements.css" "Mozilla/5.0 (Windows NT 10.0; Win64; x64) AppleWebKit/537.36 (KHTML, like Gecko) Chrome/55.0.2883.87 Safari/537.36" "saveaslave.com"
65.36.241.48 - - [07/Jan/2017:00:25:25 -0800] "HEAD /?tpl=references&Itemid=3 HTTP/1.1" 200 0 "-" "InternetSeer.com" "www.saveaslave.com"
65.36.241.48 - - [07/Jan/2017:00:37:30 -0800] "HEAD / HTTP/1.1" 200 0 "-" "InternetSeer.com" "www.saveaslave.com"
91.200.12.7 - - [07/Jan/2017:00:44:29 -0800] "GET /help.php HTTP/1.1" 200 53199 "http://www.saveaslave.com/help.php" "Mozilla/5.0 (Windows NT 6.1; WOW64) AppleWebKit/537.36 (KHTML, like Gecko) Chrome/47.0.2526.111 YaBrowser/16.2.0.3539 Safari/537.36" "www.saveaslave.com"
216.244.66.240 - - [07/Jan/2017:00:44:35 -0800] "GET /robots.txt HTTP/1.1" 200 48 "-" "Mozilla/5.0 (compatible; DotBot/1.1; http://www.opensiteexplorer.org/dotbot, help@moz.com)" "saveaslave.com"
216.244.66.230 - - [07/Jan/2017:00:53:11 -0800] "GET /www.dhs.gov HTTP/1.1" 404 89 "-" "Mozilla/5.0 (compatible; DotBot/1.1; http://www.opensiteexplorer.org/dotbot, help@moz.com)" "saveaslave.com"
94.242.246.24 - - [07/Jan/2017:01:14:29 -0800] "GET / HTTP/1.1" 200 91413 "-" "Mozilla/5.0 (Windows NT 10.0; WOW64) AppleWebKit/537.36 (KHTML, like Gecko) Chrome/52.0.2743.116 Safari/537.36" "www.saveaslave.com"
216.244.66.230 - - [07/Jan/2017:01:15:33 -0800] "GET /robots.txt HTTP/1.1" 200 48 "-" "Mozilla/5.0 (compatible; DotBot/1.1; http://www.opensiteexplorer.org/dotbot, help@moz.com)" "www.saveaslave.com"
65.36.241.48 - - [07/Jan/2017:01:56:26 -0800] "HEAD / HTTP/1.1" 200 0 "-" "InternetSeer.com" "www.saveaslave.com"
89.145.95.39 - - [07/Jan/2017:01:56:47 -0800] "GET / HTTP/1.1" 200 91413 "-" "Mozilla/5.0 (compatible; GrapeshotCrawler/2.0; +http://www.grapeshot.co.uk/crawler.php)" "www.saveaslave.com"
180.76.15.142 - - [07/Jan/2017:01:58:45 -0800] "GET / HTTP/1.1" 200 91413 "-" "Mozilla/5.0 (compatible; Baiduspider/2.0; +http://www.baidu.com/search/spider.html)" "www.saveaslave.com"
66.249.75.64 - - [07/Jan/2017:02:13:39 -0800] "GET /site/?m=20120630 HTTP/1.1" 404 89 "-" "Mozilla/5.0 (compatible; Googlebot/2.1; +http://www.google.com/bot.html)" "saveaslave.com"[0]
216.244.66.240 - - [07/Jan/2017:02:14:03 -0800] "GET /robots.txt HTTP/1.1" 200 48 "-" "Mozilla/5.0 (compatible; DotBot/1.1; http://www.opensiteexplorer.org/dotbot, help@moz.com)" "www.saveaslave.com"
216.244.66.230 - - [07/Jan/2017:02:52:43 -0800] "GET /help-advanced.php HTTP/1.1" 200 54600 "-" "Mozilla/5.0 (compatible; DotBot/1.1; http://www.opensiteexplorer.org/dotbot, help@moz.com)" "www.saveaslave.com"[2]
216.244.66.230 - - [07/Jan/2017:03:15:12 -0800] "GET /robots.txt HTTP/1.1" 200 48 "-" "Mozilla/5.0 (compatible; DotBot/1.1; http://www.opensiteexplorer.org/dotbot, help@moz.com)" "saveaslave.com"
216.244.66.240 - - [07/Jan/2017:03:38:49 -0800] "GET /www.covenanthouse.org HTTP/1.1" 404 89 "-" "Mozilla/5.0 (compatible; DotBot/1.1; http://www.opensiteexplorer.org/dotbot, help@moz.com)" "www.saveaslave.com"
216.244.66.240 - - [07/Jan/2017:03:38:50 -0800] "GET /www.pwcsc.org HTTP/1.1" 404 89 "-" "Mozilla/5.0 (compatible; DotBot/1.1; http://www.opensiteexplorer.org/dotbot, help@moz.com)" "www.saveaslave.com"
65.36.241.48 - - [07/Jan/2017:03:39:46 -0800] "HEAD / HTTP/1.1" 200 0 "-" "InternetSeer.com" "www.saveaslave.com"
156.157.0.172 - - [07/Jan/2017:03:44:01 -0800] "GET /images/article/suspects.jpg HTTP/1.1" 200 58796 "https://www.google.com/" "Mozilla/5.0 (Windows NT 5.1; rv:50.0) Gecko/20100101 Firefox/50.0" "www.saveaslave.com"
52.91.208.136 - - [07/Jan/2017:03:56:28 -0800] "GET / HTTP/1.1" 200 91413 "-" "-" "saveaslave.com"
216.244.66.240 - - [07/Jan/2017:04:14:02 -0800] "GET /robots.txt HTTP/1.1" 200 48 "-" "Mozilla/5.0 (compatible; DotBot/1.1; http://www.opensiteexplorer.org/dotbot, help@moz.com)" "saveaslave.com"
91.200.12.141 - - [07/Jan/2017:04:37:57 -0800] "GET /help.php HTTP/1.1" 200 53199 "http://www.saveaslave.com/help.php" "Mozilla/5.0 (Windows NT 6.1; WOW64) AppleWebKit/537.36 (KHTML, like Gecko) Chrome/48.0.2564.82 Safari/537.36 OPR/35.0.2066.37" "www.saveaslave.com"
216.244.66.230 - - [07/Jan/2017:04:40:54 -0800] "GET /article.php?id=112 HTTP/1.1" 200 46872 "-" "Mozilla/5.0 (compatible; DotBot/1.1; http://www.opensiteexplorer.org/dotbot, help@moz.com)" "saveaslave.com"
91.200.12.141 - - [07/Jan/2017:04:53:16 -0800] "GET /help.php HTTP/1.1" 200 53199 "http://www.saveaslave.com/help.php" "Mozilla/5.0 (Windows NT 6.3; WOW64; rv:44.0) Gecko/20100101 Firefox/44.0" "www.saveaslave.com"[1]
163.172.65.8 - - [07/Jan/2017:04:53:29 -0800] "GET /news6.php HTTP/1.1" 200 73 "-" "Mozilla/5.0 (compatible; AhrefsBot/5.2; +http://ahrefs.com/robot/)" "www.saveaslave.com"
167.114.65.240 - - [07/Jan/2017:05:19:41 -0800] "GET /sitemap.xml HTTP/1.1" 200 296 "-" "Mozilla/5.0 (compatible; Dataprovider.com;)" "saveaslave.com"
52.87.225.229 - - [07/Jan/2017:05:32:40 -0800] "GET /robots.txt HTTP/1.1" 200 48 "-" "Mozilla/5.0 (compatible; linkdexbot/2.0; +http://www.linkdex.com/bots/)" "saveaslave.com"
52.87.225.229 - - [07/Jan/2017:05:32:42 -0800] "GET / HTTP/1.1" 200 91413 "-" "Mozilla/5.0 (compatible; linkdexbot/2.0; +http://www.linkdex.com/bots/)" "www.saveaslave.com"
65.36.241.48 - - [07/Jan/2017:05:40:36 -0800] "HEAD / HTTP/1.1" 200 0 "-" "InternetSeer.com" "www.saveaslave.com"
163.172.66.112 - - [07/Jan/2017:05:48:02 -0800] "GET /news1.php HTTP/1.1" 200 73 "-" "Mozilla/5.0 (compatible; AhrefsBot/5.2; +http://ahrefs.com/robot/)" "www.saveaslave.com"[0]
216.244.66.240 - - [07/Jan/2017:05:48:29 -0800] "GET /article.php?id=10 HTTP/1.1" 200 50375 "-" "Mozilla/5.0 (compatible; DotBot/1.1; http://www.opensiteexplorer.org/dotbot, help@moz.com)" "saveaslave.com"
216.244.66.240 - - [07/Jan/2017:06:14:50 -0800] "GET /robots.txt HTTP/1.1" 200 48 "-" "Mozilla/5.0 (compatible; DotBot/1.1; http://www.opensiteexplorer.org/dotbot, help@moz.com)" "www.saveaslave.com"
180.76.15.148 - - [07/Jan/2017:06:40:18 -0800] "GET /images/countrymap/?D=A HTTP/1.1" 200 108895 "-" "Mozilla/5.0 (compatible; Baiduspider/2.0; +http://www.baidu.com/search/spider.html)" "www.saveaslave.com"[1]
54.162.131.168 - - [07/Jan/2017:07:13:31 -0800] "GET / HTTP/1.1" 200 91413 "-" "-" "saveaslave.com"
52.91.208.136 - - [07/Jan/2017:07:13:35 -0800] "GET / HTTP/1.1" 200 91413 "-" "-" "saveaslave.com"
216.244.66.230 - - [07/Jan/2017:07:23:12 -0800] "GET /robots.txt HTTP/1.1" 200 48 "-" "Mozilla/5.0 (compatible; DotBot/1.1; http://www.opensiteexplorer.org/dotbot, help@moz.com)" "saveaslave.com"
65.36.241.48 - - [07/Jan/2017:07:24:09 -0800] "HEAD / HTTP/1.1" 200 0 "-" "InternetSeer.com" "www.saveaslave.com"
106.120.173.111 - - [07/Jan/2017:07:31:10 -0800] "GET /robots.txt HTTP/1.1" 200 48 "-" "Sogou web spider/4.0(+http://www.sogou.com/docs/help/webmasters.htm#07)" "saveaslave.com"
106.120.173.111 - - [07/Jan/2017:07:33:41 -0800] "GET /site/?cat=144 HTTP/1.1" 404 89 "-" "Sogou web spider/4.0(+http://www.sogou.com/docs/help/webmasters.htm#07)" "saveaslave.com"
106.120.173.111 - - [07/Jan/2017:07:34:23 -0800] "GET /site/?cat=158 HTTP/1.1" 404 89 "-" "Sogou web spider/4.0(+http://www.sogou.com/docs/help/webmasters.htm#07)" "saveaslave.com"
163.172.65.187 - - [07/Jan/2017:07:42:25 -0800] "GET /www.opcc.net HTTP/1.1" 404 89 "-" "Mozilla/5.0 (compatible; AhrefsBot/5.2; +http://ahrefs.com/robot/)" "www.saveaslave.com"[0]
216.244.66.240 - - [07/Jan/2017:07:51:17 -0800] "GET /www.fiacfla.org HTTP/1.1" 404 89 "-" "Mozilla/5.0 (compatible; DotBot/1.1; http://www.opensiteexplorer.org/dotbot, help@moz.com)" "www.saveaslave.com"
163.172.65.40 - - [07/Jan/2017:08:29:56 -0800] "GET /angola.html HTTP/1.1" 404 89 "-" "Mozilla/5.0 (compatible; AhrefsBot/5.2; +http://ahrefs.com/robot/)" "www.saveaslave.com"[0]
54.89.191.135 - - [07/Jan/2017:09:06:11 -0800] "GET / HTTP/1.1" 200 91413 "-" "Mozilla/5.0 (compatible; linkdexbot/2.0; +http://www.linkdex.com/bots/)" "saveaslave.com"[2]
65.36.241.48 - - [07/Jan/2017:09:20:55 -0800] "HEAD / HTTP/1.1" 200 0 "-" "InternetSeer.com" "www.saveaslave.com"
220.181.108.120 - - [07/Jan/2017:09:22:32 -0800] "GET /article.php?id=46 HTTP/1.1" 200 50205 "-" "Mozilla/5.0 (compatible; Baiduspider/2.0; +http://www.baidu.com/search/spider.html)" "www.saveaslave.com"[1]
168.235.201.139 - - [07/Jan/2017:10:10:54 -0800] "GET / HTTP/1.1" 200 91377 "http://www.google.co.in/search?hl=en&ie=ISO-8859-1&q=slave.com" "Mozilla/5.0 (Linux; U; Android 4.4.2; en-US; Micromax A104 Build/KOT49H) AppleWebKit/534.30 (KHTML, like Gecko) Version/4.0 UCBrowser/11.0.8.855 U3/0.8.0 Mobile Safari/534.30" "www.saveaslave.com"[3]
168.235.201.139 - - [07/Jan/2017:10:10:54 -0800] "GET /images/top.jpg HTTP/1.1" 200 50519 "http://www.saveaslave.com/" "Mozilla/5.0 (Linux; U; Android 4.4.2; en-US; Micromax A104 Build/KOT49H) AppleWebKit/534.30 (KHTML, like Gecko) Version/4.0 UCBrowser/11.0.8.855 U3/0.8.0 Mobile Safari/534.30" "www.saveaslave.com"
168.235.201.139 - - [07/Jan/2017:10:10:54 -0800] "GET /images/logo2.png HTTP/1.1" 200 18525 "http://www.saveaslave.com/" "Mozilla/5.0 (Linux; U; Android 4.4.2; en-US; Micromax A104 Build/KOT49H) AppleWebKit/534.30 (KHTML, like Gecko) Version/4.0 UCBrowser/11.0.8.855 U3/0.8.0 Mobile Safari/534.30" "www.saveaslave.com"
168.235.201.139 - - [07/Jan/2017:10:10:54 -0800] "GET /css/style.css HTTP/1.1" 200 7938 "http://www.saveaslave.com/" "Mozilla/5.0 (Linux; U; Android 4.4.2; en-US; Micromax A104 Build/KOT49H) AppleWebKit/534.30 (KHTML, like Gecko) Version/4.0 UCBrowser/11.0.8.855 U3/0.8.0 Mobile Safari/534.30" "www.saveaslave.com"
168.235.201.139 - - [07/Jan/2017:10:10:54 -0800] "GET /css/bootstrap.min.css HTTP/1.1" 200 123578 "http://www.saveaslave.com/" "Mozilla/5.0 (Linux; U; Android 4.4.2; en-US; Micromax A104 Build/KOT49H) AppleWebKit/534.30 (KHTML, like Gecko) Version/4.0 UCBrowser/11.0.8.855 U3/0.8.0 Mobile Safari/534.30" "www.saveaslave.com"[0]
168.235.201.139 - - [07/Jan/2017:10:10:54 -0800] "GET /gajaxscroller.js HTTP/1.1" 200 9774 "http://www.saveaslave.com/" "Mozilla/5.0 (Linux; U; Android 4.4.2; en-US; Micromax A104 Build/KOT49H) AppleWebKit/534.30 (KHTML, like Gecko) Version/4.0 UCBrowser/11.0.8.855 U3/0.8.0 Mobile Safari/534.30" "www.saveaslave.com"
168.235.201.139 - - [07/Jan/2017:10:10:54 -0800] "GET /assets/js/ie-emulation-modes-warning.js HTTP/1.1" 200 2130 "http://www.saveaslave.com/" "Mozilla/5.0 (Linux; U; Android 4.4.2; en-US; Micromax A104 Build/KOT49H) AppleWebKit/534.30 (KHTML, like Gecko) Version/4.0 UCBrowser/11.0.8.855 U3/0.8.0 Mobile Safari/534.30" "www.saveaslave.com"
168.235.201.139 - - [07/Jan/2017:10:10:54 -0800] "GET /images/cover1.jpg HTTP/1.1" 200 253658 "http://www.saveaslave.com/" "Mozilla/5.0 (Linux; U; Android 4.4.2; en-US; Micromax A104 Build/KOT49H) AppleWebKit/534.30 (KHTML, like Gecko) Version/4.0 UCBrowser/11.0.8.855 U3/0.8.0 Mobile Safari/534.30" "www.saveaslave.com"
168.235.201.139 - - [07/Jan/2017:10:10:54 -0800] "GET /css/style-pages.css HTTP/1.1" 200 9894 "http://www.saveaslave.com/" "Mozilla/5.0 (Linux; U; Android 4.4.2; en-US; Micromax A104 Build/KOT49H) AppleWebKit/534.30 (KHTML, like Gecko) Version/4.0 UCBrowser/11.0.8.855 U3/0.8.0 Mobile Safari/534.30" "www.saveaslave.com"
168.235.201.139 - - [07/Jan/2017:10:10:54 -0800] "GET /photos/article4.png HTTP/1.1" 404 89 "http://www.saveaslave.com/" "Mozilla/5.0 (Linux; U; Android 4.4.2; en-US; Micromax A104 Build/KOT49H) AppleWebKit/534.30 (KHTML, like Gecko) Version/4.0 UCBrowser/11.0.8.855 U3/0.8.0 Mobile Safari/534.30" "www.saveaslave.com"
168.235.201.139 - - [07/Jan/2017:10:10:54 -0800] "GET /photos/article3a.jpg HTTP/1.1" 404 89 "http://www.saveaslave.com/" "Mozilla/5.0 (Linux; U; Android 4.4.2; en-US; Micromax A104 Build/KOT49H) AppleWebKit/534.30 (KHTML, like Gecko) Version/4.0 UCBrowser/11.0.8.855 U3/0.8.0 Mobile Safari/534.30" "www.saveaslave.com"
168.235.201.139 - - [07/Jan/2017:10:10:54 -0800] "GET /js/bootstrap.min.js HTTP/1.1" 200 37055 "http://www.saveaslave.com/" "Mozilla/5.0 (Linux; U; Android 4.4.2; en-US; Micromax A104 Build/KOT49H) AppleWebKit/534.30 (KHTML, like Gecko) Version/4.0 UCBrowser/11.0.8.855 U3/0.8.0 Mobile Safari/534.30" "www.saveaslave.com"
168.235.201.139 - - [07/Jan/2017:10:10:54 -0800] "GET /images/tripit_icon_thumb_flat.png HTTP/1.1" 200 5795 "http://www.saveaslave.com/" "Mozilla/5.0 (Linux; U; Android 4.4.2; en-US; Micromax A104 Build/KOT49H) AppleWebKit/534.30 (KHTML, like Gecko) Version/4.0 UCBrowser/11.0.8.855 U3/0.8.0 Mobile Safari/534.30" "www.saveaslave.com"
168.235.201.139 - - [07/Jan/2017:10:10:54 -0800] "GET /assets/js/ie10-viewport-bug-workaround.js HTTP/1.1" 200 641 "http://www.saveaslave.com/" "Mozilla/5.0 (Linux; U; Android 4.4.2; en-US; Micromax A104 Build/KOT49H) AppleWebKit/534.30 (KHTML, like Gecko) Version/4.0 UCBrowser/11.0.8.855 U3/0.8.0 Mobile Safari/534.30" "www.saveaslave.com"
168.235.201.139 - - [07/Jan/2017:10:10:54 -0800] "GET /images/social1.png HTTP/1.1" 200 2012 "http://www.saveaslave.com/" "Mozilla/5.0 (Linux; U; Android 4.4.2; en-US; Micromax A104 Build/KOT49H) AppleWebKit/534.30 (KHTML, like Gecko) Version/4.0 UCBrowser/11.0.8.855 U3/0.8.0 Mobile Safari/534.30" "www.saveaslave.com"
47.30.202.15 - - [07/Jan/2017:10:11:29 -0800] "GET /addarticle.php HTTP/1.1" 200 13725 "http://www.saveaslave.com/" "Mozilla/5.0 (Linux; U; Android 4.4.2; en-US; Micromax A104 Build/KOT49H) AppleWebKit/534.30 (KHTML, like Gecko) Version/4.0 UCBrowser/11.0.8.855 U3/0.8.0 Mobile Safari/534.30" "www.saveaslave.com"[1]
65.36.241.48 - - [07/Jan/2017:11:06:04 -0800] "HEAD / HTTP/1.1" 200 0 "-" "InternetSeer.com" "www.saveaslave.com"
216.244.66.230 - - [07/Jan/2017:11:21:09 -0800] "GET /robots.txt HTTP/1.1" 200 48 "-" "Mozilla/5.0 (compatible; DotBot/1.1; http://www.opensiteexplorer.org/dotbot, help@moz.com)" "saveaslave.com"
216.244.66.230 - - [07/Jan/2017:11:21:09 -0800] "GET /robots.txt HTTP/1.1" 200 48 "-" "Mozilla/5.0 (compatible; DotBot/1.1; http://www.opensiteexplorer.org/dotbot, help@moz.com)" "www.saveaslave.com"
54.225.51.53 - - [07/Jan/2017:11:40:23 -0800] "GET / HTTP/1.1" 200 91413 "-" "-" "saveaslave.com"
216.244.66.240 - - [07/Jan/2017:12:17:22 -0800] "GET /robots.txt HTTP/1.1" 200 48 "-" "Mozilla/5.0 (compatible; DotBot/1.1; http://www.opensiteexplorer.org/dotbot, help@moz.com)" "saveaslave.com"
216.244.66.240 - - [07/Jan/2017:12:17:22 -0800] "GET /robots.txt HTTP/1.1" 200 48 "-" "Mozilla/5.0 (compatible; DotBot/1.1; http://www.opensiteexplorer.org/dotbot, help@moz.com)" "www.saveaslave.com"
216.244.66.230 - - [07/Jan/2017:12:46:34 -0800] "GET /www.fairfund.org HTTP/1.1" 404 89 "-" "Mozilla/5.0 (compatible; DotBot/1.1; http://www.opensiteexplorer.org/dotbot, help@moz.com)" "saveaslave.com"
216.244.66.230 - - [07/Jan/2017:12:46:36 -0800] "GET /www.fasgi.org HTTP/1.1" 404 89 "-" "Mozilla/5.0 (compatible; DotBot/1.1; http://www.opensiteexplorer.org/dotbot, help@moz.com)" "www.saveaslave.com"
216.244.66.230 - - [07/Jan/2017:12:46:37 -0800] "GET /www.cpaf.org HTTP/1.1" 404 89 "-" "Mozilla/5.0 (compatible; DotBot/1.1; http://www.opensiteexplorer.org/dotbot, help@moz.com)" "www.saveaslave.com"
180.153.236.43 - - [07/Jan/2017:13:09:15 -0800] "GET / HTTP/1.1" 200 91377 "http://www.saveaslave.com/" "Mozilla/5.0 (compatible; MSIE 9.0; Windows NT 6.1; Trident/5.0); 360Spider" "www.saveaslave.com"
180.153.236.43 - - [07/Jan/2017:13:09:15 -0800] "GET / HTTP/1.1" 200 91413 "http://saveaslave.com/" "Mozilla/5.0 (compatible; MSIE 9.0; Windows NT 6.1; Trident/5.0); 360Spider" "saveaslave.com"[2]
66.249.75.33 - - [07/Jan/2017:13:17:31 -0800] "GET /images/social1.png HTTP/1.1" 200 2012 "-" "Googlebot-Image/1.0" "www.saveaslave.com"
178.137.161.236 - - [07/Jan/2017:13:21:50 -0800] "GET / HTTP/1.1" 200 91377 "http://murmansk.xxxrus.org/" "Mozilla/4.0 (compatible; MSIE 5.5; Windows 95; BCD2000)" "saveaslave.com"[2]
167.114.206.96 - - [07/Jan/2017:13:31:30 -0800] "GET /test/wp-admin/ HTTP/1.1" 404 89 "-" "-" "saveaslave.com"
84.232.181.3 - - [07/Jan/2017:13:39:57 -0800] "GET /wordpress/wp-admin/ HTTP/1.1" 404 89 "-" "-" "saveaslave.com"
220.181.108.184 - - [07/Jan/2017:13:46:02 -0800] "GET / HTTP/1.1" 200 91413 "-" "Mozilla/5.0 (compatible; Baiduspider/2.0; +http://www.baidu.com/search/spider.html)" "saveaslave.com"[1]
64.71.32.50 - - [07/Jan/2017:13:47:58 -0800] "GET /blog/wp-admin/ HTTP/1.1" 404 89 "-" "-" "saveaslave.com"
68.171.211.178 - - [07/Jan/2017:14:04:25 -0800] "GET /old/wp-admin/ HTTP/1.1" 404 89 "-" "-" "saveaslave.com"
216.244.66.240 - - [07/Jan/2017:14:04:28 -0800] "GET /article.php?id=48 HTTP/1.1" 200 776 "-" "Mozilla/5.0 (compatible; DotBot/1.1; http://www.opensiteexplorer.org/dotbot, help@moz.com)" "www.saveaslave.com"[1]
77.88.47.100 - - [07/Jan/2017:14:11:31 -0800] "GET /robots.txt HTTP/1.1" 200 48 "-" "Mozilla/5.0 (compatible; YandexBot/3.0; +http://yandex.com/bots)" "saveaslave.com"
174.204.11.21 - - [07/Jan/2017:14:36:23 -0800] "GET / HTTP/1.1" 200 91377 "https://t.co/E8R4kksux4" "Mozilla/5.0 (iPhone; CPU iPhone OS 10_0_2 like Mac OS X) AppleWebKit/602.1.32 (KHTML, like Gecko) Mobile/14A456 Twitter for iPhone" "saveaslave.com"
174.204.11.21 - - [07/Jan/2017:14:36:24 -0800] "GET /gajaxscroller.js HTTP/1.1" 200 9774 "http://saveaslave.com/" "Mozilla/5.0 (iPhone; CPU iPhone OS 10_0_2 like Mac OS X) AppleWebKit/602.1.32 (KHTML, like Gecko) Mobile/14A456 Twitter for iPhone" "saveaslave.com"
174.204.11.21 - - [07/Jan/2017:14:36:24 -0800] "GET /js/bootstrap.min.js HTTP/1.1" 200 37055 "http://saveaslave.com/" "Mozilla/5.0 (iPhone; CPU iPhone OS 10_0_2 like Mac OS X) AppleWebKit/602.1.32 (KHTML, like Gecko) Mobile/14A456 Twitter for iPhone" "saveaslave.com"
174.204.11.21 - - [07/Jan/2017:14:36:24 -0800] "GET /images/social1.png HTTP/1.1" 200 2012 "http://saveaslave.com/" "Mozilla/5.0 (iPhone; CPU iPhone OS 10_0_2 like Mac OS X) AppleWebKit/602.1.32 (KHTML, like Gecko) Mobile/14A456 Twitter for iPhone" "saveaslave.com"
174.204.11.21 - - [07/Jan/2017:14:36:24 -0800] "GET /images/social2.png HTTP/1.1" 200 1752 "http://saveaslave.com/" "Mozilla/5.0 (iPhone; CPU iPhone OS 10_0_2 like Mac OS X) AppleWebKit/602.1.32 (KHTML, like Gecko) Mobile/14A456 Twitter for iPhone" "saveaslave.com"
174.204.11.21 - - [07/Jan/2017:14:36:24 -0800] "GET /images/tripit_icon_thumb_flat.png HTTP/1.1" 200 5795 "http://saveaslave.com/" "Mozilla/5.0 (iPhone; CPU iPhone OS 10_0_2 like Mac OS X) AppleWebKit/602.1.32 (KHTML, like Gecko) Mobile/14A456 Twitter for iPhone" "saveaslave.com"
174.204.11.21 - - [07/Jan/2017:14:36:24 -0800] "GET /images/social3.png HTTP/1.1" 200 4343 "http://saveaslave.com/" "Mozilla/5.0 (iPhone; CPU iPhone OS 10_0_2 like Mac OS X) AppleWebKit/602.1.32 (KHTML, like Gecko) Mobile/14A456 Twitter for iPhone" "saveaslave.com"
174.204.11.21 - - [07/Jan/2017:14:36:25 -0800] "GET /addarticle.php HTTP/1.1" 200 13761 "http://saveaslave.com/" "Mozilla/5.0 (iPhone; CPU iPhone OS 10_0_2 like Mac OS X) AppleWebKit/602.1.32 (KHTML, like Gecko) Mobile/14A456 Twitter for iPhone" "saveaslave.com"[1]
174.204.11.21 - - [07/Jan/2017:14:36:26 -0800] "GET /indicator.gif HTTP/1.1" 200 878 "http://saveaslave.com/" "Mozilla/5.0 (iPhone; CPU iPhone OS 10_0_2 like Mac OS X) AppleWebKit/602.1.32 (KHTML, like Gecko) Mobile/14A456 Twitter for iPhone" "saveaslave.com"
174.204.11.21 - - [07/Jan/2017:14:36:26 -0800] "GET /css/down-arrow.png HTTP/1.1" 404 89 "http://saveaslave.com/" "Mozilla/5.0 (iPhone; CPU iPhone OS 10_0_2 like Mac OS X) AppleWebKit/602.1.32 (KHTML, like Gecko) Mobile/14A456 Twitter for iPhone" "saveaslave.com"[0]
174.204.11.21 - - [07/Jan/2017:14:36:26 -0800] "GET /images/select-arrow.png HTTP/1.1" 200 1118 "http://saveaslave.com/" "Mozilla/5.0 (iPhone; CPU iPhone OS 10_0_2 like Mac OS X) AppleWebKit/602.1.32 (KHTML, like Gecko) Mobile/14A456 Twitter for iPhone" "saveaslave.com"
77.88.47.89 - - [07/Jan/2017:14:36:59 -0800] "GET /ico/apple-icon-76x76.png HTTP/1.1" 200 3414 "-" "Mozilla/5.0 (compatible; YandexBot/3.0; +http://yandex.com/bots)" "saveaslave.com"
178.255.215.78 - - [07/Jan/2017:14:47:33 -0800] "GET /help-advanced.php HTTP/1.1" 200 54600 "-" "Mozilla/5.0 (compatible; Exabot/3.0; +http://www.exabot.com/go/robot)" "saveaslave.com"[1]
54.89.191.135 - - [07/Jan/2017:15:03:12 -0800] "GET /index.php HTTP/1.1" 200 91413 "-" "Mozilla/5.0 (compatible; linkdexbot/2.0; +http://www.linkdex.com/bots/)" "www.saveaslave.com"[3]
216.244.66.230 - - [07/Jan/2017:15:19:12 -0800] "GET /robots.txt HTTP/1.1" 200 48 "-" "Mozilla/5.0 (compatible; DotBot/1.1; http://www.opensiteexplorer.org/dotbot, help@moz.com)" "www.saveaslave.com"
65.36.241.48 - - [07/Jan/2017:15:38:51 -0800] "HEAD / HTTP/1.1" 200 0 "-" "InternetSeer.com" "www.saveaslave.com"
65.36.241.48 - - [07/Jan/2017:16:57:30 -0800] "HEAD / HTTP/1.1" 200 0 "-" "InternetSeer.com" "www.saveaslave.com"
68.180.228.104 - - [07/Jan/2017:17:08:59 -0800] "GET /manifest.json HTTP/1.1" 404 89 "-" "Mozilla/5.0 (compatible; Yahoo! Slurp; http://help.yahoo.com/help/us/ysearch/slurp)" "www.saveaslave.com"
52.90.97.146 - - [07/Jan/2017:17:26:35 -0800] "GET /article.php?id=21 HTTP/1.1" 200 50274 "-" "Mozilla/5.0 (compatible; linkdexbot/2.0; +http://www.linkdex.com/bots/)" "www.saveaslave.com"[1]
178.255.215.78 - - [07/Jan/2017:17:45:23 -0800] "GET /addarticle.php HTTP/1.1" 200 13761 "-" "Mozilla/5.0 (compatible; Exabot/3.0; +http://www.exabot.com/go/robot)" "www.saveaslave.com"
178.255.215.78 - - [07/Jan/2017:17:45:26 -0800] "GET /help-advanced.php HTTP/1.1" 200 54600 "-" "Mozilla/5.0 (compatible; Exabot/3.0; +http://www.exabot.com/go/robot)" "www.saveaslave.com"
163.172.66.97 - - [07/Jan/2017:17:46:09 -0800] "GET /article.php?id=111 HTTP/1.1" 200 47100 "-" "Mozilla/5.0 (compatible; AhrefsBot/5.2; +http://ahrefs.com/robot/)" "www.saveaslave.com"
65.36.241.48 - - [07/Jan/2017:18:15:21 -0800] "HEAD / HTTP/1.1" 200 0 "-" "InternetSeer.com" "www.saveaslave.com"
106.120.173.111 - - [07/Jan/2017:19:11:56 -0800] "GET /site/?cat=185 HTTP/1.1" 404 89 "-" "Sogou web spider/4.0(+http://www.sogou.com/docs/help/webmasters.htm#07)" "saveaslave.com"
157.82.156.133 - - [07/Jan/2017:19:12:51 -0800] "GET /robots.txt HTTP/1.1" 200 48 "-" "Mozilla/5.0 (compatible; Steeler/3.5; http://www.tkl.iis.u-tokyo.ac.jp/~crawler/)" "saveaslave.com"
163.172.66.164 - - [07/Jan/2017:19:17:02 -0800] "GET /guinea-bissau.html HTTP/1.1" 404 89 "-" "Mozilla/5.0 (compatible; AhrefsBot/5.2; +http://ahrefs.com/robot/)" "saveaslave.com"
157.55.39.154 - - [07/Jan/2017:19:21:12 -0800] "GET /hungary.html HTTP/1.1" 404 89 "-" "Mozilla/5.0 (compatible; bingbot/2.0; +http://www.bing.com/bingbot.htm)" "saveaslave.com"
52.87.225.229 - - [07/Jan/2017:19:23:33 -0800] "GET /index.php HTTP/1.1" 200 91413 "-" "Mozilla/5.0 (compatible; linkdexbot/2.0; +http://www.linkdex.com/bots/)" "saveaslave.com"[2]
157.82.156.133 - - [07/Jan/2017:19:28:43 -0800] "GET /site/?p=52 HTTP/1.1" 404 89 "http://apaoki.com/198.html" "Mozilla/5.0 (compatible; Steeler/3.5; http://www.tkl.iis.u-tokyo.ac.jp/~crawler/)" "saveaslave.com"
65.36.241.48 - - [07/Jan/2017:19:33:15 -0800] "HEAD / HTTP/1.1" 200 0 "-" "InternetSeer.com" "www.saveaslave.com"
163.172.66.36 - - [07/Jan/2017:19:38:05 -0800] "GET /saint-martin.html HTTP/1.1" 404 89 "-" "Mozilla/5.0 (compatible; AhrefsBot/5.2; +http://ahrefs.com/robot/)" "saveaslave.com"
175.158.200.1 - - [07/Jan/2017:19:54:21 -0800] "GET /wp-login.php HTTP/1.1" 200 73 "-" "Mozilla/5.0 (Windows NT 6.1; WOW64; rv:40.0) Gecko/20100101 Firefox/40.1" "saveaslave.com"[0]
175.158.200.1 - - [07/Jan/2017:19:54:23 -0800] "GET / HTTP/1.1" 200 91413 "-" "Mozilla/5.0 (Windows NT 6.1; WOW64; rv:40.0) Gecko/20100101 Firefox/40.1" "saveaslave.com"
216.244.66.230 - - [07/Jan/2017:20:36:32 -0800] "GET /robots.txt HTTP/1.1" 200 48 "-" "Mozilla/5.0 (compatible; DotBot/1.1; http://www.opensiteexplorer.org/dotbot, help@moz.com)" "www.saveaslave.com"
65.36.241.48 - - [07/Jan/2017:20:52:26 -0800] "HEAD / HTTP/1.1" 200 0 "-" "InternetSeer.com" "www.saveaslave.com"
108.206.195.15 - - [07/Jan/2017:20:55:44 -0800] "GET /images/article5.jpg HTTP/1.1" 200 14497 "https://www.google.com/" "Mozilla/5.0 (Windows NT 6.3; Win64; x64) AppleWebKit/537.36 (KHTML, like Gecko) Chrome/55.0.2883.87 Safari/537.36" "www.saveaslave.com"
163.172.64.187 - - [07/Jan/2017:21:13:00 -0800] "GET /russia.html HTTP/1.1" 404 89 "-" "Mozilla/5.0 (compatible; AhrefsBot/5.2; +http://ahrefs.com/robot/)" "saveaslave.com"
148.251.138.39 - - [07/Jan/2017:21:27:42 -0800] "GET /robots.txt HTTP/1.1" 200 48 "-" "Mozilla/5.0 (compatible; BLEXBot/1.0; +http://webmeup-crawler.com/)" "saveaslave.com"
148.251.138.39 - - [07/Jan/2017:21:27:43 -0800] "GET /robots.txt HTTP/1.1" 200 48 "-" "Mozilla/5.0 (compatible; BLEXBot/1.0; +http://webmeup-crawler.com/)" "www.saveaslave.com"
148.251.138.39 - - [07/Jan/2017:21:27:45 -0800] "GET / HTTP/1.1" 200 91413 "-" "Mozilla/5.0 (compatible; BLEXBot/1.0; +http://webmeup-crawler.com/)" "saveaslave.com"
148.251.138.39 - - [07/Jan/2017:21:27:51 -0800] "GET /article.php?id=114 HTTP/1.1" 200 44829 "-" "Mozilla/5.0 (compatible; BLEXBot/1.0; +http://webmeup-crawler.com/)" "saveaslave.com"
148.251.138.39 - - [07/Jan/2017:21:28:01 -0800] "GET /article.php?id=22 HTTP/1.1" 200 47537 "-" "Mozilla/5.0 (compatible; BLEXBot/1.0; +http://webmeup-crawler.com/)" "saveaslave.com"
148.251.138.39 - - [07/Jan/2017:21:28:09 -0800] "GET /article.php?id=32 HTTP/1.1" 200 51989 "-" "Mozilla/5.0 (compatible; BLEXBot/1.0; +http://webmeup-crawler.com/)" "saveaslave.com"
148.251.138.39 - - [07/Jan/2017:21:28:17 -0800] "GET /article.php?id=46 HTTP/1.1" 200 50205 "-" "Mozilla/5.0 (compatible; BLEXBot/1.0; +http://webmeup-crawler.com/)" "saveaslave.com"
148.251.138.39 - - [07/Jan/2017:21:28:28 -0800] "GET /article.php?id=86 HTTP/1.1" 200 44889 "-" "Mozilla/5.0 (compatible; BLEXBot/1.0; +http://webmeup-crawler.com/)" "saveaslave.com"[0]
148.251.138.39 - - [07/Jan/2017:21:28:34 -0800] "GET /contact-us.php HTTP/1.1" 200 30765 "-" "Mozilla/5.0 (compatible; BLEXBot/1.0; +http://webmeup-crawler.com/)" "saveaslave.com"[0]
148.251.138.39 - - [07/Jan/2017:21:28:42 -0800] "GET /disclaimer.php HTTP/1.1" 200 48762 "-" "Mozilla/5.0 (compatible; BLEXBot/1.0; +http://webmeup-crawler.com/)" "saveaslave.com"
148.251.138.39 - - [07/Jan/2017:21:28:51 -0800] "GET /help.php HTTP/1.1" 200 53703 "-" "Mozilla/5.0 (compatible; BLEXBot/1.0; +http://webmeup-crawler.com/)" "saveaslave.com"
148.251.138.39 - - [07/Jan/2017:21:29:02 -0800] "GET /index.php HTTP/1.1" 200 91413 "-" "Mozilla/5.0 (compatible; BLEXBot/1.0; +http://webmeup-crawler.com/)" "saveaslave.com"
148.251.138.39 - - [07/Jan/2017:21:29:14 -0800] "GET /our-news.php HTTP/1.1" 200 85 "-" "Mozilla/5.0 (compatible; BLEXBot/1.0; +http://webmeup-crawler.com/)" "saveaslave.com"
148.251.138.39 - - [07/Jan/2017:21:29:24 -0800] "GET /our-supporters.php HTTP/1.1" 200 56309 "-" "Mozilla/5.0 (compatible; BLEXBot/1.0; +http://webmeup-crawler.com/)" "saveaslave.com"[1]
148.251.138.39 - - [07/Jan/2017:21:29:32 -0800] "GET /who-we-are.php HTTP/1.1" 200 51705 "-" "Mozilla/5.0 (compatible; BLEXBot/1.0; +http://webmeup-crawler.com/)" "saveaslave.com"[0]
148.251.138.39 - - [07/Jan/2017:21:29:42 -0800] "GET / HTTP/1.1" 200 91413 "-" "Mozilla/5.0 (compatible; BLEXBot/1.0; +http://webmeup-crawler.com/)" "www.saveaslave.com"
148.251.138.39 - - [07/Jan/2017:21:30:07 -0800] "GET /article.php?id=32 HTTP/1.1" 200 51989 "-" "Mozilla/5.0 (compatible; BLEXBot/1.0; +http://webmeup-crawler.com/)" "www.saveaslave.com"[0]
148.251.138.39 - - [07/Jan/2017:21:30:17 -0800] "GET /article.php?id=46 HTTP/1.1" 200 50205 "-" "Mozilla/5.0 (compatible; BLEXBot/1.0; +http://webmeup-crawler.com/)" "www.saveaslave.com"
148.251.138.39 - - [07/Jan/2017:21:30:26 -0800] "GET /article.php?id=86 HTTP/1.1" 200 44889 "-" "Mozilla/5.0 (compatible; BLEXBot/1.0; +http://webmeup-crawler.com/)" "www.saveaslave.com"[0]
148.251.138.39 - - [07/Jan/2017:21:30:37 -0800] "GET /disclaimer.php HTTP/1.1" 200 48762 "-" "Mozilla/5.0 (compatible; BLEXBot/1.0; +http://webmeup-crawler.com/)" "www.saveaslave.com"
148.251.138.39 - - [07/Jan/2017:21:30:48 -0800] "GET /help.php HTTP/1.1" 200 53703 "-" "Mozilla/5.0 (compatible; BLEXBot/1.0; +http://webmeup-crawler.com/)" "www.saveaslave.com"
148.251.138.39 - - [07/Jan/2017:21:30:59 -0800] "GET /index.php HTTP/1.1" 200 91413 "-" "Mozilla/5.0 (compatible; BLEXBot/1.0; +http://webmeup-crawler.com/)" "www.saveaslave.com"
148.251.138.39 - - [07/Jan/2017:21:31:42 -0800] "GET /article.php?id=1 HTTP/1.1" 200 45812 "-" "Mozilla/5.0 (compatible; BLEXBot/1.0; +http://webmeup-crawler.com/)" "saveaslave.com"[1]
148.251.138.39 - - [07/Jan/2017:21:32:16 -0800] "GET /article.php?id=113 HTTP/1.1" 200 44834 "-" "Mozilla/5.0 (compatible; BLEXBot/1.0; +http://webmeup-crawler.com/)" "saveaslave.com"
148.251.138.39 - - [07/Jan/2017:21:32:26 -0800] "GET /article.php?id=13 HTTP/1.1" 200 61444 "-" "Mozilla/5.0 (compatible; BLEXBot/1.0; +http://webmeup-crawler.com/)" "saveaslave.com"
148.251.138.39 - - [07/Jan/2017:21:32:39 -0800] "GET /article.php?id=15 HTTP/1.1" 200 57113 "-" "Mozilla/5.0 (compatible; BLEXBot/1.0; +http://webmeup-crawler.com/)" "saveaslave.com"
148.251.138.39 - - [07/Jan/2017:21:32:55 -0800] "GET /article.php?id=21 HTTP/1.1" 200 50274 "-" "Mozilla/5.0 (compatible; BLEXBot/1.0; +http://webmeup-crawler.com/)" "saveaslave.com"[0]
148.251.138.39 - - [07/Jan/2017:21:33:05 -0800] "GET /article.php?id=3 HTTP/1.1" 200 51817 "-" "Mozilla/5.0 (compatible; BLEXBot/1.0; +http://webmeup-crawler.com/)" "saveaslave.com"[1]
148.251.138.39 - - [07/Jan/2017:21:33:13 -0800] "GET /article.php?id=4 HTTP/1.1" 200 51774 "-" "Mozilla/5.0 (compatible; BLEXBot/1.0; +http://webmeup-crawler.com/)" "saveaslave.com"
148.251.138.39 - - [07/Jan/2017:21:33:23 -0800] "GET /article.php?id=5 HTTP/1.1" 200 47495 "-" "Mozilla/5.0 (compatible; BLEXBot/1.0; +http://webmeup-crawler.com/)" "saveaslave.com"
148.251.138.39 - - [07/Jan/2017:21:33:31 -0800] "GET /article.php?id=6 HTTP/1.1" 200 48470 "-" "Mozilla/5.0 (compatible; BLEXBot/1.0; +http://webmeup-crawler.com/)" "saveaslave.com"
148.251.138.39 - - [07/Jan/2017:21:33:40 -0800] "GET /article.php?id=63 HTTP/1.1" 200 46433 "-" "Mozilla/5.0 (compatible; BLEXBot/1.0; +http://webmeup-crawler.com/)" "saveaslave.com"
148.251.138.39 - - [07/Jan/2017:21:33:48 -0800] "GET /article.php?id=64 HTTP/1.1" 200 47963 "-" "Mozilla/5.0 (compatible; BLEXBot/1.0; +http://webmeup-crawler.com/)" "saveaslave.com"[1]
148.251.138.39 - - [07/Jan/2017:21:33:57 -0800] "GET /article.php?id=65 HTTP/1.1" 200 51167 "-" "Mozilla/5.0 (compatible; BLEXBot/1.0; +http://webmeup-crawler.com/)" "saveaslave.com"[0]
148.251.138.39 - - [07/Jan/2017:21:34:16 -0800] "GET /article.php?id=7 HTTP/1.1" 200 50097 "-" "Mozilla/5.0 (compatible; BLEXBot/1.0; +http://webmeup-crawler.com/)" "saveaslave.com"[0]
148.251.138.39 - - [07/Jan/2017:21:37:26 -0800] "GET /robots.txt HTTP/1.1" 200 48 "-" "Mozilla/5.0 (compatible; BLEXBot/1.0; +http://webmeup-crawler.com/)" "saveaslave.com"
148.251.138.39 - - [07/Jan/2017:21:37:27 -0800] "GET /robots.txt HTTP/1.1" 200 48 "-" "Mozilla/5.0 (compatible; BLEXBot/1.0; +http://webmeup-crawler.com/)" "www.saveaslave.com"
148.251.138.39 - - [07/Jan/2017:21:37:40 -0800] "GET /help-advanced.php HTTP/1.1" 200 54600 "-" "Mozilla/5.0 (compatible; BLEXBot/1.0; +http://webmeup-crawler.com/)" "saveaslave.com"
148.251.138.39 - - [07/Jan/2017:21:37:53 -0800] "GET /our-newsr.php HTTP/1.1" 200 79158 "-" "Mozilla/5.0 (compatible; BLEXBot/1.0; +http://webmeup-crawler.com/)" "saveaslave.com"[1]
148.251.138.39 - - [07/Jan/2017:21:38:07 -0800] "GET /our-supportersr.php HTTP/1.1" 200 73 "-" "Mozilla/5.0 (compatible; BLEXBot/1.0; +http://webmeup-crawler.com/)" "saveaslave.com"[0]
148.251.138.39 - - [07/Jan/2017:21:38:14 -0800] "GET /who-we-arer.php HTTP/1.1" 200 73386 "-" "Mozilla/5.0 (compatible; BLEXBot/1.0; +http://webmeup-crawler.com/)" "saveaslave.com"[0]
148.251.138.39 - - [07/Jan/2017:21:38:27 -0800] "GET /article.php?id=10 HTTP/1.1" 200 50375 "-" "Mozilla/5.0 (compatible; BLEXBot/1.0; +http://webmeup-crawler.com/)" "saveaslave.com"
148.251.138.39 - - [07/Jan/2017:21:38:47 -0800] "GET /article.php?id=11 HTTP/1.1" 200 68576 "-" "Mozilla/5.0 (compatible; BLEXBot/1.0; +http://webmeup-crawler.com/)" "saveaslave.com"[1]
148.251.138.39 - - [07/Jan/2017:21:38:58 -0800] "GET /article.php?id=12 HTTP/1.1" 200 50500 "-" "Mozilla/5.0 (compatible; BLEXBot/1.0; +http://webmeup-crawler.com/)" "saveaslave.com"
148.251.138.39 - - [07/Jan/2017:21:39:08 -0800] "GET /article.php?id=17 HTTP/1.1" 200 46130 "-" "Mozilla/5.0 (compatible; BLEXBot/1.0; +http://webmeup-crawler.com/)" "saveaslave.com"
148.251.138.39 - - [07/Jan/2017:21:39:15 -0800] "GET /article.php?id=18 HTTP/1.1" 200 48035 "-" "Mozilla/5.0 (compatible; BLEXBot/1.0; +http://webmeup-crawler.com/)" "saveaslave.com"
148.251.138.39 - - [07/Jan/2017:21:39:22 -0800] "GET /article.php?id=19 HTTP/1.1" 200 49612 "-" "Mozilla/5.0 (compatible; BLEXBot/1.0; +http://webmeup-crawler.com/)" "saveaslave.com"[1]
148.251.138.39 - - [07/Jan/2017:21:39:34 -0800] "GET /article.php?id=20 HTTP/1.1" 200 51102 "-" "Mozilla/5.0 (compatible; BLEXBot/1.0; +http://webmeup-crawler.com/)" "saveaslave.com"
148.251.138.39 - - [07/Jan/2017:21:39:43 -0800] "GET /article.php?id=24 HTTP/1.1" 200 46783 "-" "Mozilla/5.0 (compatible; BLEXBot/1.0; +http://webmeup-crawler.com/)" "saveaslave.com"
148.251.138.39 - - [07/Jan/2017:21:39:48 -0800] "GET /article.php?id=45 HTTP/1.1" 200 46819 "-" "Mozilla/5.0 (compatible; BLEXBot/1.0; +http://webmeup-crawler.com/)" "saveaslave.com"
148.251.138.39 - - [07/Jan/2017:21:39:56 -0800] "GET /article.php?id=60 HTTP/1.1" 200 49954 "-" "Mozilla/5.0 (compatible; BLEXBot/1.0; +http://webmeup-crawler.com/)" "saveaslave.com"
148.251.138.39 - - [07/Jan/2017:21:40:14 -0800] "GET /article.php?id=62 HTTP/1.1" 200 48590 "-" "Mozilla/5.0 (compatible; BLEXBot/1.0; +http://webmeup-crawler.com/)" "saveaslave.com"
148.251.138.39 - - [07/Jan/2017:21:40:25 -0800] "GET /article.php?id=8 HTTP/1.1" 200 55669 "-" "Mozilla/5.0 (compatible; BLEXBot/1.0; +http://webmeup-crawler.com/)" "saveaslave.com"
148.251.138.39 - - [07/Jan/2017:21:40:33 -0800] "GET /article.php?id=9 HTTP/1.1" 200 101313 "-" "Mozilla/5.0 (compatible; BLEXBot/1.0; +http://webmeup-crawler.com/)" "saveaslave.com"
148.251.138.39 - - [07/Jan/2017:21:40:43 -0800] "GET /managearticle.php HTTP/1.1" 200 1294 "-" "Mozilla/5.0 (compatible; BLEXBot/1.0; +http://webmeup-crawler.com/)" "www.saveaslave.com"[0]
148.251.138.39 - - [07/Jan/2017:21:40:51 -0800] "GET /managecountry.php HTTP/1.1" 200 1294 "-" "Mozilla/5.0 (compatible; BLEXBot/1.0; +http://webmeup-crawler.com/)" "www.saveaslave.com"[0]
148.251.138.39 - - [07/Jan/2017:21:40:56 -0800] "GET /managelink.php HTTP/1.1" 200 1294 "-" "Mozilla/5.0 (compatible; BLEXBot/1.0; +http://webmeup-crawler.com/)" "www.saveaslave.com"
148.251.138.39 - - [07/Jan/2017:21:41:04 -0800] "GET /managevolunteer.php HTTP/1.1" 200 1294 "-" "Mozilla/5.0 (compatible; BLEXBot/1.0; +http://webmeup-crawler.com/)" "www.saveaslave.com"
148.251.138.39 - - [07/Jan/2017:21:41:33 -0800] "GET /article.php?id=111 HTTP/1.1" 200 47100 "-" "Mozilla/5.0 (compatible; BLEXBot/1.0; +http://webmeup-crawler.com/)" "www.saveaslave.com"[1]
148.251.138.39 - - [07/Jan/2017:21:41:47 -0800] "GET /article.php?id=113 HTTP/1.1" 200 44834 "-" "Mozilla/5.0 (compatible; BLEXBot/1.0; +http://webmeup-crawler.com/)" "www.saveaslave.com"
148.251.138.39 - - [07/Jan/2017:21:41:53 -0800] "GET /article.php?id=13 HTTP/1.1" 200 61444 "-" "Mozilla/5.0 (compatible; BLEXBot/1.0; +http://webmeup-crawler.com/)" "www.saveaslave.com"
148.251.138.39 - - [07/Jan/2017:21:42:02 -0800] "GET /article.php?id=15 HTTP/1.1" 200 57113 "-" "Mozilla/5.0 (compatible; BLEXBot/1.0; +http://webmeup-crawler.com/)" "www.saveaslave.com"
148.251.138.39 - - [07/Jan/2017:21:42:11 -0800] "GET /article.php?id=2 HTTP/1.1" 200 49288 "-" "Mozilla/5.0 (compatible; BLEXBot/1.0; +http://webmeup-crawler.com/)" "www.saveaslave.com"
148.251.138.39 - - [07/Jan/2017:21:42:20 -0800] "GET /article.php?id=3 HTTP/1.1" 200 51817 "-" "Mozilla/5.0 (compatible; BLEXBot/1.0; +http://webmeup-crawler.com/)" "www.saveaslave.com"
148.251.138.39 - - [07/Jan/2017:21:42:26 -0800] "GET /article.php?id=4 HTTP/1.1" 200 51774 "-" "Mozilla/5.0 (compatible; BLEXBot/1.0; +http://webmeup-crawler.com/)" "www.saveaslave.com"
148.251.138.39 - - [07/Jan/2017:21:42:33 -0800] "GET /article.php?id=5 HTTP/1.1" 200 47495 "-" "Mozilla/5.0 (compatible; BLEXBot/1.0; +http://webmeup-crawler.com/)" "www.saveaslave.com"
148.251.138.39 - - [07/Jan/2017:21:42:43 -0800] "GET /article.php?id=6 HTTP/1.1" 200 48470 "-" "Mozilla/5.0 (compatible; BLEXBot/1.0; +http://webmeup-crawler.com/)" "www.saveaslave.com"
148.251.138.39 - - [07/Jan/2017:21:42:51 -0800] "GET /article.php?id=7 HTTP/1.1" 200 50097 "-" "Mozilla/5.0 (compatible; BLEXBot/1.0; +http://webmeup-crawler.com/)" "www.saveaslave.com"
148.251.138.39 - - [07/Jan/2017:21:42:58 -0800] "GET /articles/modernslavery.html HTTP/1.1" 404 89 "-" "Mozilla/5.0 (compatible; BLEXBot/1.0; +http://webmeup-crawler.com/)" "www.saveaslave.com"
148.251.138.39 - - [07/Jan/2017:21:43:06 -0800] "GET /help-advanced.php HTTP/1.1" 200 54600 "-" "Mozilla/5.0 (compatible; BLEXBot/1.0; +http://webmeup-crawler.com/)" "www.saveaslave.com"
65.36.241.48 - - [07/Jan/2017:22:12:42 -0800] "HEAD / HTTP/1.1" 200 0 "-" "InternetSeer.com" "www.saveaslave.com"
207.46.13.250 - - [07/Jan/2017:22:44:50 -0800] "GET /robots.txt HTTP/1.1" 200 48 "-" "Mozilla/5.0 (compatible; bingbot/2.0; +http://www.bing.com/bingbot.htm)" "www.saveaslave.com"
162.210.196.129 - - [07/Jan/2017:23:06:12 -0800] "GET / HTTP/1.1" 200 91413 "-" "Mozilla/5.0 (compatible; MJ12bot/v1.4.7; http://mj12bot.com/)" "saveaslave.com"
176.59.140.194 - - [07/Jan/2017:23:33:36 -0800] "GET /images/article/kateryna_ardanyan.jpg HTTP/1.1" 200 45587 "http://images.google.ru/imgres?imgurl=http://saveaslave.com/images/article/kateryna_ardanyan.jpg&imgrefurl=http://saveaslave.com/our-newsr.php&h=630&w=1200&tbnid=GLcpO-eo_yooDM:&vet=1&q=%D0%A0%D1%91%D0%A0%D0%85%D0%A1%E2%80%9A%D0%A0%D1%91%D0%A0%D1%98+%D0%A1%E2%80%9E%D0%A0%D0%85%D0%A1%E2%80%9A%D0%A0%D1%95&tbnh=79&tbnw=150&iact=rc&usg=__0rWfpmFwkZbW1Nyd45mx0AmQ8wY=&ei=KutxWIGUH4OqsAGv0YrICw&tbm=isch&client=ms-samsung&sa=X&ved=0ahUKEwiB0eWUhLLRAhUDFSwKHa-oArk4UBCtAwgkMAQ" "SAMSUNG-GT-E2232/1.0 Openwave/6.2.3 Profile/MIDP-2.0 Configuration/CLDC-1.1 UP.Browser/6.2.3.3.c.1.101 (GUI) MMP/2.0" "saveaslave.com"
173.230.145.179 - - [07/Jan/2017:23:47:53 -0800] "GET /robots.txt HTTP/1.1" 200 48 "-" "Mozilla/5.0 (compatible; Uptimebot/1.0; +http://www.uptime.com/uptimebot)" "saveaslave.com"
173.230.145.179 - - [07/Jan/2017:23:47:54 -0800] "HEAD / HTTP/1.1" 200 0 "http://uptime.com/saveaslave.com" "Mozilla/5.0 (compatible; Uptimebot/1.0; +http://www.uptime.com/uptimebot)" "saveaslave.com"
40.77.167.31 - - [08/Jan/2017:00:00:18 -0800] "GET /montenegro.html HTTP/1.1" 404 89 "-" "Mozilla/5.0 (compatible; bingbot/2.0; +http://www.bing.com/bingbot.htm)" "www.saveaslave.com"
163.172.66.143 - - [08/Jan/2017:00:02:44 -0800] "GET /saint-lucia.html HTTP/1.1" 404 89 "-" "Mozilla/5.0 (compatible; AhrefsBot/5.2; +http://ahrefs.com/robot/)" "saveaslave.com"[0]
178.128.128.217 - - [08/Jan/2017:00:17:03 -0800] "GET /gajaxscroller.js HTTP/1.1" 200 9774 "http://www.saveaslave.com/" "Mozilla/5.0 (Windows NT 10.0; Win64; x64) AppleWebKit/537.36 (KHTML, like Gecko) Chrome/55.0.2883.87 Safari/537.36" "www.saveaslave.com"
178.128.128.217 - - [08/Jan/2017:00:17:06 -0800] "GET /images/article/end_it.jpg HTTP/1.1" 200 33676 "http://www.saveaslave.com/" "Mozilla/5.0 (Windows NT 10.0; Win64; x64) AppleWebKit/537.36 (KHTML, like Gecko) Chrome/55.0.2883.87 Safari/537.36" "www.saveaslave.com"
178.128.128.217 - - [08/Jan/2017:00:17:06 -0800] "GET /addarticle.php HTTP/1.1" 200 13725 "http://www.saveaslave.com/" "Mozilla/5.0 (Windows NT 10.0; Win64; x64) AppleWebKit/537.36 (KHTML, like Gecko) Chrome/55.0.2883.87 Safari/537.36" "www.saveaslave.com"
163.172.66.72 - - [08/Jan/2017:00:42:28 -0800] "GET /luxembourg.html HTTP/1.1" 404 89 "-" "Mozilla/5.0 (compatible; AhrefsBot/5.2; +http://ahrefs.com/robot/)" "saveaslave.com"
180.76.15.149 - - [08/Jan/2017:00:59:09 -0800] "GET /images/?S=D HTTP/1.1" 200 7293 "-" "Mozilla/5.0 (compatible; Baiduspider/2.0; +http://www.baidu.com/search/spider.html)" "www.saveaslave.com"[0]
65.36.241.48 - - [08/Jan/2017:01:24:24 -0800] "HEAD / HTTP/1.1" 200 0 "-" "InternetSeer.com" "www.saveaslave.com"
178.137.16.194 - - [08/Jan/2017:01:49:38 -0800] "GET / HTTP/1.1" 200 91377 "http://everflora.ru/" "Opera/7.54 (Windows NT 5.1; U)  [pl]" "saveaslave.com"
178.137.16.194 - - [08/Jan/2017:01:49:38 -0800] "GET / HTTP/1.1" 200 91377 "http://dzerzhinsk.xxxrus.org/" "Opera/7.54 (Windows NT 5.1; U)  [pl]" "saveaslave.com"
66.249.75.33 - - [08/Jan/2017:01:53:49 -0800] "GET /images/top.jpg HTTP/1.1" 200 50519 "-" "Googlebot-Image/1.0" "www.saveaslave.com"
180.76.15.158 - - [08/Jan/2017:02:06:11 -0800] "GET /images/cover.ai HTTP/1.1" 200 835584 "-" "Mozilla/5.0 (compatible; Baiduspider/2.0; +http://www.baidu.com/search/spider.html)" "www.saveaslave.com"
216.244.66.240 - - [08/Jan/2017:02:17:23 -0800] "GET /robots.txt HTTP/1.1" 200 48 "-" "Mozilla/5.0 (compatible; DotBot/1.1; http://www.opensiteexplorer.org/dotbot, help@moz.com)" "www.saveaslave.com"
163.172.65.210 - - [08/Jan/2017:02:25:43 -0800] "GET /www.apalc.org HTTP/1.1" 404 89 "-" "Mozilla/5.0 (compatible; AhrefsBot/5.2; +http://ahrefs.com/robot/)" "saveaslave.com"
180.76.15.29 - - [08/Jan/2017:02:39:38 -0800] "GET /article.php?id=86 HTTP/1.1" 200 44889 "-" "Mozilla/5.0 (compatible; Baiduspider/2.0; +http://www.baidu.com/search/spider.html)" "www.saveaslave.com"
65.36.241.48 - - [08/Jan/2017:02:42:52 -0800] "HEAD / HTTP/1.1" 200 0 "-" "InternetSeer.com" "www.saveaslave.com"
216.244.66.230 - - [08/Jan/2017:02:48:14 -0800] "GET /article.php?id=66 HTTP/1.1" 200 53733 "-" "Mozilla/5.0 (compatible; DotBot/1.1; http://www.opensiteexplorer.org/dotbot, help@moz.com)" "saveaslave.com"
216.244.66.230 - - [08/Jan/2017:02:48:17 -0800] "GET /our-newsr.php HTTP/1.1" 200 79158 "-" "Mozilla/5.0 (compatible; DotBot/1.1; http://www.opensiteexplorer.org/dotbot, help@moz.com)" "saveaslave.com"[2]
77.75.74.75 - - [08/Jan/2017:03:02:22 -0800] "GET /robots.txt HTTP/1.1" 200 48 "-" "Mozilla/5.0 (compatible; SeznamBot/3.2-test1-1; +http://napoveda.seznam.cz/en/seznambot-intro/)" "saveaslave.com"
77.75.74.75 - - [08/Jan/2017:03:02:25 -0800] "GET / HTTP/1.1" 200 91413 "-" "Mozilla/5.0 (compatible; SeznamBot/3.2-test1-1; +http://napoveda.seznam.cz/en/seznambot-intro/)" "saveaslave.com"
180.76.15.138 - - [08/Jan/2017:03:13:07 -0800] "GET / HTTP/1.1" 200 91413 "-" "Mozilla/5.0 (compatible; Baiduspider/2.0; +http://www.baidu.com/search/spider.html)" "www.saveaslave.com"
216.244.66.230 - - [08/Jan/2017:03:20:17 -0800] "GET /robots.txt HTTP/1.1" 200 48 "-" "Mozilla/5.0 (compatible; DotBot/1.1; http://www.opensiteexplorer.org/dotbot, help@moz.com)" "saveaslave.com"
176.9.50.43 - - [08/Jan/2017:03:22:29 -0800] "GET / HTTP/1.1" 200 91413 "-" "Mozilla/5.0 (Windows NT 10.0; WOW64) AppleWebKit/537.36 (KHTML, like Gecko) Chrome/54.0.2840.99 Safari/537.36" "www.saveaslave.com"[1]
65.36.241.48 - - [08/Jan/2017:03:51:04 -0800] "HEAD /?tpl=references&Itemid=3 HTTP/1.1" 200 0 "-" "InternetSeer.com" "www.saveaslave.com"
216.244.66.240 - - [08/Jan/2017:03:55:33 -0800] "GET /www.ltsc.org HTTP/1.1" 404 89 "-" "Mozilla/5.0 (compatible; DotBot/1.1; http://www.opensiteexplorer.org/dotbot, help@moz.com)" "www.saveaslave.com"[0]
66.249.75.33 - - [08/Jan/2017:03:56:58 -0800] "GET /images/tripit_icon_thumb_flat.png HTTP/1.1" 200 5795 "-" "Googlebot-Image/1.0" "www.saveaslave.com"
65.36.241.48 - - [08/Jan/2017:03:58:26 -0800] "HEAD / HTTP/1.1" 200 0 "-" "InternetSeer.com" "www.saveaslave.com"
199.59.150.183 - - [08/Jan/2017:04:07:54 -0800] "GET /robots.txt HTTP/1.1" 200 48 "-" "Twitterbot/1.0" "www.saveaslave.com"
85.25.210.234 - - [08/Jan/2017:04:08:54 -0800] "GET /robots.txt HTTP/1.1" 200 48 "-" "Mozilla/5.0 (compatible; seoscanners.net/1; +spider@seoscanners.net)" "saveaslave.com"[0]
85.25.210.234 - - [08/Jan/2017:04:08:55 -0800] "GET /images/help/help_captcha.jpg HTTP/1.1" 200 53496 "-" "Mozilla/5.0 (compatible; seoscanners.net/1; +spider@seoscanners.net)" "saveaslave.com"
193.201.225.108 - - [08/Jan/2017:04:17:26 -0800] "GET / HTTP/1.1" 200 91377 "http://www.saveaslave.com/" "Mozilla/5.0 (Windows NT 6.1; WOW64; rv:43.0) Gecko/20100101 Firefox/43.0" "www.saveaslave.com"
178.153.255.8 - - [08/Jan/2017:04:33:20 -0800] "GET /images/article6.jpg HTTP/1.1" 200 57746 "https://www.google.com/" "Mozilla/5.0 (Windows NT 10.0; Win64; x64) AppleWebKit/537.36 (KHTML, like Gecko) Chrome/55.0.2883.87 Safari/537.36" "www.saveaslave.com"
66.249.75.125 - - [08/Jan/2017:04:47:20 -0800] "GET /images/article/article1r.jpg HTTP/1.1" 200 14025 "-" "Googlebot-Image/1.0" "saveaslave.com"
216.244.66.230 - - [08/Jan/2017:04:51:24 -0800] "GET /www.liderescampesinas.org HTTP/1.1" 404 89 "-" "Mozilla/5.0 (compatible; DotBot/1.1; http://www.opensiteexplorer.org/dotbot, help@moz.com)" "saveaslave.com"[0]
