178.121.230.81 - - [02/Dec/2015:05:56:22 -0800] "GET /css/down-arrow.png HTTP/1.1" 404 89 "http://saveaslave.com/in-russian.php" "Mozilla/5.0 (Windows NT 6.3; WOW64; Trident/7.0; rv:11.0) like Gecko" "saveaslave.com"
178.121.230.81 - - [02/Dec/2015:06:04:09 -0800] "GET /news13r.php HTTP/1.1" 200 69575 "-" "Mozilla/5.0 (Windows NT 6.3; WOW64; rv:42.0) Gecko/20100101 Firefox/42.0" "saveaslave.com"
178.121.230.81 - - [02/Dec/2015:06:04:10 -0800] "GET /news13r.php HTTP/1.1" 200 69575 "-" "Mozilla/5.0 (Windows NT 6.3; WOW64; rv:42.0) Gecko/20100101 Firefox/42.0" "saveaslave.com"
178.121.230.81 - - [02/Dec/2015:06:04:11 -0800] "GET /css/down-arrow.png HTTP/1.1" 404 89 "http://saveaslave.com/css/elements.css" "Mozilla/5.0 (Windows NT 6.3; WOW64; rv:42.0) Gecko/20100101 Firefox/42.0" "saveaslave.com"
178.121.230.81 - - [02/Dec/2015:06:13:06 -0800] "GET /news13r.php HTTP/1.1" 200 69575 "-" "Mozilla/5.0 (Linux; Android 4.4.2; Techno 7.85 3G TM859N Build/TM859N) AppleWebKit/537.36 (KHTML, like Gecko) Version/4.0 Chrome/30.0.0.0 Safari/537.36" "saveaslave.com"
178.121.230.81 - - [02/Dec/2015:06:13:08 -0800] "GET /favicon.ico HTTP/1.1" 404 89 "-" "Mozilla/5.0 (Linux; Android 4.4.2; Techno 7.85 3G TM859N Build/TM859N) AppleWebKit/537.36 (KHTML, like Gecko) Version/4.0 Chrome/30.0.0.0 Safari/537.36" "saveaslave.com"
178.121.230.81 - - [02/Dec/2015:06:30:47 -0800] "GET /in-russian.php HTTP/1.1" 200 69155 "http://saveaslave.com/" "Mozilla/5.0 (Windows NT 6.3; WOW64; rv:42.0) Gecko/20100101 Firefox/42.0" "saveaslave.com"
178.121.230.81 - - [02/Dec/2015:06:30:48 -0800] "GET /in-russian.php HTTP/1.1" 200 69155 "http://saveaslave.com/" "Mozilla/5.0 (Windows NT 6.3; WOW64; rv:42.0) Gecko/20100101 Firefox/42.0" "saveaslave.com"
178.121.230.81 - - [02/Dec/2015:06:30:59 -0800] "GET /news13r.php HTTP/1.1" 200 69602 "http://saveaslave.com/in-russian.php" "Mozilla/5.0 (Windows NT 6.3; WOW64; rv:42.0) Gecko/20100101 Firefox/42.0" "saveaslave.com"
178.121.230.81 - - [02/Dec/2015:06:31:00 -0800] "GET /news13r.php HTTP/1.1" 200 69602 "http://saveaslave.com/in-russian.php" "Mozilla/5.0 (Windows NT 6.3; WOW64; rv:42.0) Gecko/20100101 Firefox/42.0" "saveaslave.com"
178.121.230.81 - - [02/Dec/2015:06:31:55 -0800] "GET /in-russian.php HTTP/1.1" 200 69176 "http://saveaslave.com/news13r.php" "Mozilla/5.0 (Windows NT 6.3; WOW64; rv:42.0) Gecko/20100101 Firefox/42.0" "saveaslave.com"
178.121.230.81 - - [02/Dec/2015:06:31:57 -0800] "GET /css/down-arrow.png HTTP/1.1" 404 89 "http://saveaslave.com/css/elements.css" "Mozilla/5.0 (Windows NT 6.3; WOW64; rv:42.0) Gecko/20100101 Firefox/42.0" "saveaslave.com"
178.121.230.81 - - [02/Dec/2015:06:32:18 -0800] "GET /our-newsr.php HTTP/1.1" 200 64344 "http://saveaslave.com/news12r.php" "Mozilla/5.0 (Windows NT 6.3; WOW64; rv:42.0) Gecko/20100101 Firefox/42.0" "saveaslave.com"
178.121.230.81 - - [02/Dec/2015:06:32:20 -0800] "GET /css/down-arrow.png HTTP/1.1" 404 89 "http://saveaslave.com/css/elements.css" "Mozilla/5.0 (Windows NT 6.3; WOW64; rv:42.0) Gecko/20100101 Firefox/42.0" "saveaslave.com"
178.121.230.81 - - [02/Dec/2015:06:32:35 -0800] "GET /in-russian.php HTTP/1.1" 200 69180 "http://saveaslave.com/our-newsr.php" "Mozilla/5.0 (Windows NT 6.3; WOW64; rv:42.0) Gecko/20100101 Firefox/42.0" "saveaslave.com"
178.121.230.81 - - [02/Dec/2015:06:32:37 -0800] "GET /css/down-arrow.png HTTP/1.1" 404 89 "http://saveaslave.com/css/elements.css" "Mozilla/5.0 (Windows NT 6.3; WOW64; rv:42.0) Gecko/20100101 Firefox/42.0" "saveaslave.com"
178.121.230.81 - - [02/Dec/2015:06:32:37 -0800] "GET / HTTP/1.1" 200 51174 "http://saveaslave.com/in-russian.php" "Mozilla/5.0 (Windows NT 6.3; WOW64; rv:42.0) Gecko/20100101 Firefox/42.0" "saveaslave.com"
23.23.242.178 - - [02/Dec/2015:06:37:55 -0800] "GET /news7.php HTTP/1.1" 200 47523 "-" "Mozilla/5.0 (Windows; U; Windows NT 5.1; en-US; rv:1.9.2.8) Gecko/20100722 Firefox/3.6.8" "www.saveaslave.com"
68.180.228.222 - - [02/Dec/2015:06:49:13 -0800] "GET /slovakia.html HTTP/1.1" 404 89 "-" "Mozilla/5.0 (compatible; Yahoo! Slurp; http://help.yahoo.com/help/us/ysearch/slurp)" "saveaslave.com"
208.115.113.94 - - [02/Dec/2015:06:57:45 -0800] "GET /robots.txt HTTP/1.1" 200 48 "-" "Mozilla/5.0 (compatible; DotBot/1.1; http://www.opensiteexplorer.org/dotbot, help@moz.com)" "www.saveaslave.com"
66.249.64.180 - - [02/Dec/2015:07:04:14 -0800] "GET /images/countrymap/equatorial-guinea.gif HTTP/1.1" 404 89 "-" "Googlebot-Image/1.0" "www.saveaslave.com"
157.55.39.217 - - [02/Dec/2015:07:05:55 -0800] "GET /grenada HTTP/1.1" 404 89 "-" "msnbot-media/1.1 (+http://search.msn.com/msnbot.htm)" "www.saveaslave.com"
178.121.230.81 - - [02/Dec/2015:07:06:27 -0800] "GET /our-newsr.php HTTP/1.1" 200 64344 "http://saveaslave.com/news13r.php" "Mozilla/5.0 (Windows NT 6.3; WOW64; Trident/7.0; rv:11.0) like Gecko" "saveaslave.com"
178.121.230.81 - - [02/Dec/2015:07:06:43 -0800] "GET / HTTP/1.1" 200 51172 "http://saveaslave.com/our-newsr.php" "Mozilla/5.0 (Windows NT 6.3; WOW64; Trident/7.0; rv:11.0) like Gecko" "saveaslave.com"
178.121.230.81 - - [02/Dec/2015:07:06:44 -0800] "GET /css/down-arrow.png HTTP/1.1" 404 89 "http://saveaslave.com/" "Mozilla/5.0 (Windows NT 6.3; WOW64; Trident/7.0; rv:11.0) like Gecko" "saveaslave.com"
217.69.133.14 - - [02/Dec/2015:07:09:30 -0800] "GET /robots.txt HTTP/1.1" 200 48 "-" "Mozilla/5.0 (compatible; Linux x86_64; Mail.RU_Bot/2.0; +http://go.mail.ru/help/robots)" "saveaslave.com"
217.69.133.15 - - [02/Dec/2015:07:13:21 -0800] "GET /site/?cat=30 HTTP/1.1" 404 89 "-" "Mozilla/5.0 (compatible; Linux x86_64; Mail.RU_Bot/2.0; +http://go.mail.ru/help/robots)" "saveaslave.com"
66.249.64.199 - - [02/Dec/2015:07:14:35 -0800] "GET /mexico HTTP/1.1" 404 89 "-" "Mozilla/5.0 (iPhone; CPU iPhone OS 8_3 like Mac OS X) AppleWebKit/600.1.4 (KHTML, like Gecko) Version/8.0 Mobile/12F70 Safari/600.1.4 (compatible; Googlebot/2.1; +http://www.google.com/bot.html)" "www.saveaslave.com"
66.249.64.180 - - [02/Dec/2015:07:24:49 -0800] "GET /heard_island HTTP/1.1" 404 89 "-" "Mozilla/5.0 (iPhone; CPU iPhone OS 8_3 like Mac OS X) AppleWebKit/600.1.4 (KHTML, like Gecko) Version/8.0 Mobile/12F70 Safari/600.1.4 (compatible; Googlebot/2.1; +http://www.google.com/bot.html)" "www.saveaslave.com"
5.9.111.70 - - [02/Dec/2015:07:28:54 -0800] "GET /robots.txt HTTP/1.1" 200 48 "-" "Mozilla/5.0 (compatible; MJ12bot/v1.4.5; http://www.majestic12.co.uk/bot.php?+)" "saveaslave.com"
5.9.111.70 - - [02/Dec/2015:07:28:56 -0800] "GET /italy HTTP/1.1" 404 89 "-" "Mozilla/5.0 (compatible; MJ12bot/v1.4.5; http://www.majestic12.co.uk/bot.php?+)" "saveaslave.com"
217.69.133.60 - - [02/Dec/2015:07:30:33 -0800] "GET /robots.txt HTTP/1.1" 200 48 "-" "Mozilla/5.0 (compatible; Linux x86_64; Mail.RU_Bot/2.0; +http://go.mail.ru/help/robots)" "saveaslave.com"
95.190.77.182 - - [02/Dec/2015:07:31:21 -0800] "GET /russian_pastor HTTP/1.1" 404 89 "http://vk.com/away.php" "Mozilla/5.0 (Windows NT 6.1) AppleWebKit/537.36 (KHTML, like Gecko) Chrome/44.0.2403.111 Amigo/44.0.2403.111 MRCHROME SOC Safari/537.36" "saveaslave.com"
95.190.77.182 - - [02/Dec/2015:07:32:30 -0800] "GET /in-russian.php HTTP/1.1" 200 69119 "http://vk.com/away.php" "Mozilla/5.0 (Windows NT 6.1) AppleWebKit/537.36 (KHTML, like Gecko) Chrome/44.0.2403.111 Amigo/44.0.2403.111 MRCHROME SOC Safari/537.36" "saveaslave.com"
77.49.161.64 - - [02/Dec/2015:07:37:15 -0800] "GET /news13r.php HTTP/1.1" 200 69575 "-" "Mozilla/5.0 (Windows NT 10.0; WOW64) AppleWebKit/537.36 (KHTML, like Gecko) Chrome/46.0.2490.86 Safari/537.36" "saveaslave.com"
77.49.161.64 - - [02/Dec/2015:07:37:16 -0800] "GET /gfeedfetcher.js HTTP/1.1" 200 9018 "http://saveaslave.com/news13r.php" "Mozilla/5.0 (Windows NT 10.0; WOW64) AppleWebKit/537.36 (KHTML, like Gecko) Chrome/46.0.2490.86 Safari/537.36" "saveaslave.com"
77.49.161.64 - - [02/Dec/2015:07:37:16 -0800] "GET /assets/js/ie-emulation-modes-warning.js HTTP/1.1" 200 2130 "http://saveaslave.com/news13r.php" "Mozilla/5.0 (Windows NT 10.0; WOW64) AppleWebKit/537.36 (KHTML, like Gecko) Chrome/46.0.2490.86 Safari/537.36" "saveaslave.com"
77.49.161.64 - - [02/Dec/2015:07:37:16 -0800] "GET /images/logo2.png HTTP/1.1" 200 18525 "http://saveaslave.com/news13r.php" "Mozilla/5.0 (Windows NT 10.0; WOW64) AppleWebKit/537.36 (KHTML, like Gecko) Chrome/46.0.2490.86 Safari/537.36" "saveaslave.com"
77.49.161.64 - - [02/Dec/2015:07:37:17 -0800] "GET /css/style-pages.css HTTP/1.1" 200 9369 "http://saveaslave.com/news13r.php" "Mozilla/5.0 (Windows NT 10.0; WOW64) AppleWebKit/537.36 (KHTML, like Gecko) Chrome/46.0.2490.86 Safari/537.36" "saveaslave.com"
77.49.161.64 - - [02/Dec/2015:07:37:18 -0800] "GET /images/social2.png HTTP/1.1" 200 1752 "http://saveaslave.com/news13r.php" "Mozilla/5.0 (Windows NT 10.0; WOW64) AppleWebKit/537.36 (KHTML, like Gecko) Chrome/46.0.2490.86 Safari/537.36" "saveaslave.com"
77.49.161.64 - - [02/Dec/2015:07:37:18 -0800] "GET /images/social1.png HTTP/1.1" 200 2012 "http://saveaslave.com/news13r.php" "Mozilla/5.0 (Windows NT 10.0; WOW64) AppleWebKit/537.36 (KHTML, like Gecko) Chrome/46.0.2490.86 Safari/537.36" "saveaslave.com"
77.49.161.64 - - [02/Dec/2015:07:37:18 -0800] "GET /images/gift_button.png HTTP/1.1" 200 27500 "http://saveaslave.com/news13r.php" "Mozilla/5.0 (Windows NT 10.0; WOW64) AppleWebKit/537.36 (KHTML, like Gecko) Chrome/46.0.2490.86 Safari/537.36" "saveaslave.com"
77.49.161.64 - - [02/Dec/2015:07:37:18 -0800] "GET /css/down-arrow.png HTTP/1.1" 404 89 "http://saveaslave.com/css/elements.css" "Mozilla/5.0 (Windows NT 10.0; WOW64) AppleWebKit/537.36 (KHTML, like Gecko) Chrome/46.0.2490.86 Safari/537.36" "saveaslave.com"
77.49.161.64 - - [02/Dec/2015:07:37:20 -0800] "GET /favicon.ico HTTP/1.1" 404 89 "http://saveaslave.com/news13r.php" "Mozilla/5.0 (Windows NT 10.0; WOW64) AppleWebKit/537.36 (KHTML, like Gecko) Chrome/46.0.2490.86 Safari/537.36" "saveaslave.com"
188.165.15.191 - - [02/Dec/2015:07:39:33 -0800] "GET /www.council.lacity.org HTTP/1.1" 404 89 "-" "Mozilla/5.0 (compatible; AhrefsBot/5.0; +http://ahrefs.com/robot/)" "saveaslave.com"
100.43.85.28 - - [02/Dec/2015:07:43:27 -0800] "GET /www.iibuff.org HTTP/1.1" 404 89 "-" "Mozilla/5.0 (compatible; YandexBot/3.0; +http://yandex.com/bots)" "saveaslave.com"
66.249.64.184 - - [02/Dec/2015:07:44:55 -0800] "GET /images/countrymap/fiji.gif HTTP/1.1" 404 89 "-" "Googlebot-Image/1.0" "www.saveaslave.com"
157.55.39.217 - - [02/Dec/2015:07:47:57 -0800] "GET /robots.txt HTTP/1.1" 200 48 "-" "Mozilla/5.0 (compatible; bingbot/2.0; +http://www.bing.com/bingbot.htm)" "www.saveaslave.com"
77.75.76.168 - - [02/Dec/2015:07:53:16 -0800] "GET /bhutan.html HTTP/1.1" 404 89 "-" "Mozilla/5.0 (compatible; SeznamBot/3.2; +http://fulltext.sblog.cz/)" "saveaslave.com"
208.115.113.86 - - [02/Dec/2015:08:02:24 -0800] "GET /www.css.co.la.ca.us HTTP/1.1" 404 89 "-" "Mozilla/5.0 (compatible; DotBot/1.1; http://www.opensiteexplorer.org/dotbot, help@moz.com)" "www.saveaslave.com"
67.45.97.107 - - [02/Dec/2015:08:03:10 -0800] "GET /news13r.php HTTP/1.1" 200 69575 "-" "Mozilla/5.0 (iPhone; CPU iPhone OS 9_1 like Mac OS X) AppleWebKit/601.1.46 (KHTML, like Gecko) Version/9.0 Mobile/13B143 Safari/601.1" "saveaslave.com"
67.45.97.107 - - [02/Dec/2015:08:03:11 -0800] "GET /css/elements.css HTTP/1.1" 200 17857 "http://saveaslave.com/news13r.php" "Mozilla/5.0 (iPhone; CPU iPhone OS 9_1 like Mac OS X) AppleWebKit/601.1.46 (KHTML, like Gecko) Version/9.0 Mobile/13B143 Safari/601.1" "saveaslave.com"
67.45.97.107 - - [02/Dec/2015:08:03:11 -0800] "GET /assets/js/ie-emulation-modes-warning.js HTTP/1.1" 200 2130 "http://saveaslave.com/news13r.php" "Mozilla/5.0 (iPhone; CPU iPhone OS 9_1 like Mac OS X) AppleWebKit/601.1.46 (KHTML, like Gecko) Version/9.0 Mobile/13B143 Safari/601.1" "saveaslave.com"
67.45.97.107 - - [02/Dec/2015:08:03:11 -0800] "GET /gajaxscroller.js HTTP/1.1" 200 9774 "http://saveaslave.com/news13r.php" "Mozilla/5.0 (iPhone; CPU iPhone OS 9_1 like Mac OS X) AppleWebKit/601.1.46 (KHTML, like Gecko) Version/9.0 Mobile/13B143 Safari/601.1" "saveaslave.com"
67.45.97.107 - - [02/Dec/2015:08:03:12 -0800] "GET /css/style-pages.css HTTP/1.1" 200 9369 "http://saveaslave.com/news13r.php" "Mozilla/5.0 (iPhone; CPU iPhone OS 9_1 like Mac OS X) AppleWebKit/601.1.46 (KHTML, like Gecko) Version/9.0 Mobile/13B143 Safari/601.1" "saveaslave.com"
67.45.97.107 - - [02/Dec/2015:08:03:12 -0800] "GET /assets/js/ie10-viewport-bug-workaround.js HTTP/1.1" 200 641 "http://saveaslave.com/news13r.php" "Mozilla/5.0 (iPhone; CPU iPhone OS 9_1 like Mac OS X) AppleWebKit/601.1.46 (KHTML, like Gecko) Version/9.0 Mobile/13B143 Safari/601.1" "saveaslave.com"
67.45.97.107 - - [02/Dec/2015:08:03:12 -0800] "GET /js/bootstrap.min.js HTTP/1.1" 200 37055 "http://saveaslave.com/news13r.php" "Mozilla/5.0 (iPhone; CPU iPhone OS 9_1 like Mac OS X) AppleWebKit/601.1.46 (KHTML, like Gecko) Version/9.0 Mobile/13B143 Safari/601.1" "saveaslave.com"
67.45.97.107 - - [02/Dec/2015:08:03:12 -0800] "GET /photos/top.jpg HTTP/1.1" 200 50519 "http://saveaslave.com/news13r.php" "Mozilla/5.0 (iPhone; CPU iPhone OS 9_1 like Mac OS X) AppleWebKit/601.1.46 (KHTML, like Gecko) Version/9.0 Mobile/13B143 Safari/601.1" "saveaslave.com"
67.45.97.107 - - [02/Dec/2015:08:03:12 -0800] "GET /images/social2.png HTTP/1.1" 200 1752 "http://saveaslave.com/news13r.php" "Mozilla/5.0 (iPhone; CPU iPhone OS 9_1 like Mac OS X) AppleWebKit/601.1.46 (KHTML, like Gecko) Version/9.0 Mobile/13B143 Safari/601.1" "saveaslave.com"
67.45.97.107 - - [02/Dec/2015:08:03:12 -0800] "GET /css/down-arrow.png HTTP/1.1" 404 89 "http://saveaslave.com/news13r.php" "Mozilla/5.0 (iPhone; CPU iPhone OS 9_1 like Mac OS X) AppleWebKit/601.1.46 (KHTML, like Gecko) Version/9.0 Mobile/13B143 Safari/601.1" "saveaslave.com"
208.115.113.94 - - [02/Dec/2015:08:15:22 -0800] "GET /robots.txt HTTP/1.1" 200 48 "-" "Mozilla/5.0 (compatible; DotBot/1.1; http://www.opensiteexplorer.org/dotbot, help@moz.com)" "www.saveaslave.com"
131.253.24.138 - - [02/Dec/2015:08:22:04 -0800] "GET /solomon-islands.html HTTP/1.1" 404 89 "-" "Mozilla/5.0 (compatible; MSIE 9.0; Windows NT 6.1; Trident/5.0;  Trident/5.0)" "www.saveaslave.com"
178.121.230.81 - - [02/Dec/2015:08:30:29 -0800] "GET /photos/Cast-Logo-Print.png HTTP/1.1" 200 21398 "http://saveaslave.com/" "Mozilla/5.0 (Linux; Android 4.4.2; Techno 7.85 3G TM859N Build/TM859N) AppleWebKit/537.36 (KHTML, like Gecko) Version/4.0 Chrome/30.0.0.0 Safari/537.36" "saveaslave.com"
178.121.230.81 - - [02/Dec/2015:08:30:29 -0800] "GET /photos/article8a.jpg HTTP/1.1" 200 11299 "http://saveaslave.com/" "Mozilla/5.0 (Linux; Android 4.4.2; Techno 7.85 3G TM859N Build/TM859N) AppleWebKit/537.36 (KHTML, like Gecko) Version/4.0 Chrome/30.0.0.0 Safari/537.36" "saveaslave.com"
178.121.230.81 - - [02/Dec/2015:08:30:29 -0800] "GET /photos/article4.png HTTP/1.1" 200 42622 "http://saveaslave.com/" "Mozilla/5.0 (Linux; Android 4.4.2; Techno 7.85 3G TM859N Build/TM859N) AppleWebKit/537.36 (KHTML, like Gecko) Version/4.0 Chrome/30.0.0.0 Safari/537.36" "saveaslave.com"
178.121.230.81 - - [02/Dec/2015:08:30:32 -0800] "GET /favicon.ico HTTP/1.1" 404 89 "-" "Mozilla/5.0 (Linux; Android 4.4.2; Techno 7.85 3G TM859N Build/TM859N) AppleWebKit/537.36 (KHTML, like Gecko) Version/4.0 Chrome/30.0.0.0 Safari/537.36" "saveaslave.com"
69.30.205.218 - - [02/Dec/2015:08:35:50 -0800] "GET /robots.txt HTTP/1.1" 200 48 "-" "Mozilla/5.0 (compatible; MJ12bot/v1.4.5; http://www.majestic12.co.uk/bot.php?+)" "saveaslave.com"
69.30.205.218 - - [02/Dec/2015:08:35:53 -0800] "GET /contact-usr.php HTTP/1.1" 200 34304 "-" "Mozilla/5.0 (compatible; MJ12bot/v1.4.5; http://www.majestic12.co.uk/bot.php?+)" "saveaslave.com"
69.30.205.218 - - [02/Dec/2015:08:35:53 -0800] "GET /robots.txt HTTP/1.1" 200 48 "-" "Mozilla/5.0 (compatible; MJ12bot/v1.4.5; http://www.majestic12.co.uk/bot.php?+)" "saveaslave.com"
217.69.133.11 - - [02/Dec/2015:08:41:09 -0800] "GET /robots.txt HTTP/1.1" 200 48 "-" "Mozilla/5.0 (compatible; Linux x86_64; Mail.RU_Bot/2.0; +http://go.mail.ru/help/robots)" "saveaslave.com"
66.249.64.185 - - [02/Dec/2015:08:47:50 -0800] "GET /images/countrymap/bosnia-herzegovina.jpg HTTP/1.1" 404 89 "-" "Googlebot-Image/1.0" "www.saveaslave.com"
185.11.229.238 - - [02/Dec/2015:09:03:01 -0800] "GET /news13r.php HTTP/1.1" 200 69539 "http://vk.com/away.php" "Mozilla/5.0 (Windows NT 6.2; WOW64) AppleWebKit/537.36 (KHTML, like Gecko) Chrome/44.0.2403.111 Amigo/44.0.2403.111 MRCHROME SOC Safari/537.36" "saveaslave.com"
185.11.229.238 - - [02/Dec/2015:09:03:04 -0800] "GET /css/style.css HTTP/1.1" 200 7938 "http://saveaslave.com/news13r.php" "Mozilla/5.0 (Windows NT 6.2; WOW64) AppleWebKit/537.36 (KHTML, like Gecko) Chrome/44.0.2403.111 Amigo/44.0.2403.111 MRCHROME SOC Safari/537.36" "saveaslave.com"
185.11.229.238 - - [02/Dec/2015:09:03:08 -0800] "GET /gajaxscroller.js HTTP/1.1" 200 9774 "http://saveaslave.com/news13r.php" "Mozilla/5.0 (Windows NT 6.2; WOW64) AppleWebKit/537.36 (KHTML, like Gecko) Chrome/44.0.2403.111 Amigo/44.0.2403.111 MRCHROME SOC Safari/537.36" "saveaslave.com"
185.11.229.238 - - [02/Dec/2015:09:03:10 -0800] "GET /gfeedfetcher.js HTTP/1.1" 200 9018 "http://saveaslave.com/news13r.php" "Mozilla/5.0 (Windows NT 6.2; WOW64) AppleWebKit/537.36 (KHTML, like Gecko) Chrome/44.0.2403.111 Amigo/44.0.2403.111 MRCHROME SOC Safari/537.36" "saveaslave.com"
66.249.64.204 - - [02/Dec/2015:09:14:03 -0800] "GET /www.css.co.la.ca.us HTTP/1.1" 404 89 "-" "Mozilla/5.0 (iPhone; CPU iPhone OS 8_3 like Mac OS X) AppleWebKit/600.1.4 (KHTML, like Gecko) Version/8.0 Mobile/12F70 Safari/600.1.4 (compatible; Googlebot/2.1; +http://www.google.com/bot.html)" "www.saveaslave.com"
180.76.15.18 - - [02/Dec/2015:09:19:16 -0800] "GET /country.php?name=Jamaica&lang=en HTTP/1.1" 200 46934 "-" "Mozilla/5.0 (compatible; Baiduspider/2.0; +http://www.baidu.com/search/spider.html)" "www.saveaslave.com"
178.67.156.1 - - [02/Dec/2015:09:24:35 -0800] "GET /russian_pastor HTTP/1.1" 404 89 "http://vk.com/away.php" "Mozilla/5.0 (Windows NT 6.1; WOW64) AppleWebKit/537.36 (KHTML, like Gecko) Chrome/46.0.2490.86 Safari/537.36 OPR/33.0.1990.115 (Edition Yx)" "saveaslave.com"
178.67.156.1 - - [02/Dec/2015:09:24:36 -0800] "GET /favicon.ico HTTP/1.1" 404 89 "http://saveaslave.com/russian_pastor" "Mozilla/5.0 (Windows NT 6.1; WOW64) AppleWebKit/537.36 (KHTML, like Gecko) Chrome/46.0.2490.86 Safari/537.36 OPR/33.0.1990.115 (Edition Yx)" "saveaslave.com"
46.38.49.98 - - [02/Dec/2015:09:26:17 -0800] "GET /russian_pastor HTTP/1.1" 404 89 "-" "Mozilla/5.0 (Windows NT 6.1) AppleWebKit/537.36 (KHTML, like Gecko) Chrome/41.0.2228.0 Safari/537.36" "saveaslave.com"
217.69.133.28 - - [02/Dec/2015:09:34:09 -0800] "GET /western-sahara.html HTTP/1.1" 404 89 "-" "Mozilla/5.0 (compatible; Linux x86_64; Mail.RU_Bot/2.0; +http://go.mail.ru/help/robots)" "saveaslave.com"
136.243.20.77 - - [02/Dec/2015:09:35:24 -0800] "GET / HTTP/1.1" 200 51147 "-" "python-requests/2.7.0 CPython/2.7.6 Linux/3.13.0-36-generic" "saveaslave.com"
207.46.13.60 - - [02/Dec/2015:09:42:08 -0800] "GET /robots.txt HTTP/1.1" 200 48 "-" "Mozilla/5.0 (compatible; bingbot/2.0; +http://www.bing.com/bingbot.htm)" "www.saveaslave.com"
66.193.126.2 - - [02/Dec/2015:09:47:08 -0800] "GET /images/logo2.png HTTP/1.1" 200 18525 "http://www.saveaslave.com/" "Mozilla/5.0 (iPad; CPU OS 8_1_3 like Mac OS X) AppleWebKit/600.1.4 (KHTML, like Gecko) Version/8.0 Mobile/12B466 Safari/600.1.4" "www.saveaslave.com"
66.193.126.2 - - [02/Dec/2015:09:47:08 -0800] "GET /gfeedfetcher.js HTTP/1.1" 200 9018 "http://www.saveaslave.com/" "Mozilla/5.0 (iPad; CPU OS 8_1_3 like Mac OS X) AppleWebKit/600.1.4 (KHTML, like Gecko) Version/8.0 Mobile/12B466 Safari/600.1.4" "www.saveaslave.com"
66.193.126.2 - - [02/Dec/2015:09:47:08 -0800] "GET /css/elements.css HTTP/1.1" 200 17857 "http://www.saveaslave.com/" "Mozilla/5.0 (iPad; CPU OS 8_1_3 like Mac OS X) AppleWebKit/600.1.4 (KHTML, like Gecko) Version/8.0 Mobile/12B466 Safari/600.1.4" "www.saveaslave.com"
66.193.126.2 - - [02/Dec/2015:09:47:08 -0800] "GET /css/style.css HTTP/1.1" 200 7938 "http://www.saveaslave.com/" "Mozilla/5.0 (iPad; CPU OS 8_1_3 like Mac OS X) AppleWebKit/600.1.4 (KHTML, like Gecko) Version/8.0 Mobile/12B466 Safari/600.1.4" "www.saveaslave.com"
66.193.126.2 - - [02/Dec/2015:09:47:08 -0800] "GET /photos/top.jpg HTTP/1.1" 200 50519 "http://www.saveaslave.com/" "Mozilla/5.0 (iPad; CPU OS 8_1_3 like Mac OS X) AppleWebKit/600.1.4 (KHTML, like Gecko) Version/8.0 Mobile/12B466 Safari/600.1.4" "www.saveaslave.com"
66.193.126.2 - - [02/Dec/2015:09:47:08 -0800] "GET /photos/article1.jpg HTTP/1.1" 200 11640 "http://www.saveaslave.com/" "Mozilla/5.0 (iPad; CPU OS 8_1_3 like Mac OS X) AppleWebKit/600.1.4 (KHTML, like Gecko) Version/8.0 Mobile/12B466 Safari/600.1.4" "www.saveaslave.com"
66.193.126.2 - - [02/Dec/2015:09:47:08 -0800] "GET /photos/article2.jpg HTTP/1.1" 200 15209 "http://www.saveaslave.com/" "Mozilla/5.0 (iPad; CPU OS 8_1_3 like Mac OS X) AppleWebKit/600.1.4 (KHTML, like Gecko) Version/8.0 Mobile/12B466 Safari/600.1.4" "www.saveaslave.com"
66.193.126.2 - - [02/Dec/2015:09:47:08 -0800] "GET /photos/article8a.jpg HTTP/1.1" 200 11299 "http://www.saveaslave.com/" "Mozilla/5.0 (iPad; CPU OS 8_1_3 like Mac OS X) AppleWebKit/600.1.4 (KHTML, like Gecko) Version/8.0 Mobile/12B466 Safari/600.1.4" "www.saveaslave.com"
66.193.126.2 - - [02/Dec/2015:09:47:08 -0800] "GET /images/social2.png HTTP/1.1" 200 1752 "http://www.saveaslave.com/" "Mozilla/5.0 (iPad; CPU OS 8_1_3 like Mac OS X) AppleWebKit/600.1.4 (KHTML, like Gecko) Version/8.0 Mobile/12B466 Safari/600.1.4" "www.saveaslave.com"
66.193.126.2 - - [02/Dec/2015:09:47:08 -0800] "GET /photos/article3a.jpg HTTP/1.1" 200 12445 "http://www.saveaslave.com/" "Mozilla/5.0 (iPad; CPU OS 8_1_3 like Mac OS X) AppleWebKit/600.1.4 (KHTML, like Gecko) Version/8.0 Mobile/12B466 Safari/600.1.4" "www.saveaslave.com"
66.193.126.2 - - [02/Dec/2015:09:47:09 -0800] "GET /images/select-arrow.png HTTP/1.1" 200 1118 "http://www.saveaslave.com/" "Mozilla/5.0 (iPad; CPU OS 8_1_3 like Mac OS X) AppleWebKit/600.1.4 (KHTML, like Gecko) Version/8.0 Mobile/12B466 Safari/600.1.4" "www.saveaslave.com"
66.193.126.2 - - [02/Dec/2015:09:48:36 -0800] "GET /news1.php HTTP/1.1" 200 43688 "https://www.google.com/" "Mozilla/5.0 (iPad; CPU OS 8_1_3 like Mac OS X) AppleWebKit/600.1.4 (KHTML, like Gecko) Version/8.0 Mobile/12B466 Safari/600.1.4" "www.saveaslave.com"
66.193.126.2 - - [02/Dec/2015:09:48:36 -0800] "GET /photos/article7a.jpg HTTP/1.1" 200 41919 "http://www.saveaslave.com/news1.php" "Mozilla/5.0 (iPad; CPU OS 8_1_3 like Mac OS X) AppleWebKit/600.1.4 (KHTML, like Gecko) Version/8.0 Mobile/12B466 Safari/600.1.4" "www.saveaslave.com"
66.193.126.2 - - [02/Dec/2015:09:48:37 -0800] "GET /photos/article7b.jpg HTTP/1.1" 200 42617 "http://www.saveaslave.com/news1.php" "Mozilla/5.0 (iPad; CPU OS 8_1_3 like Mac OS X) AppleWebKit/600.1.4 (KHTML, like Gecko) Version/8.0 Mobile/12B466 Safari/600.1.4" "www.saveaslave.com"
66.193.126.2 - - [02/Dec/2015:09:48:37 -0800] "GET /css/down-arrow.png HTTP/1.1" 404 89 "http://www.saveaslave.com/news1.php" "Mozilla/5.0 (iPad; CPU OS 8_1_3 like Mac OS X) AppleWebKit/600.1.4 (KHTML, like Gecko) Version/8.0 Mobile/12B466 Safari/600.1.4" "www.saveaslave.com"
40.77.167.13 - - [02/Dec/2015:09:48:57 -0800] "GET /robots.txt HTTP/1.1" 200 48 "-" "Mozilla/5.0 (compatible; bingbot/2.0; +http://www.bing.com/bingbot.htm)" "www.saveaslave.com"
66.249.64.189 - - [02/Dec/2015:09:54:07 -0800] "GET /www.nightlightinternational.org HTTP/1.1" 404 89 "-" "Mozilla/5.0 (iPhone; CPU iPhone OS 8_3 like Mac OS X) AppleWebKit/600.1.4 (KHTML, like Gecko) Version/8.0 Mobile/12F70 Safari/600.1.4 (compatible; Googlebot/2.1; +http://www.google.com/bot.html)" "www.saveaslave.com"
66.249.64.194 - - [02/Dec/2015:10:04:25 -0800] "GET /www.iofa.org HTTP/1.1" 404 89 "-" "Mozilla/5.0 (iPhone; CPU iPhone OS 8_3 like Mac OS X) AppleWebKit/600.1.4 (KHTML, like Gecko) Version/8.0 Mobile/12F70 Safari/600.1.4 (compatible; Googlebot/2.1; +http://www.google.com/bot.html)" "www.saveaslave.com"
69.30.198.178 - - [02/Dec/2015:10:05:21 -0800] "GET /coalition-members-cast.php HTTP/1.1" 200 46864 "-" "Mozilla/5.0 (compatible; MJ12bot/v1.4.5; http://www.majestic12.co.uk/bot.php?+)" "www.saveaslave.com"
66.249.64.180 - - [02/Dec/2015:10:06:06 -0800] "GET /www.fasgi.org HTTP/1.1" 404 89 "-" "Mozilla/5.0 (iPhone; CPU iPhone OS 8_3 like Mac OS X) AppleWebKit/600.1.4 (KHTML, like Gecko) Version/8.0 Mobile/12F70 Safari/600.1.4 (compatible; Googlebot/2.1; +http://www.google.com/bot.html)" "www.saveaslave.com"
188.165.15.191 - - [02/Dec/2015:10:07:13 -0800] "GET /azerbaijan.html HTTP/1.1" 404 89 "-" "Mozilla/5.0 (compatible; AhrefsBot/5.0; +http://ahrefs.com/robot/)" "saveaslave.com"
217.69.133.18 - - [02/Dec/2015:10:13:01 -0800] "GET /robots.txt HTTP/1.1" 200 48 "-" "Mozilla/5.0 (compatible; Linux x86_64; Mail.RU_Bot/2.0; +http://go.mail.ru/help/robots)" "saveaslave.com"
66.249.64.199 - - [02/Dec/2015:10:13:44 -0800] "GET /www.sexworkersproject.org HTTP/1.1" 404 89 "-" "Mozilla/5.0 (iPhone; CPU iPhone OS 8_3 like Mac OS X) AppleWebKit/600.1.4 (KHTML, like Gecko) Version/8.0 Mobile/12F70 Safari/600.1.4 (compatible; Googlebot/2.1; +http://www.google.com/bot.html)" "www.saveaslave.com"
217.69.133.15 - - [02/Dec/2015:10:14:36 -0800] "GET /site/?cat=68 HTTP/1.1" 404 89 "-" "Mozilla/5.0 (compatible; Linux x86_64; Mail.RU_Bot/2.0; +http://go.mail.ru/help/robots)" "saveaslave.com"
161.23.245.89 - - [02/Dec/2015:10:29:41 -0800] "GET / HTTP/1.1" 200 51147 "-" "Mozilla/5.0 (Macintosh; Intel Mac OS X 10_10_3) AppleWebKit/600.5.17 (KHTML, like Gecko) Version/8.0.5 Safari/600.5.17" "www.saveaslave.com"
161.23.245.89 - - [02/Dec/2015:10:29:42 -0800] "GET /css/bootstrap.min.css HTTP/1.1" 200 123578 "http://www.saveaslave.com/" "Mozilla/5.0 (Macintosh; Intel Mac OS X 10_10_3) AppleWebKit/600.5.17 (KHTML, like Gecko) Version/8.0.5 Safari/600.5.17" "www.saveaslave.com"
161.23.245.89 - - [02/Dec/2015:10:29:42 -0800] "GET /css/style.css HTTP/1.1" 200 7938 "http://www.saveaslave.com/" "Mozilla/5.0 (Macintosh; Intel Mac OS X 10_10_3) AppleWebKit/600.5.17 (KHTML, like Gecko) Version/8.0.5 Safari/600.5.17" "www.saveaslave.com"
161.23.245.89 - - [02/Dec/2015:10:29:42 -0800] "GET /gajaxscroller.js HTTP/1.1" 200 9774 "http://www.saveaslave.com/" "Mozilla/5.0 (Macintosh; Intel Mac OS X 10_10_3) AppleWebKit/600.5.17 (KHTML, like Gecko) Version/8.0.5 Safari/600.5.17" "www.saveaslave.com"
161.23.245.89 - - [02/Dec/2015:10:29:42 -0800] "GET /gfeedfetcher.js HTTP/1.1" 200 9018 "http://www.saveaslave.com/" "Mozilla/5.0 (Macintosh; Intel Mac OS X 10_10_3) AppleWebKit/600.5.17 (KHTML, like Gecko) Version/8.0.5 Safari/600.5.17" "www.saveaslave.com"
161.23.245.89 - - [02/Dec/2015:10:29:42 -0800] "GET /css/style-pages.css HTTP/1.1" 200 9369 "http://www.saveaslave.com/" "Mozilla/5.0 (Macintosh; Intel Mac OS X 10_10_3) AppleWebKit/600.5.17 (KHTML, like Gecko) Version/8.0.5 Safari/600.5.17" "www.saveaslave.com"
161.23.245.89 - - [02/Dec/2015:10:29:42 -0800] "GET /js/bootstrap.min.js HTTP/1.1" 200 37055 "http://www.saveaslave.com/" "Mozilla/5.0 (Macintosh; Intel Mac OS X 10_10_3) AppleWebKit/600.5.17 (KHTML, like Gecko) Version/8.0.5 Safari/600.5.17" "www.saveaslave.com"
161.23.245.89 - - [02/Dec/2015:10:29:42 -0800] "GET /photos/top.jpg HTTP/1.1" 200 50519 "http://www.saveaslave.com/" "Mozilla/5.0 (Macintosh; Intel Mac OS X 10_10_3) AppleWebKit/600.5.17 (KHTML, like Gecko) Version/8.0.5 Safari/600.5.17" "www.saveaslave.com"
161.23.245.89 - - [02/Dec/2015:10:29:42 -0800] "GET /photos/Cast-Logo-Print.png HTTP/1.1" 200 21398 "http://www.saveaslave.com/" "Mozilla/5.0 (Macintosh; Intel Mac OS X 10_10_3) AppleWebKit/600.5.17 (KHTML, like Gecko) Version/8.0.5 Safari/600.5.17" "www.saveaslave.com"
161.23.245.89 - - [02/Dec/2015:10:29:42 -0800] "GET /images/logo2.png HTTP/1.1" 200 18525 "http://www.saveaslave.com/" "Mozilla/5.0 (Macintosh; Intel Mac OS X 10_10_3) AppleWebKit/600.5.17 (KHTML, like Gecko) Version/8.0.5 Safari/600.5.17" "www.saveaslave.com"
161.23.245.89 - - [02/Dec/2015:10:29:43 -0800] "GET /photos/article4.png HTTP/1.1" 200 42622 "http://www.saveaslave.com/" "Mozilla/5.0 (Macintosh; Intel Mac OS X 10_10_3) AppleWebKit/600.5.17 (KHTML, like Gecko) Version/8.0.5 Safari/600.5.17" "www.saveaslave.com"
161.23.245.89 - - [02/Dec/2015:10:29:43 -0800] "GET /images/select-arrow.png HTTP/1.1" 200 1118 "http://www.saveaslave.com/" "Mozilla/5.0 (Macintosh; Intel Mac OS X 10_10_3) AppleWebKit/600.5.17 (KHTML, like Gecko) Version/8.0.5 Safari/600.5.17" "www.saveaslave.com"
161.23.245.89 - - [02/Dec/2015:10:29:43 -0800] "GET /images/gift_button.png HTTP/1.1" 200 27500 "http://www.saveaslave.com/" "Mozilla/5.0 (Macintosh; Intel Mac OS X 10_10_3) AppleWebKit/600.5.17 (KHTML, like Gecko) Version/8.0.5 Safari/600.5.17" "www.saveaslave.com"
161.23.245.89 - - [02/Dec/2015:10:29:43 -0800] "GET /indicator.gif HTTP/1.1" 200 878 "http://www.saveaslave.com/" "Mozilla/5.0 (Macintosh; Intel Mac OS X 10_10_3) AppleWebKit/600.5.17 (KHTML, like Gecko) Version/8.0.5 Safari/600.5.17" "www.saveaslave.com"
161.23.245.89 - - [02/Dec/2015:10:29:43 -0800] "GET /css/down-arrow.png HTTP/1.1" 404 89 "http://www.saveaslave.com/" "Mozilla/5.0 (Macintosh; Intel Mac OS X 10_10_3) AppleWebKit/600.5.17 (KHTML, like Gecko) Version/8.0.5 Safari/600.5.17" "www.saveaslave.com"
161.23.245.89 - - [02/Dec/2015:10:29:43 -0800] "GET /ico/android-icon-192x192.png HTTP/1.1" 200 10097 "http://www.saveaslave.com/" "Mozilla/5.0 (Macintosh; Intel Mac OS X 10_10_3) AppleWebKit/600.5.17 (KHTML, like Gecko) Version/8.0.5 Safari/600.5.17" "www.saveaslave.com"
66.249.64.184 - - [02/Dec/2015:10:48:46 -0800] "GET /images/countrymap/luxembourg-flag.gif HTTP/1.1" 404 89 "-" "Googlebot-Image/1.0" "www.saveaslave.com"
190.115.185.105 - - [02/Dec/2015:10:53:17 -0800] "GET /css/bootstrap.min.css HTTP/1.1" 200 123578 "http://saveaslave.com/news13r.php" "Mozilla/5.0 (Windows NT 6.3; WOW64) AppleWebKit/537.36 (KHTML, like Gecko) Chrome/46.0.2490.86 Safari/537.36" "saveaslave.com"
190.115.185.105 - - [02/Dec/2015:10:53:18 -0800] "GET /assets/js/ie-emulation-modes-warning.js HTTP/1.1" 200 2130 "http://saveaslave.com/news13r.php" "Mozilla/5.0 (Windows NT 6.3; WOW64) AppleWebKit/537.36 (KHTML, like Gecko) Chrome/46.0.2490.86 Safari/537.36" "saveaslave.com"
190.115.185.105 - - [02/Dec/2015:10:53:18 -0800] "GET /gajaxscroller.js HTTP/1.1" 200 9774 "http://saveaslave.com/news13r.php" "Mozilla/5.0 (Windows NT 6.3; WOW64) AppleWebKit/537.36 (KHTML, like Gecko) Chrome/46.0.2490.86 Safari/537.36" "saveaslave.com"
190.115.185.105 - - [02/Dec/2015:10:53:19 -0800] "GET /images/logo2.png HTTP/1.1" 200 18525 "http://saveaslave.com/news13r.php" "Mozilla/5.0 (Windows NT 6.3; WOW64) AppleWebKit/537.36 (KHTML, like Gecko) Chrome/46.0.2490.86 Safari/537.36" "saveaslave.com"
190.115.185.105 - - [02/Dec/2015:10:53:19 -0800] "GET /images/social2.png HTTP/1.1" 200 1752 "http://saveaslave.com/news13r.php" "Mozilla/5.0 (Windows NT 6.3; WOW64) AppleWebKit/537.36 (KHTML, like Gecko) Chrome/46.0.2490.86 Safari/537.36" "saveaslave.com"
190.115.185.105 - - [02/Dec/2015:10:53:19 -0800] "GET /photos/top.jpg HTTP/1.1" 200 50519 "http://saveaslave.com/news13r.php" "Mozilla/5.0 (Windows NT 6.3; WOW64) AppleWebKit/537.36 (KHTML, like Gecko) Chrome/46.0.2490.86 Safari/537.36" "saveaslave.com"
190.115.185.105 - - [02/Dec/2015:10:53:20 -0800] "GET /images/select-arrow.png HTTP/1.1" 200 1118 "http://saveaslave.com/css/style.css" "Mozilla/5.0 (Windows NT 6.3; WOW64) AppleWebKit/537.36 (KHTML, like Gecko) Chrome/46.0.2490.86 Safari/537.36" "saveaslave.com"
190.115.185.105 - - [02/Dec/2015:10:53:21 -0800] "GET /indicator.gif HTTP/1.1" 200 878 "http://saveaslave.com/news13r.php" "Mozilla/5.0 (Windows NT 6.3; WOW64) AppleWebKit/537.36 (KHTML, like Gecko) Chrome/46.0.2490.86 Safari/537.36" "saveaslave.com"
190.115.185.105 - - [02/Dec/2015:10:53:21 -0800] "GET /css/down-arrow.png HTTP/1.1" 404 89 "http://saveaslave.com/css/elements.css" "Mozilla/5.0 (Windows NT 6.3; WOW64) AppleWebKit/537.36 (KHTML, like Gecko) Chrome/46.0.2490.86 Safari/537.36" "saveaslave.com"
190.115.185.105 - - [02/Dec/2015:10:53:23 -0800] "GET /favicon.ico HTTP/1.1" 404 89 "http://saveaslave.com/news13r.php" "Mozilla/5.0 (Windows NT 6.3; WOW64) AppleWebKit/537.36 (KHTML, like Gecko) Chrome/46.0.2490.86 Safari/537.36" "saveaslave.com"
190.115.185.105 - - [02/Dec/2015:10:53:24 -0800] "GET /ico/favicon-16x16.png HTTP/1.1" 200 1129 "http://saveaslave.com/news13r.php" "Mozilla/5.0 (Windows NT 6.3; WOW64) AppleWebKit/537.36 (KHTML, like Gecko) Chrome/46.0.2490.86 Safari/537.36" "saveaslave.com"
66.249.64.194 - - [02/Dec/2015:10:55:41 -0800] "GET /www.casadelafamilia.org HTTP/1.1" 404 89 "-" "Mozilla/5.0 (iPhone; CPU iPhone OS 8_3 like Mac OS X) AppleWebKit/600.1.4 (KHTML, like Gecko) Version/8.0 Mobile/12F70 Safari/600.1.4 (compatible; Googlebot/2.1; +http://www.google.com/bot.html)" "www.saveaslave.com"
68.180.228.181 - - [02/Dec/2015:11:03:23 -0800] "GET /liechtenstein.html HTTP/1.1" 404 89 "-" "Mozilla/5.0 (compatible; Yahoo! Slurp; http://help.yahoo.com/help/us/ysearch/slurp)" "www.saveaslave.com"
206.126.26.12 - - [02/Dec/2015:11:03:46 -0800] "GET / HTTP/1.1" 200 51147 "-" "Mozilla/5.0 (Windows NT 6.1) AppleWebKit/537.36 (KHTML, like Gecko) Chrome/46.0.2490.86 Safari/537.36" "www.saveaslave.com"
206.126.26.12 - - [02/Dec/2015:11:03:47 -0800] "GET /css/bootstrap.min.css HTTP/1.1" 200 123578 "http://www.saveaslave.com/" "Mozilla/5.0 (Windows NT 6.1) AppleWebKit/537.36 (KHTML, like Gecko) Chrome/46.0.2490.86 Safari/537.36" "www.saveaslave.com"
206.126.26.12 - - [02/Dec/2015:11:03:47 -0800] "GET /css/style.css HTTP/1.1" 200 7938 "http://www.saveaslave.com/" "Mozilla/5.0 (Windows NT 6.1) AppleWebKit/537.36 (KHTML, like Gecko) Chrome/46.0.2490.86 Safari/537.36" "www.saveaslave.com"
206.126.26.12 - - [02/Dec/2015:11:03:47 -0800] "GET /assets/js/ie-emulation-modes-warning.js HTTP/1.1" 200 2130 "http://www.saveaslave.com/" "Mozilla/5.0 (Windows NT 6.1) AppleWebKit/537.36 (KHTML, like Gecko) Chrome/46.0.2490.86 Safari/537.36" "www.saveaslave.com"
206.126.26.12 - - [02/Dec/2015:11:03:47 -0800] "GET /gfeedfetcher.js HTTP/1.1" 200 9018 "http://www.saveaslave.com/" "Mozilla/5.0 (Windows NT 6.1) AppleWebKit/537.36 (KHTML, like Gecko) Chrome/46.0.2490.86 Safari/537.36" "www.saveaslave.com"
206.126.26.12 - - [02/Dec/2015:11:03:47 -0800] "GET /assets/js/ie10-viewport-bug-workaround.js HTTP/1.1" 200 641 "http://www.saveaslave.com/" "Mozilla/5.0 (Windows NT 6.1) AppleWebKit/537.36 (KHTML, like Gecko) Chrome/46.0.2490.86 Safari/537.36" "www.saveaslave.com"
206.126.26.12 - - [02/Dec/2015:11:03:47 -0800] "GET /js/bootstrap.min.js HTTP/1.1" 200 37055 "http://www.saveaslave.com/" "Mozilla/5.0 (Windows NT 6.1) AppleWebKit/537.36 (KHTML, like Gecko) Chrome/46.0.2490.86 Safari/537.36" "www.saveaslave.com"
206.126.26.12 - - [02/Dec/2015:11:03:50 -0800] "GET /favicon.ico HTTP/1.1" 404 89 "http://www.saveaslave.com/" "Mozilla/5.0 (Windows NT 6.1) AppleWebKit/537.36 (KHTML, like Gecko) Chrome/46.0.2490.86 Safari/537.36" "www.saveaslave.com"
206.126.26.12 - - [02/Dec/2015:11:03:50 -0800] "GET /favicon.ico HTTP/1.1" 404 89 "http://www.saveaslave.com/" "Mozilla/5.0 (Windows NT 6.1) AppleWebKit/537.36 (KHTML, like Gecko) Chrome/46.0.2490.86 Safari/537.36" "www.saveaslave.com"
206.126.26.12 - - [02/Dec/2015:11:03:51 -0800] "GET /favicon.ico HTTP/1.1" 404 89 "http://www.saveaslave.com/" "Mozilla/5.0 (Windows NT 6.1) AppleWebKit/537.36 (KHTML, like Gecko) Chrome/46.0.2490.86 Safari/537.36" "www.saveaslave.com"
206.126.26.12 - - [02/Dec/2015:11:03:51 -0800] "GET /ico/favicon-16x16.png HTTP/1.1" 200 1129 "http://www.saveaslave.com/" "Mozilla/5.0 (Windows NT 6.1) AppleWebKit/537.36 (KHTML, like Gecko) Chrome/46.0.2490.86 Safari/537.36" "www.saveaslave.com"
207.46.13.60 - - [02/Dec/2015:11:07:58 -0800] "GET /vanuatu HTTP/1.1" 404 89 "-" "Mozilla/5.0 (compatible; bingbot/2.0; +http://www.bing.com/bingbot.htm)" "www.saveaslave.com"
207.46.13.60 - - [02/Dec/2015:11:26:27 -0800] "GET /robots.txt HTTP/1.1" 200 48 "-" "Mozilla/5.0 (compatible; bingbot/2.0; +http://www.bing.com/bingbot.htm)" "saveaslave.com"
66.249.64.204 - - [02/Dec/2015:11:26:28 -0800] "GET /www.carecen-la.org HTTP/1.1" 404 89 "-" "Mozilla/5.0 (iPhone; CPU iPhone OS 8_3 like Mac OS X) AppleWebKit/600.1.4 (KHTML, like Gecko) Version/8.0 Mobile/12F70 Safari/600.1.4 (compatible; Googlebot/2.1; +http://www.google.com/bot.html)" "www.saveaslave.com"
208.115.113.86 - - [02/Dec/2015:11:28:51 -0800] "GET /robots.txt HTTP/1.1" 200 48 "-" "Mozilla/5.0 (compatible; DotBot/1.1; http://www.opensiteexplorer.org/dotbot, help@moz.com)" "saveaslave.com"
157.55.39.217 - - [02/Dec/2015:11:48:22 -0800] "GET /comoros.html HTTP/1.1" 404 89 "-" "Mozilla/5.0 (compatible; bingbot/2.0; +http://www.bing.com/bingbot.htm)" "saveaslave.com"
180.76.15.144 - - [02/Dec/2015:11:49:53 -0800] "GET /in-russian.php HTTP/1.1" 200 69155 "-" "Mozilla/5.0 (compatible; Baiduspider/2.0; +http://www.baidu.com/search/spider.html)" "www.saveaslave.com"
68.180.228.222 - - [02/Dec/2015:11:57:42 -0800] "GET /belarus.html HTTP/1.1" 404 89 "-" "Mozilla/5.0 (compatible; Yahoo! Slurp; http://help.yahoo.com/help/us/ysearch/slurp)" "saveaslave.com"
40.77.167.13 - - [02/Dec/2015:11:57:46 -0800] "GET /default.html HTTP/1.1" 404 89 "-" "msnbot-media/1.1 (+http://search.msn.com/msnbot.htm)" "www.saveaslave.com"
66.249.64.204 - - [02/Dec/2015:12:02:54 -0800] "GET /www.layn.org HTTP/1.1" 404 89 "-" "Mozilla/5.0 (iPhone; CPU iPhone OS 8_3 like Mac OS X) AppleWebKit/600.1.4 (KHTML, like Gecko) Version/8.0 Mobile/12F70 Safari/600.1.4 (compatible; Googlebot/2.1; +http://www.google.com/bot.html)" "www.saveaslave.com"
188.165.15.191 - - [02/Dec/2015:12:07:25 -0800] "GET /www.lafla.org HTTP/1.1" 404 89 "-" "Mozilla/5.0 (compatible; AhrefsBot/5.0; +http://ahrefs.com/robot/)" "www.saveaslave.com"
79.143.186.170 - - [02/Dec/2015:12:09:49 -0800] "GET / HTTP/1.1" 200 51147 "-" "Mozilla/5.0 (Windows; U; Windows NT 5.1; en-US) AppleWebKit/525.13 (KHTML, like Gecko) Chrome/0.A.B.C Safari/525.13;" "www.saveaslave.com"
79.143.186.170 - - [02/Dec/2015:12:10:15 -0800] "GET / HTTP/1.1" 200 51147 "-" "Mozilla/5.0 (Windows; U; Windows NT 5.1; en-US) AppleWebKit/525.13 (KHTML, like Gecko) Chrome/0.A.B.C Safari/525.13;" "www.saveaslave.com"
79.143.186.170 - - [02/Dec/2015:12:10:16 -0800] "GET /who-we-are.php HTTP/1.1" 200 50043 "-" "Mozilla/5.0 (Windows; U; Windows NT 5.1; en-US) AppleWebKit/525.13 (KHTML, like Gecko) Chrome/0.A.B.C Safari/525.13;" "www.saveaslave.com"
79.143.186.170 - - [02/Dec/2015:12:10:17 -0800] "GET /our-supporters.php HTTP/1.1" 200 53838 "-" "Mozilla/5.0 (Windows; U; Windows NT 5.1; en-US) AppleWebKit/525.13 (KHTML, like Gecko) Chrome/0.A.B.C Safari/525.13;" "www.saveaslave.com"
79.143.186.170 - - [02/Dec/2015:12:10:17 -0800] "GET /our-news.php HTTP/1.1" 200 47277 "-" "Mozilla/5.0 (Windows; U; Windows NT 5.1; en-US) AppleWebKit/525.13 (KHTML, like Gecko) Chrome/0.A.B.C Safari/525.13;" "www.saveaslave.com"
79.143.186.170 - - [02/Dec/2015:12:10:18 -0800] "GET /coalition-members-cast.php HTTP/1.1" 200 46864 "-" "Mozilla/5.0 (Windows; U; Windows NT 5.1; en-US) AppleWebKit/525.13 (KHTML, like Gecko) Chrome/0.A.B.C Safari/525.13;" "www.saveaslave.com"
79.143.186.170 - - [02/Dec/2015:12:10:19 -0800] "GET /news1.php HTTP/1.1" 200 43724 "-" "Mozilla/5.0 (Windows; U; Windows NT 5.1; en-US) AppleWebKit/525.13 (KHTML, like Gecko) Chrome/0.A.B.C Safari/525.13;" "www.saveaslave.com"
79.143.186.170 - - [02/Dec/2015:12:10:26 -0800] "GET / HTTP/1.1" 200 51147 "-" "Mozilla/5.0 (Windows; U; Windows NT 5.1; en-US) AppleWebKit/525.13 (KHTML, like Gecko) Chrome/0.A.B.C Safari/525.13;" "saveaslave.com"
79.143.186.170 - - [02/Dec/2015:12:10:27 -0800] "GET /in-russian.php HTTP/1.1" 200 69155 "-" "Mozilla/5.0 (Windows; U; Windows NT 5.1; en-US) AppleWebKit/525.13 (KHTML, like Gecko) Chrome/0.A.B.C Safari/525.13;" "saveaslave.com"
79.143.186.170 - - [02/Dec/2015:12:10:29 -0800] "GET /our-supporters.php HTTP/1.1" 200 53838 "-" "Mozilla/5.0 (Windows; U; Windows NT 5.1; en-US) AppleWebKit/525.13 (KHTML, like Gecko) Chrome/0.A.B.C Safari/525.13;" "saveaslave.com"
79.143.186.170 - - [02/Dec/2015:12:10:32 -0800] "GET /news7.php HTTP/1.1" 200 47523 "-" "Mozilla/5.0 (Windows; U; Windows NT 5.1; en-US) AppleWebKit/525.13 (KHTML, like Gecko) Chrome/0.A.B.C Safari/525.13;" "saveaslave.com"
79.143.186.170 - - [02/Dec/2015:12:10:32 -0800] "GET /news1.php HTTP/1.1" 200 43724 "-" "Mozilla/5.0 (Windows; U; Windows NT 5.1; en-US) AppleWebKit/525.13 (KHTML, like Gecko) Chrome/0.A.B.C Safari/525.13;" "saveaslave.com"
79.143.186.170 - - [02/Dec/2015:12:10:34 -0800] "GET /news5.php HTTP/1.1" 200 33144 "-" "Mozilla/5.0 (Windows; U; Windows NT 5.1; en-US) AppleWebKit/525.13 (KHTML, like Gecko) Chrome/0.A.B.C Safari/525.13;" "saveaslave.com"
217.69.133.30 - - [02/Dec/2015:12:11:53 -0800] "GET /samoa.html HTTP/1.1" 404 89 "-" "Mozilla/5.0 (compatible; Linux x86_64; Mail.RU_Bot/2.0; +http://go.mail.ru/help/robots)" "www.saveaslave.com"
188.165.15.191 - - [02/Dec/2015:12:14:05 -0800] "GET /www.jvsla.org HTTP/1.1" 404 89 "-" "Mozilla/5.0 (compatible; AhrefsBot/5.0; +http://ahrefs.com/robot/)" "www.saveaslave.com"
66.249.64.179 - - [02/Dec/2015:12:21:13 -0800] "GET /www.calstatela.org HTTP/1.1" 404 89 "-" "Mozilla/5.0 (iPhone; CPU iPhone OS 8_3 like Mac OS X) AppleWebKit/600.1.4 (KHTML, like Gecko) Version/8.0 Mobile/12F70 Safari/600.1.4 (compatible; Googlebot/2.1; +http://www.google.com/bot.html)" "www.saveaslave.com"
23.23.242.178 - - [02/Dec/2015:12:28:02 -0800] "GET /coalition-members-cast.php HTTP/1.1" 200 46864 "-" "Mozilla/5.0 (Windows; U; Windows NT 5.1; en-US; rv:1.9.2.8) Gecko/20100722 Firefox/3.6.8" "www.saveaslave.com"
207.224.145.228 - - [02/Dec/2015:12:28:17 -0800] "GET /images/countrymap/solomon-islands.gif HTTP/1.1" 404 89 "http://www.bing.com/images/search?q=where+are+the+solomon+islands&view=detailv2&&id=5FBCDE6E6CD59EC637966A85BCF7506376122D87&selectedIndex=9&ccid=%2b0GgVLKF&simid=607999445299038313&thid=OIP.Mfb41a054b2856b99d6b0417d42a1d859H0&mode=overlay" "Mozilla/5.0 (Windows NT 6.3; WOW64; Trident/7.0; rv:11.0) like Gecko" "www.saveaslave.com"
207.224.145.228 - - [02/Dec/2015:12:28:29 -0800] "GET /images/countrymap/solomon-islands.gif HTTP/1.1" 404 89 "http://www.bing.com/images/search?q=where+are+the+solomon+islands&view=detailv2&&id=AEAF6E35531D554A845C4AD4C5D3C12DB56FB082&selectedIndex=4&ccid=eJx1zqCp&simid=607999939214576748&thid=OIP.M789c75cea0a996d5b6e260c937c37b47H0&mode=overlay" "Mozilla/5.0 (Windows NT 6.3; WOW64; Trident/7.0; rv:11.0) like Gecko" "www.saveaslave.com"
66.249.64.199 - - [02/Dec/2015:12:33:29 -0800] "GET /www.migrante.com.mx HTTP/1.1" 404 89 "-" "Mozilla/5.0 (iPhone; CPU iPhone OS 8_3 like Mac OS X) AppleWebKit/600.1.4 (KHTML, like Gecko) Version/8.0 Mobile/12F70 Safari/600.1.4 (compatible; Googlebot/2.1; +http://www.google.com/bot.html)" "www.saveaslave.com"
66.249.64.179 - - [02/Dec/2015:12:34:15 -0800] "GET /www.hijcenter.org HTTP/1.1" 404 89 "-" "Mozilla/5.0 (iPhone; CPU iPhone OS 8_3 like Mac OS X) AppleWebKit/600.1.4 (KHTML, like Gecko) Version/8.0 Mobile/12F70 Safari/600.1.4 (compatible; Googlebot/2.1; +http://www.google.com/bot.html)" "www.saveaslave.com"
199.58.86.209 - - [02/Dec/2015:12:36:05 -0800] "GET /robots.txt HTTP/1.1" 200 48 "-" "Mozilla/5.0 (compatible; MJ12bot/v1.4.5; http://www.majestic12.co.uk/bot.php?+)" "saveaslave.com"
199.58.86.209 - - [02/Dec/2015:12:36:07 -0800] "GET / HTTP/1.1" 200 51147 "-" "Mozilla/5.0 (compatible; MJ12bot/v1.4.5; http://www.majestic12.co.uk/bot.php?+)" "saveaslave.com"
66.249.64.204 - - [02/Dec/2015:12:49:36 -0800] "GET /www.rshm.org HTTP/1.1" 404 89 "-" "Mozilla/5.0 (iPhone; CPU iPhone OS 8_3 like Mac OS X) AppleWebKit/600.1.4 (KHTML, like Gecko) Version/8.0 Mobile/12F70 Safari/600.1.4 (compatible; Googlebot/2.1; +http://www.google.com/bot.html)" "www.saveaslave.com"
208.115.113.94 - - [02/Dec/2015:13:04:47 -0800] "GET /robots.txt HTTP/1.1" 200 48 "-" "Mozilla/5.0 (compatible; DotBot/1.1; http://www.opensiteexplorer.org/dotbot, help@moz.com)" "saveaslave.com"
208.115.113.86 - - [02/Dec/2015:13:06:04 -0800] "GET /robots.txt HTTP/1.1" 200 48 "-" "Mozilla/5.0 (compatible; DotBot/1.1; http://www.opensiteexplorer.org/dotbot, help@moz.com)" "www.saveaslave.com"
208.115.113.86 - - [02/Dec/2015:13:06:04 -0800] "GET /robots.txt HTTP/1.1" 200 48 "-" "Mozilla/5.0 (compatible; DotBot/1.1; http://www.opensiteexplorer.org/dotbot, help@moz.com)" "saveaslave.com"
66.249.64.175 - - [02/Dec/2015:13:07:20 -0800] "GET /www.tahirih.org HTTP/1.1" 404 89 "-" "Mozilla/5.0 (iPhone; CPU iPhone OS 8_3 like Mac OS X) AppleWebKit/600.1.4 (KHTML, like Gecko) Version/8.0 Mobile/12F70 Safari/600.1.4 (compatible; Googlebot/2.1; +http://www.google.com/bot.html)" "www.saveaslave.com"
66.249.64.180 - - [02/Dec/2015:13:08:33 -0800] "GET /www.cpaf.org HTTP/1.1" 404 89 "-" "Mozilla/5.0 (iPhone; CPU iPhone OS 8_3 like Mac OS X) AppleWebKit/600.1.4 (KHTML, like Gecko) Version/8.0 Mobile/12F70 Safari/600.1.4 (compatible; Googlebot/2.1; +http://www.google.com/bot.html)" "www.saveaslave.com"
66.249.64.189 - - [02/Dec/2015:13:09:29 -0800] "GET /www.safehorizon.org HTTP/1.1" 404 89 "-" "Mozilla/5.0 (iPhone; CPU iPhone OS 8_3 like Mac OS X) AppleWebKit/600.1.4 (KHTML, like Gecko) Version/8.0 Mobile/12F70 Safari/600.1.4 (compatible; Googlebot/2.1; +http://www.google.com/bot.html)" "www.saveaslave.com"
40.77.167.13 - - [02/Dec/2015:13:13:02 -0800] "GET /afghanistan.html HTTP/1.1" 404 89 "-" "msnbot-media/1.1 (+http://search.msn.com/msnbot.htm)" "www.saveaslave.com"
188.165.15.191 - - [02/Dec/2015:13:17:40 -0800] "GET /www.bpsos.org HTTP/1.1" 404 89 "-" "Mozilla/5.0 (compatible; AhrefsBot/5.0; +http://ahrefs.com/robot/)" "www.saveaslave.com"
161.23.245.89 - - [02/Dec/2015:13:24:13 -0800] "GET /css/bootstrap.min.css HTTP/1.1" 200 123578 "http://www.saveaslave.com/" "Mozilla/5.0 (Macintosh; Intel Mac OS X 10_10_3) AppleWebKit/600.5.17 (KHTML, like Gecko) Version/8.0.5 Safari/600.5.17" "www.saveaslave.com"
161.23.245.89 - - [02/Dec/2015:13:24:13 -0800] "GET /css/style.css HTTP/1.1" 200 7938 "http://www.saveaslave.com/" "Mozilla/5.0 (Macintosh; Intel Mac OS X 10_10_3) AppleWebKit/600.5.17 (KHTML, like Gecko) Version/8.0.5 Safari/600.5.17" "www.saveaslave.com"
161.23.245.89 - - [02/Dec/2015:13:24:13 -0800] "GET /assets/js/ie-emulation-modes-warning.js HTTP/1.1" 200 2130 "http://www.saveaslave.com/" "Mozilla/5.0 (Macintosh; Intel Mac OS X 10_10_3) AppleWebKit/600.5.17 (KHTML, like Gecko) Version/8.0.5 Safari/600.5.17" "www.saveaslave.com"
161.23.245.89 - - [02/Dec/2015:13:24:13 -0800] "GET /gajaxscroller.js HTTP/1.1" 200 9774 "http://www.saveaslave.com/" "Mozilla/5.0 (Macintosh; Intel Mac OS X 10_10_3) AppleWebKit/600.5.17 (KHTML, like Gecko) Version/8.0.5 Safari/600.5.17" "www.saveaslave.com"
161.23.245.89 - - [02/Dec/2015:13:24:14 -0800] "GET /assets/js/ie10-viewport-bug-workaround.js HTTP/1.1" 200 641 "http://www.saveaslave.com/" "Mozilla/5.0 (Macintosh; Intel Mac OS X 10_10_3) AppleWebKit/600.5.17 (KHTML, like Gecko) Version/8.0.5 Safari/600.5.17" "www.saveaslave.com"
161.23.245.89 - - [02/Dec/2015:13:24:14 -0800] "GET /js/bootstrap.min.js HTTP/1.1" 200 37055 "http://www.saveaslave.com/" "Mozilla/5.0 (Macintosh; Intel Mac OS X 10_10_3) AppleWebKit/600.5.17 (KHTML, like Gecko) Version/8.0.5 Safari/600.5.17" "www.saveaslave.com"
161.23.245.89 - - [02/Dec/2015:13:24:15 -0800] "GET /images/logo2.png HTTP/1.1" 200 18525 "http://www.saveaslave.com/" "Mozilla/5.0 (Macintosh; Intel Mac OS X 10_10_3) AppleWebKit/600.5.17 (KHTML, like Gecko) Version/8.0.5 Safari/600.5.17" "www.saveaslave.com"
161.23.245.89 - - [02/Dec/2015:13:24:15 -0800] "GET /photos/article8a.jpg HTTP/1.1" 200 11299 "http://www.saveaslave.com/" "Mozilla/5.0 (Macintosh; Intel Mac OS X 10_10_3) AppleWebKit/600.5.17 (KHTML, like Gecko) Version/8.0.5 Safari/600.5.17" "www.saveaslave.com"
161.23.245.89 - - [02/Dec/2015:13:24:15 -0800] "GET /photos/Cast-Logo-Print.png HTTP/1.1" 200 21398 "http://www.saveaslave.com/" "Mozilla/5.0 (Macintosh; Intel Mac OS X 10_10_3) AppleWebKit/600.5.17 (KHTML, like Gecko) Version/8.0.5 Safari/600.5.17" "www.saveaslave.com"
161.23.245.89 - - [02/Dec/2015:13:24:15 -0800] "GET /images/cover1.jpg HTTP/1.1" 200 253658 "http://www.saveaslave.com/" "Mozilla/5.0 (Macintosh; Intel Mac OS X 10_10_3) AppleWebKit/600.5.17 (KHTML, like Gecko) Version/8.0.5 Safari/600.5.17" "www.saveaslave.com"
161.23.245.89 - - [02/Dec/2015:13:24:15 -0800] "GET /photos/article7.jpg HTTP/1.1" 200 15527 "http://www.saveaslave.com/" "Mozilla/5.0 (Macintosh; Intel Mac OS X 10_10_3) AppleWebKit/600.5.17 (KHTML, like Gecko) Version/8.0.5 Safari/600.5.17" "www.saveaslave.com"
161.23.245.89 - - [02/Dec/2015:13:24:15 -0800] "GET /photos/article2.jpg HTTP/1.1" 200 15209 "http://www.saveaslave.com/" "Mozilla/5.0 (Macintosh; Intel Mac OS X 10_10_3) AppleWebKit/600.5.17 (KHTML, like Gecko) Version/8.0.5 Safari/600.5.17" "www.saveaslave.com"
161.23.245.89 - - [02/Dec/2015:13:24:15 -0800] "GET /photos/article3a.jpg HTTP/1.1" 200 12445 "http://www.saveaslave.com/" "Mozilla/5.0 (Macintosh; Intel Mac OS X 10_10_3) AppleWebKit/600.5.17 (KHTML, like Gecko) Version/8.0.5 Safari/600.5.17" "www.saveaslave.com"
161.23.245.89 - - [02/Dec/2015:13:24:15 -0800] "GET /photos/article1.jpg HTTP/1.1" 200 11640 "http://www.saveaslave.com/" "Mozilla/5.0 (Macintosh; Intel Mac OS X 10_10_3) AppleWebKit/600.5.17 (KHTML, like Gecko) Version/8.0.5 Safari/600.5.17" "www.saveaslave.com"
161.23.245.89 - - [02/Dec/2015:13:24:15 -0800] "GET /photos/article4.png HTTP/1.1" 200 42622 "http://www.saveaslave.com/" "Mozilla/5.0 (Macintosh; Intel Mac OS X 10_10_3) AppleWebKit/600.5.17 (KHTML, like Gecko) Version/8.0.5 Safari/600.5.17" "www.saveaslave.com"
161.23.245.89 - - [02/Dec/2015:13:24:15 -0800] "GET /photos/article5.jpg HTTP/1.1" 200 14497 "http://www.saveaslave.com/" "Mozilla/5.0 (Macintosh; Intel Mac OS X 10_10_3) AppleWebKit/600.5.17 (KHTML, like Gecko) Version/8.0.5 Safari/600.5.17" "www.saveaslave.com"
