173.190.91.2 - - [01/Dec/2015:15:47:42 -0800] "GET /images/supporters/children-on-the%20edge.png HTTP/1.1" 200 9509 "http://www.saveaslave.com/our-supporters.php" "Mozilla/5.0 (Macintosh; Intel Mac OS X 10_10_5) AppleWebKit/537.36 (KHTML, like Gecko) Chrome/46.0.2490.86 Safari/537.36" "www.saveaslave.com"
173.190.91.2 - - [01/Dec/2015:15:47:42 -0800] "GET /images/supporters/logo_header.jpg HTTP/1.1" 200 10679 "http://www.saveaslave.com/our-supporters.php" "Mozilla/5.0 (Macintosh; Intel Mac OS X 10_10_5) AppleWebKit/537.36 (KHTML, like Gecko) Chrome/46.0.2490.86 Safari/537.36" "www.saveaslave.com"
173.190.91.2 - - [01/Dec/2015:15:47:42 -0800] "GET /images/supporters/child-wise.jpg HTTP/1.1" 200 5250 "http://www.saveaslave.com/our-supporters.php" "Mozilla/5.0 (Macintosh; Intel Mac OS X 10_10_5) AppleWebKit/537.36 (KHTML, like Gecko) Chrome/46.0.2490.86 Safari/537.36" "www.saveaslave.com"
173.190.91.2 - - [01/Dec/2015:15:47:42 -0800] "GET /images/supporters/rescue-foundation.jpg HTTP/1.1" 200 3083 "http://www.saveaslave.com/our-supporters.php" "Mozilla/5.0 (Macintosh; Intel Mac OS X 10_10_5) AppleWebKit/537.36 (KHTML, like Gecko) Chrome/46.0.2490.86 Safari/537.36" "www.saveaslave.com"
173.190.91.2 - - [01/Dec/2015:15:47:42 -0800] "GET /images/supporters/made-free.png HTTP/1.1" 200 5762 "http://www.saveaslave.com/our-supporters.php" "Mozilla/5.0 (Macintosh; Intel Mac OS X 10_10_5) AppleWebKit/537.36 (KHTML, like Gecko) Chrome/46.0.2490.86 Safari/537.36" "www.saveaslave.com"
173.190.91.2 - - [01/Dec/2015:15:47:42 -0800] "GET /images/supporters/Asset-Logo.jpg HTTP/1.1" 200 36053 "http://www.saveaslave.com/our-supporters.php" "Mozilla/5.0 (Macintosh; Intel Mac OS X 10_10_5) AppleWebKit/537.36 (KHTML, like Gecko) Chrome/46.0.2490.86 Safari/537.36" "www.saveaslave.com"
173.190.91.2 - - [01/Dec/2015:15:47:42 -0800] "GET /images/supporters/Solidarity_Center.png HTTP/1.1" 200 9296 "http://www.saveaslave.com/our-supporters.php" "Mozilla/5.0 (Macintosh; Intel Mac OS X 10_10_5) AppleWebKit/537.36 (KHTML, like Gecko) Chrome/46.0.2490.86 Safari/537.36" "www.saveaslave.com"
173.190.91.2 - - [01/Dec/2015:15:47:42 -0800] "GET /images/supporters/love-logo.png HTTP/1.1" 200 6021 "http://www.saveaslave.com/our-supporters.php" "Mozilla/5.0 (Macintosh; Intel Mac OS X 10_10_5) AppleWebKit/537.36 (KHTML, like Gecko) Chrome/46.0.2490.86 Safari/537.36" "www.saveaslave.com"
173.190.91.2 - - [01/Dec/2015:15:47:42 -0800] "GET /images/supporters/ApneAap_logo.png HTTP/1.1" 200 8305 "http://www.saveaslave.com/our-supporters.php" "Mozilla/5.0 (Macintosh; Intel Mac OS X 10_10_5) AppleWebKit/537.36 (KHTML, like Gecko) Chrome/46.0.2490.86 Safari/537.36" "www.saveaslave.com"
173.190.91.2 - - [01/Dec/2015:15:47:42 -0800] "GET /images/supporters/safe-horizon.png HTTP/1.1" 200 16608 "http://www.saveaslave.com/our-supporters.php" "Mozilla/5.0 (Macintosh; Intel Mac OS X 10_10_5) AppleWebKit/537.36 (KHTML, like Gecko) Chrome/46.0.2490.86 Safari/537.36" "www.saveaslave.com"
173.190.91.2 - - [01/Dec/2015:15:47:42 -0800] "GET /images/supporters/logo_endslaverynow.png HTTP/1.1" 200 27566 "http://www.saveaslave.com/our-supporters.php" "Mozilla/5.0 (Macintosh; Intel Mac OS X 10_10_5) AppleWebKit/537.36 (KHTML, like Gecko) Chrome/46.0.2490.86 Safari/537.36" "www.saveaslave.com"
173.190.91.2 - - [01/Dec/2015:15:47:42 -0800] "GET /images/supporters/walk-free.jpg HTTP/1.1" 200 4277 "http://www.saveaslave.com/our-supporters.php" "Mozilla/5.0 (Macintosh; Intel Mac OS X 10_10_5) AppleWebKit/537.36 (KHTML, like Gecko) Chrome/46.0.2490.86 Safari/537.36" "www.saveaslave.com"
173.190.91.2 - - [01/Dec/2015:15:47:42 -0800] "GET /images/supporters/maitilogo.png HTTP/1.1" 200 12792 "http://www.saveaslave.com/our-supporters.php" "Mozilla/5.0 (Macintosh; Intel Mac OS X 10_10_5) AppleWebKit/537.36 (KHTML, like Gecko) Chrome/46.0.2490.86 Safari/537.36" "www.saveaslave.com"
173.190.91.2 - - [01/Dec/2015:15:47:42 -0800] "GET /images/supporters/IJM.jpg HTTP/1.1" 200 6203 "http://www.saveaslave.com/our-supporters.php" "Mozilla/5.0 (Macintosh; Intel Mac OS X 10_10_5) AppleWebKit/537.36 (KHTML, like Gecko) Chrome/46.0.2490.86 Safari/537.36" "www.saveaslave.com"
173.190.91.2 - - [01/Dec/2015:15:47:42 -0800] "GET /images/supporters/gems.jpg HTTP/1.1" 200 5045 "http://www.saveaslave.com/our-supporters.php" "Mozilla/5.0 (Macintosh; Intel Mac OS X 10_10_5) AppleWebKit/537.36 (KHTML, like Gecko) Chrome/46.0.2490.86 Safari/537.36" "www.saveaslave.com"
173.190.91.2 - - [01/Dec/2015:15:47:42 -0800] "GET /css/down-arrow.png HTTP/1.1" 404 89 "http://www.saveaslave.com/css/elements.css" "Mozilla/5.0 (Macintosh; Intel Mac OS X 10_10_5) AppleWebKit/537.36 (KHTML, like Gecko) Chrome/46.0.2490.86 Safari/537.36" "www.saveaslave.com"
173.190.91.2 - - [01/Dec/2015:15:47:42 -0800] "GET /images/supporters/trucker.jpg HTTP/1.1" 200 6096 "http://www.saveaslave.com/our-supporters.php" "Mozilla/5.0 (Macintosh; Intel Mac OS X 10_10_5) AppleWebKit/537.36 (KHTML, like Gecko) Chrome/46.0.2490.86 Safari/537.36" "www.saveaslave.com"
173.190.91.2 - - [01/Dec/2015:15:47:42 -0800] "GET /images/supporters/goodweave.jpg HTTP/1.1" 200 5217 "http://www.saveaslave.com/our-supporters.php" "Mozilla/5.0 (Macintosh; Intel Mac OS X 10_10_5) AppleWebKit/537.36 (KHTML, like Gecko) Chrome/46.0.2490.86 Safari/537.36" "www.saveaslave.com"
173.190.91.2 - - [01/Dec/2015:15:47:52 -0800] "GET /our-news.php HTTP/1.1" 200 47312 "http://www.saveaslave.com/our-supporters.php" "Mozilla/5.0 (Macintosh; Intel Mac OS X 10_10_5) AppleWebKit/537.36 (KHTML, like Gecko) Chrome/46.0.2490.86 Safari/537.36" "www.saveaslave.com"
173.190.91.2 - - [01/Dec/2015:15:47:52 -0800] "GET /css/down-arrow.png HTTP/1.1" 404 89 "http://www.saveaslave.com/css/elements.css" "Mozilla/5.0 (Macintosh; Intel Mac OS X 10_10_5) AppleWebKit/537.36 (KHTML, like Gecko) Chrome/46.0.2490.86 Safari/537.36" "www.saveaslave.com"
173.190.91.2 - - [01/Dec/2015:15:47:55 -0800] "GET / HTTP/1.1" 200 51170 "http://www.saveaslave.com/our-news.php" "Mozilla/5.0 (Macintosh; Intel Mac OS X 10_10_5) AppleWebKit/537.36 (KHTML, like Gecko) Chrome/46.0.2490.86 Safari/537.36" "www.saveaslave.com"
208.115.113.94 - - [01/Dec/2015:15:56:29 -0800] "GET /www.covdov.org HTTP/1.1" 404 89 "-" "Mozilla/5.0 (compatible; DotBot/1.1; http://www.opensiteexplorer.org/dotbot, help@moz.com)" "saveaslave.com"
66.249.64.194 - - [01/Dec/2015:15:57:05 -0800] "GET /images/countrymap/yemen-flag.jpg HTTP/1.1" 404 89 "-" "Googlebot-Image/1.0" "www.saveaslave.com"
207.46.13.60 - - [01/Dec/2015:16:09:08 -0800] "GET /portugal HTTP/1.1" 404 89 "-" "msnbot-media/1.1 (+http://search.msn.com/msnbot.htm)" "www.saveaslave.com"
40.77.167.13 - - [01/Dec/2015:16:24:56 -0800] "GET /robots.txt HTTP/1.1" 200 48 "-" "Mozilla/5.0 (compatible; bingbot/2.0; +http://www.bing.com/bingbot.htm)" "www.saveaslave.com"
71.138.136.13 - - [01/Dec/2015:16:35:49 -0800] "GET / HTTP/1.1" 200 51111 "http://t.co/MoR8lnFwqJ" "Mozilla/5.0 (Macintosh; Intel Mac OS X 10_10_5) AppleWebKit/601.1.56 (KHTML, like Gecko) Version/9.0 Safari/601.1.56" "saveaslave.com"
71.138.136.13 - - [01/Dec/2015:16:35:50 -0800] "GET /css/style.css HTTP/1.1" 200 7938 "http://saveaslave.com/" "Mozilla/5.0 (Macintosh; Intel Mac OS X 10_10_5) AppleWebKit/601.1.56 (KHTML, like Gecko) Version/9.0 Safari/601.1.56" "saveaslave.com"
71.138.136.13 - - [01/Dec/2015:16:35:51 -0800] "GET /assets/js/ie10-viewport-bug-workaround.js HTTP/1.1" 200 641 "http://saveaslave.com/" "Mozilla/5.0 (Macintosh; Intel Mac OS X 10_10_5) AppleWebKit/601.1.56 (KHTML, like Gecko) Version/9.0 Safari/601.1.56" "saveaslave.com"
71.138.136.13 - - [01/Dec/2015:16:35:51 -0800] "GET /js/bootstrap.min.js HTTP/1.1" 200 37055 "http://saveaslave.com/" "Mozilla/5.0 (Macintosh; Intel Mac OS X 10_10_5) AppleWebKit/601.1.56 (KHTML, like Gecko) Version/9.0 Safari/601.1.56" "saveaslave.com"
71.138.136.13 - - [01/Dec/2015:16:35:52 -0800] "GET /photos/article7.jpg HTTP/1.1" 200 15527 "http://saveaslave.com/" "Mozilla/5.0 (Macintosh; Intel Mac OS X 10_10_5) AppleWebKit/601.1.56 (KHTML, like Gecko) Version/9.0 Safari/601.1.56" "saveaslave.com"
66.249.64.189 - - [01/Dec/2015:16:45:47 -0800] "GET /www.ncjla.org HTTP/1.1" 404 89 "-" "Mozilla/5.0 (compatible; Googlebot/2.1; +http://www.google.com/bot.html)" "www.saveaslave.com"
207.46.13.186 - - [01/Dec/2015:17:04:52 -0800] "GET /robots.txt HTTP/1.1" 200 48 "-" "Mozilla/5.0 (compatible; bingbot/2.0; +http://www.bing.com/bingbot.htm)" "www.saveaslave.com"
207.46.13.186 - - [01/Dec/2015:17:10:48 -0800] "GET /images/countrymap/andorra.jpg HTTP/1.1" 404 89 "-" "Mozilla/5.0 (compatible; bingbot/2.0; +http://www.bing.com/bingbot.htm)" "www.saveaslave.com"
40.77.167.13 - - [01/Dec/2015:17:11:05 -0800] "GET /robots.txt HTTP/1.1" 200 48 "-" "Mozilla/5.0 (compatible; bingbot/2.0; +http://www.bing.com/bingbot.htm)" "saveaslave.com"
68.180.228.222 - - [01/Dec/2015:17:17:23 -0800] "GET /liechtenstein.html HTTP/1.1" 404 89 "-" "Mozilla/5.0 (compatible; Yahoo! Slurp; http://help.yahoo.com/help/us/ysearch/slurp)" "saveaslave.com"
40.112.145.137 - - [01/Dec/2015:17:20:35 -0800] "GET /resources.html HTTP/1.1" 404 89 "http://www.floridaelderlawservices.com/links.html" "Mozilla/5.0 (Windows; U; MSIE 9.0; Windows NT 9.0; en-US)" "www.saveaslave.com"
100.43.81.130 - - [01/Dec/2015:17:29:49 -0800] "GET /niger.html HTTP/1.1" 404 89 "-" "Mozilla/5.0 (compatible; YandexBot/3.0; +http://yandex.com/bots)" "saveaslave.com"
217.69.133.29 - - [01/Dec/2015:17:33:21 -0800] "GET /robots.txt HTTP/1.1" 200 48 "-" "Mozilla/5.0 (compatible; Linux x86_64; Mail.RU_Bot/2.0; +http://go.mail.ru/help/robots)" "saveaslave.com"
180.76.15.158 - - [01/Dec/2015:17:49:09 -0800] "GET /country.php?name=Hungary&lang=en HTTP/1.1" 200 47377 "-" "Mozilla/5.0 (compatible; Baiduspider/2.0; +http://www.baidu.com/search/spider.html)" "www.saveaslave.com"
207.46.13.186 - - [01/Dec/2015:17:49:30 -0800] "GET /turks-caicos-islands.html HTTP/1.1" 404 89 "-" "Mozilla/5.0 (compatible; bingbot/2.0; +http://www.bing.com/bingbot.htm)" "saveaslave.com"
157.55.39.151 - - [01/Dec/2015:17:49:51 -0800] "GET /classifieds HTTP/1.1" 404 89 "-" "msnbot-media/1.1 (+http://search.msn.com/msnbot.htm)" "www.saveaslave.com"
61.135.189.101 - - [01/Dec/2015:17:52:51 -0800] "GET /robots.txt HTTP/1.1" 200 48 "-" "Sogou web spider/4.0(+http://www.sogou.com/docs/help/webmasters.htm#07)" "saveaslave.com"
40.77.167.13 - - [01/Dec/2015:17:53:13 -0800] "GET /hong-kong.html HTTP/1.1" 404 89 "-" "Mozilla/5.0 (compatible; bingbot/2.0; +http://www.bing.com/bingbot.htm)" "saveaslave.com"
40.77.167.13 - - [01/Dec/2015:17:53:14 -0800] "GET /images/countrymap/kiribati-flag.gif HTTP/1.1" 404 89 "-" "Mozilla/5.0 (compatible; bingbot/2.0; +http://www.bing.com/bingbot.htm)" "saveaslave.com"
40.77.167.13 - - [01/Dec/2015:17:53:14 -0800] "GET /images/countrymap/hong-kong-flag.gif HTTP/1.1" 404 89 "-" "Mozilla/5.0 (compatible; bingbot/2.0; +http://www.bing.com/bingbot.htm)" "saveaslave.com"
207.46.13.186 - - [01/Dec/2015:18:05:15 -0800] "GET /images/countrymap/italy-flag.gif HTTP/1.1" 404 89 "-" "Mozilla/5.0 (compatible; bingbot/2.0; +http://www.bing.com/bingbot.htm)" "www.saveaslave.com"
151.80.31.152 - - [01/Dec/2015:18:05:33 -0800] "GET /finland.html HTTP/1.1" 404 89 "-" "Mozilla/5.0 (compatible; AhrefsBot/5.0; +http://ahrefs.com/robot/)" "www.saveaslave.com"
68.180.228.181 - - [01/Dec/2015:18:08:27 -0800] "GET /burma.html HTTP/1.1" 404 89 "-" "Mozilla/5.0 (compatible; Yahoo! Slurp; http://help.yahoo.com/help/us/ysearch/slurp)" "www.saveaslave.com"
50.53.150.12 - - [01/Dec/2015:18:09:32 -0800] "GET /css/bootstrap.min.css HTTP/1.1" 200 123578 "http://saveaslave.com/who-we-are.php" "Mozilla/5.0 (Windows NT 10.0; WOW64) AppleWebKit/537.36 (KHTML, like Gecko) Chrome/46.0.2490.86 Safari/537.36" "saveaslave.com"
50.53.150.12 - - [01/Dec/2015:18:09:32 -0800] "GET /css/elements.css HTTP/1.1" 200 17857 "http://saveaslave.com/who-we-are.php" "Mozilla/5.0 (Windows NT 10.0; WOW64) AppleWebKit/537.36 (KHTML, like Gecko) Chrome/46.0.2490.86 Safari/537.36" "saveaslave.com"
50.53.150.12 - - [01/Dec/2015:18:09:32 -0800] "GET /gfeedfetcher.js HTTP/1.1" 200 9018 "http://saveaslave.com/who-we-are.php" "Mozilla/5.0 (Windows NT 10.0; WOW64) AppleWebKit/537.36 (KHTML, like Gecko) Chrome/46.0.2490.86 Safari/537.36" "saveaslave.com"
50.53.150.12 - - [01/Dec/2015:18:09:32 -0800] "GET /assets/js/ie-emulation-modes-warning.js HTTP/1.1" 200 2130 "http://saveaslave.com/who-we-are.php" "Mozilla/5.0 (Windows NT 10.0; WOW64) AppleWebKit/537.36 (KHTML, like Gecko) Chrome/46.0.2490.86 Safari/537.36" "saveaslave.com"
50.53.150.12 - - [01/Dec/2015:18:09:32 -0800] "GET /gajaxscroller.js HTTP/1.1" 200 9774 "http://saveaslave.com/who-we-are.php" "Mozilla/5.0 (Windows NT 10.0; WOW64) AppleWebKit/537.36 (KHTML, like Gecko) Chrome/46.0.2490.86 Safari/537.36" "saveaslave.com"
50.53.150.12 - - [01/Dec/2015:18:09:33 -0800] "GET /photos/article6.jpg HTTP/1.1" 200 57746 "http://saveaslave.com/who-we-are.php" "Mozilla/5.0 (Windows NT 10.0; WOW64) AppleWebKit/537.36 (KHTML, like Gecko) Chrome/46.0.2490.86 Safari/537.36" "saveaslave.com"
50.53.150.12 - - [01/Dec/2015:18:09:33 -0800] "GET /photos/article5.jpg HTTP/1.1" 200 14497 "http://saveaslave.com/who-we-are.php" "Mozilla/5.0 (Windows NT 10.0; WOW64) AppleWebKit/537.36 (KHTML, like Gecko) Chrome/46.0.2490.86 Safari/537.36" "saveaslave.com"
50.53.150.12 - - [01/Dec/2015:18:09:33 -0800] "GET /images/social1.png HTTP/1.1" 200 2012 "http://saveaslave.com/who-we-are.php" "Mozilla/5.0 (Windows NT 10.0; WOW64) AppleWebKit/537.36 (KHTML, like Gecko) Chrome/46.0.2490.86 Safari/537.36" "saveaslave.com"
50.53.150.12 - - [01/Dec/2015:18:09:33 -0800] "GET /ico/favicon-16x16.png HTTP/1.1" 200 1129 "http://saveaslave.com/who-we-are.php" "Mozilla/5.0 (Windows NT 10.0; WOW64) AppleWebKit/537.36 (KHTML, like Gecko) Chrome/46.0.2490.86 Safari/537.36" "saveaslave.com"
208.115.113.94 - - [01/Dec/2015:18:11:48 -0800] "GET /www.casadelafamilia.org HTTP/1.1" 404 89 "-" "Mozilla/5.0 (compatible; DotBot/1.1; http://www.opensiteexplorer.org/dotbot, help@moz.com)" "www.saveaslave.com"
180.76.15.7 - - [01/Dec/2015:18:19:08 -0800] "GET /israel.html HTTP/1.1" 404 89 "-" "Mozilla/5.0 (compatible; Baiduspider/2.0; +http://www.baidu.com/search/spider.html)" "www.saveaslave.com"
61.135.189.101 - - [01/Dec/2015:18:35:15 -0800] "GET /site/?cat=53 HTTP/1.1" 404 89 "-" "Sogou web spider/4.0(+http://www.sogou.com/docs/help/webmasters.htm#07)" "saveaslave.com"
61.135.189.101 - - [01/Dec/2015:18:35:41 -0800] "GET /site/?cat=23 HTTP/1.1" 404 89 "-" "Sogou web spider/4.0(+http://www.sogou.com/docs/help/webmasters.htm#07)" "saveaslave.com"
208.115.113.94 - - [01/Dec/2015:18:43:57 -0800] "GET /robots.txt HTTP/1.1" 200 48 "-" "Mozilla/5.0 (compatible; DotBot/1.1; http://www.opensiteexplorer.org/dotbot, help@moz.com)" "www.saveaslave.com"
208.115.113.94 - - [01/Dec/2015:18:43:57 -0800] "GET /robots.txt HTTP/1.1" 200 48 "-" "Mozilla/5.0 (compatible; DotBot/1.1; http://www.opensiteexplorer.org/dotbot, help@moz.com)" "saveaslave.com"
24.46.224.217 - - [01/Dec/2015:18:45:58 -0800] "GET /photos/top.jpg HTTP/1.1" 200 50519 "https://www.google.com/" "Mozilla/5.0 (Windows NT 6.1; WOW64) AppleWebKit/537.36 (KHTML, like Gecko) Chrome/46.0.2490.86 Safari/537.36" "saveaslave.com"
69.147.77.32 - - [01/Dec/2015:18:48:33 -0800] "GET /images/countrymap/solomon-islands.gif HTTP/1.1" 404 89 "https://search.yahoo.com/yhs/search;_ylt=A0LEV73hW15W1g4AwhsPxQt.;_ylu=X3oDMTEyMTdrNmllBGNvbG8DYmYxBHBvcwMxBHZ0aWQDBHNlYwNzcC1zdWdnLWU-?p=solomon+islands+map&type=840_pr__alt__ddc_dss_bd_com&hsimp=yhs-ddc_bd&hspart=ddc&ei=UTF-8&fr2=p%3As%2Cv%3Aw%2Cm%3Aat-e&fr=yhs-ddc-ddc_bd" "YahooCacheSystem; YahooWebServiceClient" "www.saveaslave.com"
23.23.242.178 - - [01/Dec/2015:18:49:19 -0800] "GET /news6r.php HTTP/1.1" 200 73 "-" "Mozilla/5.0 (Windows; U; Windows NT 5.1; en-US; rv:1.9.2.8) Gecko/20100722 Firefox/3.6.8" "saveaslave.com"
217.69.133.14 - - [01/Dec/2015:18:52:32 -0800] "GET /robots.txt HTTP/1.1" 200 48 "-" "Mozilla/5.0 (compatible; Linux x86_64; Mail.RU_Bot/2.0; +http://go.mail.ru/help/robots)" "saveaslave.com"
217.69.133.13 - - [01/Dec/2015:18:54:02 -0800] "GET /site/?cat=211 HTTP/1.1" 404 89 "-" "Mozilla/5.0 (compatible; Linux x86_64; Mail.RU_Bot/2.0; +http://go.mail.ru/help/robots)" "saveaslave.com"
188.165.15.204 - - [01/Dec/2015:18:58:14 -0800] "GET / HTTP/1.1" 200 51147 "-" "Mozilla/5.0 (compatible; AhrefsBot/5.0; +http://ahrefs.com/robot/)" "www.saveaslave.com"
68.180.228.222 - - [01/Dec/2015:18:59:39 -0800] "GET /kuwait.html HTTP/1.1" 404 89 "-" "Mozilla/5.0 (compatible; Yahoo! Slurp; http://help.yahoo.com/help/us/ysearch/slurp)" "saveaslave.com"
207.46.13.186 - - [01/Dec/2015:19:03:54 -0800] "GET /libya HTTP/1.1" 404 89 "-" "Mozilla/5.0 (compatible; bingbot/2.0; +http://www.bing.com/bingbot.htm)" "www.saveaslave.com"
65.36.241.48 - - [01/Dec/2015:19:06:31 -0800] "HEAD / HTTP/1.1" 200 0 "-" "InternetSeer.com" "www.saveaslave.com"
66.249.64.194 - - [01/Dec/2015:19:18:38 -0800] "GET /pakistan HTTP/1.1" 404 89 "-" "Mozilla/5.0 (iPhone; CPU iPhone OS 8_3 like Mac OS X) AppleWebKit/600.1.4 (KHTML, like Gecko) Version/8.0 Mobile/12F70 Safari/600.1.4 (compatible; Googlebot/2.1; +http://www.google.com/bot.html)" "www.saveaslave.com"
208.115.113.86 - - [01/Dec/2015:19:20:53 -0800] "GET /robots.txt HTTP/1.1" 200 48 "-" "Mozilla/5.0 (compatible; DotBot/1.1; http://www.opensiteexplorer.org/dotbot, help@moz.com)" "saveaslave.com"
151.80.31.152 - - [01/Dec/2015:19:25:30 -0800] "GET /bulgaria.html HTTP/1.1" 404 89 "-" "Mozilla/5.0 (compatible; AhrefsBot/5.0; +http://ahrefs.com/robot/)" "www.saveaslave.com"
151.80.31.152 - - [01/Dec/2015:19:26:00 -0800] "GET /northern-mariana-islands.html HTTP/1.1" 404 89 "-" "Mozilla/5.0 (compatible; AhrefsBot/5.0; +http://ahrefs.com/robot/)" "www.saveaslave.com"
151.80.31.152 - - [01/Dec/2015:19:26:50 -0800] "GET /israel.html HTTP/1.1" 404 89 "-" "Mozilla/5.0 (compatible; AhrefsBot/5.0; +http://ahrefs.com/robot/)" "www.saveaslave.com"
194.187.168.208 - - [01/Dec/2015:19:28:33 -0800] "GET /robots.txt HTTP/1.1" 200 48 "-" "Mozilla/5.0 (compatible; Qwantify/2.1w; +https://www.qwant.com/)/*" "www.saveaslave.com"
141.8.143.182 - - [01/Dec/2015:19:43:04 -0800] "GET /vietnam.html HTTP/1.1" 404 89 "-" "Mozilla/5.0 (compatible; YandexBot/3.0; +http://yandex.com/bots)" "saveaslave.com"
61.135.189.101 - - [01/Dec/2015:19:45:40 -0800] "GET /robots.txt HTTP/1.1" 200 48 "-" "Sogou web spider/4.0(+http://www.sogou.com/docs/help/webmasters.htm#07)" "saveaslave.com"
208.115.113.86 - - [01/Dec/2015:20:00:18 -0800] "GET /www.publiccounsel.org HTTP/1.1" 404 89 "-" "Mozilla/5.0 (compatible; DotBot/1.1; http://www.opensiteexplorer.org/dotbot, help@moz.com)" "saveaslave.com"
68.180.228.181 - - [01/Dec/2015:20:38:19 -0800] "GET /tunisia.html HTTP/1.1" 404 89 "-" "Mozilla/5.0 (compatible; Yahoo! Slurp; http://help.yahoo.com/help/us/ysearch/slurp)" "www.saveaslave.com"
65.36.241.48 - - [01/Dec/2015:20:38:23 -0800] "HEAD / HTTP/1.1" 200 0 "-" "InternetSeer.com" "www.saveaslave.com"
52.29.95.104 - - [01/Dec/2015:20:38:52 -0800] "GET /wp-login.php HTTP/1.1" 200 73 "-" "Opera/9.80 (Windows NT 5.1; U; ru) Presto/2.9.168 Version/11.50" "saveaslave.com"
100.43.85.22 - - [01/Dec/2015:20:42:40 -0800] "GET /swaziland.html HTTP/1.1" 404 89 "-" "Mozilla/5.0 (compatible; YandexBot/3.0; +http://yandex.com/bots)" "saveaslave.com"
157.55.39.217 - - [01/Dec/2015:20:45:27 -0800] "GET /albania HTTP/1.1" 404 89 "-" "msnbot-media/1.1 (+http://search.msn.com/msnbot.htm)" "www.saveaslave.com"
68.180.228.222 - - [01/Dec/2015:20:46:06 -0800] "GET /site/?p=60 HTTP/1.1" 404 89 "-" "Mozilla/5.0 (compatible; Yahoo! Slurp; http://help.yahoo.com/help/us/ysearch/slurp)" "saveaslave.com"
66.249.64.199 - - [01/Dec/2015:20:50:32 -0800] "GET /photos/Cast-Logo-Print.png HTTP/1.1" 200 21398 "-" "Googlebot-Image/1.0" "www.saveaslave.com"
157.55.39.217 - - [01/Dec/2015:20:54:34 -0800] "GET /liberia HTTP/1.1" 404 89 "-" "msnbot-media/1.1 (+http://search.msn.com/msnbot.htm)" "www.saveaslave.com"
40.77.167.13 - - [01/Dec/2015:21:04:49 -0800] "GET /robots.txt HTTP/1.1" 200 48 "-" "Mozilla/5.0 (compatible; bingbot/2.0; +http://www.bing.com/bingbot.htm)" "saveaslave.com"
66.249.64.184 - - [01/Dec/2015:21:13:49 -0800] "GET /images/countrymap/australia-flag.gif HTTP/1.1" 404 89 "-" "Googlebot-Image/1.0" "www.saveaslave.com"
199.16.156.126 - - [01/Dec/2015:21:14:56 -0800] "GET /robots.txt HTTP/1.1" 200 48 "-" "Twitterbot/1.0" "www.saveaslave.com"
141.8.143.151 - - [01/Dec/2015:21:21:47 -0800] "GET /vietnam.html HTTP/1.1" 404 89 "-" "Mozilla/5.0 (compatible; YandexBot/3.0; +http://yandex.com/bots)" "saveaslave.com"
52.29.200.3 - - [01/Dec/2015:21:24:08 -0800] "GET /nicaragua.html HTTP/1.1" 404 89 "-" "Mozilla/5.0 (compatible; Cliqzbot/1.0 +http://cliqz.com/company/cliqzbot)" "www.saveaslave.com"
208.115.113.86 - - [01/Dec/2015:21:36:53 -0800] "GET /robots.txt HTTP/1.1" 200 48 "-" "Mozilla/5.0 (compatible; DotBot/1.1; http://www.opensiteexplorer.org/dotbot, help@moz.com)" "saveaslave.com"
208.115.113.86 - - [01/Dec/2015:21:36:53 -0800] "GET /robots.txt HTTP/1.1" 200 48 "-" "Mozilla/5.0 (compatible; DotBot/1.1; http://www.opensiteexplorer.org/dotbot, help@moz.com)" "www.saveaslave.com"
141.8.143.151 - - [01/Dec/2015:21:47:58 -0800] "GET /sweden.html HTTP/1.1" 404 89 "-" "Mozilla/5.0 (compatible; YandexBot/3.0; +http://yandex.com/bots)" "saveaslave.com"
172.249.249.13 - - [01/Dec/2015:21:48:06 -0800] "GET /photos/article7.jpg HTTP/1.1" 200 15527 "-" "Mozilla/5.0 (iPad; CPU OS 9_1 like Mac OS X) AppleWebKit/600.1.4 (KHTML, like Gecko) GSA/10.0.63022 Mobile/13B143 Safari/600.1.4" "www.saveaslave.com"
64.233.172.220 - - [01/Dec/2015:21:48:11 -0800] "GET /news1.php HTTP/1.1" 200 43688 "http://www.google.com/search" "Mozilla/5.0 (X11; Linux x86_64) AppleWebKit/537.36 (KHTML, like Gecko; Google Web Preview) Chrome/27.0.1453 Safari/537.36" "www.saveaslave.com"
64.233.172.220 - - [01/Dec/2015:21:48:12 -0800] "GET /assets/js/ie-emulation-modes-warning.js HTTP/1.1" 200 2130 "http://www.saveaslave.com/news1.php" "Mozilla/5.0 (X11; Linux x86_64) AppleWebKit/537.36 (KHTML, like Gecko; Google Web Preview) Chrome/27.0.1453 Safari/537.36" "www.saveaslave.com"
64.233.172.204 - - [01/Dec/2015:21:48:12 -0800] "GET /gajaxscroller.js HTTP/1.1" 200 9774 "http://www.saveaslave.com/news1.php" "Mozilla/5.0 (X11; Linux x86_64) AppleWebKit/537.36 (KHTML, like Gecko; Google Web Preview) Chrome/27.0.1453 Safari/537.36" "www.saveaslave.com"
64.233.172.228 - - [01/Dec/2015:21:48:12 -0800] "GET /assets/js/ie10-viewport-bug-workaround.js HTTP/1.1" 200 641 "http://www.saveaslave.com/news1.php" "Mozilla/5.0 (X11; Linux x86_64) AppleWebKit/537.36 (KHTML, like Gecko; Google Web Preview) Chrome/27.0.1453 Safari/537.36" "www.saveaslave.com"
64.233.172.196 - - [01/Dec/2015:21:48:12 -0800] "GET /css/elements.css HTTP/1.1" 200 17857 "http://www.saveaslave.com/news1.php" "Mozilla/5.0 (X11; Linux x86_64) AppleWebKit/537.36 (KHTML, like Gecko; Google Web Preview) Chrome/27.0.1453 Safari/537.36" "www.saveaslave.com"
64.233.172.236 - - [01/Dec/2015:21:48:12 -0800] "GET /js/bootstrap.min.js HTTP/1.1" 200 37055 "http://www.saveaslave.com/news1.php" "Mozilla/5.0 (X11; Linux x86_64) AppleWebKit/537.36 (KHTML, like Gecko; Google Web Preview) Chrome/27.0.1453 Safari/537.36" "www.saveaslave.com"
64.233.172.204 - - [01/Dec/2015:21:48:12 -0800] "GET /gfeedfetcher.js HTTP/1.1" 200 9018 "http://www.saveaslave.com/news1.php" "Mozilla/5.0 (X11; Linux x86_64) AppleWebKit/537.36 (KHTML, like Gecko; Google Web Preview) Chrome/27.0.1453 Safari/537.36" "www.saveaslave.com"
64.233.172.204 - - [01/Dec/2015:21:48:12 -0800] "GET /css/bootstrap.min.css HTTP/1.1" 200 123578 "http://www.saveaslave.com/news1.php" "Mozilla/5.0 (X11; Linux x86_64) AppleWebKit/537.36 (KHTML, like Gecko; Google Web Preview) Chrome/27.0.1453 Safari/537.36" "www.saveaslave.com"
64.233.172.196 - - [01/Dec/2015:21:48:12 -0800] "GET /css/style-pages.css HTTP/1.1" 200 9369 "http://www.saveaslave.com/news1.php" "Mozilla/5.0 (X11; Linux x86_64) AppleWebKit/537.36 (KHTML, like Gecko; Google Web Preview) Chrome/27.0.1453 Safari/537.36" "www.saveaslave.com"
64.233.172.236 - - [01/Dec/2015:21:48:12 -0800] "GET /images/logo2.png HTTP/1.1" 200 18525 "http://www.saveaslave.com/news1.php" "Mozilla/5.0 (X11; Linux x86_64) AppleWebKit/537.36 (KHTML, like Gecko; Google Web Preview) Chrome/27.0.1453 Safari/537.36" "www.saveaslave.com"
64.233.172.228 - - [01/Dec/2015:21:48:12 -0800] "GET /images/social2.png HTTP/1.1" 200 1752 "http://www.saveaslave.com/news1.php" "Mozilla/5.0 (X11; Linux x86_64) AppleWebKit/537.36 (KHTML, like Gecko; Google Web Preview) Chrome/27.0.1453 Safari/537.36" "www.saveaslave.com"
64.233.172.196 - - [01/Dec/2015:21:48:12 -0800] "GET /images/select-arrow.png HTTP/1.1" 200 1118 "http://www.saveaslave.com/news1.php" "Mozilla/5.0 (X11; Linux x86_64) AppleWebKit/537.36 (KHTML, like Gecko; Google Web Preview) Chrome/27.0.1453 Safari/537.36" "www.saveaslave.com"
64.233.172.196 - - [01/Dec/2015:21:48:12 -0800] "GET /images/social1.png HTTP/1.1" 200 2012 "http://www.saveaslave.com/news1.php" "Mozilla/5.0 (X11; Linux x86_64) AppleWebKit/537.36 (KHTML, like Gecko; Google Web Preview) Chrome/27.0.1453 Safari/537.36" "www.saveaslave.com"
64.233.172.204 - - [01/Dec/2015:21:48:12 -0800] "GET /photos/article7.jpg HTTP/1.1" 200 15527 "http://www.saveaslave.com/news1.php" "Mozilla/5.0 (X11; Linux x86_64) AppleWebKit/537.36 (KHTML, like Gecko; Google Web Preview) Chrome/27.0.1453 Safari/537.36" "www.saveaslave.com"
64.233.172.228 - - [01/Dec/2015:21:48:12 -0800] "GET /css/down-arrow.png HTTP/1.1" 404 89 "http://www.saveaslave.com/news1.php" "Mozilla/5.0 (X11; Linux x86_64) AppleWebKit/537.36 (KHTML, like Gecko; Google Web Preview) Chrome/27.0.1453 Safari/537.36" "www.saveaslave.com"
64.233.172.236 - - [01/Dec/2015:21:48:12 -0800] "GET /indicator.gif HTTP/1.1" 200 878 "http://www.saveaslave.com/news1.php" "Mozilla/5.0 (X11; Linux x86_64) AppleWebKit/537.36 (KHTML, like Gecko; Google Web Preview) Chrome/27.0.1453 Safari/537.36" "www.saveaslave.com"
64.233.172.220 - - [01/Dec/2015:21:48:12 -0800] "GET /images/social3.png HTTP/1.1" 200 4343 "http://www.saveaslave.com/news1.php" "Mozilla/5.0 (X11; Linux x86_64) AppleWebKit/537.36 (KHTML, like Gecko; Google Web Preview) Chrome/27.0.1453 Safari/537.36" "www.saveaslave.com"
64.233.172.236 - - [01/Dec/2015:21:48:12 -0800] "GET /photos/article7a.jpg HTTP/1.1" 200 41919 "http://www.saveaslave.com/news1.php" "Mozilla/5.0 (X11; Linux x86_64) AppleWebKit/537.36 (KHTML, like Gecko; Google Web Preview) Chrome/27.0.1453 Safari/537.36" "www.saveaslave.com"
64.233.172.196 - - [01/Dec/2015:21:48:12 -0800] "GET /photos/article7b.jpg HTTP/1.1" 200 42617 "http://www.saveaslave.com/news1.php" "Mozilla/5.0 (X11; Linux x86_64) AppleWebKit/537.36 (KHTML, like Gecko; Google Web Preview) Chrome/27.0.1453 Safari/537.36" "www.saveaslave.com"
64.233.172.220 - - [01/Dec/2015:21:48:12 -0800] "GET /images/gift_button.png HTTP/1.1" 200 27500 "http://www.saveaslave.com/news1.php" "Mozilla/5.0 (X11; Linux x86_64) AppleWebKit/537.36 (KHTML, like Gecko; Google Web Preview) Chrome/27.0.1453 Safari/537.36" "www.saveaslave.com"
208.115.113.94 - - [01/Dec/2015:21:50:00 -0800] "GET /robots.txt HTTP/1.1" 200 48 "-" "Mozilla/5.0 (compatible; DotBot/1.1; http://www.opensiteexplorer.org/dotbot, help@moz.com)" "www.saveaslave.com"
192.99.107.180 - - [01/Dec/2015:21:57:38 -0800] "GET /robots.txt HTTP/1.1" 200 48 "-" "Mozilla/5.0 (compatible; meanpathbot/1.0; +http://www.meanpath.com/meanpathbot.html)" "saveaslave.com"
192.99.107.180 - - [01/Dec/2015:21:57:39 -0800] "GET / HTTP/1.1" 200 51147 "-" "Mozilla/5.0 (compatible; meanpathbot/1.0; +http://www.meanpath.com/meanpathbot.html)" "saveaslave.com"
217.69.133.192 - - [01/Dec/2015:22:14:44 -0800] "GET /site/?cat=164 HTTP/1.1" 404 89 "-" "Mozilla/5.0 (compatible; Linux x86_64; Mail.RU_Bot/2.0; +http://go.mail.ru/help/robots)" "saveaslave.com"
141.8.143.182 - - [01/Dec/2015:22:17:08 -0800] "GET /russia.html HTTP/1.1" 404 89 "-" "Mozilla/5.0 (compatible; YandexBot/3.0; +http://yandex.com/bots)" "saveaslave.com"
208.115.113.86 - - [01/Dec/2015:22:19:03 -0800] "GET /www.sndca.org HTTP/1.1" 404 89 "-" "Mozilla/5.0 (compatible; DotBot/1.1; http://www.opensiteexplorer.org/dotbot, help@moz.com)" "saveaslave.com"
208.115.113.86 - - [01/Dec/2015:22:19:47 -0800] "GET /www.immigrantjustice.org HTTP/1.1" 404 89 "-" "Mozilla/5.0 (compatible; DotBot/1.1; http://www.opensiteexplorer.org/dotbot, help@moz.com)" "saveaslave.com"
68.180.228.222 - - [01/Dec/2015:22:21:26 -0800] "GET /south-sudan.html HTTP/1.1" 404 89 "-" "Mozilla/5.0 (compatible; Yahoo! Slurp; http://help.yahoo.com/help/us/ysearch/slurp)" "saveaslave.com"
70.104.155.55 - - [01/Dec/2015:22:25:26 -0800] "GET / HTTP/1.1" 200 51111 "http://www.ohchr.org/EN/Issues/Slavery/UNVTFCFS/Pages/SlaveryList.aspx" "Mozilla/5.0 (Windows NT 6.1; WOW64) AppleWebKit/537.36 (KHTML, like Gecko) Chrome/46.0.2490.86 Safari/537.36" "www.saveaslave.com"
70.104.155.55 - - [01/Dec/2015:22:25:26 -0800] "GET /css/bootstrap.min.css HTTP/1.1" 304 - "http://www.saveaslave.com/" "Mozilla/5.0 (Windows NT 6.1; WOW64) AppleWebKit/537.36 (KHTML, like Gecko) Chrome/46.0.2490.86 Safari/537.36" "www.saveaslave.com"
70.104.155.55 - - [01/Dec/2015:22:25:26 -0800] "GET /css/style-pages.css HTTP/1.1" 304 - "http://www.saveaslave.com/" "Mozilla/5.0 (Windows NT 6.1; WOW64) AppleWebKit/537.36 (KHTML, like Gecko) Chrome/46.0.2490.86 Safari/537.36" "www.saveaslave.com"
70.104.155.55 - - [01/Dec/2015:22:25:26 -0800] "GET /css/style.css HTTP/1.1" 200 7938 "http://www.saveaslave.com/" "Mozilla/5.0 (Windows NT 6.1; WOW64) AppleWebKit/537.36 (KHTML, like Gecko) Chrome/46.0.2490.86 Safari/537.36" "www.saveaslave.com"
70.104.155.55 - - [01/Dec/2015:22:25:26 -0800] "GET /assets/js/ie-emulation-modes-warning.js HTTP/1.1" 200 2130 "http://www.saveaslave.com/" "Mozilla/5.0 (Windows NT 6.1; WOW64) AppleWebKit/537.36 (KHTML, like Gecko) Chrome/46.0.2490.86 Safari/537.36" "www.saveaslave.com"
70.104.155.55 - - [01/Dec/2015:22:25:26 -0800] "GET /css/elements.css HTTP/1.1" 304 - "http://www.saveaslave.com/" "Mozilla/5.0 (Windows NT 6.1; WOW64) AppleWebKit/537.36 (KHTML, like Gecko) Chrome/46.0.2490.86 Safari/537.36" "www.saveaslave.com"
70.104.155.55 - - [01/Dec/2015:22:25:27 -0800] "GET /gfeedfetcher.js HTTP/1.1" 304 - "http://www.saveaslave.com/" "Mozilla/5.0 (Windows NT 6.1; WOW64) AppleWebKit/537.36 (KHTML, like Gecko) Chrome/46.0.2490.86 Safari/537.36" "www.saveaslave.com"
70.104.155.55 - - [01/Dec/2015:22:25:27 -0800] "GET /assets/js/ie10-viewport-bug-workaround.js HTTP/1.1" 200 641 "http://www.saveaslave.com/" "Mozilla/5.0 (Windows NT 6.1; WOW64) AppleWebKit/537.36 (KHTML, like Gecko) Chrome/46.0.2490.86 Safari/537.36" "www.saveaslave.com"
70.104.155.55 - - [01/Dec/2015:22:25:27 -0800] "GET /js/bootstrap.min.js HTTP/1.1" 200 37055 "http://www.saveaslave.com/" "Mozilla/5.0 (Windows NT 6.1; WOW64) AppleWebKit/537.36 (KHTML, like Gecko) Chrome/46.0.2490.86 Safari/537.36" "www.saveaslave.com"
70.104.155.55 - - [01/Dec/2015:22:25:27 -0800] "GET /gajaxscroller.js HTTP/1.1" 200 9774 "http://www.saveaslave.com/" "Mozilla/5.0 (Windows NT 6.1; WOW64) AppleWebKit/537.36 (KHTML, like Gecko) Chrome/46.0.2490.86 Safari/537.36" "www.saveaslave.com"
70.104.155.55 - - [01/Dec/2015:22:25:27 -0800] "GET /images/logo2.png HTTP/1.1" 200 18525 "http://www.saveaslave.com/" "Mozilla/5.0 (Windows NT 6.1; WOW64) AppleWebKit/537.36 (KHTML, like Gecko) Chrome/46.0.2490.86 Safari/537.36" "www.saveaslave.com"
70.104.155.55 - - [01/Dec/2015:22:25:27 -0800] "GET /photos/article8a.jpg HTTP/1.1" 200 11299 "http://www.saveaslave.com/" "Mozilla/5.0 (Windows NT 6.1; WOW64) AppleWebKit/537.36 (KHTML, like Gecko) Chrome/46.0.2490.86 Safari/537.36" "www.saveaslave.com"
70.104.155.55 - - [01/Dec/2015:22:25:27 -0800] "GET /photos/Cast-Logo-Print.png HTTP/1.1" 200 21398 "http://www.saveaslave.com/" "Mozilla/5.0 (Windows NT 6.1; WOW64) AppleWebKit/537.36 (KHTML, like Gecko) Chrome/46.0.2490.86 Safari/537.36" "www.saveaslave.com"
70.104.155.55 - - [01/Dec/2015:22:25:27 -0800] "GET /photos/top.jpg HTTP/1.1" 200 50519 "http://www.saveaslave.com/" "Mozilla/5.0 (Windows NT 6.1; WOW64) AppleWebKit/537.36 (KHTML, like Gecko) Chrome/46.0.2490.86 Safari/537.36" "www.saveaslave.com"
70.104.155.55 - - [01/Dec/2015:22:25:27 -0800] "GET /images/cover1.jpg HTTP/1.1" 200 253658 "http://www.saveaslave.com/" "Mozilla/5.0 (Windows NT 6.1; WOW64) AppleWebKit/537.36 (KHTML, like Gecko) Chrome/46.0.2490.86 Safari/537.36" "www.saveaslave.com"
70.104.155.55 - - [01/Dec/2015:22:25:27 -0800] "GET /photos/article7.jpg HTTP/1.1" 200 15527 "http://www.saveaslave.com/" "Mozilla/5.0 (Windows NT 6.1; WOW64) AppleWebKit/537.36 (KHTML, like Gecko) Chrome/46.0.2490.86 Safari/537.36" "www.saveaslave.com"
70.104.155.55 - - [01/Dec/2015:22:25:27 -0800] "GET /photos/article2.jpg HTTP/1.1" 200 15209 "http://www.saveaslave.com/" "Mozilla/5.0 (Windows NT 6.1; WOW64) AppleWebKit/537.36 (KHTML, like Gecko) Chrome/46.0.2490.86 Safari/537.36" "www.saveaslave.com"
70.104.155.55 - - [01/Dec/2015:22:25:27 -0800] "GET /photos/article3a.jpg HTTP/1.1" 200 12445 "http://www.saveaslave.com/" "Mozilla/5.0 (Windows NT 6.1; WOW64) AppleWebKit/537.36 (KHTML, like Gecko) Chrome/46.0.2490.86 Safari/537.36" "www.saveaslave.com"
70.104.155.55 - - [01/Dec/2015:22:25:27 -0800] "GET /photos/article4.png HTTP/1.1" 200 42622 "http://www.saveaslave.com/" "Mozilla/5.0 (Windows NT 6.1; WOW64) AppleWebKit/537.36 (KHTML, like Gecko) Chrome/46.0.2490.86 Safari/537.36" "www.saveaslave.com"
70.104.155.55 - - [01/Dec/2015:22:25:27 -0800] "GET /photos/article5.jpg HTTP/1.1" 200 14497 "http://www.saveaslave.com/" "Mozilla/5.0 (Windows NT 6.1; WOW64) AppleWebKit/537.36 (KHTML, like Gecko) Chrome/46.0.2490.86 Safari/537.36" "www.saveaslave.com"
70.104.155.55 - - [01/Dec/2015:22:25:27 -0800] "GET /images/social1.png HTTP/1.1" 200 2012 "http://www.saveaslave.com/" "Mozilla/5.0 (Windows NT 6.1; WOW64) AppleWebKit/537.36 (KHTML, like Gecko) Chrome/46.0.2490.86 Safari/537.36" "www.saveaslave.com"
70.104.155.55 - - [01/Dec/2015:22:25:27 -0800] "GET /images/social2.png HTTP/1.1" 200 1752 "http://www.saveaslave.com/" "Mozilla/5.0 (Windows NT 6.1; WOW64) AppleWebKit/537.36 (KHTML, like Gecko) Chrome/46.0.2490.86 Safari/537.36" "www.saveaslave.com"
70.104.155.55 - - [01/Dec/2015:22:25:27 -0800] "GET /images/social3.png HTTP/1.1" 200 4343 "http://www.saveaslave.com/" "Mozilla/5.0 (Windows NT 6.1; WOW64) AppleWebKit/537.36 (KHTML, like Gecko) Chrome/46.0.2490.86 Safari/537.36" "www.saveaslave.com"
70.104.155.55 - - [01/Dec/2015:22:25:27 -0800] "GET /images/gift_button.png HTTP/1.1" 200 27500 "http://www.saveaslave.com/" "Mozilla/5.0 (Windows NT 6.1; WOW64) AppleWebKit/537.36 (KHTML, like Gecko) Chrome/46.0.2490.86 Safari/537.36" "www.saveaslave.com"
70.104.155.55 - - [01/Dec/2015:22:25:28 -0800] "GET /indicator.gif HTTP/1.1" 200 878 "http://www.saveaslave.com/" "Mozilla/5.0 (Windows NT 6.1; WOW64) AppleWebKit/537.36 (KHTML, like Gecko) Chrome/46.0.2490.86 Safari/537.36" "www.saveaslave.com"
70.104.155.55 - - [01/Dec/2015:22:25:28 -0800] "GET /css/down-arrow.png HTTP/1.1" 404 89 "http://www.saveaslave.com/css/elements.css" "Mozilla/5.0 (Windows NT 6.1; WOW64) AppleWebKit/537.36 (KHTML, like Gecko) Chrome/46.0.2490.86 Safari/537.36" "www.saveaslave.com"
70.104.155.55 - - [01/Dec/2015:22:25:29 -0800] "GET /favicon.ico HTTP/1.1" 404 89 "http://www.saveaslave.com/" "Mozilla/5.0 (Windows NT 6.1; WOW64) AppleWebKit/537.36 (KHTML, like Gecko) Chrome/46.0.2490.86 Safari/537.36" "www.saveaslave.com"
70.104.155.55 - - [01/Dec/2015:22:25:29 -0800] "GET /favicon.ico HTTP/1.1" 404 89 "http://www.saveaslave.com/" "Mozilla/5.0 (Windows NT 6.1; WOW64) AppleWebKit/537.36 (KHTML, like Gecko) Chrome/46.0.2490.86 Safari/537.36" "www.saveaslave.com"
70.104.155.55 - - [01/Dec/2015:22:25:29 -0800] "GET /favicon.ico HTTP/1.1" 404 89 "http://www.saveaslave.com/" "Mozilla/5.0 (Windows NT 6.1; WOW64) AppleWebKit/537.36 (KHTML, like Gecko) Chrome/46.0.2490.86 Safari/537.36" "www.saveaslave.com"
70.104.155.55 - - [01/Dec/2015:22:25:30 -0800] "GET /ico/favicon-16x16.png HTTP/1.1" 200 1129 "http://www.saveaslave.com/" "Mozilla/5.0 (Windows NT 6.1; WOW64) AppleWebKit/537.36 (KHTML, like Gecko) Chrome/46.0.2490.86 Safari/537.36" "www.saveaslave.com"
188.165.15.191 - - [01/Dec/2015:22:34:50 -0800] "GET /www.ltsc.org HTTP/1.1" 404 89 "-" "Mozilla/5.0 (compatible; AhrefsBot/5.0; +http://ahrefs.com/robot/)" "www.saveaslave.com"
208.115.113.86 - - [01/Dec/2015:22:34:51 -0800] "GET /www.ptvla.org HTTP/1.1" 404 89 "-" "Mozilla/5.0 (compatible; DotBot/1.1; http://www.opensiteexplorer.org/dotbot, help@moz.com)" "www.saveaslave.com"
208.115.113.86 - - [01/Dec/2015:22:34:51 -0800] "GET /www.dss.ca.gov HTTP/1.1" 404 89 "-" "Mozilla/5.0 (compatible; DotBot/1.1; http://www.opensiteexplorer.org/dotbot, help@moz.com)" "www.saveaslave.com"
188.165.15.191 - - [01/Dec/2015:22:38:03 -0800] "GET /www.sexworkersproject.org HTTP/1.1" 404 89 "-" "Mozilla/5.0 (compatible; AhrefsBot/5.0; +http://ahrefs.com/robot/)" "www.saveaslave.com"
37.115.191.181 - - [01/Dec/2015:22:43:26 -0800] "GET / HTTP/1.1" 200 51111 "http://modabutik.ru/" "Mozilla/4.0 (compatible; MSIE 7.0b; Windows NT 6.0)" "www.saveaslave.com"
37.115.191.181 - - [01/Dec/2015:22:43:26 -0800] "GET / HTTP/1.1" 200 51111 "http://modabutik.ru/" "Mozilla/4.0 (compatible; MSIE 7.0b; Windows NT 6.0)" "www.saveaslave.com"
37.115.191.181 - - [01/Dec/2015:22:43:26 -0800] "GET / HTTP/1.1" 200 51111 "http://modabutik.ru/" "Mozilla/4.0 (compatible; MSIE 7.0b; Windows NT 6.0)" "www.saveaslave.com"
217.69.133.30 - - [01/Dec/2015:22:45:50 -0800] "GET /robots.txt HTTP/1.1" 200 48 "-" "Mozilla/5.0 (compatible; Linux x86_64; Mail.RU_Bot/2.0; +http://go.mail.ru/help/robots)" "saveaslave.com"
178.137.93.55 - - [01/Dec/2015:22:46:00 -0800] "GET / HTTP/1.1" 200 51111 "http://vkontaktemusic.ru/" "Mozilla/4.0 (compatible; MSIE 7.0; Windows NT 5.1; SV1; .NET CLR 2.0.50727)" "www.saveaslave.com"
178.137.93.55 - - [01/Dec/2015:22:46:01 -0800] "GET / HTTP/1.1" 200 51111 "http://vkontaktemusic.ru/" "Mozilla/4.0 (compatible; MSIE 7.0; Windows NT 5.1; SV1; .NET CLR 2.0.50727)" "www.saveaslave.com"
178.137.93.55 - - [01/Dec/2015:22:46:01 -0800] "GET / HTTP/1.1" 200 51111 "http://detskie-zabavi.ru/" "Mozilla/4.0 (compatible; MSIE 7.0b; Windows NT 6.0)" "www.saveaslave.com"
178.137.93.55 - - [01/Dec/2015:22:46:02 -0800] "GET / HTTP/1.1" 200 51111 "http://detskie-zabavi.ru/" "Mozilla/4.0 (compatible; MSIE 7.0b; Windows NT 6.0)" "www.saveaslave.com"
217.69.133.72 - - [01/Dec/2015:22:46:49 -0800] "GET /site/?cat=160 HTTP/1.1" 404 89 "-" "Mozilla/5.0 (compatible; Linux x86_64; Mail.RU_Bot/2.0; +http://go.mail.ru/help/robots)" "saveaslave.com"
68.180.228.222 - - [01/Dec/2015:22:48:17 -0800] "GET /sudan.html HTTP/1.1" 404 89 "-" "Mozilla/5.0 (compatible; Yahoo! Slurp; http://help.yahoo.com/help/us/ysearch/slurp)" "saveaslave.com"
66.249.64.26 - - [01/Dec/2015:22:59:24 -0800] "GET /images/countrymap/estonia.gif HTTP/1.1" 404 89 "-" "Googlebot-Image/1.0" "saveaslave.com"
208.115.113.86 - - [01/Dec/2015:23:04:13 -0800] "GET /robots.txt HTTP/1.1" 200 48 "-" "Mozilla/5.0 (compatible; DotBot/1.1; http://www.opensiteexplorer.org/dotbot, help@moz.com)" "saveaslave.com"
46.165.197.141 - - [01/Dec/2015:23:04:42 -0800] "GET /robots.txt HTTP/1.1" 200 48 "-" "Mozilla/5.0 (compatible; MJ12bot/v1.4.5; http://www.majestic12.co.uk/bot.php?+)" "www.saveaslave.com"
46.165.197.141 - - [01/Dec/2015:23:04:44 -0800] "GET /articles/slavetrafficking.html HTTP/1.1" 404 89 "-" "Mozilla/5.0 (compatible; MJ12bot/v1.4.5; http://www.majestic12.co.uk/bot.php?+)" "www.saveaslave.com"
141.8.143.218 - - [01/Dec/2015:23:06:23 -0800] "GET /www.cpaf.org HTTP/1.1" 404 89 "-" "Mozilla/5.0 (compatible; YandexBot/3.0; +http://yandex.com/bots)" "saveaslave.com"
141.8.143.182 - - [01/Dec/2015:23:12:22 -0800] "GET /vietnam.html HTTP/1.1" 404 89 "-" "Mozilla/5.0 (compatible; YandexBot/3.0; +http://yandex.com/bots)" "saveaslave.com"
68.180.228.181 - - [01/Dec/2015:23:18:31 -0800] "GET /swaziland.html HTTP/1.1" 404 89 "-" "Mozilla/5.0 (compatible; Yahoo! Slurp; http://help.yahoo.com/help/us/ysearch/slurp)" "www.saveaslave.com"
66.249.64.184 - - [01/Dec/2015:23:23:31 -0800] "GET /images/countrymap/guam-flag.gif HTTP/1.1" 404 89 "-" "Googlebot-Image/1.0" "www.saveaslave.com"
207.46.13.186 - - [01/Dec/2015:23:42:36 -0800] "GET /sweden HTTP/1.1" 404 89 "-" "msnbot-media/1.1 (+http://search.msn.com/msnbot.htm)" "www.saveaslave.com"
208.115.113.86 - - [01/Dec/2015:23:56:56 -0800] "GET /www.sexworkersproject.org HTTP/1.1" 404 89 "-" "Mozilla/5.0 (compatible; DotBot/1.1; http://www.opensiteexplorer.org/dotbot, help@moz.com)" "saveaslave.com"
100.43.85.26 - - [01/Dec/2015:23:57:34 -0800] "GET /costa-rica.html HTTP/1.1" 404 89 "-" "Mozilla/5.0 (compatible; YandexBot/3.0; +http://yandex.com/bots)" "saveaslave.com"
208.115.113.94 - - [02/Dec/2015:00:11:46 -0800] "GET /www.calstatela.org HTTP/1.1" 404 89 "-" "Mozilla/5.0 (compatible; DotBot/1.1; http://www.opensiteexplorer.org/dotbot, help@moz.com)" "saveaslave.com"
66.249.64.179 - - [02/Dec/2015:00:16:00 -0800] "GET /www.eastwestplayers.org HTTP/1.1" 404 89 "-" "Mozilla/5.0 (compatible; Googlebot/2.1; +http://www.google.com/bot.html)" "www.saveaslave.com"
141.8.143.182 - - [02/Dec/2015:00:19:04 -0800] "GET /south-korea.html HTTP/1.1" 404 89 "-" "Mozilla/5.0 (compatible; YandexBot/3.0; +http://yandex.com/bots)" "saveaslave.com"
66.249.64.189 - - [02/Dec/2015:00:21:41 -0800] "GET /www.usdoj.gov HTTP/1.1" 404 89 "-" "Mozilla/5.0 (compatible; Googlebot/2.1; +http://www.google.com/bot.html)" "www.saveaslave.com"
172.98.201.237 - - [02/Dec/2015:00:23:25 -0800] "GET / HTTP/1.1" 200 51147 "http://saveaslave.com" "Mozilla/5.0 (Windows NT 5.1) AppleWebKit/537.36 (KHTML, like Gecko) Chrome/39.0.2171.95 Safari/537.36" "saveaslave.com"
100.43.85.22 - - [02/Dec/2015:00:27:31 -0800] "GET /central-african-republic.html HTTP/1.1" 404 89 "-" "Mozilla/5.0 (compatible; YandexBot/3.0; +http://yandex.com/bots)" "saveaslave.com"
52.29.208.39 - - [02/Dec/2015:00:28:12 -0800] "GET /robots.txt HTTP/1.1" 200 48 "-" "Mozilla/5.0 (compatible; Cliqzbot/1.0 +http://cliqz.com/company/cliqzbot)" "www.saveaslave.com"
52.29.208.39 - - [02/Dec/2015:00:28:15 -0800] "GET /gambia.html HTTP/1.1" 404 89 "-" "Mozilla/5.0 (compatible; Cliqzbot/1.0 +http://cliqz.com/company/cliqzbot)" "www.saveaslave.com"
203.133.168.204 - - [02/Dec/2015:00:32:58 -0800] "GET / HTTP/1.1" 200 51147 "-" "Mozilla/5.0 (compatible; MSIE or Firefox mutant; not on Windows server;) Daumoa 4.0" "saveaslave.com"
208.115.113.94 - - [02/Dec/2015:00:52:30 -0800] "GET /www.paralosninos.org HTTP/1.1" 404 89 "-" "Mozilla/5.0 (compatible; DotBot/1.1; http://www.opensiteexplorer.org/dotbot, help@moz.com)" "www.saveaslave.com"
68.180.228.181 - - [02/Dec/2015:00:59:57 -0800] "GET /us-virgin-islands.html HTTP/1.1" 404 89 "-" "Mozilla/5.0 (compatible; Yahoo! Slurp; http://help.yahoo.com/help/us/ysearch/slurp)" "www.saveaslave.com"
208.115.113.94 - - [02/Dec/2015:01:01:25 -0800] "GET /robots.txt HTTP/1.1" 200 48 "-" "Mozilla/5.0 (compatible; DotBot/1.1; http://www.opensiteexplorer.org/dotbot, help@moz.com)" "www.saveaslave.com"
208.115.113.94 - - [02/Dec/2015:01:01:25 -0800] "GET /robots.txt HTTP/1.1" 200 48 "-" "Mozilla/5.0 (compatible; DotBot/1.1; http://www.opensiteexplorer.org/dotbot, help@moz.com)" "saveaslave.com"
5.175.193.232 - - [02/Dec/2015:01:02:12 -0800] "GET / HTTP/1.1" 200 51147 "-" "Mozilla/5.0 (Windows NT 6.1; Win64; x64; rv:25.0) Gecko/20100101 Firefox/25.0" "saveaslave.com"
69.30.239.106 - - [02/Dec/2015:01:04:22 -0800] "GET /robots.txt HTTP/1.1" 200 48 "-" "Mozilla/5.0 (compatible; MJ12bot/v1.4.5; http://www.majestic12.co.uk/bot.php?+)" "saveaslave.com"
69.30.239.106 - - [02/Dec/2015:01:04:23 -0800] "GET /japan HTTP/1.1" 404 89 "-" "Mozilla/5.0 (compatible; MJ12bot/v1.4.5; http://www.majestic12.co.uk/bot.php?+)" "saveaslave.com"
69.30.239.106 - - [02/Dec/2015:01:04:24 -0800] "GET /libya HTTP/1.1" 404 89 "-" "Mozilla/5.0 (compatible; MJ12bot/v1.4.5; http://www.majestic12.co.uk/bot.php?+)" "saveaslave.com"
69.30.239.106 - - [02/Dec/2015:01:04:26 -0800] "GET /lithuania HTTP/1.1" 404 89 "-" "Mozilla/5.0 (compatible; MJ12bot/v1.4.5; http://www.majestic12.co.uk/bot.php?+)" "saveaslave.com"
208.115.113.86 - - [02/Dec/2015:01:12:00 -0800] "GET /robots.txt HTTP/1.1" 200 48 "-" "Mozilla/5.0 (compatible; DotBot/1.1; http://www.opensiteexplorer.org/dotbot, help@moz.com)" "saveaslave.com"
68.180.228.222 - - [02/Dec/2015:01:31:21 -0800] "GET /new-zealand.html HTTP/1.1" 404 89 "-" "Mozilla/5.0 (compatible; Yahoo! Slurp; http://help.yahoo.com/help/us/ysearch/slurp)" "saveaslave.com"
68.180.228.222 - - [02/Dec/2015:01:41:57 -0800] "GET /palmyra-atoll.html HTTP/1.1" 404 89 "-" "Mozilla/5.0 (compatible; Yahoo! Slurp; http://help.yahoo.com/help/us/ysearch/slurp)" "saveaslave.com"
5.175.193.232 - - [02/Dec/2015:01:46:36 -0800] "GET /site/?p=60/ HTTP/1.1" 404 89 "-" "Mozilla/5.0 (Windows NT 6.1; Win64; x64; rv:25.0) Gecko/20100101 Firefox/25.0" "saveaslave.com"
178.121.230.81 - - [02/Dec/2015:01:46:38 -0800] "GET / HTTP/1.1" 200 51111 "https://www.google.by" "Mozilla/5.0 (Windows NT 6.3; WOW64; rv:42.0) Gecko/20100101 Firefox/42.0" "www.saveaslave.com"
178.121.230.81 - - [02/Dec/2015:01:46:39 -0800] "GET /favicon.ico HTTP/1.1" 404 89 "-" "Mozilla/5.0 (Windows NT 6.3; WOW64; rv:42.0) Gecko/20100101 Firefox/42.0" "www.saveaslave.com"
178.121.230.81 - - [02/Dec/2015:01:46:39 -0800] "GET / HTTP/1.1" 200 51111 "https://www.google.by" "Mozilla/5.0 (Windows NT 6.3; WOW64; rv:42.0) Gecko/20100101 Firefox/42.0" "www.saveaslave.com"
178.121.230.81 - - [02/Dec/2015:01:46:39 -0800] "GET /favicon.ico HTTP/1.1" 404 89 "-" "Mozilla/5.0 (Windows NT 6.3; WOW64; rv:42.0) Gecko/20100101 Firefox/42.0" "www.saveaslave.com"
178.121.230.81 - - [02/Dec/2015:01:46:39 -0800] "GET /ico/android-icon-192x192.png HTTP/1.1" 200 10097 "-" "Mozilla/5.0 (Windows NT 6.3; WOW64; rv:42.0) Gecko/20100101 Firefox/42.0" "www.saveaslave.com"
178.121.230.81 - - [02/Dec/2015:01:46:39 -0800] "GET /ico/favicon-32x32.png HTTP/1.1" 200 1892 "-" "Mozilla/5.0 (Windows NT 6.3; WOW64; rv:42.0) Gecko/20100101 Firefox/42.0" "www.saveaslave.com"
178.121.230.81 - - [02/Dec/2015:01:46:39 -0800] "GET /ico/favicon-96x96.png HTTP/1.1" 200 4476 "-" "Mozilla/5.0 (Windows NT 6.3; WOW64; rv:42.0) Gecko/20100101 Firefox/42.0" "www.saveaslave.com"
178.121.230.81 - - [02/Dec/2015:01:46:39 -0800] "GET /css/style.css HTTP/1.1" 200 7938 "http://www.saveaslave.com/" "Mozilla/5.0 (Windows NT 6.3; WOW64; rv:42.0) Gecko/20100101 Firefox/42.0" "www.saveaslave.com"
178.121.230.81 - - [02/Dec/2015:01:46:39 -0800] "GET /css/elements.css HTTP/1.1" 200 17857 "http://www.saveaslave.com/" "Mozilla/5.0 (Windows NT 6.3; WOW64; rv:42.0) Gecko/20100101 Firefox/42.0" "www.saveaslave.com"
178.121.230.81 - - [02/Dec/2015:01:46:39 -0800] "GET /css/bootstrap.min.css HTTP/1.1" 200 123578 "http://www.saveaslave.com/" "Mozilla/5.0 (Windows NT 6.3; WOW64; rv:42.0) Gecko/20100101 Firefox/42.0" "www.saveaslave.com"
178.121.230.81 - - [02/Dec/2015:01:46:39 -0800] "GET /assets/js/ie-emulation-modes-warning.js HTTP/1.1" 200 2130 "http://www.saveaslave.com/" "Mozilla/5.0 (Windows NT 6.3; WOW64; rv:42.0) Gecko/20100101 Firefox/42.0" "www.saveaslave.com"
178.121.230.81 - - [02/Dec/2015:01:46:39 -0800] "GET /gfeedfetcher.js HTTP/1.1" 200 9018 "http://www.saveaslave.com/" "Mozilla/5.0 (Windows NT 6.3; WOW64; rv:42.0) Gecko/20100101 Firefox/42.0" "www.saveaslave.com"
178.121.230.81 - - [02/Dec/2015:01:46:40 -0800] "GET /gajaxscroller.js HTTP/1.1" 200 9774 "http://www.saveaslave.com/" "Mozilla/5.0 (Windows NT 6.3; WOW64; rv:42.0) Gecko/20100101 Firefox/42.0" "www.saveaslave.com"
178.121.230.81 - - [02/Dec/2015:01:46:40 -0800] "GET /css/style-pages.css HTTP/1.1" 200 9369 "http://www.saveaslave.com/" "Mozilla/5.0 (Windows NT 6.3; WOW64; rv:42.0) Gecko/20100101 Firefox/42.0" "www.saveaslave.com"
178.121.230.81 - - [02/Dec/2015:01:46:40 -0800] "GET /assets/js/ie10-viewport-bug-workaround.js HTTP/1.1" 200 641 "http://www.saveaslave.com/" "Mozilla/5.0 (Windows NT 6.3; WOW64; rv:42.0) Gecko/20100101 Firefox/42.0" "www.saveaslave.com"
178.121.230.81 - - [02/Dec/2015:01:46:40 -0800] "GET /js/bootstrap.min.js HTTP/1.1" 200 37055 "http://www.saveaslave.com/" "Mozilla/5.0 (Windows NT 6.3; WOW64; rv:42.0) Gecko/20100101 Firefox/42.0" "www.saveaslave.com"
178.121.230.81 - - [02/Dec/2015:01:46:43 -0800] "GET /photos/top.jpg HTTP/1.1" 200 50519 "http://www.saveaslave.com/" "Mozilla/5.0 (Windows NT 6.3; WOW64; rv:42.0) Gecko/20100101 Firefox/42.0" "www.saveaslave.com"
178.121.230.81 - - [02/Dec/2015:01:46:43 -0800] "GET /photos/article8a.jpg HTTP/1.1" 200 11299 "http://www.saveaslave.com/" "Mozilla/5.0 (Windows NT 6.3; WOW64; rv:42.0) Gecko/20100101 Firefox/42.0" "www.saveaslave.com"
178.121.230.81 - - [02/Dec/2015:01:46:43 -0800] "GET /photos/Cast-Logo-Print.png HTTP/1.1" 200 21398 "http://www.saveaslave.com/" "Mozilla/5.0 (Windows NT 6.3; WOW64; rv:42.0) Gecko/20100101 Firefox/42.0" "www.saveaslave.com"
178.121.230.81 - - [02/Dec/2015:01:46:43 -0800] "GET /images/cover1.jpg HTTP/1.1" 200 253658 "http://www.saveaslave.com/" "Mozilla/5.0 (Windows NT 6.3; WOW64; rv:42.0) Gecko/20100101 Firefox/42.0" "www.saveaslave.com"
178.121.230.81 - - [02/Dec/2015:01:46:43 -0800] "GET /photos/article1.jpg HTTP/1.1" 200 11640 "http://www.saveaslave.com/" "Mozilla/5.0 (Windows NT 6.3; WOW64; rv:42.0) Gecko/20100101 Firefox/42.0" "www.saveaslave.com"
178.121.230.81 - - [02/Dec/2015:01:46:43 -0800] "GET /photos/article3a.jpg HTTP/1.1" 200 12445 "http://www.saveaslave.com/" "Mozilla/5.0 (Windows NT 6.3; WOW64; rv:42.0) Gecko/20100101 Firefox/42.0" "www.saveaslave.com"
178.121.230.81 - - [02/Dec/2015:01:46:43 -0800] "GET /photos/article2.jpg HTTP/1.1" 200 15209 "http://www.saveaslave.com/" "Mozilla/5.0 (Windows NT 6.3; WOW64; rv:42.0) Gecko/20100101 Firefox/42.0" "www.saveaslave.com"
