207.46.13.122 - - [02/Jun/2017:16:55:13 -0700] "GET /images/article/naruchniki_zhen_bogovid_default.jpg HTTP/1.1" 200 53987 "-" "Mozilla/5.0 (compatible; bingbot/2.0; +http://www.bing.com/bingbot.htm)" "saveaslave.com"
107.21.12.158 - - [02/Jun/2017:16:56:04 -0700] "GET / HTTP/1.1" 200 87648 "-" "-" "saveaslave.com"
216.244.66.198 - - [02/Jun/2017:17:10:40 -0700] "GET /robots.txt HTTP/1.1" 200 48 "-" "Mozilla/5.0 (compatible; DotBot/1.1; http://www.opensiteexplorer.org/dotbot, help@moz.com)" "www.saveaslave.com"
65.36.241.48 - - [02/Jun/2017:17:32:56 -0700] "HEAD / HTTP/1.1" 200 0 "-" "InternetSeer.com" "www.saveaslave.com"
84.201.133.53 - - [02/Jun/2017:17:43:03 -0700] "GET /ico/apple-icon-72x72.png HTTP/1.1" 200 3219 "-" "Mozilla/5.0 (compatible; YandexBot/3.0; +http://yandex.com/bots)" "www.saveaslave.com"
151.80.39.101 - - [02/Jun/2017:18:34:36 -0700] "GET /robots.txt HTTP/1.1" 200 48 "-" "Mozilla/5.0 (compatible; AhrefsBot/5.2; +http://ahrefs.com/robot/)" "www.saveaslave.com"
190.115.179.36 - - [02/Jun/2017:18:36:27 -0700] "GET /images/logo2.png HTTP/1.1" 200 18525 "http://www.saveaslave.com/" "Mozilla/5.0 (Linux; Android 5.0.2; Redmi Note 2 Build/LRX22G) AppleWebKit/537.36 (KHTML, like Gecko) Chrome/58.0.3029.83 Mobile Safari/537.36" "www.saveaslave.com"
190.115.179.36 - - [02/Jun/2017:18:36:28 -0700] "GET /images/top.jpg HTTP/1.1" 200 50519 "http://www.saveaslave.com/" "Mozilla/5.0 (Linux; Android 5.0.2; Redmi Note 2 Build/LRX22G) AppleWebKit/537.36 (KHTML, like Gecko) Chrome/58.0.3029.83 Mobile Safari/537.36" "www.saveaslave.com"
190.115.179.36 - - [02/Jun/2017:18:36:39 -0700] "GET /images/article/end_it.jpg HTTP/1.1" 200 33676 "http://www.saveaslave.com/" "Mozilla/5.0 (Linux; Android 5.0.2; Redmi Note 2 Build/LRX22G) AppleWebKit/537.36 (KHTML, like Gecko) Chrome/58.0.3029.83 Mobile Safari/537.36" "www.saveaslave.com"
190.115.179.36 - - [02/Jun/2017:18:37:55 -0700] "GET /country.php?name=Australia&lang=en HTTP/1.1" 200 51967 "http://www.saveaslave.com/" "Mozilla/5.0 (Linux; Android 5.0.2; Redmi Note 2 Build/LRX22G) AppleWebKit/537.36 (KHTML, like Gecko) Chrome/58.0.3029.83 Mobile Safari/537.36" "www.saveaslave.com"
190.115.179.36 - - [02/Jun/2017:18:38:00 -0700] "GET /images/top-1.jpg HTTP/1.1" 200 77341 "http://www.saveaslave.com/country.php?name=Australia&lang=en" "Mozilla/5.0 (Linux; Android 5.0.2; Redmi Note 2 Build/LRX22G) AppleWebKit/537.36 (KHTML, like Gecko) Chrome/58.0.3029.83 Mobile Safari/537.36" "www.saveaslave.com"
190.115.179.36 - - [02/Jun/2017:18:38:01 -0700] "GET /css/down-arrow.png HTTP/1.1" 404 89 "http://www.saveaslave.com/css/elements.css" "Mozilla/5.0 (Linux; Android 5.0.2; Redmi Note 2 Build/LRX22G) AppleWebKit/537.36 (KHTML, like Gecko) Chrome/58.0.3029.83 Mobile Safari/537.36" "www.saveaslave.com"
190.115.179.36 - - [02/Jun/2017:18:38:18 -0700] "GET /ico/android-icon-192x192.png HTTP/1.1" 200 10097 "http://www.saveaslave.com/country.php?name=Australia&lang=en" "Mozilla/5.0 (Linux; Android 5.0.2; Redmi Note 2 Build/LRX22G) AppleWebKit/537.36 (KHTML, like Gecko) Chrome/58.0.3029.83 Mobile Safari/537.36" "www.saveaslave.com"
190.115.179.36 - - [02/Jun/2017:18:38:18 -0700] "GET /ico/apple-icon-180x180.png HTTP/1.1" 200 10378 "http://www.saveaslave.com/country.php?name=Australia&lang=en" "Mozilla/5.0 (Linux; Android 5.0.2; Redmi Note 2 Build/LRX22G) AppleWebKit/537.36 (KHTML, like Gecko) Chrome/58.0.3029.83 Mobile Safari/537.36" "www.saveaslave.com"
190.115.179.36 - - [02/Jun/2017:18:38:34 -0700] "POST /country.php?name=Australia&lang=en HTTP/1.1" 200 51843 "http://www.saveaslave.com/country.php?name=Australia&lang=en" "Mozilla/5.0 (Linux; Android 5.0.2; Redmi Note 2 Build/LRX22G) AppleWebKit/537.36 (KHTML, like Gecko) Chrome/58.0.3029.83 Mobile Safari/537.36" "www.saveaslave.com"
190.115.179.36 - - [02/Jun/2017:18:38:35 -0700] "GET /addarticle.php HTTP/1.1" 200 13725 "http://www.saveaslave.com/country.php?name=Australia&lang=en" "Mozilla/5.0 (Linux; Android 5.0.2; Redmi Note 2 Build/LRX22G) AppleWebKit/537.36 (KHTML, like Gecko) Chrome/58.0.3029.83 Mobile Safari/537.36" "www.saveaslave.com"
190.115.179.36 - - [02/Jun/2017:18:38:47 -0700] "GET /css/down-arrow.png HTTP/1.1" 404 89 "http://www.saveaslave.com/css/elements.css" "Mozilla/5.0 (Linux; Android 5.0.2; Redmi Note 2 Build/LRX22G) AppleWebKit/537.36 (KHTML, like Gecko) Chrome/58.0.3029.83 Mobile Safari/537.36" "www.saveaslave.com"[0]
107.21.12.158 - - [02/Jun/2017:18:40:02 -0700] "GET / HTTP/1.1" 200 88280 "-" "-" "saveaslave.com"
107.21.12.158 - - [02/Jun/2017:18:52:17 -0700] "GET / HTTP/1.1" 200 88280 "-" "-" "saveaslave.com"[2]
194.187.170.136 - - [02/Jun/2017:19:00:18 -0700] "GET / HTTP/1.1" 200 88280 "-" "Mozilla/5.0 (compatible; Qwantify/2.4w; +https://www.qwant.com/)/2.4w" "www.saveaslave.com"
68.148.231.252 - - [02/Jun/2017:19:02:31 -0700] "GET /css/style.css HTTP/1.1" 200 7938 "http://www.saveaslave.com/" "Mozilla/5.0 (iPhone; CPU iPhone OS 10_3_2 like Mac OS X) AppleWebKit/603.2.4 (KHTML, like Gecko) Version/10.0 Mobile/14F89 Safari/602.1" "www.saveaslave.com"
68.148.231.252 - - [02/Jun/2017:19:02:31 -0700] "GET /css/elements.css HTTP/1.1" 200 17857 "http://www.saveaslave.com/" "Mozilla/5.0 (iPhone; CPU iPhone OS 10_3_2 like Mac OS X) AppleWebKit/603.2.4 (KHTML, like Gecko) Version/10.0 Mobile/14F89 Safari/602.1" "www.saveaslave.com"
68.148.231.252 - - [02/Jun/2017:19:02:31 -0700] "GET /css/bootstrap.min.css HTTP/1.1" 200 123578 "http://www.saveaslave.com/" "Mozilla/5.0 (iPhone; CPU iPhone OS 10_3_2 like Mac OS X) AppleWebKit/603.2.4 (KHTML, like Gecko) Version/10.0 Mobile/14F89 Safari/602.1" "www.saveaslave.com"[0]
68.148.231.252 - - [02/Jun/2017:19:02:31 -0700] "GET /gfeedfetcher.js HTTP/1.1" 200 9018 "http://www.saveaslave.com/" "Mozilla/5.0 (iPhone; CPU iPhone OS 10_3_2 like Mac OS X) AppleWebKit/603.2.4 (KHTML, like Gecko) Version/10.0 Mobile/14F89 Safari/602.1" "www.saveaslave.com"
68.148.231.252 - - [02/Jun/2017:19:02:31 -0700] "GET /assets/js/ie-emulation-modes-warning.js HTTP/1.1" 200 2130 "http://www.saveaslave.com/" "Mozilla/5.0 (iPhone; CPU iPhone OS 10_3_2 like Mac OS X) AppleWebKit/603.2.4 (KHTML, like Gecko) Version/10.0 Mobile/14F89 Safari/602.1" "www.saveaslave.com"
68.148.231.252 - - [02/Jun/2017:19:02:31 -0700] "GET /images/top.jpg HTTP/1.1" 200 50519 "http://www.saveaslave.com/" "Mozilla/5.0 (iPhone; CPU iPhone OS 10_3_2 like Mac OS X) AppleWebKit/603.2.4 (KHTML, like Gecko) Version/10.0 Mobile/14F89 Safari/602.1" "www.saveaslave.com"
68.148.231.252 - - [02/Jun/2017:19:02:31 -0700] "GET /images/article/end_it.jpg HTTP/1.1" 200 33676 "http://www.saveaslave.com/" "Mozilla/5.0 (iPhone; CPU iPhone OS 10_3_2 like Mac OS X) AppleWebKit/603.2.4 (KHTML, like Gecko) Version/10.0 Mobile/14F89 Safari/602.1" "www.saveaslave.com"
68.148.231.252 - - [02/Jun/2017:19:02:31 -0700] "GET /images/social1.png HTTP/1.1" 200 2012 "http://www.saveaslave.com/" "Mozilla/5.0 (iPhone; CPU iPhone OS 10_3_2 like Mac OS X) AppleWebKit/603.2.4 (KHTML, like Gecko) Version/10.0 Mobile/14F89 Safari/602.1" "www.saveaslave.com"
68.148.231.252 - - [02/Jun/2017:19:02:32 -0700] "GET /images/tripit_icon_thumb_flat.png HTTP/1.1" 200 5795 "http://www.saveaslave.com/" "Mozilla/5.0 (iPhone; CPU iPhone OS 10_3_2 like Mac OS X) AppleWebKit/603.2.4 (KHTML, like Gecko) Version/10.0 Mobile/14F89 Safari/602.1" "www.saveaslave.com"[1]
68.148.231.252 - - [02/Jun/2017:19:02:32 -0700] "GET /addarticle.php HTTP/1.1" 200 13725 "http://www.saveaslave.com/" "Mozilla/5.0 (iPhone; CPU iPhone OS 10_3_2 like Mac OS X) AppleWebKit/603.2.4 (KHTML, like Gecko) Version/10.0 Mobile/14F89 Safari/602.1" "www.saveaslave.com"
68.148.231.252 - - [02/Jun/2017:19:02:32 -0700] "GET /images/social2.png HTTP/1.1" 200 1752 "http://www.saveaslave.com/" "Mozilla/5.0 (iPhone; CPU iPhone OS 10_3_2 like Mac OS X) AppleWebKit/603.2.4 (KHTML, like Gecko) Version/10.0 Mobile/14F89 Safari/602.1" "www.saveaslave.com"
68.148.231.252 - - [02/Jun/2017:19:02:35 -0700] "GET /images/select-arrow.png HTTP/1.1" 200 1118 "http://www.saveaslave.com/" "Mozilla/5.0 (iPhone; CPU iPhone OS 10_3_2 like Mac OS X) AppleWebKit/603.2.4 (KHTML, like Gecko) Version/10.0 Mobile/14F89 Safari/602.1" "www.saveaslave.com"
68.148.231.252 - - [02/Jun/2017:19:02:35 -0700] "GET /css/down-arrow.png HTTP/1.1" 404 89 "http://www.saveaslave.com/" "Mozilla/5.0 (iPhone; CPU iPhone OS 10_3_2 like Mac OS X) AppleWebKit/603.2.4 (KHTML, like Gecko) Version/10.0 Mobile/14F89 Safari/602.1" "www.saveaslave.com"
65.36.241.48 - - [02/Jun/2017:19:07:21 -0700] "HEAD / HTTP/1.1" 200 0 "-" "InternetSeer.com" "www.saveaslave.com"
107.21.12.158 - - [02/Jun/2017:19:24:54 -0700] "GET / HTTP/1.1" 200 88280 "-" "-" "saveaslave.com"
180.76.15.7 - - [02/Jun/2017:19:34:21 -0700] "GET /country.php?name=Eritrea&lang=en HTTP/1.1" 200 53636 "-" "Mozilla/5.0 (compatible; Baiduspider/2.0; +http://www.baidu.com/search/spider.html)" "www.saveaslave.com"
66.249.75.16 - - [02/Jun/2017:19:38:43 -0700] "GET /images/article/1402379001_o-torgovle-lyudmi-21.jpg HTTP/1.1" 200 33957 "-" "Googlebot-Image/1.0" "www.saveaslave.com"
138.197.96.248 - - [02/Jun/2017:19:46:04 -0700] "GET /assets/js/ie10-viewport-bug-workaround.js HTTP/1.1" 200 641 "http://www.saveaslave.com/" "Mozilla/5.0 (Macintosh; Intel Mac OS X 10_9_2) AppleWebKit/537.36 (KHTML, like Gecko) Chrome/34.0.1847.131 Safari/537.36" "www.saveaslave.com"
138.197.96.248 - - [02/Jun/2017:19:46:04 -0700] "GET /js/bootstrap.min.js HTTP/1.1" 200 37055 "http://www.saveaslave.com/" "Mozilla/5.0 (Macintosh; Intel Mac OS X 10_9_2) AppleWebKit/537.36 (KHTML, like Gecko) Chrome/34.0.1847.131 Safari/537.36" "www.saveaslave.com"
138.197.96.248 - - [02/Jun/2017:19:46:05 -0700] "GET /addarticle.php HTTP/1.1" 200 13725 "http://www.saveaslave.com/" "Mozilla/5.0 (Macintosh; Intel Mac OS X 10_9_2) AppleWebKit/537.36 (KHTML, like Gecko) Chrome/34.0.1847.131 Safari/537.36" "www.saveaslave.com"
138.197.96.248 - - [02/Jun/2017:19:46:20 -0700] "GET /robots.txt HTTP/1.1" 200 48 "-" "Mozilla/5.0 (Windows NT 6.1; WOW64; rv:28.0) Gecko/20100101 Firefox/28.0" "www.saveaslave.com"[0]
138.197.96.248 - - [02/Jun/2017:19:46:22 -0700] "GET /help.php HTTP/1.1" 200 53148 "http://www.saveaslave.com" "Mozilla/5.0 (Windows NT 6.1; WOW64; rv:29.0) Gecko/20100101 Firefox/29.0" "www.saveaslave.com"[0]
138.197.96.248 - - [02/Jun/2017:19:46:22 -0700] "GET /contact-us.php HTTP/1.1" 200 30765 "http://www.saveaslave.com" "Mozilla/5.0 (Macintosh; Intel Mac OS X 10.9; rv:29.0) Gecko/20100101 Firefox/29.0" "www.saveaslave.com"[0]
138.197.96.248 - - [02/Jun/2017:19:46:22 -0700] "GET /article.php?id=118 HTTP/1.1" 200 49966 "http://www.saveaslave.com" "Mozilla/5.0 (Macintosh; Intel Mac OS X 10_9_2) AppleWebKit/537.36 (KHTML, like Gecko) Chrome/34.0.1847.131 Safari/537.36" "www.saveaslave.com"
138.197.96.248 - - [02/Jun/2017:19:46:22 -0700] "GET /article.php?id=86 HTTP/1.1" 200 44834 "http://www.saveaslave.com" "Mozilla/5.0 (Macintosh; Intel Mac OS X 10_9_3) AppleWebKit/537.36 (KHTML, like Gecko) Chrome/35.0.1916.114 Safari/537.36" "www.saveaslave.com"[0]
138.197.96.248 - - [02/Jun/2017:19:46:22 -0700] "GET /our-supporters.php HTTP/1.1" 200 56273 "http://www.saveaslave.com" "Mozilla/5.0 (Windows NT 6.1; rv:28.0) Gecko/20100101 Firefox/28.0" "www.saveaslave.com"
138.197.96.248 - - [02/Jun/2017:19:46:22 -0700] "GET /article.php?id=114 HTTP/1.1" 200 44774 "http://www.saveaslave.com" "Mozilla/5.0 (compatible; MSIE 9.0; Windows NT 6.1; WOW64; Trident/5.0)" "www.saveaslave.com"
138.197.96.248 - - [02/Jun/2017:19:46:22 -0700] "GET /article.php?id=117 HTTP/1.1" 200 48065 "http://www.saveaslave.com" "Mozilla/5.0 (Windows NT 6.1; WOW64; rv:29.0) Gecko/20100101 Firefox/29.0" "www.saveaslave.com"
138.197.96.248 - - [02/Jun/2017:19:46:22 -0700] "GET /our-news.php HTTP/1.1" 200 68977 "http://www.saveaslave.com" "Mozilla/5.0 (Macintosh; Intel Mac OS X 10_9_2) AppleWebKit/537.36 (KHTML, like Gecko) Chrome/34.0.1847.131 Safari/537.36" "www.saveaslave.com"
138.197.96.248 - - [02/Jun/2017:19:46:22 -0700] "GET /our-news.php HTTP/1.1" 200 69013 "http://saveaslave.com" "Mozilla/5.0 (compatible; MSIE 10.0; Windows NT 6.1; WOW64; Trident/6.0)" "saveaslave.com"
216.244.66.198 - - [02/Jun/2017:19:50:11 -0700] "GET /robots.txt HTTP/1.1" 200 48 "-" "Mozilla/5.0 (compatible; DotBot/1.1; http://www.opensiteexplorer.org/dotbot, help@moz.com)" "saveaslave.com"
216.244.66.198 - - [02/Jun/2017:20:33:58 -0700] "GET /article.php?id=65 HTTP/1.1" 200 51148 "-" "Mozilla/5.0 (compatible; DotBot/1.1; http://www.opensiteexplorer.org/dotbot, help@moz.com)" "saveaslave.com"[3]
65.36.241.48 - - [02/Jun/2017:20:40:57 -0700] "HEAD / HTTP/1.1" 200 0 "-" "InternetSeer.com" "www.saveaslave.com"
85.93.91.84 - - [02/Jun/2017:21:49:19 -0700] "GET /managecountry.php HTTP/1.1" 200 1294 "-" "Mozilla/5.0 (compatible; DeuSu/5.0.2; +https://deusu.de/robot.html)" "www.saveaslave.com"
216.244.66.250 - - [02/Jun/2017:22:03:27 -0700] "GET /robots.txt HTTP/1.1" 200 48 "-" "Mozilla/5.0 (compatible; DotBot/1.1; http://www.opensiteexplorer.org/dotbot, help@moz.com)" "saveaslave.com"
65.36.241.48 - - [02/Jun/2017:22:15:02 -0700] "HEAD / HTTP/1.1" 200 0 "-" "InternetSeer.com" "www.saveaslave.com"
107.21.1.8 - - [02/Jun/2017:22:38:32 -0700] "GET / HTTP/1.1" 200 88280 "http://saveaslave.com/" "Mozilla/5.0 (compatible; DuckDuckGo-Favicons-Bot/1.0; +http://duckduckgo.com)" "saveaslave.com"[2]
216.244.66.198 - - [02/Jun/2017:22:41:27 -0700] "GET /robots.txt HTTP/1.1" 200 48 "-" "Mozilla/5.0 (compatible; DotBot/1.1; http://www.opensiteexplorer.org/dotbot, help@moz.com)" "saveaslave.com"
216.244.66.198 - - [02/Jun/2017:22:41:43 -0700] "GET /robots.txt HTTP/1.1" 200 48 "-" "Mozilla/5.0 (compatible; DotBot/1.1; http://www.opensiteexplorer.org/dotbot, help@moz.com)" "saveaslave.com"
216.244.66.250 - - [02/Jun/2017:22:57:09 -0700] "GET /article.php?id=63 HTTP/1.1" 200 46414 "-" "Mozilla/5.0 (compatible; DotBot/1.1; http://www.opensiteexplorer.org/dotbot, help@moz.com)" "saveaslave.com"[1]
51.255.71.130 - - [02/Jun/2017:23:16:24 -0700] "GET /www.immigrantjustice.org HTTP/1.1" 404 89 "-" "Mozilla/5.0 (compatible; AhrefsBot/5.2; +http://ahrefs.com/robot/)" "www.saveaslave.com"
216.244.66.198 - - [02/Jun/2017:23:19:45 -0700] "GET /index.php HTTP/1.1" 200 88280 "-" "Mozilla/5.0 (compatible; DotBot/1.1; http://www.opensiteexplorer.org/dotbot, help@moz.com)" "saveaslave.com"[1]
45.55.229.195 - - [02/Jun/2017:23:40:05 -0700] "GET /robots.txt HTTP/1.1" 200 48 "-" "Mozilla/5.0 (compatible; spbot/5.0.3; +http://OpenLinkProfiler.org/bot )" "saveaslave.com"
45.55.229.195 - - [02/Jun/2017:23:40:12 -0700] "GET / HTTP/1.1" 200 88280 "-" "Mozilla/5.0 (compatible; spbot/5.0.3; +http://OpenLinkProfiler.org/bot )" "www.saveaslave.com"[2]
45.55.229.195 - - [02/Jun/2017:23:40:13 -0700] "GET /help.php HTTP/1.1" 200 53148 "http://www.saveaslave.com/" "Mozilla/5.0 (compatible; spbot/5.0.3; +http://OpenLinkProfiler.org/bot )" "www.saveaslave.com"
45.55.229.195 - - [02/Jun/2017:23:40:16 -0700] "GET /index.php HTTP/1.1" 200 88244 "http://www.saveaslave.com/" "Mozilla/5.0 (compatible; spbot/5.0.3; +http://OpenLinkProfiler.org/bot )" "www.saveaslave.com"[0]
45.55.229.195 - - [02/Jun/2017:23:40:30 -0700] "GET /disclaimer.php HTTP/1.1" 200 48726 "http://www.saveaslave.com/" "Mozilla/5.0 (compatible; spbot/5.0.3; +http://OpenLinkProfiler.org/bot )" "www.saveaslave.com"[0]
45.55.229.195 - - [02/Jun/2017:23:40:36 -0700] "GET /who-we-are.php HTTP/1.1" 200 51669 "http://www.saveaslave.com/" "Mozilla/5.0 (compatible; spbot/5.0.3; +http://OpenLinkProfiler.org/bot )" "www.saveaslave.com"
45.55.229.195 - - [02/Jun/2017:23:40:41 -0700] "GET /article.php?id=2 HTTP/1.1" 200 49233 "http://www.saveaslave.com/our-news.php" "Mozilla/5.0 (compatible; spbot/5.0.3; +http://OpenLinkProfiler.org/bot )" "www.saveaslave.com"
45.55.229.195 - - [02/Jun/2017:23:40:45 -0700] "GET /article.php?id=1 HTTP/1.1" 200 45757 "http://www.saveaslave.com/our-news.php" "Mozilla/5.0 (compatible; spbot/5.0.3; +http://OpenLinkProfiler.org/bot )" "www.saveaslave.com"[0]
45.55.229.195 - - [02/Jun/2017:23:40:51 -0700] "GET /article.php?id=5 HTTP/1.1" 200 47440 "http://www.saveaslave.com/our-news.php" "Mozilla/5.0 (compatible; spbot/5.0.3; +http://OpenLinkProfiler.org/bot )" "www.saveaslave.com"
45.55.229.195 - - [02/Jun/2017:23:41:00 -0700] "GET /article.php?id=4 HTTP/1.1" 200 51719 "http://www.saveaslave.com/our-news.php" "Mozilla/5.0 (compatible; spbot/5.0.3; +http://OpenLinkProfiler.org/bot )" "www.saveaslave.com"[0]
45.55.229.195 - - [02/Jun/2017:23:41:06 -0700] "GET /article.php?id=7 HTTP/1.1" 200 50042 "http://www.saveaslave.com/our-news.php" "Mozilla/5.0 (compatible; spbot/5.0.3; +http://OpenLinkProfiler.org/bot )" "www.saveaslave.com"
45.55.229.195 - - [02/Jun/2017:23:41:11 -0700] "GET /article.php?id=3 HTTP/1.1" 200 51762 "http://www.saveaslave.com/our-news.php" "Mozilla/5.0 (compatible; spbot/5.0.3; +http://OpenLinkProfiler.org/bot )" "www.saveaslave.com"
45.55.229.195 - - [02/Jun/2017:23:41:16 -0700] "GET /article.php?id=15 HTTP/1.1" 200 57058 "http://www.saveaslave.com/our-news.php" "Mozilla/5.0 (compatible; spbot/5.0.3; +http://OpenLinkProfiler.org/bot )" "www.saveaslave.com"
45.55.229.195 - - [02/Jun/2017:23:41:21 -0700] "GET /help-advanced.php HTTP/1.1" 200 54096 "http://www.saveaslave.com/help.php" "Mozilla/5.0 (compatible; spbot/5.0.3; +http://OpenLinkProfiler.org/bot )" "www.saveaslave.com"[0]
45.55.229.195 - - [02/Jun/2017:23:41:26 -0700] "GET /managelink.php HTTP/1.1" 200 1294 "http://www.saveaslave.com/help-advanced.php" "Mozilla/5.0 (compatible; spbot/5.0.3; +http://OpenLinkProfiler.org/bot )" "www.saveaslave.com"
45.55.229.195 - - [02/Jun/2017:23:41:31 -0700] "GET /article.php?id=22 HTTP/1.1" 200 47482 "http://www.saveaslave.com/our-news.php" "Mozilla/5.0 (compatible; spbot/5.0.3; +http://OpenLinkProfiler.org/bot )" "www.saveaslave.com"
45.55.229.195 - - [02/Jun/2017:23:41:36 -0700] "GET /article.php?id=21 HTTP/1.1" 200 50219 "http://www.saveaslave.com/our-news.php" "Mozilla/5.0 (compatible; spbot/5.0.3; +http://OpenLinkProfiler.org/bot )" "www.saveaslave.com"
45.55.229.195 - - [02/Jun/2017:23:41:40 -0700] "GET /article.php?id=86 HTTP/1.1" 200 44834 "http://www.saveaslave.com/" "Mozilla/5.0 (compatible; spbot/5.0.3; +http://OpenLinkProfiler.org/bot )" "www.saveaslave.com"
45.55.229.195 - - [02/Jun/2017:23:41:45 -0700] "GET /article.php?id=46 HTTP/1.1" 200 50150 "http://www.saveaslave.com/our-news.php" "Mozilla/5.0 (compatible; spbot/5.0.3; +http://OpenLinkProfiler.org/bot )" "www.saveaslave.com"
45.55.229.195 - - [02/Jun/2017:23:41:52 -0700] "GET /article.php?id=13 HTTP/1.1" 200 61389 "http://www.saveaslave.com/our-news.php" "Mozilla/5.0 (compatible; spbot/5.0.3; +http://OpenLinkProfiler.org/bot )" "www.saveaslave.com"[1]
45.55.229.195 - - [02/Jun/2017:23:41:56 -0700] "GET /article.php?id=32 HTTP/1.1" 200 51934 "http://www.saveaslave.com/our-news.php" "Mozilla/5.0 (compatible; spbot/5.0.3; +http://OpenLinkProfiler.org/bot )" "www.saveaslave.com"[0]
45.55.229.195 - - [02/Jun/2017:23:42:01 -0700] "GET /managearticle.php HTTP/1.1" 200 1294 "http://www.saveaslave.com/help-advanced.php" "Mozilla/5.0 (compatible; spbot/5.0.3; +http://OpenLinkProfiler.org/bot )" "www.saveaslave.com"[0]
45.55.229.195 - - [02/Jun/2017:23:42:05 -0700] "GET /managecountry.php HTTP/1.1" 200 1294 "http://www.saveaslave.com/help-advanced.php" "Mozilla/5.0 (compatible; spbot/5.0.3; +http://OpenLinkProfiler.org/bot )" "www.saveaslave.com"[0]
45.55.229.195 - - [02/Jun/2017:23:42:10 -0700] "GET /article.php?id=117 HTTP/1.1" 200 48065 "http://www.saveaslave.com/" "Mozilla/5.0 (compatible; spbot/5.0.3; +http://OpenLinkProfiler.org/bot )" "www.saveaslave.com"[0]
45.55.229.195 - - [02/Jun/2017:23:42:16 -0700] "GET /article.php?id=118 HTTP/1.1" 200 49966 "http://www.saveaslave.com/" "Mozilla/5.0 (compatible; spbot/5.0.3; +http://OpenLinkProfiler.org/bot )" "www.saveaslave.com"
45.55.229.195 - - [02/Jun/2017:23:42:21 -0700] "GET /in-russian.php?lang=ru HTTP/1.1" 200 92413 "http://www.saveaslave.com/" "Mozilla/5.0 (compatible; spbot/5.0.3; +http://OpenLinkProfiler.org/bot )" "saveaslave.com"
45.55.229.195 - - [02/Jun/2017:23:42:27 -0700] "GET / HTTP/1.1" 200 88244 "http://saveaslave.com/in-russian.php?lang=ru" "Mozilla/5.0 (compatible; spbot/5.0.3; +http://OpenLinkProfiler.org/bot )" "saveaslave.com"
45.55.229.195 - - [02/Jun/2017:23:42:31 -0700] "GET /help.php HTTP/1.1" 200 53184 "http://saveaslave.com/" "Mozilla/5.0 (compatible; spbot/5.0.3; +http://OpenLinkProfiler.org/bot )" "saveaslave.com"
45.55.229.195 - - [02/Jun/2017:23:42:37 -0700] "GET /index.php HTTP/1.1" 200 88280 "http://saveaslave.com/" "Mozilla/5.0 (compatible; spbot/5.0.3; +http://OpenLinkProfiler.org/bot )" "saveaslave.com"[1]
45.55.229.195 - - [02/Jun/2017:23:42:42 -0700] "GET /our-news.php HTTP/1.1" 200 69013 "http://saveaslave.com/" "Mozilla/5.0 (compatible; spbot/5.0.3; +http://OpenLinkProfiler.org/bot )" "saveaslave.com"
45.55.229.195 - - [02/Jun/2017:23:42:50 -0700] "GET /contact-us.php HTTP/1.1" 200 30765 "http://saveaslave.com/" "Mozilla/5.0 (compatible; spbot/5.0.3; +http://OpenLinkProfiler.org/bot )" "saveaslave.com"
45.55.229.195 - - [02/Jun/2017:23:42:55 -0700] "GET /disclaimer.php HTTP/1.1" 200 48762 "http://saveaslave.com/" "Mozilla/5.0 (compatible; spbot/5.0.3; +http://OpenLinkProfiler.org/bot )" "saveaslave.com"
45.55.229.195 - - [02/Jun/2017:23:43:01 -0700] "GET /who-we-are.php HTTP/1.1" 200 51705 "http://saveaslave.com/" "Mozilla/5.0 (compatible; spbot/5.0.3; +http://OpenLinkProfiler.org/bot )" "saveaslave.com"
45.55.229.195 - - [02/Jun/2017:23:43:06 -0700] "GET /who-we-arer.php HTTP/1.1" 200 73350 "http://saveaslave.com/in-russian.php?lang=ru" "Mozilla/5.0 (compatible; spbot/5.0.3; +http://OpenLinkProfiler.org/bot )" "saveaslave.com"[0]
45.55.229.195 - - [02/Jun/2017:23:43:11 -0700] "GET /contact-usr.php HTTP/1.1" 200 20067 "http://saveaslave.com/in-russian.php?lang=ru" "Mozilla/5.0 (compatible; spbot/5.0.3; +http://OpenLinkProfiler.org/bot )" "saveaslave.com"[0]
45.55.229.195 - - [02/Jun/2017:23:43:16 -0700] "GET /article.php?id=5 HTTP/1.1" 200 47440 "http://saveaslave.com/our-news.php" "Mozilla/5.0 (compatible; spbot/5.0.3; +http://OpenLinkProfiler.org/bot )" "saveaslave.com"
45.55.229.195 - - [02/Jun/2017:23:43:26 -0700] "GET /article.php?id=4 HTTP/1.1" 200 51719 "http://saveaslave.com/our-news.php" "Mozilla/5.0 (compatible; spbot/5.0.3; +http://OpenLinkProfiler.org/bot )" "saveaslave.com"
45.55.229.195 - - [02/Jun/2017:23:43:31 -0700] "GET /article.php?id=7 HTTP/1.1" 200 50042 "http://saveaslave.com/our-news.php" "Mozilla/5.0 (compatible; spbot/5.0.3; +http://OpenLinkProfiler.org/bot )" "saveaslave.com"
45.55.229.195 - - [02/Jun/2017:23:43:36 -0700] "GET /article.php?id=6 HTTP/1.1" 200 48415 "http://saveaslave.com/our-news.php" "Mozilla/5.0 (compatible; spbot/5.0.3; +http://OpenLinkProfiler.org/bot )" "saveaslave.com"
45.55.229.195 - - [02/Jun/2017:23:43:41 -0700] "GET /article.php?id=1 HTTP/1.1" 200 45757 "http://saveaslave.com/our-news.php" "Mozilla/5.0 (compatible; spbot/5.0.3; +http://OpenLinkProfiler.org/bot )" "saveaslave.com"[1]
45.55.229.195 - - [02/Jun/2017:23:43:46 -0700] "GET /article.php?id=3 HTTP/1.1" 200 51762 "http://saveaslave.com/our-news.php" "Mozilla/5.0 (compatible; spbot/5.0.3; +http://OpenLinkProfiler.org/bot )" "saveaslave.com"
45.55.229.195 - - [02/Jun/2017:23:43:55 -0700] "GET /article.php?id=8 HTTP/1.1" 200 55614 "http://saveaslave.com/our-newsr.php" "Mozilla/5.0 (compatible; spbot/5.0.3; +http://OpenLinkProfiler.org/bot )" "saveaslave.com"
45.55.229.195 - - [02/Jun/2017:23:44:01 -0700] "GET /article.php?id=32 HTTP/1.1" 200 51934 "http://saveaslave.com/our-news.php" "Mozilla/5.0 (compatible; spbot/5.0.3; +http://OpenLinkProfiler.org/bot )" "saveaslave.com"
45.55.229.195 - - [02/Jun/2017:23:44:06 -0700] "GET /article.php?id=65 HTTP/1.1" 200 51112 "http://saveaslave.com/in-russian.php?lang=ru" "Mozilla/5.0 (compatible; spbot/5.0.3; +http://OpenLinkProfiler.org/bot )" "saveaslave.com"
65.36.241.48 - - [02/Jun/2017:23:44:08 -0700] "HEAD / HTTP/1.1" 200 0 "-" "InternetSeer.com" "www.saveaslave.com"
45.55.229.195 - - [02/Jun/2017:23:44:11 -0700] "GET /article.php?id=15 HTTP/1.1" 200 57058 "http://saveaslave.com/our-news.php" "Mozilla/5.0 (compatible; spbot/5.0.3; +http://OpenLinkProfiler.org/bot )" "saveaslave.com"
45.55.229.195 - - [02/Jun/2017:23:44:17 -0700] "GET /article.php?id=61 HTTP/1.1" 200 57215 "http://saveaslave.com/our-newsr.php" "Mozilla/5.0 (compatible; spbot/5.0.3; +http://OpenLinkProfiler.org/bot )" "saveaslave.com"[1]
45.55.229.195 - - [02/Jun/2017:23:44:21 -0700] "GET /help-advanced.php HTTP/1.1" 200 54096 "http://saveaslave.com/help.php" "Mozilla/5.0 (compatible; spbot/5.0.3; +http://OpenLinkProfiler.org/bot )" "saveaslave.com"
45.55.229.195 - - [02/Jun/2017:23:44:25 -0700] "GET /article.php?id=22 HTTP/1.1" 200 47482 "http://saveaslave.com/our-news.php" "Mozilla/5.0 (compatible; spbot/5.0.3; +http://OpenLinkProfiler.org/bot )" "saveaslave.com"[0]
45.55.229.195 - - [02/Jun/2017:23:44:36 -0700] "GET /article.php?id=63 HTTP/1.1" 200 46378 "http://saveaslave.com/in-russian.php?lang=ru" "Mozilla/5.0 (compatible; spbot/5.0.3; +http://OpenLinkProfiler.org/bot )" "saveaslave.com"[0]
45.55.229.195 - - [02/Jun/2017:23:44:51 -0700] "GET /article.php?id=45 HTTP/1.1" 200 46764 "http://saveaslave.com/our-newsr.php" "Mozilla/5.0 (compatible; spbot/5.0.3; +http://OpenLinkProfiler.org/bot )" "saveaslave.com"[0]
45.55.229.195 - - [02/Jun/2017:23:45:00 -0700] "GET /article.php?id=46 HTTP/1.1" 200 50150 "http://saveaslave.com/our-news.php" "Mozilla/5.0 (compatible; spbot/5.0.3; +http://OpenLinkProfiler.org/bot )" "saveaslave.com"
45.55.229.195 - - [02/Jun/2017:23:45:06 -0700] "GET /article.php?id=60 HTTP/1.1" 200 49899 "http://saveaslave.com/our-newsr.php" "Mozilla/5.0 (compatible; spbot/5.0.3; +http://OpenLinkProfiler.org/bot )" "saveaslave.com"[0]
45.55.229.195 - - [02/Jun/2017:23:45:11 -0700] "GET /article.php?id=18 HTTP/1.1" 200 47980 "http://saveaslave.com/our-newsr.php" "Mozilla/5.0 (compatible; spbot/5.0.3; +http://OpenLinkProfiler.org/bot )" "saveaslave.com"
45.55.229.195 - - [02/Jun/2017:23:45:21 -0700] "GET /article.php?id=62 HTTP/1.1" 200 48535 "http://saveaslave.com/our-newsr.php" "Mozilla/5.0 (compatible; spbot/5.0.3; +http://OpenLinkProfiler.org/bot )" "saveaslave.com"
45.55.229.195 - - [02/Jun/2017:23:45:31 -0700] "GET /article.php?id=24 HTTP/1.1" 200 46728 "http://saveaslave.com/our-newsr.php" "Mozilla/5.0 (compatible; spbot/5.0.3; +http://OpenLinkProfiler.org/bot )" "saveaslave.com"
45.55.229.195 - - [02/Jun/2017:23:45:35 -0700] "GET /article.php?id=17 HTTP/1.1" 200 46075 "http://saveaslave.com/our-newsr.php" "Mozilla/5.0 (compatible; spbot/5.0.3; +http://OpenLinkProfiler.org/bot )" "saveaslave.com"
45.55.229.195 - - [02/Jun/2017:23:45:41 -0700] "GET /article.php?id=19 HTTP/1.1" 200 49557 "http://saveaslave.com/our-newsr.php" "Mozilla/5.0 (compatible; spbot/5.0.3; +http://OpenLinkProfiler.org/bot )" "saveaslave.com"[1]
45.55.229.195 - - [02/Jun/2017:23:45:46 -0700] "GET /article.php?id=86 HTTP/1.1" 200 44870 "http://saveaslave.com/" "Mozilla/5.0 (compatible; spbot/5.0.3; +http://OpenLinkProfiler.org/bot )" "saveaslave.com"
45.55.229.195 - - [02/Jun/2017:23:45:51 -0700] "GET /article.php?id=21 HTTP/1.1" 200 50219 "http://saveaslave.com/our-news.php" "Mozilla/5.0 (compatible; spbot/5.0.3; +http://OpenLinkProfiler.org/bot )" "saveaslave.com"
45.55.229.195 - - [02/Jun/2017:23:46:01 -0700] "GET /article.php?id=116 HTTP/1.1" 200 44255 "http://saveaslave.com/" "Mozilla/5.0 (compatible; spbot/5.0.3; +http://OpenLinkProfiler.org/bot )" "saveaslave.com"
45.55.229.195 - - [02/Jun/2017:23:46:06 -0700] "GET /article.php?id=111 HTTP/1.1" 200 47045 "http://saveaslave.com/our-news.php" "Mozilla/5.0 (compatible; spbot/5.0.3; +http://OpenLinkProfiler.org/bot )" "saveaslave.com"
45.55.229.195 - - [02/Jun/2017:23:46:15 -0700] "GET /our-supporters.php HTTP/1.1" 200 56309 "http://saveaslave.com/" "Mozilla/5.0 (compatible; spbot/5.0.3; +http://OpenLinkProfiler.org/bot )" "saveaslave.com"
45.55.229.195 - - [02/Jun/2017:23:46:20 -0700] "GET /article.php?id=117 HTTP/1.1" 200 48101 "http://saveaslave.com/" "Mozilla/5.0 (compatible; spbot/5.0.3; +http://OpenLinkProfiler.org/bot )" "saveaslave.com"
45.55.229.195 - - [02/Jun/2017:23:46:26 -0700] "GET /article.php?id=113 HTTP/1.1" 200 44779 "http://saveaslave.com/our-news.php" "Mozilla/5.0 (compatible; spbot/5.0.3; +http://OpenLinkProfiler.org/bot )" "saveaslave.com"
45.55.229.195 - - [02/Jun/2017:23:46:31 -0700] "GET /article.php?id=118 HTTP/1.1" 200 50002 "http://saveaslave.com/" "Mozilla/5.0 (compatible; spbot/5.0.3; +http://OpenLinkProfiler.org/bot )" "saveaslave.com"[0]
45.55.229.195 - - [02/Jun/2017:23:46:36 -0700] "GET /article.php?id=114 HTTP/1.1" 200 44810 "http://saveaslave.com/" "Mozilla/5.0 (compatible; spbot/5.0.3; +http://OpenLinkProfiler.org/bot )" "saveaslave.com"
45.55.229.195 - - [02/Jun/2017:23:46:41 -0700] "GET /our-supportersr.php HTTP/1.1" 200 73 "http://saveaslave.com/in-russian.php?lang=ru" "Mozilla/5.0 (compatible; spbot/5.0.3; +http://OpenLinkProfiler.org/bot )" "saveaslave.com"
45.55.229.195 - - [02/Jun/2017:23:46:46 -0700] "GET /our-supporters.php HTTP/1.1" 200 56273 "http://www.saveaslave.com/" "Mozilla/5.0 (compatible; spbot/5.0.3; +http://OpenLinkProfiler.org/bot )" "www.saveaslave.com"
45.55.229.195 - - [02/Jun/2017:23:46:51 -0700] "GET /article.php?id=113 HTTP/1.1" 200 44779 "http://www.saveaslave.com/our-news.php" "Mozilla/5.0 (compatible; spbot/5.0.3; +http://OpenLinkProfiler.org/bot )" "www.saveaslave.com"[0]
45.55.229.195 - - [02/Jun/2017:23:46:55 -0700] "GET /article.php?id=116 HTTP/1.1" 200 44219 "http://www.saveaslave.com/" "Mozilla/5.0 (compatible; spbot/5.0.3; +http://OpenLinkProfiler.org/bot )" "www.saveaslave.com"[0]
45.55.229.195 - - [02/Jun/2017:23:47:01 -0700] "GET /article.php?id=114 HTTP/1.1" 200 44774 "http://www.saveaslave.com/" "Mozilla/5.0 (compatible; spbot/5.0.3; +http://OpenLinkProfiler.org/bot )" "www.saveaslave.com"
45.55.229.195 - - [02/Jun/2017:23:47:05 -0700] "GET /article.php?id=111 HTTP/1.1" 200 47045 "http://www.saveaslave.com/our-news.php" "Mozilla/5.0 (compatible; spbot/5.0.3; +http://OpenLinkProfiler.org/bot )" "www.saveaslave.com"
45.55.229.195 - - [02/Jun/2017:23:47:11 -0700] "GET /managevolunteer.php HTTP/1.1" 200 1294 "http://www.saveaslave.com/help-advanced.php" "Mozilla/5.0 (compatible; spbot/5.0.3; +http://OpenLinkProfiler.org/bot )" "www.saveaslave.com"[0]
198.52.180.248 - - [03/Jun/2017:00:18:51 -0700] "GET / HTTP/1.1" 200 88244 "http://www.saveaslave.com/" "Mozilla/5.0 (Windows NT 6.1) AppleWebKit/537.36 (KHTML, like Gecko) Dragon/36.1.1.21 Chrome/36.0.1985.97 Safari/537.36" "www.saveaslave.com"
198.52.180.248 - - [03/Jun/2017:00:18:53 -0700] "GET /addarticle.php HTTP/1.1" 200 13725 "http://www.saveaslave.com/" "Mozilla/5.0 (Windows NT 6.1) AppleWebKit/537.36 (KHTML, like Gecko) Dragon/36.1.1.21 Chrome/36.0.1985.97 Safari/537.36" "www.saveaslave.com"
60.225.49.252 - - [03/Jun/2017:00:40:15 -0700] "GET /images/top.jpg HTTP/1.1" 200 50519 "https://www.google.com.au/" "Mozilla/5.0 (Windows NT 10.0; Win64; x64) AppleWebKit/537.36 (KHTML, like Gecko) Chrome/58.0.3029.110 Safari/537.36" "www.saveaslave.com"
65.36.241.48 - - [03/Jun/2017:00:57:26 -0700] "HEAD / HTTP/1.1" 200 0 "-" "InternetSeer.com" "www.saveaslave.com"
216.244.66.250 - - [03/Jun/2017:01:00:28 -0700] "GET /robots.txt HTTP/1.1" 200 48 "-" "Mozilla/5.0 (compatible; DotBot/1.1; http://www.opensiteexplorer.org/dotbot, help@moz.com)" "saveaslave.com"
34.207.107.82 - - [03/Jun/2017:01:07:56 -0700] "GET / HTTP/1.1" 200 88280 "-" "-" "saveaslave.com"
107.21.12.158 - - [03/Jun/2017:01:08:15 -0700] "GET / HTTP/1.1" 200 88280 "-" "-" "saveaslave.com"
107.21.12.158 - - [03/Jun/2017:01:08:16 -0700] "GET / HTTP/1.1" 200 88280 "-" "-" "saveaslave.com"[1]
64.62.252.164 - - [03/Jun/2017:01:20:24 -0700] "GET / HTTP/1.1" 200 88280 "-" "BUbiNG (+http://law.di.unimi.it/BUbiNG.html)" "www.saveaslave.com"
5.9.111.70 - - [03/Jun/2017:01:23:15 -0700] "GET /robots.txt HTTP/1.1" 200 48 "-" "Mozilla/5.0 (compatible; MJ12bot/v1.4.7; http://mj12bot.com/)" "www.saveaslave.com"[0]
5.9.111.70 - - [03/Jun/2017:01:23:17 -0700] "GET /?tpl=contact&Itemid=6 HTTP/1.1" 200 88280 "-" "Mozilla/5.0 (compatible; MJ12bot/v1.4.7; http://mj12bot.com/)" "www.saveaslave.com"[0]
5.9.111.70 - - [03/Jun/2017:01:23:20 -0700] "GET /?tpl=newspaper&Itemid=6&countrycode=us HTTP/1.1" 200 88280 "-" "Mozilla/5.0 (compatible; MJ12bot/v1.4.7; http://mj12bot.com/)" "www.saveaslave.com"
5.9.111.70 - - [03/Jun/2017:01:23:22 -0700] "GET /?tpl=saveaslave&Itemid=2 HTTP/1.1" 200 88280 "-" "Mozilla/5.0 (compatible; MJ12bot/v1.4.7; http://mj12bot.com/)" "www.saveaslave.com"[0]
5.9.111.70 - - [03/Jun/2017:01:23:24 -0700] "GET /addarticle.php HTTP/1.1" 200 13761 "-" "Mozilla/5.0 (compatible; MJ12bot/v1.4.7; http://mj12bot.com/)" "www.saveaslave.com"
5.9.111.70 - - [03/Jun/2017:01:23:25 -0700] "GET /article.php?id=114 HTTP/1.1" 200 44810 "-" "Mozilla/5.0 (compatible; MJ12bot/v1.4.7; http://mj12bot.com/)" "www.saveaslave.com"
5.9.111.70 - - [03/Jun/2017:01:23:27 -0700] "GET /article.php?id=22 HTTP/1.1" 200 47518 "-" "Mozilla/5.0 (compatible; MJ12bot/v1.4.7; http://mj12bot.com/)" "www.saveaslave.com"[0]
5.9.111.70 - - [03/Jun/2017:01:23:29 -0700] "GET /article.php?id=32 HTTP/1.1" 200 51970 "-" "Mozilla/5.0 (compatible; MJ12bot/v1.4.7; http://mj12bot.com/)" "www.saveaslave.com"
5.9.111.70 - - [03/Jun/2017:01:23:32 -0700] "GET /article.php?id=46 HTTP/1.1" 200 50186 "-" "Mozilla/5.0 (compatible; MJ12bot/v1.4.7; http://mj12bot.com/)" "www.saveaslave.com"
5.9.111.70 - - [03/Jun/2017:01:23:34 -0700] "GET /article.php?id=6 HTTP/1.1" 200 48451 "-" "Mozilla/5.0 (compatible; MJ12bot/v1.4.7; http://mj12bot.com/)" "www.saveaslave.com"
5.9.111.70 - - [03/Jun/2017:01:23:35 -0700] "GET /article.php?id=86 HTTP/1.1" 200 44870 "-" "Mozilla/5.0 (compatible; MJ12bot/v1.4.7; http://mj12bot.com/)" "www.saveaslave.com"
164.132.161.59 - - [03/Jun/2017:01:32:46 -0700] "GET /navassa-island.html HTTP/1.1" 404 89 "-" "Mozilla/5.0 (compatible; AhrefsBot/5.2; +http://ahrefs.com/robot/)" "www.saveaslave.com"
194.187.170.135 - - [03/Jun/2017:01:40:44 -0700] "GET /robots.txt HTTP/1.1" 200 48 "-" "Mozilla/5.0 (compatible; Qwantify/2.4w; +https://www.qwant.com/)/2.4w" "www.saveaslave.com"
194.187.170.135 - - [03/Jun/2017:01:40:45 -0700] "GET /help-advanced.php HTTP/1.1" 200 54622 "-" "Mozilla/5.0 (compatible; Qwantify/2.4w; +https://www.qwant.com/)/2.4w" "www.saveaslave.com"
216.244.66.250 - - [03/Jun/2017:01:50:23 -0700] "GET /article.php?id=64 HTTP/1.1" 200 47944 "-" "Mozilla/5.0 (compatible; DotBot/1.1; http://www.opensiteexplorer.org/dotbot, help@moz.com)" "saveaslave.com"
66.249.69.67 - - [03/Jun/2017:01:54:22 -0700] "GET /apple-app-site-association HTTP/1.1" 403 255 "-" "Mozilla/5.0 (compatible; Googlebot/2.1; +http://www.google.com/bot.html)" "saveaslave.com"
206.221.180.33 - - [03/Jun/2017:01:54:22 -0700] "GET /addarticle.php HTTP/1.1" 200 13761 "-" "Mozilla/5.0 (Windows NT 6.1) AppleWebKit/537.36 (KHTML, like Gecko) Chrome/41.0.2228.0 Safari/537.36" "saveaslave.com"
194.187.170.135 - - [03/Jun/2017:01:57:15 -0700] "GET /robots.txt HTTP/1.1" 200 48 "-" "Mozilla/5.0 (compatible; Qwantify/2.4w; +https://www.qwant.com/)/2.4w" "saveaslave.com"
194.187.170.135 - - [03/Jun/2017:01:57:16 -0700] "GET /our-newsr.php HTTP/1.1" 200 79139 "-" "Mozilla/5.0 (compatible; Qwantify/2.4w; +https://www.qwant.com/)/2.4w" "saveaslave.com"
180.76.15.34 - - [03/Jun/2017:02:13:59 -0700] "GET /country.php?name=Greece&lang=en HTTP/1.1" 200 53187 "-" "Mozilla/5.0 (compatible; Baiduspider/2.0; +http://www.baidu.com/search/spider.html)" "www.saveaslave.com"
164.132.161.2 - - [03/Jun/2017:02:26:10 -0700] "GET /www.legalmomentum.org HTTP/1.1" 404 89 "-" "Mozilla/5.0 (compatible; AhrefsBot/5.2; +http://ahrefs.com/robot/)" "www.saveaslave.com"
95.67.46.5 - - [03/Jun/2017:02:41:47 -0700] "GET / HTTP/1.1" 200 88244 "http://www.saveaslave.com/" "Mozilla/5.0 (Windows NT 5.1) AppleWebKit/537.36 (KHTML, like Gecko) Chrome/56.0.2924.87 YaBrowser/17.3.1.840 Yowser/2.5 Safari/537.36" "www.saveaslave.com"[2]
141.8.143.240 - - [03/Jun/2017:02:58:29 -0700] "GET /ico/apple-icon-57x57.png HTTP/1.1" 200 2495 "-" "Mozilla/5.0 (compatible; YandexBot/3.0; +http://yandex.com/bots)" "www.saveaslave.com"
164.132.161.52 - - [03/Jun/2017:03:00:12 -0700] "GET /news1r.php HTTP/1.1" 200 73 "-" "Mozilla/5.0 (compatible; AhrefsBot/5.2; +http://ahrefs.com/robot/)" "saveaslave.com"[0]
144.76.100.150 - - [03/Jun/2017:03:05:36 -0700] "GET / HTTP/1.1" 200 88280 "-" "http://tools.geek-tools.org/link-counter/" "saveaslave.com"
54.227.69.150 - - [03/Jun/2017:03:13:41 -0700] "GET /robots.txt HTTP/1.1" 200 48 "-" "Mozilla/5.0 (compatible; linkdexbot/2.0; +http://www.linkdex.com/bots/)" "saveaslave.com"
54.227.69.150 - - [03/Jun/2017:03:13:42 -0700] "GET /in-russian.php?lang=ru HTTP/1.1" 200 92449 "-" "Mozilla/5.0 (compatible; linkdexbot/2.0; +http://www.linkdex.com/bots/)" "saveaslave.com"
65.36.241.48 - - [03/Jun/2017:03:15:44 -0700] "HEAD / HTTP/1.1" 200 0 "-" "InternetSeer.com" "www.saveaslave.com"
180.76.15.137 - - [03/Jun/2017:03:20:38 -0700] "GET /country.php?name=Armenia&lang=en HTTP/1.1" 200 53532 "-" "Mozilla/5.0 (compatible; Baiduspider/2.0; +http://www.baidu.com/search/spider.html)" "www.saveaslave.com"[1]
164.132.161.17 - - [03/Jun/2017:03:25:38 -0700] "GET /comoros.html HTTP/1.1" 404 89 "-" "Mozilla/5.0 (compatible; AhrefsBot/5.2; +http://ahrefs.com/robot/)" "saveaslave.com"
194.187.170.135 - - [03/Jun/2017:03:40:00 -0700] "GET /contact-usr.php HTTP/1.1" 200 20067 "-" "Mozilla/5.0 (compatible; Qwantify/2.4w; +https://www.qwant.com/)/2.4w" "saveaslave.com"
173.234.164.9 - - [03/Jun/2017:04:19:41 -0700] "HEAD / HTTP/1.1" 200 0 "http://uptime.com/saveaslave.com" "Mozilla/5.0 (compatible; Uptimebot/1.0; +http://www.uptime.com/uptimebot)" "saveaslave.com"[1]
65.36.241.48 - - [03/Jun/2017:04:21:30 -0700] "HEAD / HTTP/1.1" 200 0 "-" "InternetSeer.com" "www.saveaslave.com"
77.75.74.75 - - [03/Jun/2017:04:29:02 -0700] "GET /robots.txt HTTP/1.1" 200 48 "-" "Mozilla/5.0 (compatible; SeznamBot/3.2-test1; +http://napoveda.seznam.cz/en/seznambot-intro/)" "saveaslave.com"
77.75.74.75 - - [03/Jun/2017:04:29:03 -0700] "GET / HTTP/1.1" 200 88280 "-" "Mozilla/5.0 (compatible; SeznamBot/3.2-test1; +http://napoveda.seznam.cz/en/seznambot-intro/)" "saveaslave.com"
85.93.91.84 - - [03/Jun/2017:05:03:43 -0700] "GET /robots.txt HTTP/1.1" 200 48 "-" "Mozilla/5.0 (compatible; DeuSu/5.0.2; +https://deusu.de/robot.html)" "www.saveaslave.com"
85.93.91.84 - - [03/Jun/2017:05:03:44 -0700] "GET /www.door.org HTTP/1.1" 404 89 "-" "Mozilla/5.0 (compatible; DeuSu/5.0.2; +https://deusu.de/robot.html)" "www.saveaslave.com"
217.182.132.64 - - [03/Jun/2017:05:19:08 -0700] "GET /contact-usr.php HTTP/1.1" 200 20067 "-" "Mozilla/5.0 (compatible; AhrefsBot/5.2; +http://ahrefs.com/robot/)" "saveaslave.com"
65.36.241.48 - - [03/Jun/2017:05:29:42 -0700] "HEAD / HTTP/1.1" 200 0 "-" "InternetSeer.com" "www.saveaslave.com"
199.16.157.180 - - [03/Jun/2017:05:55:24 -0700] "GET /robots.txt HTTP/1.1" 200 48 "-" "Twitterbot/1.0" "saveaslave.com"
199.16.157.180 - - [03/Jun/2017:05:55:25 -0700] "GET / HTTP/1.1" 200 88280 "-" "Twitterbot/1.0" "saveaslave.com"[1]
100.43.81.144 - - [03/Jun/2017:05:59:51 -0700] "GET /robots.txt HTTP/1.1" 200 48 "-" "Mozilla/5.0 (compatible; YandexBot/3.0; +http://yandex.com/bots)" "www.saveaslave.com"
100.43.85.11 - - [03/Jun/2017:05:59:57 -0700] "GET /ico/apple-icon-120x120.png HTTP/1.1" 200 6158 "-" "Mozilla/5.0 (compatible; YandexBot/3.0; +http://yandex.com/bots)" "www.saveaslave.com"
188.215.20.8 - - [03/Jun/2017:06:03:58 -0700] "GET /addarticle.php HTTP/1.1" 200 13761 "http://saveaslave.com/" "Mozilla/5.0 (Windows NT 6.1) AppleWebKit/537.36 (KHTML, like Gecko) Dragon/36.1.1.21 Chrome/36.0.1985.97 Safari/537.36" "saveaslave.com"
188.215.20.8 - - [03/Jun/2017:06:03:59 -0700] "POST /addarticle.php HTTP/1.1" 200 627 "http://saveaslave.com/addarticle.php" "Mozilla/5.0 (Windows NT 6.1) AppleWebKit/537.36 (KHTML, like Gecko) Dragon/36.1.1.21 Chrome/36.0.1985.97 Safari/537.36" "saveaslave.com"[1]
106.120.173.111 - - [03/Jun/2017:06:05:07 -0700] "GET /site/?cat=27 HTTP/1.1" 404 89 "-" "Sogou web spider/4.0(+http://www.sogou.com/docs/help/webmasters.htm#07)" "saveaslave.com"
106.120.173.111 - - [03/Jun/2017:06:05:41 -0700] "GET /site/?cat=21 HTTP/1.1" 404 89 "-" "Sogou web spider/4.0(+http://www.sogou.com/docs/help/webmasters.htm#07)" "saveaslave.com"
195.154.57.220 - - [03/Jun/2017:06:09:31 -0700] "GET /addarticle.php HTTP/1.1" 200 13761 "-" "Mozilla/5.0 (Windows NT 6.1) AppleWebKit/537.36 (KHTML, like Gecko) Dragon/36.1.1.21 Chrome/36.0.1985.97 Safari/537.36" "saveaslave.com"[1]
162.210.196.98 - - [03/Jun/2017:06:23:04 -0700] "GET /robots.txt HTTP/1.1" 200 48 "-" "Mozilla/5.0 (compatible; MJ12bot/v1.4.8; http://mj12bot.com/)" "saveaslave.com"
162.210.196.98 - - [03/Jun/2017:06:23:08 -0700] "GET / HTTP/1.1" 200 88280 "-" "Mozilla/5.0 (compatible; MJ12bot/v1.4.8; http://mj12bot.com/)" "saveaslave.com"
162.210.196.98 - - [03/Jun/2017:06:23:11 -0700] "GET / HTTP/1.1" 200 88280 "-" "Mozilla/5.0 (compatible; MJ12bot/v1.4.8; http://mj12bot.com/)" "www.saveaslave.com"
65.36.241.48 - - [03/Jun/2017:06:37:35 -0700] "HEAD / HTTP/1.1" 200 0 "-" "InternetSeer.com" "www.saveaslave.com"
54.227.69.150 - - [03/Jun/2017:06:44:01 -0700] "GET /index.php HTTP/1.1" 200 88280 "-" "Mozilla/5.0 (compatible; linkdexbot/2.0; +http://www.linkdex.com/bots/)" "www.saveaslave.com"
180.76.15.162 - - [03/Jun/2017:07:27:40 -0700] "GET / HTTP/1.1" 200 88280 "-" "Mozilla/5.0 (compatible; Baiduspider/2.0; +http://www.baidu.com/search/spider.html)" "www.saveaslave.com"
208.90.57.196 - - [03/Jun/2017:07:49:39 -0700] "GET / HTTP/1.1" 200 88280 "-" "Mozilla/5.0 (Windows NT 6.3; WOW64; rv:31.0) Gecko/20100101 Firefox/31.0" "www.saveaslave.com"[1]
208.90.57.196 - - [03/Jun/2017:07:49:53 -0700] "GET /who-we-are.php HTTP/1.1" 200 51705 "-" "Mozilla/5.0 (Windows NT 6.3; WOW64; rv:31.0) Gecko/20100101 Firefox/31.0" "www.saveaslave.com"
208.90.57.196 - - [03/Jun/2017:07:49:57 -0700] "GET /addarticle.php HTTP/1.1" 200 13761 "-" "Mozilla/5.0 (Windows NT 6.3; WOW64; rv:31.0) Gecko/20100101 Firefox/31.0" "www.saveaslave.com"[0]
65.36.241.48 - - [03/Jun/2017:07:50:13 -0700] "HEAD /?tpl=references&Itemid=3 HTTP/1.1" 200 0 "-" "InternetSeer.com" "www.saveaslave.com"
184.73.82.112 - - [03/Jun/2017:08:53:12 -0700] "GET / HTTP/1.1" 200 88280 "-" "Mozilla/5.0 (compatible; Cliqzbot/1.0; +http://cliqz.com/company/cliqzbot)" "www.saveaslave.com"
216.244.66.198 - - [03/Jun/2017:09:12:27 -0700] "GET /robots.txt HTTP/1.1" 200 48 "-" "Mozilla/5.0 (compatible; DotBot/1.1; http://www.opensiteexplorer.org/dotbot, help@moz.com)" "saveaslave.com"
65.36.241.48 - - [03/Jun/2017:09:31:41 -0700] "HEAD / HTTP/1.1" 200 0 "-" "InternetSeer.com" "www.saveaslave.com"
194.187.170.144 - - [03/Jun/2017:09:39:36 -0700] "GET /robots.txt HTTP/1.1" 200 48 "-" "Mozilla/5.0 (compatible; Qwantify/2.4w; +https://www.qwant.com/)/2.4w" "www.saveaslave.com"
194.187.170.144 - - [03/Jun/2017:09:39:38 -0700] "GET /article.php?id=5 HTTP/1.1" 200 47476 "-" "Mozilla/5.0 (compatible; Qwantify/2.4w; +https://www.qwant.com/)/2.4w" "www.saveaslave.com"
84.201.133.10 - - [03/Jun/2017:09:41:11 -0700] "GET /robots.txt HTTP/1.1" 200 48 "-" "Mozilla/5.0 (compatible; YandexBot/3.0; +http://yandex.com/bots)" "saveaslave.com"
5.255.250.59 - - [03/Jun/2017:09:41:16 -0700] "GET /images/supporters/children-on-the%20edge.png HTTP/1.1" 200 9509 "-" "Mozilla/5.0 (compatible; YandexImages/3.0; +http://yandex.com/bots)" "saveaslave.com"
194.187.170.144 - - [03/Jun/2017:09:49:46 -0700] "GET /article.php?id=13 HTTP/1.1" 200 61425 "-" "Mozilla/5.0 (compatible; Qwantify/2.4w; +https://www.qwant.com/)/2.4w" "www.saveaslave.com"[1]
194.187.170.144 - - [03/Jun/2017:09:50:47 -0700] "GET /article.php?id=114 HTTP/1.1" 200 44810 "-" "Mozilla/5.0 (compatible; Qwantify/2.4w; +https://www.qwant.com/)/2.4w" "www.saveaslave.com"
194.187.170.144 - - [03/Jun/2017:09:51:35 -0700] "GET /article.php?id=4 HTTP/1.1" 200 51755 "-" "Mozilla/5.0 (compatible; Qwantify/2.4w; +https://www.qwant.com/)/2.4w" "www.saveaslave.com"
216.244.66.198 - - [03/Jun/2017:09:59:28 -0700] "GET /who-we-are.php HTTP/1.1" 200 51705 "-" "Mozilla/5.0 (compatible; DotBot/1.1; http://www.opensiteexplorer.org/dotbot, help@moz.com)" "saveaslave.com"
185.118.142.58 - - [03/Jun/2017:10:08:11 -0700] "GET /our-newsr.php HTTP/1.1" 200 79103 "https://www.google.com.tr/" "Mozilla/5.0 (Windows NT 6.1; Win64; x64) AppleWebKit/537.36 (KHTML, like Gecko) Chrome/58.0.3029.110 Safari/537.36" "saveaslave.com"
185.118.142.58 - - [03/Jun/2017:10:08:13 -0700] "GET /addarticle.php HTTP/1.1" 200 13725 "http://saveaslave.com/our-newsr.php" "Mozilla/5.0 (Windows NT 6.1; Win64; x64) AppleWebKit/537.36 (KHTML, like Gecko) Chrome/58.0.3029.110 Safari/537.36" "saveaslave.com"
185.118.142.58 - - [03/Jun/2017:10:08:14 -0700] "GET /css/down-arrow.png HTTP/1.1" 404 89 "http://saveaslave.com/css/elements.css" "Mozilla/5.0 (Windows NT 6.1; Win64; x64) AppleWebKit/537.36 (KHTML, like Gecko) Chrome/58.0.3029.110 Safari/537.36" "saveaslave.com"
194.187.170.144 - - [03/Jun/2017:10:08:36 -0700] "GET /article.php?id=3 HTTP/1.1" 200 51798 "-" "Mozilla/5.0 (compatible; Qwantify/2.4w; +https://www.qwant.com/)/2.4w" "www.saveaslave.com"[0]
34.207.107.82 - - [03/Jun/2017:10:09:45 -0700] "GET / HTTP/1.1" 200 88280 "-" "-" "saveaslave.com"
194.187.170.144 - - [03/Jun/2017:10:11:21 -0700] "GET /article.php?id=22 HTTP/1.1" 200 47518 "-" "Mozilla/5.0 (compatible; Qwantify/2.4w; +https://www.qwant.com/)/2.4w" "www.saveaslave.com"[0]
149.56.85.17 - - [03/Jun/2017:10:13:13 -0700] "GET /site/?page_id=28 HTTP/1.1" 404 89 "http://saveaslave.com/" "Mozilla/5.0 (Windows NT 6.1) AppleWebKit/537.36 (KHTML, like Gecko) Dragon/36.1.1.21 Chrome/36.0.1985.97 Safari/537.36" "saveaslave.com"
149.56.85.17 - - [03/Jun/2017:10:13:14 -0700] "GET / HTTP/1.1" 200 88280 "http://saveaslave.com" "Mozilla/5.0 (Windows NT 6.1) AppleWebKit/537.36 (KHTML, like Gecko) Dragon/36.1.1.21 Chrome/36.0.1985.97 Safari/537.36" "saveaslave.com"
51.255.65.72 - - [03/Jun/2017:10:16:04 -0700] "GET /www.tahirih.org HTTP/1.1" 404 89 "-" "Mozilla/5.0 (compatible; AhrefsBot/5.2; +http://ahrefs.com/robot/)" "saveaslave.com"
194.187.170.144 - - [03/Jun/2017:10:20:48 -0700] "GET /article.php?id=111 HTTP/1.1" 200 47081 "-" "Mozilla/5.0 (compatible; Qwantify/2.4w; +https://www.qwant.com/)/2.4w" "www.saveaslave.com"
194.187.170.144 - - [03/Jun/2017:10:24:58 -0700] "GET /article.php?id=2 HTTP/1.1" 200 49269 "-" "Mozilla/5.0 (compatible; Qwantify/2.4w; +https://www.qwant.com/)/2.4w" "www.saveaslave.com"
194.187.170.144 - - [03/Jun/2017:10:40:52 -0700] "GET /article.php?id=1 HTTP/1.1" 200 45793 "-" "Mozilla/5.0 (compatible; Qwantify/2.4w; +https://www.qwant.com/)/2.4w" "www.saveaslave.com"
185.118.142.58 - - [03/Jun/2017:10:41:38 -0700] "GET /our-newsr.php HTTP/1.1" 200 79103 "https://www.google.com.tr/" "Mozilla/5.0 (Windows NT 6.1; Win64; x64) AppleWebKit/537.36 (KHTML, like Gecko) Chrome/58.0.3029.110 Safari/537.36" "saveaslave.com"
185.118.142.58 - - [03/Jun/2017:10:41:41 -0700] "GET /css/down-arrow.png HTTP/1.1" 404 89 "http://saveaslave.com/css/elements.css" "Mozilla/5.0 (Windows NT 6.1; Win64; x64) AppleWebKit/537.36 (KHTML, like Gecko) Chrome/58.0.3029.110 Safari/537.36" "saveaslave.com"
185.118.142.58 - - [03/Jun/2017:10:41:41 -0700] "GET /addarticle.php HTTP/1.1" 200 13725 "http://saveaslave.com/our-newsr.php" "Mozilla/5.0 (Windows NT 6.1; Win64; x64) AppleWebKit/537.36 (KHTML, like Gecko) Chrome/58.0.3029.110 Safari/537.36" "saveaslave.com"[0]
84.201.133.58 - - [03/Jun/2017:10:44:56 -0700] "GET / HTTP/1.1" 200 88280 "-" "Mozilla/5.0 (compatible; YandexBot/3.0; +http://yandex.com/bots)" "www.saveaslave.com"
141.8.143.240 - - [03/Jun/2017:10:44:57 -0700] "GET / HTTP/1.1" 200 88280 "-" "Mozilla/5.0 (compatible; YandexBot/3.0; +http://yandex.com/bots)" "saveaslave.com"
194.187.170.144 - - [03/Jun/2017:10:47:46 -0700] "GET /article.php?id=21 HTTP/1.1" 200 50255 "-" "Mozilla/5.0 (compatible; Qwantify/2.4w; +https://www.qwant.com/)/2.4w" "www.saveaslave.com"
194.187.170.144 - - [03/Jun/2017:10:52:06 -0700] "GET /article.php?id=113 HTTP/1.1" 200 44815 "-" "Mozilla/5.0 (compatible; Qwantify/2.4w; +https://www.qwant.com/)/2.4w" "www.saveaslave.com"[1]
5.255.250.59 - - [03/Jun/2017:11:03:55 -0700] "GET /ico/apple-icon-144x144.png HTTP/1.1" 200 7775 "-" "Mozilla/5.0 (compatible; YandexBot/3.0; +http://yandex.com/bots)" "www.saveaslave.com"
194.187.170.144 - - [03/Jun/2017:11:10:48 -0700] "GET /article.php?id=15 HTTP/1.1" 200 57094 "-" "Mozilla/5.0 (compatible; Qwantify/2.4w; +https://www.qwant.com/)/2.4w" "www.saveaslave.com"[1]
194.187.170.144 - - [03/Jun/2017:11:15:41 -0700] "GET /article.php?id=86 HTTP/1.1" 200 44870 "-" "Mozilla/5.0 (compatible; Qwantify/2.4w; +https://www.qwant.com/)/2.4w" "www.saveaslave.com"
66.249.69.64 - - [03/Jun/2017:11:23:52 -0700] "GET /images/article/37408.jpg HTTP/1.1" 200 95369 "-" "Googlebot-Image/1.0" "saveaslave.com"
66.249.75.16 - - [03/Jun/2017:11:27:05 -0700] "GET /images/article/belarus_flag_2.jpg HTTP/1.1" 200 11768 "-" "Googlebot-Image/1.0" "www.saveaslave.com"
84.201.133.53 - - [03/Jun/2017:11:37:07 -0700] "GET /images/supporters/gems.jpg HTTP/1.1" 200 5045 "-" "Mozilla/5.0 (compatible; YandexImages/3.0; +http://yandex.com/bots)" "saveaslave.com"
194.187.170.144 - - [03/Jun/2017:11:38:44 -0700] "GET /article.php?id=7 HTTP/1.1" 200 50078 "-" "Mozilla/5.0 (compatible; Qwantify/2.4w; +https://www.qwant.com/)/2.4w" "www.saveaslave.com"[2]
34.207.107.82 - - [03/Jun/2017:11:41:22 -0700] "GET / HTTP/1.1" 200 88280 "-" "-" "saveaslave.com"
51.255.71.111 - - [03/Jun/2017:11:53:08 -0700] "GET /equatorial-guinea.html HTTP/1.1" 404 89 "-" "Mozilla/5.0 (compatible; AhrefsBot/5.2; +http://ahrefs.com/robot/)" "www.saveaslave.com"
