66.249.69.89 - - [24/Oct/2015:05:40:00 -0700] "GET /ghana.html HTTP/1.1" 404 89 "-" "Mozilla/5.0 (compatible; Googlebot/2.1; +http://www.google.com/bot.html)" "www.saveaslave.com"
66.249.69.105 - - [24/Oct/2015:05:40:10 -0700] "GET /uruguay.html HTTP/1.1" 404 89 "-" "Mozilla/5.0 (compatible; Googlebot/2.1; +http://www.google.com/bot.html)" "www.saveaslave.com"
208.115.113.86 - - [24/Oct/2015:05:48:21 -0700] "GET /haiti.html HTTP/1.1" 404 89 "-" "Mozilla/5.0 (compatible; DotBot/1.1; http://www.opensiteexplorer.org/dotbot, help@moz.com)" "saveaslave.com"
208.115.113.86 - - [24/Oct/2015:05:48:21 -0700] "GET /zambia.html HTTP/1.1" 404 89 "-" "Mozilla/5.0 (compatible; DotBot/1.1; http://www.opensiteexplorer.org/dotbot, help@moz.com)" "saveaslave.com"
66.249.69.66 - - [24/Oct/2015:05:53:57 -0700] "GET /images/social2.png HTTP/1.1" 200 1752 "-" "Googlebot-Image/1.0" "www.saveaslave.com"
123.125.71.89 - - [24/Oct/2015:05:59:33 -0700] "GET /peru.html HTTP/1.1" 404 89 "-" "Mozilla/5.0 (compatible; Baiduspider/2.0; +http://www.baidu.com/search/spider.html)" "www.saveaslave.com"
66.249.83.219 - - [24/Oct/2015:05:59:50 -0700] "GET / HTTP/1.1" 200 31848 "-" "Google favicon" "www.saveaslave.com"
66.249.83.215 - - [24/Oct/2015:05:59:50 -0700] "GET /favicon.ico HTTP/1.1" 404 89 "-" "Google favicon" "www.saveaslave.com"
190.115.190.106 - - [24/Oct/2015:05:59:51 -0700] "GET / HTTP/1.1" 200 31848 "-" "Mozilla/5.0 (Windows NT 6.3; WOW64) AppleWebKit/537.36 (KHTML, like Gecko) Chrome/46.0.2490.71 Safari/537.36" "www.saveaslave.com"
190.115.190.106 - - [24/Oct/2015:05:59:51 -0700] "GET /css/bootstrap.min.css HTTP/1.1" 200 123578 "http://www.saveaslave.com/" "Mozilla/5.0 (Windows NT 6.3; WOW64) AppleWebKit/537.36 (KHTML, like Gecko) Chrome/46.0.2490.71 Safari/537.36" "www.saveaslave.com"
190.115.190.106 - - [24/Oct/2015:05:59:51 -0700] "GET /css/style.css HTTP/1.1" 200 7739 "http://www.saveaslave.com/" "Mozilla/5.0 (Windows NT 6.3; WOW64) AppleWebKit/537.36 (KHTML, like Gecko) Chrome/46.0.2490.71 Safari/537.36" "www.saveaslave.com"
190.115.190.106 - - [24/Oct/2015:05:59:51 -0700] "GET /css/elements.css HTTP/1.1" 200 17857 "http://www.saveaslave.com/" "Mozilla/5.0 (Windows NT 6.3; WOW64) AppleWebKit/537.36 (KHTML, like Gecko) Chrome/46.0.2490.71 Safari/537.36" "www.saveaslave.com"
190.115.190.106 - - [24/Oct/2015:05:59:51 -0700] "GET /assets/js/ie-emulation-modes-warning.js HTTP/1.1" 200 2130 "http://www.saveaslave.com/" "Mozilla/5.0 (Windows NT 6.3; WOW64) AppleWebKit/537.36 (KHTML, like Gecko) Chrome/46.0.2490.71 Safari/537.36" "www.saveaslave.com"
190.115.190.106 - - [24/Oct/2015:05:59:51 -0700] "GET /css/style-pages.css HTTP/1.1" 200 9167 "http://www.saveaslave.com/" "Mozilla/5.0 (Windows NT 6.3; WOW64) AppleWebKit/537.36 (KHTML, like Gecko) Chrome/46.0.2490.71 Safari/537.36" "www.saveaslave.com"
190.115.190.106 - - [24/Oct/2015:05:59:51 -0700] "GET /gfeedfetcher.js HTTP/1.1" 200 9018 "http://www.saveaslave.com/" "Mozilla/5.0 (Windows NT 6.3; WOW64) AppleWebKit/537.36 (KHTML, like Gecko) Chrome/46.0.2490.71 Safari/537.36" "www.saveaslave.com"
190.115.190.106 - - [24/Oct/2015:05:59:51 -0700] "GET /gajaxscroller.js HTTP/1.1" 200 9774 "http://www.saveaslave.com/" "Mozilla/5.0 (Windows NT 6.3; WOW64) AppleWebKit/537.36 (KHTML, like Gecko) Chrome/46.0.2490.71 Safari/537.36" "www.saveaslave.com"
190.115.190.106 - - [24/Oct/2015:05:59:52 -0700] "GET /js/bootstrap.min.js HTTP/1.1" 200 37055 "http://www.saveaslave.com/" "Mozilla/5.0 (Windows NT 6.3; WOW64) AppleWebKit/537.36 (KHTML, like Gecko) Chrome/46.0.2490.71 Safari/537.36" "www.saveaslave.com"
190.115.190.106 - - [24/Oct/2015:05:59:52 -0700] "GET /assets/js/ie10-viewport-bug-workaround.js HTTP/1.1" 200 641 "http://www.saveaslave.com/" "Mozilla/5.0 (Windows NT 6.3; WOW64) AppleWebKit/537.36 (KHTML, like Gecko) Chrome/46.0.2490.71 Safari/537.36" "www.saveaslave.com"
190.115.190.106 - - [24/Oct/2015:05:59:54 -0700] "GET /css/down-arrow.png HTTP/1.1" 404 89 "http://www.saveaslave.com/css/elements.css" "Mozilla/5.0 (Windows NT 6.3; WOW64) AppleWebKit/537.36 (KHTML, like Gecko) Chrome/46.0.2490.71 Safari/537.36" "www.saveaslave.com"
190.115.190.106 - - [24/Oct/2015:05:59:57 -0700] "GET /favicon.ico HTTP/1.1" 404 89 "http://www.saveaslave.com/" "Mozilla/5.0 (Windows NT 6.3; WOW64) AppleWebKit/537.36 (KHTML, like Gecko) Chrome/46.0.2490.71 Safari/537.36" "www.saveaslave.com"
190.115.190.106 - - [24/Oct/2015:06:00:37 -0700] "GET /country.php?name=%20Albania&lang=ru HTTP/1.1" 200 34651 "http://www.saveaslave.com/" "Mozilla/5.0 (Windows NT 6.3; WOW64) AppleWebKit/537.36 (KHTML, like Gecko) Chrome/46.0.2490.71 Safari/537.36" "www.saveaslave.com"
190.115.190.106 - - [24/Oct/2015:06:00:38 -0700] "GET /photos/top-1.jpg HTTP/1.1" 200 77341 "http://www.saveaslave.com/country.php?name=%20Albania&lang=ru" "Mozilla/5.0 (Windows NT 6.3; WOW64) AppleWebKit/537.36 (KHTML, like Gecko) Chrome/46.0.2490.71 Safari/537.36" "www.saveaslave.com"
190.115.190.106 - - [24/Oct/2015:06:00:39 -0700] "GET /css/down-arrow.png HTTP/1.1" 404 89 "http://www.saveaslave.com/css/elements.css" "Mozilla/5.0 (Windows NT 6.3; WOW64) AppleWebKit/537.36 (KHTML, like Gecko) Chrome/46.0.2490.71 Safari/537.36" "www.saveaslave.com"
66.249.69.81 - - [24/Oct/2015:06:01:31 -0700] "GET /indicator.gif HTTP/1.1" 200 878 "-" "Googlebot-Image/1.0" "www.saveaslave.com"
190.115.190.106 - - [24/Oct/2015:06:01:41 -0700] "GET /country.php?name=Ha%EF%BF%BDti&lang=fr HTTP/1.1" 200 812 "http://www.saveaslave.com/country.php?name=%20Albania&lang=ru" "Mozilla/5.0 (Windows NT 6.3; WOW64) AppleWebKit/537.36 (KHTML, like Gecko) Chrome/46.0.2490.71 Safari/537.36" "www.saveaslave.com"
190.115.190.106 - - [24/Oct/2015:06:01:47 -0700] "GET / HTTP/1.1" 200 31812 "http://www.saveaslave.com/country.php?name=Ha%EF%BF%BDti&lang=fr" "Mozilla/5.0 (Windows NT 6.3; WOW64) AppleWebKit/537.36 (KHTML, like Gecko) Chrome/46.0.2490.71 Safari/537.36" "www.saveaslave.com"
190.115.190.106 - - [24/Oct/2015:06:01:48 -0700] "GET /css/down-arrow.png HTTP/1.1" 404 89 "http://www.saveaslave.com/css/elements.css" "Mozilla/5.0 (Windows NT 6.3; WOW64) AppleWebKit/537.36 (KHTML, like Gecko) Chrome/46.0.2490.71 Safari/537.36" "www.saveaslave.com"
68.180.228.181 - - [24/Oct/2015:06:06:33 -0700] "GET /barbados.html HTTP/1.1" 404 89 "-" "Mozilla/5.0 (compatible; Yahoo! Slurp; http://help.yahoo.com/help/us/ysearch/slurp)" "www.saveaslave.com"
66.249.69.105 - - [24/Oct/2015:06:10:54 -0700] "GET /bosnia-herzegovina.html HTTP/1.1" 404 89 "-" "Mozilla/5.0 (compatible; Googlebot/2.1; +http://www.google.com/bot.html)" "www.saveaslave.com"
66.249.69.105 - - [24/Oct/2015:06:13:09 -0700] "GET /saint-martin.html HTTP/1.1" 404 89 "-" "Mozilla/5.0 (compatible; Googlebot/2.1; +http://www.google.com/bot.html)" "www.saveaslave.com"
66.249.69.97 - - [24/Oct/2015:06:13:20 -0700] "GET /tuvalu.html HTTP/1.1" 404 89 "-" "Mozilla/5.0 (compatible; Googlebot/2.1; +http://www.google.com/bot.html)" "www.saveaslave.com"
66.249.69.89 - - [24/Oct/2015:06:13:58 -0700] "GET /aruba.html HTTP/1.1" 404 89 "-" "Mozilla/5.0 (compatible; Googlebot/2.1; +http://www.google.com/bot.html)" "www.saveaslave.com"
66.249.69.97 - - [24/Oct/2015:06:13:59 -0700] "GET /saudi-arabia.html HTTP/1.1" 404 89 "-" "Mozilla/5.0 (compatible; Googlebot/2.1; +http://www.google.com/bot.html)" "www.saveaslave.com"
66.249.69.97 - - [24/Oct/2015:06:14:02 -0700] "GET /greece.html HTTP/1.1" 404 89 "-" "Mozilla/5.0 (compatible; Googlebot/2.1; +http://www.google.com/bot.html)" "www.saveaslave.com"
66.249.69.97 - - [24/Oct/2015:06:14:03 -0700] "GET /papua-new-guinea.html HTTP/1.1" 404 89 "-" "Mozilla/5.0 (compatible; Googlebot/2.1; +http://www.google.com/bot.html)" "www.saveaslave.com"
66.249.69.105 - - [24/Oct/2015:06:14:04 -0700] "GET /sao-tome-principe.html HTTP/1.1" 404 89 "-" "Mozilla/5.0 (compatible; Googlebot/2.1; +http://www.google.com/bot.html)" "www.saveaslave.com"
66.249.69.89 - - [24/Oct/2015:06:14:04 -0700] "GET /malaysia.html HTTP/1.1" 404 89 "-" "Mozilla/5.0 (compatible; Googlebot/2.1; +http://www.google.com/bot.html)" "www.saveaslave.com"
66.249.69.89 - - [24/Oct/2015:06:14:04 -0700] "GET /monaco.html HTTP/1.1" 404 89 "-" "Mozilla/5.0 (compatible; Googlebot/2.1; +http://www.google.com/bot.html)" "www.saveaslave.com"
66.249.69.105 - - [24/Oct/2015:06:14:05 -0700] "GET /palestinian-territories.html HTTP/1.1" 404 89 "-" "Mozilla/5.0 (compatible; Googlebot/2.1; +http://www.google.com/bot.html)" "www.saveaslave.com"
66.249.69.105 - - [24/Oct/2015:06:14:06 -0700] "GET /albania.html HTTP/1.1" 404 89 "-" "Mozilla/5.0 (compatible; Googlebot/2.1; +http://www.google.com/bot.html)" "www.saveaslave.com"
66.249.69.105 - - [24/Oct/2015:06:14:06 -0700] "GET /sierra-leone.html HTTP/1.1" 404 89 "-" "Mozilla/5.0 (compatible; Googlebot/2.1; +http://www.google.com/bot.html)" "www.saveaslave.com"
66.249.69.105 - - [24/Oct/2015:06:14:06 -0700] "GET /lesotho.html HTTP/1.1" 404 89 "-" "Mozilla/5.0 (compatible; Googlebot/2.1; +http://www.google.com/bot.html)" "www.saveaslave.com"
66.249.69.97 - - [24/Oct/2015:06:14:07 -0700] "GET /lebanon.html HTTP/1.1" 404 89 "-" "Mozilla/5.0 (compatible; Googlebot/2.1; +http://www.google.com/bot.html)" "www.saveaslave.com"
66.249.69.97 - - [24/Oct/2015:06:14:07 -0700] "GET /turkmenistan.html HTTP/1.1" 404 89 "-" "Mozilla/5.0 (compatible; Googlebot/2.1; +http://www.google.com/bot.html)" "www.saveaslave.com"
66.249.69.89 - - [24/Oct/2015:06:14:10 -0700] "GET /maldives.html HTTP/1.1" 404 89 "-" "Mozilla/5.0 (compatible; Googlebot/2.1; +http://www.google.com/bot.html)" "www.saveaslave.com"
66.249.69.97 - - [24/Oct/2015:06:14:12 -0700] "GET /montenegro.html HTTP/1.1" 404 89 "-" "Mozilla/5.0 (compatible; Googlebot/2.1; +http://www.google.com/bot.html)" "www.saveaslave.com"
66.249.69.89 - - [24/Oct/2015:06:14:13 -0700] "GET /guatemala.html HTTP/1.1" 404 89 "-" "Mozilla/5.0 (compatible; Googlebot/2.1; +http://www.google.com/bot.html)" "www.saveaslave.com"
66.249.69.89 - - [24/Oct/2015:06:14:13 -0700] "GET /mexico.html HTTP/1.1" 404 89 "-" "Mozilla/5.0 (compatible; Googlebot/2.1; +http://www.google.com/bot.html)" "www.saveaslave.com"
66.249.69.89 - - [24/Oct/2015:06:14:14 -0700] "GET /madagascar.html HTTP/1.1" 404 89 "-" "Mozilla/5.0 (compatible; Googlebot/2.1; +http://www.google.com/bot.html)" "www.saveaslave.com"
66.249.69.105 - - [24/Oct/2015:06:14:20 -0700] "GET /iraq.html HTTP/1.1" 404 89 "-" "Mozilla/5.0 (compatible; Googlebot/2.1; +http://www.google.com/bot.html)" "www.saveaslave.com"
66.249.69.97 - - [24/Oct/2015:06:14:23 -0700] "GET /mauritius.html HTTP/1.1" 404 89 "-" "Mozilla/5.0 (compatible; Googlebot/2.1; +http://www.google.com/bot.html)" "www.saveaslave.com"
212.232.24.2 - - [24/Oct/2015:06:26:11 -0700] "GET /cuba.html HTTP/1.1" 404 89 "-" "betaBot" "www.saveaslave.com"
212.232.24.2 - - [24/Oct/2015:06:26:11 -0700] "GET /saint-martin.html HTTP/1.1" 404 89 "-" "betaBot" "www.saveaslave.com"
212.232.24.2 - - [24/Oct/2015:06:26:11 -0700] "GET /rwanda.html HTTP/1.1" 404 89 "-" "betaBot" "www.saveaslave.com"
212.232.24.2 - - [24/Oct/2015:06:26:12 -0700] "GET /belgium.html HTTP/1.1" 404 89 "-" "betaBot" "www.saveaslave.com"
212.232.24.2 - - [24/Oct/2015:06:26:13 -0700] "GET /haiti.html HTTP/1.1" 404 89 "-" "betaBot" "www.saveaslave.com"
212.232.24.2 - - [24/Oct/2015:06:26:15 -0700] "GET /nigeria.html HTTP/1.1" 404 89 "-" "betaBot" "www.saveaslave.com"
212.232.24.2 - - [24/Oct/2015:06:26:16 -0700] "GET /iceland.html HTTP/1.1" 404 89 "-" "betaBot" "www.saveaslave.com"
212.232.24.2 - - [24/Oct/2015:06:26:17 -0700] "GET /western-sahara.html HTTP/1.1" 404 89 "-" "betaBot" "www.saveaslave.com"
212.232.24.2 - - [24/Oct/2015:06:26:17 -0700] "GET /wake-island.html HTTP/1.1" 404 89 "-" "betaBot" "www.saveaslave.com"
212.232.24.2 - - [24/Oct/2015:06:26:18 -0700] "GET /seychelles.html HTTP/1.1" 404 89 "-" "betaBot" "www.saveaslave.com"
212.232.24.2 - - [24/Oct/2015:06:26:19 -0700] "GET /togo.html HTTP/1.1" 404 89 "-" "betaBot" "www.saveaslave.com"
212.232.24.2 - - [24/Oct/2015:06:26:20 -0700] "GET /lithuania.html HTTP/1.1" 404 89 "-" "betaBot" "www.saveaslave.com"
212.232.24.2 - - [24/Oct/2015:06:26:21 -0700] "GET /saint-lucia.html HTTP/1.1" 404 89 "-" "betaBot" "www.saveaslave.com"
212.232.24.2 - - [24/Oct/2015:06:26:22 -0700] "GET /cyprus.html HTTP/1.1" 404 89 "-" "betaBot" "www.saveaslave.com"
212.232.24.2 - - [24/Oct/2015:06:26:23 -0700] "GET /sudan.html HTTP/1.1" 404 89 "-" "betaBot" "www.saveaslave.com"
212.232.24.2 - - [24/Oct/2015:06:26:24 -0700] "GET /turkmenistan.html HTTP/1.1" 404 89 "-" "betaBot" "www.saveaslave.com"
212.232.24.2 - - [24/Oct/2015:06:26:25 -0700] "GET /yemen.html HTTP/1.1" 404 89 "-" "betaBot" "www.saveaslave.com"
212.232.24.2 - - [24/Oct/2015:06:26:28 -0700] "GET /afghanistan.html HTTP/1.1" 404 89 "-" "betaBot" "www.saveaslave.com"
212.232.24.2 - - [24/Oct/2015:06:26:29 -0700] "GET /norfolk-island.html HTTP/1.1" 404 89 "-" "betaBot" "www.saveaslave.com"
212.232.24.2 - - [24/Oct/2015:06:26:30 -0700] "GET /india.html HTTP/1.1" 404 89 "-" "betaBot" "www.saveaslave.com"
212.232.24.2 - - [24/Oct/2015:06:26:31 -0700] "GET /russia.html HTTP/1.1" 404 89 "-" "betaBot" "www.saveaslave.com"
212.232.24.2 - - [24/Oct/2015:06:26:32 -0700] "GET /curacao.html HTTP/1.1" 404 89 "-" "betaBot" "www.saveaslave.com"
212.232.24.2 - - [24/Oct/2015:06:26:33 -0700] "GET /singapore.html HTTP/1.1" 404 89 "-" "betaBot" "www.saveaslave.com"
66.249.75.251 - - [24/Oct/2015:06:30:46 -0700] "GET /tuvalu.html HTTP/1.1" 404 89 "-" "Mozilla/5.0 (compatible; Googlebot/2.1; +http://www.google.com/bot.html)" "saveaslave.com"
123.125.71.53 - - [24/Oct/2015:06:32:53 -0700] "GET /argentina.html HTTP/1.1" 404 89 "-" "Mozilla/5.0 (compatible; Baiduspider/2.0; +http://www.baidu.com/search/spider.html)" "www.saveaslave.com"
208.115.113.86 - - [24/Oct/2015:06:33:54 -0700] "GET /vietnam HTTP/1.1" 404 89 "-" "Mozilla/5.0 (compatible; DotBot/1.1; http://www.opensiteexplorer.org/dotbot, help@moz.com)" "www.saveaslave.com"
141.8.143.158 - - [24/Oct/2015:06:36:50 -0700] "GET /robots.txt HTTP/1.1" 200 48 "-" "Mozilla/5.0 (compatible; YandexBot/3.0; +http://yandex.com/bots)" "saveaslave.com"
208.115.113.86 - - [24/Oct/2015:06:38:14 -0700] "GET /robots.txt HTTP/1.1" 200 48 "-" "Mozilla/5.0 (compatible; DotBot/1.1; http://www.opensiteexplorer.org/dotbot, help@moz.com)" "www.saveaslave.com"
54.243.48.119 - - [24/Oct/2015:06:41:02 -0700] "GET / HTTP/1.1" 200 31848 "-" "Mozilla/5.0 (Windows; U; Windows NT 5.1; en-US; rv:1.9.2.8) Gecko/20100722 Firefox/3.6.8" "saveaslave.com"
72.168.98.121 - - [24/Oct/2015:06:42:28 -0700] "GET / HTTP/1.1" 200 31848 "-" "Mozilla/5.0 (Windows NT 6.1; WOW64; Trident/7.0; rv:11.0) like Gecko" "www.saveaslave.com"
72.168.98.121 - - [24/Oct/2015:06:42:30 -0700] "GET /css/bootstrap.min.css HTTP/1.1" 200 65536 "http://www.saveaslave.com/" "Mozilla/5.0 (Windows NT 6.1; WOW64; Trident/7.0; rv:11.0) like Gecko" "www.saveaslave.com"
72.168.98.121 - - [24/Oct/2015:06:42:30 -0700] "GET /assets/js/ie-emulation-modes-warning.js HTTP/1.1" 200 2130 "http://www.saveaslave.com/" "Mozilla/5.0 (Windows NT 6.1; WOW64; Trident/7.0; rv:11.0) like Gecko" "www.saveaslave.com"
72.168.98.121 - - [24/Oct/2015:06:42:31 -0700] "GET /css/style-pages.css HTTP/1.1" 200 9167 "http://www.saveaslave.com/" "Mozilla/5.0 (Windows NT 6.1; WOW64; Trident/7.0; rv:11.0) like Gecko" "www.saveaslave.com"
72.168.98.121 - - [24/Oct/2015:06:42:31 -0700] "GET /images/gift_button.png HTTP/1.1" 200 27500 "http://www.saveaslave.com/" "Mozilla/5.0 (Windows NT 6.1; WOW64; Trident/7.0; rv:11.0) like Gecko" "www.saveaslave.com"
72.168.98.121 - - [24/Oct/2015:06:42:32 -0700] "GET /js/bootstrap.min.js HTTP/1.1" 200 37055 "http://www.saveaslave.com/" "Mozilla/5.0 (Windows NT 6.1; WOW64; Trident/7.0; rv:11.0) like Gecko" "www.saveaslave.com"
72.168.98.121 - - [24/Oct/2015:06:42:32 -0700] "GET /assets/js/ie10-viewport-bug-workaround.js HTTP/1.1" 200 641 "http://www.saveaslave.com/" "Mozilla/5.0 (Windows NT 6.1; WOW64; Trident/7.0; rv:11.0) like Gecko" "www.saveaslave.com"
66.249.75.137 - - [24/Oct/2015:06:48:34 -0700] "GET /saint-martin.html HTTP/1.1" 404 89 "-" "Mozilla/5.0 (compatible; Googlebot/2.1; +http://www.google.com/bot.html)" "saveaslave.com"
151.80.31.136 - - [24/Oct/2015:06:49:59 -0700] "GET /somalia.html HTTP/1.1" 404 89 "-" "Mozilla/5.0 (compatible; AhrefsBot/5.0; +http://ahrefs.com/robot/)" "saveaslave.com"
100.43.81.129 - - [24/Oct/2015:07:00:43 -0700] "GET /tajikistan.html HTTP/1.1" 404 89 "-" "Mozilla/5.0 (compatible; YandexBot/3.0; +http://yandex.com/bots)" "saveaslave.com"
66.249.83.184 - - [24/Oct/2015:07:04:27 -0700] "GET /favicon.ico HTTP/1.1" 404 89 "-" "Google favicon" "www.saveaslave.com"
217.69.133.10 - - [24/Oct/2015:07:04:57 -0700] "GET /robots.txt HTTP/1.1" 200 48 "-" "Mozilla/5.0 (compatible; Linux x86_64; Mail.RU_Bot/2.0; +http://go.mail.ru/help/robots)" "www.saveaslave.com"
220.181.108.157 - - [24/Oct/2015:07:06:14 -0700] "GET /listlink.php?page=index.html HTTP/1.1" 200 7090 "-" "Mozilla/5.0 (compatible; Baiduspider/2.0; +http://www.baidu.com/search/spider.html)" "www.saveaslave.com"
217.69.133.12 - - [24/Oct/2015:07:07:13 -0700] "GET /luxembourg.html HTTP/1.1" 404 89 "-" "Mozilla/5.0 (compatible; Linux x86_64; Mail.RU_Bot/2.0; +http://go.mail.ru/help/robots)" "www.saveaslave.com"
208.115.113.94 - - [24/Oct/2015:07:12:00 -0700] "GET /jamaica HTTP/1.1" 404 89 "-" "Mozilla/5.0 (compatible; DotBot/1.1; http://www.opensiteexplorer.org/dotbot, help@moz.com)" "www.saveaslave.com"
208.115.113.94 - - [24/Oct/2015:07:12:00 -0700] "GET /stkitts.html HTTP/1.1" 404 89 "-" "Mozilla/5.0 (compatible; DotBot/1.1; http://www.opensiteexplorer.org/dotbot, help@moz.com)" "www.saveaslave.com"
208.115.113.94 - - [24/Oct/2015:07:12:02 -0700] "GET /elsalvador HTTP/1.1" 404 89 "-" "Mozilla/5.0 (compatible; DotBot/1.1; http://www.opensiteexplorer.org/dotbot, help@moz.com)" "saveaslave.com"
65.36.241.48 - - [24/Oct/2015:07:22:44 -0700] "HEAD / HTTP/1.1" 200 0 "-" "InternetSeer.com" "www.saveaslave.com"
180.76.15.163 - - [24/Oct/2015:07:39:19 -0700] "GET /addlink.php?page=argentina.html&lang=en HTTP/1.1" 200 4864 "-" "Mozilla/5.0 (compatible; Baiduspider/2.0; +http://www.baidu.com/search/spider.html)" "www.saveaslave.com"
208.115.113.94 - - [24/Oct/2015:07:40:28 -0700] "GET /robots.txt HTTP/1.1" 200 48 "-" "Mozilla/5.0 (compatible; DotBot/1.1; http://www.opensiteexplorer.org/dotbot, help@moz.com)" "www.saveaslave.com"
208.115.113.94 - - [24/Oct/2015:07:40:28 -0700] "GET /robots.txt HTTP/1.1" 200 48 "-" "Mozilla/5.0 (compatible; DotBot/1.1; http://www.opensiteexplorer.org/dotbot, help@moz.com)" "saveaslave.com"
141.8.143.175 - - [24/Oct/2015:07:44:38 -0700] "GET /images/countrymap/bosnia-herzegovina.jpg HTTP/1.1" 404 89 "-" "Mozilla/5.0 (compatible; YandexImages/3.0; +http://yandex.com/bots)" "saveaslave.com"
157.55.39.211 - - [24/Oct/2015:07:46:00 -0700] "GET /papua-new-guinea.html HTTP/1.1" 404 89 "-" "Mozilla/5.0 (compatible; bingbot/2.0; +http://www.bing.com/bingbot.htm)" "saveaslave.com"
217.69.133.28 - - [24/Oct/2015:07:59:00 -0700] "GET /robots.txt HTTP/1.1" 200 48 "-" "Mozilla/5.0 (compatible; Linux x86_64; Mail.RU_Bot/2.0; +http://go.mail.ru/help/robots)" "saveaslave.com"
217.69.133.60 - - [24/Oct/2015:07:59:01 -0700] "GET /west-bank.html HTTP/1.1" 404 89 "-" "Mozilla/5.0 (compatible; Linux x86_64; Mail.RU_Bot/2.0; +http://go.mail.ru/help/robots)" "saveaslave.com"
66.249.69.97 - - [24/Oct/2015:08:13:32 -0700] "GET /united-arab-emirates.html HTTP/1.1" 404 89 "-" "Mozilla/5.0 (compatible; Googlebot/2.1; +http://www.google.com/bot.html)" "www.saveaslave.com"
66.249.69.89 - - [24/Oct/2015:08:13:35 -0700] "GET /french-polynesia.html HTTP/1.1" 404 89 "-" "Mozilla/5.0 (compatible; Googlebot/2.1; +http://www.google.com/bot.html)" "www.saveaslave.com"
66.249.69.105 - - [24/Oct/2015:08:13:35 -0700] "GET /netherlands.html HTTP/1.1" 404 89 "-" "Mozilla/5.0 (compatible; Googlebot/2.1; +http://www.google.com/bot.html)" "www.saveaslave.com"
66.249.69.105 - - [24/Oct/2015:08:13:36 -0700] "GET /togo.html HTTP/1.1" 404 89 "-" "Mozilla/5.0 (compatible; Googlebot/2.1; +http://www.google.com/bot.html)" "www.saveaslave.com"
66.249.69.89 - - [24/Oct/2015:08:13:38 -0700] "GET /somalia.html HTTP/1.1" 404 89 "-" "Mozilla/5.0 (compatible; Googlebot/2.1; +http://www.google.com/bot.html)" "www.saveaslave.com"
66.249.69.97 - - [24/Oct/2015:08:13:40 -0700] "GET /costa-rica.html HTTP/1.1" 404 89 "-" "Mozilla/5.0 (compatible; Googlebot/2.1; +http://www.google.com/bot.html)" "www.saveaslave.com"
66.249.69.89 - - [24/Oct/2015:08:13:40 -0700] "GET /guyana.html HTTP/1.1" 404 89 "-" "Mozilla/5.0 (compatible; Googlebot/2.1; +http://www.google.com/bot.html)" "www.saveaslave.com"
66.249.69.89 - - [24/Oct/2015:08:13:43 -0700] "GET /laos.html HTTP/1.1" 404 89 "-" "Mozilla/5.0 (compatible; Googlebot/2.1; +http://www.google.com/bot.html)" "www.saveaslave.com"
66.249.69.97 - - [24/Oct/2015:08:13:43 -0700] "GET /saint-barthelemy.html HTTP/1.1" 404 89 "-" "Mozilla/5.0 (compatible; Googlebot/2.1; +http://www.google.com/bot.html)" "www.saveaslave.com"
66.249.69.89 - - [24/Oct/2015:08:13:45 -0700] "GET /afghanistan.html HTTP/1.1" 404 89 "-" "Mozilla/5.0 (compatible; Googlebot/2.1; +http://www.google.com/bot.html)" "www.saveaslave.com"
66.249.69.97 - - [24/Oct/2015:08:13:46 -0700] "GET /ireland.html HTTP/1.1" 404 89 "-" "Mozilla/5.0 (compatible; Googlebot/2.1; +http://www.google.com/bot.html)" "www.saveaslave.com"
66.249.69.105 - - [24/Oct/2015:08:13:47 -0700] "GET /eritrea.html HTTP/1.1" 404 89 "-" "Mozilla/5.0 (compatible; Googlebot/2.1; +http://www.google.com/bot.html)" "www.saveaslave.com"
66.249.69.97 - - [24/Oct/2015:08:13:47 -0700] "GET /saint-vincent-grenadines.html HTTP/1.1" 404 89 "-" "Mozilla/5.0 (compatible; Googlebot/2.1; +http://www.google.com/bot.html)" "www.saveaslave.com"
66.249.69.105 - - [24/Oct/2015:08:13:47 -0700] "GET /british-virgin-islands.html HTTP/1.1" 404 89 "-" "Mozilla/5.0 (compatible; Googlebot/2.1; +http://www.google.com/bot.html)" "www.saveaslave.com"
66.249.69.105 - - [24/Oct/2015:08:13:47 -0700] "GET /indonesia.html HTTP/1.1" 404 89 "-" "Mozilla/5.0 (compatible; Googlebot/2.1; +http://www.google.com/bot.html)" "www.saveaslave.com"
66.249.69.97 - - [24/Oct/2015:08:13:49 -0700] "GET /brunei.html HTTP/1.1" 404 89 "-" "Mozilla/5.0 (compatible; Googlebot/2.1; +http://www.google.com/bot.html)" "www.saveaslave.com"
66.249.69.89 - - [24/Oct/2015:08:13:49 -0700] "GET /botswana.html HTTP/1.1" 404 89 "-" "Mozilla/5.0 (compatible; Googlebot/2.1; +http://www.google.com/bot.html)" "www.saveaslave.com"
66.249.69.105 - - [24/Oct/2015:08:13:49 -0700] "GET /bolivia.html HTTP/1.1" 404 89 "-" "Mozilla/5.0 (compatible; Googlebot/2.1; +http://www.google.com/bot.html)" "www.saveaslave.com"
66.249.69.89 - - [24/Oct/2015:08:13:52 -0700] "GET /azkaban.html HTTP/1.1" 404 89 "-" "Mozilla/5.0 (compatible; Googlebot/2.1; +http://www.google.com/bot.html)" "www.saveaslave.com"
66.249.69.97 - - [24/Oct/2015:08:13:55 -0700] "GET /romania.html HTTP/1.1" 404 89 "-" "Mozilla/5.0 (compatible; Googlebot/2.1; +http://www.google.com/bot.html)" "www.saveaslave.com"
66.249.69.89 - - [24/Oct/2015:08:13:56 -0700] "GET /panama.html HTTP/1.1" 404 89 "-" "Mozilla/5.0 (compatible; Googlebot/2.1; +http://www.google.com/bot.html)" "www.saveaslave.com"
66.249.69.105 - - [24/Oct/2015:08:14:01 -0700] "GET /luxembourg.html HTTP/1.1" 404 89 "-" "Mozilla/5.0 (compatible; Googlebot/2.1; +http://www.google.com/bot.html)" "www.saveaslave.com"
66.249.69.105 - - [24/Oct/2015:08:14:01 -0700] "GET /mali.html HTTP/1.1" 404 89 "-" "Mozilla/5.0 (compatible; Googlebot/2.1; +http://www.google.com/bot.html)" "www.saveaslave.com"
66.249.69.105 - - [24/Oct/2015:08:14:09 -0700] "GET /france.html HTTP/1.1" 404 89 "-" "Mozilla/5.0 (compatible; Googlebot/2.1; +http://www.google.com/bot.html)" "www.saveaslave.com"
66.249.69.105 - - [24/Oct/2015:08:14:18 -0700] "GET /turkey.html HTTP/1.1" 404 89 "-" "Mozilla/5.0 (compatible; Googlebot/2.1; +http://www.google.com/bot.html)" "www.saveaslave.com"
66.249.69.89 - - [24/Oct/2015:08:14:18 -0700] "GET /suriname.html HTTP/1.1" 404 89 "-" "Mozilla/5.0 (compatible; Googlebot/2.1; +http://www.google.com/bot.html)" "www.saveaslave.com"
66.249.69.89 - - [24/Oct/2015:08:14:20 -0700] "GET /estonia.html HTTP/1.1" 404 89 "-" "Mozilla/5.0 (compatible; Googlebot/2.1; +http://www.google.com/bot.html)" "www.saveaslave.com"
5.45.255.104 - - [24/Oct/2015:08:17:14 -0700] "GET /images/Netherlands_flag.gif HTTP/1.1" 404 89 "-" "Mozilla/5.0 (Windows NT 10.0; WOW64) AppleWebKit/537.36 (KHTML, like Gecko) Chrome/43.0.2357.124 YaBrowser/15.7.2357.2877 Safari/537.36" "saveaslave.com"
66.249.69.97 - - [24/Oct/2015:08:26:50 -0700] "GET /japan.html HTTP/1.1" 404 89 "-" "Mozilla/5.0 (compatible; Googlebot/2.1; +http://www.google.com/bot.html)" "www.saveaslave.com"
208.115.113.86 - - [24/Oct/2015:08:33:04 -0700] "GET /robots.txt HTTP/1.1" 200 48 "-" "Mozilla/5.0 (compatible; DotBot/1.1; http://www.opensiteexplorer.org/dotbot, help@moz.com)" "saveaslave.com"
66.249.69.74 - - [24/Oct/2015:08:43:32 -0700] "GET /libya HTTP/1.1" 404 89 "-" "Mozilla/5.0 (compatible; Googlebot/2.1; +http://www.google.com/bot.html)" "www.saveaslave.com"
50.17.100.81 - - [24/Oct/2015:08:52:29 -0700] "GET /azkaban.html HTTP/1.1" 404 89 "-" "Mozilla/5.0 (compatible; linkdexbot/2.0; +http://www.linkdex.com/bots/)" "saveaslave.com"
141.8.143.175 - - [24/Oct/2015:08:58:01 -0700] "GET /djibouti.html HTTP/1.1" 404 89 "-" "Mozilla/5.0 (compatible; YandexBot/3.0; +http://yandex.com/bots)" "saveaslave.com"
141.8.143.182 - - [24/Oct/2015:08:58:08 -0700] "GET /saint-vincent-grenadines.html HTTP/1.1" 404 89 "-" "Mozilla/5.0 (compatible; YandexBot/3.0; +http://yandex.com/bots)" "saveaslave.com"
100.43.91.14 - - [24/Oct/2015:08:58:10 -0700] "GET /british-virgin-islands.html HTTP/1.1" 404 89 "-" "Mozilla/5.0 (compatible; YandexBot/3.0; +http://yandex.com/bots)" "saveaslave.com"
100.43.81.129 - - [24/Oct/2015:08:58:14 -0700] "GET /liechtenstein.html HTTP/1.1" 404 89 "-" "Mozilla/5.0 (compatible; YandexBot/3.0; +http://yandex.com/bots)" "saveaslave.com"
141.8.143.208 - - [24/Oct/2015:08:58:16 -0700] "GET /philippines.html HTTP/1.1" 404 89 "-" "Mozilla/5.0 (compatible; YandexBot/3.0; +http://yandex.com/bots)" "saveaslave.com"
65.36.241.48 - - [24/Oct/2015:08:59:20 -0700] "HEAD / HTTP/1.1" 200 0 "-" "InternetSeer.com" "www.saveaslave.com"
208.115.113.94 - - [24/Oct/2015:09:18:48 -0700] "GET /dominicanrepublic.html HTTP/1.1" 404 89 "-" "Mozilla/5.0 (compatible; DotBot/1.1; http://www.opensiteexplorer.org/dotbot, help@moz.com)" "www.saveaslave.com"
208.115.113.94 - - [24/Oct/2015:09:18:49 -0700] "GET /wake_island HTTP/1.1" 404 89 "-" "Mozilla/5.0 (compatible; DotBot/1.1; http://www.opensiteexplorer.org/dotbot, help@moz.com)" "www.saveaslave.com"
208.115.113.94 - - [24/Oct/2015:09:19:05 -0700] "GET /russia HTTP/1.1" 404 89 "-" "Mozilla/5.0 (compatible; DotBot/1.1; http://www.opensiteexplorer.org/dotbot, help@moz.com)" "saveaslave.com"
157.55.39.143 - - [24/Oct/2015:09:23:17 -0700] "GET /images/countrymap/liechtenstein.gif HTTP/1.1" 404 89 "-" "Mozilla/5.0 (compatible; bingbot/2.0; +http://www.bing.com/bingbot.htm)" "www.saveaslave.com"
157.55.39.143 - - [24/Oct/2015:09:23:35 -0700] "GET /guadeloupe HTTP/1.1" 404 89 "-" "Mozilla/5.0 (compatible; bingbot/2.0; +http://www.bing.com/bingbot.htm)" "www.saveaslave.com"
72.168.96.124 - - [24/Oct/2015:09:26:39 -0700] "GET /assets/js/ie-emulation-modes-warning.js HTTP/1.1" 200 2130 "http://www.saveaslave.com/" "Mozilla/5.0 (Windows NT 6.1; WOW64; Trident/7.0; rv:11.0) like Gecko" "www.saveaslave.com"
72.168.96.124 - - [24/Oct/2015:09:26:39 -0700] "GET /css/style.css HTTP/1.1" 200 7739 "http://www.saveaslave.com/" "Mozilla/5.0 (Windows NT 6.1; WOW64; Trident/7.0; rv:11.0) like Gecko" "www.saveaslave.com"
72.168.96.124 - - [24/Oct/2015:09:26:39 -0700] "GET /css/bootstrap.min.css HTTP/1.1" 200 123578 "http://www.saveaslave.com/" "Mozilla/5.0 (Windows NT 6.1; WOW64; Trident/7.0; rv:11.0) like Gecko" "www.saveaslave.com"
72.168.96.124 - - [24/Oct/2015:09:26:39 -0700] "GET /css/elements.css HTTP/1.1" 200 17857 "http://www.saveaslave.com/" "Mozilla/5.0 (Windows NT 6.1; WOW64; Trident/7.0; rv:11.0) like Gecko" "www.saveaslave.com"
72.168.96.124 - - [24/Oct/2015:09:26:39 -0700] "GET /gfeedfetcher.js HTTP/1.1" 200 9018 "http://www.saveaslave.com/" "Mozilla/5.0 (Windows NT 6.1; WOW64; Trident/7.0; rv:11.0) like Gecko" "www.saveaslave.com"
72.168.96.124 - - [24/Oct/2015:09:26:39 -0700] "GET /gajaxscroller.js HTTP/1.1" 200 9774 "http://www.saveaslave.com/" "Mozilla/5.0 (Windows NT 6.1; WOW64; Trident/7.0; rv:11.0) like Gecko" "www.saveaslave.com"
72.168.96.124 - - [24/Oct/2015:09:26:39 -0700] "GET /css/style-pages.css HTTP/1.1" 200 9167 "http://www.saveaslave.com/" "Mozilla/5.0 (Windows NT 6.1; WOW64; Trident/7.0; rv:11.0) like Gecko" "www.saveaslave.com"
72.168.96.124 - - [24/Oct/2015:09:26:39 -0700] "GET /assets/js/ie10-viewport-bug-workaround.js HTTP/1.1" 200 641 "http://www.saveaslave.com/" "Mozilla/5.0 (Windows NT 6.1; WOW64; Trident/7.0; rv:11.0) like Gecko" "www.saveaslave.com"
72.168.96.124 - - [24/Oct/2015:09:26:39 -0700] "GET /js/bootstrap.min.js HTTP/1.1" 200 37055 "http://www.saveaslave.com/" "Mozilla/5.0 (Windows NT 6.1; WOW64; Trident/7.0; rv:11.0) like Gecko" "www.saveaslave.com"
72.168.96.124 - - [24/Oct/2015:09:26:39 -0700] "GET /images/logo2.png HTTP/1.1" 200 18525 "http://www.saveaslave.com/" "Mozilla/5.0 (Windows NT 6.1; WOW64; Trident/7.0; rv:11.0) like Gecko" "www.saveaslave.com"
72.168.96.124 - - [24/Oct/2015:09:26:39 -0700] "GET /images/cover1.jpg HTTP/1.1" 200 253658 "http://www.saveaslave.com/" "Mozilla/5.0 (Windows NT 6.1; WOW64; Trident/7.0; rv:11.0) like Gecko" "www.saveaslave.com"
72.168.96.124 - - [24/Oct/2015:09:26:40 -0700] "GET /photos/top.jpg HTTP/1.1" 200 50519 "http://www.saveaslave.com/" "Mozilla/5.0 (Windows NT 6.1; WOW64; Trident/7.0; rv:11.0) like Gecko" "www.saveaslave.com"
72.168.96.124 - - [24/Oct/2015:09:26:40 -0700] "GET /images/select-arrow.png HTTP/1.1" 200 1118 "http://www.saveaslave.com/" "Mozilla/5.0 (Windows NT 6.1; WOW64; Trident/7.0; rv:11.0) like Gecko" "www.saveaslave.com"
72.168.96.124 - - [24/Oct/2015:09:26:40 -0700] "GET /photos/article7.jpg HTTP/1.1" 200 15527 "http://www.saveaslave.com/" "Mozilla/5.0 (Windows NT 6.1; WOW64; Trident/7.0; rv:11.0) like Gecko" "www.saveaslave.com"
72.168.96.124 - - [24/Oct/2015:09:26:40 -0700] "GET /photos/article1.jpg HTTP/1.1" 200 11640 "http://www.saveaslave.com/" "Mozilla/5.0 (Windows NT 6.1; WOW64; Trident/7.0; rv:11.0) like Gecko" "www.saveaslave.com"
72.168.96.124 - - [24/Oct/2015:09:26:40 -0700] "GET /photos/article2.jpg HTTP/1.1" 200 15209 "http://www.saveaslave.com/" "Mozilla/5.0 (Windows NT 6.1; WOW64; Trident/7.0; rv:11.0) like Gecko" "www.saveaslave.com"
72.168.96.124 - - [24/Oct/2015:09:26:40 -0700] "GET /photos/article3a.jpg HTTP/1.1" 200 12445 "http://www.saveaslave.com/" "Mozilla/5.0 (Windows NT 6.1; WOW64; Trident/7.0; rv:11.0) like Gecko" "www.saveaslave.com"
72.168.96.124 - - [24/Oct/2015:09:26:40 -0700] "GET /photos/article4.png HTTP/1.1" 200 42622 "http://www.saveaslave.com/" "Mozilla/5.0 (Windows NT 6.1; WOW64; Trident/7.0; rv:11.0) like Gecko" "www.saveaslave.com"
72.168.96.124 - - [24/Oct/2015:09:26:40 -0700] "GET /photos/article5.jpg HTTP/1.1" 200 14497 "http://www.saveaslave.com/" "Mozilla/5.0 (Windows NT 6.1; WOW64; Trident/7.0; rv:11.0) like Gecko" "www.saveaslave.com"
72.168.96.124 - - [24/Oct/2015:09:26:40 -0700] "GET /images/social1.png HTTP/1.1" 200 2012 "http://www.saveaslave.com/" "Mozilla/5.0 (Windows NT 6.1; WOW64; Trident/7.0; rv:11.0) like Gecko" "www.saveaslave.com"
72.168.96.124 - - [24/Oct/2015:09:26:40 -0700] "GET /images/social2.png HTTP/1.1" 200 1752 "http://www.saveaslave.com/" "Mozilla/5.0 (Windows NT 6.1; WOW64; Trident/7.0; rv:11.0) like Gecko" "www.saveaslave.com"
72.168.96.124 - - [24/Oct/2015:09:26:40 -0700] "GET /images/social3.png HTTP/1.1" 200 4343 "http://www.saveaslave.com/" "Mozilla/5.0 (Windows NT 6.1; WOW64; Trident/7.0; rv:11.0) like Gecko" "www.saveaslave.com"
72.168.96.124 - - [24/Oct/2015:09:26:40 -0700] "GET /images/gift_button.png HTTP/1.1" 200 27500 "http://www.saveaslave.com/" "Mozilla/5.0 (Windows NT 6.1; WOW64; Trident/7.0; rv:11.0) like Gecko" "www.saveaslave.com"
72.168.96.124 - - [24/Oct/2015:09:26:40 -0700] "GET /indicator.gif HTTP/1.1" 200 878 "http://www.saveaslave.com/" "Mozilla/5.0 (Windows NT 6.1; WOW64; Trident/7.0; rv:11.0) like Gecko" "www.saveaslave.com"
72.168.96.124 - - [24/Oct/2015:09:26:40 -0700] "GET /css/down-arrow.png HTTP/1.1" 404 89 "http://www.saveaslave.com/" "Mozilla/5.0 (Windows NT 6.1; WOW64; Trident/7.0; rv:11.0) like Gecko" "www.saveaslave.com"
72.168.96.124 - - [24/Oct/2015:09:32:08 -0700] "GET / HTTP/1.1" 200 31848 "-" "Mozilla/5.0 (Windows NT 6.1; WOW64; Trident/7.0; rv:11.0) like Gecko" "www.saveaslave.com"
72.168.96.124 - - [24/Oct/2015:09:32:11 -0700] "GET /css/down-arrow.png HTTP/1.1" 404 89 "http://www.saveaslave.com/" "Mozilla/5.0 (Windows NT 6.1; WOW64; Trident/7.0; rv:11.0) like Gecko" "www.saveaslave.com"
123.125.71.109 - - [24/Oct/2015:09:39:57 -0700] "GET / HTTP/1.1" 200 31848 "-" "Mozilla/5.0 (compatible; Baiduspider/2.0; +http://www.baidu.com/search/spider.html)" "saveaslave.com"
72.168.98.116 - - [24/Oct/2015:09:42:15 -0700] "GET /css/style-pages.css HTTP/1.1" 200 9167 "http://www.saveaslave.com/" "Mozilla/5.0 (Windows NT 6.1; WOW64; Trident/7.0; rv:11.0) like Gecko" "www.saveaslave.com"
72.168.98.116 - - [24/Oct/2015:09:42:15 -0700] "GET /photos/top.jpg HTTP/1.1" 200 50519 "http://www.saveaslave.com/" "Mozilla/5.0 (Windows NT 6.1; WOW64; Trident/7.0; rv:11.0) like Gecko" "www.saveaslave.com"
72.168.98.116 - - [24/Oct/2015:09:42:16 -0700] "GET /photos/article1.jpg HTTP/1.1" 200 11640 "http://www.saveaslave.com/" "Mozilla/5.0 (Windows NT 6.1; WOW64; Trident/7.0; rv:11.0) like Gecko" "www.saveaslave.com"
72.168.98.116 - - [24/Oct/2015:09:42:16 -0700] "GET /photos/article5.jpg HTTP/1.1" 200 14497 "http://www.saveaslave.com/" "Mozilla/5.0 (Windows NT 6.1; WOW64; Trident/7.0; rv:11.0) like Gecko" "www.saveaslave.com"
72.168.98.116 - - [24/Oct/2015:09:42:16 -0700] "GET /images/social1.png HTTP/1.1" 200 2012 "http://www.saveaslave.com/" "Mozilla/5.0 (Windows NT 6.1; WOW64; Trident/7.0; rv:11.0) like Gecko" "www.saveaslave.com"
72.168.98.116 - - [24/Oct/2015:09:42:16 -0700] "GET /images/social3.png HTTP/1.1" 200 4343 "http://www.saveaslave.com/" "Mozilla/5.0 (Windows NT 6.1; WOW64; Trident/7.0; rv:11.0) like Gecko" "www.saveaslave.com"
72.168.98.116 - - [24/Oct/2015:09:47:03 -0700] "GET /who-we-are.php HTTP/1.1" 200 4904 "http://www.saveaslave.com/" "Mozilla/5.0 (Windows NT 6.1; WOW64; Trident/7.0; rv:11.0) like Gecko" "www.saveaslave.com"
72.168.98.116 - - [24/Oct/2015:09:47:13 -0700] "GET / HTTP/1.1" 200 31821 "http://www.saveaslave.com/who-we-are.php" "Mozilla/5.0 (Windows NT 6.1; WOW64; Trident/7.0; rv:11.0) like Gecko" "www.saveaslave.com"
72.168.98.116 - - [24/Oct/2015:09:47:13 -0700] "GET /images/cover1.jpg HTTP/1.1" 200 253658 "http://www.saveaslave.com/" "Mozilla/5.0 (Windows NT 6.1; WOW64; Trident/7.0; rv:11.0) like Gecko" "www.saveaslave.com"
72.168.98.116 - - [24/Oct/2015:09:47:13 -0700] "GET /photos/article1.jpg HTTP/1.1" 200 11640 "http://www.saveaslave.com/" "Mozilla/5.0 (Windows NT 6.1; WOW64; Trident/7.0; rv:11.0) like Gecko" "www.saveaslave.com"
72.168.98.116 - - [24/Oct/2015:09:47:13 -0700] "GET /photos/top.jpg HTTP/1.1" 200 50519 "http://www.saveaslave.com/" "Mozilla/5.0 (Windows NT 6.1; WOW64; Trident/7.0; rv:11.0) like Gecko" "www.saveaslave.com"
72.168.98.116 - - [24/Oct/2015:09:47:13 -0700] "GET /photos/article2.jpg HTTP/1.1" 200 15209 "http://www.saveaslave.com/" "Mozilla/5.0 (Windows NT 6.1; WOW64; Trident/7.0; rv:11.0) like Gecko" "www.saveaslave.com"
72.168.98.116 - - [24/Oct/2015:09:47:13 -0700] "GET /photos/article3a.jpg HTTP/1.1" 200 12445 "http://www.saveaslave.com/" "Mozilla/5.0 (Windows NT 6.1; WOW64; Trident/7.0; rv:11.0) like Gecko" "www.saveaslave.com"
72.168.98.116 - - [24/Oct/2015:09:47:14 -0700] "GET /photos/article5.jpg HTTP/1.1" 200 14497 "http://www.saveaslave.com/" "Mozilla/5.0 (Windows NT 6.1; WOW64; Trident/7.0; rv:11.0) like Gecko" "www.saveaslave.com"
72.168.98.116 - - [24/Oct/2015:09:47:14 -0700] "GET /css/down-arrow.png HTTP/1.1" 404 89 "http://www.saveaslave.com/" "Mozilla/5.0 (Windows NT 6.1; WOW64; Trident/7.0; rv:11.0) like Gecko" "www.saveaslave.com"
217.69.133.60 - - [24/Oct/2015:09:49:41 -0700] "GET /robots.txt HTTP/1.1" 200 48 "-" "Mozilla/5.0 (compatible; Linux x86_64; Mail.RU_Bot/2.0; +http://go.mail.ru/help/robots)" "www.saveaslave.com"
217.69.133.59 - - [24/Oct/2015:09:49:42 -0700] "GET /resources.html HTTP/1.1" 404 89 "-" "Mozilla/5.0 (compatible; Linux x86_64; Mail.RU_Bot/2.0; +http://go.mail.ru/help/robots)" "www.saveaslave.com"
207.90.2.10 - - [24/Oct/2015:09:58:09 -0700] "GET / HTTP/1.1" 200 31848 "-" "=Mozilla/5.0 (Windows; U; Windows NT 6.1; en-US) AppleWebKit/534.16 (KHTML, like Gecko) Chrome/10.0.648.204 Safari/534.16" "saveaslave.com"
217.69.133.10 - - [24/Oct/2015:09:58:42 -0700] "GET /hong-kong.html HTTP/1.1" 404 89 "-" "Mozilla/5.0 (compatible; Linux x86_64; Mail.RU_Bot/2.0; +http://go.mail.ru/help/robots)" "saveaslave.com"
208.115.113.86 - - [24/Oct/2015:10:00:01 -0700] "GET /zimbabwe.html HTTP/1.1" 404 89 "-" "Mozilla/5.0 (compatible; DotBot/1.1; http://www.opensiteexplorer.org/dotbot, help@moz.com)" "saveaslave.com"
208.115.113.86 - - [24/Oct/2015:10:00:02 -0700] "GET /belgium.html HTTP/1.1" 404 89 "-" "Mozilla/5.0 (compatible; DotBot/1.1; http://www.opensiteexplorer.org/dotbot, help@moz.com)" "saveaslave.com"
208.115.113.86 - - [24/Oct/2015:10:00:13 -0700] "GET /bulgaria.html HTTP/1.1" 404 89 "-" "Mozilla/5.0 (compatible; DotBot/1.1; http://www.opensiteexplorer.org/dotbot, help@moz.com)" "saveaslave.com"
208.115.113.86 - - [24/Oct/2015:10:00:13 -0700] "GET /italy.html HTTP/1.1" 404 89 "-" "Mozilla/5.0 (compatible; DotBot/1.1; http://www.opensiteexplorer.org/dotbot, help@moz.com)" "saveaslave.com"
151.80.31.136 - - [24/Oct/2015:10:13:35 -0700] "GET /austria.html HTTP/1.1" 404 89 "-" "Mozilla/5.0 (compatible; AhrefsBot/5.0; +http://ahrefs.com/robot/)" "saveaslave.com"
217.69.133.14 - - [24/Oct/2015:10:14:11 -0700] "GET /robots.txt HTTP/1.1" 200 48 "-" "Mozilla/5.0 (compatible; Linux x86_64; Mail.RU_Bot/2.0; +http://go.mail.ru/help/robots)" "saveaslave.com"
208.115.113.94 - - [24/Oct/2015:10:16:33 -0700] "GET /robots.txt HTTP/1.1" 200 48 "-" "Mozilla/5.0 (compatible; DotBot/1.1; http://www.opensiteexplorer.org/dotbot, help@moz.com)" "saveaslave.com"
208.115.113.94 - - [24/Oct/2015:10:16:33 -0700] "GET /robots.txt HTTP/1.1" 200 48 "-" "Mozilla/5.0 (compatible; DotBot/1.1; http://www.opensiteexplorer.org/dotbot, help@moz.com)" "www.saveaslave.com"
65.36.241.48 - - [24/Oct/2015:10:28:48 -0700] "HEAD / HTTP/1.1" 200 0 "-" "InternetSeer.com" "www.saveaslave.com"
151.80.31.136 - - [24/Oct/2015:10:29:08 -0700] "GET /dominican-republic.html HTTP/1.1" 404 89 "-" "Mozilla/5.0 (compatible; AhrefsBot/5.0; +http://ahrefs.com/robot/)" "saveaslave.com"
100.43.81.129 - - [24/Oct/2015:10:32:13 -0700] "GET /tajikistan.html HTTP/1.1" 404 89 "-" "Mozilla/5.0 (compatible; YandexBot/3.0; +http://yandex.com/bots)" "saveaslave.com"
208.115.113.86 - - [24/Oct/2015:10:34:29 -0700] "GET /robots.txt HTTP/1.1" 200 48 "-" "Mozilla/5.0 (compatible; DotBot/1.1; http://www.opensiteexplorer.org/dotbot, help@moz.com)" "saveaslave.com"
208.115.113.86 - - [24/Oct/2015:10:34:29 -0700] "GET /robots.txt HTTP/1.1" 200 48 "-" "Mozilla/5.0 (compatible; DotBot/1.1; http://www.opensiteexplorer.org/dotbot, help@moz.com)" "www.saveaslave.com"
207.46.13.124 - - [24/Oct/2015:10:34:36 -0700] "GET /grenada.html HTTP/1.1" 404 89 "-" "Mozilla/5.0 (compatible; bingbot/2.0; +http://www.bing.com/bingbot.htm)" "saveaslave.com"
151.80.31.136 - - [24/Oct/2015:10:35:25 -0700] "GET /dominica.html HTTP/1.1" 404 89 "-" "Mozilla/5.0 (compatible; AhrefsBot/5.0; +http://ahrefs.com/robot/)" "www.saveaslave.com"
66.40.38.112 - - [24/Oct/2015:10:36:47 -0700] "GET /wp/wp-admin/setup-config.php?step=1 HTTP/1.1" 404 89 "-" "Mozilla/5.0 (compatible; Googlebot/2.1; +http://www.google.com/bot.html)" "www.saveaslave.com"
208.115.113.94 - - [24/Oct/2015:10:37:36 -0700] "GET /robots.txt HTTP/1.1" 200 48 "-" "Mozilla/5.0 (compatible; DotBot/1.1; http://www.opensiteexplorer.org/dotbot, help@moz.com)" "saveaslave.com"
208.115.113.94 - - [24/Oct/2015:10:37:36 -0700] "GET /robots.txt HTTP/1.1" 200 48 "-" "Mozilla/5.0 (compatible; DotBot/1.1; http://www.opensiteexplorer.org/dotbot, help@moz.com)" "www.saveaslave.com"
91.200.12.63 - - [24/Oct/2015:10:39:18 -0700] "GET /bhutan.html HTTP/1.1" 404 89 "http://www.saveaslave.com/bhutan.html" "Mozilla/5.0 (Windows NT 5.1; rv:40.0) Gecko/20100101 Firefox/40.0" "www.saveaslave.com"
91.200.12.19 - - [24/Oct/2015:10:43:32 -0700] "GET /bhutan.html HTTP/1.1" 404 89 "http://www.saveaslave.com/bhutan.html" "Mozilla/5.0 (Windows NT 6.3; WOW64) AppleWebKit/537.36 (KHTML, like Gecko) Chrome/45.0.2454.101 Safari/537.36" "www.saveaslave.com"
91.200.12.19 - - [24/Oct/2015:10:43:33 -0700] "GET / HTTP/1.1" 200 31812 "http://www.saveaslave.com/" "Mozilla/5.0 (Windows NT 6.3; WOW64) AppleWebKit/537.36 (KHTML, like Gecko) Chrome/45.0.2454.101 Safari/537.36" "www.saveaslave.com"
91.200.12.116 - - [24/Oct/2015:10:45:24 -0700] "GET /bhutan.html HTTP/1.1" 404 89 "http://www.saveaslave.com/bhutan.html" "Mozilla/5.0 (Windows NT 6.1; WOW64; rv:41.0) Gecko/20100101 Firefox/41.0" "www.saveaslave.com"
91.200.12.63 - - [24/Oct/2015:10:54:05 -0700] "GET /bhutan.html HTTP/1.1" 404 89 "http://www.saveaslave.com/bhutan.html" "Mozilla/5.0 (Windows NT 10.0; WOW64; rv:40.0) Gecko/20100101 Firefox/40.0" "www.saveaslave.com"
91.200.12.63 - - [24/Oct/2015:10:54:05 -0700] "GET / HTTP/1.1" 200 31812 "http://www.saveaslave.com/" "Mozilla/5.0 (Windows NT 10.0; WOW64; rv:40.0) Gecko/20100101 Firefox/40.0" "www.saveaslave.com"
91.200.12.19 - - [24/Oct/2015:10:57:10 -0700] "GET /bhutan.html HTTP/1.1" 404 89 "http://www.saveaslave.com/bhutan.html" "Mozilla/5.0 (Windows NT 10.0; WOW64) AppleWebKit/537.36 (KHTML, like Gecko) Chrome/45.0.2454.101 Safari/537.36" "www.saveaslave.com"
91.200.12.19 - - [24/Oct/2015:10:57:11 -0700] "GET / HTTP/1.1" 200 31812 "http://www.saveaslave.com/" "Mozilla/5.0 (Windows NT 10.0; WOW64) AppleWebKit/537.36 (KHTML, like Gecko) Chrome/45.0.2454.101 Safari/537.36" "www.saveaslave.com"
208.115.113.86 - - [24/Oct/2015:10:59:32 -0700] "GET /britishvirginislands.html HTTP/1.1" 404 89 "-" "Mozilla/5.0 (compatible; DotBot/1.1; http://www.opensiteexplorer.org/dotbot, help@moz.com)" "saveaslave.com"
91.200.12.116 - - [24/Oct/2015:10:59:49 -0700] "GET /bhutan.html HTTP/1.1" 404 89 "http://www.saveaslave.com/bhutan.html" "Mozilla/5.0 (Windows NT 6.1; WOW64) AppleWebKit/537.36 (KHTML, like Gecko) Chrome/45.0.2454.93 Safari/537.36" "www.saveaslave.com"
91.200.12.116 - - [24/Oct/2015:10:59:50 -0700] "GET / HTTP/1.1" 200 31812 "http://www.saveaslave.com/" "Mozilla/5.0 (Windows NT 6.1; WOW64) AppleWebKit/537.36 (KHTML, like Gecko) Chrome/45.0.2454.93 Safari/537.36" "www.saveaslave.com"
141.8.143.198 - - [24/Oct/2015:11:06:14 -0700] "GET /east-timor.html HTTP/1.1" 404 89 "-" "Mozilla/5.0 (compatible; YandexBot/3.0; +http://yandex.com/bots)" "saveaslave.com"
208.115.113.94 - - [24/Oct/2015:11:11:09 -0700] "GET /honduras HTTP/1.1" 404 89 "-" "Mozilla/5.0 (compatible; DotBot/1.1; http://www.opensiteexplorer.org/dotbot, help@moz.com)" "www.saveaslave.com"
180.76.15.31 - - [24/Oct/2015:11:12:26 -0700] "GET /azkaban.html HTTP/1.1" 404 89 "-" "Mozilla/5.0 (compatible; Baiduspider/2.0; +http://www.baidu.com/search/spider.html)" "www.saveaslave.com"
151.80.31.136 - - [24/Oct/2015:11:16:12 -0700] "GET /niue.html HTTP/1.1" 404 89 "-" "Mozilla/5.0 (compatible; AhrefsBot/5.0; +http://ahrefs.com/robot/)" "saveaslave.com"
208.115.113.94 - - [24/Oct/2015:11:16:22 -0700] "GET /antarctica HTTP/1.1" 404 89 "-" "Mozilla/5.0 (compatible; DotBot/1.1; http://www.opensiteexplorer.org/dotbot, help@moz.com)" "saveaslave.com"
208.115.113.94 - - [24/Oct/2015:11:16:22 -0700] "GET /cyprus HTTP/1.1" 404 89 "-" "Mozilla/5.0 (compatible; DotBot/1.1; http://www.opensiteexplorer.org/dotbot, help@moz.com)" "saveaslave.com"
157.55.39.160 - - [24/Oct/2015:11:21:35 -0700] "GET /palmyra-atoll.html HTTP/1.1" 404 89 "-" "Mozilla/5.0 (compatible; bingbot/2.0; +http://www.bing.com/bingbot.htm)" "saveaslave.com"
151.80.31.136 - - [24/Oct/2015:11:24:24 -0700] "GET /solomon-islands.html HTTP/1.1" 404 89 "-" "Mozilla/5.0 (compatible; AhrefsBot/5.0; +http://ahrefs.com/robot/)" "saveaslave.com"
72.168.96.125 - - [24/Oct/2015:11:24:48 -0700] "GET / HTTP/1.1" 200 31821 "http://www.saveaslave.com/who-we-are.php" "Mozilla/5.0 (Windows NT 6.1; WOW64; Trident/7.0; rv:11.0) like Gecko" "www.saveaslave.com"
72.168.96.125 - - [24/Oct/2015:11:24:48 -0700] "GET /css/style.css HTTP/1.1" 200 7739 "http://www.saveaslave.com/" "Mozilla/5.0 (Windows NT 6.1; WOW64; Trident/7.0; rv:11.0) like Gecko" "www.saveaslave.com"
72.168.96.125 - - [24/Oct/2015:11:24:48 -0700] "GET /css/elements.css HTTP/1.1" 200 17857 "http://www.saveaslave.com/" "Mozilla/5.0 (Windows NT 6.1; WOW64; Trident/7.0; rv:11.0) like Gecko" "www.saveaslave.com"
72.168.96.125 - - [24/Oct/2015:11:24:48 -0700] "GET /assets/js/ie-emulation-modes-warning.js HTTP/1.1" 200 2130 "http://www.saveaslave.com/" "Mozilla/5.0 (Windows NT 6.1; WOW64; Trident/7.0; rv:11.0) like Gecko" "www.saveaslave.com"
72.168.96.125 - - [24/Oct/2015:11:24:48 -0700] "GET /css/bootstrap.min.css HTTP/1.1" 200 123578 "http://www.saveaslave.com/" "Mozilla/5.0 (Windows NT 6.1; WOW64; Trident/7.0; rv:11.0) like Gecko" "www.saveaslave.com"
72.168.96.125 - - [24/Oct/2015:11:24:48 -0700] "GET /gajaxscroller.js HTTP/1.1" 200 9774 "http://www.saveaslave.com/" "Mozilla/5.0 (Windows NT 6.1; WOW64; Trident/7.0; rv:11.0) like Gecko" "www.saveaslave.com"
72.168.96.125 - - [24/Oct/2015:11:24:48 -0700] "GET /gfeedfetcher.js HTTP/1.1" 200 9018 "http://www.saveaslave.com/" "Mozilla/5.0 (Windows NT 6.1; WOW64; Trident/7.0; rv:11.0) like Gecko" "www.saveaslave.com"
72.168.96.125 - - [24/Oct/2015:11:24:49 -0700] "GET /assets/js/ie10-viewport-bug-workaround.js HTTP/1.1" 200 641 "http://www.saveaslave.com/" "Mozilla/5.0 (Windows NT 6.1; WOW64; Trident/7.0; rv:11.0) like Gecko" "www.saveaslave.com"
72.168.96.125 - - [24/Oct/2015:11:24:49 -0700] "GET /js/bootstrap.min.js HTTP/1.1" 200 37055 "http://www.saveaslave.com/" "Mozilla/5.0 (Windows NT 6.1; WOW64; Trident/7.0; rv:11.0) like Gecko" "www.saveaslave.com"
72.168.96.125 - - [24/Oct/2015:11:24:49 -0700] "GET /images/cover1.jpg HTTP/1.1" 200 253658 "http://www.saveaslave.com/" "Mozilla/5.0 (Windows NT 6.1; WOW64; Trident/7.0; rv:11.0) like Gecko" "www.saveaslave.com"
72.168.96.125 - - [24/Oct/2015:11:24:49 -0700] "GET /images/select-arrow.png HTTP/1.1" 200 1118 "http://www.saveaslave.com/" "Mozilla/5.0 (Windows NT 6.1; WOW64; Trident/7.0; rv:11.0) like Gecko" "www.saveaslave.com"
72.168.96.125 - - [24/Oct/2015:11:24:49 -0700] "GET /photos/top.jpg HTTP/1.1" 200 50519 "http://www.saveaslave.com/" "Mozilla/5.0 (Windows NT 6.1; WOW64; Trident/7.0; rv:11.0) like Gecko" "www.saveaslave.com"
72.168.96.125 - - [24/Oct/2015:11:24:49 -0700] "GET /photos/article1.jpg HTTP/1.1" 200 11640 "http://www.saveaslave.com/" "Mozilla/5.0 (Windows NT 6.1; WOW64; Trident/7.0; rv:11.0) like Gecko" "www.saveaslave.com"
72.168.96.125 - - [24/Oct/2015:11:24:49 -0700] "GET /photos/article2.jpg HTTP/1.1" 200 15209 "http://www.saveaslave.com/" "Mozilla/5.0 (Windows NT 6.1; WOW64; Trident/7.0; rv:11.0) like Gecko" "www.saveaslave.com"
72.168.96.125 - - [24/Oct/2015:11:24:50 -0700] "GET /photos/article4.png HTTP/1.1" 200 42622 "http://www.saveaslave.com/" "Mozilla/5.0 (Windows NT 6.1; WOW64; Trident/7.0; rv:11.0) like Gecko" "www.saveaslave.com"
72.168.96.125 - - [24/Oct/2015:11:24:50 -0700] "GET /photos/article5.jpg HTTP/1.1" 200 14497 "http://www.saveaslave.com/" "Mozilla/5.0 (Windows NT 6.1; WOW64; Trident/7.0; rv:11.0) like Gecko" "www.saveaslave.com"
72.168.96.125 - - [24/Oct/2015:11:24:50 -0700] "GET /images/social2.png HTTP/1.1" 200 1752 "http://www.saveaslave.com/" "Mozilla/5.0 (Windows NT 6.1; WOW64; Trident/7.0; rv:11.0) like Gecko" "www.saveaslave.com"
72.168.96.125 - - [24/Oct/2015:11:24:50 -0700] "GET /images/social3.png HTTP/1.1" 200 4343 "http://www.saveaslave.com/" "Mozilla/5.0 (Windows NT 6.1; WOW64; Trident/7.0; rv:11.0) like Gecko" "www.saveaslave.com"
72.168.96.125 - - [24/Oct/2015:11:24:50 -0700] "GET /images/gift_button.png HTTP/1.1" 200 27500 "http://www.saveaslave.com/" "Mozilla/5.0 (Windows NT 6.1; WOW64; Trident/7.0; rv:11.0) like Gecko" "www.saveaslave.com"
72.168.96.125 - - [24/Oct/2015:11:24:50 -0700] "GET /css/down-arrow.png HTTP/1.1" 404 89 "http://www.saveaslave.com/" "Mozilla/5.0 (Windows NT 6.1; WOW64; Trident/7.0; rv:11.0) like Gecko" "www.saveaslave.com"
180.76.15.158 - - [24/Oct/2015:11:27:26 -0700] "GET /benin HTTP/1.1" 404 89 "-" "Mozilla/5.0 (compatible; Baiduspider/2.0; +http://www.baidu.com/search/spider.html)" "www.saveaslave.com"
217.69.133.11 - - [24/Oct/2015:11:29:58 -0700] "GET /mauritania.html HTTP/1.1" 404 89 "-" "Mozilla/5.0 (compatible; Linux x86_64; Mail.RU_Bot/2.0; +http://go.mail.ru/help/robots)" "saveaslave.com"
217.69.133.10 - - [24/Oct/2015:11:45:58 -0700] "GET /robots.txt HTTP/1.1" 200 48 "-" "Mozilla/5.0 (compatible; Linux x86_64; Mail.RU_Bot/2.0; +http://go.mail.ru/help/robots)" "saveaslave.com"
207.46.13.124 - - [24/Oct/2015:11:48:19 -0700] "GET /lao HTTP/1.1" 404 89 "-" "Mozilla/5.0 (compatible; bingbot/2.0; +http://www.bing.com/bingbot.htm)" "www.saveaslave.com"
190.115.176.81 - - [24/Oct/2015:11:56:16 -0700] "GET /butn/ HTTP/1.1" 404 89 "-" "Mozilla/5.0 (Windows NT 6.3; WOW64) AppleWebKit/537.36 (KHTML, like Gecko) Chrome/46.0.2490.71 Safari/537.36" "saveaslave.com"
