190.115.177.254 - - [02/Feb/2016:16:06:13 -0800] "GET /images/article/2239.jpg HTTP/1.1" 200 89745 "http://www.saveaslave.com/" "Mozilla/5.0 (Windows NT 6.3; WOW64) AppleWebKit/537.36 (KHTML, like Gecko) Chrome/48.0.2564.97 Safari/537.36" "www.saveaslave.com"
190.115.177.254 - - [02/Feb/2016:16:06:30 -0800] "GET /favicon.ico HTTP/1.1" 404 89 "http://www.saveaslave.com/" "Mozilla/5.0 (Windows NT 6.3; WOW64) AppleWebKit/537.36 (KHTML, like Gecko) Chrome/48.0.2564.97 Safari/537.36" "www.saveaslave.com"
190.115.177.254 - - [02/Feb/2016:16:18:06 -0800] "GET /our-news.php HTTP/1.1" 200 72485 "http://www.saveaslave.com/" "Mozilla/5.0 (Windows NT 6.3; WOW64) AppleWebKit/537.36 (KHTML, like Gecko) Chrome/48.0.2564.97 Safari/537.36" "www.saveaslave.com"
190.115.177.254 - - [02/Feb/2016:16:19:00 -0800] "GET /our-news.php HTTP/1.1" 200 72485 "http://www.saveaslave.com/article.php?id=25" "Mozilla/5.0 (Windows NT 6.3; WOW64) AppleWebKit/537.36 (KHTML, like Gecko) Chrome/48.0.2564.97 Safari/537.36" "www.saveaslave.com"
190.115.177.254 - - [02/Feb/2016:16:20:10 -0800] "GET /article.php?id=23 HTTP/1.1" 200 56112 "http://www.saveaslave.com/our-news.php" "Mozilla/5.0 (Windows NT 6.3; WOW64) AppleWebKit/537.36 (KHTML, like Gecko) Chrome/48.0.2564.97 Safari/537.36" "www.saveaslave.com"
190.115.177.254 - - [02/Feb/2016:16:20:40 -0800] "GET /css/bootstrap.min.css HTTP/1.1" 304 - "http://saveaslave.com/in-russian.php?lang=ru" "Mozilla/5.0 (Windows NT 6.3; WOW64) AppleWebKit/537.36 (KHTML, like Gecko) Chrome/48.0.2564.97 Safari/537.36" "saveaslave.com"
190.115.177.254 - - [02/Feb/2016:16:20:41 -0800] "GET /css/style.css HTTP/1.1" 200 7938 "http://saveaslave.com/in-russian.php?lang=ru" "Mozilla/5.0 (Windows NT 6.3; WOW64) AppleWebKit/537.36 (KHTML, like Gecko) Chrome/48.0.2564.97 Safari/537.36" "saveaslave.com"
190.115.177.254 - - [02/Feb/2016:16:20:41 -0800] "GET /images/logo2.png HTTP/1.1" 200 18525 "http://saveaslave.com/in-russian.php?lang=ru" "Mozilla/5.0 (Windows NT 6.3; WOW64) AppleWebKit/537.36 (KHTML, like Gecko) Chrome/48.0.2564.97 Safari/537.36" "saveaslave.com"
190.115.177.254 - - [02/Feb/2016:16:20:41 -0800] "GET /images/top.jpg HTTP/1.1" 200 50519 "http://saveaslave.com/in-russian.php?lang=ru" "Mozilla/5.0 (Windows NT 6.3; WOW64) AppleWebKit/537.36 (KHTML, like Gecko) Chrome/48.0.2564.97 Safari/537.36" "saveaslave.com"
190.115.177.254 - - [02/Feb/2016:16:20:43 -0800] "GET /images/article/belarus_flag_2.jpg HTTP/1.1" 200 11768 "http://saveaslave.com/in-russian.php?lang=ru" "Mozilla/5.0 (Windows NT 6.3; WOW64) AppleWebKit/537.36 (KHTML, like Gecko) Chrome/48.0.2564.97 Safari/537.36" "saveaslave.com"
190.115.177.254 - - [02/Feb/2016:16:20:44 -0800] "GET /our-newsr.php HTTP/1.1" 200 97345 "http://saveaslave.com/in-russian.php?lang=ru" "Mozilla/5.0 (Windows NT 6.3; WOW64) AppleWebKit/537.36 (KHTML, like Gecko) Chrome/48.0.2564.97 Safari/537.36" "saveaslave.com"
190.115.177.254 - - [02/Feb/2016:16:20:48 -0800] "GET /images/social3.png HTTP/1.1" 200 4343 "http://saveaslave.com/our-newsr.php" "Mozilla/5.0 (Windows NT 6.3; WOW64) AppleWebKit/537.36 (KHTML, like Gecko) Chrome/48.0.2564.97 Safari/537.36" "saveaslave.com"
190.115.177.254 - - [02/Feb/2016:16:20:51 -0800] "GET /images/article/russian_police.jpg HTTP/1.1" 200 30950 "http://saveaslave.com/our-newsr.php" "Mozilla/5.0 (Windows NT 6.3; WOW64) AppleWebKit/537.36 (KHTML, like Gecko) Chrome/48.0.2564.97 Safari/537.36" "saveaslave.com"
208.115.113.94 - - [02/Feb/2016:16:36:06 -0800] "GET /article.php?id=6 HTTP/1.1" 200 60206 "-" "Mozilla/5.0 (compatible; DotBot/1.1; http://www.opensiteexplorer.org/dotbot, help@moz.com)" "www.saveaslave.com"
208.115.113.94 - - [02/Feb/2016:16:51:51 -0800] "GET /guinea-bissau.html HTTP/1.1" 404 89 "-" "Mozilla/5.0 (compatible; DotBot/1.1; http://www.opensiteexplorer.org/dotbot, help@moz.com)" "www.saveaslave.com"
157.55.39.63 - - [02/Feb/2016:17:17:55 -0800] "GET /jordan.html HTTP/1.1" 404 89 "-" "msnbot-media/1.1 (+http://search.msn.com/msnbot.htm)" "www.saveaslave.com"
157.55.39.10 - - [02/Feb/2016:17:20:13 -0800] "GET /oman HTTP/1.1" 404 89 "-" "msnbot-media/1.1 (+http://search.msn.com/msnbot.htm)" "www.saveaslave.com"
65.36.241.48 - - [02/Feb/2016:17:28:25 -0800] "HEAD / HTTP/1.1" 200 0 "-" "InternetSeer.com" "www.saveaslave.com"
157.55.39.66 - - [02/Feb/2016:17:36:29 -0800] "GET /moldova.html HTTP/1.1" 404 89 "-" "msnbot-media/1.1 (+http://search.msn.com/msnbot.htm)" "www.saveaslave.com"
65.36.241.48 - - [02/Feb/2016:17:37:16 -0800] "HEAD /?tpl=references&Itemid=3 HTTP/1.1" 200 0 "-" "InternetSeer.com" "www.saveaslave.com"
157.55.39.63 - - [02/Feb/2016:17:45:53 -0800] "GET /sudan.html HTTP/1.1" 404 89 "-" "msnbot-media/1.1 (+http://search.msn.com/msnbot.htm)" "www.saveaslave.com"
78.46.50.246 - - [02/Feb/2016:17:50:37 -0800] "GET /contact-us.php HTTP/1.1" 200 30437 "-" "Mozilla/5.0 (compatible; MJ12bot/v1.4.5; http://www.majestic12.co.uk/bot.php?+)" "saveaslave.com"
78.46.50.246 - - [02/Feb/2016:17:50:39 -0800] "GET /www.hijcenter.org HTTP/1.1" 404 89 "-" "Mozilla/5.0 (compatible; MJ12bot/v1.4.5; http://www.majestic12.co.uk/bot.php?+)" "saveaslave.com"
208.115.113.86 - - [02/Feb/2016:17:51:40 -0800] "GET /article.php?id=2 HTTP/1.1" 200 61024 "-" "Mozilla/5.0 (compatible; DotBot/1.1; http://www.opensiteexplorer.org/dotbot, help@moz.com)" "saveaslave.com"
157.55.39.63 - - [02/Feb/2016:17:53:29 -0800] "GET /paraguay.html HTTP/1.1" 404 89 "-" "msnbot-media/1.1 (+http://search.msn.com/msnbot.htm)" "www.saveaslave.com"
157.55.39.136 - - [02/Feb/2016:17:58:18 -0800] "GET /estonia HTTP/1.1" 404 89 "-" "msnbot-media/1.1 (+http://search.msn.com/msnbot.htm)" "www.saveaslave.com"
51.255.65.88 - - [02/Feb/2016:17:58:53 -0800] "GET /who-we-arer.php HTTP/1.1" 200 89287 "-" "Mozilla/5.0 (compatible; AhrefsBot/5.0; +http://ahrefs.com/robot/)" "saveaslave.com"
208.115.113.86 - - [02/Feb/2016:18:00:44 -0800] "GET /australia.html HTTP/1.1" 404 89 "-" "Mozilla/5.0 (compatible; DotBot/1.1; http://www.opensiteexplorer.org/dotbot, help@moz.com)" "www.saveaslave.com"
208.115.113.86 - - [02/Feb/2016:18:00:45 -0800] "GET /czech-republic.html HTTP/1.1" 404 89 "-" "Mozilla/5.0 (compatible; DotBot/1.1; http://www.opensiteexplorer.org/dotbot, help@moz.com)" "www.saveaslave.com"
192.96.206.187 - - [02/Feb/2016:18:11:01 -0800] "GET /robots.txt HTTP/1.1" 200 48 "-" "Mozilla/5.0 (compatible; MJ12bot/v1.4.5; http://www.majestic12.co.uk/bot.php?+)" "saveaslave.com"
192.96.206.187 - - [02/Feb/2016:18:11:04 -0800] "GET /in-russian.php HTTP/1.1" 200 104981 "-" "Mozilla/5.0 (compatible; MJ12bot/v1.4.5; http://www.majestic12.co.uk/bot.php?+)" "saveaslave.com"
104.156.59.63 - - [02/Feb/2016:18:13:31 -0800] "GET / HTTP/1.1" 200 83094 "http://saveaslave.com/" "Mozilla/5.0 (Windows NT 6.1; rv:32.0) Gecko/20100101 Firefox/32.0" "saveaslave.com"
157.55.39.64 - - [02/Feb/2016:18:19:43 -0800] "GET /robots.txt HTTP/1.1" 200 48 "-" "Mozilla/5.0 (compatible; bingbot/2.0; +http://www.bing.com/bingbot.htm)" "saveaslave.com"
157.55.39.63 - - [02/Feb/2016:18:24:15 -0800] "GET /south-korea.html HTTP/1.1" 404 89 "-" "msnbot-media/1.1 (+http://search.msn.com/msnbot.htm)" "www.saveaslave.com"
51.255.65.6 - - [02/Feb/2016:18:26:14 -0800] "GET /news7.php HTTP/1.1" 200 73 "-" "Mozilla/5.0 (compatible; AhrefsBot/5.0; +http://ahrefs.com/robot/)" "www.saveaslave.com"
51.255.65.21 - - [02/Feb/2016:18:27:31 -0800] "GET /www.rshm.org HTTP/1.1" 404 89 "-" "Mozilla/5.0 (compatible; AhrefsBot/5.0; +http://ahrefs.com/robot/)" "saveaslave.com"
157.55.39.130 - - [02/Feb/2016:18:29:06 -0800] "GET /hungary.html HTTP/1.1" 404 89 "-" "msnbot-media/1.1 (+http://search.msn.com/msnbot.htm)" "www.saveaslave.com"
157.55.39.64 - - [02/Feb/2016:18:32:55 -0800] "GET /lithuania HTTP/1.1" 404 89 "-" "msnbot-media/1.1 (+http://search.msn.com/msnbot.htm)" "www.saveaslave.com"
157.55.39.64 - - [02/Feb/2016:18:34:26 -0800] "GET /Blogs.html HTTP/1.1" 404 89 "-" "msnbot-media/1.1 (+http://search.msn.com/msnbot.htm)" "www.saveaslave.com"
66.249.69.89 - - [02/Feb/2016:18:35:39 -0800] "GET / HTTP/1.1" 200 83094 "-" "SAMSUNG-SGH-E250/1.0 Profile/MIDP-2.0 Configuration/CLDC-1.1 UP.Browser/6.2.3.3.c.1.101 (GUI) MMP/2.0 (compatible; Googlebot-Mobile/2.1; +http://www.google.com/bot.html)" "www.saveaslave.com"
51.255.65.96 - - [02/Feb/2016:18:44:17 -0800] "GET / HTTP/1.1" 200 83094 "-" "Mozilla/5.0 (compatible; AhrefsBot/5.0; +http://ahrefs.com/robot/)" "www.saveaslave.com"
157.55.39.64 - - [02/Feb/2016:18:54:04 -0800] "GET /zimbabwe.html HTTP/1.1" 404 89 "-" "msnbot-media/1.1 (+http://search.msn.com/msnbot.htm)" "www.saveaslave.com"
157.55.39.65 - - [02/Feb/2016:19:08:11 -0800] "GET /anguilla HTTP/1.1" 404 89 "-" "msnbot-media/1.1 (+http://search.msn.com/msnbot.htm)" "www.saveaslave.com"
157.55.39.64 - - [02/Feb/2016:19:14:35 -0800] "GET /united-arab-emirates.html HTTP/1.1" 404 89 "-" "msnbot-media/1.1 (+http://search.msn.com/msnbot.htm)" "www.saveaslave.com"
65.36.241.48 - - [02/Feb/2016:19:15:14 -0800] "HEAD / HTTP/1.1" 200 0 "-" "InternetSeer.com" "www.saveaslave.com"
61.135.189.101 - - [02/Feb/2016:19:28:11 -0800] "GET /robots.txt HTTP/1.1" 200 48 "-" "Sogou web spider/4.0(+http://www.sogou.com/docs/help/webmasters.htm#07)" "saveaslave.com"
61.135.189.101 - - [02/Feb/2016:19:28:15 -0800] "GET /site/?cat=134 HTTP/1.1" 404 89 "-" "Sogou web spider/4.0(+http://www.sogou.com/docs/help/webmasters.htm#07)" "saveaslave.com"
61.135.189.101 - - [02/Feb/2016:19:28:30 -0800] "GET /site/?cat=166 HTTP/1.1" 404 89 "-" "Sogou web spider/4.0(+http://www.sogou.com/docs/help/webmasters.htm#07)" "saveaslave.com"
100.43.91.2 - - [02/Feb/2016:19:29:09 -0800] "GET /robots.txt HTTP/1.1" 200 48 "-" "Mozilla/5.0 (compatible; YandexBot/3.0; +http://yandex.com/bots)" "saveaslave.com"
95.211.198.9 - - [02/Feb/2016:19:38:12 -0800] "GET / HTTP/1.1" 200 83094 "-" "Mozilla/5.0" "saveaslave.com"
157.55.39.136 - - [02/Feb/2016:19:43:38 -0800] "GET /poland HTTP/1.1" 404 89 "-" "msnbot-media/1.1 (+http://search.msn.com/msnbot.htm)" "www.saveaslave.com"
157.55.39.64 - - [02/Feb/2016:19:53:32 -0800] "GET /mozambique.html HTTP/1.1" 404 89 "-" "msnbot-media/1.1 (+http://search.msn.com/msnbot.htm)" "www.saveaslave.com"
157.55.39.249 - - [02/Feb/2016:20:08:25 -0800] "GET /madagascar HTTP/1.1" 404 89 "-" "msnbot-media/1.1 (+http://search.msn.com/msnbot.htm)" "www.saveaslave.com"
46.118.116.135 - - [02/Feb/2016:20:13:45 -0800] "GET / HTTP/1.1" 200 83022 "http://cmd.kz/" "Mozilla/4.0 (compatible; MSIE 5.5; Windows 98)" "www.saveaslave.com"
157.55.39.136 - - [02/Feb/2016:20:14:23 -0800] "GET /romania.html HTTP/1.1" 404 89 "-" "msnbot-media/1.1 (+http://search.msn.com/msnbot.htm)" "www.saveaslave.com"
157.55.39.65 - - [02/Feb/2016:20:14:54 -0800] "GET /bermuda HTTP/1.1" 404 89 "-" "msnbot-media/1.1 (+http://search.msn.com/msnbot.htm)" "www.saveaslave.com"
157.55.39.65 - - [02/Feb/2016:20:14:54 -0800] "GET /tajikistan HTTP/1.1" 404 89 "-" "msnbot-media/1.1 (+http://search.msn.com/msnbot.htm)" "www.saveaslave.com"
157.55.39.65 - - [02/Feb/2016:20:14:54 -0800] "GET /dominica.html HTTP/1.1" 404 89 "-" "msnbot-media/1.1 (+http://search.msn.com/msnbot.htm)" "www.saveaslave.com"
157.55.39.64 - - [02/Feb/2016:20:17:34 -0800] "GET /latvia.html HTTP/1.1" 404 89 "-" "msnbot-media/1.1 (+http://search.msn.com/msnbot.htm)" "www.saveaslave.com"
208.115.113.94 - - [02/Feb/2016:20:22:33 -0800] "GET /article.php?id=2 HTTP/1.1" 200 61024 "-" "Mozilla/5.0 (compatible; DotBot/1.1; http://www.opensiteexplorer.org/dotbot, help@moz.com)" "www.saveaslave.com"
208.115.113.94 - - [02/Feb/2016:20:24:10 -0800] "GET /saint-kitts-nevis.html HTTP/1.1" 404 89 "-" "Mozilla/5.0 (compatible; DotBot/1.1; http://www.opensiteexplorer.org/dotbot, help@moz.com)" "www.saveaslave.com"
208.115.113.94 - - [02/Feb/2016:20:25:57 -0800] "GET /robots.txt HTTP/1.1" 200 48 "-" "Mozilla/5.0 (compatible; DotBot/1.1; http://www.opensiteexplorer.org/dotbot, help@moz.com)" "saveaslave.com"
208.115.113.94 - - [02/Feb/2016:20:25:57 -0800] "GET /robots.txt HTTP/1.1" 200 48 "-" "Mozilla/5.0 (compatible; DotBot/1.1; http://www.opensiteexplorer.org/dotbot, help@moz.com)" "www.saveaslave.com"
208.115.113.94 - - [02/Feb/2016:20:27:22 -0800] "GET /articles/modernslavery.html HTTP/1.1" 404 89 "-" "Mozilla/5.0 (compatible; DotBot/1.1; http://www.opensiteexplorer.org/dotbot, help@moz.com)" "www.saveaslave.com"
65.36.241.48 - - [02/Feb/2016:20:34:59 -0800] "HEAD / HTTP/1.1" 200 0 "-" "InternetSeer.com" "www.saveaslave.com"
51.255.65.4 - - [02/Feb/2016:20:35:50 -0800] "GET /british-virgin-islands.html HTTP/1.1" 404 89 "-" "Mozilla/5.0 (compatible; AhrefsBot/5.0; +http://ahrefs.com/robot/)" "www.saveaslave.com"
180.76.15.136 - - [02/Feb/2016:20:49:16 -0800] "GET /addlink.php?page=cuba.html&lang=en HTTP/1.1" 200 12515 "-" "Mozilla/5.0 (compatible; Baiduspider/2.0; +http://www.baidu.com/search/spider.html)" "www.saveaslave.com"
157.55.39.136 - - [02/Feb/2016:20:50:00 -0800] "GET /new-caledonia.html HTTP/1.1" 404 89 "-" "msnbot-media/1.1 (+http://search.msn.com/msnbot.htm)" "www.saveaslave.com"
191.232.136.21 - - [02/Feb/2016:20:50:11 -0800] "GET /turkmenistan.html HTTP/1.1" 404 89 "-" "msnbot-media/1.1 (+http://search.msn.com/msnbot.htm)" "www.saveaslave.com"
157.55.39.64 - - [02/Feb/2016:20:52:27 -0800] "GET /serbia HTTP/1.1" 404 89 "-" "msnbot-media/1.1 (+http://search.msn.com/msnbot.htm)" "www.saveaslave.com"
66.249.69.82 - - [02/Feb/2016:21:05:04 -0800] "GET /immigration.html HTTP/1.1" 404 89 "-" "Mozilla/5.0 (compatible; Googlebot/2.1; +http://www.google.com/bot.html)" "www.saveaslave.com"
157.55.39.65 - - [02/Feb/2016:21:06:50 -0800] "GET /robots.txt HTTP/1.1" 200 48 "-" "Mozilla/5.0 (compatible; bingbot/2.0; +http://www.bing.com/bingbot.htm)" "www.saveaslave.com"
157.55.39.64 - - [02/Feb/2016:21:09:58 -0800] "GET /eritrea.html HTTP/1.1" 404 89 "-" "msnbot-media/1.1 (+http://search.msn.com/msnbot.htm)" "www.saveaslave.com"
141.8.143.218 - - [02/Feb/2016:21:20:05 -0800] "GET /images/article/article7.jpg HTTP/1.1" 200 15527 "-" "Mozilla/5.0 (compatible; YandexImages/3.0; +http://yandex.com/bots)" "saveaslave.com"
180.76.15.13 - - [02/Feb/2016:21:22:45 -0800] "GET / HTTP/1.1" 200 83094 "-" "Mozilla/5.0 (compatible; Baiduspider/2.0; +http://www.baidu.com/search/spider.html)" "www.saveaslave.com"
157.55.39.136 - - [02/Feb/2016:21:26:18 -0800] "GET /articles/slavetrafficking.html HTTP/1.1" 404 89 "-" "Mozilla/5.0 (iPhone; CPU iPhone OS 7_0 like Mac OS X) AppleWebKit/537.51.1 (KHTML, like Gecko) Version/7.0 Mobile/11A465 Safari/9537.53 (compatible; bingbot/2.0;  http://www.bing.com/bingbot.htm)" "www.saveaslave.com"
46.119.119.115 - - [02/Feb/2016:21:31:06 -0800] "GET / HTTP/1.1" 200 83022 "http://vote-up.ru/" "Mozilla/3.0 (x86 [en] Windows NT 5.1; Sun)" "www.saveaslave.com"
157.55.39.65 - - [02/Feb/2016:21:41:57 -0800] "GET /pakistan.html HTTP/1.1" 404 89 "-" "msnbot-media/1.1 (+http://search.msn.com/msnbot.htm)" "www.saveaslave.com"
157.55.39.65 - - [02/Feb/2016:21:41:57 -0800] "GET /lao HTTP/1.1" 404 89 "-" "msnbot-media/1.1 (+http://search.msn.com/msnbot.htm)" "www.saveaslave.com"
141.8.143.186 - - [02/Feb/2016:21:46:32 -0800] "GET /robots.txt HTTP/1.1" 200 48 "-" "Mozilla/5.0 (compatible; YandexBot/3.0; +http://yandex.com/bots)" "saveaslave.com"
27.55.87.202 - - [02/Feb/2016:21:50:43 -0800] "GET /images/countrymap/solomon-islands.gif HTTP/1.1" 404 89 "https://www.google.co.th/" "Mozilla/5.0 (Linux; Android 5.0; SAMSUNG SM-G900F Build/LRX21T) AppleWebKit/537.36 (KHTML, like Gecko) SamsungBrowser/2.1 Chrome/34.0.1847.76 Mobile Safari/537.36" "www.saveaslave.com"
157.55.39.136 - - [02/Feb/2016:21:53:01 -0800] "GET /greenland.html HTTP/1.1" 404 89 "-" "msnbot-media/1.1 (+http://search.msn.com/msnbot.htm)" "www.saveaslave.com"
65.36.241.48 - - [02/Feb/2016:21:54:21 -0800] "HEAD / HTTP/1.1" 200 0 "-" "InternetSeer.com" "www.saveaslave.com"
51.255.65.86 - - [02/Feb/2016:22:01:56 -0800] "GET /contact-usr.php HTTP/1.1" 200 36974 "-" "Mozilla/5.0 (compatible; AhrefsBot/5.0; +http://ahrefs.com/robot/)" "saveaslave.com"
157.55.39.64 - - [02/Feb/2016:22:02:02 -0800] "GET /ecuador.html HTTP/1.1" 404 89 "-" "msnbot-media/1.1 (+http://search.msn.com/msnbot.htm)" "www.saveaslave.com"
101.226.166.197 - - [02/Feb/2016:22:13:13 -0800] "GET / HTTP/1.1" 200 83022 "http://www.saveaslave.com/" "Mozilla/5.0 (Windows NT 6.1) AppleWebKit/537.1 (KHTML, like Gecko) Chrome/21.0.1180.89 Safari/537.1; 360Spider(compatible; HaosouSpider; http://www.haosou.com/help/help_3_2.html)" "www.saveaslave.com"
123.125.71.85 - - [02/Feb/2016:22:15:10 -0800] "GET / HTTP/1.1" 200 83094 "-" "Mozilla/5.0 (compatible; Baiduspider/2.0; +http://www.baidu.com/search/spider.html)" "www.saveaslave.com"
157.55.39.64 - - [02/Feb/2016:22:20:41 -0800] "GET /west-bank.html HTTP/1.1" 404 89 "-" "msnbot-media/1.1 (+http://search.msn.com/msnbot.htm)" "www.saveaslave.com"
40.77.167.33 - - [02/Feb/2016:22:37:33 -0800] "GET /robots.txt HTTP/1.1" 200 48 "-" "Mozilla/5.0 (compatible; bingbot/2.0; +http://www.bing.com/bingbot.htm)" "www.saveaslave.com"
40.77.167.33 - - [02/Feb/2016:22:37:41 -0800] "GET /qatar.html HTTP/1.1" 404 89 "-" "msnbot-media/1.1 (+http://search.msn.com/msnbot.htm)" "www.saveaslave.com"
208.115.113.94 - - [02/Feb/2016:22:39:06 -0800] "GET /tanzania.html HTTP/1.1" 404 89 "-" "Mozilla/5.0 (compatible; DotBot/1.1; http://www.opensiteexplorer.org/dotbot, help@moz.com)" "www.saveaslave.com"
208.115.113.94 - - [02/Feb/2016:22:39:06 -0800] "GET /philippines.html HTTP/1.1" 404 89 "-" "Mozilla/5.0 (compatible; DotBot/1.1; http://www.opensiteexplorer.org/dotbot, help@moz.com)" "www.saveaslave.com"
40.77.167.33 - - [02/Feb/2016:22:39:30 -0800] "GET /palau.html HTTP/1.1" 404 89 "-" "msnbot-media/1.1 (+http://search.msn.com/msnbot.htm)" "www.saveaslave.com"
40.77.167.33 - - [02/Feb/2016:22:41:03 -0800] "GET /mayotte HTTP/1.1" 404 89 "-" "msnbot-media/1.1 (+http://search.msn.com/msnbot.htm)" "www.saveaslave.com"
40.77.167.33 - - [02/Feb/2016:22:41:59 -0800] "GET /immigration.html HTTP/1.1" 404 89 "-" "msnbot-media/1.1 (+http://search.msn.com/msnbot.htm)" "www.saveaslave.com"
40.77.167.33 - - [02/Feb/2016:22:45:54 -0800] "GET /wallis-and-futuna.html HTTP/1.1" 404 89 "-" "msnbot-media/1.1 (+http://search.msn.com/msnbot.htm)" "www.saveaslave.com"
157.55.39.64 - - [02/Feb/2016:22:48:55 -0800] "GET /burundi.html HTTP/1.1" 404 89 "-" "msnbot-media/1.1 (+http://search.msn.com/msnbot.htm)" "www.saveaslave.com"
40.77.167.33 - - [02/Feb/2016:22:52:48 -0800] "GET /belgium HTTP/1.1" 404 89 "-" "msnbot-media/1.1 (+http://search.msn.com/msnbot.htm)" "www.saveaslave.com"
40.77.167.33 - - [02/Feb/2016:22:54:38 -0800] "GET /jamaica.html HTTP/1.1" 404 89 "-" "msnbot-media/1.1 (+http://search.msn.com/msnbot.htm)" "www.saveaslave.com"
40.77.167.33 - - [02/Feb/2016:23:01:01 -0800] "GET /robots.txt HTTP/1.1" 200 48 "-" "Mozilla/5.0 (compatible; bingbot/2.0; +http://www.bing.com/bingbot.htm)" "www.saveaslave.com"
199.16.156.125 - - [02/Feb/2016:23:04:52 -0800] "GET /robots.txt HTTP/1.1" 200 48 "-" "Twitterbot/1.0" "saveaslave.com"
199.16.156.125 - - [02/Feb/2016:23:04:54 -0800] "GET / HTTP/1.1" 200 83094 "-" "Twitterbot/1.0" "saveaslave.com"
40.77.167.33 - - [02/Feb/2016:23:06:11 -0800] "GET /jamaica HTTP/1.1" 404 89 "-" "msnbot-media/1.1 (+http://search.msn.com/msnbot.htm)" "www.saveaslave.com"
208.115.113.94 - - [02/Feb/2016:23:12:52 -0800] "GET /robots.txt HTTP/1.1" 200 48 "-" "Mozilla/5.0 (compatible; DotBot/1.1; http://www.opensiteexplorer.org/dotbot, help@moz.com)" "www.saveaslave.com"
182.118.25.213 - - [02/Feb/2016:23:13:11 -0800] "GET /robots.txt HTTP/1.1" 200 48 "http://www.saveaslave.com/robots.txt" "Mozilla/5.0 (compatible; MSIE 9.0; Windows NT 6.1; Trident/5.0); 360Spider(compatible; HaosouSpider; http://www.haosou.com/help/help_3_2.html)" "www.saveaslave.com"
157.55.39.64 - - [02/Feb/2016:23:24:55 -0800] "GET /sthelena HTTP/1.1" 404 89 "-" "msnbot-media/1.1 (+http://search.msn.com/msnbot.htm)" "www.saveaslave.com"
157.55.39.64 - - [02/Feb/2016:23:27:44 -0800] "GET /bolivia HTTP/1.1" 404 89 "-" "msnbot-media/1.1 (+http://search.msn.com/msnbot.htm)" "www.saveaslave.com"
157.55.39.70 - - [02/Feb/2016:23:28:18 -0800] "GET /kenya.html HTTP/1.1" 404 89 "-" "msnbot-media/1.1 (+http://search.msn.com/msnbot.htm)" "www.saveaslave.com"
157.55.39.70 - - [02/Feb/2016:23:28:18 -0800] "GET /samoa.html HTTP/1.1" 404 89 "-" "msnbot-media/1.1 (+http://search.msn.com/msnbot.htm)" "www.saveaslave.com"
157.55.39.136 - - [02/Feb/2016:23:44:08 -0800] "GET /marshall-islands.html HTTP/1.1" 404 89 "-" "msnbot-media/1.1 (+http://search.msn.com/msnbot.htm)" "www.saveaslave.com"
157.55.39.136 - - [02/Feb/2016:23:46:11 -0800] "GET /belgium.html HTTP/1.1" 404 89 "-" "msnbot-media/1.1 (+http://search.msn.com/msnbot.htm)" "www.saveaslave.com"
191.232.136.21 - - [02/Feb/2016:23:52:00 -0800] "GET /san-marino.html HTTP/1.1" 404 89 "-" "msnbot-media/1.1 (+http://search.msn.com/msnbot.htm)" "www.saveaslave.com"
116.105.217.97 - - [02/Feb/2016:23:54:43 -0800] "GET /administrator/index.php HTTP/1.1" 404 89 "-" "Chilkat/1.0.0 (+http://www.chilkatsoft.com/ChilkatHttpUA.asp)" "saveaslave.com"
100.43.91.2 - - [03/Feb/2016:00:07:47 -0800] "GET /article.php?id=9 HTTP/1.1" 200 113049 "-" "Mozilla/5.0 (compatible; YandexBot/3.0; +http://yandex.com/bots)" "saveaslave.com"
157.55.39.79 - - [03/Feb/2016:00:15:26 -0800] "GET /lesotho HTTP/1.1" 404 89 "-" "Mozilla/5.0 (compatible; bingbot/2.0; +http://www.bing.com/bingbot.htm)" "saveaslave.com"
157.55.39.70 - - [03/Feb/2016:00:27:55 -0800] "GET /poland.html HTTP/1.1" 404 89 "-" "msnbot-media/1.1 (+http://search.msn.com/msnbot.htm)" "www.saveaslave.com"
54.243.48.119 - - [03/Feb/2016:00:33:06 -0800] "GET /coalition-members-cast.php HTTP/1.1" 200 47141 "-" "Mozilla/5.0 (Windows; U; Windows NT 5.1; en-US; rv:1.9.2.8) Gecko/20100722 Firefox/3.6.8" "saveaslave.com"
157.55.39.136 - - [03/Feb/2016:00:33:50 -0800] "GET /trinidad-tobago.html HTTP/1.1" 404 89 "-" "msnbot-media/1.1 (+http://search.msn.com/msnbot.htm)" "www.saveaslave.com"
208.115.113.94 - - [03/Feb/2016:00:35:15 -0800] "GET /our-news.php HTTP/1.1" 200 72557 "-" "Mozilla/5.0 (compatible; DotBot/1.1; http://www.opensiteexplorer.org/dotbot, help@moz.com)" "www.saveaslave.com"
208.115.113.86 - - [03/Feb/2016:00:43:12 -0800] "GET /robots.txt HTTP/1.1" 200 48 "-" "Mozilla/5.0 (compatible; DotBot/1.1; http://www.opensiteexplorer.org/dotbot, help@moz.com)" "saveaslave.com"
157.55.39.136 - - [03/Feb/2016:01:01:56 -0800] "GET /news5.php HTTP/1.1" 200 73 "-" "Mozilla/5.0 (compatible; bingbot/2.0; +http://www.bing.com/bingbot.htm)" "saveaslave.com"
157.55.39.64 - - [03/Feb/2016:01:07:20 -0800] "GET /russia.html HTTP/1.1" 404 89 "-" "msnbot-media/1.1 (+http://search.msn.com/msnbot.htm)" "www.saveaslave.com"
157.55.39.136 - - [03/Feb/2016:01:20:25 -0800] "GET /haiti.html HTTP/1.1" 404 89 "-" "msnbot-media/1.1 (+http://search.msn.com/msnbot.htm)" "www.saveaslave.com"
157.55.39.136 - - [03/Feb/2016:01:52:28 -0800] "GET /timor HTTP/1.1" 404 89 "-" "msnbot-media/1.1 (+http://search.msn.com/msnbot.htm)" "www.saveaslave.com"
65.36.241.48 - - [03/Feb/2016:01:54:23 -0800] "HEAD / HTTP/1.1" 200 0 "-" "InternetSeer.com" "www.saveaslave.com"
157.55.39.64 - - [03/Feb/2016:01:58:29 -0800] "GET /croatia.html HTTP/1.1" 404 89 "-" "msnbot-media/1.1 (+http://search.msn.com/msnbot.htm)" "www.saveaslave.com"
208.115.113.86 - - [03/Feb/2016:01:58:38 -0800] "GET /article.php?id=10 HTTP/1.1" 200 62111 "-" "Mozilla/5.0 (compatible; DotBot/1.1; http://www.opensiteexplorer.org/dotbot, help@moz.com)" "saveaslave.com"
141.8.143.182 - - [03/Feb/2016:01:58:59 -0800] "GET /images/article/russian_police.jpg HTTP/1.1" 200 30950 "-" "Mozilla/5.0 (compatible; YandexImages/3.0; +http://yandex.com/bots)" "saveaslave.com"
208.115.113.94 - - [03/Feb/2016:02:02:25 -0800] "GET /democratic-republic-of-congo.html HTTP/1.1" 404 89 "-" "Mozilla/5.0 (compatible; DotBot/1.1; http://www.opensiteexplorer.org/dotbot, help@moz.com)" "saveaslave.com"
123.125.71.30 - - [03/Feb/2016:02:05:05 -0800] "GET /tonga.html HTTP/1.1" 404 89 "-" "Mozilla/5.0 (compatible; Baiduspider/2.0; +http://www.baidu.com/search/spider.html)" "www.saveaslave.com"
157.55.39.64 - - [03/Feb/2016:02:06:41 -0800] "GET /sri-lanka.html HTTP/1.1" 404 89 "-" "msnbot-media/1.1 (+http://search.msn.com/msnbot.htm)" "www.saveaslave.com"
157.55.39.64 - - [03/Feb/2016:02:06:42 -0800] "GET /guam HTTP/1.1" 404 89 "-" "msnbot-media/1.1 (+http://search.msn.com/msnbot.htm)" "www.saveaslave.com"
157.55.39.136 - - [03/Feb/2016:02:27:26 -0800] "GET /malaysia.html HTTP/1.1" 404 89 "-" "msnbot-media/1.1 (+http://search.msn.com/msnbot.htm)" "www.saveaslave.com"
112.65.193.15 - - [03/Feb/2016:02:28:45 -0800] "GET / HTTP/1.1" 200 83094 "-" "Mozilla/5.0 (Linux; U; Android 4.4.2; zh-cn; GT-I9500 Build/KOT49H) AppleWebKit/537.36 (KHTML, like Gecko)Version/4.0 MQQBrowser/5.0 QQ-URL-Manager Mobile Safari/537.36" "saveaslave.com"
180.76.15.163 - - [03/Feb/2016:02:29:22 -0800] "GET /article.php?id=26 HTTP/1.1" 200 56129 "-" "Mozilla/5.0 (compatible; Baiduspider/2.0; +http://www.baidu.com/search/spider.html)" "www.saveaslave.com"
46.118.116.135 - - [03/Feb/2016:02:36:39 -0800] "GET / HTTP/1.1" 200 83022 "http://rostov.xrus.org/" "Mozilla/4.0 (compatible; MSIE 5.5; Windows NT 4.0)" "www.saveaslave.com"
46.118.116.135 - - [03/Feb/2016:02:36:39 -0800] "GET / HTTP/1.1" 200 83022 "http://rostov.xrus.org/" "Mozilla/4.0 (compatible; MSIE 5.5; Windows NT 4.0)" "www.saveaslave.com"
46.118.116.135 - - [03/Feb/2016:02:36:39 -0800] "GET / HTTP/1.1" 200 83022 "http://memovn.com/" "Mozilla/4.0 (compatible; MSIE 5.5; Windows NT 5.0; T312461)" "www.saveaslave.com"
45.32.128.51 - - [03/Feb/2016:02:36:56 -0800] "GET / HTTP/1.1" 200 83094 "-" "Mozilla/5.0 (Windows NT 6.1; WOW64) AppleWebKit/537.36 (KHTML, like Gecko) Chrome/40.0.2214.115 Safari/537.36" "saveaslave.com"
191.232.136.21 - - [03/Feb/2016:02:51:33 -0800] "GET /cyprus.html HTTP/1.1" 404 89 "-" "msnbot-media/1.1 (+http://search.msn.com/msnbot.htm)" "www.saveaslave.com"
191.232.136.21 - - [03/Feb/2016:02:51:35 -0800] "GET /guam.html HTTP/1.1" 404 89 "-" "msnbot-media/1.1 (+http://search.msn.com/msnbot.htm)" "www.saveaslave.com"
191.232.136.21 - - [03/Feb/2016:02:51:35 -0800] "GET /czech-republic.html HTTP/1.1" 404 89 "-" "msnbot-media/1.1 (+http://search.msn.com/msnbot.htm)" "www.saveaslave.com"
191.232.136.21 - - [03/Feb/2016:02:51:35 -0800] "GET /slovenia HTTP/1.1" 404 89 "-" "msnbot-media/1.1 (+http://search.msn.com/msnbot.htm)" "www.saveaslave.com"
191.232.136.21 - - [03/Feb/2016:02:53:12 -0800] "GET /sao-tome-principe.html HTTP/1.1" 404 89 "-" "msnbot-media/1.1 (+http://search.msn.com/msnbot.htm)" "www.saveaslave.com"
208.115.113.94 - - [03/Feb/2016:02:53:22 -0800] "GET /robots.txt HTTP/1.1" 200 48 "-" "Mozilla/5.0 (compatible; DotBot/1.1; http://www.opensiteexplorer.org/dotbot, help@moz.com)" "www.saveaslave.com"
208.115.113.94 - - [03/Feb/2016:02:53:22 -0800] "GET /robots.txt HTTP/1.1" 200 48 "-" "Mozilla/5.0 (compatible; DotBot/1.1; http://www.opensiteexplorer.org/dotbot, help@moz.com)" "saveaslave.com"
157.55.39.136 - - [03/Feb/2016:03:04:33 -0800] "GET /seychelles HTTP/1.1" 404 89 "-" "msnbot-media/1.1 (+http://search.msn.com/msnbot.htm)" "www.saveaslave.com"
54.197.224.163 - - [03/Feb/2016:03:11:02 -0800] "GET / HTTP/1.1" 200 83094 "http://saveaslave.com/" "Mozilla/5.0 (Windows NT 6.1; WOW64; rv:23.0) Gecko/20100101 Firefox/23.0" "saveaslave.com"
157.55.39.79 - - [03/Feb/2016:03:13:20 -0800] "GET /norway.html HTTP/1.1" 404 89 "-" "msnbot-media/1.1 (+http://search.msn.com/msnbot.htm)" "www.saveaslave.com"
185.107.24.184 - - [03/Feb/2016:03:13:47 -0800] "GET / HTTP/1.1" 200 83094 "-" "Mozilla/5.0 (Windows NT 6.1) AppleWebKit/537.36 (KHTML, like Gecko) Chrome/41.0.2228.0 Safari/537.36" "saveaslave.com"
104.144.125.99 - - [03/Feb/2016:03:13:51 -0800] "GET / HTTP/1.1" 200 83094 "-" "Mozilla/5.0 (Windows NT 6.1) AppleWebKit/537.36 (KHTML, like Gecko) Chrome/41.0.2228.0 Safari/537.36" "saveaslave.com"
5.9.70.195 - - [03/Feb/2016:03:13:55 -0800] "GET / HTTP/1.1" 200 83094 "-" "Mozilla/5.0 (Windows NT 6.1) AppleWebKit/537.36 (KHTML, like Gecko) Chrome/41.0.2228.0 Safari/537.36" "saveaslave.com"
54.243.48.119 - - [03/Feb/2016:03:18:27 -0800] "GET /article.php?id=17 HTTP/1.1" 200 57866 "-" "Mozilla/5.0 (Windows; U; Windows NT 5.1; en-US; rv:1.9.2.8) Gecko/20100722 Firefox/3.6.8" "saveaslave.com"
141.8.143.182 - - [03/Feb/2016:03:28:10 -0800] "GET /article.php?id=8 HTTP/1.1" 200 67405 "-" "Mozilla/5.0 (compatible; YandexBot/3.0; +http://yandex.com/bots)" "saveaslave.com"
65.36.241.48 - - [03/Feb/2016:03:28:53 -0800] "HEAD / HTTP/1.1" 200 0 "-" "InternetSeer.com" "www.saveaslave.com"
157.55.39.64 - - [03/Feb/2016:03:50:18 -0800] "GET /lebanon HTTP/1.1" 404 89 "-" "msnbot-media/1.1 (+http://search.msn.com/msnbot.htm)" "www.saveaslave.com"
208.115.113.94 - - [03/Feb/2016:04:15:47 -0800] "GET /norway.html HTTP/1.1" 404 89 "-" "Mozilla/5.0 (compatible; DotBot/1.1; http://www.opensiteexplorer.org/dotbot, help@moz.com)" "saveaslave.com"
157.55.39.136 - - [03/Feb/2016:04:36:18 -0800] "GET /barbados.html HTTP/1.1" 404 89 "-" "msnbot-media/1.1 (+http://search.msn.com/msnbot.htm)" "saveaslave.com"
157.55.39.64 - - [03/Feb/2016:04:46:25 -0800] "GET /robots.txt HTTP/1.1" 200 48 "-" "Mozilla/5.0 (compatible; bingbot/2.0; +http://www.bing.com/bingbot.htm)" "www.saveaslave.com"
157.55.39.64 - - [03/Feb/2016:04:47:10 -0800] "GET /british-virgin-islands.html HTTP/1.1" 404 89 "-" "msnbot-media/1.1 (+http://search.msn.com/msnbot.htm)" "www.saveaslave.com"
141.8.143.159 - - [03/Feb/2016:04:57:41 -0800] "GET /photos/article5.jpg HTTP/1.1" 404 89 "-" "Mozilla/5.0 (compatible; YandexImages/3.0; +http://yandex.com/bots)" "saveaslave.com"
157.55.39.64 - - [03/Feb/2016:05:07:31 -0800] "GET /bahamas.html HTTP/1.1" 404 89 "-" "msnbot-media/1.1 (+http://search.msn.com/msnbot.htm)" "www.saveaslave.com"
157.55.39.64 - - [03/Feb/2016:05:44:53 -0800] "GET /thailand HTTP/1.1" 404 89 "-" "msnbot-media/1.1 (+http://search.msn.com/msnbot.htm)" "www.saveaslave.com"
180.76.15.24 - - [03/Feb/2016:05:47:43 -0800] "GET /country.php?name=India&lang=en HTTP/1.1" 200 69840 "-" "Mozilla/5.0 (compatible; Baiduspider/2.0; +http://www.baidu.com/search/spider.html)" "www.saveaslave.com"
157.55.39.64 - - [03/Feb/2016:05:55:43 -0800] "GET /guatemala HTTP/1.1" 404 89 "-" "msnbot-media/1.1 (+http://search.msn.com/msnbot.htm)" "www.saveaslave.com"
208.115.113.94 - - [03/Feb/2016:05:57:09 -0800] "GET /vietnam.html HTTP/1.1" 404 89 "-" "Mozilla/5.0 (compatible; DotBot/1.1; http://www.opensiteexplorer.org/dotbot, help@moz.com)" "saveaslave.com"
141.8.143.163 - - [03/Feb/2016:06:04:39 -0800] "GET /article.php?id=10 HTTP/1.1" 200 62111 "-" "Mozilla/5.0 (compatible; YandexBot/3.0; +http://yandex.com/bots)" "saveaslave.com"
152.26.209.32 - - [03/Feb/2016:06:09:12 -0800] "GET /css/bootstrap.min.css HTTP/1.1" 200 123578 "http://www.saveaslave.com/" "Mozilla/5.0 (Macintosh; Intel Mac OS X 10_10_3) AppleWebKit/537.36 (KHTML, like Gecko) Chrome/46.0.2490.86 Safari/537.36" "www.saveaslave.com"
152.26.209.32 - - [03/Feb/2016:06:09:12 -0800] "GET /gajaxscroller.js HTTP/1.1" 200 9774 "http://www.saveaslave.com/" "Mozilla/5.0 (Macintosh; Intel Mac OS X 10_10_3) AppleWebKit/537.36 (KHTML, like Gecko) Chrome/46.0.2490.86 Safari/537.36" "www.saveaslave.com"
152.26.209.32 - - [03/Feb/2016:06:09:12 -0800] "GET /images/logo2.png HTTP/1.1" 200 18525 "http://www.saveaslave.com/" "Mozilla/5.0 (Macintosh; Intel Mac OS X 10_10_3) AppleWebKit/537.36 (KHTML, like Gecko) Chrome/46.0.2490.86 Safari/537.36" "www.saveaslave.com"
152.26.209.32 - - [03/Feb/2016:06:09:12 -0800] "GET /images/cover1.jpg HTTP/1.1" 200 253658 "http://www.saveaslave.com/" "Mozilla/5.0 (Macintosh; Intel Mac OS X 10_10_3) AppleWebKit/537.36 (KHTML, like Gecko) Chrome/46.0.2490.86 Safari/537.36" "www.saveaslave.com"
152.26.209.32 - - [03/Feb/2016:06:09:13 -0800] "GET /images/article/suspects.jpg HTTP/1.1" 200 58796 "http://www.saveaslave.com/" "Mozilla/5.0 (Macintosh; Intel Mac OS X 10_10_3) AppleWebKit/537.36 (KHTML, like Gecko) Chrome/46.0.2490.86 Safari/537.36" "www.saveaslave.com"
152.26.209.32 - - [03/Feb/2016:06:09:13 -0800] "GET /images/social1.png HTTP/1.1" 200 2012 "http://www.saveaslave.com/" "Mozilla/5.0 (Macintosh; Intel Mac OS X 10_10_3) AppleWebKit/537.36 (KHTML, like Gecko) Chrome/46.0.2490.86 Safari/537.36" "www.saveaslave.com"
152.26.209.32 - - [03/Feb/2016:06:09:13 -0800] "GET /images/social2.png HTTP/1.1" 200 1752 "http://www.saveaslave.com/" "Mozilla/5.0 (Macintosh; Intel Mac OS X 10_10_3) AppleWebKit/537.36 (KHTML, like Gecko) Chrome/46.0.2490.86 Safari/537.36" "www.saveaslave.com"
152.26.209.32 - - [03/Feb/2016:06:09:13 -0800] "GET /assets/js/ie10-viewport-bug-workaround.js HTTP/1.1" 200 641 "http://www.saveaslave.com/" "Mozilla/5.0 (Macintosh; Intel Mac OS X 10_10_3) AppleWebKit/537.36 (KHTML, like Gecko) Chrome/46.0.2490.86 Safari/537.36" "www.saveaslave.com"
152.26.209.32 - - [03/Feb/2016:06:09:23 -0800] "GET /assets/js/ie-emulation-modes-warning.js HTTP/1.1" 200 2130 "http://www.saveaslave.com/" "Mozilla/5.0 (Macintosh; Intel Mac OS X 10_10_3) AppleWebKit/537.36 (KHTML, like Gecko) Chrome/46.0.2490.86 Safari/537.36" "www.saveaslave.com"
152.26.209.32 - - [03/Feb/2016:06:09:23 -0800] "GET /images/top.jpg HTTP/1.1" 200 50519 "http://www.saveaslave.com/" "Mozilla/5.0 (Macintosh; Intel Mac OS X 10_10_3) AppleWebKit/537.36 (KHTML, like Gecko) Chrome/46.0.2490.86 Safari/537.36" "www.saveaslave.com"
152.26.209.32 - - [03/Feb/2016:06:09:24 -0800] "GET /indicator.gif HTTP/1.1" 200 878 "http://www.saveaslave.com/" "Mozilla/5.0 (Macintosh; Intel Mac OS X 10_10_3) AppleWebKit/537.36 (KHTML, like Gecko) Chrome/46.0.2490.86 Safari/537.36" "www.saveaslave.com"
152.26.209.32 - - [03/Feb/2016:06:09:24 -0800] "GET /css/down-arrow.png HTTP/1.1" 404 89 "http://www.saveaslave.com/css/elements.css" "Mozilla/5.0 (Macintosh; Intel Mac OS X 10_10_3) AppleWebKit/537.36 (KHTML, like Gecko) Chrome/46.0.2490.86 Safari/537.36" "www.saveaslave.com"
152.26.209.32 - - [03/Feb/2016:06:09:26 -0800] "GET /ico/favicon-32x32.png HTTP/1.1" 200 1892 "http://www.saveaslave.com/" "Mozilla/5.0 (Macintosh; Intel Mac OS X 10_10_3) AppleWebKit/537.36 (KHTML, like Gecko) Chrome/46.0.2490.86 Safari/537.36" "www.saveaslave.com"
152.26.209.32 - - [03/Feb/2016:06:09:26 -0800] "GET /ico/android-icon-192x192.png HTTP/1.1" 200 10097 "http://www.saveaslave.com/" "Mozilla/5.0 (Macintosh; Intel Mac OS X 10_10_3) AppleWebKit/537.36 (KHTML, like Gecko) Chrome/46.0.2490.86 Safari/537.36" "www.saveaslave.com"
144.76.61.21 - - [03/Feb/2016:06:17:03 -0800] "GET /robots.txt HTTP/1.1" 200 48 "-" "Mozilla/5.0 (compatible; MJ12bot/v1.4.5; http://www.majestic12.co.uk/bot.php?+)" "saveaslave.com"
157.55.39.64 - - [03/Feb/2016:06:20:32 -0800] "GET /saint-martin.html HTTP/1.1" 404 89 "-" "msnbot-media/1.1 (+http://search.msn.com/msnbot.htm)" "www.saveaslave.com"
88.227.108.234 - - [03/Feb/2016:06:25:47 -0800] "GET /images/countrymap/solomon-islands.gif HTTP/1.1" 404 89 "https://www.google.com.tr/" "Mozilla/5.0 (Windows NT 6.1) AppleWebKit/537.36 (KHTML, like Gecko) Chrome/48.0.2564.97 Safari/537.36" "www.saveaslave.com"
208.115.113.94 - - [03/Feb/2016:06:26:30 -0800] "GET /mauritius.html HTTP/1.1" 404 89 "-" "Mozilla/5.0 (compatible; DotBot/1.1; http://www.opensiteexplorer.org/dotbot, help@moz.com)" "www.saveaslave.com"
54.243.48.119 - - [03/Feb/2016:06:31:27 -0800] "GET /news7.php HTTP/1.1" 200 73 "-" "Mozilla/5.0 (Windows; U; Windows NT 5.1; en-US; rv:1.9.2.8) Gecko/20100722 Firefox/3.6.8" "saveaslave.com"
157.55.39.128 - - [03/Feb/2016:06:40:01 -0800] "GET /qatar HTTP/1.1" 404 89 "-" "msnbot-media/1.1 (+http://search.msn.com/msnbot.htm)" "www.saveaslave.com"
213.113.253.15 - - [03/Feb/2016:06:44:11 -0800] "GET /images/countrymap/solomon-islands.gif HTTP/1.1" 404 89 "https://www.google.se/" "Mozilla/5.0 (iPad; CPU OS 8_4 like Mac OS X) AppleWebKit/600.1.4 (KHTML, like Gecko) Version/8.0 Mobile/12H143 Safari/600.1.4" "www.saveaslave.com"
208.115.113.94 - - [03/Feb/2016:06:45:45 -0800] "GET /robots.txt HTTP/1.1" 200 48 "-" "Mozilla/5.0 (compatible; DotBot/1.1; http://www.opensiteexplorer.org/dotbot, help@moz.com)" "www.saveaslave.com"
208.115.113.94 - - [03/Feb/2016:06:45:45 -0800] "GET /robots.txt HTTP/1.1" 200 48 "-" "Mozilla/5.0 (compatible; DotBot/1.1; http://www.opensiteexplorer.org/dotbot, help@moz.com)" "saveaslave.com"
66.249.69.73 - - [03/Feb/2016:07:05:57 -0800] "GET /news4.php HTTP/1.1" 200 73 "-" "Mozilla/5.0 (compatible; Googlebot/2.1; +http://www.google.com/bot.html)" "www.saveaslave.com"
54.243.48.119 - - [03/Feb/2016:07:08:18 -0800] "GET /article.php?id=22 HTTP/1.1" 200 59273 "-" "Mozilla/5.0 (Windows; U; Windows NT 5.1; en-US; rv:1.9.2.8) Gecko/20100722 Firefox/3.6.8" "saveaslave.com"
141.8.143.182 - - [03/Feb/2016:07:11:18 -0800] "GET /article.php?id=11 HTTP/1.1" 200 80312 "-" "Mozilla/5.0 (compatible; YandexBot/3.0; +http://yandex.com/bots)" "saveaslave.com"
144.76.29.162 - - [03/Feb/2016:07:11:58 -0800] "GET /news3.php HTTP/1.1" 200 73 "-" "Mozilla/5.0 (compatible; MJ12bot/v1.4.5; http://www.majestic12.co.uk/bot.php?+)" "saveaslave.com"
144.76.29.162 - - [03/Feb/2016:07:12:03 -0800] "GET /news6.php HTTP/1.1" 200 73 "-" "Mozilla/5.0 (compatible; MJ12bot/v1.4.5; http://www.majestic12.co.uk/bot.php?+)" "saveaslave.com"
144.76.29.162 - - [03/Feb/2016:07:12:07 -0800] "GET /articles/slavetrafficking.html HTTP/1.1" 404 89 "-" "Mozilla/5.0 (compatible; MJ12bot/v1.4.5; http://www.majestic12.co.uk/bot.php?+)" "www.saveaslave.com"
144.76.29.162 - - [03/Feb/2016:07:12:10 -0800] "GET /coalition-members-cast.php HTTP/1.1" 200 47141 "-" "Mozilla/5.0 (compatible; MJ12bot/v1.4.5; http://www.majestic12.co.uk/bot.php?+)" "www.saveaslave.com"
144.76.29.162 - - [03/Feb/2016:07:12:13 -0800] "GET /news1.php HTTP/1.1" 200 73 "-" "Mozilla/5.0 (compatible; MJ12bot/v1.4.5; http://www.majestic12.co.uk/bot.php?+)" "www.saveaslave.com"
144.76.29.162 - - [03/Feb/2016:07:12:15 -0800] "GET /news2.php HTTP/1.1" 200 73 "-" "Mozilla/5.0 (compatible; MJ12bot/v1.4.5; http://www.majestic12.co.uk/bot.php?+)" "www.saveaslave.com"
157.55.39.79 - - [03/Feb/2016:07:17:03 -0800] "GET /angola HTTP/1.1" 404 89 "-" "msnbot-media/1.1 (+http://search.msn.com/msnbot.htm)" "www.saveaslave.com"
46.73.185.191 - - [03/Feb/2016:07:20:47 -0800] "GET /images/cover1.jpg HTTP/1.1" 200 253658 "-" "Mozilla/5.0 (Linux; Android 4.4.2; MegaFon Login 3 Build/KOT49H) AppleWebKit/537.36 (KHTML, like Gecko) Version/4.0 Chrome/30.0.0.0 Mobile Safari/537.36 GSA/5.7.14.19.arm" "saveaslave.com"
46.73.185.191 - - [03/Feb/2016:07:22:59 -0800] "GET /images/top.jpg HTTP/1.1" 200 50519 "-" "Mozilla/5.0 (Linux; Android 4.4.2; MegaFon Login 3 Build/KOT49H) AppleWebKit/537.36 (KHTML, like Gecko) Version/4.0 Chrome/30.0.0.0 Mobile Safari/537.36 GSA/5.7.14.19.arm" "saveaslave.com"
92.59.145.236 - - [03/Feb/2016:07:23:08 -0800] "GET /gfeedfetcher.js HTTP/1.1" 200 9018 "http://saveaslave.com/" "Mozilla/5.0 (Macintosh; Intel Mac OS X 10_10_5) AppleWebKit/601.4.4 (KHTML, like Gecko) Version/9.0.3 Safari/601.4.4" "saveaslave.com"
92.59.145.236 - - [03/Feb/2016:07:23:08 -0800] "GET /css/elements.css HTTP/1.1" 200 17857 "http://saveaslave.com/" "Mozilla/5.0 (Macintosh; Intel Mac OS X 10_10_5) AppleWebKit/601.4.4 (KHTML, like Gecko) Version/9.0.3 Safari/601.4.4" "saveaslave.com"
92.59.145.236 - - [03/Feb/2016:07:23:08 -0800] "GET /css/style.css HTTP/1.1" 200 7938 "http://saveaslave.com/" "Mozilla/5.0 (Macintosh; Intel Mac OS X 10_10_5) AppleWebKit/601.4.4 (KHTML, like Gecko) Version/9.0.3 Safari/601.4.4" "saveaslave.com"
92.59.145.236 - - [03/Feb/2016:07:23:08 -0800] "GET /assets/js/ie-emulation-modes-warning.js HTTP/1.1" 200 2130 "http://saveaslave.com/" "Mozilla/5.0 (Macintosh; Intel Mac OS X 10_10_5) AppleWebKit/601.4.4 (KHTML, like Gecko) Version/9.0.3 Safari/601.4.4" "saveaslave.com"
92.59.145.236 - - [03/Feb/2016:07:23:08 -0800] "GET /css/bootstrap.min.css HTTP/1.1" 200 123578 "http://saveaslave.com/" "Mozilla/5.0 (Macintosh; Intel Mac OS X 10_10_5) AppleWebKit/601.4.4 (KHTML, like Gecko) Version/9.0.3 Safari/601.4.4" "saveaslave.com"
92.59.145.236 - - [03/Feb/2016:07:23:08 -0800] "GET /css/style-pages.css HTTP/1.1" 200 9894 "http://saveaslave.com/" "Mozilla/5.0 (Macintosh; Intel Mac OS X 10_10_5) AppleWebKit/601.4.4 (KHTML, like Gecko) Version/9.0.3 Safari/601.4.4" "saveaslave.com"
92.59.145.236 - - [03/Feb/2016:07:23:08 -0800] "GET /gajaxscroller.js HTTP/1.1" 200 9774 "http://saveaslave.com/" "Mozilla/5.0 (Macintosh; Intel Mac OS X 10_10_5) AppleWebKit/601.4.4 (KHTML, like Gecko) Version/9.0.3 Safari/601.4.4" "saveaslave.com"
92.59.145.236 - - [03/Feb/2016:07:23:08 -0800] "GET /js/bootstrap.min.js HTTP/1.1" 200 37055 "http://saveaslave.com/" "Mozilla/5.0 (Macintosh; Intel Mac OS X 10_10_5) AppleWebKit/601.4.4 (KHTML, like Gecko) Version/9.0.3 Safari/601.4.4" "saveaslave.com"
92.59.145.236 - - [03/Feb/2016:07:23:08 -0800] "GET /assets/js/ie10-viewport-bug-workaround.js HTTP/1.1" 200 641 "http://saveaslave.com/" "Mozilla/5.0 (Macintosh; Intel Mac OS X 10_10_5) AppleWebKit/601.4.4 (KHTML, like Gecko) Version/9.0.3 Safari/601.4.4" "saveaslave.com"
92.59.145.236 - - [03/Feb/2016:07:23:09 -0800] "GET /images/logo2.png HTTP/1.1" 200 18525 "http://saveaslave.com/" "Mozilla/5.0 (Macintosh; Intel Mac OS X 10_10_5) AppleWebKit/601.4.4 (KHTML, like Gecko) Version/9.0.3 Safari/601.4.4" "saveaslave.com"
92.59.145.236 - - [03/Feb/2016:07:23:09 -0800] "GET /images/article/Cast-Logo-Print.png HTTP/1.1" 200 21398 "http://saveaslave.com/" "Mozilla/5.0 (Macintosh; Intel Mac OS X 10_10_5) AppleWebKit/601.4.4 (KHTML, like Gecko) Version/9.0.3 Safari/601.4.4" "saveaslave.com"
92.59.145.236 - - [03/Feb/2016:07:23:09 -0800] "GET /images/article/suspects.jpg HTTP/1.1" 200 58796 "http://saveaslave.com/" "Mozilla/5.0 (Macintosh; Intel Mac OS X 10_10_5) AppleWebKit/601.4.4 (KHTML, like Gecko) Version/9.0.3 Safari/601.4.4" "saveaslave.com"
92.59.145.236 - - [03/Feb/2016:07:23:09 -0800] "GET /images/article/2239.jpg HTTP/1.1" 200 89745 "http://saveaslave.com/" "Mozilla/5.0 (Macintosh; Intel Mac OS X 10_10_5) AppleWebKit/601.4.4 (KHTML, like Gecko) Version/9.0.3 Safari/601.4.4" "saveaslave.com"
92.59.145.236 - - [03/Feb/2016:07:23:09 -0800] "GET /images/article/article8a.jpg HTTP/1.1" 200 11299 "http://saveaslave.com/" "Mozilla/5.0 (Macintosh; Intel Mac OS X 10_10_5) AppleWebKit/601.4.4 (KHTML, like Gecko) Version/9.0.3 Safari/601.4.4" "saveaslave.com"
92.59.145.236 - - [03/Feb/2016:07:23:09 -0800] "GET /images/social1.png HTTP/1.1" 200 2012 "http://saveaslave.com/" "Mozilla/5.0 (Macintosh; Intel Mac OS X 10_10_5) AppleWebKit/601.4.4 (KHTML, like Gecko) Version/9.0.3 Safari/601.4.4" "saveaslave.com"
92.59.145.236 - - [03/Feb/2016:07:23:09 -0800] "GET /images/select-arrow.png HTTP/1.1" 200 1118 "http://saveaslave.com/" "Mozilla/5.0 (Macintosh; Intel Mac OS X 10_10_5) AppleWebKit/601.4.4 (KHTML, like Gecko) Version/9.0.3 Safari/601.4.4" "saveaslave.com"
92.59.145.236 - - [03/Feb/2016:07:23:09 -0800] "GET /images/social2.png HTTP/1.1" 200 1752 "http://saveaslave.com/" "Mozilla/5.0 (Macintosh; Intel Mac OS X 10_10_5) AppleWebKit/601.4.4 (KHTML, like Gecko) Version/9.0.3 Safari/601.4.4" "saveaslave.com"
92.59.145.236 - - [03/Feb/2016:07:23:09 -0800] "GET /indicator.gif HTTP/1.1" 200 878 "http://saveaslave.com/" "Mozilla/5.0 (Macintosh; Intel Mac OS X 10_10_5) AppleWebKit/601.4.4 (KHTML, like Gecko) Version/9.0.3 Safari/601.4.4" "saveaslave.com"
92.59.145.236 - - [03/Feb/2016:07:23:09 -0800] "GET /css/down-arrow.png HTTP/1.1" 404 89 "http://saveaslave.com/" "Mozilla/5.0 (Macintosh; Intel Mac OS X 10_10_5) AppleWebKit/601.4.4 (KHTML, like Gecko) Version/9.0.3 Safari/601.4.4" "saveaslave.com"
92.59.145.236 - - [03/Feb/2016:07:29:00 -0800] "GET /country.php?name=Brazil&lang=ru HTTP/1.1" 200 80564 "http://saveaslave.com/" "Mozilla/5.0 (Macintosh; Intel Mac OS X 10_10_5) AppleWebKit/601.4.4 (KHTML, like Gecko) Version/9.0.3 Safari/601.4.4" "saveaslave.com"
92.59.145.236 - - [03/Feb/2016:07:29:00 -0800] "GET /images/article/image_news%20(1).jpg HTTP/1.1" 200 22817 "http://saveaslave.com/country.php?name=Brazil&lang=ru" "Mozilla/5.0 (Macintosh; Intel Mac OS X 10_10_5) AppleWebKit/601.4.4 (KHTML, like Gecko) Version/9.0.3 Safari/601.4.4" "saveaslave.com"
92.59.145.236 - - [03/Feb/2016:07:29:00 -0800] "GET /images/top-1.jpg HTTP/1.1" 200 77341 "http://saveaslave.com/country.php?name=Brazil&lang=ru" "Mozilla/5.0 (Macintosh; Intel Mac OS X 10_10_5) AppleWebKit/601.4.4 (KHTML, like Gecko) Version/9.0.3 Safari/601.4.4" "saveaslave.com"
92.59.145.236 - - [03/Feb/2016:07:29:00 -0800] "GET /images/article/belarus_flag_2.jpg HTTP/1.1" 200 11768 "http://saveaslave.com/country.php?name=Brazil&lang=ru" "Mozilla/5.0 (Macintosh; Intel Mac OS X 10_10_5) AppleWebKit/601.4.4 (KHTML, like Gecko) Version/9.0.3 Safari/601.4.4" "saveaslave.com"
92.59.145.236 - - [03/Feb/2016:07:29:00 -0800] "GET /css/down-arrow.png HTTP/1.1" 404 89 "http://saveaslave.com/country.php?name=Brazil&lang=ru" "Mozilla/5.0 (Macintosh; Intel Mac OS X 10_10_5) AppleWebKit/601.4.4 (KHTML, like Gecko) Version/9.0.3 Safari/601.4.4" "saveaslave.com"
92.59.145.236 - - [03/Feb/2016:07:29:16 -0800] "GET /who-we-are.php HTTP/1.1" 200 50336 "http://saveaslave.com/country.php?name=Brazil&lang=ru" "Mozilla/5.0 (Macintosh; Intel Mac OS X 10_10_5) AppleWebKit/601.4.4 (KHTML, like Gecko) Version/9.0.3 Safari/601.4.4" "saveaslave.com"
92.59.145.236 - - [03/Feb/2016:07:29:16 -0800] "GET /images/article5.jpg HTTP/1.1" 200 14497 "http://saveaslave.com/who-we-are.php" "Mozilla/5.0 (Macintosh; Intel Mac OS X 10_10_5) AppleWebKit/601.4.4 (KHTML, like Gecko) Version/9.0.3 Safari/601.4.4" "saveaslave.com"
92.59.145.236 - - [03/Feb/2016:07:29:35 -0800] "GET /images/supporters/Free-the-Slaves.png HTTP/1.1" 200 9388 "http://saveaslave.com/our-supporters.php" "Mozilla/5.0 (Macintosh; Intel Mac OS X 10_10_5) AppleWebKit/601.4.4 (KHTML, like Gecko) Version/9.0.3 Safari/601.4.4" "saveaslave.com"
92.59.145.236 - - [03/Feb/2016:07:29:35 -0800] "GET /images/supporters/hulogo.png HTTP/1.1" 200 8497 "http://saveaslave.com/our-supporters.php" "Mozilla/5.0 (Macintosh; Intel Mac OS X 10_10_5) AppleWebKit/601.4.4 (KHTML, like Gecko) Version/9.0.3 Safari/601.4.4" "saveaslave.com"
92.59.145.236 - - [03/Feb/2016:07:29:35 -0800] "GET /images/supporters/logo_atest.png HTTP/1.1" 200 12676 "http://saveaslave.com/our-supporters.php" "Mozilla/5.0 (Macintosh; Intel Mac OS X 10_10_5) AppleWebKit/601.4.4 (KHTML, like Gecko) Version/9.0.3 Safari/601.4.4" "saveaslave.com"
92.59.145.236 - - [03/Feb/2016:07:29:35 -0800] "GET /images/supporters/rescue.png HTTP/1.1" 200 9148 "http://saveaslave.com/our-supporters.php" "Mozilla/5.0 (Macintosh; Intel Mac OS X 10_10_5) AppleWebKit/601.4.4 (KHTML, like Gecko) Version/9.0.3 Safari/601.4.4" "saveaslave.com"
92.59.145.236 - - [03/Feb/2016:07:29:35 -0800] "GET /images/supporters/anti-slavery.gif HTTP/1.1" 200 4774 "http://saveaslave.com/our-supporters.php" "Mozilla/5.0 (Macintosh; Intel Mac OS X 10_10_5) AppleWebKit/601.4.4 (KHTML, like Gecko) Version/9.0.3 Safari/601.4.4" "saveaslave.com"
92.59.145.236 - - [03/Feb/2016:07:29:36 -0800] "GET /images/supporters/wif_logo.jpg HTTP/1.1" 200 13227 "http://saveaslave.com/our-supporters.php" "Mozilla/5.0 (Macintosh; Intel Mac OS X 10_10_5) AppleWebKit/601.4.4 (KHTML, like Gecko) Version/9.0.3 Safari/601.4.4" "saveaslave.com"
92.59.145.236 - - [03/Feb/2016:07:29:36 -0800] "GET /images/supporters/world-vision.jpg HTTP/1.1" 200 3302 "http://saveaslave.com/our-supporters.php" "Mozilla/5.0 (Macintosh; Intel Mac OS X 10_10_5) AppleWebKit/601.4.4 (KHTML, like Gecko) Version/9.0.3 Safari/601.4.4" "saveaslave.com"
92.59.145.236 - - [03/Feb/2016:07:29:36 -0800] "GET /images/supporters/a21-logo.png HTTP/1.1" 200 6163 "http://saveaslave.com/our-supporters.php" "Mozilla/5.0 (Macintosh; Intel Mac OS X 10_10_5) AppleWebKit/601.4.4 (KHTML, like Gecko) Version/9.0.3 Safari/601.4.4" "saveaslave.com"
92.59.145.236 - - [03/Feb/2016:07:29:36 -0800] "GET /images/supporters/cocoa.png HTTP/1.1" 200 19753 "http://saveaslave.com/our-supporters.php" "Mozilla/5.0 (Macintosh; Intel Mac OS X 10_10_5) AppleWebKit/601.4.4 (KHTML, like Gecko) Version/9.0.3 Safari/601.4.4" "saveaslave.com"
92.59.145.236 - - [03/Feb/2016:07:29:36 -0800] "GET /images/supporters/sharehope.png HTTP/1.1" 200 6261 "http://saveaslave.com/our-supporters.php" "Mozilla/5.0 (Macintosh; Intel Mac OS X 10_10_5) AppleWebKit/601.4.4 (KHTML, like Gecko) Version/9.0.3 Safari/601.4.4" "saveaslave.com"
92.59.145.236 - - [03/Feb/2016:07:29:36 -0800] "GET /images/supporters/children-on-the%20edge.png HTTP/1.1" 200 9509 "http://saveaslave.com/our-supporters.php" "Mozilla/5.0 (Macintosh; Intel Mac OS X 10_10_5) AppleWebKit/601.4.4 (KHTML, like Gecko) Version/9.0.3 Safari/601.4.4" "saveaslave.com"
92.59.145.236 - - [03/Feb/2016:07:29:36 -0800] "GET /images/supporters/logo_header.jpg HTTP/1.1" 200 10679 "http://saveaslave.com/our-supporters.php" "Mozilla/5.0 (Macintosh; Intel Mac OS X 10_10_5) AppleWebKit/601.4.4 (KHTML, like Gecko) Version/9.0.3 Safari/601.4.4" "saveaslave.com"
92.59.145.236 - - [03/Feb/2016:07:29:36 -0800] "GET /images/supporters/fpo-logo.gif HTTP/1.1" 200 3097 "http://saveaslave.com/our-supporters.php" "Mozilla/5.0 (Macintosh; Intel Mac OS X 10_10_5) AppleWebKit/601.4.4 (KHTML, like Gecko) Version/9.0.3 Safari/601.4.4" "saveaslave.com"
92.59.145.236 - - [03/Feb/2016:07:29:36 -0800] "GET /images/supporters/child-wise.jpg HTTP/1.1" 200 5250 "http://saveaslave.com/our-supporters.php" "Mozilla/5.0 (Macintosh; Intel Mac OS X 10_10_5) AppleWebKit/601.4.4 (KHTML, like Gecko) Version/9.0.3 Safari/601.4.4" "saveaslave.com"
92.59.145.236 - - [03/Feb/2016:07:29:36 -0800] "GET /images/supporters/made-free.png HTTP/1.1" 200 5762 "http://saveaslave.com/our-supporters.php" "Mozilla/5.0 (Macintosh; Intel Mac OS X 10_10_5) AppleWebKit/601.4.4 (KHTML, like Gecko) Version/9.0.3 Safari/601.4.4" "saveaslave.com"
