46.119.127.64 - - [02/Mar/2016:18:36:49 -0800] "GET / HTTP/1.1" 200 100369 "http://likesdesign.com/top-30-girls-shoot-fails-you-will-never-guess-what-a-beautiful-girl-is-ready-to-do-to-get-this-photo/" "Mozilla/4.0 (compatible; MSIE 7.0; Windows NT 5.1; SV1; .NET CLR 2.0.50727)" "saveaslave.com"
46.119.127.64 - - [02/Mar/2016:18:36:49 -0800] "GET / HTTP/1.1" 200 100369 "http://likesdesign.com/top-30-girls-shoot-fails-you-will-never-guess-what-a-beautiful-girl-is-ready-to-do-to-get-this-photo/" "Mozilla/4.0 (compatible; MSIE 7.0; Windows NT 5.1; SV1; .NET CLR 2.0.50727)" "saveaslave.com"
208.115.113.94 - - [02/Mar/2016:18:54:19 -0800] "GET /article.php?id=19 HTTP/1.1" 200 61348 "-" "Mozilla/5.0 (compatible; DotBot/1.1; http://www.opensiteexplorer.org/dotbot, help@moz.com)" "saveaslave.com"
208.115.113.94 - - [02/Mar/2016:19:01:30 -0800] "GET / HTTP/1.1" 200 100441 "-" "Mozilla/5.0 (compatible; DotBot/1.1; http://www.opensiteexplorer.org/dotbot, help@moz.com)" "saveaslave.com"
54.173.10.37 - - [02/Mar/2016:19:18:06 -0800] "GET / HTTP/1.1" 200 100441 "-" "-" "saveaslave.com"
217.69.133.29 - - [02/Mar/2016:19:24:22 -0800] "GET /robots.txt HTTP/1.1" 200 48 "-" "Mozilla/5.0 (compatible; Linux x86_64; Mail.RU_Bot/2.0; +http://go.mail.ru/help/robots)" "www.saveaslave.com"
136.243.103.156 - - [02/Mar/2016:19:34:46 -0800] "GET /robots.txt HTTP/1.1" 200 48 "-" "Mozilla/5.0 (compatible; MJ12bot/v1.4.5; http://www.majestic12.co.uk/bot.php?+)" "saveaslave.com"
136.243.103.156 - - [02/Mar/2016:19:34:51 -0800] "GET /article.php?id=26 HTTP/1.1" 200 776 "-" "Mozilla/5.0 (compatible; MJ12bot/v1.4.5; http://www.majestic12.co.uk/bot.php?+)" "saveaslave.com"
136.243.103.156 - - [02/Mar/2016:19:34:56 -0800] "GET /article.php?id=29 HTTP/1.1" 200 776 "-" "Mozilla/5.0 (compatible; MJ12bot/v1.4.5; http://www.majestic12.co.uk/bot.php?+)" "saveaslave.com"
136.243.103.156 - - [02/Mar/2016:19:34:59 -0800] "GET /article.php?id=3 HTTP/1.1" 200 63553 "-" "Mozilla/5.0 (compatible; MJ12bot/v1.4.5; http://www.majestic12.co.uk/bot.php?+)" "saveaslave.com"
136.243.103.156 - - [02/Mar/2016:19:35:09 -0800] "GET /article.php?id=31 HTTP/1.1" 200 776 "-" "Mozilla/5.0 (compatible; MJ12bot/v1.4.5; http://www.majestic12.co.uk/bot.php?+)" "saveaslave.com"
65.36.241.48 - - [02/Mar/2016:19:41:38 -0800] "HEAD / HTTP/1.1" 200 0 "-" "InternetSeer.com" "www.saveaslave.com"
208.115.113.86 - - [02/Mar/2016:20:01:49 -0800] "GET /article.php?id=4 HTTP/1.1" 200 63510 "-" "Mozilla/5.0 (compatible; DotBot/1.1; http://www.opensiteexplorer.org/dotbot, help@moz.com)" "saveaslave.com"
217.69.133.60 - - [02/Mar/2016:21:10:10 -0800] "GET /robots.txt HTTP/1.1" 200 48 "-" "Mozilla/5.0 (compatible; Linux x86_64; Mail.RU_Bot/2.0; +http://go.mail.ru/help/robots)" "www.saveaslave.com"
217.69.133.30 - - [02/Mar/2016:21:16:13 -0800] "GET /germany.html HTTP/1.1" 404 89 "-" "Mozilla/5.0 (compatible; Linux x86_64; Mail.RU_Bot/2.0; +http://go.mail.ru/help/robots)" "www.saveaslave.com"
207.46.13.164 - - [02/Mar/2016:22:02:03 -0800] "GET /robots.txt HTTP/1.1" 200 48 "-" "Mozilla/5.0 (compatible; bingbot/2.0; +http://www.bing.com/bingbot.htm)" "www.saveaslave.com"
207.46.13.164 - - [02/Mar/2016:22:02:09 -0800] "GET /malawi.html HTTP/1.1" 404 89 "-" "msnbot-media/1.1 (+http://search.msn.com/msnbot.htm)" "www.saveaslave.com"
54.173.10.37 - - [02/Mar/2016:22:03:35 -0800] "GET / HTTP/1.1" 200 100441 "-" "-" "saveaslave.com"
54.163.202.170 - - [02/Mar/2016:22:27:09 -0800] "GET / HTTP/1.1" 200 100441 "-" "Mozilla/5.0 (compatible; linkdexbot/2.0; +http://www.linkdex.com/bots/)" "saveaslave.com"
77.75.79.36 - - [02/Mar/2016:22:35:20 -0800] "GET /robots.txt HTTP/1.1" 200 48 "-" "Mozilla/5.0 (compatible; SeznamBot/3.2; +http://fulltext.sblog.cz/)" "saveaslave.com"
77.75.79.36 - - [02/Mar/2016:22:35:22 -0800] "GET /article.php?id=6 HTTP/1.1" 200 60206 "-" "Mozilla/5.0 (compatible; SeznamBot/3.2; +http://fulltext.sblog.cz/)" "saveaslave.com"
217.69.133.29 - - [02/Mar/2016:22:43:35 -0800] "GET /robots.txt HTTP/1.1" 200 48 "-" "Mozilla/5.0 (compatible; Linux x86_64; Mail.RU_Bot/2.0; +http://go.mail.ru/help/robots)" "www.saveaslave.com"
217.69.133.60 - - [02/Mar/2016:22:44:06 -0800] "GET /azerbaijan.html HTTP/1.1" 404 89 "-" "Mozilla/5.0 (compatible; Linux x86_64; Mail.RU_Bot/2.0; +http://go.mail.ru/help/robots)" "www.saveaslave.com"
96.231.132.75 - - [02/Mar/2016:22:47:14 -0800] "GET /robots.txt HTTP/1.1" 200 48 "-" "Mozilla/4.0 (compatible; T-H-U-N-D-E-R-S-T-O-N-E)" "www.saveaslave.com"
178.137.46.25 - - [02/Mar/2016:23:02:28 -0800] "GET /addlink.php HTTP/1.1" 200 12462 "http://saveaslave.com/addlink.php" "Mozilla/5.0 (Windows NT 10.0; WOW64; rv:44.0) Gecko/20100101 Firefox/44.0" "saveaslave.com"
217.69.133.31 - - [03/Mar/2016:00:18:56 -0800] "GET /robots.txt HTTP/1.1" 200 48 "-" "Mozilla/5.0 (compatible; Linux x86_64; Mail.RU_Bot/2.0; +http://go.mail.ru/help/robots)" "www.saveaslave.com"
169.252.4.21 - - [03/Mar/2016:00:26:14 -0800] "GET / HTTP/1.1" 200 100441 "-" "Mozilla/5.0 (Windows NT 6.1; WOW64) AppleWebKit/537.36 (KHTML, like Gecko) Chrome/48.0.2564.109 Safari/537.36" "www.saveaslave.com"
169.252.4.21 - - [03/Mar/2016:00:26:14 -0800] "GET /css/bootstrap.min.css HTTP/1.1" 200 123578 "http://www.saveaslave.com/" "Mozilla/5.0 (Windows NT 6.1; WOW64) AppleWebKit/537.36 (KHTML, like Gecko) Chrome/48.0.2564.109 Safari/537.36" "www.saveaslave.com"
169.252.4.21 - - [03/Mar/2016:00:26:15 -0800] "GET /images/logo2.png HTTP/1.1" 200 18525 "http://www.saveaslave.com/" "Mozilla/5.0 (Windows NT 6.1; WOW64) AppleWebKit/537.36 (KHTML, like Gecko) Chrome/48.0.2564.109 Safari/537.36" "www.saveaslave.com"
169.252.4.21 - - [03/Mar/2016:00:26:15 -0800] "GET /assets/js/ie10-viewport-bug-workaround.js HTTP/1.1" 200 641 "http://www.saveaslave.com/" "Mozilla/5.0 (Windows NT 6.1; WOW64) AppleWebKit/537.36 (KHTML, like Gecko) Chrome/48.0.2564.109 Safari/537.36" "www.saveaslave.com"
169.252.4.21 - - [03/Mar/2016:00:26:15 -0800] "GET /images/cover1.jpg HTTP/1.1" 200 253658 "http://www.saveaslave.com/" "Mozilla/5.0 (Windows NT 6.1; WOW64) AppleWebKit/537.36 (KHTML, like Gecko) Chrome/48.0.2564.109 Safari/537.36" "www.saveaslave.com"
169.252.4.21 - - [03/Mar/2016:00:26:18 -0800] "GET /images/article/end_it.jpg HTTP/1.1" 200 33676 "http://www.saveaslave.com/" "Mozilla/5.0 (Windows NT 6.1; WOW64) AppleWebKit/537.36 (KHTML, like Gecko) Chrome/48.0.2564.109 Safari/537.36" "www.saveaslave.com"
169.252.4.21 - - [03/Mar/2016:00:26:19 -0800] "GET /images/article/2239.jpg HTTP/1.1" 200 89745 "http://www.saveaslave.com/" "Mozilla/5.0 (Windows NT 6.1; WOW64) AppleWebKit/537.36 (KHTML, like Gecko) Chrome/48.0.2564.109 Safari/537.36" "www.saveaslave.com"
169.252.4.21 - - [03/Mar/2016:00:26:20 -0800] "GET /images/social2.png HTTP/1.1" 200 1752 "http://www.saveaslave.com/" "Mozilla/5.0 (Windows NT 6.1; WOW64) AppleWebKit/537.36 (KHTML, like Gecko) Chrome/48.0.2564.109 Safari/537.36" "www.saveaslave.com"
169.252.4.21 - - [03/Mar/2016:00:26:20 -0800] "GET /images/social3.png HTTP/1.1" 200 4343 "http://www.saveaslave.com/" "Mozilla/5.0 (Windows NT 6.1; WOW64) AppleWebKit/537.36 (KHTML, like Gecko) Chrome/48.0.2564.109 Safari/537.36" "www.saveaslave.com"
169.252.4.21 - - [03/Mar/2016:00:27:19 -0800] "GET /ico/favicon-16x16.png HTTP/1.1" 200 1129 "http://www.saveaslave.com/" "Mozilla/5.0 (Windows NT 6.1; WOW64) AppleWebKit/537.36 (KHTML, like Gecko) Chrome/48.0.2564.109 Safari/537.36" "www.saveaslave.com"
169.252.4.21 - - [03/Mar/2016:00:27:28 -0800] "GET /our-supporters.php HTTP/1.1" 200 54951 "http://www.saveaslave.com/" "Mozilla/5.0 (Windows NT 6.1; WOW64) AppleWebKit/537.36 (KHTML, like Gecko) Chrome/48.0.2564.109 Safari/537.36" "www.saveaslave.com"
169.252.4.21 - - [03/Mar/2016:00:27:28 -0800] "GET /images/supporters/anti-slavery.gif HTTP/1.1" 200 4774 "http://www.saveaslave.com/our-supporters.php" "Mozilla/5.0 (Windows NT 6.1; WOW64) AppleWebKit/537.36 (KHTML, like Gecko) Chrome/48.0.2564.109 Safari/537.36" "www.saveaslave.com"
169.252.4.21 - - [03/Mar/2016:00:27:29 -0800] "GET /images/supporters/Free-the-Slaves.png HTTP/1.1" 200 9388 "http://www.saveaslave.com/our-supporters.php" "Mozilla/5.0 (Windows NT 6.1; WOW64) AppleWebKit/537.36 (KHTML, like Gecko) Chrome/48.0.2564.109 Safari/537.36" "www.saveaslave.com"
169.252.4.21 - - [03/Mar/2016:00:27:30 -0800] "GET /images/supporters/logo_atest.png HTTP/1.1" 200 12676 "http://www.saveaslave.com/our-supporters.php" "Mozilla/5.0 (Windows NT 6.1; WOW64) AppleWebKit/537.36 (KHTML, like Gecko) Chrome/48.0.2564.109 Safari/537.36" "www.saveaslave.com"
169.252.4.21 - - [03/Mar/2016:00:27:30 -0800] "GET /images/supporters/rescue.png HTTP/1.1" 200 9148 "http://www.saveaslave.com/our-supporters.php" "Mozilla/5.0 (Windows NT 6.1; WOW64) AppleWebKit/537.36 (KHTML, like Gecko) Chrome/48.0.2564.109 Safari/537.36" "www.saveaslave.com"
169.252.4.21 - - [03/Mar/2016:00:27:31 -0800] "GET /images/supporters/wif_logo.jpg HTTP/1.1" 200 13227 "http://www.saveaslave.com/our-supporters.php" "Mozilla/5.0 (Windows NT 6.1; WOW64) AppleWebKit/537.36 (KHTML, like Gecko) Chrome/48.0.2564.109 Safari/537.36" "www.saveaslave.com"
169.252.4.21 - - [03/Mar/2016:00:27:32 -0800] "GET /images/supporters/world-vision.jpg HTTP/1.1" 200 3302 "http://www.saveaslave.com/our-supporters.php" "Mozilla/5.0 (Windows NT 6.1; WOW64) AppleWebKit/537.36 (KHTML, like Gecko) Chrome/48.0.2564.109 Safari/537.36" "www.saveaslave.com"
169.252.4.21 - - [03/Mar/2016:00:27:35 -0800] "GET /images/supporters/sharehope.png HTTP/1.1" 200 6261 "http://www.saveaslave.com/our-supporters.php" "Mozilla/5.0 (Windows NT 6.1; WOW64) AppleWebKit/537.36 (KHTML, like Gecko) Chrome/48.0.2564.109 Safari/537.36" "www.saveaslave.com"
169.252.4.21 - - [03/Mar/2016:00:27:36 -0800] "GET /images/supporters/fpo-logo.gif HTTP/1.1" 200 3097 "http://www.saveaslave.com/our-supporters.php" "Mozilla/5.0 (Windows NT 6.1; WOW64) AppleWebKit/537.36 (KHTML, like Gecko) Chrome/48.0.2564.109 Safari/537.36" "www.saveaslave.com"
169.252.4.21 - - [03/Mar/2016:00:27:36 -0800] "GET /images/supporters/rescue-foundation.jpg HTTP/1.1" 200 3083 "http://www.saveaslave.com/our-supporters.php" "Mozilla/5.0 (Windows NT 6.1; WOW64) AppleWebKit/537.36 (KHTML, like Gecko) Chrome/48.0.2564.109 Safari/537.36" "www.saveaslave.com"
169.252.4.21 - - [03/Mar/2016:00:27:37 -0800] "GET /images/supporters/made-free.png HTTP/1.1" 200 5762 "http://www.saveaslave.com/our-supporters.php" "Mozilla/5.0 (Windows NT 6.1; WOW64) AppleWebKit/537.36 (KHTML, like Gecko) Chrome/48.0.2564.109 Safari/537.36" "www.saveaslave.com"
169.252.4.21 - - [03/Mar/2016:00:27:38 -0800] "GET /images/supporters/Asset-Logo.jpg HTTP/1.1" 200 36053 "http://www.saveaslave.com/our-supporters.php" "Mozilla/5.0 (Windows NT 6.1; WOW64) AppleWebKit/537.36 (KHTML, like Gecko) Chrome/48.0.2564.109 Safari/537.36" "www.saveaslave.com"
169.252.4.21 - - [03/Mar/2016:00:27:39 -0800] "GET /images/supporters/Solidarity_Center.png HTTP/1.1" 200 9296 "http://www.saveaslave.com/our-supporters.php" "Mozilla/5.0 (Windows NT 6.1; WOW64) AppleWebKit/537.36 (KHTML, like Gecko) Chrome/48.0.2564.109 Safari/537.36" "www.saveaslave.com"
169.252.4.21 - - [03/Mar/2016:00:27:39 -0800] "GET /images/supporters/ApneAap_logo.png HTTP/1.1" 200 8305 "http://www.saveaslave.com/our-supporters.php" "Mozilla/5.0 (Windows NT 6.1; WOW64) AppleWebKit/537.36 (KHTML, like Gecko) Chrome/48.0.2564.109 Safari/537.36" "www.saveaslave.com"
169.252.4.21 - - [03/Mar/2016:00:27:39 -0800] "GET /images/supporters/safe-horizon.png HTTP/1.1" 200 16608 "http://www.saveaslave.com/our-supporters.php" "Mozilla/5.0 (Windows NT 6.1; WOW64) AppleWebKit/537.36 (KHTML, like Gecko) Chrome/48.0.2564.109 Safari/537.36" "www.saveaslave.com"
169.252.4.21 - - [03/Mar/2016:00:27:41 -0800] "GET /images/supporters/IJM.jpg HTTP/1.1" 200 6203 "http://www.saveaslave.com/our-supporters.php" "Mozilla/5.0 (Windows NT 6.1; WOW64) AppleWebKit/537.36 (KHTML, like Gecko) Chrome/48.0.2564.109 Safari/537.36" "www.saveaslave.com"
169.252.4.21 - - [03/Mar/2016:00:27:42 -0800] "GET /images/supporters/gems.jpg HTTP/1.1" 200 5045 "http://www.saveaslave.com/our-supporters.php" "Mozilla/5.0 (Windows NT 6.1; WOW64) AppleWebKit/537.36 (KHTML, like Gecko) Chrome/48.0.2564.109 Safari/537.36" "www.saveaslave.com"
169.252.4.21 - - [03/Mar/2016:00:27:42 -0800] "GET /images/supporters/goodweave.jpg HTTP/1.1" 200 5217 "http://www.saveaslave.com/our-supporters.php" "Mozilla/5.0 (Windows NT 6.1; WOW64) AppleWebKit/537.36 (KHTML, like Gecko) Chrome/48.0.2564.109 Safari/537.36" "www.saveaslave.com"
169.252.4.21 - - [03/Mar/2016:00:28:02 -0800] "GET /images/top-1.jpg HTTP/1.1" 200 77341 "http://www.saveaslave.com/country.php?name=Australia&lang=en" "Mozilla/5.0 (Windows NT 6.1; WOW64) AppleWebKit/537.36 (KHTML, like Gecko) Chrome/48.0.2564.109 Safari/537.36" "www.saveaslave.com"
169.252.4.21 - - [03/Mar/2016:00:28:53 -0800] "GET /css/down-arrow.png HTTP/1.1" 404 89 "http://www.saveaslave.com/css/elements.css" "Mozilla/5.0 (Windows NT 6.1; WOW64) AppleWebKit/537.36 (KHTML, like Gecko) Chrome/48.0.2564.109 Safari/537.36" "www.saveaslave.com"
54.234.54.153 - - [03/Mar/2016:00:31:33 -0800] "GET / HTTP/1.1" 200 100441 "-" "Mozilla/5.0 (compatible; linkdexbot/2.0; +http://www.linkdex.com/bots/)" "saveaslave.com"
169.252.4.21 - - [03/Mar/2016:00:34:33 -0800] "GET /who-we-are.php HTTP/1.1" 200 50336 "http://www.saveaslave.com/country.php?name=Australia&lang=en" "Mozilla/5.0 (Windows NT 6.1; WOW64) AppleWebKit/537.36 (KHTML, like Gecko) Chrome/48.0.2564.109 Safari/537.36" "www.saveaslave.com"
169.252.4.21 - - [03/Mar/2016:00:34:34 -0800] "GET /images/article6.jpg HTTP/1.1" 200 57746 "http://www.saveaslave.com/who-we-are.php" "Mozilla/5.0 (Windows NT 6.1; WOW64) AppleWebKit/537.36 (KHTML, like Gecko) Chrome/48.0.2564.109 Safari/537.36" "www.saveaslave.com"
169.252.4.21 - - [03/Mar/2016:00:34:34 -0800] "GET /css/down-arrow.png HTTP/1.1" 404 89 "http://www.saveaslave.com/css/elements.css" "Mozilla/5.0 (Windows NT 6.1; WOW64) AppleWebKit/537.36 (KHTML, like Gecko) Chrome/48.0.2564.109 Safari/537.36" "www.saveaslave.com"
169.252.4.21 - - [03/Mar/2016:00:35:32 -0800] "GET /contact-us.php HTTP/1.1" 200 30437 "http://www.saveaslave.com/who-we-are.php" "Mozilla/5.0 (Windows NT 6.1; WOW64) AppleWebKit/537.36 (KHTML, like Gecko) Chrome/48.0.2564.109 Safari/537.36" "www.saveaslave.com"
169.252.4.21 - - [03/Mar/2016:00:35:56 -0800] "GET /css/down-arrow.png HTTP/1.1" 404 89 "http://www.saveaslave.com/css/elements.css" "Mozilla/5.0 (Windows NT 6.1; WOW64) AppleWebKit/537.36 (KHTML, like Gecko) Chrome/48.0.2564.109 Safari/537.36" "www.saveaslave.com"
169.252.4.21 - - [03/Mar/2016:00:36:25 -0800] "GET /country.php?name=Italy&lang=en HTTP/1.1" 200 65483 "http://www.saveaslave.com/" "Mozilla/5.0 (Windows NT 6.1; WOW64) AppleWebKit/537.36 (KHTML, like Gecko) Chrome/48.0.2564.109 Safari/537.36" "www.saveaslave.com"
169.252.4.21 - - [03/Mar/2016:00:36:26 -0800] "GET /css/down-arrow.png HTTP/1.1" 404 89 "http://www.saveaslave.com/css/elements.css" "Mozilla/5.0 (Windows NT 6.1; WOW64) AppleWebKit/537.36 (KHTML, like Gecko) Chrome/48.0.2564.109 Safari/537.36" "www.saveaslave.com"
180.76.15.154 - - [03/Mar/2016:00:49:44 -0800] "GET /images/our-supporters.php HTTP/1.1" 200 5028 "-" "Mozilla/5.0 (compatible; Baiduspider/2.0; +http://www.baidu.com/search/spider.html)" "www.saveaslave.com"
65.36.241.48 - - [03/Mar/2016:01:10:19 -0800] "HEAD / HTTP/1.1" 200 0 "-" "InternetSeer.com" "www.saveaslave.com"
157.55.39.236 - - [03/Mar/2016:01:37:33 -0800] "GET /netherlands-antilles.html HTTP/1.1" 404 89 "-" "msnbot-media/1.1 (+http://search.msn.com/msnbot.htm)" "www.saveaslave.com"
144.76.7.107 - - [03/Mar/2016:01:44:04 -0800] "GET /robots.txt HTTP/1.1" 200 48 "-" "Mozilla/5.0 (compatible; MJ12bot/v1.4.5; http://www.majestic12.co.uk/bot.php?+)" "saveaslave.com"
144.76.7.107 - - [03/Mar/2016:01:44:07 -0800] "GET /article.php?id=22 HTTP/1.1" 200 59273 "-" "Mozilla/5.0 (compatible; MJ12bot/v1.4.5; http://www.majestic12.co.uk/bot.php?+)" "saveaslave.com"
208.115.113.94 - - [03/Mar/2016:01:50:21 -0800] "GET /robots.txt HTTP/1.1" 200 48 "-" "Mozilla/5.0 (compatible; DotBot/1.1; http://www.opensiteexplorer.org/dotbot, help@moz.com)" "www.saveaslave.com"
217.69.133.59 - - [03/Mar/2016:01:54:01 -0800] "GET /cambodia.html HTTP/1.1" 404 89 "-" "Mozilla/5.0 (compatible; Linux x86_64; Mail.RU_Bot/2.0; +http://go.mail.ru/help/robots)" "www.saveaslave.com"
90.255.94.250 - - [03/Mar/2016:02:08:06 -0800] "GET / HTTP/1.1" 200 100441 "-" "Mozilla/5.0 (Macintosh; Intel Mac OS X) PowerPoint/14.61.0" "www.saveaslave.com"
90.255.94.250 - - [03/Mar/2016:02:08:07 -0800] "GET /css/style.css HTTP/1.1" 200 7938 "http://www.saveaslave.com/" "Mozilla/5.0 (Macintosh; Intel Mac OS X 10_8_5) AppleWebKit/537.36 (KHTML, like Gecko) Chrome/48.0.2564.116 Safari/537.36" "www.saveaslave.com"
90.255.94.250 - - [03/Mar/2016:02:08:07 -0800] "GET /css/bootstrap.min.css HTTP/1.1" 200 123578 "http://www.saveaslave.com/" "Mozilla/5.0 (Macintosh; Intel Mac OS X 10_8_5) AppleWebKit/537.36 (KHTML, like Gecko) Chrome/48.0.2564.116 Safari/537.36" "www.saveaslave.com"
90.255.94.250 - - [03/Mar/2016:02:08:07 -0800] "GET /css/style-pages.css HTTP/1.1" 200 9894 "http://www.saveaslave.com/" "Mozilla/5.0 (Macintosh; Intel Mac OS X 10_8_5) AppleWebKit/537.36 (KHTML, like Gecko) Chrome/48.0.2564.116 Safari/537.36" "www.saveaslave.com"
90.255.94.250 - - [03/Mar/2016:02:08:08 -0800] "GET /js/bootstrap.min.js HTTP/1.1" 200 37055 "http://www.saveaslave.com/" "Mozilla/5.0 (Macintosh; Intel Mac OS X 10_8_5) AppleWebKit/537.36 (KHTML, like Gecko) Chrome/48.0.2564.116 Safari/537.36" "www.saveaslave.com"
90.255.94.250 - - [03/Mar/2016:02:08:09 -0800] "GET /assets/js/ie10-viewport-bug-workaround.js HTTP/1.1" 200 641 "http://www.saveaslave.com/" "Mozilla/5.0 (Macintosh; Intel Mac OS X 10_8_5) AppleWebKit/537.36 (KHTML, like Gecko) Chrome/48.0.2564.116 Safari/537.36" "www.saveaslave.com"
90.255.94.250 - - [03/Mar/2016:02:08:11 -0800] "GET /favicon.ico HTTP/1.1" 404 89 "http://www.saveaslave.com/" "Mozilla/5.0 (Macintosh; Intel Mac OS X 10_8_5) AppleWebKit/537.36 (KHTML, like Gecko) Chrome/48.0.2564.116 Safari/537.36" "www.saveaslave.com"
90.255.94.250 - - [03/Mar/2016:02:08:52 -0800] "GET /country.php?name=United%20Kingdom&lang=en HTTP/1.1" 200 64323 "http://www.saveaslave.com/" "Mozilla/5.0 (Macintosh; Intel Mac OS X 10_8_5) AppleWebKit/537.36 (KHTML, like Gecko) Chrome/48.0.2564.116 Safari/537.36" "www.saveaslave.com"
90.255.94.250 - - [03/Mar/2016:02:09:26 -0800] "GET /country.php?name=United%20Kingdom&lang=en HTTP/1.1" 200 64323 "http://www.saveaslave.com/country.php?name=United%20Kingdom&lang=en" "Mozilla/5.0 (Macintosh; Intel Mac OS X 10_8_5) AppleWebKit/537.36 (KHTML, like Gecko) Chrome/48.0.2564.116 Safari/537.36" "www.saveaslave.com"
90.255.94.250 - - [03/Mar/2016:02:21:00 -0800] "GET /our-news.php HTTP/1.1" 200 77718 "http://www.saveaslave.com/country.php?name=United%20Kingdom&lang=en" "Mozilla/5.0 (Macintosh; Intel Mac OS X 10_8_5) AppleWebKit/537.36 (KHTML, like Gecko) Chrome/48.0.2564.116 Safari/537.36" "www.saveaslave.com"
90.255.94.250 - - [03/Mar/2016:02:21:01 -0800] "GET /images/article/article8a.jpg HTTP/1.1" 200 11299 "http://www.saveaslave.com/our-news.php" "Mozilla/5.0 (Macintosh; Intel Mac OS X 10_8_5) AppleWebKit/537.36 (KHTML, like Gecko) Chrome/48.0.2564.116 Safari/537.36" "www.saveaslave.com"
90.255.94.250 - - [03/Mar/2016:02:21:01 -0800] "GET /images/article/article5a.jpg HTTP/1.1" 200 52731 "http://www.saveaslave.com/our-news.php" "Mozilla/5.0 (Macintosh; Intel Mac OS X 10_8_5) AppleWebKit/537.36 (KHTML, like Gecko) Chrome/48.0.2564.116 Safari/537.36" "www.saveaslave.com"
90.255.94.250 - - [03/Mar/2016:02:21:01 -0800] "GET /images/article/article4a.png HTTP/1.1" 200 155219 "http://www.saveaslave.com/our-news.php" "Mozilla/5.0 (Macintosh; Intel Mac OS X 10_8_5) AppleWebKit/537.36 (KHTML, like Gecko) Chrome/48.0.2564.116 Safari/537.36" "www.saveaslave.com"
90.255.94.250 - - [03/Mar/2016:02:21:01 -0800] "GET /images/article/article7.jpg HTTP/1.1" 200 15527 "http://www.saveaslave.com/our-news.php" "Mozilla/5.0 (Macintosh; Intel Mac OS X 10_8_5) AppleWebKit/537.36 (KHTML, like Gecko) Chrome/48.0.2564.116 Safari/537.36" "www.saveaslave.com"
103.253.39.5 - - [03/Mar/2016:02:27:20 -0800] "GET /favicon.ico HTTP/1.1" 404 89 "http://www.saveaslave.com/images/supporters/Solidarity_Center.png" "Mozilla/5.0 (Windows NT 6.1) AppleWebKit/537.36 (KHTML, like Gecko) Chrome/44.0.2403.157 UBrowser/5.5.9936.1231 Safari/537.36" "www.saveaslave.com"
100.43.90.11 - - [03/Mar/2016:02:42:09 -0800] "GET /index.php HTTP/1.1" 200 100441 "-" "Mozilla/5.0 (compatible; YandexBot/3.0; +http://yandex.com/bots)" "saveaslave.com"
208.115.113.94 - - [03/Mar/2016:02:49:29 -0800] "GET /www.nhmc.org HTTP/1.1" 404 89 "-" "Mozilla/5.0 (compatible; DotBot/1.1; http://www.opensiteexplorer.org/dotbot, help@moz.com)" "www.saveaslave.com"
208.115.113.94 - - [03/Mar/2016:02:58:34 -0800] "GET /new-caledonia.html HTTP/1.1" 404 89 "-" "Mozilla/5.0 (compatible; DotBot/1.1; http://www.opensiteexplorer.org/dotbot, help@moz.com)" "www.saveaslave.com"
208.115.113.94 - - [03/Mar/2016:02:58:35 -0800] "GET /italy.html HTTP/1.1" 404 89 "-" "Mozilla/5.0 (compatible; DotBot/1.1; http://www.opensiteexplorer.org/dotbot, help@moz.com)" "www.saveaslave.com"
82.143.69.98 - - [03/Mar/2016:03:00:27 -0800] "GET /samoa.html HTTP/1.1" 404 89 "-" "Mozilla/5.0 (Macintosh; Intel Mac OS X 10_11_3) AppleWebKit/601.4.4 (KHTML, like Gecko)" "www.saveaslave.com"
82.143.69.98 - - [03/Mar/2016:03:00:27 -0800] "GET /favicon.ico HTTP/1.1" 404 89 "-" "Safari/11601.4.4 CFNetwork/760.2.6 Darwin/15.3.0 (x86_64)" "www.saveaslave.com"
82.143.69.98 - - [03/Mar/2016:03:00:27 -0800] "GET /apple-touch-icon-precomposed.png HTTP/1.1" 404 89 "-" "Safari/11601.4.4 CFNetwork/760.2.6 Darwin/15.3.0 (x86_64)" "www.saveaslave.com"
82.143.69.98 - - [03/Mar/2016:03:00:27 -0800] "GET /apple-touch-icon.png HTTP/1.1" 404 89 "-" "Safari/11601.4.4 CFNetwork/760.2.6 Darwin/15.3.0 (x86_64)" "www.saveaslave.com"
82.143.69.98 - - [03/Mar/2016:03:00:27 -0800] "GET /apple-touch-icon-precomposed.png HTTP/1.1" 404 89 "-" "Safari/11601.4.4 CFNetwork/760.2.6 Darwin/15.3.0 (x86_64)" "www.saveaslave.com"
217.69.133.29 - - [03/Mar/2016:03:28:25 -0800] "GET /robots.txt HTTP/1.1" 200 48 "-" "Mozilla/5.0 (compatible; Linux x86_64; Mail.RU_Bot/2.0; +http://go.mail.ru/help/robots)" "www.saveaslave.com"
217.69.133.192 - - [03/Mar/2016:03:28:52 -0800] "GET /austria.html HTTP/1.1" 404 89 "-" "Mozilla/5.0 (compatible; Linux x86_64; Mail.RU_Bot/2.0; +http://go.mail.ru/help/robots)" "www.saveaslave.com"
207.46.13.164 - - [03/Mar/2016:03:29:36 -0800] "GET /liechtenstein.html HTTP/1.1" 404 89 "-" "msnbot-media/1.1 (+http://search.msn.com/msnbot.htm)" "www.saveaslave.com"
66.102.9.22 - - [03/Mar/2016:03:39:26 -0800] "GET / HTTP/1.1" 200 100441 "-" "Mozilla/5.0 (Windows NT 6.1; rv:6.0) Gecko/20110814 Firefox/6.0 Google Favicon" "saveaslave.com"
66.102.9.22 - - [03/Mar/2016:03:39:26 -0800] "GET /favicon.ico HTTP/1.1" 404 89 "-" "Mozilla/5.0 (Windows NT 6.1; rv:6.0) Gecko/20110814 Firefox/6.0 Google Favicon" "saveaslave.com"
46.229.166.195 - - [03/Mar/2016:03:39:29 -0800] "GET / HTTP/1.1" 200 100441 "-" "Mozilla/5.0 (Windows NT 6.3; Win64; x64) AppleWebKit/537.36 (KHTML, like Gecko) Chrome/37.0.2049.0 Safari/537.36" "saveaslave.com"
46.229.166.195 - - [03/Mar/2016:03:39:29 -0800] "GET /gajaxscroller.js HTTP/1.1" 200 9774 "http://saveaslave.com/" "Mozilla/5.0 (Windows NT 6.3; Win64; x64) AppleWebKit/537.36 (KHTML, like Gecko) Chrome/37.0.2049.0 Safari/537.36" "saveaslave.com"
46.229.166.195 - - [03/Mar/2016:03:39:29 -0800] "GET /css/style.css HTTP/1.1" 200 7938 "http://saveaslave.com/" "Mozilla/5.0 (Windows NT 6.3; Win64; x64) AppleWebKit/537.36 (KHTML, like Gecko) Chrome/37.0.2049.0 Safari/537.36" "saveaslave.com"
46.229.166.195 - - [03/Mar/2016:03:39:29 -0800] "GET /gfeedfetcher.js HTTP/1.1" 200 9018 "http://saveaslave.com/" "Mozilla/5.0 (Windows NT 6.3; Win64; x64) AppleWebKit/537.36 (KHTML, like Gecko) Chrome/37.0.2049.0 Safari/537.36" "saveaslave.com"
46.229.166.195 - - [03/Mar/2016:03:39:29 -0800] "GET /assets/js/ie-emulation-modes-warning.js HTTP/1.1" 200 2130 "http://saveaslave.com/" "Mozilla/5.0 (Windows NT 6.3; Win64; x64) AppleWebKit/537.36 (KHTML, like Gecko) Chrome/37.0.2049.0 Safari/537.36" "saveaslave.com"
46.229.166.195 - - [03/Mar/2016:03:39:29 -0800] "GET /css/bootstrap.min.css HTTP/1.1" 200 123578 "http://saveaslave.com/" "Mozilla/5.0 (Windows NT 6.3; Win64; x64) AppleWebKit/537.36 (KHTML, like Gecko) Chrome/37.0.2049.0 Safari/537.36" "saveaslave.com"
46.229.166.195 - - [03/Mar/2016:03:39:32 -0800] "GET /assets/js/ie10-viewport-bug-workaround.js HTTP/1.1" 200 641 "http://saveaslave.com/" "Mozilla/5.0 (Windows NT 6.3; Win64; x64) AppleWebKit/537.36 (KHTML, like Gecko) Chrome/37.0.2049.0 Safari/537.36" "saveaslave.com"
46.229.166.195 - - [03/Mar/2016:03:39:32 -0800] "GET /images/top.jpg HTTP/1.1" 200 50519 "http://saveaslave.com/" "Mozilla/5.0 (Windows NT 6.3; Win64; x64) AppleWebKit/537.36 (KHTML, like Gecko) Chrome/37.0.2049.0 Safari/537.36" "saveaslave.com"
46.229.166.195 - - [03/Mar/2016:03:39:32 -0800] "GET /js/bootstrap.min.js HTTP/1.1" 200 37055 "http://saveaslave.com/" "Mozilla/5.0 (Windows NT 6.3; Win64; x64) AppleWebKit/537.36 (KHTML, like Gecko) Chrome/37.0.2049.0 Safari/537.36" "saveaslave.com"
46.229.166.195 - - [03/Mar/2016:03:39:32 -0800] "GET /images/article/s1_dety_beg_d9954.jpg HTTP/1.1" 200 16968 "http://saveaslave.com/" "Mozilla/5.0 (Windows NT 6.3; Win64; x64) AppleWebKit/537.36 (KHTML, like Gecko) Chrome/37.0.2049.0 Safari/537.36" "saveaslave.com"
46.229.166.195 - - [03/Mar/2016:03:39:32 -0800] "GET /images/social2.png HTTP/1.1" 200 1752 "http://saveaslave.com/" "Mozilla/5.0 (Windows NT 6.3; Win64; x64) AppleWebKit/537.36 (KHTML, like Gecko) Chrome/37.0.2049.0 Safari/537.36" "saveaslave.com"
46.229.166.195 - - [03/Mar/2016:03:39:32 -0800] "GET /indicator.gif HTTP/1.1" 200 878 "http://saveaslave.com/" "Mozilla/5.0 (Windows NT 6.3; Win64; x64) AppleWebKit/537.36 (KHTML, like Gecko) Chrome/37.0.2049.0 Safari/537.36" "saveaslave.com"
46.229.166.195 - - [03/Mar/2016:03:39:32 -0800] "GET /css/down-arrow.png HTTP/1.1" 404 89 "http://saveaslave.com/" "Mozilla/5.0 (Windows NT 6.3; Win64; x64) AppleWebKit/537.36 (KHTML, like Gecko) Chrome/37.0.2049.0 Safari/537.36" "saveaslave.com"
46.229.166.195 - - [03/Mar/2016:03:39:32 -0800] "GET /images/social3.png HTTP/1.1" 200 4343 "http://saveaslave.com/" "Mozilla/5.0 (Windows NT 6.3; Win64; x64) AppleWebKit/537.36 (KHTML, like Gecko) Chrome/37.0.2049.0 Safari/537.36" "saveaslave.com"
189.84.71.108 - - [03/Mar/2016:04:23:15 -0800] "GET /administrator/manifests/files/joomla.xml HTTP/1.1" 404 89 "http://www.saveaslave.com/administrator/manifests/files/joomla.xml" "Opera/9.00 (Windows NT 5.1; U; en)" "www.saveaslave.com"
189.84.71.108 - - [03/Mar/2016:04:23:27 -0800] "GET / HTTP/1.1" 200 100369 "http://www.saveaslave.com/" "Opera/9.00 (Windows NT 5.1; U; en)" "www.saveaslave.com"
189.84.71.108 - - [03/Mar/2016:04:23:38 -0800] "GET /readme-ical.txt HTTP/1.1" 404 89 "http://www.saveaslave.com/readme-ical.txt" "Opera/9.00 (Windows NT 5.1; U; en)" "www.saveaslave.com"
189.84.71.108 - - [03/Mar/2016:04:23:49 -0800] "GET /COPYRIGHT.txt HTTP/1.1" 404 89 "http://www.saveaslave.com/COPYRIGHT.txt" "Opera/9.00 (Windows NT 5.1; U; en)" "www.saveaslave.com"
217.69.133.29 - - [03/Mar/2016:05:03:48 -0800] "GET /robots.txt HTTP/1.1" 200 48 "-" "Mozilla/5.0 (compatible; Linux x86_64; Mail.RU_Bot/2.0; +http://go.mail.ru/help/robots)" "saveaslave.com"
207.46.13.164 - - [03/Mar/2016:05:09:17 -0800] "GET /guam HTTP/1.1" 404 89 "-" "msnbot-media/1.1 (+http://search.msn.com/msnbot.htm)" "www.saveaslave.com"
217.69.133.29 - - [03/Mar/2016:05:10:47 -0800] "GET /seychelles.html HTTP/1.1" 404 89 "-" "Mozilla/5.0 (compatible; Linux x86_64; Mail.RU_Bot/2.0; +http://go.mail.ru/help/robots)" "saveaslave.com"
180.76.15.24 - - [03/Mar/2016:05:13:25 -0800] "GET / HTTP/1.1" 200 100441 "-" "Mozilla/5.0 (compatible; Baiduspider/2.0; +http://www.baidu.com/search/spider.html)" "www.saveaslave.com"
217.69.133.31 - - [03/Mar/2016:05:14:45 -0800] "GET /bulgaria.html HTTP/1.1" 404 89 "-" "Mozilla/5.0 (compatible; Linux x86_64; Mail.RU_Bot/2.0; +http://go.mail.ru/help/robots)" "www.saveaslave.com"
157.55.39.216 - - [03/Mar/2016:05:21:24 -0800] "GET /mali.html HTTP/1.1" 404 89 "-" "msnbot-media/1.1 (+http://search.msn.com/msnbot.htm)" "www.saveaslave.com"
157.55.39.216 - - [03/Mar/2016:06:01:55 -0800] "GET /georgia HTTP/1.1" 404 89 "-" "msnbot-media/1.1 (+http://search.msn.com/msnbot.htm)" "www.saveaslave.com"
51.255.65.12 - - [03/Mar/2016:06:14:48 -0800] "GET /www.paralosninos.org HTTP/1.1" 404 89 "-" "Mozilla/5.0 (compatible; AhrefsBot/5.0; +http://ahrefs.com/robot/)" "saveaslave.com"
217.69.133.72 - - [03/Mar/2016:06:38:30 -0800] "GET /robots.txt HTTP/1.1" 200 48 "-" "Mozilla/5.0 (compatible; Linux x86_64; Mail.RU_Bot/2.0; +http://go.mail.ru/help/robots)" "www.saveaslave.com"
217.69.133.192 - - [03/Mar/2016:06:38:56 -0800] "GET /morocco.html HTTP/1.1" 404 89 "-" "Mozilla/5.0 (compatible; Linux x86_64; Mail.RU_Bot/2.0; +http://go.mail.ru/help/robots)" "www.saveaslave.com"
157.55.39.238 - - [03/Mar/2016:07:10:26 -0800] "GET /index.html HTTP/1.1" 404 89 "-" "Mozilla/5.0 (compatible; bingbot/2.0; +http://www.bing.com/bingbot.htm)" "saveaslave.com"
85.93.91.84 - - [03/Mar/2016:08:06:55 -0800] "GET /www.council.lacity.org HTTP/1.1" 404 89 "-" "Mozilla/5.0 (compatible; DeuSu/5.0.2; +https://deusu.de/robot.html)" "www.saveaslave.com"
40.77.167.65 - - [03/Mar/2016:08:36:51 -0800] "GET /comoros.html HTTP/1.1" 404 89 "-" "Mozilla/5.0 (compatible; bingbot/2.0; +http://www.bing.com/bingbot.htm)" "saveaslave.com"
209.5.70.103 - - [03/Mar/2016:08:59:45 -0800] "GET /assets/js/ie10-viewport-bug-workaround.js HTTP/1.1" 200 641 "http://saveaslave.com/" "Mozilla/5.0 (Windows NT 6.1; Trident/7.0; rv:11.0) like Gecko" "saveaslave.com"
209.5.70.103 - - [03/Mar/2016:08:59:45 -0800] "GET /images/social3.png HTTP/1.1" 200 4343 "http://saveaslave.com/" "Mozilla/5.0 (Windows NT 6.1; Trident/7.0; rv:11.0) like Gecko" "saveaslave.com"
209.5.70.103 - - [03/Mar/2016:08:59:47 -0800] "GET /css/elements.css HTTP/1.1" 200 17857 "http://saveaslave.com/" "Mozilla/5.0 (Windows NT 6.1; Trident/7.0; rv:11.0) like Gecko" "saveaslave.com"
209.5.70.103 - - [03/Mar/2016:08:59:47 -0800] "GET /css/down-arrow.png HTTP/1.1" 404 89 "http://saveaslave.com/" "Mozilla/5.0 (Windows NT 6.1; Trident/7.0; rv:11.0) like Gecko" "saveaslave.com"
209.5.70.103 - - [03/Mar/2016:08:59:51 -0800] "GET /ico/android-icon-192x192.png HTTP/1.1" 200 10097 "-" "Mozilla/5.0 (Windows NT 6.1; Trident/7.0; rv:11.0) like Gecko" "saveaslave.com"
5.9.70.195 - - [03/Mar/2016:09:05:48 -0800] "GET / HTTP/1.1" 200 100441 "-" "Mozilla/5.0 (Windows NT 6.1) AppleWebKit/537.36 (KHTML, like Gecko) Chrome/41.0.2228.0 Safari/537.36" "saveaslave.com"
208.115.113.94 - - [03/Mar/2016:09:56:17 -0800] "GET /robots.txt HTTP/1.1" 200 48 "-" "Mozilla/5.0 (compatible; DotBot/1.1; http://www.opensiteexplorer.org/dotbot, help@moz.com)" "www.saveaslave.com"
66.249.69.89 - - [03/Mar/2016:10:02:19 -0800] "GET /greece HTTP/1.1" 404 89 "-" "Mozilla/5.0 (iPhone; CPU iPhone OS 8_3 like Mac OS X) AppleWebKit/600.1.4 (KHTML, like Gecko) Version/8.0 Mobile/12F70 Safari/600.1.4 (compatible; Googlebot/2.1; +http://www.google.com/bot.html)" "www.saveaslave.com"
216.56.2.178 - - [03/Mar/2016:10:20:50 -0800] "GET /css/style.css HTTP/1.1" 200 7938 "http://www.saveaslave.com/" "Mozilla/5.0 (X11; CrOS x86_64 7647.84.0) AppleWebKit/537.36 (KHTML, like Gecko) Chrome/48.0.2564.116 Safari/537.36" "www.saveaslave.com"
216.56.2.178 - - [03/Mar/2016:10:20:50 -0800] "GET /css/elements.css HTTP/1.1" 200 17857 "http://www.saveaslave.com/" "Mozilla/5.0 (X11; CrOS x86_64 7647.84.0) AppleWebKit/537.36 (KHTML, like Gecko) Chrome/48.0.2564.116 Safari/537.36" "www.saveaslave.com"
216.56.2.178 - - [03/Mar/2016:10:20:50 -0800] "GET /images/article/end_it.jpg HTTP/1.1" 200 33676 "http://www.saveaslave.com/" "Mozilla/5.0 (X11; CrOS x86_64 7647.84.0) AppleWebKit/537.36 (KHTML, like Gecko) Chrome/48.0.2564.116 Safari/537.36" "www.saveaslave.com"
216.56.2.178 - - [03/Mar/2016:10:20:50 -0800] "GET /images/article/s1_dety_beg_d9954.jpg HTTP/1.1" 200 16968 "http://www.saveaslave.com/" "Mozilla/5.0 (X11; CrOS x86_64 7647.84.0) AppleWebKit/537.36 (KHTML, like Gecko) Chrome/48.0.2564.116 Safari/537.36" "www.saveaslave.com"
216.56.2.178 - - [03/Mar/2016:10:20:50 -0800] "GET /images/logo2.png HTTP/1.1" 200 18525 "http://www.saveaslave.com/" "Mozilla/5.0 (X11; CrOS x86_64 7647.84.0) AppleWebKit/537.36 (KHTML, like Gecko) Chrome/48.0.2564.116 Safari/537.36" "www.saveaslave.com"
216.56.2.178 - - [03/Mar/2016:10:20:51 -0800] "GET /images/article/suspects.jpg HTTP/1.1" 200 58796 "http://www.saveaslave.com/" "Mozilla/5.0 (X11; CrOS x86_64 7647.84.0) AppleWebKit/537.36 (KHTML, like Gecko) Chrome/48.0.2564.116 Safari/537.36" "www.saveaslave.com"
216.56.2.178 - - [03/Mar/2016:10:21:07 -0800] "GET / HTTP/1.1" 200 100369 "https://www.google.com/" "Mozilla/5.0 (X11; CrOS x86_64 7647.84.0) AppleWebKit/537.36 (KHTML, like Gecko) Chrome/48.0.2564.116 Safari/537.36" "www.saveaslave.com"
46.4.87.105 - - [03/Mar/2016:10:40:04 -0800] "GET /robots.txt HTTP/1.1" 200 48 "-" "Mozilla/5.0 (compatible; MJ12bot/v1.4.5; http://www.majestic12.co.uk/bot.php?+)" "www.saveaslave.com"
46.119.127.64 - - [03/Mar/2016:10:41:26 -0800] "GET / HTTP/1.1" 200 100369 "http://coop-gamers.ru/" "Mozilla/4.0 (compatible; MSIE 7.0b; Windows NT 6.0)" "saveaslave.com"
208.115.113.86 - - [03/Mar/2016:10:45:50 -0800] "GET /robots.txt HTTP/1.1" 200 48 "-" "Mozilla/5.0 (compatible; DotBot/1.1; http://www.opensiteexplorer.org/dotbot, help@moz.com)" "saveaslave.com"
88.198.16.153 - - [03/Mar/2016:11:09:15 -0800] "GET /robots.txt HTTP/1.1" 200 48 "-" "Mozilla/5.0 (compatible; MJ12bot/v1.4.5; http://www.majestic12.co.uk/bot.php?+)" "www.saveaslave.com"
88.198.16.153 - - [03/Mar/2016:11:09:19 -0800] "GET /article.php?id=87 HTTP/1.1" 200 56469 "-" "Mozilla/5.0 (compatible; MJ12bot/v1.4.5; http://www.majestic12.co.uk/bot.php?+)" "www.saveaslave.com"
88.198.16.153 - - [03/Mar/2016:11:09:23 -0800] "GET /article.php?id=89 HTTP/1.1" 200 60125 "-" "Mozilla/5.0 (compatible; MJ12bot/v1.4.5; http://www.majestic12.co.uk/bot.php?+)" "www.saveaslave.com"
208.115.113.86 - - [03/Mar/2016:11:58:22 -0800] "GET /article.php?id=12 HTTP/1.1" 200 62236 "-" "Mozilla/5.0 (compatible; DotBot/1.1; http://www.opensiteexplorer.org/dotbot, help@moz.com)" "saveaslave.com"
65.36.241.48 - - [03/Mar/2016:12:04:03 -0800] "HEAD / HTTP/1.1" 200 0 "-" "InternetSeer.com" "www.saveaslave.com"
157.55.39.238 - - [03/Mar/2016:12:20:32 -0800] "GET /news5.php HTTP/1.1" 200 73 "-" "msnbot-media/1.1 (+http://search.msn.com/msnbot.htm)" "saveaslave.com"
208.115.113.86 - - [03/Mar/2016:12:44:42 -0800] "GET /robots.txt HTTP/1.1" 200 48 "-" "Mozilla/5.0 (compatible; DotBot/1.1; http://www.opensiteexplorer.org/dotbot, help@moz.com)" "www.saveaslave.com"
100.43.81.153 - - [03/Mar/2016:13:00:55 -0800] "GET /robots.txt HTTP/1.1" 200 48 "-" "Mozilla/5.0 (compatible; YandexBot/3.0; +http://yandex.com/bots)" "saveaslave.com"
180.76.15.34 - - [03/Mar/2016:13:04:46 -0800] "GET /article.php?id=22 HTTP/1.1" 200 59273 "-" "Mozilla/5.0 (compatible; Baiduspider/2.0; +http://www.baidu.com/search/spider.html)" "www.saveaslave.com"
172.93.97.26 - - [03/Mar/2016:13:08:42 -0800] "GET /feed HTTP/1.1" 404 89 "-" "Mozilla/5.0 (Macintosh; Intel Mac OS X 10_10_2) AppleWebKit/537.36 (KHTML, like Gecko) Chrome/41.0.2272.118 Safari/537.36" "saveaslave.com"
172.93.97.26 - - [03/Mar/2016:13:08:42 -0800] "GET /blog/index.rdf HTTP/1.1" 404 89 "-" "Mozilla/5.0 (Macintosh; Intel Mac OS X 10_10_2) AppleWebKit/537.36 (KHTML, like Gecko) Chrome/41.0.2272.118 Safari/537.36" "saveaslave.com"
172.93.97.26 - - [03/Mar/2016:13:08:42 -0800] "GET /blog/rss.xml HTTP/1.1" 404 89 "-" "Mozilla/5.0 (Macintosh; Intel Mac OS X 10_10_2) AppleWebKit/537.36 (KHTML, like Gecko) Chrome/41.0.2272.118 Safari/537.36" "saveaslave.com"
172.93.97.26 - - [03/Mar/2016:13:08:42 -0800] "GET /blog/blog.rss HTTP/1.1" 404 89 "-" "Mozilla/5.0 (Macintosh; Intel Mac OS X 10_10_2) AppleWebKit/537.36 (KHTML, like Gecko) Chrome/41.0.2272.118 Safari/537.36" "saveaslave.com"
172.93.97.26 - - [03/Mar/2016:13:08:42 -0800] "GET /blog/rss HTTP/1.1" 404 89 "-" "Mozilla/5.0 (Macintosh; Intel Mac OS X 10_10_2) AppleWebKit/537.36 (KHTML, like Gecko) Chrome/41.0.2272.118 Safari/537.36" "saveaslave.com"
172.93.97.26 - - [03/Mar/2016:13:08:42 -0800] "GET /blogs/feed HTTP/1.1" 404 89 "-" "Mozilla/5.0 (Macintosh; Intel Mac OS X 10_10_2) AppleWebKit/537.36 (KHTML, like Gecko) Chrome/41.0.2272.118 Safari/537.36" "saveaslave.com"
172.93.97.26 - - [03/Mar/2016:13:08:42 -0800] "GET /blogs/index.rdf HTTP/1.1" 404 89 "-" "Mozilla/5.0 (Macintosh; Intel Mac OS X 10_10_2) AppleWebKit/537.36 (KHTML, like Gecko) Chrome/41.0.2272.118 Safari/537.36" "saveaslave.com"
172.93.97.26 - - [03/Mar/2016:13:08:42 -0800] "GET /blogs/rss.xml HTTP/1.1" 404 89 "-" "Mozilla/5.0 (Macintosh; Intel Mac OS X 10_10_2) AppleWebKit/537.36 (KHTML, like Gecko) Chrome/41.0.2272.118 Safari/537.36" "saveaslave.com"
172.93.97.26 - - [03/Mar/2016:13:08:42 -0800] "GET /feed/feed HTTP/1.1" 404 89 "-" "Mozilla/5.0 (Macintosh; Intel Mac OS X 10_10_2) AppleWebKit/537.36 (KHTML, like Gecko) Chrome/41.0.2272.118 Safari/537.36" "saveaslave.com"
172.93.97.26 - - [03/Mar/2016:13:08:42 -0800] "GET /feed/atom.xml HTTP/1.1" 404 89 "-" "Mozilla/5.0 (Macintosh; Intel Mac OS X 10_10_2) AppleWebKit/537.36 (KHTML, like Gecko) Chrome/41.0.2272.118 Safari/537.36" "saveaslave.com"
172.93.97.26 - - [03/Mar/2016:13:08:42 -0800] "GET /feed/index.rdf HTTP/1.1" 404 89 "-" "Mozilla/5.0 (Macintosh; Intel Mac OS X 10_10_2) AppleWebKit/537.36 (KHTML, like Gecko) Chrome/41.0.2272.118 Safari/537.36" "saveaslave.com"
172.93.97.26 - - [03/Mar/2016:13:08:45 -0800] "GET /feed/blog.rss HTTP/1.1" 404 89 "-" "Mozilla/5.0 (Macintosh; Intel Mac OS X 10_10_2) AppleWebKit/537.36 (KHTML, like Gecko) Chrome/41.0.2272.118 Safari/537.36" "saveaslave.com"
172.93.97.26 - - [03/Mar/2016:13:08:45 -0800] "GET /sitemap.xml HTTP/1.1" 200 296 "-" "Mozilla/5.0 (Macintosh; Intel Mac OS X 10_10_2) AppleWebKit/537.36 (KHTML, like Gecko) Chrome/41.0.2272.118 Safari/537.36" "saveaslave.com"
172.93.97.26 - - [03/Mar/2016:13:08:45 -0800] "GET /sitemap.xml.gz HTTP/1.1" 404 89 "-" "Mozilla/5.0 (Macintosh; Intel Mac OS X 10_10_2) AppleWebKit/537.36 (KHTML, like Gecko) Chrome/41.0.2272.118 Safari/537.36" "saveaslave.com"
172.93.97.26 - - [03/Mar/2016:13:08:45 -0800] "GET /sitemap_index.xml HTTP/1.1" 404 89 "-" "Mozilla/5.0 (Macintosh; Intel Mac OS X 10_10_2) AppleWebKit/537.36 (KHTML, like Gecko) Chrome/41.0.2272.118 Safari/537.36" "saveaslave.com"
37.115.184.42 - - [03/Mar/2016:13:29:25 -0800] "GET / HTTP/1.1" 200 100369 "http://vucms.com/shop/" "Mozilla/1.22 (compatible; MSIE 2.0; Windows 95)" "saveaslave.com"
144.76.12.75 - - [03/Mar/2016:13:30:42 -0800] "GET /robots.txt HTTP/1.1" 200 48 "-" "Mozilla/5.0 (compatible; MJ12bot/v1.4.5; http://www.majestic12.co.uk/bot.php?+)" "saveaslave.com"
144.76.12.75 - - [03/Mar/2016:13:31:01 -0800] "GET /article.php?id=84 HTTP/1.1" 200 776 "-" "Mozilla/5.0 (compatible; MJ12bot/v1.4.5; http://www.majestic12.co.uk/bot.php?+)" "www.saveaslave.com"
192.151.154.130 - - [03/Mar/2016:13:34:06 -0800] "HEAD / HTTP/1.1" 200 0 "-" "Mozilla/5.0 (compatible; Exploratodo/1.0; +http://www.exploratodo.com" "saveaslave.com"
136.243.172.46 - - [03/Mar/2016:13:37:32 -0800] "GET / HTTP/1.1" 200 100441 "-" "Mozilla/5.0 (Windows NT 6.1) AppleWebKit/537.36 (KHTML, like Gecko) Chrome/41.0.2228.0 Safari/537.36" "www.saveaslave.com"
208.115.113.86 - - [03/Mar/2016:13:52:33 -0800] "GET /coalition-members-cast-l HTTP/1.1" 404 89 "-" "Mozilla/5.0 (compatible; DotBot/1.1; http://www.opensiteexplorer.org/dotbot, help@moz.com)" "www.saveaslave.com"
208.115.113.94 - - [03/Mar/2016:13:54:53 -0800] "GET /robots.txt HTTP/1.1" 200 48 "-" "Mozilla/5.0 (compatible; DotBot/1.1; http://www.opensiteexplorer.org/dotbot, help@moz.com)" "saveaslave.com"
180.76.15.148 - - [03/Mar/2016:14:11:44 -0800] "GET /contact-us.php HTTP/1.1" 200 30437 "-" "Mozilla/5.0 (compatible; Baiduspider/2.0; +http://www.baidu.com/search/spider.html)" "www.saveaslave.com"
85.93.91.84 - - [03/Mar/2016:14:32:32 -0800] "GET /www.ncjla.org HTTP/1.1" 404 89 "-" "Mozilla/5.0 (compatible; DeuSu/5.0.2; +https://deusu.de/robot.html)" "www.saveaslave.com"
111.13.102.7 - - [03/Mar/2016:14:48:41 -0800] "GET /robots.txt HTTP/1.1" 200 48 "-" "Mozilla/5.0 (compatible; Baiduspider/2.0; +http://www.baidu.com/search/spider.html)" "www.saveaslave.com"
65.36.241.48 - - [03/Mar/2016:15:21:54 -0800] "HEAD / HTTP/1.1" 200 0 "-" "InternetSeer.com" "www.saveaslave.com"
213.239.205.207 - - [03/Mar/2016:15:58:27 -0800] "GET /robots.txt HTTP/1.1" 200 48 "-" "Mozilla/5.0 (compatible; MJ12bot/v1.4.5; http://www.majestic12.co.uk/bot.php?+)" "saveaslave.com"
208.115.113.94 - - [03/Mar/2016:16:01:37 -0800] "GET /robots.txt HTTP/1.1" 200 48 "-" "Mozilla/5.0 (compatible; DotBot/1.1; http://www.opensiteexplorer.org/dotbot, help@moz.com)" "www.saveaslave.com"
180.76.15.22 - - [03/Mar/2016:16:08:46 -0800] "GET /robots.txt HTTP/1.1" 200 48 "-" "Mozilla/5.0 (Windows NT 5.1; rv:6.0.2) Gecko/20100101 Firefox/6.0.2" "www.saveaslave.com"
208.115.113.94 - - [03/Mar/2016:16:50:25 -0800] "GET /www.council.lacity.org HTTP/1.1" 404 89 "-" "Mozilla/5.0 (compatible; DotBot/1.1; http://www.opensiteexplorer.org/dotbot, help@moz.com)" "www.saveaslave.com"
61.135.189.101 - - [03/Mar/2016:16:56:50 -0800] "GET /robots.txt HTTP/1.1" 200 48 "-" "Sogou web spider/4.0(+http://www.sogou.com/docs/help/webmasters.htm#07)" "saveaslave.com"
61.135.189.101 - - [03/Mar/2016:16:57:04 -0800] "GET /site/?cat=88 HTTP/1.1" 404 89 "-" "Sogou web spider/4.0(+http://www.sogou.com/docs/help/webmasters.htm#07)" "saveaslave.com"
62.210.90.118 - - [03/Mar/2016:17:12:00 -0800] "GET /index.php HTTP/1.1" 200 100441 "-" "Mozilla/5.0 (compatible; MJ12bot/v1.4.5; http://www.majestic12.co.uk/bot.php?+)" "www.saveaslave.com"
46.118.155.216 - - [03/Mar/2016:17:12:11 -0800] "GET /robots.txt HTTP/1.1" 200 48 "-" "Mozilla/5.0 (Windows 10; WOW64; rv:41.0) Gecko/20100101 Firefox/41.0" "www.saveaslave.com"
46.118.155.216 - - [03/Mar/2016:17:12:12 -0800] "GET / HTTP/1.1" 200 100441 "-" "Mozilla/5.0 (Windows 10; WOW64; rv:41.0) Gecko/20100101 Firefox/41.0" "www.saveaslave.com"
46.118.155.216 - - [03/Mar/2016:17:12:14 -0800] "GET /xmlrpc.php?rsd HTTP/1.1" 200 73 "-" "Mozilla/5.0 (Windows 10; WOW64; rv:41.0) Gecko/20100101 Firefox/41.0" "www.saveaslave.com"
46.118.155.216 - - [03/Mar/2016:17:12:14 -0800] "GET /blog/robots.txt HTTP/1.1" 404 89 "-" "Mozilla/5.0 (Windows 10; WOW64; rv:41.0) Gecko/20100101 Firefox/41.0" "www.saveaslave.com"
91.78.31.247 - - [03/Mar/2016:17:35:16 -0800] "GET / HTTP/1.1" 200 100441 "http://saveaslave.com/" "Mozilla/5.0 (Windows NT 6.1) AppleWebKit/537.36 (KHTML, like Gecko) Chrome/39.0.2171.71 Safari/537.36" "saveaslave.com"
85.14.245.175 - - [03/Mar/2016:17:40:31 -0800] "GET /robots.txt HTTP/1.1" 200 48 "-" "Mozilla/5.0 (compatible; MJ12bot/v1.4.5; http://www.majestic12.co.uk/bot.php?+)" "saveaslave.com"
85.14.245.175 - - [03/Mar/2016:17:40:33 -0800] "GET /article.php?id=7 HTTP/1.1" 200 61833 "-" "Mozilla/5.0 (compatible; MJ12bot/v1.4.5; http://www.majestic12.co.uk/bot.php?+)" "saveaslave.com"
107.21.1.8 - - [03/Mar/2016:18:03:34 -0800] "GET / HTTP/1.1" 200 100441 "http://saveaslave.com/" "Mozilla/5.0 (compatible; DuckDuckGo-Favicons-Bot/1.0; +http://duckduckgo.com)" "saveaslave.com"
107.21.1.8 - - [03/Mar/2016:18:03:34 -0800] "GET /ico/android-icon-192x192.png HTTP/1.1" 200 10097 "http://saveaslave.com/ico/android-icon-192x192.png" "Mozilla/5.0 (compatible; DuckDuckGo-Favicons-Bot/1.0; +http://duckduckgo.com)" "saveaslave.com"
66.249.69.81 - - [03/Mar/2016:18:08:32 -0800] "GET /swaziland HTTP/1.1" 404 89 "-" "Mozilla/5.0 (compatible; Googlebot/2.1; +http://www.google.com/bot.html)" "www.saveaslave.com"
65.36.241.48 - - [03/Mar/2016:18:26:52 -0800] "HEAD / HTTP/1.1" 200 0 "-" "InternetSeer.com" "www.saveaslave.com"
157.55.39.140 - - [03/Mar/2016:18:37:21 -0800] "GET /robots.txt HTTP/1.1" 200 48 "-" "Mozilla/5.0 (compatible; bingbot/2.0; +http://www.bing.com/bingbot.htm)" "saveaslave.com"
157.55.39.140 - - [03/Mar/2016:18:37:32 -0800] "GET /ukraine.html HTTP/1.1" 404 89 "-" "Mozilla/5.0 (compatible; bingbot/2.0; +http://www.bing.com/bingbot.htm)" "saveaslave.com"
24.215.92.234 - - [03/Mar/2016:18:51:06 -0800] "GET /favicon.ico HTTP/1.1" 404 89 "http://www.saveaslave.com/images/top.jpg" "Mozilla/5.0 (Windows NT 10.0; WOW64) AppleWebKit/537.36 (KHTML, like Gecko) Chrome/48.0.2564.116 Safari/537.36" "www.saveaslave.com"
51.255.65.37 - - [03/Mar/2016:19:04:04 -0800] "GET /article.php?id=1 HTTP/1.1" 200 57548 "-" "Mozilla/5.0 (compatible; AhrefsBot/5.0; +http://ahrefs.com/robot/)" "saveaslave.com"
180.76.15.143 - - [03/Mar/2016:19:05:59 -0800] "GET /country.php?name=France&lang=en HTTP/1.1" 200 65825 "-" "Mozilla/5.0 (compatible; Baiduspider/2.0; +http://www.baidu.com/search/spider.html)" "www.saveaslave.com"
178.255.215.78 - - [03/Mar/2016:19:29:04 -0800] "GET /robots.txt HTTP/1.1" 200 48 "-" "Mozilla/5.0 (compatible; Exabot/3.0; +http://www.exabot.com/go/robot)" "saveaslave.com"
178.255.215.78 - - [03/Mar/2016:19:29:04 -0800] "GET /news/default.html HTTP/1.1" 404 89 "-" "Mozilla/5.0 (compatible; Exabot/3.0; +http://www.exabot.com/go/robot)" "saveaslave.com"
208.115.113.94 - - [03/Mar/2016:19:34:24 -0800] "GET /our-newsr.php HTTP/1.1" 200 110293 "-" "Mozilla/5.0 (compatible; DotBot/1.1; http://www.opensiteexplorer.org/dotbot, help@moz.com)" "saveaslave.com"
40.77.167.17 - - [03/Mar/2016:19:41:57 -0800] "GET /nigeria.html HTTP/1.1" 404 89 "-" "Mozilla/5.0 (compatible; bingbot/2.0; +http://www.bing.com/bingbot.htm)" "saveaslave.com"
65.36.241.48 - - [03/Mar/2016:19:58:00 -0800] "HEAD / HTTP/1.1" 200 0 "-" "InternetSeer.com" "www.saveaslave.com"
91.200.12.143 - - [03/Mar/2016:20:01:44 -0800] "GET / HTTP/1.1" 200 100441 "http://saveaslave.com/" "Mozilla/5.0 (Windows NT 6.1; WOW64) AppleWebKit/537.36 (KHTML, like Gecko) Chrome/47.0.2526.111 YaBrowser/16.2.0.3539 Safari/537.36" "saveaslave.com"
208.115.113.94 - - [03/Mar/2016:20:02:14 -0800] "GET /robots.txt HTTP/1.1" 200 48 "-" "Mozilla/5.0 (compatible; DotBot/1.1; http://www.opensiteexplorer.org/dotbot, help@moz.com)" "www.saveaslave.com"
208.115.113.94 - - [03/Mar/2016:20:02:14 -0800] "GET /robots.txt HTTP/1.1" 200 48 "-" "Mozilla/5.0 (compatible; DotBot/1.1; http://www.opensiteexplorer.org/dotbot, help@moz.com)" "saveaslave.com"
91.200.12.143 - - [03/Mar/2016:20:17:35 -0800] "POST / HTTP/1.1" 200 100331 "http://saveaslave.com/" "Mozilla/5.0 (Windows NT 6.1) AppleWebKit/537.36 (KHTML, like Gecko) Chrome/47.0.2526.111 Safari/537.36" "saveaslave.com"
91.200.12.106 - - [03/Mar/2016:20:18:42 -0800] "GET / HTTP/1.1" 200 100441 "http://saveaslave.com/" "Mozilla/5.0 (Windows NT 10.0; WOW64) AppleWebKit/537.36 (KHTML, like Gecko) Chrome/48.0.2564.103 Safari/537.36" "saveaslave.com"
91.200.12.106 - - [03/Mar/2016:20:18:44 -0800] "POST / HTTP/1.1" 200 100338 "http://saveaslave.com/" "Mozilla/5.0 (Windows NT 10.0; WOW64) AppleWebKit/537.36 (KHTML, like Gecko) Chrome/48.0.2564.103 Safari/537.36" "saveaslave.com"
91.200.12.106 - - [03/Mar/2016:20:18:50 -0800] "GET / HTTP/1.1" 200 100441 "-" "Mozilla/5.0 (Windows NT 6.1; rv:21.0) Gecko/20100101 Firefox/21.0" "saveaslave.com"
85.93.91.84 - - [03/Mar/2016:20:27:14 -0800] "GET /robots.txt HTTP/1.1" 200 48 "-" "Mozilla/5.0 (compatible; DeuSu/5.0.2; +https://deusu.de/robot.html)" "saveaslave.com"
85.93.91.84 - - [03/Mar/2016:20:27:14 -0800] "GET /news8r.php HTTP/1.1" 200 73 "-" "Mozilla/5.0 (compatible; DeuSu/5.0.2; +https://deusu.de/robot.html)" "saveaslave.com"
208.115.113.86 - - [03/Mar/2016:20:54:04 -0800] "GET /robots.txt HTTP/1.1" 200 48 "-" "Mozilla/5.0 (compatible; DotBot/1.1; http://www.opensiteexplorer.org/dotbot, help@moz.com)" "saveaslave.com"
81.163.131.4 - - [03/Mar/2016:21:10:12 -0800] "GET / HTTP/1.1" 200 100369 "https://www.google.com.ua/" "Mozilla/5.0 (Windows NT 6.1; WOW64) AppleWebKit/537.36 (KHTML, like Gecko) Chrome/48.0.2564.116 Safari/537.36" "www.saveaslave.com"
81.163.131.4 - - [03/Mar/2016:21:10:12 -0800] "GET /gfeedfetcher.js HTTP/1.1" 200 9018 "http://www.saveaslave.com/" "Mozilla/5.0 (Windows NT 6.1; WOW64) AppleWebKit/537.36 (KHTML, like Gecko) Chrome/48.0.2564.116 Safari/537.36" "www.saveaslave.com"
81.163.131.4 - - [03/Mar/2016:21:10:12 -0800] "GET /css/elements.css HTTP/1.1" 200 17857 "http://www.saveaslave.com/" "Mozilla/5.0 (Windows NT 6.1; WOW64) AppleWebKit/537.36 (KHTML, like Gecko) Chrome/48.0.2564.116 Safari/537.36" "www.saveaslave.com"
81.163.131.4 - - [03/Mar/2016:21:10:12 -0800] "GET /css/bootstrap.min.css HTTP/1.1" 200 123578 "http://www.saveaslave.com/" "Mozilla/5.0 (Windows NT 6.1; WOW64) AppleWebKit/537.36 (KHTML, like Gecko) Chrome/48.0.2564.116 Safari/537.36" "www.saveaslave.com"
81.163.131.4 - - [03/Mar/2016:21:10:13 -0800] "GET /css/style-pages.css HTTP/1.1" 200 9894 "http://www.saveaslave.com/" "Mozilla/5.0 (Windows NT 6.1; WOW64) AppleWebKit/537.36 (KHTML, like Gecko) Chrome/48.0.2564.116 Safari/537.36" "www.saveaslave.com"
81.163.131.4 - - [03/Mar/2016:21:10:14 -0800] "GET /assets/js/ie10-viewport-bug-workaround.js HTTP/1.1" 200 641 "http://www.saveaslave.com/" "Mozilla/5.0 (Windows NT 6.1; WOW64) AppleWebKit/537.36 (KHTML, like Gecko) Chrome/48.0.2564.116 Safari/537.36" "www.saveaslave.com"
81.163.131.4 - - [03/Mar/2016:21:10:15 -0800] "GET /images/article/s1_dety_beg_d9954.jpg HTTP/1.1" 200 16968 "http://www.saveaslave.com/" "Mozilla/5.0 (Windows NT 6.1; WOW64) AppleWebKit/537.36 (KHTML, like Gecko) Chrome/48.0.2564.116 Safari/537.36" "www.saveaslave.com"
