134.249.53.72 - - [01/Aug/2016:01:42:41 -0700] "GET / HTTP/1.1" 200 89941 "http://xn-----6kccaibs5cb8afhjrfmix2n.xn--p1ai/" "Mozilla/0.91 Beta (Windows)" "saveaslave.com"
134.249.53.72 - - [01/Aug/2016:01:42:41 -0700] "GET / HTTP/1.1" 200 89941 "http://light.ifmo.ru/" "Mozilla/0.91 Beta (Windows)" "saveaslave.com"
46.118.158.47 - - [01/Aug/2016:01:59:33 -0700] "GET / HTTP/1.1" 200 89941 "http://igrovyeavtomaty777.ru/" "Mozilla/4.0 (compatible; MSIE 7.0b; Windows NT 6.0)" "saveaslave.com"[1]
65.36.241.48 - - [01/Aug/2016:02:12:15 -0700] "HEAD / HTTP/1.1" 200 0 "-" "InternetSeer.com" "www.saveaslave.com"
208.115.113.86 - - [01/Aug/2016:02:19:08 -0700] "GET /gazastrip.html HTTP/1.1" 404 89 "-" "Mozilla/5.0 (compatible; DotBot/1.1; http://www.opensiteexplorer.org/dotbot, help@moz.com)" "www.saveaslave.com"
69.49.112.73 - - [01/Aug/2016:03:37:35 -0700] "POST /cgi-bin/error-log.php HTTP/1.1" 404 89 "-" "Mozilla/5.0 (Windows NT 6.0; rv:16.0) Gecko/20130722 Firefox/16.0" "saveaslave.com"[0]
69.49.112.73 - - [01/Aug/2016:03:37:35 -0700] "POST /images/error-log.php HTTP/1.1" 404 89 "-" "Mozilla/5.0 (Windows NT 6.0; rv:16.0) Gecko/20130722 Firefox/16.0" "saveaslave.com"
69.49.112.73 - - [01/Aug/2016:03:37:35 -0700] "POST /includes/error-log.php HTTP/1.1" 404 89 "-" "Mozilla/5.0 (Windows NT 6.0; rv:16.0) Gecko/20130722 Firefox/16.0" "saveaslave.com"
69.49.112.73 - - [01/Aug/2016:03:37:35 -0700] "POST /modules/error-log.php HTTP/1.1" 404 89 "-" "Mozilla/5.0 (Windows NT 6.0; rv:16.0) Gecko/20130722 Firefox/16.0" "saveaslave.com"[0]
69.49.112.73 - - [01/Aug/2016:03:37:35 -0700] "POST /media/error-log.php HTTP/1.1" 404 89 "-" "Mozilla/5.0 (Windows NT 6.0; rv:16.0) Gecko/20130722 Firefox/16.0" "saveaslave.com"
69.49.112.73 - - [01/Aug/2016:03:37:35 -0700] "POST /cache/error-log.php HTTP/1.1" 404 89 "-" "Mozilla/5.0 (Windows NT 6.0; rv:16.0) Gecko/20130722 Firefox/16.0" "saveaslave.com"[0]
69.49.112.73 - - [01/Aug/2016:03:37:38 -0700] "POST /wp-admin/login.php?login=cmd HTTP/1.1" 404 89 "-" "Mozilla/5.0 (Windows NT 6.0; rv:16.0) Gecko/20130722 Firefox/16.0" "saveaslave.com"[0]
69.49.112.73 - - [01/Aug/2016:03:37:38 -0700] "POST /js/login.php?login=cmd HTTP/1.1" 404 89 "-" "Mozilla/5.0 (Windows NT 6.0; rv:16.0) Gecko/20130722 Firefox/16.0" "saveaslave.com"
69.49.112.73 - - [01/Aug/2016:03:37:38 -0700] "POST /wp-includes/login.php?login=cmd HTTP/1.1" 404 89 "-" "Mozilla/5.0 (Windows NT 6.0; rv:16.0) Gecko/20130722 Firefox/16.0" "saveaslave.com"
69.49.112.73 - - [01/Aug/2016:03:37:39 -0700] "POST /phpmyadmin/login.php?login=cmd HTTP/1.1" 404 89 "-" "Mozilla/5.0 (Windows NT 6.0; rv:16.0) Gecko/20130722 Firefox/16.0" "saveaslave.com"
69.49.112.73 - - [01/Aug/2016:03:37:40 -0700] "POST /wp-content/themes/THEME/login.php?login=cmd HTTP/1.1" 404 89 "-" "Mozilla/5.0 (Windows NT 6.0; rv:16.0) Gecko/20130722 Firefox/16.0" "saveaslave.com"[0]
69.49.112.73 - - [01/Aug/2016:03:37:40 -0700] "POST /media/login.php?login=cmd HTTP/1.1" 404 89 "-" "Mozilla/5.0 (Windows NT 6.0; rv:16.0) Gecko/20130722 Firefox/16.0" "saveaslave.com"
69.49.112.73 - - [01/Aug/2016:03:37:40 -0700] "POST /wp-content/login.php?login=cmd HTTP/1.1" 404 89 "-" "Mozilla/5.0 (Windows NT 6.0; rv:16.0) Gecko/20130722 Firefox/16.0" "saveaslave.com"
69.49.112.73 - - [01/Aug/2016:03:37:40 -0700] "GET / HTTP/1.1" 200 89977 "-" "Mozilla/5.0 (Windows NT 6.0; rv:16.0) Firefox/13.0" "saveaslave.com"
69.49.112.73 - - [01/Aug/2016:03:37:41 -0700] "POST /images/systemcache.php HTTP/1.1" 404 89 "-" "Mozilla/5.0 (Windows NT 6.0; rv:16.0) Gecko/20130722 Firefox/16.0" "saveaslave.com"[0]
69.49.112.73 - - [01/Aug/2016:03:37:41 -0700] "POST /includes/systemcache.php HTTP/1.1" 404 89 "-" "Mozilla/5.0 (Windows NT 6.0; rv:16.0) Gecko/20130722 Firefox/16.0" "saveaslave.com"
69.49.112.73 - - [01/Aug/2016:03:37:41 -0700] "POST /media/systemcache.php HTTP/1.1" 404 89 "-" "Mozilla/5.0 (Windows NT 6.0; rv:16.0) Gecko/20130722 Firefox/16.0" "saveaslave.com"
69.49.112.73 - - [01/Aug/2016:03:37:42 -0700] "POST /cache/systemcache.php HTTP/1.1" 404 89 "-" "Mozilla/5.0 (Windows NT 6.0; rv:16.0) Gecko/20130722 Firefox/16.0" "saveaslave.com"
69.49.112.73 - - [01/Aug/2016:03:37:42 -0700] "POST /wp-content/plugins/BirdsRio.php HTTP/1.1" 404 89 "-" "Mozilla/5.0 (Windows NT 6.0; rv:16.0) Gecko/20130722 Firefox/16.0" "saveaslave.com"
69.49.112.73 - - [01/Aug/2016:03:37:42 -0700] "POST /wp-content/uploads/BirdsRio.php HTTP/1.1" 404 89 "-" "Mozilla/5.0 (Windows NT 6.0; rv:16.0) Gecko/20130722 Firefox/16.0" "saveaslave.com"
69.49.112.73 - - [01/Aug/2016:03:37:42 -0700] "POST /wp-content/plugins/Fbrrchive.php HTTP/1.1" 404 89 "-" "Mozilla/5.0 (Windows NT 6.0; rv:16.0) Gecko/20130722 Firefox/16.0" "saveaslave.com"
157.55.39.234 - - [01/Aug/2016:03:39:50 -0700] "GET /romania HTTP/1.1" 404 89 "-" "Mozilla/5.0 (compatible; bingbot/2.0; +http://www.bing.com/bingbot.htm)" "www.saveaslave.com"
63.141.242.98 - - [01/Aug/2016:04:07:42 -0700] "GET / HTTP/1.1" 200 89941 "http://www.saveaslave.com/" "Mozilla/5.0 (Windows NT 6.1; WOW64) AppleWebKit/537.36 (KHTML, like Gecko) Chrome/31.0.1650.57 Safari/537.36" "www.saveaslave.com"
213.251.184.38 - - [01/Aug/2016:04:15:31 -0700] "GET /robots.txt HTTP/1.1" 200 48 "-" "Mozilla/5.0 (compatible; MJ12bot/v1.4.5; http://www.majestic12.co.uk/bot.php?+)" "www.saveaslave.com"
213.251.184.38 - - [01/Aug/2016:04:15:34 -0700] "GET /listlink.php HTTP/1.1" 200 32146 "-" "Mozilla/5.0 (compatible; MJ12bot/v1.4.5; http://www.majestic12.co.uk/bot.php?+)" "www.saveaslave.com"
164.132.161.65 - - [01/Aug/2016:04:32:37 -0700] "GET /www.nightlightinternational.org HTTP/1.1" 404 89 "-" "Mozilla/5.0 (compatible; AhrefsBot/5.1; +http://ahrefs.com/robot/)" "www.saveaslave.com"
51.255.65.88 - - [01/Aug/2016:04:53:43 -0700] "GET /article.php?id=60 HTTP/1.1" 200 49029 "-" "Mozilla/5.0 (compatible; AhrefsBot/5.1; +http://ahrefs.com/robot/)" "saveaslave.com"
164.132.161.54 - - [01/Aug/2016:05:06:27 -0700] "GET /www.rshm.org HTTP/1.1" 404 89 "-" "Mozilla/5.0 (compatible; AhrefsBot/5.1; +http://ahrefs.com/robot/)" "www.saveaslave.com"
196.210.230.107 - - [01/Aug/2016:06:03:53 -0700] "GET /images/article6.jpg HTTP/1.1" 200 57746 "https://www.google.com/" "Mozilla/5.0 (Macintosh; Intel Mac OS X 10_11_5) AppleWebKit/601.6.17 (KHTML, like Gecko) Version/9.1.1 Safari/601.6.17" "www.saveaslave.com"
134.249.65.218 - - [01/Aug/2016:06:09:14 -0700] "GET / HTTP/1.1" 200 89941 "http://www.oceanfreshfish.ru/" "Mozilla/5.0 (Windows NT 5.1; U; en) Opera 8.01" "saveaslave.com"
134.249.65.218 - - [01/Aug/2016:06:09:14 -0700] "GET / HTTP/1.1" 200 89941 "http://www.oceanfreshfish.ru/" "Mozilla/5.0 (Windows NT 5.1; U; en) Opera 8.01" "saveaslave.com"
134.249.65.218 - - [01/Aug/2016:06:09:16 -0700] "GET / HTTP/1.1" 200 89941 "http://www.oceanfreshfish.ru/" "Mozilla/5.0 (Windows NT 5.1; U; en) Opera 8.01" "saveaslave.com"[1]
65.36.241.48 - - [01/Aug/2016:06:13:00 -0700] "HEAD / HTTP/1.1" 200 0 "-" "InternetSeer.com" "www.saveaslave.com"
51.255.65.51 - - [01/Aug/2016:06:14:58 -0700] "GET /disclaimer.html HTTP/1.1" 404 89 "-" "Mozilla/5.0 (compatible; AhrefsBot/5.1; +http://ahrefs.com/robot/)" "saveaslave.com"
40.77.167.89 - - [01/Aug/2016:07:10:23 -0700] "GET /articles/slavetrafficking.html HTTP/1.1" 404 89 "-" "Mozilla/5.0 (iPhone; CPU iPhone OS 7_0 like Mac OS X) AppleWebKit/537.51.1 (KHTML, like Gecko) Version/7.0 Mobile/11A465 Safari/9537.53 (compatible; bingbot/2.0; +http://www.bing.com/bingbot.htm)" "www.saveaslave.com"
172.126.223.37 - - [01/Aug/2016:07:23:36 -0700] "GET / HTTP/1.1" 200 89977 "-" "Mozilla/5.0 (Windows NT 10.0; WOW64) AppleWebKit/537.36 (KHTML, like Gecko) Chrome/51.0.2704.103 Safari/537.36" "www.saveaslave.com"
172.126.223.37 - - [01/Aug/2016:07:24:40 -0700] "GET /our-supporters.php HTTP/1.1" 200 55407 "http://www.saveaslave.com/" "Mozilla/5.0 (Windows NT 10.0; WOW64) AppleWebKit/537.36 (KHTML, like Gecko) Chrome/51.0.2704.103 Safari/537.36" "www.saveaslave.com"[0]
172.126.223.37 - - [01/Aug/2016:07:24:42 -0700] "GET /css/down-arrow.png HTTP/1.1" 404 89 "http://www.saveaslave.com/css/elements.css" "Mozilla/5.0 (Windows NT 10.0; WOW64) AppleWebKit/537.36 (KHTML, like Gecko) Chrome/51.0.2704.103 Safari/537.36" "www.saveaslave.com"
178.255.215.78 - - [01/Aug/2016:07:31:12 -0700] "GET /contact-us.php HTTP/1.1" 200 30488 "-" "Mozilla/5.0 (compatible; Exabot/3.0; +http://www.exabot.com/go/robot)" "www.saveaslave.com"[1]
208.115.113.86 - - [01/Aug/2016:07:41:48 -0700] "GET /robots.txt HTTP/1.1" 200 48 "-" "Mozilla/5.0 (compatible; DotBot/1.1; http://www.opensiteexplorer.org/dotbot, help@moz.com)" "saveaslave.com"
51.255.65.4 - - [01/Aug/2016:07:58:55 -0700] "GET /belize.html HTTP/1.1" 404 89 "-" "Mozilla/5.0 (compatible; AhrefsBot/5.1; +http://ahrefs.com/robot/)" "www.saveaslave.com"
207.181.228.82 - - [01/Aug/2016:08:09:01 -0700] "GET /gfeedfetcher.js HTTP/1.1" 200 9018 "http://saveaslave.com/" "Mozilla/5.0 (Windows NT 10.0; Win64; x64) AppleWebKit/537.36 (KHTML, like Gecko) Chrome/51.0.2704.103 Safari/537.36" "saveaslave.com"
207.181.228.82 - - [01/Aug/2016:08:09:01 -0700] "GET /assets/js/ie-emulation-modes-warning.js HTTP/1.1" 200 2130 "http://saveaslave.com/" "Mozilla/5.0 (Windows NT 10.0; Win64; x64) AppleWebKit/537.36 (KHTML, like Gecko) Chrome/51.0.2704.103 Safari/537.36" "saveaslave.com"
207.181.228.82 - - [01/Aug/2016:08:09:01 -0700] "GET /images/cover1.jpg HTTP/1.1" 200 253658 "http://saveaslave.com/" "Mozilla/5.0 (Windows NT 10.0; Win64; x64) AppleWebKit/537.36 (KHTML, like Gecko) Chrome/51.0.2704.103 Safari/537.36" "saveaslave.com"
207.181.228.82 - - [01/Aug/2016:08:09:02 -0700] "GET /images/social2.png HTTP/1.1" 200 1752 "http://saveaslave.com/" "Mozilla/5.0 (Windows NT 10.0; Win64; x64) AppleWebKit/537.36 (KHTML, like Gecko) Chrome/51.0.2704.103 Safari/537.36" "saveaslave.com"
207.181.228.82 - - [01/Aug/2016:08:09:02 -0700] "GET /images/select-arrow.png HTTP/1.1" 200 1118 "http://saveaslave.com/css/style.css" "Mozilla/5.0 (Windows NT 10.0; Win64; x64) AppleWebKit/537.36 (KHTML, like Gecko) Chrome/51.0.2704.103 Safari/537.36" "saveaslave.com"
207.181.228.82 - - [01/Aug/2016:08:09:02 -0700] "GET /css/down-arrow.png HTTP/1.1" 404 89 "http://saveaslave.com/css/elements.css" "Mozilla/5.0 (Windows NT 10.0; Win64; x64) AppleWebKit/537.36 (KHTML, like Gecko) Chrome/51.0.2704.103 Safari/537.36" "saveaslave.com"
207.181.228.82 - - [01/Aug/2016:08:09:04 -0700] "GET /ico/favicon-32x32.png HTTP/1.1" 200 1892 "http://saveaslave.com/" "Mozilla/5.0 (Windows NT 10.0; Win64; x64) AppleWebKit/537.36 (KHTML, like Gecko) Chrome/51.0.2704.103 Safari/537.36" "saveaslave.com"
207.181.228.82 - - [01/Aug/2016:08:09:20 -0700] "GET /country.php?name=United%20States&lang=en HTTP/1.1" 200 53114 "http://saveaslave.com/" "Mozilla/5.0 (Windows NT 10.0; Win64; x64) AppleWebKit/537.36 (KHTML, like Gecko) Chrome/51.0.2704.103 Safari/537.36" "saveaslave.com"[1]
207.181.228.82 - - [01/Aug/2016:08:09:20 -0700] "GET /images/article/article5a.jpg HTTP/1.1" 200 52731 "http://saveaslave.com/country.php?name=United%20States&lang=en" "Mozilla/5.0 (Windows NT 10.0; Win64; x64) AppleWebKit/537.36 (KHTML, like Gecko) Chrome/51.0.2704.103 Safari/537.36" "saveaslave.com"
207.181.228.82 - - [01/Aug/2016:08:09:20 -0700] "GET /addarticle.php HTTP/1.1" 200 13682 "http://saveaslave.com/country.php?name=United%20States&lang=en" "Mozilla/5.0 (Windows NT 10.0; Win64; x64) AppleWebKit/537.36 (KHTML, like Gecko) Chrome/51.0.2704.103 Safari/537.36" "saveaslave.com"
207.181.228.82 - - [01/Aug/2016:08:09:20 -0700] "GET /images/top-1.jpg HTTP/1.1" 200 77341 "http://saveaslave.com/country.php?name=United%20States&lang=en" "Mozilla/5.0 (Windows NT 10.0; Win64; x64) AppleWebKit/537.36 (KHTML, like Gecko) Chrome/51.0.2704.103 Safari/537.36" "saveaslave.com"
207.181.228.82 - - [01/Aug/2016:08:09:21 -0700] "GET /css/down-arrow.png HTTP/1.1" 404 89 "http://saveaslave.com/css/elements.css" "Mozilla/5.0 (Windows NT 10.0; Win64; x64) AppleWebKit/537.36 (KHTML, like Gecko) Chrome/51.0.2704.103 Safari/537.36" "saveaslave.com"
207.181.228.82 - - [01/Aug/2016:08:09:48 -0700] "GET /images/supporters/a21-logo.png HTTP/1.1" 200 6163 "http://saveaslave.com/our-supporters.php" "Mozilla/5.0 (Windows NT 10.0; Win64; x64) AppleWebKit/537.36 (KHTML, like Gecko) Chrome/51.0.2704.103 Safari/537.36" "saveaslave.com"
207.181.228.82 - - [01/Aug/2016:08:09:48 -0700] "GET /images/supporters/child-wise.jpg HTTP/1.1" 200 5250 "http://saveaslave.com/our-supporters.php" "Mozilla/5.0 (Windows NT 10.0; Win64; x64) AppleWebKit/537.36 (KHTML, like Gecko) Chrome/51.0.2704.103 Safari/537.36" "saveaslave.com"
207.181.228.82 - - [01/Aug/2016:08:09:48 -0700] "GET /images/supporters/rescue-foundation.jpg HTTP/1.1" 200 3083 "http://saveaslave.com/our-supporters.php" "Mozilla/5.0 (Windows NT 10.0; Win64; x64) AppleWebKit/537.36 (KHTML, like Gecko) Chrome/51.0.2704.103 Safari/537.36" "saveaslave.com"
207.181.228.82 - - [01/Aug/2016:08:09:48 -0700] "GET /images/supporters/goodweave.jpg HTTP/1.1" 200 5217 "http://saveaslave.com/our-supporters.php" "Mozilla/5.0 (Windows NT 10.0; Win64; x64) AppleWebKit/537.36 (KHTML, like Gecko) Chrome/51.0.2704.103 Safari/537.36" "saveaslave.com"
123.125.71.81 - - [01/Aug/2016:09:10:39 -0700] "GET / HTTP/1.1" 200 89977 "-" "Mozilla/5.0 (compatible; Baiduspider/2.0; +http://www.baidu.com/search/spider.html)" "saveaslave.com"
176.31.229.211 - - [01/Aug/2016:09:47:24 -0700] "GET / HTTP/1.1" 200 89977 "-" "Mozilla/5.0 (Windows NT 6.1; WOW64; rv:47.0) Gecko/20100101 Firefox/47.0" "saveaslave.com"[2]
46.105.105.10 - - [01/Aug/2016:09:47:43 -0700] "GET / HTTP/1.1" 200 89977 "-" "Mozilla/5.0 (Windows NT 6.1; WOW64; rv:47.0) Gecko/20100101 Firefox/47.0" "saveaslave.com"
65.36.241.48 - - [01/Aug/2016:10:06:19 -0700] "HEAD /?tpl=references&Itemid=3 HTTP/1.1" 200 0 "-" "InternetSeer.com" "www.saveaslave.com"
164.132.161.90 - - [01/Aug/2016:11:55:55 -0700] "GET /namibia.html HTTP/1.1" 404 89 "-" "Mozilla/5.0 (compatible; AhrefsBot/5.1; +http://ahrefs.com/robot/)" "saveaslave.com"
159.203.61.153 - - [01/Aug/2016:11:59:06 -0700] "HEAD / HTTP/1.1" 200 0 "-" "curl/7.38.0" "saveaslave.com"
208.115.113.86 - - [01/Aug/2016:11:59:31 -0700] "GET /bolivia.html HTTP/1.1" 404 89 "-" "Mozilla/5.0 (compatible; DotBot/1.1; http://www.opensiteexplorer.org/dotbot, help@moz.com)" "saveaslave.com"
208.115.113.86 - - [01/Aug/2016:11:59:32 -0700] "GET /french-polynesia.html HTTP/1.1" 404 89 "-" "Mozilla/5.0 (compatible; DotBot/1.1; http://www.opensiteexplorer.org/dotbot, help@moz.com)" "saveaslave.com"
208.115.113.86 - - [01/Aug/2016:12:07:47 -0700] "GET /help.php HTTP/1.1" 200 52766 "-" "Mozilla/5.0 (compatible; DotBot/1.1; http://www.opensiteexplorer.org/dotbot, help@moz.com)" "www.saveaslave.com"
5.135.143.181 - - [01/Aug/2016:12:33:54 -0700] "GET / HTTP/1.1" 200 89977 "-" "Mozilla/5.0 (Windows NT 10.0; WOW64) AppleWebKit/537.36 (KHTML, like Gecko) Chrome/51.0.2704.103 Safari/537.36" "saveaslave.com"
208.115.113.94 - - [01/Aug/2016:12:42:17 -0700] "GET /robots.txt HTTP/1.1" 200 48 "-" "Mozilla/5.0 (compatible; DotBot/1.1; http://www.opensiteexplorer.org/dotbot, help@moz.com)" "saveaslave.com"[0]
77.75.74.87 - - [01/Aug/2016:13:06:37 -0700] "GET /robots.txt HTTP/1.1" 200 48 "-" "Mozilla/5.0 (compatible; SeznamBot/3.2-test1; +http://fulltext.sblog.cz/)" "saveaslave.com"
77.75.74.87 - - [01/Aug/2016:13:06:40 -0700] "GET / HTTP/1.1" 200 89977 "-" "Mozilla/5.0 (compatible; SeznamBot/3.2-test1; +http://fulltext.sblog.cz/)" "saveaslave.com"[2]
164.132.161.2 - - [01/Aug/2016:13:17:54 -0700] "GET /help.php HTTP/1.1" 200 52766 "-" "Mozilla/5.0 (compatible; AhrefsBot/5.1; +http://ahrefs.com/robot/)" "saveaslave.com"
65.36.241.48 - - [01/Aug/2016:13:32:39 -0700] "HEAD / HTTP/1.1" 200 0 "-" "InternetSeer.com" "www.saveaslave.com"
195.154.199.103 - - [01/Aug/2016:13:39:18 -0700] "GET / HTTP/1.1" 200 89977 "-" "Mozilla/5.0 (Windows NT 6.1) AppleWebKit/537.36 (KHTML, like Gecko) Chrome/41.0.2228.0 Safari/537.36" "saveaslave.com"
66.249.66.183 - - [01/Aug/2016:13:42:58 -0700] "GET /apple-app-site-association HTTP/1.1" 403 255 "-" "Mozilla/5.0 (compatible; Googlebot/2.1; +http://www.google.com/bot.html)" "saveaslave.com"[0]
172.126.223.37 - - [01/Aug/2016:13:48:28 -0700] "GET /addarticle.php HTTP/1.1" 200 13682 "http://www.saveaslave.com/" "Mozilla/5.0 (Windows NT 10.0; WOW64) AppleWebKit/537.36 (KHTML, like Gecko) Chrome/51.0.2704.103 Safari/537.36" "www.saveaslave.com"
172.126.223.37 - - [01/Aug/2016:13:48:28 -0700] "GET /css/down-arrow.png HTTP/1.1" 404 89 "http://www.saveaslave.com/css/elements.css" "Mozilla/5.0 (Windows NT 10.0; WOW64) AppleWebKit/537.36 (KHTML, like Gecko) Chrome/51.0.2704.103 Safari/537.36" "www.saveaslave.com"
54.211.242.79 - - [01/Aug/2016:13:57:33 -0700] "GET / HTTP/1.1" 200 89977 "-" "-" "saveaslave.com"
208.115.113.86 - - [01/Aug/2016:14:08:07 -0700] "GET /Marriage.html HTTP/1.1" 404 89 "-" "Mozilla/5.0 (compatible; DotBot/1.1; http://www.opensiteexplorer.org/dotbot, help@moz.com)" "www.saveaslave.com"
111.206.36.146 - - [01/Aug/2016:14:11:51 -0700] "GET /robots.txt HTTP/1.1" 200 48 "-" "Mozilla/5.0 (Windows NT 10.0; WOW64) AppleWebKit/537.36 (KHTML, like Gecko) Chrome/45.0.2454.93 Safari/537.36" "www.saveaslave.com"[0]
65.36.241.48 - - [01/Aug/2016:14:48:46 -0700] "HEAD / HTTP/1.1" 200 0 "-" "InternetSeer.com" "www.saveaslave.com"
208.115.113.86 - - [01/Aug/2016:14:50:37 -0700] "GET /sierra-leone.html HTTP/1.1" 404 89 "-" "Mozilla/5.0 (compatible; DotBot/1.1; http://www.opensiteexplorer.org/dotbot, help@moz.com)" "saveaslave.com"
208.115.113.86 - - [01/Aug/2016:14:57:14 -0700] "GET /denmark.html HTTP/1.1" 404 89 "-" "Mozilla/5.0 (compatible; DotBot/1.1; http://www.opensiteexplorer.org/dotbot, help@moz.com)" "www.saveaslave.com"
172.126.223.37 - - [01/Aug/2016:15:03:12 -0700] "GET / HTTP/1.1" 200 89941 "https://www.google.com/" "Mozilla/5.0 (Windows NT 10.0; WOW64) AppleWebKit/537.36 (KHTML, like Gecko) Chrome/51.0.2704.103 Safari/537.36" "www.saveaslave.com"
172.126.223.37 - - [01/Aug/2016:15:03:13 -0700] "GET / HTTP/1.1" 200 89941 "https://www.google.com/" "Mozilla/5.0 (Windows NT 10.0; WOW64) AppleWebKit/537.36 (KHTML, like Gecko) Chrome/51.0.2704.103 Safari/537.36" "www.saveaslave.com"
172.126.223.37 - - [01/Aug/2016:15:03:15 -0700] "GET /addarticle.php HTTP/1.1" 200 13682 "http://www.saveaslave.com/" "Mozilla/5.0 (Windows NT 10.0; WOW64) AppleWebKit/537.36 (KHTML, like Gecko) Chrome/51.0.2704.103 Safari/537.36" "www.saveaslave.com"
172.126.223.37 - - [01/Aug/2016:15:03:15 -0700] "GET /css/down-arrow.png HTTP/1.1" 404 89 "http://www.saveaslave.com/css/elements.css" "Mozilla/5.0 (Windows NT 10.0; WOW64) AppleWebKit/537.36 (KHTML, like Gecko) Chrome/51.0.2704.103 Safari/537.36" "www.saveaslave.com"
172.126.223.37 - - [01/Aug/2016:15:03:18 -0700] "GET /our-supporters.php HTTP/1.1" 200 55407 "http://www.saveaslave.com/" "Mozilla/5.0 (Windows NT 10.0; WOW64) AppleWebKit/537.36 (KHTML, like Gecko) Chrome/51.0.2704.103 Safari/537.36" "www.saveaslave.com"
172.126.223.37 - - [01/Aug/2016:15:03:20 -0700] "GET /css/down-arrow.png HTTP/1.1" 404 89 "http://www.saveaslave.com/css/elements.css" "Mozilla/5.0 (Windows NT 10.0; WOW64) AppleWebKit/537.36 (KHTML, like Gecko) Chrome/51.0.2704.103 Safari/537.36" "www.saveaslave.com"[0]
172.126.223.37 - - [01/Aug/2016:15:13:50 -0700] "GET / HTTP/1.1" 200 89941 "https://www.google.com/" "Mozilla/5.0 (Windows NT 10.0; WOW64) AppleWebKit/537.36 (KHTML, like Gecko) Chrome/51.0.2704.103 Safari/537.36" "www.saveaslave.com"
172.126.223.37 - - [01/Aug/2016:15:13:52 -0700] "GET /addarticle.php HTTP/1.1" 200 13682 "http://www.saveaslave.com/" "Mozilla/5.0 (Windows NT 10.0; WOW64) AppleWebKit/537.36 (KHTML, like Gecko) Chrome/51.0.2704.103 Safari/537.36" "www.saveaslave.com"
172.126.223.37 - - [01/Aug/2016:15:13:57 -0700] "GET /our-supporters.php HTTP/1.1" 200 55407 "http://www.saveaslave.com/" "Mozilla/5.0 (Windows NT 10.0; WOW64) AppleWebKit/537.36 (KHTML, like Gecko) Chrome/51.0.2704.103 Safari/537.36" "www.saveaslave.com"
172.126.223.37 - - [01/Aug/2016:15:13:58 -0700] "GET /our-supporters.php HTTP/1.1" 200 55407 "http://www.saveaslave.com/" "Mozilla/5.0 (Windows NT 10.0; WOW64) AppleWebKit/537.36 (KHTML, like Gecko) Chrome/51.0.2704.103 Safari/537.36" "www.saveaslave.com"[1]
172.126.223.37 - - [01/Aug/2016:15:14:02 -0700] "GET /css/down-arrow.png HTTP/1.1" 404 89 "http://www.saveaslave.com/css/elements.css" "Mozilla/5.0 (Windows NT 10.0; WOW64) AppleWebKit/537.36 (KHTML, like Gecko) Chrome/51.0.2704.103 Safari/537.36" "www.saveaslave.com"
66.249.66.141 - - [01/Aug/2016:15:17:28 -0700] "GET /Television.html HTTP/1.1" 404 89 "-" "Mozilla/5.0 (Linux; Android 6.0.1; Nexus 5X Build/MMB29P) AppleWebKit/537.36 (KHTML, like Gecko) Chrome/41.0.2272.96 Mobile Safari/537.36 (compatible; Googlebot/2.1; +http://www.google.com/bot.html)" "www.saveaslave.com"
66.249.83.194 - - [01/Aug/2016:15:42:16 -0700] "GET /css/bootstrap.min.css HTTP/1.1" 200 123578 "http://saveaslave.com/our-newsr.php" "Mozilla/5.0 (Linux; Android 4.2.1; en-us; Nexus 5 Build/JOP40D) AppleWebKit/535.19 (KHTML, like Gecko; googleweblight) Chrome/38.0.1025.166 Mobile Safari/535.19" "saveaslave.com"
66.249.83.252 - - [01/Aug/2016:15:42:16 -0700] "GET /css/style.css HTTP/1.1" 200 7938 "http://saveaslave.com/our-newsr.php" "Mozilla/5.0 (Linux; Android 4.2.1; en-us; Nexus 5 Build/JOP40D) AppleWebKit/535.19 (KHTML, like Gecko; googleweblight) Chrome/38.0.1025.166 Mobile Safari/535.19" "saveaslave.com"
66.249.83.252 - - [01/Aug/2016:15:42:16 -0700] "GET /images/article/1402379001_o-torgovle-lyudmi-21.jpg HTTP/1.1" 200 33957 "http://saveaslave.com/our-newsr.php" "Mozilla/5.0 (Linux; Android 4.2.1; en-us; Nexus 5 Build/JOP40D) AppleWebKit/535.19 (KHTML, like Gecko; googleweblight) Chrome/38.0.1025.166 Mobile Safari/535.19" "saveaslave.com"
66.249.83.198 - - [01/Aug/2016:15:42:17 -0700] "GET /images/article/128712997050803b%20(1).jpg HTTP/1.1" 200 24359 "http://saveaslave.com/our-newsr.php" "Mozilla/5.0 (Linux; Android 4.2.1; en-us; Nexus 5 Build/JOP40D) AppleWebKit/535.19 (KHTML, like Gecko; googleweblight) Chrome/38.0.1025.166 Mobile Safari/535.19" "saveaslave.com"
66.249.83.252 - - [01/Aug/2016:15:42:17 -0700] "GET /images/social1.png HTTP/1.1" 200 2012 "http://saveaslave.com/our-newsr.php" "Mozilla/5.0 (Linux; Android 4.2.1; en-us; Nexus 5 Build/JOP40D) AppleWebKit/535.19 (KHTML, like Gecko; googleweblight) Chrome/38.0.1025.166 Mobile Safari/535.19" "saveaslave.com"
66.249.83.194 - - [01/Aug/2016:15:42:17 -0700] "GET /images/social3.png HTTP/1.1" 200 4343 "http://saveaslave.com/our-newsr.php" "Mozilla/5.0 (Linux; Android 4.2.1; en-us; Nexus 5 Build/JOP40D) AppleWebKit/535.19 (KHTML, like Gecko; googleweblight) Chrome/38.0.1025.166 Mobile Safari/535.19" "saveaslave.com"
66.249.83.252 - - [01/Aug/2016:15:42:17 -0700] "GET /css/down-arrow.png HTTP/1.1" 404 89 "http://saveaslave.com/our-newsr.php" "Mozilla/5.0 (Linux; Android 4.2.1; en-us; Nexus 5 Build/JOP40D) AppleWebKit/535.19 (KHTML, like Gecko; googleweblight) Chrome/38.0.1025.166 Mobile Safari/535.19" "saveaslave.com"
66.249.66.145 - - [01/Aug/2016:15:46:52 -0700] "GET /malawi HTTP/1.1" 404 89 "-" "Mozilla/5.0 (Linux; Android 6.0.1; Nexus 5X Build/MMB29P) AppleWebKit/537.36 (KHTML, like Gecko) Chrome/41.0.2272.96 Mobile Safari/537.36 (compatible; Googlebot/2.1; +http://www.google.com/bot.html)" "www.saveaslave.com"
51.255.65.97 - - [01/Aug/2016:15:53:38 -0700] "GET /lesotho.html HTTP/1.1" 404 89 "-" "Mozilla/5.0 (compatible; AhrefsBot/5.1; +http://ahrefs.com/robot/)" "saveaslave.com"
157.55.39.133 - - [01/Aug/2016:16:00:27 -0700] "GET /sitemap.xml HTTP/1.1" 200 296 "-" "Mozilla/5.0 (compatible; bingbot/2.0; +http://www.bing.com/bingbot.htm)" "saveaslave.com"
208.115.113.86 - - [01/Aug/2016:16:57:01 -0700] "GET /article.php?id=47 HTTP/1.1" 200 776 "-" "Mozilla/5.0 (compatible; DotBot/1.1; http://www.opensiteexplorer.org/dotbot, help@moz.com)" "saveaslave.com"
159.203.61.153 - - [01/Aug/2016:16:57:38 -0700] "HEAD / HTTP/1.1" 200 0 "-" "curl/7.38.0" "saveaslave.com"
159.203.61.153 - - [01/Aug/2016:17:14:03 -0700] "HEAD / HTTP/1.1" 200 0 "-" "curl/7.38.0" "saveaslave.com"
159.203.61.153 - - [01/Aug/2016:17:23:42 -0700] "HEAD / HTTP/1.1" 200 0 "-" "curl/7.38.0" "saveaslave.com"
134.249.53.72 - - [01/Aug/2016:18:11:37 -0700] "GET / HTTP/1.1" 200 89941 "http://vladimir.xrus.org/" "Opera/9.0 (Windows NT 5.1; U; en)" "saveaslave.com"[2]
208.115.113.86 - - [01/Aug/2016:18:21:04 -0700] "GET /robots.txt HTTP/1.1" 200 48 "-" "Mozilla/5.0 (compatible; DotBot/1.1; http://www.opensiteexplorer.org/dotbot, help@moz.com)" "www.saveaslave.com"
172.245.14.221 - - [01/Aug/2016:18:58:35 -0700] "GET /country.php?name=Belize&lang=en HTTP/1.1" 200 52821 "http://saveaslave.com/" "Mozilla/5.0 (Windows NT 6.1) AppleWebKit/537.36 (KHTML, like Gecko) Dragon/36.1.1.21 Chrome/36.0.1985.97 Safari/537.36" "saveaslave.com"[2]
208.115.113.86 - - [01/Aug/2016:19:01:35 -0700] "GET /china.html HTTP/1.1" 404 89 "-" "Mozilla/5.0 (compatible; DotBot/1.1; http://www.opensiteexplorer.org/dotbot, help@moz.com)" "www.saveaslave.com"
159.203.61.153 - - [01/Aug/2016:19:38:21 -0700] "HEAD / HTTP/1.1" 200 0 "-" "curl/7.38.0" "saveaslave.com"
208.115.113.86 - - [01/Aug/2016:20:16:35 -0700] "GET /robots.txt HTTP/1.1" 200 48 "-" "Mozilla/5.0 (compatible; DotBot/1.1; http://www.opensiteexplorer.org/dotbot, help@moz.com)" "saveaslave.com"
208.115.113.86 - - [01/Aug/2016:20:17:33 -0700] "GET /srilanka HTTP/1.1" 404 89 "-" "Mozilla/5.0 (compatible; DotBot/1.1; http://www.opensiteexplorer.org/dotbot, help@moz.com)" "www.saveaslave.com"
208.115.113.86 - - [01/Aug/2016:20:17:33 -0700] "GET /southsudan HTTP/1.1" 404 89 "-" "Mozilla/5.0 (compatible; DotBot/1.1; http://www.opensiteexplorer.org/dotbot, help@moz.com)" "www.saveaslave.com"[0]
208.115.113.86 - - [01/Aug/2016:20:17:33 -0700] "GET /capeverde.html HTTP/1.1" 404 89 "-" "Mozilla/5.0 (compatible; DotBot/1.1; http://www.opensiteexplorer.org/dotbot, help@moz.com)" "www.saveaslave.com"
66.85.75.154 - - [01/Aug/2016:20:22:03 -0700] "GET /mailto:saveaslave@aol.com?subject=Inappropriate%20Link%20on%20index.html HTTP/1.1" 404 89 "-" "Mozilla/5.0 (Windows NT 6.2; WOW64) AppleWebKit/537.36 (KHTML, like Gecko) Chrome/27.0.1453.93 Safari/537.36" "www.saveaslave.com"
104.192.170.138 - - [01/Aug/2016:20:22:38 -0700] "GET /css/elements.css HTTP/1.1" 200 17857 "http://saveaslave.com/in-russian.php?lang=ru" "Mozilla/5.0 (Windows NT 6.2; WOW64) AppleWebKit/537.36 (KHTML, like Gecko) Chrome/27.0.1453.93 Safari/537.36" "saveaslave.com"
40.77.167.49 - - [01/Aug/2016:20:26:02 -0700] "GET /index.php HTTP/1.1" 200 89977 "-" "Mozilla/5.0 (compatible; bingbot/2.0; +http://www.bing.com/bingbot.htm)" "www.saveaslave.com"
40.77.167.49 - - [01/Aug/2016:20:27:45 -0700] "GET /?Itemid=1 HTTP/1.1" 200 89977 "-" "Mozilla/5.0 (compatible; bingbot/2.0; +http://www.bing.com/bingbot.htm)" "www.saveaslave.com"
40.77.167.53 - - [01/Aug/2016:20:27:45 -0700] "GET /kuwait.html HTTP/1.1" 404 89 "-" "Mozilla/5.0 (compatible; bingbot/2.0; +http://www.bing.com/bingbot.htm)" "www.saveaslave.com"
157.55.39.133 - - [01/Aug/2016:20:34:37 -0700] "GET /robots.txt HTTP/1.1" 200 48 "-" "Mozilla/5.0 (compatible; bingbot/2.0; +http://www.bing.com/bingbot.htm)" "www.saveaslave.com"
66.85.75.154 - - [01/Aug/2016:20:36:24 -0700] "GET /our-supporters.php HTTP/1.1" 200 55443 "-" "Mozilla/5.0 (Windows NT 6.2; WOW64) AppleWebKit/537.36 (KHTML, like Gecko) Chrome/27.0.1453.93 Safari/537.36" "www.saveaslave.com"
66.85.75.154 - - [01/Aug/2016:20:36:24 -0700] "GET /assets/js/ie-emulation-modes-warning.js HTTP/1.1" 200 2130 "http://www.saveaslave.com/our-supporters.php" "Mozilla/5.0 (Windows NT 6.2; WOW64) AppleWebKit/537.36 (KHTML, like Gecko) Chrome/27.0.1453.93 Safari/537.36" "www.saveaslave.com"
162.243.172.166 - - [01/Aug/2016:20:39:04 -0700] "GET /css/bootstrap.min.css HTTP/1.1" 200 123578 "http://www.saveaslave.com/contact-us.php" "Mozilla/5.0 (Windows NT 6.2; WOW64) AppleWebKit/537.36 (KHTML, like Gecko) Chrome/27.0.1453.93 Safari/537.36" "www.saveaslave.com"
162.243.172.166 - - [01/Aug/2016:20:39:04 -0700] "GET /js/bootstrap.min.js HTTP/1.1" 200 37055 "http://www.saveaslave.com/contact-us.php" "Mozilla/5.0 (Windows NT 6.2; WOW64) AppleWebKit/537.36 (KHTML, like Gecko) Chrome/27.0.1453.93 Safari/537.36" "www.saveaslave.com"
159.203.182.96 - - [01/Aug/2016:20:42:31 -0700] "GET /our-news.php HTTP/1.1" 200 65039 "-" "Mozilla/5.0 (Windows NT 6.2; WOW64) AppleWebKit/537.36 (KHTML, like Gecko) Chrome/27.0.1453.93 Safari/537.36" "www.saveaslave.com"[1]
159.203.182.96 - - [01/Aug/2016:20:42:31 -0700] "GET /gfeedfetcher.js HTTP/1.1" 200 9018 "http://www.saveaslave.com/our-news.php" "Mozilla/5.0 (Windows NT 6.2; WOW64) AppleWebKit/537.36 (KHTML, like Gecko) Chrome/27.0.1453.93 Safari/537.36" "www.saveaslave.com"
159.203.182.96 - - [01/Aug/2016:20:42:32 -0700] "GET /assets/js/ie10-viewport-bug-workaround.js HTTP/1.1" 200 641 "http://www.saveaslave.com/our-news.php" "Mozilla/5.0 (Windows NT 6.2; WOW64) AppleWebKit/537.36 (KHTML, like Gecko) Chrome/27.0.1453.93 Safari/537.36" "www.saveaslave.com"
159.203.182.96 - - [01/Aug/2016:20:42:33 -0700] "GET /addarticle.php HTTP/1.1" 200 13682 "http://www.saveaslave.com/our-news.php" "Mozilla/5.0 (Windows NT 6.2; WOW64) AppleWebKit/537.36 (KHTML, like Gecko) Chrome/27.0.1453.93 Safari/537.36" "www.saveaslave.com"
65.36.241.48 - - [01/Aug/2016:20:47:33 -0700] "HEAD /?tpl=references&Itemid=3 HTTP/1.1" 200 0 "-" "InternetSeer.com" "www.saveaslave.com"
180.252.59.123 - - [01/Aug/2016:20:50:28 -0700] "GET /images/article6.jpg HTTP/1.1" 200 57746 "https://www.google.com.hk/" "Mozilla/5.0 (Macintosh; Intel Mac OS X 10_11_3) AppleWebKit/537.36 (KHTML, like Gecko) Chrome/51.0.2704.103 Safari/537.36" "www.saveaslave.com"
65.36.241.48 - - [01/Aug/2016:21:31:46 -0700] "HEAD / HTTP/1.1" 200 0 "-" "InternetSeer.com" "www.saveaslave.com"
134.249.48.27 - - [01/Aug/2016:22:08:55 -0700] "GET / HTTP/1.1" 200 89941 "http://magnitogorsk.xrus.org/" "Opera/7.54 (Windows NT 5.1; U)  [pl]" "saveaslave.com"
208.115.113.86 - - [01/Aug/2016:22:16:43 -0700] "GET /pitcairnislands.html HTTP/1.1" 404 89 "-" "Mozilla/5.0 (compatible; DotBot/1.1; http://www.opensiteexplorer.org/dotbot, help@moz.com)" "saveaslave.com"
208.115.113.86 - - [01/Aug/2016:22:49:36 -0700] "GET /robots.txt HTTP/1.1" 200 48 "-" "Mozilla/5.0 (compatible; DotBot/1.1; http://www.opensiteexplorer.org/dotbot, help@moz.com)" "saveaslave.com"[0]
208.115.113.86 - - [01/Aug/2016:22:49:36 -0700] "GET /robots.txt HTTP/1.1" 200 48 "-" "Mozilla/5.0 (compatible; DotBot/1.1; http://www.opensiteexplorer.org/dotbot, help@moz.com)" "www.saveaslave.com"
157.55.39.234 - - [01/Aug/2016:23:18:59 -0700] "GET /who-we-are.php HTTP/1.1" 200 50828 "-" "Mozilla/5.0 (compatible; bingbot/2.0; +http://www.bing.com/bingbot.htm)" "www.saveaslave.com"[2]
178.255.215.78 - - [01/Aug/2016:23:28:30 -0700] "GET /albania.html HTTP/1.1" 404 89 "-" "Mozilla/5.0 (compatible; Exabot/3.0; +http://www.exabot.com/go/robot)" "www.saveaslave.com"
84.6.75.111 - - [01/Aug/2016:23:41:34 -0700] "GET /wp-admin/ HTTP/1.1" 404 89 "-" "-" "saveaslave.com"
109.184.175.226 - - [01/Aug/2016:23:42:59 -0700] "POST /wp-admin/admin-ajax.php HTTP/1.1" 404 89 "-" "Mozilla/5.0 (compatible; MSIE 9.0; Windows NT 6.1; Trident/5.0)" "saveaslave.com"
184.168.46.216 - - [01/Aug/2016:23:56:10 -0700] "GET /wordpress/wp-admin/ HTTP/1.1" 404 89 "-" "-" "saveaslave.com"
157.55.39.234 - - [02/Aug/2016:00:03:20 -0700] "GET /robots.txt HTTP/1.1" 200 48 "-" "Mozilla/5.0 (compatible; bingbot/2.0; +http://www.bing.com/bingbot.htm)" "saveaslave.com"
157.55.39.234 - - [02/Aug/2016:00:09:09 -0700] "GET /?tpl=about&Itemid=2 HTTP/1.1" 200 89977 "-" "Mozilla/5.0 (compatible; bingbot/2.0; +http://www.bing.com/bingbot.htm)" "www.saveaslave.com"
65.36.241.48 - - [02/Aug/2016:00:20:09 -0700] "HEAD / HTTP/1.1" 200 0 "-" "InternetSeer.com" "www.saveaslave.com"
164.132.161.30 - - [02/Aug/2016:00:24:53 -0700] "GET /denmark.html HTTP/1.1" 404 89 "-" "Mozilla/5.0 (compatible; AhrefsBot/5.1; +http://ahrefs.com/robot/)" "saveaslave.com"
208.115.113.86 - - [02/Aug/2016:00:35:45 -0700] "GET /saintpierre HTTP/1.1" 404 89 "-" "Mozilla/5.0 (compatible; DotBot/1.1; http://www.opensiteexplorer.org/dotbot, help@moz.com)" "www.saveaslave.com"
208.115.113.86 - - [02/Aug/2016:00:35:46 -0700] "GET /korea_south HTTP/1.1" 404 89 "-" "Mozilla/5.0 (compatible; DotBot/1.1; http://www.opensiteexplorer.org/dotbot, help@moz.com)" "saveaslave.com"
208.115.113.86 - - [02/Aug/2016:00:35:46 -0700] "GET /equatorialguinea.html HTTP/1.1" 404 89 "-" "Mozilla/5.0 (compatible; DotBot/1.1; http://www.opensiteexplorer.org/dotbot, help@moz.com)" "saveaslave.com"
66.249.66.132 - - [02/Aug/2016:01:33:22 -0700] "GET /wallis.html HTTP/1.1" 404 89 "-" "Mozilla/5.0 (Linux; Android 6.0.1; Nexus 5X Build/MMB29P) AppleWebKit/537.36 (KHTML, like Gecko) Chrome/41.0.2272.96 Mobile Safari/537.36 (compatible; Googlebot/2.1; +http://www.google.com/bot.html)" "saveaslave.com"[0]
51.255.65.71 - - [02/Aug/2016:01:50:03 -0700] "GET /finland.html HTTP/1.1" 404 89 "-" "Mozilla/5.0 (compatible; AhrefsBot/5.1; +http://ahrefs.com/robot/)" "saveaslave.com"
208.113.170.113 - - [02/Aug/2016:02:01:44 -0700] "POST /cgi-bin/_hash.php HTTP/1.1" 404 89 "-" "Mozilla/5.0 (Windows NT 6.0; rv:16.0) Gecko/20130722 Firefox/16.0" "saveaslave.com"
208.113.170.113 - - [02/Aug/2016:02:01:44 -0700] "POST /wp-includes/_hash.php HTTP/1.1" 404 89 "-" "Mozilla/5.0 (Windows NT 6.0; rv:16.0) Gecko/20130722 Firefox/16.0" "saveaslave.com"
208.113.170.113 - - [02/Aug/2016:02:01:45 -0700] "POST /wp-content/_hash.php HTTP/1.1" 404 89 "-" "Mozilla/5.0 (Windows NT 6.0; rv:16.0) Gecko/20130722 Firefox/16.0" "saveaslave.com"
208.113.170.113 - - [02/Aug/2016:02:01:45 -0700] "POST /wp-admin/_hash.php HTTP/1.1" 404 89 "-" "Mozilla/5.0 (Windows NT 6.0; rv:16.0) Gecko/20130722 Firefox/16.0" "saveaslave.com"
208.113.170.113 - - [02/Aug/2016:02:01:45 -0700] "POST /lyt/archive.php HTTP/1.1" 404 89 "-" "Mozilla/5.0 (Windows NT 6.0; rv:16.0) Gecko/20130722 Firefox/16.0" "saveaslave.com"[0]
208.113.170.113 - - [02/Aug/2016:02:01:45 -0700] "GET /lyt/wp-plugin.php HTTP/1.1" 404 89 "-" "Mozilla/5.0 (Windows NT 6.0; rv:16.0) Firefox/13.0" "saveaslave.com"
208.113.170.113 - - [02/Aug/2016:02:01:45 -0700] "GET /woen/wp-plugin.php HTTP/1.1" 404 89 "-" "Mozilla/5.0 (Windows NT 6.0; rv:16.0) Firefox/13.0" "saveaslave.com"
208.113.170.113 - - [02/Aug/2016:02:01:45 -0700] "GET /wp-admin/uploader.php HTTP/1.1" 404 89 "-" "Mozilla/5.0 (Windows NT 6.0; rv:16.0) Firefox/13.0" "saveaslave.com"
208.113.170.113 - - [02/Aug/2016:02:01:47 -0700] "POST /wp-content/themes/THEME/archive.php HTTP/1.1" 404 89 "-" "Mozilla/5.0 (Windows NT 6.0; rv:16.0) Gecko/20130722 Firefox/16.0" "saveaslave.com"
208.113.170.113 - - [02/Aug/2016:02:01:47 -0700] "GET / HTTP/1.1" 200 89977 "-" "Mozilla/5.0 (Windows NT 6.0; rv:16.0) Firefox/13.0" "saveaslave.com"
208.113.170.113 - - [02/Aug/2016:02:01:47 -0700] "GET / HTTP/1.1" 200 89977 "-" "Mozilla/5.0 (Windows NT 6.0; rv:16.0) Firefox/13.0" "saveaslave.com"
208.113.170.113 - - [02/Aug/2016:02:01:47 -0700] "GET /wp-content/themes/THEME/author.php HTTP/1.1" 404 89 "-" "Mozilla/5.0 (Windows NT 6.0; rv:16.0) Firefox/13.0" "saveaslave.com"
208.113.170.113 - - [02/Aug/2016:02:01:47 -0700] "GET /wp-content/upgrade/theme-compat/popup-pomo.php HTTP/1.1" 404 89 "-" "Mozilla/5.0 (Windows NT 6.0; rv:16.0) Firefox/13.0" "saveaslave.com"[0]
208.113.170.113 - - [02/Aug/2016:02:01:47 -0700] "POST /wp-content/uploads/wpconf.php HTTP/1.1" 404 89 "-" "Mozilla/5.0 (Windows NT 6.0; rv:16.0) Gecko/20130722 Firefox/16.0" "saveaslave.com"
208.113.170.113 - - [02/Aug/2016:02:01:47 -0700] "POST /wp-content/uploads/upfilees.php HTTP/1.1" 404 89 "-" "Mozilla/5.0 (Windows NT 6.0; rv:16.0) Gecko/20130722 Firefox/16.0" "saveaslave.com"
208.113.170.113 - - [02/Aug/2016:02:01:47 -0700] "POST /wp-content/uploads/wpfoot.php HTTP/1.1" 404 89 "-" "Mozilla/5.0 (Windows NT 6.0; rv:16.0) Gecko/20130722 Firefox/16.0" "saveaslave.com"
208.113.170.113 - - [02/Aug/2016:02:01:47 -0700] "POST /wp-includes/category.php HTTP/1.1" 404 89 "-" "Mozilla/5.0 (Windows NT 6.0; rv:16.0) Gecko/20130722 Firefox/16.0" "saveaslave.com"
208.113.170.113 - - [02/Aug/2016:02:01:47 -0700] "POST /wp-includes/js/tinymce/plugins/paste/pdo.inc.php HTTP/1.1" 404 89 "-" "Mozilla/5.0 (Windows NT 6.0; rv:16.0) Gecko/20130722 Firefox/16.0" "saveaslave.com"[0]
208.113.170.113 - - [02/Aug/2016:02:01:47 -0700] "POST /wp-includes/js/tinymce/plugins/wpeditimage/ui-elements.php HTTP/1.1" 404 89 "-" "Mozilla/5.0 (Windows NT 6.0; rv:16.0) Gecko/20130722 Firefox/16.0" "saveaslave.com"[0]
66.249.66.145 - - [02/Aug/2016:02:02:58 -0700] "GET /azerbaijan HTTP/1.1" 404 89 "-" "Mozilla/5.0 (Linux; Android 6.0.1; Nexus 5X Build/MMB29P) AppleWebKit/537.36 (KHTML, like Gecko) Chrome/41.0.2272.96 Mobile Safari/537.36 (compatible; Googlebot/2.1; +http://www.google.com/bot.html)" "www.saveaslave.com"[0]
157.55.39.133 - - [02/Aug/2016:02:37:15 -0700] "GET /cambodia HTTP/1.1" 404 89 "-" "Mozilla/5.0 (compatible; bingbot/2.0; +http://www.bing.com/bingbot.htm)" "www.saveaslave.com"[0]
208.115.113.86 - - [02/Aug/2016:02:39:01 -0700] "GET /robots.txt HTTP/1.1" 200 48 "-" "Mozilla/5.0 (compatible; DotBot/1.1; http://www.opensiteexplorer.org/dotbot, help@moz.com)" "saveaslave.com"[0]
41.189.162.24 - - [02/Aug/2016:03:08:25 -0700] "GET /css/style.css HTTP/1.1" 200 7938 "http://www.saveaslave.com/" "Mozilla/5.0 (iPhone; CPU iPhone OS 9_3_2 like Mac OS X) AppleWebKit/600.1.4 (KHTML, like Gecko) GSA/17.0.128207670 Mobile/13F69 Safari/600.1.4" "www.saveaslave.com"
41.189.162.24 - - [02/Aug/2016:03:08:25 -0700] "GET /gfeedfetcher.js HTTP/1.1" 200 9018 "http://www.saveaslave.com/" "Mozilla/5.0 (iPhone; CPU iPhone OS 9_3_2 like Mac OS X) AppleWebKit/600.1.4 (KHTML, like Gecko) GSA/17.0.128207670 Mobile/13F69 Safari/600.1.4" "www.saveaslave.com"
41.189.162.24 - - [02/Aug/2016:03:08:26 -0700] "GET /gajaxscroller.js HTTP/1.1" 200 9774 "http://www.saveaslave.com/" "Mozilla/5.0 (iPhone; CPU iPhone OS 9_3_2 like Mac OS X) AppleWebKit/600.1.4 (KHTML, like Gecko) GSA/17.0.128207670 Mobile/13F69 Safari/600.1.4" "www.saveaslave.com"[0]
41.189.162.24 - - [02/Aug/2016:03:08:26 -0700] "GET /images/logo2.png HTTP/1.1" 200 18525 "http://www.saveaslave.com/" "Mozilla/5.0 (iPhone; CPU iPhone OS 9_3_2 like Mac OS X) AppleWebKit/600.1.4 (KHTML, like Gecko) GSA/17.0.128207670 Mobile/13F69 Safari/600.1.4" "www.saveaslave.com"
41.189.162.24 - - [02/Aug/2016:03:08:26 -0700] "GET /images/cover1.jpg HTTP/1.1" 200 253658 "http://www.saveaslave.com/" "Mozilla/5.0 (iPhone; CPU iPhone OS 9_3_2 like Mac OS X) AppleWebKit/600.1.4 (KHTML, like Gecko) GSA/17.0.128207670 Mobile/13F69 Safari/600.1.4" "www.saveaslave.com"
41.189.162.24 - - [02/Aug/2016:03:08:26 -0700] "GET /images/article/end_it.jpg HTTP/1.1" 200 33676 "http://www.saveaslave.com/" "Mozilla/5.0 (iPhone; CPU iPhone OS 9_3_2 like Mac OS X) AppleWebKit/600.1.4 (KHTML, like Gecko) GSA/17.0.128207670 Mobile/13F69 Safari/600.1.4" "www.saveaslave.com"
41.189.162.24 - - [02/Aug/2016:03:08:27 -0700] "GET /images/article/s1_dety_beg_d9954.jpg HTTP/1.1" 200 16968 "http://www.saveaslave.com/" "Mozilla/5.0 (iPhone; CPU iPhone OS 9_3_2 like Mac OS X) AppleWebKit/600.1.4 (KHTML, like Gecko) GSA/17.0.128207670 Mobile/13F69 Safari/600.1.4" "www.saveaslave.com"
41.189.162.24 - - [02/Aug/2016:03:08:27 -0700] "GET /images/social1.png HTTP/1.1" 200 2012 "http://www.saveaslave.com/" "Mozilla/5.0 (iPhone; CPU iPhone OS 9_3_2 like Mac OS X) AppleWebKit/600.1.4 (KHTML, like Gecko) GSA/17.0.128207670 Mobile/13F69 Safari/600.1.4" "www.saveaslave.com"
41.189.162.24 - - [02/Aug/2016:03:08:27 -0700] "GET /images/social3.png HTTP/1.1" 200 4343 "http://www.saveaslave.com/" "Mozilla/5.0 (iPhone; CPU iPhone OS 9_3_2 like Mac OS X) AppleWebKit/600.1.4 (KHTML, like Gecko) GSA/17.0.128207670 Mobile/13F69 Safari/600.1.4" "www.saveaslave.com"[0]
41.189.162.24 - - [02/Aug/2016:03:08:27 -0700] "GET /images/social2.png HTTP/1.1" 200 1752 "http://www.saveaslave.com/" "Mozilla/5.0 (iPhone; CPU iPhone OS 9_3_2 like Mac OS X) AppleWebKit/600.1.4 (KHTML, like Gecko) GSA/17.0.128207670 Mobile/13F69 Safari/600.1.4" "www.saveaslave.com"
41.189.162.24 - - [02/Aug/2016:03:08:28 -0700] "GET /css/style-pages.css HTTP/1.1" 200 9894 "http://www.saveaslave.com/" "Mozilla/5.0 (iPhone; CPU iPhone OS 9_3_2 like Mac OS X) AppleWebKit/600.1.4 (KHTML, like Gecko) GSA/17.0.128207670 Mobile/13F69 Safari/600.1.4" "www.saveaslave.com"
41.189.162.24 - - [02/Aug/2016:03:08:28 -0700] "GET /assets/js/ie10-viewport-bug-workaround.js HTTP/1.1" 200 641 "http://www.saveaslave.com/" "Mozilla/5.0 (iPhone; CPU iPhone OS 9_3_2 like Mac OS X) AppleWebKit/600.1.4 (KHTML, like Gecko) GSA/17.0.128207670 Mobile/13F69 Safari/600.1.4" "www.saveaslave.com"
41.189.162.24 - - [02/Aug/2016:03:08:28 -0700] "GET /indicator.gif HTTP/1.1" 200 878 "http://www.saveaslave.com/" "Mozilla/5.0 (iPhone; CPU iPhone OS 9_3_2 like Mac OS X) AppleWebKit/600.1.4 (KHTML, like Gecko) GSA/17.0.128207670 Mobile/13F69 Safari/600.1.4" "www.saveaslave.com"
41.189.162.24 - - [02/Aug/2016:03:08:28 -0700] "GET /addarticle.php HTTP/1.1" 200 13682 "http://www.saveaslave.com/" "Mozilla/5.0 (iPhone; CPU iPhone OS 9_3_2 like Mac OS X) AppleWebKit/600.1.4 (KHTML, like Gecko) GSA/17.0.128207670 Mobile/13F69 Safari/600.1.4" "www.saveaslave.com"
41.189.162.24 - - [02/Aug/2016:03:08:29 -0700] "GET /css/down-arrow.png HTTP/1.1" 404 89 "http://www.saveaslave.com/" "Mozilla/5.0 (iPhone; CPU iPhone OS 9_3_2 like Mac OS X) AppleWebKit/600.1.4 (KHTML, like Gecko) GSA/17.0.128207670 Mobile/13F69 Safari/600.1.4" "www.saveaslave.com"
41.189.162.24 - - [02/Aug/2016:03:09:13 -0700] "GET /who-we-are.php HTTP/1.1" 200 50792 "http://www.saveaslave.com/" "Mozilla/5.0 (iPhone; CPU iPhone OS 9_3_2 like Mac OS X) AppleWebKit/600.1.4 (KHTML, like Gecko) GSA/17.0.128207670 Mobile/13F69 Safari/600.1.4" "www.saveaslave.com"
41.189.162.24 - - [02/Aug/2016:03:09:14 -0700] "GET /images/article5.jpg HTTP/1.1" 200 14497 "http://www.saveaslave.com/who-we-are.php" "Mozilla/5.0 (iPhone; CPU iPhone OS 9_3_2 like Mac OS X) AppleWebKit/600.1.4 (KHTML, like Gecko) GSA/17.0.128207670 Mobile/13F69 Safari/600.1.4" "www.saveaslave.com"
41.189.162.24 - - [02/Aug/2016:03:09:14 -0700] "GET /images/article6.jpg HTTP/1.1" 200 57746 "http://www.saveaslave.com/who-we-are.php" "Mozilla/5.0 (iPhone; CPU iPhone OS 9_3_2 like Mac OS X) AppleWebKit/600.1.4 (KHTML, like Gecko) GSA/17.0.128207670 Mobile/13F69 Safari/600.1.4" "www.saveaslave.com"
41.189.162.24 - - [02/Aug/2016:03:09:14 -0700] "GET /images/top-1.jpg HTTP/1.1" 200 77341 "http://www.saveaslave.com/who-we-are.php" "Mozilla/5.0 (iPhone; CPU iPhone OS 9_3_2 like Mac OS X) AppleWebKit/600.1.4 (KHTML, like Gecko) GSA/17.0.128207670 Mobile/13F69 Safari/600.1.4" "www.saveaslave.com"
41.189.162.24 - - [02/Aug/2016:03:09:15 -0700] "GET /css/down-arrow.png HTTP/1.1" 404 89 "http://www.saveaslave.com/who-we-are.php" "Mozilla/5.0 (iPhone; CPU iPhone OS 9_3_2 like Mac OS X) AppleWebKit/600.1.4 (KHTML, like Gecko) GSA/17.0.128207670 Mobile/13F69 Safari/600.1.4" "www.saveaslave.com"
164.132.161.7 - - [02/Aug/2016:03:23:11 -0700] "GET /www.safehorizon.org HTTP/1.1" 404 89 "-" "Mozilla/5.0 (compatible; AhrefsBot/5.1; +http://ahrefs.com/robot/)" "www.saveaslave.com"
157.55.39.133 - - [02/Aug/2016:03:29:56 -0700] "GET /Blogs.html HTTP/1.1" 404 89 "-" "Mozilla/5.0 (compatible; bingbot/2.0; +http://www.bing.com/bingbot.htm)" "saveaslave.com"
157.55.39.133 - - [02/Aug/2016:03:30:09 -0700] "GET /?tpl=newspaper&Itemid=6&countrycode=us HTTP/1.1" 200 89977 "-" "Mozilla/5.0 (compatible; bingbot/2.0; +http://www.bing.com/bingbot.htm)" "saveaslave.com"[4]
157.55.39.133 - - [02/Aug/2016:03:30:11 -0700] "GET /in-russian.php?lang=ru HTTP/1.1" 200 93357 "-" "Mozilla/5.0 (compatible; bingbot/2.0; +http://www.bing.com/bingbot.htm)" "saveaslave.com"
208.115.113.86 - - [02/Aug/2016:03:31:57 -0700] "GET /article.php?id=63 HTTP/1.1" 200 45508 "-" "Mozilla/5.0 (compatible; DotBot/1.1; http://www.opensiteexplorer.org/dotbot, help@moz.com)" "saveaslave.com"
65.36.241.48 - - [02/Aug/2016:03:38:23 -0700] "HEAD / HTTP/1.1" 200 0 "-" "InternetSeer.com" "www.saveaslave.com"
208.115.113.86 - - [02/Aug/2016:03:46:33 -0700] "GET /robots.txt HTTP/1.1" 200 48 "-" "Mozilla/5.0 (compatible; DotBot/1.1; http://www.opensiteexplorer.org/dotbot, help@moz.com)" "www.saveaslave.com"
208.115.113.86 - - [02/Aug/2016:03:46:33 -0700] "GET /robots.txt HTTP/1.1" 200 48 "-" "Mozilla/5.0 (compatible; DotBot/1.1; http://www.opensiteexplorer.org/dotbot, help@moz.com)" "saveaslave.com"
65.36.241.48 - - [02/Aug/2016:05:03:32 -0700] "HEAD / HTTP/1.1" 200 0 "-" "InternetSeer.com" "www.saveaslave.com"
157.55.39.234 - - [02/Aug/2016:05:21:36 -0700] "GET /tunisia HTTP/1.1" 404 89 "-" "Mozilla/5.0 (compatible; bingbot/2.0; +http://www.bing.com/bingbot.htm)" "www.saveaslave.com"
65.36.241.48 - - [02/Aug/2016:06:27:11 -0700] "HEAD / HTTP/1.1" 200 0 "-" "InternetSeer.com" "www.saveaslave.com"
208.115.113.86 - - [02/Aug/2016:06:56:06 -0700] "GET /index.html HTTP/1.1" 404 89 "-" "Mozilla/5.0 (compatible; DotBot/1.1; http://www.opensiteexplorer.org/dotbot, help@moz.com)" "saveaslave.com"
202.46.53.149 - - [02/Aug/2016:07:19:51 -0700] "GET /our-news.php HTTP/1.1" 200 65039 "-" "Mozilla/5.0 (compatible; Baiduspider/2.0; +http://www.baidu.com/search/spider.html)" "www.saveaslave.com"[2]
51.255.65.46 - - [02/Aug/2016:07:39:44 -0700] "GET /www.traffickingaz.org HTTP/1.1" 404 89 "-" "Mozilla/5.0 (compatible; AhrefsBot/5.1; +http://ahrefs.com/robot/)" "saveaslave.com"
65.36.241.48 - - [02/Aug/2016:08:03:01 -0700] "HEAD / HTTP/1.1" 200 0 "-" "InternetSeer.com" "www.saveaslave.com"
157.55.39.133 - - [02/Aug/2016:08:12:55 -0700] "GET /robots.txt HTTP/1.1" 200 48 "-" "Mozilla/5.0 (compatible; bingbot/2.0; +http://www.bing.com/bingbot.htm)" "saveaslave.com"
220.181.108.78 - - [02/Aug/2016:08:34:06 -0700] "GET /photos/top.jpg HTTP/1.1" 404 89 "http://image.baidu.com/i?ct=503316480&z=0&tn=baiduimagedetail" "Baiduspider-image+(+http://www.baidu.com/search/spider.htm)" "saveaslave.com"
208.115.113.86 - - [02/Aug/2016:08:55:38 -0700] "GET /article.php?id=104 HTTP/1.1" 200 776 "-" "Mozilla/5.0 (compatible; DotBot/1.1; http://www.opensiteexplorer.org/dotbot, help@moz.com)" "www.saveaslave.com"[2]
54.211.242.79 - - [02/Aug/2016:09:02:23 -0700] "GET / HTTP/1.1" 200 89977 "-" "-" "saveaslave.com"
164.132.161.7 - - [02/Aug/2016:09:26:32 -0700] "GET /namibia.html HTTP/1.1" 404 89 "-" "Mozilla/5.0 (compatible; AhrefsBot/5.1; +http://ahrefs.com/robot/)" "www.saveaslave.com"
164.132.161.3 - - [02/Aug/2016:09:46:34 -0700] "GET /www.paralosninos.org HTTP/1.1" 404 89 "-" "Mozilla/5.0 (compatible; AhrefsBot/5.1; +http://ahrefs.com/robot/)" "saveaslave.com"
86.210.3.99 - - [02/Aug/2016:09:59:34 -0700] "GET /apple-touch-icon-precomposed.png HTTP/1.1" 404 89 "-" "Safari/11601.4.4 CFNetwork/760.2.6 Darwin/15.3.0 (x86_64)" "www.saveaslave.com"
86.210.3.99 - - [02/Aug/2016:09:59:34 -0700] "GET /apple-touch-icon.png HTTP/1.1" 404 89 "-" "Safari/11601.4.4 CFNetwork/760.2.6 Darwin/15.3.0 (x86_64)" "www.saveaslave.com"[0]
159.203.61.153 - - [02/Aug/2016:10:04:34 -0700] "HEAD / HTTP/1.1" 200 0 "-" "curl/7.38.0" "saveaslave.com"
164.132.161.89 - - [02/Aug/2016:10:12:42 -0700] "GET /timor-leste.html HTTP/1.1" 404 89 "-" "Mozilla/5.0 (compatible; AhrefsBot/5.1; +http://ahrefs.com/robot/)" "saveaslave.com"
162.212.13.12 - - [02/Aug/2016:10:20:08 -0700] "GET /css/bootstrap.min.css HTTP/1.1" 200 123578 "http://saveaslave.com/country.php?name=Dominica&lang=en" "Mozilla/5.0 (Linux; Android 4.1.2; LG-E415g Build/JZO54K) AppleWebKit/537.36 (KHTML, like Gecko) Silk/50.2.1 like Chrome/50.0.2661.89 Mobile Safari/537.36" "saveaslave.com"
162.212.13.12 - - [02/Aug/2016:10:20:11 -0700] "GET /gfeedfetcher.js HTTP/1.1" 200 9018 "http://saveaslave.com/country.php?name=Dominica&lang=en" "Mozilla/5.0 (Linux; Android 4.1.2; LG-E415g Build/JZO54K) AppleWebKit/537.36 (KHTML, like Gecko) Silk/50.2.1 like Chrome/50.0.2661.89 Mobile Safari/537.36" "saveaslave.com"
162.212.13.12 - - [02/Aug/2016:10:20:14 -0700] "GET /gajaxscroller.js HTTP/1.1" 200 9774 "http://saveaslave.com/country.php?name=Dominica&lang=en" "Mozilla/5.0 (Linux; Android 4.1.2; LG-E415g Build/JZO54K) AppleWebKit/537.36 (KHTML, like Gecko) Silk/50.2.1 like Chrome/50.0.2661.89 Mobile Safari/537.36" "saveaslave.com"
162.212.13.12 - - [02/Aug/2016:10:20:20 -0700] "GET /assets/js/ie10-viewport-bug-workaround.js HTTP/1.1" 200 641 "http://saveaslave.com/country.php?name=Dominica&lang=en" "Mozilla/5.0 (Linux; Android 4.1.2; LG-E415g Build/JZO54K) AppleWebKit/537.36 (KHTML, like Gecko) Silk/50.2.1 like Chrome/50.0.2661.89 Mobile Safari/537.36" "saveaslave.com"
162.212.13.12 - - [02/Aug/2016:10:20:26 -0700] "GET /images/logo2.png HTTP/1.1" 200 18525 "http://saveaslave.com/country.php?name=Dominica&lang=en" "Mozilla/5.0 (Linux; Android 4.1.2; LG-E415g Build/JZO54K) AppleWebKit/537.36 (KHTML, like Gecko) Silk/50.2.1 like Chrome/50.0.2661.89 Mobile Safari/537.36" "saveaslave.com"
162.212.13.12 - - [02/Aug/2016:10:20:35 -0700] "GET /images/article/restavek.jpg HTTP/1.1" 200 5410 "http://saveaslave.com/country.php?name=Dominica&lang=en" "Mozilla/5.0 (Linux; Android 4.1.2; LG-E415g Build/JZO54K) AppleWebKit/537.36 (KHTML, like Gecko) Silk/50.2.1 like Chrome/50.0.2661.89 Mobile Safari/537.36" "saveaslave.com"
162.212.13.12 - - [02/Aug/2016:10:20:36 -0700] "GET /images/article/end_it.jpg HTTP/1.1" 200 33676 "http://saveaslave.com/country.php?name=Dominica&lang=en" "Mozilla/5.0 (Linux; Android 4.1.2; LG-E415g Build/JZO54K) AppleWebKit/537.36 (KHTML, like Gecko) Silk/50.2.1 like Chrome/50.0.2661.89 Mobile Safari/537.36" "saveaslave.com"
162.212.13.12 - - [02/Aug/2016:10:20:36 -0700] "GET /images/social1.png HTTP/1.1" 200 2012 "http://saveaslave.com/country.php?name=Dominica&lang=en" "Mozilla/5.0 (Linux; Android 4.1.2; LG-E415g Build/JZO54K) AppleWebKit/537.36 (KHTML, like Gecko) Silk/50.2.1 like Chrome/50.0.2661.89 Mobile Safari/537.36" "saveaslave.com"[0]
