59.124.71.196 - - [30/Apr/2016:17:20:37 -0700] "GET /?author=1 HTTP/1.1" 200 89069 "-" "Mozilla/5.0 (Windows NT 6.3; WOW64; rv:28.0) Gecko/20100101 Firefox/28.0" "saveaslave.com"
208.115.113.86 - - [30/Apr/2016:17:22:22 -0700] "GET /Coulture.html HTTP/1.1" 404 89 "-" "Mozilla/5.0 (compatible; DotBot/1.1; http://www.opensiteexplorer.org/dotbot, help@moz.com)" "saveaslave.com"
208.115.113.86 - - [30/Apr/2016:17:22:23 -0700] "GET /PayPal.html HTTP/1.1" 404 89 "-" "Mozilla/5.0 (compatible; DotBot/1.1; http://www.opensiteexplorer.org/dotbot, help@moz.com)" "www.saveaslave.com"
51.255.65.49 - - [30/Apr/2016:17:31:01 -0700] "GET /nepal.html HTTP/1.1" 404 89 "-" "Mozilla/5.0 (compatible; AhrefsBot/5.1; +http://ahrefs.com/robot/)" "saveaslave.com"
208.115.113.86 - - [30/Apr/2016:17:40:28 -0700] "GET /robots.txt HTTP/1.1" 200 48 "-" "Mozilla/5.0 (compatible; DotBot/1.1; http://www.opensiteexplorer.org/dotbot, help@moz.com)" "www.saveaslave.com"
61.135.189.101 - - [30/Apr/2016:17:53:31 -0700] "GET /site/?cat=76 HTTP/1.1" 404 89 "-" "Sogou web spider/4.0(+http://www.sogou.com/docs/help/webmasters.htm#07)" "saveaslave.com"
208.115.113.94 - - [30/Apr/2016:17:54:27 -0700] "GET /article.php?id=22 HTTP/1.1" 200 46639 "-" "Mozilla/5.0 (compatible; DotBot/1.1; http://www.opensiteexplorer.org/dotbot, help@moz.com)" "www.saveaslave.com"
51.255.65.21 - - [30/Apr/2016:17:55:20 -0700] "GET /niger.html HTTP/1.1" 404 89 "-" "Mozilla/5.0 (compatible; AhrefsBot/5.1; +http://ahrefs.com/robot/)" "saveaslave.com"
85.93.91.84 - - [30/Apr/2016:18:13:16 -0700] "GET /robots.txt HTTP/1.1" 200 48 "-" "Mozilla/5.0 (compatible; DeuSu/5.0.2; +https://deusu.de/robot.html)" "www.saveaslave.com"
85.93.91.84 - - [30/Apr/2016:18:13:17 -0700] "GET /www.tapestri.org HTTP/1.1" 404 89 "-" "Mozilla/5.0 (compatible; DeuSu/5.0.2; +https://deusu.de/robot.html)" "www.saveaslave.com"
180.76.15.152 - - [30/Apr/2016:18:15:56 -0700] "GET /images/supporters/Thumbs.db HTTP/1.1" 200 305664 "-" "Mozilla/5.0 (compatible; Baiduspider/2.0; +http://www.baidu.com/search/spider.html)" "www.saveaslave.com"
193.111.140.153 - - [30/Apr/2016:18:49:15 -0700] "GET /robots.txt HTTP/1.1" 200 48 "-" "Mozilla/5.0 (compatible; MJ12bot/v1.4.5; http://www.majestic12.co.uk/bot.php?+)" "saveaslave.com"
208.115.113.86 - - [30/Apr/2016:18:55:24 -0700] "GET /article.php?id=23 HTTP/1.1" 200 776 "-" "Mozilla/5.0 (compatible; DotBot/1.1; http://www.opensiteexplorer.org/dotbot, help@moz.com)" "www.saveaslave.com"
208.115.113.86 - - [30/Apr/2016:18:55:42 -0700] "GET /uruguay.html HTTP/1.1" 404 89 "-" "Mozilla/5.0 (compatible; DotBot/1.1; http://www.opensiteexplorer.org/dotbot, help@moz.com)" "www.saveaslave.com"
188.166.7.103 - - [30/Apr/2016:19:09:04 -0700] "GET /disclaimer.php HTTP/1.1" 200 47937 "-" "SafeDNSBot (https://www.safedns.com/searchbot)" "saveaslave.com"[1]
73.147.0.154 - - [30/Apr/2016:19:12:32 -0700] "GET /images/article/s1_dety_beg_d9954.jpg HTTP/1.1" 200 16968 "https://www.google.com/" "Mozilla/5.0 (Windows NT 6.1) AppleWebKit/537.36 (KHTML, like Gecko) Chrome/49.0.2623.112 Safari/537.36" "www.saveaslave.com"
208.115.113.86 - - [30/Apr/2016:19:28:12 -0700] "GET /classifieds/index.php?view=ads&catid=1&subcatid=&cityid=0 HTTP/1.1" 404 89 "-" "Mozilla/5.0 (compatible; DotBot/1.1; http://www.opensiteexplorer.org/dotbot, help@moz.com)" "www.saveaslave.com"
162.210.196.130 - - [30/Apr/2016:19:34:08 -0700] "GET /robots.txt HTTP/1.1" 200 48 "-" "Mozilla/5.0 (compatible; MJ12bot/v1.4.5; http://www.majestic12.co.uk/bot.php?+)" "saveaslave.com"
162.210.196.130 - - [30/Apr/2016:19:34:14 -0700] "GET /article.php?id=5 HTTP/1.1" 200 46597 "-" "Mozilla/5.0 (compatible; MJ12bot/v1.4.5; http://www.majestic12.co.uk/bot.php?+)" "saveaslave.com"[1]
151.80.31.107 - - [30/Apr/2016:20:50:44 -0700] "GET /turkey.html HTTP/1.1" 404 89 "-" "Mozilla/5.0 (compatible; AhrefsBot/5.1; +http://ahrefs.com/robot/)" "www.saveaslave.com"
208.115.113.86 - - [30/Apr/2016:20:51:43 -0700] "GET /article.php?id=100 HTTP/1.1" 200 776 "-" "Mozilla/5.0 (compatible; DotBot/1.1; http://www.opensiteexplorer.org/dotbot, help@moz.com)" "www.saveaslave.com"
65.36.241.48 - - [30/Apr/2016:20:58:41 -0700] "HEAD / HTTP/1.1" 200 0 "-" "InternetSeer.com" "www.saveaslave.com"
104.131.147.112 - - [30/Apr/2016:21:01:28 -0700] "GET / HTTP/1.1" 200 89069 "-" "Mozilla/5.0 (compatible; Gluten Free Crawler/1.0; +http://glutenfreepleasure.com/)" "www.saveaslave.com"
199.59.148.211 - - [30/Apr/2016:21:12:25 -0700] "GET /robots.txt HTTP/1.1" 200 48 "-" "Twitterbot/1.0" "saveaslave.com"[0]
199.59.148.211 - - [30/Apr/2016:21:12:27 -0700] "GET / HTTP/1.1" 200 89069 "-" "Twitterbot/1.0" "saveaslave.com"
208.115.113.86 - - [30/Apr/2016:21:20:31 -0700] "GET /southafrica.html HTTP/1.1" 404 89 "-" "Mozilla/5.0 (compatible; DotBot/1.1; http://www.opensiteexplorer.org/dotbot, help@moz.com)" "saveaslave.com"
208.115.113.86 - - [30/Apr/2016:21:20:31 -0700] "GET /cocoskeelingislands.html HTTP/1.1" 404 89 "-" "Mozilla/5.0 (compatible; DotBot/1.1; http://www.opensiteexplorer.org/dotbot, help@moz.com)" "www.saveaslave.com"
208.115.113.86 - - [30/Apr/2016:21:36:43 -0700] "GET /robots.txt HTTP/1.1" 200 48 "-" "Mozilla/5.0 (compatible; DotBot/1.1; http://www.opensiteexplorer.org/dotbot, help@moz.com)" "saveaslave.com"
208.115.113.94 - - [30/Apr/2016:21:46:10 -0700] "GET /article.php?id=64 HTTP/1.1" 200 47065 "-" "Mozilla/5.0 (compatible; DotBot/1.1; http://www.opensiteexplorer.org/dotbot, help@moz.com)" "saveaslave.com"
164.132.161.28 - - [30/Apr/2016:22:07:06 -0700] "GET /belize.html HTTP/1.1" 404 89 "-" "Mozilla/5.0 (compatible; AhrefsBot/5.1; +http://ahrefs.com/robot/)" "saveaslave.com"
54.226.196.176 - - [30/Apr/2016:22:33:15 -0700] "GET / HTTP/1.1" 200 89069 "-" "Mozilla/5.0 (compatible; linkdexbot/2.0; +http://www.linkdex.com/bots/)" "www.saveaslave.com"
51.255.192.150 - - [30/Apr/2016:22:44:19 -0700] "GET /css/style.css HTTP/1.1" 200 7938 "http://www.saveaslave.com/" "Mozilla/5.0 (Linux; U; Android 4.2.2; en-us; HUAWEI Y600-U20 Build/HUAWEIY600-U20) AppleWebKit/534.30 (KHTML, like Gecko) Version/4.0 Mobile Safari/534.30" "www.saveaslave.com"
51.255.192.150 - - [30/Apr/2016:22:44:26 -0700] "GET /images/article/end_it.jpg HTTP/1.1" 200 33676 "http://www.saveaslave.com/" "Mozilla/5.0 (Linux; U; Android 4.2.2; en-us; HUAWEI Y600-U20 Build/HUAWEIY600-U20) AppleWebKit/534.30 (KHTML, like Gecko) Version/4.0 Mobile Safari/534.30" "www.saveaslave.com"
51.255.192.150 - - [30/Apr/2016:22:44:26 -0700] "GET /images/article/s1_dety_beg_d9954.jpg HTTP/1.1" 200 16968 "http://www.saveaslave.com/" "Mozilla/5.0 (Linux; U; Android 4.2.2; en-us; HUAWEI Y600-U20 Build/HUAWEIY600-U20) AppleWebKit/534.30 (KHTML, like Gecko) Version/4.0 Mobile Safari/534.30" "www.saveaslave.com"
51.255.192.150 - - [30/Apr/2016:22:44:26 -0700] "GET /images/top.jpg HTTP/1.1" 200 50519 "http://www.saveaslave.com/" "Mozilla/5.0 (Linux; U; Android 4.2.2; en-us; HUAWEI Y600-U20 Build/HUAWEIY600-U20) AppleWebKit/534.30 (KHTML, like Gecko) Version/4.0 Mobile Safari/534.30" "www.saveaslave.com"
51.255.192.150 - - [30/Apr/2016:22:44:26 -0700] "GET /images/cover1.jpg HTTP/1.1" 200 253658 "http://www.saveaslave.com/" "Mozilla/5.0 (Linux; U; Android 4.2.2; en-us; HUAWEI Y600-U20 Build/HUAWEIY600-U20) AppleWebKit/534.30 (KHTML, like Gecko) Version/4.0 Mobile Safari/534.30" "www.saveaslave.com"
51.255.192.150 - - [30/Apr/2016:22:44:26 -0700] "GET /images/article/suspects.jpg HTTP/1.1" 200 58796 "http://www.saveaslave.com/" "Mozilla/5.0 (Linux; U; Android 4.2.2; en-us; HUAWEI Y600-U20 Build/HUAWEIY600-U20) AppleWebKit/534.30 (KHTML, like Gecko) Version/4.0 Mobile Safari/534.30" "www.saveaslave.com"
51.255.192.150 - - [30/Apr/2016:22:44:28 -0700] "GET /images/social1.png HTTP/1.1" 200 2012 "http://www.saveaslave.com/" "Mozilla/5.0 (Linux; U; Android 4.2.2; en-us; HUAWEI Y600-U20 Build/HUAWEIY600-U20) AppleWebKit/534.30 (KHTML, like Gecko) Version/4.0 Mobile Safari/534.30" "www.saveaslave.com"
51.255.192.150 - - [30/Apr/2016:22:44:30 -0700] "GET /addarticle.php HTTP/1.1" 200 13682 "http://www.saveaslave.com/" "Mozilla/5.0 (Linux; U; Android 4.2.2; en-us; HUAWEI Y600-U20 Build/HUAWEIY600-U20) AppleWebKit/534.30 (KHTML, like Gecko) Version/4.0 Mobile Safari/534.30" "www.saveaslave.com"[0]
51.255.192.150 - - [30/Apr/2016:22:44:31 -0700] "GET /images/select-arrow.png HTTP/1.1" 200 1118 "http://www.saveaslave.com/" "Mozilla/5.0 (Linux; U; Android 4.2.2; en-us; HUAWEI Y600-U20 Build/HUAWEIY600-U20) AppleWebKit/534.30 (KHTML, like Gecko) Version/4.0 Mobile Safari/534.30" "www.saveaslave.com"
51.255.192.150 - - [30/Apr/2016:22:44:32 -0700] "GET /css/down-arrow.png HTTP/1.1" 404 89 "http://www.saveaslave.com/" "Mozilla/5.0 (Linux; U; Android 4.2.2; en-us; HUAWEI Y600-U20 Build/HUAWEIY600-U20) AppleWebKit/534.30 (KHTML, like Gecko) Version/4.0 Mobile Safari/534.30" "www.saveaslave.com"
180.76.15.33 - - [30/Apr/2016:23:05:48 -0700] "GET /addlink.php?page=andorra.html HTTP/1.1" 200 12912 "-" "Mozilla/5.0 (compatible; Baiduspider/2.0; +http://www.baidu.com/search/spider.html)" "www.saveaslave.com"[2]
157.55.39.202 - - [30/Apr/2016:23:10:39 -0700] "GET /images/article/pyatka_default.jpg HTTP/1.1" 200 204394 "-" "Mozilla/5.0 (compatible; bingbot/2.0; +http://www.bing.com/bingbot.htm)" "saveaslave.com"
199.21.99.196 - - [01/May/2016:00:06:37 -0700] "GET /robots.txt HTTP/1.1" 200 48 "-" "Mozilla/5.0 (compatible; YandexBot/3.0; +http://yandex.com/bots)" "saveaslave.com"
176.9.58.227 - - [01/May/2016:00:19:16 -0700] "GET /our-news.php HTTP/1.1" 200 65066 "-" "Mozilla/5.0 (compatible; MegaIndex.ru/2.0; +http://megaindex.com/crawler)" "www.saveaslave.com"
176.9.58.227 - - [01/May/2016:00:19:18 -0700] "GET /contact-us.php HTTP/1.1" 200 30488 "-" "Mozilla/5.0 (compatible; MegaIndex.ru/2.0; +http://megaindex.com/crawler)" "www.saveaslave.com"[0]
176.9.58.227 - - [01/May/2016:00:19:25 -0700] "GET /article.php?id=86 HTTP/1.1" 200 43991 "-" "Mozilla/5.0 (compatible; MegaIndex.ru/2.0; +http://megaindex.com/crawler)" "www.saveaslave.com"
176.9.58.227 - - [01/May/2016:00:19:28 -0700] "GET /article.php?id=32 HTTP/1.1" 200 51091 "-" "Mozilla/5.0 (compatible; MegaIndex.ru/2.0; +http://megaindex.com/crawler)" "www.saveaslave.com"[0]
176.9.58.227 - - [01/May/2016:00:19:41 -0700] "GET /article.php?id=111 HTTP/1.1" 200 46202 "-" "Mozilla/5.0 (compatible; MegaIndex.ru/2.0; +http://megaindex.com/crawler)" "www.saveaslave.com"
176.9.58.227 - - [01/May/2016:00:19:50 -0700] "GET /article.php?id=7 HTTP/1.1" 200 49199 "-" "Mozilla/5.0 (compatible; MegaIndex.ru/2.0; +http://megaindex.com/crawler)" "www.saveaslave.com"
176.9.58.227 - - [01/May/2016:00:19:54 -0700] "GET /article.php?id=5 HTTP/1.1" 200 46597 "-" "Mozilla/5.0 (compatible; MegaIndex.ru/2.0; +http://megaindex.com/crawler)" "www.saveaslave.com"
176.9.58.227 - - [01/May/2016:00:20:10 -0700] "GET /contact-usr.php HTTP/1.1" 200 19817 "-" "Mozilla/5.0 (compatible; MegaIndex.ru/2.0; +http://megaindex.com/crawler)" "www.saveaslave.com"
176.9.58.227 - - [01/May/2016:00:20:25 -0700] "GET /help-advanced.php HTTP/1.1" 200 53665 "-" "Mozilla/5.0 (compatible; MegaIndex.ru/2.0; +http://megaindex.com/crawler)" "www.saveaslave.com"[0]
176.9.58.227 - - [01/May/2016:00:20:52 -0700] "GET /article.php?id=8 HTTP/1.1" 200 54771 "-" "Mozilla/5.0 (compatible; MegaIndex.ru/2.0; +http://megaindex.com/crawler)" "www.saveaslave.com"
176.9.58.227 - - [01/May/2016:00:20:57 -0700] "GET /password_protect.php?logout=1 HTTP/1.1" 200 416 "-" "Mozilla/5.0 (compatible; MegaIndex.ru/2.0; +http://megaindex.com/crawler)" "www.saveaslave.com"[0]
176.9.58.227 - - [01/May/2016:00:21:01 -0700] "GET /managecountry.php HTTP/1.1" 200 1294 "-" "Mozilla/5.0 (compatible; MegaIndex.ru/2.0; +http://megaindex.com/crawler)" "www.saveaslave.com"[0]
65.36.241.48 - - [01/May/2016:00:38:57 -0700] "HEAD /?tpl=references&Itemid=3 HTTP/1.1" 200 0 "-" "InternetSeer.com" "www.saveaslave.com"
208.115.113.94 - - [01/May/2016:00:48:53 -0700] "GET /robots.txt HTTP/1.1" 200 48 "-" "Mozilla/5.0 (compatible; DotBot/1.1; http://www.opensiteexplorer.org/dotbot, help@moz.com)" "www.saveaslave.com"
208.115.113.94 - - [01/May/2016:00:48:53 -0700] "GET /robots.txt HTTP/1.1" 200 48 "-" "Mozilla/5.0 (compatible; DotBot/1.1; http://www.opensiteexplorer.org/dotbot, help@moz.com)" "saveaslave.com"
180.76.15.159 - - [01/May/2016:01:26:49 -0700] "GET /images/banner.ai HTTP/1.1" 200 1114112 "-" "Mozilla/5.0 (compatible; Baiduspider/2.0; +http://www.baidu.com/search/spider.html)" "www.saveaslave.com"
208.115.113.94 - - [01/May/2016:01:47:35 -0700] "GET /site/?p=34 HTTP/1.1" 404 89 "-" "Mozilla/5.0 (compatible; DotBot/1.1; http://www.opensiteexplorer.org/dotbot, help@moz.com)" "saveaslave.com"
208.115.113.94 - - [01/May/2016:01:48:05 -0700] "GET /burma.html HTTP/1.1" 404 89 "-" "Mozilla/5.0 (compatible; DotBot/1.1; http://www.opensiteexplorer.org/dotbot, help@moz.com)" "saveaslave.com"
208.115.113.94 - - [01/May/2016:01:53:46 -0700] "GET /norfolk-island.html HTTP/1.1" 404 89 "-" "Mozilla/5.0 (compatible; DotBot/1.1; http://www.opensiteexplorer.org/dotbot, help@moz.com)" "www.saveaslave.com"
220.181.108.145 - - [01/May/2016:01:58:28 -0700] "GET / HTTP/1.1" 200 89069 "-" "Mozilla/5.0 (compatible; Baiduspider/2.0; +http://www.baidu.com/search/spider.html)" "saveaslave.com"
51.255.65.2 - - [01/May/2016:02:14:06 -0700] "GET /www.calstatela.org HTTP/1.1" 404 89 "-" "Mozilla/5.0 (compatible; AhrefsBot/5.1; +http://ahrefs.com/robot/)" "www.saveaslave.com"
208.115.113.86 - - [01/May/2016:03:27:37 -0700] "GET /saintbarthelemy.html HTTP/1.1" 404 89 "-" "Mozilla/5.0 (compatible; DotBot/1.1; http://www.opensiteexplorer.org/dotbot, help@moz.com)" "saveaslave.com"[0]
208.115.113.86 - - [01/May/2016:03:34:16 -0700] "GET /robots.txt HTTP/1.1" 200 48 "-" "Mozilla/5.0 (compatible; DotBot/1.1; http://www.opensiteexplorer.org/dotbot, help@moz.com)" "saveaslave.com"
178.255.215.78 - - [01/May/2016:04:21:04 -0700] "GET /cameroon.html HTTP/1.1" 404 89 "-" "Mozilla/5.0 (compatible; Exabot/3.0; +http://www.exabot.com/go/robot)" "www.saveaslave.com"
176.4.102.34 - - [01/May/2016:04:57:33 -0700] "GET /who-we-arer.php HTTP/1.1" 200 72499 "https://www.google.de/" "Mozilla/5.0 (Linux; Android 4.4.2; de-de; SAMSUNG GT-I9192 Build/KOT49H) AppleWebKit/537.36 (KHTML, like Gecko) Version/1.5 Chrome/28.0.1500.94 Mobile Safari/537.36" "saveaslave.com"
176.4.102.34 - - [01/May/2016:04:57:33 -0700] "GET /css/bootstrap.min.css HTTP/1.1" 200 123578 "http://saveaslave.com/who-we-arer.php" "Mozilla/5.0 (Linux; Android 4.4.2; de-de; SAMSUNG GT-I9192 Build/KOT49H) AppleWebKit/537.36 (KHTML, like Gecko) Version/1.5 Chrome/28.0.1500.94 Mobile Safari/537.36" "saveaslave.com"
176.4.102.34 - - [01/May/2016:04:57:33 -0700] "GET /css/elements.css HTTP/1.1" 200 17857 "http://saveaslave.com/who-we-arer.php" "Mozilla/5.0 (Linux; Android 4.4.2; de-de; SAMSUNG GT-I9192 Build/KOT49H) AppleWebKit/537.36 (KHTML, like Gecko) Version/1.5 Chrome/28.0.1500.94 Mobile Safari/537.36" "saveaslave.com"
176.4.102.34 - - [01/May/2016:04:57:33 -0700] "GET /gfeedfetcher.js HTTP/1.1" 200 9018 "http://saveaslave.com/who-we-arer.php" "Mozilla/5.0 (Linux; Android 4.4.2; de-de; SAMSUNG GT-I9192 Build/KOT49H) AppleWebKit/537.36 (KHTML, like Gecko) Version/1.5 Chrome/28.0.1500.94 Mobile Safari/537.36" "saveaslave.com"
176.4.102.34 - - [01/May/2016:04:57:33 -0700] "GET /images/logo2.png HTTP/1.1" 200 18525 "http://saveaslave.com/who-we-arer.php" "Mozilla/5.0 (Linux; Android 4.4.2; de-de; SAMSUNG GT-I9192 Build/KOT49H) AppleWebKit/537.36 (KHTML, like Gecko) Version/1.5 Chrome/28.0.1500.94 Mobile Safari/537.36" "saveaslave.com"
176.4.102.34 - - [01/May/2016:04:57:33 -0700] "GET /images/top.jpg HTTP/1.1" 200 50519 "http://saveaslave.com/who-we-arer.php" "Mozilla/5.0 (Linux; Android 4.4.2; de-de; SAMSUNG GT-I9192 Build/KOT49H) AppleWebKit/537.36 (KHTML, like Gecko) Version/1.5 Chrome/28.0.1500.94 Mobile Safari/537.36" "saveaslave.com"
176.4.102.34 - - [01/May/2016:04:57:33 -0700] "GET /images/cover1.jpg HTTP/1.1" 200 253658 "http://saveaslave.com/who-we-arer.php" "Mozilla/5.0 (Linux; Android 4.4.2; de-de; SAMSUNG GT-I9192 Build/KOT49H) AppleWebKit/537.36 (KHTML, like Gecko) Version/1.5 Chrome/28.0.1500.94 Mobile Safari/537.36" "saveaslave.com"
176.4.102.34 - - [01/May/2016:04:57:33 -0700] "GET /images/social1.png HTTP/1.1" 200 2012 "http://saveaslave.com/who-we-arer.php" "Mozilla/5.0 (Linux; Android 4.4.2; de-de; SAMSUNG GT-I9192 Build/KOT49H) AppleWebKit/537.36 (KHTML, like Gecko) Version/1.5 Chrome/28.0.1500.94 Mobile Safari/537.36" "saveaslave.com"
176.4.102.34 - - [01/May/2016:04:57:35 -0700] "GET /photos/top-1.jpg HTTP/1.1" 404 89 "http://saveaslave.com/who-we-arer.php" "Mozilla/5.0 (Linux; Android 4.4.2; de-de; SAMSUNG GT-I9192 Build/KOT49H) AppleWebKit/537.36 (KHTML, like Gecko) Version/1.5 Chrome/28.0.1500.94 Mobile Safari/537.36" "saveaslave.com"
176.4.102.34 - - [01/May/2016:04:57:35 -0700] "GET /indicator.gif HTTP/1.1" 200 878 "http://saveaslave.com/who-we-arer.php" "Mozilla/5.0 (Linux; Android 4.4.2; de-de; SAMSUNG GT-I9192 Build/KOT49H) AppleWebKit/537.36 (KHTML, like Gecko) Version/1.5 Chrome/28.0.1500.94 Mobile Safari/537.36" "saveaslave.com"
176.4.102.34 - - [01/May/2016:04:57:35 -0700] "GET /images/select-arrow.png HTTP/1.1" 200 1118 "http://saveaslave.com/who-we-arer.php" "Mozilla/5.0 (Linux; Android 4.4.2; de-de; SAMSUNG GT-I9192 Build/KOT49H) AppleWebKit/537.36 (KHTML, like Gecko) Version/1.5 Chrome/28.0.1500.94 Mobile Safari/537.36" "saveaslave.com"
176.4.102.34 - - [01/May/2016:04:57:35 -0700] "GET /css/down-arrow.png HTTP/1.1" 404 89 "http://saveaslave.com/who-we-arer.php" "Mozilla/5.0 (Linux; Android 4.4.2; de-de; SAMSUNG GT-I9192 Build/KOT49H) AppleWebKit/537.36 (KHTML, like Gecko) Version/1.5 Chrome/28.0.1500.94 Mobile Safari/537.36" "saveaslave.com"
176.4.102.34 - - [01/May/2016:04:57:39 -0700] "GET /ico/android-icon-192x192.png HTTP/1.1" 200 10097 "-" "Mozilla/5.0 (Linux; Android 4.4.2; de-de; SAMSUNG GT-I9192 Build/KOT49H) AppleWebKit/537.36 (KHTML, like Gecko) Version/1.5 Chrome/28.0.1500.94 Mobile Safari/537.36" "saveaslave.com"
176.4.102.34 - - [01/May/2016:04:57:39 -0700] "GET /ico/apple-icon-180x180.png HTTP/1.1" 200 10378 "-" "Mozilla/5.0 (Linux; Android 4.4.2; de-de; SAMSUNG GT-I9192 Build/KOT49H) AppleWebKit/537.36 (KHTML, like Gecko) Version/1.5 Chrome/28.0.1500.94 Mobile Safari/537.36" "saveaslave.com"[0]
176.4.102.34 - - [01/May/2016:04:57:39 -0700] "GET /ico/favicon-16x16.png HTTP/1.1" 200 1129 "-" "Mozilla/5.0 (Linux; Android 4.4.2; de-de; SAMSUNG GT-I9192 Build/KOT49H) AppleWebKit/537.36 (KHTML, like Gecko) Version/1.5 Chrome/28.0.1500.94 Mobile Safari/537.36" "saveaslave.com"
176.4.102.34 - - [01/May/2016:04:57:40 -0700] "GET /ico/favicon-32x32.png HTTP/1.1" 200 1892 "-" "Mozilla/5.0 (Linux; Android 4.4.2; de-de; SAMSUNG GT-I9192 Build/KOT49H) AppleWebKit/537.36 (KHTML, like Gecko) Version/1.5 Chrome/28.0.1500.94 Mobile Safari/537.36" "saveaslave.com"
151.80.31.170 - - [01/May/2016:05:01:15 -0700] "GET /sri-lanka.html HTTP/1.1" 404 89 "-" "Mozilla/5.0 (compatible; AhrefsBot/5.1; +http://ahrefs.com/robot/)" "www.saveaslave.com"
151.80.31.175 - - [01/May/2016:05:05:09 -0700] "GET /www.covenanthouse.org HTTP/1.1" 404 89 "-" "Mozilla/5.0 (compatible; AhrefsBot/5.1; +http://ahrefs.com/robot/)" "saveaslave.com"
208.115.113.86 - - [01/May/2016:05:30:07 -0700] "GET /stpierre HTTP/1.1" 404 89 "-" "Mozilla/5.0 (compatible; DotBot/1.1; http://www.opensiteexplorer.org/dotbot, help@moz.com)" "saveaslave.com"
208.115.113.86 - - [01/May/2016:05:30:07 -0700] "GET /costarica HTTP/1.1" 404 89 "-" "Mozilla/5.0 (compatible; DotBot/1.1; http://www.opensiteexplorer.org/dotbot, help@moz.com)" "saveaslave.com"
101.128.196.208 - - [01/May/2016:06:00:00 -0700] "GET / HTTP/1.1" 200 89069 "-" "-" "saveaslave.com"
184.21.68.125 - - [01/May/2016:06:44:43 -0700] "GET /favicon.ico HTTP/1.1" 404 89 "http://www.saveaslave.com/" "Mozilla/5.0 (Windows NT 6.1; WOW64; Trident/7.0; rv:11.0) like Gecko" "www.saveaslave.com"
184.21.68.125 - - [01/May/2016:06:44:43 -0700] "GET /photos/article8a.jpg HTTP/1.1" 404 89 "http://www.saveaslave.com/" "Mozilla/5.0 (Windows NT 6.1; WOW64; Trident/7.0; rv:11.0) like Gecko" "www.saveaslave.com"
184.21.68.125 - - [01/May/2016:06:44:43 -0700] "GET /photos/article2.jpg HTTP/1.1" 404 89 "http://www.saveaslave.com/" "Mozilla/5.0 (Windows NT 6.1; WOW64; Trident/7.0; rv:11.0) like Gecko" "www.saveaslave.com"
184.21.68.125 - - [01/May/2016:06:44:43 -0700] "GET /images/article/s1_dety_beg_d9954.jpg HTTP/1.1" 200 16968 "http://www.saveaslave.com/" "Mozilla/5.0 (Windows NT 6.1; WOW64; Trident/7.0; rv:11.0) like Gecko" "www.saveaslave.com"
184.21.68.125 - - [01/May/2016:06:44:43 -0700] "GET /ico/favicon-32x32.png HTTP/1.1" 200 1892 "http://www.saveaslave.com/" "Mozilla/5.0 (Windows NT 6.1; WOW64; Trident/7.0; rv:11.0) like Gecko" "www.saveaslave.com"
184.21.68.125 - - [01/May/2016:06:44:43 -0700] "GET /assets/js/ie-emulation-modes-warning.js HTTP/1.1" 200 2130 "http://www.saveaslave.com/" "Mozilla/5.0 (Windows NT 6.1; WOW64; Trident/7.0; rv:11.0) like Gecko" "www.saveaslave.com"
184.21.68.125 - - [01/May/2016:06:44:43 -0700] "GET /css/style-pages.css HTTP/1.1" 200 9894 "http://www.saveaslave.com/" "Mozilla/5.0 (Windows NT 6.1; WOW64; Trident/7.0; rv:11.0) like Gecko" "www.saveaslave.com"
184.21.68.125 - - [01/May/2016:06:44:45 -0700] "GET /css/down-arrow.png HTTP/1.1" 404 89 "http://www.saveaslave.com/" "Mozilla/5.0 (Windows NT 6.1; WOW64; Trident/7.0; rv:11.0) like Gecko" "www.saveaslave.com"
184.21.68.125 - - [01/May/2016:06:44:45 -0700] "GET /fonts/glyphicons-halflings-regular.woff2 HTTP/1.1" 200 18028 "http://www.saveaslave.com/" "Mozilla/5.0 (Windows NT 6.1; WOW64; Trident/7.0; rv:11.0) like Gecko" "www.saveaslave.com"
184.21.68.125 - - [01/May/2016:06:44:45 -0700] "GET /fonts/glyphicons-halflings-regular.woff HTTP/1.1" 200 23424 "http://www.saveaslave.com/" "Mozilla/5.0 (Windows NT 6.1; WOW64; Trident/7.0; rv:11.0) like Gecko" "www.saveaslave.com"
184.21.68.125 - - [01/May/2016:06:44:46 -0700] "GET /images/logo2.png HTTP/1.1" 206 10315 "http://www.saveaslave.com/" "Mozilla/5.0 (Windows NT 6.1; WOW64; Trident/7.0; rv:11.0) like Gecko" "www.saveaslave.com"
178.137.93.24 - - [01/May/2016:06:49:05 -0700] "GET /xmlrpc.php?rsd HTTP/1.1" 200 73 "-" "Mozilla/5.0 (Windows 10; WOW64; rv:41.0) Gecko/20100101 Firefox/41.0" "saveaslave.com"
178.137.93.24 - - [01/May/2016:06:49:05 -0700] "GET /blog/robots.txt HTTP/1.1" 404 89 "-" "Mozilla/5.0 (Windows 10; WOW64; rv:41.0) Gecko/20100101 Firefox/41.0" "saveaslave.com"
178.137.93.24 - - [01/May/2016:06:49:06 -0700] "GET /wordpress/ HTTP/1.1" 404 89 "-" "Mozilla/5.0 (Windows 10; WOW64; rv:41.0) Gecko/20100101 Firefox/41.0" "saveaslave.com"
65.36.241.48 - - [01/May/2016:07:03:07 -0700] "HEAD / HTTP/1.1" 200 0 "-" "InternetSeer.com" "www.saveaslave.com"
51.255.51.68 - - [01/May/2016:07:19:09 -0700] "GET /robots.txt HTTP/1.1" 200 48 "-" "Mozilla/5.0 (compatible; MJ12bot/v1.4.5; http://www.majestic12.co.uk/bot.php?+)" "www.saveaslave.com"
51.255.51.68 - - [01/May/2016:07:19:12 -0700] "GET /?tpl=holidays&Itemid=7 HTTP/1.1" 200 89069 "-" "Mozilla/5.0 (compatible; MJ12bot/v1.4.5; http://www.majestic12.co.uk/bot.php?+)" "www.saveaslave.com"
66.102.6.224 - - [01/May/2016:07:32:07 -0700] "GET /images/article6.jpg HTTP/1.1" 200 57746 "-" "Mozilla/5.0 (Windows NT 5.1; rv:11.0) Gecko Firefox/11.0 (via ggpht.com GoogleImageProxy)" "www.saveaslave.com"
69.30.198.186 - - [01/May/2016:07:37:57 -0700] "GET /robots.txt HTTP/1.1" 200 48 "-" "Mozilla/5.0 (compatible; MJ12bot/v1.4.5; http://www.majestic12.co.uk/bot.php?+)" "saveaslave.com"
69.30.198.186 - - [01/May/2016:07:37:59 -0700] "GET / HTTP/1.1" 200 89069 "-" "Mozilla/5.0 (compatible; MJ12bot/v1.4.5; http://www.majestic12.co.uk/bot.php?+)" "saveaslave.com"
208.115.113.86 - - [01/May/2016:07:39:18 -0700] "GET /robots.txt HTTP/1.1" 200 48 "-" "Mozilla/5.0 (compatible; DotBot/1.1; http://www.opensiteexplorer.org/dotbot, help@moz.com)" "saveaslave.com"
144.76.8.132 - - [01/May/2016:07:52:16 -0700] "GET /robots.txt HTTP/1.1" 200 48 "-" "Mozilla/5.0 (compatible; MJ12bot/v1.4.5; http://www.majestic12.co.uk/bot.php?+)" "www.saveaslave.com"
51.255.65.65 - - [01/May/2016:07:53:34 -0700] "GET /andorra.html HTTP/1.1" 404 89 "-" "Mozilla/5.0 (compatible; AhrefsBot/5.1; +http://ahrefs.com/robot/)" "www.saveaslave.com"
5.9.87.111 - - [01/May/2016:08:18:57 -0700] "GET /robots.txt HTTP/1.1" 200 48 "-" "Mozilla/5.0 (compatible; MJ12bot/v1.4.5; http://www.majestic12.co.uk/bot.php?+)" "saveaslave.com"
82.193.127.15 - - [01/May/2016:08:30:31 -0700] "GET /italy HTTP/1.1" 404 89 "-" "Mozilla/5.0 (compatible; MJ12bot/v1.4.5; http://www.majestic12.co.uk/bot.php?+)" "saveaslave.com"
82.193.127.15 - - [01/May/2016:08:30:51 -0700] "GET /lithuania HTTP/1.1" 404 89 "-" "Mozilla/5.0 (compatible; MJ12bot/v1.4.5; http://www.majestic12.co.uk/bot.php?+)" "saveaslave.com"[0]
208.115.113.86 - - [01/May/2016:08:45:50 -0700] "GET /jamaica.html HTTP/1.1" 404 89 "-" "Mozilla/5.0 (compatible; DotBot/1.1; http://www.opensiteexplorer.org/dotbot, help@moz.com)" "saveaslave.com"
208.115.113.86 - - [01/May/2016:08:45:50 -0700] "GET /azkaban.html HTTP/1.1" 404 89 "-" "Mozilla/5.0 (compatible; DotBot/1.1; http://www.opensiteexplorer.org/dotbot, help@moz.com)" "saveaslave.com"
65.36.241.48 - - [01/May/2016:08:52:51 -0700] "HEAD / HTTP/1.1" 200 0 "-" "InternetSeer.com" "www.saveaslave.com"
195.154.187.115 - - [01/May/2016:09:07:38 -0700] "GET /robots.txt HTTP/1.1" 200 48 "-" "Mozilla/5.0 (compatible; MJ12bot/v1.4.5; http://www.majestic12.co.uk/bot.php?+)" "saveaslave.com"
195.154.187.115 - - [01/May/2016:09:07:45 -0700] "GET /article.php?id=15 HTTP/1.1" 200 56215 "-" "Mozilla/5.0 (compatible; MJ12bot/v1.4.5; http://www.majestic12.co.uk/bot.php?+)" "saveaslave.com"
158.69.200.205 - - [01/May/2016:09:11:01 -0700] "GET /robots.txt HTTP/1.1" 200 48 "-" "Mozilla/5.0 (compatible; MJ12bot/v1.4.5; http://www.majestic12.co.uk/bot.php?+)" "saveaslave.com"
158.69.200.205 - - [01/May/2016:09:11:04 -0700] "GET /index.php HTTP/1.1" 200 89069 "-" "Mozilla/5.0 (compatible; MJ12bot/v1.4.5; http://www.majestic12.co.uk/bot.php?+)" "saveaslave.com"
69.30.213.18 - - [01/May/2016:09:15:14 -0700] "GET /robots.txt HTTP/1.1" 200 48 "-" "Mozilla/5.0 (compatible; MJ12bot/v1.4.5; http://www.majestic12.co.uk/bot.php?+)" "saveaslave.com"
208.115.113.86 - - [01/May/2016:09:18:31 -0700] "GET /pitcairnislands HTTP/1.1" 404 89 "-" "Mozilla/5.0 (compatible; DotBot/1.1; http://www.opensiteexplorer.org/dotbot, help@moz.com)" "www.saveaslave.com"
208.115.113.86 - - [01/May/2016:09:18:32 -0700] "GET /guineabissau.html HTTP/1.1" 404 89 "-" "Mozilla/5.0 (compatible; DotBot/1.1; http://www.opensiteexplorer.org/dotbot, help@moz.com)" "www.saveaslave.com"
208.115.113.86 - - [01/May/2016:09:18:33 -0700] "GET /Blogs.html HTTP/1.1" 404 89 "-" "Mozilla/5.0 (compatible; DotBot/1.1; http://www.opensiteexplorer.org/dotbot, help@moz.com)" "saveaslave.com"
208.115.113.86 - - [01/May/2016:09:37:30 -0700] "GET /robots.txt HTTP/1.1" 200 48 "-" "Mozilla/5.0 (compatible; DotBot/1.1; http://www.opensiteexplorer.org/dotbot, help@moz.com)" "www.saveaslave.com"
51.255.65.73 - - [01/May/2016:09:47:25 -0700] "GET /antigua-and-barbuda.html HTTP/1.1" 404 89 "-" "Mozilla/5.0 (compatible; AhrefsBot/5.1; +http://ahrefs.com/robot/)" "saveaslave.com"
178.137.83.178 - - [01/May/2016:09:52:46 -0700] "GET / HTTP/1.1" 200 89033 "http://tires.afora.ru/" "Opera/9.00 (Windows NT 5.1; U; ru)" "www.saveaslave.com"
65.36.241.48 - - [01/May/2016:10:25:45 -0700] "HEAD / HTTP/1.1" 200 0 "-" "InternetSeer.com" "www.saveaslave.com"
51.255.65.92 - - [01/May/2016:10:38:41 -0700] "GET /brazil.html HTTP/1.1" 404 89 "-" "Mozilla/5.0 (compatible; AhrefsBot/5.1; +http://ahrefs.com/robot/)" "saveaslave.com"
208.115.113.86 - - [01/May/2016:11:41:14 -0700] "GET /robots.txt HTTP/1.1" 200 48 "-" "Mozilla/5.0 (compatible; DotBot/1.1; http://www.opensiteexplorer.org/dotbot, help@moz.com)" "saveaslave.com"
208.115.113.86 - - [01/May/2016:11:47:08 -0700] "GET /syria HTTP/1.1" 404 89 "-" "Mozilla/5.0 (compatible; DotBot/1.1; http://www.opensiteexplorer.org/dotbot, help@moz.com)" "www.saveaslave.com"
208.115.113.86 - - [01/May/2016:11:47:08 -0700] "GET /stmartin HTTP/1.1" 404 89 "-" "Mozilla/5.0 (compatible; DotBot/1.1; http://www.opensiteexplorer.org/dotbot, help@moz.com)" "www.saveaslave.com"
90.25.1.170 - - [01/May/2016:11:47:35 -0700] "GET /article.php?id=32' HTTP/1.1" 200 51093 "-" "Python-urllib/2.7" "www.saveaslave.com"[1]
85.93.91.84 - - [01/May/2016:12:16:12 -0700] "GET /robots.txt HTTP/1.1" 200 48 "-" "Mozilla/5.0 (compatible; DeuSu/5.0.2; +https://deusu.de/robot.html)" "saveaslave.com"
85.93.91.84 - - [01/May/2016:12:16:14 -0700] "GET /our-newsr.php HTTP/1.1" 200 78300 "-" "Mozilla/5.0 (compatible; DeuSu/5.0.2; +https://deusu.de/robot.html)" "saveaslave.com"
208.115.113.86 - - [01/May/2016:12:45:08 -0700] "GET /vanuatu.html HTTP/1.1" 404 89 "-" "Mozilla/5.0 (compatible; DotBot/1.1; http://www.opensiteexplorer.org/dotbot, help@moz.com)" "saveaslave.com"
91.121.169.194 - - [01/May/2016:12:47:40 -0700] "GET /robots.txt HTTP/1.1" 200 48 "-" "Mozilla/5.0 (compatible; MJ12bot/v1.4.5; http://www.majestic12.co.uk/bot.php?+)" "saveaslave.com"[0]
91.121.169.194 - - [01/May/2016:12:47:45 -0700] "GET /article.php?id=21 HTTP/1.1" 200 49376 "-" "Mozilla/5.0 (compatible; MJ12bot/v1.4.5; http://www.majestic12.co.uk/bot.php?+)" "saveaslave.com"[0]
91.121.169.194 - - [01/May/2016:12:47:49 -0700] "GET /article.php?id=5 HTTP/1.1" 200 46597 "-" "Mozilla/5.0 (compatible; MJ12bot/v1.4.5; http://www.majestic12.co.uk/bot.php?+)" "saveaslave.com"[0]
65.36.241.48 - - [01/May/2016:13:09:02 -0700] "HEAD / HTTP/1.1" 200 0 "-" "InternetSeer.com" "www.saveaslave.com"
45.79.81.142 - - [01/May/2016:13:10:22 -0700] "HEAD / HTTP/1.1" 200 0 "http://uptime.com/saveaslave.com" "Mozilla/5.0 (compatible; Uptimebot/1.0; +http://www.uptime.com/uptimebot)" "saveaslave.com"[1]
208.115.113.86 - - [01/May/2016:13:39:30 -0700] "GET /robots.txt HTTP/1.1" 200 48 "-" "Mozilla/5.0 (compatible; DotBot/1.1; http://www.opensiteexplorer.org/dotbot, help@moz.com)" "saveaslave.com"
123.125.71.30 - - [01/May/2016:13:46:04 -0700] "GET /robots.txt HTTP/1.1" 200 48 "-" "Mozilla/5.0 (compatible; Baiduspider/2.0; +http://www.baidu.com/search/spider.html)" "saveaslave.com"
89.163.148.58 - - [01/May/2016:14:00:57 -0700] "GET / HTTP/1.1" 200 89069 "-" "Mozilla/5.0 (compatible; MJ12bot/v1.4.5; http://www.majestic12.co.uk/bot.php?+)" "www.saveaslave.com"[1]
104.131.147.112 - - [01/May/2016:14:08:19 -0700] "GET / HTTP/1.1" 200 89069 "-" "Mozilla/5.0 (compatible; Gluten Free Crawler/1.0; +http://glutenfreepleasure.com/)" "saveaslave.com"
128.199.63.64 - - [01/May/2016:14:11:02 -0700] "GET /robots.txt HTTP/1.1" 200 48 "-" "SafeDNSBot (https://www.safedns.com/searchbot)" "www.saveaslave.com"
128.199.63.64 - - [01/May/2016:14:11:02 -0700] "GET /articles/slavetrafficking3.html HTTP/1.1" 404 89 "-" "SafeDNSBot (https://www.safedns.com/searchbot)" "www.saveaslave.com"
164.132.161.20 - - [01/May/2016:14:38:05 -0700] "GET /who-we-are.php HTTP/1.1" 200 50828 "-" "Mozilla/5.0 (compatible; AhrefsBot/5.1; +http://ahrefs.com/robot/)" "saveaslave.com"[1]
208.115.113.86 - - [01/May/2016:14:45:57 -0700] "GET /help.php HTTP/1.1" 200 52768 "-" "Mozilla/5.0 (compatible; DotBot/1.1; http://www.opensiteexplorer.org/dotbot, help@moz.com)" "saveaslave.com"
50.87.112.173 - - [01/May/2016:15:17:34 -0700] "GET /magazine/js/mage/cookies.js HTTP/1.1" 404 89 "saveaslave.com/magazine" "Mozilla/5.0 (Windows; U; Windows NT 5.1; en-US) AppleWebKit/533.4 (KHTML, like Gecko) Chrome/5.0.375.99 Safari/533.4" "saveaslave.com"[0]
208.115.113.86 - - [01/May/2016:15:38:16 -0700] "GET /robots.txt HTTP/1.1" 200 48 "-" "Mozilla/5.0 (compatible; DotBot/1.1; http://www.opensiteexplorer.org/dotbot, help@moz.com)" "saveaslave.com"
151.80.31.170 - - [01/May/2016:16:13:58 -0700] "GET /www.kiwa.org HTTP/1.1" 404 89 "-" "Mozilla/5.0 (compatible; AhrefsBot/5.1; +http://ahrefs.com/robot/)" "saveaslave.com"
66.249.69.127 - - [01/May/2016:16:34:44 -0700] "GET /kenya HTTP/1.1" 404 89 "-" "Mozilla/5.0 (Linux; Android 6.0.1; Nexus 5X Build/MMB29P) AppleWebKit/537.36 (KHTML, like Gecko) Chrome/41.0.2272.96 Mobile Safari/537.36 (compatible; Googlebot/2.1; +http://www.google.com/bot.html)" "saveaslave.com"
164.132.161.81 - - [01/May/2016:16:36:02 -0700] "GET /australia.html HTTP/1.1" 404 89 "-" "Mozilla/5.0 (compatible; AhrefsBot/5.1; +http://ahrefs.com/robot/)" "saveaslave.com"
208.115.113.86 - - [01/May/2016:17:21:19 -0700] "GET /brunei HTTP/1.1" 404 89 "-" "Mozilla/5.0 (compatible; DotBot/1.1; http://www.opensiteexplorer.org/dotbot, help@moz.com)" "saveaslave.com"[0]
180.76.15.151 - - [01/May/2016:17:38:00 -0700] "GET /addlink.php?page=georgia.html HTTP/1.1" 200 12912 "-" "Mozilla/5.0 (compatible; Baiduspider/2.0; +http://www.baidu.com/search/spider.html)" "www.saveaslave.com"[1]
199.16.156.125 - - [01/May/2016:17:40:44 -0700] "GET / HTTP/1.1" 200 89069 "-" "Twitterbot/1.0" "www.saveaslave.com"
51.255.65.96 - - [01/May/2016:17:50:29 -0700] "GET /poland.html HTTP/1.1" 404 89 "-" "Mozilla/5.0 (compatible; AhrefsBot/5.1; +http://ahrefs.com/robot/)" "saveaslave.com"
37.115.184.150 - - [01/May/2016:17:54:50 -0700] "GET / HTTP/1.1" 200 89033 "http://royal-betting.net/" "Mozilla/4.0 (compatible; MSIE 5.5; Windows NT 5.0; T312461)" "www.saveaslave.com"[2]
37.115.184.150 - - [01/May/2016:17:54:52 -0700] "GET / HTTP/1.1" 200 89033 "http://www.all4invest.ru/" "Mozilla/4.0 (compatible; MSIE 5.5; Windows NT 5.0; .NET CLR 1.1.4322)" "www.saveaslave.com"[0]
208.115.113.86 - - [01/May/2016:18:46:58 -0700] "GET /romania.html HTTP/1.1" 404 89 "-" "Mozilla/5.0 (compatible; DotBot/1.1; http://www.opensiteexplorer.org/dotbot, help@moz.com)" "saveaslave.com"
50.19.22.177 - - [01/May/2016:18:58:20 -0700] "GET /index.php HTTP/1.1" 200 89069 "-" "Mozilla/5.0 (compatible; linkdexbot/2.0; +http://www.linkdex.com/bots/)" "www.saveaslave.com"
208.115.113.86 - - [01/May/2016:19:36:22 -0700] "GET /robots.txt HTTP/1.1" 200 48 "-" "Mozilla/5.0 (compatible; DotBot/1.1; http://www.opensiteexplorer.org/dotbot, help@moz.com)" "www.saveaslave.com"
208.115.113.86 - - [01/May/2016:19:40:32 -0700] "GET /saudiarabia.html HTTP/1.1" 404 89 "-" "Mozilla/5.0 (compatible; DotBot/1.1; http://www.opensiteexplorer.org/dotbot, help@moz.com)" "saveaslave.com"
208.115.113.86 - - [01/May/2016:19:40:32 -0700] "GET /saotomeandprincipe HTTP/1.1" 404 89 "-" "Mozilla/5.0 (compatible; DotBot/1.1; http://www.opensiteexplorer.org/dotbot, help@moz.com)" "saveaslave.com"[0]
208.115.113.86 - - [01/May/2016:19:40:32 -0700] "GET /nicaragua HTTP/1.1" 404 89 "-" "Mozilla/5.0 (compatible; DotBot/1.1; http://www.opensiteexplorer.org/dotbot, help@moz.com)" "saveaslave.com"
91.210.147.90 - - [01/May/2016:20:28:36 -0700] "GET /wp-login.php HTTP/1.1" 200 73 "http://saveaslave.com/wp-login.php" "Mozilla/5.0 (Windows NT 6.1; WOW64) AppleWebKit/537.36 (KHTML, like Gecko) Chrome/31.0.1650.57 Safari/537.36" "saveaslave.com"[0]
91.210.147.90 - - [01/May/2016:20:28:39 -0700] "GET /administrator/ HTTP/1.1" 404 89 "http://saveaslave.com/administrator/" "Mozilla/5.0 (Windows NT 6.1; WOW64) AppleWebKit/537.36 (KHTML, like Gecko) Chrome/31.0.1650.57 Safari/537.36" "saveaslave.com"[0]
207.46.13.38 - - [01/May/2016:20:47:33 -0700] "GET /robots.txt HTTP/1.1" 200 48 "-" "Mozilla/5.0 (compatible; bingbot/2.0; +http://www.bing.com/bingbot.htm)" "www.saveaslave.com"
180.76.15.28 - - [01/May/2016:21:47:34 -0700] "GET /country.php?name=Guam&lang=en HTTP/1.1" 200 51878 "-" "Mozilla/5.0 (compatible; Baiduspider/2.0; +http://www.baidu.com/search/spider.html)" "www.saveaslave.com"[1]
54.160.134.141 - - [01/May/2016:22:04:06 -0700] "GET /in-russian.php HTTP/1.1" 200 90437 "-" "Mozilla/5.0 (compatible; linkdexbot/2.0; +http://www.linkdex.com/bots/)" "saveaslave.com"
141.3.78.131 - - [01/May/2016:22:14:04 -0700] "GET / HTTP/1.1" 200 89069 "-" "Mozilla/5.0 (X11; Linux x86_64) AppleWebKit/537.36 (KHTML, like Gecko) Ubuntu Chromium/49.0.2623.108 Chrome/49.0.2623.108 Safari/537.36" "www.saveaslave.com"
141.3.78.131 - - [01/May/2016:22:14:04 -0700] "GET /gfeedfetcher.js HTTP/1.1" 200 9018 "http://www.saveaslave.com/" "Mozilla/5.0 (X11; Linux x86_64) AppleWebKit/537.36 (KHTML, like Gecko) Ubuntu Chromium/49.0.2623.108 Chrome/49.0.2623.108 Safari/537.36" "www.saveaslave.com"
141.3.78.131 - - [01/May/2016:22:14:04 -0700] "GET /css/elements.css HTTP/1.1" 200 17857 "http://www.saveaslave.com/" "Mozilla/5.0 (X11; Linux x86_64) AppleWebKit/537.36 (KHTML, like Gecko) Ubuntu Chromium/49.0.2623.108 Chrome/49.0.2623.108 Safari/537.36" "www.saveaslave.com"
141.3.78.131 - - [01/May/2016:22:14:04 -0700] "GET /css/style.css HTTP/1.1" 200 7938 "http://www.saveaslave.com/" "Mozilla/5.0 (X11; Linux x86_64) AppleWebKit/537.36 (KHTML, like Gecko) Ubuntu Chromium/49.0.2623.108 Chrome/49.0.2623.108 Safari/537.36" "www.saveaslave.com"
141.3.78.131 - - [01/May/2016:22:14:04 -0700] "GET /css/bootstrap.min.css HTTP/1.1" 200 123578 "http://www.saveaslave.com/" "Mozilla/5.0 (X11; Linux x86_64) AppleWebKit/537.36 (KHTML, like Gecko) Ubuntu Chromium/49.0.2623.108 Chrome/49.0.2623.108 Safari/537.36" "www.saveaslave.com"
141.3.78.131 - - [01/May/2016:22:14:04 -0700] "GET /assets/js/ie-emulation-modes-warning.js HTTP/1.1" 200 2130 "http://www.saveaslave.com/" "Mozilla/5.0 (X11; Linux x86_64) AppleWebKit/537.36 (KHTML, like Gecko) Ubuntu Chromium/49.0.2623.108 Chrome/49.0.2623.108 Safari/537.36" "www.saveaslave.com"
141.3.78.131 - - [01/May/2016:22:14:04 -0700] "GET /gajaxscroller.js HTTP/1.1" 200 9774 "http://www.saveaslave.com/" "Mozilla/5.0 (X11; Linux x86_64) AppleWebKit/537.36 (KHTML, like Gecko) Ubuntu Chromium/49.0.2623.108 Chrome/49.0.2623.108 Safari/537.36" "www.saveaslave.com"
141.3.78.131 - - [01/May/2016:22:14:04 -0700] "GET /images/cover1.jpg HTTP/1.1" 200 253658 "http://www.saveaslave.com/" "Mozilla/5.0 (X11; Linux x86_64) AppleWebKit/537.36 (KHTML, like Gecko) Ubuntu Chromium/49.0.2623.108 Chrome/49.0.2623.108 Safari/537.36" "www.saveaslave.com"[0]
141.3.78.131 - - [01/May/2016:22:14:04 -0700] "GET /images/article/s1_dety_beg_d9954.jpg HTTP/1.1" 200 16968 "http://www.saveaslave.com/" "Mozilla/5.0 (X11; Linux x86_64) AppleWebKit/537.36 (KHTML, like Gecko) Ubuntu Chromium/49.0.2623.108 Chrome/49.0.2623.108 Safari/537.36" "www.saveaslave.com"
141.3.78.131 - - [01/May/2016:22:14:04 -0700] "GET /images/article/suspects.jpg HTTP/1.1" 200 58796 "http://www.saveaslave.com/" "Mozilla/5.0 (X11; Linux x86_64) AppleWebKit/537.36 (KHTML, like Gecko) Ubuntu Chromium/49.0.2623.108 Chrome/49.0.2623.108 Safari/537.36" "www.saveaslave.com"
141.3.78.131 - - [01/May/2016:22:14:04 -0700] "GET /images/social1.png HTTP/1.1" 200 2012 "http://www.saveaslave.com/" "Mozilla/5.0 (X11; Linux x86_64) AppleWebKit/537.36 (KHTML, like Gecko) Ubuntu Chromium/49.0.2623.108 Chrome/49.0.2623.108 Safari/537.36" "www.saveaslave.com"
141.3.78.131 - - [01/May/2016:22:14:04 -0700] "GET /images/top.jpg HTTP/1.1" 200 50519 "http://www.saveaslave.com/" "Mozilla/5.0 (X11; Linux x86_64) AppleWebKit/537.36 (KHTML, like Gecko) Ubuntu Chromium/49.0.2623.108 Chrome/49.0.2623.108 Safari/537.36" "www.saveaslave.com"
141.3.78.131 - - [01/May/2016:22:14:05 -0700] "GET /images/social2.png HTTP/1.1" 200 1752 "http://www.saveaslave.com/" "Mozilla/5.0 (X11; Linux x86_64) AppleWebKit/537.36 (KHTML, like Gecko) Ubuntu Chromium/49.0.2623.108 Chrome/49.0.2623.108 Safari/537.36" "www.saveaslave.com"[0]
141.3.78.131 - - [01/May/2016:22:14:05 -0700] "GET /images/social3.png HTTP/1.1" 200 4343 "http://www.saveaslave.com/" "Mozilla/5.0 (X11; Linux x86_64) AppleWebKit/537.36 (KHTML, like Gecko) Ubuntu Chromium/49.0.2623.108 Chrome/49.0.2623.108 Safari/537.36" "www.saveaslave.com"
141.3.78.131 - - [01/May/2016:22:14:05 -0700] "GET /addarticle.php HTTP/1.1" 200 13682 "http://www.saveaslave.com/" "Mozilla/5.0 (X11; Linux x86_64) AppleWebKit/537.36 (KHTML, like Gecko) Ubuntu Chromium/49.0.2623.108 Chrome/49.0.2623.108 Safari/537.36" "www.saveaslave.com"[0]
141.3.78.131 - - [01/May/2016:22:14:07 -0700] "GET /favicon.ico HTTP/1.1" 404 89 "http://www.saveaslave.com/" "Mozilla/5.0 (X11; Linux x86_64) AppleWebKit/537.36 (KHTML, like Gecko) Ubuntu Chromium/49.0.2623.108 Chrome/49.0.2623.108 Safari/537.36" "www.saveaslave.com"
141.3.78.131 - - [01/May/2016:22:14:08 -0700] "GET /ico/favicon-16x16.png HTTP/1.1" 200 1129 "http://www.saveaslave.com/" "Mozilla/5.0 (X11; Linux x86_64) AppleWebKit/537.36 (KHTML, like Gecko) Ubuntu Chromium/49.0.2623.108 Chrome/49.0.2623.108 Safari/537.36" "www.saveaslave.com"
141.3.78.131 - - [01/May/2016:22:14:08 -0700] "GET /ico/favicon-96x96.png HTTP/1.1" 200 4476 "http://www.saveaslave.com/" "Mozilla/5.0 (X11; Linux x86_64) AppleWebKit/537.36 (KHTML, like Gecko) Ubuntu Chromium/49.0.2623.108 Chrome/49.0.2623.108 Safari/537.36" "www.saveaslave.com"
141.3.78.131 - - [01/May/2016:22:14:08 -0700] "GET /ico/favicon-32x32.png HTTP/1.1" 200 1892 "http://www.saveaslave.com/" "Mozilla/5.0 (X11; Linux x86_64) AppleWebKit/537.36 (KHTML, like Gecko) Ubuntu Chromium/49.0.2623.108 Chrome/49.0.2623.108 Safari/537.36" "www.saveaslave.com"
141.3.78.131 - - [01/May/2016:22:14:08 -0700] "GET /ico/android-icon-192x192.png HTTP/1.1" 200 10097 "http://www.saveaslave.com/" "Mozilla/5.0 (X11; Linux x86_64) AppleWebKit/537.36 (KHTML, like Gecko) Ubuntu Chromium/49.0.2623.108 Chrome/49.0.2623.108 Safari/537.36" "www.saveaslave.com"
204.79.180.110 - - [01/May/2016:22:46:31 -0700] "GET /css/style.css HTTP/1.1" 200 7938 "http://saveaslave.com/" "Mozilla/5.0 (compatible; MSIE 9.0; Windows NT 6.1; Trident/5.0;  Trident/5.0)" "saveaslave.com"
204.79.180.57 - - [01/May/2016:22:46:31 -0700] "GET /css/bootstrap.min.css HTTP/1.1" 200 123578 "http://saveaslave.com/" "Mozilla/5.0 (compatible; MSIE 9.0; Windows NT 6.1; Trident/5.0;  Trident/5.0)" "saveaslave.com"
204.79.180.80 - - [01/May/2016:22:46:31 -0700] "GET /css/elements.css HTTP/1.1" 200 17857 "http://saveaslave.com/" "Mozilla/5.0 (compatible; MSIE 9.0; Windows NT 6.1; Trident/5.0;  Trident/5.0)" "saveaslave.com"[0]
204.79.180.166 - - [01/May/2016:22:46:41 -0700] "GET /assets/js/ie-emulation-modes-warning.js HTTP/1.1" 200 2130 "http://saveaslave.com/" "Mozilla/5.0 (compatible; MSIE 9.0; Windows NT 6.1; Trident/5.0;  Trident/5.0)" "saveaslave.com"
204.79.180.151 - - [01/May/2016:22:47:02 -0700] "GET /assets/js/ie8-responsive-file-warning.js HTTP/1.1" 200 599 "http://saveaslave.com/" "Mozilla/5.0 (compatible; MSIE 9.0; Windows NT 6.1; Trident/5.0;  Trident/5.0)" "saveaslave.com"
204.79.180.228 - - [01/May/2016:22:47:02 -0700] "GET /gajaxscroller.js HTTP/1.1" 200 9774 "http://saveaslave.com/" "Mozilla/5.0 (compatible; MSIE 9.0; Windows NT 6.1; Trident/5.0;  Trident/5.0)" "saveaslave.com"
208.115.113.86 - - [01/May/2016:22:47:05 -0700] "GET /philippines.html HTTP/1.1" 404 89 "-" "Mozilla/5.0 (compatible; DotBot/1.1; http://www.opensiteexplorer.org/dotbot, help@moz.com)" "saveaslave.com"[0]
204.79.180.134 - - [01/May/2016:22:47:11 -0700] "GET /css/bootstrap.min.css HTTP/1.1" 200 65536 "http://saveaslave.com/" "Mozilla/5.0 (compatible; MSIE 9.0; Windows NT 6.1; Trident/5.0;  Trident/5.0)" "saveaslave.com"[0]
65.36.241.48 - - [01/May/2016:22:53:43 -0700] "HEAD / HTTP/1.1" 200 0 "-" "InternetSeer.com" "www.saveaslave.com"
208.115.113.86 - - [01/May/2016:22:55:29 -0700] "GET /seychelles.html HTTP/1.1" 404 89 "-" "Mozilla/5.0 (compatible; DotBot/1.1; http://www.opensiteexplorer.org/dotbot, help@moz.com)" "www.saveaslave.com"
180.153.236.50 - - [01/May/2016:23:32:42 -0700] "GET / HTTP/1.1" 200 89069 "http://saveaslave.com/" "Mozilla/5.0 (compatible; MSIE 9.0; Windows NT 6.1; Trident/5.0); 360Spider(compatible; HaosouSpider; http://www.haosou.com/help/help_3_2.html)" "saveaslave.com"[2]
208.115.113.86 - - [01/May/2016:23:34:22 -0700] "GET /robots.txt HTTP/1.1" 200 48 "-" "Mozilla/5.0 (compatible; DotBot/1.1; http://www.opensiteexplorer.org/dotbot, help@moz.com)" "saveaslave.com"
208.115.113.94 - - [02/May/2016:00:52:24 -0700] "GET /robots.txt HTTP/1.1" 200 48 "-" "Mozilla/5.0 (compatible; DotBot/1.1; http://www.opensiteexplorer.org/dotbot, help@moz.com)" "www.saveaslave.com"
208.115.113.94 - - [02/May/2016:00:52:24 -0700] "GET /robots.txt HTTP/1.1" 200 48 "-" "Mozilla/5.0 (compatible; DotBot/1.1; http://www.opensiteexplorer.org/dotbot, help@moz.com)" "saveaslave.com"
208.115.113.86 - - [02/May/2016:00:52:31 -0700] "GET /hungary.html HTTP/1.1" 404 89 "-" "Mozilla/5.0 (compatible; DotBot/1.1; http://www.opensiteexplorer.org/dotbot, help@moz.com)" "www.saveaslave.com"
208.115.113.86 - - [02/May/2016:01:25:23 -0700] "GET /cookislands HTTP/1.1" 404 89 "-" "Mozilla/5.0 (compatible; DotBot/1.1; http://www.opensiteexplorer.org/dotbot, help@moz.com)" "saveaslave.com"
208.115.113.86 - - [02/May/2016:01:25:24 -0700] "GET /benin HTTP/1.1" 404 89 "-" "Mozilla/5.0 (compatible; DotBot/1.1; http://www.opensiteexplorer.org/dotbot, help@moz.com)" "saveaslave.com"[0]
208.115.113.86 - - [02/May/2016:01:43:56 -0700] "GET /robots.txt HTTP/1.1" 200 48 "-" "Mozilla/5.0 (compatible; DotBot/1.1; http://www.opensiteexplorer.org/dotbot, help@moz.com)" "saveaslave.com"
208.115.113.86 - - [02/May/2016:01:43:56 -0700] "GET /robots.txt HTTP/1.1" 200 48 "-" "Mozilla/5.0 (compatible; DotBot/1.1; http://www.opensiteexplorer.org/dotbot, help@moz.com)" "www.saveaslave.com"[0]
65.36.241.48 - - [02/May/2016:01:45:13 -0700] "HEAD / HTTP/1.1" 200 0 "-" "InternetSeer.com" "www.saveaslave.com"
65.36.241.48 - - [02/May/2016:01:47:25 -0700] "HEAD /?tpl=references&Itemid=3 HTTP/1.1" 200 0 "-" "InternetSeer.com" "www.saveaslave.com"[1]
208.115.113.94 - - [02/May/2016:01:54:09 -0700] "GET /article.php?id=15 HTTP/1.1" 200 56215 "-" "Mozilla/5.0 (compatible; DotBot/1.1; http://www.opensiteexplorer.org/dotbot, help@moz.com)" "www.saveaslave.com"[2]
208.115.113.94 - - [02/May/2016:01:55:12 -0700] "GET /our-news.php HTTP/1.1" 200 65066 "-" "Mozilla/5.0 (compatible; DotBot/1.1; http://www.opensiteexplorer.org/dotbot, help@moz.com)" "saveaslave.com"[1]
61.135.189.101 - - [02/May/2016:02:45:30 -0700] "GET /site/?cat=110 HTTP/1.1" 404 89 "-" "Sogou web spider/4.0(+http://www.sogou.com/docs/help/webmasters.htm#07)" "saveaslave.com"
61.135.189.101 - - [02/May/2016:02:45:31 -0700] "GET /robots.txt HTTP/1.1" 200 48 "-" "Sogou web spider/4.0(+http://www.sogou.com/docs/help/webmasters.htm#07)" "saveaslave.com"[0]
61.135.189.101 - - [02/May/2016:02:45:40 -0700] "GET /site/?cat=63 HTTP/1.1" 404 89 "-" "Sogou web spider/4.0(+http://www.sogou.com/docs/help/webmasters.htm#07)" "saveaslave.com"
208.115.113.86 - - [02/May/2016:02:54:19 -0700] "GET /article.php?id=87 HTTP/1.1" 200 776 "-" "Mozilla/5.0 (compatible; DotBot/1.1; http://www.opensiteexplorer.org/dotbot, help@moz.com)" "www.saveaslave.com"
208.115.113.86 - - [02/May/2016:02:55:51 -0700] "GET /netherlands.html HTTP/1.1" 404 89 "-" "Mozilla/5.0 (compatible; DotBot/1.1; http://www.opensiteexplorer.org/dotbot, help@moz.com)" "www.saveaslave.com"
208.115.113.86 - - [02/May/2016:02:55:51 -0700] "GET /angola.html HTTP/1.1" 404 89 "-" "Mozilla/5.0 (compatible; DotBot/1.1; http://www.opensiteexplorer.org/dotbot, help@moz.com)" "www.saveaslave.com"
208.115.113.86 - - [02/May/2016:02:57:44 -0700] "GET /article.php?id=32 HTTP/1.1" 200 51091 "-" "Mozilla/5.0 (compatible; DotBot/1.1; http://www.opensiteexplorer.org/dotbot, help@moz.com)" "saveaslave.com"[1]
100.43.81.153 - - [02/May/2016:03:01:51 -0700] "GET /robots.txt HTTP/1.1" 200 48 "-" "Mozilla/5.0 (compatible; YandexBot/3.0; +http://yandex.com/bots)" "saveaslave.com"[0]
141.8.143.182 - - [02/May/2016:03:01:55 -0700] "GET /ico/apple-icon-180x180.png HTTP/1.1" 200 10378 "-" "Mozilla/5.0 (compatible; YandexBot/3.0; +http://yandex.com/bots)" "saveaslave.com"
65.36.241.48 - - [02/May/2016:03:16:52 -0700] "HEAD / HTTP/1.1" 200 0 "-" "InternetSeer.com" "www.saveaslave.com"
180.76.15.157 - - [02/May/2016:03:18:48 -0700] "GET / HTTP/1.1" 200 89069 "-" "Mozilla/5.0 (compatible; Baiduspider/2.0; +http://www.baidu.com/search/spider.html)" "www.saveaslave.com"
208.115.113.86 - - [02/May/2016:03:37:20 -0700] "GET /robots.txt HTTP/1.1" 200 48 "-" "Mozilla/5.0 (compatible; DotBot/1.1; http://www.opensiteexplorer.org/dotbot, help@moz.com)" "saveaslave.com"
208.115.113.86 - - [02/May/2016:03:37:20 -0700] "GET /robots.txt HTTP/1.1" 200 48 "-" "Mozilla/5.0 (compatible; DotBot/1.1; http://www.opensiteexplorer.org/dotbot, help@moz.com)" "www.saveaslave.com"
85.93.91.84 - - [02/May/2016:03:42:35 -0700] "GET /robots.txt HTTP/1.1" 200 48 "-" "Mozilla/5.0 (compatible; DeuSu/5.0.2; +https://deusu.de/robot.html)" "www.saveaslave.com"
85.93.91.84 - - [02/May/2016:03:42:35 -0700] "GET /www.cpaf.org HTTP/1.1" 404 89 "-" "Mozilla/5.0 (compatible; DeuSu/5.0.2; +https://deusu.de/robot.html)" "www.saveaslave.com"
208.115.113.86 - - [02/May/2016:03:48:26 -0700] "GET /newzealand.html HTTP/1.1" 404 89 "-" "Mozilla/5.0 (compatible; DotBot/1.1; http://www.opensiteexplorer.org/dotbot, help@moz.com)" "www.saveaslave.com"
173.252.90.248 - - [02/May/2016:03:59:29 -0700] "GET /images/cover1.jpg HTTP/1.1" 200 253658 "-" "facebookexternalhit/1.1 (+http://www.facebook.com/externalhit_uatext.php)" "saveaslave.com"
94.227.4.71 - - [02/May/2016:04:13:46 -0700] "GET /samoa.html HTTP/1.1" 404 89 "-" "Mozilla/5.0 (Macintosh; Intel Mac OS X 10_11_3) AppleWebKit/601.4.4 (KHTML, like Gecko)" "www.saveaslave.com"
94.227.4.71 - - [02/May/2016:04:13:46 -0700] "GET /apple-touch-icon.png HTTP/1.1" 404 89 "-" "Safari/11601.4.4 CFNetwork/760.2.6 Darwin/15.3.0 (x86_64)" "www.saveaslave.com"
94.227.4.71 - - [02/May/2016:04:13:47 -0700] "GET /samoa.html HTTP/1.1" 404 89 "-" "Mozilla/5.0 (iPhone; CPU iPhone OS 9_1 like Mac OS X) AppleWebKit/601.1.46 (KHTML, like Gecko) Version/9.0 Mobile/13B143 Safari/601.1" "www.saveaslave.com"
94.227.4.71 - - [02/May/2016:04:13:47 -0700] "GET /apple-touch-icon.png HTTP/1.1" 404 89 "-" "Safari/11601.4.4 CFNetwork/760.2.6 Darwin/15.3.0 (x86_64)" "www.saveaslave.com"
