178.202.132.160 - - [30/Nov/2015:20:54:40 -0800] "GET /www.ptvla.org HTTP/1.1" 404 89 "-" "Mozilla/5.0 (compatible; MJ12bot/v1.4.5; http://www.majestic12.co.uk/bot.php?+)" "www.saveaslave.com"
178.202.132.160 - - [30/Nov/2015:20:54:42 -0800] "GET /www.publiccounsel.org HTTP/1.1" 404 89 "-" "Mozilla/5.0 (compatible; MJ12bot/v1.4.5; http://www.majestic12.co.uk/bot.php?+)" "www.saveaslave.com"
178.202.132.160 - - [30/Nov/2015:20:54:43 -0800] "GET /www.pwcsc.org HTTP/1.1" 404 89 "-" "Mozilla/5.0 (compatible; MJ12bot/v1.4.5; http://www.majestic12.co.uk/bot.php?+)" "www.saveaslave.com"
178.202.132.160 - - [30/Nov/2015:20:54:47 -0800] "GET /www.rshm.org HTTP/1.1" 404 89 "-" "Mozilla/5.0 (compatible; MJ12bot/v1.4.5; http://www.majestic12.co.uk/bot.php?+)" "www.saveaslave.com"
178.202.132.160 - - [30/Nov/2015:20:54:49 -0800] "GET /www.safehorizon.org HTTP/1.1" 404 89 "-" "Mozilla/5.0 (compatible; MJ12bot/v1.4.5; http://www.majestic12.co.uk/bot.php?+)" "www.saveaslave.com"
178.202.132.160 - - [30/Nov/2015:20:54:50 -0800] "GET /www.sexworkersproject.org HTTP/1.1" 404 89 "-" "Mozilla/5.0 (compatible; MJ12bot/v1.4.5; http://www.majestic12.co.uk/bot.php?+)" "www.saveaslave.com"
178.202.132.160 - - [30/Nov/2015:20:54:52 -0800] "GET /www.sndca.org HTTP/1.1" 404 89 "-" "Mozilla/5.0 (compatible; MJ12bot/v1.4.5; http://www.majestic12.co.uk/bot.php?+)" "www.saveaslave.com"
178.202.132.160 - - [30/Nov/2015:20:54:57 -0800] "GET /www.tapestri.org HTTP/1.1" 404 89 "-" "Mozilla/5.0 (compatible; MJ12bot/v1.4.5; http://www.majestic12.co.uk/bot.php?+)" "www.saveaslave.com"
178.202.132.160 - - [30/Nov/2015:20:55:00 -0800] "GET /www.theirc.org HTTP/1.1" 404 89 "-" "Mozilla/5.0 (compatible; MJ12bot/v1.4.5; http://www.majestic12.co.uk/bot.php?+)" "www.saveaslave.com"
178.202.132.160 - - [30/Nov/2015:20:55:02 -0800] "GET /www.thesabanfreeclinic.org HTTP/1.1" 404 89 "-" "Mozilla/5.0 (compatible; MJ12bot/v1.4.5; http://www.majestic12.co.uk/bot.php?+)" "www.saveaslave.com"
178.202.132.160 - - [30/Nov/2015:20:55:05 -0800] "GET /www.ucclb.org HTTP/1.1" 404 89 "-" "Mozilla/5.0 (compatible; MJ12bot/v1.4.5; http://www.majestic12.co.uk/bot.php?+)" "www.saveaslave.com"
178.202.132.160 - - [30/Nov/2015:20:55:07 -0800] "GET /www.urbanjustice.org HTTP/1.1" 404 89 "-" "Mozilla/5.0 (compatible; MJ12bot/v1.4.5; http://www.majestic12.co.uk/bot.php?+)" "www.saveaslave.com"
178.202.132.160 - - [30/Nov/2015:20:55:09 -0800] "GET /www.usdoj.gov HTTP/1.1" 404 89 "-" "Mozilla/5.0 (compatible; MJ12bot/v1.4.5; http://www.majestic12.co.uk/bot.php?+)" "www.saveaslave.com"
178.202.132.160 - - [30/Nov/2015:20:55:10 -0800] "GET /www.usw.sarmy.org HTTP/1.1" 404 89 "-" "Mozilla/5.0 (compatible; MJ12bot/v1.4.5; http://www.majestic12.co.uk/bot.php?+)" "www.saveaslave.com"
54.88.251.212 - - [30/Nov/2015:20:56:35 -0800] "GET / HTTP/1.1" 200 51147 "-" "Trove (help@trove.com, http://www.trove.com)" "saveaslave.com"
91.217.129.4 - - [30/Nov/2015:21:07:32 -0800] "GET / HTTP/1.1" 200 51147 "-" "Mozilla/5.0 (Macintosh; Intel Mac OS X 10_9_5) AppleWebKit/600.3.18 (KHTML, like Gecko) Version/7.1.3 Safari/537.85.12" "saveaslave.com"
91.217.129.4 - - [30/Nov/2015:21:07:34 -0800] "GET / HTTP/1.1" 200 51147 "-" "-" "saveaslave.com"
91.217.129.4 - - [30/Nov/2015:21:07:37 -0800] "GET /admin/ HTTP/1.1" 404 89 "-" "-" "saveaslave.com"
91.217.129.4 - - [30/Nov/2015:21:07:38 -0800] "GET /manager/ HTTP/1.1" 404 89 "-" "-" "saveaslave.com"
68.180.228.222 - - [30/Nov/2015:21:09:54 -0800] "GET /palau.html HTTP/1.1" 404 89 "-" "Mozilla/5.0 (compatible; Yahoo! Slurp; http://help.yahoo.com/help/us/ysearch/slurp)" "saveaslave.com"
54.88.251.212 - - [30/Nov/2015:21:10:31 -0800] "GET / HTTP/1.1" 200 51147 "-" "python-requests/2.4.3 CPython/2.6.9 Linux/3.10.53-56.140.amzn1.x86_64" "saveaslave.com"
52.4.180.199 - - [30/Nov/2015:21:10:33 -0800] "GET / HTTP/1.1" 200 51147 "-" "Trove (help@trove.com, http://www.trove.com)" "saveaslave.com"
180.76.15.15 - - [30/Nov/2015:21:15:10 -0800] "GET /central-african-republic.html HTTP/1.1" 404 89 "-" "Mozilla/5.0 (compatible; Baiduspider/2.0; +http://www.baidu.com/search/spider.html)" "www.saveaslave.com"
207.46.13.160 - - [30/Nov/2015:21:22:31 -0800] "GET /robots.txt HTTP/1.1" 200 48 "-" "Mozilla/5.0 (compatible; bingbot/2.0; +http://www.bing.com/bingbot.htm)" "www.saveaslave.com"
141.8.143.217 - - [30/Nov/2015:21:24:18 -0800] "GET /monaco.html HTTP/1.1" 404 89 "-" "Mozilla/5.0 (compatible; YandexBot/3.0; +http://yandex.com/bots)" "saveaslave.com"
217.69.133.59 - - [30/Nov/2015:21:24:30 -0800] "GET /robots.txt HTTP/1.1" 200 48 "-" "Mozilla/5.0 (compatible; Linux x86_64; Mail.RU_Bot/2.0; +http://go.mail.ru/help/robots)" "www.saveaslave.com"
70.198.132.125 - - [30/Nov/2015:21:25:38 -0800] "GET /images/countrymap/solomon-islands.gif HTTP/1.1" 404 89 "https://www.google.com/" "Mozilla/5.0 (Linux; Android 5.0; SM-G900V Build/LRX21T; wv) AppleWebKit/537.36 (KHTML, like Gecko) Version/4.0 Chrome/43.0.2357.121 Mobile Safari/537.36 GSA/4.6.10.19.arm" "www.saveaslave.com"
217.69.133.72 - - [30/Nov/2015:21:26:39 -0800] "GET /lesotho.html HTTP/1.1" 404 89 "-" "Mozilla/5.0 (compatible; Linux x86_64; Mail.RU_Bot/2.0; +http://go.mail.ru/help/robots)" "www.saveaslave.com"
188.165.15.191 - - [30/Nov/2015:21:34:04 -0800] "GET /www.cspinc.org HTTP/1.1" 404 89 "-" "Mozilla/5.0 (compatible; AhrefsBot/5.0; +http://ahrefs.com/robot/)" "saveaslave.com"
68.118.67.23 - - [30/Nov/2015:21:34:50 -0800] "GET /images/countrymap/solomon-islands.gif HTTP/1.1" 404 89 "-" "Mozilla/5.0 (Windows NT 6.3; WOW64; Trident/7.0; rv:11.0) like Gecko/20100101 Firefox/12.0" "www.saveaslave.com"
65.36.241.48 - - [30/Nov/2015:21:34:58 -0800] "HEAD / HTTP/1.1" 200 0 "-" "InternetSeer.com" "www.saveaslave.com"
68.118.67.23 - - [30/Nov/2015:21:35:21 -0800] "GET /images/countrymap/solomon-islands.gif HTTP/1.1" 404 89 "-" "Mozilla/5.0 (Windows NT 6.3; WOW64; Trident/7.0; rv:11.0) like Gecko/20100101 Firefox/12.0" "www.saveaslave.com"
208.115.113.86 - - [30/Nov/2015:21:35:27 -0800] "GET /robots.txt HTTP/1.1" 200 48 "-" "Mozilla/5.0 (compatible; DotBot/1.1; http://www.opensiteexplorer.org/dotbot, help@moz.com)" "saveaslave.com"
208.115.113.86 - - [30/Nov/2015:21:35:27 -0800] "GET /robots.txt HTTP/1.1" 200 48 "-" "Mozilla/5.0 (compatible; DotBot/1.1; http://www.opensiteexplorer.org/dotbot, help@moz.com)" "www.saveaslave.com"
54.88.251.212 - - [30/Nov/2015:21:38:19 -0800] "GET / HTTP/1.1" 200 51147 "-" "python-requests/2.4.3 CPython/2.6.9 Linux/3.10.53-56.140.amzn1.x86_64" "saveaslave.com"
54.88.251.212 - - [30/Nov/2015:21:38:20 -0800] "GET / HTTP/1.1" 200 51147 "-" "Trove (help@trove.com, http://www.trove.com)" "saveaslave.com"
52.4.180.199 - - [30/Nov/2015:21:38:25 -0800] "GET / HTTP/1.1" 200 51147 "-" "Trove (help@trove.com, http://www.trove.com)" "saveaslave.com"
104.131.126.172 - - [30/Nov/2015:21:47:43 -0800] "GET / HTTP/1.1" 200 51147 "-" "Mozilla/5.0 (compatible; ProspectB2B/2.0; http://prospectb2b.com)" "saveaslave.com"
104.131.126.172 - - [30/Nov/2015:21:47:44 -0800] "GET / HTTP/1.1" 200 51147 "-" "Mozilla/5.0 (compatible; ProspectB2B/2.0; http://prospectb2b.com)" "saveaslave.com"
104.131.126.172 - - [30/Nov/2015:21:47:45 -0800] "GET /robots.txt HTTP/1.1" 200 48 "-" "Mozilla/5.0 (compatible; ProspectB2B/2.0; http://prospectb2b.com)" "saveaslave.com"
54.88.251.212 - - [30/Nov/2015:21:51:32 -0800] "GET / HTTP/1.1" 200 51147 "-" "python-requests/2.4.3 CPython/2.6.9 Linux/3.10.53-56.140.amzn1.x86_64" "saveaslave.com"
54.88.251.212 - - [30/Nov/2015:21:51:32 -0800] "GET / HTTP/1.1" 200 51147 "-" "Trove (help@trove.com, http://www.trove.com)" "saveaslave.com"
52.4.180.199 - - [30/Nov/2015:21:51:39 -0800] "GET / HTTP/1.1" 200 51147 "-" "Trove (help@trove.com, http://www.trove.com)" "saveaslave.com"
109.120.161.138 - - [30/Nov/2015:21:53:25 -0800] "GET / HTTP/1.1" 200 51147 "-" "-" "saveaslave.com"
109.120.161.138 - - [30/Nov/2015:21:53:26 -0800] "GET / HTTP/1.1" 200 51147 "-" "-" "saveaslave.com"
109.120.161.138 - - [30/Nov/2015:21:53:27 -0800] "GET /admin/ HTTP/1.1" 404 89 "-" "-" "saveaslave.com"
109.120.161.138 - - [30/Nov/2015:21:53:28 -0800] "GET /manager/ HTTP/1.1" 404 89 "-" "-" "saveaslave.com"
54.235.174.193 - - [30/Nov/2015:21:56:34 -0800] "HEAD /our-supporters.php HTTP/1.1" 200 0 "-" "Mozilla/5.0 (Windows; U; Windows NT 5.1; en-US; rv:1.7.5) Gecko/20041107 Firefox/1.0" "www.saveaslave.com"
54.235.174.193 - - [30/Nov/2015:21:56:34 -0800] "GET /our-supporters.php HTTP/1.1" 200 53838 "-" "Mozilla/5.0 (Windows; U; Windows NT 5.1; en-US; rv:1.7.5) Gecko/20041107 Firefox/1.0" "www.saveaslave.com"
54.235.174.193 - - [30/Nov/2015:21:56:34 -0800] "GET /robots.txt HTTP/1.1" 200 48 "-" "Mozilla/5.0 (compatible; MSIE 9.0; Windows NT 6.1; WOW64; Trident/5.0)" "www.saveaslave.com"
207.46.13.60 - - [30/Nov/2015:21:57:15 -0800] "GET /djibouti HTTP/1.1" 404 89 "-" "msnbot-media/1.1 (+http://search.msn.com/msnbot.htm)" "www.saveaslave.com"
207.46.13.60 - - [30/Nov/2015:21:58:13 -0800] "GET /sthelena HTTP/1.1" 404 89 "-" "msnbot-media/1.1 (+http://search.msn.com/msnbot.htm)" "www.saveaslave.com"
207.46.13.60 - - [30/Nov/2015:21:59:48 -0800] "GET /images/countrymap/moldova-flag.gif HTTP/1.1" 404 89 "-" "Mozilla/5.0 (compatible; bingbot/2.0; +http://www.bing.com/bingbot.htm)" "saveaslave.com"
208.115.113.94 - - [30/Nov/2015:22:01:28 -0800] "GET /robots.txt HTTP/1.1" 200 48 "-" "Mozilla/5.0 (compatible; DotBot/1.1; http://www.opensiteexplorer.org/dotbot, help@moz.com)" "saveaslave.com"
208.115.113.94 - - [30/Nov/2015:22:01:28 -0800] "GET /robots.txt HTTP/1.1" 200 48 "-" "Mozilla/5.0 (compatible; DotBot/1.1; http://www.opensiteexplorer.org/dotbot, help@moz.com)" "www.saveaslave.com"
207.46.13.60 - - [30/Nov/2015:22:04:00 -0800] "GET /images/countrymap/yemen-flag.jpg HTTP/1.1" 404 89 "-" "Mozilla/5.0 (compatible; bingbot/2.0; +http://www.bing.com/bingbot.htm)" "saveaslave.com"
207.46.13.60 - - [30/Nov/2015:22:04:01 -0800] "GET /images/countrymap/fiji.gif HTTP/1.1" 404 89 "-" "Mozilla/5.0 (compatible; bingbot/2.0; +http://www.bing.com/bingbot.htm)" "saveaslave.com"
207.46.13.60 - - [30/Nov/2015:22:04:01 -0800] "GET /images/countrymap/somalia.gif HTTP/1.1" 404 89 "-" "Mozilla/5.0 (compatible; bingbot/2.0; +http://www.bing.com/bingbot.htm)" "saveaslave.com"
207.46.13.60 - - [30/Nov/2015:22:04:01 -0800] "GET /chile.html HTTP/1.1" 404 89 "-" "Mozilla/5.0 (compatible; bingbot/2.0; +http://www.bing.com/bingbot.htm)" "saveaslave.com"
207.46.13.60 - - [30/Nov/2015:22:04:01 -0800] "GET /images/countrymap/greece-flag.gif HTTP/1.1" 404 89 "-" "Mozilla/5.0 (compatible; bingbot/2.0; +http://www.bing.com/bingbot.htm)" "saveaslave.com"
66.249.64.26 - - [30/Nov/2015:22:04:09 -0800] "GET /Advertisements.html HTTP/1.1" 404 89 "-" "Mozilla/5.0 (compatible; Googlebot/2.1; +http://www.google.com/bot.html)" "saveaslave.com"
188.165.15.191 - - [30/Nov/2015:22:05:05 -0800] "GET /barbados.html HTTP/1.1" 404 89 "-" "Mozilla/5.0 (compatible; AhrefsBot/5.0; +http://ahrefs.com/robot/)" "saveaslave.com"
5.9.60.46 - - [30/Nov/2015:22:11:44 -0800] "GET /robots.txt HTTP/1.1" 200 48 "-" "Riddler (http://riddler.io/about)" "saveaslave.com"
5.9.60.46 - - [30/Nov/2015:22:11:45 -0800] "GET /in-russian.php HTTP/1.1" 200 66311 "-" "Riddler (http://riddler.io/about)" "saveaslave.com"
54.88.184.64 - - [30/Nov/2015:22:19:48 -0800] "GET / HTTP/1.1" 200 51147 "-" "Trove (help@trove.com, http://www.trove.com)" "saveaslave.com"
52.4.180.199 - - [30/Nov/2015:22:19:53 -0800] "GET / HTTP/1.1" 200 51147 "-" "Trove (help@trove.com, http://www.trove.com)" "saveaslave.com"
68.180.228.222 - - [30/Nov/2015:22:22:15 -0800] "GET /italy.html HTTP/1.1" 404 89 "-" "Mozilla/5.0 (compatible; Yahoo! Slurp; http://help.yahoo.com/help/us/ysearch/slurp)" "saveaslave.com"
208.115.113.86 - - [30/Nov/2015:22:33:02 -0800] "GET /our-supporters.php HTTP/1.1" 200 53838 "-" "Mozilla/5.0 (compatible; DotBot/1.1; http://www.opensiteexplorer.org/dotbot, help@moz.com)" "www.saveaslave.com"
54.88.251.212 - - [30/Nov/2015:22:33:27 -0800] "GET / HTTP/1.1" 200 51147 "-" "python-requests/2.4.3 CPython/2.6.9 Linux/3.10.53-56.140.amzn1.x86_64" "saveaslave.com"
54.88.184.64 - - [30/Nov/2015:22:33:27 -0800] "GET / HTTP/1.1" 200 51147 "-" "Trove (help@trove.com, http://www.trove.com)" "saveaslave.com"
54.88.251.212 - - [30/Nov/2015:22:33:43 -0800] "GET / HTTP/1.1" 200 51147 "-" "python-requests/2.4.3 CPython/2.6.9 Linux/3.10.53-56.140.amzn1.x86_64" "saveaslave.com"
54.88.251.212 - - [30/Nov/2015:22:33:43 -0800] "GET / HTTP/1.1" 200 51147 "-" "python-requests/2.4.3 CPython/2.6.9 Linux/3.10.53-56.140.amzn1.x86_64" "saveaslave.com"
52.4.180.199 - - [30/Nov/2015:22:33:43 -0800] "GET / HTTP/1.1" 200 51147 "-" "Trove (help@trove.com, http://www.trove.com)" "saveaslave.com"
188.165.15.191 - - [30/Nov/2015:22:37:33 -0800] "GET /www.liderescampesinas.org HTTP/1.1" 404 89 "-" "Mozilla/5.0 (compatible; AhrefsBot/5.0; +http://ahrefs.com/robot/)" "saveaslave.com"
208.115.113.86 - - [30/Nov/2015:22:40:07 -0800] "GET /news6.php HTTP/1.1" 200 46021 "-" "Mozilla/5.0 (compatible; DotBot/1.1; http://www.opensiteexplorer.org/dotbot, help@moz.com)" "saveaslave.com"
207.46.13.60 - - [30/Nov/2015:22:41:41 -0800] "GET /robots.txt HTTP/1.1" 200 48 "-" "Mozilla/5.0 (compatible; bingbot/2.0; +http://www.bing.com/bingbot.htm)" "www.saveaslave.com"
207.46.13.60 - - [30/Nov/2015:22:42:09 -0800] "GET /rwanda HTTP/1.1" 404 89 "-" "msnbot-media/1.1 (+http://search.msn.com/msnbot.htm)" "www.saveaslave.com"
54.88.251.212 - - [30/Nov/2015:22:46:10 -0800] "GET / HTTP/1.1" 200 51147 "-" "python-requests/2.4.3 CPython/2.6.9 Linux/3.10.53-56.140.amzn1.x86_64" "saveaslave.com"
54.88.251.212 - - [30/Nov/2015:22:46:10 -0800] "GET / HTTP/1.1" 200 51147 "-" "Trove (help@trove.com, http://www.trove.com)" "saveaslave.com"
54.88.251.212 - - [30/Nov/2015:22:46:12 -0800] "GET / HTTP/1.1" 200 51147 "-" "python-requests/2.4.3 CPython/2.6.9 Linux/3.10.53-56.140.amzn1.x86_64" "saveaslave.com"
188.165.15.204 - - [30/Nov/2015:23:05:38 -0800] "GET / HTTP/1.1" 200 51147 "-" "Mozilla/5.0 (compatible; AhrefsBot/5.0; +http://ahrefs.com/robot/)" "www.saveaslave.com"
62.210.152.89 - - [30/Nov/2015:23:19:18 -0800] "GET /robots.txt HTTP/1.1" 200 48 "-" "Mozilla/5.0 (compatible; MJ12bot/v1.4.5; http://www.majestic12.co.uk/bot.php?+)" "saveaslave.com"
62.210.152.89 - - [30/Nov/2015:23:19:20 -0800] "GET /robots.txt HTTP/1.1" 200 48 "-" "Mozilla/5.0 (compatible; MJ12bot/v1.4.5; http://www.majestic12.co.uk/bot.php?+)" "www.saveaslave.com"
62.210.152.89 - - [30/Nov/2015:23:19:23 -0800] "GET /?tpl=contact&Itemid=6 HTTP/1.1" 200 51147 "-" "Mozilla/5.0 (compatible; MJ12bot/v1.4.5; http://www.majestic12.co.uk/bot.php?+)" "www.saveaslave.com"
176.9.10.227 - - [30/Nov/2015:23:23:34 -0800] "GET /robots.txt HTTP/1.1" 200 48 "-" "Mozilla/5.0 (compatible; MJ12bot/v1.4.5; http://www.majestic12.co.uk/bot.php?+)" "www.saveaslave.com"
141.8.143.163 - - [30/Nov/2015:23:40:22 -0800] "GET /robots.txt HTTP/1.1" 200 48 "-" "Mozilla/5.0 (compatible; YandexBot/3.0; +http://yandex.com/bots)" "saveaslave.com"
71.52.53.111 - - [30/Nov/2015:23:51:47 -0800] "GET /photos/article5.jpg HTTP/1.1" 200 14497 "https://www.google.com/" "Mozilla/5.0 (Windows NT 10.0; WOW64) AppleWebKit/537.36 (KHTML, like Gecko) Chrome/46.0.2490.86 Safari/537.36" "www.saveaslave.com"
188.165.15.191 - - [01/Dec/2015:00:04:06 -0800] "GET /aruba.html HTTP/1.1" 404 89 "-" "Mozilla/5.0 (compatible; AhrefsBot/5.0; +http://ahrefs.com/robot/)" "saveaslave.com"
40.77.167.13 - - [01/Dec/2015:00:11:14 -0800] "GET /chad HTTP/1.1" 404 89 "-" "Mozilla/5.0 (compatible; bingbot/2.0; +http://www.bing.com/bingbot.htm)" "www.saveaslave.com"
188.165.15.191 - - [01/Dec/2015:00:19:18 -0800] "GET /www.cliniclegal.org HTTP/1.1" 404 89 "-" "Mozilla/5.0 (compatible; AhrefsBot/5.0; +http://ahrefs.com/robot/)" "www.saveaslave.com"
94.18.231.202 - - [01/Dec/2015:00:28:49 -0800] "GET /wp-content/plugins/revslider/js/rev_admin.js HTTP/1.1" 404 89 "-" "Opera/8.50 (Windows NT 5.1; U; ru)" "saveaslave.com"
217.69.133.28 - - [01/Dec/2015:00:35:51 -0800] "GET /site/?cat=52 HTTP/1.1" 404 89 "-" "Mozilla/5.0 (compatible; Linux x86_64; Mail.RU_Bot/2.0; +http://go.mail.ru/help/robots)" "saveaslave.com"
188.165.15.191 - - [01/Dec/2015:00:46:05 -0800] "GET /www.door.org HTTP/1.1" 404 89 "-" "Mozilla/5.0 (compatible; AhrefsBot/5.0; +http://ahrefs.com/robot/)" "saveaslave.com"
207.46.13.177 - - [01/Dec/2015:01:02:16 -0800] "GET /uzbekistan.html HTTP/1.1" 404 89 "-" "Mozilla/5.0 (compatible; bingbot/2.0; +http://www.bing.com/bingbot.htm)" "saveaslave.com"
208.115.113.94 - - [01/Dec/2015:01:04:18 -0800] "GET /robots.txt HTTP/1.1" 200 48 "-" "Mozilla/5.0 (compatible; DotBot/1.1; http://www.opensiteexplorer.org/dotbot, help@moz.com)" "www.saveaslave.com"
157.55.39.217 - - [01/Dec/2015:01:04:41 -0800] "GET /tuvalu HTTP/1.1" 404 89 "-" "msnbot-media/1.1 (+http://search.msn.com/msnbot.htm)" "www.saveaslave.com"
217.69.133.59 - - [01/Dec/2015:01:05:28 -0800] "GET /robots.txt HTTP/1.1" 200 48 "-" "Mozilla/5.0 (compatible; Linux x86_64; Mail.RU_Bot/2.0; +http://go.mail.ru/help/robots)" "saveaslave.com"
217.69.133.31 - - [01/Dec/2015:01:05:52 -0800] "GET /site/?cat=205 HTTP/1.1" 404 89 "-" "Mozilla/5.0 (compatible; Linux x86_64; Mail.RU_Bot/2.0; +http://go.mail.ru/help/robots)" "saveaslave.com"
207.46.13.160 - - [01/Dec/2015:01:14:30 -0800] "GET /robots.txt HTTP/1.1" 200 48 "-" "Mozilla/5.0 (compatible; bingbot/2.0; +http://www.bing.com/bingbot.htm)" "www.saveaslave.com"
51.255.106.247 - - [01/Dec/2015:01:22:29 -0800] "GET / HTTP/1.1" 200 51147 "http://saveaslave.com" "Mozilla/5.0 (Macintosh; Intel Mac OS X 10_8_4) AppleWebKit/537.36 (KHTML, like Gecko) Chrome/39.0.2171.95 Safari/537.36" "saveaslave.com"
68.180.228.222 - - [01/Dec/2015:01:24:43 -0800] "GET /kyrgyzstan.html HTTP/1.1" 404 89 "-" "Mozilla/5.0 (compatible; Yahoo! Slurp; http://help.yahoo.com/help/us/ysearch/slurp)" "saveaslave.com"
221.120.220.14 - - [01/Dec/2015:01:29:04 -0800] "GET /images/countrymap/solomon-islands.gif HTTP/1.1" 404 89 "https://www.google.com" "Mozilla/5.0 (Windows NT 6.1; rv:42.0) Gecko/20100101 Firefox/42.0" "www.saveaslave.com"
207.46.13.160 - - [01/Dec/2015:01:31:51 -0800] "GET /malta HTTP/1.1" 404 89 "-" "msnbot-media/1.1 (+http://search.msn.com/msnbot.htm)" "www.saveaslave.com"
68.180.228.222 - - [01/Dec/2015:01:32:20 -0800] "GET /kenya.html HTTP/1.1" 404 89 "-" "Mozilla/5.0 (compatible; Yahoo! Slurp; http://help.yahoo.com/help/us/ysearch/slurp)" "saveaslave.com"
180.76.15.136 - - [01/Dec/2015:01:36:54 -0800] "GET /hungary.html HTTP/1.1" 404 89 "-" "Mozilla/5.0 (compatible; Baiduspider/2.0; +http://www.baidu.com/search/spider.html)" "www.saveaslave.com"
178.121.230.81 - - [01/Dec/2015:01:38:28 -0800] "GET /ico/favicon-16x16.png HTTP/1.1" 200 1129 "-" "Mozilla/5.0 (Windows NT 6.3; WOW64; rv:42.0) Gecko/20100101 Firefox/42.0" "saveaslave.com"
178.121.230.81 - - [01/Dec/2015:01:38:28 -0800] "GET /favicon.ico HTTP/1.1" 404 89 "-" "Mozilla/5.0 (Windows NT 6.3; WOW64; rv:42.0) Gecko/20100101 Firefox/42.0" "saveaslave.com"
178.121.230.81 - - [01/Dec/2015:01:38:29 -0800] "GET /css/elements.css HTTP/1.1" 200 17857 "http://saveaslave.com/myvisa-by-illegal-job.php" "Mozilla/5.0 (Windows NT 6.3; WOW64; rv:42.0) Gecko/20100101 Firefox/42.0" "saveaslave.com"
178.121.230.81 - - [01/Dec/2015:01:38:29 -0800] "GET /gfeedfetcher.js HTTP/1.1" 200 9018 "http://saveaslave.com/myvisa-by-illegal-job.php" "Mozilla/5.0 (Windows NT 6.3; WOW64; rv:42.0) Gecko/20100101 Firefox/42.0" "saveaslave.com"
178.121.230.81 - - [01/Dec/2015:01:38:29 -0800] "GET /gajaxscroller.js HTTP/1.1" 304 - "http://saveaslave.com/myvisa-by-illegal-job.php" "Mozilla/5.0 (Windows NT 6.3; WOW64; rv:42.0) Gecko/20100101 Firefox/42.0" "saveaslave.com"
178.121.230.81 - - [01/Dec/2015:01:38:29 -0800] "GET /css/style-pages.css HTTP/1.1" 200 9369 "http://saveaslave.com/myvisa-by-illegal-job.php" "Mozilla/5.0 (Windows NT 6.3; WOW64; rv:42.0) Gecko/20100101 Firefox/42.0" "saveaslave.com"
178.121.230.81 - - [01/Dec/2015:01:38:29 -0800] "GET /favicon.ico HTTP/1.1" 404 89 "-" "Mozilla/5.0 (Windows NT 6.3; WOW64; rv:42.0) Gecko/20100101 Firefox/42.0" "saveaslave.com"
178.121.230.81 - - [01/Dec/2015:01:38:29 -0800] "GET /js/bootstrap.min.js HTTP/1.1" 304 - "http://saveaslave.com/myvisa-by-illegal-job.php" "Mozilla/5.0 (Windows NT 6.3; WOW64; rv:42.0) Gecko/20100101 Firefox/42.0" "saveaslave.com"
178.121.230.81 - - [01/Dec/2015:01:38:30 -0800] "GET /favicon.ico HTTP/1.1" 404 89 "-" "Mozilla/5.0 (Windows NT 6.3; WOW64; rv:42.0) Gecko/20100101 Firefox/42.0" "saveaslave.com"
178.121.230.81 - - [01/Dec/2015:01:38:32 -0800] "GET /photos/my-visa6.jpg HTTP/1.1" 200 183536 "http://saveaslave.com/myvisa-by-illegal-job.php" "Mozilla/5.0 (Windows NT 6.3; WOW64; rv:42.0) Gecko/20100101 Firefox/42.0" "saveaslave.com"
178.121.230.81 - - [01/Dec/2015:01:38:32 -0800] "GET /images/cover1.jpg HTTP/1.1" 200 253658 "http://saveaslave.com/myvisa-by-illegal-job.php" "Mozilla/5.0 (Windows NT 6.3; WOW64; rv:42.0) Gecko/20100101 Firefox/42.0" "saveaslave.com"
178.121.230.81 - - [01/Dec/2015:01:38:32 -0800] "GET /photos/my-visa5.jpg HTTP/1.1" 200 213677 "http://saveaslave.com/myvisa-by-illegal-job.php" "Mozilla/5.0 (Windows NT 6.3; WOW64; rv:42.0) Gecko/20100101 Firefox/42.0" "saveaslave.com"
178.121.230.81 - - [01/Dec/2015:01:38:33 -0800] "GET /photos/my-visa2.jpg HTTP/1.1" 200 64148 "http://saveaslave.com/myvisa-by-illegal-job.php" "Mozilla/5.0 (Windows NT 6.3; WOW64; rv:42.0) Gecko/20100101 Firefox/42.0" "saveaslave.com"
178.121.230.81 - - [01/Dec/2015:01:38:35 -0800] "GET /images/social2.png HTTP/1.1" 200 1752 "http://saveaslave.com/myvisa-by-illegal-job.php" "Mozilla/5.0 (Windows NT 6.3; WOW64; rv:42.0) Gecko/20100101 Firefox/42.0" "saveaslave.com"
194.160.208.7 - - [01/Dec/2015:01:41:35 -0800] "GET /images/countrymap/solomon-islands.gif HTTP/1.1" 404 89 "-" "Mozilla/4.0 (compatible; MSIE 7.0; Windows NT 6.2; WOW64; Trident/6.0; .NET4.0E; .NET4.0C; InfoPath.2; .NET CLR 3.5.30729; .NET CLR 2.0.50727; .NET CLR 3.0.30729)" "www.saveaslave.com"
207.46.13.160 - - [01/Dec/2015:01:45:37 -0800] "GET /uganda.html HTTP/1.1" 404 89 "-" "Mozilla/5.0 (compatible; bingbot/2.0; +http://www.bing.com/bingbot.htm)" "saveaslave.com"
178.121.230.81 - - [01/Dec/2015:01:46:34 -0800] "GET /myvisa-by-illegal-job.php HTTP/1.1" 200 84743 "-" "Mozilla/5.0 (Windows NT 6.3; WOW64; rv:42.0) Gecko/20100101 Firefox/42.0" "saveaslave.com"
178.121.230.81 - - [01/Dec/2015:01:46:35 -0800] "GET /myvisa-by-illegal-job.php HTTP/1.1" 200 84743 "-" "Mozilla/5.0 (Windows NT 6.3; WOW64; rv:42.0) Gecko/20100101 Firefox/42.0" "saveaslave.com"
178.121.230.81 - - [01/Dec/2015:01:48:17 -0800] "GET /myvisa-by-illegal-job.php HTTP/1.1" 200 84887 "-" "Mozilla/5.0 (Windows NT 6.3; WOW64; rv:42.0) Gecko/20100101 Firefox/42.0" "saveaslave.com"
178.121.230.81 - - [01/Dec/2015:01:48:18 -0800] "GET /myvisa-by-illegal-job.php HTTP/1.1" 200 84887 "-" "Mozilla/5.0 (Windows NT 6.3; WOW64; rv:42.0) Gecko/20100101 Firefox/42.0" "saveaslave.com"
178.121.230.81 - - [01/Dec/2015:01:48:19 -0800] "GET /photos/456.jpg HTTP/1.1" 200 72013 "http://saveaslave.com/myvisa-by-illegal-job.php" "Mozilla/5.0 (Windows NT 6.3; WOW64; rv:42.0) Gecko/20100101 Firefox/42.0" "saveaslave.com"
178.121.230.81 - - [01/Dec/2015:01:48:19 -0800] "GET /css/down-arrow.png HTTP/1.1" 404 89 "http://saveaslave.com/css/elements.css" "Mozilla/5.0 (Windows NT 6.3; WOW64; rv:42.0) Gecko/20100101 Firefox/42.0" "saveaslave.com"
81.28.161.6 - - [01/Dec/2015:01:49:49 -0800] "GET / HTTP/1.1" 200 51111 "http://hvd-store.com/" "Mozilla/5.0 (X11; Linux x86_64) AppleWebKit/537.36 (KHTML, like Gecko) Chrome/37.0.2062.120 Safari/537.36" "saveaslave.com"
188.165.15.191 - - [01/Dec/2015:01:55:15 -0800] "GET /el-salvador.html HTTP/1.1" 404 89 "-" "Mozilla/5.0 (compatible; AhrefsBot/5.0; +http://ahrefs.com/robot/)" "saveaslave.com"
65.36.241.48 - - [01/Dec/2015:02:02:07 -0800] "HEAD / HTTP/1.1" 200 0 "-" "InternetSeer.com" "www.saveaslave.com"
178.121.230.81 - - [01/Dec/2015:02:05:37 -0800] "GET /myvisa-by-illegal-job.php HTTP/1.1" 200 84887 "-" "Mozilla/5.0 (Windows NT 6.3; WOW64; rv:42.0) Gecko/20100101 Firefox/42.0" "saveaslave.com"
178.121.230.81 - - [01/Dec/2015:02:05:38 -0800] "GET /css/down-arrow.png HTTP/1.1" 404 89 "http://saveaslave.com/css/elements.css" "Mozilla/5.0 (Windows NT 6.3; WOW64; rv:42.0) Gecko/20100101 Firefox/42.0" "saveaslave.com"
180.76.15.25 - - [01/Dec/2015:02:06:54 -0800] "GET /namibia.html HTTP/1.1" 404 89 "-" "Mozilla/5.0 (compatible; Baiduspider/2.0; +http://www.baidu.com/search/spider.html)" "www.saveaslave.com"
217.69.133.237 - - [01/Dec/2015:02:07:50 -0800] "GET /robots.txt HTTP/1.1" 200 48 "-" "Mozilla/5.0 (compatible; Linux x86_64; Mail.RU_Bot/2.0; +http://go.mail.ru/help/robots)" "saveaslave.com"
178.121.230.81 - - [01/Dec/2015:02:12:37 -0800] "GET /myvisa-by-illegal-job.php HTTP/1.1" 200 85105 "-" "Mozilla/5.0 (Windows NT 6.3; WOW64; rv:42.0) Gecko/20100101 Firefox/42.0" "saveaslave.com"
178.121.230.81 - - [01/Dec/2015:02:12:38 -0800] "GET /myvisa-by-illegal-job.php HTTP/1.1" 200 85105 "-" "Mozilla/5.0 (Windows NT 6.3; WOW64; rv:42.0) Gecko/20100101 Firefox/42.0" "saveaslave.com"
178.121.230.81 - - [01/Dec/2015:02:12:39 -0800] "GET /css/down-arrow.png HTTP/1.1" 404 89 "http://saveaslave.com/css/elements.css" "Mozilla/5.0 (Windows NT 6.3; WOW64; rv:42.0) Gecko/20100101 Firefox/42.0" "saveaslave.com"
178.121.230.81 - - [01/Dec/2015:02:19:10 -0800] "GET /photos/my-visa3.jpg HTTP/1.1" 200 63136 "-" "Mozilla/5.0 (Windows NT 6.3; WOW64; rv:42.0) Gecko/20100101 Firefox/42.0" "saveaslave.com"
141.8.143.163 - - [01/Dec/2015:02:21:24 -0800] "GET /photos/article8a.jpg HTTP/1.1" 200 11299 "-" "Mozilla/5.0 (compatible; YandexImages/3.0; +http://yandex.com/bots)" "saveaslave.com"
208.115.113.94 - - [01/Dec/2015:02:22:24 -0800] "GET /robots.txt HTTP/1.1" 200 48 "-" "Mozilla/5.0 (compatible; DotBot/1.1; http://www.opensiteexplorer.org/dotbot, help@moz.com)" "saveaslave.com"
208.115.113.94 - - [01/Dec/2015:02:22:24 -0800] "GET /robots.txt HTTP/1.1" 200 48 "-" "Mozilla/5.0 (compatible; DotBot/1.1; http://www.opensiteexplorer.org/dotbot, help@moz.com)" "www.saveaslave.com"
203.133.170.90 - - [01/Dec/2015:02:23:26 -0800] "GET / HTTP/1.1" 200 51147 "-" "Mozilla/5.0 (compatible; MSIE or Firefox mutant; not on Windows server;) Daumoa 4.0" "saveaslave.com"
208.115.113.94 - - [01/Dec/2015:02:24:35 -0800] "GET /www.lafla.org HTTP/1.1" 404 89 "-" "Mozilla/5.0 (compatible; DotBot/1.1; http://www.opensiteexplorer.org/dotbot, help@moz.com)" "www.saveaslave.com"
208.115.113.94 - - [01/Dec/2015:02:24:42 -0800] "GET /www.museumoftolerance.com HTTP/1.1" 404 89 "-" "Mozilla/5.0 (compatible; DotBot/1.1; http://www.opensiteexplorer.org/dotbot, help@moz.com)" "www.saveaslave.com"
188.165.15.191 - - [01/Dec/2015:02:28:07 -0800] "GET /cambodia.html HTTP/1.1" 404 89 "-" "Mozilla/5.0 (compatible; AhrefsBot/5.0; +http://ahrefs.com/robot/)" "www.saveaslave.com"
178.121.230.81 - - [01/Dec/2015:02:36:03 -0800] "GET /myvisa-by-illegal-job.php HTTP/1.1" 200 87675 "-" "Mozilla/5.0 (Windows NT 6.3; WOW64; rv:42.0) Gecko/20100101 Firefox/42.0" "saveaslave.com"
178.121.230.81 - - [01/Dec/2015:02:36:04 -0800] "GET /myvisa-by-illegal-job.php HTTP/1.1" 200 87675 "-" "Mozilla/5.0 (Windows NT 6.3; WOW64; rv:42.0) Gecko/20100101 Firefox/42.0" "saveaslave.com"
178.121.230.81 - - [01/Dec/2015:02:36:06 -0800] "GET /css/down-arrow.png HTTP/1.1" 404 89 "http://saveaslave.com/css/elements.css" "Mozilla/5.0 (Windows NT 6.3; WOW64; rv:42.0) Gecko/20100101 Firefox/42.0" "saveaslave.com"
217.69.133.31 - - [01/Dec/2015:02:38:17 -0800] "GET /robots.txt HTTP/1.1" 200 48 "-" "Mozilla/5.0 (compatible; Linux x86_64; Mail.RU_Bot/2.0; +http://go.mail.ru/help/robots)" "saveaslave.com"
172.93.97.26 - - [01/Dec/2015:02:38:22 -0800] "GET / HTTP/1.1" 200 51147 "-" "Mozilla/5.0 (Macintosh; Intel Mac OS X 10_10_2) AppleWebKit/537.36 (KHTML, like Gecko) Chrome/41.0.2272.118 Safari/537.36" "saveaslave.com"
172.93.97.26 - - [01/Dec/2015:02:38:22 -0800] "GET /feed HTTP/1.1" 404 89 "-" "Mozilla/5.0 (Macintosh; Intel Mac OS X 10_10_2) AppleWebKit/537.36 (KHTML, like Gecko) Chrome/41.0.2272.118 Safari/537.36" "saveaslave.com"
172.93.97.26 - - [01/Dec/2015:02:38:22 -0800] "GET /atom.xml HTTP/1.1" 404 89 "-" "Mozilla/5.0 (Macintosh; Intel Mac OS X 10_10_2) AppleWebKit/537.36 (KHTML, like Gecko) Chrome/41.0.2272.118 Safari/537.36" "saveaslave.com"
172.93.97.26 - - [01/Dec/2015:02:38:22 -0800] "GET /index.rdf HTTP/1.1" 404 89 "-" "Mozilla/5.0 (Macintosh; Intel Mac OS X 10_10_2) AppleWebKit/537.36 (KHTML, like Gecko) Chrome/41.0.2272.118 Safari/537.36" "saveaslave.com"
172.93.97.26 - - [01/Dec/2015:02:38:22 -0800] "GET /rss.xml HTTP/1.1" 404 89 "-" "Mozilla/5.0 (Macintosh; Intel Mac OS X 10_10_2) AppleWebKit/537.36 (KHTML, like Gecko) Chrome/41.0.2272.118 Safari/537.36" "saveaslave.com"
172.93.97.26 - - [01/Dec/2015:02:38:22 -0800] "GET /blog.rss HTTP/1.1" 404 89 "-" "Mozilla/5.0 (Macintosh; Intel Mac OS X 10_10_2) AppleWebKit/537.36 (KHTML, like Gecko) Chrome/41.0.2272.118 Safari/537.36" "saveaslave.com"
172.93.97.26 - - [01/Dec/2015:02:38:22 -0800] "GET /rss HTTP/1.1" 404 89 "-" "Mozilla/5.0 (Macintosh; Intel Mac OS X 10_10_2) AppleWebKit/537.36 (KHTML, like Gecko) Chrome/41.0.2272.118 Safari/537.36" "saveaslave.com"
172.93.97.26 - - [01/Dec/2015:02:38:22 -0800] "GET /blog/feed HTTP/1.1" 404 89 "-" "Mozilla/5.0 (Macintosh; Intel Mac OS X 10_10_2) AppleWebKit/537.36 (KHTML, like Gecko) Chrome/41.0.2272.118 Safari/537.36" "saveaslave.com"
172.93.97.26 - - [01/Dec/2015:02:38:22 -0800] "GET /blog/atom.xml HTTP/1.1" 404 89 "-" "Mozilla/5.0 (Macintosh; Intel Mac OS X 10_10_2) AppleWebKit/537.36 (KHTML, like Gecko) Chrome/41.0.2272.118 Safari/537.36" "saveaslave.com"
172.93.97.26 - - [01/Dec/2015:02:38:22 -0800] "GET /blog/index.rdf HTTP/1.1" 404 89 "-" "Mozilla/5.0 (Macintosh; Intel Mac OS X 10_10_2) AppleWebKit/537.36 (KHTML, like Gecko) Chrome/41.0.2272.118 Safari/537.36" "saveaslave.com"
172.93.97.26 - - [01/Dec/2015:02:38:22 -0800] "GET /blog/rss.xml HTTP/1.1" 404 89 "-" "Mozilla/5.0 (Macintosh; Intel Mac OS X 10_10_2) AppleWebKit/537.36 (KHTML, like Gecko) Chrome/41.0.2272.118 Safari/537.36" "saveaslave.com"
172.93.97.26 - - [01/Dec/2015:02:38:22 -0800] "GET /blog/blog.rss HTTP/1.1" 404 89 "-" "Mozilla/5.0 (Macintosh; Intel Mac OS X 10_10_2) AppleWebKit/537.36 (KHTML, like Gecko) Chrome/41.0.2272.118 Safari/537.36" "saveaslave.com"
172.93.97.26 - - [01/Dec/2015:02:38:22 -0800] "GET /blog/rss HTTP/1.1" 404 89 "-" "Mozilla/5.0 (Macintosh; Intel Mac OS X 10_10_2) AppleWebKit/537.36 (KHTML, like Gecko) Chrome/41.0.2272.118 Safari/537.36" "saveaslave.com"
172.93.97.26 - - [01/Dec/2015:02:38:22 -0800] "GET /blogs/feed HTTP/1.1" 404 89 "-" "Mozilla/5.0 (Macintosh; Intel Mac OS X 10_10_2) AppleWebKit/537.36 (KHTML, like Gecko) Chrome/41.0.2272.118 Safari/537.36" "saveaslave.com"
172.93.97.26 - - [01/Dec/2015:02:38:22 -0800] "GET /blogs/atom.xml HTTP/1.1" 404 89 "-" "Mozilla/5.0 (Macintosh; Intel Mac OS X 10_10_2) AppleWebKit/537.36 (KHTML, like Gecko) Chrome/41.0.2272.118 Safari/537.36" "saveaslave.com"
172.93.97.26 - - [01/Dec/2015:02:38:22 -0800] "GET /blogs/index.rdf HTTP/1.1" 404 89 "-" "Mozilla/5.0 (Macintosh; Intel Mac OS X 10_10_2) AppleWebKit/537.36 (KHTML, like Gecko) Chrome/41.0.2272.118 Safari/537.36" "saveaslave.com"
172.93.97.26 - - [01/Dec/2015:02:38:22 -0800] "GET /blogs/rss HTTP/1.1" 404 89 "-" "Mozilla/5.0 (Macintosh; Intel Mac OS X 10_10_2) AppleWebKit/537.36 (KHTML, like Gecko) Chrome/41.0.2272.118 Safari/537.36" "saveaslave.com"
172.93.97.26 - - [01/Dec/2015:02:38:22 -0800] "GET /feed/feed HTTP/1.1" 404 89 "-" "Mozilla/5.0 (Macintosh; Intel Mac OS X 10_10_2) AppleWebKit/537.36 (KHTML, like Gecko) Chrome/41.0.2272.118 Safari/537.36" "saveaslave.com"
172.93.97.26 - - [01/Dec/2015:02:38:22 -0800] "GET /feed/atom.xml HTTP/1.1" 404 89 "-" "Mozilla/5.0 (Macintosh; Intel Mac OS X 10_10_2) AppleWebKit/537.36 (KHTML, like Gecko) Chrome/41.0.2272.118 Safari/537.36" "saveaslave.com"
172.93.97.26 - - [01/Dec/2015:02:38:22 -0800] "GET /feed/index.rdf HTTP/1.1" 404 89 "-" "Mozilla/5.0 (Macintosh; Intel Mac OS X 10_10_2) AppleWebKit/537.36 (KHTML, like Gecko) Chrome/41.0.2272.118 Safari/537.36" "saveaslave.com"
172.93.97.26 - - [01/Dec/2015:02:38:22 -0800] "GET /feed/rss.xml HTTP/1.1" 404 89 "-" "Mozilla/5.0 (Macintosh; Intel Mac OS X 10_10_2) AppleWebKit/537.36 (KHTML, like Gecko) Chrome/41.0.2272.118 Safari/537.36" "saveaslave.com"
172.93.97.26 - - [01/Dec/2015:02:38:22 -0800] "GET /feed/blog.rss HTTP/1.1" 404 89 "-" "Mozilla/5.0 (Macintosh; Intel Mac OS X 10_10_2) AppleWebKit/537.36 (KHTML, like Gecko) Chrome/41.0.2272.118 Safari/537.36" "saveaslave.com"
172.93.97.26 - - [01/Dec/2015:02:38:22 -0800] "GET /feed/rss HTTP/1.1" 404 89 "-" "Mozilla/5.0 (Macintosh; Intel Mac OS X 10_10_2) AppleWebKit/537.36 (KHTML, like Gecko) Chrome/41.0.2272.118 Safari/537.36" "saveaslave.com"
172.93.97.26 - - [01/Dec/2015:02:38:22 -0800] "GET /sitemap.xml HTTP/1.1" 200 296 "-" "Mozilla/5.0 (Macintosh; Intel Mac OS X 10_10_2) AppleWebKit/537.36 (KHTML, like Gecko) Chrome/41.0.2272.118 Safari/537.36" "saveaslave.com"
172.93.97.26 - - [01/Dec/2015:02:38:22 -0800] "GET /sitemap.xml.gz HTTP/1.1" 404 89 "-" "Mozilla/5.0 (Macintosh; Intel Mac OS X 10_10_2) AppleWebKit/537.36 (KHTML, like Gecko) Chrome/41.0.2272.118 Safari/537.36" "saveaslave.com"
172.93.97.26 - - [01/Dec/2015:02:38:22 -0800] "GET /sitemap_index.xml HTTP/1.1" 404 89 "-" "Mozilla/5.0 (Macintosh; Intel Mac OS X 10_10_2) AppleWebKit/537.36 (KHTML, like Gecko) Chrome/41.0.2272.118 Safari/537.36" "saveaslave.com"
172.93.97.26 - - [01/Dec/2015:02:38:22 -0800] "GET /post-sitemap.xml HTTP/1.1" 404 89 "-" "Mozilla/5.0 (Macintosh; Intel Mac OS X 10_10_2) AppleWebKit/537.36 (KHTML, like Gecko) Chrome/41.0.2272.118 Safari/537.36" "saveaslave.com"
217.69.133.239 - - [01/Dec/2015:02:39:37 -0800] "GET /Magazines.html HTTP/1.1" 404 89 "-" "Mozilla/5.0 (compatible; Linux x86_64; Mail.RU_Bot/2.0; +http://go.mail.ru/help/robots)" "saveaslave.com"
217.69.133.60 - - [01/Dec/2015:02:40:28 -0800] "GET /site/?cat=242 HTTP/1.1" 404 89 "-" "Mozilla/5.0 (compatible; Linux x86_64; Mail.RU_Bot/2.0; +http://go.mail.ru/help/robots)" "saveaslave.com"
178.121.230.81 - - [01/Dec/2015:02:43:49 -0800] "GET /myvisa-by-illegal-job HTTP/1.1" 200 87675 "-" "Mozilla/5.0 (Linux; Android 4.4.2; Techno 7.85 3G TM859N Build/TM859N) AppleWebKit/537.36 (KHTML, like Gecko) Version/4.0 Chrome/30.0.0.0 Safari/537.36" "www.saveaslave.com"
178.121.230.81 - - [01/Dec/2015:02:43:49 -0800] "GET /css/bootstrap.min.css HTTP/1.1" 200 123578 "http://www.saveaslave.com/myvisa-by-illegal-job" "Mozilla/5.0 (Linux; Android 4.4.2; Techno 7.85 3G TM859N Build/TM859N) AppleWebKit/537.36 (KHTML, like Gecko) Version/4.0 Chrome/30.0.0.0 Safari/537.36" "www.saveaslave.com"
178.121.230.81 - - [01/Dec/2015:02:43:50 -0800] "GET /css/elements.css HTTP/1.1" 200 17857 "http://www.saveaslave.com/myvisa-by-illegal-job" "Mozilla/5.0 (Linux; Android 4.4.2; Techno 7.85 3G TM859N Build/TM859N) AppleWebKit/537.36 (KHTML, like Gecko) Version/4.0 Chrome/30.0.0.0 Safari/537.36" "www.saveaslave.com"
178.121.230.81 - - [01/Dec/2015:02:43:50 -0800] "GET /gfeedfetcher.js HTTP/1.1" 200 9018 "http://www.saveaslave.com/myvisa-by-illegal-job" "Mozilla/5.0 (Linux; Android 4.4.2; Techno 7.85 3G TM859N Build/TM859N) AppleWebKit/537.36 (KHTML, like Gecko) Version/4.0 Chrome/30.0.0.0 Safari/537.36" "www.saveaslave.com"
178.121.230.81 - - [01/Dec/2015:02:43:50 -0800] "GET /assets/js/ie-emulation-modes-warning.js HTTP/1.1" 200 2130 "http://www.saveaslave.com/myvisa-by-illegal-job" "Mozilla/5.0 (Linux; Android 4.4.2; Techno 7.85 3G TM859N Build/TM859N) AppleWebKit/537.36 (KHTML, like Gecko) Version/4.0 Chrome/30.0.0.0 Safari/537.36" "www.saveaslave.com"
178.121.230.81 - - [01/Dec/2015:02:43:50 -0800] "GET /css/style.css HTTP/1.1" 200 7938 "http://www.saveaslave.com/myvisa-by-illegal-job" "Mozilla/5.0 (Linux; Android 4.4.2; Techno 7.85 3G TM859N Build/TM859N) AppleWebKit/537.36 (KHTML, like Gecko) Version/4.0 Chrome/30.0.0.0 Safari/537.36" "www.saveaslave.com"
178.121.230.81 - - [01/Dec/2015:02:43:50 -0800] "GET /gajaxscroller.js HTTP/1.1" 200 9774 "http://www.saveaslave.com/myvisa-by-illegal-job" "Mozilla/5.0 (Linux; Android 4.4.2; Techno 7.85 3G TM859N Build/TM859N) AppleWebKit/537.36 (KHTML, like Gecko) Version/4.0 Chrome/30.0.0.0 Safari/537.36" "www.saveaslave.com"
178.121.230.81 - - [01/Dec/2015:02:43:50 -0800] "GET /images/logo2.png HTTP/1.1" 200 18525 "http://www.saveaslave.com/myvisa-by-illegal-job" "Mozilla/5.0 (Linux; Android 4.4.2; Techno 7.85 3G TM859N Build/TM859N) AppleWebKit/537.36 (KHTML, like Gecko) Version/4.0 Chrome/30.0.0.0 Safari/537.36" "www.saveaslave.com"
178.121.230.81 - - [01/Dec/2015:02:43:51 -0800] "GET /photos/top.jpg HTTP/1.1" 200 50519 "http://www.saveaslave.com/myvisa-by-illegal-job" "Mozilla/5.0 (Linux; Android 4.4.2; Techno 7.85 3G TM859N Build/TM859N) AppleWebKit/537.36 (KHTML, like Gecko) Version/4.0 Chrome/30.0.0.0 Safari/537.36" "www.saveaslave.com"
178.121.230.81 - - [01/Dec/2015:02:43:51 -0800] "GET /css/style-pages.css HTTP/1.1" 200 9369 "http://www.saveaslave.com/myvisa-by-illegal-job" "Mozilla/5.0 (Linux; Android 4.4.2; Techno 7.85 3G TM859N Build/TM859N) AppleWebKit/537.36 (KHTML, like Gecko) Version/4.0 Chrome/30.0.0.0 Safari/537.36" "www.saveaslave.com"
178.121.230.81 - - [01/Dec/2015:02:43:51 -0800] "GET /photos/my-visa1.jpg HTTP/1.1" 200 56144 "http://www.saveaslave.com/myvisa-by-illegal-job" "Mozilla/5.0 (Linux; Android 4.4.2; Techno 7.85 3G TM859N Build/TM859N) AppleWebKit/537.36 (KHTML, like Gecko) Version/4.0 Chrome/30.0.0.0 Safari/537.36" "www.saveaslave.com"
178.121.230.81 - - [01/Dec/2015:02:43:51 -0800] "GET /photos/my-visa6.jpg HTTP/1.1" 200 183536 "http://www.saveaslave.com/myvisa-by-illegal-job" "Mozilla/5.0 (Linux; Android 4.4.2; Techno 7.85 3G TM859N Build/TM859N) AppleWebKit/537.36 (KHTML, like Gecko) Version/4.0 Chrome/30.0.0.0 Safari/537.36" "www.saveaslave.com"
178.121.230.81 - - [01/Dec/2015:02:43:51 -0800] "GET /photos/my-visa5.jpg HTTP/1.1" 200 213677 "http://www.saveaslave.com/myvisa-by-illegal-job" "Mozilla/5.0 (Linux; Android 4.4.2; Techno 7.85 3G TM859N Build/TM859N) AppleWebKit/537.36 (KHTML, like Gecko) Version/4.0 Chrome/30.0.0.0 Safari/537.36" "www.saveaslave.com"
178.121.230.81 - - [01/Dec/2015:02:43:51 -0800] "GET /photos/my-visa2.jpg HTTP/1.1" 200 64148 "http://www.saveaslave.com/myvisa-by-illegal-job" "Mozilla/5.0 (Linux; Android 4.4.2; Techno 7.85 3G TM859N Build/TM859N) AppleWebKit/537.36 (KHTML, like Gecko) Version/4.0 Chrome/30.0.0.0 Safari/537.36" "www.saveaslave.com"
178.121.230.81 - - [01/Dec/2015:02:43:52 -0800] "GET /photos/my-visa3.jpg HTTP/1.1" 200 63136 "http://www.saveaslave.com/myvisa-by-illegal-job" "Mozilla/5.0 (Linux; Android 4.4.2; Techno 7.85 3G TM859N Build/TM859N) AppleWebKit/537.36 (KHTML, like Gecko) Version/4.0 Chrome/30.0.0.0 Safari/537.36" "www.saveaslave.com"
178.121.230.81 - - [01/Dec/2015:02:43:53 -0800] "GET /js/bootstrap.min.js HTTP/1.1" 200 37055 "http://www.saveaslave.com/myvisa-by-illegal-job" "Mozilla/5.0 (Linux; Android 4.4.2; Techno 7.85 3G TM859N Build/TM859N) AppleWebKit/537.36 (KHTML, like Gecko) Version/4.0 Chrome/30.0.0.0 Safari/537.36" "www.saveaslave.com"
178.121.230.81 - - [01/Dec/2015:02:43:53 -0800] "GET /assets/js/ie10-viewport-bug-workaround.js HTTP/1.1" 200 641 "http://www.saveaslave.com/myvisa-by-illegal-job" "Mozilla/5.0 (Linux; Android 4.4.2; Techno 7.85 3G TM859N Build/TM859N) AppleWebKit/537.36 (KHTML, like Gecko) Version/4.0 Chrome/30.0.0.0 Safari/537.36" "www.saveaslave.com"
178.121.230.81 - - [01/Dec/2015:02:43:54 -0800] "GET /photos/456.jpg HTTP/1.1" 200 72013 "http://www.saveaslave.com/myvisa-by-illegal-job" "Mozilla/5.0 (Linux; Android 4.4.2; Techno 7.85 3G TM859N Build/TM859N) AppleWebKit/537.36 (KHTML, like Gecko) Version/4.0 Chrome/30.0.0.0 Safari/537.36" "www.saveaslave.com"
178.121.230.81 - - [01/Dec/2015:02:43:54 -0800] "GET /images/social1.png HTTP/1.1" 200 2012 "http://www.saveaslave.com/myvisa-by-illegal-job" "Mozilla/5.0 (Linux; Android 4.4.2; Techno 7.85 3G TM859N Build/TM859N) AppleWebKit/537.36 (KHTML, like Gecko) Version/4.0 Chrome/30.0.0.0 Safari/537.36" "www.saveaslave.com"
178.121.230.81 - - [01/Dec/2015:02:43:54 -0800] "GET /indicator.gif HTTP/1.1" 200 878 "http://www.saveaslave.com/myvisa-by-illegal-job" "Mozilla/5.0 (Linux; Android 4.4.2; Techno 7.85 3G TM859N Build/TM859N) AppleWebKit/537.36 (KHTML, like Gecko) Version/4.0 Chrome/30.0.0.0 Safari/537.36" "www.saveaslave.com"
178.121.230.81 - - [01/Dec/2015:02:43:55 -0800] "GET /images/social3.png HTTP/1.1" 200 4343 "http://www.saveaslave.com/myvisa-by-illegal-job" "Mozilla/5.0 (Linux; Android 4.4.2; Techno 7.85 3G TM859N Build/TM859N) AppleWebKit/537.36 (KHTML, like Gecko) Version/4.0 Chrome/30.0.0.0 Safari/537.36" "www.saveaslave.com"
178.121.230.81 - - [01/Dec/2015:02:44:28 -0800] "GET /favicon.ico HTTP/1.1" 404 89 "-" "Mozilla/5.0 (Linux; Android 4.4.2; Techno 7.85 3G TM859N Build/TM859N) AppleWebKit/537.36 (KHTML, like Gecko) Version/4.0 Chrome/30.0.0.0 Safari/537.36" "www.saveaslave.com"
178.121.230.81 - - [01/Dec/2015:02:44:28 -0800] "GET /ico/favicon-96x96.png HTTP/1.1" 200 4476 "-" "Mozilla/5.0 (Linux; Android 4.4.2; Techno 7.85 3G TM859N Build/TM859N) AppleWebKit/537.36 (KHTML, like Gecko) Version/4.0 Chrome/30.0.0.0 Safari/537.36" "www.saveaslave.com"
178.121.230.81 - - [01/Dec/2015:02:44:28 -0800] "GET /ico/favicon-32x32.png HTTP/1.1" 200 1892 "-" "Mozilla/5.0 (Linux; Android 4.4.2; Techno 7.85 3G TM859N Build/TM859N) AppleWebKit/537.36 (KHTML, like Gecko) Version/4.0 Chrome/30.0.0.0 Safari/537.36" "www.saveaslave.com"
178.121.230.81 - - [01/Dec/2015:02:44:28 -0800] "GET /ico/android-icon-192x192.png HTTP/1.1" 200 10097 "-" "Mozilla/5.0 (Linux; Android 4.4.2; Techno 7.85 3G TM859N Build/TM859N) AppleWebKit/537.36 (KHTML, like Gecko) Version/4.0 Chrome/30.0.0.0 Safari/537.36" "www.saveaslave.com"
178.121.230.81 - - [01/Dec/2015:02:44:28 -0800] "GET /ico/favicon-16x16.png HTTP/1.1" 200 1129 "-" "Mozilla/5.0 (Linux; Android 4.4.2; Techno 7.85 3G TM859N Build/TM859N) AppleWebKit/537.36 (KHTML, like Gecko) Version/4.0 Chrome/30.0.0.0 Safari/537.36" "www.saveaslave.com"
178.121.230.81 - - [01/Dec/2015:02:44:28 -0800] "GET /ico/apple-icon-180x180.png HTTP/1.1" 200 10378 "-" "Mozilla/5.0 (Linux; Android 4.4.2; Techno 7.85 3G TM859N Build/TM859N) AppleWebKit/537.36 (KHTML, like Gecko) Version/4.0 Chrome/30.0.0.0 Safari/537.36" "www.saveaslave.com"
178.121.230.81 - - [01/Dec/2015:02:44:43 -0800] "GET /ico/apple-icon-180x180.png HTTP/1.1" 200 10378 "-" "Mozilla/5.0 (Linux; Android 4.4.2; Techno 7.85 3G TM859N Build/TM859N) AppleWebKit/537.36 (KHTML, like Gecko) Version/4.0 Chrome/30.0.0.0 Safari/537.36" "www.saveaslave.com"
178.121.230.81 - - [01/Dec/2015:02:44:43 -0800] "GET /favicon.ico HTTP/1.1" 404 89 "-" "Mozilla/5.0 (Linux; Android 4.4.2; Techno 7.85 3G TM859N Build/TM859N) AppleWebKit/537.36 (KHTML, like Gecko) Version/4.0 Chrome/30.0.0.0 Safari/537.36" "www.saveaslave.com"
178.121.230.81 - - [01/Dec/2015:02:44:59 -0800] "GET /myvisa-by-illegal-job HTTP/1.1" 200 87675 "-" "Mozilla/5.0 (Linux; Android 4.4.2; Techno 7.85 3G TM859N Build/TM859N) AppleWebKit/537.36 (KHTML, like Gecko) Version/4.0 Chrome/30.0.0.0 Safari/537.36" "www.saveaslave.com"
178.121.230.81 - - [01/Dec/2015:02:45:00 -0800] "GET /css/down-arrow.png HTTP/1.1" 404 89 "http://www.saveaslave.com/myvisa-by-illegal-job" "Mozilla/5.0 (Linux; Android 4.4.2; Techno 7.85 3G TM859N Build/TM859N) AppleWebKit/537.36 (KHTML, like Gecko) Version/4.0 Chrome/30.0.0.0 Safari/537.36" "www.saveaslave.com"
178.121.230.81 - - [01/Dec/2015:02:45:00 -0800] "GET /js/bootstrap.min.js HTTP/1.1" 200 37055 "http://www.saveaslave.com/myvisa-by-illegal-job" "Mozilla/5.0 (Linux; Android 4.4.2; Techno 7.85 3G TM859N Build/TM859N) AppleWebKit/537.36 (KHTML, like Gecko) Version/4.0 Chrome/30.0.0.0 Safari/537.36" "www.saveaslave.com"
178.121.230.81 - - [01/Dec/2015:02:45:03 -0800] "GET /ico/apple-icon-180x180.png HTTP/1.1" 200 10378 "-" "Mozilla/5.0 (Linux; Android 4.4.2; Techno 7.85 3G TM859N Build/TM859N) AppleWebKit/537.36 (KHTML, like Gecko) Version/4.0 Chrome/30.0.0.0 Safari/537.36" "www.saveaslave.com"
178.121.230.81 - - [01/Dec/2015:02:45:03 -0800] "GET /favicon.ico HTTP/1.1" 404 89 "-" "Mozilla/5.0 (Linux; Android 4.4.2; Techno 7.85 3G TM859N Build/TM859N) AppleWebKit/537.36 (KHTML, like Gecko) Version/4.0 Chrome/30.0.0.0 Safari/537.36" "www.saveaslave.com"
178.121.230.81 - - [01/Dec/2015:02:45:50 -0800] "GET /our-news.php HTTP/1.1" 200 47241 "http://www.saveaslave.com/myvisa-by-illegal-job" "Mozilla/5.0 (Linux; Android 4.4.2; Techno 7.85 3G TM859N Build/TM859N) AppleWebKit/537.36 (KHTML, like Gecko) Version/4.0 Chrome/30.0.0.0 Safari/537.36" "www.saveaslave.com"
178.121.230.81 - - [01/Dec/2015:02:45:51 -0800] "GET /photos/article8a.jpg HTTP/1.1" 200 11299 "http://www.saveaslave.com/our-news.php" "Mozilla/5.0 (Linux; Android 4.4.2; Techno 7.85 3G TM859N Build/TM859N) AppleWebKit/537.36 (KHTML, like Gecko) Version/4.0 Chrome/30.0.0.0 Safari/537.36" "www.saveaslave.com"
178.121.230.81 - - [01/Dec/2015:02:45:51 -0800] "GET /photos/article7.jpg HTTP/1.1" 200 15527 "http://www.saveaslave.com/our-news.php" "Mozilla/5.0 (Linux; Android 4.4.2; Techno 7.85 3G TM859N Build/TM859N) AppleWebKit/537.36 (KHTML, like Gecko) Version/4.0 Chrome/30.0.0.0 Safari/537.36" "www.saveaslave.com"
178.121.230.81 - - [01/Dec/2015:02:45:51 -0800] "GET /photos/article1.jpg HTTP/1.1" 200 11640 "http://www.saveaslave.com/our-news.php" "Mozilla/5.0 (Linux; Android 4.4.2; Techno 7.85 3G TM859N Build/TM859N) AppleWebKit/537.36 (KHTML, like Gecko) Version/4.0 Chrome/30.0.0.0 Safari/537.36" "www.saveaslave.com"
178.121.230.81 - - [01/Dec/2015:02:45:51 -0800] "GET /photos/article2.jpg HTTP/1.1" 200 15209 "http://www.saveaslave.com/our-news.php" "Mozilla/5.0 (Linux; Android 4.4.2; Techno 7.85 3G TM859N Build/TM859N) AppleWebKit/537.36 (KHTML, like Gecko) Version/4.0 Chrome/30.0.0.0 Safari/537.36" "www.saveaslave.com"
178.121.230.81 - - [01/Dec/2015:02:45:51 -0800] "GET /photos/article3a.jpg HTTP/1.1" 200 12445 "http://www.saveaslave.com/our-news.php" "Mozilla/5.0 (Linux; Android 4.4.2; Techno 7.85 3G TM859N Build/TM859N) AppleWebKit/537.36 (KHTML, like Gecko) Version/4.0 Chrome/30.0.0.0 Safari/537.36" "www.saveaslave.com"
178.121.230.81 - - [01/Dec/2015:02:45:51 -0800] "GET /photos/article4.png HTTP/1.1" 200 42622 "http://www.saveaslave.com/our-news.php" "Mozilla/5.0 (Linux; Android 4.4.2; Techno 7.85 3G TM859N Build/TM859N) AppleWebKit/537.36 (KHTML, like Gecko) Version/4.0 Chrome/30.0.0.0 Safari/537.36" "www.saveaslave.com"
178.121.230.81 - - [01/Dec/2015:02:45:51 -0800] "GET /photos/article5.jpg HTTP/1.1" 200 14497 "http://www.saveaslave.com/our-news.php" "Mozilla/5.0 (Linux; Android 4.4.2; Techno 7.85 3G TM859N Build/TM859N) AppleWebKit/537.36 (KHTML, like Gecko) Version/4.0 Chrome/30.0.0.0 Safari/537.36" "www.saveaslave.com"
178.121.230.81 - - [01/Dec/2015:02:45:52 -0800] "GET /css/down-arrow.png HTTP/1.1" 404 89 "http://www.saveaslave.com/our-news.php" "Mozilla/5.0 (Linux; Android 4.4.2; Techno 7.85 3G TM859N Build/TM859N) AppleWebKit/537.36 (KHTML, like Gecko) Version/4.0 Chrome/30.0.0.0 Safari/537.36" "www.saveaslave.com"
178.121.230.81 - - [01/Dec/2015:02:45:54 -0800] "GET /ico/apple-icon-180x180.png HTTP/1.1" 200 10378 "-" "Mozilla/5.0 (Linux; Android 4.4.2; Techno 7.85 3G TM859N Build/TM859N) AppleWebKit/537.36 (KHTML, like Gecko) Version/4.0 Chrome/30.0.0.0 Safari/537.36" "www.saveaslave.com"
178.121.230.81 - - [01/Dec/2015:02:46:01 -0800] "GET /favicon.ico HTTP/1.1" 404 89 "-" "Mozilla/5.0 (Linux; Android 4.4.2; Techno 7.85 3G TM859N Build/TM859N) AppleWebKit/537.36 (KHTML, like Gecko) Version/4.0 Chrome/30.0.0.0 Safari/537.36" "www.saveaslave.com"
178.121.230.81 - - [01/Dec/2015:02:46:19 -0800] "GET /ico/apple-icon-180x180.png HTTP/1.1" 200 10378 "-" "Mozilla/5.0 (Linux; Android 4.4.2; Techno 7.85 3G TM859N Build/TM859N) AppleWebKit/537.36 (KHTML, like Gecko) Version/4.0 Chrome/30.0.0.0 Safari/537.36" "www.saveaslave.com"
180.76.15.158 - - [01/Dec/2015:02:55:10 -0800] "GET /austria.html HTTP/1.1" 404 89 "-" "Mozilla/5.0 (compatible; Baiduspider/2.0; +http://www.baidu.com/search/spider.html)" "www.saveaslave.com"
66.249.64.204 - - [01/Dec/2015:02:59:33 -0800] "GET /swaziland.html HTTP/1.1" 404 89 "-" "Mozilla/5.0 (compatible; Googlebot/2.1; +http://www.google.com/bot.html)" "www.saveaslave.com"
173.252.73.108 - - [01/Dec/2015:02:59:50 -0800] "GET /images/slaves.jpg HTTP/1.1" 404 89 "-" "facebookexternalhit/1.1 (+http://www.facebook.com/externalhit_uatext.php)" "www.saveaslave.com"
188.165.15.191 - - [01/Dec/2015:03:09:30 -0800] "GET /greenland.html HTTP/1.1" 404 89 "-" "Mozilla/5.0 (compatible; AhrefsBot/5.0; +http://ahrefs.com/robot/)" "saveaslave.com"
178.121.230.81 - - [01/Dec/2015:03:21:17 -0800] "GET /photos/obman.jpg HTTP/1.1" 200 36608 "http://saveaslave.com/in-russian.php" "Mozilla/5.0 (Windows NT 6.3; WOW64; rv:42.0) Gecko/20100101 Firefox/42.0" "saveaslave.com"
178.121.230.81 - - [01/Dec/2015:03:21:18 -0800] "GET /photos/belarus_flag_2.jpg HTTP/1.1" 200 11768 "http://saveaslave.com/in-russian.php" "Mozilla/5.0 (Windows NT 6.3; WOW64; rv:42.0) Gecko/20100101 Firefox/42.0" "saveaslave.com"
178.121.230.81 - - [01/Dec/2015:03:21:18 -0800] "GET /photos/article1r.jpg HTTP/1.1" 200 14025 "http://saveaslave.com/in-russian.php" "Mozilla/5.0 (Windows NT 6.3; WOW64; rv:42.0) Gecko/20100101 Firefox/42.0" "saveaslave.com"
178.121.230.81 - - [01/Dec/2015:03:21:18 -0800] "GET /photos/news11r.jpg HTTP/1.1" 200 52767 "http://saveaslave.com/in-russian.php" "Mozilla/5.0 (Windows NT 6.3; WOW64; rv:42.0) Gecko/20100101 Firefox/42.0" "saveaslave.com"
178.121.230.81 - - [01/Dec/2015:03:21:18 -0800] "GET /photos/article7.jpg HTTP/1.1" 200 15527 "http://saveaslave.com/in-russian.php" "Mozilla/5.0 (Windows NT 6.3; WOW64; rv:42.0) Gecko/20100101 Firefox/42.0" "saveaslave.com"
