75.115.8.155 - - [06/May/2016:12:17:50 -0700] "GET /images/supporters/trucker.jpg HTTP/1.1" 200 6096 "http://saveaslave.com/our-supporters.php" "Mozilla/5.0 (Macintosh; Intel Mac OS X 10_11_4) AppleWebKit/537.36 (KHTML, like Gecko) Chrome/50.0.2661.94 Safari/537.36" "saveaslave.com"[0]
75.115.8.155 - - [06/May/2016:12:17:50 -0700] "GET /images/supporters/gems.jpg HTTP/1.1" 200 5045 "http://saveaslave.com/our-supporters.php" "Mozilla/5.0 (Macintosh; Intel Mac OS X 10_11_4) AppleWebKit/537.36 (KHTML, like Gecko) Chrome/50.0.2661.94 Safari/537.36" "saveaslave.com"
75.115.8.155 - - [06/May/2016:12:17:50 -0700] "GET /images/supporters/walk-free.jpg HTTP/1.1" 200 4277 "http://saveaslave.com/our-supporters.php" "Mozilla/5.0 (Macintosh; Intel Mac OS X 10_11_4) AppleWebKit/537.36 (KHTML, like Gecko) Chrome/50.0.2661.94 Safari/537.36" "saveaslave.com"
75.115.8.155 - - [06/May/2016:12:17:50 -0700] "GET /images/supporters/goodweave.jpg HTTP/1.1" 200 5217 "http://saveaslave.com/our-supporters.php" "Mozilla/5.0 (Macintosh; Intel Mac OS X 10_11_4) AppleWebKit/537.36 (KHTML, like Gecko) Chrome/50.0.2661.94 Safari/537.36" "saveaslave.com"
75.115.8.155 - - [06/May/2016:12:17:51 -0700] "GET /css/down-arrow.png HTTP/1.1" 404 89 "http://saveaslave.com/css/elements.css" "Mozilla/5.0 (Macintosh; Intel Mac OS X 10_11_4) AppleWebKit/537.36 (KHTML, like Gecko) Chrome/50.0.2661.94 Safari/537.36" "saveaslave.com"
75.115.8.155 - - [06/May/2016:12:17:52 -0700] "GET /our-supporters.php HTTP/1.1" 200 55443 "-" "Mozilla/5.0 (Macintosh; Intel Mac OS X 10_11_4) AppleWebKit/537.36 (KHTML, like Gecko) Chrome/50.0.2661.94 Safari/537.36" "saveaslave.com"[0]
75.115.8.155 - - [06/May/2016:12:17:52 -0700] "GET /ico/favicon-16x16.png HTTP/1.1" 200 1129 "http://saveaslave.com/our-supporters.php" "Mozilla/5.0 (Macintosh; Intel Mac OS X 10_11_4) AppleWebKit/537.36 (KHTML, like Gecko) Chrome/50.0.2661.94 Safari/537.36" "saveaslave.com"
75.115.8.155 - - [06/May/2016:12:17:52 -0700] "GET /ico/favicon-96x96.png HTTP/1.1" 200 4476 "http://saveaslave.com/our-supporters.php" "Mozilla/5.0 (Macintosh; Intel Mac OS X 10_11_4) AppleWebKit/537.36 (KHTML, like Gecko) Chrome/50.0.2661.94 Safari/537.36" "saveaslave.com"
75.115.8.155 - - [06/May/2016:12:17:52 -0700] "GET /contact-us.php HTTP/1.1" 200 30488 "-" "Mozilla/5.0 (Macintosh; Intel Mac OS X 10_11_4) AppleWebKit/537.36 (KHTML, like Gecko) Chrome/50.0.2661.94 Safari/537.36" "saveaslave.com"
208.115.113.94 - - [06/May/2016:12:36:12 -0700] "GET /robots.txt HTTP/1.1" 200 48 "-" "Mozilla/5.0 (compatible; DotBot/1.1; http://www.opensiteexplorer.org/dotbot, help@moz.com)" "saveaslave.com"
65.36.241.48 - - [06/May/2016:12:49:35 -0700] "HEAD / HTTP/1.1" 200 0 "-" "InternetSeer.com" "www.saveaslave.com"
164.132.161.35 - - [06/May/2016:12:52:50 -0700] "GET /mozambique.html HTTP/1.1" 404 89 "-" "Mozilla/5.0 (compatible; AhrefsBot/5.1; +http://ahrefs.com/robot/)" "saveaslave.com"
192.187.104.235 - - [06/May/2016:13:28:31 -0700] "GET /robots.txt HTTP/1.1" 200 48 "-" "Mozilla/5.0 (compatible; MJ12bot/v1.4.5; http://www.majestic12.co.uk/bot.php?+)" "www.saveaslave.com"
192.187.104.235 - - [06/May/2016:13:28:35 -0700] "GET / HTTP/1.1" 200 89069 "-" "Mozilla/5.0 (compatible; MJ12bot/v1.4.5; http://www.majestic12.co.uk/bot.php?+)" "www.saveaslave.com"
146.52.221.5 - - [06/May/2016:13:32:58 -0700] "GET /css/bootstrap.min.css HTTP/1.1" 200 123578 "http://www.saveaslave.com/" "Mozilla/5.0 (Windows NT 10.0; WOW64) AppleWebKit/537.36 (KHTML, like Gecko) Chrome/50.0.2661.94 Safari/537.36" "www.saveaslave.com"
146.52.221.5 - - [06/May/2016:13:32:58 -0700] "GET /css/style-pages.css HTTP/1.1" 200 9894 "http://www.saveaslave.com/" "Mozilla/5.0 (Windows NT 10.0; WOW64) AppleWebKit/537.36 (KHTML, like Gecko) Chrome/50.0.2661.94 Safari/537.36" "www.saveaslave.com"
146.52.221.5 - - [06/May/2016:13:32:58 -0700] "GET /images/logo2.png HTTP/1.1" 200 18525 "http://www.saveaslave.com/" "Mozilla/5.0 (Windows NT 10.0; WOW64) AppleWebKit/537.36 (KHTML, like Gecko) Chrome/50.0.2661.94 Safari/537.36" "www.saveaslave.com"
146.52.221.5 - - [06/May/2016:13:32:59 -0700] "GET /images/article/end_it.jpg HTTP/1.1" 200 33676 "http://www.saveaslave.com/" "Mozilla/5.0 (Windows NT 10.0; WOW64) AppleWebKit/537.36 (KHTML, like Gecko) Chrome/50.0.2661.94 Safari/537.36" "www.saveaslave.com"[0]
146.52.221.5 - - [06/May/2016:13:32:59 -0700] "GET /images/top.jpg HTTP/1.1" 200 50519 "http://www.saveaslave.com/" "Mozilla/5.0 (Windows NT 10.0; WOW64) AppleWebKit/537.36 (KHTML, like Gecko) Chrome/50.0.2661.94 Safari/537.36" "www.saveaslave.com"
146.52.221.5 - - [06/May/2016:13:32:59 -0700] "GET /images/article/s1_dety_beg_d9954.jpg HTTP/1.1" 200 16968 "http://www.saveaslave.com/" "Mozilla/5.0 (Windows NT 10.0; WOW64) AppleWebKit/537.36 (KHTML, like Gecko) Chrome/50.0.2661.94 Safari/537.36" "www.saveaslave.com"
146.52.221.5 - - [06/May/2016:13:32:59 -0700] "GET /images/social1.png HTTP/1.1" 200 2012 "http://www.saveaslave.com/" "Mozilla/5.0 (Windows NT 10.0; WOW64) AppleWebKit/537.36 (KHTML, like Gecko) Chrome/50.0.2661.94 Safari/537.36" "www.saveaslave.com"
146.52.221.5 - - [06/May/2016:13:32:59 -0700] "GET /images/social3.png HTTP/1.1" 200 4343 "http://www.saveaslave.com/" "Mozilla/5.0 (Windows NT 10.0; WOW64) AppleWebKit/537.36 (KHTML, like Gecko) Chrome/50.0.2661.94 Safari/537.36" "www.saveaslave.com"
146.52.221.5 - - [06/May/2016:13:32:59 -0700] "GET /indicator.gif HTTP/1.1" 200 878 "http://www.saveaslave.com/" "Mozilla/5.0 (Windows NT 10.0; WOW64) AppleWebKit/537.36 (KHTML, like Gecko) Chrome/50.0.2661.94 Safari/537.36" "www.saveaslave.com"
208.115.113.86 - - [06/May/2016:13:41:30 -0700] "GET /robots.txt HTTP/1.1" 200 48 "-" "Mozilla/5.0 (compatible; DotBot/1.1; http://www.opensiteexplorer.org/dotbot, help@moz.com)" "www.saveaslave.com"
208.115.113.86 - - [06/May/2016:13:41:30 -0700] "GET /robots.txt HTTP/1.1" 200 48 "-" "Mozilla/5.0 (compatible; DotBot/1.1; http://www.opensiteexplorer.org/dotbot, help@moz.com)" "saveaslave.com"
178.255.215.78 - - [06/May/2016:14:02:08 -0700] "GET /robots.txt HTTP/1.1" 200 48 "-" "Mozilla/5.0 (compatible; Exabot/3.0; +http://www.exabot.com/go/robot)" "saveaslave.com"[0]
178.255.215.78 - - [06/May/2016:14:02:08 -0700] "GET /belgium HTTP/1.1" 404 89 "-" "Mozilla/5.0 (compatible; Exabot/3.0; +http://www.exabot.com/go/robot)" "saveaslave.com"[0]
164.132.161.50 - - [06/May/2016:14:02:37 -0700] "GET /www.ucclb.org HTTP/1.1" 404 89 "-" "Mozilla/5.0 (compatible; AhrefsBot/5.1; +http://ahrefs.com/robot/)" "www.saveaslave.com"
182.118.20.173 - - [06/May/2016:14:53:45 -0700] "GET / HTTP/1.1" 200 89069 "http://saveaslave.com/" "Mozilla/5.0 (compatible; MSIE 9.0; Windows NT 6.1; Trident/5.0); 360Spider(compatible; HaosouSpider; http://www.haosou.com/help/help_3_2.html)" "saveaslave.com"[2]
208.115.113.86 - - [06/May/2016:14:54:02 -0700] "GET /czech-republic.html HTTP/1.1" 404 89 "-" "Mozilla/5.0 (compatible; DotBot/1.1; http://www.opensiteexplorer.org/dotbot, help@moz.com)" "www.saveaslave.com"
208.115.113.86 - - [06/May/2016:14:54:02 -0700] "GET /australia.html HTTP/1.1" 404 89 "-" "Mozilla/5.0 (compatible; DotBot/1.1; http://www.opensiteexplorer.org/dotbot, help@moz.com)" "www.saveaslave.com"
208.115.113.86 - - [06/May/2016:14:56:13 -0700] "GET /article.php?id=2 HTTP/1.1" 200 48390 "-" "Mozilla/5.0 (compatible; DotBot/1.1; http://www.opensiteexplorer.org/dotbot, help@moz.com)" "saveaslave.com"
51.255.65.16 - - [06/May/2016:15:17:45 -0700] "GET /niue.html HTTP/1.1" 404 89 "-" "Mozilla/5.0 (compatible; AhrefsBot/5.1; +http://ahrefs.com/robot/)" "saveaslave.com"
164.132.161.97 - - [06/May/2016:15:45:58 -0700] "GET /index.php HTTP/1.1" 200 89069 "-" "Mozilla/5.0 (compatible; AhrefsBot/5.1; +http://ahrefs.com/robot/)" "saveaslave.com"[2]
94.23.214.33 - - [06/May/2016:16:17:16 -0700] "GET /american_samoa.html HTTP/1.1" 404 89 "-" "Mozilla/5.0 (compatible; MJ12bot/v1.4.5; http://www.majestic12.co.uk/bot.php?+)" "saveaslave.com"
104.155.200.237 - - [06/May/2016:16:20:29 -0700] "GET /wp-login.php HTTP/1.1" 200 73 "-" "-" "saveaslave.com"[0]
62.210.148.247 - - [06/May/2016:17:24:32 -0700] "GET /robots.txt HTTP/1.1" 200 48 "-" "Mozilla/5.0 (compatible; MJ12bot/v1.4.5; http://www.majestic12.co.uk/bot.php?+)" "www.saveaslave.com"
50.201.212.182 - - [06/May/2016:17:33:37 -0700] "GET /css/style-pages.css HTTP/1.1" 200 9894 "http://www.saveaslave.com/" "Mozilla/5.0 (Macintosh; Intel Mac OS X 10_11_4) AppleWebKit/537.36 (KHTML, like Gecko) Chrome/50.0.2661.94 Safari/537.36" "www.saveaslave.com"
50.201.212.182 - - [06/May/2016:17:33:37 -0700] "GET /gajaxscroller.js HTTP/1.1" 200 9774 "http://www.saveaslave.com/" "Mozilla/5.0 (Macintosh; Intel Mac OS X 10_11_4) AppleWebKit/537.36 (KHTML, like Gecko) Chrome/50.0.2661.94 Safari/537.36" "www.saveaslave.com"
50.201.212.182 - - [06/May/2016:17:33:37 -0700] "GET /js/bootstrap.min.js HTTP/1.1" 200 37055 "http://www.saveaslave.com/" "Mozilla/5.0 (Macintosh; Intel Mac OS X 10_11_4) AppleWebKit/537.36 (KHTML, like Gecko) Chrome/50.0.2661.94 Safari/537.36" "www.saveaslave.com"
50.201.212.182 - - [06/May/2016:17:33:37 -0700] "GET /images/article/end_it.jpg HTTP/1.1" 200 33676 "http://www.saveaslave.com/" "Mozilla/5.0 (Macintosh; Intel Mac OS X 10_11_4) AppleWebKit/537.36 (KHTML, like Gecko) Chrome/50.0.2661.94 Safari/537.36" "www.saveaslave.com"
50.201.212.182 - - [06/May/2016:17:33:37 -0700] "GET /assets/js/ie10-viewport-bug-workaround.js HTTP/1.1" 200 641 "http://www.saveaslave.com/" "Mozilla/5.0 (Macintosh; Intel Mac OS X 10_11_4) AppleWebKit/537.36 (KHTML, like Gecko) Chrome/50.0.2661.94 Safari/537.36" "www.saveaslave.com"
50.201.212.182 - - [06/May/2016:17:33:38 -0700] "GET /images/social2.png HTTP/1.1" 200 1752 "http://www.saveaslave.com/" "Mozilla/5.0 (Macintosh; Intel Mac OS X 10_11_4) AppleWebKit/537.36 (KHTML, like Gecko) Chrome/50.0.2661.94 Safari/537.36" "www.saveaslave.com"
50.201.212.182 - - [06/May/2016:17:33:38 -0700] "GET /indicator.gif HTTP/1.1" 200 878 "http://www.saveaslave.com/" "Mozilla/5.0 (Macintosh; Intel Mac OS X 10_11_4) AppleWebKit/537.36 (KHTML, like Gecko) Chrome/50.0.2661.94 Safari/537.36" "www.saveaslave.com"
50.201.212.182 - - [06/May/2016:17:33:38 -0700] "GET /addarticle.php HTTP/1.1" 200 13682 "http://www.saveaslave.com/" "Mozilla/5.0 (Macintosh; Intel Mac OS X 10_11_4) AppleWebKit/537.36 (KHTML, like Gecko) Chrome/50.0.2661.94 Safari/537.36" "www.saveaslave.com"
50.201.212.182 - - [06/May/2016:17:33:39 -0700] "GET /favicon.ico HTTP/1.1" 404 89 "http://www.saveaslave.com/" "Mozilla/5.0 (Macintosh; Intel Mac OS X 10_11_4) AppleWebKit/537.36 (KHTML, like Gecko) Chrome/50.0.2661.94 Safari/537.36" "www.saveaslave.com"
50.201.212.182 - - [06/May/2016:17:33:39 -0700] "GET /ico/favicon-96x96.png HTTP/1.1" 200 4476 "http://www.saveaslave.com/" "Mozilla/5.0 (Macintosh; Intel Mac OS X 10_11_4) AppleWebKit/537.36 (KHTML, like Gecko) Chrome/50.0.2661.94 Safari/537.36" "www.saveaslave.com"
50.201.212.182 - - [06/May/2016:17:33:39 -0700] "GET /ico/favicon-32x32.png HTTP/1.1" 200 1892 "http://www.saveaslave.com/" "Mozilla/5.0 (Macintosh; Intel Mac OS X 10_11_4) AppleWebKit/537.36 (KHTML, like Gecko) Chrome/50.0.2661.94 Safari/537.36" "www.saveaslave.com"
208.115.113.86 - - [06/May/2016:17:41:30 -0700] "GET /robots.txt HTTP/1.1" 200 48 "-" "Mozilla/5.0 (compatible; DotBot/1.1; http://www.opensiteexplorer.org/dotbot, help@moz.com)" "saveaslave.com"
208.115.113.94 - - [06/May/2016:17:47:14 -0700] "GET /saint-lucia.html HTTP/1.1" 404 89 "-" "Mozilla/5.0 (compatible; DotBot/1.1; http://www.opensiteexplorer.org/dotbot, help@moz.com)" "saveaslave.com"
157.55.39.248 - - [06/May/2016:18:03:35 -0700] "GET /kazakhstan.html HTTP/1.1" 404 89 "-" "msnbot-media/1.1 (+http://search.msn.com/msnbot.htm)" "www.saveaslave.com"
65.36.241.48 - - [06/May/2016:18:10:42 -0700] "HEAD /?tpl=references&Itemid=3 HTTP/1.1" 200 0 "-" "InternetSeer.com" "www.saveaslave.com"
89.221.104.123 - - [06/May/2016:18:18:18 -0700] "GET /robots.txt HTTP/1.1" 200 48 "-" "Mozilla/5.0 (compatible; MJ12bot/v1.4.5; http://www.majestic12.co.uk/bot.php?+)" "saveaslave.com"
89.221.104.123 - - [06/May/2016:18:18:23 -0700] "GET /article.php?id=4 HTTP/1.1" 200 50876 "-" "Mozilla/5.0 (compatible; MJ12bot/v1.4.5; http://www.majestic12.co.uk/bot.php?+)" "saveaslave.com"[0]
89.221.104.123 - - [06/May/2016:18:18:26 -0700] "GET /article.php?id=6 HTTP/1.1" 200 47572 "-" "Mozilla/5.0 (compatible; MJ12bot/v1.4.5; http://www.majestic12.co.uk/bot.php?+)" "saveaslave.com"
65.36.241.48 - - [06/May/2016:18:20:55 -0700] "HEAD / HTTP/1.1" 200 0 "-" "InternetSeer.com" "www.saveaslave.com"
208.115.113.94 - - [06/May/2016:18:32:09 -0700] "GET /turksandcaicos HTTP/1.1" 404 89 "-" "Mozilla/5.0 (compatible; DotBot/1.1; http://www.opensiteexplorer.org/dotbot, help@moz.com)" "saveaslave.com"[0]
208.115.113.94 - - [06/May/2016:18:32:10 -0700] "GET /uk.html HTTP/1.1" 404 89 "-" "Mozilla/5.0 (compatible; DotBot/1.1; http://www.opensiteexplorer.org/dotbot, help@moz.com)" "saveaslave.com"
75.107.125.41 - - [06/May/2016:18:40:46 -0700] "GET / HTTP/1.1" 200 89033 "http://r.search.yahoo.com/_ylt=A0SO8ymSRy1XljwAS47BGOd_;_ylu=X3oDMTEyZmRrcnFyBGNvbG8DZ3ExBHBvcwMxBHZ0aWQDQjE4ODBfMQRzZWMDc3I-/RV=2/RE=1462614034/RO=10/RU=http%3a%2f%2fsaveaslave.com%2f/RK=0/RS=HAzzjMUMQ3eg0EqzaQaG3xiEDTY-" "Mozilla/5.0 (iPad; CPU OS 9_3_1 like Mac OS X) AppleWebKit/601.1.46 (KHTML, like Gecko) Version/9.0 Mobile/13E238 Safari/601.1" "saveaslave.com"
75.107.125.41 - - [06/May/2016:18:40:47 -0700] "GET /images/article/end_it.jpg HTTP/1.1" 200 33676 "http://saveaslave.com/" "Mozilla/5.0 (iPad; CPU OS 9_3_1 like Mac OS X) AppleWebKit/601.1.46 (KHTML, like Gecko) Version/9.0 Mobile/13E238 Safari/601.1" "saveaslave.com"
75.107.125.41 - - [06/May/2016:18:40:47 -0700] "GET /gajaxscroller.js HTTP/1.1" 200 9774 "http://saveaslave.com/" "Mozilla/5.0 (iPad; CPU OS 9_3_1 like Mac OS X) AppleWebKit/601.1.46 (KHTML, like Gecko) Version/9.0 Mobile/13E238 Safari/601.1" "saveaslave.com"
75.107.125.41 - - [06/May/2016:18:40:47 -0700] "GET /photos/article8a.jpg HTTP/1.1" 404 89 "http://saveaslave.com/" "Mozilla/5.0 (iPad; CPU OS 9_3_1 like Mac OS X) AppleWebKit/601.1.46 (KHTML, like Gecko) Version/9.0 Mobile/13E238 Safari/601.1" "saveaslave.com"[0]
75.107.125.41 - - [06/May/2016:18:40:47 -0700] "GET /photos/Cast-Logo-Print.png HTTP/1.1" 404 89 "http://saveaslave.com/" "Mozilla/5.0 (iPad; CPU OS 9_3_1 like Mac OS X) AppleWebKit/601.1.46 (KHTML, like Gecko) Version/9.0 Mobile/13E238 Safari/601.1" "saveaslave.com"[0]
75.107.125.41 - - [06/May/2016:18:40:47 -0700] "GET /photos/article4.png HTTP/1.1" 404 89 "http://saveaslave.com/" "Mozilla/5.0 (iPad; CPU OS 9_3_1 like Mac OS X) AppleWebKit/601.1.46 (KHTML, like Gecko) Version/9.0 Mobile/13E238 Safari/601.1" "saveaslave.com"
75.107.125.41 - - [06/May/2016:18:40:47 -0700] "GET /photos/article5.jpg HTTP/1.1" 404 89 "http://saveaslave.com/" "Mozilla/5.0 (iPad; CPU OS 9_3_1 like Mac OS X) AppleWebKit/601.1.46 (KHTML, like Gecko) Version/9.0 Mobile/13E238 Safari/601.1" "saveaslave.com"
75.107.125.41 - - [06/May/2016:18:40:47 -0700] "GET /photos/article3a.jpg HTTP/1.1" 404 89 "http://saveaslave.com/" "Mozilla/5.0 (iPad; CPU OS 9_3_1 like Mac OS X) AppleWebKit/601.1.46 (KHTML, like Gecko) Version/9.0 Mobile/13E238 Safari/601.1" "saveaslave.com"
75.107.125.41 - - [06/May/2016:18:40:47 -0700] "GET /css/style.css HTTP/1.1" 200 7938 "http://saveaslave.com/" "Mozilla/5.0 (iPad; CPU OS 9_3_1 like Mac OS X) AppleWebKit/601.1.46 (KHTML, like Gecko) Version/9.0 Mobile/13E238 Safari/601.1" "saveaslave.com"
75.107.125.41 - - [06/May/2016:18:40:47 -0700] "GET /images/cover1.jpg HTTP/1.1" 200 253658 "http://saveaslave.com/" "Mozilla/5.0 (iPad; CPU OS 9_3_1 like Mac OS X) AppleWebKit/601.1.46 (KHTML, like Gecko) Version/9.0 Mobile/13E238 Safari/601.1" "saveaslave.com"
75.107.125.41 - - [06/May/2016:18:41:37 -0700] "GET /indicator.gif HTTP/1.1" 200 878 "http://saveaslave.com/" "Mozilla/5.0 (iPad; CPU OS 9_3_1 like Mac OS X) AppleWebKit/601.1.46 (KHTML, like Gecko) Version/9.0 Mobile/13E238 Safari/601.1" "saveaslave.com"
75.107.125.41 - - [06/May/2016:18:41:37 -0700] "GET /css/down-arrow.png HTTP/1.1" 404 89 "http://saveaslave.com/" "Mozilla/5.0 (iPad; CPU OS 9_3_1 like Mac OS X) AppleWebKit/601.1.46 (KHTML, like Gecko) Version/9.0 Mobile/13E238 Safari/601.1" "saveaslave.com"
208.115.113.86 - - [06/May/2016:18:53:51 -0700] "GET /article.php?id=87 HTTP/1.1" 200 776 "-" "Mozilla/5.0 (compatible; DotBot/1.1; http://www.opensiteexplorer.org/dotbot, help@moz.com)" "saveaslave.com"
77.75.76.169 - - [06/May/2016:18:55:49 -0700] "GET /robots.txt HTTP/1.1" 200 48 "-" "Mozilla/5.0 (compatible; SeznamBot/3.2; +http://napoveda.seznam.cz/en/seznambot-intro/)" "saveaslave.com"
77.75.76.169 - - [06/May/2016:18:55:51 -0700] "GET /sitemap.xml HTTP/1.1" 200 296 "-" "Mozilla/5.0 (compatible; SeznamBot/3.2; +http://napoveda.seznam.cz/en/seznambot-intro/)" "saveaslave.com"
199.59.148.211 - - [06/May/2016:19:17:43 -0700] "GET /robots.txt HTTP/1.1" 200 48 "-" "Twitterbot/1.0" "www.saveaslave.com"
54.151.42.39 - - [06/May/2016:19:17:44 -0700] "HEAD / HTTP/1.1" 200 0 "-" "Google-HTTP-Java-Client/1.17.0-rc (gzip)" "www.saveaslave.com"
17.142.159.151 - - [06/May/2016:19:17:45 -0700] "GET / HTTP/1.1" 200 89069 "-" "Mozilla/5.0 (Macintosh; Intel Mac OS X 10_10_1) AppleWebKit/600.2.5 (KHTML, like Gecko) Version/8.0.2 Safari/600.2.5 (Applebot/0.1; +http://www.apple.com/go/applebot)" "www.saveaslave.com"
199.59.148.211 - - [06/May/2016:19:17:45 -0700] "GET / HTTP/1.1" 200 89069 "-" "Twitterbot/1.0" "www.saveaslave.com"
199.59.148.211 - - [06/May/2016:19:17:45 -0700] "GET / HTTP/1.1" 200 89069 "-" "Twitterbot/1.0" "www.saveaslave.com"
54.151.42.39 - - [06/May/2016:19:17:45 -0700] "HEAD / HTTP/1.1" 200 0 "-" "Google-HTTP-Java-Client/1.17.0-rc (gzip)" "www.saveaslave.com"
144.76.22.75 - - [06/May/2016:19:17:46 -0700] "GET /robots.txt HTTP/1.1" 200 48 "-" "Mozilla/5.0 (X11; U; Linux i686; en-US; rv:1.9.1.9) Gecko/20100401 Ubuntu/9.10 (karmic) Firefox/3.5.9 GTB7.1" "www.saveaslave.com"
144.76.22.75 - - [06/May/2016:19:17:46 -0700] "GET / HTTP/1.1" 200 89069 "-" "Mozilla/5.0 (X11; U; Linux i686; en-US; rv:1.9.1.9) Gecko/20100401 Ubuntu/9.10 (karmic) Firefox/3.5.9 GTB7.1" "www.saveaslave.com"
23.96.208.137 - - [06/May/2016:19:18:51 -0700] "GET / HTTP/1.1" 200 89069 "-" "Mozilla/5.0 (compatible; MSIE 10.0; Windows NT 6.1; Trident/6.0)" "www.saveaslave.com"[1]
151.80.31.160 - - [06/May/2016:19:19:51 -0700] "GET /help.php HTTP/1.1" 200 52768 "-" "Mozilla/5.0 (compatible; AhrefsBot/5.1; +http://ahrefs.com/robot/)" "saveaslave.com"[0]
17.142.159.151 - - [06/May/2016:19:27:40 -0700] "GET / HTTP/1.1" 200 89069 "-" "Mozilla/5.0 (Macintosh; Intel Mac OS X 10_10_1) AppleWebKit/600.2.5 (KHTML, like Gecko) Version/8.0.2 Safari/600.2.5 (Applebot/0.1; +http://www.apple.com/go/applebot)" "www.saveaslave.com"
141.8.143.182 - - [06/May/2016:19:41:15 -0700] "GET / HTTP/1.1" 200 89069 "-" "Mozilla/5.0 (compatible; YandexBot/3.0; +http://yandex.com/bots)" "saveaslave.com"
141.8.143.194 - - [06/May/2016:19:42:21 -0700] "GET / HTTP/1.1" 200 89069 "-" "Mozilla/5.0 (compatible; YandexBot/3.0; +http://yandex.com/bots)" "saveaslave.com"
65.36.241.48 - - [06/May/2016:19:47:32 -0700] "HEAD / HTTP/1.1" 200 0 "-" "InternetSeer.com" "www.saveaslave.com"
172.93.97.26 - - [06/May/2016:20:40:05 -0700] "GET /rss HTTP/1.1" 404 89 "-" "Mozilla/5.0 (Macintosh; Intel Mac OS X 10_10_2) AppleWebKit/537.36 (KHTML, like Gecko) Chrome/41.0.2272.118 Safari/537.36" "saveaslave.com"
172.93.97.26 - - [06/May/2016:20:40:06 -0700] "GET /blog/index.rdf HTTP/1.1" 404 89 "-" "Mozilla/5.0 (Macintosh; Intel Mac OS X 10_10_2) AppleWebKit/537.36 (KHTML, like Gecko) Chrome/41.0.2272.118 Safari/537.36" "saveaslave.com"
172.93.97.26 - - [06/May/2016:20:40:06 -0700] "GET /blog/rss.xml HTTP/1.1" 404 89 "-" "Mozilla/5.0 (Macintosh; Intel Mac OS X 10_10_2) AppleWebKit/537.36 (KHTML, like Gecko) Chrome/41.0.2272.118 Safari/537.36" "saveaslave.com"
172.93.97.26 - - [06/May/2016:20:40:06 -0700] "GET /blog/blog.rss HTTP/1.1" 404 89 "-" "Mozilla/5.0 (Macintosh; Intel Mac OS X 10_10_2) AppleWebKit/537.36 (KHTML, like Gecko) Chrome/41.0.2272.118 Safari/537.36" "saveaslave.com"
172.93.97.26 - - [06/May/2016:20:40:06 -0700] "GET /blogs/feed HTTP/1.1" 404 89 "-" "Mozilla/5.0 (Macintosh; Intel Mac OS X 10_10_2) AppleWebKit/537.36 (KHTML, like Gecko) Chrome/41.0.2272.118 Safari/537.36" "saveaslave.com"
172.93.97.26 - - [06/May/2016:20:40:06 -0700] "GET /blogs/rss.xml HTTP/1.1" 404 89 "-" "Mozilla/5.0 (Macintosh; Intel Mac OS X 10_10_2) AppleWebKit/537.36 (KHTML, like Gecko) Chrome/41.0.2272.118 Safari/537.36" "saveaslave.com"
172.93.97.26 - - [06/May/2016:20:40:06 -0700] "GET /blogs/rss HTTP/1.1" 404 89 "-" "Mozilla/5.0 (Macintosh; Intel Mac OS X 10_10_2) AppleWebKit/537.36 (KHTML, like Gecko) Chrome/41.0.2272.118 Safari/537.36" "saveaslave.com"
172.93.97.26 - - [06/May/2016:20:40:06 -0700] "GET /feed/index.rdf HTTP/1.1" 404 89 "-" "Mozilla/5.0 (Macintosh; Intel Mac OS X 10_10_2) AppleWebKit/537.36 (KHTML, like Gecko) Chrome/41.0.2272.118 Safari/537.36" "saveaslave.com"
172.93.97.26 - - [06/May/2016:20:40:06 -0700] "GET /sitemap.xml HTTP/1.1" 200 296 "-" "Mozilla/5.0 (Macintosh; Intel Mac OS X 10_10_2) AppleWebKit/537.36 (KHTML, like Gecko) Chrome/41.0.2272.118 Safari/537.36" "saveaslave.com"
172.93.97.26 - - [06/May/2016:20:40:06 -0700] "GET /sitemap.xml.gz HTTP/1.1" 404 89 "-" "Mozilla/5.0 (Macintosh; Intel Mac OS X 10_10_2) AppleWebKit/537.36 (KHTML, like Gecko) Chrome/41.0.2272.118 Safari/537.36" "saveaslave.com"
172.93.97.26 - - [06/May/2016:20:40:06 -0700] "GET /sitemap_index.xml HTTP/1.1" 404 89 "-" "Mozilla/5.0 (Macintosh; Intel Mac OS X 10_10_2) AppleWebKit/537.36 (KHTML, like Gecko) Chrome/41.0.2272.118 Safari/537.36" "saveaslave.com"
208.115.113.86 - - [06/May/2016:20:56:10 -0700] "GET /index.php HTTP/1.1" 200 89069 "-" "Mozilla/5.0 (compatible; DotBot/1.1; http://www.opensiteexplorer.org/dotbot, help@moz.com)" "www.saveaslave.com"
61.135.189.101 - - [06/May/2016:21:11:24 -0700] "GET /robots.txt HTTP/1.1" 200 48 "-" "Sogou web spider/4.0(+http://www.sogou.com/docs/help/webmasters.htm#07)" "www.saveaslave.com"
61.135.189.101 - - [06/May/2016:21:11:26 -0700] "GET / HTTP/1.1" 200 89069 "-" "Sogou web spider/4.0(+http://www.sogou.com/docs/help/webmasters.htm#07)" "www.saveaslave.com"
65.36.241.48 - - [06/May/2016:21:17:06 -0700] "HEAD / HTTP/1.1" 200 0 "-" "InternetSeer.com" "www.saveaslave.com"
208.115.113.86 - - [06/May/2016:21:36:21 -0700] "GET /under_construction.html HTTP/1.1" 404 89 "-" "Mozilla/5.0 (compatible; DotBot/1.1; http://www.opensiteexplorer.org/dotbot, help@moz.com)" "saveaslave.com"
208.115.113.86 - - [06/May/2016:21:36:21 -0700] "GET /stkitts.html HTTP/1.1" 404 89 "-" "Mozilla/5.0 (compatible; DotBot/1.1; http://www.opensiteexplorer.org/dotbot, help@moz.com)" "saveaslave.com"
208.115.113.86 - - [06/May/2016:21:40:34 -0700] "GET /robots.txt HTTP/1.1" 200 48 "-" "Mozilla/5.0 (compatible; DotBot/1.1; http://www.opensiteexplorer.org/dotbot, help@moz.com)" "saveaslave.com"[0]
180.76.15.150 - - [06/May/2016:21:53:35 -0700] "GET /british_indian.html HTTP/1.1" 404 89 "-" "Mozilla/5.0 (compatible; Baiduspider/2.0; +http://www.baidu.com/search/spider.html)" "www.saveaslave.com"
61.135.189.101 - - [06/May/2016:22:06:27 -0700] "GET /robots.txt HTTP/1.1" 200 48 "-" "Sogou web spider/4.0(+http://www.sogou.com/docs/help/webmasters.htm#07)" "saveaslave.com"
85.93.91.84 - - [06/May/2016:22:33:56 -0700] "GET /article.php?id=1 HTTP/1.1" 200 44914 "-" "Mozilla/5.0 (compatible; DeuSu/5.0.2; +https://deusu.de/robot.html)" "www.saveaslave.com"
208.115.113.94 - - [06/May/2016:22:48:06 -0700] "GET /barbados HTTP/1.1" 404 89 "-" "Mozilla/5.0 (compatible; DotBot/1.1; http://www.opensiteexplorer.org/dotbot, help@moz.com)" "saveaslave.com"
208.115.113.94 - - [06/May/2016:22:48:06 -0700] "GET /czechrepublic.html HTTP/1.1" 404 89 "-" "Mozilla/5.0 (compatible; DotBot/1.1; http://www.opensiteexplorer.org/dotbot, help@moz.com)" "saveaslave.com"
208.115.113.94 - - [06/May/2016:22:48:06 -0700] "GET /france HTTP/1.1" 404 89 "-" "Mozilla/5.0 (compatible; DotBot/1.1; http://www.opensiteexplorer.org/dotbot, help@moz.com)" "saveaslave.com"
157.55.39.197 - - [06/May/2016:22:54:20 -0700] "GET /robots.txt HTTP/1.1" 200 48 "-" "Mozilla/5.0 (compatible; bingbot/2.0; +http://www.bing.com/bingbot.htm)" "www.saveaslave.com"
157.55.39.197 - - [06/May/2016:22:57:00 -0700] "GET /articles/slavetrafficking.html HTTP/1.1" 404 89 "-" "Mozilla/5.0 (iPhone; CPU iPhone OS 7_0 like Mac OS X) AppleWebKit/537.51.1 (KHTML, like Gecko) Version/7.0 Mobile/11A465 Safari/9537.53 (compatible; bingbot/2.0; +http://www.bing.com/bingbot.htm)" "www.saveaslave.com"
45.79.89.188 - - [07/May/2016:00:35:10 -0700] "HEAD / HTTP/1.1" 200 0 "http://uptime.com/saveaslave.com" "Mozilla/5.0 (compatible; Uptimebot/1.0; +http://www.uptime.com/uptimebot)" "saveaslave.com"[1]
208.115.113.94 - - [07/May/2016:00:52:48 -0700] "GET /robots.txt HTTP/1.1" 200 48 "-" "Mozilla/5.0 (compatible; DotBot/1.1; http://www.opensiteexplorer.org/dotbot, help@moz.com)" "www.saveaslave.com"
51.255.65.31 - - [07/May/2016:01:26:10 -0700] "GET /vietnam.html HTTP/1.1" 404 89 "-" "Mozilla/5.0 (compatible; AhrefsBot/5.1; +http://ahrefs.com/robot/)" "saveaslave.com"[0]
180.76.15.23 - - [07/May/2016:01:32:57 -0700] "GET /addlink.php?page=gabon.html HTTP/1.1" 200 12908 "-" "Mozilla/5.0 (compatible; Baiduspider/2.0; +http://www.baidu.com/search/spider.html)" "www.saveaslave.com"
65.36.241.48 - - [07/May/2016:01:55:23 -0700] "HEAD / HTTP/1.1" 200 0 "-" "InternetSeer.com" "www.saveaslave.com"
37.115.184.150 - - [07/May/2016:02:10:31 -0700] "GET / HTTP/1.1" 200 89033 "http://royal-investments.net/" "Opera/7.60 (Windows NT 5.2; U)  [en] (IBM EVV/3.0/EAK01AG9/LE)" "www.saveaslave.com"[2]
151.80.31.166 - - [07/May/2016:02:37:11 -0700] "GET /nicaragua.html HTTP/1.1" 404 89 "-" "Mozilla/5.0 (compatible; AhrefsBot/5.1; +http://ahrefs.com/robot/)" "saveaslave.com"
164.132.161.35 - - [07/May/2016:02:37:31 -0700] "GET /niger.html HTTP/1.1" 404 89 "-" "Mozilla/5.0 (compatible; AhrefsBot/5.1; +http://ahrefs.com/robot/)" "www.saveaslave.com"[0]
164.132.161.72 - - [07/May/2016:02:40:26 -0700] "GET /panama.html HTTP/1.1" 404 89 "-" "Mozilla/5.0 (compatible; AhrefsBot/5.1; +http://ahrefs.com/robot/)" "www.saveaslave.com"
208.115.113.94 - - [07/May/2016:02:49:40 -0700] "GET /bahamas HTTP/1.1" 404 89 "-" "Mozilla/5.0 (compatible; DotBot/1.1; http://www.opensiteexplorer.org/dotbot, help@moz.com)" "www.saveaslave.com"[0]
51.255.65.15 - - [07/May/2016:03:42:56 -0700] "GET /article.php?id=8 HTTP/1.1" 200 54771 "-" "Mozilla/5.0 (compatible; AhrefsBot/5.1; +http://ahrefs.com/robot/)" "saveaslave.com"
77.75.76.160 - - [07/May/2016:03:54:49 -0700] "GET /robots.txt HTTP/1.1" 200 48 "-" "Mozilla/5.0 (compatible; SeznamBot/3.2; +http://napoveda.seznam.cz/en/seznambot-intro/)" "saveaslave.com"
77.75.76.160 - - [07/May/2016:03:54:50 -0700] "GET /news1.php HTTP/1.1" 200 73 "-" "Mozilla/5.0 (compatible; SeznamBot/3.2; +http://napoveda.seznam.cz/en/seznambot-intro/)" "saveaslave.com"
65.36.241.48 - - [07/May/2016:04:16:20 -0700] "HEAD / HTTP/1.1" 200 0 "-" "InternetSeer.com" "www.saveaslave.com"
85.93.91.84 - - [07/May/2016:04:45:51 -0700] "GET /who-we-are.php HTTP/1.1" 200 50828 "-" "Mozilla/5.0 (compatible; DeuSu/5.0.2; +https://deusu.de/robot.html)" "saveaslave.com"[2]
208.115.113.94 - - [07/May/2016:04:53:47 -0700] "GET /robots.txt HTTP/1.1" 200 48 "-" "Mozilla/5.0 (compatible; DotBot/1.1; http://www.opensiteexplorer.org/dotbot, help@moz.com)" "saveaslave.com"
157.55.39.82 - - [07/May/2016:05:08:21 -0700] "GET /robots.txt HTTP/1.1" 200 48 "-" "Mozilla/5.0 (compatible; bingbot/2.0; +http://www.bing.com/bingbot.htm)" "saveaslave.com"[0]
157.55.39.82 - - [07/May/2016:05:10:50 -0700] "GET /georgia HTTP/1.1" 404 89 "-" "Mozilla/5.0 (compatible; bingbot/2.0; +http://www.bing.com/bingbot.htm)" "saveaslave.com"[0]
157.55.39.82 - - [07/May/2016:05:10:52 -0700] "GET / HTTP/1.1" 200 89069 "-" "Mozilla/5.0 (compatible; bingbot/2.0; +http://www.bing.com/bingbot.htm)" "saveaslave.com"
157.55.39.82 - - [07/May/2016:05:10:53 -0700] "GET /?tpl=about&Itemid=2 HTTP/1.1" 200 89069 "-" "Mozilla/5.0 (compatible; bingbot/2.0; +http://www.bing.com/bingbot.htm)" "saveaslave.com"[1]
91.121.169.194 - - [07/May/2016:05:25:30 -0700] "GET /news9r.php HTTP/1.1" 200 73 "-" "Mozilla/5.0 (compatible; MJ12bot/v1.4.5; http://www.majestic12.co.uk/bot.php?+)" "saveaslave.com"
91.121.169.194 - - [07/May/2016:05:25:31 -0700] "GET /robots.txt HTTP/1.1" 200 48 "-" "Mozilla/5.0 (compatible; MJ12bot/v1.4.5; http://www.majestic12.co.uk/bot.php?+)" "www.saveaslave.com"
91.121.169.194 - - [07/May/2016:05:25:54 -0700] "GET /article.php?id=113 HTTP/1.1" 200 43936 "-" "Mozilla/5.0 (compatible; MJ12bot/v1.4.5; http://www.majestic12.co.uk/bot.php?+)" "www.saveaslave.com"
91.121.169.194 - - [07/May/2016:05:26:06 -0700] "GET /article.php?id=2 HTTP/1.1" 200 48390 "-" "Mozilla/5.0 (compatible; MJ12bot/v1.4.5; http://www.majestic12.co.uk/bot.php?+)" "www.saveaslave.com"
91.121.169.194 - - [07/May/2016:05:26:17 -0700] "GET /article.php?id=3 HTTP/1.1" 200 50919 "-" "Mozilla/5.0 (compatible; MJ12bot/v1.4.5; http://www.majestic12.co.uk/bot.php?+)" "www.saveaslave.com"
91.121.169.194 - - [07/May/2016:05:26:31 -0700] "GET /article.php?id=4 HTTP/1.1" 200 50876 "-" "Mozilla/5.0 (compatible; MJ12bot/v1.4.5; http://www.majestic12.co.uk/bot.php?+)" "www.saveaslave.com"[1]
91.121.169.194 - - [07/May/2016:05:26:39 -0700] "GET /article.php?id=5 HTTP/1.1" 200 46597 "-" "Mozilla/5.0 (compatible; MJ12bot/v1.4.5; http://www.majestic12.co.uk/bot.php?+)" "www.saveaslave.com"
91.121.169.194 - - [07/May/2016:05:26:49 -0700] "GET /article.php?id=7 HTTP/1.1" 200 49199 "-" "Mozilla/5.0 (compatible; MJ12bot/v1.4.5; http://www.majestic12.co.uk/bot.php?+)" "www.saveaslave.com"
91.121.169.194 - - [07/May/2016:05:27:08 -0700] "GET /help-advanced.php HTTP/1.1" 200 53665 "-" "Mozilla/5.0 (compatible; MJ12bot/v1.4.5; http://www.majestic12.co.uk/bot.php?+)" "www.saveaslave.com"[1]
91.121.169.194 - - [07/May/2016:05:27:22 -0700] "GET /managevolunteer.php HTTP/1.1" 200 1294 "-" "Mozilla/5.0 (compatible; MJ12bot/v1.4.5; http://www.majestic12.co.uk/bot.php?+)" "www.saveaslave.com"
91.121.169.194 - - [07/May/2016:05:27:40 -0700] "GET / HTTP/1.1" 200 89069 "-" "Mozilla/5.0 (compatible; MJ12bot/v1.4.5; http://www.majestic12.co.uk/bot.php?+)" "www.saveaslave.com"[1]
164.132.161.95 - - [07/May/2016:05:37:36 -0700] "GET /webring.html HTTP/1.1" 404 89 "-" "Mozilla/5.0 (compatible; AhrefsBot/5.1; +http://ahrefs.com/robot/)" "www.saveaslave.com"
54.243.48.119 - - [07/May/2016:05:39:18 -0700] "GET /afghanistan.html HTTP/1.1" 404 89 "-" "Mozilla/5.0 (Windows; U; Windows NT 5.1; en-US; rv:1.9.2.8) Gecko/20100722 Firefox/3.6.8" "saveaslave.com"
164.132.161.71 - - [07/May/2016:06:05:14 -0700] "GET /www.crla.org HTTP/1.1" 404 89 "-" "Mozilla/5.0 (compatible; AhrefsBot/5.1; +http://ahrefs.com/robot/)" "www.saveaslave.com"
77.75.76.166 - - [07/May/2016:06:12:48 -0700] "GET /robots.txt HTTP/1.1" 200 48 "-" "Mozilla/5.0 (compatible; SeznamBot/3.2; +http://napoveda.seznam.cz/en/seznambot-intro/)" "saveaslave.com"
77.75.76.166 - - [07/May/2016:06:12:50 -0700] "GET /news3.php HTTP/1.1" 200 73 "-" "Mozilla/5.0 (compatible; SeznamBot/3.2; +http://napoveda.seznam.cz/en/seznambot-intro/)" "saveaslave.com"[0]
46.229.167.149 - - [07/May/2016:06:15:03 -0700] "GET / HTTP/1.1" 200 89069 "-" "Mozilla/5.0 (Windows NT 6.1; WOW64; rv:2.0b7) Gecko/20101111 Firefox/4.0b7" "www.saveaslave.com"[1]
83.217.27.244 - - [07/May/2016:06:31:43 -0700] "GET / HTTP/1.1" 200 89069 "-" "Mozilla/5.0 (Macintosh; Intel Mac OS X 10_10_0) AppleWebKit/537.36 (KHTML, like Gecko) Chrome/43.0.2386.70 Safari/537.36" "saveaslave.com"
199.16.156.126 - - [07/May/2016:06:37:49 -0700] "GET /robots.txt HTTP/1.1" 200 48 "-" "Twitterbot/1.0" "saveaslave.com"
65.36.241.48 - - [07/May/2016:06:38:26 -0700] "HEAD / HTTP/1.1" 200 0 "-" "InternetSeer.com" "www.saveaslave.com"
208.115.113.86 - - [07/May/2016:06:40:26 -0700] "GET /article.php?id=18 HTTP/1.1" 200 47137 "-" "Mozilla/5.0 (compatible; DotBot/1.1; http://www.opensiteexplorer.org/dotbot, help@moz.com)" "saveaslave.com"
208.115.113.86 - - [07/May/2016:06:50:07 -0700] "GET /article.php?id=48 HTTP/1.1" 200 776 "-" "Mozilla/5.0 (compatible; DotBot/1.1; http://www.opensiteexplorer.org/dotbot, help@moz.com)" "www.saveaslave.com"[1]
208.115.113.86 - - [07/May/2016:07:14:45 -0700] "GET /pakistan HTTP/1.1" 404 89 "-" "Mozilla/5.0 (compatible; DotBot/1.1; http://www.opensiteexplorer.org/dotbot, help@moz.com)" "saveaslave.com"[0]
208.115.113.86 - - [07/May/2016:07:14:47 -0700] "GET /malta HTTP/1.1" 404 89 "-" "Mozilla/5.0 (compatible; DotBot/1.1; http://www.opensiteexplorer.org/dotbot, help@moz.com)" "www.saveaslave.com"
208.115.113.86 - - [07/May/2016:07:14:48 -0700] "GET /guatemala HTTP/1.1" 404 89 "-" "Mozilla/5.0 (compatible; DotBot/1.1; http://www.opensiteexplorer.org/dotbot, help@moz.com)" "www.saveaslave.com"
71.193.69.7 - - [07/May/2016:07:16:21 -0700] "GET / HTTP/1.1" 200 89033 "https://t.co/jDHK2axurN" "Mozilla/5.0 (Windows NT 10.0; WOW64) AppleWebKit/537.36 (KHTML, like Gecko) Chrome/50.0.2661.94 Safari/537.36" "www.saveaslave.com"
71.193.69.7 - - [07/May/2016:07:16:22 -0700] "GET /gfeedfetcher.js HTTP/1.1" 200 9018 "http://www.saveaslave.com/" "Mozilla/5.0 (Windows NT 10.0; WOW64) AppleWebKit/537.36 (KHTML, like Gecko) Chrome/50.0.2661.94 Safari/537.36" "www.saveaslave.com"
71.193.69.7 - - [07/May/2016:07:16:22 -0700] "GET /css/elements.css HTTP/1.1" 200 17857 "http://www.saveaslave.com/" "Mozilla/5.0 (Windows NT 10.0; WOW64) AppleWebKit/537.36 (KHTML, like Gecko) Chrome/50.0.2661.94 Safari/537.36" "www.saveaslave.com"
71.193.69.7 - - [07/May/2016:07:16:22 -0700] "GET /css/style.css HTTP/1.1" 200 7938 "http://www.saveaslave.com/" "Mozilla/5.0 (Windows NT 10.0; WOW64) AppleWebKit/537.36 (KHTML, like Gecko) Chrome/50.0.2661.94 Safari/537.36" "www.saveaslave.com"[0]
71.193.69.7 - - [07/May/2016:07:16:22 -0700] "GET /css/bootstrap.min.css HTTP/1.1" 200 123578 "http://www.saveaslave.com/" "Mozilla/5.0 (Windows NT 10.0; WOW64) AppleWebKit/537.36 (KHTML, like Gecko) Chrome/50.0.2661.94 Safari/537.36" "www.saveaslave.com"
71.193.69.7 - - [07/May/2016:07:16:22 -0700] "GET /assets/js/ie-emulation-modes-warning.js HTTP/1.1" 200 2130 "http://www.saveaslave.com/" "Mozilla/5.0 (Windows NT 10.0; WOW64) AppleWebKit/537.36 (KHTML, like Gecko) Chrome/50.0.2661.94 Safari/537.36" "www.saveaslave.com"
71.193.69.7 - - [07/May/2016:07:16:22 -0700] "GET /gajaxscroller.js HTTP/1.1" 200 9774 "http://www.saveaslave.com/" "Mozilla/5.0 (Windows NT 10.0; WOW64) AppleWebKit/537.36 (KHTML, like Gecko) Chrome/50.0.2661.94 Safari/537.36" "www.saveaslave.com"
71.193.69.7 - - [07/May/2016:07:16:22 -0700] "GET /css/style-pages.css HTTP/1.1" 200 9894 "http://www.saveaslave.com/" "Mozilla/5.0 (Windows NT 10.0; WOW64) AppleWebKit/537.36 (KHTML, like Gecko) Chrome/50.0.2661.94 Safari/537.36" "www.saveaslave.com"
71.193.69.7 - - [07/May/2016:07:16:22 -0700] "GET /js/bootstrap.min.js HTTP/1.1" 200 37055 "http://www.saveaslave.com/" "Mozilla/5.0 (Windows NT 10.0; WOW64) AppleWebKit/537.36 (KHTML, like Gecko) Chrome/50.0.2661.94 Safari/537.36" "www.saveaslave.com"
71.193.69.7 - - [07/May/2016:07:16:22 -0700] "GET /assets/js/ie10-viewport-bug-workaround.js HTTP/1.1" 200 641 "http://www.saveaslave.com/" "Mozilla/5.0 (Windows NT 10.0; WOW64) AppleWebKit/537.36 (KHTML, like Gecko) Chrome/50.0.2661.94 Safari/537.36" "www.saveaslave.com"
71.193.69.7 - - [07/May/2016:07:16:22 -0700] "GET /images/logo2.png HTTP/1.1" 200 18525 "http://www.saveaslave.com/" "Mozilla/5.0 (Windows NT 10.0; WOW64) AppleWebKit/537.36 (KHTML, like Gecko) Chrome/50.0.2661.94 Safari/537.36" "www.saveaslave.com"
71.193.69.7 - - [07/May/2016:07:16:22 -0700] "GET /images/article/end_it.jpg HTTP/1.1" 200 33676 "http://www.saveaslave.com/" "Mozilla/5.0 (Windows NT 10.0; WOW64) AppleWebKit/537.36 (KHTML, like Gecko) Chrome/50.0.2661.94 Safari/537.36" "www.saveaslave.com"
71.193.69.7 - - [07/May/2016:07:16:22 -0700] "GET /images/social1.png HTTP/1.1" 200 2012 "http://www.saveaslave.com/" "Mozilla/5.0 (Windows NT 10.0; WOW64) AppleWebKit/537.36 (KHTML, like Gecko) Chrome/50.0.2661.94 Safari/537.36" "www.saveaslave.com"
71.193.69.7 - - [07/May/2016:07:16:23 -0700] "GET /images/social2.png HTTP/1.1" 200 1752 "http://www.saveaslave.com/" "Mozilla/5.0 (Windows NT 10.0; WOW64) AppleWebKit/537.36 (KHTML, like Gecko) Chrome/50.0.2661.94 Safari/537.36" "www.saveaslave.com"
71.193.69.7 - - [07/May/2016:07:16:23 -0700] "GET /images/social3.png HTTP/1.1" 200 4343 "http://www.saveaslave.com/" "Mozilla/5.0 (Windows NT 10.0; WOW64) AppleWebKit/537.36 (KHTML, like Gecko) Chrome/50.0.2661.94 Safari/537.36" "www.saveaslave.com"
71.193.69.7 - - [07/May/2016:07:16:23 -0700] "GET /images/select-arrow.png HTTP/1.1" 200 1118 "http://www.saveaslave.com/css/style.css" "Mozilla/5.0 (Windows NT 10.0; WOW64) AppleWebKit/537.36 (KHTML, like Gecko) Chrome/50.0.2661.94 Safari/537.36" "www.saveaslave.com"
71.193.69.7 - - [07/May/2016:07:16:27 -0700] "GET /favicon.ico HTTP/1.1" 404 89 "http://www.saveaslave.com/" "Mozilla/5.0 (Windows NT 10.0; WOW64) AppleWebKit/537.36 (KHTML, like Gecko) Chrome/50.0.2661.94 Safari/537.36" "www.saveaslave.com"
71.193.69.7 - - [07/May/2016:07:16:27 -0700] "GET /ico/favicon-16x16.png HTTP/1.1" 200 1129 "http://www.saveaslave.com/" "Mozilla/5.0 (Windows NT 10.0; WOW64) AppleWebKit/537.36 (KHTML, like Gecko) Chrome/50.0.2661.94 Safari/537.36" "www.saveaslave.com"
71.193.69.7 - - [07/May/2016:07:16:27 -0700] "GET /ico/android-icon-192x192.png HTTP/1.1" 200 10097 "http://www.saveaslave.com/" "Mozilla/5.0 (Windows NT 10.0; WOW64) AppleWebKit/537.36 (KHTML, like Gecko) Chrome/50.0.2661.94 Safari/537.36" "www.saveaslave.com"
71.193.69.7 - - [07/May/2016:07:17:15 -0700] "GET /who-we-are.php HTTP/1.1" 200 50792 "http://www.saveaslave.com/" "Mozilla/5.0 (Windows NT 10.0; WOW64) AppleWebKit/537.36 (KHTML, like Gecko) Chrome/50.0.2661.94 Safari/537.36" "www.saveaslave.com"
71.193.69.7 - - [07/May/2016:07:17:15 -0700] "GET /images/article5.jpg HTTP/1.1" 200 14497 "http://www.saveaslave.com/who-we-are.php" "Mozilla/5.0 (Windows NT 10.0; WOW64) AppleWebKit/537.36 (KHTML, like Gecko) Chrome/50.0.2661.94 Safari/537.36" "www.saveaslave.com"
71.193.69.7 - - [07/May/2016:07:17:16 -0700] "GET /images/top-1.jpg HTTP/1.1" 200 77341 "http://www.saveaslave.com/who-we-are.php" "Mozilla/5.0 (Windows NT 10.0; WOW64) AppleWebKit/537.36 (KHTML, like Gecko) Chrome/50.0.2661.94 Safari/537.36" "www.saveaslave.com"
75.107.125.41 - - [07/May/2016:07:43:56 -0700] "GET / HTTP/1.1" 200 89033 "http://r.search.yahoo.com/_ylt=A0SO8ymSRy1XljwAS47BGOd_;_ylu=X3oDMTEyZmRrcnFyBGNvbG8DZ3ExBHBvcwMxBHZ0aWQDQjE4ODBfMQRzZWMDc3I-/RV=2/RE=1462614034/RO=10/RU=http%3a%2f%2fsaveaslave.com%2f/RK=0/RS=HAzzjMUMQ3eg0EqzaQaG3xiEDTY-" "Mozilla/5.0 (iPad; CPU OS 9_3_1 like Mac OS X) AppleWebKit/601.1.46 (KHTML, like Gecko) Version/9.0 Mobile/13E238 Safari/601.1" "saveaslave.com"
75.107.125.41 - - [07/May/2016:07:43:57 -0700] "GET /ico/favicon-32x32.png HTTP/1.1" 200 1892 "http://saveaslave.com/" "Mozilla/5.0 (iPad; CPU OS 9_3_1 like Mac OS X) AppleWebKit/601.1.46 (KHTML, like Gecko) Version/9.0 Mobile/13E238 Safari/601.1" "saveaslave.com"
75.107.125.41 - - [07/May/2016:07:43:57 -0700] "GET /images/article/s1_dety_beg_d9954.jpg HTTP/1.1" 200 16968 "http://saveaslave.com/" "Mozilla/5.0 (iPad; CPU OS 9_3_1 like Mac OS X) AppleWebKit/601.1.46 (KHTML, like Gecko) Version/9.0 Mobile/13E238 Safari/601.1" "saveaslave.com"
75.107.125.41 - - [07/May/2016:07:43:57 -0700] "GET /photos/article5.jpg HTTP/1.1" 404 89 "http://saveaslave.com/" "Mozilla/5.0 (iPad; CPU OS 9_3_1 like Mac OS X) AppleWebKit/601.1.46 (KHTML, like Gecko) Version/9.0 Mobile/13E238 Safari/601.1" "saveaslave.com"
75.107.125.41 - - [07/May/2016:07:43:57 -0700] "GET /images/logo2.png HTTP/1.1" 200 18525 "http://saveaslave.com/" "Mozilla/5.0 (iPad; CPU OS 9_3_1 like Mac OS X) AppleWebKit/601.1.46 (KHTML, like Gecko) Version/9.0 Mobile/13E238 Safari/601.1" "saveaslave.com"
75.107.125.41 - - [07/May/2016:07:43:57 -0700] "GET /images/top.jpg HTTP/1.1" 200 50519 "http://saveaslave.com/" "Mozilla/5.0 (iPad; CPU OS 9_3_1 like Mac OS X) AppleWebKit/601.1.46 (KHTML, like Gecko) Version/9.0 Mobile/13E238 Safari/601.1" "saveaslave.com"
75.107.125.41 - - [07/May/2016:07:43:57 -0700] "GET /photos/article1.jpg HTTP/1.1" 404 89 "http://saveaslave.com/" "Mozilla/5.0 (iPad; CPU OS 9_3_1 like Mac OS X) AppleWebKit/601.1.46 (KHTML, like Gecko) Version/9.0 Mobile/13E238 Safari/601.1" "saveaslave.com"
75.107.125.41 - - [07/May/2016:07:43:57 -0700] "GET /photos/article3a.jpg HTTP/1.1" 404 89 "http://saveaslave.com/" "Mozilla/5.0 (iPad; CPU OS 9_3_1 like Mac OS X) AppleWebKit/601.1.46 (KHTML, like Gecko) Version/9.0 Mobile/13E238 Safari/601.1" "saveaslave.com"
75.107.125.41 - - [07/May/2016:07:43:57 -0700] "GET /gajaxscroller.js HTTP/1.1" 200 9774 "http://saveaslave.com/" "Mozilla/5.0 (iPad; CPU OS 9_3_1 like Mac OS X) AppleWebKit/601.1.46 (KHTML, like Gecko) Version/9.0 Mobile/13E238 Safari/601.1" "saveaslave.com"
75.107.125.41 - - [07/May/2016:07:43:57 -0700] "GET /gfeedfetcher.js HTTP/1.1" 200 9018 "http://saveaslave.com/" "Mozilla/5.0 (iPad; CPU OS 9_3_1 like Mac OS X) AppleWebKit/601.1.46 (KHTML, like Gecko) Version/9.0 Mobile/13E238 Safari/601.1" "saveaslave.com"
75.107.125.41 - - [07/May/2016:07:43:57 -0700] "GET /css/down-arrow.png HTTP/1.1" 404 89 "http://saveaslave.com/" "Mozilla/5.0 (iPad; CPU OS 9_3_1 like Mac OS X) AppleWebKit/601.1.46 (KHTML, like Gecko) Version/9.0 Mobile/13E238 Safari/601.1" "saveaslave.com"
75.107.125.41 - - [07/May/2016:07:43:58 -0700] "GET /fonts/glyphicons-halflings-regular.woff2 HTTP/1.1" 200 18028 "http://saveaslave.com/" "Mozilla/5.0 (iPad; CPU OS 9_3_1 like Mac OS X) AppleWebKit/601.1.46 (KHTML, like Gecko) Version/9.0 Mobile/13E238 Safari/601.1" "saveaslave.com"
75.107.125.41 - - [07/May/2016:07:43:58 -0700] "GET /fonts/glyphicons-halflings-regular.svg HTTP/1.1" 200 108738 "http://saveaslave.com/" "Mozilla/5.0 (iPad; CPU OS 9_3_1 like Mac OS X) AppleWebKit/601.1.46 (KHTML, like Gecko) Version/9.0 Mobile/13E238 Safari/601.1" "saveaslave.com"
141.8.143.171 - - [07/May/2016:07:59:06 -0700] "GET /robots.txt HTTP/1.1" 200 48 "-" "Mozilla/5.0 (compatible; YandexBot/3.0; +http://yandex.com/bots)" "saveaslave.com"
208.115.113.94 - - [07/May/2016:08:46:34 -0700] "GET /robots.txt HTTP/1.1" 200 48 "-" "Mozilla/5.0 (compatible; DotBot/1.1; http://www.opensiteexplorer.org/dotbot, help@moz.com)" "saveaslave.com"
123.125.71.49 - - [07/May/2016:08:54:03 -0700] "GET /robots.txt HTTP/1.1" 200 48 "-" "Mozilla/5.0 (compatible; Baiduspider/2.0; +http://www.baidu.com/search/spider.html)" "saveaslave.com"
37.115.184.150 - - [07/May/2016:09:00:10 -0700] "GET / HTTP/1.1" 200 89033 "http://ship-marvel.co.ua/" "Mozilla/4.0 (compatible; MSIE 7.0b; Windows NT 6.0 ; .NET CLR 2.0.50215; SL Commerce Client v1.0; Tablet PC 2.0" "www.saveaslave.com"
65.36.241.48 - - [07/May/2016:09:08:51 -0700] "HEAD /?tpl=references&Itemid=3 HTTP/1.1" 200 0 "-" "InternetSeer.com" "www.saveaslave.com"
151.80.31.100 - - [07/May/2016:09:17:49 -0700] "GET /turkmenistan.html HTTP/1.1" 404 89 "-" "Mozilla/5.0 (compatible; AhrefsBot/5.1; +http://ahrefs.com/robot/)" "saveaslave.com"
213.239.205.207 - - [07/May/2016:09:20:39 -0700] "GET /article.php?id=1 HTTP/1.1" 200 44914 "-" "Mozilla/5.0 (compatible; MJ12bot/v1.4.5; http://www.majestic12.co.uk/bot.php?+)" "saveaslave.com"
51.255.65.84 - - [07/May/2016:09:35:59 -0700] "GET /www.council.lacity.org HTTP/1.1" 404 89 "-" "Mozilla/5.0 (compatible; AhrefsBot/5.1; +http://ahrefs.com/robot/)" "www.saveaslave.com"
208.115.113.94 - - [07/May/2016:09:46:51 -0700] "GET /article.php?id=46 HTTP/1.1" 200 49307 "-" "Mozilla/5.0 (compatible; DotBot/1.1; http://www.opensiteexplorer.org/dotbot, help@moz.com)" "saveaslave.com"
178.63.86.11 - - [07/May/2016:09:47:02 -0700] "GET /robots.txt HTTP/1.1" 200 48 "-" "Mozilla/5.0 (compatible; MJ12bot/v1.4.5; http://www.majestic12.co.uk/bot.php?+)" "saveaslave.com"
178.63.86.11 - - [07/May/2016:09:47:03 -0700] "GET /?Itemid=1 HTTP/1.1" 200 89069 "-" "Mozilla/5.0 (compatible; MJ12bot/v1.4.5; http://www.majestic12.co.uk/bot.php?+)" "saveaslave.com"
77.75.78.160 - - [07/May/2016:10:06:08 -0700] "GET /robots.txt HTTP/1.1" 200 48 "-" "Mozilla/5.0 (compatible; SeznamBot/3.2; +http://napoveda.seznam.cz/en/seznambot-intro/)" "saveaslave.com"
77.75.78.160 - - [07/May/2016:10:06:10 -0700] "GET /news6.php HTTP/1.1" 200 73 "-" "Mozilla/5.0 (compatible; SeznamBot/3.2; +http://napoveda.seznam.cz/en/seznambot-intro/)" "saveaslave.com"[0]
51.255.65.10 - - [07/May/2016:10:31:59 -0700] "GET /estonia.html HTTP/1.1" 404 89 "-" "Mozilla/5.0 (compatible; AhrefsBot/5.1; +http://ahrefs.com/robot/)" "saveaslave.com"
208.115.113.86 - - [07/May/2016:10:53:38 -0700] "GET /help.php HTTP/1.1" 200 52768 "-" "Mozilla/5.0 (compatible; DotBot/1.1; http://www.opensiteexplorer.org/dotbot, help@moz.com)" "www.saveaslave.com"
141.8.143.182 - - [07/May/2016:10:54:57 -0700] "GET /sitemap.xml HTTP/1.1" 200 296 "-" "Mozilla/5.0 (compatible; YandexBot/3.0; +http://yandex.com/bots)" "saveaslave.com"
51.255.65.76 - - [07/May/2016:10:59:28 -0700] "GET /www.nightlightinternational.org HTTP/1.1" 404 89 "-" "Mozilla/5.0 (compatible; AhrefsBot/5.1; +http://ahrefs.com/robot/)" "www.saveaslave.com"[0]
65.36.241.48 - - [07/May/2016:11:01:47 -0700] "HEAD / HTTP/1.1" 200 0 "-" "InternetSeer.com" "www.saveaslave.com"
64.233.172.228 - - [07/May/2016:11:15:15 -0700] "GET /who-we-are.php HTTP/1.1" 200 50792 "http://www.google.com/search" "Mozilla/5.0 (X11; Linux x86_64) AppleWebKit/537.36 (KHTML, like Gecko; Google Web Preview) Chrome/27.0.1453 Safari/537.36" "www.saveaslave.com"
64.233.172.228 - - [07/May/2016:11:15:15 -0700] "GET /gajaxscroller.js HTTP/1.1" 200 9774 "http://www.saveaslave.com/who-we-are.php" "Mozilla/5.0 (X11; Linux x86_64) AppleWebKit/537.36 (KHTML, like Gecko; Google Web Preview) Chrome/27.0.1453 Safari/537.36" "www.saveaslave.com"
64.233.172.228 - - [07/May/2016:11:15:15 -0700] "GET /css/bootstrap.min.css HTTP/1.1" 200 123578 "http://www.saveaslave.com/who-we-are.php" "Mozilla/5.0 (X11; Linux x86_64) AppleWebKit/537.36 (KHTML, like Gecko; Google Web Preview) Chrome/27.0.1453 Safari/537.36" "www.saveaslave.com"
64.233.172.236 - - [07/May/2016:11:15:15 -0700] "GET /gfeedfetcher.js HTTP/1.1" 200 9018 "http://www.saveaslave.com/who-we-are.php" "Mozilla/5.0 (X11; Linux x86_64) AppleWebKit/537.36 (KHTML, like Gecko; Google Web Preview) Chrome/27.0.1453 Safari/537.36" "www.saveaslave.com"
64.233.172.236 - - [07/May/2016:11:15:15 -0700] "GET /assets/js/ie-emulation-modes-warning.js HTTP/1.1" 200 2130 "http://www.saveaslave.com/who-we-are.php" "Mozilla/5.0 (X11; Linux x86_64) AppleWebKit/537.36 (KHTML, like Gecko; Google Web Preview) Chrome/27.0.1453 Safari/537.36" "www.saveaslave.com"
64.233.172.236 - - [07/May/2016:11:15:15 -0700] "GET /assets/js/ie10-viewport-bug-workaround.js HTTP/1.1" 200 641 "http://www.saveaslave.com/who-we-are.php" "Mozilla/5.0 (X11; Linux x86_64) AppleWebKit/537.36 (KHTML, like Gecko; Google Web Preview) Chrome/27.0.1453 Safari/537.36" "www.saveaslave.com"
66.102.6.232 - - [07/May/2016:11:15:15 -0700] "GET /js/bootstrap.min.js HTTP/1.1" 200 37055 "http://www.saveaslave.com/who-we-are.php" "Mozilla/5.0 (X11; Linux x86_64) AppleWebKit/537.36 (KHTML, like Gecko; Google Web Preview) Chrome/27.0.1453 Safari/537.36" "www.saveaslave.com"
64.233.172.220 - - [07/May/2016:11:15:15 -0700] "GET /css/style-pages.css HTTP/1.1" 200 9894 "http://www.saveaslave.com/who-we-are.php" "Mozilla/5.0 (X11; Linux x86_64) AppleWebKit/537.36 (KHTML, like Gecko; Google Web Preview) Chrome/27.0.1453 Safari/537.36" "www.saveaslave.com"
64.233.172.228 - - [07/May/2016:11:15:15 -0700] "GET /images/logo2.png HTTP/1.1" 200 18525 "http://www.saveaslave.com/who-we-are.php" "Mozilla/5.0 (X11; Linux x86_64) AppleWebKit/537.36 (KHTML, like Gecko; Google Web Preview) Chrome/27.0.1453 Safari/537.36" "www.saveaslave.com"
67.87.127.198 - - [07/May/2016:11:15:28 -0700] "GET /images/article5.jpg HTTP/1.1" 200 14497 "-" "Mozilla/5.0 (iPad; CPU OS 9_3_1 like Mac OS X) AppleWebKit/600.1.4 (KHTML, like Gecko) GSA/14.1.119979954 Mobile/13E238 Safari/600.1.4" "www.saveaslave.com"
208.115.113.86 - - [07/May/2016:11:16:24 -0700] "GET /newzealand HTTP/1.1" 404 89 "-" "Mozilla/5.0 (compatible; DotBot/1.1; http://www.opensiteexplorer.org/dotbot, help@moz.com)" "saveaslave.com"
208.115.113.86 - - [07/May/2016:11:16:25 -0700] "GET /malta HTTP/1.1" 404 89 "-" "Mozilla/5.0 (compatible; DotBot/1.1; http://www.opensiteexplorer.org/dotbot, help@moz.com)" "saveaslave.com"
208.115.113.86 - - [07/May/2016:11:16:25 -0700] "GET /honduras HTTP/1.1" 404 89 "-" "Mozilla/5.0 (compatible; DotBot/1.1; http://www.opensiteexplorer.org/dotbot, help@moz.com)" "saveaslave.com"[0]
208.115.113.86 - - [07/May/2016:11:16:26 -0700] "GET /germany HTTP/1.1" 404 89 "-" "Mozilla/5.0 (compatible; DotBot/1.1; http://www.opensiteexplorer.org/dotbot, help@moz.com)" "saveaslave.com"[0]
208.115.113.86 - - [07/May/2016:11:16:26 -0700] "GET /dominica HTTP/1.1" 404 89 "-" "Mozilla/5.0 (compatible; DotBot/1.1; http://www.opensiteexplorer.org/dotbot, help@moz.com)" "saveaslave.com"
208.115.113.86 - - [07/May/2016:11:16:26 -0700] "GET /uganda HTTP/1.1" 404 89 "-" "Mozilla/5.0 (compatible; DotBot/1.1; http://www.opensiteexplorer.org/dotbot, help@moz.com)" "www.saveaslave.com"[0]
208.115.113.86 - - [07/May/2016:11:16:26 -0700] "GET /stpierre.html HTTP/1.1" 404 89 "-" "Mozilla/5.0 (compatible; DotBot/1.1; http://www.opensiteexplorer.org/dotbot, help@moz.com)" "www.saveaslave.com"
208.115.113.86 - - [07/May/2016:11:16:26 -0700] "GET /jordan HTTP/1.1" 404 89 "-" "Mozilla/5.0 (compatible; DotBot/1.1; http://www.opensiteexplorer.org/dotbot, help@moz.com)" "www.saveaslave.com"
