218.226.204.35 - - [01/Feb/2016:01:39:22 -0800] "GET /favicon.ico HTTP/1.1" 404 89 "http://www.saveaslave.com/" "Mozilla/5.0 (Linux; Android 5.0; ASUS_Z00AD Build/LRX21V; wv) AppleWebKit/537.36 (KHTML, like Gecko) Version/4.0 Chrome/47.0.2526.100 Mobile Safari/537.36 YJApp-ANDROID jp.co.yahoo.android.yjtop/3.1.10" "www.saveaslave.com"
218.226.204.35 - - [01/Feb/2016:01:39:22 -0800] "GET /favicon.ico HTTP/1.1" 404 89 "http://www.saveaslave.com/" "Mozilla/5.0 (Linux; Android 5.0; ASUS_Z00AD Build/LRX21V; wv) AppleWebKit/537.36 (KHTML, like Gecko) Version/4.0 Chrome/47.0.2526.100 Mobile Safari/537.36 YJApp-ANDROID jp.co.yahoo.android.yjtop/3.1.10" "www.saveaslave.com"
208.115.113.86 - - [01/Feb/2016:01:50:48 -0800] "GET /botswana.html HTTP/1.1" 404 89 "-" "Mozilla/5.0 (compatible; DotBot/1.1; http://www.opensiteexplorer.org/dotbot, help@moz.com)" "saveaslave.com"
208.115.113.86 - - [01/Feb/2016:01:59:59 -0800] "GET /contact-us.php HTTP/1.1" 200 30437 "-" "Mozilla/5.0 (compatible; DotBot/1.1; http://www.opensiteexplorer.org/dotbot, help@moz.com)" "www.saveaslave.com"
157.55.39.174 - - [01/Feb/2016:02:01:08 -0800] "GET /bahrain.html HTTP/1.1" 404 89 "-" "Mozilla/5.0 (compatible; bingbot/2.0; +http://www.bing.com/bingbot.htm)" "saveaslave.com"
208.115.113.86 - - [01/Feb/2016:02:02:18 -0800] "GET /burundi.html HTTP/1.1" 404 89 "-" "Mozilla/5.0 (compatible; DotBot/1.1; http://www.opensiteexplorer.org/dotbot, help@moz.com)" "www.saveaslave.com"
208.115.113.86 - - [01/Feb/2016:02:02:18 -0800] "GET /poland.html HTTP/1.1" 404 89 "-" "Mozilla/5.0 (compatible; DotBot/1.1; http://www.opensiteexplorer.org/dotbot, help@moz.com)" "www.saveaslave.com"
208.115.113.94 - - [01/Feb/2016:02:19:52 -0800] "GET /france.html HTTP/1.1" 404 89 "-" "Mozilla/5.0 (compatible; DotBot/1.1; http://www.opensiteexplorer.org/dotbot, help@moz.com)" "saveaslave.com"
208.115.113.94 - - [01/Feb/2016:02:19:53 -0800] "GET /oman HTTP/1.1" 404 89 "-" "Mozilla/5.0 (compatible; DotBot/1.1; http://www.opensiteexplorer.org/dotbot, help@moz.com)" "saveaslave.com"
208.115.113.86 - - [01/Feb/2016:02:22:33 -0800] "GET /niue HTTP/1.1" 404 89 "-" "Mozilla/5.0 (compatible; DotBot/1.1; http://www.opensiteexplorer.org/dotbot, help@moz.com)" "www.saveaslave.com"
208.115.113.86 - - [01/Feb/2016:02:22:33 -0800] "GET /finland HTTP/1.1" 404 89 "-" "Mozilla/5.0 (compatible; DotBot/1.1; http://www.opensiteexplorer.org/dotbot, help@moz.com)" "www.saveaslave.com"
101.226.33.220 - - [01/Feb/2016:02:27:54 -0800] "GET / HTTP/1.1" 200 83094 "-" "Mozilla/5.0 (Linux; U; Android 4.4.2; zh-cn; GT-I9500 Build/KOT49H) AppleWebKit/537.36 (KHTML, like Gecko)Version/4.0 MQQBrowser/5.0 QQ-URL-Manager Mobile Safari/537.36" "saveaslave.com"
51.255.65.17 - - [01/Feb/2016:02:35:07 -0800] "GET /colombia.html HTTP/1.1" 404 89 "-" "Mozilla/5.0 (compatible; AhrefsBot/5.0; +http://ahrefs.com/robot/)" "saveaslave.com"
54.243.48.119 - - [01/Feb/2016:02:46:03 -0800] "GET /Missions_Missionarys.html HTTP/1.1" 404 89 "-" "Mozilla/5.0 (Windows; U; Windows NT 5.1; en-US; rv:1.9.2.8) Gecko/20100722 Firefox/3.6.8" "saveaslave.com"
23.23.242.178 - - [01/Feb/2016:02:46:48 -0800] "GET /Magazines.html HTTP/1.1" 404 89 "-" "Mozilla/5.0 (Windows; U; Windows NT 5.1; en-US; rv:1.9.2.8) Gecko/20100722 Firefox/3.6.8" "saveaslave.com"
54.243.48.119 - - [01/Feb/2016:02:47:32 -0800] "GET /Tourism.html HTTP/1.1" 404 89 "-" "Mozilla/5.0 (Windows; U; Windows NT 5.1; en-US; rv:1.9.2.8) Gecko/20100722 Firefox/3.6.8" "saveaslave.com"
54.243.48.119 - - [01/Feb/2016:02:48:16 -0800] "GET /Geoglogical_Information.html HTTP/1.1" 404 89 "-" "Mozilla/5.0 (Windows; U; Windows NT 5.1; en-US; rv:1.9.2.8) Gecko/20100722 Firefox/3.6.8" "saveaslave.com"
23.23.242.178 - - [01/Feb/2016:02:49:02 -0800] "GET /History.html HTTP/1.1" 404 89 "-" "Mozilla/5.0 (Windows; U; Windows NT 5.1; en-US; rv:1.9.2.8) Gecko/20100722 Firefox/3.6.8" "saveaslave.com"
54.243.48.119 - - [01/Feb/2016:02:49:59 -0800] "GET /World_Time_Clock.html HTTP/1.1" 404 89 "-" "Mozilla/5.0 (Windows; U; Windows NT 5.1; en-US; rv:1.9.2.8) Gecko/20100722 Firefox/3.6.8" "saveaslave.com"
65.36.241.48 - - [01/Feb/2016:02:54:52 -0800] "HEAD / HTTP/1.1" 200 0 "-" "InternetSeer.com" "www.saveaslave.com"
23.23.242.178 - - [01/Feb/2016:03:08:22 -0800] "GET /Immergration.html HTTP/1.1" 404 89 "-" "Mozilla/5.0 (Windows; U; Windows NT 5.1; en-US; rv:1.9.2.8) Gecko/20100722 Firefox/3.6.8" "saveaslave.com"
49.147.97.106 - - [01/Feb/2016:03:19:25 -0800] "GET /images/countrymap/solomon-islands.gif HTTP/1.1" 404 89 "https://www.google.com.ph/" "Mozilla/5.0 (Windows NT 5.1) AppleWebKit/537.36 (KHTML, like Gecko) Chrome/34.0.1847.116 Safari/537.36" "www.saveaslave.com"
157.55.39.174 - - [01/Feb/2016:03:30:50 -0800] "GET /belize HTTP/1.1" 404 89 "-" "Mozilla/5.0 (compatible; bingbot/2.0; +http://www.bing.com/bingbot.htm)" "saveaslave.com"
52.23.117.198 - - [01/Feb/2016:03:31:38 -0800] "GET /robots.txt HTTP/1.1" 200 48 "-" "My Nutch Spider/Nutch-1.11" "www.saveaslave.com"
52.23.117.198 - - [01/Feb/2016:03:31:40 -0800] "GET / HTTP/1.1" 200 83094 "-" "My Nutch Spider/Nutch-1.11" "www.saveaslave.com"
77.75.77.95 - - [01/Feb/2016:03:32:39 -0800] "GET /robots.txt HTTP/1.1" 200 48 "-" "Mozilla/5.0 (compatible; SeznamBot/3.2; +http://fulltext.sblog.cz/)" "saveaslave.com"
208.115.113.94 - - [01/Feb/2016:03:51:13 -0800] "GET /robots.txt HTTP/1.1" 200 48 "-" "Mozilla/5.0 (compatible; DotBot/1.1; http://www.opensiteexplorer.org/dotbot, help@moz.com)" "www.saveaslave.com"
208.115.113.94 - - [01/Feb/2016:03:51:13 -0800] "GET /robots.txt HTTP/1.1" 200 48 "-" "Mozilla/5.0 (compatible; DotBot/1.1; http://www.opensiteexplorer.org/dotbot, help@moz.com)" "saveaslave.com"
195.154.204.88 - - [01/Feb/2016:03:55:54 -0800] "GET /site/?p=56 HTTP/1.1" 404 89 "http://saveaslave.com/" "Mozilla/5.0 (Windows NT 6.1) AppleWebKit/537.36 (KHTML, like Gecko) Dragon/36.1.1.21 Chrome/36.0.1985.97 Safari/537.36" "saveaslave.com"
195.154.204.88 - - [01/Feb/2016:03:55:55 -0800] "GET / HTTP/1.1" 200 83094 "http://saveaslave.com" "Mozilla/5.0 (Windows NT 6.1) AppleWebKit/537.36 (KHTML, like Gecko) Dragon/36.1.1.21 Chrome/36.0.1985.97 Safari/537.36" "saveaslave.com"
195.154.204.88 - - [01/Feb/2016:03:55:55 -0800] "GET /our-supporters.php HTTP/1.1" 200 54987 "http://saveaslave.com" "Mozilla/5.0 (Windows NT 6.1) AppleWebKit/537.36 (KHTML, like Gecko) Dragon/36.1.1.21 Chrome/36.0.1985.97 Safari/537.36" "saveaslave.com"
191.232.136.178 - - [01/Feb/2016:04:07:37 -0800] "GET /ghana.html HTTP/1.1" 404 89 "-" "Mozilla/5.0 (compatible; bingbot/2.0; +http://www.bing.com/bingbot.htm)" "www.saveaslave.com"
180.76.15.17 - - [01/Feb/2016:04:13:43 -0800] "GET / HTTP/1.1" 200 83094 "-" "Mozilla/5.0 (compatible; Baiduspider/2.0; +http://www.baidu.com/search/spider.html)" "saveaslave.com"
157.55.39.21 - - [01/Feb/2016:04:17:08 -0800] "GET /iran.html HTTP/1.1" 404 89 "-" "msnbot-media/1.1 (+http://search.msn.com/msnbot.htm)" "www.saveaslave.com"
65.36.241.48 - - [01/Feb/2016:04:22:17 -0800] "HEAD / HTTP/1.1" 200 0 "-" "InternetSeer.com" "www.saveaslave.com"
23.23.242.178 - - [01/Feb/2016:04:24:05 -0800] "GET /Shipping.html HTTP/1.1" 404 89 "-" "Mozilla/5.0 (Windows; U; Windows NT 5.1; en-US; rv:1.9.2.8) Gecko/20100722 Firefox/3.6.8" "saveaslave.com"
180.76.15.159 - - [01/Feb/2016:04:30:35 -0800] "GET /country.php?name=Gambia&lang=en HTTP/1.1" 200 64766 "-" "Mozilla/5.0 (compatible; Baiduspider/2.0; +http://www.baidu.com/search/spider.html)" "www.saveaslave.com"
192.99.107.195 - - [01/Feb/2016:04:32:23 -0800] "GET /robots.txt HTTP/1.1" 200 48 "-" "Mozilla/5.0 (compatible; meanpathbot/1.0; +http://www.meanpath.com/meanpathbot.html)" "saveaslave.com"
192.99.107.192 - - [01/Feb/2016:04:32:23 -0800] "GET / HTTP/1.1" 200 83094 "-" "Mozilla/5.0 (compatible; meanpathbot/1.0; +http://www.meanpath.com/meanpathbot.html)" "saveaslave.com"
208.115.113.86 - - [01/Feb/2016:04:42:32 -0800] "GET /robots.txt HTTP/1.1" 200 48 "-" "Mozilla/5.0 (compatible; DotBot/1.1; http://www.opensiteexplorer.org/dotbot, help@moz.com)" "saveaslave.com"
208.115.113.86 - - [01/Feb/2016:04:42:32 -0800] "GET /robots.txt HTTP/1.1" 200 48 "-" "Mozilla/5.0 (compatible; DotBot/1.1; http://www.opensiteexplorer.org/dotbot, help@moz.com)" "www.saveaslave.com"
5.246.99.62 - - [01/Feb/2016:04:44:47 -0800] "GET /images/supporters/fpo-logo.gif HTTP/1.1" 200 3097 "https://www.google.com.sa/" "Mozilla/5.0 (Windows NT 6.1; WOW64) AppleWebKit/537.36 (KHTML, like Gecko) Chrome/48.0.2564.97 Safari/537.36" "www.saveaslave.com"
178.255.215.78 - - [01/Feb/2016:04:51:26 -0800] "GET /bahamas.html HTTP/1.1" 404 89 "-" "Mozilla/5.0 (compatible; Exabot/3.0; +http://www.exabot.com/go/robot)" "www.saveaslave.com"
157.55.39.77 - - [01/Feb/2016:04:57:42 -0800] "GET /ethiopia.html HTTP/1.1" 404 89 "-" "msnbot-media/1.1 (+http://search.msn.com/msnbot.htm)" "www.saveaslave.com"
123.125.71.30 - - [01/Feb/2016:05:00:18 -0800] "GET / HTTP/1.1" 200 83094 "-" "Mozilla/5.0 (compatible; Baiduspider/2.0; +http://www.baidu.com/search/spider.html)" "saveaslave.com"
40.77.167.14 - - [01/Feb/2016:05:03:58 -0800] "GET /macau.html HTTP/1.1" 404 89 "-" "msnbot-media/1.1 (+http://search.msn.com/msnbot.htm)" "www.saveaslave.com"
149.202.74.134 - - [01/Feb/2016:05:16:46 -0800] "GET /robots.txt HTTP/1.1" 200 48 "-" "Mozilla/5.0 (Windows NT 10.0; WOW64) AppleWebKit/537.36 (KHTML, like Gecko) Chrome/40.0.2214.91 Safari/537.36" "saveaslave.com"
208.115.113.94 - - [01/Feb/2016:05:16:50 -0800] "GET /article.php?id=13 HTTP/1.1" 200 73180 "-" "Mozilla/5.0 (compatible; DotBot/1.1; http://www.opensiteexplorer.org/dotbot, help@moz.com)" "saveaslave.com"
46.118.155.216 - - [01/Feb/2016:05:18:32 -0800] "GET /robots.txt HTTP/1.1" 200 48 "-" "Mozilla/5.0 (Windows 10; WOW64; rv:41.0) Gecko/20100101 Firefox/41.0" "www.saveaslave.com"
46.118.155.216 - - [01/Feb/2016:05:18:33 -0800] "GET / HTTP/1.1" 200 83094 "-" "Mozilla/5.0 (Windows 10; WOW64; rv:41.0) Gecko/20100101 Firefox/41.0" "www.saveaslave.com"
46.118.155.216 - - [01/Feb/2016:05:18:34 -0800] "GET /xmlrpc.php?rsd HTTP/1.1" 200 73 "-" "Mozilla/5.0 (Windows 10; WOW64; rv:41.0) Gecko/20100101 Firefox/41.0" "www.saveaslave.com"
46.118.155.216 - - [01/Feb/2016:05:18:34 -0800] "GET /blog/robots.txt HTTP/1.1" 404 89 "-" "Mozilla/5.0 (Windows 10; WOW64; rv:41.0) Gecko/20100101 Firefox/41.0" "www.saveaslave.com"
46.118.155.216 - - [01/Feb/2016:05:18:34 -0800] "GET /blog/ HTTP/1.1" 404 89 "-" "Mozilla/5.0 (Windows 10; WOW64; rv:41.0) Gecko/20100101 Firefox/41.0" "www.saveaslave.com"
46.118.155.216 - - [01/Feb/2016:05:18:34 -0800] "GET /wordpress/ HTTP/1.1" 404 89 "-" "Mozilla/5.0 (Windows 10; WOW64; rv:41.0) Gecko/20100101 Firefox/41.0" "www.saveaslave.com"
46.118.155.216 - - [01/Feb/2016:05:18:34 -0800] "GET /wp/ HTTP/1.1" 404 89 "-" "Mozilla/5.0 (Windows 10; WOW64; rv:41.0) Gecko/20100101 Firefox/41.0" "www.saveaslave.com"
23.23.242.178 - - [01/Feb/2016:05:39:50 -0800] "GET /Flight_Information.html HTTP/1.1" 404 89 "-" "Mozilla/5.0 (Windows; U; Windows NT 5.1; en-US; rv:1.9.2.8) Gecko/20100722 Firefox/3.6.8" "saveaslave.com"
157.55.39.174 - - [01/Feb/2016:05:41:25 -0800] "GET /india.html HTTP/1.1" 404 89 "-" "msnbot-media/1.1 (+http://search.msn.com/msnbot.htm)" "www.saveaslave.com"
65.36.241.48 - - [01/Feb/2016:05:49:22 -0800] "HEAD / HTTP/1.1" 200 0 "-" "InternetSeer.com" "www.saveaslave.com"
51.255.65.64 - - [01/Feb/2016:05:52:56 -0800] "GET /norfolk-island.html HTTP/1.1" 404 89 "-" "Mozilla/5.0 (compatible; AhrefsBot/5.0; +http://ahrefs.com/robot/)" "saveaslave.com"
157.55.39.123 - - [01/Feb/2016:05:58:45 -0800] "GET /algeria.html HTTP/1.1" 404 89 "-" "msnbot-media/1.1 (+http://search.msn.com/msnbot.htm)" "www.saveaslave.com"
208.115.113.86 - - [01/Feb/2016:06:01:32 -0800] "GET /who-we-arer.php HTTP/1.1" 200 89287 "-" "Mozilla/5.0 (compatible; DotBot/1.1; http://www.opensiteexplorer.org/dotbot, help@moz.com)" "saveaslave.com"
208.115.113.86 - - [01/Feb/2016:06:04:08 -0800] "GET /east-timor.html HTTP/1.1" 404 89 "-" "Mozilla/5.0 (compatible; DotBot/1.1; http://www.opensiteexplorer.org/dotbot, help@moz.com)" "www.saveaslave.com"
208.115.113.86 - - [01/Feb/2016:06:04:08 -0800] "GET /cambodia.html HTTP/1.1" 404 89 "-" "Mozilla/5.0 (compatible; DotBot/1.1; http://www.opensiteexplorer.org/dotbot, help@moz.com)" "www.saveaslave.com"
69.46.58.12 - - [01/Feb/2016:06:04:22 -0800] "GET /contact-us.php HTTP/1.1" 200 30437 "https://us-mg5.mail.yahoo.com/neo/b/message?sMid=3&fid=Inbox&sort=date&order=down&startMid=0&filterBy=&.rand=2033040318&midIndex=3&mid=2_0_0_1_152393_AFG%2BimIAABkNVq9jlQro%2BCenQ%2Bs&fromId=" "Mozilla/5.0 (Windows NT 10.0; Win64; x64) AppleWebKit/537.36 (KHTML, like Gecko) Chrome/42.0.2311.135 Safari/537.36 Edge/12.10240" "www.saveaslave.com"
69.46.58.12 - - [01/Feb/2016:06:04:23 -0800] "GET /css/style-pages.css HTTP/1.1" 200 9894 "http://www.saveaslave.com/contact-us.php" "Mozilla/5.0 (Windows NT 10.0; Win64; x64) AppleWebKit/537.36 (KHTML, like Gecko) Chrome/42.0.2311.135 Safari/537.36 Edge/12.10240" "www.saveaslave.com"
66.249.69.89 - - [01/Feb/2016:06:05:36 -0800] "GET /singapore HTTP/1.1" 404 89 "-" "Mozilla/5.0 (iPhone; CPU iPhone OS 8_3 like Mac OS X) AppleWebKit/600.1.4 (KHTML, like Gecko) Version/8.0 Mobile/12F70 Safari/600.1.4 (compatible; Googlebot/2.1; +http://www.google.com/bot.html)" "www.saveaslave.com"
37.187.56.76 - - [01/Feb/2016:06:11:49 -0800] "GET / HTTP/1.1" 200 83094 "-" "Mozilla/5.0 (X11; Linux i686; rv:21.0) Gecko/20100101 Firefox/21.0" "www.saveaslave.com"
37.187.56.76 - - [01/Feb/2016:06:11:52 -0800] "GET /who-we-are.php HTTP/1.1" 200 50372 "-" "Mozilla/5.0 (X11; Linux i686; rv:21.0) Gecko/20100101 Firefox/21.0" "www.saveaslave.com"
37.187.56.76 - - [01/Feb/2016:06:11:57 -0800] "GET /our-news.php HTTP/1.1" 200 72557 "-" "Mozilla/5.0 (X11; Linux i686; rv:21.0) Gecko/20100101 Firefox/21.0" "www.saveaslave.com"
37.187.56.76 - - [01/Feb/2016:06:12:00 -0800] "GET /contact-us.php HTTP/1.1" 200 30437 "-" "Mozilla/5.0 (X11; Linux i686; rv:21.0) Gecko/20100101 Firefox/21.0" "www.saveaslave.com"
37.187.56.76 - - [01/Feb/2016:06:12:02 -0800] "GET /coalition-members-cast.php HTTP/1.1" 200 47141 "-" "Mozilla/5.0 (X11; Linux i686; rv:21.0) Gecko/20100101 Firefox/21.0" "www.saveaslave.com"
37.187.56.76 - - [01/Feb/2016:06:12:05 -0800] "GET /news7.php HTTP/1.1" 200 73 "-" "Mozilla/5.0 (X11; Linux i686; rv:21.0) Gecko/20100101 Firefox/21.0" "www.saveaslave.com"
37.187.56.76 - - [01/Feb/2016:06:12:05 -0800] "GET /news1.php HTTP/1.1" 200 73 "-" "Mozilla/5.0 (X11; Linux i686; rv:21.0) Gecko/20100101 Firefox/21.0" "www.saveaslave.com"
37.187.56.76 - - [01/Feb/2016:06:12:05 -0800] "GET /news2.php HTTP/1.1" 200 73 "-" "Mozilla/5.0 (X11; Linux i686; rv:21.0) Gecko/20100101 Firefox/21.0" "www.saveaslave.com"
37.187.56.76 - - [01/Feb/2016:06:12:05 -0800] "GET /news4.php HTTP/1.1" 200 73 "-" "Mozilla/5.0 (X11; Linux i686; rv:21.0) Gecko/20100101 Firefox/21.0" "www.saveaslave.com"
37.187.56.76 - - [01/Feb/2016:06:12:05 -0800] "GET /news6.php HTTP/1.1" 200 73 "-" "Mozilla/5.0 (X11; Linux i686; rv:21.0) Gecko/20100101 Firefox/21.0" "www.saveaslave.com"
37.187.56.76 - - [01/Feb/2016:06:12:06 -0800] "GET /article.php?id=22 HTTP/1.1" 200 59273 "-" "Mozilla/5.0 (X11; Linux i686; rv:21.0) Gecko/20100101 Firefox/21.0" "www.saveaslave.com"
37.187.56.76 - - [01/Feb/2016:06:12:09 -0800] "GET /article.php?id=21 HTTP/1.1" 200 62010 "-" "Mozilla/5.0 (X11; Linux i686; rv:21.0) Gecko/20100101 Firefox/21.0" "www.saveaslave.com"
37.187.56.76 - - [01/Feb/2016:06:12:11 -0800] "GET /article.php?id=15 HTTP/1.1" 200 68849 "-" "Mozilla/5.0 (X11; Linux i686; rv:21.0) Gecko/20100101 Firefox/21.0" "www.saveaslave.com"
37.187.56.76 - - [01/Feb/2016:06:12:14 -0800] "GET /article.php?id=13 HTTP/1.1" 200 73180 "-" "Mozilla/5.0 (X11; Linux i686; rv:21.0) Gecko/20100101 Firefox/21.0" "www.saveaslave.com"
37.187.56.76 - - [01/Feb/2016:06:12:16 -0800] "GET /article.php?id=7 HTTP/1.1" 200 61833 "-" "Mozilla/5.0 (X11; Linux i686; rv:21.0) Gecko/20100101 Firefox/21.0" "www.saveaslave.com"
37.187.56.76 - - [01/Feb/2016:06:12:21 -0800] "GET /disclaimer.php HTTP/1.1" 200 47481 "-" "Mozilla/5.0 (X11; Linux i686; rv:21.0) Gecko/20100101 Firefox/21.0" "www.saveaslave.com"
37.187.56.76 - - [01/Feb/2016:06:12:24 -0800] "GET /article.php?id=25 HTTP/1.1" 200 56126 "-" "Mozilla/5.0 (X11; Linux i686; rv:21.0) Gecko/20100101 Firefox/21.0" "www.saveaslave.com"
37.187.56.76 - - [01/Feb/2016:06:12:26 -0800] "GET /article.php?id=26 HTTP/1.1" 200 56129 "-" "Mozilla/5.0 (X11; Linux i686; rv:21.0) Gecko/20100101 Firefox/21.0" "www.saveaslave.com"
37.187.56.76 - - [01/Feb/2016:06:12:31 -0800] "GET /article.php?id=6 HTTP/1.1" 200 60206 "-" "Mozilla/5.0 (X11; Linux i686; rv:21.0) Gecko/20100101 Firefox/21.0" "www.saveaslave.com"
37.187.56.76 - - [01/Feb/2016:06:12:34 -0800] "GET /article.php?id=5 HTTP/1.1" 200 59231 "-" "Mozilla/5.0 (X11; Linux i686; rv:21.0) Gecko/20100101 Firefox/21.0" "www.saveaslave.com"
37.187.56.76 - - [01/Feb/2016:06:12:36 -0800] "GET /article.php?id=4 HTTP/1.1" 200 63510 "-" "Mozilla/5.0 (X11; Linux i686; rv:21.0) Gecko/20100101 Firefox/21.0" "www.saveaslave.com"
37.187.56.76 - - [01/Feb/2016:06:12:39 -0800] "GET /article.php?id=3 HTTP/1.1" 200 63553 "-" "Mozilla/5.0 (X11; Linux i686; rv:21.0) Gecko/20100101 Firefox/21.0" "www.saveaslave.com"
37.187.56.76 - - [01/Feb/2016:06:12:41 -0800] "GET /article.php?id=2 HTTP/1.1" 200 61024 "-" "Mozilla/5.0 (X11; Linux i686; rv:21.0) Gecko/20100101 Firefox/21.0" "www.saveaslave.com"
37.187.56.76 - - [01/Feb/2016:06:12:44 -0800] "GET /article.php?id=1 HTTP/1.1" 200 57548 "-" "Mozilla/5.0 (X11; Linux i686; rv:21.0) Gecko/20100101 Firefox/21.0" "www.saveaslave.com"
37.187.56.76 - - [01/Feb/2016:06:12:47 -0800] "GET /www.freedomnetworkusa.org HTTP/1.1" 404 89 "-" "Mozilla/5.0 (X11; Linux i686; rv:21.0) Gecko/20100101 Firefox/21.0" "www.saveaslave.com"
37.187.56.76 - - [01/Feb/2016:06:12:47 -0800] "GET /www.americangateways.org HTTP/1.1" 404 89 "-" "Mozilla/5.0 (X11; Linux i686; rv:21.0) Gecko/20100101 Firefox/21.0" "www.saveaslave.com"
37.187.56.76 - - [01/Feb/2016:06:12:47 -0800] "GET /www.traffickingaz.org HTTP/1.1" 404 89 "-" "Mozilla/5.0 (X11; Linux i686; rv:21.0) Gecko/20100101 Firefox/21.0" "www.saveaslave.com"
37.187.56.76 - - [01/Feb/2016:06:12:47 -0800] "GET /www.ayuda.com HTTP/1.1" 404 89 "-" "Mozilla/5.0 (X11; Linux i686; rv:21.0) Gecko/20100101 Firefox/21.0" "www.saveaslave.com"
37.187.56.76 - - [01/Feb/2016:06:12:47 -0800] "GET /www.bpsos.org HTTP/1.1" 404 89 "-" "Mozilla/5.0 (X11; Linux i686; rv:21.0) Gecko/20100101 Firefox/21.0" "www.saveaslave.com"
37.187.56.76 - - [01/Feb/2016:06:12:47 -0800] "GET /www.btcc.ips-dc.org HTTP/1.1" 404 89 "-" "Mozilla/5.0 (X11; Linux i686; rv:21.0) Gecko/20100101 Firefox/21.0" "www.saveaslave.com"
37.187.56.76 - - [01/Feb/2016:06:12:47 -0800] "GET /www.cliniclegal.org HTTP/1.1" 404 89 "-" "Mozilla/5.0 (X11; Linux i686; rv:21.0) Gecko/20100101 Firefox/21.0" "www.saveaslave.com"
37.187.56.76 - - [01/Feb/2016:06:12:48 -0800] "GET /www.ciw-online.org HTTP/1.1" 404 89 "-" "Mozilla/5.0 (X11; Linux i686; rv:21.0) Gecko/20100101 Firefox/21.0" "www.saveaslave.com"
37.187.56.76 - - [01/Feb/2016:06:12:48 -0800] "GET /www.fairfund.org HTTP/1.1" 404 89 "-" "Mozilla/5.0 (X11; Linux i686; rv:21.0) Gecko/20100101 Firefox/21.0" "www.saveaslave.com"
37.187.56.76 - - [01/Feb/2016:06:12:48 -0800] "GET /www.hijcenter.org HTTP/1.1" 404 89 "-" "Mozilla/5.0 (X11; Linux i686; rv:21.0) Gecko/20100101 Firefox/21.0" "www.saveaslave.com"
37.187.56.76 - - [01/Feb/2016:06:12:48 -0800] "GET /www.citybarjusticecenter.org HTTP/1.1" 404 89 "-" "Mozilla/5.0 (X11; Linux i686; rv:21.0) Gecko/20100101 Firefox/21.0" "www.saveaslave.com"
37.187.56.76 - - [01/Feb/2016:06:12:48 -0800] "GET /www.iibuff.org HTTP/1.1" 404 89 "-" "Mozilla/5.0 (X11; Linux i686; rv:21.0) Gecko/20100101 Firefox/21.0" "www.saveaslave.com"
37.187.56.76 - - [01/Feb/2016:06:12:48 -0800] "GET /www.iofa.org HTTP/1.1" 404 89 "-" "Mozilla/5.0 (X11; Linux i686; rv:21.0) Gecko/20100101 Firefox/21.0" "www.saveaslave.com"
37.187.56.76 - - [01/Feb/2016:06:12:48 -0800] "GET /www.breakthechaincampaign.org HTTP/1.1" 404 89 "-" "Mozilla/5.0 (X11; Linux i686; rv:21.0) Gecko/20100101 Firefox/21.0" "www.saveaslave.com"
37.187.56.76 - - [01/Feb/2016:06:12:48 -0800] "GET /www.lafla.org HTTP/1.1" 404 89 "-" "Mozilla/5.0 (X11; Linux i686; rv:21.0) Gecko/20100101 Firefox/21.0" "www.saveaslave.com"
37.187.56.76 - - [01/Feb/2016:06:12:49 -0800] "GET /www.legalmomentum.org HTTP/1.1" 404 89 "-" "Mozilla/5.0 (X11; Linux i686; rv:21.0) Gecko/20100101 Firefox/21.0" "www.saveaslave.com"
37.187.56.76 - - [01/Feb/2016:06:12:49 -0800] "GET /www.fiacfla.org HTTP/1.1" 404 89 "-" "Mozilla/5.0 (X11; Linux i686; rv:21.0) Gecko/20100101 Firefox/21.0" "www.saveaslave.com"
37.187.56.76 - - [01/Feb/2016:06:12:49 -0800] "GET /www.mosaicservices.org HTTP/1.1" 404 89 "-" "Mozilla/5.0 (X11; Linux i686; rv:21.0) Gecko/20100101 Firefox/21.0" "www.saveaslave.com"
37.187.56.76 - - [01/Feb/2016:06:12:49 -0800] "GET /www.immigrantjustice.org HTTP/1.1" 404 89 "-" "Mozilla/5.0 (X11; Linux i686; rv:21.0) Gecko/20100101 Firefox/21.0" "www.saveaslave.com"
37.187.56.76 - - [01/Feb/2016:06:12:49 -0800] "GET /www.safehorizon.org HTTP/1.1" 404 89 "-" "Mozilla/5.0 (X11; Linux i686; rv:21.0) Gecko/20100101 Firefox/21.0" "www.saveaslave.com"
37.187.56.76 - - [01/Feb/2016:06:12:49 -0800] "GET /www.urbanjustice.org HTTP/1.1" 404 89 "-" "Mozilla/5.0 (X11; Linux i686; rv:21.0) Gecko/20100101 Firefox/21.0" "www.saveaslave.com"
37.187.56.76 - - [01/Feb/2016:06:12:49 -0800] "GET /www.sexworkersproject.org HTTP/1.1" 404 89 "-" "Mozilla/5.0 (X11; Linux i686; rv:21.0) Gecko/20100101 Firefox/21.0" "www.saveaslave.com"
37.187.56.76 - - [01/Feb/2016:06:12:49 -0800] "GET /www.tapestri.org HTTP/1.1" 404 89 "-" "Mozilla/5.0 (X11; Linux i686; rv:21.0) Gecko/20100101 Firefox/21.0" "www.saveaslave.com"
37.187.56.76 - - [01/Feb/2016:06:12:49 -0800] "GET /www.tahirih.org HTTP/1.1" 404 89 "-" "Mozilla/5.0 (X11; Linux i686; rv:21.0) Gecko/20100101 Firefox/21.0" "www.saveaslave.com"
37.187.56.76 - - [01/Feb/2016:06:12:50 -0800] "GET /www.door.org HTTP/1.1" 404 89 "-" "Mozilla/5.0 (X11; Linux i686; rv:21.0) Gecko/20100101 Firefox/21.0" "www.saveaslave.com"
37.187.56.76 - - [01/Feb/2016:06:12:50 -0800] "GET /www.1736fcc.org HTTP/1.1" 404 89 "-" "Mozilla/5.0 (X11; Linux i686; rv:21.0) Gecko/20100101 Firefox/21.0" "www.saveaslave.com"
37.187.56.76 - - [01/Feb/2016:06:12:50 -0800] "GET /www.css.co.la.ca.us HTTP/1.1" 404 89 "-" "Mozilla/5.0 (X11; Linux i686; rv:21.0) Gecko/20100101 Firefox/21.0" "www.saveaslave.com"
37.187.56.76 - - [01/Feb/2016:06:12:50 -0800] "GET /www.alexandriahouse.org HTTP/1.1" 404 89 "-" "Mozilla/5.0 (X11; Linux i686; rv:21.0) Gecko/20100101 Firefox/21.0" "www.saveaslave.com"
37.187.56.76 - - [01/Feb/2016:06:12:50 -0800] "GET /www.apctc.org HTTP/1.1" 404 89 "-" "Mozilla/5.0 (X11; Linux i686; rv:21.0) Gecko/20100101 Firefox/21.0" "www.saveaslave.com"
37.187.56.76 - - [01/Feb/2016:06:12:50 -0800] "GET /www.apalc.org HTTP/1.1" 404 89 "-" "Mozilla/5.0 (X11; Linux i686; rv:21.0) Gecko/20100101 Firefox/21.0" "www.saveaslave.com"
37.187.56.76 - - [01/Feb/2016:06:12:50 -0800] "GET /www.usdoj.gov HTTP/1.1" 404 89 "-" "Mozilla/5.0 (X11; Linux i686; rv:21.0) Gecko/20100101 Firefox/21.0" "www.saveaslave.com"
37.187.56.76 - - [01/Feb/2016:06:12:50 -0800] "GET /www.dss.ca.gov HTTP/1.1" 404 89 "-" "Mozilla/5.0 (X11; Linux i686; rv:21.0) Gecko/20100101 Firefox/21.0" "www.saveaslave.com"
37.187.56.76 - - [01/Feb/2016:06:12:51 -0800] "GET /www.calstatela.org HTTP/1.1" 404 89 "-" "Mozilla/5.0 (X11; Linux i686; rv:21.0) Gecko/20100101 Firefox/21.0" "www.saveaslave.com"
37.187.56.76 - - [01/Feb/2016:06:12:51 -0800] "GET /www.casadelafamilia.org HTTP/1.1" 404 89 "-" "Mozilla/5.0 (X11; Linux i686; rv:21.0) Gecko/20100101 Firefox/21.0" "www.saveaslave.com"
37.187.56.76 - - [01/Feb/2016:06:12:51 -0800] "GET /www.ccharities.org HTTP/1.1" 404 89 "-" "Mozilla/5.0 (X11; Linux i686; rv:21.0) Gecko/20100101 Firefox/21.0" "www.saveaslave.com"
37.187.56.76 - - [01/Feb/2016:06:12:51 -0800] "GET /www.cpaf.org HTTP/1.1" 404 89 "-" "Mozilla/5.0 (X11; Linux i686; rv:21.0) Gecko/20100101 Firefox/21.0" "www.saveaslave.com"
37.187.56.76 - - [01/Feb/2016:06:12:51 -0800] "GET /www.cscla.org HTTP/1.1" 404 89 "-" "Mozilla/5.0 (X11; Linux i686; rv:21.0) Gecko/20100101 Firefox/21.0" "www.saveaslave.com"
37.187.56.76 - - [01/Feb/2016:06:12:51 -0800] "GET /www.chirla.org HTTP/1.1" 404 89 "-" "Mozilla/5.0 (X11; Linux i686; rv:21.0) Gecko/20100101 Firefox/21.0" "www.saveaslave.com"
37.187.56.76 - - [01/Feb/2016:06:12:51 -0800] "GET /www.clinicaromero.com HTTP/1.1" 404 89 "-" "Mozilla/5.0 (X11; Linux i686; rv:21.0) Gecko/20100101 Firefox/21.0" "www.saveaslave.com"
37.187.56.76 - - [01/Feb/2016:06:12:51 -0800] "GET /www.cspinc.org HTTP/1.1" 404 89 "-" "Mozilla/5.0 (X11; Linux i686; rv:21.0) Gecko/20100101 Firefox/21.0" "www.saveaslave.com"
37.187.56.76 - - [01/Feb/2016:06:12:52 -0800] "GET /www.council.lacity.org HTTP/1.1" 404 89 "-" "Mozilla/5.0 (X11; Linux i686; rv:21.0) Gecko/20100101 Firefox/21.0" "www.saveaslave.com"
37.187.56.76 - - [01/Feb/2016:06:12:52 -0800] "GET /www.covenanthouse.org HTTP/1.1" 404 89 "-" "Mozilla/5.0 (X11; Linux i686; rv:21.0) Gecko/20100101 Firefox/21.0" "www.saveaslave.com"
37.187.56.76 - - [01/Feb/2016:06:12:52 -0800] "GET /www.fasgi.org HTTP/1.1" 404 89 "-" "Mozilla/5.0 (X11; Linux i686; rv:21.0) Gecko/20100101 Firefox/21.0" "www.saveaslave.com"
37.187.56.76 - - [01/Feb/2016:06:12:52 -0800] "GET /www.igc.org HTTP/1.1" 404 89 "-" "Mozilla/5.0 (X11; Linux i686; rv:21.0) Gecko/20100101 Firefox/21.0" "www.saveaslave.com"
37.187.56.76 - - [01/Feb/2016:06:12:52 -0800] "GET /www.gladinc.org HTTP/1.1" 404 89 "-" "Mozilla/5.0 (X11; Linux i686; rv:21.0) Gecko/20100101 Firefox/21.0" "www.saveaslave.com"
37.187.56.76 - - [01/Feb/2016:06:12:52 -0800] "GET /www.theirc.org HTTP/1.1" 404 89 "-" "Mozilla/5.0 (X11; Linux i686; rv:21.0) Gecko/20100101 Firefox/21.0" "www.saveaslave.com"
37.187.56.76 - - [01/Feb/2016:06:12:52 -0800] "GET /www.jvsla.org HTTP/1.1" 404 89 "-" "Mozilla/5.0 (X11; Linux i686; rv:21.0) Gecko/20100101 Firefox/21.0" "www.saveaslave.com"
37.187.56.76 - - [01/Feb/2016:06:12:53 -0800] "GET /www.liderescampesinas.org HTTP/1.1" 404 89 "-" "Mozilla/5.0 (X11; Linux i686; rv:21.0) Gecko/20100101 Firefox/21.0" "www.saveaslave.com"
37.187.56.76 - - [01/Feb/2016:06:12:53 -0800] "GET /www.ltsc.org HTTP/1.1" 404 89 "-" "Mozilla/5.0 (X11; Linux i686; rv:21.0) Gecko/20100101 Firefox/21.0" "www.saveaslave.com"
37.187.56.76 - - [01/Feb/2016:06:12:53 -0800] "GET /www.lacity.org HTTP/1.1" 404 89 "-" "Mozilla/5.0 (X11; Linux i686; rv:21.0) Gecko/20100101 Firefox/21.0" "www.saveaslave.com"
37.187.56.76 - - [01/Feb/2016:06:12:53 -0800] "GET /www.layn.org HTTP/1.1" 404 89 "-" "Mozilla/5.0 (X11; Linux i686; rv:21.0) Gecko/20100101 Firefox/21.0" "www.saveaslave.com"
37.187.56.76 - - [01/Feb/2016:06:12:53 -0800] "GET /www.longbeach.gov HTTP/1.1" 404 89 "-" "Mozilla/5.0 (X11; Linux i686; rv:21.0) Gecko/20100101 Firefox/21.0" "www.saveaslave.com"
37.187.56.76 - - [01/Feb/2016:06:12:53 -0800] "GET /www.mmp.org HTTP/1.1" 404 89 "-" "Mozilla/5.0 (X11; Linux i686; rv:21.0) Gecko/20100101 Firefox/21.0" "www.saveaslave.com"
37.187.56.76 - - [01/Feb/2016:06:12:53 -0800] "GET /www.ncjla.org HTTP/1.1" 404 89 "-" "Mozilla/5.0 (X11; Linux i686; rv:21.0) Gecko/20100101 Firefox/21.0" "www.saveaslave.com"
37.187.56.76 - - [01/Feb/2016:06:12:53 -0800] "GET /www.oasisusa.org HTTP/1.1" 404 89 "-" "Mozilla/5.0 (X11; Linux i686; rv:21.0) Gecko/20100101 Firefox/21.0" "www.saveaslave.com"
37.187.56.76 - - [01/Feb/2016:06:12:54 -0800] "GET /www.opcc.net HTTP/1.1" 404 89 "-" "Mozilla/5.0 (X11; Linux i686; rv:21.0) Gecko/20100101 Firefox/21.0" "www.saveaslave.com"
37.187.56.76 - - [01/Feb/2016:06:12:54 -0800] "GET /www.palsforhealth.org HTTP/1.1" 404 89 "-" "Mozilla/5.0 (X11; Linux i686; rv:21.0) Gecko/20100101 Firefox/21.0" "www.saveaslave.com"
37.187.56.76 - - [01/Feb/2016:06:12:54 -0800] "GET /www.peaceoverviolence.org HTTP/1.1" 404 89 "-" "Mozilla/5.0 (X11; Linux i686; rv:21.0) Gecko/20100101 Firefox/21.0" "www.saveaslave.com"
37.187.56.76 - - [01/Feb/2016:06:12:54 -0800] "GET /www.ptvla.org HTTP/1.1" 404 89 "-" "Mozilla/5.0 (X11; Linux i686; rv:21.0) Gecko/20100101 Firefox/21.0" "www.saveaslave.com"
37.187.56.76 - - [01/Feb/2016:06:12:54 -0800] "GET /www.publiccounsel.org HTTP/1.1" 404 89 "-" "Mozilla/5.0 (X11; Linux i686; rv:21.0) Gecko/20100101 Firefox/21.0" "www.saveaslave.com"
37.187.56.76 - - [01/Feb/2016:06:12:54 -0800] "GET /www.rshm.org HTTP/1.1" 404 89 "-" "Mozilla/5.0 (X11; Linux i686; rv:21.0) Gecko/20100101 Firefox/21.0" "www.saveaslave.com"
37.187.56.76 - - [01/Feb/2016:06:12:54 -0800] "GET /www.thesabanfreeclinic.org HTTP/1.1" 404 89 "-" "Mozilla/5.0 (X11; Linux i686; rv:21.0) Gecko/20100101 Firefox/21.0" "www.saveaslave.com"
37.187.56.76 - - [01/Feb/2016:06:12:55 -0800] "GET /www.southasiannetwork.org HTTP/1.1" 404 89 "-" "Mozilla/5.0 (X11; Linux i686; rv:21.0) Gecko/20100101 Firefox/21.0" "www.saveaslave.com"
37.187.56.76 - - [01/Feb/2016:06:12:55 -0800] "GET /www.thaicdc.org HTTP/1.1" 404 89 "-" "Mozilla/5.0 (X11; Linux i686; rv:21.0) Gecko/20100101 Firefox/21.0" "www.saveaslave.com"
37.187.56.76 - - [01/Feb/2016:06:12:55 -0800] "GET /www.dhs.gov HTTP/1.1" 404 89 "-" "Mozilla/5.0 (X11; Linux i686; rv:21.0) Gecko/20100101 Firefox/21.0" "www.saveaslave.com"
37.187.56.76 - - [01/Feb/2016:06:12:55 -0800] "GET /www.ucclb.org HTTP/1.1" 404 89 "-" "Mozilla/5.0 (X11; Linux i686; rv:21.0) Gecko/20100101 Firefox/21.0" "www.saveaslave.com"
37.187.56.76 - - [01/Feb/2016:06:12:55 -0800] "GET /www.kiwa.org HTTP/1.1" 404 89 "-" "Mozilla/5.0 (X11; Linux i686; rv:21.0) Gecko/20100101 Firefox/21.0" "www.saveaslave.com"
37.187.56.76 - - [01/Feb/2016:06:12:55 -0800] "GET /www.pwcsc.org HTTP/1.1" 404 89 "-" "Mozilla/5.0 (X11; Linux i686; rv:21.0) Gecko/20100101 Firefox/21.0" "www.saveaslave.com"
37.187.56.76 - - [01/Feb/2016:06:12:55 -0800] "GET /www.carecen-la.org HTTP/1.1" 404 89 "-" "Mozilla/5.0 (X11; Linux i686; rv:21.0) Gecko/20100101 Firefox/21.0" "www.saveaslave.com"
37.187.56.76 - - [01/Feb/2016:06:12:56 -0800] "GET /www.crla.org HTTP/1.1" 404 89 "-" "Mozilla/5.0 (X11; Linux i686; rv:21.0) Gecko/20100101 Firefox/21.0" "www.saveaslave.com"
37.187.56.76 - - [01/Feb/2016:06:12:56 -0800] "GET /www.nhmc.org HTTP/1.1" 404 89 "-" "Mozilla/5.0 (X11; Linux i686; rv:21.0) Gecko/20100101 Firefox/21.0" "www.saveaslave.com"
37.187.56.76 - - [01/Feb/2016:06:12:56 -0800] "GET /www.boe.ca.gov HTTP/1.1" 404 89 "-" "Mozilla/5.0 (X11; Linux i686; rv:21.0) Gecko/20100101 Firefox/21.0" "www.saveaslave.com"
37.187.56.76 - - [01/Feb/2016:06:12:56 -0800] "GET /www.nightlightinternational.org HTTP/1.1" 404 89 "-" "Mozilla/5.0 (X11; Linux i686; rv:21.0) Gecko/20100101 Firefox/21.0" "www.saveaslave.com"
37.187.56.76 - - [01/Feb/2016:06:12:56 -0800] "GET /www.covdov.org HTTP/1.1" 404 89 "-" "Mozilla/5.0 (X11; Linux i686; rv:21.0) Gecko/20100101 Firefox/21.0" "www.saveaslave.com"
37.187.56.76 - - [01/Feb/2016:06:12:56 -0800] "GET /www.museumoftolerance.com HTTP/1.1" 404 89 "-" "Mozilla/5.0 (X11; Linux i686; rv:21.0) Gecko/20100101 Firefox/21.0" "www.saveaslave.com"
37.187.56.76 - - [01/Feb/2016:06:12:56 -0800] "GET /www.casa-alianzamexico.org HTTP/1.1" 404 89 "-" "Mozilla/5.0 (X11; Linux i686; rv:21.0) Gecko/20100101 Firefox/21.0" "www.saveaslave.com"
37.187.56.76 - - [01/Feb/2016:06:12:57 -0800] "GET /www.migrante.com.mx HTTP/1.1" 404 89 "-" "Mozilla/5.0 (X11; Linux i686; rv:21.0) Gecko/20100101 Firefox/21.0" "www.saveaslave.com"
157.55.39.123 - - [01/Feb/2016:06:15:32 -0800] "GET /algeria.html HTTP/1.1" 404 89 "-" "Mozilla/5.0 (compatible; bingbot/2.0; +http://www.bing.com/bingbot.htm)" "saveaslave.com"
66.249.69.97 - - [01/Feb/2016:06:26:55 -0800] "GET /ecuador HTTP/1.1" 404 89 "-" "Mozilla/5.0 (iPhone; CPU iPhone OS 8_3 like Mac OS X) AppleWebKit/600.1.4 (KHTML, like Gecko) Version/8.0 Mobile/12F70 Safari/600.1.4 (compatible; Googlebot/2.1; +http://www.google.com/bot.html)" "www.saveaslave.com"
208.115.113.86 - - [01/Feb/2016:06:27:42 -0800] "GET /venezuela HTTP/1.1" 404 89 "-" "Mozilla/5.0 (compatible; DotBot/1.1; http://www.opensiteexplorer.org/dotbot, help@moz.com)" "saveaslave.com"
208.115.113.86 - - [01/Feb/2016:06:27:42 -0800] "GET /haiti HTTP/1.1" 404 89 "-" "Mozilla/5.0 (compatible; DotBot/1.1; http://www.opensiteexplorer.org/dotbot, help@moz.com)" "www.saveaslave.com"
157.55.39.174 - - [01/Feb/2016:06:31:27 -0800] "GET /germany HTTP/1.1" 404 89 "-" "msnbot-media/1.1 (+http://search.msn.com/msnbot.htm)" "www.saveaslave.com"
157.55.39.21 - - [01/Feb/2016:06:37:33 -0800] "GET /coalition-members-cast.php HTTP/1.1" 200 47141 "-" "Mozilla/5.0 (compatible; bingbot/2.0; +http://www.bing.com/bingbot.htm)" "saveaslave.com"
157.55.39.21 - - [01/Feb/2016:06:37:34 -0800] "GET /index.php HTTP/1.1" 200 83094 "-" "Mozilla/5.0 (compatible; bingbot/2.0; +http://www.bing.com/bingbot.htm)" "saveaslave.com"
157.55.39.123 - - [01/Feb/2016:06:38:34 -0800] "GET / HTTP/1.1" 200 83094 "-" "Mozilla/5.0 (compatible; bingbot/2.0; +http://www.bing.com/bingbot.htm)" "saveaslave.com"
157.55.39.123 - - [01/Feb/2016:06:38:35 -0800] "GET /in-russian HTTP/1.1" 200 104981 "-" "Mozilla/5.0 (compatible; bingbot/2.0; +http://www.bing.com/bingbot.htm)" "saveaslave.com"
157.55.39.123 - - [01/Feb/2016:06:38:36 -0800] "GET /?tpl=about&Itemid=2 HTTP/1.1" 200 83094 "-" "Mozilla/5.0 (compatible; bingbot/2.0; +http://www.bing.com/bingbot.htm)" "saveaslave.com"
208.115.113.86 - - [01/Feb/2016:06:38:57 -0800] "GET /robots.txt HTTP/1.1" 200 48 "-" "Mozilla/5.0 (compatible; DotBot/1.1; http://www.opensiteexplorer.org/dotbot, help@moz.com)" "www.saveaslave.com"
157.55.39.174 - - [01/Feb/2016:06:39:15 -0800] "GET /robots.txt HTTP/1.1" 200 48 "-" "Mozilla/5.0 (compatible; bingbot/2.0; +http://www.bing.com/bingbot.htm)" "saveaslave.com"
208.115.113.94 - - [01/Feb/2016:06:41:08 -0800] "GET /iceland HTTP/1.1" 404 89 "-" "Mozilla/5.0 (compatible; DotBot/1.1; http://www.opensiteexplorer.org/dotbot, help@moz.com)" "www.saveaslave.com"
208.115.113.94 - - [01/Feb/2016:06:41:08 -0800] "GET /tunisia HTTP/1.1" 404 89 "-" "Mozilla/5.0 (compatible; DotBot/1.1; http://www.opensiteexplorer.org/dotbot, help@moz.com)" "www.saveaslave.com"
208.115.113.94 - - [01/Feb/2016:06:41:08 -0800] "GET /martinique HTTP/1.1" 404 89 "-" "Mozilla/5.0 (compatible; DotBot/1.1; http://www.opensiteexplorer.org/dotbot, help@moz.com)" "saveaslave.com"
208.115.113.94 - - [01/Feb/2016:06:41:09 -0800] "GET /southafrica HTTP/1.1" 404 89 "-" "Mozilla/5.0 (compatible; DotBot/1.1; http://www.opensiteexplorer.org/dotbot, help@moz.com)" "saveaslave.com"
66.249.69.97 - - [01/Feb/2016:06:42:39 -0800] "GET /sweden HTTP/1.1" 404 89 "-" "Mozilla/5.0 (iPhone; CPU iPhone OS 8_3 like Mac OS X) AppleWebKit/600.1.4 (KHTML, like Gecko) Version/8.0 Mobile/12F70 Safari/600.1.4 (compatible; Googlebot/2.1; +http://www.google.com/bot.html)" "www.saveaslave.com"
40.77.167.14 - - [01/Feb/2016:06:46:46 -0800] "GET /in-russian.php HTTP/1.1" 200 104981 "-" "Mozilla/5.0 (compatible; bingbot/2.0; +http://www.bing.com/bingbot.htm)" "saveaslave.com"
108.161.241.21 - - [01/Feb/2016:06:47:35 -0800] "GET /favicon.ico HTTP/1.1" 404 89 "-" "-" "saveaslave.com"
199.16.156.126 - - [01/Feb/2016:06:51:43 -0800] "GET /robots.txt HTTP/1.1" 200 48 "-" "Twitterbot/1.0" "www.saveaslave.com"
157.55.39.21 - - [01/Feb/2016:06:57:10 -0800] "GET /news7.php HTTP/1.1" 200 73 "-" "Mozilla/5.0 (compatible; bingbot/2.0; +http://www.bing.com/bingbot.htm)" "saveaslave.com"
157.55.39.174 - - [01/Feb/2016:07:39:03 -0800] "GET /whoweare.html HTTP/1.1" 404 89 "-" "Mozilla/5.0 (compatible; bingbot/2.0; +http://www.bing.com/bingbot.htm)" "saveaslave.com"
66.249.69.73 - - [01/Feb/2016:07:50:26 -0800] "GET /lithuania HTTP/1.1" 404 89 "-" "Mozilla/5.0 (iPhone; CPU iPhone OS 8_3 like Mac OS X) AppleWebKit/600.1.4 (KHTML, like Gecko) Version/8.0 Mobile/12F70 Safari/600.1.4 (compatible; Googlebot/2.1; +http://www.google.com/bot.html)" "www.saveaslave.com"
208.115.113.94 - - [01/Feb/2016:07:55:38 -0800] "GET /robots.txt HTTP/1.1" 200 48 "-" "Mozilla/5.0 (compatible; DotBot/1.1; http://www.opensiteexplorer.org/dotbot, help@moz.com)" "saveaslave.com"
208.115.113.86 - - [01/Feb/2016:07:57:27 -0800] "GET /article.php?id=21 HTTP/1.1" 200 62010 "-" "Mozilla/5.0 (compatible; DotBot/1.1; http://www.opensiteexplorer.org/dotbot, help@moz.com)" "www.saveaslave.com"
66.249.69.89 - - [01/Feb/2016:08:31:13 -0800] "GET /news5.php HTTP/1.1" 200 73 "-" "Mozilla/5.0 (compatible; Googlebot/2.1; +http://www.google.com/bot.html)" "www.saveaslave.com"
208.115.113.86 - - [01/Feb/2016:08:40:21 -0800] "GET /robots.txt HTTP/1.1" 200 48 "-" "Mozilla/5.0 (compatible; DotBot/1.1; http://www.opensiteexplorer.org/dotbot, help@moz.com)" "www.saveaslave.com"
220.181.108.89 - - [01/Feb/2016:08:53:37 -0800] "GET /article.php?id=21 HTTP/1.1" 200 62010 "-" "Mozilla/5.0 (compatible; Baiduspider/2.0; +http://www.baidu.com/search/spider.html)" "www.saveaslave.com"
157.55.39.205 - - [01/Feb/2016:09:09:19 -0800] "GET /netherlands.html HTTP/1.1" 404 89 "-" "msnbot-media/1.1 (+http://search.msn.com/msnbot.htm)" "www.saveaslave.com"
65.36.241.48 - - [01/Feb/2016:09:16:31 -0800] "HEAD / HTTP/1.1" 200 0 "-" "InternetSeer.com" "www.saveaslave.com"
208.115.113.94 - - [01/Feb/2016:09:18:55 -0800] "GET /contact-usr.php HTTP/1.1" 200 36974 "-" "Mozilla/5.0 (compatible; DotBot/1.1; http://www.opensiteexplorer.org/dotbot, help@moz.com)" "saveaslave.com"
54.243.48.119 - - [01/Feb/2016:09:27:12 -0800] "GET /Blogs.html HTTP/1.1" 404 89 "-" "Mozilla/5.0 (Windows; U; Windows NT 5.1; en-US; rv:1.9.2.8) Gecko/20100722 Firefox/3.6.8" "saveaslave.com"
208.115.113.86 - - [01/Feb/2016:09:50:36 -0800] "GET /macau.html HTTP/1.1" 404 89 "-" "Mozilla/5.0 (compatible; DotBot/1.1; http://www.opensiteexplorer.org/dotbot, help@moz.com)" "saveaslave.com"
88.249.126.108 - - [01/Feb/2016:09:55:07 -0800] "GET /images/countrymap/solomon-islands.gif HTTP/1.1" 404 89 "https://www.google.com/" "Mozilla/5.0 (Linux; Android 5.1.1; SM-E500H Build/LMY47X; wv) AppleWebKit/537.36 (KHTML, like Gecko) Version/4.0 Chrome/47.0.2526.100 Mobile Safari/537.36 GSA/5.7.14.19.arm" "www.saveaslave.com"
66.249.69.74 - - [01/Feb/2016:09:57:17 -0800] "GET /images/social1.png HTTP/1.1" 200 2012 "-" "Googlebot-Image/1.0" "www.saveaslave.com"
208.115.113.86 - - [01/Feb/2016:10:01:43 -0800] "GET /marshall-islands.html HTTP/1.1" 404 89 "-" "Mozilla/5.0 (compatible; DotBot/1.1; http://www.opensiteexplorer.org/dotbot, help@moz.com)" "www.saveaslave.com"
94.227.4.71 - - [01/Feb/2016:10:06:01 -0800] "GET /apple-touch-icon.png HTTP/1.1" 404 89 "-" "Safari/11601.3.9 CFNetwork/760.2.6 Darwin/15.2.0 (x86_64)" "www.saveaslave.com"
94.227.4.71 - - [01/Feb/2016:10:06:02 -0800] "GET /samoa.html HTTP/1.1" 404 89 "-" "Mozilla/5.0 (iPhone; CPU iPhone OS 9_1 like Mac OS X) AppleWebKit/601.1.46 (KHTML, like Gecko) Version/9.0 Mobile/13B143 Safari/601.1" "www.saveaslave.com"
94.227.4.71 - - [01/Feb/2016:10:06:02 -0800] "GET /apple-touch-icon-precomposed.png HTTP/1.1" 404 89 "-" "Safari/11601.3.9 CFNetwork/760.2.6 Darwin/15.2.0 (x86_64)" "www.saveaslave.com"
94.227.4.71 - - [01/Feb/2016:10:06:02 -0800] "GET /apple-touch-icon.png HTTP/1.1" 404 89 "-" "Safari/11601.3.9 CFNetwork/760.2.6 Darwin/15.2.0 (x86_64)" "www.saveaslave.com"
80.255.192.237 - - [01/Feb/2016:10:09:01 -0800] "GET /xmlrpc.php HTTP/1.1" 200 73 "-" "Mozilla/5.0 (Macintosh; U; Intel Mac OS X 10.6; fr; rv:1.9.2.8) Gecko/20100722 Firefox/3.6.8" "saveaslave.com"
46.118.116.135 - - [01/Feb/2016:10:13:13 -0800] "GET / HTTP/1.1" 200 83022 "http://shtaketniki.ru/" "Mozilla/1.22 (compatible; MSIE 2.0d; Windows NT)" "www.saveaslave.com"
46.118.116.135 - - [01/Feb/2016:10:13:13 -0800] "GET / HTTP/1.1" 200 83022 "http://shtaketniki.ru/" "Mozilla/1.22 (compatible; MSIE 2.0d; Windows NT)" "www.saveaslave.com"
61.135.190.223 - - [01/Feb/2016:10:35:27 -0800] "GET / HTTP/1.1" 200 83022 "http://m.baidu.com/s?wd=PageTitle" "Mozilla/5.0 (iPhone; CPU iPhone OS 5_0 like Mac OS X) AppleWebKit/534.46 (KHTML, like Gecko) Version/5.1 Mobile/9A334 Safari/7534.48.3" "www.saveaslave.com"
61.135.190.103 - - [01/Feb/2016:10:38:33 -0800] "GET / HTTP/1.1" 200 83022 "http://www.baidu.com/s?wd=PageTitle" "Mozilla/5.0 (Windows NT 6.1; WOW64) AppleWebKit/537.36 (KHTML, like Gecko) Chrome/36.0.1985.143 Safari/537.36" "www.saveaslave.com"
61.135.190.222 - - [01/Feb/2016:10:38:34 -0800] "GET /assets/js/ie-emulation-modes-warning.js HTTP/1.1" 200 2130 "http://www.saveaslave.com/" "Mozilla/5.0 (Windows NT 6.1; WOW64) AppleWebKit/537.36 (KHTML, like Gecko) Chrome/36.0.1985.143 Safari/537.36" "www.saveaslave.com"
61.135.190.222 - - [01/Feb/2016:10:38:35 -0800] "GET /gfeedfetcher.js HTTP/1.1" 200 9018 "http://www.saveaslave.com/" "Mozilla/5.0 (Windows NT 6.1; WOW64) AppleWebKit/537.36 (KHTML, like Gecko) Chrome/36.0.1985.143 Safari/537.36" "www.saveaslave.com"
61.135.190.103 - - [01/Feb/2016:10:38:35 -0800] "GET /gajaxscroller.js HTTP/1.1" 200 9774 "http://www.saveaslave.com/" "Mozilla/5.0 (Windows NT 6.1; WOW64) AppleWebKit/537.36 (KHTML, like Gecko) Chrome/36.0.1985.143 Safari/537.36" "www.saveaslave.com"
61.135.190.103 - - [01/Feb/2016:10:38:42 -0800] "GET /js/bootstrap.min.js HTTP/1.1" 200 37055 "http://www.saveaslave.com/" "Mozilla/5.0 (Windows NT 6.1; WOW64) AppleWebKit/537.36 (KHTML, like Gecko) Chrome/36.0.1985.143 Safari/537.36" "www.saveaslave.com"
61.135.190.103 - - [01/Feb/2016:10:38:42 -0800] "GET /assets/js/ie10-viewport-bug-workaround.js HTTP/1.1" 200 641 "http://www.saveaslave.com/" "Mozilla/5.0 (Windows NT 6.1; WOW64) AppleWebKit/537.36 (KHTML, like Gecko) Chrome/36.0.1985.143 Safari/537.36" "www.saveaslave.com"
54.243.48.119 - - [01/Feb/2016:10:42:58 -0800] "GET /Non_Goverment_organizations.html HTTP/1.1" 404 89 "-" "Mozilla/5.0 (Windows; U; Windows NT 5.1; en-US; rv:1.9.2.8) Gecko/20100722 Firefox/3.6.8" "saveaslave.com"
208.115.113.94 - - [01/Feb/2016:10:45:33 -0800] "GET /hongkong.html HTTP/1.1" 404 89 "-" "Mozilla/5.0 (compatible; DotBot/1.1; http://www.opensiteexplorer.org/dotbot, help@moz.com)" "saveaslave.com"
61.135.189.101 - - [01/Feb/2016:10:59:55 -0800] "GET /robots.txt HTTP/1.1" 200 48 "-" "Sogou web spider/4.0(+http://www.sogou.com/docs/help/webmasters.htm#07)" "saveaslave.com"
208.115.113.94 - - [01/Feb/2016:11:01:55 -0800] "GET /robots.txt HTTP/1.1" 200 48 "-" "Mozilla/5.0 (compatible; DotBot/1.1; http://www.opensiteexplorer.org/dotbot, help@moz.com)" "saveaslave.com"
66.249.75.251 - - [01/Feb/2016:11:49:17 -0800] "GET /images/countrymap/kazakhstan.gif HTTP/1.1" 404 89 "-" "Googlebot-Image/1.0" "saveaslave.com"
180.76.15.142 - - [01/Feb/2016:11:53:43 -0800] "GET /news6.php HTTP/1.1" 200 73 "-" "Mozilla/5.0 (compatible; Baiduspider/2.0; +http://www.baidu.com/search/spider.html)" "www.saveaslave.com"
54.243.48.119 - - [01/Feb/2016:11:58:45 -0800] "GET /Marriage.html HTTP/1.1" 404 89 "-" "Mozilla/5.0 (Windows; U; Windows NT 5.1; en-US; rv:1.9.2.8) Gecko/20100722 Firefox/3.6.8" "saveaslave.com"
157.55.39.21 - - [01/Feb/2016:12:02:40 -0800] "GET /sint-maarten.html HTTP/1.1" 404 89 "-" "msnbot-media/1.1 (+http://search.msn.com/msnbot.htm)" "www.saveaslave.com"
208.115.113.86 - - [01/Feb/2016:12:46:54 -0800] "GET /robots.txt HTTP/1.1" 200 48 "-" "Mozilla/5.0 (compatible; DotBot/1.1; http://www.opensiteexplorer.org/dotbot, help@moz.com)" "www.saveaslave.com"
208.115.113.86 - - [01/Feb/2016:12:46:54 -0800] "GET /robots.txt HTTP/1.1" 200 48 "-" "Mozilla/5.0 (compatible; DotBot/1.1; http://www.opensiteexplorer.org/dotbot, help@moz.com)" "saveaslave.com"
157.55.39.174 - - [01/Feb/2016:13:03:10 -0800] "GET /robots.txt HTTP/1.1" 200 48 "-" "Mozilla/5.0 (compatible; bingbot/2.0; +http://www.bing.com/bingbot.htm)" "saveaslave.com"
66.249.69.74 - - [01/Feb/2016:13:13:19 -0800] "GET /resources.html HTTP/1.1" 404 89 "-" "Mozilla/5.0 (compatible; Googlebot/2.1; +http://www.google.com/bot.html)" "www.saveaslave.com"
180.76.15.140 - - [01/Feb/2016:13:24:24 -0800] "GET /addlink.php?page=fiji.html HTTP/1.1" 200 12515 "-" "Mozilla/5.0 (compatible; Baiduspider/2.0; +http://www.baidu.com/search/spider.html)" "www.saveaslave.com"
191.232.136.170 - - [01/Feb/2016:13:33:02 -0800] "GET /our-news.php HTTP/1.1" 200 72557 "-" "Mozilla/5.0 (compatible; bingbot/2.0; +http://www.bing.com/bingbot.htm)" "saveaslave.com"
157.55.39.205 - - [01/Feb/2016:13:45:35 -0800] "GET /articles/slavetrafficking.html HTTP/1.1" 404 89 "-" "Mozilla/5.0 (iPhone; CPU iPhone OS 7_0 like Mac OS X) AppleWebKit/537.51.1 (KHTML, like Gecko) Version/7.0 Mobile/11A465 Safari/9537.53 (compatible; bingbot/2.0;  http://www.bing.com/bingbot.htm)" "www.saveaslave.com"
208.115.113.94 - - [01/Feb/2016:13:57:12 -0800] "GET /robots.txt HTTP/1.1" 200 48 "-" "Mozilla/5.0 (compatible; DotBot/1.1; http://www.opensiteexplorer.org/dotbot, help@moz.com)" "www.saveaslave.com"
40.77.167.103 - - [01/Feb/2016:14:01:11 -0800] "GET /eritrea.html HTTP/1.1" 404 89 "-" "Mozilla/5.0 (compatible; bingbot/2.0; +http://www.bing.com/bingbot.htm)" "saveaslave.com"
104.228.22.98 - - [01/Feb/2016:14:06:59 -0800] "GET /images/supporters/logo_endslaverynow.png HTTP/1.1" 200 27566 "https://www.google.com" "Mozilla/5.0 (Windows NT 6.1; WOW64; rv:44.0) Gecko/20100101 Firefox/44.0" "www.saveaslave.com"
54.243.48.119 - - [01/Feb/2016:14:30:21 -0800] "GET /in-russian.php?lang=ru HTTP/1.1" 200 106005 "-" "Mozilla/5.0 (Windows; U; Windows NT 5.1; en-US; rv:1.9.2.8) Gecko/20100722 Firefox/3.6.8" "saveaslave.com"
100.43.85.21 - - [01/Feb/2016:14:30:45 -0800] "GET /ico/apple-icon-72x72.png HTTP/1.1" 200 3219 "-" "Mozilla/5.0 (compatible; YandexBot/3.0; +http://yandex.com/bots)" "www.saveaslave.com"
130.191.82.188 - - [01/Feb/2016:14:35:29 -0800] "GET /images/countrymap/solomon-islands.gif HTTP/1.1" 404 89 "https://www.google.com/" "Mozilla/5.0 (Macintosh; Intel Mac OS X 10_9_5) AppleWebKit/601.4.4 (KHTML, like Gecko) Version/9.0.3 Safari/537.86.4" "www.saveaslave.com"
208.115.113.86 - - [01/Feb/2016:14:37:47 -0800] "GET /ecuador HTTP/1.1" 404 89 "-" "Mozilla/5.0 (compatible; DotBot/1.1; http://www.opensiteexplorer.org/dotbot, help@moz.com)" "www.saveaslave.com"
208.115.113.86 - - [01/Feb/2016:14:37:47 -0800] "GET /svalbard HTTP/1.1" 404 89 "-" "Mozilla/5.0 (compatible; DotBot/1.1; http://www.opensiteexplorer.org/dotbot, help@moz.com)" "saveaslave.com"
208.115.113.86 - - [01/Feb/2016:14:37:47 -0800] "GET /mexico HTTP/1.1" 404 89 "-" "Mozilla/5.0 (compatible; DotBot/1.1; http://www.opensiteexplorer.org/dotbot, help@moz.com)" "saveaslave.com"
66.249.88.2 - - [01/Feb/2016:15:15:18 -0800] "GET /favicon.ico HTTP/1.1" 404 89 "-" "Mozilla/5.0 (Windows NT 6.1; rv:6.0) Gecko/20110814 Firefox/6.0 Google Favicon" "www.saveaslave.com"
195.154.204.88 - - [01/Feb/2016:15:19:49 -0800] "GET /site/?p=56 HTTP/1.1" 404 89 "http://saveaslave.com/" "Mozilla/5.0 (Windows NT 6.1) AppleWebKit/537.36 (KHTML, like Gecko) Dragon/36.1.1.21 Chrome/36.0.1985.97 Safari/537.36" "saveaslave.com"
195.154.204.88 - - [01/Feb/2016:15:19:50 -0800] "GET / HTTP/1.1" 200 83094 "http://saveaslave.com" "Mozilla/5.0 (Windows NT 6.1) AppleWebKit/537.36 (KHTML, like Gecko) Dragon/36.1.1.21 Chrome/36.0.1985.97 Safari/537.36" "saveaslave.com"
195.154.204.88 - - [01/Feb/2016:15:19:51 -0800] "GET /our-supporters.php HTTP/1.1" 200 54987 "http://saveaslave.com" "Mozilla/5.0 (Windows NT 6.1) AppleWebKit/537.36 (KHTML, like Gecko) Dragon/36.1.1.21 Chrome/36.0.1985.97 Safari/537.36" "saveaslave.com"
27.111.71.78 - - [01/Feb/2016:15:22:43 -0800] "GET /images/countrymap/solomon-islands.gif HTTP/1.1" 404 89 "https://www.google.com.au/" "Mozilla/5.0 (Windows NT 6.1; WOW64) AppleWebKit/537.36 (KHTML, like Gecko) Chrome/27.0.1453.94 Safari/537.36" "www.saveaslave.com"
201.190.7.50 - - [01/Feb/2016:15:32:21 -0800] "GET /images/cover1.jpg HTTP/1.1" 200 253658 "https://www.google.hn/" "Mozilla/5.0 (Windows NT 6.0) AppleWebKit/537.36 (KHTML, like Gecko) Chrome/48.0.2564.97 Safari/537.36" "www.saveaslave.com"
201.190.7.50 - - [01/Feb/2016:15:32:37 -0800] "GET /images/top.jpg HTTP/1.1" 200 50519 "https://www.google.hn/" "Mozilla/5.0 (Windows NT 6.0) AppleWebKit/537.36 (KHTML, like Gecko) Chrome/48.0.2564.97 Safari/537.36" "www.saveaslave.com"
208.115.113.94 - - [01/Feb/2016:15:45:39 -0800] "GET /cambodia.html HTTP/1.1" 404 89 "-" "Mozilla/5.0 (compatible; DotBot/1.1; http://www.opensiteexplorer.org/dotbot, help@moz.com)" "saveaslave.com"
54.243.48.119 - - [01/Feb/2016:15:52:08 -0800] "GET /Adoption.html HTTP/1.1" 404 89 "-" "Mozilla/5.0 (Windows; U; Windows NT 5.1; en-US; rv:1.9.2.8) Gecko/20100722 Firefox/3.6.8" "saveaslave.com"
66.249.69.97 - - [01/Feb/2016:15:52:39 -0800] "GET /indicator.gif HTTP/1.1" 200 878 "-" "Googlebot-Image/1.0" "www.saveaslave.com"
54.243.48.119 - - [01/Feb/2016:15:53:12 -0800] "GET /Maps.html HTTP/1.1" 404 89 "-" "Mozilla/5.0 (Windows; U; Windows NT 5.1; en-US; rv:1.9.2.8) Gecko/20100722 Firefox/3.6.8" "saveaslave.com"
54.243.48.119 - - [01/Feb/2016:15:54:23 -0800] "GET /Coulture.html HTTP/1.1" 404 89 "-" "Mozilla/5.0 (Windows; U; Windows NT 5.1; en-US; rv:1.9.2.8) Gecko/20100722 Firefox/3.6.8" "saveaslave.com"
66.249.69.65 - - [01/Feb/2016:15:54:52 -0800] "GET /ico/android-icon-192x192.png HTTP/1.1" 200 10097 "-" "Googlebot-Image/1.0" "www.saveaslave.com"
40.77.167.103 - - [01/Feb/2016:15:56:45 -0800] "GET /vanuatu.html HTTP/1.1" 404 89 "-" "msnbot-media/1.1 (+http://search.msn.com/msnbot.htm)" "www.saveaslave.com"
66.249.69.81 - - [01/Feb/2016:15:58:14 -0800] "GET /images/social2.png HTTP/1.1" 200 1752 "-" "Googlebot-Image/1.0" "www.saveaslave.com"
66.249.69.73 - - [01/Feb/2016:15:58:18 -0800] "GET /photos/top.jpg HTTP/1.1" 404 89 "-" "Googlebot-Image/1.0" "www.saveaslave.com"
65.36.241.48 - - [01/Feb/2016:16:08:41 -0800] "HEAD / HTTP/1.1" 200 0 "-" "InternetSeer.com" "www.saveaslave.com"
