208.115.113.86 - - [04/May/2016:11:24:28 -0700] "GET /indonesia HTTP/1.1" 404 89 "-" "Mozilla/5.0 (compatible; DotBot/1.1; http://www.opensiteexplorer.org/dotbot, help@moz.com)" "saveaslave.com"[0]
217.69.133.239 - - [04/May/2016:11:52:27 -0700] "GET /robots.txt HTTP/1.1" 200 48 "-" "Mozilla/5.0 (compatible; Linux x86_64; Mail.RU_Bot/2.0; +http://go.mail.ru/help/robots)" "www.saveaslave.com"
217.69.133.240 - - [04/May/2016:11:55:57 -0700] "GET /south-africa.html HTTP/1.1" 404 89 "-" "Mozilla/5.0 (compatible; Linux x86_64; Mail.RU_Bot/2.0; +http://go.mail.ru/help/robots)" "www.saveaslave.com"
75.106.234.129 - - [04/May/2016:11:59:35 -0700] "GET /favicon.ico HTTP/1.1" 404 89 "http://www.saveaslave.com/" "Mozilla/5.0 (Windows NT 6.1; WOW64; Trident/7.0; rv:11.0) like Gecko" "www.saveaslave.com"
75.106.234.129 - - [04/May/2016:11:59:35 -0700] "GET /images/article/suspects.jpg HTTP/1.1" 200 58796 "http://www.saveaslave.com/" "Mozilla/5.0 (Windows NT 6.1; WOW64; Trident/7.0; rv:11.0) like Gecko" "www.saveaslave.com"
75.106.234.129 - - [04/May/2016:11:59:35 -0700] "GET /gajaxscroller.js HTTP/1.1" 200 9774 "http://www.saveaslave.com/" "Mozilla/5.0 (Windows NT 6.1; WOW64; Trident/7.0; rv:11.0) like Gecko" "www.saveaslave.com"
75.106.234.129 - - [04/May/2016:11:59:35 -0700] "GET /images/social1.png HTTP/1.1" 200 2012 "http://www.saveaslave.com/" "Mozilla/5.0 (Windows NT 6.1; WOW64; Trident/7.0; rv:11.0) like Gecko" "www.saveaslave.com"
75.106.234.129 - - [04/May/2016:11:59:35 -0700] "GET /images/social2.png HTTP/1.1" 200 1752 "http://www.saveaslave.com/" "Mozilla/5.0 (Windows NT 6.1; WOW64; Trident/7.0; rv:11.0) like Gecko" "www.saveaslave.com"
75.106.234.129 - - [04/May/2016:11:59:35 -0700] "GET /assets/js/ie10-viewport-bug-workaround.js HTTP/1.1" 200 641 "http://www.saveaslave.com/" "Mozilla/5.0 (Windows NT 6.1; WOW64; Trident/7.0; rv:11.0) like Gecko" "www.saveaslave.com"
75.106.234.129 - - [04/May/2016:11:59:35 -0700] "GET /css/elements.css HTTP/1.1" 200 17857 "http://www.saveaslave.com/" "Mozilla/5.0 (Windows NT 6.1; WOW64; Trident/7.0; rv:11.0) like Gecko" "www.saveaslave.com"
75.106.234.129 - - [04/May/2016:11:59:35 -0700] "GET /css/style-pages.css HTTP/1.1" 200 9894 "http://www.saveaslave.com/" "Mozilla/5.0 (Windows NT 6.1; WOW64; Trident/7.0; rv:11.0) like Gecko" "www.saveaslave.com"[0]
75.106.234.129 - - [04/May/2016:11:59:35 -0700] "GET /images/cover1.jpg HTTP/1.1" 200 253658 "http://www.saveaslave.com/" "Mozilla/5.0 (Windows NT 6.1; WOW64; Trident/7.0; rv:11.0) like Gecko" "www.saveaslave.com"
75.106.234.129 - - [04/May/2016:11:59:36 -0700] "GET /css/down-arrow.png HTTP/1.1" 404 89 "http://www.saveaslave.com/" "Mozilla/5.0 (Windows NT 6.1; WOW64; Trident/7.0; rv:11.0) like Gecko" "www.saveaslave.com"
75.106.234.129 - - [04/May/2016:11:59:38 -0700] "GET /fonts/glyphicons-halflings-regular.woff HTTP/1.1" 200 23424 "http://www.saveaslave.com/" "Mozilla/5.0 (Windows NT 6.1; WOW64; Trident/7.0; rv:11.0) like Gecko" "www.saveaslave.com"
75.106.234.129 - - [04/May/2016:11:59:38 -0700] "GET /fonts/glyphicons-halflings-regular.svg HTTP/1.1" 200 108738 "http://www.saveaslave.com/" "Mozilla/5.0 (Windows NT 6.1; WOW64; Trident/7.0; rv:11.0) like Gecko" "www.saveaslave.com"
75.106.234.129 - - [04/May/2016:12:15:11 -0700] "GET /photos/article3a.jpg HTTP/1.1" 404 89 "http://www.saveaslave.com/" "Mozilla/5.0 (Windows NT 10.0; WOW64; Trident/7.0; SMJB; rv:11.0) like Gecko" "www.saveaslave.com"
75.106.234.129 - - [04/May/2016:12:15:11 -0700] "GET /css/down-arrow.png HTTP/1.1" 404 89 "http://www.saveaslave.com/" "Mozilla/5.0 (Windows NT 10.0; WOW64; Trident/7.0; SMJB; rv:11.0) like Gecko" "www.saveaslave.com"
75.106.234.129 - - [04/May/2016:12:15:11 -0700] "GET /fonts/glyphicons-halflings-regular.woff2 HTTP/1.1" 200 18028 "http://www.saveaslave.com/" "Mozilla/5.0 (Windows NT 10.0; WOW64; Trident/7.0; SMJB; rv:11.0) like Gecko" "www.saveaslave.com"
75.106.234.129 - - [04/May/2016:12:15:11 -0700] "GET /fonts/glyphicons-halflings-regular.woff HTTP/1.1" 200 23424 "http://www.saveaslave.com/" "Mozilla/5.0 (Windows NT 10.0; WOW64; Trident/7.0; SMJB; rv:11.0) like Gecko" "www.saveaslave.com"
75.106.234.129 - - [04/May/2016:12:15:15 -0700] "GET /css/down-arrow.png HTTP/1.1" 404 89 "http://www.saveaslave.com/" "Mozilla/5.0 (Windows NT 10.0; WOW64; Trident/7.0; SMJB; rv:11.0) like Gecko" "www.saveaslave.com"
217.69.136.210 - - [04/May/2016:12:36:01 -0700] "GET /belarus.html HTTP/1.1" 404 89 "-" "Mozilla/5.0 (compatible; Linux x86_64; Mail.RU_Bot/2.0; +http://go.mail.ru/help/robots)" "www.saveaslave.com"
54.191.140.34 - - [04/May/2016:12:45:38 -0700] "GET /wp-login.php HTTP/1.1" 200 73 "-" "Opera/9.80 (Windows NT 5.1; U; ru) Presto/2.9.168 Version/11.50" "www.saveaslave.com"
65.36.241.48 - - [04/May/2016:12:51:49 -0700] "HEAD / HTTP/1.1" 200 0 "-" "InternetSeer.com" "www.saveaslave.com"
208.115.113.86 - - [04/May/2016:12:52:08 -0700] "GET /taiwan.html HTTP/1.1" 404 89 "-" "Mozilla/5.0 (compatible; DotBot/1.1; http://www.opensiteexplorer.org/dotbot, help@moz.com)" "www.saveaslave.com"
65.36.241.48 - - [04/May/2016:13:06:19 -0700] "HEAD /?tpl=references&Itemid=3 HTTP/1.1" 200 0 "-" "InternetSeer.com" "www.saveaslave.com"
192.107.142.28 - - [04/May/2016:13:13:13 -0700] "GET /images/supporters/logo_endslaverynow.png HTTP/1.1" 200 27566 "https://www.google.com/" "Mozilla/5.0 (X11; CrOS x86_64 7834.70.0) AppleWebKit/537.36 (KHTML, like Gecko) Chrome/49.0.2623.112 Safari/537.36" "www.saveaslave.com"
208.115.113.86 - - [04/May/2016:13:15:06 -0700] "GET /uk HTTP/1.1" 404 89 "-" "Mozilla/5.0 (compatible; DotBot/1.1; http://www.opensiteexplorer.org/dotbot, help@moz.com)" "saveaslave.com"[0]
208.115.113.86 - - [04/May/2016:13:36:52 -0700] "GET /robots.txt HTTP/1.1" 200 48 "-" "Mozilla/5.0 (compatible; DotBot/1.1; http://www.opensiteexplorer.org/dotbot, help@moz.com)" "www.saveaslave.com"
51.255.65.36 - - [04/May/2016:13:37:52 -0700] "GET /vanuatu.html HTTP/1.1" 404 89 "-" "Mozilla/5.0 (compatible; AhrefsBot/5.1; +http://ahrefs.com/robot/)" "saveaslave.com"
75.106.234.129 - - [04/May/2016:13:39:46 -0700] "GET / HTTP/1.1" 200 89069 "-" "Mozilla/5.0 (Windows NT 6.1; WOW64; Trident/7.0; rv:11.0) like Gecko" "www.saveaslave.com"
75.106.234.129 - - [04/May/2016:13:39:47 -0700] "GET /images/social2.png HTTP/1.1" 200 1752 "http://www.saveaslave.com/" "Mozilla/5.0 (Windows NT 6.1; WOW64; Trident/7.0; rv:11.0) like Gecko" "www.saveaslave.com"
51.255.65.11 - - [04/May/2016:13:46:52 -0700] "GET /www.mosaicservices.org HTTP/1.1" 404 89 "-" "Mozilla/5.0 (compatible; AhrefsBot/5.1; +http://ahrefs.com/robot/)" "saveaslave.com"
207.241.226.219 - - [04/May/2016:13:52:37 -0700] "GET /robots.txt HTTP/1.1" 200 48 "-" "Mozilla/5.0 (compatible; archive.org_bot; Wayback Machine Live Record; +http://archive.org/details/archive.org_bot)" "saveaslave.com"
111.13.102.137 - - [04/May/2016:14:01:40 -0700] "GET /robots.txt HTTP/1.1" 200 48 "-" "Mozilla/5.0 (compatible; Baiduspider/2.0; +http://www.baidu.com/search/spider.html)" "saveaslave.com"
136.243.147.168 - - [04/May/2016:14:05:47 -0700] "GET /robots.txt HTTP/1.1" 200 48 "-" "Mozilla/5.0 (compatible; SEOkicks-Robot; +http://www.seokicks.de/robot.html)" "www.saveaslave.com"
136.243.147.168 - - [04/May/2016:14:05:50 -0700] "GET / HTTP/1.1" 200 89069 "-" "Mozilla/5.0 (compatible; SEOkicks-Robot; +http://www.seokicks.de/robot.html)" "www.saveaslave.com"
136.243.147.168 - - [04/May/2016:14:05:54 -0700] "GET /robots.txt HTTP/1.1" 200 48 "-" "Mozilla/5.0 (compatible; SEOkicks-Robot; +http://www.seokicks.de/robot.html)" "saveaslave.com"
136.243.147.168 - - [04/May/2016:14:05:58 -0700] "GET /manifest.json HTTP/1.1" 404 89 "http://www.saveaslave.com/" "Mozilla/5.0 (compatible; SEOkicks-Robot; +http://www.seokicks.de/robot.html)" "www.saveaslave.com"
136.243.147.168 - - [04/May/2016:14:06:00 -0700] "GET /favicon.ico HTTP/1.1" 404 89 "http://www.saveaslave.com/" "Mozilla/5.0 (compatible; SEOkicks-Robot; +http://www.seokicks.de/robot.html)" "www.saveaslave.com"
65.36.241.48 - - [04/May/2016:14:07:22 -0700] "HEAD / HTTP/1.1" 200 0 "-" "InternetSeer.com" "www.saveaslave.com"
123.125.71.46 - - [04/May/2016:14:11:32 -0700] "GET /robots.txt HTTP/1.1" 200 48 "-" "Mozilla/5.0 (compatible; Baiduspider/2.0; +http://www.baidu.com/search/spider.html)" "www.saveaslave.com"
66.87.117.213 - - [04/May/2016:14:47:30 -0700] "GET /images/cover1.jpg HTTP/1.1" 200 253658 "-" "Mozilla/5.0 (Linux; Android 4.4.2; 0PCV1 Build/KOT49H) AppleWebKit/537.36 (KHTML, like Gecko) Version/4.0 Chrome/30.0.0.0 Mobile Safari/537.36 GSA/4.9.22.19.arm" "www.saveaslave.com"
66.87.117.213 - - [04/May/2016:14:47:57 -0700] "GET /images/article/article1.jpg HTTP/1.1" 200 11640 "-" "Mozilla/5.0 (Linux; Android 4.4.2; 0PCV1 Build/KOT49H) AppleWebKit/537.36 (KHTML, like Gecko) Version/4.0 Chrome/30.0.0.0 Mobile Safari/537.36 GSA/4.9.22.19.arm" "www.saveaslave.com"
208.115.113.86 - - [04/May/2016:14:54:09 -0700] "GET /benin.html HTTP/1.1" 404 89 "-" "Mozilla/5.0 (compatible; DotBot/1.1; http://www.opensiteexplorer.org/dotbot, help@moz.com)" "www.saveaslave.com"
208.115.113.86 - - [04/May/2016:15:21:08 -0700] "GET /norfolkisland.html HTTP/1.1" 404 89 "-" "Mozilla/5.0 (compatible; DotBot/1.1; http://www.opensiteexplorer.org/dotbot, help@moz.com)" "www.saveaslave.com"
208.115.113.86 - - [04/May/2016:15:21:08 -0700] "GET /Akrotin HTTP/1.1" 404 89 "-" "Mozilla/5.0 (compatible; DotBot/1.1; http://www.opensiteexplorer.org/dotbot, help@moz.com)" "www.saveaslave.com"
54.213.145.43 - - [04/May/2016:15:23:07 -0700] "GET /wp-login.php HTTP/1.1" 200 73 "-" "Opera/9.80 (Windows NT 5.1; U; ru) Presto/2.9.168 Version/11.50" "saveaslave.com"
65.36.241.48 - - [04/May/2016:15:25:01 -0700] "HEAD / HTTP/1.1" 200 0 "-" "InternetSeer.com" "www.saveaslave.com"
217.69.136.205 - - [04/May/2016:15:27:37 -0700] "GET /latvia.html HTTP/1.1" 404 89 "-" "Mozilla/5.0 (compatible; Linux x86_64; Mail.RU_Bot/2.0; +http://go.mail.ru/help/robots)" "www.saveaslave.com"
144.76.87.119 - - [04/May/2016:16:28:12 -0700] "GET /robots.txt HTTP/1.1" 200 48 "-" "Mozilla/5.0 (compatible; 007ac9 Crawler; http://crawler.007ac9.net/)" "www.saveaslave.com"[0]
144.76.87.119 - - [04/May/2016:16:28:14 -0700] "GET /who-we-are.php HTTP/1.1" 200 50828 "-" "Mozilla/5.0 (compatible; 007ac9 Crawler; http://crawler.007ac9.net/)" "www.saveaslave.com"
144.76.87.119 - - [04/May/2016:16:28:28 -0700] "GET /article.php?id=21 HTTP/1.1" 200 49376 "-" "Mozilla/5.0 (compatible; 007ac9 Crawler; http://crawler.007ac9.net/)" "www.saveaslave.com"
144.76.87.119 - - [04/May/2016:16:28:30 -0700] "GET /article.php?id=13 HTTP/1.1" 200 60546 "-" "Mozilla/5.0 (compatible; 007ac9 Crawler; http://crawler.007ac9.net/)" "www.saveaslave.com"
144.76.87.119 - - [04/May/2016:16:28:31 -0700] "GET /article.php?id=7 HTTP/1.1" 200 49199 "-" "Mozilla/5.0 (compatible; 007ac9 Crawler; http://crawler.007ac9.net/)" "www.saveaslave.com"[0]
144.76.87.119 - - [04/May/2016:16:28:33 -0700] "GET /article.php?id=5 HTTP/1.1" 200 46597 "-" "Mozilla/5.0 (compatible; 007ac9 Crawler; http://crawler.007ac9.net/)" "www.saveaslave.com"
144.76.87.119 - - [04/May/2016:16:28:33 -0700] "GET /article.php?id=4 HTTP/1.1" 200 50876 "-" "Mozilla/5.0 (compatible; 007ac9 Crawler; http://crawler.007ac9.net/)" "www.saveaslave.com"[0]
144.76.87.119 - - [04/May/2016:16:28:38 -0700] "GET /managelink.php HTTP/1.1" 200 1294 "-" "Mozilla/5.0 (compatible; 007ac9 Crawler; http://crawler.007ac9.net/)" "www.saveaslave.com"
144.76.87.119 - - [04/May/2016:16:28:39 -0700] "GET /managecountry.php HTTP/1.1" 200 1294 "-" "Mozilla/5.0 (compatible; 007ac9 Crawler; http://crawler.007ac9.net/)" "www.saveaslave.com"
217.69.133.70 - - [04/May/2016:16:33:41 -0700] "GET /robots.txt HTTP/1.1" 200 48 "-" "Mozilla/5.0 (compatible; Linux x86_64; Mail.RU_Bot/2.0; +http://go.mail.ru/help/robots)" "www.saveaslave.com"
217.69.133.237 - - [04/May/2016:16:36:11 -0700] "GET /nigeria.html HTTP/1.1" 404 89 "-" "Mozilla/5.0 (compatible; Linux x86_64; Mail.RU_Bot/2.0; +http://go.mail.ru/help/robots)" "www.saveaslave.com"
180.76.15.139 - - [04/May/2016:16:53:44 -0700] "GET /css/elements.css HTTP/1.1" 200 17857 "-" "Mozilla/5.0 (compatible; Baiduspider/2.0; +http://www.baidu.com/search/spider.html)" "www.saveaslave.com"
217.69.136.203 - - [04/May/2016:17:14:48 -0700] "GET /robots.txt HTTP/1.1" 200 48 "-" "Mozilla/5.0 (compatible; Linux x86_64; Mail.RU_Bot/2.0; +http://go.mail.ru/help/robots)" "www.saveaslave.com"
51.254.121.185 - - [04/May/2016:17:19:01 -0700] "GET /robots.txt HTTP/1.1" 200 48 "-" "Mozilla/5.0 (compatible; MJ12bot/v1.4.5; http://www.majestic12.co.uk/bot.php?+)" "saveaslave.com"
51.254.121.185 - - [04/May/2016:17:19:05 -0700] "GET /our-supporters.php HTTP/1.1" 200 55443 "-" "Mozilla/5.0 (compatible; MJ12bot/v1.4.5; http://www.majestic12.co.uk/bot.php?+)" "saveaslave.com"
123.30.175.211 - - [04/May/2016:17:27:05 -0700] "GET /robots.txt HTTP/1.1" 200 48 "-" "Mozilla/5.0 (compatible; coccoc/1.0; +http://help.coccoc.com/)" "saveaslave.com"
123.30.175.212 - - [04/May/2016:17:27:16 -0700] "GET / HTTP/1.1" 200 89069 "-" "Mozilla/5.0 (compatible; coccoc/1.0; +http://help.coccoc.com/)" "saveaslave.com"
123.30.175.209 - - [04/May/2016:17:28:10 -0700] "GET / HTTP/1.1" 200 89069 "-" "Mozilla/5.0 (compatible; coccoc/1.0; +http://help.coccoc.com/)" "www.saveaslave.com"[1]
208.115.113.86 - - [04/May/2016:17:36:23 -0700] "GET /robots.txt HTTP/1.1" 200 48 "-" "Mozilla/5.0 (compatible; DotBot/1.1; http://www.opensiteexplorer.org/dotbot, help@moz.com)" "saveaslave.com"
208.115.113.86 - - [04/May/2016:17:36:23 -0700] "GET /robots.txt HTTP/1.1" 200 48 "-" "Mozilla/5.0 (compatible; DotBot/1.1; http://www.opensiteexplorer.org/dotbot, help@moz.com)" "www.saveaslave.com"[0]
151.80.31.105 - - [04/May/2016:17:36:27 -0700] "GET /robots.txt HTTP/1.1" 200 48 "-" "Mozilla/5.0 (compatible; AhrefsBot/5.1; +http://ahrefs.com/robot/)" "www.saveaslave.com"
142.4.216.172 - - [04/May/2016:18:22:51 -0700] "GET /our-supporters.php HTTP/1.1" 200 55443 "-" "Mozilla/5.0 (Windows NT 6.1; WOW64; rv:40.0) Gecko/20100101 Firefox/40.1" "saveaslave.com"
142.4.216.172 - - [04/May/2016:18:22:53 -0700] "GET /contact-us.php HTTP/1.1" 200 30488 "-" "Mozilla/5.0 (Windows NT 6.1) AppleWebKit/537.36 (KHTML, like Gecko) Chrome/41.0.2228.0 Safari/537.36" "saveaslave.com"
142.4.216.172 - - [04/May/2016:18:22:54 -0700] "GET /article.php?id=86 HTTP/1.1" 200 43991 "-" "Mozilla/5.0 (compatible; MSIE 10.0; Windows NT 6.2; WOW64; Trident/6.0)" "saveaslave.com"[0]
142.4.216.172 - - [04/May/2016:18:22:54 -0700] "GET /article.php?id=22 HTTP/1.1" 200 46639 "-" "Mozilla/5.0 (compatible; MSIE 10.0; Windows NT 6.2; WOW64; Trident/6.0)" "saveaslave.com"
142.4.216.172 - - [04/May/2016:18:22:56 -0700] "GET /help.php HTTP/1.1" 200 52768 "-" "Mozilla/5.0 (Windows NT 6.1; WOW64; rv:40.0) Gecko/20100101 Firefox/40.1" "saveaslave.com"[0]
142.4.216.172 - - [04/May/2016:18:22:57 -0700] "GET /article.php?id=113 HTTP/1.1" 200 43936 "-" "Mozilla/5.0 (compatible; MSIE 10.0; Windows NT 6.2; WOW64; Trident/6.0)" "saveaslave.com"[0]
142.4.216.172 - - [04/May/2016:18:22:57 -0700] "GET /article.php?id=15 HTTP/1.1" 200 56215 "-" "Mozilla/5.0 (Windows NT 6.1) AppleWebKit/537.36 (KHTML, like Gecko) Chrome/41.0.2228.0 Safari/537.36" "saveaslave.com"
142.4.216.172 - - [04/May/2016:18:22:58 -0700] "GET /article.php?id=13 HTTP/1.1" 200 60546 "-" "Mozilla/5.0 (Windows NT 6.1; WOW64; rv:40.0) Gecko/20100101 Firefox/40.1" "saveaslave.com"
142.4.216.172 - - [04/May/2016:18:23:00 -0700] "GET /article.php?id=6 HTTP/1.1" 200 47572 "-" "Mozilla/5.0 (Windows NT 6.1) AppleWebKit/537.36 (KHTML, like Gecko) Chrome/41.0.2228.0 Safari/537.36" "saveaslave.com"[0]
142.4.216.172 - - [04/May/2016:18:23:00 -0700] "GET /article.php?id=5 HTTP/1.1" 200 46597 "-" "Mozilla/5.0 (Windows NT 6.1; WOW64; rv:40.0) Gecko/20100101 Firefox/40.1" "saveaslave.com"
142.4.216.172 - - [04/May/2016:18:23:00 -0700] "GET /article.php?id=4 HTTP/1.1" 200 50876 "-" "Mozilla/5.0 (Windows NT 6.1; WOW64; rv:40.0) Gecko/20100101 Firefox/40.1" "saveaslave.com"
142.4.216.172 - - [04/May/2016:18:23:00 -0700] "GET /article.php?id=3 HTTP/1.1" 200 50919 "-" "Mozilla/5.0 (Windows NT 6.1) AppleWebKit/537.36 (KHTML, like Gecko) Chrome/41.0.2228.0 Safari/537.36" "saveaslave.com"
142.4.216.172 - - [04/May/2016:18:23:00 -0700] "GET /article.php?id=2 HTTP/1.1" 200 48390 "-" "Mozilla/5.0 (Windows NT 6.1; WOW64; rv:40.0) Gecko/20100101 Firefox/40.1" "saveaslave.com"
142.4.216.172 - - [04/May/2016:18:23:02 -0700] "GET /article.php?id=112 HTTP/1.1" 200 45974 "-" "Mozilla/5.0 (compatible; MSIE 10.0; Windows NT 6.2; WOW64; Trident/6.0)" "saveaslave.com"
142.4.216.172 - - [04/May/2016:18:23:02 -0700] "GET /article.php?id=64 HTTP/1.1" 200 47065 "-" "Mozilla/5.0 (Windows NT 6.1; WOW64; rv:40.0) Gecko/20100101 Firefox/40.1" "saveaslave.com"[0]
142.4.216.172 - - [04/May/2016:18:23:02 -0700] "GET /article.php?id=63 HTTP/1.1" 200 45535 "-" "Mozilla/5.0 (compatible; MSIE 10.0; Windows NT 6.2; WOW64; Trident/6.0)" "saveaslave.com"
142.4.216.172 - - [04/May/2016:18:23:03 -0700] "GET /article.php?id=20 HTTP/1.1" 200 50204 "-" "Mozilla/5.0 (Windows NT 6.1; WOW64; rv:40.0) Gecko/20100101 Firefox/40.1" "saveaslave.com"
142.4.216.172 - - [04/May/2016:18:23:03 -0700] "GET /article.php?id=19 HTTP/1.1" 200 48714 "-" "Mozilla/5.0 (Windows NT 6.1; WOW64; rv:40.0) Gecko/20100101 Firefox/40.1" "saveaslave.com"[0]
142.4.216.172 - - [04/May/2016:18:23:08 -0700] "GET /article.php?id=10 HTTP/1.1" 200 49477 "-" "Mozilla/5.0 (Windows NT 6.1) AppleWebKit/537.36 (KHTML, like Gecko) Chrome/41.0.2228.0 Safari/537.36" "saveaslave.com"
142.4.216.172 - - [04/May/2016:18:23:08 -0700] "GET /article.php?id=8 HTTP/1.1" 200 54771 "-" "Mozilla/5.0 (Windows NT 6.1) AppleWebKit/537.36 (KHTML, like Gecko) Chrome/41.0.2228.0 Safari/537.36" "saveaslave.com"
65.36.241.48 - - [04/May/2016:18:33:52 -0700] "HEAD / HTTP/1.1" 200 0 "-" "InternetSeer.com" "www.saveaslave.com"
54.237.197.198 - - [04/May/2016:19:02:17 -0700] "GET / HTTP/1.1" 200 89069 "-" "User-Agent: Mozilla/5.0 (Windows NT 6.1; WOW64) AppleWebKit/537.31 (KHTML, like Gecko) Chrome/26.0.1410.64 Safari/537.31" "www.saveaslave.com"
5.158.237.35 - - [04/May/2016:19:06:32 -0700] "GET /addlink.php HTTP/1.1" 200 12853 "http://www.saveaslave.com/addlink.php" "Mozilla/5.0 (Windows NT 6.1) AppleWebKit/537.36 (KHTML, like Gecko) Chrome/47.0.2526.111 Safari/537.36" "www.saveaslave.com"
208.115.113.86 - - [04/May/2016:19:21:33 -0700] "GET /netherlands HTTP/1.1" 404 89 "-" "Mozilla/5.0 (compatible; DotBot/1.1; http://www.opensiteexplorer.org/dotbot, help@moz.com)" "saveaslave.com"
208.115.113.86 - - [04/May/2016:19:39:00 -0700] "GET /robots.txt HTTP/1.1" 200 48 "-" "Mozilla/5.0 (compatible; DotBot/1.1; http://www.opensiteexplorer.org/dotbot, help@moz.com)" "www.saveaslave.com"
208.115.113.86 - - [04/May/2016:19:39:00 -0700] "GET /robots.txt HTTP/1.1" 200 48 "-" "Mozilla/5.0 (compatible; DotBot/1.1; http://www.opensiteexplorer.org/dotbot, help@moz.com)" "saveaslave.com"
75.107.125.41 - - [04/May/2016:19:46:24 -0700] "GET /photos/article1.jpg HTTP/1.1" 404 89 "http://www.saveaslave.com/" "Mozilla/5.0 (Windows NT 6.1; WOW64; Trident/7.0; rv:11.0) like Gecko" "www.saveaslave.com"
75.107.125.41 - - [04/May/2016:19:46:24 -0700] "GET /photos/article7.jpg HTTP/1.1" 404 89 "http://www.saveaslave.com/" "Mozilla/5.0 (Windows NT 6.1; WOW64; Trident/7.0; rv:11.0) like Gecko" "www.saveaslave.com"
75.107.125.41 - - [04/May/2016:19:46:24 -0700] "GET /images/article/s1_dety_beg_d9954.jpg HTTP/1.1" 200 16968 "http://www.saveaslave.com/" "Mozilla/5.0 (Windows NT 6.1; WOW64; Trident/7.0; rv:11.0) like Gecko" "www.saveaslave.com"
75.107.125.41 - - [04/May/2016:19:46:24 -0700] "GET /images/cover1.jpg HTTP/1.1" 200 253658 "http://www.saveaslave.com/" "Mozilla/5.0 (Windows NT 6.1; WOW64; Trident/7.0; rv:11.0) like Gecko" "www.saveaslave.com"
75.107.125.41 - - [04/May/2016:19:46:24 -0700] "GET /gajaxscroller.js HTTP/1.1" 200 9774 "http://www.saveaslave.com/" "Mozilla/5.0 (Windows NT 6.1; WOW64; Trident/7.0; rv:11.0) like Gecko" "www.saveaslave.com"[0]
75.107.125.41 - - [04/May/2016:19:46:25 -0700] "GET /css/down-arrow.png HTTP/1.1" 404 89 "http://www.saveaslave.com/" "Mozilla/5.0 (Windows NT 6.1; WOW64; Trident/7.0; rv:11.0) like Gecko" "www.saveaslave.com"
75.107.125.41 - - [04/May/2016:19:46:25 -0700] "GET /addarticle.php HTTP/1.1" 200 13682 "http://www.saveaslave.com/" "Mozilla/5.0 (Windows NT 6.1; WOW64; Trident/7.0; rv:11.0) like Gecko" "www.saveaslave.com"[1]
75.107.125.41 - - [04/May/2016:19:46:25 -0700] "GET /fonts/glyphicons-halflings-regular.svg HTTP/1.1" 200 108738 "http://www.saveaslave.com/" "Mozilla/5.0 (Windows NT 6.1; WOW64; Trident/7.0; rv:11.0) like Gecko" "www.saveaslave.com"
75.107.125.41 - - [04/May/2016:19:46:34 -0700] "GET /css/down-arrow.png HTTP/1.1" 404 89 "http://www.saveaslave.com/" "Mozilla/5.0 (Windows NT 6.1; WOW64; Trident/7.0; rv:11.0) like Gecko" "www.saveaslave.com"
75.107.125.41 - - [04/May/2016:19:47:47 -0700] "GET /css/elements.css HTTP/1.1" 200 17857 "http://www.saveaslave.com/" "Mozilla/5.0 (Windows NT 10.0; WOW64; Trident/7.0; SMJB; rv:11.0) like Gecko" "www.saveaslave.com"
75.107.125.41 - - [04/May/2016:19:47:47 -0700] "GET /gajaxscroller.js HTTP/1.1" 200 9774 "http://www.saveaslave.com/" "Mozilla/5.0 (Windows NT 10.0; WOW64; Trident/7.0; SMJB; rv:11.0) like Gecko" "www.saveaslave.com"
75.107.125.41 - - [04/May/2016:19:47:47 -0700] "GET /css/style-pages.css HTTP/1.1" 200 9894 "http://www.saveaslave.com/" "Mozilla/5.0 (Windows NT 10.0; WOW64; Trident/7.0; SMJB; rv:11.0) like Gecko" "www.saveaslave.com"[0]
75.107.125.41 - - [04/May/2016:19:47:47 -0700] "GET /css/down-arrow.png HTTP/1.1" 404 89 "http://www.saveaslave.com/" "Mozilla/5.0 (Windows NT 10.0; WOW64; Trident/7.0; SMJB; rv:11.0) like Gecko" "www.saveaslave.com"
75.107.125.41 - - [04/May/2016:19:47:47 -0700] "GET /fonts/glyphicons-halflings-regular.woff2 HTTP/1.1" 200 18028 "http://www.saveaslave.com/" "Mozilla/5.0 (Windows NT 10.0; WOW64; Trident/7.0; SMJB; rv:11.0) like Gecko" "www.saveaslave.com"
75.107.125.41 - - [04/May/2016:19:47:47 -0700] "GET /fonts/glyphicons-halflings-regular.woff HTTP/1.1" 200 23424 "http://www.saveaslave.com/" "Mozilla/5.0 (Windows NT 10.0; WOW64; Trident/7.0; SMJB; rv:11.0) like Gecko" "www.saveaslave.com"
75.107.125.41 - - [04/May/2016:19:47:47 -0700] "GET /fonts/glyphicons-halflings-regular.svg HTTP/1.1" 200 108738 "http://www.saveaslave.com/" "Mozilla/5.0 (Windows NT 10.0; WOW64; Trident/7.0; SMJB; rv:11.0) like Gecko" "www.saveaslave.com"
75.107.125.41 - - [04/May/2016:19:47:52 -0700] "GET /css/down-arrow.png HTTP/1.1" 404 89 "http://www.saveaslave.com/" "Mozilla/5.0 (Windows NT 10.0; WOW64; Trident/7.0; SMJB; rv:11.0) like Gecko" "www.saveaslave.com"
65.36.241.48 - - [04/May/2016:19:53:48 -0700] "HEAD / HTTP/1.1" 200 0 "-" "InternetSeer.com" "www.saveaslave.com"
51.255.65.49 - - [04/May/2016:20:03:05 -0700] "GET /taiwan.html HTTP/1.1" 404 89 "-" "Mozilla/5.0 (compatible; AhrefsBot/5.1; +http://ahrefs.com/robot/)" "saveaslave.com"
208.115.113.86 - - [04/May/2016:20:52:07 -0700] "GET /turkey.html HTTP/1.1" 404 89 "-" "Mozilla/5.0 (compatible; DotBot/1.1; http://www.opensiteexplorer.org/dotbot, help@moz.com)" "www.saveaslave.com"
208.115.113.86 - - [04/May/2016:20:52:56 -0700] "GET /article.php?id=7 HTTP/1.1" 200 49199 "-" "Mozilla/5.0 (compatible; DotBot/1.1; http://www.opensiteexplorer.org/dotbot, help@moz.com)" "www.saveaslave.com"
217.69.133.238 - - [04/May/2016:21:12:53 -0700] "GET /robots.txt HTTP/1.1" 200 48 "-" "Mozilla/5.0 (compatible; Linux x86_64; Mail.RU_Bot/2.0; +http://go.mail.ru/help/robots)" "www.saveaslave.com"
217.69.133.237 - - [04/May/2016:21:14:39 -0700] "GET /robots.txt HTTP/1.1" 200 48 "-" "Mozilla/5.0 (compatible; Linux x86_64; Mail.RU_Bot/2.0; +http://go.mail.ru/help/robots)" "saveaslave.com"
217.69.133.236 - - [04/May/2016:21:16:36 -0700] "GET /news4.php HTTP/1.1" 200 73 "-" "Mozilla/5.0 (compatible; Linux x86_64; Mail.RU_Bot/2.0; +http://go.mail.ru/help/robots)" "www.saveaslave.com"[0]
208.115.113.86 - - [04/May/2016:21:17:11 -0700] "GET /poland HTTP/1.1" 404 89 "-" "Mozilla/5.0 (compatible; DotBot/1.1; http://www.opensiteexplorer.org/dotbot, help@moz.com)" "www.saveaslave.com"
180.76.15.16 - - [04/May/2016:21:28:09 -0700] "GET /help-advanced.php HTTP/1.1" 200 53665 "-" "Mozilla/5.0 (compatible; Baiduspider/2.0; +http://www.baidu.com/search/spider.html)" "www.saveaslave.com"[1]
208.115.113.86 - - [04/May/2016:21:39:45 -0700] "GET /robots.txt HTTP/1.1" 200 48 "-" "Mozilla/5.0 (compatible; DotBot/1.1; http://www.opensiteexplorer.org/dotbot, help@moz.com)" "saveaslave.com"
217.69.136.209 - - [04/May/2016:21:39:58 -0700] "GET /robots.txt HTTP/1.1" 200 48 "-" "Mozilla/5.0 (compatible; Linux x86_64; Mail.RU_Bot/2.0; +http://go.mail.ru/help/robots)" "www.saveaslave.com"
217.69.136.209 - - [04/May/2016:21:51:59 -0700] "GET /holy-see.html HTTP/1.1" 404 89 "-" "Mozilla/5.0 (compatible; Linux x86_64; Mail.RU_Bot/2.0; +http://go.mail.ru/help/robots)" "saveaslave.com"
65.36.241.48 - - [04/May/2016:22:42:24 -0700] "HEAD / HTTP/1.1" 200 0 "-" "InternetSeer.com" "www.saveaslave.com"
51.255.65.70 - - [04/May/2016:22:46:21 -0700] "GET /mauritania.html HTTP/1.1" 404 89 "-" "Mozilla/5.0 (compatible; AhrefsBot/5.1; +http://ahrefs.com/robot/)" "www.saveaslave.com"
69.30.218.166 - - [04/May/2016:22:49:39 -0700] "GET /robots.txt HTTP/1.1" 200 48 "-" "Mozilla/5.0 (compatible; MJ12bot/v1.4.5; http://www.majestic12.co.uk/bot.php?+)" "saveaslave.com"
69.30.218.166 - - [04/May/2016:22:49:44 -0700] "GET /article.php?id=15 HTTP/1.1" 200 56215 "-" "Mozilla/5.0 (compatible; MJ12bot/v1.4.5; http://www.majestic12.co.uk/bot.php?+)" "saveaslave.com"
208.115.113.86 - - [04/May/2016:22:54:45 -0700] "GET /burundi.html HTTP/1.1" 404 89 "-" "Mozilla/5.0 (compatible; DotBot/1.1; http://www.opensiteexplorer.org/dotbot, help@moz.com)" "www.saveaslave.com"
208.115.113.86 - - [04/May/2016:22:54:45 -0700] "GET /poland.html HTTP/1.1" 404 89 "-" "Mozilla/5.0 (compatible; DotBot/1.1; http://www.opensiteexplorer.org/dotbot, help@moz.com)" "www.saveaslave.com"
164.132.161.28 - - [04/May/2016:23:17:51 -0700] "GET /austria.html HTTP/1.1" 404 89 "-" "Mozilla/5.0 (compatible; AhrefsBot/5.1; +http://ahrefs.com/robot/)" "www.saveaslave.com"
204.79.180.192 - - [04/May/2016:23:30:13 -0700] "GET /css/elements.css HTTP/1.1" 200 17857 "http://saveaslave.com/" "Mozilla/5.0 (compatible; MSIE 9.0; Windows NT 6.0; Trident/5.0;  Trident/5.0)" "saveaslave.com"[0]
204.79.180.225 - - [04/May/2016:23:30:13 -0700] "GET /css/style.css HTTP/1.1" 200 7938 "http://saveaslave.com/" "Mozilla/5.0 (compatible; MSIE 9.0; Windows NT 6.0; Trident/5.0;  Trident/5.0)" "saveaslave.com"
204.79.180.108 - - [04/May/2016:23:30:13 -0700] "GET /css/bootstrap.min.css HTTP/1.1" 200 123578 "http://saveaslave.com/" "Mozilla/5.0 (compatible; MSIE 9.0; Windows NT 6.0; Trident/5.0;  Trident/5.0)" "saveaslave.com"
204.79.180.62 - - [04/May/2016:23:30:17 -0700] "GET /assets/js/ie8-responsive-file-warning.js HTTP/1.1" 200 599 "http://saveaslave.com/" "Mozilla/5.0 (compatible; MSIE 9.0; Windows NT 6.0; Trident/5.0;  Trident/5.0)" "saveaslave.com"
204.79.180.110 - - [04/May/2016:23:30:33 -0700] "GET /css/elements.css HTTP/1.1" 200 17857 "http://saveaslave.com/" "Mozilla/5.0 (compatible; MSIE 9.0; Windows NT 6.0; Trident/5.0;  Trident/5.0)" "saveaslave.com"
204.79.180.93 - - [04/May/2016:23:30:33 -0700] "GET /css/bootstrap.min.css HTTP/1.1" 200 65536 "http://saveaslave.com/" "Mozilla/5.0 (compatible; MSIE 9.0; Windows NT 6.0; Trident/5.0;  Trident/5.0)" "saveaslave.com"
204.79.180.33 - - [04/May/2016:23:30:40 -0700] "GET /css/style.css HTTP/1.1" 200 7938 "http://saveaslave.com/" "Mozilla/5.0 (compatible; MSIE 9.0; Windows NT 6.0; Trident/5.0;  Trident/5.0)" "saveaslave.com"
54.198.99.160 - - [04/May/2016:23:54:22 -0700] "GET / HTTP/1.1" 200 89069 "-" "Mozilla/5.0 (compatible; linkdexbot/2.0; +http://www.linkdex.com/bots/)" "www.saveaslave.com"
79.110.28.24 - - [05/May/2016:00:09:12 -0700] "GET /article.php?id=86'A=0 HTTP/1.1" 200 43960 "http://www.saveaslave.com/article.php?id=86'A=0" "Mozilla/5.0 (Windows; U; Windows NT 5.1; pt-PT; rv:1.9.1.2) Gecko/20090729 Firefox/3.5.2 (.NET CLR 3.5.30729)" "www.saveaslave.com"
217.69.136.209 - - [05/May/2016:00:46:57 -0700] "GET /robots.txt HTTP/1.1" 200 48 "-" "Mozilla/5.0 (compatible; Linux x86_64; Mail.RU_Bot/2.0; +http://go.mail.ru/help/robots)" "www.saveaslave.com"
208.115.113.86 - - [05/May/2016:00:52:48 -0700] "GET /article.php?id=3 HTTP/1.1" 200 50919 "-" "Mozilla/5.0 (compatible; DotBot/1.1; http://www.opensiteexplorer.org/dotbot, help@moz.com)" "www.saveaslave.com"[1]
208.115.113.86 - - [05/May/2016:00:54:40 -0700] "GET /article.php?id=113 HTTP/1.1" 200 43936 "-" "Mozilla/5.0 (compatible; DotBot/1.1; http://www.opensiteexplorer.org/dotbot, help@moz.com)" "saveaslave.com"
151.80.31.151 - - [05/May/2016:01:06:44 -0700] "GET /robots.txt HTTP/1.1" 200 48 "-" "Mozilla/5.0 (compatible; AhrefsBot/5.1; +http://ahrefs.com/robot/)" "www.saveaslave.com"[0]
208.115.113.86 - - [05/May/2016:01:13:56 -0700] "GET /americansamoa HTTP/1.1" 404 89 "-" "Mozilla/5.0 (compatible; DotBot/1.1; http://www.opensiteexplorer.org/dotbot, help@moz.com)" "saveaslave.com"[0]
65.36.241.48 - - [05/May/2016:01:55:15 -0700] "HEAD / HTTP/1.1" 200 0 "-" "InternetSeer.com" "www.saveaslave.com"
61.135.189.101 - - [05/May/2016:02:01:47 -0700] "GET /robots.txt HTTP/1.1" 200 48 "-" "Sogou web spider/4.0(+http://www.sogou.com/docs/help/webmasters.htm#07)" "saveaslave.com"
61.135.189.101 - - [05/May/2016:02:01:48 -0700] "GET /site/?cat=93 HTTP/1.1" 404 89 "-" "Sogou web spider/4.0(+http://www.sogou.com/docs/help/webmasters.htm#07)" "saveaslave.com"
157.55.39.39 - - [05/May/2016:02:19:47 -0700] "GET /robots.txt HTTP/1.1" 200 48 "-" "Mozilla/5.0 (compatible; bingbot/2.0; +http://www.bing.com/bingbot.htm)" "www.saveaslave.com"
217.69.136.205 - - [05/May/2016:02:25:06 -0700] "GET /brazil.html HTTP/1.1" 404 89 "-" "Mozilla/5.0 (compatible; Linux x86_64; Mail.RU_Bot/2.0; +http://go.mail.ru/help/robots)" "www.saveaslave.com"
208.115.113.86 - - [05/May/2016:02:48:58 -0700] "GET /in-russian.php HTTP/1.1" 200 90437 "-" "Mozilla/5.0 (compatible; DotBot/1.1; http://www.opensiteexplorer.org/dotbot, help@moz.com)" "saveaslave.com"[2]
208.115.113.86 - - [05/May/2016:02:49:01 -0700] "GET /who-we-arer.php HTTP/1.1" 200 85 "-" "Mozilla/5.0 (compatible; DotBot/1.1; http://www.opensiteexplorer.org/dotbot, help@moz.com)" "saveaslave.com"[0]
157.55.39.39 - - [05/May/2016:02:49:09 -0700] "GET /images/social2.png HTTP/1.1" 200 1752 "-" "Mozilla/5.0 (compatible; bingbot/2.0; +http://www.bing.com/bingbot.htm)" "www.saveaslave.com"
208.115.113.86 - - [05/May/2016:03:19:56 -0700] "GET /gibraltar HTTP/1.1" 404 89 "-" "Mozilla/5.0 (compatible; DotBot/1.1; http://www.opensiteexplorer.org/dotbot, help@moz.com)" "www.saveaslave.com"[0]
208.115.113.86 - - [05/May/2016:03:19:57 -0700] "GET /bermuda.html HTTP/1.1" 404 89 "-" "Mozilla/5.0 (compatible; DotBot/1.1; http://www.opensiteexplorer.org/dotbot, help@moz.com)" "www.saveaslave.com"
208.115.113.86 - - [05/May/2016:03:19:57 -0700] "GET /venezuela HTTP/1.1" 404 89 "-" "Mozilla/5.0 (compatible; DotBot/1.1; http://www.opensiteexplorer.org/dotbot, help@moz.com)" "saveaslave.com"[0]
66.220.158.122 - - [05/May/2016:03:30:44 -0700] "GET /images/cover1.jpg HTTP/1.1" 200 253658 "-" "facebookexternalhit/1.1 (+http://www.facebook.com/externalhit_uatext.php)" "www.saveaslave.com"
109.84.2.207 - - [05/May/2016:03:31:02 -0700] "GET / HTTP/1.1" 200 89033 "http://m.facebook.com/" "Mozilla/5.0 (Linux; Android 5.1.1; SAMSUNG-SM-G900A Build/LMY47X; wv) AppleWebKit/537.36 (KHTML, like Gecko) Version/4.0 Chrome/50.0.2661.86 Mobile Safari/537.36" "www.saveaslave.com"
208.115.113.86 - - [05/May/2016:03:38:24 -0700] "GET /robots.txt HTTP/1.1" 200 48 "-" "Mozilla/5.0 (compatible; DotBot/1.1; http://www.opensiteexplorer.org/dotbot, help@moz.com)" "www.saveaslave.com"
208.115.113.86 - - [05/May/2016:03:38:24 -0700] "GET /robots.txt HTTP/1.1" 200 48 "-" "Mozilla/5.0 (compatible; DotBot/1.1; http://www.opensiteexplorer.org/dotbot, help@moz.com)" "saveaslave.com"
180.76.15.28 - - [05/May/2016:03:45:19 -0700] "GET /country.php?name=Egypt&lang=en HTTP/1.1" 200 53142 "-" "Mozilla/5.0 (compatible; Baiduspider/2.0; +http://www.baidu.com/search/spider.html)" "www.saveaslave.com"
77.75.79.101 - - [05/May/2016:04:31:43 -0700] "GET /news5.php HTTP/1.1" 200 73 "-" "Mozilla/5.0 (compatible; SeznamBot/3.2; +http://napoveda.seznam.cz/en/seznambot-intro/)" "saveaslave.com"
208.115.113.86 - - [05/May/2016:04:53:02 -0700] "GET /micronesia.html HTTP/1.1" 404 89 "-" "Mozilla/5.0 (compatible; DotBot/1.1; http://www.opensiteexplorer.org/dotbot, help@moz.com)" "www.saveaslave.com"
208.115.113.86 - - [05/May/2016:04:53:03 -0700] "GET /saint-lucia.html HTTP/1.1" 404 89 "-" "Mozilla/5.0 (compatible; DotBot/1.1; http://www.opensiteexplorer.org/dotbot, help@moz.com)" "www.saveaslave.com"
208.115.113.86 - - [05/May/2016:04:53:03 -0700] "GET /slovakia.html HTTP/1.1" 404 89 "-" "Mozilla/5.0 (compatible; DotBot/1.1; http://www.opensiteexplorer.org/dotbot, help@moz.com)" "www.saveaslave.com"
180.76.15.21 - - [05/May/2016:05:19:20 -0700] "GET /images/supporters/Thumbs.db HTTP/1.1" 200 305664 "-" "Mozilla/5.0 (compatible; Baiduspider/2.0; +http://www.baidu.com/search/spider.html)" "www.saveaslave.com"
80.119.177.232 - - [05/May/2016:05:33:34 -0700] "GET / HTTP/1.1" 200 89033 "http://www.ohchr.org/EN/Issues/Slavery/UNVTFCFS/Pages/SlaveryList.aspx" "Mozilla/5.0 (Macintosh; Intel Mac OS X 10_9_3) AppleWebKit/537.36 (KHTML, like Gecko) Chrome/50.0.2661.94 Safari/537.36" "www.saveaslave.com"
80.119.177.232 - - [05/May/2016:05:33:35 -0700] "GET /gfeedfetcher.js HTTP/1.1" 200 9018 "http://www.saveaslave.com/" "Mozilla/5.0 (Macintosh; Intel Mac OS X 10_9_3) AppleWebKit/537.36 (KHTML, like Gecko) Chrome/50.0.2661.94 Safari/537.36" "www.saveaslave.com"
80.119.177.232 - - [05/May/2016:05:33:35 -0700] "GET /assets/js/ie-emulation-modes-warning.js HTTP/1.1" 200 2130 "http://www.saveaslave.com/" "Mozilla/5.0 (Macintosh; Intel Mac OS X 10_9_3) AppleWebKit/537.36 (KHTML, like Gecko) Chrome/50.0.2661.94 Safari/537.36" "www.saveaslave.com"
80.119.177.232 - - [05/May/2016:05:33:35 -0700] "GET /gajaxscroller.js HTTP/1.1" 200 9774 "http://www.saveaslave.com/" "Mozilla/5.0 (Macintosh; Intel Mac OS X 10_9_3) AppleWebKit/537.36 (KHTML, like Gecko) Chrome/50.0.2661.94 Safari/537.36" "www.saveaslave.com"
80.119.177.232 - - [05/May/2016:05:33:35 -0700] "GET /images/article/end_it.jpg HTTP/1.1" 200 33676 "http://www.saveaslave.com/" "Mozilla/5.0 (Macintosh; Intel Mac OS X 10_9_3) AppleWebKit/537.36 (KHTML, like Gecko) Chrome/50.0.2661.94 Safari/537.36" "www.saveaslave.com"
80.119.177.232 - - [05/May/2016:05:33:35 -0700] "GET /images/top.jpg HTTP/1.1" 200 50519 "http://www.saveaslave.com/" "Mozilla/5.0 (Macintosh; Intel Mac OS X 10_9_3) AppleWebKit/537.36 (KHTML, like Gecko) Chrome/50.0.2661.94 Safari/537.36" "www.saveaslave.com"
80.119.177.232 - - [05/May/2016:05:33:35 -0700] "GET /images/article/s1_dety_beg_d9954.jpg HTTP/1.1" 200 16968 "http://www.saveaslave.com/" "Mozilla/5.0 (Macintosh; Intel Mac OS X 10_9_3) AppleWebKit/537.36 (KHTML, like Gecko) Chrome/50.0.2661.94 Safari/537.36" "www.saveaslave.com"
80.119.177.232 - - [05/May/2016:05:33:36 -0700] "GET /images/article/suspects.jpg HTTP/1.1" 200 58796 "http://www.saveaslave.com/" "Mozilla/5.0 (Macintosh; Intel Mac OS X 10_9_3) AppleWebKit/537.36 (KHTML, like Gecko) Chrome/50.0.2661.94 Safari/537.36" "www.saveaslave.com"
80.119.177.232 - - [05/May/2016:05:33:36 -0700] "GET /images/social1.png HTTP/1.1" 200 2012 "http://www.saveaslave.com/" "Mozilla/5.0 (Macintosh; Intel Mac OS X 10_9_3) AppleWebKit/537.36 (KHTML, like Gecko) Chrome/50.0.2661.94 Safari/537.36" "www.saveaslave.com"[0]
80.119.177.232 - - [05/May/2016:05:33:36 -0700] "GET /css/style-pages.css HTTP/1.1" 200 9894 "http://www.saveaslave.com/" "Mozilla/5.0 (Macintosh; Intel Mac OS X 10_9_3) AppleWebKit/537.36 (KHTML, like Gecko) Chrome/50.0.2661.94 Safari/537.36" "www.saveaslave.com"
80.119.177.232 - - [05/May/2016:05:33:36 -0700] "GET /images/select-arrow.png HTTP/1.1" 200 1118 "http://www.saveaslave.com/css/style.css" "Mozilla/5.0 (Macintosh; Intel Mac OS X 10_9_3) AppleWebKit/537.36 (KHTML, like Gecko) Chrome/50.0.2661.94 Safari/537.36" "www.saveaslave.com"
80.119.177.232 - - [05/May/2016:05:33:36 -0700] "GET /assets/js/ie10-viewport-bug-workaround.js HTTP/1.1" 200 641 "http://www.saveaslave.com/" "Mozilla/5.0 (Macintosh; Intel Mac OS X 10_9_3) AppleWebKit/537.36 (KHTML, like Gecko) Chrome/50.0.2661.94 Safari/537.36" "www.saveaslave.com"
80.119.177.232 - - [05/May/2016:05:33:42 -0700] "GET /ico/favicon-16x16.png HTTP/1.1" 200 1129 "http://www.saveaslave.com/" "Mozilla/5.0 (Macintosh; Intel Mac OS X 10_9_3) AppleWebKit/537.36 (KHTML, like Gecko) Chrome/50.0.2661.94 Safari/537.36" "www.saveaslave.com"
208.115.113.86 - - [05/May/2016:05:37:00 -0700] "GET /robots.txt HTTP/1.1" 200 48 "-" "Mozilla/5.0 (compatible; DotBot/1.1; http://www.opensiteexplorer.org/dotbot, help@moz.com)" "www.saveaslave.com"
208.115.113.86 - - [05/May/2016:05:37:00 -0700] "GET /robots.txt HTTP/1.1" 200 48 "-" "Mozilla/5.0 (compatible; DotBot/1.1; http://www.opensiteexplorer.org/dotbot, help@moz.com)" "saveaslave.com"
178.137.93.24 - - [05/May/2016:06:38:04 -0700] "GET /robots.txt HTTP/1.1" 200 48 "-" "Mozilla/5.0 (Windows 10; WOW64; rv:41.0) Gecko/20100101 Firefox/41.0" "saveaslave.com"
178.137.93.24 - - [05/May/2016:06:38:06 -0700] "GET / HTTP/1.1" 200 89069 "-" "Mozilla/5.0 (Windows 10; WOW64; rv:41.0) Gecko/20100101 Firefox/41.0" "saveaslave.com"
178.137.93.24 - - [05/May/2016:06:38:07 -0700] "GET /wordpress/ HTTP/1.1" 404 89 "-" "Mozilla/5.0 (Windows 10; WOW64; rv:41.0) Gecko/20100101 Firefox/41.0" "saveaslave.com"
178.137.93.24 - - [05/May/2016:06:38:07 -0700] "GET /wp/ HTTP/1.1" 404 89 "-" "Mozilla/5.0 (Windows 10; WOW64; rv:41.0) Gecko/20100101 Firefox/41.0" "saveaslave.com"[0]
104.236.210.185 - - [05/May/2016:06:45:12 -0700] "GET /robots.txt HTTP/1.1" 200 48 "-" "Mozilla/5.0 (compatible; spbot/5.0.1; +http://OpenLinkProfiler.org/bot )" "saveaslave.com"
104.236.210.185 - - [05/May/2016:06:45:19 -0700] "GET / HTTP/1.1" 200 89069 "-" "Mozilla/5.0 (compatible; spbot/5.0.1; +http://OpenLinkProfiler.org/bot )" "www.saveaslave.com"
104.236.210.185 - - [05/May/2016:06:45:21 -0700] "GET /help.php HTTP/1.1" 200 52224 "http://www.saveaslave.com/" "Mozilla/5.0 (compatible; spbot/5.0.1; +http://OpenLinkProfiler.org/bot )" "www.saveaslave.com"
104.236.210.185 - - [05/May/2016:06:45:42 -0700] "GET /contact-us.php HTTP/1.1" 200 30488 "http://www.saveaslave.com/" "Mozilla/5.0 (compatible; spbot/5.0.1; +http://OpenLinkProfiler.org/bot )" "www.saveaslave.com"
104.236.210.185 - - [05/May/2016:06:45:57 -0700] "GET /article.php?id=6 HTTP/1.1" 200 47536 "http://www.saveaslave.com/our-news.php" "Mozilla/5.0 (compatible; spbot/5.0.1; +http://OpenLinkProfiler.org/bot )" "www.saveaslave.com"[0]
104.236.210.185 - - [05/May/2016:06:46:02 -0700] "GET /article.php?id=1 HTTP/1.1" 200 44878 "http://www.saveaslave.com/our-news.php" "Mozilla/5.0 (compatible; spbot/5.0.1; +http://OpenLinkProfiler.org/bot )" "www.saveaslave.com"[0]
104.236.210.185 - - [05/May/2016:06:46:07 -0700] "GET /article.php?id=3 HTTP/1.1" 200 50883 "http://www.saveaslave.com/our-news.php" "Mozilla/5.0 (compatible; spbot/5.0.1; +http://OpenLinkProfiler.org/bot )" "www.saveaslave.com"
104.236.210.185 - - [05/May/2016:06:46:17 -0700] "GET /article.php?id=7 HTTP/1.1" 200 49163 "http://www.saveaslave.com/our-news.php" "Mozilla/5.0 (compatible; spbot/5.0.1; +http://OpenLinkProfiler.org/bot )" "www.saveaslave.com"
104.236.210.185 - - [05/May/2016:06:46:22 -0700] "GET /article.php?id=22 HTTP/1.1" 200 46603 "http://www.saveaslave.com/" "Mozilla/5.0 (compatible; spbot/5.0.1; +http://OpenLinkProfiler.org/bot )" "www.saveaslave.com"[0]
104.236.210.185 - - [05/May/2016:06:46:28 -0700] "GET /article.php?id=21 HTTP/1.1" 200 49340 "http://www.saveaslave.com/our-news.php" "Mozilla/5.0 (compatible; spbot/5.0.1; +http://OpenLinkProfiler.org/bot )" "www.saveaslave.com"
104.236.210.185 - - [05/May/2016:06:46:32 -0700] "GET /article.php?id=46 HTTP/1.1" 200 49271 "http://www.saveaslave.com/" "Mozilla/5.0 (compatible; spbot/5.0.1; +http://OpenLinkProfiler.org/bot )" "www.saveaslave.com"
104.236.210.185 - - [05/May/2016:06:46:38 -0700] "GET /help-advanced.php HTTP/1.1" 200 53172 "http://www.saveaslave.com/help.php" "Mozilla/5.0 (compatible; spbot/5.0.1; +http://OpenLinkProfiler.org/bot )" "www.saveaslave.com"[0]
104.236.210.185 - - [05/May/2016:06:46:47 -0700] "GET /article.php?id=13 HTTP/1.1" 200 60510 "http://www.saveaslave.com/our-news.php" "Mozilla/5.0 (compatible; spbot/5.0.1; +http://OpenLinkProfiler.org/bot )" "www.saveaslave.com"[0]
104.236.210.185 - - [05/May/2016:06:47:03 -0700] "GET /article.php?id=15 HTTP/1.1" 200 56179 "http://www.saveaslave.com/our-news.php" "Mozilla/5.0 (compatible; spbot/5.0.1; +http://OpenLinkProfiler.org/bot )" "www.saveaslave.com"
104.236.210.185 - - [05/May/2016:06:47:07 -0700] "GET /managearticle.php HTTP/1.1" 200 1294 "http://www.saveaslave.com/help-advanced.php" "Mozilla/5.0 (compatible; spbot/5.0.1; +http://OpenLinkProfiler.org/bot )" "www.saveaslave.com"
104.236.210.185 - - [05/May/2016:06:47:17 -0700] "GET /article.php?id=111 HTTP/1.1" 200 46166 "http://www.saveaslave.com/our-news.php" "Mozilla/5.0 (compatible; spbot/5.0.1; +http://OpenLinkProfiler.org/bot )" "www.saveaslave.com"[0]
104.236.210.185 - - [05/May/2016:06:47:28 -0700] "GET /in-russian.php?lang=ru HTTP/1.1" 200 92353 "http://www.saveaslave.com/" "Mozilla/5.0 (compatible; spbot/5.0.1; +http://OpenLinkProfiler.org/bot )" "saveaslave.com"
104.236.210.185 - - [05/May/2016:06:47:32 -0700] "GET / HTTP/1.1" 200 89033 "http://saveaslave.com/in-russian.php?lang=ru" "Mozilla/5.0 (compatible; spbot/5.0.1; +http://OpenLinkProfiler.org/bot )" "saveaslave.com"[0]
104.236.210.185 - - [05/May/2016:06:47:37 -0700] "GET /help.php HTTP/1.1" 200 52260 "http://saveaslave.com/" "Mozilla/5.0 (compatible; spbot/5.0.1; +http://OpenLinkProfiler.org/bot )" "saveaslave.com"[0]
104.236.210.185 - - [05/May/2016:06:47:43 -0700] "GET /index.php HTTP/1.1" 200 89069 "http://saveaslave.com/" "Mozilla/5.0 (compatible; spbot/5.0.1; +http://OpenLinkProfiler.org/bot )" "saveaslave.com"
104.236.210.185 - - [05/May/2016:06:47:47 -0700] "GET /our-news.php HTTP/1.1" 200 85 "http://saveaslave.com/" "Mozilla/5.0 (compatible; spbot/5.0.1; +http://OpenLinkProfiler.org/bot )" "saveaslave.com"
104.236.210.185 - - [05/May/2016:06:47:57 -0700] "GET /contact-us.php HTTP/1.1" 200 30488 "http://saveaslave.com/" "Mozilla/5.0 (compatible; spbot/5.0.1; +http://OpenLinkProfiler.org/bot )" "saveaslave.com"[0]
104.236.210.185 - - [05/May/2016:06:48:07 -0700] "GET /who-we-are.php HTTP/1.1" 200 50828 "http://saveaslave.com/" "Mozilla/5.0 (compatible; spbot/5.0.1; +http://OpenLinkProfiler.org/bot )" "saveaslave.com"[0]
104.236.210.185 - - [05/May/2016:06:48:12 -0700] "GET /contact-usr.php HTTP/1.1" 200 19817 "http://saveaslave.com/in-russian.php?lang=ru" "Mozilla/5.0 (compatible; spbot/5.0.1; +http://OpenLinkProfiler.org/bot )" "saveaslave.com"
104.236.210.185 - - [05/May/2016:06:48:23 -0700] "GET /article.php?id=9 HTTP/1.1" 200 100379 "http://saveaslave.com/our-newsr.php" "Mozilla/5.0 (compatible; spbot/5.0.1; +http://OpenLinkProfiler.org/bot )" "saveaslave.com"
104.236.210.185 - - [05/May/2016:06:48:27 -0700] "GET /article.php?id=8 HTTP/1.1" 200 54735 "http://saveaslave.com/our-newsr.php" "Mozilla/5.0 (compatible; spbot/5.0.1; +http://OpenLinkProfiler.org/bot )" "saveaslave.com"
104.236.210.185 - - [05/May/2016:06:48:32 -0700] "GET /article.php?id=60 HTTP/1.1" 200 49020 "http://saveaslave.com/our-newsr.php" "Mozilla/5.0 (compatible; spbot/5.0.1; +http://OpenLinkProfiler.org/bot )" "saveaslave.com"
104.236.210.185 - - [05/May/2016:06:48:37 -0700] "GET /article.php?id=10 HTTP/1.1" 200 49441 "http://saveaslave.com/our-newsr.php" "Mozilla/5.0 (compatible; spbot/5.0.1; +http://OpenLinkProfiler.org/bot )" "saveaslave.com"[0]
104.236.210.185 - - [05/May/2016:06:48:42 -0700] "GET /article.php?id=20 HTTP/1.1" 200 50168 "http://saveaslave.com/our-newsr.php" "Mozilla/5.0 (compatible; spbot/5.0.1; +http://OpenLinkProfiler.org/bot )" "saveaslave.com"[0]
104.236.210.185 - - [05/May/2016:06:48:47 -0700] "GET /article.php?id=19 HTTP/1.1" 200 48678 "http://saveaslave.com/our-newsr.php" "Mozilla/5.0 (compatible; spbot/5.0.1; +http://OpenLinkProfiler.org/bot )" "saveaslave.com"[0]
104.236.210.185 - - [05/May/2016:06:48:52 -0700] "GET /article.php?id=18 HTTP/1.1" 200 47101 "http://saveaslave.com/our-newsr.php" "Mozilla/5.0 (compatible; spbot/5.0.1; +http://OpenLinkProfiler.org/bot )" "saveaslave.com"
104.236.210.185 - - [05/May/2016:06:48:57 -0700] "GET /article.php?id=46 HTTP/1.1" 200 49307 "http://saveaslave.com/" "Mozilla/5.0 (compatible; spbot/5.0.1; +http://OpenLinkProfiler.org/bot )" "saveaslave.com"
104.236.210.185 - - [05/May/2016:06:49:03 -0700] "GET /article.php?id=66 HTTP/1.1" 200 52799 "http://saveaslave.com/in-russian.php?lang=ru" "Mozilla/5.0 (compatible; spbot/5.0.1; +http://OpenLinkProfiler.org/bot )" "saveaslave.com"
104.236.210.185 - - [05/May/2016:06:49:12 -0700] "GET /article.php?id=86 HTTP/1.1" 200 43991 "http://saveaslave.com/" "Mozilla/5.0 (compatible; spbot/5.0.1; +http://OpenLinkProfiler.org/bot )" "saveaslave.com"
104.236.210.185 - - [05/May/2016:06:49:22 -0700] "GET /article.php?id=32 HTTP/1.1" 200 51091 "http://saveaslave.com/" "Mozilla/5.0 (compatible; spbot/5.0.1; +http://OpenLinkProfiler.org/bot )" "saveaslave.com"
104.236.210.185 - - [05/May/2016:06:49:27 -0700] "GET /article.php?id=65 HTTP/1.1" 200 50233 "http://saveaslave.com/in-russian.php?lang=ru" "Mozilla/5.0 (compatible; spbot/5.0.1; +http://OpenLinkProfiler.org/bot )" "saveaslave.com"[0]
104.236.210.185 - - [05/May/2016:06:49:32 -0700] "GET /article.php?id=22 HTTP/1.1" 200 46639 "http://saveaslave.com/" "Mozilla/5.0 (compatible; spbot/5.0.1; +http://OpenLinkProfiler.org/bot )" "saveaslave.com"[0]
104.236.210.185 - - [05/May/2016:06:49:42 -0700] "GET /article.php?id=24 HTTP/1.1" 200 45849 "http://saveaslave.com/our-newsr.php" "Mozilla/5.0 (compatible; spbot/5.0.1; +http://OpenLinkProfiler.org/bot )" "saveaslave.com"[0]
104.236.210.185 - - [05/May/2016:06:49:47 -0700] "GET /article.php?id=12 HTTP/1.1" 200 49566 "http://saveaslave.com/our-newsr.php" "Mozilla/5.0 (compatible; spbot/5.0.1; +http://OpenLinkProfiler.org/bot )" "saveaslave.com"
104.236.210.185 - - [05/May/2016:06:49:52 -0700] "GET /article.php?id=11 HTTP/1.1" 200 67642 "http://saveaslave.com/our-newsr.php" "Mozilla/5.0 (compatible; spbot/5.0.1; +http://OpenLinkProfiler.org/bot )" "saveaslave.com"[0]
104.236.210.185 - - [05/May/2016:06:49:57 -0700] "GET /article.php?id=63 HTTP/1.1" 200 45499 "http://saveaslave.com/in-russian.php?lang=ru" "Mozilla/5.0 (compatible; spbot/5.0.1; +http://OpenLinkProfiler.org/bot )" "saveaslave.com"[0]
104.236.210.185 - - [05/May/2016:06:50:03 -0700] "GET /article.php?id=61 HTTP/1.1" 200 56336 "http://saveaslave.com/our-newsr.php" "Mozilla/5.0 (compatible; spbot/5.0.1; +http://OpenLinkProfiler.org/bot )" "saveaslave.com"
104.236.210.185 - - [05/May/2016:06:50:32 -0700] "GET /our-supportersr.php HTTP/1.1" 200 73 "http://saveaslave.com/in-russian.php?lang=ru" "Mozilla/5.0 (compatible; spbot/5.0.1; +http://OpenLinkProfiler.org/bot )" "saveaslave.com"[0]
104.236.210.185 - - [05/May/2016:06:50:37 -0700] "GET /article.php?id=113 HTTP/1.1" 200 43900 "http://www.saveaslave.com/our-news.php" "Mozilla/5.0 (compatible; spbot/5.0.1; +http://OpenLinkProfiler.org/bot )" "www.saveaslave.com"[0]
104.236.210.185 - - [05/May/2016:06:50:42 -0700] "GET /our-supporters.php HTTP/1.1" 200 55407 "http://www.saveaslave.com/" "Mozilla/5.0 (compatible; spbot/5.0.1; +http://OpenLinkProfiler.org/bot )" "www.saveaslave.com"[0]
208.115.113.86 - - [05/May/2016:06:53:23 -0700] "GET /marshall-islands.html HTTP/1.1" 404 89 "-" "Mozilla/5.0 (compatible; DotBot/1.1; http://www.opensiteexplorer.org/dotbot, help@moz.com)" "www.saveaslave.com"
208.115.113.86 - - [05/May/2016:07:20:08 -0700] "GET /montenegro HTTP/1.1" 404 89 "-" "Mozilla/5.0 (compatible; DotBot/1.1; http://www.opensiteexplorer.org/dotbot, help@moz.com)" "www.saveaslave.com"[0]
208.115.113.86 - - [05/May/2016:07:20:08 -0700] "GET /georgia HTTP/1.1" 404 89 "-" "Mozilla/5.0 (compatible; DotBot/1.1; http://www.opensiteexplorer.org/dotbot, help@moz.com)" "saveaslave.com"
91.230.110.121 - - [05/May/2016:07:20:41 -0700] "GET / HTTP/1.1" 200 89069 "http://saveaslave.com/" "Mozilla/5.0 (Windows NT 6.1; WOW64) AppleWebKit/537.36 (KHTML like Gecko) Chrome/35.0.1916.153 Safari/537.36" "saveaslave.com"
77.75.78.161 - - [05/May/2016:07:33:19 -0700] "GET /sitemap.xml HTTP/1.1" 200 296 "-" "Mozilla/5.0 (compatible; SeznamBot/3.2; +http://napoveda.seznam.cz/en/seznambot-intro/)" "saveaslave.com"
208.115.113.86 - - [05/May/2016:07:38:07 -0700] "GET /robots.txt HTTP/1.1" 200 48 "-" "Mozilla/5.0 (compatible; DotBot/1.1; http://www.opensiteexplorer.org/dotbot, help@moz.com)" "saveaslave.com"
208.115.113.86 - - [05/May/2016:07:38:08 -0700] "GET /robots.txt HTTP/1.1" 200 48 "-" "Mozilla/5.0 (compatible; DotBot/1.1; http://www.opensiteexplorer.org/dotbot, help@moz.com)" "www.saveaslave.com"
164.132.161.67 - - [05/May/2016:07:41:39 -0700] "GET /barbados.html HTTP/1.1" 404 89 "-" "Mozilla/5.0 (compatible; AhrefsBot/5.1; +http://ahrefs.com/robot/)" "saveaslave.com"
157.55.39.39 - - [05/May/2016:07:48:34 -0700] "GET /cameroon.html HTTP/1.1" 404 89 "-" "Mozilla/5.0 (compatible; bingbot/2.0; +http://www.bing.com/bingbot.htm)" "saveaslave.com"
117.78.13.55 - - [05/May/2016:08:21:27 -0700] "GET /robots.txt HTTP/1.1" 200 48 "-" "nutch-1.4/Nutch-1.4" "www.saveaslave.com"
117.78.13.55 - - [05/May/2016:08:21:30 -0700] "GET / HTTP/1.1" 200 89069 "-" "nutch-1.4/Nutch-1.4" "www.saveaslave.com"
