199.21.99.201 - - [05/May/2017:02:45:00 -0700] "GET /favicon.ico HTTP/1.1" 404 89 "-" "Mozilla/5.0 (compatible; YandexBot/3.0; +http://yandex.com/bots)" "saveaslave.com"
65.36.241.48 - - [05/May/2017:02:49:29 -0700] "HEAD / HTTP/1.1" 200 0 "-" "InternetSeer.com" "www.saveaslave.com"
77.88.47.86 - - [05/May/2017:03:02:48 -0700] "GET /favicon.ico HTTP/1.1" 404 89 "-" "Mozilla/5.0 (compatible; YandexBot/3.0; +http://yandex.com/bots)" "saveaslave.com"
37.110.214.3 - - [05/May/2017:03:06:00 -0700] "GET /images/article/kateryna_ardanyan.jpg HTTP/1.1" 200 45587 "http://images.google.com/imgres?imgurl=http://saveaslave.com/images/article/kateryna_ardanyan.jpg&imgrefurl=http://saveaslave.com/our-newsr.php&h=630&w=1200&tbnid=GLcpO-eo_yooDM:&q=%D0%A1%D0%83%D0%A0%C2%B5%D0%A0%D1%94%D0%A1%D0%83%D0%A1%D1%93%D0%A0%C2%B0%D0%A0%C2%BB%D0%A0%D0%85%D0%A0%D1%91%D0%A0%E2%84%96&tbnh=79&tbnw=150&iact=rc&usg=__oE0olIN_AL29qoj97h0YUg54VpA=&vet=1&hl=ru&ei=K00MWe38N8yOsAG3xbqADA&tbm=isch&client=ms-samsung&sa=X&ved=0ahUKEwitvq2kv9jTAhVMBywKHbeiDsAQrQMIJDAE" "SAMSUNG-GT-C3011/1.0 Openwave/6.2.3 Profile/MIDP-2.0 Configuration/CLDC-1.1 UP.Browser/6.2.3.3.c.1.101 (GUI) MMP/2.0" "saveaslave.com"
100.43.91.15 - - [05/May/2017:03:08:02 -0700] "GET /ico/apple-icon-72x72.png HTTP/1.1" 200 3219 "-" "Mozilla/5.0 (compatible; YandexBot/3.0; +http://yandex.com/bots)" "saveaslave.com"
141.8.143.195 - - [05/May/2017:03:08:14 -0700] "GET /ico/android-icon-192x192.png HTTP/1.1" 200 10097 "-" "Mozilla/5.0 (compatible; YandexBot/3.0; +http://yandex.com/bots)" "saveaslave.com"
199.21.99.201 - - [05/May/2017:03:24:56 -0700] "GET /images/article/article1r.jpg HTTP/1.1" 200 14025 "-" "Mozilla/5.0 (compatible; YandexImages/3.0; +http://yandex.com/bots)" "saveaslave.com"
106.120.173.111 - - [05/May/2017:03:32:02 -0700] "GET /site/?cat=109 HTTP/1.1" 404 89 "-" "Sogou web spider/4.0(+http://www.sogou.com/docs/help/webmasters.htm#07)" "saveaslave.com"[0]
106.120.173.111 - - [05/May/2017:03:32:55 -0700] "GET /site/?p=34 HTTP/1.1" 404 89 "-" "Sogou web spider/4.0(+http://www.sogou.com/docs/help/webmasters.htm#07)" "saveaslave.com"
164.132.161.73 - - [05/May/2017:03:42:11 -0700] "GET /article.php?id=116 HTTP/1.1" 200 44284 "-" "Mozilla/5.0 (compatible; AhrefsBot/5.2; +http://ahrefs.com/robot/)" "saveaslave.com"[1]
216.244.66.250 - - [05/May/2017:04:16:50 -0700] "GET /robots.txt HTTP/1.1" 200 48 "-" "Mozilla/5.0 (compatible; DotBot/1.1; http://www.opensiteexplorer.org/dotbot, help@moz.com)" "saveaslave.com"
63.243.252.140 - - [05/May/2017:04:45:02 -0700] "GET /country.php?name=Bolivia&lang=en HTTP/1.1" 200 54936 "-" "Mozilla/5.0 (compatible; Baiduspider/2.0; +http://www.baidu.com/search/spider.html)" "www.saveaslave.com"[1]
180.76.15.153 - - [05/May/2017:04:45:16 -0700] "GET /robots.txt HTTP/1.1" 200 48 "-" "Mozilla/5.0 (Windows NT 5.1; rv:6.0.2) Gecko/20100101 Firefox/6.0.2" "www.saveaslave.com"
180.76.15.143 - - [05/May/2017:04:45:17 -0700] "GET /robots.txt HTTP/1.1" 200 48 "-" "Mozilla/5.0 (Windows NT 5.1; rv:6.0.2) Gecko/20100101 Firefox/6.0.2" "www.saveaslave.com"
65.36.241.48 - - [05/May/2017:04:46:01 -0700] "HEAD / HTTP/1.1" 200 0 "-" "InternetSeer.com" "www.saveaslave.com"
216.244.66.250 - - [05/May/2017:05:01:46 -0700] "GET /article.php?id=64 HTTP/1.1" 200 47973 "-" "Mozilla/5.0 (compatible; DotBot/1.1; http://www.opensiteexplorer.org/dotbot, help@moz.com)" "saveaslave.com"
137.74.207.161 - - [05/May/2017:05:05:16 -0700] "GET /www.lafla.org HTTP/1.1" 404 89 "-" "Mozilla/5.0 (compatible; AhrefsBot/5.2; +http://ahrefs.com/robot/)" "saveaslave.com"
107.167.113.98 - - [05/May/2017:05:09:17 -0700] "GET /country.php?name=Andorra&lang=en HTTP/1.1" 200 54698 "http://www.google.co.id/search?q=andorra+muslim&btnG=&client=ms-opera-mini-android&channel=new&tbm=isch" "Opera/9.80 (Android; Opera Mini/24.0.2254/61.485; U; id) Presto/2.12.423 Version/12.16" "www.saveaslave.com"
107.167.113.98 - - [05/May/2017:05:09:18 -0700] "GET /css/bootstrap.min.css HTTP/1.1" 200 123578 "http://www.saveaslave.com/country.php?name=Andorra&lang=en" "Opera/9.80 (Android; Opera Mini/24.0.2254/61.485; U; id) Presto/2.12.423 Version/12.16" "www.saveaslave.com"
107.167.113.98 - - [05/May/2017:05:09:18 -0700] "GET /ico/favicon-16x16.png HTTP/1.1" 200 1129 "http://www.saveaslave.com/country.php?name=Andorra&lang=en" "Opera/9.80 (Android; Opera Mini/24.0.2254/61.485; U; id) Presto/2.12.423 Version/12.16" "www.saveaslave.com"
107.167.113.98 - - [05/May/2017:05:09:18 -0700] "GET /ico/android-icon-192x192.png HTTP/1.1" 200 10097 "http://www.saveaslave.com/country.php?name=Andorra&lang=en" "Opera/9.80 (Android; Opera Mini/24.0.2254/61.485; U; id) Presto/2.12.423 Version/12.16" "www.saveaslave.com"
107.167.113.98 - - [05/May/2017:05:09:18 -0700] "GET /ico/android-icon-192x192.png HTTP/1.1" 200 10097 "http://www.saveaslave.com/country.php?name=Andorra&lang=en" "Opera/9.80 (Android; Opera Mini/24.0.2254/61.485; U; id) Presto/2.12.423 Version/12.16" "www.saveaslave.com"
107.167.113.98 - - [05/May/2017:05:09:18 -0700] "GET /ico/favicon-32x32.png HTTP/1.1" 200 1892 "http://www.saveaslave.com/country.php?name=Andorra&lang=en" "Opera/9.80 (Android; Opera Mini/24.0.2254/61.485; U; id) Presto/2.12.423 Version/12.16" "www.saveaslave.com"
107.167.113.98 - - [05/May/2017:05:09:18 -0700] "GET /ico/favicon-32x32.png HTTP/1.1" 200 1892 "http://www.saveaslave.com/country.php?name=Andorra&lang=en" "Opera/9.80 (Android; Opera Mini/24.0.2254/61.485; U; id) Presto/2.12.423 Version/12.16" "www.saveaslave.com"
107.167.113.98 - - [05/May/2017:05:09:18 -0700] "GET /gfeedfetcher.js HTTP/1.1" 200 9018 "http://www.saveaslave.com/country.php?name=Andorra&lang=en" "Opera/9.80 (Android; Opera Mini/24.0.2254/61.485; U; id) Presto/2.12.423 Version/12.16" "www.saveaslave.com"
107.167.113.98 - - [05/May/2017:05:09:18 -0700] "GET /images/logo2.png HTTP/1.1" 200 18525 "http://www.saveaslave.com/country.php?name=Andorra&lang=en" "Opera/9.80 (Android; Opera Mini/24.0.2254/61.485; U; id) Presto/2.12.423 Version/12.16" "www.saveaslave.com"
107.167.113.98 - - [05/May/2017:05:09:18 -0700] "GET /images/social1.png HTTP/1.1" 200 2012 "http://www.saveaslave.com/country.php?name=Andorra&lang=en" "Opera/9.80 (Android; Opera Mini/24.0.2254/61.485; U; id) Presto/2.12.423 Version/12.16" "www.saveaslave.com"
107.167.113.98 - - [05/May/2017:05:09:18 -0700] "GET /images/article/12801356_1164611646882393_4031395141683071941_n.jpg HTTP/1.1" 200 106665 "http://www.saveaslave.com/country.php?name=Andorra&lang=en" "Opera/9.80 (Android; Opera Mini/24.0.2254/61.485; U; id) Presto/2.12.423 Version/12.16" "www.saveaslave.com"
107.167.113.98 - - [05/May/2017:05:09:18 -0700] "GET /images/tripit_icon_thumb_flat.png HTTP/1.1" 200 5795 "http://www.saveaslave.com/country.php?name=Andorra&lang=en" "Opera/9.80 (Android; Opera Mini/24.0.2254/61.485; U; id) Presto/2.12.423 Version/12.16" "www.saveaslave.com"[0]
107.167.113.98 - - [05/May/2017:05:09:18 -0700] "GET /images/social2.png HTTP/1.1" 200 1752 "http://www.saveaslave.com/country.php?name=Andorra&lang=en" "Opera/9.80 (Android; Opera Mini/24.0.2254/61.485; U; id) Presto/2.12.423 Version/12.16" "www.saveaslave.com"
107.167.113.98 - - [05/May/2017:05:09:18 -0700] "GET /https:/www.tripadvisor.com/img/cdsi/img2/branding/socialWidget/20x20_green-21690-2.png HTTP/1.1" 404 89 "http://www.saveaslave.com/country.php?name=Andorra&lang=en" "Opera/9.80 (Android; Opera Mini/24.0.2254/61.485; U; id) Presto/2.12.423 Version/12.16" "www.saveaslave.com"
107.167.113.98 - - [05/May/2017:05:09:18 -0700] "GET /https:/www.tripadvisor.com/img/cdsi/img2/branding/socialWidget/20x20_green-21690-2.png HTTP/1.1" 404 89 "http://www.saveaslave.com/country.php?name=Andorra&lang=en" "Opera/9.80 (Android; Opera Mini/24.0.2254/61.485; U; id) Presto/2.12.423 Version/12.16" "www.saveaslave.com"[0]
107.167.113.98 - - [05/May/2017:05:09:18 -0700] "GET /images/social3.png HTTP/1.1" 200 4343 "http://www.saveaslave.com/country.php?name=Andorra&lang=en" "Opera/9.80 (Android; Opera Mini/24.0.2254/61.485; U; id) Presto/2.12.423 Version/12.16" "www.saveaslave.com"
107.167.113.98 - - [05/May/2017:05:09:18 -0700] "GET /https:/www.jscache.com/wejs?wtype=socialButtonIcon&uniq=198&locationId=54470&color=green&size=sm&lang=en_US&display_version=2 HTTP/1.1" 404 89 "http://www.saveaslave.com/country.php?name=Andorra&lang=en" "Opera/9.80 (Android; Opera Mini/24.0.2254/61.485; U; id) Presto/2.12.423 Version/12.16" "www.saveaslave.com"
107.167.113.98 - - [05/May/2017:05:09:19 -0700] "GET /addarticle.php HTTP/1.1" 200 13725 "http://www.saveaslave.com/country.php?name=Andorra&lang=en" "Opera/9.80 (Android; Opera Mini/24.0.2254/61.485; U; id) Presto/2.12.423 Version/12.16" "www.saveaslave.com"
107.167.113.98 - - [05/May/2017:05:09:19 -0700] "GET /images/select-arrow.png HTTP/1.1" 200 1118 "http://www.saveaslave.com/country.php?name=Andorra&lang=en" "Opera/9.80 (Android; Opera Mini/24.0.2254/61.485; U; id) Presto/2.12.423 Version/12.16" "www.saveaslave.com"
107.167.113.98 - - [05/May/2017:05:09:19 -0700] "GET /https:/www.jscache.com/wejs?wtype=socialButtonIcon&uniq=198&locationId=54470&color=green&size=sm&lang=en_US&display_version=2 HTTP/1.1" 404 89 "http://www.saveaslave.com/country.php?name=Andorra&lang=en" "Opera/9.80 (Android; Opera Mini/24.0.2254/61.485; U; id) Presto/2.12.423 Version/12.16" "www.saveaslave.com"
107.167.113.98 - - [05/May/2017:05:09:19 -0700] "GET /images/top-1.jpg HTTP/1.1" 200 77341 "http://www.saveaslave.com/country.php?name=Andorra&lang=en" "Opera/9.80 (Android; Opera Mini/24.0.2254/61.485; U; id) Presto/2.12.423 Version/12.16" "www.saveaslave.com"
107.167.113.98 - - [05/May/2017:05:09:19 -0700] "GET /css/down-arrow.png HTTP/1.1" 404 89 "http://www.saveaslave.com/country.php?name=Andorra&lang=en" "Opera/9.80 (Android; Opera Mini/24.0.2254/61.485; U; id) Presto/2.12.423 Version/12.16" "www.saveaslave.com"
107.167.113.98 - - [05/May/2017:05:09:19 -0700] "GET /js/bootstrap.min.js HTTP/1.1" 200 37055 "http://www.saveaslave.com/country.php?name=Andorra&lang=en" "Opera/9.80 (Android; Opera Mini/24.0.2254/61.485; U; id) Presto/2.12.423 Version/12.16" "www.saveaslave.com"
107.167.113.98 - - [05/May/2017:05:09:20 -0700] "GET /assets/js/ie10-viewport-bug-workaround.js HTTP/1.1" 200 641 "http://www.saveaslave.com/country.php?name=Andorra&lang=en" "Opera/9.80 (Android; Opera Mini/24.0.2254/61.485; U; id) Presto/2.12.423 Version/12.16" "www.saveaslave.com"[0]
65.36.241.48 - - [05/May/2017:06:03:51 -0700] "HEAD / HTTP/1.1" 200 0 "-" "InternetSeer.com" "www.saveaslave.com"
77.88.47.15 - - [05/May/2017:06:04:55 -0700] "GET /favicon.ico HTTP/1.1" 404 89 "-" "Mozilla/5.0 (compatible; YandexBot/3.0; +http://yandex.com/bots)" "saveaslave.com"[0]
77.88.47.114 - - [05/May/2017:06:18:23 -0700] "GET /ico/apple-icon-114x114.png HTTP/1.1" 200 5667 "-" "Mozilla/5.0 (compatible; YandexBot/3.0; +http://yandex.com/bots)" "saveaslave.com"
77.88.47.84 - - [05/May/2017:06:18:27 -0700] "GET /ico/apple-icon-114x114.png HTTP/1.1" 200 5667 "-" "Mozilla/5.0 (compatible; YandexBot/3.0; +http://yandex.com/bots)" "saveaslave.com"
141.8.143.155 - - [05/May/2017:06:18:30 -0700] "GET /ico/apple-icon-57x57.png HTTP/1.1" 200 2495 "-" "Mozilla/5.0 (compatible; YandexBot/3.0; +http://yandex.com/bots)" "saveaslave.com"
180.76.15.158 - - [05/May/2017:06:30:09 -0700] "GET / HTTP/1.1" 200 87648 "-" "Mozilla/5.0 (compatible; Baiduspider/2.0; +http://www.baidu.com/search/spider.html)" "saveaslave.com"
65.36.241.48 - - [05/May/2017:06:42:21 -0700] "HEAD /?tpl=references&Itemid=3 HTTP/1.1" 200 0 "-" "InternetSeer.com" "www.saveaslave.com"
198.27.78.156 - - [05/May/2017:06:52:51 -0700] "GET /country.php?name=Benin&lang=en HTTP/1.1" 200 54016 "http://www.saveaslave.com" "Mozilla/4.0 (compatible; MSIE 8.0; Windows NT 6.1; WOW64; Trident/4.0; SLCC2; .NET CLR 2.0.50727; .NET CLR 3.5.30729; .NET CLR 3.0.30729; Media Center PC 6.0; MS-RTC LM 8; .NET4.0C; .NET4.0E; Zune 4.7)" "www.saveaslave.com"
54.204.193.39 - - [05/May/2017:07:08:58 -0700] "GET / HTTP/1.1" 200 87648 "-" "Mozilla/5.0 (Windows; U; Windows NT 5.1; en-US; rv:1.9.2.8) Gecko/20100722 Firefox/3.6.8" "saveaslave.com"
42.236.99.218 - - [05/May/2017:07:29:21 -0700] "GET / HTTP/1.1" 200 87648 "http://saveaslave.com/" "Mozilla/5.0 (Windows NT 6.1; WOW64) AppleWebKit/537.36 (KHTML, like Gecko) Chrome/50.0.2661.102 Safari/537.36; 360Spider" "saveaslave.com"[2]
198.27.78.156 - - [05/May/2017:07:56:02 -0700] "GET /country.php?name=Cuba HTTP/1.1" 200 53027 "http://www.saveaslave.com" "Mozilla/4.0 (compatible; MSIE 8.0; Windows NT 6.1; WOW64; Trident/4.0; SLCC2; Media Center PC 6.0; InfoPath.2; MS-RTC LM 8" "www.saveaslave.com"
194.187.170.137 - - [05/May/2017:08:20:26 -0700] "GET /robots.txt HTTP/1.1" 200 48 "-" "Mozilla/5.0 (compatible; Qwantify/2.4w; +https://www.qwant.com/)/2.4w" "www.saveaslave.com"
194.187.170.137 - - [05/May/2017:08:20:28 -0700] "GET / HTTP/1.1" 200 87648 "-" "Mozilla/5.0 (compatible; Qwantify/2.4w; +https://www.qwant.com/)/2.4w" "www.saveaslave.com"
217.182.132.87 - - [05/May/2017:08:25:25 -0700] "GET /www.freedomnetworkusa.org HTTP/1.1" 404 89 "-" "Mozilla/5.0 (compatible; AhrefsBot/5.2; +http://ahrefs.com/robot/)" "www.saveaslave.com"
180.76.15.5 - - [05/May/2017:08:36:27 -0700] "GET /country.php?name=Latvia&lang=en HTTP/1.1" 200 53720 "-" "Mozilla/5.0 (compatible; Baiduspider/2.0; +http://www.baidu.com/search/spider.html)" "www.saveaslave.com"
54.83.5.6 - - [05/May/2017:08:44:55 -0700] "HEAD / HTTP/1.1" 200 0 "-" "Mozilla/5.0 (Windows; U; Windows NT 5.1; en-US; rv:1.7.5) Gecko/20041107 Firefox/1.0" "saveaslave.com"[0]
54.83.5.6 - - [05/May/2017:08:44:56 -0700] "GET / HTTP/1.1" 200 87648 "-" "Mozilla/5.0 (Windows; U; Windows NT 5.1; en-US; rv:1.7.5) Gecko/20041107 Firefox/1.0" "saveaslave.com"
54.83.5.6 - - [05/May/2017:08:44:56 -0700] "GET /robots.txt HTTP/1.1" 200 48 "-" "Mozilla/5.0 (compatible; MSIE 9.0; Windows NT 6.1; WOW64; Trident/5.0)" "saveaslave.com"
198.27.78.156 - - [05/May/2017:08:49:46 -0700] "GET /country.php?name=Gabon HTTP/1.1" 200 52647 "http://www.saveaslave.com" "Mozilla/4.0 (compatible; MSIE 7.0; Windows NT 6.0; YPC 3.2.0; SLCC1; .NET CLR 2.0.50727; .NET CLR 3.0.04506)" "www.saveaslave.com"
65.36.241.48 - - [05/May/2017:09:20:54 -0700] "HEAD / HTTP/1.1" 200 0 "-" "InternetSeer.com" "www.saveaslave.com"
100.43.91.11 - - [05/May/2017:09:23:22 -0700] "GET /www.migrante.com.mx HTTP/1.1" 404 89 "-" "Mozilla/5.0 (compatible; YandexBot/3.0; +http://yandex.com/bots)" "saveaslave.com"
27.106.61.40 - - [05/May/2017:09:31:47 -0700] "GET /css/style.css HTTP/1.1" 200 7938 "http://www.saveaslave.com/" "Mozilla/5.0 (Windows NT 10.0; WOW64; rv:53.0) Gecko/20100101 Firefox/53.0" "www.saveaslave.com"
27.106.61.40 - - [05/May/2017:09:31:47 -0700] "GET /css/elements.css HTTP/1.1" 200 17857 "http://www.saveaslave.com/" "Mozilla/5.0 (Windows NT 10.0; WOW64; rv:53.0) Gecko/20100101 Firefox/53.0" "www.saveaslave.com"
27.106.61.40 - - [05/May/2017:09:31:47 -0700] "GET /css/bootstrap.min.css HTTP/1.1" 200 123578 "http://www.saveaslave.com/" "Mozilla/5.0 (Windows NT 10.0; WOW64; rv:53.0) Gecko/20100101 Firefox/53.0" "www.saveaslave.com"
27.106.61.40 - - [05/May/2017:09:31:47 -0700] "GET /assets/js/ie-emulation-modes-warning.js HTTP/1.1" 200 2130 "http://www.saveaslave.com/" "Mozilla/5.0 (Windows NT 10.0; WOW64; rv:53.0) Gecko/20100101 Firefox/53.0" "www.saveaslave.com"
27.106.61.40 - - [05/May/2017:09:31:47 -0700] "GET /gfeedfetcher.js HTTP/1.1" 200 9018 "http://www.saveaslave.com/" "Mozilla/5.0 (Windows NT 10.0; WOW64; rv:53.0) Gecko/20100101 Firefox/53.0" "www.saveaslave.com"
27.106.61.40 - - [05/May/2017:09:31:48 -0700] "GET /gajaxscroller.js HTTP/1.1" 200 9774 "http://www.saveaslave.com/" "Mozilla/5.0 (Windows NT 10.0; WOW64; rv:53.0) Gecko/20100101 Firefox/53.0" "www.saveaslave.com"
27.106.61.40 - - [05/May/2017:09:31:50 -0700] "GET /css/style-pages.css HTTP/1.1" 200 9894 "http://www.saveaslave.com/" "Mozilla/5.0 (Windows NT 10.0; WOW64; rv:53.0) Gecko/20100101 Firefox/53.0" "www.saveaslave.com"
27.106.61.40 - - [05/May/2017:09:31:51 -0700] "GET /assets/js/ie10-viewport-bug-workaround.js HTTP/1.1" 200 641 "http://www.saveaslave.com/" "Mozilla/5.0 (Windows NT 10.0; WOW64; rv:53.0) Gecko/20100101 Firefox/53.0" "www.saveaslave.com"
27.106.61.40 - - [05/May/2017:09:31:54 -0700] "GET /images/article/end_it.jpg HTTP/1.1" 200 33676 "http://www.saveaslave.com/" "Mozilla/5.0 (Windows NT 10.0; WOW64; rv:53.0) Gecko/20100101 Firefox/53.0" "www.saveaslave.com"
27.106.61.40 - - [05/May/2017:09:31:54 -0700] "GET /images/social1.png HTTP/1.1" 200 2012 "http://www.saveaslave.com/" "Mozilla/5.0 (Windows NT 10.0; WOW64; rv:53.0) Gecko/20100101 Firefox/53.0" "www.saveaslave.com"
27.106.61.40 - - [05/May/2017:09:31:54 -0700] "GET /images/logo2.png HTTP/1.1" 200 18525 "http://www.saveaslave.com/" "Mozilla/5.0 (Windows NT 10.0; WOW64; rv:53.0) Gecko/20100101 Firefox/53.0" "www.saveaslave.com"
27.106.61.40 - - [05/May/2017:09:31:54 -0700] "GET /images/cover1.jpg HTTP/1.1" 200 253658 "http://www.saveaslave.com/" "Mozilla/5.0 (Windows NT 10.0; WOW64; rv:53.0) Gecko/20100101 Firefox/53.0" "www.saveaslave.com"
27.106.61.40 - - [05/May/2017:09:31:54 -0700] "GET /images/social3.png HTTP/1.1" 200 4343 "http://www.saveaslave.com/" "Mozilla/5.0 (Windows NT 10.0; WOW64; rv:53.0) Gecko/20100101 Firefox/53.0" "www.saveaslave.com"
27.106.61.40 - - [05/May/2017:09:31:54 -0700] "GET /images/tripit_icon_thumb_flat.png HTTP/1.1" 200 5795 "http://www.saveaslave.com/" "Mozilla/5.0 (Windows NT 10.0; WOW64; rv:53.0) Gecko/20100101 Firefox/53.0" "www.saveaslave.com"
27.106.61.40 - - [05/May/2017:09:31:57 -0700] "GET /css/down-arrow.png HTTP/1.1" 404 89 "http://www.saveaslave.com/css/elements.css" "Mozilla/5.0 (Windows NT 10.0; WOW64; rv:53.0) Gecko/20100101 Firefox/53.0" "www.saveaslave.com"
27.106.61.40 - - [05/May/2017:09:31:57 -0700] "GET /indicator.gif HTTP/1.1" 200 878 "http://www.saveaslave.com/" "Mozilla/5.0 (Windows NT 10.0; WOW64; rv:53.0) Gecko/20100101 Firefox/53.0" "www.saveaslave.com"
27.106.61.40 - - [05/May/2017:09:31:57 -0700] "GET /images/select-arrow.png HTTP/1.1" 200 1118 "http://www.saveaslave.com/css/style.css" "Mozilla/5.0 (Windows NT 10.0; WOW64; rv:53.0) Gecko/20100101 Firefox/53.0" "www.saveaslave.com"
164.132.161.22 - - [05/May/2017:09:35:24 -0700] "GET /our-news.php HTTP/1.1" 200 69042 "-" "Mozilla/5.0 (compatible; AhrefsBot/5.2; +http://ahrefs.com/robot/)" "www.saveaslave.com"
141.170.2.53 - - [05/May/2017:09:36:06 -0700] "GET /id_dsa HTTP/1.1" 404 89 "-" "Mozilla/5.0 (Windows NT 10.0; Win64; x64) AppleWebKit/537.36 (KHTML, like Gecko) Chrome/56.0.2924.87 Safari/537.36" "www.saveaslave.com"[0]
54.84.196.120 - - [05/May/2017:09:49:47 -0700] "GET / HTTP/1.1" 200 87648 "-" "-" "saveaslave.com"
54.225.51.53 - - [05/May/2017:09:50:11 -0700] "GET / HTTP/1.1" 200 87648 "-" "-" "saveaslave.com"
54.221.116.159 - - [05/May/2017:10:23:32 -0700] "GET / HTTP/1.1" 200 87648 "-" "-" "saveaslave.com"
216.244.66.250 - - [05/May/2017:10:30:03 -0700] "GET /robots.txt HTTP/1.1" 200 48 "-" "Mozilla/5.0 (compatible; DotBot/1.1; http://www.opensiteexplorer.org/dotbot, help@moz.com)" "saveaslave.com"
96.245.214.194 - - [05/May/2017:10:41:27 -0700] "GET /images/article5.jpg HTTP/1.1" 200 14497 "https://www.google.com/" "Mozilla/5.0 (iPhone; CPU iPhone OS 10_3_1 like Mac OS X) AppleWebKit/603.1.30 (KHTML, like Gecko) Version/10.0 Mobile/14E304 Safari/602.1" "www.saveaslave.com"
216.244.66.250 - - [05/May/2017:11:03:40 -0700] "GET /robots.txt HTTP/1.1" 200 48 "-" "Mozilla/5.0 (compatible; DotBot/1.1; http://www.opensiteexplorer.org/dotbot, help@moz.com)" "www.saveaslave.com"
216.244.66.250 - - [05/May/2017:11:13:14 -0700] "GET /our-news.php HTTP/1.1" 200 69042 "-" "Mozilla/5.0 (compatible; DotBot/1.1; http://www.opensiteexplorer.org/dotbot, help@moz.com)" "saveaslave.com"[1]
188.165.2.183 - - [05/May/2017:11:33:54 -0700] "GET / HTTP/1.1" 200 87612 "https://google.com/" "Mozilla/5.0 (X11; Ubuntu; Linux x86_64; rv:26.0) Gecko/20100101 Firefox/26.0" "saveaslave.com"[2]
106.120.173.111 - - [05/May/2017:11:47:19 -0700] "GET /robots.txt HTTP/1.1" 200 48 "-" "Sogou web spider/4.0(+http://www.sogou.com/docs/help/webmasters.htm#07)" "saveaslave.com"
65.36.241.48 - - [05/May/2017:11:51:23 -0700] "HEAD / HTTP/1.1" 200 0 "-" "InternetSeer.com" "www.saveaslave.com"
216.244.66.250 - - [05/May/2017:11:53:29 -0700] "GET /article.php?id=46 HTTP/1.1" 200 50215 "-" "Mozilla/5.0 (compatible; DotBot/1.1; http://www.opensiteexplorer.org/dotbot, help@moz.com)" "www.saveaslave.com"
23.95.238.111 - - [05/May/2017:12:24:33 -0700] "GET /addarticle.php HTTP/1.1" 200 13761 "-" "Mozilla/5.0 (Windows NT 6.1) AppleWebKit/537.36 (KHTML, like Gecko) Chrome/41.0.2228.0 Safari/537.36" "saveaslave.com"
217.66.158.74 - - [05/May/2017:12:26:47 -0700] "GET /images/article/kateryna_ardanyan.jpg HTTP/1.1" 200 45587 "http://images.google.ru/imgres?imgurl=http://saveaslave.com/images/article/kateryna_ardanyan.jpg&imgrefurl=http://saveaslave.com/our-newsr.php&h=630&w=1200&tbnid=GLcpO-eo_yooDM:&q=%D0%A0%D1%96%D0%A0%D1%95%D0%A0%C2%BB%D0%A1%E2%80%B9%D0%A0%C2%B5+%D0%A0%D2%91%D0%A0%C2%B5%D0%A0%D0%86%D0%A1%D1%93%D0%A1%E2%82%AC%D0%A0%D1%94%D0%A0%D1%91+%D0%A1%E2%80%9E%D0%A0%D1%95%D0%A1%E2%80%9A%D0%A0%D1%95&tbnh=79&tbnw=150&iact=rc&usg=__grSaKSFAFA-lAEW8gCQrlnXwzMc=&vet=1&ei=29EMWfbJOcOnsgHTw5eoDg&tbm=isch&sa=X&ved=0ahUKEwi2o8npvdnTAhXDkywKHdPhBeU4CBCtAwggMAI" "SAMSUNG-GT-E2232/1.0 Openwave/6.2.3 Profile/MIDP-2.0 Configuration/CLDC-1.1 UP.Browser/6.2.3.3.c.1.101 (GUI) MMP/2.0" "saveaslave.com"
198.12.125.98 - - [05/May/2017:12:50:08 -0700] "GET /addarticle.php HTTP/1.1" 200 13761 "-" "Mozilla/5.0 (Windows NT 6.1) AppleWebKit/537.36 (KHTML, like Gecko) Chrome/41.0.2228.0 Safari/537.36" "saveaslave.com"
5.196.87.7 - - [05/May/2017:12:52:34 -0700] "GET /robots.txt HTTP/1.1" 200 48 "-" "Mozilla/5.0 (compatible; AhrefsBot/5.2; +http://ahrefs.com/robot/)" "saveaslave.com"
23.250.82.180 - - [05/May/2017:13:03:54 -0700] "GET /addarticle.php HTTP/1.1" 200 13761 "-" "Mozilla/5.0 (Windows NT 6.1) AppleWebKit/537.36 (KHTML, like Gecko) Chrome/41.0.2228.0 Safari/537.36" "saveaslave.com"[1]
65.36.241.48 - - [05/May/2017:13:07:57 -0700] "HEAD / HTTP/1.1" 200 0 "-" "InternetSeer.com" "www.saveaslave.com"
198.12.66.154 - - [05/May/2017:13:21:33 -0700] "GET /addarticle.php HTTP/1.1" 200 13761 "-" "Mozilla/5.0 (Windows NT 6.1) AppleWebKit/537.36 (KHTML, like Gecko) Chrome/41.0.2228.0 Safari/537.36" "saveaslave.com"
190.2.176.50 - - [05/May/2017:13:32:24 -0700] "GET /wp-login.php HTTP/1.1" 200 73 "-" "Mozilla/5.0 (Windows NT 6.1; WOW64; rv:40.0) Gecko/20100101 Firefox/40.1" "www.saveaslave.com"
190.2.176.50 - - [05/May/2017:13:32:26 -0700] "GET / HTTP/1.1" 200 87648 "-" "Mozilla/5.0 (Windows NT 6.1; WOW64; rv:40.0) Gecko/20100101 Firefox/40.1" "www.saveaslave.com"
216.244.66.250 - - [05/May/2017:14:05:25 -0700] "GET /robots.txt HTTP/1.1" 200 48 "-" "Mozilla/5.0 (compatible; DotBot/1.1; http://www.opensiteexplorer.org/dotbot, help@moz.com)" "saveaslave.com"
188.43.30.34 - - [05/May/2017:14:12:03 -0700] "GET /js/mage/cookies.js HTTP/1.1" 404 89 "saveaslave.com" "Mozilla/5.0 (Windows; U; Windows NT 5.1; en-US) AppleWebKit/533.4 (KHTML, like Gecko) Chrome/5.0.375.99 Safari/533.4" "saveaslave.com"
65.36.241.48 - - [05/May/2017:14:18:56 -0700] "HEAD / HTTP/1.1" 200 0 "-" "InternetSeer.com" "www.saveaslave.com"
54.243.48.119 - - [05/May/2017:14:26:00 -0700] "GET / HTTP/1.1" 200 87648 "-" "Mozilla/5.0 (Windows; U; Windows NT 5.1; en-US; rv:1.9.2.8) Gecko/20100722 Firefox/3.6.8" "saveaslave.com"
77.88.47.89 - - [05/May/2017:14:33:01 -0700] "GET /robots.txt HTTP/1.1" 200 48 "-" "Mozilla/5.0 (compatible; YandexBot/3.0; +http://yandex.com/bots)" "saveaslave.com"
77.88.47.100 - - [05/May/2017:14:33:17 -0700] "GET /sitemap.xml HTTP/1.1" 200 296 "-" "Mozilla/5.0 (compatible; YandexBot/3.0; +http://yandex.com/bots)" "saveaslave.com"
220.181.51.91 - - [05/May/2017:14:43:29 -0700] "GET /robots.txt HTTP/1.1" 200 48 "-" "Mozilla/5.0 (Windows NT 10.0; WOW64) AppleWebKit/537.36 (KHTML, like Gecko) Chrome/45.0.2454.93 Safari/537.36" "saveaslave.com"
23.250.82.180 - - [05/May/2017:14:46:03 -0700] "GET /addarticle.php HTTP/1.1" 200 13761 "-" "Mozilla/5.0 (Windows NT 6.1) AppleWebKit/537.36 (KHTML, like Gecko) Chrome/41.0.2228.0 Safari/537.36" "saveaslave.com"
107.175.76.245 - - [05/May/2017:14:59:58 -0700] "GET /addarticle.php HTTP/1.1" 200 13761 "-" "Mozilla/5.0 (Windows NT 6.1) AppleWebKit/537.36 (KHTML, like Gecko) Chrome/41.0.2228.0 Safari/537.36" "saveaslave.com"[1]
157.55.39.179 - - [05/May/2017:15:03:49 -0700] "GET / HTTP/1.1" 200 87648 "-" "Mozilla/5.0 (compatible; bingbot/2.0; +http://www.bing.com/bingbot.htm)" "saveaslave.com"
198.23.223.145 - - [05/May/2017:15:11:34 -0700] "GET /addarticle.php HTTP/1.1" 200 13761 "-" "Mozilla/5.0 (Windows NT 6.1) AppleWebKit/537.36 (KHTML, like Gecko) Chrome/41.0.2228.0 Safari/537.36" "saveaslave.com"
65.36.241.48 - - [05/May/2017:15:29:16 -0700] "HEAD / HTTP/1.1" 200 0 "-" "InternetSeer.com" "www.saveaslave.com"
23.95.97.68 - - [05/May/2017:15:33:36 -0700] "GET /addarticle.php HTTP/1.1" 200 13761 "-" "Mozilla/5.0 (Windows NT 6.1) AppleWebKit/537.36 (KHTML, like Gecko) Chrome/41.0.2228.0 Safari/537.36" "saveaslave.com"
185.41.185.66 - - [05/May/2017:15:36:42 -0700] "GET /js/mage/cookies.js HTTP/1.1" 404 89 "saveaslave.com" "Mozilla/5.0 (Windows; U; Windows NT 5.1; en-US) AppleWebKit/533.4 (KHTML, like Gecko) Chrome/5.0.375.99 Safari/533.4" "saveaslave.com"
69.193.137.251 - - [05/May/2017:15:37:46 -0700] "GET /help.php HTTP/1.1" 200 53148 "http://www.bing.com/search?q=save+a+slave&src=IE-SearchBox&FORM=IENTSR&pc=EUPP_" "Mozilla/5.0 (Windows NT 10.0; WOW64; Trident/7.0; Touch; rv:11.0) like Gecko" "saveaslave.com"
69.193.137.251 - - [05/May/2017:15:37:47 -0700] "GET /css/style.css HTTP/1.1" 200 7938 "http://saveaslave.com/help.php" "Mozilla/5.0 (Windows NT 10.0; WOW64; Trident/7.0; Touch; rv:11.0) like Gecko" "saveaslave.com"
69.193.137.251 - - [05/May/2017:15:37:47 -0700] "GET /gfeedfetcher.js HTTP/1.1" 200 9018 "http://saveaslave.com/help.php" "Mozilla/5.0 (Windows NT 10.0; WOW64; Trident/7.0; Touch; rv:11.0) like Gecko" "saveaslave.com"
69.193.137.251 - - [05/May/2017:15:37:47 -0700] "GET /css/elements.css HTTP/1.1" 200 17857 "http://saveaslave.com/help.php" "Mozilla/5.0 (Windows NT 10.0; WOW64; Trident/7.0; Touch; rv:11.0) like Gecko" "saveaslave.com"
69.193.137.251 - - [05/May/2017:15:37:47 -0700] "GET /assets/js/ie-emulation-modes-warning.js HTTP/1.1" 200 2130 "http://saveaslave.com/help.php" "Mozilla/5.0 (Windows NT 10.0; WOW64; Trident/7.0; Touch; rv:11.0) like Gecko" "saveaslave.com"
69.193.137.251 - - [05/May/2017:15:37:47 -0700] "GET /gajaxscroller.js HTTP/1.1" 200 9774 "http://saveaslave.com/help.php" "Mozilla/5.0 (Windows NT 10.0; WOW64; Trident/7.0; Touch; rv:11.0) like Gecko" "saveaslave.com"
69.193.137.251 - - [05/May/2017:15:37:47 -0700] "GET /images/logo2.png HTTP/1.1" 200 18525 "http://saveaslave.com/help.php" "Mozilla/5.0 (Windows NT 10.0; WOW64; Trident/7.0; Touch; rv:11.0) like Gecko" "saveaslave.com"
69.193.137.251 - - [05/May/2017:15:37:47 -0700] "GET /images/top.jpg HTTP/1.1" 200 50519 "http://saveaslave.com/help.php" "Mozilla/5.0 (Windows NT 10.0; WOW64; Trident/7.0; Touch; rv:11.0) like Gecko" "saveaslave.com"
69.193.137.251 - - [05/May/2017:15:37:48 -0700] "GET /images/help/help_captcha.jpg HTTP/1.1" 200 53496 "http://saveaslave.com/help.php" "Mozilla/5.0 (Windows NT 10.0; WOW64; Trident/7.0; Touch; rv:11.0) like Gecko" "saveaslave.com"
69.193.137.251 - - [05/May/2017:15:37:48 -0700] "GET /images/social1.png HTTP/1.1" 200 2012 "http://saveaslave.com/help.php" "Mozilla/5.0 (Windows NT 10.0; WOW64; Trident/7.0; Touch; rv:11.0) like Gecko" "saveaslave.com"
69.193.137.251 - - [05/May/2017:15:37:48 -0700] "GET /css/style-pages.css HTTP/1.1" 200 9894 "http://saveaslave.com/help.php" "Mozilla/5.0 (Windows NT 10.0; WOW64; Trident/7.0; Touch; rv:11.0) like Gecko" "saveaslave.com"
69.193.137.251 - - [05/May/2017:15:37:48 -0700] "GET /js/bootstrap.min.js HTTP/1.1" 200 37055 "http://saveaslave.com/help.php" "Mozilla/5.0 (Windows NT 10.0; WOW64; Trident/7.0; Touch; rv:11.0) like Gecko" "saveaslave.com"
69.193.137.251 - - [05/May/2017:15:37:48 -0700] "GET /assets/js/ie10-viewport-bug-workaround.js HTTP/1.1" 200 641 "http://saveaslave.com/help.php" "Mozilla/5.0 (Windows NT 10.0; WOW64; Trident/7.0; Touch; rv:11.0) like Gecko" "saveaslave.com"
69.193.137.251 - - [05/May/2017:15:37:48 -0700] "GET /images/social3.png HTTP/1.1" 200 4343 "http://saveaslave.com/help.php" "Mozilla/5.0 (Windows NT 10.0; WOW64; Trident/7.0; Touch; rv:11.0) like Gecko" "saveaslave.com"
69.193.137.251 - - [05/May/2017:15:37:51 -0700] "GET /images/select-arrow.png HTTP/1.1" 200 1118 "http://saveaslave.com/help.php" "Mozilla/5.0 (Windows NT 10.0; WOW64; Trident/7.0; Touch; rv:11.0) like Gecko" "saveaslave.com"
69.193.137.251 - - [05/May/2017:15:37:51 -0700] "GET /indicator.gif HTTP/1.1" 200 878 "http://saveaslave.com/help.php" "Mozilla/5.0 (Windows NT 10.0; WOW64; Trident/7.0; Touch; rv:11.0) like Gecko" "saveaslave.com"
69.193.137.251 - - [05/May/2017:15:37:51 -0700] "GET /css/down-arrow.png HTTP/1.1" 404 89 "http://saveaslave.com/help.php" "Mozilla/5.0 (Windows NT 10.0; WOW64; Trident/7.0; Touch; rv:11.0) like Gecko" "saveaslave.com"
66.102.6.126 - - [05/May/2017:15:40:39 -0700] "GET / HTTP/1.1" 200 87648 "-" "Mozilla/5.0 (X11; Linux x86_64) AppleWebKit/537.36 (KHTML, like Gecko) Chrome/49.0.2623.75 Safari/537.36 Google Favicon" "saveaslave.com"
66.102.6.96 - - [05/May/2017:15:40:40 -0700] "GET /ico/favicon-16x16.png HTTP/1.1" 200 1129 "-" "Mozilla/5.0 (X11; Linux x86_64) AppleWebKit/537.36 (KHTML, like Gecko) Chrome/49.0.2623.75 Safari/537.36 Google Favicon" "saveaslave.com"[0]
54.84.196.120 - - [05/May/2017:15:46:13 -0700] "GET / HTTP/1.1" 200 87648 "-" "-" "saveaslave.com"
194.187.170.101 - - [05/May/2017:16:00:16 -0700] "GET /in-russian.php?lang=ru HTTP/1.1" 200 91788 "-" "Mozilla/5.0 (compatible; Qwantify/2.4w; +https://www.qwant.com/)/2.4w" "saveaslave.com"[2]
157.55.39.179 - - [05/May/2017:16:16:15 -0700] "GET /assets/js/ie10-viewport-bug-workaround.js HTTP/1.1" 200 641 "-" "Mozilla/5.0 (compatible; bingbot/2.0; +http://www.bing.com/bingbot.htm)" "saveaslave.com"
157.55.39.179 - - [05/May/2017:16:16:16 -0700] "GET /gajaxscroller.js HTTP/1.1" 200 9774 "-" "Mozilla/5.0 (compatible; bingbot/2.0; +http://www.bing.com/bingbot.htm)" "saveaslave.com"
157.55.39.179 - - [05/May/2017:16:16:16 -0700] "GET /gfeedfetcher.js HTTP/1.1" 200 9018 "-" "Mozilla/5.0 (compatible; bingbot/2.0; +http://www.bing.com/bingbot.htm)" "saveaslave.com"
164.132.161.14 - - [05/May/2017:16:20:26 -0700] "GET /azerbaijan.html HTTP/1.1" 404 89 "-" "Mozilla/5.0 (compatible; AhrefsBot/5.2; +http://ahrefs.com/robot/)" "saveaslave.com"
216.244.66.250 - - [05/May/2017:16:31:20 -0700] "GET /robots.txt HTTP/1.1" 200 48 "-" "Mozilla/5.0 (compatible; DotBot/1.1; http://www.opensiteexplorer.org/dotbot, help@moz.com)" "www.saveaslave.com"
54.84.196.120 - - [05/May/2017:16:33:02 -0700] "GET / HTTP/1.1" 200 87648 "-" "-" "saveaslave.com"
77.88.47.100 - - [05/May/2017:16:35:44 -0700] "GET /ico/apple-icon-152x152.png HTTP/1.1" 200 8281 "-" "Mozilla/5.0 (compatible; YandexBot/3.0; +http://yandex.com/bots)" "www.saveaslave.com"
65.36.241.48 - - [05/May/2017:16:52:04 -0700] "HEAD /?tpl=references&Itemid=3 HTTP/1.1" 200 0 "-" "InternetSeer.com" "www.saveaslave.com"
216.244.66.250 - - [05/May/2017:17:00:55 -0700] "GET /robots.txt HTTP/1.1" 200 48 "-" "Mozilla/5.0 (compatible; DotBot/1.1; http://www.opensiteexplorer.org/dotbot, help@moz.com)" "www.saveaslave.com"
157.55.39.179 - - [05/May/2017:17:07:12 -0700] "GET /images/article/russian_police.jpg HTTP/1.1" 200 30950 "-" "Mozilla/5.0 (compatible; bingbot/2.0; +http://www.bing.com/bingbot.htm)" "saveaslave.com"
172.241.151.19 - - [05/May/2017:17:25:36 -0700] "HEAD / HTTP/1.1" 200 0 "http://uptime.com/saveaslave.com" "Mozilla/5.0 (compatible; Uptimebot/1.0; +http://www.uptime.com/uptimebot)" "saveaslave.com"
172.241.151.19 - - [05/May/2017:17:25:38 -0700] "GET / HTTP/1.1" 200 87648 "-" "Mozilla/5.0 (compatible; Uptimebot/1.0; +http://www.uptime.com/uptimebot)" "saveaslave.com"[2]
217.182.132.95 - - [05/May/2017:17:33:24 -0700] "GET /www.cpaf.org HTTP/1.1" 404 89 "-" "Mozilla/5.0 (compatible; AhrefsBot/5.2; +http://ahrefs.com/robot/)" "saveaslave.com"
216.244.66.250 - - [05/May/2017:17:44:52 -0700] "GET /article.php?id=86 HTTP/1.1" 200 44899 "-" "Mozilla/5.0 (compatible; DotBot/1.1; http://www.opensiteexplorer.org/dotbot, help@moz.com)" "www.saveaslave.com"
162.210.196.130 - - [05/May/2017:17:58:46 -0700] "GET /robots.txt HTTP/1.1" 200 48 "-" "Mozilla/5.0 (compatible; MJ12bot/v1.4.8; http://mj12bot.com/)" "saveaslave.com"
198.27.78.156 - - [05/May/2017:18:05:27 -0700] "GET /country.php?name=Bhutan&lang=en HTTP/1.1" 200 52994 "http://www.saveaslave.com" "Mozilla/4.0 (compatible; MSIE 8.0; Windows NT 6.1; WOW64; Trident/4.0; SLCC2; .NET CLR 2.0.50727; .NET CLR 3.5.30729; .NET CLR 3.0.30729; Media Center PC 6.0; MS-RTC LM 8)" "www.saveaslave.com"
188.93.211.150 - - [05/May/2017:18:12:58 -0700] "GET /js/mage/cookies.js HTTP/1.1" 404 89 "saveaslave.com" "Mozilla/5.0 (Windows; U; Windows NT 5.1; en-US) AppleWebKit/533.4 (KHTML, like Gecko) Chrome/5.0.375.99 Safari/533.4" "saveaslave.com"
157.55.39.179 - - [05/May/2017:18:21:47 -0700] "GET /in-russian HTTP/1.1" 200 89894 "-" "msnbot-media/1.1 (+http://search.msn.com/msnbot.htm)" "saveaslave.com"[1]
216.244.66.250 - - [05/May/2017:18:35:26 -0700] "GET /articles/womeninsudan.html HTTP/1.1" 404 89 "-" "Mozilla/5.0 (compatible; DotBot/1.1; http://www.opensiteexplorer.org/dotbot, help@moz.com)" "www.saveaslave.com"
51.255.65.66 - - [05/May/2017:18:39:17 -0700] "GET /france.html HTTP/1.1" 404 89 "-" "Mozilla/5.0 (compatible; AhrefsBot/5.2; +http://ahrefs.com/robot/)" "www.saveaslave.com"
65.36.241.48 - - [05/May/2017:19:04:25 -0700] "HEAD / HTTP/1.1" 200 0 "-" "InternetSeer.com" "www.saveaslave.com"
180.76.15.5 - - [05/May/2017:19:05:34 -0700] "GET /images/?D=A HTTP/1.1" 200 7293 "-" "Mozilla/5.0 (compatible; Baiduspider/2.0; +http://www.baidu.com/search/spider.html)" "www.saveaslave.com"
217.182.132.21 - - [05/May/2017:19:12:04 -0700] "GET /malaysia.html HTTP/1.1" 404 89 "-" "Mozilla/5.0 (compatible; AhrefsBot/5.2; +http://ahrefs.com/robot/)" "www.saveaslave.com"
203.133.174.138 - - [05/May/2017:19:43:04 -0700] "GET /robots.txt HTTP/1.1" 200 48 "-" "Mozilla/5.0 (compatible; Daum/4.1; +http://cs.daum.net/faq/15/4118.html?faqId=28966)" "saveaslave.com"
108.208.234.226 - - [05/May/2017:19:48:23 -0700] "GET / HTTP/1.1" 200 87648 "-" "Mozilla/5.0 (Windows NT 10.0; Win64; x64) AppleWebKit/537.36 (KHTML, like Gecko) Chrome/51.0.2704.79 Safari/537.36 Edge/14.14393" "saveaslave.com"
108.208.234.226 - - [05/May/2017:19:48:23 -0700] "GET /css/bootstrap.min.css HTTP/1.1" 200 123578 "http://saveaslave.com/" "Mozilla/5.0 (Windows NT 10.0; Win64; x64) AppleWebKit/537.36 (KHTML, like Gecko) Chrome/51.0.2704.79 Safari/537.36 Edge/14.14393" "saveaslave.com"
108.208.234.226 - - [05/May/2017:19:48:23 -0700] "GET /css/elements.css HTTP/1.1" 200 17857 "http://saveaslave.com/" "Mozilla/5.0 (Windows NT 10.0; Win64; x64) AppleWebKit/537.36 (KHTML, like Gecko) Chrome/51.0.2704.79 Safari/537.36 Edge/14.14393" "saveaslave.com"
108.208.234.226 - - [05/May/2017:19:48:23 -0700] "GET /assets/js/ie-emulation-modes-warning.js HTTP/1.1" 200 2130 "http://saveaslave.com/" "Mozilla/5.0 (Windows NT 10.0; Win64; x64) AppleWebKit/537.36 (KHTML, like Gecko) Chrome/51.0.2704.79 Safari/537.36 Edge/14.14393" "saveaslave.com"
108.208.234.226 - - [05/May/2017:19:48:24 -0700] "GET /gajaxscroller.js HTTP/1.1" 200 9774 "http://saveaslave.com/" "Mozilla/5.0 (Windows NT 10.0; Win64; x64) AppleWebKit/537.36 (KHTML, like Gecko) Chrome/51.0.2704.79 Safari/537.36 Edge/14.14393" "saveaslave.com"[0]
108.208.234.226 - - [05/May/2017:19:48:24 -0700] "GET /css/style-pages.css HTTP/1.1" 304 - "http://saveaslave.com/" "Mozilla/5.0 (Windows NT 10.0; Win64; x64) AppleWebKit/537.36 (KHTML, like Gecko) Chrome/51.0.2704.79 Safari/537.36 Edge/14.14393" "saveaslave.com"
108.208.234.226 - - [05/May/2017:19:48:24 -0700] "GET /images/logo2.png HTTP/1.1" 200 18525 "http://saveaslave.com/" "Mozilla/5.0 (Windows NT 10.0; Win64; x64) AppleWebKit/537.36 (KHTML, like Gecko) Chrome/51.0.2704.79 Safari/537.36 Edge/14.14393" "saveaslave.com"
108.208.234.226 - - [05/May/2017:19:48:24 -0700] "GET /images/top.jpg HTTP/1.1" 200 50519 "http://saveaslave.com/" "Mozilla/5.0 (Windows NT 10.0; Win64; x64) AppleWebKit/537.36 (KHTML, like Gecko) Chrome/51.0.2704.79 Safari/537.36 Edge/14.14393" "saveaslave.com"
108.208.234.226 - - [05/May/2017:19:48:24 -0700] "GET /images/cover1.jpg HTTP/1.1" 200 253658 "http://saveaslave.com/" "Mozilla/5.0 (Windows NT 10.0; Win64; x64) AppleWebKit/537.36 (KHTML, like Gecko) Chrome/51.0.2704.79 Safari/537.36 Edge/14.14393" "saveaslave.com"
108.208.234.226 - - [05/May/2017:19:48:24 -0700] "GET /images/article/end_it.jpg HTTP/1.1" 200 33676 "http://saveaslave.com/" "Mozilla/5.0 (Windows NT 10.0; Win64; x64) AppleWebKit/537.36 (KHTML, like Gecko) Chrome/51.0.2704.79 Safari/537.36 Edge/14.14393" "saveaslave.com"
108.208.234.226 - - [05/May/2017:19:48:24 -0700] "GET /images/social1.png HTTP/1.1" 200 2012 "http://saveaslave.com/" "Mozilla/5.0 (Windows NT 10.0; Win64; x64) AppleWebKit/537.36 (KHTML, like Gecko) Chrome/51.0.2704.79 Safari/537.36 Edge/14.14393" "saveaslave.com"
108.208.234.226 - - [05/May/2017:19:48:24 -0700] "GET /images/social2.png HTTP/1.1" 200 1752 "http://saveaslave.com/" "Mozilla/5.0 (Windows NT 10.0; Win64; x64) AppleWebKit/537.36 (KHTML, like Gecko) Chrome/51.0.2704.79 Safari/537.36 Edge/14.14393" "saveaslave.com"
108.208.234.226 - - [05/May/2017:19:48:25 -0700] "GET /images/tripit_icon_thumb_flat.png HTTP/1.1" 200 5795 "http://saveaslave.com/" "Mozilla/5.0 (Windows NT 10.0; Win64; x64) AppleWebKit/537.36 (KHTML, like Gecko) Chrome/51.0.2704.79 Safari/537.36 Edge/14.14393" "saveaslave.com"
108.208.234.226 - - [05/May/2017:19:48:25 -0700] "GET /indicator.gif HTTP/1.1" 200 878 "http://saveaslave.com/" "Mozilla/5.0 (Windows NT 10.0; Win64; x64) AppleWebKit/537.36 (KHTML, like Gecko) Chrome/51.0.2704.79 Safari/537.36 Edge/14.14393" "saveaslave.com"
108.208.234.226 - - [05/May/2017:19:48:25 -0700] "GET /images/select-arrow.png HTTP/1.1" 200 1118 "http://saveaslave.com/" "Mozilla/5.0 (Windows NT 10.0; Win64; x64) AppleWebKit/537.36 (KHTML, like Gecko) Chrome/51.0.2704.79 Safari/537.36 Edge/14.14393" "saveaslave.com"
108.208.234.226 - - [05/May/2017:19:48:25 -0700] "GET /css/down-arrow.png HTTP/1.1" 404 89 "http://saveaslave.com/" "Mozilla/5.0 (Windows NT 10.0; Win64; x64) AppleWebKit/537.36 (KHTML, like Gecko) Chrome/51.0.2704.79 Safari/537.36 Edge/14.14393" "saveaslave.com"
108.208.234.226 - - [05/May/2017:19:48:28 -0700] "GET /ico/android-icon-192x192.png HTTP/1.1" 200 10097 "-" "Mozilla/5.0 (Windows NT 10.0; Win64; x64) AppleWebKit/537.36 (KHTML, like Gecko) Chrome/51.0.2704.79 Safari/537.36 Edge/14.14393" "saveaslave.com"
108.208.234.226 - - [05/May/2017:19:48:40 -0700] "GET /who-we-are.php HTTP/1.1" 200 51705 "http://saveaslave.com/" "Mozilla/5.0 (Windows NT 10.0; Win64; x64) AppleWebKit/537.36 (KHTML, like Gecko) Chrome/51.0.2704.79 Safari/537.36 Edge/14.14393" "saveaslave.com"
108.208.234.226 - - [05/May/2017:19:48:41 -0700] "GET /images/article5.jpg HTTP/1.1" 200 14497 "http://saveaslave.com/who-we-are.php" "Mozilla/5.0 (Windows NT 10.0; Win64; x64) AppleWebKit/537.36 (KHTML, like Gecko) Chrome/51.0.2704.79 Safari/537.36 Edge/14.14393" "saveaslave.com"[0]
108.208.234.226 - - [05/May/2017:19:48:41 -0700] "GET /images/top-1.jpg HTTP/1.1" 200 77341 "http://saveaslave.com/who-we-are.php" "Mozilla/5.0 (Windows NT 10.0; Win64; x64) AppleWebKit/537.36 (KHTML, like Gecko) Chrome/51.0.2704.79 Safari/537.36 Edge/14.14393" "saveaslave.com"
108.208.234.226 - - [05/May/2017:19:48:41 -0700] "GET /images/article6.jpg HTTP/1.1" 200 57746 "http://saveaslave.com/who-we-are.php" "Mozilla/5.0 (Windows NT 10.0; Win64; x64) AppleWebKit/537.36 (KHTML, like Gecko) Chrome/51.0.2704.79 Safari/537.36 Edge/14.14393" "saveaslave.com"
108.208.234.226 - - [05/May/2017:19:48:41 -0700] "GET /css/down-arrow.png HTTP/1.1" 404 89 "http://saveaslave.com/who-we-are.php" "Mozilla/5.0 (Windows NT 10.0; Win64; x64) AppleWebKit/537.36 (KHTML, like Gecko) Chrome/51.0.2704.79 Safari/537.36 Edge/14.14393" "saveaslave.com"[0]
108.208.234.226 - - [05/May/2017:19:48:57 -0700] "GET /our-supporters.php HTTP/1.1" 200 56336 "http://saveaslave.com/who-we-are.php" "Mozilla/5.0 (Windows NT 10.0; Win64; x64) AppleWebKit/537.36 (KHTML, like Gecko) Chrome/51.0.2704.79 Safari/537.36 Edge/14.14393" "saveaslave.com"[0]
108.208.234.226 - - [05/May/2017:19:48:58 -0700] "GET /images/supporters/anti-slavery.gif HTTP/1.1" 200 4774 "http://saveaslave.com/our-supporters.php" "Mozilla/5.0 (Windows NT 10.0; Win64; x64) AppleWebKit/537.36 (KHTML, like Gecko) Chrome/51.0.2704.79 Safari/537.36 Edge/14.14393" "saveaslave.com"
108.208.234.226 - - [05/May/2017:19:48:58 -0700] "GET /images/supporters/hulogo.png HTTP/1.1" 200 8497 "http://saveaslave.com/our-supporters.php" "Mozilla/5.0 (Windows NT 10.0; Win64; x64) AppleWebKit/537.36 (KHTML, like Gecko) Chrome/51.0.2704.79 Safari/537.36 Edge/14.14393" "saveaslave.com"
108.208.234.226 - - [05/May/2017:19:48:58 -0700] "GET /images/supporters/Free-the-Slaves.png HTTP/1.1" 200 9388 "http://saveaslave.com/our-supporters.php" "Mozilla/5.0 (Windows NT 10.0; Win64; x64) AppleWebKit/537.36 (KHTML, like Gecko) Chrome/51.0.2704.79 Safari/537.36 Edge/14.14393" "saveaslave.com"
108.208.234.226 - - [05/May/2017:19:48:58 -0700] "GET /images/supporters/a21-logo.png HTTP/1.1" 200 6163 "http://saveaslave.com/our-supporters.php" "Mozilla/5.0 (Windows NT 10.0; Win64; x64) AppleWebKit/537.36 (KHTML, like Gecko) Chrome/51.0.2704.79 Safari/537.36 Edge/14.14393" "saveaslave.com"
108.208.234.226 - - [05/May/2017:19:48:58 -0700] "GET /images/supporters/children-on-the%20edge.png HTTP/1.1" 200 9509 "http://saveaslave.com/our-supporters.php" "Mozilla/5.0 (Windows NT 10.0; Win64; x64) AppleWebKit/537.36 (KHTML, like Gecko) Chrome/51.0.2704.79 Safari/537.36 Edge/14.14393" "saveaslave.com"[0]
108.208.234.226 - - [05/May/2017:19:48:58 -0700] "GET /images/supporters/logo_header.jpg HTTP/1.1" 200 10679 "http://saveaslave.com/our-supporters.php" "Mozilla/5.0 (Windows NT 10.0; Win64; x64) AppleWebKit/537.36 (KHTML, like Gecko) Chrome/51.0.2704.79 Safari/537.36 Edge/14.14393" "saveaslave.com"
108.208.234.226 - - [05/May/2017:19:48:58 -0700] "GET /images/supporters/made-free.png HTTP/1.1" 200 5762 "http://saveaslave.com/our-supporters.php" "Mozilla/5.0 (Windows NT 10.0; Win64; x64) AppleWebKit/537.36 (KHTML, like Gecko) Chrome/51.0.2704.79 Safari/537.36 Edge/14.14393" "saveaslave.com"
108.208.234.226 - - [05/May/2017:19:48:58 -0700] "GET /images/supporters/child-wise.jpg HTTP/1.1" 200 5250 "http://saveaslave.com/our-supporters.php" "Mozilla/5.0 (Windows NT 10.0; Win64; x64) AppleWebKit/537.36 (KHTML, like Gecko) Chrome/51.0.2704.79 Safari/537.36 Edge/14.14393" "saveaslave.com"
108.208.234.226 - - [05/May/2017:19:48:58 -0700] "GET /images/supporters/Asset-Logo.jpg HTTP/1.1" 200 36053 "http://saveaslave.com/our-supporters.php" "Mozilla/5.0 (Windows NT 10.0; Win64; x64) AppleWebKit/537.36 (KHTML, like Gecko) Chrome/51.0.2704.79 Safari/537.36 Edge/14.14393" "saveaslave.com"
108.208.234.226 - - [05/May/2017:19:48:58 -0700] "GET /images/supporters/love-logo.png HTTP/1.1" 200 6021 "http://saveaslave.com/our-supporters.php" "Mozilla/5.0 (Windows NT 10.0; Win64; x64) AppleWebKit/537.36 (KHTML, like Gecko) Chrome/51.0.2704.79 Safari/537.36 Edge/14.14393" "saveaslave.com"
108.208.234.226 - - [05/May/2017:19:48:58 -0700] "GET /images/supporters/Solidarity_Center.png HTTP/1.1" 200 9296 "http://saveaslave.com/our-supporters.php" "Mozilla/5.0 (Windows NT 10.0; Win64; x64) AppleWebKit/537.36 (KHTML, like Gecko) Chrome/51.0.2704.79 Safari/537.36 Edge/14.14393" "saveaslave.com"
108.208.234.226 - - [05/May/2017:19:48:58 -0700] "GET /images/supporters/safe-horizon.png HTTP/1.1" 200 16608 "http://saveaslave.com/our-supporters.php" "Mozilla/5.0 (Windows NT 10.0; Win64; x64) AppleWebKit/537.36 (KHTML, like Gecko) Chrome/51.0.2704.79 Safari/537.36 Edge/14.14393" "saveaslave.com"
108.208.234.226 - - [05/May/2017:19:48:58 -0700] "GET /images/supporters/ApneAap_logo.png HTTP/1.1" 200 8305 "http://saveaslave.com/our-supporters.php" "Mozilla/5.0 (Windows NT 10.0; Win64; x64) AppleWebKit/537.36 (KHTML, like Gecko) Chrome/51.0.2704.79 Safari/537.36 Edge/14.14393" "saveaslave.com"
108.208.234.226 - - [05/May/2017:19:48:58 -0700] "GET /images/supporters/logo_endslaverynow.png HTTP/1.1" 200 27566 "http://saveaslave.com/our-supporters.php" "Mozilla/5.0 (Windows NT 10.0; Win64; x64) AppleWebKit/537.36 (KHTML, like Gecko) Chrome/51.0.2704.79 Safari/537.36 Edge/14.14393" "saveaslave.com"
108.208.234.226 - - [05/May/2017:19:48:58 -0700] "GET /images/supporters/pacific.jpg HTTP/1.1" 200 8249 "http://saveaslave.com/our-supporters.php" "Mozilla/5.0 (Windows NT 10.0; Win64; x64) AppleWebKit/537.36 (KHTML, like Gecko) Chrome/51.0.2704.79 Safari/537.36 Edge/14.14393" "saveaslave.com"
108.208.234.226 - - [05/May/2017:19:48:58 -0700] "GET /images/supporters/walk-free.jpg HTTP/1.1" 200 4277 "http://saveaslave.com/our-supporters.php" "Mozilla/5.0 (Windows NT 10.0; Win64; x64) AppleWebKit/537.36 (KHTML, like Gecko) Chrome/51.0.2704.79 Safari/537.36 Edge/14.14393" "saveaslave.com"
108.208.234.226 - - [05/May/2017:19:48:59 -0700] "GET /images/supporters/IJM.jpg HTTP/1.1" 200 6203 "http://saveaslave.com/our-supporters.php" "Mozilla/5.0 (Windows NT 10.0; Win64; x64) AppleWebKit/537.36 (KHTML, like Gecko) Chrome/51.0.2704.79 Safari/537.36 Edge/14.14393" "saveaslave.com"
108.208.234.226 - - [05/May/2017:19:48:59 -0700] "GET /images/supporters/gems.jpg HTTP/1.1" 200 5045 "http://saveaslave.com/our-supporters.php" "Mozilla/5.0 (Windows NT 10.0; Win64; x64) AppleWebKit/537.36 (KHTML, like Gecko) Chrome/51.0.2704.79 Safari/537.36 Edge/14.14393" "saveaslave.com"
108.208.234.226 - - [05/May/2017:19:48:59 -0700] "GET /images/supporters/trucker.jpg HTTP/1.1" 200 6096 "http://saveaslave.com/our-supporters.php" "Mozilla/5.0 (Windows NT 10.0; Win64; x64) AppleWebKit/537.36 (KHTML, like Gecko) Chrome/51.0.2704.79 Safari/537.36 Edge/14.14393" "saveaslave.com"
108.208.234.226 - - [05/May/2017:19:48:59 -0700] "GET /images/supporters/goodweave.jpg HTTP/1.1" 200 5217 "http://saveaslave.com/our-supporters.php" "Mozilla/5.0 (Windows NT 10.0; Win64; x64) AppleWebKit/537.36 (KHTML, like Gecko) Chrome/51.0.2704.79 Safari/537.36 Edge/14.14393" "saveaslave.com"
108.208.234.226 - - [05/May/2017:19:49:02 -0700] "GET /our-news.php HTTP/1.1" 200 69006 "http://saveaslave.com/our-supporters.php" "Mozilla/5.0 (Windows NT 10.0; Win64; x64) AppleWebKit/537.36 (KHTML, like Gecko) Chrome/51.0.2704.79 Safari/537.36 Edge/14.14393" "saveaslave.com"[0]
108.208.234.226 - - [05/May/2017:19:49:02 -0700] "GET /images/article/12801356_1164611646882393_4031395141683071941_n.jpg HTTP/1.1" 200 106665 "http://saveaslave.com/our-news.php" "Mozilla/5.0 (Windows NT 10.0; Win64; x64) AppleWebKit/537.36 (KHTML, like Gecko) Chrome/51.0.2704.79 Safari/537.36 Edge/14.14393" "saveaslave.com"
108.208.234.226 - - [05/May/2017:19:49:02 -0700] "GET /images/article/restavek.jpg HTTP/1.1" 200 5410 "http://saveaslave.com/our-news.php" "Mozilla/5.0 (Windows NT 10.0; Win64; x64) AppleWebKit/537.36 (KHTML, like Gecko) Chrome/51.0.2704.79 Safari/537.36 Edge/14.14393" "saveaslave.com"
108.208.234.226 - - [05/May/2017:19:49:03 -0700] "GET /images/article/2239.jpg HTTP/1.1" 200 89745 "http://saveaslave.com/our-news.php" "Mozilla/5.0 (Windows NT 10.0; Win64; x64) AppleWebKit/537.36 (KHTML, like Gecko) Chrome/51.0.2704.79 Safari/537.36 Edge/14.14393" "saveaslave.com"
108.208.234.226 - - [05/May/2017:19:49:03 -0700] "GET /addarticle.php HTTP/1.1" 200 13725 "http://saveaslave.com/our-news.php" "Mozilla/5.0 (Windows NT 10.0; Win64; x64) AppleWebKit/537.36 (KHTML, like Gecko) Chrome/51.0.2704.79 Safari/537.36 Edge/14.14393" "saveaslave.com"
108.208.234.226 - - [05/May/2017:19:49:03 -0700] "GET /css/down-arrow.png HTTP/1.1" 404 89 "http://saveaslave.com/our-news.php" "Mozilla/5.0 (Windows NT 10.0; Win64; x64) AppleWebKit/537.36 (KHTML, like Gecko) Chrome/51.0.2704.79 Safari/537.36 Edge/14.14393" "saveaslave.com"
108.208.234.226 - - [05/May/2017:19:49:03 -0700] "GET /images/article/article8a.jpg HTTP/1.1" 200 11299 "http://saveaslave.com/our-news.php" "Mozilla/5.0 (Windows NT 10.0; Win64; x64) AppleWebKit/537.36 (KHTML, like Gecko) Chrome/51.0.2704.79 Safari/537.36 Edge/14.14393" "saveaslave.com"
108.208.234.226 - - [05/May/2017:19:49:04 -0700] "GET /contact-us.php HTTP/1.1" 200 30765 "http://saveaslave.com/our-news.php" "Mozilla/5.0 (Windows NT 10.0; Win64; x64) AppleWebKit/537.36 (KHTML, like Gecko) Chrome/51.0.2704.79 Safari/537.36 Edge/14.14393" "saveaslave.com"
64.62.252.162 - - [05/May/2017:20:58:02 -0700] "GET /robots.txt HTTP/1.1" 200 48 "-" "BUbiNG (+http://law.di.unimi.it/BUbiNG.html)" "saveaslave.com"
64.62.252.162 - - [05/May/2017:20:58:04 -0700] "GET /in-russian.php?lang=ru HTTP/1.1" 200 91788 "-" "BUbiNG (+http://law.di.unimi.it/BUbiNG.html)" "saveaslave.com"[1]
64.62.252.162 - - [05/May/2017:20:58:06 -0700] "GET /robots.txt HTTP/1.1" 200 48 "-" "BUbiNG (+http://law.di.unimi.it/BUbiNG.html)" "www.saveaslave.com"
64.62.252.162 - - [05/May/2017:20:58:06 -0700] "GET /manifest.json HTTP/1.1" 404 89 "-" "BUbiNG (+http://law.di.unimi.it/BUbiNG.html)" "www.saveaslave.com"
217.182.132.192 - - [05/May/2017:21:02:23 -0700] "GET /papua-new-guinea.html HTTP/1.1" 404 89 "-" "Mozilla/5.0 (compatible; AhrefsBot/5.2; +http://ahrefs.com/robot/)" "saveaslave.com"
64.62.252.162 - - [05/May/2017:21:02:59 -0700] "GET / HTTP/1.1" 200 87648 "-" "BUbiNG (+http://law.di.unimi.it/BUbiNG.html)" "www.saveaslave.com"
