77.75.77.109 - - [07/Jun/2016:18:25:20 -0700] "GET /who-we-arer.php HTTP/1.1" 200 72535 "-" "Mozilla/5.0 (compatible; SeznamBot/3.2; +http://napoveda.seznam.cz/en/seznambot-intro/)" "saveaslave.com"
202.46.53.113 - - [07/Jun/2016:18:32:51 -0700] "GET / HTTP/1.1" 200 89069 "-" "Mozilla/5.0 (compatible; Baiduspider/2.0; +http://www.baidu.com/search/spider.html)" "saveaslave.com"[1]
208.115.113.86 - - [07/Jun/2016:18:59:06 -0700] "GET /www.southasiannetwork.org HTTP/1.1" 404 89 "-" "Mozilla/5.0 (compatible; DotBot/1.1; http://www.opensiteexplorer.org/dotbot, help@moz.com)" "www.saveaslave.com"
208.115.113.86 - - [07/Jun/2016:18:59:07 -0700] "GET /www.calstatela.org HTTP/1.1" 404 89 "-" "Mozilla/5.0 (compatible; DotBot/1.1; http://www.opensiteexplorer.org/dotbot, help@moz.com)" "www.saveaslave.com"
208.115.113.94 - - [07/Jun/2016:19:29:53 -0700] "GET /british_virgin_islands HTTP/1.1" 404 89 "-" "Mozilla/5.0 (compatible; DotBot/1.1; http://www.opensiteexplorer.org/dotbot, help@moz.com)" "www.saveaslave.com"
208.115.113.94 - - [07/Jun/2016:19:48:35 -0700] "GET /robots.txt HTTP/1.1" 200 48 "-" "Mozilla/5.0 (compatible; DotBot/1.1; http://www.opensiteexplorer.org/dotbot, help@moz.com)" "www.saveaslave.com"
208.115.113.94 - - [07/Jun/2016:19:48:35 -0700] "GET /robots.txt HTTP/1.1" 200 48 "-" "Mozilla/5.0 (compatible; DotBot/1.1; http://www.opensiteexplorer.org/dotbot, help@moz.com)" "saveaslave.com"
65.36.241.48 - - [07/Jun/2016:19:48:42 -0700] "HEAD / HTTP/1.1" 200 0 "-" "InternetSeer.com" "www.saveaslave.com"
178.255.215.78 - - [07/Jun/2016:21:04:50 -0700] "GET /robots.txt HTTP/1.1" 200 48 "-" "Mozilla/5.0 (compatible; Exabot/3.0; +http://www.exabot.com/go/robot)" "www.saveaslave.com"
46.119.127.129 - - [07/Jun/2016:21:09:43 -0700] "GET / HTTP/1.1" 200 89069 "-" "Mozilla/5.0 (Windows NT 10.0; WOW64) AppleWebKit/537.36 (KHTML, like Gecko) Chrome/49.0.2623.75 Safari/537.36 OPR/36.0.2130.32" "saveaslave.com"
46.119.127.129 - - [07/Jun/2016:21:09:45 -0700] "GET /blog/robots.txt HTTP/1.1" 404 89 "-" "Mozilla/5.0 (Windows NT 10.0; WOW64) AppleWebKit/537.36 (KHTML, like Gecko) Chrome/49.0.2623.75 Safari/537.36 OPR/36.0.2130.32" "saveaslave.com"
46.119.127.129 - - [07/Jun/2016:21:09:46 -0700] "GET /wordpress/ HTTP/1.1" 404 89 "-" "Mozilla/5.0 (Windows NT 10.0; WOW64) AppleWebKit/537.36 (KHTML, like Gecko) Chrome/49.0.2623.75 Safari/537.36 OPR/36.0.2130.32" "saveaslave.com"
120.29.111.22 - - [07/Jun/2016:21:22:04 -0700] "GET /images/article/suspects.jpg HTTP/1.1" 200 58796 "http://www.saveaslave.com/?tpl=hospitals&itemid=11&countrycode=us" "Mozilla/5.0 (Windows NT 6.3; WOW64) AppleWebKit/537.36 (KHTML, like Gecko) Maxthon/4.4.6.2000 Chrome/30.0.1599.101 Safari/537.36" "www.saveaslave.com"
120.29.111.22 - - [07/Jun/2016:21:22:04 -0700] "GET /images/social1.png HTTP/1.1" 200 2012 "http://www.saveaslave.com/?tpl=hospitals&itemid=11&countrycode=us" "Mozilla/5.0 (Windows NT 6.3; WOW64) AppleWebKit/537.36 (KHTML, like Gecko) Maxthon/4.4.6.2000 Chrome/30.0.1599.101 Safari/537.36" "www.saveaslave.com"
120.29.111.22 - - [07/Jun/2016:21:22:06 -0700] "GET /images/select-arrow.png HTTP/1.1" 200 1118 "http://www.saveaslave.com/?tpl=hospitals&itemid=11&countrycode=us" "Mozilla/5.0 (Windows NT 6.3; WOW64) AppleWebKit/537.36 (KHTML, like Gecko) Maxthon/4.4.6.2000 Chrome/30.0.1599.101 Safari/537.36" "www.saveaslave.com"
120.29.111.22 - - [07/Jun/2016:21:22:07 -0700] "GET /indicator.gif HTTP/1.1" 200 878 "http://www.saveaslave.com/?tpl=hospitals&itemid=11&countrycode=us" "Mozilla/5.0 (Windows NT 6.3; WOW64) AppleWebKit/537.36 (KHTML, like Gecko) Maxthon/4.4.6.2000 Chrome/30.0.1599.101 Safari/537.36" "www.saveaslave.com"
120.29.111.22 - - [07/Jun/2016:21:22:07 -0700] "GET /addarticle.php HTTP/1.1" 200 13682 "http://www.saveaslave.com/?tpl=hospitals&itemid=11&countrycode=us" "Mozilla/5.0 (Windows NT 6.3; WOW64) AppleWebKit/537.36 (KHTML, like Gecko) Maxthon/4.4.6.2000 Chrome/30.0.1599.101 Safari/537.36" "www.saveaslave.com"[1]
120.29.111.22 - - [07/Jun/2016:21:22:08 -0700] "GET /assets/js/ie10-viewport-bug-workaround.js HTTP/1.1" 200 641 "http://www.saveaslave.com/?tpl=hospitals&itemid=11&countrycode=us" "Mozilla/5.0 (Windows NT 6.3; WOW64) AppleWebKit/537.36 (KHTML, like Gecko) Maxthon/4.4.6.2000 Chrome/30.0.1599.101 Safari/537.36" "www.saveaslave.com"
120.29.111.22 - - [07/Jun/2016:21:23:15 -0700] "GET /css/down-arrow.png HTTP/1.1" 404 89 "http://www.saveaslave.com/" "Mozilla/5.0 (Windows NT 6.3; WOW64) AppleWebKit/537.36 (KHTML, like Gecko) Maxthon/4.4.6.2000 Chrome/30.0.1599.101 Safari/537.36" "www.saveaslave.com"
208.115.113.94 - - [07/Jun/2016:21:32:32 -0700] "GET /italy HTTP/1.1" 404 89 "-" "Mozilla/5.0 (compatible; DotBot/1.1; http://www.opensiteexplorer.org/dotbot, help@moz.com)" "saveaslave.com"
208.115.113.94 - - [07/Jun/2016:21:56:36 -0700] "GET /robots.txt HTTP/1.1" 200 48 "-" "Mozilla/5.0 (compatible; DotBot/1.1; http://www.opensiteexplorer.org/dotbot, help@moz.com)" "saveaslave.com"
208.115.113.94 - - [07/Jun/2016:21:56:36 -0700] "GET /robots.txt HTTP/1.1" 200 48 "-" "Mozilla/5.0 (compatible; DotBot/1.1; http://www.opensiteexplorer.org/dotbot, help@moz.com)" "www.saveaslave.com"
101.165.225.78 - - [07/Jun/2016:22:34:45 -0700] "GET /images/top-1.jpg HTTP/1.1" 200 77341 "https://www.google.com.au/" "Mozilla/5.0 (Windows NT 10.0; WOW64) AppleWebKit/537.36 (KHTML, like Gecko) Chrome/51.0.2704.79 Safari/537.36" "www.saveaslave.com"
208.115.113.94 - - [07/Jun/2016:22:37:00 -0700] "GET /seychelles.html HTTP/1.1" 404 89 "-" "Mozilla/5.0 (compatible; DotBot/1.1; http://www.opensiteexplorer.org/dotbot, help@moz.com)" "saveaslave.com"
208.115.113.94 - - [07/Jun/2016:22:37:00 -0700] "GET /slovenia.html HTTP/1.1" 404 89 "-" "Mozilla/5.0 (compatible; DotBot/1.1; http://www.opensiteexplorer.org/dotbot, help@moz.com)" "saveaslave.com"
208.115.113.94 - - [07/Jun/2016:22:37:01 -0700] "GET /ukraine.html HTTP/1.1" 404 89 "-" "Mozilla/5.0 (compatible; DotBot/1.1; http://www.opensiteexplorer.org/dotbot, help@moz.com)" "saveaslave.com"
208.115.113.94 - - [07/Jun/2016:22:44:47 -0700] "GET /article.php?id=111 HTTP/1.1" 200 46202 "-" "Mozilla/5.0 (compatible; DotBot/1.1; http://www.opensiteexplorer.org/dotbot, help@moz.com)" "www.saveaslave.com"
208.115.113.94 - - [07/Jun/2016:22:45:13 -0700] "GET /andorra.html HTTP/1.1" 404 89 "-" "Mozilla/5.0 (compatible; DotBot/1.1; http://www.opensiteexplorer.org/dotbot, help@moz.com)" "www.saveaslave.com"
208.115.113.86 - - [07/Jun/2016:22:51:28 -0700] "GET /www.nightlightinternational.org HTTP/1.1" 404 89 "-" "Mozilla/5.0 (compatible; DotBot/1.1; http://www.opensiteexplorer.org/dotbot, help@moz.com)" "www.saveaslave.com"
208.115.113.86 - - [07/Jun/2016:22:51:31 -0700] "GET /www.ccharities.org HTTP/1.1" 404 89 "-" "Mozilla/5.0 (compatible; DotBot/1.1; http://www.opensiteexplorer.org/dotbot, help@moz.com)" "www.saveaslave.com"
207.46.13.50 - - [07/Jun/2016:23:19:38 -0700] "GET /www.nightlightinternational.org HTTP/1.1" 404 89 "-" "Mozilla/5.0 (compatible; bingbot/2.0; +http://www.bing.com/bingbot.htm)" "www.saveaslave.com"
207.46.13.50 - - [07/Jun/2016:23:19:38 -0700] "GET /www.legalmomentum.org HTTP/1.1" 404 89 "-" "Mozilla/5.0 (compatible; bingbot/2.0; +http://www.bing.com/bingbot.htm)" "www.saveaslave.com"
207.46.13.50 - - [07/Jun/2016:23:40:50 -0700] "GET /www.sndca.org HTTP/1.1" 404 89 "-" "Mozilla/5.0 (compatible; bingbot/2.0; +http://www.bing.com/bingbot.htm)" "www.saveaslave.com"
207.46.13.50 - - [07/Jun/2016:23:48:12 -0700] "GET /www.tahirih.org HTTP/1.1" 404 89 "-" "Mozilla/5.0 (compatible; bingbot/2.0; +http://www.bing.com/bingbot.htm)" "www.saveaslave.com"
207.46.13.50 - - [07/Jun/2016:23:48:13 -0700] "GET /www.tapestri.org HTTP/1.1" 404 89 "-" "Mozilla/5.0 (compatible; bingbot/2.0; +http://www.bing.com/bingbot.htm)" "www.saveaslave.com"
207.46.13.50 - - [07/Jun/2016:23:48:13 -0700] "GET /www.thaicdc.org HTTP/1.1" 404 89 "-" "Mozilla/5.0 (compatible; bingbot/2.0; +http://www.bing.com/bingbot.htm)" "www.saveaslave.com"
195.245.112.158 - - [07/Jun/2016:23:50:54 -0700] "GET / HTTP/1.1" 200 89069 "-" "Mozilla/5.0 (Windows NT 6.1; WOW64; rv:9.0.1) Gecko/20100101 Firefox/9.0.1" "saveaslave.com"
46.118.125.82 - - [07/Jun/2016:23:55:16 -0700] "GET / HTTP/1.1" 200 89033 "http://intervsem.ru/" "Mozilla/3.0 (compatible; WebCapture 2.0; Auto; Windows)" "www.saveaslave.com"
69.30.221.250 - - [08/Jun/2016:00:09:40 -0700] "GET /italy HTTP/1.1" 404 89 "-" "Mozilla/5.0 (compatible; MJ12bot/v1.4.5; http://www.majestic12.co.uk/bot.php?+)" "saveaslave.com"
208.115.113.94 - - [08/Jun/2016:00:42:40 -0700] "GET /robots.txt HTTP/1.1" 200 48 "-" "Mozilla/5.0 (compatible; DotBot/1.1; http://www.opensiteexplorer.org/dotbot, help@moz.com)" "saveaslave.com"
123.125.71.117 - - [08/Jun/2016:00:44:50 -0700] "GET / HTTP/1.1" 200 89069 "-" "Mozilla/5.0 (compatible; Baiduspider/2.0; +http://www.baidu.com/search/spider.html)" "saveaslave.com"
89.145.95.42 - - [08/Jun/2016:00:52:14 -0700] "GET / HTTP/1.1" 200 89069 "-" "Mozilla/5.0 (compatible; GrapeshotCrawler/2.0; +http://www.grapeshot.co.uk/crawler.php)" "www.saveaslave.com"[1]
173.234.159.250 - - [08/Jun/2016:01:10:10 -0700] "GET /robots.txt HTTP/1.1" 200 48 "-" "Mozilla/5.0 (compatible; MJ12bot/v1.4.5; http://www.majestic12.co.uk/bot.php?+)" "www.saveaslave.com"
164.132.161.3 - - [08/Jun/2016:01:12:28 -0700] "GET /www.covenanthouse.org HTTP/1.1" 404 89 "-" "Mozilla/5.0 (compatible; AhrefsBot/5.1; +http://ahrefs.com/robot/)" "saveaslave.com"
180.76.15.137 - - [08/Jun/2016:01:23:30 -0700] "GET /images/countrymap/?D=D HTTP/1.1" 200 108242 "-" "Mozilla/5.0 (compatible; Baiduspider/2.0; +http://www.baidu.com/search/spider.html)" "www.saveaslave.com"[1]
208.115.113.94 - - [08/Jun/2016:01:57:07 -0700] "GET /west-bank.html HTTP/1.1" 404 89 "-" "Mozilla/5.0 (compatible; DotBot/1.1; http://www.opensiteexplorer.org/dotbot, help@moz.com)" "saveaslave.com"
208.115.113.94 - - [08/Jun/2016:01:57:08 -0700] "GET /algeria.html HTTP/1.1" 404 89 "-" "Mozilla/5.0 (compatible; DotBot/1.1; http://www.opensiteexplorer.org/dotbot, help@moz.com)" "saveaslave.com"
208.115.113.94 - - [08/Jun/2016:01:59:59 -0700] "GET /macau HTTP/1.1" 404 89 "-" "Mozilla/5.0 (compatible; DotBot/1.1; http://www.opensiteexplorer.org/dotbot, help@moz.com)" "www.saveaslave.com"[0]
208.115.113.94 - - [08/Jun/2016:01:59:59 -0700] "GET /antigua HTTP/1.1" 404 89 "-" "Mozilla/5.0 (compatible; DotBot/1.1; http://www.opensiteexplorer.org/dotbot, help@moz.com)" "www.saveaslave.com"
208.115.113.94 - - [08/Jun/2016:01:59:59 -0700] "GET /falklands HTTP/1.1" 404 89 "-" "Mozilla/5.0 (compatible; DotBot/1.1; http://www.opensiteexplorer.org/dotbot, help@moz.com)" "saveaslave.com"
208.115.113.94 - - [08/Jun/2016:01:59:59 -0700] "GET /egypt HTTP/1.1" 404 89 "-" "Mozilla/5.0 (compatible; DotBot/1.1; http://www.opensiteexplorer.org/dotbot, help@moz.com)" "saveaslave.com"
207.46.13.27 - - [08/Jun/2016:02:08:59 -0700] "GET /robots.txt HTTP/1.1" 200 48 "-" "Mozilla/5.0 (compatible; bingbot/2.0; +http://www.bing.com/bingbot.htm)" "www.saveaslave.com"
94.227.4.71 - - [08/Jun/2016:02:14:19 -0700] "GET /samoa.html HTTP/1.1" 404 89 "-" "Mozilla/5.0 (Macintosh; Intel Mac OS X 10_11_3) AppleWebKit/601.4.4 (KHTML, like Gecko)" "www.saveaslave.com"
94.227.4.71 - - [08/Jun/2016:02:14:20 -0700] "GET /apple-touch-icon-precomposed.png HTTP/1.1" 404 89 "-" "Safari/11601.4.4 CFNetwork/760.2.6 Darwin/15.3.0 (x86_64)" "www.saveaslave.com"
94.227.4.71 - - [08/Jun/2016:02:14:20 -0700] "GET /apple-touch-icon.png HTTP/1.1" 404 89 "-" "Safari/11601.4.4 CFNetwork/760.2.6 Darwin/15.3.0 (x86_64)" "www.saveaslave.com"
94.227.4.71 - - [08/Jun/2016:02:14:20 -0700] "GET /samoa.html HTTP/1.1" 404 89 "-" "Mozilla/5.0 (iPhone; CPU iPhone OS 9_1 like Mac OS X) AppleWebKit/601.1.46 (KHTML, like Gecko) Version/9.0 Mobile/13B143 Safari/601.1" "www.saveaslave.com"
94.227.4.71 - - [08/Jun/2016:02:14:21 -0700] "GET /apple-touch-icon-precomposed.png HTTP/1.1" 404 89 "-" "Safari/11601.4.4 CFNetwork/760.2.6 Darwin/15.3.0 (x86_64)" "www.saveaslave.com"
94.227.4.71 - - [08/Jun/2016:02:14:21 -0700] "GET /apple-touch-icon.png HTTP/1.1" 404 89 "-" "Safari/11601.4.4 CFNetwork/760.2.6 Darwin/15.3.0 (x86_64)" "www.saveaslave.com"
65.36.241.48 - - [08/Jun/2016:02:14:43 -0700] "HEAD / HTTP/1.1" 200 0 "-" "InternetSeer.com" "www.saveaslave.com"
8.37.233.29 - - [08/Jun/2016:02:41:21 -0700] "GET / HTTP/1.1" 200 89033 "http://www.google.co.in/search?ie=ISO-8859-1&q=www.slave.com&btnG=Search" "Mozilla/5.0 (Linux; U; Android 4.3; en-US; SM-G7102 Build/JLS36C) AppleWebKit/534.30 (KHTML, like Gecko) Version/4.0 UCBrowser/10.9.8.770 U3/0.8.0 Mobile Safari/534.30" "www.saveaslave.com"
8.37.233.29 - - [08/Jun/2016:02:41:21 -0700] "GET /gfeedfetcher.js HTTP/1.1" 200 9018 "http://www.saveaslave.com/" "Mozilla/5.0 (Linux; U; Android 4.3; en-US; SM-G7102 Build/JLS36C) AppleWebKit/534.30 (KHTML, like Gecko) Version/4.0 UCBrowser/10.9.8.770 U3/0.8.0 Mobile Safari/534.30" "www.saveaslave.com"
8.37.233.29 - - [08/Jun/2016:02:41:21 -0700] "GET /css/style.css HTTP/1.1" 200 7938 "http://www.saveaslave.com/" "Mozilla/5.0 (Linux; U; Android 4.3; en-US; SM-G7102 Build/JLS36C) AppleWebKit/534.30 (KHTML, like Gecko) Version/4.0 UCBrowser/10.9.8.770 U3/0.8.0 Mobile Safari/534.30" "www.saveaslave.com"
8.37.233.29 - - [08/Jun/2016:02:41:21 -0700] "GET /css/elements.css HTTP/1.1" 200 17857 "http://www.saveaslave.com/" "Mozilla/5.0 (Linux; U; Android 4.3; en-US; SM-G7102 Build/JLS36C) AppleWebKit/534.30 (KHTML, like Gecko) Version/4.0 UCBrowser/10.9.8.770 U3/0.8.0 Mobile Safari/534.30" "www.saveaslave.com"[0]
8.37.233.29 - - [08/Jun/2016:02:41:21 -0700] "GET /images/top.jpg HTTP/1.1" 200 50519 "http://www.saveaslave.com/" "Mozilla/5.0 (Linux; U; Android 4.3; en-US; SM-G7102 Build/JLS36C) AppleWebKit/534.30 (KHTML, like Gecko) Version/4.0 UCBrowser/10.9.8.770 U3/0.8.0 Mobile Safari/534.30" "www.saveaslave.com"
8.37.233.29 - - [08/Jun/2016:02:41:21 -0700] "GET /images/logo2.png HTTP/1.1" 200 18525 "http://www.saveaslave.com/" "Mozilla/5.0 (Linux; U; Android 4.3; en-US; SM-G7102 Build/JLS36C) AppleWebKit/534.30 (KHTML, like Gecko) Version/4.0 UCBrowser/10.9.8.770 U3/0.8.0 Mobile Safari/534.30" "www.saveaslave.com"
8.37.233.29 - - [08/Jun/2016:02:41:21 -0700] "GET /images/article/end_it.jpg HTTP/1.1" 200 33676 "http://www.saveaslave.com/" "Mozilla/5.0 (Linux; U; Android 4.3; en-US; SM-G7102 Build/JLS36C) AppleWebKit/534.30 (KHTML, like Gecko) Version/4.0 UCBrowser/10.9.8.770 U3/0.8.0 Mobile Safari/534.30" "www.saveaslave.com"
8.37.233.29 - - [08/Jun/2016:02:41:21 -0700] "GET /images/social2.png HTTP/1.1" 200 1752 "http://www.saveaslave.com/" "Mozilla/5.0 (Linux; U; Android 4.3; en-US; SM-G7102 Build/JLS36C) AppleWebKit/534.30 (KHTML, like Gecko) Version/4.0 UCBrowser/10.9.8.770 U3/0.8.0 Mobile Safari/534.30" "www.saveaslave.com"[0]
8.37.233.29 - - [08/Jun/2016:02:41:21 -0700] "GET /images/social1.png HTTP/1.1" 200 2012 "http://www.saveaslave.com/" "Mozilla/5.0 (Linux; U; Android 4.3; en-US; SM-G7102 Build/JLS36C) AppleWebKit/534.30 (KHTML, like Gecko) Version/4.0 UCBrowser/10.9.8.770 U3/0.8.0 Mobile Safari/534.30" "www.saveaslave.com"
8.37.233.29 - - [08/Jun/2016:02:41:21 -0700] "GET /images/article/s1_dety_beg_d9954.jpg HTTP/1.1" 200 16968 "http://www.saveaslave.com/" "Mozilla/5.0 (Linux; U; Android 4.3; en-US; SM-G7102 Build/JLS36C) AppleWebKit/534.30 (KHTML, like Gecko) Version/4.0 UCBrowser/10.9.8.770 U3/0.8.0 Mobile Safari/534.30" "www.saveaslave.com"
8.37.233.29 - - [08/Jun/2016:02:41:21 -0700] "GET /images/article/suspects.jpg HTTP/1.1" 200 58796 "http://www.saveaslave.com/" "Mozilla/5.0 (Linux; U; Android 4.3; en-US; SM-G7102 Build/JLS36C) AppleWebKit/534.30 (KHTML, like Gecko) Version/4.0 UCBrowser/10.9.8.770 U3/0.8.0 Mobile Safari/534.30" "www.saveaslave.com"
8.37.233.29 - - [08/Jun/2016:02:41:21 -0700] "GET /images/social3.png HTTP/1.1" 200 4343 "http://www.saveaslave.com/" "Mozilla/5.0 (Linux; U; Android 4.3; en-US; SM-G7102 Build/JLS36C) AppleWebKit/534.30 (KHTML, like Gecko) Version/4.0 UCBrowser/10.9.8.770 U3/0.8.0 Mobile Safari/534.30" "www.saveaslave.com"
8.37.233.29 - - [08/Jun/2016:02:41:21 -0700] "GET /photos/article3a.jpg HTTP/1.1" 404 89 "http://www.saveaslave.com/" "Mozilla/5.0 (Linux; U; Android 4.3; en-US; SM-G7102 Build/JLS36C) AppleWebKit/534.30 (KHTML, like Gecko) Version/4.0 UCBrowser/10.9.8.770 U3/0.8.0 Mobile Safari/534.30" "www.saveaslave.com"
8.37.233.29 - - [08/Jun/2016:02:41:25 -0700] "GET /indicator.gif HTTP/1.1" 200 878 "http://www.saveaslave.com/" "Mozilla/5.0 (Linux; U; Android 4.3; en-US; SM-G7102 Build/JLS36C) AppleWebKit/534.30 (KHTML, like Gecko) Version/4.0 UCBrowser/10.9.8.770 U3/0.8.0 Mobile Safari/534.30" "www.saveaslave.com"
8.37.233.29 - - [08/Jun/2016:02:41:51 -0700] "GET /ico/favicon-16x16.png HTTP/1.1" 200 1129 "http://www.saveaslave.com/" "Mozilla/5.0 (Linux; U; Android 4.3; en-US; SM-G7102 Build/JLS36C) AppleWebKit/534.30 (KHTML, like Gecko) Version/4.0 UCBrowser/10.9.8.770 U3/0.8.0 Mobile Safari/534.30" "www.saveaslave.com"
208.115.113.94 - - [08/Jun/2016:02:42:01 -0700] "GET /congo HTTP/1.1" 404 89 "-" "Mozilla/5.0 (compatible; DotBot/1.1; http://www.opensiteexplorer.org/dotbot, help@moz.com)" "saveaslave.com"
208.115.113.94 - - [08/Jun/2016:02:42:01 -0700] "GET /finland HTTP/1.1" 404 89 "-" "Mozilla/5.0 (compatible; DotBot/1.1; http://www.opensiteexplorer.org/dotbot, help@moz.com)" "saveaslave.com"
208.115.113.94 - - [08/Jun/2016:02:42:02 -0700] "GET /luxembourg HTTP/1.1" 404 89 "-" "Mozilla/5.0 (compatible; DotBot/1.1; http://www.opensiteexplorer.org/dotbot, help@moz.com)" "saveaslave.com"[0]
46.119.127.129 - - [08/Jun/2016:02:45:09 -0700] "GET /robots.txt HTTP/1.1" 200 48 "-" "Mozilla/5.0 (Windows NT 10.0; WOW64) AppleWebKit/537.36 (KHTML, like Gecko) Chrome/49.0.2623.75 Safari/537.36 OPR/36.0.2130.32" "saveaslave.com"
46.119.127.129 - - [08/Jun/2016:02:45:09 -0700] "GET / HTTP/1.1" 200 89069 "-" "Mozilla/5.0 (Windows NT 10.0; WOW64) AppleWebKit/537.36 (KHTML, like Gecko) Chrome/49.0.2623.75 Safari/537.36 OPR/36.0.2130.32" "saveaslave.com"[0]
171.113.177.143 - - [08/Jun/2016:02:46:08 -0700] "POST /addlink.php/trackback/ HTTP/1.1" 200 877 "http://www.saveaslave.com/addlink.php" "Mozilla/5.0 (Windows NT 6.1; Trident/7.0; rv:11.0) like Gecko" "www.saveaslave.com"
162.221.200.177 - - [08/Jun/2016:02:54:20 -0700] "GET /addarticle.php HTTP/1.1" 200 13718 "-" "Mozilla/5.0 (Windows NT 6.1) AppleWebKit/537.36 (KHTML, like Gecko) Chrome/41.0.2228.0 Safari/537.36" "saveaslave.com"[1]
208.115.113.94 - - [08/Jun/2016:02:55:12 -0700] "GET /robots.txt HTTP/1.1" 200 48 "-" "Mozilla/5.0 (compatible; DotBot/1.1; http://www.opensiteexplorer.org/dotbot, help@moz.com)" "saveaslave.com"
208.115.113.94 - - [08/Jun/2016:02:55:12 -0700] "GET /robots.txt HTTP/1.1" 200 48 "-" "Mozilla/5.0 (compatible; DotBot/1.1; http://www.opensiteexplorer.org/dotbot, help@moz.com)" "www.saveaslave.com"
169.1.203.159 - - [08/Jun/2016:03:53:10 -0700] "GET / HTTP/1.1" 200 89033 "http://www.ohchr.org/EN/Issues/Slavery/UNVTFCFS/Pages/SlaveryList.aspx" "Mozilla/5.0 (Windows NT 6.1; rv:38.0) Gecko/20100101 Firefox/38.0.6" "www.saveaslave.com"
169.1.203.159 - - [08/Jun/2016:03:53:13 -0700] "GET / HTTP/1.1" 200 89069 "-" "Mozilla/5.0 (Windows NT 6.1; rv:38.0) Gecko/20100101 Firefox/38.0.6" "www.saveaslave.com"
208.115.113.94 - - [08/Jun/2016:03:54:53 -0700] "GET /our-supportersr.php HTTP/1.1" 200 73 "-" "Mozilla/5.0 (compatible; DotBot/1.1; http://www.opensiteexplorer.org/dotbot, help@moz.com)" "saveaslave.com"
144.98.98.34 - - [08/Jun/2016:04:00:27 -0700] "GET / HTTP/1.1" 200 89033 "http://www.google.co.uk/url?url=http://www.saveaslave.com/&rct=j&frm=1&q=&esrc=s&sa=U&ved=0ahUKEwjz2o75opjNAhUFCsAKHerRBaQQFggUMAA&usg=AFQjCNEzaRr7zL-jN0MZbkP45sZqTNeY9w" "Mozilla/5.0 (compatible; MSIE 9.0; Windows NT 6.1; Trident/5.0)" "www.saveaslave.com"[2]
144.98.98.34 - - [08/Jun/2016:04:00:27 -0700] "GET /gfeedfetcher.js HTTP/1.1" 200 9018 "http://www.saveaslave.com/" "Mozilla/5.0 (compatible; MSIE 9.0; Windows NT 6.1; Trident/5.0)" "www.saveaslave.com"[0]
144.98.98.34 - - [08/Jun/2016:04:00:27 -0700] "GET /favicon.ico HTTP/1.1" 404 89 "http://www.saveaslave.com/" "Mozilla/5.0 (compatible; MSIE 9.0; Windows NT 6.1; Trident/5.0)" "www.saveaslave.com"[0]
144.98.98.34 - - [08/Jun/2016:04:00:27 -0700] "GET /manifest.json HTTP/1.1" 404 89 "http://www.saveaslave.com/" "Mozilla/5.0 (compatible; MSIE 9.0; Windows NT 6.1; Trident/5.0)" "www.saveaslave.com"
144.98.98.34 - - [08/Jun/2016:04:00:27 -0700] "GET /ico/android-icon-192x192.png HTTP/1.1" 200 10097 "http://www.saveaslave.com/" "Mozilla/5.0 (compatible; MSIE 9.0; Windows NT 6.1; Trident/5.0)" "www.saveaslave.com"
144.98.98.34 - - [08/Jun/2016:04:00:27 -0700] "GET /ico/apple-icon-114x114.png HTTP/1.1" 200 5667 "http://www.saveaslave.com/" "Mozilla/5.0 (compatible; MSIE 9.0; Windows NT 6.1; Trident/5.0)" "www.saveaslave.com"
144.98.98.34 - - [08/Jun/2016:04:00:27 -0700] "GET /ico/apple-icon-144x144.png HTTP/1.1" 200 7775 "http://www.saveaslave.com/" "Mozilla/5.0 (compatible; MSIE 9.0; Windows NT 6.1; Trident/5.0)" "www.saveaslave.com"[0]
144.98.98.34 - - [08/Jun/2016:04:00:27 -0700] "GET /ico/favicon-32x32.png HTTP/1.1" 200 1892 "http://www.saveaslave.com/" "Mozilla/5.0 (compatible; MSIE 9.0; Windows NT 6.1; Trident/5.0)" "www.saveaslave.com"
144.98.98.34 - - [08/Jun/2016:04:00:27 -0700] "GET /ico/apple-icon-152x152.png HTTP/1.1" 200 8281 "http://www.saveaslave.com/" "Mozilla/5.0 (compatible; MSIE 9.0; Windows NT 6.1; Trident/5.0)" "www.saveaslave.com"
144.98.98.34 - - [08/Jun/2016:04:00:27 -0700] "GET /ico/apple-icon-76x76.png HTTP/1.1" 200 3414 "http://www.saveaslave.com/" "Mozilla/5.0 (compatible; MSIE 9.0; Windows NT 6.1; Trident/5.0)" "www.saveaslave.com"
144.98.98.34 - - [08/Jun/2016:04:00:27 -0700] "GET /ico/apple-icon-57x57.png HTTP/1.1" 200 2495 "http://www.saveaslave.com/" "Mozilla/5.0 (compatible; MSIE 9.0; Windows NT 6.1; Trident/5.0)" "www.saveaslave.com"
144.98.98.34 - - [08/Jun/2016:04:00:27 -0700] "GET /ico/apple-icon-120x120.png HTTP/1.1" 200 6158 "http://www.saveaslave.com/" "Mozilla/5.0 (compatible; MSIE 9.0; Windows NT 6.1; Trident/5.0)" "www.saveaslave.com"
144.98.98.34 - - [08/Jun/2016:04:00:27 -0700] "GET /ico/favicon-96x96.png HTTP/1.1" 200 4476 "http://www.saveaslave.com/" "Mozilla/5.0 (compatible; MSIE 9.0; Windows NT 6.1; Trident/5.0)" "www.saveaslave.com"
144.98.98.34 - - [08/Jun/2016:04:00:27 -0700] "GET /ico/apple-icon-72x72.png HTTP/1.1" 200 3219 "http://www.saveaslave.com/" "Mozilla/5.0 (compatible; MSIE 9.0; Windows NT 6.1; Trident/5.0)" "www.saveaslave.com"
144.98.98.34 - - [08/Jun/2016:04:00:27 -0700] "GET /gajaxscroller.js HTTP/1.1" 200 9774 "http://www.saveaslave.com/" "Mozilla/5.0 (compatible; MSIE 9.0; Windows NT 6.1; Trident/5.0)" "www.saveaslave.com"
144.98.98.34 - - [08/Jun/2016:04:00:27 -0700] "GET /ico/apple-icon-180x180.png HTTP/1.1" 200 10378 "http://www.saveaslave.com/" "Mozilla/5.0 (compatible; MSIE 9.0; Windows NT 6.1; Trident/5.0)" "www.saveaslave.com"
144.98.98.34 - - [08/Jun/2016:04:00:27 -0700] "GET /ico/favicon-16x16.png HTTP/1.1" 200 1129 "http://www.saveaslave.com/" "Mozilla/5.0 (compatible; MSIE 9.0; Windows NT 6.1; Trident/5.0)" "www.saveaslave.com"
144.98.98.34 - - [08/Jun/2016:04:00:27 -0700] "GET /assets/js/ie-emulation-modes-warning.js HTTP/1.1" 200 2130 "http://www.saveaslave.com/" "Mozilla/5.0 (compatible; MSIE 9.0; Windows NT 6.1; Trident/5.0)" "www.saveaslave.com"
144.98.98.34 - - [08/Jun/2016:04:00:27 -0700] "GET /images/top.jpg HTTP/1.1" 200 50519 "http://www.saveaslave.com/" "Mozilla/5.0 (compatible; MSIE 9.0; Windows NT 6.1; Trident/5.0)" "www.saveaslave.com"
144.98.98.34 - - [08/Jun/2016:04:00:27 -0700] "GET /css/bootstrap.min.css HTTP/1.1" 200 123578 "http://www.saveaslave.com/" "Mozilla/5.0 (compatible; MSIE 9.0; Windows NT 6.1; Trident/5.0)" "www.saveaslave.com"
144.98.98.34 - - [08/Jun/2016:04:00:27 -0700] "GET /images/cover1.jpg HTTP/1.1" 200 253658 "http://www.saveaslave.com/" "Mozilla/5.0 (compatible; MSIE 9.0; Windows NT 6.1; Trident/5.0)" "www.saveaslave.com"
144.98.98.34 - - [08/Jun/2016:04:00:27 -0700] "GET /ico/apple-icon-60x60.png HTTP/1.1" 200 2590 "http://www.saveaslave.com/" "Mozilla/5.0 (compatible; MSIE 9.0; Windows NT 6.1; Trident/5.0)" "www.saveaslave.com"
144.98.98.34 - - [08/Jun/2016:04:00:27 -0700] "GET /images/article/suspects.jpg HTTP/1.1" 200 58796 "http://www.saveaslave.com/" "Mozilla/5.0 (compatible; MSIE 9.0; Windows NT 6.1; Trident/5.0)" "www.saveaslave.com"
144.98.98.34 - - [08/Jun/2016:04:01:15 -0700] "GET /images/article/s1_dety_beg_d9954.jpg HTTP/1.1" 200 16968 "http://www.saveaslave.com/" "Mozilla/5.0 (compatible; MSIE 9.0; Windows NT 6.1; Trident/5.0)" "www.saveaslave.com"
144.98.98.34 - - [08/Jun/2016:04:01:16 -0700] "GET /images/social3.png HTTP/1.1" 200 4343 "http://www.saveaslave.com/" "Mozilla/5.0 (compatible; MSIE 9.0; Windows NT 6.1; Trident/5.0)" "www.saveaslave.com"
144.98.98.34 - - [08/Jun/2016:04:01:16 -0700] "GET /indicator.gif HTTP/1.1" 200 878 "http://www.saveaslave.com/" "Mozilla/5.0 (compatible; MSIE 9.0; Windows NT 6.1; Trident/5.0)" "www.saveaslave.com"
144.98.98.34 - - [08/Jun/2016:04:01:33 -0700] "GET /js/bootstrap.min.js HTTP/1.1" 200 37055 "http://www.saveaslave.com/" "Mozilla/5.0 (compatible; MSIE 9.0; Windows NT 6.1; Trident/5.0)" "www.saveaslave.com"
144.98.98.34 - - [08/Jun/2016:04:01:33 -0700] "GET /css/style-pages.css HTTP/1.1" 200 9894 "http://www.saveaslave.com/" "Mozilla/5.0 (compatible; MSIE 9.0; Windows NT 6.1; Trident/5.0)" "www.saveaslave.com"
66.249.69.128 - - [08/Jun/2016:04:27:30 -0700] "GET /wallis.html HTTP/1.1" 404 89 "-" "Mozilla/5.0 (Linux; Android 6.0.1; Nexus 5X Build/MMB29P) AppleWebKit/537.36 (KHTML, like Gecko) Chrome/41.0.2272.96 Mobile Safari/537.36 (compatible; Googlebot/2.1; +http://www.google.com/bot.html)" "saveaslave.com"
208.115.113.86 - - [08/Jun/2016:04:49:46 -0700] "GET /robots.txt HTTP/1.1" 200 48 "-" "Mozilla/5.0 (compatible; DotBot/1.1; http://www.opensiteexplorer.org/dotbot, help@moz.com)" "saveaslave.com"
208.115.113.94 - - [08/Jun/2016:04:52:44 -0700] "GET /oman HTTP/1.1" 404 89 "-" "Mozilla/5.0 (compatible; DotBot/1.1; http://www.opensiteexplorer.org/dotbot, help@moz.com)" "www.saveaslave.com"
208.115.113.94 - - [08/Jun/2016:05:00:37 -0700] "GET /robots.txt HTTP/1.1" 200 48 "-" "Mozilla/5.0 (compatible; DotBot/1.1; http://www.opensiteexplorer.org/dotbot, help@moz.com)" "saveaslave.com"
164.132.161.80 - - [08/Jun/2016:05:05:56 -0700] "GET /news9r.php HTTP/1.1" 200 73 "-" "Mozilla/5.0 (compatible; AhrefsBot/5.1; +http://ahrefs.com/robot/)" "saveaslave.com"
208.115.113.94 - - [08/Jun/2016:05:58:08 -0700] "GET /tuvalu.html HTTP/1.1" 404 89 "-" "Mozilla/5.0 (compatible; DotBot/1.1; http://www.opensiteexplorer.org/dotbot, help@moz.com)" "www.saveaslave.com"
208.115.113.86 - - [08/Jun/2016:06:13:35 -0700] "GET /robots.txt HTTP/1.1" 200 48 "-" "Mozilla/5.0 (compatible; DotBot/1.1; http://www.opensiteexplorer.org/dotbot, help@moz.com)" "www.saveaslave.com"
69.30.201.98 - - [08/Jun/2016:06:14:01 -0700] "GET /robots.txt HTTP/1.1" 200 48 "-" "Mozilla/5.0 (compatible; MJ12bot/v1.4.5; http://www.majestic12.co.uk/bot.php?+)" "saveaslave.com"
69.30.201.98 - - [08/Jun/2016:06:14:04 -0700] "GET /article.php?id=113 HTTP/1.1" 200 43936 "-" "Mozilla/5.0 (compatible; MJ12bot/v1.4.5; http://www.majestic12.co.uk/bot.php?+)" "saveaslave.com"
69.30.201.98 - - [08/Jun/2016:06:14:05 -0700] "GET /article.php?id=22 HTTP/1.1" 200 46639 "-" "Mozilla/5.0 (compatible; MJ12bot/v1.4.5; http://www.majestic12.co.uk/bot.php?+)" "saveaslave.com"
69.30.201.98 - - [08/Jun/2016:06:14:08 -0700] "GET /article.php?id=62 HTTP/1.1" 200 47692 "-" "Mozilla/5.0 (compatible; MJ12bot/v1.4.5; http://www.majestic12.co.uk/bot.php?+)" "saveaslave.com"
101.226.168.198 - - [08/Jun/2016:06:46:11 -0700] "GET /robots.txt HTTP/1.1" 200 48 "http://saveaslave.com/robots.txt" "Mozilla/5.0 (Windows NT 6.1) AppleWebKit/537.1 (KHTML, like Gecko) Chrome/21.0.1180.89 Safari/537.1; 360Spider(compatible; HaosouSpider; http://www.haosou.com/help/help_3_2.html)" "saveaslave.com"
208.115.113.86 - - [08/Jun/2016:06:55:05 -0700] "GET /contact-us.php HTTP/1.1" 200 30488 "-" "Mozilla/5.0 (compatible; DotBot/1.1; http://www.opensiteexplorer.org/dotbot, help@moz.com)" "www.saveaslave.com"
164.132.161.77 - - [08/Jun/2016:07:15:38 -0700] "GET /turks-caicos-islands.html HTTP/1.1" 404 89 "-" "Mozilla/5.0 (compatible; AhrefsBot/5.1; +http://ahrefs.com/robot/)" "saveaslave.com"
208.115.113.94 - - [08/Jun/2016:07:54:56 -0700] "GET /norway.html HTTP/1.1" 404 89 "-" "Mozilla/5.0 (compatible; DotBot/1.1; http://www.opensiteexplorer.org/dotbot, help@moz.com)" "saveaslave.com"[1]
40.77.167.27 - - [08/Jun/2016:07:58:15 -0700] "GET /philippines.html HTTP/1.1" 404 89 "-" "Mozilla/5.0 (compatible; bingbot/2.0; +http://www.bing.com/bingbot.htm)" "saveaslave.com"
40.77.167.104 - - [08/Jun/2016:08:00:13 -0700] "GET /robots.txt HTTP/1.1" 200 48 "-" "Mozilla/5.0 (compatible; bingbot/2.0; +http://www.bing.com/bingbot.htm)" "www.saveaslave.com"
65.36.241.48 - - [08/Jun/2016:08:39:20 -0700] "HEAD / HTTP/1.1" 200 0 "-" "InternetSeer.com" "www.saveaslave.com"
116.38.219.51 - - [08/Jun/2016:08:50:05 -0700] "GET /ico/android-icon-192x192.png HTTP/1.1" 200 10097 "-" "Mozilla/5.0 ComVoy (Windows NT 6.2; WOW64; rv:30.0) Gecko/20100101 Firefox/30.0" "saveaslave.com"
116.38.219.51 - - [08/Jun/2016:08:50:07 -0700] "GET /css/style.css HTTP/1.1" 200 7938 "http://saveaslave.com/" "Mozilla/5.0 ComVoy (Windows NT 6.2; WOW64; rv:30.0) Gecko/20100101 Firefox/30.0" "saveaslave.com"
116.38.219.51 - - [08/Jun/2016:08:50:08 -0700] "GET /images/social1.png HTTP/1.1" 200 2012 "http://saveaslave.com/" "Mozilla/5.0 ComVoy (Windows NT 6.2; WOW64; rv:30.0) Gecko/20100101 Firefox/30.0" "saveaslave.com"
116.38.219.51 - - [08/Jun/2016:08:50:08 -0700] "GET /images/social2.png HTTP/1.1" 200 1752 "http://saveaslave.com/" "Mozilla/5.0 ComVoy (Windows NT 6.2; WOW64; rv:30.0) Gecko/20100101 Firefox/30.0" "saveaslave.com"[0]
116.38.219.51 - - [08/Jun/2016:08:50:09 -0700] "GET /css/down-arrow.png HTTP/1.1" 404 89 "http://saveaslave.com/css/elements.css" "Mozilla/5.0 ComVoy (Windows NT 6.2; WOW64; rv:30.0) Gecko/20100101 Firefox/30.0" "saveaslave.com"
176.9.58.227 - - [08/Jun/2016:09:06:07 -0700] "GET / HTTP/1.1" 200 89069 "-" "Mozilla/5.0 (compatible; MegaIndex.ru/2.0; +http://megaindex.com/crawler)" "www.saveaslave.com"
176.9.58.227 - - [08/Jun/2016:09:06:09 -0700] "GET /robots.txt HTTP/1.1" 200 48 "-" "Mozilla/5.0 (compatible; MegaIndex.ru/2.0; +http://megaindex.com/crawler)" "www.saveaslave.com"
176.9.58.227 - - [08/Jun/2016:09:06:11 -0700] "GET /who-we-are.php HTTP/1.1" 200 50828 "-" "Mozilla/5.0 (compatible; MegaIndex.ru/2.0; +http://megaindex.com/crawler)" "www.saveaslave.com"
176.9.58.227 - - [08/Jun/2016:09:06:18 -0700] "GET /contact-us.php HTTP/1.1" 200 30488 "-" "Mozilla/5.0 (compatible; MegaIndex.ru/2.0; +http://megaindex.com/crawler)" "www.saveaslave.com"
176.9.58.227 - - [08/Jun/2016:09:06:35 -0700] "GET /disclaimer.php HTTP/1.1" 200 47937 "-" "Mozilla/5.0 (compatible; MegaIndex.ru/2.0; +http://megaindex.com/crawler)" "www.saveaslave.com"
176.9.58.227 - - [08/Jun/2016:09:06:38 -0700] "GET /help.php HTTP/1.1" 200 52768 "-" "Mozilla/5.0 (compatible; MegaIndex.ru/2.0; +http://megaindex.com/crawler)" "www.saveaslave.com"
176.9.58.227 - - [08/Jun/2016:09:06:42 -0700] "GET /article.php?id=111 HTTP/1.1" 200 46202 "-" "Mozilla/5.0 (compatible; MegaIndex.ru/2.0; +http://megaindex.com/crawler)" "www.saveaslave.com"
176.9.58.227 - - [08/Jun/2016:09:06:44 -0700] "GET /article.php?id=21 HTTP/1.1" 200 49376 "-" "Mozilla/5.0 (compatible; MegaIndex.ru/2.0; +http://megaindex.com/crawler)" "www.saveaslave.com"
176.9.58.227 - - [08/Jun/2016:09:06:52 -0700] "GET /article.php?id=6 HTTP/1.1" 200 47572 "-" "Mozilla/5.0 (compatible; MegaIndex.ru/2.0; +http://megaindex.com/crawler)" "www.saveaslave.com"
176.9.58.227 - - [08/Jun/2016:09:06:54 -0700] "GET /article.php?id=5 HTTP/1.1" 200 46597 "-" "Mozilla/5.0 (compatible; MegaIndex.ru/2.0; +http://megaindex.com/crawler)" "www.saveaslave.com"
176.9.58.227 - - [08/Jun/2016:09:06:58 -0700] "GET /article.php?id=3 HTTP/1.1" 200 50919 "-" "Mozilla/5.0 (compatible; MegaIndex.ru/2.0; +http://megaindex.com/crawler)" "www.saveaslave.com"[0]
176.9.58.227 - - [08/Jun/2016:09:07:03 -0700] "GET /who-we-arer.php HTTP/1.1" 200 72535 "-" "Mozilla/5.0 (compatible; MegaIndex.ru/2.0; +http://megaindex.com/crawler)" "www.saveaslave.com"[0]
176.9.58.227 - - [08/Jun/2016:09:07:08 -0700] "GET /our-newsr.php HTTP/1.1" 200 78300 "-" "Mozilla/5.0 (compatible; MegaIndex.ru/2.0; +http://megaindex.com/crawler)" "www.saveaslave.com"[1]
176.9.58.227 - - [08/Jun/2016:09:07:14 -0700] "GET /article.php?id=66 HTTP/1.1" 200 52835 "-" "Mozilla/5.0 (compatible; MegaIndex.ru/2.0; +http://megaindex.com/crawler)" "www.saveaslave.com"
176.9.58.227 - - [08/Jun/2016:09:07:20 -0700] "GET /article.php?id=63 HTTP/1.1" 200 45535 "-" "Mozilla/5.0 (compatible; MegaIndex.ru/2.0; +http://megaindex.com/crawler)" "www.saveaslave.com"
176.9.58.227 - - [08/Jun/2016:09:07:27 -0700] "GET /article.php?id=61 HTTP/1.1" 200 56372 "-" "Mozilla/5.0 (compatible; MegaIndex.ru/2.0; +http://megaindex.com/crawler)" "www.saveaslave.com"[0]
176.9.58.227 - - [08/Jun/2016:09:07:31 -0700] "GET /article.php?id=45 HTTP/1.1" 200 45921 "-" "Mozilla/5.0 (compatible; MegaIndex.ru/2.0; +http://megaindex.com/crawler)" "www.saveaslave.com"
176.9.58.227 - - [08/Jun/2016:09:07:34 -0700] "GET /article.php?id=20 HTTP/1.1" 200 50204 "-" "Mozilla/5.0 (compatible; MegaIndex.ru/2.0; +http://megaindex.com/crawler)" "www.saveaslave.com"
176.9.58.227 - - [08/Jun/2016:09:07:39 -0700] "GET /article.php?id=18 HTTP/1.1" 200 47137 "-" "Mozilla/5.0 (compatible; MegaIndex.ru/2.0; +http://megaindex.com/crawler)" "www.saveaslave.com"
176.9.58.227 - - [08/Jun/2016:09:07:50 -0700] "GET /article.php?id=8 HTTP/1.1" 200 54771 "-" "Mozilla/5.0 (compatible; MegaIndex.ru/2.0; +http://megaindex.com/crawler)" "www.saveaslave.com"
176.9.58.227 - - [08/Jun/2016:09:07:53 -0700] "GET /article.php?id=12 HTTP/1.1" 200 49602 "-" "Mozilla/5.0 (compatible; MegaIndex.ru/2.0; +http://megaindex.com/crawler)" "www.saveaslave.com"
176.9.58.227 - - [08/Jun/2016:09:08:01 -0700] "GET /managevolunteer.php HTTP/1.1" 200 1294 "-" "Mozilla/5.0 (compatible; MegaIndex.ru/2.0; +http://megaindex.com/crawler)" "www.saveaslave.com"
151.80.31.173 - - [08/Jun/2016:09:11:48 -0700] "GET /www.lafla.org HTTP/1.1" 404 89 "-" "Mozilla/5.0 (compatible; AhrefsBot/5.1; +http://ahrefs.com/robot/)" "saveaslave.com"[0]
208.115.113.94 - - [08/Jun/2016:09:16:44 -0700] "GET /robots.txt HTTP/1.1" 200 48 "-" "Mozilla/5.0 (compatible; DotBot/1.1; http://www.opensiteexplorer.org/dotbot, help@moz.com)" "saveaslave.com"
54.236.246.87 - - [08/Jun/2016:09:39:02 -0700] "GET / HTTP/1.1" 200 89069 "-" "-" "saveaslave.com"
208.115.113.86 - - [08/Jun/2016:09:39:54 -0700] "GET /robots.txt HTTP/1.1" 200 48 "-" "Mozilla/5.0 (compatible; DotBot/1.1; http://www.opensiteexplorer.org/dotbot, help@moz.com)" "saveaslave.com"
208.115.113.86 - - [08/Jun/2016:09:39:54 -0700] "GET /robots.txt HTTP/1.1" 200 48 "-" "Mozilla/5.0 (compatible; DotBot/1.1; http://www.opensiteexplorer.org/dotbot, help@moz.com)" "www.saveaslave.com"
208.115.113.86 - - [08/Jun/2016:09:46:59 -0700] "GET /article.php?id=93 HTTP/1.1" 200 776 "-" "Mozilla/5.0 (compatible; DotBot/1.1; http://www.opensiteexplorer.org/dotbot, help@moz.com)" "www.saveaslave.com"[1]
217.69.133.236 - - [08/Jun/2016:09:49:28 -0700] "GET /andorra.html HTTP/1.1" 404 89 "-" "Mozilla/5.0 (compatible; Linux x86_64; Mail.RU_Bot/2.0; +http://go.mail.ru/help/robots)" "www.saveaslave.com"
74.114.172.185 - - [08/Jun/2016:10:04:34 -0700] "GET /images/article5.jpg HTTP/1.1" 200 14497 "https://www.google.ca/" "Mozilla/5.0 (Windows NT 10.0; WOW64) AppleWebKit/537.36 (KHTML, like Gecko) Chrome/50.0.2661.102 Safari/537.36" "www.saveaslave.com"
141.8.143.176 - - [08/Jun/2016:10:18:31 -0700] "GET /ico/apple-icon-114x114.png HTTP/1.1" 200 5667 "-" "Mozilla/5.0 (compatible; YandexBot/3.0; +http://yandex.com/bots)" "www.saveaslave.com"
65.36.241.48 - - [08/Jun/2016:10:35:51 -0700] "HEAD / HTTP/1.1" 200 0 "-" "InternetSeer.com" "www.saveaslave.com"
176.226.161.95 - - [08/Jun/2016:10:49:51 -0700] "GET / HTTP/1.1" 200 89069 "-" "Mozilla/5.0 (Windows NT 6.1; WOW64; rv:23.0) Gecko/20100101 Firefox/23.0" "www.saveaslave.com"
208.115.113.86 - - [08/Jun/2016:10:50:10 -0700] "GET /in-russian.php HTTP/1.1" 200 90437 "-" "Mozilla/5.0 (compatible; DotBot/1.1; http://www.opensiteexplorer.org/dotbot, help@moz.com)" "saveaslave.com"[0]
208.115.113.94 - - [08/Jun/2016:11:25:49 -0700] "GET /robots.txt HTTP/1.1" 200 48 "-" "Mozilla/5.0 (compatible; DotBot/1.1; http://www.opensiteexplorer.org/dotbot, help@moz.com)" "www.saveaslave.com"
208.115.113.94 - - [08/Jun/2016:11:25:49 -0700] "GET /robots.txt HTTP/1.1" 200 48 "-" "Mozilla/5.0 (compatible; DotBot/1.1; http://www.opensiteexplorer.org/dotbot, help@moz.com)" "saveaslave.com"
208.115.113.86 - - [08/Jun/2016:11:45:38 -0700] "GET /robots.txt HTTP/1.1" 200 48 "-" "Mozilla/5.0 (compatible; DotBot/1.1; http://www.opensiteexplorer.org/dotbot, help@moz.com)" "saveaslave.com"
208.115.113.86 - - [08/Jun/2016:11:45:38 -0700] "GET /robots.txt HTTP/1.1" 200 48 "-" "Mozilla/5.0 (compatible; DotBot/1.1; http://www.opensiteexplorer.org/dotbot, help@moz.com)" "www.saveaslave.com"
62.210.148.247 - - [08/Jun/2016:11:46:34 -0700] "GET /robots.txt HTTP/1.1" 200 48 "-" "Mozilla/5.0 (compatible; MJ12bot/v1.4.5; http://www.majestic12.co.uk/bot.php?+)" "www.saveaslave.com"
62.210.148.247 - - [08/Jun/2016:11:46:37 -0700] "GET /article.php?id=6 HTTP/1.1" 200 47572 "-" "Mozilla/5.0 (compatible; MJ12bot/v1.4.5; http://www.majestic12.co.uk/bot.php?+)" "www.saveaslave.com"
208.115.113.94 - - [08/Jun/2016:12:49:56 -0700] "GET /norfolkisland HTTP/1.1" 404 89 "-" "Mozilla/5.0 (compatible; DotBot/1.1; http://www.opensiteexplorer.org/dotbot, help@moz.com)" "www.saveaslave.com"
208.115.113.86 - - [08/Jun/2016:12:53:47 -0700] "GET /article.php?id=104 HTTP/1.1" 200 776 "-" "Mozilla/5.0 (compatible; DotBot/1.1; http://www.opensiteexplorer.org/dotbot, help@moz.com)" "www.saveaslave.com"[1]
208.115.113.86 - - [08/Jun/2016:12:58:04 -0700] "GET /article.php?id=4 HTTP/1.1" 200 50876 "-" "Mozilla/5.0 (compatible; DotBot/1.1; http://www.opensiteexplorer.org/dotbot, help@moz.com)" "saveaslave.com"
208.115.113.94 - - [08/Jun/2016:13:50:41 -0700] "GET /hong-kong.html HTTP/1.1" 404 89 "-" "Mozilla/5.0 (compatible; DotBot/1.1; http://www.opensiteexplorer.org/dotbot, help@moz.com)" "saveaslave.com"
172.93.97.26 - - [08/Jun/2016:13:53:08 -0700] "GET /feed HTTP/1.1" 404 89 "-" "Mozilla/5.0 (Macintosh; Intel Mac OS X 10_10_2) AppleWebKit/537.36 (KHTML, like Gecko) Chrome/41.0.2272.118 Safari/537.36" "saveaslave.com"
172.93.97.26 - - [08/Jun/2016:13:53:08 -0700] "GET /blog/feed HTTP/1.1" 404 89 "-" "Mozilla/5.0 (Macintosh; Intel Mac OS X 10_10_2) AppleWebKit/537.36 (KHTML, like Gecko) Chrome/41.0.2272.118 Safari/537.36" "saveaslave.com"
172.93.97.26 - - [08/Jun/2016:13:53:09 -0700] "GET /blogs/atom.xml HTTP/1.1" 404 89 "-" "Mozilla/5.0 (Macintosh; Intel Mac OS X 10_10_2) AppleWebKit/537.36 (KHTML, like Gecko) Chrome/41.0.2272.118 Safari/537.36" "saveaslave.com"[0]
172.93.97.26 - - [08/Jun/2016:13:53:09 -0700] "GET /blogs/rss.xml HTTP/1.1" 404 89 "-" "Mozilla/5.0 (Macintosh; Intel Mac OS X 10_10_2) AppleWebKit/537.36 (KHTML, like Gecko) Chrome/41.0.2272.118 Safari/537.36" "saveaslave.com"
172.93.97.26 - - [08/Jun/2016:13:53:09 -0700] "GET /blogs/blog.rss HTTP/1.1" 404 89 "-" "Mozilla/5.0 (Macintosh; Intel Mac OS X 10_10_2) AppleWebKit/537.36 (KHTML, like Gecko) Chrome/41.0.2272.118 Safari/537.36" "saveaslave.com"
172.93.97.26 - - [08/Jun/2016:13:53:09 -0700] "GET /blogs/rss HTTP/1.1" 404 89 "-" "Mozilla/5.0 (Macintosh; Intel Mac OS X 10_10_2) AppleWebKit/537.36 (KHTML, like Gecko) Chrome/41.0.2272.118 Safari/537.36" "saveaslave.com"
172.93.97.26 - - [08/Jun/2016:13:53:09 -0700] "GET /feed/feed HTTP/1.1" 404 89 "-" "Mozilla/5.0 (Macintosh; Intel Mac OS X 10_10_2) AppleWebKit/537.36 (KHTML, like Gecko) Chrome/41.0.2272.118 Safari/537.36" "saveaslave.com"
172.93.97.26 - - [08/Jun/2016:13:53:09 -0700] "GET /feed/atom.xml HTTP/1.1" 404 89 "-" "Mozilla/5.0 (Macintosh; Intel Mac OS X 10_10_2) AppleWebKit/537.36 (KHTML, like Gecko) Chrome/41.0.2272.118 Safari/537.36" "saveaslave.com"
172.93.97.26 - - [08/Jun/2016:13:53:09 -0700] "GET /post-sitemap.xml HTTP/1.1" 404 89 "-" "Mozilla/5.0 (Macintosh; Intel Mac OS X 10_10_2) AppleWebKit/537.36 (KHTML, like Gecko) Chrome/41.0.2272.118 Safari/537.36" "saveaslave.com"
208.115.113.94 - - [08/Jun/2016:13:57:24 -0700] "GET /indonesia.html HTTP/1.1" 404 89 "-" "Mozilla/5.0 (compatible; DotBot/1.1; http://www.opensiteexplorer.org/dotbot, help@moz.com)" "www.saveaslave.com"[0]
208.115.113.94 - - [08/Jun/2016:13:57:24 -0700] "GET /bosnia-herzegovina.html HTTP/1.1" 404 89 "-" "Mozilla/5.0 (compatible; DotBot/1.1; http://www.opensiteexplorer.org/dotbot, help@moz.com)" "www.saveaslave.com"
77.75.76.163 - - [08/Jun/2016:14:19:27 -0700] "GET /robots.txt HTTP/1.1" 200 48 "-" "Mozilla/5.0 (compatible; SeznamBot/3.2; +http://napoveda.seznam.cz/en/seznambot-intro/)" "saveaslave.com"
217.69.136.204 - - [08/Jun/2016:14:24:22 -0700] "GET /senegal.html HTTP/1.1" 404 89 "-" "Mozilla/5.0 (compatible; Linux x86_64; Mail.RU_Bot/2.0; +http://go.mail.ru/help/robots)" "www.saveaslave.com"
65.36.241.48 - - [08/Jun/2016:14:29:48 -0700] "HEAD / HTTP/1.1" 200 0 "-" "InternetSeer.com" "www.saveaslave.com"
217.69.136.203 - - [08/Jun/2016:14:41:37 -0700] "GET /robots.txt HTTP/1.1" 200 48 "-" "Mozilla/5.0 (compatible; Linux x86_64; Mail.RU_Bot/2.0; +http://go.mail.ru/help/robots)" "www.saveaslave.com"
217.69.136.203 - - [08/Jun/2016:14:41:39 -0700] "GET /images/supporters/Free-the-Slaves.png HTTP/1.1" 200 9388 "-" "Mozilla/5.0 (compatible; Linux x86_64; Mail.RU_Bot/2.0; +http://go.mail.ru/help/robots)" "www.saveaslave.com"
208.115.113.94 - - [08/Jun/2016:15:29:36 -0700] "GET /robots.txt HTTP/1.1" 200 48 "-" "Mozilla/5.0 (compatible; DotBot/1.1; http://www.opensiteexplorer.org/dotbot, help@moz.com)" "saveaslave.com"[0]
208.115.113.86 - - [08/Jun/2016:15:45:40 -0700] "GET /robots.txt HTTP/1.1" 200 48 "-" "Mozilla/5.0 (compatible; DotBot/1.1; http://www.opensiteexplorer.org/dotbot, help@moz.com)" "www.saveaslave.com"
157.55.39.34 - - [08/Jun/2016:16:00:31 -0700] "GET /robots.txt HTTP/1.1" 200 48 "-" "Mozilla/5.0 (compatible; bingbot/2.0; +http://www.bing.com/bingbot.htm)" "www.saveaslave.com"
66.249.69.180 - - [08/Jun/2016:16:17:13 -0700] "GET /brazil HTTP/1.1" 404 89 "-" "Mozilla/5.0 (Linux; Android 6.0.1; Nexus 5X Build/MMB29P) AppleWebKit/537.36 (KHTML, like Gecko) Chrome/41.0.2272.96 Mobile Safari/537.36 (compatible; Googlebot/2.1; +http://www.google.com/bot.html)" "www.saveaslave.com"
40.77.167.104 - - [08/Jun/2016:16:39:59 -0700] "GET /robots.txt HTTP/1.1" 200 48 "-" "Mozilla/5.0 (compatible; bingbot/2.0; +http://www.bing.com/bingbot.htm)" "saveaslave.com"
208.115.113.94 - - [08/Jun/2016:16:55:08 -0700] "GET /reunion HTTP/1.1" 404 89 "-" "Mozilla/5.0 (compatible; DotBot/1.1; http://www.opensiteexplorer.org/dotbot, help@moz.com)" "saveaslave.com"[0]
208.115.113.94 - - [08/Jun/2016:16:55:08 -0700] "GET /kenya HTTP/1.1" 404 89 "-" "Mozilla/5.0 (compatible; DotBot/1.1; http://www.opensiteexplorer.org/dotbot, help@moz.com)" "www.saveaslave.com"
208.115.113.94 - - [08/Jun/2016:16:55:08 -0700] "GET /suriname HTTP/1.1" 404 89 "-" "Mozilla/5.0 (compatible; DotBot/1.1; http://www.opensiteexplorer.org/dotbot, help@moz.com)" "www.saveaslave.com"
51.255.65.77 - - [08/Jun/2016:17:05:04 -0700] "GET /www.mosaicservices.org HTTP/1.1" 404 89 "-" "Mozilla/5.0 (compatible; AhrefsBot/5.1; +http://ahrefs.com/robot/)" "saveaslave.com"
180.76.15.29 - - [08/Jun/2016:17:23:07 -0700] "GET /addlink.php?page=aruba.html HTTP/1.1" 200 12908 "-" "Mozilla/5.0 (compatible; Baiduspider/2.0; +http://www.baidu.com/search/spider.html)" "www.saveaslave.com"
61.135.189.101 - - [08/Jun/2016:17:55:57 -0700] "GET /site/?cat=64 HTTP/1.1" 404 89 "-" "Sogou web spider/4.0(+http://www.sogou.com/docs/help/webmasters.htm#07)" "saveaslave.com"
202.93.169.10 - - [08/Jun/2016:18:49:31 -0700] "GET /css/bootstrap.min.css HTTP/1.1" 200 123578 "http://www.saveaslave.com/" "Mozilla/5.0 (iPad; CPU OS 9_0_2 like Mac OS X) AppleWebKit/601.1.46 (KHTML, like Gecko) Version/9.0 Mobile/13A452 Safari/601.1" "www.saveaslave.com"
202.93.169.10 - - [08/Jun/2016:18:49:32 -0700] "GET /images/top.jpg HTTP/1.1" 200 50519 "http://www.saveaslave.com/" "Mozilla/5.0 (iPad; CPU OS 9_0_2 like Mac OS X) AppleWebKit/601.1.46 (KHTML, like Gecko) Version/9.0 Mobile/13A452 Safari/601.1" "www.saveaslave.com"
202.93.169.10 - - [08/Jun/2016:18:49:33 -0700] "GET /assets/js/ie10-viewport-bug-workaround.js HTTP/1.1" 200 641 "http://www.saveaslave.com/" "Mozilla/5.0 (iPad; CPU OS 9_0_2 like Mac OS X) AppleWebKit/601.1.46 (KHTML, like Gecko) Version/9.0 Mobile/13A452 Safari/601.1" "www.saveaslave.com"
202.93.169.10 - - [08/Jun/2016:18:49:35 -0700] "GET /images/select-arrow.png HTTP/1.1" 200 1118 "http://www.saveaslave.com/" "Mozilla/5.0 (iPad; CPU OS 9_0_2 like Mac OS X) AppleWebKit/601.1.46 (KHTML, like Gecko) Version/9.0 Mobile/13A452 Safari/601.1" "www.saveaslave.com"
37.187.129.166 - - [08/Jun/2016:18:51:57 -0700] "GET /wp-login.php HTTP/1.1" 200 73 "-" "Mozilla/5.0 (Windows NT 6.1) AppleWebKit/537.36 (KHTML, like Gecko)" "www.saveaslave.com"[0]
107.77.97.27 - - [08/Jun/2016:19:10:30 -0700] "GET /images/article/suspects.jpg HTTP/1.1" 200 58796 "https://www.google.com/" "Mozilla/5.0 (iPhone; CPU iPhone OS 9_3_2 like Mac OS X) AppleWebKit/601.1.46 (KHTML, like Gecko) Version/9.0 Mobile/13F69 Safari/601.1" "www.saveaslave.com"
207.46.13.27 - - [08/Jun/2016:19:59:10 -0700] "GET /new-caledonia.html HTTP/1.1" 404 89 "-" "Mozilla/5.0 (compatible; bingbot/2.0; +http://www.bing.com/bingbot.htm)" "www.saveaslave.com"
40.77.167.104 - - [08/Jun/2016:20:09:29 -0700] "GET /disclaimer.php HTTP/1.1" 200 47937 "-" "Mozilla/5.0 (compatible; bingbot/2.0; +http://www.bing.com/bingbot.htm)" "saveaslave.com"
217.69.136.210 - - [08/Jun/2016:20:31:34 -0700] "GET /robots.txt HTTP/1.1" 200 48 "-" "Mozilla/5.0 (compatible; Linux x86_64; Mail.RU_Bot/2.0; +http://go.mail.ru/help/robots)" "www.saveaslave.com"
208.90.57.196 - - [08/Jun/2016:20:49:18 -0700] "GET / HTTP/1.1" 200 89069 "-" "Mozilla/5.0 (Windows NT 6.3; WOW64; rv:31.0) Gecko/20100101 Firefox/31.0" "www.saveaslave.com"
96.247.1.45 - - [08/Jun/2016:21:13:53 -0700] "GET /css/bootstrap.min.css HTTP/1.1" 200 123578 "http://saveaslave.com/" "Mozilla/5.0 (iPhone; CPU iPhone OS 7_0_4 like Mac OS X) AppleWebKit/537.51.1 (KHTML, like Gecko) Version/7.0 Mobile/11B554a Safari/9537.53" "saveaslave.com"
96.247.1.45 - - [08/Jun/2016:21:13:53 -0700] "GET /css/elements.css HTTP/1.1" 200 17857 "http://saveaslave.com/" "Mozilla/5.0 (iPhone; CPU iPhone OS 7_0_4 like Mac OS X) AppleWebKit/537.51.1 (KHTML, like Gecko) Version/7.0 Mobile/11B554a Safari/9537.53" "saveaslave.com"
96.247.1.45 - - [08/Jun/2016:21:13:53 -0700] "GET /css/style-pages.css HTTP/1.1" 200 9894 "http://saveaslave.com/" "Mozilla/5.0 (iPhone; CPU iPhone OS 7_0_4 like Mac OS X) AppleWebKit/537.51.1 (KHTML, like Gecko) Version/7.0 Mobile/11B554a Safari/9537.53" "saveaslave.com"
96.247.1.45 - - [08/Jun/2016:21:13:54 -0700] "GET /assets/js/ie-emulation-modes-warning.js HTTP/1.1" 200 2130 "http://saveaslave.com/" "Mozilla/5.0 (iPhone; CPU iPhone OS 7_0_4 like Mac OS X) AppleWebKit/537.51.1 (KHTML, like Gecko) Version/7.0 Mobile/11B554a Safari/9537.53" "saveaslave.com"
96.247.1.45 - - [08/Jun/2016:21:13:54 -0700] "GET /assets/js/ie10-viewport-bug-workaround.js HTTP/1.1" 200 641 "http://saveaslave.com/" "Mozilla/5.0 (iPhone; CPU iPhone OS 7_0_4 like Mac OS X) AppleWebKit/537.51.1 (KHTML, like Gecko) Version/7.0 Mobile/11B554a Safari/9537.53" "saveaslave.com"
96.247.1.45 - - [08/Jun/2016:21:13:54 -0700] "GET /images/cover1.jpg HTTP/1.1" 200 253658 "http://saveaslave.com/" "Mozilla/5.0 (iPhone; CPU iPhone OS 7_0_4 like Mac OS X) AppleWebKit/537.51.1 (KHTML, like Gecko) Version/7.0 Mobile/11B554a Safari/9537.53" "saveaslave.com"
96.247.1.45 - - [08/Jun/2016:21:13:54 -0700] "GET /images/social1.png HTTP/1.1" 200 2012 "http://saveaslave.com/" "Mozilla/5.0 (iPhone; CPU iPhone OS 7_0_4 like Mac OS X) AppleWebKit/537.51.1 (KHTML, like Gecko) Version/7.0 Mobile/11B554a Safari/9537.53" "saveaslave.com"
96.247.1.45 - - [08/Jun/2016:21:13:55 -0700] "GET /images/article/suspects.jpg HTTP/1.1" 200 58796 "http://saveaslave.com/" "Mozilla/5.0 (iPhone; CPU iPhone OS 7_0_4 like Mac OS X) AppleWebKit/537.51.1 (KHTML, like Gecko) Version/7.0 Mobile/11B554a Safari/9537.53" "saveaslave.com"
96.247.1.45 - - [08/Jun/2016:21:15:16 -0700] "GET /images/article/12801356_1164611646882393_4031395141683071941_n.jpg HTTP/1.1" 200 106665 "http://saveaslave.com/our-news.php" "Mozilla/5.0 (iPhone; CPU iPhone OS 7_0_4 like Mac OS X) AppleWebKit/537.51.1 (KHTML, like Gecko) Version/7.0 Mobile/11B554a Safari/9537.53" "saveaslave.com"
96.247.1.45 - - [08/Jun/2016:21:15:17 -0700] "GET /images/article/2239.jpg HTTP/1.1" 200 89745 "http://saveaslave.com/our-news.php" "Mozilla/5.0 (iPhone; CPU iPhone OS 7_0_4 like Mac OS X) AppleWebKit/537.51.1 (KHTML, like Gecko) Version/7.0 Mobile/11B554a Safari/9537.53" "saveaslave.com"
96.247.1.45 - - [08/Jun/2016:21:15:17 -0700] "GET /images/article/article8a.jpg HTTP/1.1" 200 11299 "http://saveaslave.com/our-news.php" "Mozilla/5.0 (iPhone; CPU iPhone OS 7_0_4 like Mac OS X) AppleWebKit/537.51.1 (KHTML, like Gecko) Version/7.0 Mobile/11B554a Safari/9537.53" "saveaslave.com"
96.247.1.45 - - [08/Jun/2016:21:15:17 -0700] "GET /images/article/article3.jpg HTTP/1.1" 200 18354 "http://saveaslave.com/our-news.php" "Mozilla/5.0 (iPhone; CPU iPhone OS 7_0_4 like Mac OS X) AppleWebKit/537.51.1 (KHTML, like Gecko) Version/7.0 Mobile/11B554a Safari/9537.53" "saveaslave.com"
